2026-09-28T18:48:26Z START g1 W=10 tries=100000 seed=31000 len=12-40 extra=
generator knobs: None
{
 "total": {
  "n_out": 24648,
  "pat_derived_ore": 14139,
  "pat_depth3": 11968,
  "pat_reductio": 5352,
  "tries": 1000000,
  "fail": 746353,
  "len_out": 212828,
  "contra": 16093,
  "dup": 78
 },
 "secs": 7.409784317016602
}
{
 "files": 10,
 "stats": {
  "read": 24648,
  "written": 24400,
  "val_class": 15,
  "dup_class": 233
 }
}
len 12: n    4000 none    1080 derived_ore   1618 (40.4500%) reductio    461 (11.5250%) depth3   1884 (47.1000%) derived_ore_strict   1332 (33.3000%)
len 13: n    3438 none     763 derived_ore   1561 (45.4043%) reductio    595 (17.3066%) depth3   1628 (47.3531%) derived_ore_strict   1329 (38.6562%)
len 14: n    2814 none     558 derived_ore   1461 (51.9190%) reductio    475 (16.8799%) depth3   1279 (45.4513%) derived_ore_strict   1301 (46.2331%)
len 15: n    2349 none     434 derived_ore   1199 (51.0430%) reductio    419 (17.8374%) depth3   1064 (45.2959%) derived_ore_strict   1089 (46.3602%)
len 16: n    1990 none     326 derived_ore   1147 (57.6382%) reductio    352 (17.6884%) depth3    903 (45.3769%) derived_ore_strict   1015 (51.0050%)
len 17: n    1723 none     242 derived_ore   1032 (59.8955%) reductio    359 (20.8358%) depth3    825 (47.8816%) derived_ore_strict    936 (54.3239%)
len 18: n    1505 none     167 derived_ore    967 (64.2525%) reductio    351 (23.3223%) depth3    800 (53.1561%) derived_ore_strict    897 (59.6013%)
len 19: n    1250 none     139 derived_ore    845 (67.6000%) reductio    294 (23.5200%) depth3    618 (49.4400%) derived_ore_strict    781 (62.4800%)
len 20: n    1007 none      89 derived_ore    689 (68.4211%) reductio    314 (31.1817%) depth3    538 (53.4260%) derived_ore_strict    637 (63.2572%)
len 21: n     818 none      69 derived_ore    592 (72.3716%) reductio    252 (30.8068%) depth3    423 (51.7115%) derived_ore_strict    559 (68.3374%)
len 22: n     698 none      49 derived_ore    529 (75.7880%) reductio    215 (30.8023%) depth3    373 (53.4384%) derived_ore_strict    495 (70.9169%)
len 23: n     537 none      26 derived_ore    411 (76.5363%) reductio    182 (33.8920%) depth3    284 (52.8864%) derived_ore_strict    395 (73.5568%)
len 24: n     462 none      20 derived_ore    389 (84.1991%) reductio    174 (37.6623%) depth3    243 (52.5974%) derived_ore_strict    378 (81.8182%)
len 25: n     350 none      19 derived_ore    270 (77.1429%) reductio    141 (40.2857%) depth3    217 (62.0000%) derived_ore_strict    253 (72.2857%)
len 26: n     282 none      15 derived_ore    224 (79.4326%) reductio    127 (45.0355%) depth3    153 (54.2553%) derived_ore_strict    215 (76.2411%)
len 27: n     257 none      11 derived_ore    212 (82.4903%) reductio    106 (41.2451%) depth3    138 (53.6965%) derived_ore_strict    203 (78.9883%)
len 28: n     198 none       6 derived_ore    173 (87.3737%) reductio     87 (43.9394%) depth3    111 (56.0606%) derived_ore_strict    163 (82.3232%)
len 29: n     159 none       5 derived_ore    136 (85.5346%) reductio     70 (44.0252%) depth3     94 (59.1195%) derived_ore_strict    134 (84.2767%)
len 30: n     120 none       3 derived_ore    108 (90.0000%) reductio     57 (47.5000%) depth3     67 (55.8333%) derived_ore_strict    104 (86.6667%)
len 31: n      93 none       0 derived_ore     89 (95.6989%) reductio     46 (49.4624%) depth3     55 (59.1398%) derived_ore_strict     83 (89.2473%)
len 32: n      85 none       4 derived_ore     76 (89.4118%) reductio     41 (48.2353%) depth3     46 (54.1176%) derived_ore_strict     75 (88.2353%)
len 33: n      59 none       2 derived_ore     53 (89.8305%) reductio     33 (55.9322%) depth3     41 (69.4915%) derived_ore_strict     51 (86.4407%)
len 34: n      45 none       3 derived_ore     41 (91.1111%) reductio     22 (48.8889%) depth3     24 (53.3333%) derived_ore_strict     41 (91.1111%)
len 35: n      49 none       1 derived_ore     40 (81.6327%) reductio     28 (57.1429%) depth3     32 (65.3061%) derived_ore_strict     39 (79.5918%)
len 36: n      41 none       1 derived_ore     36 (87.8049%) reductio     22 (53.6585%) depth3     28 (68.2927%) derived_ore_strict     36 (87.8049%)
len 37: n      26 none       2 derived_ore     24 (92.3077%) reductio     18 (69.2308%) depth3     16 (61.5385%) derived_ore_strict     23 (88.4615%)
len 38: n      22 none       0 derived_ore     20 (90.9091%) reductio     16 (72.7273%) depth3     18 (81.8182%) derived_ore_strict     20 (90.9091%)
len 39: n      10 none       0 derived_ore     10 (100.0000%) reductio      8 (80.0000%) depth3      4 (40.0000%) derived_ore_strict     10 (100.0000%)
len 40: n      13 none       0 derived_ore     12 (92.3077%) reductio      9 (69.2308%) depth3      8 (61.5385%) derived_ore_strict     12 (92.3077%)
2026-09-28T18:48:34Z GEN_DONE 24400
200/24400 2s
400/24400 2s
600/24400 3s
800/24400 3s
1000/24400 6s
1200/24400 6s
1400/24400 6s
1600/24400 6s
1800/24400 8s
2000/24400 9s
2200/24400 9s
2400/24400 10s
2600/24400 11s
2800/24400 12s
3000/24400 12s
3200/24400 13s
3400/24400 14s
3600/24400 15s
3800/24400 19s
4000/24400 20s
4200/24400 20s
4400/24400 20s
4600/24400 24s
4800/24400 24s
5000/24400 24s
5200/24400 24s
5400/24400 31s
5600/24400 31s
5800/24400 31s
6000/24400 31s
6200/24400 31s
6400/24400 33s
6600/24400 33s
6800/24400 35s
7000/24400 35s
7200/24400 36s
7400/24400 37s
7600/24400 37s
7800/24400 38s
8000/24400 38s
8200/24400 40s
8400/24400 41s
8600/24400 44s
8800/24400 44s
9000/24400 44s
9200/24400 44s
9400/24400 44s
9600/24400 46s
9800/24400 46s
10000/24400 46s
10200/24400 49s
10400/24400 49s
10600/24400 51s
10800/24400 53s
11000/24400 53s
11200/24400 53s
11400/24400 55s
11600/24400 55s
11800/24400 55s
12000/24400 56s
12200/24400 58s
12400/24400 59s
12600/24400 62s
12800/24400 63s
13000/24400 63s
13200/24400 63s
13400/24400 63s
13600/24400 64s
13800/24400 67s
14000/24400 67s
14200/24400 69s
14400/24400 69s
14600/24400 69s
14800/24400 70s
15000/24400 70s
15200/24400 71s
15400/24400 74s
15600/24400 74s
15800/24400 74s
16000/24400 79s
16200/24400 79s
16400/24400 79s
16600/24400 79s
16800/24400 79s
17000/24400 79s
17200/24400 80s
17400/24400 84s
17600/24400 84s
17800/24400 84s
18000/24400 87s
18200/24400 87s
18400/24400 90s
18600/24400 90s
18800/24400 90s
19000/24400 90s
19200/24400 90s
19400/24400 92s
19600/24400 92s
19800/24400 93s
20000/24400 93s
20200/24400 94s
20400/24400 98s
20600/24400 98s
20800/24400 99s
21000/24400 99s
21200/24400 100s
21400/24400 102s
21600/24400 102s
21800/24400 104s
22000/24400 105s
22200/24400 105s
22400/24400 105s
22600/24400 107s
22800/24400 107s
23000/24400 107s
23200/24400 110s
23400/24400 110s
23600/24400 110s
23800/24400 114s
24000/24400 114s
24200/24400 114s
24400/24400 114s
24400 theorems; labelled 24067; timeouts 15; errors 0
min_lines_ub hist {2: 124, 3: 1053, 4: 1850, 5: 4545, 6: 8053, 7: 4783, 8: 2189, 9: 1062, 10: 408}
by generating length: (gen_lines, has <=6 proof) -> {(12, False): 1045, (12, True): 2955, (13, False): 1134, (13, True): 2304, (14, False): 919, (14, True): 1895, (15, False): 752, (15, True): 1597, (16, False): 673, (16, True): 1317, (17, False): 617, (17, True): 1106, (18, False): 606, (18, True): 899, (19, False): 557, (19, True): 693, (20, False): 410, (20, True): 597, (21, False): 342, (21, True): 476, (22, False): 307, (22, True): 391, (23, False): 229, (23, True): 308, (24, False): 207, (24, True): 255, (25, False): 170, (25, True): 180, (26, False): 148, (26, True): 134, (27, False): 144, (27, True): 113, (28, False): 102, (28, True): 96, (29, False): 96, (29, True): 63, (30, False): 70, (30, True): 50, (31, False): 45, (31, True): 48, (32, False): 44, (32, True): 41, (33, False): 36, (33, True): 23, (34, False): 25, (34, True): 20, (35, False): 25, (35, True): 24, (36, False): 28, (36, True): 13, (37, False): 16, (37, True): 10, (38, False): 15, (38, True): 7, (39, False): 6, (39, True): 4, (40, False): 7, (40, True): 6}
stage data/lp/g1_ml10.jsonl None-without-timeout -> 318
2026-09-28T18:50:29Z STAGE_A_DONE 318
200/318 77s
318 theorems; labelled 261; timeouts 3; errors 0
min_lines_ub hist {11: 180, 12: 81}
by generating length: (gen_lines, has <=6 proof) -> {(12, False): 14, (13, False): 10, (14, False): 17, (15, False): 19, (16, False): 23, (17, False): 24, (18, False): 34, (19, False): 23, (20, False): 22, (21, False): 13, (22, False): 16, (23, False): 18, (24, False): 13, (25, False): 9, (26, False): 6, (27, False): 9, (28, False): 12, (29, False): 7, (30, False): 3, (31, False): 8, (32, False): 2, (33, False): 4, (34, False): 2, (35, False): 4, (37, False): 4, (38, False): 1, (39, False): 1}
stage data/lp/g1_ml12.jsonl None-without-timeout -> 54
2026-09-28T18:52:49Z STAGE_B_DONE 54
54 theorems; labelled 44; timeouts 4; errors 0
min_lines_ub hist {13: 30, 14: 14}
by generating length: (gen_lines, has <=6 proof) -> {(14, False): 2, (16, False): 3, (17, False): 5, (18, False): 4, (19, False): 2, (20, False): 6, (21, False): 3, (22, False): 4, (23, False): 2, (24, False): 3, (25, False): 3, (26, False): 2, (27, False): 4, (28, False): 4, (29, False): 1, (30, False): 1, (32, False): 1, (33, False): 1, (35, False): 1, (37, False): 2}
stage data/lp/g1_ml14.jsonl None-without-timeout -> 6
2026-09-28T18:56:40Z STAGE_C_DONE 6
6 theorems; labelled 6; timeouts 0; errors 0
min_lines_ub hist {15: 6}
by generating length: (gen_lines, has <=6 proof) -> {(17, False): 1, (21, False): 1, (27, False): 1, (28, False): 1, (29, False): 1, (37, False): 1}
stage data/lp/g1_ml16.jsonl None-without-timeout -> 0
2026-09-28T19:02:35Z STAGE_D_DONE 0
2026-09-28T19:02:35Z LABEL_DONE g1
