params 3214336 mode lean_seq shift True aug offset impl fast pack True cache hit
train records 155000  stream T 19200  useful tokens 17727376  computed 19200000 (waste 1.083x; legacy pad-to-max 1.972x)
val slices {'all': 5000, 'len2': 1000, 'len3': 1000, 'len4': 1000, 'len5': 1000, 'len6': 1000, 'depth3': 500, 'nodepth3_len6': 500}
V0928 16:45:49.909000 17769 torch/_dynamo/guards.py:3508] [0/1] [__recompiles] Recompiling function <lambda> in /workspace/nd-takehome/fast_train.py:357
V0928 16:45:49.909000 17769 torch/_dynamo/guards.py:3508] [0/1] [__recompiles]     triggered by the following guard failure(s):
V0928 16:45:49.909000 17769 torch/_dynamo/guards.py:3508] [0/1] [__recompiles]     - 0/0: len(G['__import_model']._ROPE) == 1                         
captured the training step as one CUDA graph (33.5s incl. compile)
first step (incl. compile) 33.6s
V0928 16:46:08.367000 17769 torch/_dynamo/guards.py:3508] [0/2] [__recompiles] Recompiling function <lambda> in /workspace/nd-takehome/fast_train.py:357
V0928 16:46:08.367000 17769 torch/_dynamo/guards.py:3508] [0/2] [__recompiles]     triggered by the following guard failure(s):
V0928 16:46:08.367000 17769 torch/_dynamo/guards.py:3508] [0/2] [__recompiles]     - 0/1: GLOBAL_STATE changed: grad_mode 
V0928 16:46:08.367000 17769 torch/_dynamo/guards.py:3508] [0/2] [__recompiles]     - 0/0: GLOBAL_STATE changed: grad_mode 
AUTOTUNE flex_attention(1x8x19200x32, 1x8x19200x32, 1x8x19200x32, 1x8x19200, 1x1x150, 1x1x150x150, 1x1x150, 1x1x150x150, 19200)
strides: [4915200, 614400, 32, 1], [4915200, 614400, 32, 1], [0, 32, 768, 1], [153600, 19200, 1], [150, 150, 1], [22500, 22500, 150, 1], [150, 150, 1], [22500, 22500, 150, 1], [1]
dtypes: torch.bfloat16, torch.bfloat16, torch.bfloat16, torch.float32, torch.int32, torch.int32, torch.int32, torch.int32, torch.int64
  triton_flex_attention_1543 9.6807 ms 100.0% BLOCKS_ARE_CONTIGUOUS=False, BLOCK_M=128, BLOCK_N=64, FLOAT32_PRECISION="'tf32'", GQA_SHARED_HEADS=1, HAS_FULL_BLOCKS=True, IS_DIVISIBLE=True, OUTPUT_LOGSUMEXP=False, PRESCALE_QK=False, QK_HEAD_DIM=32, QK_HEAD_DIM_ROUNDED=32, ROWS_GUARANTEED_SAFE=False, SAFE_HEAD_DIM=True, SM_SCALE=0.17677669529663687, SPARSE_KV_BLOCK_SIZE=128, SPARSE_Q_BLOCK_SIZE=128, USE_TMA=False, V_HEAD_DIM=32, V_HEAD_DIM_ROUNDED=32, WRITE_DQ=True, num_stages=3, num_warps=4
  triton_flex_attention_1546 10.4659 ms 92.5% BLOCKS_ARE_CONTIGUOUS=False, BLOCK_M=64, BLOCK_N=128, FLOAT32_PRECISION="'tf32'", GQA_SHARED_HEADS=1, HAS_FULL_BLOCKS=True, IS_DIVISIBLE=True, OUTPUT_LOGSUMEXP=False, PRESCALE_QK=False, QK_HEAD_DIM=32, QK_HEAD_DIM_ROUNDED=32, ROWS_GUARANTEED_SAFE=False, SAFE_HEAD_DIM=True, SM_SCALE=0.17677669529663687, SPARSE_KV_BLOCK_SIZE=128, SPARSE_Q_BLOCK_SIZE=128, USE_TMA=False, V_HEAD_DIM=32, V_HEAD_DIM_ROUNDED=32, WRITE_DQ=True, num_stages=3, num_warps=4
  triton_flex_attention_1547 10.6168 ms 91.2% BLOCKS_ARE_CONTIGUOUS=False, BLOCK_M=64, BLOCK_N=64, FLOAT32_PRECISION="'tf32'", GQA_SHARED_HEADS=1, HAS_FULL_BLOCKS=True, IS_DIVISIBLE=True, OUTPUT_LOGSUMEXP=False, PRESCALE_QK=False, QK_HEAD_DIM=32, QK_HEAD_DIM_ROUNDED=32, ROWS_GUARANTEED_SAFE=False, SAFE_HEAD_DIM=True, SM_SCALE=0.17677669529663687, SPARSE_KV_BLOCK_SIZE=128, SPARSE_Q_BLOCK_SIZE=128, USE_TMA=False, V_HEAD_DIM=32, V_HEAD_DIM_ROUNDED=32, WRITE_DQ=True, num_stages=3, num_warps=4
  triton_flex_attention_1544 12.4179 ms 78.0% BLOCKS_ARE_CONTIGUOUS=False, BLOCK_M=128, BLOCK_N=128, FLOAT32_PRECISION="'tf32'", GQA_SHARED_HEADS=1, HAS_FULL_BLOCKS=True, IS_DIVISIBLE=True, OUTPUT_LOGSUMEXP=False, PRESCALE_QK=False, QK_HEAD_DIM=32, QK_HEAD_DIM_ROUNDED=32, ROWS_GUARANTEED_SAFE=False, SAFE_HEAD_DIM=True, SM_SCALE=0.17677669529663687, SPARSE_KV_BLOCK_SIZE=128, SPARSE_Q_BLOCK_SIZE=128, USE_TMA=False, V_HEAD_DIM=32, V_HEAD_DIM_ROUNDED=32, WRITE_DQ=True, num_stages=3, num_warps=4
  triton_flex_attention_1545 13.0268 ms 74.3% BLOCKS_ARE_CONTIGUOUS=False, BLOCK_M=128, BLOCK_N=128, FLOAT32_PRECISION="'tf32'", GQA_SHARED_HEADS=1, HAS_FULL_BLOCKS=True, IS_DIVISIBLE=True, OUTPUT_LOGSUMEXP=False, PRESCALE_QK=False, QK_HEAD_DIM=32, QK_HEAD_DIM_ROUNDED=32, ROWS_GUARANTEED_SAFE=False, SAFE_HEAD_DIM=True, SM_SCALE=0.17677669529663687, SPARSE_KV_BLOCK_SIZE=128, SPARSE_Q_BLOCK_SIZE=128, USE_TMA=False, V_HEAD_DIM=32, V_HEAD_DIM_ROUNDED=32, WRITE_DQ=True, num_stages=2, num_warps=8
SingleProcess AUTOTUNE benchmarking takes 0.5431 seconds and 1.4870 seconds precompiling for 5 choices
E0928 16:46:17.289000 17769 torch/_inductor/select_algorithm.py:2691] [0/2] Runtime error during autotuning: 
E0928 16:46:17.289000 17769 torch/_inductor/select_algorithm.py:2691] [0/2] No valid triton configs. OutOfMemoryError: out of resource: triton_mm Required: 131072 Hardware limit:101376 Reducing block sizes or `num_stages` may help.. 
E0928 16:46:17.289000 17769 torch/_inductor/select_algorithm.py:2691] [0/2] Ignoring this choice.
E0928 16:46:17.357000 17769 torch/_inductor/select_algorithm.py:2691] [0/2] Runtime error during autotuning: 
E0928 16:46:17.357000 17769 torch/_inductor/select_algorithm.py:2691] [0/2] No valid triton configs. OutOfMemoryError: out of resource: triton_mm Required: 147456 Hardware limit:101376 Reducing block sizes or `num_stages` may help.. 
E0928 16:46:17.357000 17769 torch/_inductor/select_algorithm.py:2691] [0/2] Ignoring this choice.
E0928 16:46:17.468000 17769 torch/_inductor/select_algorithm.py:2691] [0/2] Runtime error during autotuning: 
E0928 16:46:17.468000 17769 torch/_inductor/select_algorithm.py:2691] [0/2] No valid triton configs. OutOfMemoryError: out of resource: triton_mm Required: 131072 Hardware limit:101376 Reducing block sizes or `num_stages` may help.. 
E0928 16:46:17.468000 17769 torch/_inductor/select_algorithm.py:2691] [0/2] Ignoring this choice.
AUTOTUNE mm(19200x256, 256x1024)
strides: [256, 1], [1, 256]
dtypes: torch.bfloat16, torch.bfloat16
  mm 0.1140 ms 100.0% 
  triton_mm_1576 0.1141 ms 99.9% ACC_TYPE='tl.float32', ALLOW_TF32=True, BLOCK_K=32, BLOCK_M=64, BLOCK_N=128, EVEN_K=True, GROUP_M=8, USE_FAST_ACCUM=False, num_stages=3, num_warps=4
  triton_mm_1580 0.1174 ms 97.1% ACC_TYPE='tl.float32', ALLOW_TF32=True, BLOCK_K=32, BLOCK_M=128, BLOCK_N=64, EVEN_K=True, GROUP_M=8, USE_FAST_ACCUM=False, num_stages=3, num_warps=4
  triton_mm_1583 0.1196 ms 95.3% ACC_TYPE='tl.float32', ALLOW_TF32=True, BLOCK_K=32, BLOCK_M=128, BLOCK_N=128, EVEN_K=True, GROUP_M=8, USE_FAST_ACCUM=False, num_stages=3, num_warps=4
  triton_mm_1581 0.1223 ms 93.2% ACC_TYPE='tl.float32', ALLOW_TF32=True, BLOCK_K=32, BLOCK_M=128, BLOCK_N=64, EVEN_K=True, GROUP_M=8, USE_FAST_ACCUM=False, num_stages=4, num_warps=8
  triton_mm_1577 0.1236 ms 92.2% ACC_TYPE='tl.float32', ALLOW_TF32=True, BLOCK_K=32, BLOCK_M=64, BLOCK_N=128, EVEN_K=True, GROUP_M=8, USE_FAST_ACCUM=False, num_stages=4, num_warps=8
  triton_mm_1582 0.1257 ms 90.7% ACC_TYPE='tl.float32', ALLOW_TF32=True, BLOCK_K=32, BLOCK_M=128, BLOCK_N=128, EVEN_K=True, GROUP_M=8, USE_FAST_ACCUM=False, num_stages=2, num_warps=8
  triton_mm_1584 0.1293 ms 88.1% ACC_TYPE='tl.float32', ALLOW_TF32=True, BLOCK_K=64, BLOCK_M=128, BLOCK_N=128, EVEN_K=True, GROUP_M=8, USE_FAST_ACCUM=False, num_stages=3, num_warps=4
  triton_mm_1578 0.1358 ms 83.9% ACC_TYPE='tl.float32', ALLOW_TF32=True, BLOCK_K=64, BLOCK_M=64, BLOCK_N=128, EVEN_K=True, GROUP_M=8, USE_FAST_ACCUM=False, num_stages=3, num_warps=4
  triton_mm_1574 0.1459 ms 78.1% ACC_TYPE='tl.float32', ALLOW_TF32=True, BLOCK_K=64, BLOCK_M=64, BLOCK_N=64, EVEN_K=True, GROUP_M=8, USE_FAST_ACCUM=False, num_stages=3, num_warps=8
SingleProcess AUTOTUNE benchmarking takes 0.4463 seconds and 0.0011 seconds precompiling for 20 choices
step 200 loss 0.9845 lr 1.00e-03 36s val 0.9207 | all=0.9164 len2=0.8810 len3=0.9544 len4=0.9295 len5=0.9296 len6=0.8941 depth3=0.8440 nodepth3_len6=0.9689
step 400 loss 0.1716 lr 8.68e-04 62s val 0.1475 | all=0.1730 len2=0.1501 len3=0.1452 len4=0.1796 len5=0.1709 len6=0.1919 depth3=0.1733 nodepth3_len6=0.2197
step 600 loss 0.1225 lr 5.50e-04 65s val 0.1034 | all=0.1087 len2=0.1041 len3=0.1027 len4=0.1155 len5=0.1029 len6=0.1139 depth3=0.0998 nodepth3_len6=0.1348
step 800 loss 0.0919 lr 2.32e-04 68s val 0.0864 | all=0.0794 len2=0.0882 len3=0.0849 len4=0.0847 len5=0.0730 len6=0.0755 depth3=0.0617 nodepth3_len6=0.0961
step 1000 loss 0.0784 lr 1.00e-04 71s val 0.0818 | all=0.0708 len2=0.0835 len3=0.0804 len4=0.0767 len5=0.0641 len6=0.0638 depth3=0.0503 nodepth3_len6=0.0840
saved ckpts/fs/b2_graph_mat.pt (71.2s total, 23.8s validation, first step 33.6s, setup 3.1s, peak 0.42 GiB, 373459 useful tok/s in training)
