params 3214336 mode lean_seq shift True aug offset impl fast pack True cache hit
train records 155000  stream T 19712  useful tokens 106307118  computed 118272000 (waste 1.113x; legacy pad-to-max 1.968x)
val slices {'all': 5000, 'len2': 1000, 'len3': 1000, 'len4': 1000, 'len5': 1000, 'len6': 1000, 'depth3': 500, 'nodepth3_len6': 500}
captured the training step as one CUDA graph (9.7s incl. compile)
first step (incl. compile) 9.7s
step 200 loss 0.9528 lr 1.00e-03 13s val 0.9534 | all=0.9520 len2=0.9405 len3=0.9644 len4=0.9715 len5=0.9636 len6=0.9294 depth3=0.8773 nodepth3_len6=1.0073
step 400 loss 0.2297 lr 9.97e-04 18s val 0.1669 | all=0.2172 len2=0.1658 len3=0.1679 len4=0.2197 len5=0.2169 len6=0.2576 depth3=0.2353 nodepth3_len6=0.2908
step 600 loss 0.1464 lr 9.89e-04 21s val 0.1105 | all=0.1221 len2=0.1148 len3=0.1068 len4=0.1316 len5=0.1145 len6=0.1322 depth3=0.1155 nodepth3_len6=0.1572
step 800 loss 0.1163 lr 9.76e-04 25s val 0.0983 | all=0.1089 len2=0.1026 len3=0.0946 len4=0.1112 len5=0.0938 len6=0.1288 depth3=0.1281 nodepth3_len6=0.1299
step 1000 loss 0.0994 lr 9.58e-04 29s val 0.0882 | all=0.0879 len2=0.0920 len3=0.0849 len4=0.0889 len5=0.0771 len6=0.0960 depth3=0.0883 nodepth3_len6=0.1076
step 1200 loss 0.0919 lr 9.36e-04 32s val 0.0883 | all=0.0777 len2=0.0934 len3=0.0840 len4=0.0824 len5=0.0657 len6=0.0758 depth3=0.0687 nodepth3_len6=0.0864
step 1400 loss 0.0835 lr 9.08e-04 36s val 0.0839 | all=0.0735 len2=0.0879 len3=0.0804 len4=0.0779 len5=0.0615 len6=0.0721 depth3=0.0671 nodepth3_len6=0.0794
step 1600 loss 0.0748 lr 8.77e-04 39s val 0.0820 | all=0.0734 len2=0.0868 len3=0.0780 len4=0.0705 len5=0.0569 len6=0.0815 depth3=0.0860 nodepth3_len6=0.0749
step 1800 loss 0.0683 lr 8.41e-04 43s val 0.0775 | all=0.0689 len2=0.0811 len3=0.0745 len4=0.0674 len5=0.0560 len6=0.0733 depth3=0.0735 nodepth3_len6=0.0730
step 2000 loss 0.0671 lr 8.03e-04 47s val 0.0783 | all=0.0719 len2=0.0820 len3=0.0752 len4=0.0647 len5=0.0518 len6=0.0874 depth3=0.1001 nodepth3_len6=0.0683
step 2200 loss 0.0754 lr 7.61e-04 50s val 0.0777 | all=0.0715 len2=0.0824 len3=0.0736 len4=0.0627 len5=0.0505 len6=0.0890 depth3=0.1038 nodepth3_len6=0.0668
step 2400 loss 0.0711 lr 7.17e-04 54s val 0.0770 | all=0.0700 len2=0.0818 len3=0.0730 len4=0.0619 len5=0.0505 len6=0.0852 depth3=0.1021 nodepth3_len6=0.0601
step 2600 loss 0.0631 lr 6.70e-04 57s val 0.0757 | all=0.0612 len2=0.0802 len3=0.0719 len4=0.0597 len5=0.0483 len6=0.0608 depth3=0.0625 nodepth3_len6=0.0582
step 2800 loss 0.0627 lr 6.23e-04 61s val 0.0769 | all=0.0778 len2=0.0823 len3=0.0723 len4=0.0585 len5=0.0471 len6=0.1156 depth3=0.1552 nodepth3_len6=0.0565
step 3000 loss 0.0650 lr 5.74e-04 65s val 0.0761 | all=0.0699 len2=0.0803 len3=0.0726 len4=0.0576 len5=0.0459 len6=0.0918 depth3=0.1158 nodepth3_len6=0.0559
step 3200 loss 0.0631 lr 5.26e-04 68s val 0.0751 | all=0.0664 len2=0.0801 len3=0.0710 len4=0.0568 len5=0.0459 len6=0.0818 depth3=0.1000 nodepth3_len6=0.0546
step 3400 loss 0.0609 lr 4.77e-04 72s val 0.0747 | all=0.0591 len2=0.0793 len3=0.0708 len4=0.0578 len5=0.0456 len6=0.0580 depth3=0.0602 nodepth3_len6=0.0547
step 3600 loss 0.0609 lr 4.30e-04 75s val 0.0746 | all=0.0584 len2=0.0801 len3=0.0700 len4=0.0544 len5=0.0432 len6=0.0601 depth3=0.0646 nodepth3_len6=0.0534
step 3800 loss 0.0556 lr 3.83e-04 79s val 0.0740 | all=0.0555 len2=0.0791 len3=0.0696 len4=0.0550 len5=0.0436 len6=0.0505 depth3=0.0490 nodepth3_len6=0.0527
step 4000 loss 0.0564 lr 3.39e-04 83s val 0.0739 | all=0.0576 len2=0.0787 len3=0.0698 len4=0.0540 len5=0.0426 len6=0.0587 depth3=0.0640 nodepth3_len6=0.0509
step 4200 loss 0.0586 lr 2.97e-04 86s val 0.0739 | all=0.0553 len2=0.0796 len3=0.0691 len4=0.0537 len5=0.0417 len6=0.0521 depth3=0.0537 nodepth3_len6=0.0497
step 4400 loss 0.0608 lr 2.59e-04 90s val 0.0737 | all=0.0579 len2=0.0793 len3=0.0689 len4=0.0530 len5=0.0411 len6=0.0617 depth3=0.0708 nodepth3_len6=0.0479
step 4600 loss 0.0526 lr 2.23e-04 93s val 0.0733 | all=0.0521 len2=0.0785 len3=0.0688 len4=0.0523 len5=0.0407 len6=0.0438 depth3=0.0415 nodepth3_len6=0.0473
step 4800 loss 0.0573 lr 1.92e-04 97s val 0.0734 | all=0.0539 len2=0.0791 len3=0.0685 len4=0.0521 len5=0.0403 len6=0.0502 depth3=0.0525 nodepth3_len6=0.0468
step 5000 loss 0.0523 lr 1.64e-04 101s val 0.0728 | all=0.0541 len2=0.0782 len3=0.0682 len4=0.0518 len5=0.0403 len6=0.0515 depth3=0.0556 nodepth3_len6=0.0454
step 5200 loss 0.0547 lr 1.42e-04 104s val 0.0729 | all=0.0528 len2=0.0786 len3=0.0681 len4=0.0516 len5=0.0397 len6=0.0476 depth3=0.0491 nodepth3_len6=0.0453
step 5400 loss 0.0564 lr 1.24e-04 108s val 0.0727 | all=0.0594 len2=0.0780 len3=0.0681 len4=0.0513 len5=0.0398 len6=0.0696 depth3=0.0851 nodepth3_len6=0.0465
step 5600 loss 0.0548 lr 1.11e-04 112s val 0.0728 | all=0.0546 len2=0.0783 len3=0.0681 len4=0.0513 len5=0.0397 len6=0.0539 depth3=0.0585 nodepth3_len6=0.0468
step 5800 loss 0.0518 lr 1.03e-04 115s val 0.0726 | all=0.0578 len2=0.0782 len3=0.0678 len4=0.0512 len5=0.0394 len6=0.0648 depth3=0.0778 nodepth3_len6=0.0454
step 6000 loss 0.0581 lr 1.00e-04 119s val 0.0727 | all=0.0539 len2=0.0782 len3=0.0680 len4=0.0513 len5=0.0393 len6=0.0519 depth3=0.0560 nodepth3_len6=0.0457
saved ckpts/fs/fast1b_s7.pt (119.0s total, 5.7s validation, first step 9.7s, setup 4.1s, peak 0.41 GiB, 938354 useful tok/s in training)
