cp: warning: behavior of -n is non-portable and may change in future; use --update=none instead
=== ladder T1 SH s0 RESUME from round 6 2026-09-28T12:41:00Z
resumed round 5: 4981 target proofs; ckpt ckpts/se/ladder/la_T1_SH_s0_r5.pt
[lean_gate] 143840 samples, parse-fail 14480, distinct checked 111617: lean ok 70810, lean rej 40807; lean 182.9s wall (5573.3s proc, 32 workers)
[la_T1_SH_s0 r6] targets (this round) SOLVED 3127/4495 = 0.696 [0.682,0.709]
  len 7: 1521/1800 = 0.845 [0.828,0.861]
  len 8: 812/1000 = 0.812 [0.787,0.835]
  len 9: 631/1004 = 0.628 [0.598,0.658]
  len 10: 137/456 = 0.300 [0.260,0.344]
  len 11: 22/99 = 0.222 [0.152,0.314]
  len 12: 4/106 = 0.038 [0.015,0.093]
  len 13: 0/16 = 0.000 [0.000,0.194]
  len 14: 0/14 = 0.000 [0.000,0.215]
  written hist {5: 1, 6: 1, 7: 1732, 8: 1587, 9: 1292, 10: 521, 11: 136, 12: 50, 13: 15, 14: 1, 15: 2}
  pruned hist {5: 81, 6: 389, 7: 1787, 8: 1455, 9: 1105, 10: 366, 11: 100, 12: 41, 13: 11, 14: 1, 15: 2}
  frontier written 13 pruned 13
  reasons [('lean rejected', 44851), ('lean_seq parse: env: unbound', 4979), ('lean_seq parse: env: exact goal mismatch', 2228), ('lean_seq parse: env: have name', 1726), ('lean_seq parse: env: binder mismatch', 1640), ('lean_seq parse: env: names exhausted', 1089)]
[lean_gate] 73120 samples, parse-fail 12418, distinct checked 53909: lean ok 16369, lean rej 37540; lean 101.4s wall (2944.3s proc, 32 workers)
[la_T1_SH_s0 r6] transfer (this round, pass@32) SOLVED 1046/2285 = 0.458 [0.437,0.478]
  len 7: 167/300 = 0.557 [0.500,0.612]
  len 8: 168/300 = 0.560 [0.503,0.615]
  len 9: 579/1010 = 0.573 [0.543,0.603]
  len 10: 110/451 = 0.244 [0.207,0.286]
  len 11: 19/99 = 0.192 [0.126,0.280]
  len 12: 3/102 = 0.029 [0.010,0.083]
  len 13: 0/13 = 0.000 [0.000,0.228]
  len 14: 0/10 = 0.000 [0.000,0.278]
  written hist {7: 182, 8: 261, 9: 867, 10: 349, 11: 94, 12: 29, 13: 7, 14: 2, 19: 1}
  pruned hist {5: 7, 6: 13, 7: 233, 8: 407, 9: 800, 10: 230, 11: 78, 12: 19, 13: 3, 14: 1, 19: 1}
  frontier written 13 pruned 12
  reasons [('lean rejected', 41348), ('lean_seq parse: env: unbound', 4244), ('lean_seq parse: env: exact goal mismatch', 2300), ('lean_seq parse: env: binder mismatch', 1475), ('lean_seq parse: env: have name', 954), ('lean_seq parse: env: formula', 806)]
[lean_gate] 2285 samples, parse-fail 436, distinct checked 1849: lean ok 635, lean rej 1214; lean 11.0s wall (43.5s proc, 32 workers)
[la_T1_SH_s0 r6] transfer greedy SOLVED 635/2285 = 0.278 [0.260,0.297]
  len 7: 131/300 = 0.437 [0.382,0.493]
  len 8: 129/300 = 0.430 [0.375,0.487]
  len 9: 325/1010 = 0.322 [0.294,0.351]
  len 10: 43/451 = 0.095 [0.072,0.126]
  len 11: 6/99 = 0.061 [0.028,0.126]
  len 12: 1/102 = 0.010 [0.002,0.053]
  len 13: 0/13 = 0.000 [0.000,0.228]
  len 14: 0/10 = 0.000 [0.000,0.278]
  written hist {7: 118, 8: 130, 9: 305, 10: 66, 11: 12, 12: 4}
  pruned hist {5: 2, 6: 3, 7: 120, 8: 168, 9: 275, 10: 55, 11: 12}
  frontier written 11 pruned 11
  reasons [('lean rejected', 1214), ('lean_seq parse: env: have name', 191), ('lean_seq parse: env: unbound', 65), ('lean_seq parse: env: exact goal mismatch', 59), ('lean_seq parse: env: binder mismatch', 48), ('lean_seq parse: env: formula', 21)]
[lean_gate] 5000 samples, parse-fail 298, distinct checked 4702: lean ok 4544, lean rej 158; lean 9.6s wall (81.5s proc, 32 workers)
[la_T1_SH_s0 r6] heldout greedy SOLVED 4544/5000 = 0.909 [0.901,0.916]
  len 2: 997/1000 = 0.997 [0.991,0.999]
  len 3: 889/1000 = 0.889 [0.868,0.907]
  len 4: 904/1000 = 0.904 [0.884,0.921]
  len 5: 865/1000 = 0.865 [0.842,0.885]
  len 6: 889/1000 = 0.889 [0.868,0.907]
  written hist {2: 1018, 3: 891, 4: 891, 5: 901, 6: 837, 7: 3, 8: 2, 10: 1}
  pruned hist {2: 1021, 3: 892, 4: 890, 5: 901, 6: 836, 7: 2, 8: 1, 10: 1}
  frontier written 6 pruned 6
  reasons [('lean_seq parse: env: have name', 275), ('lean rejected', 158), ('lean_seq parse: env: exact goal mismatch', 11), ('lean_seq parse: env: binder mismatch', 3), ('lean_seq parse: env: formula', 3), ('lean_seq parse: env: unbound', 2)]
[la_T1_SH_s0 r6] targets cumulative: solved 3127/4495 L*=11 ge={7: 3127, 8: 1606, 9: 794, 10: 163, 11: 26, 12: 4}
[la_T1_SH_s0 r6] transfer cumulative: solved 1146/2285 L*=11 ge={7: 1146, 8: 966, 9: 783, 10: 149, 11: 25, 12: 3}
python3 state_train.py --data artifacts/se/la_T1_SH_s0/mix_6.jsonl --init ckpts/se/ladder/la_T1_SH_s0_r5.pt --steps 600 --lr 0.0003 --min_lr 2.9999999999999997e-05 --warmup 50 --cap 0 --out ckpts/se/ladder/la_T1_SH_s0_r6.pt --seed 6 --log_every 200 --recs 128
params 3216384 mode lean_stateh
train records 40672 (skipped 0); pairs 290868; mean 7.152 per proof; max pair len 544; load 13s
/workspace/nd-takehome/state_train.py:138: UserWarning: Converting a tensor with requires_grad=True to a scalar may lead to unexpected behavior.
Consider using tensor.detach() first. (Triggered internally at /pytorch/torch/csrc/autograd/generated/python_variable_methods.cpp:835.)
  loss_sum += float(lb)
step 200 loss 0.0397 lr 2.53e-04 pairs/batch 916 104s
step 400 loss 0.0355 lr 1.09e-04 pairs/batch 915 207s
step 600 loss 0.0360 lr 3.00e-05 pairs/batch 915 310s
saved ckpts/se/ladder/la_T1_SH_s0_r6.pt
=== round 6 done in 1803s; new proofs 513; cum targets solved 3127 L*=11; transfer L*=11
[lean_gate] 143840 samples, parse-fail 14263, distinct checked 111579: lean ok 73835, lean rej 37744; lean 199.4s wall (6089.2s proc, 32 workers)
[la_T1_SH_s0 r7] targets (this round) SOLVED 3206/4495 = 0.713 [0.700,0.726]
  len 7: 1541/1800 = 0.856 [0.839,0.872]
  len 8: 826/1000 = 0.826 [0.801,0.848]
  len 9: 661/1004 = 0.658 [0.628,0.687]
  len 10: 148/456 = 0.325 [0.283,0.369]
  len 11: 24/99 = 0.242 [0.169,0.335]
  len 12: 4/106 = 0.038 [0.015,0.093]
  len 13: 2/16 = 0.125 [0.035,0.360]
  len 14: 0/14 = 0.000 [0.000,0.215]
  written hist {5: 1, 6: 1, 7: 1769, 8: 1672, 9: 1465, 10: 647, 11: 201, 12: 66, 13: 21, 14: 3, 15: 3, 16: 1, 18: 1, 21: 1}
  pruned hist {5: 91, 6: 402, 7: 1860, 8: 1551, 9: 1273, 10: 448, 11: 146, 12: 59, 13: 13, 14: 4, 15: 2, 16: 1, 17: 1, 20: 1}
  frontier written 13 pruned 13
  reasons [('lean rejected', 41485), ('lean_seq parse: env: unbound', 5011), ('lean_seq parse: env: binder mismatch', 1897), ('lean_seq parse: env: have name', 1773), ('lean_seq parse: env: exact goal mismatch', 1674), ('lean_seq parse: env: Or.elim on non-or', 1138)]
[lean_gate] 73120 samples, parse-fail 12378, distinct checked 53999: lean ok 17534, lean rej 36465; lean 102.5s wall (2971.9s proc, 32 workers)
[la_T1_SH_s0 r7] transfer (this round, pass@32) SOLVED 1087/2285 = 0.476 [0.455,0.496]
  len 7: 170/300 = 0.567 [0.510,0.622]
  len 8: 174/300 = 0.580 [0.523,0.634]
  len 9: 607/1010 = 0.601 [0.570,0.631]
  len 10: 113/451 = 0.251 [0.213,0.293]
  len 11: 20/99 = 0.202 [0.135,0.292]
  len 12: 3/102 = 0.029 [0.010,0.083]
  len 13: 0/13 = 0.000 [0.000,0.228]
  len 14: 0/10 = 0.000 [0.000,0.278]
  written hist {7: 186, 8: 267, 9: 964, 10: 425, 11: 106, 12: 41, 13: 13, 14: 2, 18: 1, 19: 1}
  pruned hist {5: 8, 6: 13, 7: 249, 8: 429, 9: 894, 10: 288, 11: 90, 12: 27, 13: 7, 19: 1}
  frontier written 13 pruned 13
  reasons [('lean rejected', 40133), ('lean_seq parse: env: unbound', 4092), ('lean_seq parse: env: exact goal mismatch', 1857), ('lean_seq parse: env: binder mismatch', 1617), ('lean_seq parse: env: Or.elim on non-or', 1039), ('lean_seq parse: env: have name', 950)]
[lean_gate] 2285 samples, parse-fail 420, distinct checked 1865: lean ok 616, lean rej 1249; lean 12.4s wall (54.1s proc, 32 workers)
[la_T1_SH_s0 r7] transfer greedy SOLVED 616/2285 = 0.270 [0.252,0.288]
  len 7: 140/300 = 0.467 [0.411,0.523]
  len 8: 124/300 = 0.413 [0.359,0.470]
  len 9: 299/1010 = 0.296 [0.269,0.325]
  len 10: 46/451 = 0.102 [0.077,0.133]
  len 11: 6/99 = 0.061 [0.028,0.126]
  len 12: 1/102 = 0.010 [0.002,0.053]
  len 13: 0/13 = 0.000 [0.000,0.228]
  len 14: 0/10 = 0.000 [0.000,0.278]
  written hist {7: 131, 8: 123, 9: 278, 10: 67, 11: 10, 12: 6, 13: 1}
  pruned hist {5: 2, 6: 3, 7: 143, 8: 165, 9: 234, 10: 55, 11: 11, 12: 3}
  frontier written 12 pruned 11
  reasons [('lean rejected', 1249), ('lean_seq parse: env: have name', 98), ('lean_seq parse: env: unbound', 93), ('lean_seq parse: env: names exhausted', 60), ('lean_seq parse: env: exact goal mismatch', 56), ('lean_seq parse: env: binder mismatch', 43)]
[lean_gate] 5000 samples, parse-fail 182, distinct checked 4818: lean ok 4678, lean rej 140; lean 11.4s wall (117.4s proc, 32 workers)
[la_T1_SH_s0 r7] heldout greedy SOLVED 4678/5000 = 0.936 [0.928,0.942]
  len 2: 998/1000 = 0.998 [0.993,0.999]
  len 3: 940/1000 = 0.940 [0.924,0.953]
  len 4: 940/1000 = 0.940 [0.924,0.953]
  len 5: 900/1000 = 0.900 [0.880,0.917]
  len 6: 900/1000 = 0.900 [0.880,0.917]
  written hist {2: 1017, 3: 945, 4: 927, 5: 932, 6: 850, 7: 4, 8: 1, 9: 1, 10: 1}
  pruned hist {2: 1019, 3: 951, 4: 924, 5: 932, 6: 846, 7: 3, 8: 1, 9: 1, 10: 1}
  frontier written 6 pruned 6
  reasons [('lean_seq parse: env: have name', 151), ('lean rejected', 140), ('lean_seq parse: env: exact goal mismatch', 10), ('lean_seq parse: env: formula', 5), ('lean_seq parse: env: unbound', 5), ('lean_seq parse: env: assign', 3)]
[la_T1_SH_s0 r7] targets cumulative: solved 3206/4495 L*=12 ge={7: 3206, 8: 1665, 9: 839, 10: 178, 11: 30, 12: 6}
[la_T1_SH_s0 r7] transfer cumulative: solved 1205/2285 L*=11 ge={7: 1205, 8: 1024, 9: 833, 10: 163, 11: 30, 12: 4}
python3 state_train.py --data artifacts/se/la_T1_SH_s0/mix_7.jsonl --init ckpts/se/ladder/la_T1_SH_s0_r6.pt --steps 600 --lr 0.0003 --min_lr 2.9999999999999997e-05 --warmup 50 --cap 0 --out ckpts/se/ladder/la_T1_SH_s0_r7.pt --seed 7 --log_every 200 --recs 128
params 3216384 mode lean_stateh
train records 42304 (skipped 0); pairs 308022; mean 7.281 per proof; max pair len 576; load 13s
/workspace/nd-takehome/state_train.py:138: UserWarning: Converting a tensor with requires_grad=True to a scalar may lead to unexpected behavior.
Consider using tensor.detach() first. (Triggered internally at /pytorch/torch/csrc/autograd/generated/python_variable_methods.cpp:835.)
  loss_sum += float(lb)
step 200 loss 0.0389 lr 2.53e-04 pairs/batch 931 106s
step 400 loss 0.0373 lr 1.09e-04 pairs/batch 933 211s
step 600 loss 0.0369 lr 3.00e-05 pairs/batch 933 317s
saved ckpts/se/ladder/la_T1_SH_s0_r7.pt
=== round 7 done in 1845s; new proofs 519; cum targets solved 3206 L*=12; transfer L*=11
[lean_gate] 143840 samples, parse-fail 14968, distinct checked 111393: lean ok 76561, lean rej 34832; lean 155.5s wall (4757.0s proc, 32 workers)
[la_T1_SH_s0 r8] targets (this round) SOLVED 3264/4495 = 0.726 [0.713,0.739]
  len 7: 1555/1800 = 0.864 [0.847,0.879]
  len 8: 840/1000 = 0.840 [0.816,0.861]
  len 9: 681/1004 = 0.678 [0.649,0.706]
  len 10: 157/456 = 0.344 [0.302,0.389]
  len 11: 25/99 = 0.253 [0.177,0.346]
  len 12: 4/106 = 0.038 [0.015,0.093]
  len 13: 2/16 = 0.125 [0.035,0.360]
  len 14: 0/14 = 0.000 [0.000,0.215]
  written hist {5: 1, 7: 1800, 8: 1776, 9: 1580, 10: 753, 11: 251, 12: 89, 13: 34, 14: 10, 15: 4, 16: 2, 17: 1, 18: 2, 21: 1}
  pruned hist {5: 90, 6: 429, 7: 1940, 8: 1644, 9: 1374, 10: 526, 11: 181, 12: 81, 13: 23, 14: 8, 15: 3, 16: 1, 17: 3, 20: 1}
  frontier written 14 pruned 14
  reasons [('lean rejected', 38202), ('lean_seq parse: env: unbound', 5094), ('lean_seq parse: env: exact goal mismatch', 2121), ('lean_seq parse: env: have name', 1840), ('lean_seq parse: env: binder mismatch', 1579), ('lean_seq parse: env: Or.elim on non-or', 1363)]
[lean_gate] 73120 samples, parse-fail 12756, distinct checked 53810: lean ok 18750, lean rej 35060; lean 37.1s wall (1113.1s proc, 32 workers)
[la_T1_SH_s0 r8] transfer (this round, pass@32) SOLVED 1132/2285 = 0.495 [0.475,0.516]
  len 7: 170/300 = 0.567 [0.510,0.622]
  len 8: 176/300 = 0.587 [0.530,0.641]
  len 9: 640/1010 = 0.634 [0.603,0.663]
  len 10: 122/451 = 0.271 [0.232,0.313]
  len 11: 20/99 = 0.202 [0.135,0.292]
  len 12: 4/102 = 0.039 [0.015,0.097]
  len 13: 0/13 = 0.000 [0.000,0.228]
  len 14: 0/10 = 0.000 [0.000,0.278]
  written hist {7: 184, 8: 276, 9: 1045, 10: 499, 11: 138, 12: 53, 13: 12, 14: 3, 16: 1, 17: 1}
  pruned hist {5: 11, 6: 11, 7: 260, 8: 446, 9: 989, 10: 340, 11: 115, 12: 30, 13: 9, 14: 1}
  frontier written 13 pruned 13
  reasons [('lean rejected', 38542), ('lean_seq parse: env: unbound', 3845), ('lean_seq parse: env: exact goal mismatch', 2237), ('lean_seq parse: env: binder mismatch', 1458), ('lean_seq parse: env: Or.elim on non-or', 1415), ('lean_seq parse: env: have name', 997)]
[lean_gate] 2285 samples, parse-fail 626, distinct checked 1659: lean ok 637, lean rej 1022; lean 2.6s wall (10.4s proc, 32 workers)
[la_T1_SH_s0 r8] transfer greedy SOLVED 637/2285 = 0.279 [0.261,0.298]
  len 7: 129/300 = 0.430 [0.375,0.487]
  len 8: 127/300 = 0.423 [0.369,0.480]
  len 9: 323/1010 = 0.320 [0.292,0.349]
  len 10: 50/451 = 0.111 [0.085,0.143]
  len 11: 7/99 = 0.071 [0.035,0.139]
  len 12: 1/102 = 0.010 [0.002,0.053]
  len 13: 0/13 = 0.000 [0.000,0.228]
  len 14: 0/10 = 0.000 [0.000,0.278]
  written hist {7: 120, 8: 121, 9: 307, 10: 69, 11: 12, 12: 6, 13: 2}
  pruned hist {5: 1, 6: 2, 7: 126, 8: 150, 9: 282, 10: 59, 11: 13, 12: 3, 13: 1}
  frontier written 12 pruned 11
  reasons [('lean rejected', 1022), ('lean_seq parse: env: have name', 397), ('lean_seq parse: env: exact goal mismatch', 59), ('lean_seq parse: env: binder mismatch', 45), ('lean_seq parse: env: unbound', 43), ('lean_seq parse: env: Or.elim on non-or', 34)]
[lean_gate] 5000 samples, parse-fail 771, distinct checked 4229: lean ok 4110, lean rej 119; lean 2.4s wall (21.1s proc, 32 workers)
[la_T1_SH_s0 r8] heldout greedy SOLVED 4110/5000 = 0.822 [0.811,0.832]
  len 2: 980/1000 = 0.980 [0.969,0.987]
  len 3: 691/1000 = 0.691 [0.662,0.719]
  len 4: 801/1000 = 0.801 [0.775,0.825]
  len 5: 796/1000 = 0.796 [0.770,0.820]
  len 6: 842/1000 = 0.842 [0.818,0.863]
  written hist {2: 1000, 3: 699, 4: 786, 5: 819, 6: 799, 7: 5, 8: 1, 10: 1}
  pruned hist {2: 1004, 3: 701, 4: 782, 5: 822, 6: 795, 7: 5, 8: 1}
  frontier written 7 pruned 7
  reasons [('lean_seq parse: env: have name', 741), ('lean rejected', 119), ('lean_seq parse: env: exact goal mismatch', 12), ('lean_seq parse: env: unbound', 4), ('lean_seq parse: env: binder mismatch', 3), ('lean_seq parse: env: Or.elim on non-or', 3)]
[la_T1_SH_s0 r8] targets cumulative: solved 3264/4495 L*=12 ge={7: 3264, 8: 1709, 9: 869, 10: 188, 11: 31, 12: 6}
[la_T1_SH_s0 r8] transfer cumulative: solved 1257/2285 L*=12 ge={7: 1257, 8: 1074, 9: 878, 10: 175, 11: 33, 12: 6}
python3 state_train.py --data artifacts/se/la_T1_SH_s0/mix_8.jsonl --init ckpts/se/ladder/la_T1_SH_s0_r7.pt --steps 600 --lr 0.0003 --min_lr 2.9999999999999997e-05 --warmup 50 --cap 0 --out ckpts/se/ladder/la_T1_SH_s0_r8.pt --seed 8 --log_every 200 --recs 128
params 3216384 mode lean_stateh
train records 44060 (skipped 0); pairs 326252; mean 7.405 per proof; max pair len 608; load 14s
/workspace/nd-takehome/state_train.py:138: UserWarning: Converting a tensor with requires_grad=True to a scalar may lead to unexpected behavior.
Consider using tensor.detach() first. (Triggered internally at /pytorch/torch/csrc/autograd/generated/python_variable_methods.cpp:835.)
  loss_sum += float(lb)
step 200 loss 0.0362 lr 2.53e-04 pairs/batch 948 108s
step 400 loss 0.0381 lr 1.09e-04 pairs/batch 947 217s
step 600 loss 0.0345 lr 3.00e-05 pairs/batch 948 325s
saved ckpts/se/ladder/la_T1_SH_s0_r8.pt
=== round 8 done in 1737s; new proofs 556; cum targets solved 3264 L*=12; transfer L*=12
=== done 2026-09-28T14:10:58Z
