info: downloading installer
info: default toolchain set to 'leanprover/lean4:v4.34.1'
warning: could not canonicalize path: '/root/.elan/toolchains'
warning: could not canonicalize path: '/root/.elan/toolchains'
warning: could not canonicalize path: '/root/.elan/toolchains'
info: downloading https://releases.lean-lang.org/lean4/v4.34.1/lean-4.34.1-linux.tar.zst
info: installing /root/.elan/toolchains/leanprover--lean4---v4.34.1
Lean (version 4.34.1, x86_64-unknown-linux-gnu, commit 5045d0056413266e57c625dcd7c365b10e377c52, Release)
8
NVIDIA A40, 46068 MiB
torch 2.8.0+cu128
WARNING: Running pip as the 'root' user can result in broken permissions and conflicting behaviour with the system package manager, possibly rendering your system unusable. It is recommended to use a virtual environment instead: https://pip.pypa.io/warnings/venv. Use the --root-user-action option if you know what you are doing and want to suppress this warning.
[90mHint: The `hf-cli` skill is not installed. Run `hf skills add -g` to teach your AI agents how to use the `hf` CLI.[0m
[32m✓ Downloaded[0m
  src: hf://buckets/dan-pandori/nd-rl/cap-horizon/data/kh/train_k12.jsonl.gz
  dst: data/kh/train_k12.jsonl.gz
[32m✓ Downloaded[0m
  src: hf://buckets/dan-pandori/nd-rl/trajectory/artifacts/tj/la_T1_best12_s1/found_8.jsonl
  dst: artifacts/rc/la_T1_best12_s1/found_8.jsonl
[32m✓ Downloaded[0m
  src: hf://buckets/dan-pandori/nd-rl/trajectory/artifacts/tj/la_T1_best12_s1/found_transfer_8.jsonl
  dst: artifacts/rc/la_T1_best12_s1/found_transfer_8.jsonl
[32m✓ Downloaded[0m
  src: hf://buckets/dan-pandori/nd-rl/trajectory/artifacts/tj/la_T1_best12_s1/alloc_8.json
  dst: artifacts/rc/la_T1_best12_s1/alloc_8.json
[32m✓ Downloaded[0m
  src: hf://buckets/dan-pandori/nd-rl/trajectory/artifacts/tj/la_T1_best12_s1/round_8.json
  dst: artifacts/rc/la_T1_best12_s1/round_8.json
[32m✓ Downloaded[0m
  src: hf://buckets/dan-pandori/nd-rl/trajectory/ckpts/tj/ladder/la_T1_best12_s1_r8.pt
  dst: ckpts/rc/ladder/la_T1_best12_s1_r8.pt
800b5486ba373a060c37218bec7fa8d3  data/kh/train_k12.jsonl
c85481f9a12f41f8aed02c4ff7617ef6  ckpts/rc/ladder/la_T1_best12_s1_r8.pt
9087175e10a0e24393fe7940f2ae3959  artifacts/rc/la_T1_best12_s1/alloc_8.json
a28ad3fee8114236cc3a6b3e15c3c915  artifacts/rc/la_T1_best12_s1/found_8.jsonl
b3d899d39e0df9db37c9320b11a9917a  artifacts/rc/la_T1_best12_s1/found_transfer_8.jsonl
2d78bbe5bd85001b7f39032058a40cad  artifacts/rc/la_T1_best12_s1/round_8.json
   271490 artifacts/rc/la_T1_best12_s1/found_8.jsonl
   117044 artifacts/rc/la_T1_best12_s1/found_transfer_8.jsonl
   388534 total
SETUP_DONE
