[p2/ei_depth3_f0_a2_s1 r1] targets (this round, pass@32) SOLVED 120/1000 = 0.120 [0.101,0.142]
  len 7: 2/166 = 0.012 [0.003,0.043]
  len 8: 0/166 = 0.000 [0.000,0.023]
  len 9: 2/166 = 0.012 [0.003,0.043]
  len 10: 26/166 = 0.157 [0.109,0.220]
  len 11: 37/166 = 0.223 [0.166,0.292]
  len 12: 53/170 = 0.312 [0.247,0.385]
  written hist {7: 1578}
  pruned hist {5: 2, 6: 1490, 7: 86}
  frontier written 7 pruned 7
  reasons [('rule check failed: ORI2', 3985), ('rule check failed: ANDI', 3974), ('rule check failed: ORI1', 3478), ('rule check failed: IMPE', 3026), ('rule check failed: DN', 2760), ('rule check failed: IMPI', 2720)]
[p2/ei_depth3_f0_a2_s1 r1] targets (cumulative 32 attempts) SOLVED 120/1000 = 0.120 [0.101,0.142]
  len 7: 2/166 = 0.012 [0.003,0.043]
  len 8: 0/166 = 0.000 [0.000,0.023]
  len 9: 2/166 = 0.012 [0.003,0.043]
  len 10: 26/166 = 0.157 [0.109,0.220]
  len 11: 37/166 = 0.223 [0.166,0.292]
  len 12: 53/170 = 0.312 [0.247,0.385]
  written hist {7: 1578}
  pruned hist {5: 2, 6: 1490, 7: 86}
  frontier written 7 pruned 7
  reasons []
[p2/ei_depth3_f0_a2_s1 r1] transfer (this round, pass@32) SOLVED 57/500 = 0.114 [0.089,0.145]
  len 7: 0/83 = 0.000 [0.000,0.044]
  len 8: 0/83 = 0.000 [0.000,0.044]
  len 9: 1/83 = 0.012 [0.002,0.065]
  len 10: 12/83 = 0.145 [0.085,0.236]
  len 11: 14/83 = 0.169 [0.103,0.263]
  len 12: 30/85 = 0.353 [0.260,0.459]
  written hist {7: 741}
  pruned hist {6: 677, 7: 64}
  frontier written 7 pruned 7
  reasons [('rule check failed: ORI2', 2279), ('rule check failed: ORI1', 2161), ('rule check failed: IMPE', 1545), ('rule check failed: DN', 1481), ('rule check failed: ANDI', 1447), ('bad box cite', 1034)]
[p2/ei_depth3_f0_a2_s1 r1] transfer (cumulative 32 attempts) SOLVED 57/500 = 0.114 [0.089,0.145]
  len 7: 0/83 = 0.000 [0.000,0.044]
  len 8: 0/83 = 0.000 [0.000,0.044]
  len 9: 1/83 = 0.012 [0.002,0.065]
  len 10: 12/83 = 0.145 [0.085,0.236]
  len 11: 14/83 = 0.169 [0.103,0.263]
  len 12: 30/85 = 0.353 [0.260,0.459]
  written hist {7: 741}
  pruned hist {6: 677, 7: 64}
  frontier written 7 pruned 7
  reasons []
[p2/ei_depth3_f0_a2_s1 r1] transfer greedy SOLVED 30/500 = 0.060 [0.042,0.084]
  len 7: 0/83 = 0.000 [0.000,0.044]
  len 8: 0/83 = 0.000 [0.000,0.044]
  len 9: 1/83 = 0.012 [0.002,0.065]
  len 10: 3/83 = 0.036 [0.012,0.101]
  len 11: 7/83 = 0.084 [0.041,0.164]
  len 12: 19/85 = 0.224 [0.148,0.323]
  written hist {7: 30}
  pruned hist {6: 27, 7: 3}
  frontier written 7 pruned 6
  reasons [('rule check failed: ORI2', 77), ('rule check failed: ORI1', 71), ('rule check failed: ANDI', 53), ('rule check failed: DN', 51), ('rule check failed: IMPE', 45), ('bad box cite', 32)]
[p2/ei_depth3_f0_a2_s1 r1] heldout greedy SOLVED 4399/5000 = 0.880 [0.870,0.889]
  len 2: 999/1000 = 0.999 [0.994,1.000]
  len 3: 997/1000 = 0.997 [0.991,0.999]
  len 4: 968/1000 = 0.968 [0.955,0.977]
  len 5: 955/1000 = 0.955 [0.940,0.966]
  len 6: 480/1000 = 0.480 [0.449,0.511]
  written hist {2: 1027, 3: 988, 4: 937, 5: 997, 6: 450}
  pruned hist {2: 1028, 3: 987, 4: 941, 5: 995, 6: 448}
  frontier written 6 pruned 6
  reasons [('rule check failed: DN', 130), ('rule check failed: ORI2', 106), ('bad box cite', 77), ('rule check failed: ANDI', 66), ('rule check failed: ANDE2', 37), ('rule check failed: ORI1', 31)]
python3 train.py --data artifacts/p2/ei_depth3_f0_a2_s1/mix_1.jsonl --init ckpts/p2/stage1_depth3_f0_a2_s1.pt --steps 600 --lr 0.0003 --min_lr 2.9999999999999997e-05 --warmup 50 --cap 0 --out ckpts/p2/ei_depth3_f0_a2_s1_r1.pt --seed 1001 --log_every 200
params 3210240 mode abs shift True
train records 21700 max len 362
step 200 loss 0.0560 lr 2.53e-04 15s
step 400 loss 0.0529 lr 1.09e-04 29s
step 600 loss 0.0547 lr 3.00e-05 45s
saved ckpts/p2/ei_depth3_f0_a2_s1_r1.pt
=== round 1 done in 274s; new proofs 1578; cum targets solved 120
[p2/ei_depth3_f0_a2_s1 r2] targets (this round, pass@32) SOLVED 202/1000 = 0.202 [0.178,0.228]
  len 7: 2/166 = 0.012 [0.003,0.043]
  len 8: 2/166 = 0.012 [0.003,0.043]
  len 9: 4/166 = 0.024 [0.009,0.060]
  len 10: 49/166 = 0.295 [0.231,0.369]
  len 11: 64/166 = 0.386 [0.315,0.461]
  len 12: 81/170 = 0.476 [0.403,0.551]
  written hist {7: 3684, 8: 19}
  pruned hist {5: 3, 6: 3435, 7: 265}
  frontier written 8 pruned 7
  reasons [('rule check failed: ANDI', 3661), ('rule check failed: ORI2', 3369), ('rule check failed: IMPI', 3249), ('rule check failed: ORI1', 3013), ('rule check failed: DN', 2724), ('bad box cite', 2333)]
[p2/ei_depth3_f0_a2_s1 r2] targets (cumulative 64 attempts) SOLVED 202/1000 = 0.202 [0.178,0.228]
  len 7: 2/166 = 0.012 [0.003,0.043]
  len 8: 2/166 = 0.012 [0.003,0.043]
  len 9: 4/166 = 0.024 [0.009,0.060]
  len 10: 49/166 = 0.295 [0.231,0.369]
  len 11: 64/166 = 0.386 [0.315,0.461]
  len 12: 81/170 = 0.476 [0.403,0.551]
  written hist {7: 4728, 8: 19}
  pruned hist {5: 5, 6: 4426, 7: 316}
  frontier written 8 pruned 7
  reasons []
[p2/ei_depth3_f0_a2_s1 r2] transfer (this round, pass@32) SOLVED 100/500 = 0.200 [0.167,0.237]
  len 7: 2/83 = 0.024 [0.007,0.084]
  len 8: 0/83 = 0.000 [0.000,0.044]
  len 9: 2/83 = 0.024 [0.007,0.084]
  len 10: 27/83 = 0.325 [0.234,0.432]
  len 11: 29/83 = 0.349 [0.256,0.457]
  len 12: 40/85 = 0.471 [0.368,0.576]
  written hist {7: 1632}
  pruned hist {5: 4, 6: 1485, 7: 143}
  frontier written 7 pruned 7
  reasons [('rule check failed: ORI2', 2026), ('rule check failed: ORI1', 1917), ('rule check failed: DN', 1566), ('rule check failed: ANDI', 1454), ('rule check failed: IMPI', 1366), ('bad box cite', 1291)]
[p2/ei_depth3_f0_a2_s1 r2] transfer (cumulative 64 attempts) SOLVED 100/500 = 0.200 [0.167,0.237]
  len 7: 2/83 = 0.024 [0.007,0.084]
  len 8: 0/83 = 0.000 [0.000,0.044]
  len 9: 2/83 = 0.024 [0.007,0.084]
  len 10: 27/83 = 0.325 [0.234,0.432]
  len 11: 29/83 = 0.349 [0.256,0.457]
  len 12: 40/85 = 0.471 [0.368,0.576]
  written hist {7: 2124}
  pruned hist {5: 4, 6: 1939, 7: 181}
  frontier written 7 pruned 7
  reasons []
[p2/ei_depth3_f0_a2_s1 r2] transfer greedy SOLVED 79/500 = 0.158 [0.129,0.193]
  len 7: 0/83 = 0.000 [0.000,0.044]
  len 8: 0/83 = 0.000 [0.000,0.044]
  len 9: 2/83 = 0.024 [0.007,0.084]
  len 10: 21/83 = 0.253 [0.172,0.356]
  len 11: 22/83 = 0.265 [0.182,0.369]
  len 12: 34/85 = 0.400 [0.302,0.506]
  written hist {7: 79}
  pruned hist {6: 72, 7: 7}
  frontier written 7 pruned 7
  reasons [('rule check failed: ORI2', 61), ('rule check failed: ORI1', 58), ('rule check failed: DN', 55), ('rule check failed: ANDI', 47), ('rule check failed: IMPI', 45), ('bad box cite', 43)]
[p2/ei_depth3_f0_a2_s1 r2] heldout greedy SOLVED 4413/5000 = 0.883 [0.873,0.891]
  len 2: 999/1000 = 0.999 [0.994,1.000]
  len 3: 996/1000 = 0.996 [0.990,0.998]
  len 4: 976/1000 = 0.976 [0.965,0.984]
  len 5: 955/1000 = 0.955 [0.940,0.966]
  len 6: 487/1000 = 0.487 [0.456,0.518]
  written hist {2: 1022, 3: 981, 4: 957, 5: 1000, 6: 453}
  pruned hist {2: 1022, 3: 981, 4: 959, 5: 999, 6: 452}
  frontier written 6 pruned 6
  reasons [('bad box cite', 143), ('rule check failed: DN', 116), ('rule check failed: ORI2', 88), ('rule check failed: ANDI', 55), ('rule check failed: IMPI', 49), ('rule check failed: ANDE2', 30)]
python3 train.py --data artifacts/p2/ei_depth3_f0_a2_s1/mix_2.jsonl --init ckpts/p2/ei_depth3_f0_a2_s1_r1.pt --steps 600 --lr 0.0003 --min_lr 2.9999999999999997e-05 --warmup 50 --cap 0 --out ckpts/p2/ei_depth3_f0_a2_s1_r2.pt --seed 1002 --log_every 200
params 3210240 mode abs shift True
train records 23104 max len 404
step 200 loss 0.0533 lr 2.53e-04 18s
step 400 loss 0.0500 lr 1.09e-04 37s
step 600 loss 0.0576 lr 3.00e-05 52s
saved ckpts/p2/ei_depth3_f0_a2_s1_r2.pt
=== round 2 done in 269s; new proofs 3169; cum targets solved 202
[p2/ei_depth3_f0_a2_s1 r3] targets (this round, pass@32) SOLVED 234/1000 = 0.234 [0.209,0.261]
  len 7: 10/166 = 0.060 [0.033,0.107]
  len 8: 7/166 = 0.042 [0.021,0.084]
  len 9: 8/166 = 0.048 [0.025,0.092]
  len 10: 53/166 = 0.319 [0.253,0.394]
  len 11: 70/166 = 0.422 [0.349,0.498]
  len 12: 86/170 = 0.506 [0.431,0.580]
  written hist {7: 3917, 8: 42}
  pruned hist {5: 21, 6: 3501, 7: 437}
  frontier written 8 pruned 7
  reasons [('rule check failed: ANDI', 3313), ('rule check failed: IMPI', 3029), ('rule check failed: ORI1', 2997), ('rule check failed: DN', 2979), ('rule check failed: ORI2', 2721), ('bad box cite', 2250)]
[p2/ei_depth3_f0_a2_s1 r3] targets (cumulative 96 attempts) SOLVED 234/1000 = 0.234 [0.209,0.261]
  len 7: 10/166 = 0.060 [0.033,0.107]
  len 8: 7/166 = 0.042 [0.021,0.084]
  len 9: 8/166 = 0.048 [0.025,0.092]
  len 10: 53/166 = 0.319 [0.253,0.394]
  len 11: 70/166 = 0.422 [0.349,0.498]
  len 12: 86/170 = 0.506 [0.431,0.580]
  written hist {7: 6729, 8: 55}
  pruned hist {5: 25, 6: 6139, 7: 620}
  frontier written 8 pruned 7
  reasons []
[p2/ei_depth3_f0_a2_s1 r3] transfer (this round, pass@32) SOLVED 111/500 = 0.222 [0.188,0.260]
  len 7: 4/83 = 0.048 [0.019,0.117]
  len 8: 2/83 = 0.024 [0.007,0.084]
  len 9: 2/83 = 0.024 [0.007,0.084]
  len 10: 31/83 = 0.373 [0.277,0.481]
  len 11: 32/83 = 0.386 [0.288,0.493]
  len 12: 40/85 = 0.471 [0.368,0.576]
  written hist {7: 1856}
  pruned hist {5: 16, 6: 1631, 7: 209}
  frontier written 7 pruned 7
  reasons [('rule check failed: ORI2', 1716), ('rule check failed: DN', 1645), ('rule check failed: ORI1', 1504), ('rule check failed: ANDI', 1431), ('rule check failed: IMPI', 1339), ('bad box cite', 1257)]
[p2/ei_depth3_f0_a2_s1 r3] transfer (cumulative 96 attempts) SOLVED 114/500 = 0.228 [0.193,0.267]
  len 7: 5/83 = 0.060 [0.026,0.133]
  len 8: 2/83 = 0.024 [0.007,0.084]
  len 9: 2/83 = 0.024 [0.007,0.084]
  len 10: 31/83 = 0.373 [0.277,0.481]
  len 11: 32/83 = 0.386 [0.288,0.493]
  len 12: 42/85 = 0.494 [0.390,0.598]
  written hist {7: 3095}
  pruned hist {5: 19, 6: 2761, 7: 315}
  frontier written 7 pruned 7
  reasons []
[p2/ei_depth3_f0_a2_s1 r3] transfer greedy SOLVED 99/500 = 0.198 [0.165,0.235]
  len 7: 2/83 = 0.024 [0.007,0.084]
  len 8: 1/83 = 0.012 [0.002,0.065]
  len 9: 2/83 = 0.024 [0.007,0.084]
  len 10: 28/83 = 0.337 [0.245,0.444]
  len 11: 32/83 = 0.386 [0.288,0.493]
  len 12: 34/85 = 0.400 [0.302,0.506]
  written hist {7: 99}
  pruned hist {5: 1, 6: 89, 7: 9}
  frontier written 7 pruned 7
  reasons [('rule check failed: ORI2', 54), ('rule check failed: DN', 50), ('rule check failed: ANDI', 47), ('rule check failed: ORI1', 45), ('bad box cite', 43), ('rule check failed: IMPI', 43)]
[p2/ei_depth3_f0_a2_s1 r3] heldout greedy SOLVED 4427/5000 = 0.885 [0.876,0.894]
  len 2: 999/1000 = 0.999 [0.994,1.000]
  len 3: 997/1000 = 0.997 [0.991,0.999]
  len 4: 967/1000 = 0.967 [0.954,0.976]
  len 5: 949/1000 = 0.949 [0.934,0.961]
  len 6: 515/1000 = 0.515 [0.484,0.546]
  written hist {2: 1023, 3: 986, 4: 953, 5: 984, 6: 479, 7: 2}
  pruned hist {2: 1024, 3: 987, 4: 954, 5: 983, 6: 477, 7: 2}
  frontier written 6 pruned 6
  reasons [('rule check failed: DN', 155), ('rule check failed: ANDI', 64), ('rule check failed: ORI2', 58), ('bad box cite', 57), ('rule check failed: IMPI', 50), ('rule check failed: ANDE2', 26)]
python3 train.py --data artifacts/p2/ei_depth3_f0_a2_s1/mix_3.jsonl --init ckpts/p2/ei_depth3_f0_a2_s1_r2.pt --steps 600 --lr 0.0003 --min_lr 2.9999999999999997e-05 --warmup 50 --cap 0 --out ckpts/p2/ei_depth3_f0_a2_s1_r3.pt --seed 1003 --log_every 200
params 3210240 mode abs shift True
train records 23624 max len 370
step 200 loss 0.0522 lr 2.53e-04 17s
step 400 loss 0.0526 lr 1.09e-04 34s
step 600 loss 0.0488 lr 3.00e-05 53s
saved ckpts/p2/ei_depth3_f0_a2_s1_r3.pt
=== round 3 done in 238s; new proofs 2037; cum targets solved 234
[p2/ei_depth3_f0_a2_s1 r4] targets (this round, pass@32) SOLVED 323/1000 = 0.323 [0.295,0.353]
  len 7: 65/166 = 0.392 [0.321,0.467]
  len 8: 22/166 = 0.133 [0.089,0.193]
  len 9: 14/166 = 0.084 [0.051,0.137]
  len 10: 61/166 = 0.367 [0.298,0.443]
  len 11: 73/166 = 0.440 [0.366,0.516]
  len 12: 88/170 = 0.518 [0.443,0.592]
  written hist {7: 4817, 8: 111}
  pruned hist {5: 25, 6: 3330, 7: 1519, 8: 54}
  frontier written 8 pruned 8
  reasons [('rule check failed: ANDI', 3453), ('rule check failed: DN', 2845), ('rule check failed: ORI2', 2631), ('bad box cite', 2579), ('rule check failed: IMPI', 2104), ('rule check failed: ORI1', 2082)]
[p2/ei_depth3_f0_a2_s1 r4] targets (cumulative 128 attempts) SOLVED 323/1000 = 0.323 [0.295,0.353]
  len 7: 65/166 = 0.392 [0.321,0.467]
  len 8: 22/166 = 0.133 [0.089,0.193]
  len 9: 14/166 = 0.084 [0.051,0.137]
  len 10: 61/166 = 0.367 [0.298,0.443]
  len 11: 73/166 = 0.440 [0.366,0.516]
  len 12: 88/170 = 0.518 [0.443,0.592]
  written hist {7: 8816, 8: 140}
  pruned hist {5: 38, 6: 6989, 7: 1875, 8: 54}
  frontier written 8 pruned 8
  reasons []
[p2/ei_depth3_f0_a2_s1 r4] transfer (this round, pass@32) SOLVED 156/500 = 0.312 [0.273,0.354]
  len 7: 30/83 = 0.361 [0.266,0.469]
  len 8: 12/83 = 0.145 [0.085,0.236]
  len 9: 5/83 = 0.060 [0.026,0.133]
  len 10: 32/83 = 0.386 [0.288,0.493]
  len 11: 35/83 = 0.422 [0.321,0.529]
  len 12: 42/85 = 0.494 [0.390,0.598]
  written hist {7: 2281, 8: 45}
  pruned hist {5: 13, 6: 1527, 7: 748, 8: 38}
  frontier written 8 pruned 8
  reasons [('rule check failed: ORI2', 1784), ('rule check failed: DN', 1562), ('bad box cite', 1429), ('rule check failed: ANDI', 1394), ('rule check failed: ORI1', 1229), ('rule check failed: IMPI', 859)]
[p2/ei_depth3_f0_a2_s1 r4] transfer (cumulative 128 attempts) SOLVED 159/500 = 0.318 [0.279,0.360]
  len 7: 30/83 = 0.361 [0.266,0.469]
  len 8: 12/83 = 0.145 [0.085,0.236]
  len 9: 5/83 = 0.060 [0.026,0.133]
  len 10: 33/83 = 0.398 [0.299,0.505]
  len 11: 35/83 = 0.422 [0.321,0.529]
  len 12: 44/85 = 0.518 [0.413,0.621]
  written hist {7: 4152, 8: 45}
  pruned hist {5: 25, 6: 3188, 7: 946, 8: 38}
  frontier written 8 pruned 8
  reasons []
[p2/ei_depth3_f0_a2_s1 r4] transfer greedy SOLVED 125/500 = 0.250 [0.214,0.290]
  len 7: 20/83 = 0.241 [0.162,0.343]
  len 8: 5/83 = 0.060 [0.026,0.133]
  len 9: 3/83 = 0.036 [0.012,0.101]
  len 10: 31/83 = 0.373 [0.277,0.481]
  len 11: 31/83 = 0.373 [0.277,0.481]
  len 12: 35/85 = 0.412 [0.313,0.518]
  written hist {7: 125}
  pruned hist {5: 1, 6: 89, 7: 35}
  frontier written 7 pruned 7
  reasons [('rule check failed: ORI2', 56), ('rule check failed: DN', 48), ('rule check failed: ANDI', 43), ('bad box cite', 43), ('rule check failed: ORI1', 37), ('rule check failed: IMPI', 29)]
[p2/ei_depth3_f0_a2_s1 r4] heldout greedy SOLVED 4567/5000 = 0.913 [0.905,0.921]
  len 2: 997/1000 = 0.997 [0.991,0.999]
  len 3: 995/1000 = 0.995 [0.988,0.998]
  len 4: 969/1000 = 0.969 [0.956,0.978]
  len 5: 952/1000 = 0.952 [0.937,0.964]
  len 6: 654/1000 = 0.654 [0.624,0.683]
  written hist {2: 1015, 3: 986, 4: 948, 5: 1001, 6: 617}
  pruned hist {2: 1016, 3: 985, 4: 951, 5: 1001, 6: 614}
  frontier written 6 pruned 6
  reasons [('rule check failed: DN', 122), ('bad box cite', 56), ('rule check failed: ORI2', 37), ('rule check failed: ANDI', 34), ('final formula is not the conclusion', 30), ('rule check failed: IMPI', 25)]
python3 train.py --data artifacts/p2/ei_depth3_f0_a2_s1/mix_4.jsonl --init ckpts/p2/ei_depth3_f0_a2_s1_r3.pt --steps 600 --lr 0.0003 --min_lr 2.9999999999999997e-05 --warmup 50 --cap 0 --out ckpts/p2/ei_depth3_f0_a2_s1_r4.pt --seed 1004 --log_every 200
params 3210240 mode abs shift True
train records 24900 max len 365
step 200 loss 0.0532 lr 2.53e-04 19s
step 400 loss 0.0516 lr 1.09e-04 36s
step 600 loss 0.0502 lr 3.00e-05 53s
saved ckpts/p2/ei_depth3_f0_a2_s1_r4.pt
=== round 4 done in 240s; new proofs 2172; cum targets solved 323
[p2/ei_depth3_f0_a2_s1 r5] targets (this round, pass@32) SOLVED 517/1000 = 0.517 [0.486,0.548]
  len 7: 147/166 = 0.886 [0.828,0.925]
  len 8: 89/166 = 0.536 [0.460,0.610]
  len 9: 23/166 = 0.139 [0.094,0.199]
  len 10: 74/166 = 0.446 [0.372,0.522]
  len 11: 88/166 = 0.530 [0.454,0.605]
  len 12: 96/170 = 0.565 [0.490,0.637]
  written hist {7: 7201, 8: 996}
  pruned hist {5: 25, 6: 3680, 7: 3597, 8: 895}
  frontier written 8 pruned 8
  reasons [('rule check failed: ANDI', 3460), ('rule check failed: DN', 2276), ('rule check failed: ORI2', 2002), ('rule check failed: ORI1', 1678), ('rule check failed: NEGE', 1544), ('rule check failed: R', 1049)]
[p2/ei_depth3_f0_a2_s1 r5] targets (cumulative 160 attempts) SOLVED 517/1000 = 0.517 [0.486,0.548]
  len 7: 147/166 = 0.886 [0.828,0.925]
  len 8: 89/166 = 0.536 [0.460,0.610]
  len 9: 23/166 = 0.139 [0.094,0.199]
  len 10: 74/166 = 0.446 [0.372,0.522]
  len 11: 88/166 = 0.530 [0.454,0.605]
  len 12: 96/170 = 0.565 [0.490,0.637]
  written hist {7: 12470, 8: 1058}
  pruned hist {5: 49, 6: 7856, 7: 4705, 8: 918}
  frontier written 8 pruned 8
  reasons []
[p2/ei_depth3_f0_a2_s1 r5] transfer (this round, pass@32) SOLVED 256/500 = 0.512 [0.468,0.556]
  len 7: 68/83 = 0.819 [0.723,0.887]
  len 8: 50/83 = 0.602 [0.495,0.701]
  len 9: 8/83 = 0.096 [0.050,0.179]
  len 10: 41/83 = 0.494 [0.389,0.599]
  len 11: 43/83 = 0.518 [0.412,0.622]
  len 12: 46/85 = 0.541 [0.436,0.643]
  written hist {7: 3298, 8: 595}
  pruned hist {5: 17, 6: 1659, 7: 1636, 8: 581}
  frontier written 8 pruned 8
  reasons [('rule check failed: ANDI', 1494), ('rule check failed: ORI2', 1288), ('rule check failed: DN', 1283), ('rule check failed: ORI1', 996), ('rule check failed: NEGE', 679), ('rule check failed: R', 629)]
[p2/ei_depth3_f0_a2_s1 r5] transfer (cumulative 160 attempts) SOLVED 259/500 = 0.518 [0.474,0.561]
  len 7: 69/83 = 0.831 [0.737,0.897]
  len 8: 51/83 = 0.614 [0.507,0.712]
  len 9: 8/83 = 0.096 [0.050,0.179]
  len 10: 41/83 = 0.494 [0.389,0.599]
  len 11: 43/83 = 0.518 [0.412,0.622]
  len 12: 47/85 = 0.553 [0.447,0.654]
  written hist {7: 5823, 8: 621}
  pruned hist {5: 31, 6: 3562, 7: 2250, 8: 601}
  frontier written 8 pruned 8
  reasons []
[p2/ei_depth3_f0_a2_s1 r5] transfer greedy SOLVED 179/500 = 0.358 [0.317,0.401]
  len 7: 59/83 = 0.711 [0.606,0.797]
  len 8: 8/83 = 0.096 [0.050,0.179]
  len 9: 5/83 = 0.060 [0.026,0.133]
  len 10: 33/83 = 0.398 [0.299,0.505]
  len 11: 36/83 = 0.434 [0.332,0.541]
  len 12: 38/85 = 0.447 [0.346,0.553]
  written hist {7: 179}
  pruned hist {5: 1, 6: 97, 7: 81}
  frontier written 7 pruned 7
  reasons [('line index mismatch at position 8', 74), ('rule check failed: ORI2', 40), ('rule check failed: DN', 38), ('rule check failed: ANDI', 38), ('rule check failed: ORI1', 28), ('rule check failed: NEGE', 24)]
[p2/ei_depth3_f0_a2_s1 r5] heldout greedy SOLVED 4672/5000 = 0.934 [0.927,0.941]
  len 2: 997/1000 = 0.997 [0.991,0.999]
  len 3: 992/1000 = 0.992 [0.984,0.996]
  len 4: 978/1000 = 0.978 [0.967,0.985]
  len 5: 948/1000 = 0.948 [0.932,0.960]
  len 6: 757/1000 = 0.757 [0.729,0.783]
  written hist {2: 1019, 3: 983, 4: 971, 5: 984, 6: 689, 7: 26}
  pruned hist {2: 1020, 3: 982, 4: 975, 5: 981, 6: 688, 7: 26}
  frontier written 7 pruned 7
  reasons [('rule check failed: DN', 77), ('rule check failed: ANDI', 57), ('rule check failed: ORI2', 37), ('rule check failed: IMPI', 18), ('rule check failed: IMPE', 18), ('rule check failed: ANDE2', 17)]
python3 train.py --data artifacts/p2/ei_depth3_f0_a2_s1/mix_5.jsonl --init ckpts/p2/ei_depth3_f0_a2_s1_r4.pt --steps 600 --lr 0.0003 --min_lr 2.9999999999999997e-05 --warmup 50 --cap 0 --out ckpts/p2/ei_depth3_f0_a2_s1_r5.pt --seed 1005 --log_every 200
params 3210240 mode abs shift True
train records 27996 max len 414
step 200 loss 0.0452 lr 2.53e-04 18s
step 400 loss 0.0471 lr 1.09e-04 35s
step 600 loss 0.0427 lr 3.00e-05 52s
saved ckpts/p2/ei_depth3_f0_a2_s1_r5.pt
=== round 5 done in 240s; new proofs 4572; cum targets solved 517
[p2/ei_depth3_f0_a2_s1 r6] targets (this round, pass@32) SOLVED 593/1000 = 0.593 [0.562,0.623]
  len 7: 160/166 = 0.964 [0.923,0.983]
  len 8: 123/166 = 0.741 [0.669,0.802]
  len 9: 32/166 = 0.193 [0.140,0.259]
  len 10: 79/166 = 0.476 [0.401,0.552]
  len 11: 97/166 = 0.584 [0.508,0.657]
  len 12: 102/170 = 0.600 [0.525,0.671]
  written hist {7: 7242, 8: 1517, 9: 44}
  pruned hist {5: 39, 6: 3905, 7: 3456, 8: 1361, 9: 42}
  frontier written 9 pruned 9
  reasons [('rule check failed: ANDI', 3449), ('rule check failed: ORI2', 1960), ('rule check failed: DN', 1416), ('rule check failed: ORI1', 1357), ('rule check failed: NEGE', 1287), ('rule check failed: R', 795)]
[p2/ei_depth3_f0_a2_s1 r6] targets (cumulative 192 attempts) SOLVED 593/1000 = 0.593 [0.562,0.623]
  len 7: 160/166 = 0.964 [0.923,0.983]
  len 8: 123/166 = 0.741 [0.669,0.802]
  len 9: 32/166 = 0.193 [0.140,0.259]
  len 10: 79/166 = 0.476 [0.401,0.552]
  len 11: 97/166 = 0.584 [0.508,0.657]
  len 12: 102/170 = 0.600 [0.525,0.671]
  written hist {7: 14902, 8: 2053, 9: 44}
  pruned hist {5: 72, 6: 8751, 7: 6306, 8: 1828, 9: 42}
  frontier written 9 pruned 9
  reasons []
[p2/ei_depth3_f0_a2_s1 r6] transfer (this round, pass@32) SOLVED 284/500 = 0.568 [0.524,0.611]
  len 7: 76/83 = 0.916 [0.836,0.959]
  len 8: 61/83 = 0.735 [0.631,0.818]
  len 9: 14/83 = 0.169 [0.103,0.263]
  len 10: 41/83 = 0.494 [0.389,0.599]
  len 11: 44/83 = 0.530 [0.424,0.634]
  len 12: 48/85 = 0.565 [0.459,0.665]
  written hist {7: 3061, 8: 765, 9: 15}
  pruned hist {5: 27, 6: 1615, 7: 1478, 8: 717, 9: 4}
  frontier written 9 pruned 8
  reasons [('rule check failed: ANDI', 1562), ('rule check failed: ORI2', 1329), ('rule check failed: DN', 1058), ('rule check failed: ORI1', 887), ('rule check failed: NEGE', 706), ('rule check failed: IMPE', 537)]
[p2/ei_depth3_f0_a2_s1 r6] transfer (cumulative 192 attempts) SOLVED 291/500 = 0.582 [0.538,0.624]
  len 7: 76/83 = 0.916 [0.836,0.959]
  len 8: 63/83 = 0.759 [0.657,0.838]
  len 9: 14/83 = 0.169 [0.103,0.263]
  len 10: 43/83 = 0.518 [0.412,0.622]
  len 11: 45/83 = 0.542 [0.435,0.645]
  len 12: 50/85 = 0.588 [0.482,0.687]
  written hist {7: 6750, 8: 1123, 9: 15}
  pruned hist {5: 44, 6: 3855, 7: 2925, 8: 1060, 9: 4}
  frontier written 9 pruned 8
  reasons []
[p2/ei_depth3_f0_a2_s1 r6] transfer greedy SOLVED 242/500 = 0.484 [0.440,0.528]
  len 7: 68/83 = 0.819 [0.723,0.887]
  len 8: 49/83 = 0.590 [0.483,0.690]
  len 9: 10/83 = 0.120 [0.067,0.208]
  len 10: 33/83 = 0.398 [0.299,0.505]
  len 11: 39/83 = 0.470 [0.366,0.576]
  len 12: 43/85 = 0.506 [0.402,0.610]
  written hist {7: 193, 8: 49}
  pruned hist {5: 1, 6: 101, 7: 92, 8: 48}
  frontier written 8 pruned 8
  reasons [('rule check failed: ANDI', 50), ('rule check failed: ORI2', 45), ('rule check failed: DN', 35), ('rule check failed: ORI1', 29), ('rule check failed: NEGE', 22), ('rule check failed: IMPE', 18)]
[p2/ei_depth3_f0_a2_s1 r6] heldout greedy SOLVED 4589/5000 = 0.918 [0.910,0.925]
  len 2: 998/1000 = 0.998 [0.993,0.999]
  len 3: 992/1000 = 0.992 [0.984,0.996]
  len 4: 972/1000 = 0.972 [0.960,0.981]
  len 5: 957/1000 = 0.957 [0.943,0.968]
  len 6: 670/1000 = 0.670 [0.640,0.698]
  written hist {2: 1022, 3: 984, 4: 945, 5: 995, 6: 596, 7: 47}
  pruned hist {2: 1024, 3: 982, 4: 955, 5: 988, 6: 593, 7: 47}
  frontier written 7 pruned 7
  reasons [('rule check failed: ANDI', 94), ('rule check failed: ORI2', 89), ('rule check failed: DN', 69), ('bad box cite', 29), ('rule check failed: IMPI', 27), ('rule check failed: IMPE', 18)]
python3 train.py --data artifacts/p2/ei_depth3_f0_a2_s1/mix_6.jsonl --init ckpts/p2/ei_depth3_f0_a2_s1_r5.pt --steps 600 --lr 0.0003 --min_lr 2.9999999999999997e-05 --warmup 50 --cap 0 --out ckpts/p2/ei_depth3_f0_a2_s1_r6.pt --seed 1006 --log_every 200
params 3210240 mode abs shift True
train records 29372 max len 364
step 200 loss 0.0394 lr 2.53e-04 18s
step 400 loss 0.0408 lr 1.09e-04 37s
step 600 loss 0.0404 lr 3.00e-05 55s
saved ckpts/p2/ei_depth3_f0_a2_s1_r6.pt
=== round 6 done in 247s; new proofs 3471; cum targets solved 593
[p2/ei_depth3_f0_a2_s1 r7] targets (this round, pass@32) SOLVED 624/1000 = 0.624 [0.594,0.653]
  len 7: 160/166 = 0.964 [0.923,0.983]
  len 8: 127/166 = 0.765 [0.695,0.823]
  len 9: 42/166 = 0.253 [0.193,0.324]
  len 10: 84/166 = 0.506 [0.431,0.581]
  len 11: 105/166 = 0.633 [0.557,0.702]
  len 12: 106/170 = 0.624 [0.549,0.693]
  written hist {7: 7056, 8: 1495, 9: 126}
  pruned hist {5: 23, 6: 3962, 7: 3253, 8: 1340, 9: 99}
  frontier written 9 pruned 9
  reasons [('rule check failed: ANDI', 3187), ('rule check failed: DN', 1397), ('rule check failed: ORI2', 1377), ('rule check failed: ORI1', 1141), ('rule check failed: NEGE', 1109), ('rule check failed: R', 885)]
[p2/ei_depth3_f0_a2_s1 r7] targets (cumulative 224 attempts) SOLVED 624/1000 = 0.624 [0.594,0.653]
  len 7: 160/166 = 0.964 [0.923,0.983]
  len 8: 127/166 = 0.765 [0.695,0.823]
  len 9: 42/166 = 0.253 [0.193,0.324]
  len 10: 84/166 = 0.506 [0.431,0.581]
  len 11: 105/166 = 0.633 [0.557,0.702]
  len 12: 106/170 = 0.624 [0.549,0.693]
  written hist {7: 16120, 8: 2538, 9: 144}
  pruned hist {5: 78, 6: 9283, 7: 7054, 8: 2271, 9: 116}
  frontier written 9 pruned 9
  reasons []
[p2/ei_depth3_f0_a2_s1 r7] transfer (this round, pass@32) SOLVED 294/500 = 0.588 [0.544,0.630]
  len 7: 73/83 = 0.880 [0.792,0.933]
  len 8: 61/83 = 0.735 [0.631,0.818]
  len 9: 21/83 = 0.253 [0.172,0.356]
  len 10: 48/83 = 0.578 [0.471,0.679]
  len 11: 45/83 = 0.542 [0.435,0.645]
  len 12: 46/85 = 0.541 [0.436,0.643]
  written hist {7: 3066, 8: 717, 9: 88}
  pruned hist {5: 19, 6: 1693, 7: 1416, 8: 679, 9: 64}
  frontier written 9 pruned 9
  reasons [('rule check failed: ANDI', 1398), ('rule check failed: DN', 1223), ('rule check failed: ORI2', 924), ('rule check failed: ORI1', 721), ('rule check failed: NEGE', 588), ('rule check failed: IMPE', 531)]
[p2/ei_depth3_f0_a2_s1 r7] transfer (cumulative 224 attempts) SOLVED 309/500 = 0.618 [0.575,0.660]
  len 7: 76/83 = 0.916 [0.836,0.959]
  len 8: 63/83 = 0.759 [0.657,0.838]
  len 9: 22/83 = 0.265 [0.182,0.369]
  len 10: 49/83 = 0.590 [0.483,0.690]
  len 11: 48/83 = 0.578 [0.471,0.679]
  len 12: 51/85 = 0.600 [0.494,0.698]
  written hist {7: 7331, 8: 1331, 9: 92}
  pruned hist {5: 46, 6: 4116, 7: 3268, 8: 1259, 9: 65}
  frontier written 9 pruned 9
  reasons []
[p2/ei_depth3_f0_a2_s1 r7] transfer greedy SOLVED 256/500 = 0.512 [0.468,0.556]
  len 7: 69/83 = 0.831 [0.737,0.897]
  len 8: 56/83 = 0.675 [0.568,0.766]
  len 9: 10/83 = 0.120 [0.067,0.208]
  len 10: 36/83 = 0.434 [0.332,0.541]
  len 11: 43/83 = 0.518 [0.412,0.622]
  len 12: 42/85 = 0.494 [0.390,0.598]
  written hist {7: 194, 8: 61, 9: 1}
  pruned hist {5: 1, 6: 103, 7: 95, 8: 56, 9: 1}
  frontier written 8 pruned 8
  reasons [('rule check failed: ANDI', 40), ('rule check failed: DN', 38), ('rule check failed: ORI2', 30), ('rule check failed: ORI1', 21), ('rule check failed: NEGE', 17), ('rule check failed: IMPE', 16)]
[p2/ei_depth3_f0_a2_s1 r7] heldout greedy SOLVED 4553/5000 = 0.911 [0.902,0.918]
  len 2: 998/1000 = 0.998 [0.993,0.999]
  len 3: 994/1000 = 0.994 [0.987,0.997]
  len 4: 968/1000 = 0.968 [0.955,0.977]
  len 5: 960/1000 = 0.960 [0.946,0.970]
  len 6: 633/1000 = 0.633 [0.603,0.662]
  written hist {2: 1017, 3: 987, 4: 944, 5: 986, 6: 567, 7: 52}
  pruned hist {2: 1017, 3: 987, 4: 947, 5: 988, 6: 562, 7: 52}
  frontier written 7 pruned 7
  reasons [('rule check failed: DN', 90), ('rule check failed: ANDI', 87), ('rule check failed: ORI2', 79), ('bad box cite', 52), ('rule check failed: ANDE2', 21), ('rule check failed: IMPE', 21)]
python3 train.py --data artifacts/p2/ei_depth3_f0_a2_s1/mix_7.jsonl --init ckpts/p2/ei_depth3_f0_a2_s1_r6.pt --steps 600 --lr 0.0003 --min_lr 2.9999999999999997e-05 --warmup 50 --cap 0 --out ckpts/p2/ei_depth3_f0_a2_s1_r7.pt --seed 1007 --log_every 200
params 3210240 mode abs shift True
train records 29796 max len 530
step 200 loss 0.0425 lr 2.53e-04 20s
step 400 loss 0.0417 lr 1.09e-04 42s
step 600 loss 0.0436 lr 3.00e-05 61s
saved ckpts/p2/ei_depth3_f0_a2_s1_r7.pt
=== round 7 done in 243s; new proofs 1803; cum targets solved 624
[p2/ei_depth3_f0_a2_s1 r8] targets (this round, pass@32) SOLVED 652/1000 = 0.652 [0.622,0.681]
  len 7: 161/166 = 0.970 [0.931,0.987]
  len 8: 132/166 = 0.795 [0.727,0.850]
  len 9: 54/166 = 0.325 [0.259,0.400]
  len 10: 89/166 = 0.536 [0.460,0.610]
  len 11: 108/166 = 0.651 [0.575,0.719]
  len 12: 108/170 = 0.635 [0.561,0.704]
  written hist {7: 7370, 8: 1684, 9: 317}
  pruned hist {5: 35, 6: 4203, 7: 3335, 8: 1565, 9: 233}
  frontier written 9 pruned 9
  reasons [('rule check failed: ANDI', 3054), ('rule check failed: DN', 1462), ('rule check failed: ORI2', 1451), ('rule check failed: ORI1', 1020), ('rule check failed: NEGE', 967), ('rule check failed: IMPE', 707)]
[p2/ei_depth3_f0_a2_s1 r8] targets (cumulative 256 attempts) SOLVED 652/1000 = 0.652 [0.622,0.681]
  len 7: 161/166 = 0.970 [0.931,0.987]
  len 8: 132/166 = 0.795 [0.727,0.850]
  len 9: 54/166 = 0.325 [0.259,0.400]
  len 10: 89/166 = 0.536 [0.460,0.610]
  len 11: 108/166 = 0.651 [0.575,0.719]
  len 12: 108/170 = 0.635 [0.561,0.704]
  written hist {7: 17149, 8: 2948, 9: 376}
  pruned hist {5: 89, 6: 9808, 7: 7608, 8: 2687, 9: 281}
  frontier written 9 pruned 9
  reasons []
[p2/ei_depth3_f0_a2_s1 r8] transfer (this round, pass@32) SOLVED 314/500 = 0.628 [0.585,0.669]
  len 7: 71/83 = 0.855 [0.764,0.915]
  len 8: 65/83 = 0.783 [0.683,0.858]
  len 9: 27/83 = 0.325 [0.234,0.432]
  len 10: 48/83 = 0.578 [0.471,0.679]
  len 11: 50/83 = 0.602 [0.495,0.701]
  len 12: 53/85 = 0.624 [0.517,0.719]
  written hist {7: 3177, 8: 768, 9: 221}
  pruned hist {5: 27, 6: 1847, 7: 1395, 8: 715, 9: 182}
  frontier written 9 pruned 9
  reasons [('rule check failed: ANDI', 1550), ('rule check failed: ORI2', 1024), ('rule check failed: DN', 1016), ('rule check failed: ORI1', 760), ('rule check failed: NEGE', 569), ('rule check failed: IMPE', 514)]
[p2/ei_depth3_f0_a2_s1 r8] transfer (cumulative 256 attempts) SOLVED 331/500 = 0.662 [0.619,0.702]
  len 7: 76/83 = 0.916 [0.836,0.959]
  len 8: 69/83 = 0.831 [0.737,0.897]
  len 9: 29/83 = 0.349 [0.256,0.457]
  len 10: 49/83 = 0.590 [0.483,0.690]
  len 11: 52/83 = 0.627 [0.519,0.723]
  len 12: 56/85 = 0.659 [0.553,0.751]
  written hist {7: 7765, 8: 1524, 9: 256}
  pruned hist {5: 54, 6: 4383, 7: 3465, 8: 1442, 9: 201}
  frontier written 9 pruned 9
  reasons []
[p2/ei_depth3_f0_a2_s1 r8] transfer greedy SOLVED 274/500 = 0.548 [0.504,0.591]
  len 7: 66/83 = 0.795 [0.696,0.868]
  len 8: 57/83 = 0.687 [0.581,0.776]
  len 9: 23/83 = 0.277 [0.192,0.382]
  len 10: 42/83 = 0.506 [0.401,0.611]
  len 11: 41/83 = 0.494 [0.389,0.599]
  len 12: 45/85 = 0.529 [0.424,0.632]
  written hist {7: 198, 8: 59, 9: 17}
  pruned hist {5: 1, 6: 111, 7: 92, 8: 55, 9: 15}
  frontier written 9 pruned 9
  reasons [('rule check failed: ANDI', 50), ('rule check failed: ORI2', 34), ('rule check failed: DN', 32), ('rule check failed: ORI1', 23), ('rule check failed: NEGE', 19), ('rule check failed: IMPE', 16)]
[p2/ei_depth3_f0_a2_s1 r8] heldout greedy SOLVED 4515/5000 = 0.903 [0.894,0.911]
  len 2: 998/1000 = 0.998 [0.993,0.999]
  len 3: 995/1000 = 0.995 [0.988,0.998]
  len 4: 972/1000 = 0.972 [0.960,0.981]
  len 5: 958/1000 = 0.958 [0.944,0.969]
  len 6: 592/1000 = 0.592 [0.561,0.622]
  written hist {2: 1019, 3: 990, 4: 950, 5: 1000, 6: 521, 7: 35}
  pruned hist {2: 1019, 3: 991, 4: 955, 5: 997, 6: 518, 7: 35}
  frontier written 7 pruned 7
  reasons [('rule check failed: DN', 121), ('rule check failed: ORI2', 107), ('rule check failed: ANDI', 99), ('bad box cite', 40), ('rule check failed: ANDE2', 16), ('rule check failed: IMPI', 15)]
python3 train.py --data artifacts/p2/ei_depth3_f0_a2_s1/mix_8.jsonl --init ckpts/p2/ei_depth3_f0_a2_s1_r7.pt --steps 600 --lr 0.0003 --min_lr 2.9999999999999997e-05 --warmup 50 --cap 0 --out ckpts/p2/ei_depth3_f0_a2_s1_r8.pt --seed 1008 --log_every 200
params 3210240 mode abs shift True
train records 30340 max len 393
step 200 loss 0.0404 lr 2.53e-04 22s
step 400 loss 0.0403 lr 1.09e-04 42s
step 600 loss 0.0395 lr 3.00e-05 63s
saved ckpts/p2/ei_depth3_f0_a2_s1_r8.pt
=== round 8 done in 261s; new proofs 1671; cum targets solved 652
