[p2/frozen_depth3_f0_a2_s0 r1] targets (this round, pass@32) SOLVED 140/1000 = 0.140 [0.120,0.163]
  len 7: 4/166 = 0.024 [0.009,0.060]
  len 8: 0/166 = 0.000 [0.000,0.023]
  len 9: 2/166 = 0.012 [0.003,0.043]
  len 10: 26/166 = 0.157 [0.109,0.220]
  len 11: 46/166 = 0.277 [0.215,0.350]
  len 12: 62/170 = 0.365 [0.296,0.439]
  written hist {7: 1981}
  pruned hist {5: 7, 6: 1835, 7: 139}
  frontier written 7 pruned 7
  reasons [('bad box cite', 4106), ('rule check failed: ANDI', 3779), ('rule check failed: IMPE', 3079), ('final formula is not the conclusion', 2313), ('rule check failed: IMPI', 2248), ('rule check failed: ORI2', 1959)]
[p2/frozen_depth3_f0_a2_s0 r1] targets (cumulative 32 attempts) SOLVED 140/1000 = 0.140 [0.120,0.163]
  len 7: 4/166 = 0.024 [0.009,0.060]
  len 8: 0/166 = 0.000 [0.000,0.023]
  len 9: 2/166 = 0.012 [0.003,0.043]
  len 10: 26/166 = 0.157 [0.109,0.220]
  len 11: 46/166 = 0.277 [0.215,0.350]
  len 12: 62/170 = 0.365 [0.296,0.439]
  written hist {7: 1981}
  pruned hist {5: 7, 6: 1835, 7: 139}
  frontier written 7 pruned 7
  reasons []
[p2/frozen_depth3_f0_a2_s0 r1] transfer (this round, pass@32) SOLVED 71/500 = 0.142 [0.114,0.175]
  len 7: 1/83 = 0.012 [0.002,0.065]
  len 8: 1/83 = 0.012 [0.002,0.065]
  len 9: 0/83 = 0.000 [0.000,0.044]
  len 10: 15/83 = 0.181 [0.113,0.277]
  len 11: 19/83 = 0.229 [0.152,0.330]
  len 12: 35/85 = 0.412 [0.313,0.518]
  written hist {7: 969}
  pruned hist {5: 1, 6: 894, 7: 74}
  frontier written 7 pruned 7
  reasons [('bad box cite', 2081), ('rule check failed: IMPE', 1676), ('rule check failed: ANDI', 1492), ('final formula is not the conclusion', 1374), ('rule check failed: IMPI', 1092), ('rule check failed: DN', 1066)]
[p2/frozen_depth3_f0_a2_s0 r1] transfer (cumulative 32 attempts) SOLVED 71/500 = 0.142 [0.114,0.175]
  len 7: 1/83 = 0.012 [0.002,0.065]
  len 8: 1/83 = 0.012 [0.002,0.065]
  len 9: 0/83 = 0.000 [0.000,0.044]
  len 10: 15/83 = 0.181 [0.113,0.277]
  len 11: 19/83 = 0.229 [0.152,0.330]
  len 12: 35/85 = 0.412 [0.313,0.518]
  written hist {7: 969}
  pruned hist {5: 1, 6: 894, 7: 74}
  frontier written 7 pruned 7
  reasons []
[p2/frozen_depth3_f0_a2_s0 r1] transfer greedy SOLVED 34/500 = 0.068 [0.049,0.094]
  len 7: 0/83 = 0.000 [0.000,0.044]
  len 8: 0/83 = 0.000 [0.000,0.044]
  len 9: 0/83 = 0.000 [0.000,0.044]
  len 10: 3/83 = 0.036 [0.012,0.101]
  len 11: 10/83 = 0.120 [0.067,0.208]
  len 12: 21/85 = 0.247 [0.168,0.348]
  written hist {7: 34}
  pruned hist {6: 33, 7: 1}
  frontier written 7 pruned 6
  reasons [('bad box cite', 63), ('rule check failed: IMPE', 56), ('final formula is not the conclusion', 46), ('rule check failed: ANDI', 41), ('rule check failed: IMPI', 36), ('rule check failed: ORI2', 34)]
[p2/frozen_depth3_f0_a2_s0 r1] heldout greedy SOLVED 4470/5000 = 0.894 [0.885,0.902]
  len 2: 998/1000 = 0.998 [0.993,0.999]
  len 3: 995/1000 = 0.995 [0.988,0.998]
  len 4: 970/1000 = 0.970 [0.957,0.979]
  len 5: 955/1000 = 0.955 [0.940,0.966]
  len 6: 552/1000 = 0.552 [0.521,0.583]
  written hist {2: 1023, 3: 985, 4: 951, 5: 988, 6: 523}
  pruned hist {2: 1024, 3: 986, 4: 954, 5: 984, 6: 522}
  frontier written 6 pruned 6
  reasons [('rule check failed: DN', 70), ('bad box cite', 60), ('rule check failed: ANDI', 53), ('final formula is not the conclusion', 50), ('rule check failed: IMPE', 44), ('rule check failed: IMPI', 43)]
=== round 1 done in 210s; new proofs 1981; cum targets solved 140
[p2/frozen_depth3_f0_a2_s0 r2] targets (this round, pass@32) SOLVED 136/1000 = 0.136 [0.116,0.159]
  len 7: 3/166 = 0.018 [0.006,0.052]
  len 8: 0/166 = 0.000 [0.000,0.023]
  len 9: 2/166 = 0.012 [0.003,0.043]
  len 10: 25/166 = 0.151 [0.104,0.213]
  len 11: 43/166 = 0.259 [0.198,0.331]
  len 12: 63/170 = 0.371 [0.302,0.445]
  written hist {7: 2009}
  pruned hist {5: 5, 6: 1877, 7: 127}
  frontier written 7 pruned 7
  reasons [('bad box cite', 4013), ('rule check failed: ANDI', 3797), ('rule check failed: IMPE', 3118), ('rule check failed: IMPI', 2278), ('final formula is not the conclusion', 2257), ('rule check failed: DN', 1987)]
[p2/frozen_depth3_f0_a2_s0 r2] targets (cumulative 64 attempts) SOLVED 147/1000 = 0.147 [0.126,0.170]
  len 7: 4/166 = 0.024 [0.009,0.060]
  len 8: 0/166 = 0.000 [0.000,0.023]
  len 9: 2/166 = 0.012 [0.003,0.043]
  len 10: 28/166 = 0.169 [0.119,0.233]
  len 11: 47/166 = 0.283 [0.220,0.356]
  len 12: 66/170 = 0.388 [0.318,0.463]
  written hist {7: 3298}
  pruned hist {5: 12, 6: 3066, 7: 220}
  frontier written 7 pruned 7
  reasons []
[p2/frozen_depth3_f0_a2_s0 r2] transfer (this round, pass@32) SOLVED 73/500 = 0.146 [0.118,0.180]
  len 7: 1/83 = 0.012 [0.002,0.065]
  len 8: 0/83 = 0.000 [0.000,0.044]
  len 9: 1/83 = 0.012 [0.002,0.065]
  len 10: 15/83 = 0.181 [0.113,0.277]
  len 11: 21/83 = 0.253 [0.172,0.356]
  len 12: 35/85 = 0.412 [0.313,0.518]
  written hist {7: 963}
  pruned hist {6: 894, 7: 69}
  frontier written 7 pruned 7
  reasons [('bad box cite', 2076), ('rule check failed: IMPE', 1671), ('rule check failed: ANDI', 1485), ('final formula is not the conclusion', 1398), ('rule check failed: DN', 1073), ('rule check failed: IMPI', 1071)]
[p2/frozen_depth3_f0_a2_s0 r2] transfer (cumulative 64 attempts) SOLVED 77/500 = 0.154 [0.125,0.188]
  len 7: 1/83 = 0.012 [0.002,0.065]
  len 8: 1/83 = 0.012 [0.002,0.065]
  len 9: 1/83 = 0.012 [0.002,0.065]
  len 10: 16/83 = 0.193 [0.122,0.290]
  len 11: 21/83 = 0.253 [0.172,0.356]
  len 12: 37/85 = 0.435 [0.335,0.541]
  written hist {7: 1612}
  pruned hist {5: 1, 6: 1488, 7: 123}
  frontier written 7 pruned 7
  reasons []
[p2/frozen_depth3_f0_a2_s0 r2] transfer greedy SOLVED 34/500 = 0.068 [0.049,0.094]
  len 7: 0/83 = 0.000 [0.000,0.044]
  len 8: 0/83 = 0.000 [0.000,0.044]
  len 9: 0/83 = 0.000 [0.000,0.044]
  len 10: 3/83 = 0.036 [0.012,0.101]
  len 11: 10/83 = 0.120 [0.067,0.208]
  len 12: 21/85 = 0.247 [0.168,0.348]
  written hist {7: 34}
  pruned hist {6: 33, 7: 1}
  frontier written 7 pruned 6
  reasons [('bad box cite', 63), ('rule check failed: IMPE', 56), ('final formula is not the conclusion', 46), ('rule check failed: ANDI', 41), ('rule check failed: IMPI', 36), ('rule check failed: ORI2', 34)]
[p2/frozen_depth3_f0_a2_s0 r2] heldout greedy SOLVED 4470/5000 = 0.894 [0.885,0.902]
  len 2: 998/1000 = 0.998 [0.993,0.999]
  len 3: 995/1000 = 0.995 [0.988,0.998]
  len 4: 970/1000 = 0.970 [0.957,0.979]
  len 5: 955/1000 = 0.955 [0.940,0.966]
  len 6: 552/1000 = 0.552 [0.521,0.583]
  written hist {2: 1023, 3: 985, 4: 951, 5: 988, 6: 523}
  pruned hist {2: 1024, 3: 986, 4: 954, 5: 984, 6: 522}
  frontier written 6 pruned 6
  reasons [('rule check failed: DN', 70), ('bad box cite', 60), ('rule check failed: ANDI', 53), ('final formula is not the conclusion', 50), ('rule check failed: IMPE', 44), ('rule check failed: IMPI', 43)]
=== round 2 done in 193s; new proofs 1317; cum targets solved 147
[p2/frozen_depth3_f0_a2_s0 r3] targets (this round, pass@32) SOLVED 137/1000 = 0.137 [0.117,0.160]
  len 7: 3/166 = 0.018 [0.006,0.052]
  len 8: 0/166 = 0.000 [0.000,0.023]
  len 9: 2/166 = 0.012 [0.003,0.043]
  len 10: 28/166 = 0.169 [0.119,0.233]
  len 11: 43/166 = 0.259 [0.198,0.331]
  len 12: 61/170 = 0.359 [0.291,0.433]
  written hist {7: 1983}
  pruned hist {5: 5, 6: 1850, 7: 128}
  frontier written 7 pruned 7
  reasons [('bad box cite', 4088), ('rule check failed: ANDI', 3789), ('rule check failed: IMPE', 3081), ('final formula is not the conclusion', 2332), ('rule check failed: IMPI', 2284), ('rule check failed: DN', 1956)]
[p2/frozen_depth3_f0_a2_s0 r3] targets (cumulative 96 attempts) SOLVED 153/1000 = 0.153 [0.132,0.177]
  len 7: 4/166 = 0.024 [0.009,0.060]
  len 8: 0/166 = 0.000 [0.000,0.023]
  len 9: 2/166 = 0.012 [0.003,0.043]
  len 10: 31/166 = 0.187 [0.135,0.253]
  len 11: 48/166 = 0.289 [0.226,0.362]
  len 12: 68/170 = 0.400 [0.329,0.475]
  written hist {7: 4173}
  pruned hist {5: 17, 6: 3878, 7: 278}
  frontier written 7 pruned 7
  reasons []
[p2/frozen_depth3_f0_a2_s0 r3] transfer (this round, pass@32) SOLVED 71/500 = 0.142 [0.114,0.175]
  len 7: 0/83 = 0.000 [0.000,0.044]
  len 8: 0/83 = 0.000 [0.000,0.044]
  len 9: 0/83 = 0.000 [0.000,0.044]
  len 10: 15/83 = 0.181 [0.113,0.277]
  len 11: 21/83 = 0.253 [0.172,0.356]
  len 12: 35/85 = 0.412 [0.313,0.518]
  written hist {7: 959}
  pruned hist {5: 1, 6: 889, 7: 69}
  frontier written 7 pruned 7
  reasons [('bad box cite', 2110), ('rule check failed: IMPE', 1701), ('rule check failed: ANDI', 1462), ('final formula is not the conclusion', 1420), ('rule check failed: IMPI', 1102), ('rule check failed: DN', 1059)]
[p2/frozen_depth3_f0_a2_s0 r3] transfer (cumulative 96 attempts) SOLVED 77/500 = 0.154 [0.125,0.188]
  len 7: 1/83 = 0.012 [0.002,0.065]
  len 8: 1/83 = 0.012 [0.002,0.065]
  len 9: 1/83 = 0.012 [0.002,0.065]
  len 10: 16/83 = 0.193 [0.122,0.290]
  len 11: 21/83 = 0.253 [0.172,0.356]
  len 12: 37/85 = 0.435 [0.335,0.541]
  written hist {7: 2031}
  pruned hist {5: 2, 6: 1873, 7: 156}
  frontier written 7 pruned 7
  reasons []
[p2/frozen_depth3_f0_a2_s0 r3] transfer greedy SOLVED 34/500 = 0.068 [0.049,0.094]
  len 7: 0/83 = 0.000 [0.000,0.044]
  len 8: 0/83 = 0.000 [0.000,0.044]
  len 9: 0/83 = 0.000 [0.000,0.044]
  len 10: 3/83 = 0.036 [0.012,0.101]
  len 11: 10/83 = 0.120 [0.067,0.208]
  len 12: 21/85 = 0.247 [0.168,0.348]
  written hist {7: 34}
  pruned hist {6: 33, 7: 1}
  frontier written 7 pruned 6
  reasons [('bad box cite', 63), ('rule check failed: IMPE', 56), ('final formula is not the conclusion', 46), ('rule check failed: ANDI', 41), ('rule check failed: IMPI', 36), ('rule check failed: ORI2', 34)]
[p2/frozen_depth3_f0_a2_s0 r3] heldout greedy SOLVED 4470/5000 = 0.894 [0.885,0.902]
  len 2: 998/1000 = 0.998 [0.993,0.999]
  len 3: 995/1000 = 0.995 [0.988,0.998]
  len 4: 970/1000 = 0.970 [0.957,0.979]
  len 5: 955/1000 = 0.955 [0.940,0.966]
  len 6: 552/1000 = 0.552 [0.521,0.583]
  written hist {2: 1023, 3: 985, 4: 951, 5: 988, 6: 523}
  pruned hist {2: 1024, 3: 986, 4: 954, 5: 984, 6: 522}
  frontier written 6 pruned 6
  reasons [('rule check failed: DN', 70), ('bad box cite', 60), ('rule check failed: ANDI', 53), ('final formula is not the conclusion', 50), ('rule check failed: IMPE', 44), ('rule check failed: IMPI', 43)]
=== round 3 done in 132s; new proofs 875; cum targets solved 153
[p2/frozen_depth3_f0_a2_s0 r4] targets (this round, pass@32) SOLVED 139/1000 = 0.139 [0.119,0.162]
  len 7: 3/166 = 0.018 [0.006,0.052]
  len 8: 0/166 = 0.000 [0.000,0.023]
  len 9: 2/166 = 0.012 [0.003,0.043]
  len 10: 25/166 = 0.151 [0.104,0.213]
  len 11: 44/166 = 0.265 [0.204,0.337]
  len 12: 65/170 = 0.382 [0.313,0.457]
  written hist {7: 1982}
  pruned hist {5: 4, 6: 1846, 7: 132}
  frontier written 7 pruned 7
  reasons [('bad box cite', 4140), ('rule check failed: ANDI', 3739), ('rule check failed: IMPE', 3116), ('final formula is not the conclusion', 2327), ('rule check failed: IMPI', 2253), ('rule check failed: ORI2', 1971)]
[p2/frozen_depth3_f0_a2_s0 r4] targets (cumulative 128 attempts) SOLVED 158/1000 = 0.158 [0.137,0.182]
  len 7: 4/166 = 0.024 [0.009,0.060]
  len 8: 0/166 = 0.000 [0.000,0.023]
  len 9: 2/166 = 0.012 [0.003,0.043]
  len 10: 32/166 = 0.193 [0.140,0.259]
  len 11: 49/166 = 0.295 [0.231,0.369]
  len 12: 71/170 = 0.418 [0.346,0.493]
  written hist {7: 4775}
  pruned hist {5: 20, 6: 4441, 7: 314}
  frontier written 7 pruned 7
  reasons []
[p2/frozen_depth3_f0_a2_s0 r4] transfer (this round, pass@32) SOLVED 74/500 = 0.148 [0.120,0.182]
  len 7: 0/83 = 0.000 [0.000,0.044]
  len 8: 0/83 = 0.000 [0.000,0.044]
  len 9: 2/83 = 0.024 [0.007,0.084]
  len 10: 15/83 = 0.181 [0.113,0.277]
  len 11: 21/83 = 0.253 [0.172,0.356]
  len 12: 36/85 = 0.424 [0.324,0.530]
  written hist {7: 984}
  pruned hist {6: 902, 7: 82}
  frontier written 7 pruned 7
  reasons [('bad box cite', 2027), ('rule check failed: IMPE', 1686), ('rule check failed: ANDI', 1475), ('final formula is not the conclusion', 1384), ('rule check failed: IMPI', 1125), ('rule check failed: DN', 1092)]
[p2/frozen_depth3_f0_a2_s0 r4] transfer (cumulative 128 attempts) SOLVED 80/500 = 0.160 [0.130,0.195]
  len 7: 1/83 = 0.012 [0.002,0.065]
  len 8: 1/83 = 0.012 [0.002,0.065]
  len 9: 2/83 = 0.024 [0.007,0.084]
  len 10: 16/83 = 0.193 [0.122,0.290]
  len 11: 23/83 = 0.277 [0.192,0.382]
  len 12: 37/85 = 0.435 [0.335,0.541]
  written hist {7: 2328}
  pruned hist {5: 2, 6: 2135, 7: 191}
  frontier written 7 pruned 7
  reasons []
[p2/frozen_depth3_f0_a2_s0 r4] transfer greedy SOLVED 34/500 = 0.068 [0.049,0.094]
  len 7: 0/83 = 0.000 [0.000,0.044]
  len 8: 0/83 = 0.000 [0.000,0.044]
  len 9: 0/83 = 0.000 [0.000,0.044]
  len 10: 3/83 = 0.036 [0.012,0.101]
  len 11: 10/83 = 0.120 [0.067,0.208]
  len 12: 21/85 = 0.247 [0.168,0.348]
  written hist {7: 34}
  pruned hist {6: 33, 7: 1}
  frontier written 7 pruned 6
  reasons [('bad box cite', 63), ('rule check failed: IMPE', 56), ('final formula is not the conclusion', 46), ('rule check failed: ANDI', 41), ('rule check failed: IMPI', 36), ('rule check failed: ORI2', 34)]
[p2/frozen_depth3_f0_a2_s0 r4] heldout greedy SOLVED 4470/5000 = 0.894 [0.885,0.902]
  len 2: 998/1000 = 0.998 [0.993,0.999]
  len 3: 995/1000 = 0.995 [0.988,0.998]
  len 4: 970/1000 = 0.970 [0.957,0.979]
  len 5: 955/1000 = 0.955 [0.940,0.966]
  len 6: 552/1000 = 0.552 [0.521,0.583]
  written hist {2: 1023, 3: 985, 4: 951, 5: 988, 6: 523}
  pruned hist {2: 1024, 3: 986, 4: 954, 5: 984, 6: 522}
  frontier written 6 pruned 6
  reasons [('rule check failed: DN', 70), ('bad box cite', 60), ('rule check failed: ANDI', 53), ('final formula is not the conclusion', 50), ('rule check failed: IMPE', 44), ('rule check failed: IMPI', 43)]
=== round 4 done in 124s; new proofs 602; cum targets solved 158
[p2/frozen_depth3_f0_a2_s0 r5] targets (this round, pass@32) SOLVED 137/1000 = 0.137 [0.117,0.160]
  len 7: 4/166 = 0.024 [0.009,0.060]
  len 8: 0/166 = 0.000 [0.000,0.023]
  len 9: 2/166 = 0.012 [0.003,0.043]
  len 10: 28/166 = 0.169 [0.119,0.233]
  len 11: 43/166 = 0.259 [0.198,0.331]
  len 12: 60/170 = 0.353 [0.285,0.427]
  written hist {7: 1944}
  pruned hist {5: 3, 6: 1815, 7: 126}
  frontier written 7 pruned 7
  reasons [('bad box cite', 4048), ('rule check failed: ANDI', 3800), ('rule check failed: IMPE', 3094), ('final formula is not the conclusion', 2341), ('rule check failed: IMPI', 2291), ('rule check failed: DN', 1976)]
[p2/frozen_depth3_f0_a2_s0 r5] targets (cumulative 160 attempts) SOLVED 160/1000 = 0.160 [0.139,0.184]
  len 7: 4/166 = 0.024 [0.009,0.060]
  len 8: 0/166 = 0.000 [0.000,0.023]
  len 9: 2/166 = 0.012 [0.003,0.043]
  len 10: 34/166 = 0.205 [0.150,0.273]
  len 11: 49/166 = 0.295 [0.231,0.369]
  len 12: 71/170 = 0.418 [0.346,0.493]
  written hist {7: 5225}
  pruned hist {5: 22, 6: 4853, 7: 350}
  frontier written 7 pruned 7
  reasons []
[p2/frozen_depth3_f0_a2_s0 r5] transfer (this round, pass@32) SOLVED 68/500 = 0.136 [0.109,0.169]
  len 7: 1/83 = 0.012 [0.002,0.065]
  len 8: 0/83 = 0.000 [0.000,0.044]
  len 9: 1/83 = 0.012 [0.002,0.065]
  len 10: 14/83 = 0.169 [0.103,0.263]
  len 11: 18/83 = 0.217 [0.142,0.317]
  len 12: 34/85 = 0.400 [0.302,0.506]
  written hist {7: 973}
  pruned hist {6: 895, 7: 78}
  frontier written 7 pruned 7
  reasons [('bad box cite', 2035), ('rule check failed: IMPE', 1644), ('rule check failed: ANDI', 1505), ('final formula is not the conclusion', 1407), ('rule check failed: ORI2', 1087), ('rule check failed: IMPI', 1080)]
[p2/frozen_depth3_f0_a2_s0 r5] transfer (cumulative 160 attempts) SOLVED 81/500 = 0.162 [0.132,0.197]
  len 7: 2/83 = 0.024 [0.007,0.084]
  len 8: 1/83 = 0.012 [0.002,0.065]
  len 9: 2/83 = 0.024 [0.007,0.084]
  len 10: 16/83 = 0.193 [0.122,0.290]
  len 11: 23/83 = 0.277 [0.192,0.382]
  len 12: 37/85 = 0.435 [0.335,0.541]
  written hist {7: 2529}
  pruned hist {5: 2, 6: 2318, 7: 209}
  frontier written 7 pruned 7
  reasons []
[p2/frozen_depth3_f0_a2_s0 r5] transfer greedy SOLVED 34/500 = 0.068 [0.049,0.094]
  len 7: 0/83 = 0.000 [0.000,0.044]
  len 8: 0/83 = 0.000 [0.000,0.044]
  len 9: 0/83 = 0.000 [0.000,0.044]
  len 10: 3/83 = 0.036 [0.012,0.101]
  len 11: 10/83 = 0.120 [0.067,0.208]
  len 12: 21/85 = 0.247 [0.168,0.348]
  written hist {7: 34}
  pruned hist {6: 33, 7: 1}
  frontier written 7 pruned 6
  reasons [('bad box cite', 63), ('rule check failed: IMPE', 56), ('final formula is not the conclusion', 46), ('rule check failed: ANDI', 41), ('rule check failed: IMPI', 36), ('rule check failed: ORI2', 34)]
[p2/frozen_depth3_f0_a2_s0 r5] heldout greedy SOLVED 4470/5000 = 0.894 [0.885,0.902]
  len 2: 998/1000 = 0.998 [0.993,0.999]
  len 3: 995/1000 = 0.995 [0.988,0.998]
  len 4: 970/1000 = 0.970 [0.957,0.979]
  len 5: 955/1000 = 0.955 [0.940,0.966]
  len 6: 552/1000 = 0.552 [0.521,0.583]
  written hist {2: 1023, 3: 985, 4: 951, 5: 988, 6: 523}
  pruned hist {2: 1024, 3: 986, 4: 954, 5: 984, 6: 522}
  frontier written 6 pruned 6
  reasons [('rule check failed: DN', 70), ('bad box cite', 60), ('rule check failed: ANDI', 53), ('final formula is not the conclusion', 50), ('rule check failed: IMPE', 44), ('rule check failed: IMPI', 43)]
=== round 5 done in 123s; new proofs 450; cum targets solved 160
[p2/frozen_depth3_f0_a2_s0 r6] targets (this round, pass@32) SOLVED 139/1000 = 0.139 [0.119,0.162]
  len 7: 3/166 = 0.018 [0.006,0.052]
  len 8: 0/166 = 0.000 [0.000,0.023]
  len 9: 2/166 = 0.012 [0.003,0.043]
  len 10: 27/166 = 0.163 [0.114,0.226]
  len 11: 42/166 = 0.253 [0.193,0.324]
  len 12: 65/170 = 0.382 [0.313,0.457]
  written hist {7: 1943}
  pruned hist {5: 5, 6: 1812, 7: 126}
  frontier written 7 pruned 7
  reasons [('bad box cite', 4074), ('rule check failed: ANDI', 3756), ('rule check failed: IMPE', 3058), ('final formula is not the conclusion', 2307), ('rule check failed: IMPI', 2274), ('rule check failed: ORI2', 1979)]
[p2/frozen_depth3_f0_a2_s0 r6] targets (cumulative 192 attempts) SOLVED 161/1000 = 0.161 [0.140,0.185]
  len 7: 4/166 = 0.024 [0.009,0.060]
  len 8: 0/166 = 0.000 [0.000,0.023]
  len 9: 2/166 = 0.012 [0.003,0.043]
  len 10: 35/166 = 0.211 [0.156,0.279]
  len 11: 49/166 = 0.295 [0.231,0.369]
  len 12: 71/170 = 0.418 [0.346,0.493]
  written hist {7: 5547}
  pruned hist {5: 26, 6: 5151, 7: 370}
  frontier written 7 pruned 7
  reasons []
[p2/frozen_depth3_f0_a2_s0 r6] transfer (this round, pass@32) SOLVED 75/500 = 0.150 [0.121,0.184]
  len 7: 0/83 = 0.000 [0.000,0.044]
  len 8: 1/83 = 0.012 [0.002,0.065]
  len 9: 0/83 = 0.000 [0.000,0.044]
  len 10: 14/83 = 0.169 [0.103,0.263]
  len 11: 24/83 = 0.289 [0.203,0.394]
  len 12: 36/85 = 0.424 [0.324,0.530]
  written hist {7: 966, 8: 1}
  pruned hist {5: 2, 6: 888, 7: 77}
  frontier written 7 pruned 7
  reasons [('bad box cite', 2086), ('rule check failed: IMPE', 1694), ('rule check failed: ANDI', 1491), ('final formula is not the conclusion', 1413), ('rule check failed: IMPI', 1088), ('rule check failed: DN', 1077)]
[p2/frozen_depth3_f0_a2_s0 r6] transfer (cumulative 192 attempts) SOLVED 84/500 = 0.168 [0.138,0.203]
  len 7: 2/83 = 0.024 [0.007,0.084]
  len 8: 1/83 = 0.012 [0.002,0.065]
  len 9: 2/83 = 0.024 [0.007,0.084]
  len 10: 17/83 = 0.205 [0.132,0.304]
  len 11: 25/83 = 0.301 [0.213,0.407]
  len 12: 37/85 = 0.435 [0.335,0.541]
  written hist {7: 2694, 8: 1}
  pruned hist {5: 3, 6: 2465, 7: 227}
  frontier written 7 pruned 7
  reasons []
[p2/frozen_depth3_f0_a2_s0 r6] transfer greedy SOLVED 34/500 = 0.068 [0.049,0.094]
  len 7: 0/83 = 0.000 [0.000,0.044]
  len 8: 0/83 = 0.000 [0.000,0.044]
  len 9: 0/83 = 0.000 [0.000,0.044]
  len 10: 3/83 = 0.036 [0.012,0.101]
  len 11: 10/83 = 0.120 [0.067,0.208]
  len 12: 21/85 = 0.247 [0.168,0.348]
  written hist {7: 34}
  pruned hist {6: 33, 7: 1}
  frontier written 7 pruned 6
  reasons [('bad box cite', 63), ('rule check failed: IMPE', 56), ('final formula is not the conclusion', 46), ('rule check failed: ANDI', 41), ('rule check failed: IMPI', 36), ('rule check failed: ORI2', 34)]
[p2/frozen_depth3_f0_a2_s0 r6] heldout greedy SOLVED 4470/5000 = 0.894 [0.885,0.902]
  len 2: 998/1000 = 0.998 [0.993,0.999]
  len 3: 995/1000 = 0.995 [0.988,0.998]
  len 4: 970/1000 = 0.970 [0.957,0.979]
  len 5: 955/1000 = 0.955 [0.940,0.966]
  len 6: 552/1000 = 0.552 [0.521,0.583]
  written hist {2: 1023, 3: 985, 4: 951, 5: 988, 6: 523}
  pruned hist {2: 1024, 3: 986, 4: 954, 5: 984, 6: 522}
  frontier written 6 pruned 6
  reasons [('rule check failed: DN', 70), ('bad box cite', 60), ('rule check failed: ANDI', 53), ('final formula is not the conclusion', 50), ('rule check failed: IMPE', 44), ('rule check failed: IMPI', 43)]
=== round 6 done in 124s; new proofs 322; cum targets solved 161
[p2/frozen_depth3_f0_a2_s0 r7] targets (this round, pass@32) SOLVED 138/1000 = 0.138 [0.118,0.161]
  len 7: 3/166 = 0.018 [0.006,0.052]
  len 8: 0/166 = 0.000 [0.000,0.023]
  len 9: 2/166 = 0.012 [0.003,0.043]
  len 10: 27/166 = 0.163 [0.114,0.226]
  len 11: 43/166 = 0.259 [0.198,0.331]
  len 12: 63/170 = 0.371 [0.302,0.445]
  written hist {7: 1970}
  pruned hist {5: 5, 6: 1858, 7: 107}
  frontier written 7 pruned 7
  reasons [('bad box cite', 4061), ('rule check failed: ANDI', 3715), ('rule check failed: IMPE', 3113), ('final formula is not the conclusion', 2337), ('rule check failed: IMPI', 2309), ('rule check failed: ORI2', 1974)]
[p2/frozen_depth3_f0_a2_s0 r7] targets (cumulative 224 attempts) SOLVED 162/1000 = 0.162 [0.140,0.186]
  len 7: 4/166 = 0.024 [0.009,0.060]
  len 8: 0/166 = 0.000 [0.000,0.023]
  len 9: 2/166 = 0.012 [0.003,0.043]
  len 10: 36/166 = 0.217 [0.161,0.286]
  len 11: 49/166 = 0.295 [0.231,0.369]
  len 12: 71/170 = 0.418 [0.346,0.493]
  written hist {7: 5791}
  pruned hist {5: 30, 6: 5372, 7: 389}
  frontier written 7 pruned 7
  reasons []
[p2/frozen_depth3_f0_a2_s0 r7] transfer (this round, pass@32) SOLVED 69/500 = 0.138 [0.111,0.171]
  len 7: 0/83 = 0.000 [0.000,0.044]
  len 8: 1/83 = 0.012 [0.002,0.065]
  len 9: 0/83 = 0.000 [0.000,0.044]
  len 10: 14/83 = 0.169 [0.103,0.263]
  len 11: 20/83 = 0.241 [0.162,0.343]
  len 12: 34/85 = 0.400 [0.302,0.506]
  written hist {7: 975}
  pruned hist {6: 909, 7: 66}
  frontier written 7 pruned 7
  reasons [('bad box cite', 2055), ('rule check failed: IMPE', 1671), ('rule check failed: ANDI', 1471), ('final formula is not the conclusion', 1380), ('rule check failed: ORI2', 1085), ('rule check failed: DN', 1073)]
[p2/frozen_depth3_f0_a2_s0 r7] transfer (cumulative 224 attempts) SOLVED 85/500 = 0.170 [0.140,0.205]
  len 7: 2/83 = 0.024 [0.007,0.084]
  len 8: 2/83 = 0.024 [0.007,0.084]
  len 9: 2/83 = 0.024 [0.007,0.084]
  len 10: 17/83 = 0.205 [0.132,0.304]
  len 11: 25/83 = 0.301 [0.213,0.407]
  len 12: 37/85 = 0.435 [0.335,0.541]
  written hist {7: 2811, 8: 1}
  pruned hist {5: 3, 6: 2570, 7: 239}
  frontier written 7 pruned 7
  reasons []
[p2/frozen_depth3_f0_a2_s0 r7] transfer greedy SOLVED 34/500 = 0.068 [0.049,0.094]
  len 7: 0/83 = 0.000 [0.000,0.044]
  len 8: 0/83 = 0.000 [0.000,0.044]
  len 9: 0/83 = 0.000 [0.000,0.044]
  len 10: 3/83 = 0.036 [0.012,0.101]
  len 11: 10/83 = 0.120 [0.067,0.208]
  len 12: 21/85 = 0.247 [0.168,0.348]
  written hist {7: 34}
  pruned hist {6: 33, 7: 1}
  frontier written 7 pruned 6
  reasons [('bad box cite', 63), ('rule check failed: IMPE', 56), ('final formula is not the conclusion', 46), ('rule check failed: ANDI', 41), ('rule check failed: IMPI', 36), ('rule check failed: ORI2', 34)]
[p2/frozen_depth3_f0_a2_s0 r7] heldout greedy SOLVED 4470/5000 = 0.894 [0.885,0.902]
  len 2: 998/1000 = 0.998 [0.993,0.999]
  len 3: 995/1000 = 0.995 [0.988,0.998]
  len 4: 970/1000 = 0.970 [0.957,0.979]
  len 5: 955/1000 = 0.955 [0.940,0.966]
  len 6: 552/1000 = 0.552 [0.521,0.583]
  written hist {2: 1023, 3: 985, 4: 951, 5: 988, 6: 523}
  pruned hist {2: 1024, 3: 986, 4: 954, 5: 984, 6: 522}
  frontier written 6 pruned 6
  reasons [('rule check failed: DN', 70), ('bad box cite', 60), ('rule check failed: ANDI', 53), ('final formula is not the conclusion', 50), ('rule check failed: IMPE', 44), ('rule check failed: IMPI', 43)]
=== round 7 done in 121s; new proofs 244; cum targets solved 162
[p2/frozen_depth3_f0_a2_s0 r8] targets (this round, pass@32) SOLVED 137/1000 = 0.137 [0.117,0.160]
  len 7: 2/166 = 0.012 [0.003,0.043]
  len 8: 0/166 = 0.000 [0.000,0.023]
  len 9: 4/166 = 0.024 [0.009,0.060]
  len 10: 25/166 = 0.151 [0.104,0.213]
  len 11: 46/166 = 0.277 [0.215,0.350]
  len 12: 60/170 = 0.353 [0.285,0.427]
  written hist {7: 2013}
  pruned hist {5: 5, 6: 1873, 7: 135}
  frontier written 7 pruned 7
  reasons [('bad box cite', 4122), ('rule check failed: ANDI', 3714), ('rule check failed: IMPE', 3040), ('final formula is not the conclusion', 2396), ('rule check failed: IMPI', 2250), ('rule check failed: ORI2', 1991)]
[p2/frozen_depth3_f0_a2_s0 r8] targets (cumulative 256 attempts) SOLVED 166/1000 = 0.166 [0.144,0.190]
  len 7: 4/166 = 0.024 [0.009,0.060]
  len 8: 0/166 = 0.000 [0.000,0.023]
  len 9: 4/166 = 0.024 [0.009,0.060]
  len 10: 36/166 = 0.217 [0.161,0.286]
  len 11: 50/166 = 0.301 [0.237,0.375]
  len 12: 72/170 = 0.424 [0.352,0.499]
  written hist {7: 5995}
  pruned hist {5: 34, 6: 5552, 7: 409}
  frontier written 7 pruned 7
  reasons []
[p2/frozen_depth3_f0_a2_s0 r8] transfer (this round, pass@32) SOLVED 71/500 = 0.142 [0.114,0.175]
  len 7: 0/83 = 0.000 [0.000,0.044]
  len 8: 0/83 = 0.000 [0.000,0.044]
  len 9: 0/83 = 0.000 [0.000,0.044]
  len 10: 14/83 = 0.169 [0.103,0.263]
  len 11: 22/83 = 0.265 [0.182,0.369]
  len 12: 35/85 = 0.412 [0.313,0.518]
  written hist {7: 975}
  pruned hist {5: 1, 6: 894, 7: 80}
  frontier written 7 pruned 7
  reasons [('bad box cite', 2019), ('rule check failed: IMPE', 1694), ('rule check failed: ANDI', 1479), ('final formula is not the conclusion', 1393), ('rule check failed: IMPI', 1129), ('rule check failed: DN', 1085)]
[p2/frozen_depth3_f0_a2_s0 r8] transfer (cumulative 256 attempts) SOLVED 86/500 = 0.172 [0.141,0.208]
  len 7: 2/83 = 0.024 [0.007,0.084]
  len 8: 2/83 = 0.024 [0.007,0.084]
  len 9: 2/83 = 0.024 [0.007,0.084]
  len 10: 18/83 = 0.217 [0.142,0.317]
  len 11: 25/83 = 0.301 [0.213,0.407]
  len 12: 37/85 = 0.435 [0.335,0.541]
  written hist {7: 2893, 8: 1}
  pruned hist {5: 4, 6: 2644, 7: 246}
  frontier written 7 pruned 7
  reasons []
[p2/frozen_depth3_f0_a2_s0 r8] transfer greedy SOLVED 34/500 = 0.068 [0.049,0.094]
  len 7: 0/83 = 0.000 [0.000,0.044]
  len 8: 0/83 = 0.000 [0.000,0.044]
  len 9: 0/83 = 0.000 [0.000,0.044]
  len 10: 3/83 = 0.036 [0.012,0.101]
  len 11: 10/83 = 0.120 [0.067,0.208]
  len 12: 21/85 = 0.247 [0.168,0.348]
  written hist {7: 34}
  pruned hist {6: 33, 7: 1}
  frontier written 7 pruned 6
  reasons [('bad box cite', 63), ('rule check failed: IMPE', 56), ('final formula is not the conclusion', 46), ('rule check failed: ANDI', 41), ('rule check failed: IMPI', 36), ('rule check failed: ORI2', 34)]
[p2/frozen_depth3_f0_a2_s0 r8] heldout greedy SOLVED 4470/5000 = 0.894 [0.885,0.902]
  len 2: 998/1000 = 0.998 [0.993,0.999]
  len 3: 995/1000 = 0.995 [0.988,0.998]
  len 4: 970/1000 = 0.970 [0.957,0.979]
  len 5: 955/1000 = 0.955 [0.940,0.966]
  len 6: 552/1000 = 0.552 [0.521,0.583]
  written hist {2: 1023, 3: 985, 4: 951, 5: 988, 6: 523}
  pruned hist {2: 1024, 3: 986, 4: 954, 5: 984, 6: 522}
  frontier written 6 pruned 6
  reasons [('rule check failed: DN', 70), ('bad box cite', 60), ('rule check failed: ANDI', 53), ('final formula is not the conclusion', 50), ('rule check failed: IMPE', 44), ('rule check failed: IMPI', 43)]
=== round 8 done in 122s; new proofs 204; cum targets solved 166
