[p2/frozen_depth3_f0_a2_s1 r1] targets (this round, pass@32) SOLVED 120/1000 = 0.120 [0.101,0.142]
  len 7: 2/166 = 0.012 [0.003,0.043]
  len 8: 0/166 = 0.000 [0.000,0.023]
  len 9: 2/166 = 0.012 [0.003,0.043]
  len 10: 26/166 = 0.157 [0.109,0.220]
  len 11: 37/166 = 0.223 [0.166,0.292]
  len 12: 53/170 = 0.312 [0.247,0.385]
  written hist {7: 1578}
  pruned hist {5: 2, 6: 1490, 7: 86}
  frontier written 7 pruned 7
  reasons [('rule check failed: ORI2', 3985), ('rule check failed: ANDI', 3974), ('rule check failed: ORI1', 3478), ('rule check failed: IMPE', 3026), ('rule check failed: DN', 2760), ('rule check failed: IMPI', 2720)]
[p2/frozen_depth3_f0_a2_s1 r1] targets (cumulative 32 attempts) SOLVED 120/1000 = 0.120 [0.101,0.142]
  len 7: 2/166 = 0.012 [0.003,0.043]
  len 8: 0/166 = 0.000 [0.000,0.023]
  len 9: 2/166 = 0.012 [0.003,0.043]
  len 10: 26/166 = 0.157 [0.109,0.220]
  len 11: 37/166 = 0.223 [0.166,0.292]
  len 12: 53/170 = 0.312 [0.247,0.385]
  written hist {7: 1578}
  pruned hist {5: 2, 6: 1490, 7: 86}
  frontier written 7 pruned 7
  reasons []
[p2/frozen_depth3_f0_a2_s1 r1] transfer (this round, pass@32) SOLVED 57/500 = 0.114 [0.089,0.145]
  len 7: 0/83 = 0.000 [0.000,0.044]
  len 8: 0/83 = 0.000 [0.000,0.044]
  len 9: 1/83 = 0.012 [0.002,0.065]
  len 10: 12/83 = 0.145 [0.085,0.236]
  len 11: 14/83 = 0.169 [0.103,0.263]
  len 12: 30/85 = 0.353 [0.260,0.459]
  written hist {7: 741}
  pruned hist {6: 677, 7: 64}
  frontier written 7 pruned 7
  reasons [('rule check failed: ORI2', 2279), ('rule check failed: ORI1', 2161), ('rule check failed: IMPE', 1545), ('rule check failed: DN', 1481), ('rule check failed: ANDI', 1447), ('bad box cite', 1034)]
[p2/frozen_depth3_f0_a2_s1 r1] transfer (cumulative 32 attempts) SOLVED 57/500 = 0.114 [0.089,0.145]
  len 7: 0/83 = 0.000 [0.000,0.044]
  len 8: 0/83 = 0.000 [0.000,0.044]
  len 9: 1/83 = 0.012 [0.002,0.065]
  len 10: 12/83 = 0.145 [0.085,0.236]
  len 11: 14/83 = 0.169 [0.103,0.263]
  len 12: 30/85 = 0.353 [0.260,0.459]
  written hist {7: 741}
  pruned hist {6: 677, 7: 64}
  frontier written 7 pruned 7
  reasons []
[p2/frozen_depth3_f0_a2_s1 r1] transfer greedy SOLVED 30/500 = 0.060 [0.042,0.084]
  len 7: 0/83 = 0.000 [0.000,0.044]
  len 8: 0/83 = 0.000 [0.000,0.044]
  len 9: 1/83 = 0.012 [0.002,0.065]
  len 10: 3/83 = 0.036 [0.012,0.101]
  len 11: 7/83 = 0.084 [0.041,0.164]
  len 12: 19/85 = 0.224 [0.148,0.323]
  written hist {7: 30}
  pruned hist {6: 27, 7: 3}
  frontier written 7 pruned 6
  reasons [('rule check failed: ORI2', 77), ('rule check failed: ORI1', 71), ('rule check failed: ANDI', 53), ('rule check failed: DN', 51), ('rule check failed: IMPE', 45), ('bad box cite', 32)]
[p2/frozen_depth3_f0_a2_s1 r1] heldout greedy SOLVED 4399/5000 = 0.880 [0.870,0.889]
  len 2: 999/1000 = 0.999 [0.994,1.000]
  len 3: 997/1000 = 0.997 [0.991,0.999]
  len 4: 968/1000 = 0.968 [0.955,0.977]
  len 5: 955/1000 = 0.955 [0.940,0.966]
  len 6: 480/1000 = 0.480 [0.449,0.511]
  written hist {2: 1027, 3: 988, 4: 937, 5: 997, 6: 450}
  pruned hist {2: 1028, 3: 987, 4: 941, 5: 995, 6: 448}
  frontier written 6 pruned 6
  reasons [('rule check failed: DN', 130), ('rule check failed: ORI2', 106), ('bad box cite', 77), ('rule check failed: ANDI', 66), ('rule check failed: ANDE2', 37), ('rule check failed: ORI1', 31)]
=== round 1 done in 141s; new proofs 1578; cum targets solved 120
[p2/frozen_depth3_f0_a2_s1 r2] targets (this round, pass@32) SOLVED 121/1000 = 0.121 [0.102,0.143]
  len 7: 2/166 = 0.012 [0.003,0.043]
  len 8: 0/166 = 0.000 [0.000,0.023]
  len 9: 4/166 = 0.024 [0.009,0.060]
  len 10: 24/166 = 0.145 [0.099,0.206]
  len 11: 35/166 = 0.211 [0.156,0.279]
  len 12: 56/170 = 0.329 [0.263,0.403]
  written hist {7: 1597}
  pruned hist {6: 1504, 7: 93}
  frontier written 7 pruned 7
  reasons [('rule check failed: ORI2', 3941), ('rule check failed: ANDI', 3857), ('rule check failed: ORI1', 3492), ('rule check failed: IMPE', 3029), ('rule check failed: DN', 2736), ('rule check failed: IMPI', 2728)]
[p2/frozen_depth3_f0_a2_s1 r2] targets (cumulative 64 attempts) SOLVED 130/1000 = 0.130 [0.111,0.152]
  len 7: 2/166 = 0.012 [0.003,0.043]
  len 8: 0/166 = 0.000 [0.000,0.023]
  len 9: 4/166 = 0.024 [0.009,0.060]
  len 10: 29/166 = 0.175 [0.124,0.240]
  len 11: 37/166 = 0.223 [0.166,0.292]
  len 12: 58/170 = 0.341 [0.274,0.415]
  written hist {7: 2635}
  pruned hist {5: 2, 6: 2481, 7: 152}
  frontier written 7 pruned 7
  reasons []
[p2/frozen_depth3_f0_a2_s1 r2] transfer (this round, pass@32) SOLVED 60/500 = 0.120 [0.094,0.151]
  len 7: 0/83 = 0.000 [0.000,0.044]
  len 8: 0/83 = 0.000 [0.000,0.044]
  len 9: 1/83 = 0.012 [0.002,0.065]
  len 10: 11/83 = 0.133 [0.076,0.222]
  len 11: 16/83 = 0.193 [0.122,0.290]
  len 12: 32/85 = 0.376 [0.281,0.483]
  written hist {7: 695}
  pruned hist {6: 628, 7: 67}
  frontier written 7 pruned 7
  reasons [('rule check failed: ORI2', 2321), ('rule check failed: ORI1', 2156), ('rule check failed: IMPE', 1505), ('rule check failed: DN', 1499), ('rule check failed: ANDI', 1376), ('bad box cite', 1031)]
[p2/frozen_depth3_f0_a2_s1 r2] transfer (cumulative 64 attempts) SOLVED 61/500 = 0.122 [0.096,0.154]
  len 7: 0/83 = 0.000 [0.000,0.044]
  len 8: 0/83 = 0.000 [0.000,0.044]
  len 9: 1/83 = 0.012 [0.002,0.065]
  len 10: 12/83 = 0.145 [0.085,0.236]
  len 11: 16/83 = 0.193 [0.122,0.290]
  len 12: 32/85 = 0.376 [0.281,0.483]
  written hist {7: 1196}
  pruned hist {6: 1088, 7: 108}
  frontier written 7 pruned 7
  reasons []
[p2/frozen_depth3_f0_a2_s1 r2] transfer greedy SOLVED 30/500 = 0.060 [0.042,0.084]
  len 7: 0/83 = 0.000 [0.000,0.044]
  len 8: 0/83 = 0.000 [0.000,0.044]
  len 9: 1/83 = 0.012 [0.002,0.065]
  len 10: 3/83 = 0.036 [0.012,0.101]
  len 11: 7/83 = 0.084 [0.041,0.164]
  len 12: 19/85 = 0.224 [0.148,0.323]
  written hist {7: 30}
  pruned hist {6: 27, 7: 3}
  frontier written 7 pruned 6
  reasons [('rule check failed: ORI2', 77), ('rule check failed: ORI1', 71), ('rule check failed: ANDI', 53), ('rule check failed: DN', 51), ('rule check failed: IMPE', 45), ('bad box cite', 32)]
[p2/frozen_depth3_f0_a2_s1 r2] heldout greedy SOLVED 4399/5000 = 0.880 [0.870,0.889]
  len 2: 999/1000 = 0.999 [0.994,1.000]
  len 3: 997/1000 = 0.997 [0.991,0.999]
  len 4: 968/1000 = 0.968 [0.955,0.977]
  len 5: 955/1000 = 0.955 [0.940,0.966]
  len 6: 480/1000 = 0.480 [0.449,0.511]
  written hist {2: 1027, 3: 988, 4: 937, 5: 997, 6: 450}
  pruned hist {2: 1028, 3: 987, 4: 941, 5: 995, 6: 448}
  frontier written 6 pruned 6
  reasons [('rule check failed: DN', 130), ('rule check failed: ORI2', 106), ('bad box cite', 77), ('rule check failed: ANDI', 66), ('rule check failed: ANDE2', 37), ('rule check failed: ORI1', 31)]
=== round 2 done in 128s; new proofs 1057; cum targets solved 130
[p2/frozen_depth3_f0_a2_s1 r3] targets (this round, pass@32) SOLVED 120/1000 = 0.120 [0.101,0.142]
  len 7: 2/166 = 0.012 [0.003,0.043]
  len 8: 0/166 = 0.000 [0.000,0.023]
  len 9: 3/166 = 0.018 [0.006,0.052]
  len 10: 22/166 = 0.133 [0.089,0.193]
  len 11: 38/166 = 0.229 [0.172,0.299]
  len 12: 55/170 = 0.324 [0.258,0.397]
  written hist {7: 1596}
  pruned hist {5: 1, 6: 1507, 7: 88}
  frontier written 7 pruned 7
  reasons [('rule check failed: ORI2', 3921), ('rule check failed: ANDI', 3907), ('rule check failed: ORI1', 3454), ('rule check failed: IMPE', 3043), ('rule check failed: DN', 2770), ('rule check failed: IMPI', 2756)]
[p2/frozen_depth3_f0_a2_s1 r3] targets (cumulative 96 attempts) SOLVED 132/1000 = 0.132 [0.112,0.154]
  len 7: 2/166 = 0.012 [0.003,0.043]
  len 8: 0/166 = 0.000 [0.000,0.023]
  len 9: 4/166 = 0.024 [0.009,0.060]
  len 10: 30/166 = 0.181 [0.130,0.246]
  len 11: 38/166 = 0.229 [0.172,0.299]
  len 12: 58/170 = 0.341 [0.274,0.415]
  written hist {7: 3331}
  pruned hist {5: 3, 6: 3131, 7: 197}
  frontier written 7 pruned 7
  reasons []
[p2/frozen_depth3_f0_a2_s1 r3] transfer (this round, pass@32) SOLVED 63/500 = 0.126 [0.100,0.158]
  len 7: 0/83 = 0.000 [0.000,0.044]
  len 8: 0/83 = 0.000 [0.000,0.044]
  len 9: 2/83 = 0.024 [0.007,0.084]
  len 10: 11/83 = 0.133 [0.076,0.222]
  len 11: 18/83 = 0.217 [0.142,0.317]
  len 12: 32/85 = 0.376 [0.281,0.483]
  written hist {7: 733}
  pruned hist {6: 668, 7: 65}
  frontier written 7 pruned 7
  reasons [('rule check failed: ORI2', 2296), ('rule check failed: ORI1', 2186), ('rule check failed: DN', 1511), ('rule check failed: IMPE', 1486), ('rule check failed: ANDI', 1438), ('bad box cite', 1052)]
[p2/frozen_depth3_f0_a2_s1 r3] transfer (cumulative 96 attempts) SOLVED 66/500 = 0.132 [0.105,0.164]
  len 7: 0/83 = 0.000 [0.000,0.044]
  len 8: 0/83 = 0.000 [0.000,0.044]
  len 9: 2/83 = 0.024 [0.007,0.084]
  len 10: 13/83 = 0.157 [0.094,0.250]
  len 11: 18/83 = 0.217 [0.142,0.317]
  len 12: 33/85 = 0.388 [0.292,0.495]
  written hist {7: 1537}
  pruned hist {6: 1395, 7: 142}
  frontier written 7 pruned 7
  reasons []
[p2/frozen_depth3_f0_a2_s1 r3] transfer greedy SOLVED 30/500 = 0.060 [0.042,0.084]
  len 7: 0/83 = 0.000 [0.000,0.044]
  len 8: 0/83 = 0.000 [0.000,0.044]
  len 9: 1/83 = 0.012 [0.002,0.065]
  len 10: 3/83 = 0.036 [0.012,0.101]
  len 11: 7/83 = 0.084 [0.041,0.164]
  len 12: 19/85 = 0.224 [0.148,0.323]
  written hist {7: 30}
  pruned hist {6: 27, 7: 3}
  frontier written 7 pruned 6
  reasons [('rule check failed: ORI2', 77), ('rule check failed: ORI1', 71), ('rule check failed: ANDI', 53), ('rule check failed: DN', 51), ('rule check failed: IMPE', 45), ('bad box cite', 32)]
[p2/frozen_depth3_f0_a2_s1 r3] heldout greedy SOLVED 4399/5000 = 0.880 [0.870,0.889]
  len 2: 999/1000 = 0.999 [0.994,1.000]
  len 3: 997/1000 = 0.997 [0.991,0.999]
  len 4: 968/1000 = 0.968 [0.955,0.977]
  len 5: 955/1000 = 0.955 [0.940,0.966]
  len 6: 480/1000 = 0.480 [0.449,0.511]
  written hist {2: 1027, 3: 988, 4: 937, 5: 997, 6: 450}
  pruned hist {2: 1028, 3: 987, 4: 941, 5: 995, 6: 448}
  frontier written 6 pruned 6
  reasons [('rule check failed: DN', 130), ('rule check failed: ORI2', 106), ('bad box cite', 77), ('rule check failed: ANDI', 66), ('rule check failed: ANDE2', 37), ('rule check failed: ORI1', 31)]
=== round 3 done in 122s; new proofs 696; cum targets solved 132
[p2/frozen_depth3_f0_a2_s1 r4] targets (this round, pass@32) SOLVED 118/1000 = 0.118 [0.099,0.139]
  len 7: 2/166 = 0.012 [0.003,0.043]
  len 8: 0/166 = 0.000 [0.000,0.023]
  len 9: 3/166 = 0.018 [0.006,0.052]
  len 10: 22/166 = 0.133 [0.089,0.193]
  len 11: 36/166 = 0.217 [0.161,0.286]
  len 12: 55/170 = 0.324 [0.258,0.397]
  written hist {7: 1604}
  pruned hist {6: 1516, 7: 88}
  frontier written 7 pruned 7
  reasons [('rule check failed: ORI2', 4006), ('rule check failed: ANDI', 3927), ('rule check failed: ORI1', 3528), ('rule check failed: IMPE', 2980), ('rule check failed: IMPI', 2773), ('rule check failed: DN', 2701)]
[p2/frozen_depth3_f0_a2_s1 r4] targets (cumulative 128 attempts) SOLVED 136/1000 = 0.136 [0.116,0.159]
  len 7: 2/166 = 0.012 [0.003,0.043]
  len 8: 0/166 = 0.000 [0.000,0.023]
  len 9: 4/166 = 0.024 [0.009,0.060]
  len 10: 31/166 = 0.187 [0.135,0.253]
  len 11: 38/166 = 0.229 [0.172,0.299]
  len 12: 61/170 = 0.359 [0.291,0.433]
  written hist {7: 3839}
  pruned hist {5: 3, 6: 3605, 7: 231}
  frontier written 7 pruned 7
  reasons []
[p2/frozen_depth3_f0_a2_s1 r4] transfer (this round, pass@32) SOLVED 62/500 = 0.124 [0.098,0.156]
  len 7: 0/83 = 0.000 [0.000,0.044]
  len 8: 1/83 = 0.012 [0.002,0.065]
  len 9: 2/83 = 0.024 [0.007,0.084]
  len 10: 10/83 = 0.120 [0.067,0.208]
  len 11: 17/83 = 0.205 [0.132,0.304]
  len 12: 32/85 = 0.376 [0.281,0.483]
  written hist {7: 722}
  pruned hist {5: 1, 6: 655, 7: 66}
  frontier written 7 pruned 7
  reasons [('rule check failed: ORI2', 2314), ('rule check failed: ORI1', 2192), ('rule check failed: IMPE', 1511), ('rule check failed: DN', 1473), ('rule check failed: ANDI', 1457), ('bad box cite', 1038)]
[p2/frozen_depth3_f0_a2_s1 r4] transfer (cumulative 128 attempts) SOLVED 70/500 = 0.140 [0.112,0.173]
  len 7: 0/83 = 0.000 [0.000,0.044]
  len 8: 1/83 = 0.012 [0.002,0.065]
  len 9: 2/83 = 0.024 [0.007,0.084]
  len 10: 13/83 = 0.157 [0.094,0.250]
  len 11: 19/83 = 0.229 [0.152,0.330]
  len 12: 35/85 = 0.412 [0.313,0.518]
  written hist {7: 1755}
  pruned hist {5: 1, 6: 1584, 7: 170}
  frontier written 7 pruned 7
  reasons []
[p2/frozen_depth3_f0_a2_s1 r4] transfer greedy SOLVED 30/500 = 0.060 [0.042,0.084]
  len 7: 0/83 = 0.000 [0.000,0.044]
  len 8: 0/83 = 0.000 [0.000,0.044]
  len 9: 1/83 = 0.012 [0.002,0.065]
  len 10: 3/83 = 0.036 [0.012,0.101]
  len 11: 7/83 = 0.084 [0.041,0.164]
  len 12: 19/85 = 0.224 [0.148,0.323]
  written hist {7: 30}
  pruned hist {6: 27, 7: 3}
  frontier written 7 pruned 6
  reasons [('rule check failed: ORI2', 77), ('rule check failed: ORI1', 71), ('rule check failed: ANDI', 53), ('rule check failed: DN', 51), ('rule check failed: IMPE', 45), ('bad box cite', 32)]
[p2/frozen_depth3_f0_a2_s1 r4] heldout greedy SOLVED 4399/5000 = 0.880 [0.870,0.889]
  len 2: 999/1000 = 0.999 [0.994,1.000]
  len 3: 997/1000 = 0.997 [0.991,0.999]
  len 4: 968/1000 = 0.968 [0.955,0.977]
  len 5: 955/1000 = 0.955 [0.940,0.966]
  len 6: 480/1000 = 0.480 [0.449,0.511]
  written hist {2: 1027, 3: 988, 4: 937, 5: 997, 6: 450}
  pruned hist {2: 1028, 3: 987, 4: 941, 5: 995, 6: 448}
  frontier written 6 pruned 6
  reasons [('rule check failed: DN', 130), ('rule check failed: ORI2', 106), ('bad box cite', 77), ('rule check failed: ANDI', 66), ('rule check failed: ANDE2', 37), ('rule check failed: ORI1', 31)]
=== round 4 done in 125s; new proofs 508; cum targets solved 136
[p2/frozen_depth3_f0_a2_s1 r5] targets (this round, pass@32) SOLVED 124/1000 = 0.124 [0.105,0.146]
  len 7: 1/166 = 0.006 [0.001,0.033]
  len 8: 0/166 = 0.000 [0.000,0.023]
  len 9: 2/166 = 0.012 [0.003,0.043]
  len 10: 26/166 = 0.157 [0.109,0.220]
  len 11: 37/166 = 0.223 [0.166,0.292]
  len 12: 58/170 = 0.341 [0.274,0.415]
  written hist {7: 1595}
  pruned hist {5: 1, 6: 1514, 7: 80}
  frontier written 7 pruned 7
  reasons [('rule check failed: ORI2', 4098), ('rule check failed: ANDI', 3882), ('rule check failed: ORI1', 3526), ('rule check failed: IMPE', 3037), ('rule check failed: DN', 2747), ('rule check failed: IMPI', 2736)]
[p2/frozen_depth3_f0_a2_s1 r5] targets (cumulative 160 attempts) SOLVED 140/1000 = 0.140 [0.120,0.163]
  len 7: 2/166 = 0.012 [0.003,0.043]
  len 8: 0/166 = 0.000 [0.000,0.023]
  len 9: 4/166 = 0.024 [0.009,0.060]
  len 10: 31/166 = 0.187 [0.135,0.253]
  len 11: 40/166 = 0.241 [0.182,0.311]
  len 12: 63/170 = 0.371 [0.302,0.445]
  written hist {7: 4208}
  pruned hist {5: 4, 6: 3954, 7: 250}
  frontier written 7 pruned 7
  reasons []
[p2/frozen_depth3_f0_a2_s1 r5] transfer (this round, pass@32) SOLVED 61/500 = 0.122 [0.096,0.154]
  len 7: 0/83 = 0.000 [0.000,0.044]
  len 8: 0/83 = 0.000 [0.000,0.044]
  len 9: 2/83 = 0.024 [0.007,0.084]
  len 10: 11/83 = 0.133 [0.076,0.222]
  len 11: 16/83 = 0.193 [0.122,0.290]
  len 12: 32/85 = 0.376 [0.281,0.483]
  written hist {7: 714}
  pruned hist {6: 643, 7: 71}
  frontier written 7 pruned 7
  reasons [('rule check failed: ORI2', 2347), ('rule check failed: ORI1', 2217), ('rule check failed: DN', 1520), ('rule check failed: IMPE', 1503), ('rule check failed: ANDI', 1395), ('bad box cite', 1067)]
[p2/frozen_depth3_f0_a2_s1 r5] transfer (cumulative 160 attempts) SOLVED 71/500 = 0.142 [0.114,0.175]
  len 7: 0/83 = 0.000 [0.000,0.044]
  len 8: 1/83 = 0.012 [0.002,0.065]
  len 9: 2/83 = 0.024 [0.007,0.084]
  len 10: 13/83 = 0.157 [0.094,0.250]
  len 11: 20/83 = 0.241 [0.162,0.343]
  len 12: 35/85 = 0.412 [0.313,0.518]
  written hist {7: 1927}
  pruned hist {5: 1, 6: 1729, 7: 197}
  frontier written 7 pruned 7
  reasons []
[p2/frozen_depth3_f0_a2_s1 r5] transfer greedy SOLVED 30/500 = 0.060 [0.042,0.084]
  len 7: 0/83 = 0.000 [0.000,0.044]
  len 8: 0/83 = 0.000 [0.000,0.044]
  len 9: 1/83 = 0.012 [0.002,0.065]
  len 10: 3/83 = 0.036 [0.012,0.101]
  len 11: 7/83 = 0.084 [0.041,0.164]
  len 12: 19/85 = 0.224 [0.148,0.323]
  written hist {7: 30}
  pruned hist {6: 27, 7: 3}
  frontier written 7 pruned 6
  reasons [('rule check failed: ORI2', 77), ('rule check failed: ORI1', 71), ('rule check failed: ANDI', 53), ('rule check failed: DN', 51), ('rule check failed: IMPE', 45), ('bad box cite', 32)]
[p2/frozen_depth3_f0_a2_s1 r5] heldout greedy SOLVED 4399/5000 = 0.880 [0.870,0.889]
  len 2: 999/1000 = 0.999 [0.994,1.000]
  len 3: 997/1000 = 0.997 [0.991,0.999]
  len 4: 968/1000 = 0.968 [0.955,0.977]
  len 5: 955/1000 = 0.955 [0.940,0.966]
  len 6: 480/1000 = 0.480 [0.449,0.511]
  written hist {2: 1027, 3: 988, 4: 937, 5: 997, 6: 450}
  pruned hist {2: 1028, 3: 987, 4: 941, 5: 995, 6: 448}
  frontier written 6 pruned 6
  reasons [('rule check failed: DN', 130), ('rule check failed: ORI2', 106), ('bad box cite', 77), ('rule check failed: ANDI', 66), ('rule check failed: ANDE2', 37), ('rule check failed: ORI1', 31)]
=== round 5 done in 124s; new proofs 369; cum targets solved 140
[p2/frozen_depth3_f0_a2_s1 r6] targets (this round, pass@32) SOLVED 122/1000 = 0.122 [0.103,0.144]
  len 7: 2/166 = 0.012 [0.003,0.043]
  len 8: 0/166 = 0.000 [0.000,0.023]
  len 9: 2/166 = 0.012 [0.003,0.043]
  len 10: 27/166 = 0.163 [0.114,0.226]
  len 11: 37/166 = 0.223 [0.166,0.292]
  len 12: 54/170 = 0.318 [0.252,0.391]
  written hist {7: 1570}
  pruned hist {6: 1490, 7: 80}
  frontier written 7 pruned 7
  reasons [('rule check failed: ORI2', 3995), ('rule check failed: ANDI', 3936), ('rule check failed: ORI1', 3514), ('rule check failed: IMPE', 3024), ('rule check failed: IMPI', 2726), ('rule check failed: DN', 2704)]
[p2/frozen_depth3_f0_a2_s1 r6] targets (cumulative 192 attempts) SOLVED 142/1000 = 0.142 [0.122,0.165]
  len 7: 2/166 = 0.012 [0.003,0.043]
  len 8: 0/166 = 0.000 [0.000,0.023]
  len 9: 4/166 = 0.024 [0.009,0.060]
  len 10: 31/166 = 0.187 [0.135,0.253]
  len 11: 41/166 = 0.247 [0.188,0.318]
  len 12: 64/170 = 0.376 [0.307,0.451]
  written hist {7: 4476}
  pruned hist {5: 4, 6: 4208, 7: 264}
  frontier written 7 pruned 7
  reasons []
[p2/frozen_depth3_f0_a2_s1 r6] transfer (this round, pass@32) SOLVED 63/500 = 0.126 [0.100,0.158]
  len 7: 0/83 = 0.000 [0.000,0.044]
  len 8: 1/83 = 0.012 [0.002,0.065]
  len 9: 1/83 = 0.012 [0.002,0.065]
  len 10: 11/83 = 0.133 [0.076,0.222]
  len 11: 17/83 = 0.205 [0.132,0.304]
  len 12: 33/85 = 0.388 [0.292,0.495]
  written hist {7: 748}
  pruned hist {5: 1, 6: 680, 7: 67}
  frontier written 7 pruned 7
  reasons [('rule check failed: ORI2', 2315), ('rule check failed: ORI1', 2195), ('rule check failed: DN', 1544), ('rule check failed: IMPE', 1499), ('rule check failed: ANDI', 1463), ('bad box cite', 1030)]
[p2/frozen_depth3_f0_a2_s1 r6] transfer (cumulative 192 attempts) SOLVED 72/500 = 0.144 [0.116,0.177]
  len 7: 0/83 = 0.000 [0.000,0.044]
  len 8: 1/83 = 0.012 [0.002,0.065]
  len 9: 2/83 = 0.024 [0.007,0.084]
  len 10: 13/83 = 0.157 [0.094,0.250]
  len 11: 21/83 = 0.253 [0.172,0.356]
  len 12: 35/85 = 0.412 [0.313,0.518]
  written hist {7: 2068}
  pruned hist {5: 2, 6: 1847, 7: 219}
  frontier written 7 pruned 7
  reasons []
[p2/frozen_depth3_f0_a2_s1 r6] transfer greedy SOLVED 30/500 = 0.060 [0.042,0.084]
  len 7: 0/83 = 0.000 [0.000,0.044]
  len 8: 0/83 = 0.000 [0.000,0.044]
  len 9: 1/83 = 0.012 [0.002,0.065]
  len 10: 3/83 = 0.036 [0.012,0.101]
  len 11: 7/83 = 0.084 [0.041,0.164]
  len 12: 19/85 = 0.224 [0.148,0.323]
  written hist {7: 30}
  pruned hist {6: 27, 7: 3}
  frontier written 7 pruned 6
  reasons [('rule check failed: ORI2', 77), ('rule check failed: ORI1', 71), ('rule check failed: ANDI', 53), ('rule check failed: DN', 51), ('rule check failed: IMPE', 45), ('bad box cite', 32)]
[p2/frozen_depth3_f0_a2_s1 r6] heldout greedy SOLVED 4399/5000 = 0.880 [0.870,0.889]
  len 2: 999/1000 = 0.999 [0.994,1.000]
  len 3: 997/1000 = 0.997 [0.991,0.999]
  len 4: 968/1000 = 0.968 [0.955,0.977]
  len 5: 955/1000 = 0.955 [0.940,0.966]
  len 6: 480/1000 = 0.480 [0.449,0.511]
  written hist {2: 1027, 3: 988, 4: 937, 5: 997, 6: 450}
  pruned hist {2: 1028, 3: 987, 4: 941, 5: 995, 6: 448}
  frontier written 6 pruned 6
  reasons [('rule check failed: DN', 130), ('rule check failed: ORI2', 106), ('bad box cite', 77), ('rule check failed: ANDI', 66), ('rule check failed: ANDE2', 37), ('rule check failed: ORI1', 31)]
=== round 6 done in 126s; new proofs 268; cum targets solved 142
[p2/frozen_depth3_f0_a2_s1 r7] targets (this round, pass@32) SOLVED 121/1000 = 0.121 [0.102,0.143]
  len 7: 2/166 = 0.012 [0.003,0.043]
  len 8: 0/166 = 0.000 [0.000,0.023]
  len 9: 2/166 = 0.012 [0.003,0.043]
  len 10: 22/166 = 0.133 [0.089,0.193]
  len 11: 36/166 = 0.217 [0.161,0.286]
  len 12: 59/170 = 0.347 [0.280,0.421]
  written hist {7: 1592}
  pruned hist {6: 1501, 7: 91}
  frontier written 7 pruned 7
  reasons [('rule check failed: ORI2', 4069), ('rule check failed: ANDI', 3784), ('rule check failed: ORI1', 3455), ('rule check failed: IMPE', 3003), ('rule check failed: DN', 2759), ('rule check failed: IMPI', 2690)]
[p2/frozen_depth3_f0_a2_s1 r7] targets (cumulative 224 attempts) SOLVED 142/1000 = 0.142 [0.122,0.165]
  len 7: 2/166 = 0.012 [0.003,0.043]
  len 8: 0/166 = 0.000 [0.000,0.023]
  len 9: 4/166 = 0.024 [0.009,0.060]
  len 10: 31/166 = 0.187 [0.135,0.253]
  len 11: 41/166 = 0.247 [0.188,0.318]
  len 12: 64/170 = 0.376 [0.307,0.451]
  written hist {7: 4677}
  pruned hist {5: 4, 6: 4386, 7: 287}
  frontier written 7 pruned 7
  reasons []
[p2/frozen_depth3_f0_a2_s1 r7] transfer (this round, pass@32) SOLVED 66/500 = 0.132 [0.105,0.164]
  len 7: 0/83 = 0.000 [0.000,0.044]
  len 8: 1/83 = 0.012 [0.002,0.065]
  len 9: 2/83 = 0.024 [0.007,0.084]
  len 10: 12/83 = 0.145 [0.085,0.236]
  len 11: 19/83 = 0.229 [0.152,0.330]
  len 12: 32/85 = 0.376 [0.281,0.483]
  written hist {7: 702}
  pruned hist {5: 1, 6: 635, 7: 66}
  frontier written 7 pruned 7
  reasons [('rule check failed: ORI2', 2310), ('rule check failed: ORI1', 2152), ('rule check failed: IMPE', 1516), ('rule check failed: DN', 1508), ('rule check failed: ANDI', 1456), ('bad box cite', 1073)]
[p2/frozen_depth3_f0_a2_s1 r7] transfer (cumulative 224 attempts) SOLVED 75/500 = 0.150 [0.121,0.184]
  len 7: 0/83 = 0.000 [0.000,0.044]
  len 8: 1/83 = 0.012 [0.002,0.065]
  len 9: 2/83 = 0.024 [0.007,0.084]
  len 10: 14/83 = 0.169 [0.103,0.263]
  len 11: 22/83 = 0.265 [0.182,0.369]
  len 12: 36/85 = 0.424 [0.324,0.530]
  written hist {7: 2185}
  pruned hist {5: 3, 6: 1949, 7: 233}
  frontier written 7 pruned 7
  reasons []
[p2/frozen_depth3_f0_a2_s1 r7] transfer greedy SOLVED 30/500 = 0.060 [0.042,0.084]
  len 7: 0/83 = 0.000 [0.000,0.044]
  len 8: 0/83 = 0.000 [0.000,0.044]
  len 9: 1/83 = 0.012 [0.002,0.065]
  len 10: 3/83 = 0.036 [0.012,0.101]
  len 11: 7/83 = 0.084 [0.041,0.164]
  len 12: 19/85 = 0.224 [0.148,0.323]
  written hist {7: 30}
  pruned hist {6: 27, 7: 3}
  frontier written 7 pruned 6
  reasons [('rule check failed: ORI2', 77), ('rule check failed: ORI1', 71), ('rule check failed: ANDI', 53), ('rule check failed: DN', 51), ('rule check failed: IMPE', 45), ('bad box cite', 32)]
[p2/frozen_depth3_f0_a2_s1 r7] heldout greedy SOLVED 4399/5000 = 0.880 [0.870,0.889]
  len 2: 999/1000 = 0.999 [0.994,1.000]
  len 3: 997/1000 = 0.997 [0.991,0.999]
  len 4: 968/1000 = 0.968 [0.955,0.977]
  len 5: 955/1000 = 0.955 [0.940,0.966]
  len 6: 480/1000 = 0.480 [0.449,0.511]
  written hist {2: 1027, 3: 988, 4: 937, 5: 997, 6: 450}
  pruned hist {2: 1028, 3: 987, 4: 941, 5: 995, 6: 448}
  frontier written 6 pruned 6
  reasons [('rule check failed: DN', 130), ('rule check failed: ORI2', 106), ('bad box cite', 77), ('rule check failed: ANDI', 66), ('rule check failed: ANDE2', 37), ('rule check failed: ORI1', 31)]
=== round 7 done in 78s; new proofs 201; cum targets solved 142
[p2/frozen_depth3_f0_a2_s1 r8] targets (this round, pass@32) SOLVED 122/1000 = 0.122 [0.103,0.144]
  len 7: 1/166 = 0.006 [0.001,0.033]
  len 8: 0/166 = 0.000 [0.000,0.023]
  len 9: 3/166 = 0.018 [0.006,0.052]
  len 10: 24/166 = 0.145 [0.099,0.206]
  len 11: 37/166 = 0.223 [0.166,0.292]
  len 12: 57/170 = 0.335 [0.269,0.409]
  written hist {7: 1585}
  pruned hist {5: 1, 6: 1504, 7: 80}
  frontier written 7 pruned 7
  reasons [('rule check failed: ORI2', 4020), ('rule check failed: ANDI', 3930), ('rule check failed: ORI1', 3453), ('rule check failed: IMPE', 3014), ('rule check failed: DN', 2795), ('rule check failed: IMPI', 2666)]
[p2/frozen_depth3_f0_a2_s1 r8] targets (cumulative 256 attempts) SOLVED 144/1000 = 0.144 [0.124,0.167]
  len 7: 2/166 = 0.012 [0.003,0.043]
  len 8: 0/166 = 0.000 [0.000,0.023]
  len 9: 4/166 = 0.024 [0.009,0.060]
  len 10: 31/166 = 0.187 [0.135,0.253]
  len 11: 43/166 = 0.259 [0.198,0.331]
  len 12: 64/170 = 0.376 [0.307,0.451]
  written hist {7: 4864}
  pruned hist {5: 5, 6: 4568, 7: 291}
  frontier written 7 pruned 7
  reasons []
[p2/frozen_depth3_f0_a2_s1 r8] transfer (this round, pass@32) SOLVED 63/500 = 0.126 [0.100,0.158]
  len 7: 0/83 = 0.000 [0.000,0.044]
  len 8: 0/83 = 0.000 [0.000,0.044]
  len 9: 2/83 = 0.024 [0.007,0.084]
  len 10: 13/83 = 0.157 [0.094,0.250]
  len 11: 17/83 = 0.205 [0.132,0.304]
  len 12: 31/85 = 0.365 [0.270,0.471]
  written hist {7: 745}
  pruned hist {6: 687, 7: 58}
  frontier written 7 pruned 7
  reasons [('rule check failed: ORI2', 2337), ('rule check failed: ORI1', 2193), ('rule check failed: DN', 1507), ('rule check failed: IMPE', 1488), ('rule check failed: ANDI', 1431), ('bad box cite', 1031)]
[p2/frozen_depth3_f0_a2_s1 r8] transfer (cumulative 256 attempts) SOLVED 75/500 = 0.150 [0.121,0.184]
  len 7: 0/83 = 0.000 [0.000,0.044]
  len 8: 1/83 = 0.012 [0.002,0.065]
  len 9: 2/83 = 0.024 [0.007,0.084]
  len 10: 14/83 = 0.169 [0.103,0.263]
  len 11: 22/83 = 0.265 [0.182,0.369]
  len 12: 36/85 = 0.424 [0.324,0.530]
  written hist {7: 2278}
  pruned hist {5: 3, 6: 2033, 7: 242}
  frontier written 7 pruned 7
  reasons []
[p2/frozen_depth3_f0_a2_s1 r8] transfer greedy SOLVED 30/500 = 0.060 [0.042,0.084]
  len 7: 0/83 = 0.000 [0.000,0.044]
  len 8: 0/83 = 0.000 [0.000,0.044]
  len 9: 1/83 = 0.012 [0.002,0.065]
  len 10: 3/83 = 0.036 [0.012,0.101]
  len 11: 7/83 = 0.084 [0.041,0.164]
  len 12: 19/85 = 0.224 [0.148,0.323]
  written hist {7: 30}
  pruned hist {6: 27, 7: 3}
  frontier written 7 pruned 6
  reasons [('rule check failed: ORI2', 77), ('rule check failed: ORI1', 71), ('rule check failed: ANDI', 53), ('rule check failed: DN', 51), ('rule check failed: IMPE', 45), ('bad box cite', 32)]
[p2/frozen_depth3_f0_a2_s1 r8] heldout greedy SOLVED 4399/5000 = 0.880 [0.870,0.889]
  len 2: 999/1000 = 0.999 [0.994,1.000]
  len 3: 997/1000 = 0.997 [0.991,0.999]
  len 4: 968/1000 = 0.968 [0.955,0.977]
  len 5: 955/1000 = 0.955 [0.940,0.966]
  len 6: 480/1000 = 0.480 [0.449,0.511]
  written hist {2: 1027, 3: 988, 4: 937, 5: 997, 6: 450}
  pruned hist {2: 1028, 3: 987, 4: 941, 5: 995, 6: 448}
  frontier written 6 pruned 6
  reasons [('rule check failed: DN', 130), ('rule check failed: ORI2', 106), ('bad box cite', 77), ('rule check failed: ANDI', 66), ('rule check failed: ANDE2', 37), ('rule check failed: ORI1', 31)]
=== round 8 done in 67s; new proofs 187; cum targets solved 144
