excluded classes 724874
{
 "n": 945,
 "stats": {
  "degenerate": 925,
  "intuit_provable": 453,
  "dup_or_excluded": 1076,
  "degenerate_or_dn": 491,
  "cases_neg": 45,
  "too_long": 2,
  "chain_neg": 45,
  "consequentia_cond": 45,
  "contraposition_conv": 45,
  "demorgan_nand": 45,
  "demorgan_nor_neg": 45,
  "dummett": 45,
  "excluded_middle": 45,
  "imp_cases_or": 45,
  "imp_to_or": 45,
  "impimp_to_or": 45,
  "nand_neg": 45,
  "nand_to_imp": 45,
  "neg_both": 45,
  "neg_to_contra": 45,
  "negcond_ante": 45,
  "negimp_to_or": 45,
  "negimp_to_pos": 45,
  "nor_neg_ante": 45,
  "peirce": 45,
  "peirce_seq": 45
 }
}
200/945 4s
400/945 7s
600/945 11s
800/945 14s
945 theorems; labelled 365; timeouts 0; errors 0
min_lines_ub hist {6: 45, 7: 90, 8: 230}
by generating length: (gen_lines, has <=6 proof) -> {(None, False): 900, (None, True): 45}
schema candidates 945 -> 900 with min_lines_ub >= 7 or None
{'cases_neg': 45, 'chain_neg': 45, 'consequentia_cond': 45, 'contraposition_conv': 45, 'demorgan_nand': 45, 'demorgan_nor_neg': 45, 'dummett': 45, 'excluded_middle': 45, 'imp_cases_or': 45, 'imp_to_or': 45, 'impimp_to_or': 45, 'nand_neg': 45, 'nand_to_imp': 45, 'neg_both': 45, 'neg_to_contra': 45, 'negcond_ante': 45, 'negimp_to_or': 45, 'negimp_to_pos': 45, 'peirce': 45, 'peirce_seq': 45}
targets 606 native 6 min_lines_ub hist {'7': 62, '8': 158, 'None': 386} by schema {'cases_neg': 30, 'chain_neg': 30, 'consequentia_cond': 30, 'contraposition_conv': 30, 'demorgan_nand': 30, 'demorgan_nor_neg': 30, 'dummett': 30, 'excluded_middle': 30, 'generator': 6, 'imp_cases_or': 30, 'imp_to_or': 30, 'impimp_to_or': 30, 'nand_neg': 30, 'nand_to_imp': 30, 'neg_both': 30, 'neg_to_contra': 30, 'negcond_ante': 30, 'negimp_to_or': 30, 'negimp_to_pos': 30, 'peirce': 30, 'peirce_seq': 30}
transfer 300 native 0 min_lines_ub hist {'7': 30, '8': 75, 'None': 195} by schema {'cases_neg': 15, 'chain_neg': 15, 'consequentia_cond': 15, 'contraposition_conv': 15, 'demorgan_nand': 15, 'demorgan_nor_neg': 15, 'dummett': 15, 'excluded_middle': 15, 'imp_cases_or': 15, 'imp_to_or': 15, 'impimp_to_or': 15, 'nand_neg': 15, 'nand_to_imp': 15, 'neg_both': 15, 'neg_to_contra': 15, 'negcond_ante': 15, 'negimp_to_or': 15, 'negimp_to_pos': 15, 'peirce': 15, 'peirce_seq': 15}
BLOCKB_POOL2_DONE
