{
 "files": 4,
 "stats": {
  "read": 23523,
  "written": 19099,
  "val_class": 10,
  "dup_class": 4414
 }
}
len 7: n    8072 none       0 derived_ore      0 (0.0000%) reductio   8072 (100.0000%) depth3      0 (0.0000%) derived_ore_strict      0 (0.0000%)
len 8: n     996 none       0 derived_ore      0 (0.0000%) reductio    996 (100.0000%) depth3     18 (1.8072%) derived_ore_strict      0 (0.0000%)
len 9: n    1477 none       0 derived_ore      1 (0.0677%) reductio   1477 (100.0000%) depth3    971 (65.7414%) derived_ore_strict      0 (0.0000%)
len 10: n    1284 none       0 derived_ore    126 (9.8131%) reductio   1284 (100.0000%) depth3    216 (16.8224%) derived_ore_strict     74 (5.7632%)
len 11: n    2630 none       0 derived_ore    551 (20.9506%) reductio   2630 (100.0000%) depth3   1313 (49.9240%) derived_ore_strict    400 (15.2091%)
len 12: n    4640 none       0 derived_ore   1556 (33.5345%) reductio   4640 (100.0000%) depth3   2509 (54.0733%) derived_ore_strict   1139 (24.5474%)
data/p2/pool_rnd.jsonl: 19099 theorems, classical-only 7 (0.0%)
pool 19099 classical-only 7
7 theorems; labelled 6; timeouts 0; errors 0
min_lines_ub hist {6: 1, 7: 2, 8: 3}
by generating length: (gen_lines, has <=6 proof) -> {(7, False): 1, (8, False): 1, (9, False): 1, (11, True): 1, (12, False): 3}
BLOCKB_POOL_DONE
