START 2026-09-24T00:16:20Z until [ -f ckpts/dsc/stage1_a3_s1.pt ]; do sleep 30; done; python3 coverage_lean.py --ckpt ckpts/dsc/stage1_a3_s1.pt --in data/r3_1/depth3_req.jsonl --k 2000 --temperature 0.8 --seed 0 --batch 1024 --procs 2 --out artifacts/dsc/cov_a3_s1_d3req
shard 0/1: 300 theorems, 0 already done; k=2000 T=0.8 batch=1024
d3req_0: n_ok 1229/2000 (nd-only 0, parse-fail 72) distinct_ok 1 first_hit 1 written_hist {8: 1} lean 0s (9s; 1 done, 9s/thm, ETA 43 min)
d3req_1: n_ok 1640/2000 (nd-only 0, parse-fail 290) distinct_ok 9 first_hit 1 written_hist {8: 2, 9: 1, 11: 6} lean 1s (11s; 2 done, 10s/thm, ETA 49 min)
d3req_2: n_ok 128/2000 (nd-only 0, parse-fail 369) distinct_ok 4 first_hit 25 written_hist {8: 1, 9: 3} lean 0s (10s; 3 done, 10s/thm, ETA 49 min)
d3req_3: n_ok 1485/2000 (nd-only 0, parse-fail 363) distinct_ok 11 first_hit 1 written_hist {8: 1, 9: 8, 11: 1, 12: 1} lean 1s (12s; 4 done, 10s/thm, ETA 51 min)
d3req_4: n_ok 1787/2000 (nd-only 0, parse-fail 189) distinct_ok 11 first_hit 1 written_hist {8: 3, 11: 8} lean 1s (13s; 5 done, 11s/thm, ETA 53 min)
d3req_5: n_ok 705/2000 (nd-only 0, parse-fail 285) distinct_ok 10 first_hit 4 written_hist {8: 1, 9: 8, 10: 1} lean 1s (13s; 6 done, 11s/thm, ETA 55 min)
d3req_6: n_ok 316/2000 (nd-only 0, parse-fail 29) distinct_ok 6 first_hit 4 written_hist {8: 1, 9: 5} lean 0s (9s; 7 done, 11s/thm, ETA 53 min)
d3req_7: n_ok 285/2000 (nd-only 0, parse-fail 374) distinct_ok 5 first_hit 1 written_hist {8: 4, 9: 1} lean 1s (14s; 8 done, 11s/thm, ETA 54 min)
d3req_8: n_ok 1576/2000 (nd-only 0, parse-fail 324) distinct_ok 4 first_hit 1 written_hist {8: 1, 9: 3} lean 1s (14s; 9 done, 11s/thm, ETA 55 min)
d3req_9: n_ok 111/2000 (nd-only 0, parse-fail 48) distinct_ok 2 first_hit 6 written_hist {8: 1, 9: 1} lean 0s (10s; 10 done, 11s/thm, ETA 55 min)
d3req_10: n_ok 1325/2000 (nd-only 0, parse-fail 383) distinct_ok 10 first_hit 1 written_hist {8: 6, 9: 4} lean 1s (12s; 11 done, 11s/thm, ETA 55 min)
d3req_11: n_ok 313/2000 (nd-only 0, parse-fail 1238) distinct_ok 5 first_hit 5 written_hist {8: 2, 9: 3} lean 1s (11s; 12 done, 11s/thm, ETA 55 min)
d3req_12: n_ok 924/2000 (nd-only 0, parse-fail 749) distinct_ok 3 first_hit 2 written_hist {8: 1, 9: 2} lean 0s (11s; 13 done, 11s/thm, ETA 55 min)
d3req_13: n_ok 1237/2000 (nd-only 0, parse-fail 272) distinct_ok 17 first_hit 2 written_hist {8: 1, 9: 13, 10: 2, 11: 1} lean 1s (12s; 14 done, 11s/thm, ETA 55 min)
d3req_14: n_ok 1345/2000 (nd-only 0, parse-fail 35) distinct_ok 1 first_hit 1 written_hist {8: 1} lean 11s (40s; 15 done, 13s/thm, ETA 63 min)
d3req_15: n_ok 1/2000 (nd-only 0, parse-fail 125) distinct_ok 1 first_hit 1961 written_hist {8: 1} lean 4s (35s; 16 done, 15s/thm, ETA 70 min)
d3req_16: n_ok 841/2000 (nd-only 0, parse-fail 677) distinct_ok 2 first_hit 4 written_hist {8: 1, 9: 1} lean 10s (34s; 17 done, 16s/thm, ETA 75 min)
d3req_17: n_ok 368/2000 (nd-only 0, parse-fail 1381) distinct_ok 2 first_hit 1 written_hist {8: 1, 11: 1} lean 7s (36s; 18 done, 17s/thm, ETA 80 min)
d3req_18: n_ok 4/2000 (nd-only 0, parse-fail 686) distinct_ok 4 first_hit 134 written_hist {9: 4} lean 5s (48s; 19 done, 19s/thm, ETA 87 min)
d3req_19: n_ok 741/2000 (nd-only 0, parse-fail 525) distinct_ok 4 first_hit 3 written_hist {8: 1, 9: 3} lean 10s (41s; 20 done, 20s/thm, ETA 92 min)
d3req_20: n_ok 65/2000 (nd-only 0, parse-fail 326) distinct_ok 2 first_hit 60 written_hist {8: 2} lean 9s (42s; 21 done, 21s/thm, ETA 97 min)
d3req_21: n_ok 75/2000 (nd-only 0, parse-fail 98) distinct_ok 3 first_hit 39 written_hist {8: 1, 9: 2} lean 7s (26s; 22 done, 21s/thm, ETA 97 min)
d3req_22: n_ok 1640/2000 (nd-only 0, parse-fail 252) distinct_ok 7 first_hit 1 written_hist {8: 1, 9: 4, 13: 2} lean 8s (47s; 23 done, 22s/thm, ETA 102 min)
d3req_23: n_ok 0/2000 (nd-only 0, parse-fail 996) distinct_ok 0 first_hit None written_hist {} lean 0s (30s; 24 done, 22s/thm, ETA 103 min)
d3req_24: n_ok 166/2000 (nd-only 0, parse-fail 29) distinct_ok 1 first_hit 9 written_hist {8: 1} lean 7s (32s; 25 done, 23s/thm, ETA 105 min)
d3req_25: n_ok 1072/2000 (nd-only 0, parse-fail 132) distinct_ok 4 first_hit 1 written_hist {8: 2, 9: 1, 10: 1} lean 10s (37s; 26 done, 23s/thm, ETA 107 min)
d3req_26: n_ok 334/2000 (nd-only 0, parse-fail 1318) distinct_ok 11 first_hit 3 written_hist {8: 3, 9: 8} lean 1s (24s; 27 done, 23s/thm, ETA 107 min)
d3req_27: n_ok 28/2000 (nd-only 0, parse-fail 127) distinct_ok 3 first_hit 65 written_hist {8: 3} lean 7s (22s; 28 done, 23s/thm, ETA 106 min)
d3req_28: n_ok 1747/2000 (nd-only 0, parse-fail 163) distinct_ok 16 first_hit 1 written_hist {8: 9, 9: 6, 10: 1} lean 12s (31s; 29 done, 24s/thm, ETA 107 min)
d3req_29: n_ok 644/2000 (nd-only 0, parse-fail 392) distinct_ok 2 first_hit 1 written_hist {8: 2} lean 7s (31s; 30 done, 24s/thm, ETA 108 min)
d3req_30: n_ok 1453/2000 (nd-only 0, parse-fail 524) distinct_ok 4 first_hit 1 written_hist {8: 1, 9: 3} lean 11s (38s; 31 done, 24s/thm, ETA 109 min)
d3req_31: n_ok 387/2000 (nd-only 0, parse-fail 1563) distinct_ok 1 first_hit 1 written_hist {8: 1} lean 5s (40s; 32 done, 25s/thm, ETA 111 min)
d3req_32: n_ok 879/2000 (nd-only 0, parse-fail 715) distinct_ok 10 first_hit 1 written_hist {8: 1, 9: 7, 11: 2} lean 7s (38s; 33 done, 25s/thm, ETA 112 min)
d3req_33: n_ok 1756/2000 (nd-only 0, parse-fail 205) distinct_ok 4 first_hit 1 written_hist {8: 1, 9: 3} lean 5s (37s; 34 done, 26s/thm, ETA 113 min)
d3req_34: n_ok 1629/2000 (nd-only 0, parse-fail 191) distinct_ok 6 first_hit 1 written_hist {8: 2, 9: 4} lean 6s (35s; 35 done, 26s/thm, ETA 114 min)
d3req_35: n_ok 204/2000 (nd-only 0, parse-fail 15) distinct_ok 2 first_hit 5 written_hist {8: 1, 9: 1} lean 5s (25s; 36 done, 26s/thm, ETA 114 min)
d3req_36: n_ok 1858/2000 (nd-only 0, parse-fail 29) distinct_ok 5 first_hit 1 written_hist {8: 1, 9: 4} lean 4s (27s; 37 done, 26s/thm, ETA 113 min)
d3req_37: n_ok 1630/2000 (nd-only 0, parse-fail 345) distinct_ok 3 first_hit 1 written_hist {8: 1, 9: 1, 11: 1} lean 4s (29s; 38 done, 26s/thm, ETA 113 min)
d3req_38: n_ok 1244/2000 (nd-only 0, parse-fail 418) distinct_ok 2 first_hit 2 written_hist {8: 1, 9: 1} lean 5s (30s; 39 done, 26s/thm, ETA 113 min)
d3req_39: n_ok 1704/2000 (nd-only 0, parse-fail 81) distinct_ok 10 first_hit 1 written_hist {8: 1, 9: 6, 10: 2, 11: 1} lean 6s (25s; 40 done, 26s/thm, ETA 113 min)
d3req_40: n_ok 36/2000 (nd-only 0, parse-fail 762) distinct_ok 2 first_hit 19 written_hist {8: 2} lean 1s (17s; 41 done, 26s/thm, ETA 111 min)
d3req_41: n_ok 962/2000 (nd-only 0, parse-fail 612) distinct_ok 5 first_hit 2 written_hist {7: 1, 8: 2, 10: 2} lean 1s (6s; 42 done, 25s/thm, ETA 109 min)
d3req_42: n_ok 486/2000 (nd-only 0, parse-fail 135) distinct_ok 3 first_hit 1 written_hist {8: 1, 9: 2} lean 0s (9s; 43 done, 25s/thm, ETA 107 min)
d3req_43: n_ok 24/2000 (nd-only 0, parse-fail 106) distinct_ok 4 first_hit 105 written_hist {8: 1, 9: 3} lean 0s (8s; 44 done, 25s/thm, ETA 105 min)
d3req_44: n_ok 1326/2000 (nd-only 0, parse-fail 177) distinct_ok 7 first_hit 1 written_hist {8: 1, 9: 6} lean 1s (8s; 45 done, 24s/thm, ETA 103 min)
d3req_45: n_ok 1591/2000 (nd-only 0, parse-fail 149) distinct_ok 4 first_hit 1 written_hist {8: 1, 9: 1, 10: 1, 11: 1} lean 1s (9s; 46 done, 24s/thm, ETA 101 min)
d3req_46: n_ok 1581/2000 (nd-only 0, parse-fail 398) distinct_ok 7 first_hit 2 written_hist {8: 3, 9: 3, 13: 1} lean 1s (8s; 47 done, 24s/thm, ETA 99 min)
d3req_47: n_ok 566/2000 (nd-only 0, parse-fail 1324) distinct_ok 5 first_hit 4 written_hist {8: 1, 9: 2, 11: 2} lean 0s (9s; 48 done, 23s/thm, ETA 98 min)
d3req_48: n_ok 1932/2000 (nd-only 0, parse-fail 43) distinct_ok 5 first_hit 2 written_hist {8: 2, 9: 3} lean 1s (6s; 49 done, 23s/thm, ETA 96 min)
d3req_49: n_ok 788/2000 (nd-only 0, parse-fail 548) distinct_ok 1 first_hit 1 written_hist {8: 1} lean 0s (6s; 50 done, 23s/thm, ETA 94 min)
d3req_50: n_ok 1832/2000 (nd-only 0, parse-fail 97) distinct_ok 6 first_hit 1 written_hist {8: 1, 9: 4, 11: 1} lean 0s (7s; 51 done, 22s/thm, ETA 92 min)
d3req_51: n_ok 1198/2000 (nd-only 0, parse-fail 779) distinct_ok 3 first_hit 1 written_hist {8: 1, 9: 1, 11: 1} lean 1s (11s; 52 done, 22s/thm, ETA 91 min)
d3req_52: n_ok 350/2000 (nd-only 0, parse-fail 256) distinct_ok 8 first_hit 3 written_hist {8: 3, 9: 1, 10: 4} lean 1s (10s; 53 done, 22s/thm, ETA 90 min)
d3req_53: n_ok 1363/2000 (nd-only 0, parse-fail 284) distinct_ok 14 first_hit 1 written_hist {8: 2, 9: 11, 10: 1} lean 1s (10s; 54 done, 22s/thm, ETA 88 min)
d3req_54: n_ok 1/2000 (nd-only 0, parse-fail 40) distinct_ok 1 first_hit 992 written_hist {8: 1} lean 0s (9s; 55 done, 21s/thm, ETA 87 min)
d3req_55: n_ok 696/2000 (nd-only 0, parse-fail 1135) distinct_ok 7 first_hit 1 written_hist {8: 1, 9: 4, 10: 1, 11: 1} lean 0s (11s; 56 done, 21s/thm, ETA 86 min)
d3req_56: n_ok 1588/2000 (nd-only 0, parse-fail 38) distinct_ok 19 first_hit 1 written_hist {8: 1, 9: 8, 10: 10} lean 1s (10s; 57 done, 21s/thm, ETA 85 min)
d3req_57: n_ok 300/2000 (nd-only 0, parse-fail 90) distinct_ok 2 first_hit 21 written_hist {8: 2} lean 1s (9s; 58 done, 21s/thm, ETA 84 min)
d3req_58: n_ok 146/2000 (nd-only 0, parse-fail 117) distinct_ok 3 first_hit 1 written_hist {8: 3} lean 0s (10s; 59 done, 21s/thm, ETA 83 min)
d3req_59: n_ok 22/2000 (nd-only 0, parse-fail 259) distinct_ok 2 first_hit 202 written_hist {8: 1, 9: 1} lean 0s (9s; 60 done, 20s/thm, ETA 82 min)
d3req_60: n_ok 1048/2000 (nd-only 0, parse-fail 444) distinct_ok 12 first_hit 2 written_hist {8: 2, 9: 9, 10: 1} lean 1s (13s; 61 done, 20s/thm, ETA 81 min)
d3req_61: n_ok 1139/2000 (nd-only 0, parse-fail 131) distinct_ok 3 first_hit 1 written_hist {8: 2, 9: 1} lean 1s (14s; 62 done, 20s/thm, ETA 80 min)
d3req_62: n_ok 241/2000 (nd-only 0, parse-fail 199) distinct_ok 3 first_hit 4 written_hist {8: 1, 9: 2} lean 0s (9s; 63 done, 20s/thm, ETA 79 min)
d3req_63: n_ok 281/2000 (nd-only 0, parse-fail 34) distinct_ok 3 first_hit 3 written_hist {8: 1, 9: 2} lean 0s (11s; 64 done, 20s/thm, ETA 78 min)
d3req_64: n_ok 321/2000 (nd-only 0, parse-fail 1634) distinct_ok 10 first_hit 8 written_hist {8: 4, 9: 4, 12: 2} lean 1s (11s; 65 done, 20s/thm, ETA 77 min)
d3req_65: n_ok 1371/2000 (nd-only 0, parse-fail 548) distinct_ok 12 first_hit 1 written_hist {8: 3, 9: 9} lean 1s (10s; 66 done, 20s/thm, ETA 76 min)
d3req_66: n_ok 1232/2000 (nd-only 0, parse-fail 360) distinct_ok 3 first_hit 1 written_hist {8: 1, 9: 2} lean 0s (9s; 67 done, 19s/thm, ETA 75 min)
d3req_67: n_ok 485/2000 (nd-only 0, parse-fail 124) distinct_ok 2 first_hit 6 written_hist {8: 1, 9: 1} lean 0s (10s; 68 done, 19s/thm, ETA 74 min)
d3req_68: n_ok 1546/2000 (nd-only 0, parse-fail 235) distinct_ok 27 first_hit 1 written_hist {8: 4, 9: 14, 10: 5, 11: 4} lean 1s (12s; 69 done, 19s/thm, ETA 74 min)
d3req_69: n_ok 124/2000 (nd-only 0, parse-fail 186) distinct_ok 4 first_hit 51 written_hist {8: 1, 9: 3} lean 0s (14s; 70 done, 19s/thm, ETA 73 min)
d3req_70: n_ok 6/2000 (nd-only 0, parse-fail 392) distinct_ok 3 first_hit 278 written_hist {8: 2, 9: 1} lean 0s (9s; 71 done, 19s/thm, ETA 72 min)
d3req_71: n_ok 1494/2000 (nd-only 0, parse-fail 385) distinct_ok 11 first_hit 2 written_hist {8: 1, 9: 7, 10: 2, 11: 1} lean 1s (15s; 72 done, 19s/thm, ETA 72 min)
d3req_72: n_ok 1190/2000 (nd-only 0, parse-fail 751) distinct_ok 4 first_hit 1 written_hist {8: 1, 9: 3} lean 1s (14s; 73 done, 19s/thm, ETA 71 min)
d3req_73: n_ok 182/2000 (nd-only 0, parse-fail 423) distinct_ok 6 first_hit 19 written_hist {8: 1, 9: 4, 10: 1} lean 6s (37s; 74 done, 19s/thm, ETA 72 min)
d3req_74: n_ok 255/2000 (nd-only 0, parse-fail 49) distinct_ok 4 first_hit 1 written_hist {8: 4} lean 5s (28s; 75 done, 19s/thm, ETA 72 min)
d3req_75: n_ok 1703/2000 (nd-only 0, parse-fail 200) distinct_ok 12 first_hit 1 written_hist {8: 9, 9: 3} lean 8s (30s; 76 done, 19s/thm, ETA 72 min)
d3req_76: n_ok 1379/2000 (nd-only 0, parse-fail 435) distinct_ok 6 first_hit 1 written_hist {8: 1, 9: 4, 13: 1} lean 6s (45s; 77 done, 20s/thm, ETA 73 min)
d3req_77: n_ok 645/2000 (nd-only 0, parse-fail 229) distinct_ok 9 first_hit 1 written_hist {8: 1, 9: 8} lean 1s (14s; 78 done, 20s/thm, ETA 72 min)
d3req_78: n_ok 864/2000 (nd-only 0, parse-fail 93) distinct_ok 3 first_hit 4 written_hist {8: 1, 9: 2} lean 0s (12s; 79 done, 19s/thm, ETA 72 min)
d3req_79: n_ok 1080/2000 (nd-only 0, parse-fail 827) distinct_ok 9 first_hit 1 written_hist {8: 1, 9: 7, 12: 1} lean 1s (11s; 80 done, 19s/thm, ETA 71 min)
d3req_80: n_ok 490/2000 (nd-only 0, parse-fail 161) distinct_ok 3 first_hit 7 written_hist {8: 3} lean 1s (10s; 81 done, 19s/thm, ETA 70 min)
d3req_81: n_ok 1673/2000 (nd-only 0, parse-fail 185) distinct_ok 17 first_hit 1 written_hist {8: 2, 9: 8, 11: 6, 12: 1} lean 1s (11s; 82 done, 19s/thm, ETA 70 min)
d3req_82: n_ok 510/2000 (nd-only 0, parse-fail 623) distinct_ok 2 first_hit 3 written_hist {8: 2} lean 1s (13s; 83 done, 19s/thm, ETA 69 min)
d3req_83: n_ok 8/2000 (nd-only 0, parse-fail 15) distinct_ok 2 first_hit 260 written_hist {8: 1, 9: 1} lean 0s (9s; 84 done, 19s/thm, ETA 68 min)
d3req_84: n_ok 1726/2000 (nd-only 0, parse-fail 245) distinct_ok 5 first_hit 1 written_hist {8: 2, 9: 2, 10: 1} lean 5s (16s; 85 done, 19s/thm, ETA 68 min)
d3req_85: n_ok 1189/2000 (nd-only 0, parse-fail 9) distinct_ok 6 first_hit 1 written_hist {8: 1, 9: 5} lean 2s (23s; 86 done, 19s/thm, ETA 68 min)
d3req_86: n_ok 355/2000 (nd-only 0, parse-fail 45) distinct_ok 7 first_hit 6 written_hist {8: 2, 9: 5} lean 3s (32s; 87 done, 19s/thm, ETA 68 min)
d3req_87: n_ok 914/2000 (nd-only 0, parse-fail 909) distinct_ok 4 first_hit 1 written_hist {8: 3, 9: 1} lean 5s (33s; 88 done, 19s/thm, ETA 68 min)
d3req_88: n_ok 0/2000 (nd-only 0, parse-fail 19) distinct_ok 0 first_hit None written_hist {} lean 0s (29s; 89 done, 19s/thm, ETA 68 min)
d3req_89: n_ok 988/2000 (nd-only 0, parse-fail 227) distinct_ok 4 first_hit 1 written_hist {8: 1, 9: 3} lean 8s (48s; 90 done, 20s/thm, ETA 69 min)
d3req_90: n_ok 1274/2000 (nd-only 0, parse-fail 351) distinct_ok 1 first_hit 1 written_hist {8: 1} lean 1s (24s; 91 done, 20s/thm, ETA 69 min)
d3req_91: n_ok 0/2000 (nd-only 0, parse-fail 7) distinct_ok 0 first_hit None written_hist {} lean 0s (5s; 92 done, 20s/thm, ETA 68 min)
d3req_92: n_ok 1427/2000 (nd-only 0, parse-fail 209) distinct_ok 3 first_hit 1 written_hist {8: 1, 9: 1, 10: 1} lean 0s (10s; 93 done, 20s/thm, ETA 67 min)
d3req_93: n_ok 138/2000 (nd-only 0, parse-fail 168) distinct_ok 1 first_hit 1 written_hist {8: 1} lean 0s (16s; 94 done, 19s/thm, ETA 67 min)
d3req_94: n_ok 861/2000 (nd-only 0, parse-fail 294) distinct_ok 4 first_hit 2 written_hist {8: 1, 9: 3} lean 1s (8s; 95 done, 19s/thm, ETA 66 min)
d3req_95: n_ok 1800/2000 (nd-only 0, parse-fail 89) distinct_ok 7 first_hit 1 written_hist {8: 1, 9: 5, 10: 1} lean 0s (10s; 96 done, 19s/thm, ETA 65 min)
d3req_96: n_ok 1077/2000 (nd-only 0, parse-fail 514) distinct_ok 2 first_hit 1 written_hist {8: 1, 9: 1} lean 0s (18s; 97 done, 19s/thm, ETA 65 min)
d3req_97: n_ok 9/2000 (nd-only 0, parse-fail 104) distinct_ok 1 first_hit 191 written_hist {8: 1} lean 0s (7s; 98 done, 19s/thm, ETA 64 min)
d3req_98: n_ok 57/2000 (nd-only 0, parse-fail 25) distinct_ok 5 first_hit 92 written_hist {8: 2, 9: 3} lean 0s (13s; 99 done, 19s/thm, ETA 64 min)
d3req_99: n_ok 1872/2000 (nd-only 0, parse-fail 59) distinct_ok 8 first_hit 1 written_hist {8: 2, 9: 6} lean 0s (12s; 100 done, 19s/thm, ETA 63 min)
d3req_100: n_ok 1003/2000 (nd-only 0, parse-fail 89) distinct_ok 13 first_hit 2 written_hist {8: 1, 9: 9, 10: 3} lean 1s (15s; 101 done, 19s/thm, ETA 63 min)
d3req_101: n_ok 699/2000 (nd-only 0, parse-fail 351) distinct_ok 4 first_hit 1 written_hist {8: 3, 9: 1} lean 1s (15s; 102 done, 19s/thm, ETA 62 min)
d3req_102: n_ok 1291/2000 (nd-only 0, parse-fail 533) distinct_ok 4 first_hit 1 written_hist {8: 1, 9: 3} lean 0s (14s; 103 done, 19s/thm, ETA 62 min)
d3req_103: n_ok 1923/2000 (nd-only 0, parse-fail 53) distinct_ok 2 first_hit 1 written_hist {8: 1, 11: 1} lean 0s (15s; 104 done, 19s/thm, ETA 61 min)
d3req_104: n_ok 1723/2000 (nd-only 0, parse-fail 223) distinct_ok 6 first_hit 1 written_hist {8: 1, 9: 1, 10: 3, 11: 1} lean 0s (15s; 105 done, 19s/thm, ETA 61 min)
d3req_105: n_ok 694/2000 (nd-only 0, parse-fail 1286) distinct_ok 2 first_hit 1 written_hist {8: 1, 9: 1} lean 0s (9s; 106 done, 19s/thm, ETA 60 min)
d3req_106: n_ok 1676/2000 (nd-only 0, parse-fail 186) distinct_ok 3 first_hit 1 written_hist {8: 3} lean 1s (6s; 107 done, 19s/thm, ETA 60 min)
d3req_107: n_ok 92/2000 (nd-only 0, parse-fail 1590) distinct_ok 2 first_hit 43 written_hist {8: 1, 9: 1} lean 0s (14s; 108 done, 19s/thm, ETA 59 min)
d3req_108: n_ok 410/2000 (nd-only 0, parse-fail 1293) distinct_ok 11 first_hit 5 written_hist {8: 2, 9: 9} lean 1s (10s; 109 done, 18s/thm, ETA 59 min)
d3req_109: n_ok 1682/2000 (nd-only 0, parse-fail 144) distinct_ok 3 first_hit 2 written_hist {8: 1, 9: 2} lean 1s (12s; 110 done, 18s/thm, ETA 58 min)
d3req_110: n_ok 1851/2000 (nd-only 0, parse-fail 135) distinct_ok 2 first_hit 1 written_hist {8: 1, 9: 1} lean 0s (12s; 111 done, 18s/thm, ETA 58 min)
d3req_111: n_ok 1815/2000 (nd-only 0, parse-fail 157) distinct_ok 4 first_hit 1 written_hist {8: 2, 11: 2} lean 1s (11s; 112 done, 18s/thm, ETA 57 min)
d3req_112: n_ok 1219/2000 (nd-only 0, parse-fail 672) distinct_ok 6 first_hit 1 written_hist {8: 1, 9: 3, 11: 2} lean 1s (11s; 113 done, 18s/thm, ETA 57 min)
d3req_113: n_ok 14/2000 (nd-only 0, parse-fail 102) distinct_ok 3 first_hit 113 written_hist {8: 1, 9: 1, 10: 1} lean 0s (9s; 114 done, 18s/thm, ETA 56 min)
d3req_114: n_ok 299/2000 (nd-only 0, parse-fail 1275) distinct_ok 2 first_hit 6 written_hist {8: 2} lean 1s (11s; 115 done, 18s/thm, ETA 56 min)
d3req_115: n_ok 1221/2000 (nd-only 0, parse-fail 250) distinct_ok 9 first_hit 1 written_hist {8: 1, 9: 7, 10: 1} lean 1s (10s; 116 done, 18s/thm, ETA 55 min)
d3req_116: n_ok 0/2000 (nd-only 0, parse-fail 10) distinct_ok 0 first_hit None written_hist {} lean 0s (10s; 117 done, 18s/thm, ETA 55 min)
d3req_117: n_ok 955/2000 (nd-only 0, parse-fail 856) distinct_ok 3 first_hit 1 written_hist {8: 3} lean 1s (14s; 118 done, 18s/thm, ETA 54 min)
d3req_118: n_ok 1841/2000 (nd-only 0, parse-fail 114) distinct_ok 2 first_hit 1 written_hist {8: 2} lean 1s (9s; 119 done, 18s/thm, ETA 54 min)
d3req_119: n_ok 7/2000 (nd-only 0, parse-fail 276) distinct_ok 1 first_hit 102 written_hist {8: 1} lean 0s (12s; 120 done, 18s/thm, ETA 53 min)
d3req_120: n_ok 311/2000 (nd-only 0, parse-fail 40) distinct_ok 8 first_hit 1 written_hist {8: 1, 9: 7} lean 1s (11s; 121 done, 18s/thm, ETA 53 min)
d3req_121: n_ok 668/2000 (nd-only 0, parse-fail 41) distinct_ok 1 first_hit 7 written_hist {8: 1} lean 1s (8s; 122 done, 18s/thm, ETA 52 min)
d3req_122: n_ok 1694/2000 (nd-only 0, parse-fail 85) distinct_ok 5 first_hit 1 written_hist {8: 3, 9: 2} lean 2s (11s; 123 done, 18s/thm, ETA 52 min)
d3req_123: n_ok 1147/2000 (nd-only 0, parse-fail 300) distinct_ok 1 first_hit 1 written_hist {8: 1} lean 2s (13s; 124 done, 18s/thm, ETA 52 min)
d3req_124: n_ok 326/2000 (nd-only 0, parse-fail 1635) distinct_ok 1 first_hit 7 written_hist {8: 1} lean 1s (13s; 125 done, 18s/thm, ETA 51 min)
d3req_125: n_ok 1833/2000 (nd-only 0, parse-fail 65) distinct_ok 13 first_hit 1 written_hist {8: 1, 9: 11, 10: 1} lean 2s (11s; 126 done, 17s/thm, ETA 51 min)
d3req_126: n_ok 84/2000 (nd-only 0, parse-fail 382) distinct_ok 2 first_hit 10 written_hist {8: 2} lean 1s (10s; 127 done, 17s/thm, ETA 50 min)
d3req_127: n_ok 791/2000 (nd-only 0, parse-fail 120) distinct_ok 12 first_hit 1 written_hist {8: 1, 9: 7, 10: 4} lean 2s (13s; 128 done, 17s/thm, ETA 50 min)
d3req_128: n_ok 1269/2000 (nd-only 0, parse-fail 37) distinct_ok 2 first_hit 1 written_hist {8: 2} lean 2s (10s; 129 done, 17s/thm, ETA 49 min)
d3req_129: n_ok 107/2000 (nd-only 0, parse-fail 1067) distinct_ok 6 first_hit 6 written_hist {8: 1, 9: 1, 10: 1, 11: 1, 13: 2} lean 2s (14s; 130 done, 17s/thm, ETA 49 min)
d3req_130: n_ok 140/2000 (nd-only 0, parse-fail 16) distinct_ok 3 first_hit 20 written_hist {8: 1, 9: 2} lean 2s (10s; 131 done, 17s/thm, ETA 49 min)
d3req_131: n_ok 160/2000 (nd-only 0, parse-fail 244) distinct_ok 7 first_hit 27 written_hist {8: 2, 9: 4, 10: 1} lean 2s (11s; 132 done, 17s/thm, ETA 48 min)
d3req_132: n_ok 461/2000 (nd-only 0, parse-fail 1318) distinct_ok 2 first_hit 5 written_hist {8: 1, 9: 1} lean 2s (14s; 133 done, 17s/thm, ETA 48 min)
d3req_133: n_ok 1474/2000 (nd-only 0, parse-fail 87) distinct_ok 10 first_hit 1 written_hist {8: 1, 9: 5, 10: 4} lean 1s (11s; 134 done, 17s/thm, ETA 47 min)
d3req_134: n_ok 1676/2000 (nd-only 0, parse-fail 282) distinct_ok 3 first_hit 1 written_hist {8: 1, 9: 2} lean 1s (14s; 135 done, 17s/thm, ETA 47 min)
d3req_135: n_ok 1/2000 (nd-only 0, parse-fail 468) distinct_ok 1 first_hit 1579 written_hist {8: 1} lean 0s (11s; 136 done, 17s/thm, ETA 47 min)
d3req_136: n_ok 130/2000 (nd-only 0, parse-fail 322) distinct_ok 3 first_hit 12 written_hist {8: 3} lean 0s (12s; 137 done, 17s/thm, ETA 46 min)
d3req_137: n_ok 753/2000 (nd-only 0, parse-fail 512) distinct_ok 6 first_hit 3 written_hist {8: 1, 9: 3, 10: 2} lean 1s (13s; 138 done, 17s/thm, ETA 46 min)
d3req_138: n_ok 1594/2000 (nd-only 0, parse-fail 343) distinct_ok 6 first_hit 1 written_hist {8: 1, 9: 5} lean 1s (9s; 139 done, 17s/thm, ETA 45 min)
d3req_139: n_ok 1867/2000 (nd-only 0, parse-fail 104) distinct_ok 3 first_hit 1 written_hist {8: 2, 9: 1} lean 1s (11s; 140 done, 17s/thm, ETA 45 min)
d3req_140: n_ok 1053/2000 (nd-only 0, parse-fail 161) distinct_ok 3 first_hit 1 written_hist {8: 2, 9: 1} lean 1s (13s; 141 done, 17s/thm, ETA 45 min)
d3req_141: n_ok 1719/2000 (nd-only 0, parse-fail 142) distinct_ok 10 first_hit 1 written_hist {8: 3, 9: 7} lean 3s (13s; 142 done, 17s/thm, ETA 44 min)
d3req_142: n_ok 0/2000 (nd-only 0, parse-fail 1249) distinct_ok 0 first_hit None written_hist {} lean 0s (11s; 143 done, 17s/thm, ETA 44 min)
d3req_143: n_ok 77/2000 (nd-only 0, parse-fail 85) distinct_ok 2 first_hit 6 written_hist {8: 2} lean 1s (13s; 144 done, 17s/thm, ETA 44 min)
d3req_144: n_ok 642/2000 (nd-only 0, parse-fail 1084) distinct_ok 3 first_hit 6 written_hist {8: 1, 9: 2} lean 1s (12s; 145 done, 17s/thm, ETA 43 min)
d3req_145: n_ok 81/2000 (nd-only 0, parse-fail 586) distinct_ok 2 first_hit 21 written_hist {8: 2} lean 1s (12s; 146 done, 17s/thm, ETA 43 min)
d3req_146: n_ok 333/2000 (nd-only 0, parse-fail 444) distinct_ok 6 first_hit 6 written_hist {8: 4, 9: 2} lean 2s (14s; 147 done, 17s/thm, ETA 43 min)
d3req_147: n_ok 71/2000 (nd-only 0, parse-fail 209) distinct_ok 3 first_hit 29 written_hist {8: 3} lean 2s (12s; 148 done, 17s/thm, ETA 42 min)
d3req_148: n_ok 60/2000 (nd-only 0, parse-fail 1642) distinct_ok 3 first_hit 3 written_hist {8: 2, 9: 1} lean 1s (17s; 149 done, 17s/thm, ETA 42 min)
d3req_149: n_ok 1909/2000 (nd-only 0, parse-fail 82) distinct_ok 3 first_hit 1 written_hist {8: 2, 9: 1} lean 2s (13s; 150 done, 17s/thm, ETA 42 min)
d3req_150: n_ok 638/2000 (nd-only 0, parse-fail 1270) distinct_ok 5 first_hit 4 written_hist {8: 2, 9: 2, 10: 1} lean 1s (14s; 151 done, 17s/thm, ETA 41 min)
d3req_151: n_ok 120/2000 (nd-only 0, parse-fail 369) distinct_ok 1 first_hit 3 written_hist {7: 1} lean 2s (15s; 152 done, 17s/thm, ETA 41 min)
d3req_152: n_ok 925/2000 (nd-only 0, parse-fail 151) distinct_ok 2 first_hit 1 written_hist {8: 1, 9: 1} lean 2s (12s; 153 done, 17s/thm, ETA 41 min)
d3req_153: n_ok 816/2000 (nd-only 0, parse-fail 125) distinct_ok 4 first_hit 2 written_hist {8: 1, 9: 3} lean 1s (13s; 154 done, 17s/thm, ETA 40 min)
d3req_154: n_ok 1905/2000 (nd-only 0, parse-fail 73) distinct_ok 4 first_hit 1 written_hist {8: 1, 9: 2, 11: 1} lean 14s (46s; 155 done, 17s/thm, ETA 40 min)
d3req_155: n_ok 0/2000 (nd-only 0, parse-fail 1796) distinct_ok 0 first_hit None written_hist {} lean 0s (46s; 156 done, 17s/thm, ETA 41 min)
d3req_156: n_ok 1026/2000 (nd-only 0, parse-fail 631) distinct_ok 17 first_hit 1 written_hist {8: 1, 9: 10, 10: 5, 11: 1} lean 22s (55s; 157 done, 17s/thm, ETA 41 min)
d3req_157: n_ok 1665/2000 (nd-only 0, parse-fail 14) distinct_ok 1 first_hit 1 written_hist {8: 1} lean 12s (35s; 158 done, 17s/thm, ETA 41 min)
d3req_158: n_ok 1279/2000 (nd-only 0, parse-fail 480) distinct_ok 4 first_hit 6 written_hist {8: 1, 9: 2, 10: 1} lean 12s (55s; 159 done, 18s/thm, ETA 41 min)
d3req_159: n_ok 663/2000 (nd-only 0, parse-fail 89) distinct_ok 7 first_hit 12 written_hist {8: 1, 9: 6} lean 28s (45s; 160 done, 18s/thm, ETA 41 min)
d3req_160: n_ok 482/2000 (nd-only 0, parse-fail 693) distinct_ok 3 first_hit 4 written_hist {8: 1, 9: 1, 11: 1} lean 17s (57s; 161 done, 18s/thm, ETA 42 min)
d3req_161: n_ok 1660/2000 (nd-only 0, parse-fail 90) distinct_ok 10 first_hit 4 written_hist {8: 2, 9: 8} lean 20s (48s; 162 done, 18s/thm, ETA 42 min)
d3req_162: n_ok 1468/2000 (nd-only 0, parse-fail 142) distinct_ok 4 first_hit 1 written_hist {8: 1, 9: 2, 10: 1} lean 10s (30s; 163 done, 18s/thm, ETA 42 min)
d3req_163: n_ok 531/2000 (nd-only 0, parse-fail 239) distinct_ok 6 first_hit 5 written_hist {8: 1, 9: 5} lean 13s (45s; 164 done, 18s/thm, ETA 42 min)
d3req_164: n_ok 0/2000 (nd-only 0, parse-fail 18) distinct_ok 0 first_hit None written_hist {} lean 0s (26s; 165 done, 18s/thm, ETA 41 min)
d3req_165: n_ok 824/2000 (nd-only 0, parse-fail 371) distinct_ok 7 first_hit 5 written_hist {8: 3, 9: 4} lean 16s (39s; 166 done, 19s/thm, ETA 41 min)
d3req_166: n_ok 517/2000 (nd-only 0, parse-fail 33) distinct_ok 7 first_hit 1 written_hist {8: 1, 9: 6} lean 8s (34s; 167 done, 19s/thm, ETA 41 min)
d3req_167: n_ok 1351/2000 (nd-only 0, parse-fail 175) distinct_ok 5 first_hit 1 written_hist {8: 1, 9: 2, 10: 2} lean 8s (50s; 168 done, 19s/thm, ETA 41 min)
d3req_168: n_ok 90/2000 (nd-only 0, parse-fail 1897) distinct_ok 1 first_hit 11 written_hist {8: 1} lean 2s (34s; 169 done, 19s/thm, ETA 41 min)
d3req_169: n_ok 218/2000 (nd-only 0, parse-fail 23) distinct_ok 13 first_hit 15 written_hist {8: 1, 9: 10, 10: 1, 11: 1} lean 1s (9s; 170 done, 19s/thm, ETA 41 min)
d3req_170: n_ok 304/2000 (nd-only 0, parse-fail 247) distinct_ok 2 first_hit 4 written_hist {8: 2} lean 1s (9s; 171 done, 19s/thm, ETA 40 min)
d3req_171: n_ok 397/2000 (nd-only 0, parse-fail 1377) distinct_ok 1 first_hit 7 written_hist {8: 1} lean 0s (15s; 172 done, 19s/thm, ETA 40 min)
d3req_172: n_ok 175/2000 (nd-only 0, parse-fail 915) distinct_ok 1 first_hit 8 written_hist {8: 1} lean 0s (17s; 173 done, 19s/thm, ETA 40 min)
d3req_173: n_ok 1645/2000 (nd-only 0, parse-fail 134) distinct_ok 6 first_hit 1 written_hist {8: 1, 9: 5} lean 1s (11s; 174 done, 19s/thm, ETA 39 min)
d3req_174: n_ok 1569/2000 (nd-only 0, parse-fail 339) distinct_ok 2 first_hit 1 written_hist {8: 1, 11: 1} lean 0s (15s; 175 done, 19s/thm, ETA 39 min)
d3req_175: n_ok 1931/2000 (nd-only 0, parse-fail 66) distinct_ok 2 first_hit 1 written_hist {8: 1, 9: 1} lean 59s (76s; 176 done, 19s/thm, ETA 39 min)
d3req_176: n_ok 43/2000 (nd-only 0, parse-fail 826) distinct_ok 1 first_hit 14 written_hist {8: 1} lean 15s (48s; 177 done, 19s/thm, ETA 39 min)
d3req_177: n_ok 1800/2000 (nd-only 0, parse-fail 160) distinct_ok 4 first_hit 1 written_hist {8: 1, 9: 3} lean 18s (48s; 178 done, 19s/thm, ETA 39 min)
d3req_178: n_ok 0/2000 (nd-only 0, parse-fail 511) distinct_ok 0 first_hit None written_hist {} lean 0s (29s; 179 done, 19s/thm, ETA 39 min)
d3req_179: n_ok 129/2000 (nd-only 0, parse-fail 49) distinct_ok 5 first_hit 3 written_hist {8: 1, 9: 4} lean 8s (31s; 180 done, 19s/thm, ETA 39 min)
d3req_180: n_ok 1411/2000 (nd-only 0, parse-fail 286) distinct_ok 2 first_hit 3 written_hist {8: 1, 9: 1} lean 14s (43s; 181 done, 20s/thm, ETA 39 min)
d3req_181: n_ok 1569/2000 (nd-only 0, parse-fail 115) distinct_ok 2 first_hit 1 written_hist {8: 1, 9: 1} lean 14s (42s; 182 done, 20s/thm, ETA 39 min)
d3req_182: n_ok 1581/2000 (nd-only 0, parse-fail 283) distinct_ok 5 first_hit 1 written_hist {8: 2, 9: 2, 11: 1} lean 13s (39s; 183 done, 20s/thm, ETA 39 min)
d3req_183: n_ok 900/2000 (nd-only 0, parse-fail 9) distinct_ok 1 first_hit 1 written_hist {8: 1} lean 15s (44s; 184 done, 20s/thm, ETA 39 min)
d3req_184: n_ok 699/2000 (nd-only 0, parse-fail 138) distinct_ok 5 first_hit 1 written_hist {8: 1, 9: 4} lean 13s (43s; 185 done, 20s/thm, ETA 38 min)
d3req_185: n_ok 232/2000 (nd-only 0, parse-fail 1699) distinct_ok 1 first_hit 7 written_hist {8: 1} lean 7s (39s; 186 done, 20s/thm, ETA 38 min)
d3req_186: n_ok 905/2000 (nd-only 0, parse-fail 726) distinct_ok 2 first_hit 3 written_hist {8: 1, 9: 1} lean 7s (35s; 187 done, 20s/thm, ETA 38 min)
d3req_187: n_ok 1726/2000 (nd-only 0, parse-fail 143) distinct_ok 6 first_hit 1 written_hist {8: 3, 9: 3} lean 6s (41s; 188 done, 20s/thm, ETA 38 min)
d3req_188: n_ok 302/2000 (nd-only 0, parse-fail 133) distinct_ok 2 first_hit 5 written_hist {8: 1, 11: 1} lean 6s (29s; 189 done, 20s/thm, ETA 38 min)
d3req_189: n_ok 1548/2000 (nd-only 0, parse-fail 392) distinct_ok 2 first_hit 2 written_hist {8: 1, 9: 1} lean 6s (33s; 190 done, 20s/thm, ETA 37 min)
d3req_190: n_ok 1703/2000 (nd-only 0, parse-fail 252) distinct_ok 6 first_hit 1 written_hist {8: 2, 9: 2, 11: 2} lean 7s (35s; 191 done, 21s/thm, ETA 37 min)
d3req_191: n_ok 137/2000 (nd-only 0, parse-fail 497) distinct_ok 6 first_hit 13 written_hist {8: 2, 9: 4} lean 1s (19s; 192 done, 21s/thm, ETA 37 min)
d3req_192: n_ok 4/2000 (nd-only 0, parse-fail 19) distinct_ok 1 first_hit 811 written_hist {8: 1} lean 0s (6s; 193 done, 20s/thm, ETA 36 min)
d3req_193: n_ok 446/2000 (nd-only 0, parse-fail 252) distinct_ok 7 first_hit 6 written_hist {8: 1, 9: 6} lean 1s (11s; 194 done, 20s/thm, ETA 36 min)
d3req_194: n_ok 1021/2000 (nd-only 0, parse-fail 957) distinct_ok 2 first_hit 1 written_hist {8: 1, 9: 1} lean 0s (13s; 195 done, 20s/thm, ETA 36 min)
d3req_195: n_ok 243/2000 (nd-only 0, parse-fail 473) distinct_ok 1 first_hit 2 written_hist {8: 1} lean 0s (8s; 196 done, 20s/thm, ETA 35 min)
d3req_196: n_ok 385/2000 (nd-only 0, parse-fail 1581) distinct_ok 1 first_hit 1 written_hist {8: 1} lean 0s (14s; 197 done, 20s/thm, ETA 35 min)
d3req_197: n_ok 1040/2000 (nd-only 0, parse-fail 712) distinct_ok 1 first_hit 3 written_hist {7: 1} lean 0s (11s; 198 done, 20s/thm, ETA 34 min)
d3req_198: n_ok 1898/2000 (nd-only 0, parse-fail 42) distinct_ok 5 first_hit 1 written_hist {8: 2, 9: 3} lean 1s (11s; 199 done, 20s/thm, ETA 34 min)
d3req_199: n_ok 2/2000 (nd-only 0, parse-fail 1088) distinct_ok 1 first_hit 724 written_hist {9: 1} lean 0s (15s; 200 done, 20s/thm, ETA 34 min)
d3req_200: n_ok 770/2000 (nd-only 0, parse-fail 815) distinct_ok 10 first_hit 1 written_hist {8: 2, 9: 3, 11: 2, 12: 2, 13: 1} lean 1s (14s; 201 done, 20s/thm, ETA 33 min)
d3req_201: n_ok 9/2000 (nd-only 0, parse-fail 702) distinct_ok 2 first_hit 392 written_hist {8: 1, 9: 1} lean 0s (10s; 202 done, 20s/thm, ETA 33 min)
d3req_202: n_ok 1394/2000 (nd-only 0, parse-fail 471) distinct_ok 5 first_hit 1 written_hist {8: 2, 9: 3} lean 1s (11s; 203 done, 20s/thm, ETA 32 min)
d3req_203: n_ok 1578/2000 (nd-only 0, parse-fail 86) distinct_ok 17 first_hit 1 written_hist {8: 2, 9: 9, 10: 6} lean 1s (12s; 204 done, 20s/thm, ETA 32 min)
d3req_204: n_ok 1091/2000 (nd-only 0, parse-fail 65) distinct_ok 6 first_hit 2 written_hist {7: 1, 8: 3, 9: 1, 10: 1} lean 0s (14s; 205 done, 20s/thm, ETA 32 min)
d3req_205: n_ok 22/2000 (nd-only 0, parse-fail 113) distinct_ok 3 first_hit 139 written_hist {8: 1, 9: 2} lean 0s (8s; 206 done, 20s/thm, ETA 31 min)
d3req_206: n_ok 10/2000 (nd-only 0, parse-fail 390) distinct_ok 1 first_hit 172 written_hist {8: 1} lean 0s (10s; 207 done, 20s/thm, ETA 31 min)
d3req_207: n_ok 1850/2000 (nd-only 0, parse-fail 80) distinct_ok 3 first_hit 1 written_hist {8: 1, 9: 2} lean 1s (9s; 208 done, 20s/thm, ETA 30 min)
d3req_208: n_ok 719/2000 (nd-only 0, parse-fail 832) distinct_ok 2 first_hit 2 written_hist {8: 1, 9: 1} lean 11s (26s; 209 done, 20s/thm, ETA 30 min)
d3req_209: n_ok 676/2000 (nd-only 0, parse-fail 1306) distinct_ok 5 first_hit 2 written_hist {8: 1, 9: 4} lean 8s (45s; 210 done, 20s/thm, ETA 30 min)
d3req_210: n_ok 873/2000 (nd-only 0, parse-fail 1077) distinct_ok 3 first_hit 6 written_hist {8: 1, 9: 2} lean 9s (46s; 211 done, 20s/thm, ETA 30 min)
d3req_211: n_ok 1837/2000 (nd-only 0, parse-fail 62) distinct_ok 5 first_hit 2 written_hist {8: 1, 9: 4} lean 7s (34s; 212 done, 20s/thm, ETA 30 min)
d3req_212: n_ok 1772/2000 (nd-only 0, parse-fail 114) distinct_ok 7 first_hit 1 written_hist {8: 1, 9: 6} lean 6s (45s; 213 done, 20s/thm, ETA 29 min)
d3req_213: n_ok 51/2000 (nd-only 0, parse-fail 623) distinct_ok 2 first_hit 44 written_hist {8: 2} lean 7s (39s; 214 done, 20s/thm, ETA 29 min)
d3req_214: n_ok 1703/2000 (nd-only 0, parse-fail 44) distinct_ok 2 first_hit 1 written_hist {8: 1, 10: 1} lean 0s (15s; 215 done, 20s/thm, ETA 29 min)
d3req_215: n_ok 76/2000 (nd-only 0, parse-fail 810) distinct_ok 1 first_hit 31 written_hist {8: 1} lean 0s (14s; 216 done, 20s/thm, ETA 28 min)
d3req_216: n_ok 831/2000 (nd-only 0, parse-fail 91) distinct_ok 4 first_hit 3 written_hist {8: 2, 9: 2} lean 5s (15s; 217 done, 20s/thm, ETA 28 min)
d3req_217: n_ok 2/2000 (nd-only 0, parse-fail 602) distinct_ok 2 first_hit 1148 written_hist {8: 2} lean 0s (6s; 218 done, 20s/thm, ETA 28 min)
d3req_218: n_ok 1664/2000 (nd-only 0, parse-fail 184) distinct_ok 8 first_hit 1 written_hist {8: 3, 9: 5} lean 0s (9s; 219 done, 20s/thm, ETA 27 min)
d3req_219: n_ok 1739/2000 (nd-only 0, parse-fail 221) distinct_ok 7 first_hit 1 written_hist {8: 1, 9: 3, 11: 3} lean 1s (10s; 220 done, 20s/thm, ETA 27 min)
d3req_220: n_ok 1676/2000 (nd-only 0, parse-fail 273) distinct_ok 3 first_hit 1 written_hist {8: 1, 9: 2} lean 0s (13s; 221 done, 20s/thm, ETA 26 min)
d3req_221: n_ok 1155/2000 (nd-only 0, parse-fail 276) distinct_ok 26 first_hit 1 written_hist {8: 18, 9: 8} lean 2s (12s; 222 done, 20s/thm, ETA 26 min)
d3req_222: n_ok 598/2000 (nd-only 0, parse-fail 259) distinct_ok 3 first_hit 1 written_hist {8: 1, 9: 2} lean 0s (11s; 223 done, 20s/thm, ETA 26 min)
d3req_223: n_ok 0/2000 (nd-only 0, parse-fail 0) distinct_ok 0 first_hit None written_hist {} lean 0s (9s; 224 done, 20s/thm, ETA 25 min)
d3req_224: n_ok 89/2000 (nd-only 0, parse-fail 229) distinct_ok 1 first_hit 14 written_hist {8: 1} lean 0s (11s; 225 done, 20s/thm, ETA 25 min)
d3req_225: n_ok 1803/2000 (nd-only 0, parse-fail 7) distinct_ok 2 first_hit 1 written_hist {8: 1, 9: 1} lean 0s (10s; 226 done, 20s/thm, ETA 24 min)
d3req_226: n_ok 0/2000 (nd-only 0, parse-fail 28) distinct_ok 0 first_hit None written_hist {} lean 0s (10s; 227 done, 20s/thm, ETA 24 min)
d3req_227: n_ok 1304/2000 (nd-only 0, parse-fail 172) distinct_ok 1 first_hit 1 written_hist {8: 1} lean 0s (11s; 228 done, 20s/thm, ETA 24 min)
d3req_228: n_ok 11/2000 (nd-only 0, parse-fail 1028) distinct_ok 2 first_hit 321 written_hist {8: 1, 10: 1} lean 0s (15s; 229 done, 20s/thm, ETA 23 min)
d3req_229: n_ok 1936/2000 (nd-only 0, parse-fail 37) distinct_ok 7 first_hit 1 written_hist {8: 1, 9: 6} lean 0s (11s; 230 done, 20s/thm, ETA 23 min)
d3req_230: n_ok 1/2000 (nd-only 0, parse-fail 8) distinct_ok 1 first_hit 173 written_hist {8: 1} lean 0s (10s; 231 done, 20s/thm, ETA 23 min)
d3req_231: n_ok 960/2000 (nd-only 0, parse-fail 615) distinct_ok 4 first_hit 2 written_hist {8: 1, 9: 3} lean 1s (14s; 232 done, 20s/thm, ETA 22 min)
d3req_232: n_ok 1181/2000 (nd-only 0, parse-fail 206) distinct_ok 10 first_hit 2 written_hist {8: 2, 9: 8} lean 1s (12s; 233 done, 20s/thm, ETA 22 min)
d3req_233: n_ok 1120/2000 (nd-only 0, parse-fail 834) distinct_ok 1 first_hit 1 written_hist {8: 1} lean 5s (28s; 234 done, 20s/thm, ETA 22 min)
d3req_234: n_ok 174/2000 (nd-only 0, parse-fail 46) distinct_ok 2 first_hit 13 written_hist {8: 2} lean 7s (32s; 235 done, 20s/thm, ETA 21 min)
d3req_235: n_ok 1670/2000 (nd-only 0, parse-fail 260) distinct_ok 1 first_hit 1 written_hist {8: 1} lean 7s (39s; 236 done, 20s/thm, ETA 21 min)
d3req_236: n_ok 0/2000 (nd-only 0, parse-fail 1270) distinct_ok 0 first_hit None written_hist {} lean 0s (72s; 237 done, 20s/thm, ETA 21 min)
d3req_237: n_ok 380/2000 (nd-only 0, parse-fail 258) distinct_ok 6 first_hit 5 written_hist {8: 1, 9: 5} lean 13s (43s; 238 done, 20s/thm, ETA 21 min)
d3req_238: n_ok 16/2000 (nd-only 0, parse-fail 1971) distinct_ok 2 first_hit 52 written_hist {9: 2} lean 6s (45s; 239 done, 20s/thm, ETA 21 min)
d3req_239: n_ok 922/2000 (nd-only 0, parse-fail 153) distinct_ok 1 first_hit 5 written_hist {8: 1} lean 0s (15s; 240 done, 20s/thm, ETA 20 min)
d3req_240: n_ok 1730/2000 (nd-only 0, parse-fail 61) distinct_ok 9 first_hit 1 written_hist {8: 2, 9: 6, 11: 1} lean 1s (7s; 241 done, 20s/thm, ETA 20 min)
d3req_241: n_ok 1034/2000 (nd-only 0, parse-fail 153) distinct_ok 1 first_hit 3 written_hist {8: 1} lean 0s (10s; 242 done, 20s/thm, ETA 19 min)
d3req_242: n_ok 1274/2000 (nd-only 0, parse-fail 90) distinct_ok 4 first_hit 4 written_hist {8: 2, 9: 2} lean 1s (11s; 243 done, 20s/thm, ETA 19 min)
d3req_243: n_ok 12/2000 (nd-only 0, parse-fail 29) distinct_ok 2 first_hit 16 written_hist {8: 2} lean 0s (8s; 244 done, 20s/thm, ETA 19 min)
d3req_244: n_ok 160/2000 (nd-only 0, parse-fail 167) distinct_ok 6 first_hit 5 written_hist {8: 5, 9: 1} lean 0s (10s; 245 done, 20s/thm, ETA 18 min)
d3req_245: n_ok 1882/2000 (nd-only 0, parse-fail 67) distinct_ok 4 first_hit 1 written_hist {8: 1, 9: 3} lean 1s (18s; 246 done, 20s/thm, ETA 18 min)
d3req_246: n_ok 1690/2000 (nd-only 0, parse-fail 123) distinct_ok 2 first_hit 1 written_hist {8: 1, 9: 1} lean 0s (7s; 247 done, 20s/thm, ETA 18 min)
d3req_247: n_ok 1476/2000 (nd-only 0, parse-fail 64) distinct_ok 4 first_hit 2 written_hist {8: 1, 9: 2, 10: 1} lean 0s (11s; 248 done, 20s/thm, ETA 17 min)
d3req_248: n_ok 1105/2000 (nd-only 0, parse-fail 75) distinct_ok 6 first_hit 1 written_hist {8: 1, 9: 5} lean 1s (16s; 249 done, 20s/thm, ETA 17 min)
d3req_249: n_ok 998/2000 (nd-only 0, parse-fail 235) distinct_ok 9 first_hit 3 written_hist {8: 1, 9: 6, 10: 2} lean 1s (16s; 250 done, 20s/thm, ETA 17 min)
d3req_250: n_ok 1330/2000 (nd-only 0, parse-fail 652) distinct_ok 5 first_hit 1 written_hist {8: 1, 9: 4} lean 1s (19s; 251 done, 20s/thm, ETA 16 min)
d3req_251: n_ok 258/2000 (nd-only 0, parse-fail 1559) distinct_ok 1 first_hit 9 written_hist {8: 1} lean 0s (18s; 252 done, 20s/thm, ETA 16 min)
d3req_252: n_ok 375/2000 (nd-only 0, parse-fail 114) distinct_ok 2 first_hit 2 written_hist {8: 1, 9: 1} lean 0s (15s; 253 done, 20s/thm, ETA 16 min)
d3req_253: n_ok 1344/2000 (nd-only 0, parse-fail 639) distinct_ok 1 first_hit 1 written_hist {8: 1} lean 1s (14s; 254 done, 20s/thm, ETA 15 min)
d3req_254: n_ok 1545/2000 (nd-only 0, parse-fail 149) distinct_ok 1 first_hit 1 written_hist {8: 1} lean 0s (10s; 255 done, 20s/thm, ETA 15 min)
d3req_255: n_ok 1552/2000 (nd-only 0, parse-fail 379) distinct_ok 7 first_hit 1 written_hist {8: 3, 9: 4} lean 1s (10s; 256 done, 20s/thm, ETA 14 min)
d3req_256: n_ok 177/2000 (nd-only 0, parse-fail 550) distinct_ok 4 first_hit 4 written_hist {8: 4} lean 1s (10s; 257 done, 20s/thm, ETA 14 min)
d3req_257: n_ok 577/2000 (nd-only 0, parse-fail 19) distinct_ok 4 first_hit 10 written_hist {8: 2, 9: 2} lean 0s (8s; 258 done, 20s/thm, ETA 14 min)
d3req_258: n_ok 184/2000 (nd-only 0, parse-fail 335) distinct_ok 1 first_hit 7 written_hist {8: 1} lean 0s (8s; 259 done, 20s/thm, ETA 13 min)
d3req_259: n_ok 492/2000 (nd-only 0, parse-fail 970) distinct_ok 5 first_hit 3 written_hist {8: 2, 10: 1, 11: 1, 13: 1} lean 1s (15s; 260 done, 20s/thm, ETA 13 min)
d3req_260: n_ok 1404/2000 (nd-only 0, parse-fail 339) distinct_ok 3 first_hit 1 written_hist {8: 1, 9: 2} lean 0s (10s; 261 done, 20s/thm, ETA 13 min)
d3req_261: n_ok 367/2000 (nd-only 0, parse-fail 1572) distinct_ok 1 first_hit 2 written_hist {8: 1} lean 0s (13s; 262 done, 20s/thm, ETA 12 min)
d3req_262: n_ok 241/2000 (nd-only 0, parse-fail 1693) distinct_ok 1 first_hit 2 written_hist {8: 1} lean 0s (14s; 263 done, 19s/thm, ETA 12 min)
d3req_263: n_ok 339/2000 (nd-only 0, parse-fail 183) distinct_ok 10 first_hit 5 written_hist {8: 1, 9: 9} lean 0s (9s; 264 done, 19s/thm, ETA 12 min)
d3req_264: n_ok 277/2000 (nd-only 0, parse-fail 1644) distinct_ok 4 first_hit 1 written_hist {8: 1, 9: 3} lean 0s (16s; 265 done, 19s/thm, ETA 11 min)
d3req_265: n_ok 1291/2000 (nd-only 0, parse-fail 679) distinct_ok 4 first_hit 2 written_hist {8: 2, 9: 2} lean 1s (13s; 266 done, 19s/thm, ETA 11 min)
d3req_266: n_ok 548/2000 (nd-only 0, parse-fail 615) distinct_ok 7 first_hit 1 written_hist {8: 1, 9: 6} lean 0s (11s; 267 done, 19s/thm, ETA 11 min)
d3req_267: n_ok 796/2000 (nd-only 0, parse-fail 44) distinct_ok 7 first_hit 3 written_hist {8: 1, 9: 4, 10: 2} lean 1s (9s; 268 done, 19s/thm, ETA 10 min)
d3req_268: n_ok 319/2000 (nd-only 0, parse-fail 346) distinct_ok 7 first_hit 4 written_hist {8: 1, 9: 6} lean 1s (11s; 269 done, 19s/thm, ETA 10 min)
d3req_269: n_ok 684/2000 (nd-only 0, parse-fail 372) distinct_ok 6 first_hit 1 written_hist {8: 1, 9: 5} lean 1s (14s; 270 done, 19s/thm, ETA 10 min)
d3req_270: n_ok 1125/2000 (nd-only 0, parse-fail 152) distinct_ok 16 first_hit 2 written_hist {8: 7, 9: 8, 10: 1} lean 1s (13s; 271 done, 19s/thm, ETA 9 min)
d3req_271: n_ok 1132/2000 (nd-only 0, parse-fail 95) distinct_ok 3 first_hit 1 written_hist {8: 1, 9: 2} lean 0s (8s; 272 done, 19s/thm, ETA 9 min)
d3req_272: n_ok 1574/2000 (nd-only 0, parse-fail 57) distinct_ok 2 first_hit 1 written_hist {7: 1, 8: 1} lean 1s (9s; 273 done, 19s/thm, ETA 9 min)
d3req_273: n_ok 337/2000 (nd-only 0, parse-fail 33) distinct_ok 12 first_hit 3 written_hist {8: 1, 9: 11} lean 1s (11s; 274 done, 19s/thm, ETA 8 min)
d3req_274: n_ok 1505/2000 (nd-only 0, parse-fail 255) distinct_ok 1 first_hit 1 written_hist {8: 1} lean 0s (11s; 275 done, 19s/thm, ETA 8 min)
d3req_275: n_ok 1/2000 (nd-only 0, parse-fail 59) distinct_ok 1 first_hit 685 written_hist {9: 1} lean 0s (9s; 276 done, 19s/thm, ETA 8 min)
d3req_276: n_ok 1463/2000 (nd-only 0, parse-fail 63) distinct_ok 2 first_hit 1 written_hist {8: 1, 9: 1} lean 0s (11s; 277 done, 19s/thm, ETA 7 min)
d3req_277: n_ok 1609/2000 (nd-only 0, parse-fail 318) distinct_ok 3 first_hit 1 written_hist {7: 1, 8: 2} lean 0s (11s; 278 done, 19s/thm, ETA 7 min)
d3req_278: n_ok 11/2000 (nd-only 0, parse-fail 315) distinct_ok 1 first_hit 88 written_hist {8: 1} lean 0s (11s; 279 done, 19s/thm, ETA 7 min)
d3req_279: n_ok 1328/2000 (nd-only 0, parse-fail 295) distinct_ok 7 first_hit 1 written_hist {8: 1, 9: 5, 11: 1} lean 1s (10s; 280 done, 19s/thm, ETA 6 min)
d3req_280: n_ok 1922/2000 (nd-only 0, parse-fail 52) distinct_ok 7 first_hit 1 written_hist {8: 1, 9: 6} lean 1s (11s; 281 done, 19s/thm, ETA 6 min)
d3req_281: n_ok 191/2000 (nd-only 0, parse-fail 1042) distinct_ok 4 first_hit 6 written_hist {8: 1, 9: 2, 11: 1} lean 0s (12s; 282 done, 19s/thm, ETA 6 min)
d3req_282: n_ok 1670/2000 (nd-only 0, parse-fail 46) distinct_ok 5 first_hit 1 written_hist {8: 1, 9: 4} lean 0s (11s; 283 done, 19s/thm, ETA 5 min)
d3req_283: n_ok 841/2000 (nd-only 0, parse-fail 549) distinct_ok 4 first_hit 1 written_hist {8: 1, 9: 3} lean 0s (12s; 284 done, 19s/thm, ETA 5 min)
d3req_284: n_ok 1254/2000 (nd-only 0, parse-fail 121) distinct_ok 4 first_hit 2 written_hist {8: 2, 9: 2} lean 1s (10s; 285 done, 19s/thm, ETA 5 min)
d3req_285: n_ok 1317/2000 (nd-only 0, parse-fail 463) distinct_ok 4 first_hit 1 written_hist {8: 1, 9: 2, 11: 1} lean 0s (12s; 286 done, 19s/thm, ETA 4 min)
d3req_286: n_ok 1824/2000 (nd-only 0, parse-fail 60) distinct_ok 14 first_hit 1 written_hist {8: 1, 9: 13} lean 1s (12s; 287 done, 19s/thm, ETA 4 min)
d3req_287: n_ok 1526/2000 (nd-only 0, parse-fail 200) distinct_ok 7 first_hit 2 written_hist {8: 1, 9: 5, 10: 1} lean 1s (12s; 288 done, 19s/thm, ETA 4 min)
d3req_288: n_ok 145/2000 (nd-only 0, parse-fail 663) distinct_ok 7 first_hit 2 written_hist {8: 6, 10: 1} lean 0s (11s; 289 done, 19s/thm, ETA 3 min)
d3req_289: n_ok 1483/2000 (nd-only 0, parse-fail 153) distinct_ok 2 first_hit 1 written_hist {8: 1, 9: 1} lean 0s (12s; 290 done, 19s/thm, ETA 3 min)
d3req_290: n_ok 107/2000 (nd-only 0, parse-fail 1667) distinct_ok 5 first_hit 6 written_hist {8: 1, 9: 4} lean 0s (18s; 291 done, 19s/thm, ETA 3 min)
d3req_291: n_ok 1290/2000 (nd-only 0, parse-fail 528) distinct_ok 3 first_hit 2 written_hist {8: 1, 9: 2} lean 1s (13s; 292 done, 19s/thm, ETA 2 min)
d3req_292: n_ok 1764/2000 (nd-only 0, parse-fail 69) distinct_ok 2 first_hit 1 written_hist {8: 1, 9: 1} lean 0s (12s; 293 done, 19s/thm, ETA 2 min)
d3req_293: n_ok 1463/2000 (nd-only 0, parse-fail 384) distinct_ok 11 first_hit 1 written_hist {8: 1, 9: 5, 10: 1, 11: 1, 13: 3} lean 10s (41s; 294 done, 19s/thm, ETA 2 min)
d3req_294: n_ok 1752/2000 (nd-only 0, parse-fail 73) distinct_ok 3 first_hit 1 written_hist {8: 1, 9: 2} lean 8s (40s; 295 done, 19s/thm, ETA 2 min)
d3req_295: n_ok 1001/2000 (nd-only 0, parse-fail 301) distinct_ok 2 first_hit 2 written_hist {8: 2} lean 7s (27s; 296 done, 19s/thm, ETA 1 min)
d3req_296: n_ok 504/2000 (nd-only 0, parse-fail 1374) distinct_ok 4 first_hit 2 written_hist {8: 2, 9: 2} lean 8s (48s; 297 done, 19s/thm, ETA 1 min)
d3req_297: n_ok 1363/2000 (nd-only 0, parse-fail 416) distinct_ok 13 first_hit 2 written_hist {8: 5, 9: 6, 11: 2} lean 13s (49s; 298 done, 19s/thm, ETA 1 min)
d3req_298: n_ok 1511/2000 (nd-only 0, parse-fail 110) distinct_ok 2 first_hit 1 written_hist {8: 1, 9: 1} lean 8s (37s; 299 done, 19s/thm, ETA 0 min)
d3req_299: n_ok 1441/2000 (nd-only 0, parse-fail 170) distinct_ok 6 first_hit 1 written_hist {8: 3, 9: 1, 13: 2} lean 10s (37s; 300 done, 19s/thm, ETA 0 min)
DONE {'nd_ok_lean_ok_texts': 23586, 'nd_ok_lean_rej_texts': 0, 'samples': 600000, 'parse_fail': 122084, 'nd_ok_samples': 262965, 'both_ok_samples': 262965, 'lean_wall_s': 911.5147957801819, 'lean_proc_s': 908.7319197654724}
END 2026-09-24T01:52:16Z
