START 2026-09-23T23:27:21Z until [ -f ckpts/dsc/stage1_a2_s1.pt ]; do sleep 30; done; python3 coverage_lean.py --ckpt ckpts/dsc/stage1_a2_s1.pt --in data/r3_1/depth3_req.jsonl --k 2000 --temperature 0.8 --seed 0 --batch 1024 --procs 2 --out artifacts/dsc/cov_a2_s1_d3req
shard 0/1: 300 theorems, 0 already done; k=2000 T=0.8 batch=1024
d3req_0: n_ok 0/2000 (nd-only 0, parse-fail 31) distinct_ok 0 first_hit None written_hist {} lean 0s (5s; 1 done, 5s/thm, ETA 25 min)
d3req_1: n_ok 1/2000 (nd-only 0, parse-fail 1986) distinct_ok 1 first_hit 983 written_hist {8: 1} lean 0s (7s; 2 done, 6s/thm, ETA 30 min)
d3req_2: n_ok 2/2000 (nd-only 0, parse-fail 16) distinct_ok 1 first_hit 289 written_hist {8: 1} lean 0s (7s; 3 done, 6s/thm, ETA 32 min)
d3req_3: n_ok 4/2000 (nd-only 0, parse-fail 1547) distinct_ok 1 first_hit 119 written_hist {8: 1} lean 0s (9s; 4 done, 7s/thm, ETA 35 min)
d3req_4: n_ok 3/2000 (nd-only 0, parse-fail 470) distinct_ok 2 first_hit 415 written_hist {8: 2} lean 0s (7s; 5 done, 7s/thm, ETA 35 min)
d3req_5: n_ok 572/2000 (nd-only 0, parse-fail 145) distinct_ok 1 first_hit 8 written_hist {8: 1} lean 0s (8s; 6 done, 7s/thm, ETA 35 min)
d3req_6: n_ok 225/2000 (nd-only 0, parse-fail 29) distinct_ok 1 first_hit 4 written_hist {8: 1} lean 0s (7s; 7 done, 7s/thm, ETA 35 min)
d3req_7: n_ok 1/2000 (nd-only 0, parse-fail 1947) distinct_ok 1 first_hit 1096 written_hist {8: 1} lean 0s (8s; 8 done, 7s/thm, ETA 36 min)
d3req_8: n_ok 61/2000 (nd-only 0, parse-fail 1002) distinct_ok 1 first_hit 42 written_hist {8: 1} lean 0s (9s; 9 done, 7s/thm, ETA 36 min)
d3req_9: n_ok 0/2000 (nd-only 0, parse-fail 179) distinct_ok 0 first_hit None written_hist {} lean 0s (7s; 10 done, 7s/thm, ETA 36 min)
d3req_10: n_ok 0/2000 (nd-only 0, parse-fail 1969) distinct_ok 0 first_hit None written_hist {} lean 0s (9s; 11 done, 8s/thm, ETA 36 min)
d3req_11: n_ok 21/2000 (nd-only 0, parse-fail 1748) distinct_ok 2 first_hit 50 written_hist {8: 2} lean 0s (10s; 12 done, 8s/thm, ETA 37 min)
d3req_12: n_ok 307/2000 (nd-only 0, parse-fail 1033) distinct_ok 1 first_hit 20 written_hist {8: 1} lean 0s (9s; 13 done, 8s/thm, ETA 38 min)
d3req_13: n_ok 0/2000 (nd-only 0, parse-fail 1021) distinct_ok 0 first_hit None written_hist {} lean 0s (10s; 14 done, 8s/thm, ETA 38 min)
d3req_14: n_ok 144/2000 (nd-only 0, parse-fail 58) distinct_ok 2 first_hit 30 written_hist {8: 1, 9: 1} lean 0s (10s; 15 done, 8s/thm, ETA 38 min)
d3req_15: n_ok 0/2000 (nd-only 0, parse-fail 1942) distinct_ok 0 first_hit None written_hist {} lean 0s (7s; 16 done, 8s/thm, ETA 38 min)
d3req_16: n_ok 0/2000 (nd-only 0, parse-fail 81) distinct_ok 0 first_hit None written_hist {} lean 0s (9s; 17 done, 8s/thm, ETA 38 min)
d3req_17: n_ok 6/2000 (nd-only 0, parse-fail 93) distinct_ok 4 first_hit 7 written_hist {8: 1, 9: 3} lean 2s (20s; 18 done, 9s/thm, ETA 41 min)
d3req_18: n_ok 0/2000 (nd-only 0, parse-fail 1882) distinct_ok 0 first_hit None written_hist {} lean 0s (16s; 19 done, 9s/thm, ETA 43 min)
d3req_19: n_ok 376/2000 (nd-only 0, parse-fail 1603) distinct_ok 1 first_hit 2 written_hist {8: 1} lean 1s (17s; 20 done, 9s/thm, ETA 44 min)
d3req_20: n_ok 0/2000 (nd-only 0, parse-fail 910) distinct_ok 0 first_hit None written_hist {} lean 0s (10s; 21 done, 9s/thm, ETA 44 min)
d3req_21: n_ok 0/2000 (nd-only 0, parse-fail 79) distinct_ok 0 first_hit None written_hist {} lean 0s (7s; 22 done, 9s/thm, ETA 43 min)
d3req_22: n_ok 19/2000 (nd-only 0, parse-fail 1816) distinct_ok 1 first_hit 60 written_hist {8: 1} lean 0s (11s; 23 done, 9s/thm, ETA 43 min)
d3req_23: n_ok 0/2000 (nd-only 0, parse-fail 527) distinct_ok 0 first_hit None written_hist {} lean 0s (8s; 24 done, 9s/thm, ETA 43 min)
d3req_24: n_ok 0/2000 (nd-only 0, parse-fail 7) distinct_ok 0 first_hit None written_hist {} lean 0s (6s; 25 done, 9s/thm, ETA 42 min)
d3req_25: n_ok 47/2000 (nd-only 0, parse-fail 1372) distinct_ok 2 first_hit 71 written_hist {8: 2} lean 1s (8s; 26 done, 9s/thm, ETA 42 min)
d3req_26: n_ok 0/2000 (nd-only 0, parse-fail 156) distinct_ok 0 first_hit None written_hist {} lean 0s (7s; 27 done, 9s/thm, ETA 41 min)
d3req_27: n_ok 0/2000 (nd-only 0, parse-fail 1862) distinct_ok 0 first_hit None written_hist {} lean 0s (10s; 28 done, 9s/thm, ETA 41 min)
d3req_28: n_ok 14/2000 (nd-only 0, parse-fail 404) distinct_ok 8 first_hit 29 written_hist {8: 7, 9: 1} lean 0s (11s; 29 done, 9s/thm, ETA 42 min)
d3req_29: n_ok 34/2000 (nd-only 0, parse-fail 1828) distinct_ok 2 first_hit 77 written_hist {8: 2} lean 0s (12s; 30 done, 9s/thm, ETA 42 min)
d3req_30: n_ok 76/2000 (nd-only 0, parse-fail 1882) distinct_ok 1 first_hit 6 written_hist {8: 1} lean 0s (18s; 31 done, 10s/thm, ETA 43 min)
d3req_31: n_ok 0/2000 (nd-only 0, parse-fail 235) distinct_ok 0 first_hit None written_hist {} lean 0s (15s; 32 done, 10s/thm, ETA 44 min)
d3req_32: n_ok 0/2000 (nd-only 0, parse-fail 79) distinct_ok 0 first_hit None written_hist {} lean 0s (14s; 33 done, 10s/thm, ETA 44 min)
d3req_33: n_ok 1/2000 (nd-only 0, parse-fail 1712) distinct_ok 1 first_hit 181 written_hist {8: 1} lean 0s (9s; 34 done, 10s/thm, ETA 44 min)
d3req_34: n_ok 1617/2000 (nd-only 0, parse-fail 353) distinct_ok 3 first_hit 2 written_hist {8: 2, 9: 1} lean 0s (7s; 35 done, 10s/thm, ETA 43 min)
d3req_35: n_ok 0/2000 (nd-only 0, parse-fail 29) distinct_ok 0 first_hit None written_hist {} lean 0s (7s; 36 done, 10s/thm, ETA 43 min)
d3req_36: n_ok 113/2000 (nd-only 0, parse-fail 781) distinct_ok 1 first_hit 8 written_hist {8: 1} lean 0s (9s; 37 done, 10s/thm, ETA 42 min)
d3req_37: n_ok 848/2000 (nd-only 0, parse-fail 1138) distinct_ok 1 first_hit 2 written_hist {8: 1} lean 0s (10s; 38 done, 10s/thm, ETA 42 min)
d3req_38: n_ok 484/2000 (nd-only 0, parse-fail 515) distinct_ok 1 first_hit 6 written_hist {8: 1} lean 0s (8s; 39 done, 10s/thm, ETA 42 min)
d3req_39: n_ok 139/2000 (nd-only 0, parse-fail 564) distinct_ok 2 first_hit 31 written_hist {8: 2} lean 0s (6s; 40 done, 10s/thm, ETA 41 min)
d3req_40: n_ok 0/2000 (nd-only 0, parse-fail 1878) distinct_ok 0 first_hit None written_hist {} lean 0s (7s; 41 done, 9s/thm, ETA 41 min)
d3req_41: n_ok 41/2000 (nd-only 0, parse-fail 720) distinct_ok 1 first_hit 33 written_hist {7: 1} lean 0s (7s; 42 done, 9s/thm, ETA 41 min)
d3req_42: n_ok 339/2000 (nd-only 0, parse-fail 1234) distinct_ok 1 first_hit 1 written_hist {8: 1} lean 0s (8s; 43 done, 9s/thm, ETA 40 min)
d3req_43: n_ok 81/2000 (nd-only 0, parse-fail 467) distinct_ok 1 first_hit 4 written_hist {8: 1} lean 0s (8s; 44 done, 9s/thm, ETA 40 min)
d3req_44: n_ok 2/2000 (nd-only 0, parse-fail 354) distinct_ok 1 first_hit 483 written_hist {8: 1} lean 0s (7s; 45 done, 9s/thm, ETA 40 min)
d3req_45: n_ok 13/2000 (nd-only 0, parse-fail 1552) distinct_ok 1 first_hit 2 written_hist {8: 1} lean 0s (9s; 46 done, 9s/thm, ETA 39 min)
d3req_46: n_ok 23/2000 (nd-only 0, parse-fail 975) distinct_ok 3 first_hit 55 written_hist {8: 3} lean 0s (8s; 47 done, 9s/thm, ETA 39 min)
d3req_47: n_ok 51/2000 (nd-only 0, parse-fail 1943) distinct_ok 1 first_hit 135 written_hist {8: 1} lean 0s (9s; 48 done, 9s/thm, ETA 39 min)
d3req_48: n_ok 42/2000 (nd-only 0, parse-fail 1258) distinct_ok 2 first_hit 45 written_hist {8: 2} lean 0s (6s; 49 done, 9s/thm, ETA 38 min)
d3req_49: n_ok 557/2000 (nd-only 0, parse-fail 1326) distinct_ok 1 first_hit 10 written_hist {8: 1} lean 0s (8s; 50 done, 9s/thm, ETA 38 min)
d3req_50: n_ok 95/2000 (nd-only 0, parse-fail 1785) distinct_ok 1 first_hit 15 written_hist {8: 1} lean 0s (7s; 51 done, 9s/thm, ETA 38 min)
d3req_51: n_ok 79/2000 (nd-only 0, parse-fail 1905) distinct_ok 1 first_hit 39 written_hist {8: 1} lean 0s (9s; 52 done, 9s/thm, ETA 38 min)
d3req_52: n_ok 0/2000 (nd-only 0, parse-fail 1732) distinct_ok 0 first_hit None written_hist {} lean 0s (8s; 53 done, 9s/thm, ETA 37 min)
d3req_53: n_ok 47/2000 (nd-only 0, parse-fail 908) distinct_ok 2 first_hit 7 written_hist {8: 2} lean 0s (9s; 54 done, 9s/thm, ETA 37 min)
d3req_54: n_ok 0/2000 (nd-only 0, parse-fail 40) distinct_ok 0 first_hit None written_hist {} lean 0s (7s; 55 done, 9s/thm, ETA 37 min)
d3req_55: n_ok 35/2000 (nd-only 0, parse-fail 1271) distinct_ok 1 first_hit 9 written_hist {8: 1} lean 0s (9s; 56 done, 9s/thm, ETA 37 min)
d3req_56: n_ok 532/2000 (nd-only 0, parse-fail 1264) distinct_ok 1 first_hit 1 written_hist {8: 1} lean 0s (7s; 57 done, 9s/thm, ETA 36 min)
d3req_57: n_ok 85/2000 (nd-only 0, parse-fail 143) distinct_ok 2 first_hit 25 written_hist {8: 2} lean 0s (8s; 58 done, 9s/thm, ETA 36 min)
d3req_58: n_ok 0/2000 (nd-only 0, parse-fail 1975) distinct_ok 0 first_hit None written_hist {} lean 0s (10s; 59 done, 9s/thm, ETA 36 min)
d3req_59: n_ok 0/2000 (nd-only 0, parse-fail 431) distinct_ok 0 first_hit None written_hist {} lean 0s (11s; 60 done, 9s/thm, ETA 36 min)
d3req_60: n_ok 1157/2000 (nd-only 0, parse-fail 103) distinct_ok 2 first_hit 1 written_hist {8: 2} lean 1s (11s; 61 done, 9s/thm, ETA 36 min)
d3req_61: n_ok 39/2000 (nd-only 0, parse-fail 734) distinct_ok 2 first_hit 161 written_hist {8: 2} lean 0s (14s; 62 done, 9s/thm, ETA 36 min)
d3req_62: n_ok 405/2000 (nd-only 0, parse-fail 1043) distinct_ok 1 first_hit 1 written_hist {8: 1} lean 0s (8s; 63 done, 9s/thm, ETA 36 min)
d3req_63: n_ok 48/2000 (nd-only 0, parse-fail 1873) distinct_ok 1 first_hit 34 written_hist {8: 1} lean 0s (10s; 64 done, 9s/thm, ETA 36 min)
d3req_64: n_ok 76/2000 (nd-only 0, parse-fail 1683) distinct_ok 4 first_hit 52 written_hist {8: 4} lean 0s (7s; 65 done, 9s/thm, ETA 36 min)
d3req_65: n_ok 31/2000 (nd-only 0, parse-fail 578) distinct_ok 2 first_hit 221 written_hist {8: 2} lean 0s (8s; 66 done, 9s/thm, ETA 35 min)
d3req_66: n_ok 1/2000 (nd-only 0, parse-fail 243) distinct_ok 1 first_hit 581 written_hist {8: 1} lean 0s (7s; 67 done, 9s/thm, ETA 35 min)
d3req_67: n_ok 0/2000 (nd-only 0, parse-fail 202) distinct_ok 0 first_hit None written_hist {} lean 0s (9s; 68 done, 9s/thm, ETA 35 min)
d3req_68: n_ok 4/2000 (nd-only 0, parse-fail 971) distinct_ok 2 first_hit 63 written_hist {8: 2} lean 0s (7s; 69 done, 9s/thm, ETA 35 min)
d3req_69: n_ok 0/2000 (nd-only 0, parse-fail 115) distinct_ok 0 first_hit None written_hist {} lean 0s (11s; 70 done, 9s/thm, ETA 35 min)
d3req_70: n_ok 13/2000 (nd-only 0, parse-fail 544) distinct_ok 2 first_hit 145 written_hist {8: 2} lean 0s (9s; 71 done, 9s/thm, ETA 35 min)
d3req_71: n_ok 227/2000 (nd-only 0, parse-fail 1448) distinct_ok 1 first_hit 3 written_hist {8: 1} lean 0s (9s; 72 done, 9s/thm, ETA 34 min)
d3req_72: n_ok 125/2000 (nd-only 0, parse-fail 1794) distinct_ok 1 first_hit 45 written_hist {8: 1} lean 0s (9s; 73 done, 9s/thm, ETA 34 min)
d3req_73: n_ok 666/2000 (nd-only 0, parse-fail 551) distinct_ok 1 first_hit 1 written_hist {8: 1} lean 0s (10s; 74 done, 9s/thm, ETA 34 min)
d3req_74: n_ok 1/2000 (nd-only 0, parse-fail 760) distinct_ok 1 first_hit 673 written_hist {8: 1} lean 0s (8s; 75 done, 9s/thm, ETA 34 min)
d3req_75: n_ok 17/2000 (nd-only 0, parse-fail 1219) distinct_ok 5 first_hit 24 written_hist {8: 5} lean 0s (8s; 76 done, 9s/thm, ETA 34 min)
d3req_76: n_ok 1/2000 (nd-only 0, parse-fail 1977) distinct_ok 1 first_hit 1359 written_hist {8: 1} lean 0s (10s; 77 done, 9s/thm, ETA 34 min)
d3req_77: n_ok 1338/2000 (nd-only 0, parse-fail 621) distinct_ok 2 first_hit 1 written_hist {8: 1, 9: 1} lean 0s (10s; 78 done, 9s/thm, ETA 34 min)
d3req_78: n_ok 0/2000 (nd-only 0, parse-fail 14) distinct_ok 0 first_hit None written_hist {} lean 0s (8s; 79 done, 9s/thm, ETA 33 min)
d3req_79: n_ok 38/2000 (nd-only 0, parse-fail 1957) distinct_ok 1 first_hit 41 written_hist {8: 1} lean 0s (8s; 80 done, 9s/thm, ETA 33 min)
d3req_80: n_ok 0/2000 (nd-only 0, parse-fail 976) distinct_ok 0 first_hit None written_hist {} lean 0s (8s; 81 done, 9s/thm, ETA 33 min)
d3req_81: n_ok 1/2000 (nd-only 0, parse-fail 1992) distinct_ok 1 first_hit 59 written_hist {8: 1} lean 1s (12s; 82 done, 9s/thm, ETA 33 min)
d3req_82: n_ok 0/2000 (nd-only 0, parse-fail 1418) distinct_ok 0 first_hit None written_hist {} lean 0s (11s; 83 done, 9s/thm, ETA 33 min)
d3req_83: n_ok 1/2000 (nd-only 0, parse-fail 40) distinct_ok 1 first_hit 1557 written_hist {8: 1} lean 1s (11s; 84 done, 9s/thm, ETA 33 min)
d3req_84: n_ok 454/2000 (nd-only 0, parse-fail 1009) distinct_ok 2 first_hit 5 written_hist {8: 2} lean 2s (11s; 85 done, 9s/thm, ETA 33 min)
d3req_85: n_ok 307/2000 (nd-only 0, parse-fail 50) distinct_ok 3 first_hit 5 written_hist {8: 1, 9: 2} lean 2s (12s; 86 done, 9s/thm, ETA 33 min)
d3req_86: n_ok 0/2000 (nd-only 0, parse-fail 12) distinct_ok 0 first_hit None written_hist {} lean 0s (11s; 87 done, 9s/thm, ETA 33 min)
d3req_87: n_ok 0/2000 (nd-only 0, parse-fail 1991) distinct_ok 0 first_hit None written_hist {} lean 0s (14s; 88 done, 9s/thm, ETA 33 min)
d3req_88: n_ok 0/2000 (nd-only 0, parse-fail 72) distinct_ok 0 first_hit None written_hist {} lean 0s (7s; 89 done, 9s/thm, ETA 32 min)
d3req_89: n_ok 0/2000 (nd-only 0, parse-fail 1070) distinct_ok 0 first_hit None written_hist {} lean 0s (6s; 90 done, 9s/thm, ETA 32 min)
d3req_90: n_ok 183/2000 (nd-only 0, parse-fail 1027) distinct_ok 1 first_hit 3 written_hist {8: 1} lean 0s (7s; 91 done, 9s/thm, ETA 32 min)
d3req_91: n_ok 0/2000 (nd-only 0, parse-fail 10) distinct_ok 0 first_hit None written_hist {} lean 0s (4s; 92 done, 9s/thm, ETA 32 min)
d3req_92: n_ok 257/2000 (nd-only 0, parse-fail 1614) distinct_ok 1 first_hit 25 written_hist {8: 1} lean 0s (7s; 93 done, 9s/thm, ETA 31 min)
d3req_93: n_ok 0/2000 (nd-only 0, parse-fail 55) distinct_ok 0 first_hit None written_hist {} lean 0s (5s; 94 done, 9s/thm, ETA 31 min)
d3req_94: n_ok 25/2000 (nd-only 0, parse-fail 108) distinct_ok 1 first_hit 22 written_hist {8: 1} lean 0s (7s; 95 done, 9s/thm, ETA 31 min)
d3req_95: n_ok 682/2000 (nd-only 0, parse-fail 1166) distinct_ok 2 first_hit 1 written_hist {8: 1, 9: 1} lean 0s (7s; 96 done, 9s/thm, ETA 31 min)
d3req_96: n_ok 222/2000 (nd-only 0, parse-fail 1763) distinct_ok 1 first_hit 3 written_hist {8: 1} lean 0s (7s; 97 done, 9s/thm, ETA 30 min)
d3req_97: n_ok 0/2000 (nd-only 0, parse-fail 6) distinct_ok 0 first_hit None written_hist {} lean 0s (4s; 98 done, 9s/thm, ETA 30 min)
d3req_98: n_ok 0/2000 (nd-only 0, parse-fail 22) distinct_ok 0 first_hit None written_hist {} lean 0s (6s; 99 done, 9s/thm, ETA 30 min)
d3req_99: n_ok 116/2000 (nd-only 0, parse-fail 1648) distinct_ok 1 first_hit 5 written_hist {8: 1} lean 0s (6s; 100 done, 9s/thm, ETA 30 min)
d3req_100: n_ok 742/2000 (nd-only 0, parse-fail 42) distinct_ok 1 first_hit 2 written_hist {8: 1} lean 1s (7s; 101 done, 9s/thm, ETA 29 min)
d3req_101: n_ok 3/2000 (nd-only 0, parse-fail 1904) distinct_ok 1 first_hit 433 written_hist {8: 1} lean 0s (8s; 102 done, 9s/thm, ETA 29 min)
d3req_102: n_ok 682/2000 (nd-only 0, parse-fail 1219) distinct_ok 1 first_hit 2 written_hist {8: 1} lean 0s (8s; 103 done, 9s/thm, ETA 29 min)
d3req_103: n_ok 5/2000 (nd-only 0, parse-fail 97) distinct_ok 1 first_hit 33 written_hist {8: 1} lean 0s (8s; 104 done, 9s/thm, ETA 29 min)
d3req_104: n_ok 69/2000 (nd-only 0, parse-fail 1880) distinct_ok 1 first_hit 46 written_hist {8: 1} lean 0s (10s; 105 done, 9s/thm, ETA 29 min)
d3req_105: n_ok 15/2000 (nd-only 0, parse-fail 1270) distinct_ok 1 first_hit 174 written_hist {8: 1} lean 0s (9s; 106 done, 9s/thm, ETA 29 min)
d3req_106: n_ok 77/2000 (nd-only 0, parse-fail 1902) distinct_ok 3 first_hit 63 written_hist {8: 3} lean 0s (8s; 107 done, 9s/thm, ETA 28 min)
d3req_107: n_ok 2/2000 (nd-only 0, parse-fail 801) distinct_ok 1 first_hit 1582 written_hist {8: 1} lean 0s (11s; 108 done, 9s/thm, ETA 28 min)
d3req_108: n_ok 569/2000 (nd-only 0, parse-fail 226) distinct_ok 2 first_hit 1 written_hist {8: 2} lean 1s (8s; 109 done, 9s/thm, ETA 28 min)
d3req_109: n_ok 518/2000 (nd-only 0, parse-fail 1286) distinct_ok 1 first_hit 1 written_hist {8: 1} lean 0s (10s; 110 done, 9s/thm, ETA 28 min)
d3req_110: n_ok 4/2000 (nd-only 0, parse-fail 404) distinct_ok 1 first_hit 481 written_hist {8: 1} lean 0s (6s; 111 done, 9s/thm, ETA 28 min)
d3req_111: n_ok 12/2000 (nd-only 0, parse-fail 617) distinct_ok 1 first_hit 298 written_hist {8: 1} lean 0s (8s; 112 done, 9s/thm, ETA 28 min)
d3req_112: n_ok 0/2000 (nd-only 0, parse-fail 1973) distinct_ok 0 first_hit None written_hist {} lean 0s (13s; 113 done, 9s/thm, ETA 28 min)
d3req_113: n_ok 1/2000 (nd-only 0, parse-fail 18) distinct_ok 1 first_hit 1248 written_hist {8: 1} lean 0s (12s; 114 done, 9s/thm, ETA 28 min)
d3req_114: n_ok 0/2000 (nd-only 0, parse-fail 1847) distinct_ok 0 first_hit None written_hist {} lean 0s (11s; 115 done, 9s/thm, ETA 27 min)
d3req_115: n_ok 1168/2000 (nd-only 0, parse-fail 168) distinct_ok 1 first_hit 2 written_hist {8: 1} lean 1s (13s; 116 done, 9s/thm, ETA 27 min)
d3req_116: n_ok 264/2000 (nd-only 0, parse-fail 1590) distinct_ok 1 first_hit 2 written_hist {8: 1} lean 2s (21s; 117 done, 9s/thm, ETA 28 min)
d3req_117: n_ok 0/2000 (nd-only 0, parse-fail 1727) distinct_ok 0 first_hit None written_hist {} lean 0s (12s; 118 done, 9s/thm, ETA 28 min)
d3req_118: n_ok 370/2000 (nd-only 0, parse-fail 1496) distinct_ok 2 first_hit 2 written_hist {8: 2} lean 1s (10s; 119 done, 9s/thm, ETA 27 min)
d3req_119: n_ok 0/2000 (nd-only 0, parse-fail 1962) distinct_ok 0 first_hit None written_hist {} lean 0s (12s; 120 done, 9s/thm, ETA 27 min)
d3req_120: n_ok 22/2000 (nd-only 0, parse-fail 370) distinct_ok 1 first_hit 267 written_hist {8: 1} lean 1s (14s; 121 done, 9s/thm, ETA 27 min)
d3req_121: n_ok 1577/2000 (nd-only 0, parse-fail 292) distinct_ok 1 first_hit 1 written_hist {8: 1} lean 1s (11s; 122 done, 9s/thm, ETA 27 min)
d3req_122: n_ok 9/2000 (nd-only 0, parse-fail 1276) distinct_ok 2 first_hit 184 written_hist {8: 2} lean 1s (9s; 123 done, 9s/thm, ETA 27 min)
d3req_123: n_ok 175/2000 (nd-only 0, parse-fail 1678) distinct_ok 1 first_hit 27 written_hist {8: 1} lean 2s (15s; 124 done, 9s/thm, ETA 27 min)
d3req_124: n_ok 16/2000 (nd-only 0, parse-fail 1865) distinct_ok 1 first_hit 32 written_hist {8: 1} lean 0s (13s; 125 done, 9s/thm, ETA 27 min)
d3req_125: n_ok 582/2000 (nd-only 0, parse-fail 1412) distinct_ok 1 first_hit 1 written_hist {8: 1} lean 0s (8s; 126 done, 9s/thm, ETA 27 min)
d3req_126: n_ok 0/2000 (nd-only 0, parse-fail 1608) distinct_ok 0 first_hit None written_hist {} lean 0s (7s; 127 done, 9s/thm, ETA 27 min)
d3req_127: n_ok 52/2000 (nd-only 0, parse-fail 840) distinct_ok 1 first_hit 46 written_hist {8: 1} lean 0s (9s; 128 done, 9s/thm, ETA 26 min)
d3req_128: n_ok 1/2000 (nd-only 0, parse-fail 54) distinct_ok 1 first_hit 739 written_hist {8: 1} lean 0s (9s; 129 done, 9s/thm, ETA 26 min)
d3req_129: n_ok 7/2000 (nd-only 0, parse-fail 1338) distinct_ok 1 first_hit 329 written_hist {8: 1} lean 0s (11s; 130 done, 9s/thm, ETA 26 min)
d3req_130: n_ok 0/2000 (nd-only 0, parse-fail 0) distinct_ok 0 first_hit None written_hist {} lean 0s (8s; 131 done, 9s/thm, ETA 26 min)
d3req_131: n_ok 0/2000 (nd-only 0, parse-fail 483) distinct_ok 0 first_hit None written_hist {} lean 0s (9s; 132 done, 9s/thm, ETA 26 min)
d3req_132: n_ok 46/2000 (nd-only 0, parse-fail 1826) distinct_ok 1 first_hit 76 written_hist {8: 1} lean 0s (11s; 133 done, 9s/thm, ETA 26 min)
d3req_133: n_ok 988/2000 (nd-only 0, parse-fail 654) distinct_ok 1 first_hit 1 written_hist {8: 1} lean 1s (14s; 134 done, 9s/thm, ETA 26 min)
d3req_134: n_ok 35/2000 (nd-only 0, parse-fail 1036) distinct_ok 1 first_hit 4 written_hist {8: 1} lean 1s (16s; 135 done, 9s/thm, ETA 26 min)
d3req_135: n_ok 0/2000 (nd-only 0, parse-fail 376) distinct_ok 0 first_hit None written_hist {} lean 0s (14s; 136 done, 9s/thm, ETA 26 min)
d3req_136: n_ok 0/2000 (nd-only 0, parse-fail 1944) distinct_ok 0 first_hit None written_hist {} lean 0s (10s; 137 done, 9s/thm, ETA 25 min)
d3req_137: n_ok 6/2000 (nd-only 0, parse-fail 756) distinct_ok 1 first_hit 1133 written_hist {8: 1} lean 0s (9s; 138 done, 9s/thm, ETA 25 min)
d3req_138: n_ok 244/2000 (nd-only 0, parse-fail 1525) distinct_ok 2 first_hit 14 written_hist {8: 1, 9: 1} lean 0s (8s; 139 done, 9s/thm, ETA 25 min)
d3req_139: n_ok 162/2000 (nd-only 0, parse-fail 1809) distinct_ok 2 first_hit 25 written_hist {8: 2} lean 0s (7s; 140 done, 9s/thm, ETA 25 min)
d3req_140: n_ok 0/2000 (nd-only 0, parse-fail 1408) distinct_ok 0 first_hit None written_hist {} lean 0s (8s; 141 done, 9s/thm, ETA 25 min)
d3req_141: n_ok 53/2000 (nd-only 0, parse-fail 920) distinct_ok 3 first_hit 29 written_hist {8: 3} lean 0s (10s; 142 done, 9s/thm, ETA 25 min)
d3req_142: n_ok 0/2000 (nd-only 0, parse-fail 1838) distinct_ok 0 first_hit None written_hist {} lean 0s (10s; 143 done, 9s/thm, ETA 24 min)
d3req_143: n_ok 0/2000 (nd-only 0, parse-fail 471) distinct_ok 0 first_hit None written_hist {} lean 0s (10s; 144 done, 9s/thm, ETA 24 min)
d3req_144: n_ok 5/2000 (nd-only 0, parse-fail 1720) distinct_ok 2 first_hit 590 written_hist {8: 1, 9: 1} lean 0s (12s; 145 done, 9s/thm, ETA 24 min)
d3req_145: n_ok 0/2000 (nd-only 0, parse-fail 946) distinct_ok 0 first_hit None written_hist {} lean 0s (8s; 146 done, 9s/thm, ETA 24 min)
d3req_146: n_ok 4/2000 (nd-only 0, parse-fail 1552) distinct_ok 2 first_hit 111 written_hist {8: 2} lean 0s (11s; 147 done, 9s/thm, ETA 24 min)
d3req_147: n_ok 0/2000 (nd-only 0, parse-fail 434) distinct_ok 0 first_hit None written_hist {} lean 0s (11s; 148 done, 9s/thm, ETA 24 min)
d3req_148: n_ok 0/2000 (nd-only 0, parse-fail 1857) distinct_ok 0 first_hit None written_hist {} lean 0s (13s; 149 done, 9s/thm, ETA 24 min)
d3req_149: n_ok 110/2000 (nd-only 0, parse-fail 1731) distinct_ok 2 first_hit 8 written_hist {8: 2} lean 0s (8s; 150 done, 9s/thm, ETA 23 min)
d3req_150: n_ok 3/2000 (nd-only 0, parse-fail 1960) distinct_ok 1 first_hit 218 written_hist {8: 1} lean 0s (10s; 151 done, 9s/thm, ETA 23 min)
d3req_151: n_ok 1/2000 (nd-only 0, parse-fail 1966) distinct_ok 1 first_hit 1358 written_hist {7: 1} lean 0s (14s; 152 done, 9s/thm, ETA 23 min)
d3req_152: n_ok 1/2000 (nd-only 0, parse-fail 42) distinct_ok 1 first_hit 1542 written_hist {8: 1} lean 0s (9s; 153 done, 9s/thm, ETA 23 min)
d3req_153: n_ok 1551/2000 (nd-only 0, parse-fail 397) distinct_ok 1 first_hit 1 written_hist {8: 1} lean 0s (9s; 154 done, 9s/thm, ETA 23 min)
d3req_154: n_ok 292/2000 (nd-only 0, parse-fail 1661) distinct_ok 1 first_hit 5 written_hist {8: 1} lean 0s (9s; 155 done, 9s/thm, ETA 23 min)
d3req_155: n_ok 0/2000 (nd-only 0, parse-fail 1930) distinct_ok 0 first_hit None written_hist {} lean 0s (11s; 156 done, 9s/thm, ETA 23 min)
d3req_156: n_ok 153/2000 (nd-only 0, parse-fail 1823) distinct_ok 4 first_hit 31 written_hist {8: 2, 9: 2} lean 0s (12s; 157 done, 9s/thm, ETA 22 min)
d3req_157: n_ok 229/2000 (nd-only 0, parse-fail 35) distinct_ok 1 first_hit 9 written_hist {8: 1} lean 0s (9s; 158 done, 9s/thm, ETA 22 min)
d3req_158: n_ok 34/2000 (nd-only 0, parse-fail 1844) distinct_ok 1 first_hit 32 written_hist {8: 1} lean 0s (10s; 159 done, 9s/thm, ETA 22 min)
d3req_159: n_ok 3/2000 (nd-only 0, parse-fail 65) distinct_ok 1 first_hit 21 written_hist {8: 1} lean 0s (7s; 160 done, 9s/thm, ETA 22 min)
d3req_160: n_ok 59/2000 (nd-only 0, parse-fail 1592) distinct_ok 1 first_hit 11 written_hist {8: 1} lean 0s (11s; 161 done, 9s/thm, ETA 22 min)
d3req_161: n_ok 221/2000 (nd-only 0, parse-fail 1541) distinct_ok 2 first_hit 1 written_hist {8: 2} lean 0s (10s; 162 done, 9s/thm, ETA 22 min)
d3req_162: n_ok 0/2000 (nd-only 0, parse-fail 621) distinct_ok 0 first_hit None written_hist {} lean 0s (6s; 163 done, 9s/thm, ETA 22 min)
d3req_163: n_ok 143/2000 (nd-only 0, parse-fail 852) distinct_ok 1 first_hit 29 written_hist {8: 1} lean 0s (9s; 164 done, 9s/thm, ETA 21 min)
d3req_164: n_ok 0/2000 (nd-only 0, parse-fail 10) distinct_ok 0 first_hit None written_hist {} lean 0s (8s; 165 done, 9s/thm, ETA 21 min)
d3req_165: n_ok 0/2000 (nd-only 0, parse-fail 1775) distinct_ok 0 first_hit None written_hist {} lean 0s (10s; 166 done, 9s/thm, ETA 21 min)
d3req_166: n_ok 0/2000 (nd-only 0, parse-fail 42) distinct_ok 0 first_hit None written_hist {} lean 0s (9s; 167 done, 9s/thm, ETA 21 min)
d3req_167: n_ok 245/2000 (nd-only 0, parse-fail 870) distinct_ok 1 first_hit 2 written_hist {8: 1} lean 0s (11s; 168 done, 9s/thm, ETA 21 min)
d3req_168: n_ok 92/2000 (nd-only 0, parse-fail 1263) distinct_ok 1 first_hit 2 written_hist {8: 1} lean 2s (20s; 169 done, 9s/thm, ETA 21 min)
d3req_169: n_ok 8/2000 (nd-only 0, parse-fail 3) distinct_ok 1 first_hit 232 written_hist {8: 1} lean 2s (17s; 170 done, 10s/thm, ETA 21 min)
d3req_170: n_ok 17/2000 (nd-only 0, parse-fail 393) distinct_ok 2 first_hit 76 written_hist {8: 2} lean 2s (16s; 171 done, 10s/thm, ETA 21 min)
d3req_171: n_ok 209/2000 (nd-only 0, parse-fail 1371) distinct_ok 1 first_hit 5 written_hist {8: 1} lean 0s (14s; 172 done, 10s/thm, ETA 20 min)
d3req_172: n_ok 0/2000 (nd-only 0, parse-fail 1997) distinct_ok 0 first_hit None written_hist {} lean 0s (14s; 173 done, 10s/thm, ETA 20 min)
d3req_173: n_ok 66/2000 (nd-only 0, parse-fail 1882) distinct_ok 2 first_hit 50 written_hist {8: 1, 9: 1} lean 0s (12s; 174 done, 10s/thm, ETA 20 min)
d3req_174: n_ok 9/2000 (nd-only 0, parse-fail 1387) distinct_ok 1 first_hit 265 written_hist {8: 1} lean 0s (10s; 175 done, 10s/thm, ETA 20 min)
d3req_175: n_ok 508/2000 (nd-only 0, parse-fail 1475) distinct_ok 1 first_hit 2 written_hist {8: 1} lean 0s (8s; 176 done, 10s/thm, ETA 20 min)
d3req_176: n_ok 0/2000 (nd-only 0, parse-fail 1511) distinct_ok 0 first_hit None written_hist {} lean 0s (12s; 177 done, 10s/thm, ETA 20 min)
d3req_177: n_ok 11/2000 (nd-only 0, parse-fail 233) distinct_ok 1 first_hit 42 written_hist {8: 1} lean 0s (13s; 178 done, 10s/thm, ETA 20 min)
d3req_178: n_ok 12/2000 (nd-only 0, parse-fail 1914) distinct_ok 1 first_hit 82 written_hist {8: 1} lean 0s (15s; 179 done, 10s/thm, ETA 20 min)
d3req_179: n_ok 0/2000 (nd-only 0, parse-fail 49) distinct_ok 0 first_hit None written_hist {} lean 0s (11s; 180 done, 10s/thm, ETA 19 min)
d3req_180: n_ok 13/2000 (nd-only 0, parse-fail 1943) distinct_ok 1 first_hit 535 written_hist {8: 1} lean 0s (17s; 181 done, 10s/thm, ETA 19 min)
d3req_181: n_ok 346/2000 (nd-only 0, parse-fail 1430) distinct_ok 1 first_hit 2 written_hist {8: 1} lean 0s (16s; 182 done, 10s/thm, ETA 19 min)
d3req_182: n_ok 102/2000 (nd-only 0, parse-fail 1417) distinct_ok 2 first_hit 11 written_hist {8: 2} lean 0s (12s; 183 done, 10s/thm, ETA 19 min)
d3req_183: n_ok 0/2000 (nd-only 0, parse-fail 24) distinct_ok 0 first_hit None written_hist {} lean 0s (8s; 184 done, 10s/thm, ETA 19 min)
d3req_184: n_ok 106/2000 (nd-only 0, parse-fail 1794) distinct_ok 1 first_hit 13 written_hist {8: 1} lean 0s (11s; 185 done, 10s/thm, ETA 19 min)
d3req_185: n_ok 0/2000 (nd-only 0, parse-fail 1276) distinct_ok 0 first_hit None written_hist {} lean 0s (10s; 186 done, 10s/thm, ETA 19 min)
d3req_186: n_ok 0/2000 (nd-only 0, parse-fail 146) distinct_ok 0 first_hit None written_hist {} lean 0s (9s; 187 done, 10s/thm, ETA 18 min)
d3req_187: n_ok 69/2000 (nd-only 0, parse-fail 1919) distinct_ok 3 first_hit 40 written_hist {8: 3} lean 0s (8s; 188 done, 10s/thm, ETA 18 min)
d3req_188: n_ok 17/2000 (nd-only 0, parse-fail 1980) distinct_ok 1 first_hit 32 written_hist {8: 1} lean 0s (7s; 189 done, 10s/thm, ETA 18 min)
d3req_189: n_ok 14/2000 (nd-only 0, parse-fail 147) distinct_ok 2 first_hit 631 written_hist {8: 1, 9: 1} lean 0s (9s; 190 done, 10s/thm, ETA 18 min)
d3req_190: n_ok 69/2000 (nd-only 0, parse-fail 1926) distinct_ok 2 first_hit 11 written_hist {8: 2} lean 0s (9s; 191 done, 10s/thm, ETA 18 min)
d3req_191: n_ok 5/2000 (nd-only 0, parse-fail 81) distinct_ok 2 first_hit 8 written_hist {8: 2} lean 0s (7s; 192 done, 10s/thm, ETA 17 min)
d3req_192: n_ok 1/2000 (nd-only 0, parse-fail 704) distinct_ok 1 first_hit 1118 written_hist {8: 1} lean 0s (10s; 193 done, 10s/thm, ETA 17 min)
d3req_193: n_ok 46/2000 (nd-only 0, parse-fail 161) distinct_ok 1 first_hit 213 written_hist {8: 1} lean 0s (10s; 194 done, 10s/thm, ETA 17 min)
d3req_194: n_ok 4/2000 (nd-only 0, parse-fail 1996) distinct_ok 1 first_hit 413 written_hist {8: 1} lean 0s (11s; 195 done, 10s/thm, ETA 17 min)
d3req_195: n_ok 0/2000 (nd-only 0, parse-fail 799) distinct_ok 0 first_hit None written_hist {} lean 0s (7s; 196 done, 10s/thm, ETA 17 min)
d3req_196: n_ok 313/2000 (nd-only 0, parse-fail 1608) distinct_ok 1 first_hit 7 written_hist {8: 1} lean 0s (15s; 197 done, 10s/thm, ETA 17 min)
d3req_197: n_ok 130/2000 (nd-only 0, parse-fail 1855) distinct_ok 1 first_hit 37 written_hist {7: 1} lean 0s (12s; 198 done, 10s/thm, ETA 17 min)
d3req_198: n_ok 219/2000 (nd-only 0, parse-fail 512) distinct_ok 2 first_hit 8 written_hist {8: 2} lean 0s (8s; 199 done, 10s/thm, ETA 16 min)
d3req_199: n_ok 0/2000 (nd-only 0, parse-fail 154) distinct_ok 0 first_hit None written_hist {} lean 0s (9s; 200 done, 10s/thm, ETA 16 min)
d3req_200: n_ok 9/2000 (nd-only 0, parse-fail 1935) distinct_ok 2 first_hit 335 written_hist {8: 2} lean 0s (10s; 201 done, 10s/thm, ETA 16 min)
d3req_201: n_ok 0/2000 (nd-only 0, parse-fail 28) distinct_ok 0 first_hit None written_hist {} lean 0s (8s; 202 done, 10s/thm, ETA 16 min)
d3req_202: n_ok 68/2000 (nd-only 0, parse-fail 1077) distinct_ok 3 first_hit 27 written_hist {8: 2, 9: 1} lean 0s (11s; 203 done, 10s/thm, ETA 16 min)
d3req_203: n_ok 46/2000 (nd-only 0, parse-fail 1873) distinct_ok 1 first_hit 10 written_hist {8: 1} lean 0s (9s; 204 done, 10s/thm, ETA 16 min)
d3req_204: n_ok 4/2000 (nd-only 0, parse-fail 1990) distinct_ok 1 first_hit 411 written_hist {7: 1} lean 0s (10s; 205 done, 10s/thm, ETA 15 min)
d3req_205: n_ok 0/2000 (nd-only 0, parse-fail 44) distinct_ok 0 first_hit None written_hist {} lean 0s (7s; 206 done, 10s/thm, ETA 15 min)
d3req_206: n_ok 1/2000 (nd-only 0, parse-fail 1875) distinct_ok 1 first_hit 1984 written_hist {8: 1} lean 0s (10s; 207 done, 10s/thm, ETA 15 min)
d3req_207: n_ok 720/2000 (nd-only 0, parse-fail 161) distinct_ok 1 first_hit 1 written_hist {8: 1} lean 0s (10s; 208 done, 10s/thm, ETA 15 min)
d3req_208: n_ok 168/2000 (nd-only 0, parse-fail 1827) distinct_ok 1 first_hit 10 written_hist {8: 1} lean 0s (13s; 209 done, 10s/thm, ETA 15 min)
d3req_209: n_ok 8/2000 (nd-only 0, parse-fail 1950) distinct_ok 1 first_hit 142 written_hist {8: 1} lean 0s (13s; 210 done, 10s/thm, ETA 15 min)
d3req_210: n_ok 6/2000 (nd-only 0, parse-fail 1973) distinct_ok 1 first_hit 299 written_hist {8: 1} lean 0s (10s; 211 done, 10s/thm, ETA 14 min)
d3req_211: n_ok 995/2000 (nd-only 0, parse-fail 964) distinct_ok 1 first_hit 3 written_hist {8: 1} lean 0s (9s; 212 done, 10s/thm, ETA 14 min)
d3req_212: n_ok 455/2000 (nd-only 0, parse-fail 1224) distinct_ok 1 first_hit 3 written_hist {8: 1} lean 0s (9s; 213 done, 10s/thm, ETA 14 min)
d3req_213: n_ok 0/2000 (nd-only 0, parse-fail 1996) distinct_ok 0 first_hit None written_hist {} lean 0s (11s; 214 done, 10s/thm, ETA 14 min)
d3req_214: n_ok 741/2000 (nd-only 0, parse-fail 115) distinct_ok 1 first_hit 1 written_hist {8: 1} lean 0s (9s; 215 done, 10s/thm, ETA 14 min)
d3req_215: n_ok 0/2000 (nd-only 0, parse-fail 1848) distinct_ok 0 first_hit None written_hist {} lean 0s (12s; 216 done, 10s/thm, ETA 14 min)
d3req_216: n_ok 16/2000 (nd-only 0, parse-fail 559) distinct_ok 2 first_hit 35 written_hist {8: 2} lean 0s (8s; 217 done, 10s/thm, ETA 13 min)
d3req_217: n_ok 0/2000 (nd-only 0, parse-fail 251) distinct_ok 0 first_hit None written_hist {} lean 0s (9s; 218 done, 10s/thm, ETA 13 min)
d3req_218: n_ok 41/2000 (nd-only 0, parse-fail 1587) distinct_ok 3 first_hit 41 written_hist {8: 3} lean 0s (9s; 219 done, 10s/thm, ETA 13 min)
d3req_219: n_ok 915/2000 (nd-only 0, parse-fail 1068) distinct_ok 2 first_hit 1 written_hist {8: 2} lean 0s (10s; 220 done, 10s/thm, ETA 13 min)
d3req_220: n_ok 51/2000 (nd-only 0, parse-fail 1679) distinct_ok 1 first_hit 10 written_hist {8: 1} lean 1s (13s; 221 done, 10s/thm, ETA 13 min)
d3req_221: n_ok 0/2000 (nd-only 0, parse-fail 974) distinct_ok 0 first_hit None written_hist {} lean 0s (11s; 222 done, 10s/thm, ETA 13 min)
d3req_222: n_ok 0/2000 (nd-only 0, parse-fail 11) distinct_ok 0 first_hit None written_hist {} lean 0s (11s; 223 done, 10s/thm, ETA 13 min)
d3req_223: n_ok 0/2000 (nd-only 0, parse-fail 0) distinct_ok 0 first_hit None written_hist {} lean 0s (11s; 224 done, 10s/thm, ETA 12 min)
d3req_224: n_ok 5/2000 (nd-only 0, parse-fail 1857) distinct_ok 1 first_hit 549 written_hist {8: 1} lean 1s (16s; 225 done, 10s/thm, ETA 12 min)
d3req_225: n_ok 70/2000 (nd-only 0, parse-fail 80) distinct_ok 1 first_hit 2 written_hist {8: 1} lean 1s (15s; 226 done, 10s/thm, ETA 12 min)
d3req_226: n_ok 71/2000 (nd-only 0, parse-fail 57) distinct_ok 1 first_hit 40 written_hist {8: 1} lean 1s (12s; 227 done, 10s/thm, ETA 12 min)
d3req_227: n_ok 4/2000 (nd-only 0, parse-fail 1764) distinct_ok 1 first_hit 340 written_hist {8: 1} lean 0s (9s; 228 done, 10s/thm, ETA 12 min)
d3req_228: n_ok 0/2000 (nd-only 0, parse-fail 702) distinct_ok 0 first_hit None written_hist {} lean 0s (10s; 229 done, 10s/thm, ETA 12 min)
d3req_229: n_ok 3/2000 (nd-only 0, parse-fail 1964) distinct_ok 1 first_hit 763 written_hist {8: 1} lean 0s (9s; 230 done, 10s/thm, ETA 11 min)
d3req_230: n_ok 1/2000 (nd-only 0, parse-fail 133) distinct_ok 1 first_hit 1855 written_hist {8: 1} lean 0s (9s; 231 done, 10s/thm, ETA 11 min)
d3req_231: n_ok 253/2000 (nd-only 0, parse-fail 1737) distinct_ok 1 first_hit 2 written_hist {8: 1} lean 0s (11s; 232 done, 10s/thm, ETA 11 min)
d3req_232: n_ok 673/2000 (nd-only 0, parse-fail 1068) distinct_ok 2 first_hit 2 written_hist {8: 2} lean 1s (10s; 233 done, 10s/thm, ETA 11 min)
d3req_233: n_ok 7/2000 (nd-only 0, parse-fail 1103) distinct_ok 1 first_hit 133 written_hist {8: 1} lean 0s (11s; 234 done, 10s/thm, ETA 11 min)
d3req_234: n_ok 225/2000 (nd-only 0, parse-fail 1753) distinct_ok 3 first_hit 1 written_hist {8: 2, 9: 1} lean 0s (11s; 235 done, 10s/thm, ETA 11 min)
d3req_235: n_ok 579/2000 (nd-only 0, parse-fail 1356) distinct_ok 1 first_hit 1 written_hist {8: 1} lean 0s (14s; 236 done, 10s/thm, ETA 11 min)
d3req_236: n_ok 0/2000 (nd-only 0, parse-fail 899) distinct_ok 0 first_hit None written_hist {} lean 0s (11s; 237 done, 10s/thm, ETA 10 min)
d3req_237: n_ok 378/2000 (nd-only 0, parse-fail 1429) distinct_ok 1 first_hit 4 written_hist {8: 1} lean 0s (9s; 238 done, 10s/thm, ETA 10 min)
d3req_238: n_ok 0/2000 (nd-only 0, parse-fail 1920) distinct_ok 0 first_hit None written_hist {} lean 0s (10s; 239 done, 10s/thm, ETA 10 min)
d3req_239: n_ok 0/2000 (nd-only 0, parse-fail 1550) distinct_ok 0 first_hit None written_hist {} lean 0s (7s; 240 done, 10s/thm, ETA 10 min)
d3req_240: n_ok 160/2000 (nd-only 0, parse-fail 88) distinct_ok 2 first_hit 25 written_hist {8: 2} lean 0s (9s; 241 done, 10s/thm, ETA 10 min)
d3req_241: n_ok 1/2000 (nd-only 0, parse-fail 99) distinct_ok 1 first_hit 42 written_hist {8: 1} lean 0s (7s; 242 done, 10s/thm, ETA 10 min)
d3req_242: n_ok 198/2000 (nd-only 0, parse-fail 1147) distinct_ok 2 first_hit 5 written_hist {8: 2} lean 0s (7s; 243 done, 10s/thm, ETA 9 min)
d3req_243: n_ok 1/2000 (nd-only 0, parse-fail 512) distinct_ok 1 first_hit 390 written_hist {8: 1} lean 0s (8s; 244 done, 10s/thm, ETA 9 min)
d3req_244: n_ok 0/2000 (nd-only 0, parse-fail 1000) distinct_ok 0 first_hit None written_hist {} lean 0s (11s; 245 done, 10s/thm, ETA 9 min)
d3req_245: n_ok 20/2000 (nd-only 0, parse-fail 930) distinct_ok 1 first_hit 25 written_hist {8: 1} lean 0s (8s; 246 done, 10s/thm, ETA 9 min)
d3req_246: n_ok 63/2000 (nd-only 0, parse-fail 1335) distinct_ok 1 first_hit 21 written_hist {8: 1} lean 0s (10s; 247 done, 10s/thm, ETA 9 min)
d3req_247: n_ok 41/2000 (nd-only 0, parse-fail 683) distinct_ok 1 first_hit 4 written_hist {8: 1} lean 0s (9s; 248 done, 10s/thm, ETA 9 min)
d3req_248: n_ok 559/2000 (nd-only 0, parse-fail 925) distinct_ok 1 first_hit 2 written_hist {8: 1} lean 0s (8s; 249 done, 10s/thm, ETA 8 min)
d3req_249: n_ok 201/2000 (nd-only 0, parse-fail 571) distinct_ok 1 first_hit 1 written_hist {8: 1} lean 0s (13s; 250 done, 10s/thm, ETA 8 min)
d3req_250: n_ok 3/2000 (nd-only 0, parse-fail 1986) distinct_ok 1 first_hit 422 written_hist {8: 1} lean 0s (12s; 251 done, 10s/thm, ETA 8 min)
d3req_251: n_ok 280/2000 (nd-only 0, parse-fail 355) distinct_ok 1 first_hit 1 written_hist {8: 1} lean 1s (11s; 252 done, 10s/thm, ETA 8 min)
d3req_252: n_ok 743/2000 (nd-only 0, parse-fail 462) distinct_ok 1 first_hit 1 written_hist {8: 1} lean 1s (9s; 253 done, 10s/thm, ETA 8 min)
d3req_253: n_ok 311/2000 (nd-only 0, parse-fail 1618) distinct_ok 1 first_hit 2 written_hist {8: 1} lean 1s (12s; 254 done, 10s/thm, ETA 8 min)
d3req_254: n_ok 2/2000 (nd-only 0, parse-fail 584) distinct_ok 1 first_hit 919 written_hist {8: 1} lean 0s (11s; 255 done, 10s/thm, ETA 7 min)
d3req_255: n_ok 353/2000 (nd-only 0, parse-fail 1620) distinct_ok 4 first_hit 1 written_hist {8: 3, 9: 1} lean 0s (10s; 256 done, 10s/thm, ETA 7 min)
d3req_256: n_ok 18/2000 (nd-only 0, parse-fail 1940) distinct_ok 1 first_hit 13 written_hist {8: 1} lean 0s (10s; 257 done, 10s/thm, ETA 7 min)
d3req_257: n_ok 1/2000 (nd-only 0, parse-fail 69) distinct_ok 1 first_hit 595 written_hist {8: 1} lean 0s (10s; 258 done, 10s/thm, ETA 7 min)
d3req_258: n_ok 2/2000 (nd-only 0, parse-fail 1393) distinct_ok 1 first_hit 297 written_hist {8: 1} lean 0s (8s; 259 done, 10s/thm, ETA 7 min)
d3req_259: n_ok 1/2000 (nd-only 0, parse-fail 349) distinct_ok 1 first_hit 1752 written_hist {8: 1} lean 0s (14s; 260 done, 10s/thm, ETA 7 min)
d3req_260: n_ok 28/2000 (nd-only 0, parse-fail 1960) distinct_ok 1 first_hit 21 written_hist {8: 1} lean 0s (9s; 261 done, 10s/thm, ETA 6 min)
d3req_261: n_ok 24/2000 (nd-only 0, parse-fail 1902) distinct_ok 1 first_hit 230 written_hist {8: 1} lean 0s (13s; 262 done, 10s/thm, ETA 6 min)
d3req_262: n_ok 355/2000 (nd-only 0, parse-fail 1630) distinct_ok 1 first_hit 10 written_hist {8: 1} lean 2s (20s; 263 done, 10s/thm, ETA 6 min)
d3req_263: n_ok 0/2000 (nd-only 0, parse-fail 117) distinct_ok 0 first_hit None written_hist {} lean 0s (11s; 264 done, 10s/thm, ETA 6 min)
d3req_264: n_ok 11/2000 (nd-only 0, parse-fail 1933) distinct_ok 1 first_hit 32 written_hist {8: 1} lean 1s (21s; 265 done, 10s/thm, ETA 6 min)
d3req_265: n_ok 798/2000 (nd-only 0, parse-fail 1201) distinct_ok 2 first_hit 4 written_hist {8: 2} lean 2s (18s; 266 done, 10s/thm, ETA 6 min)
d3req_266: n_ok 1171/2000 (nd-only 0, parse-fail 666) distinct_ok 1 first_hit 1 written_hist {8: 1} lean 2s (14s; 267 done, 10s/thm, ETA 5 min)
d3req_267: n_ok 36/2000 (nd-only 0, parse-fail 13) distinct_ok 1 first_hit 20 written_hist {8: 1} lean 1s (11s; 268 done, 10s/thm, ETA 5 min)
d3req_268: n_ok 21/2000 (nd-only 0, parse-fail 75) distinct_ok 1 first_hit 114 written_hist {8: 1} lean 2s (16s; 269 done, 10s/thm, ETA 5 min)
d3req_269: n_ok 544/2000 (nd-only 0, parse-fail 1029) distinct_ok 1 first_hit 4 written_hist {8: 1} lean 0s (14s; 270 done, 10s/thm, ETA 5 min)
d3req_270: n_ok 0/2000 (nd-only 0, parse-fail 776) distinct_ok 0 first_hit None written_hist {} lean 0s (11s; 271 done, 10s/thm, ETA 5 min)
d3req_271: n_ok 0/2000 (nd-only 0, parse-fail 315) distinct_ok 0 first_hit None written_hist {} lean 0s (10s; 272 done, 10s/thm, ETA 5 min)
d3req_272: n_ok 452/2000 (nd-only 0, parse-fail 1454) distinct_ok 1 first_hit 1 written_hist {7: 1} lean 2s (12s; 273 done, 10s/thm, ETA 5 min)
d3req_273: n_ok 336/2000 (nd-only 0, parse-fail 198) distinct_ok 2 first_hit 4 written_hist {8: 1, 9: 1} lean 2s (11s; 274 done, 10s/thm, ETA 4 min)
d3req_274: n_ok 587/2000 (nd-only 0, parse-fail 1385) distinct_ok 1 first_hit 3 written_hist {8: 1} lean 0s (9s; 275 done, 10s/thm, ETA 4 min)
d3req_275: n_ok 0/2000 (nd-only 0, parse-fail 1777) distinct_ok 0 first_hit None written_hist {} lean 0s (6s; 276 done, 10s/thm, ETA 4 min)
d3req_276: n_ok 0/2000 (nd-only 0, parse-fail 60) distinct_ok 0 first_hit None written_hist {} lean 0s (7s; 277 done, 10s/thm, ETA 4 min)
d3req_277: n_ok 561/2000 (nd-only 0, parse-fail 1429) distinct_ok 1 first_hit 4 written_hist {7: 1} lean 0s (8s; 278 done, 10s/thm, ETA 4 min)
d3req_278: n_ok 657/2000 (nd-only 0, parse-fail 466) distinct_ok 1 first_hit 2 written_hist {8: 1} lean 0s (8s; 279 done, 10s/thm, ETA 4 min)
d3req_279: n_ok 4/2000 (nd-only 0, parse-fail 41) distinct_ok 1 first_hit 1001 written_hist {9: 1} lean 1s (9s; 280 done, 10s/thm, ETA 3 min)
d3req_280: n_ok 741/2000 (nd-only 0, parse-fail 1258) distinct_ok 1 first_hit 3 written_hist {8: 1} lean 0s (7s; 281 done, 10s/thm, ETA 3 min)
d3req_281: n_ok 10/2000 (nd-only 0, parse-fail 1601) distinct_ok 1 first_hit 88 written_hist {8: 1} lean 0s (9s; 282 done, 10s/thm, ETA 3 min)
d3req_282: n_ok 157/2000 (nd-only 0, parse-fail 14) distinct_ok 1 first_hit 3 written_hist {8: 1} lean 0s (8s; 283 done, 10s/thm, ETA 3 min)
d3req_283: n_ok 28/2000 (nd-only 0, parse-fail 1958) distinct_ok 1 first_hit 71 written_hist {8: 1} lean 0s (9s; 284 done, 10s/thm, ETA 3 min)
d3req_284: n_ok 83/2000 (nd-only 0, parse-fail 1018) distinct_ok 2 first_hit 71 written_hist {8: 2} lean 0s (6s; 285 done, 10s/thm, ETA 2 min)
d3req_285: n_ok 22/2000 (nd-only 0, parse-fail 469) distinct_ok 1 first_hit 220 written_hist {8: 1} lean 0s (7s; 286 done, 10s/thm, ETA 2 min)
d3req_286: n_ok 696/2000 (nd-only 0, parse-fail 1245) distinct_ok 2 first_hit 1 written_hist {8: 1, 9: 1} lean 0s (9s; 287 done, 10s/thm, ETA 2 min)
d3req_287: n_ok 1186/2000 (nd-only 0, parse-fail 800) distinct_ok 1 first_hit 1 written_hist {8: 1} lean 1s (10s; 288 done, 10s/thm, ETA 2 min)
d3req_288: n_ok 0/2000 (nd-only 0, parse-fail 1944) distinct_ok 0 first_hit None written_hist {} lean 0s (8s; 289 done, 10s/thm, ETA 2 min)
d3req_289: n_ok 10/2000 (nd-only 0, parse-fail 250) distinct_ok 1 first_hit 116 written_hist {8: 1} lean 0s (9s; 290 done, 10s/thm, ETA 2 min)
d3req_290: n_ok 0/2000 (nd-only 0, parse-fail 290) distinct_ok 0 first_hit None written_hist {} lean 0s (9s; 291 done, 10s/thm, ETA 1 min)
d3req_291: n_ok 225/2000 (nd-only 0, parse-fail 718) distinct_ok 2 first_hit 4 written_hist {8: 1, 9: 1} lean 0s (11s; 292 done, 10s/thm, ETA 1 min)
d3req_292: n_ok 280/2000 (nd-only 0, parse-fail 32) distinct_ok 1 first_hit 5 written_hist {8: 1} lean 0s (7s; 293 done, 10s/thm, ETA 1 min)
d3req_293: n_ok 13/2000 (nd-only 0, parse-fail 1899) distinct_ok 1 first_hit 428 written_hist {8: 1} lean 0s (10s; 294 done, 10s/thm, ETA 1 min)
d3req_294: n_ok 1305/2000 (nd-only 0, parse-fail 584) distinct_ok 1 first_hit 2 written_hist {8: 1} lean 0s (6s; 295 done, 10s/thm, ETA 1 min)
d3req_295: n_ok 0/2000 (nd-only 0, parse-fail 78) distinct_ok 0 first_hit None written_hist {} lean 0s (5s; 296 done, 10s/thm, ETA 1 min)
d3req_296: n_ok 0/2000 (nd-only 0, parse-fail 1661) distinct_ok 0 first_hit None written_hist {} lean 0s (10s; 297 done, 10s/thm, ETA 0 min)
d3req_297: n_ok 0/2000 (nd-only 0, parse-fail 1974) distinct_ok 0 first_hit None written_hist {} lean 0s (8s; 298 done, 10s/thm, ETA 0 min)
d3req_298: n_ok 0/2000 (nd-only 0, parse-fail 1783) distinct_ok 0 first_hit None written_hist {} lean 0s (10s; 299 done, 10s/thm, ETA 0 min)
d3req_299: n_ok 3/2000 (nd-only 0, parse-fail 422) distinct_ok 1 first_hit 48 written_hist {8: 1} lean 0s (9s; 300 done, 10s/thm, ETA 0 min)
DONE {'samples': 600000, 'parse_fail': 305967, 'nd_ok_samples': 47303, 'both_ok_samples': 47303, 'lean_wall_s': 118.00020027160645, 'lean_proc_s': 117.58125853538513, 'nd_ok_lean_ok_texts': 5240, 'nd_ok_lean_rej_texts': 0}
END 2026-09-24T00:16:52Z
