START 2026-09-23T23:18:26Z until [ -f ckpts/lf/stage1_a1_seq_s1.pt ]; do sleep 30; done; python3 coverage_lean.py --ckpt ckpts/lf/stage1_a1_seq_s1.pt --in data/p2/targets_reductio_req.jsonl --k 2000 --temperature 0.8 --seed 0 --batch 1024 --procs 2 --out artifacts/dsc/cov_c0_s1_redreq
shard 0/1: 300 theorems, 0 already done; k=2000 T=0.8 batch=1024
targets_reductio_req_0: n_ok 0/2000 (nd-only 0, parse-fail 140) distinct_ok 0 first_hit None written_hist {} lean 0s (9s; 1 done, 9s/thm, ETA 42 min)
targets_reductio_req_1: n_ok 0/2000 (nd-only 0, parse-fail 780) distinct_ok 0 first_hit None written_hist {} lean 0s (8s; 2 done, 8s/thm, ETA 41 min)
targets_reductio_req_2: n_ok 0/2000 (nd-only 0, parse-fail 407) distinct_ok 0 first_hit None written_hist {} lean 0s (7s; 3 done, 8s/thm, ETA 39 min)
targets_reductio_req_3: n_ok 0/2000 (nd-only 0, parse-fail 1802) distinct_ok 0 first_hit None written_hist {} lean 0s (8s; 4 done, 8s/thm, ETA 39 min)
targets_reductio_req_4: n_ok 0/2000 (nd-only 0, parse-fail 794) distinct_ok 0 first_hit None written_hist {} lean 0s (9s; 5 done, 8s/thm, ETA 40 min)
targets_reductio_req_5: n_ok 0/2000 (nd-only 0, parse-fail 30) distinct_ok 0 first_hit None written_hist {} lean 0s (8s; 6 done, 8s/thm, ETA 40 min)
targets_reductio_req_6: n_ok 0/2000 (nd-only 0, parse-fail 1262) distinct_ok 0 first_hit None written_hist {} lean 0s (7s; 7 done, 8s/thm, ETA 39 min)
targets_reductio_req_7: n_ok 0/2000 (nd-only 0, parse-fail 23) distinct_ok 0 first_hit None written_hist {} lean 0s (9s; 8 done, 8s/thm, ETA 40 min)
targets_reductio_req_8: n_ok 0/2000 (nd-only 0, parse-fail 47) distinct_ok 0 first_hit None written_hist {} lean 0s (9s; 9 done, 8s/thm, ETA 40 min)
targets_reductio_req_9: n_ok 0/2000 (nd-only 0, parse-fail 379) distinct_ok 0 first_hit None written_hist {} lean 0s (8s; 10 done, 8s/thm, ETA 40 min)
targets_reductio_req_10: n_ok 0/2000 (nd-only 0, parse-fail 144) distinct_ok 0 first_hit None written_hist {} lean 0s (8s; 11 done, 8s/thm, ETA 40 min)
targets_reductio_req_11: n_ok 0/2000 (nd-only 0, parse-fail 231) distinct_ok 0 first_hit None written_hist {} lean 0s (8s; 12 done, 8s/thm, ETA 39 min)
targets_reductio_req_12: n_ok 0/2000 (nd-only 0, parse-fail 243) distinct_ok 0 first_hit None written_hist {} lean 0s (9s; 13 done, 8s/thm, ETA 39 min)
targets_reductio_req_13: n_ok 0/2000 (nd-only 0, parse-fail 625) distinct_ok 0 first_hit None written_hist {} lean 0s (10s; 14 done, 8s/thm, ETA 40 min)
targets_reductio_req_14: n_ok 0/2000 (nd-only 0, parse-fail 141) distinct_ok 0 first_hit None written_hist {} lean 0s (25s; 15 done, 9s/thm, ETA 45 min)
targets_reductio_req_15: n_ok 0/2000 (nd-only 0, parse-fail 267) distinct_ok 0 first_hit None written_hist {} lean 0s (19s; 16 done, 10s/thm, ETA 48 min)
targets_reductio_req_16: n_ok 0/2000 (nd-only 0, parse-fail 419) distinct_ok 0 first_hit None written_hist {} lean 0s (21s; 17 done, 11s/thm, ETA 51 min)
targets_reductio_req_17: n_ok 0/2000 (nd-only 0, parse-fail 39) distinct_ok 0 first_hit None written_hist {} lean 0s (17s; 18 done, 11s/thm, ETA 52 min)
targets_reductio_req_18: n_ok 0/2000 (nd-only 0, parse-fail 157) distinct_ok 0 first_hit None written_hist {} lean 0s (23s; 19 done, 12s/thm, ETA 55 min)
targets_reductio_req_19: n_ok 0/2000 (nd-only 0, parse-fail 328) distinct_ok 0 first_hit None written_hist {} lean 0s (21s; 20 done, 12s/thm, ETA 57 min)
targets_reductio_req_20: n_ok 0/2000 (nd-only 0, parse-fail 259) distinct_ok 0 first_hit None written_hist {} lean 0s (15s; 21 done, 12s/thm, ETA 57 min)
targets_reductio_req_21: n_ok 0/2000 (nd-only 0, parse-fail 890) distinct_ok 0 first_hit None written_hist {} lean 0s (16s; 22 done, 12s/thm, ETA 58 min)
targets_reductio_req_22: n_ok 0/2000 (nd-only 0, parse-fail 344) distinct_ok 0 first_hit None written_hist {} lean 0s (20s; 23 done, 13s/thm, ETA 59 min)
targets_reductio_req_23: n_ok 0/2000 (nd-only 0, parse-fail 80) distinct_ok 0 first_hit None written_hist {} lean 0s (20s; 24 done, 13s/thm, ETA 60 min)
targets_reductio_req_24: n_ok 0/2000 (nd-only 0, parse-fail 198) distinct_ok 0 first_hit None written_hist {} lean 0s (18s; 25 done, 13s/thm, ETA 61 min)
targets_reductio_req_25: n_ok 0/2000 (nd-only 0, parse-fail 27) distinct_ok 0 first_hit None written_hist {} lean 0s (14s; 26 done, 13s/thm, ETA 61 min)
targets_reductio_req_26: n_ok 0/2000 (nd-only 0, parse-fail 197) distinct_ok 0 first_hit None written_hist {} lean 0s (5s; 27 done, 13s/thm, ETA 59 min)
targets_reductio_req_27: n_ok 0/2000 (nd-only 0, parse-fail 121) distinct_ok 0 first_hit None written_hist {} lean 0s (8s; 28 done, 13s/thm, ETA 58 min)
targets_reductio_req_28: n_ok 0/2000 (nd-only 0, parse-fail 606) distinct_ok 0 first_hit None written_hist {} lean 0s (10s; 29 done, 13s/thm, ETA 57 min)
targets_reductio_req_29: n_ok 0/2000 (nd-only 0, parse-fail 16) distinct_ok 0 first_hit None written_hist {} lean 0s (11s; 30 done, 13s/thm, ETA 57 min)
targets_reductio_req_30: n_ok 0/2000 (nd-only 0, parse-fail 140) distinct_ok 0 first_hit None written_hist {} lean 0s (6s; 31 done, 12s/thm, ETA 55 min)
targets_reductio_req_31: n_ok 5/2000 (nd-only 0, parse-fail 251) distinct_ok 1 first_hit 655 written_hist {7: 1} lean 3s (16s; 32 done, 12s/thm, ETA 56 min)
targets_reductio_req_32: n_ok 0/2000 (nd-only 0, parse-fail 782) distinct_ok 0 first_hit None written_hist {} lean 0s (12s; 33 done, 12s/thm, ETA 56 min)
targets_reductio_req_33: n_ok 0/2000 (nd-only 0, parse-fail 29) distinct_ok 0 first_hit None written_hist {} lean 0s (11s; 34 done, 12s/thm, ETA 55 min)
targets_reductio_req_34: n_ok 0/2000 (nd-only 0, parse-fail 331) distinct_ok 0 first_hit None written_hist {} lean 0s (13s; 35 done, 12s/thm, ETA 55 min)
targets_reductio_req_35: n_ok 0/2000 (nd-only 0, parse-fail 1037) distinct_ok 0 first_hit None written_hist {} lean 0s (12s; 36 done, 12s/thm, ETA 55 min)
targets_reductio_req_36: n_ok 0/2000 (nd-only 0, parse-fail 7) distinct_ok 0 first_hit None written_hist {} lean 0s (13s; 37 done, 12s/thm, ETA 55 min)
targets_reductio_req_37: n_ok 0/2000 (nd-only 0, parse-fail 49) distinct_ok 0 first_hit None written_hist {} lean 0s (11s; 38 done, 12s/thm, ETA 54 min)
targets_reductio_req_38: n_ok 0/2000 (nd-only 0, parse-fail 94) distinct_ok 0 first_hit None written_hist {} lean 0s (11s; 39 done, 12s/thm, ETA 54 min)
targets_reductio_req_39: n_ok 0/2000 (nd-only 0, parse-fail 939) distinct_ok 0 first_hit None written_hist {} lean 0s (7s; 40 done, 12s/thm, ETA 53 min)
targets_reductio_req_40: n_ok 0/2000 (nd-only 0, parse-fail 83) distinct_ok 0 first_hit None written_hist {} lean 0s (8s; 41 done, 12s/thm, ETA 52 min)
targets_reductio_req_41: n_ok 0/2000 (nd-only 0, parse-fail 917) distinct_ok 0 first_hit None written_hist {} lean 0s (12s; 42 done, 12s/thm, ETA 52 min)
targets_reductio_req_42: n_ok 0/2000 (nd-only 0, parse-fail 12) distinct_ok 0 first_hit None written_hist {} lean 0s (12s; 43 done, 12s/thm, ETA 52 min)
targets_reductio_req_43: n_ok 0/2000 (nd-only 0, parse-fail 421) distinct_ok 0 first_hit None written_hist {} lean 0s (4s; 44 done, 12s/thm, ETA 51 min)
targets_reductio_req_44: n_ok 0/2000 (nd-only 0, parse-fail 829) distinct_ok 0 first_hit None written_hist {} lean 0s (4s; 45 done, 12s/thm, ETA 50 min)
targets_reductio_req_45: n_ok 0/2000 (nd-only 0, parse-fail 64) distinct_ok 0 first_hit None written_hist {} lean 0s (6s; 46 done, 12s/thm, ETA 49 min)
targets_reductio_req_46: n_ok 0/2000 (nd-only 0, parse-fail 297) distinct_ok 0 first_hit None written_hist {} lean 0s (6s; 47 done, 12s/thm, ETA 49 min)
targets_reductio_req_47: n_ok 0/2000 (nd-only 0, parse-fail 119) distinct_ok 0 first_hit None written_hist {} lean 0s (6s; 48 done, 11s/thm, ETA 48 min)
targets_reductio_req_48: n_ok 0/2000 (nd-only 0, parse-fail 1566) distinct_ok 0 first_hit None written_hist {} lean 0s (7s; 49 done, 11s/thm, ETA 47 min)
targets_reductio_req_49: n_ok 0/2000 (nd-only 0, parse-fail 549) distinct_ok 0 first_hit None written_hist {} lean 0s (7s; 50 done, 11s/thm, ETA 47 min)
targets_reductio_req_50: n_ok 0/2000 (nd-only 0, parse-fail 238) distinct_ok 0 first_hit None written_hist {} lean 0s (6s; 51 done, 11s/thm, ETA 46 min)
targets_reductio_req_51: n_ok 0/2000 (nd-only 0, parse-fail 222) distinct_ok 0 first_hit None written_hist {} lean 0s (7s; 52 done, 11s/thm, ETA 46 min)
targets_reductio_req_52: n_ok 0/2000 (nd-only 0, parse-fail 210) distinct_ok 0 first_hit None written_hist {} lean 0s (6s; 53 done, 11s/thm, ETA 45 min)
targets_reductio_req_53: n_ok 0/2000 (nd-only 0, parse-fail 373) distinct_ok 0 first_hit None written_hist {} lean 0s (7s; 54 done, 11s/thm, ETA 45 min)
targets_reductio_req_54: n_ok 0/2000 (nd-only 0, parse-fail 14) distinct_ok 0 first_hit None written_hist {} lean 0s (7s; 55 done, 11s/thm, ETA 44 min)
targets_reductio_req_55: n_ok 0/2000 (nd-only 0, parse-fail 221) distinct_ok 0 first_hit None written_hist {} lean 0s (7s; 56 done, 11s/thm, ETA 44 min)
targets_reductio_req_56: n_ok 0/2000 (nd-only 0, parse-fail 241) distinct_ok 0 first_hit None written_hist {} lean 0s (6s; 57 done, 11s/thm, ETA 43 min)
targets_reductio_req_57: n_ok 0/2000 (nd-only 0, parse-fail 326) distinct_ok 0 first_hit None written_hist {} lean 0s (8s; 58 done, 11s/thm, ETA 43 min)
targets_reductio_req_58: n_ok 0/2000 (nd-only 0, parse-fail 899) distinct_ok 0 first_hit None written_hist {} lean 0s (8s; 59 done, 11s/thm, ETA 42 min)
targets_reductio_req_59: n_ok 0/2000 (nd-only 0, parse-fail 280) distinct_ok 0 first_hit None written_hist {} lean 0s (6s; 60 done, 10s/thm, ETA 42 min)
targets_reductio_req_60: n_ok 864/2000 (nd-only 0, parse-fail 218) distinct_ok 1 first_hit 1 written_hist {7: 1} lean 0s (7s; 61 done, 10s/thm, ETA 42 min)
targets_reductio_req_61: n_ok 0/2000 (nd-only 0, parse-fail 359) distinct_ok 0 first_hit None written_hist {} lean 0s (9s; 62 done, 10s/thm, ETA 41 min)
targets_reductio_req_62: n_ok 0/2000 (nd-only 0, parse-fail 348) distinct_ok 0 first_hit None written_hist {} lean 0s (6s; 63 done, 10s/thm, ETA 41 min)
targets_reductio_req_63: n_ok 0/2000 (nd-only 0, parse-fail 1008) distinct_ok 0 first_hit None written_hist {} lean 0s (6s; 64 done, 10s/thm, ETA 40 min)
targets_reductio_req_64: n_ok 0/2000 (nd-only 0, parse-fail 126) distinct_ok 0 first_hit None written_hist {} lean 0s (7s; 65 done, 10s/thm, ETA 40 min)
targets_reductio_req_65: n_ok 0/2000 (nd-only 0, parse-fail 617) distinct_ok 0 first_hit None written_hist {} lean 0s (9s; 66 done, 10s/thm, ETA 40 min)
targets_reductio_req_66: n_ok 0/2000 (nd-only 0, parse-fail 833) distinct_ok 0 first_hit None written_hist {} lean 0s (11s; 67 done, 10s/thm, ETA 40 min)
targets_reductio_req_67: n_ok 5/2000 (nd-only 0, parse-fail 181) distinct_ok 1 first_hit 28 written_hist {7: 1} lean 0s (7s; 68 done, 10s/thm, ETA 39 min)
targets_reductio_req_68: n_ok 0/2000 (nd-only 0, parse-fail 144) distinct_ok 0 first_hit None written_hist {} lean 0s (11s; 69 done, 10s/thm, ETA 39 min)
targets_reductio_req_69: n_ok 0/2000 (nd-only 0, parse-fail 73) distinct_ok 0 first_hit None written_hist {} lean 0s (6s; 70 done, 10s/thm, ETA 39 min)
targets_reductio_req_70: n_ok 0/2000 (nd-only 0, parse-fail 40) distinct_ok 0 first_hit None written_hist {} lean 0s (7s; 71 done, 10s/thm, ETA 38 min)
targets_reductio_req_71: n_ok 0/2000 (nd-only 0, parse-fail 206) distinct_ok 0 first_hit None written_hist {} lean 0s (9s; 72 done, 10s/thm, ETA 38 min)
targets_reductio_req_72: n_ok 0/2000 (nd-only 0, parse-fail 171) distinct_ok 0 first_hit None written_hist {} lean 0s (8s; 73 done, 10s/thm, ETA 38 min)
targets_reductio_req_73: n_ok 0/2000 (nd-only 0, parse-fail 211) distinct_ok 0 first_hit None written_hist {} lean 0s (7s; 74 done, 10s/thm, ETA 38 min)
targets_reductio_req_74: n_ok 4/2000 (nd-only 0, parse-fail 43) distinct_ok 1 first_hit 269 written_hist {7: 1} lean 0s (8s; 75 done, 10s/thm, ETA 37 min)
targets_reductio_req_75: n_ok 0/2000 (nd-only 0, parse-fail 106) distinct_ok 0 first_hit None written_hist {} lean 0s (7s; 76 done, 10s/thm, ETA 37 min)
targets_reductio_req_76: n_ok 0/2000 (nd-only 0, parse-fail 986) distinct_ok 0 first_hit None written_hist {} lean 0s (9s; 77 done, 10s/thm, ETA 37 min)
targets_reductio_req_77: n_ok 0/2000 (nd-only 0, parse-fail 60) distinct_ok 0 first_hit None written_hist {} lean 0s (6s; 78 done, 10s/thm, ETA 36 min)
targets_reductio_req_78: n_ok 0/2000 (nd-only 0, parse-fail 710) distinct_ok 0 first_hit None written_hist {} lean 0s (6s; 79 done, 10s/thm, ETA 36 min)
targets_reductio_req_79: n_ok 0/2000 (nd-only 0, parse-fail 40) distinct_ok 0 first_hit None written_hist {} lean 0s (9s; 80 done, 10s/thm, ETA 36 min)
targets_reductio_req_80: n_ok 0/2000 (nd-only 0, parse-fail 780) distinct_ok 0 first_hit None written_hist {} lean 0s (8s; 81 done, 10s/thm, ETA 36 min)
targets_reductio_req_81: n_ok 0/2000 (nd-only 0, parse-fail 1164) distinct_ok 0 first_hit None written_hist {} lean 0s (9s; 82 done, 10s/thm, ETA 35 min)
targets_reductio_req_82: n_ok 0/2000 (nd-only 0, parse-fail 73) distinct_ok 0 first_hit None written_hist {} lean 0s (8s; 83 done, 10s/thm, ETA 35 min)
targets_reductio_req_83: n_ok 0/2000 (nd-only 0, parse-fail 306) distinct_ok 0 first_hit None written_hist {} lean 0s (11s; 84 done, 10s/thm, ETA 35 min)
targets_reductio_req_84: n_ok 0/2000 (nd-only 0, parse-fail 631) distinct_ok 0 first_hit None written_hist {} lean 0s (9s; 85 done, 10s/thm, ETA 35 min)
targets_reductio_req_85: n_ok 183/2000 (nd-only 0, parse-fail 119) distinct_ok 1 first_hit 3 written_hist {7: 1} lean 0s (8s; 86 done, 10s/thm, ETA 35 min)
targets_reductio_req_86: n_ok 86/2000 (nd-only 0, parse-fail 20) distinct_ok 1 first_hit 54 written_hist {7: 1} lean 0s (8s; 87 done, 10s/thm, ETA 34 min)
targets_reductio_req_87: n_ok 0/2000 (nd-only 0, parse-fail 6) distinct_ok 0 first_hit None written_hist {} lean 0s (7s; 88 done, 10s/thm, ETA 34 min)
targets_reductio_req_88: n_ok 29/2000 (nd-only 0, parse-fail 54) distinct_ok 1 first_hit 45 written_hist {7: 1} lean 0s (9s; 89 done, 10s/thm, ETA 34 min)
targets_reductio_req_89: n_ok 0/2000 (nd-only 0, parse-fail 1659) distinct_ok 0 first_hit None written_hist {} lean 0s (8s; 90 done, 10s/thm, ETA 34 min)
targets_reductio_req_90: n_ok 0/2000 (nd-only 0, parse-fail 24) distinct_ok 0 first_hit None written_hist {} lean 0s (9s; 91 done, 10s/thm, ETA 33 min)
targets_reductio_req_91: n_ok 0/2000 (nd-only 0, parse-fail 7) distinct_ok 0 first_hit None written_hist {} lean 0s (9s; 92 done, 10s/thm, ETA 33 min)
targets_reductio_req_92: n_ok 0/2000 (nd-only 0, parse-fail 245) distinct_ok 0 first_hit None written_hist {} lean 0s (7s; 93 done, 10s/thm, ETA 33 min)
targets_reductio_req_93: n_ok 0/2000 (nd-only 0, parse-fail 223) distinct_ok 0 first_hit None written_hist {} lean 0s (9s; 94 done, 10s/thm, ETA 33 min)
targets_reductio_req_94: n_ok 0/2000 (nd-only 0, parse-fail 33) distinct_ok 0 first_hit None written_hist {} lean 0s (8s; 95 done, 10s/thm, ETA 33 min)
targets_reductio_req_95: n_ok 13/2000 (nd-only 0, parse-fail 194) distinct_ok 1 first_hit 698 written_hist {7: 1} lean 0s (7s; 96 done, 10s/thm, ETA 32 min)
targets_reductio_req_96: n_ok 0/2000 (nd-only 0, parse-fail 121) distinct_ok 0 first_hit None written_hist {} lean 0s (6s; 97 done, 9s/thm, ETA 32 min)
targets_reductio_req_97: n_ok 0/2000 (nd-only 0, parse-fail 219) distinct_ok 0 first_hit None written_hist {} lean 0s (8s; 98 done, 9s/thm, ETA 32 min)
targets_reductio_req_98: n_ok 0/2000 (nd-only 0, parse-fail 669) distinct_ok 0 first_hit None written_hist {} lean 0s (9s; 99 done, 9s/thm, ETA 32 min)
targets_reductio_req_99: n_ok 0/2000 (nd-only 0, parse-fail 867) distinct_ok 0 first_hit None written_hist {} lean 0s (7s; 100 done, 9s/thm, ETA 32 min)
targets_reductio_req_100: n_ok 0/2000 (nd-only 0, parse-fail 251) distinct_ok 0 first_hit None written_hist {} lean 0s (8s; 101 done, 9s/thm, ETA 31 min)
targets_reductio_req_101: n_ok 0/2000 (nd-only 0, parse-fail 81) distinct_ok 0 first_hit None written_hist {} lean 0s (7s; 102 done, 9s/thm, ETA 31 min)
targets_reductio_req_102: n_ok 0/2000 (nd-only 0, parse-fail 1133) distinct_ok 0 first_hit None written_hist {} lean 0s (7s; 103 done, 9s/thm, ETA 31 min)
targets_reductio_req_103: n_ok 0/2000 (nd-only 0, parse-fail 1296) distinct_ok 0 first_hit None written_hist {} lean 0s (7s; 104 done, 9s/thm, ETA 31 min)
targets_reductio_req_104: n_ok 0/2000 (nd-only 0, parse-fail 102) distinct_ok 0 first_hit None written_hist {} lean 0s (7s; 105 done, 9s/thm, ETA 30 min)
targets_reductio_req_105: n_ok 192/2000 (nd-only 0, parse-fail 300) distinct_ok 1 first_hit 28 written_hist {7: 1} lean 0s (8s; 106 done, 9s/thm, ETA 30 min)
targets_reductio_req_106: n_ok 0/2000 (nd-only 0, parse-fail 541) distinct_ok 0 first_hit None written_hist {} lean 0s (7s; 107 done, 9s/thm, ETA 30 min)
targets_reductio_req_107: n_ok 24/2000 (nd-only 0, parse-fail 264) distinct_ok 1 first_hit 81 written_hist {7: 1} lean 0s (7s; 108 done, 9s/thm, ETA 30 min)
targets_reductio_req_108: n_ok 0/2000 (nd-only 0, parse-fail 298) distinct_ok 0 first_hit None written_hist {} lean 0s (8s; 109 done, 9s/thm, ETA 30 min)
targets_reductio_req_109: n_ok 0/2000 (nd-only 0, parse-fail 1411) distinct_ok 0 first_hit None written_hist {} lean 0s (8s; 110 done, 9s/thm, ETA 29 min)
targets_reductio_req_110: n_ok 0/2000 (nd-only 0, parse-fail 552) distinct_ok 0 first_hit None written_hist {} lean 0s (7s; 111 done, 9s/thm, ETA 29 min)
targets_reductio_req_111: n_ok 0/2000 (nd-only 0, parse-fail 77) distinct_ok 0 first_hit None written_hist {} lean 0s (7s; 112 done, 9s/thm, ETA 29 min)
targets_reductio_req_112: n_ok 0/2000 (nd-only 0, parse-fail 236) distinct_ok 0 first_hit None written_hist {} lean 0s (7s; 113 done, 9s/thm, ETA 29 min)
targets_reductio_req_113: n_ok 0/2000 (nd-only 0, parse-fail 28) distinct_ok 0 first_hit None written_hist {} lean 0s (9s; 114 done, 9s/thm, ETA 29 min)
targets_reductio_req_114: n_ok 0/2000 (nd-only 0, parse-fail 192) distinct_ok 0 first_hit None written_hist {} lean 0s (8s; 115 done, 9s/thm, ETA 28 min)
targets_reductio_req_115: n_ok 0/2000 (nd-only 0, parse-fail 197) distinct_ok 0 first_hit None written_hist {} lean 0s (8s; 116 done, 9s/thm, ETA 28 min)
targets_reductio_req_116: n_ok 100/2000 (nd-only 0, parse-fail 175) distinct_ok 1 first_hit 8 written_hist {7: 1} lean 0s (9s; 117 done, 9s/thm, ETA 28 min)
targets_reductio_req_117: n_ok 0/2000 (nd-only 0, parse-fail 243) distinct_ok 0 first_hit None written_hist {} lean 0s (9s; 118 done, 9s/thm, ETA 28 min)
targets_reductio_req_118: n_ok 0/2000 (nd-only 0, parse-fail 1432) distinct_ok 0 first_hit None written_hist {} lean 0s (9s; 119 done, 9s/thm, ETA 28 min)
targets_reductio_req_119: n_ok 0/2000 (nd-only 0, parse-fail 12) distinct_ok 0 first_hit None written_hist {} lean 0s (8s; 120 done, 9s/thm, ETA 28 min)
targets_reductio_req_120: n_ok 0/2000 (nd-only 0, parse-fail 90) distinct_ok 0 first_hit None written_hist {} lean 0s (10s; 121 done, 9s/thm, ETA 27 min)
targets_reductio_req_121: n_ok 0/2000 (nd-only 0, parse-fail 39) distinct_ok 0 first_hit None written_hist {} lean 0s (11s; 122 done, 9s/thm, ETA 27 min)
targets_reductio_req_122: n_ok 350/2000 (nd-only 0, parse-fail 281) distinct_ok 1 first_hit 5 written_hist {7: 1} lean 0s (8s; 123 done, 9s/thm, ETA 27 min)
targets_reductio_req_123: n_ok 0/2000 (nd-only 0, parse-fail 836) distinct_ok 0 first_hit None written_hist {} lean 0s (10s; 124 done, 9s/thm, ETA 27 min)
targets_reductio_req_124: n_ok 0/2000 (nd-only 0, parse-fail 20) distinct_ok 0 first_hit None written_hist {} lean 0s (14s; 125 done, 9s/thm, ETA 27 min)
targets_reductio_req_125: n_ok 0/2000 (nd-only 0, parse-fail 554) distinct_ok 0 first_hit None written_hist {} lean 0s (19s; 126 done, 9s/thm, ETA 27 min)
targets_reductio_req_126: n_ok 0/2000 (nd-only 0, parse-fail 1760) distinct_ok 0 first_hit None written_hist {} lean 0s (26s; 127 done, 9s/thm, ETA 27 min)
targets_reductio_req_127: n_ok 0/2000 (nd-only 0, parse-fail 210) distinct_ok 0 first_hit None written_hist {} lean 0s (21s; 128 done, 10s/thm, ETA 27 min)
targets_reductio_req_128: n_ok 0/2000 (nd-only 0, parse-fail 79) distinct_ok 0 first_hit None written_hist {} lean 0s (24s; 129 done, 10s/thm, ETA 27 min)
targets_reductio_req_129: n_ok 0/2000 (nd-only 0, parse-fail 54) distinct_ok 0 first_hit None written_hist {} lean 0s (24s; 130 done, 10s/thm, ETA 28 min)
targets_reductio_req_130: n_ok 0/2000 (nd-only 0, parse-fail 916) distinct_ok 0 first_hit None written_hist {} lean 0s (19s; 131 done, 10s/thm, ETA 28 min)
targets_reductio_req_131: n_ok 0/2000 (nd-only 0, parse-fail 702) distinct_ok 0 first_hit None written_hist {} lean 0s (19s; 132 done, 10s/thm, ETA 28 min)
targets_reductio_req_132: n_ok 0/2000 (nd-only 0, parse-fail 160) distinct_ok 0 first_hit None written_hist {} lean 0s (23s; 133 done, 10s/thm, ETA 28 min)
targets_reductio_req_133: n_ok 0/2000 (nd-only 0, parse-fail 30) distinct_ok 0 first_hit None written_hist {} lean 0s (20s; 134 done, 10s/thm, ETA 28 min)
targets_reductio_req_134: n_ok 0/2000 (nd-only 0, parse-fail 55) distinct_ok 0 first_hit None written_hist {} lean 0s (18s; 135 done, 10s/thm, ETA 28 min)
targets_reductio_req_135: n_ok 0/2000 (nd-only 0, parse-fail 1231) distinct_ok 0 first_hit None written_hist {} lean 0s (14s; 136 done, 10s/thm, ETA 28 min)
targets_reductio_req_136: n_ok 0/2000 (nd-only 0, parse-fail 931) distinct_ok 0 first_hit None written_hist {} lean 0s (11s; 137 done, 10s/thm, ETA 28 min)
targets_reductio_req_137: n_ok 0/2000 (nd-only 0, parse-fail 28) distinct_ok 0 first_hit None written_hist {} lean 0s (12s; 138 done, 10s/thm, ETA 28 min)
targets_reductio_req_138: n_ok 0/2000 (nd-only 0, parse-fail 157) distinct_ok 0 first_hit None written_hist {} lean 0s (19s; 139 done, 10s/thm, ETA 28 min)
targets_reductio_req_139: n_ok 0/2000 (nd-only 0, parse-fail 817) distinct_ok 0 first_hit None written_hist {} lean 0s (16s; 140 done, 10s/thm, ETA 27 min)
targets_reductio_req_140: n_ok 0/2000 (nd-only 0, parse-fail 231) distinct_ok 0 first_hit None written_hist {} lean 0s (15s; 141 done, 10s/thm, ETA 27 min)
targets_reductio_req_141: n_ok 0/2000 (nd-only 0, parse-fail 21) distinct_ok 0 first_hit None written_hist {} lean 0s (13s; 142 done, 10s/thm, ETA 27 min)
targets_reductio_req_142: n_ok 10/2000 (nd-only 0, parse-fail 17) distinct_ok 1 first_hit 376 written_hist {7: 1} lean 3s (20s; 143 done, 10s/thm, ETA 27 min)
targets_reductio_req_143: n_ok 0/2000 (nd-only 0, parse-fail 1823) distinct_ok 0 first_hit None written_hist {} lean 0s (13s; 144 done, 10s/thm, ETA 27 min)
targets_reductio_req_144: n_ok 0/2000 (nd-only 0, parse-fail 44) distinct_ok 0 first_hit None written_hist {} lean 0s (18s; 145 done, 10s/thm, ETA 27 min)
targets_reductio_req_145: n_ok 0/2000 (nd-only 0, parse-fail 585) distinct_ok 0 first_hit None written_hist {} lean 0s (19s; 146 done, 11s/thm, ETA 27 min)
targets_reductio_req_146: n_ok 0/2000 (nd-only 0, parse-fail 97) distinct_ok 0 first_hit None written_hist {} lean 0s (16s; 147 done, 11s/thm, ETA 27 min)
targets_reductio_req_147: n_ok 0/2000 (nd-only 0, parse-fail 132) distinct_ok 0 first_hit None written_hist {} lean 0s (19s; 148 done, 11s/thm, ETA 27 min)
targets_reductio_req_148: n_ok 0/2000 (nd-only 0, parse-fail 1059) distinct_ok 0 first_hit None written_hist {} lean 0s (16s; 149 done, 11s/thm, ETA 27 min)
targets_reductio_req_149: n_ok 0/2000 (nd-only 0, parse-fail 90) distinct_ok 0 first_hit None written_hist {} lean 0s (17s; 150 done, 11s/thm, ETA 27 min)
targets_reductio_req_150: n_ok 0/2000 (nd-only 0, parse-fail 56) distinct_ok 0 first_hit None written_hist {} lean 0s (11s; 151 done, 11s/thm, ETA 27 min)
targets_reductio_req_151: n_ok 0/2000 (nd-only 0, parse-fail 96) distinct_ok 0 first_hit None written_hist {} lean 0s (6s; 152 done, 11s/thm, ETA 26 min)
targets_reductio_req_152: n_ok 69/2000 (nd-only 0, parse-fail 464) distinct_ok 1 first_hit 38 written_hist {7: 1} lean 0s (6s; 153 done, 11s/thm, ETA 26 min)
targets_reductio_req_153: n_ok 0/2000 (nd-only 0, parse-fail 90) distinct_ok 0 first_hit None written_hist {} lean 0s (6s; 154 done, 11s/thm, ETA 26 min)
targets_reductio_req_154: n_ok 0/2000 (nd-only 0, parse-fail 1177) distinct_ok 0 first_hit None written_hist {} lean 0s (6s; 155 done, 11s/thm, ETA 26 min)
targets_reductio_req_155: n_ok 0/2000 (nd-only 0, parse-fail 6) distinct_ok 0 first_hit None written_hist {} lean 0s (5s; 156 done, 11s/thm, ETA 25 min)
targets_reductio_req_156: n_ok 0/2000 (nd-only 0, parse-fail 159) distinct_ok 0 first_hit None written_hist {} lean 0s (7s; 157 done, 11s/thm, ETA 25 min)
targets_reductio_req_157: n_ok 0/2000 (nd-only 0, parse-fail 154) distinct_ok 0 first_hit None written_hist {} lean 0s (5s; 158 done, 10s/thm, ETA 25 min)
targets_reductio_req_158: n_ok 0/2000 (nd-only 0, parse-fail 89) distinct_ok 0 first_hit None written_hist {} lean 0s (7s; 159 done, 10s/thm, ETA 25 min)
targets_reductio_req_159: n_ok 0/2000 (nd-only 0, parse-fail 8) distinct_ok 0 first_hit None written_hist {} lean 0s (7s; 160 done, 10s/thm, ETA 24 min)
targets_reductio_req_160: n_ok 0/2000 (nd-only 0, parse-fail 1049) distinct_ok 0 first_hit None written_hist {} lean 0s (6s; 161 done, 10s/thm, ETA 24 min)
targets_reductio_req_161: n_ok 0/2000 (nd-only 0, parse-fail 980) distinct_ok 0 first_hit None written_hist {} lean 0s (7s; 162 done, 10s/thm, ETA 24 min)
targets_reductio_req_162: n_ok 0/2000 (nd-only 0, parse-fail 902) distinct_ok 0 first_hit None written_hist {} lean 0s (6s; 163 done, 10s/thm, ETA 24 min)
targets_reductio_req_163: n_ok 0/2000 (nd-only 0, parse-fail 58) distinct_ok 0 first_hit None written_hist {} lean 0s (6s; 164 done, 10s/thm, ETA 23 min)
targets_reductio_req_164: n_ok 0/2000 (nd-only 0, parse-fail 1760) distinct_ok 0 first_hit None written_hist {} lean 0s (6s; 165 done, 10s/thm, ETA 23 min)
targets_reductio_req_165: n_ok 214/2000 (nd-only 0, parse-fail 197) distinct_ok 1 first_hit 4 written_hist {7: 1} lean 0s (6s; 166 done, 10s/thm, ETA 23 min)
targets_reductio_req_166: n_ok 0/2000 (nd-only 0, parse-fail 228) distinct_ok 0 first_hit None written_hist {} lean 0s (9s; 167 done, 10s/thm, ETA 23 min)
targets_reductio_req_167: n_ok 0/2000 (nd-only 0, parse-fail 39) distinct_ok 0 first_hit None written_hist {} lean 0s (8s; 168 done, 10s/thm, ETA 23 min)
targets_reductio_req_168: n_ok 0/2000 (nd-only 0, parse-fail 217) distinct_ok 0 first_hit None written_hist {} lean 0s (7s; 169 done, 10s/thm, ETA 22 min)
targets_reductio_req_169: n_ok 0/2000 (nd-only 0, parse-fail 412) distinct_ok 0 first_hit None written_hist {} lean 0s (7s; 170 done, 10s/thm, ETA 22 min)
targets_reductio_req_170: n_ok 0/2000 (nd-only 0, parse-fail 803) distinct_ok 0 first_hit None written_hist {} lean 0s (8s; 171 done, 10s/thm, ETA 22 min)
targets_reductio_req_171: n_ok 0/2000 (nd-only 0, parse-fail 181) distinct_ok 0 first_hit None written_hist {} lean 0s (7s; 172 done, 10s/thm, ETA 22 min)
targets_reductio_req_172: n_ok 0/2000 (nd-only 0, parse-fail 185) distinct_ok 0 first_hit None written_hist {} lean 0s (8s; 173 done, 10s/thm, ETA 22 min)
targets_reductio_req_173: n_ok 0/2000 (nd-only 0, parse-fail 352) distinct_ok 0 first_hit None written_hist {} lean 0s (9s; 174 done, 10s/thm, ETA 21 min)
targets_reductio_req_174: n_ok 0/2000 (nd-only 0, parse-fail 79) distinct_ok 0 first_hit None written_hist {} lean 0s (8s; 175 done, 10s/thm, ETA 21 min)
targets_reductio_req_175: n_ok 0/2000 (nd-only 0, parse-fail 1109) distinct_ok 0 first_hit None written_hist {} lean 0s (8s; 176 done, 10s/thm, ETA 21 min)
targets_reductio_req_176: n_ok 0/2000 (nd-only 0, parse-fail 34) distinct_ok 0 first_hit None written_hist {} lean 0s (10s; 177 done, 10s/thm, ETA 21 min)
targets_reductio_req_177: n_ok 0/2000 (nd-only 0, parse-fail 861) distinct_ok 0 first_hit None written_hist {} lean 0s (8s; 178 done, 10s/thm, ETA 21 min)
targets_reductio_req_178: n_ok 0/2000 (nd-only 0, parse-fail 455) distinct_ok 0 first_hit None written_hist {} lean 0s (8s; 179 done, 10s/thm, ETA 20 min)
targets_reductio_req_179: n_ok 0/2000 (nd-only 0, parse-fail 590) distinct_ok 0 first_hit None written_hist {} lean 0s (7s; 180 done, 10s/thm, ETA 20 min)
targets_reductio_req_180: n_ok 0/2000 (nd-only 0, parse-fail 805) distinct_ok 0 first_hit None written_hist {} lean 0s (8s; 181 done, 10s/thm, ETA 20 min)
targets_reductio_req_181: n_ok 0/2000 (nd-only 0, parse-fail 431) distinct_ok 0 first_hit None written_hist {} lean 0s (7s; 182 done, 10s/thm, ETA 20 min)
targets_reductio_req_182: n_ok 0/2000 (nd-only 0, parse-fail 1611) distinct_ok 0 first_hit None written_hist {} lean 0s (8s; 183 done, 10s/thm, ETA 20 min)
targets_reductio_req_183: n_ok 41/2000 (nd-only 0, parse-fail 407) distinct_ok 1 first_hit 52 written_hist {7: 1} lean 0s (9s; 184 done, 10s/thm, ETA 19 min)
targets_reductio_req_184: n_ok 0/2000 (nd-only 0, parse-fail 82) distinct_ok 0 first_hit None written_hist {} lean 0s (9s; 185 done, 10s/thm, ETA 19 min)
targets_reductio_req_185: n_ok 0/2000 (nd-only 0, parse-fail 1933) distinct_ok 0 first_hit None written_hist {} lean 0s (10s; 186 done, 10s/thm, ETA 19 min)
targets_reductio_req_186: n_ok 0/2000 (nd-only 0, parse-fail 235) distinct_ok 0 first_hit None written_hist {} lean 0s (8s; 187 done, 10s/thm, ETA 19 min)
targets_reductio_req_187: n_ok 0/2000 (nd-only 0, parse-fail 393) distinct_ok 0 first_hit None written_hist {} lean 0s (8s; 188 done, 10s/thm, ETA 19 min)
targets_reductio_req_188: n_ok 0/2000 (nd-only 0, parse-fail 1161) distinct_ok 0 first_hit None written_hist {} lean 0s (8s; 189 done, 10s/thm, ETA 19 min)
targets_reductio_req_189: n_ok 0/2000 (nd-only 0, parse-fail 204) distinct_ok 0 first_hit None written_hist {} lean 0s (8s; 190 done, 10s/thm, ETA 18 min)
targets_reductio_req_190: n_ok 0/2000 (nd-only 0, parse-fail 148) distinct_ok 0 first_hit None written_hist {} lean 0s (7s; 191 done, 10s/thm, ETA 18 min)
targets_reductio_req_191: n_ok 0/2000 (nd-only 0, parse-fail 104) distinct_ok 0 first_hit None written_hist {} lean 0s (8s; 192 done, 10s/thm, ETA 18 min)
targets_reductio_req_192: n_ok 0/2000 (nd-only 0, parse-fail 47) distinct_ok 0 first_hit None written_hist {} lean 0s (9s; 193 done, 10s/thm, ETA 18 min)
targets_reductio_req_193: n_ok 0/2000 (nd-only 0, parse-fail 15) distinct_ok 0 first_hit None written_hist {} lean 0s (9s; 194 done, 10s/thm, ETA 18 min)
targets_reductio_req_194: n_ok 0/2000 (nd-only 0, parse-fail 91) distinct_ok 0 first_hit None written_hist {} lean 0s (17s; 195 done, 10s/thm, ETA 18 min)
targets_reductio_req_195: n_ok 0/2000 (nd-only 0, parse-fail 45) distinct_ok 0 first_hit None written_hist {} lean 0s (25s; 196 done, 10s/thm, ETA 17 min)
targets_reductio_req_196: n_ok 301/2000 (nd-only 0, parse-fail 282) distinct_ok 1 first_hit 5 written_hist {7: 1} lean 7s (34s; 197 done, 10s/thm, ETA 18 min)
targets_reductio_req_197: n_ok 0/2000 (nd-only 0, parse-fail 66) distinct_ok 0 first_hit None written_hist {} lean 0s (17s; 198 done, 10s/thm, ETA 17 min)
targets_reductio_req_198: n_ok 84/2000 (nd-only 0, parse-fail 932) distinct_ok 1 first_hit 2 written_hist {7: 1} lean 5s (27s; 199 done, 10s/thm, ETA 17 min)
targets_reductio_req_199: n_ok 0/2000 (nd-only 0, parse-fail 1974) distinct_ok 0 first_hit None written_hist {} lean 0s (21s; 200 done, 10s/thm, ETA 17 min)
targets_reductio_req_200: n_ok 0/2000 (nd-only 0, parse-fail 343) distinct_ok 0 first_hit None written_hist {} lean 0s (14s; 201 done, 10s/thm, ETA 17 min)
targets_reductio_req_201: n_ok 0/2000 (nd-only 0, parse-fail 252) distinct_ok 0 first_hit None written_hist {} lean 0s (6s; 202 done, 10s/thm, ETA 17 min)
targets_reductio_req_202: n_ok 0/2000 (nd-only 0, parse-fail 1605) distinct_ok 0 first_hit None written_hist {} lean 0s (7s; 203 done, 10s/thm, ETA 17 min)
targets_reductio_req_203: n_ok 0/2000 (nd-only 0, parse-fail 256) distinct_ok 0 first_hit None written_hist {} lean 0s (9s; 204 done, 10s/thm, ETA 17 min)
targets_reductio_req_204: n_ok 0/2000 (nd-only 0, parse-fail 170) distinct_ok 0 first_hit None written_hist {} lean 0s (9s; 205 done, 10s/thm, ETA 16 min)
targets_reductio_req_205: n_ok 0/2000 (nd-only 0, parse-fail 1047) distinct_ok 0 first_hit None written_hist {} lean 0s (24s; 206 done, 10s/thm, ETA 16 min)
targets_reductio_req_206: n_ok 0/2000 (nd-only 0, parse-fail 1725) distinct_ok 0 first_hit None written_hist {} lean 0s (16s; 207 done, 10s/thm, ETA 16 min)
targets_reductio_req_207: n_ok 0/2000 (nd-only 0, parse-fail 1065) distinct_ok 0 first_hit None written_hist {} lean 0s (20s; 208 done, 10s/thm, ETA 16 min)
targets_reductio_req_208: n_ok 0/2000 (nd-only 0, parse-fail 301) distinct_ok 0 first_hit None written_hist {} lean 0s (17s; 209 done, 11s/thm, ETA 16 min)
targets_reductio_req_209: n_ok 0/2000 (nd-only 0, parse-fail 362) distinct_ok 0 first_hit None written_hist {} lean 0s (20s; 210 done, 11s/thm, ETA 16 min)
targets_reductio_req_210: n_ok 0/2000 (nd-only 0, parse-fail 210) distinct_ok 0 first_hit None written_hist {} lean 0s (16s; 211 done, 11s/thm, ETA 16 min)
targets_reductio_req_211: n_ok 0/2000 (nd-only 0, parse-fail 111) distinct_ok 0 first_hit None written_hist {} lean 0s (16s; 212 done, 11s/thm, ETA 16 min)
targets_reductio_req_212: n_ok 0/2000 (nd-only 0, parse-fail 870) distinct_ok 0 first_hit None written_hist {} lean 0s (4s; 213 done, 11s/thm, ETA 15 min)
targets_reductio_req_213: n_ok 0/2000 (nd-only 0, parse-fail 298) distinct_ok 0 first_hit None written_hist {} lean 0s (5s; 214 done, 11s/thm, ETA 15 min)
targets_reductio_req_214: n_ok 0/2000 (nd-only 0, parse-fail 1367) distinct_ok 0 first_hit None written_hist {} lean 0s (7s; 215 done, 11s/thm, ETA 15 min)
targets_reductio_req_215: n_ok 0/2000 (nd-only 0, parse-fail 626) distinct_ok 0 first_hit None written_hist {} lean 0s (8s; 216 done, 11s/thm, ETA 15 min)
targets_reductio_req_216: n_ok 0/2000 (nd-only 0, parse-fail 1699) distinct_ok 0 first_hit None written_hist {} lean 0s (6s; 217 done, 11s/thm, ETA 15 min)
targets_reductio_req_217: n_ok 0/2000 (nd-only 0, parse-fail 884) distinct_ok 0 first_hit None written_hist {} lean 0s (8s; 218 done, 11s/thm, ETA 14 min)
targets_reductio_req_218: n_ok 0/2000 (nd-only 0, parse-fail 69) distinct_ok 0 first_hit None written_hist {} lean 0s (8s; 219 done, 10s/thm, ETA 14 min)
targets_reductio_req_219: n_ok 0/2000 (nd-only 0, parse-fail 183) distinct_ok 0 first_hit None written_hist {} lean 0s (10s; 220 done, 10s/thm, ETA 14 min)
targets_reductio_req_220: n_ok 0/2000 (nd-only 0, parse-fail 212) distinct_ok 0 first_hit None written_hist {} lean 0s (8s; 221 done, 10s/thm, ETA 14 min)
targets_reductio_req_221: n_ok 0/2000 (nd-only 0, parse-fail 219) distinct_ok 0 first_hit None written_hist {} lean 0s (10s; 222 done, 10s/thm, ETA 14 min)
targets_reductio_req_222: n_ok 0/2000 (nd-only 0, parse-fail 715) distinct_ok 0 first_hit None written_hist {} lean 0s (13s; 223 done, 10s/thm, ETA 13 min)
targets_reductio_req_223: n_ok 0/2000 (nd-only 0, parse-fail 734) distinct_ok 0 first_hit None written_hist {} lean 0s (12s; 224 done, 11s/thm, ETA 13 min)
targets_reductio_req_224: n_ok 0/2000 (nd-only 0, parse-fail 993) distinct_ok 0 first_hit None written_hist {} lean 0s (12s; 225 done, 11s/thm, ETA 13 min)
targets_reductio_req_225: n_ok 0/2000 (nd-only 0, parse-fail 1504) distinct_ok 0 first_hit None written_hist {} lean 0s (12s; 226 done, 11s/thm, ETA 13 min)
targets_reductio_req_226: n_ok 0/2000 (nd-only 0, parse-fail 1758) distinct_ok 0 first_hit None written_hist {} lean 0s (11s; 227 done, 11s/thm, ETA 13 min)
targets_reductio_req_227: n_ok 0/2000 (nd-only 0, parse-fail 230) distinct_ok 0 first_hit None written_hist {} lean 0s (10s; 228 done, 11s/thm, ETA 13 min)
targets_reductio_req_228: n_ok 0/2000 (nd-only 0, parse-fail 14) distinct_ok 0 first_hit None written_hist {} lean 0s (12s; 229 done, 11s/thm, ETA 12 min)
targets_reductio_req_229: n_ok 0/2000 (nd-only 0, parse-fail 350) distinct_ok 0 first_hit None written_hist {} lean 0s (5s; 230 done, 10s/thm, ETA 12 min)
targets_reductio_req_230: n_ok 0/2000 (nd-only 0, parse-fail 328) distinct_ok 0 first_hit None written_hist {} lean 0s (6s; 231 done, 10s/thm, ETA 12 min)
targets_reductio_req_231: n_ok 0/2000 (nd-only 0, parse-fail 72) distinct_ok 0 first_hit None written_hist {} lean 0s (7s; 232 done, 10s/thm, ETA 12 min)
targets_reductio_req_232: n_ok 0/2000 (nd-only 0, parse-fail 899) distinct_ok 0 first_hit None written_hist {} lean 0s (7s; 233 done, 10s/thm, ETA 12 min)
targets_reductio_req_233: n_ok 0/2000 (nd-only 0, parse-fail 46) distinct_ok 0 first_hit None written_hist {} lean 0s (8s; 234 done, 10s/thm, ETA 11 min)
targets_reductio_req_234: n_ok 0/2000 (nd-only 0, parse-fail 861) distinct_ok 0 first_hit None written_hist {} lean 0s (7s; 235 done, 10s/thm, ETA 11 min)
targets_reductio_req_235: n_ok 0/2000 (nd-only 0, parse-fail 413) distinct_ok 0 first_hit None written_hist {} lean 0s (9s; 236 done, 10s/thm, ETA 11 min)
targets_reductio_req_236: n_ok 0/2000 (nd-only 0, parse-fail 122) distinct_ok 0 first_hit None written_hist {} lean 0s (7s; 237 done, 10s/thm, ETA 11 min)
targets_reductio_req_237: n_ok 0/2000 (nd-only 0, parse-fail 365) distinct_ok 0 first_hit None written_hist {} lean 0s (9s; 238 done, 10s/thm, ETA 11 min)
targets_reductio_req_238: n_ok 509/2000 (nd-only 0, parse-fail 224) distinct_ok 1 first_hit 4 written_hist {7: 1} lean 0s (8s; 239 done, 10s/thm, ETA 11 min)
targets_reductio_req_239: n_ok 0/2000 (nd-only 0, parse-fail 1002) distinct_ok 0 first_hit None written_hist {} lean 0s (6s; 240 done, 10s/thm, ETA 10 min)
targets_reductio_req_240: n_ok 0/2000 (nd-only 0, parse-fail 152) distinct_ok 0 first_hit None written_hist {} lean 0s (7s; 241 done, 10s/thm, ETA 10 min)
targets_reductio_req_241: n_ok 0/2000 (nd-only 0, parse-fail 302) distinct_ok 0 first_hit None written_hist {} lean 0s (7s; 242 done, 10s/thm, ETA 10 min)
targets_reductio_req_242: n_ok 0/2000 (nd-only 0, parse-fail 337) distinct_ok 0 first_hit None written_hist {} lean 0s (6s; 243 done, 10s/thm, ETA 10 min)
targets_reductio_req_243: n_ok 0/2000 (nd-only 0, parse-fail 8) distinct_ok 0 first_hit None written_hist {} lean 0s (7s; 244 done, 10s/thm, ETA 10 min)
targets_reductio_req_244: n_ok 0/2000 (nd-only 0, parse-fail 48) distinct_ok 0 first_hit None written_hist {} lean 0s (8s; 245 done, 10s/thm, ETA 9 min)
targets_reductio_req_245: n_ok 0/2000 (nd-only 0, parse-fail 183) distinct_ok 0 first_hit None written_hist {} lean 0s (8s; 246 done, 10s/thm, ETA 9 min)
targets_reductio_req_246: n_ok 0/2000 (nd-only 0, parse-fail 1006) distinct_ok 0 first_hit None written_hist {} lean 0s (7s; 247 done, 10s/thm, ETA 9 min)
targets_reductio_req_247: n_ok 10/2000 (nd-only 0, parse-fail 204) distinct_ok 1 first_hit 59 written_hist {7: 1} lean 0s (8s; 248 done, 10s/thm, ETA 9 min)
targets_reductio_req_248: n_ok 0/2000 (nd-only 0, parse-fail 31) distinct_ok 0 first_hit None written_hist {} lean 0s (8s; 249 done, 10s/thm, ETA 9 min)
targets_reductio_req_249: n_ok 0/2000 (nd-only 0, parse-fail 10) distinct_ok 0 first_hit None written_hist {} lean 0s (8s; 250 done, 10s/thm, ETA 9 min)
targets_reductio_req_250: n_ok 0/2000 (nd-only 0, parse-fail 1953) distinct_ok 0 first_hit None written_hist {} lean 0s (9s; 251 done, 10s/thm, ETA 8 min)
targets_reductio_req_251: n_ok 0/2000 (nd-only 0, parse-fail 27) distinct_ok 0 first_hit None written_hist {} lean 0s (8s; 252 done, 10s/thm, ETA 8 min)
targets_reductio_req_252: n_ok 0/2000 (nd-only 0, parse-fail 802) distinct_ok 0 first_hit None written_hist {} lean 0s (8s; 253 done, 10s/thm, ETA 8 min)
targets_reductio_req_253: n_ok 0/2000 (nd-only 0, parse-fail 39) distinct_ok 0 first_hit None written_hist {} lean 0s (8s; 254 done, 10s/thm, ETA 8 min)
targets_reductio_req_254: n_ok 0/2000 (nd-only 0, parse-fail 646) distinct_ok 0 first_hit None written_hist {} lean 0s (6s; 255 done, 10s/thm, ETA 8 min)
targets_reductio_req_255: n_ok 0/2000 (nd-only 0, parse-fail 256) distinct_ok 0 first_hit None written_hist {} lean 0s (8s; 256 done, 10s/thm, ETA 7 min)
targets_reductio_req_256: n_ok 0/2000 (nd-only 0, parse-fail 873) distinct_ok 0 first_hit None written_hist {} lean 0s (8s; 257 done, 10s/thm, ETA 7 min)
targets_reductio_req_257: n_ok 0/2000 (nd-only 0, parse-fail 97) distinct_ok 0 first_hit None written_hist {} lean 0s (7s; 258 done, 10s/thm, ETA 7 min)
targets_reductio_req_258: n_ok 0/2000 (nd-only 0, parse-fail 29) distinct_ok 0 first_hit None written_hist {} lean 0s (8s; 259 done, 10s/thm, ETA 7 min)
targets_reductio_req_259: n_ok 0/2000 (nd-only 0, parse-fail 20) distinct_ok 0 first_hit None written_hist {} lean 0s (9s; 260 done, 10s/thm, ETA 7 min)
targets_reductio_req_260: n_ok 920/2000 (nd-only 0, parse-fail 225) distinct_ok 1 first_hit 4 written_hist {7: 1} lean 0s (9s; 261 done, 10s/thm, ETA 7 min)
targets_reductio_req_261: n_ok 0/2000 (nd-only 0, parse-fail 1154) distinct_ok 0 first_hit None written_hist {} lean 0s (10s; 262 done, 10s/thm, ETA 6 min)
targets_reductio_req_262: n_ok 386/2000 (nd-only 0, parse-fail 260) distinct_ok 1 first_hit 12 written_hist {7: 1} lean 0s (10s; 263 done, 10s/thm, ETA 6 min)
targets_reductio_req_263: n_ok 0/2000 (nd-only 0, parse-fail 128) distinct_ok 0 first_hit None written_hist {} lean 0s (8s; 264 done, 10s/thm, ETA 6 min)
targets_reductio_req_264: n_ok 0/2000 (nd-only 0, parse-fail 1281) distinct_ok 0 first_hit None written_hist {} lean 0s (8s; 265 done, 10s/thm, ETA 6 min)
targets_reductio_req_265: n_ok 0/2000 (nd-only 0, parse-fail 153) distinct_ok 0 first_hit None written_hist {} lean 0s (7s; 266 done, 10s/thm, ETA 6 min)
targets_reductio_req_266: n_ok 483/2000 (nd-only 0, parse-fail 147) distinct_ok 1 first_hit 3 written_hist {7: 1} lean 0s (10s; 267 done, 10s/thm, ETA 6 min)
targets_reductio_req_267: n_ok 0/2000 (nd-only 0, parse-fail 95) distinct_ok 0 first_hit None written_hist {} lean 0s (9s; 268 done, 10s/thm, ETA 5 min)
targets_reductio_req_268: n_ok 1/2000 (nd-only 0, parse-fail 130) distinct_ok 1 first_hit 36 written_hist {7: 1} lean 0s (8s; 269 done, 10s/thm, ETA 5 min)
targets_reductio_req_269: n_ok 0/2000 (nd-only 0, parse-fail 60) distinct_ok 0 first_hit None written_hist {} lean 0s (9s; 270 done, 10s/thm, ETA 5 min)
targets_reductio_req_270: n_ok 0/2000 (nd-only 0, parse-fail 19) distinct_ok 0 first_hit None written_hist {} lean 0s (7s; 271 done, 10s/thm, ETA 5 min)
targets_reductio_req_271: n_ok 0/2000 (nd-only 0, parse-fail 10) distinct_ok 0 first_hit None written_hist {} lean 0s (7s; 272 done, 10s/thm, ETA 5 min)
targets_reductio_req_272: n_ok 0/2000 (nd-only 0, parse-fail 243) distinct_ok 0 first_hit None written_hist {} lean 0s (8s; 273 done, 10s/thm, ETA 5 min)
targets_reductio_req_273: n_ok 0/2000 (nd-only 0, parse-fail 5) distinct_ok 0 first_hit None written_hist {} lean 0s (6s; 274 done, 10s/thm, ETA 4 min)
targets_reductio_req_274: n_ok 0/2000 (nd-only 0, parse-fail 32) distinct_ok 0 first_hit None written_hist {} lean 0s (7s; 275 done, 10s/thm, ETA 4 min)
targets_reductio_req_275: n_ok 0/2000 (nd-only 0, parse-fail 633) distinct_ok 0 first_hit None written_hist {} lean 0s (7s; 276 done, 10s/thm, ETA 4 min)
targets_reductio_req_276: n_ok 0/2000 (nd-only 0, parse-fail 76) distinct_ok 0 first_hit None written_hist {} lean 0s (10s; 277 done, 10s/thm, ETA 4 min)
targets_reductio_req_277: n_ok 0/2000 (nd-only 0, parse-fail 265) distinct_ok 0 first_hit None written_hist {} lean 0s (10s; 278 done, 10s/thm, ETA 4 min)
targets_reductio_req_278: n_ok 0/2000 (nd-only 0, parse-fail 81) distinct_ok 0 first_hit None written_hist {} lean 0s (7s; 279 done, 10s/thm, ETA 4 min)
targets_reductio_req_279: n_ok 0/2000 (nd-only 0, parse-fail 23) distinct_ok 0 first_hit None written_hist {} lean 0s (8s; 280 done, 10s/thm, ETA 3 min)
targets_reductio_req_280: n_ok 0/2000 (nd-only 0, parse-fail 279) distinct_ok 0 first_hit None written_hist {} lean 0s (11s; 281 done, 10s/thm, ETA 3 min)
targets_reductio_req_281: n_ok 36/2000 (nd-only 0, parse-fail 527) distinct_ok 1 first_hit 42 written_hist {7: 1} lean 0s (9s; 282 done, 10s/thm, ETA 3 min)
targets_reductio_req_282: n_ok 0/2000 (nd-only 0, parse-fail 90) distinct_ok 0 first_hit None written_hist {} lean 0s (8s; 283 done, 10s/thm, ETA 3 min)
targets_reductio_req_283: n_ok 0/2000 (nd-only 0, parse-fail 31) distinct_ok 0 first_hit None written_hist {} lean 0s (8s; 284 done, 10s/thm, ETA 3 min)
targets_reductio_req_284: n_ok 0/2000 (nd-only 0, parse-fail 1313) distinct_ok 0 first_hit None written_hist {} lean 0s (10s; 285 done, 10s/thm, ETA 2 min)
targets_reductio_req_285: n_ok 0/2000 (nd-only 0, parse-fail 1915) distinct_ok 0 first_hit None written_hist {} lean 0s (9s; 286 done, 10s/thm, ETA 2 min)
targets_reductio_req_286: n_ok 0/2000 (nd-only 0, parse-fail 42) distinct_ok 0 first_hit None written_hist {} lean 0s (8s; 287 done, 10s/thm, ETA 2 min)
targets_reductio_req_287: n_ok 0/2000 (nd-only 0, parse-fail 57) distinct_ok 0 first_hit None written_hist {} lean 0s (7s; 288 done, 10s/thm, ETA 2 min)
targets_reductio_req_288: n_ok 0/2000 (nd-only 0, parse-fail 912) distinct_ok 0 first_hit None written_hist {} lean 0s (7s; 289 done, 10s/thm, ETA 2 min)
targets_reductio_req_289: n_ok 0/2000 (nd-only 0, parse-fail 272) distinct_ok 0 first_hit None written_hist {} lean 0s (9s; 290 done, 10s/thm, ETA 2 min)
targets_reductio_req_290: n_ok 0/2000 (nd-only 0, parse-fail 45) distinct_ok 0 first_hit None written_hist {} lean 0s (7s; 291 done, 10s/thm, ETA 1 min)
targets_reductio_req_291: n_ok 0/2000 (nd-only 0, parse-fail 93) distinct_ok 0 first_hit None written_hist {} lean 0s (7s; 292 done, 10s/thm, ETA 1 min)
targets_reductio_req_292: n_ok 517/2000 (nd-only 0, parse-fail 186) distinct_ok 1 first_hit 6 written_hist {7: 1} lean 0s (7s; 293 done, 10s/thm, ETA 1 min)
targets_reductio_req_293: n_ok 0/2000 (nd-only 0, parse-fail 818) distinct_ok 0 first_hit None written_hist {} lean 0s (8s; 294 done, 10s/thm, ETA 1 min)
targets_reductio_req_294: n_ok 0/2000 (nd-only 0, parse-fail 1066) distinct_ok 0 first_hit None written_hist {} lean 0s (9s; 295 done, 10s/thm, ETA 1 min)
targets_reductio_req_295: n_ok 0/2000 (nd-only 0, parse-fail 432) distinct_ok 0 first_hit None written_hist {} lean 0s (9s; 296 done, 10s/thm, ETA 1 min)
targets_reductio_req_296: n_ok 0/2000 (nd-only 0, parse-fail 507) distinct_ok 0 first_hit None written_hist {} lean 0s (8s; 297 done, 10s/thm, ETA 0 min)
targets_reductio_req_297: n_ok 0/2000 (nd-only 0, parse-fail 206) distinct_ok 0 first_hit None written_hist {} lean 0s (8s; 298 done, 10s/thm, ETA 0 min)
targets_reductio_req_298: n_ok 0/2000 (nd-only 0, parse-fail 20) distinct_ok 0 first_hit None written_hist {} lean 0s (8s; 299 done, 10s/thm, ETA 0 min)
targets_reductio_req_299: n_ok 0/2000 (nd-only 0, parse-fail 244) distinct_ok 0 first_hit None written_hist {} lean 0s (8s; 300 done, 10s/thm, ETA 0 min)
DONE {'samples': 600000, 'parse_fail': 127658, 'nd_ok_samples': 5436, 'both_ok_samples': 5436, 'lean_wall_s': 24.835010290145874, 'lean_proc_s': 24.710565090179443, 'nd_ok_lean_ok_texts': 947, 'nd_ok_lean_rej_texts': 0}
END 2026-09-24T00:07:55Z
