START 2026-09-23T23:27:25Z until [ -f ckpts/dsc/stage1_a4_s0.pt ]; do sleep 30; done; python3 coverage_lean.py --ckpt ckpts/dsc/stage1_a4_s0.pt --in data/r3_1/depth3_req.jsonl --k 2000 --temperature 0.8 --seed 0 --batch 1024 --procs 2 --out artifacts/dsc/cov_a4_s0_d3req
shard 0/1: 300 theorems, 0 already done; k=2000 T=0.8 batch=1024
d3req_0: n_ok 0/2000 (nd-only 0, parse-fail 77) distinct_ok 0 first_hit None written_hist {} lean 0s (5s; 1 done, 5s/thm, ETA 24 min)
d3req_1: n_ok 3/2000 (nd-only 0, parse-fail 1951) distinct_ok 2 first_hit 851 written_hist {8: 2} lean 0s (5s; 2 done, 5s/thm, ETA 26 min)
d3req_2: n_ok 0/2000 (nd-only 0, parse-fail 2) distinct_ok 0 first_hit None written_hist {} lean 0s (5s; 3 done, 5s/thm, ETA 26 min)
d3req_3: n_ok 80/2000 (nd-only 0, parse-fail 1772) distinct_ok 1 first_hit 15 written_hist {8: 1} lean 0s (7s; 4 done, 6s/thm, ETA 28 min)
d3req_4: n_ok 1/2000 (nd-only 0, parse-fail 1994) distinct_ok 1 first_hit 458 written_hist {8: 1} lean 1s (11s; 5 done, 7s/thm, ETA 33 min)
d3req_5: n_ok 1/2000 (nd-only 0, parse-fail 288) distinct_ok 1 first_hit 457 written_hist {8: 1} lean 0s (6s; 6 done, 7s/thm, ETA 32 min)
d3req_6: n_ok 2/2000 (nd-only 0, parse-fail 28) distinct_ok 1 first_hit 604 written_hist {8: 1} lean 0s (8s; 7 done, 7s/thm, ETA 33 min)
d3req_7: n_ok 1/2000 (nd-only 0, parse-fail 1975) distinct_ok 1 first_hit 58 written_hist {8: 1} lean 0s (13s; 8 done, 8s/thm, ETA 37 min)
d3req_8: n_ok 6/2000 (nd-only 0, parse-fail 1915) distinct_ok 1 first_hit 985 written_hist {8: 1} lean 0s (14s; 9 done, 8s/thm, ETA 40 min)
d3req_9: n_ok 0/2000 (nd-only 0, parse-fail 1508) distinct_ok 0 first_hit None written_hist {} lean 0s (13s; 10 done, 9s/thm, ETA 42 min)
d3req_10: n_ok 44/2000 (nd-only 0, parse-fail 1880) distinct_ok 2 first_hit 142 written_hist {8: 2} lean 0s (13s; 11 done, 9s/thm, ETA 44 min)
d3req_11: n_ok 0/2000 (nd-only 0, parse-fail 1991) distinct_ok 0 first_hit None written_hist {} lean 0s (13s; 12 done, 10s/thm, ETA 46 min)
d3req_12: n_ok 0/2000 (nd-only 0, parse-fail 1995) distinct_ok 0 first_hit None written_hist {} lean 0s (8s; 13 done, 9s/thm, ETA 45 min)
d3req_13: n_ok 5/2000 (nd-only 0, parse-fail 1772) distinct_ok 1 first_hit 113 written_hist {8: 1} lean 0s (8s; 14 done, 9s/thm, ETA 45 min)
d3req_14: n_ok 39/2000 (nd-only 0, parse-fail 1693) distinct_ok 1 first_hit 10 written_hist {8: 1} lean 0s (9s; 15 done, 9s/thm, ETA 44 min)
d3req_15: n_ok 0/2000 (nd-only 0, parse-fail 1819) distinct_ok 0 first_hit None written_hist {} lean 0s (7s; 16 done, 9s/thm, ETA 43 min)
d3req_16: n_ok 0/2000 (nd-only 0, parse-fail 1062) distinct_ok 0 first_hit None written_hist {} lean 0s (6s; 17 done, 9s/thm, ETA 42 min)
d3req_17: n_ok 9/2000 (nd-only 0, parse-fail 1990) distinct_ok 1 first_hit 92 written_hist {8: 1} lean 0s (8s; 18 done, 9s/thm, ETA 42 min)
d3req_18: n_ok 0/2000 (nd-only 0, parse-fail 1901) distinct_ok 0 first_hit None written_hist {} lean 0s (9s; 19 done, 9s/thm, ETA 42 min)
d3req_19: n_ok 3/2000 (nd-only 0, parse-fail 1937) distinct_ok 1 first_hit 375 written_hist {8: 1} lean 0s (8s; 20 done, 9s/thm, ETA 41 min)
d3req_20: n_ok 0/2000 (nd-only 0, parse-fail 2000) distinct_ok 0 first_hit None written_hist {} lean 0s (10s; 21 done, 9s/thm, ETA 41 min)
d3req_21: n_ok 0/2000 (nd-only 0, parse-fail 4) distinct_ok 0 first_hit None written_hist {} lean 0s (7s; 22 done, 9s/thm, ETA 41 min)
d3req_22: n_ok 1/2000 (nd-only 0, parse-fail 1939) distinct_ok 1 first_hit 1805 written_hist {8: 1} lean 0s (9s; 23 done, 9s/thm, ETA 41 min)
d3req_23: n_ok 0/2000 (nd-only 0, parse-fail 1359) distinct_ok 0 first_hit None written_hist {} lean 0s (9s; 24 done, 9s/thm, ETA 41 min)
d3req_24: n_ok 0/2000 (nd-only 0, parse-fail 0) distinct_ok 0 first_hit None written_hist {} lean 0s (7s; 25 done, 9s/thm, ETA 40 min)
d3req_25: n_ok 1/2000 (nd-only 0, parse-fail 1632) distinct_ok 1 first_hit 116 written_hist {8: 1} lean 0s (7s; 26 done, 9s/thm, ETA 40 min)
d3req_26: n_ok 0/2000 (nd-only 0, parse-fail 1978) distinct_ok 0 first_hit None written_hist {} lean 0s (9s; 27 done, 9s/thm, ETA 40 min)
d3req_27: n_ok 15/2000 (nd-only 0, parse-fail 1670) distinct_ok 2 first_hit 108 written_hist {8: 2} lean 0s (9s; 28 done, 9s/thm, ETA 40 min)
d3req_28: n_ok 7/2000 (nd-only 0, parse-fail 1796) distinct_ok 5 first_hit 195 written_hist {8: 5} lean 0s (7s; 29 done, 9s/thm, ETA 39 min)
d3req_29: n_ok 4/2000 (nd-only 0, parse-fail 453) distinct_ok 1 first_hit 1040 written_hist {8: 1} lean 0s (7s; 30 done, 9s/thm, ETA 39 min)
d3req_30: n_ok 12/2000 (nd-only 0, parse-fail 1987) distinct_ok 1 first_hit 33 written_hist {8: 1} lean 0s (9s; 31 done, 9s/thm, ETA 39 min)
d3req_31: n_ok 0/2000 (nd-only 0, parse-fail 1982) distinct_ok 0 first_hit None written_hist {} lean 0s (12s; 32 done, 9s/thm, ETA 39 min)
d3req_32: n_ok 13/2000 (nd-only 0, parse-fail 1817) distinct_ok 1 first_hit 202 written_hist {8: 1} lean 0s (12s; 33 done, 9s/thm, ETA 39 min)
d3req_33: n_ok 7/2000 (nd-only 0, parse-fail 1993) distinct_ok 1 first_hit 51 written_hist {8: 1} lean 0s (11s; 34 done, 9s/thm, ETA 40 min)
d3req_34: n_ok 34/2000 (nd-only 0, parse-fail 1924) distinct_ok 1 first_hit 82 written_hist {8: 1} lean 0s (9s; 35 done, 9s/thm, ETA 39 min)
d3req_35: n_ok 0/2000 (nd-only 0, parse-fail 12) distinct_ok 0 first_hit None written_hist {} lean 0s (7s; 36 done, 9s/thm, ETA 39 min)
d3req_36: n_ok 0/2000 (nd-only 0, parse-fail 1916) distinct_ok 0 first_hit None written_hist {} lean 0s (7s; 37 done, 9s/thm, ETA 39 min)
d3req_37: n_ok 0/2000 (nd-only 0, parse-fail 1949) distinct_ok 0 first_hit None written_hist {} lean 0s (9s; 38 done, 9s/thm, ETA 39 min)
d3req_38: n_ok 5/2000 (nd-only 0, parse-fail 1995) distinct_ok 1 first_hit 330 written_hist {8: 1} lean 0s (12s; 39 done, 9s/thm, ETA 39 min)
d3req_39: n_ok 45/2000 (nd-only 0, parse-fail 332) distinct_ok 1 first_hit 72 written_hist {8: 1} lean 0s (8s; 40 done, 9s/thm, ETA 39 min)
d3req_40: n_ok 0/2000 (nd-only 0, parse-fail 1958) distinct_ok 0 first_hit None written_hist {} lean 0s (7s; 41 done, 9s/thm, ETA 38 min)
d3req_41: n_ok 1/2000 (nd-only 0, parse-fail 1988) distinct_ok 1 first_hit 893 written_hist {7: 1} lean 0s (8s; 42 done, 9s/thm, ETA 38 min)
d3req_42: n_ok 120/2000 (nd-only 0, parse-fail 1858) distinct_ok 1 first_hit 13 written_hist {8: 1} lean 0s (8s; 43 done, 9s/thm, ETA 38 min)
d3req_43: n_ok 3/2000 (nd-only 0, parse-fail 1952) distinct_ok 1 first_hit 317 written_hist {8: 1} lean 0s (8s; 44 done, 9s/thm, ETA 38 min)
d3req_44: n_ok 2/2000 (nd-only 0, parse-fail 455) distinct_ok 1 first_hit 1455 written_hist {8: 1} lean 0s (6s; 45 done, 9s/thm, ETA 37 min)
d3req_45: n_ok 7/2000 (nd-only 0, parse-fail 1993) distinct_ok 1 first_hit 134 written_hist {8: 1} lean 0s (9s; 46 done, 9s/thm, ETA 37 min)
d3req_46: n_ok 2/2000 (nd-only 0, parse-fail 1994) distinct_ok 1 first_hit 316 written_hist {8: 1} lean 2s (12s; 47 done, 9s/thm, ETA 37 min)
d3req_47: n_ok 10/2000 (nd-only 0, parse-fail 1990) distinct_ok 1 first_hit 14 written_hist {8: 1} lean 1s (16s; 48 done, 9s/thm, ETA 38 min)
d3req_48: n_ok 311/2000 (nd-only 0, parse-fail 1544) distinct_ok 1 first_hit 3 written_hist {8: 1} lean 2s (14s; 49 done, 9s/thm, ETA 38 min)
d3req_49: n_ok 52/2000 (nd-only 0, parse-fail 1898) distinct_ok 1 first_hit 49 written_hist {8: 1} lean 1s (13s; 50 done, 9s/thm, ETA 38 min)
d3req_50: n_ok 322/2000 (nd-only 0, parse-fail 1546) distinct_ok 1 first_hit 6 written_hist {8: 1} lean 1s (10s; 51 done, 9s/thm, ETA 38 min)
d3req_51: n_ok 0/2000 (nd-only 0, parse-fail 2000) distinct_ok 0 first_hit None written_hist {} lean 0s (13s; 52 done, 9s/thm, ETA 38 min)
d3req_52: n_ok 0/2000 (nd-only 0, parse-fail 1968) distinct_ok 0 first_hit None written_hist {} lean 0s (14s; 53 done, 9s/thm, ETA 38 min)
d3req_53: n_ok 2/2000 (nd-only 0, parse-fail 1996) distinct_ok 1 first_hit 1469 written_hist {8: 1} lean 0s (6s; 54 done, 9s/thm, ETA 38 min)
d3req_54: n_ok 0/2000 (nd-only 0, parse-fail 830) distinct_ok 0 first_hit None written_hist {} lean 0s (6s; 55 done, 9s/thm, ETA 38 min)
d3req_55: n_ok 0/2000 (nd-only 0, parse-fail 1401) distinct_ok 0 first_hit None written_hist {} lean 0s (7s; 56 done, 9s/thm, ETA 37 min)
d3req_56: n_ok 225/2000 (nd-only 0, parse-fail 595) distinct_ok 1 first_hit 1 written_hist {8: 1} lean 0s (7s; 57 done, 9s/thm, ETA 37 min)
d3req_57: n_ok 0/2000 (nd-only 0, parse-fail 12) distinct_ok 0 first_hit None written_hist {} lean 0s (6s; 58 done, 9s/thm, ETA 37 min)
d3req_58: n_ok 0/2000 (nd-only 0, parse-fail 1991) distinct_ok 0 first_hit None written_hist {} lean 0s (9s; 59 done, 9s/thm, ETA 36 min)
d3req_59: n_ok 334/2000 (nd-only 0, parse-fail 1457) distinct_ok 1 first_hit 2 written_hist {8: 1} lean 0s (9s; 60 done, 9s/thm, ETA 36 min)
d3req_60: n_ok 261/2000 (nd-only 0, parse-fail 1480) distinct_ok 2 first_hit 2 written_hist {8: 2} lean 0s (9s; 61 done, 9s/thm, ETA 36 min)
d3req_61: n_ok 34/2000 (nd-only 0, parse-fail 1931) distinct_ok 2 first_hit 96 written_hist {8: 2} lean 0s (10s; 62 done, 9s/thm, ETA 36 min)
d3req_62: n_ok 12/2000 (nd-only 0, parse-fail 1136) distinct_ok 1 first_hit 229 written_hist {8: 1} lean 0s (9s; 63 done, 9s/thm, ETA 36 min)
d3req_63: n_ok 31/2000 (nd-only 0, parse-fail 641) distinct_ok 1 first_hit 3 written_hist {8: 1} lean 0s (8s; 64 done, 9s/thm, ETA 36 min)
d3req_64: n_ok 0/2000 (nd-only 0, parse-fail 1872) distinct_ok 0 first_hit None written_hist {} lean 0s (7s; 65 done, 9s/thm, ETA 35 min)
d3req_65: n_ok 8/2000 (nd-only 0, parse-fail 1981) distinct_ok 1 first_hit 62 written_hist {8: 1} lean 0s (8s; 66 done, 9s/thm, ETA 35 min)
d3req_66: n_ok 3/2000 (nd-only 0, parse-fail 51) distinct_ok 1 first_hit 479 written_hist {8: 1} lean 0s (7s; 67 done, 9s/thm, ETA 35 min)
d3req_67: n_ok 0/2000 (nd-only 0, parse-fail 1504) distinct_ok 0 first_hit None written_hist {} lean 0s (7s; 68 done, 9s/thm, ETA 35 min)
d3req_68: n_ok 110/2000 (nd-only 0, parse-fail 1649) distinct_ok 3 first_hit 26 written_hist {8: 3} lean 0s (7s; 69 done, 9s/thm, ETA 34 min)
d3req_69: n_ok 1/2000 (nd-only 0, parse-fail 1929) distinct_ok 1 first_hit 28 written_hist {8: 1} lean 0s (10s; 70 done, 9s/thm, ETA 34 min)
d3req_70: n_ok 5/2000 (nd-only 0, parse-fail 645) distinct_ok 2 first_hit 483 written_hist {8: 2} lean 0s (9s; 71 done, 9s/thm, ETA 34 min)
d3req_71: n_ok 0/2000 (nd-only 0, parse-fail 106) distinct_ok 0 first_hit None written_hist {} lean 0s (8s; 72 done, 9s/thm, ETA 34 min)
d3req_72: n_ok 5/2000 (nd-only 0, parse-fail 1995) distinct_ok 1 first_hit 363 written_hist {8: 1} lean 0s (9s; 73 done, 9s/thm, ETA 34 min)
d3req_73: n_ok 3/2000 (nd-only 0, parse-fail 219) distinct_ok 1 first_hit 528 written_hist {8: 1} lean 0s (11s; 74 done, 9s/thm, ETA 34 min)
d3req_74: n_ok 0/2000 (nd-only 0, parse-fail 428) distinct_ok 0 first_hit None written_hist {} lean 0s (8s; 75 done, 9s/thm, ETA 34 min)
d3req_75: n_ok 54/2000 (nd-only 0, parse-fail 955) distinct_ok 8 first_hit 17 written_hist {8: 8} lean 0s (5s; 76 done, 9s/thm, ETA 33 min)
d3req_76: n_ok 0/2000 (nd-only 0, parse-fail 1978) distinct_ok 0 first_hit None written_hist {} lean 0s (9s; 77 done, 9s/thm, ETA 33 min)
d3req_77: n_ok 19/2000 (nd-only 0, parse-fail 1938) distinct_ok 1 first_hit 170 written_hist {8: 1} lean 0s (11s; 78 done, 9s/thm, ETA 33 min)
d3req_78: n_ok 19/2000 (nd-only 0, parse-fail 1705) distinct_ok 1 first_hit 23 written_hist {8: 1} lean 0s (9s; 79 done, 9s/thm, ETA 33 min)
d3req_79: n_ok 215/2000 (nd-only 0, parse-fail 1761) distinct_ok 1 first_hit 4 written_hist {8: 1} lean 0s (8s; 80 done, 9s/thm, ETA 33 min)
d3req_80: n_ok 0/2000 (nd-only 0, parse-fail 1415) distinct_ok 0 first_hit None written_hist {} lean 0s (7s; 81 done, 9s/thm, ETA 33 min)
d3req_81: n_ok 51/2000 (nd-only 0, parse-fail 1949) distinct_ok 1 first_hit 44 written_hist {8: 1} lean 0s (8s; 82 done, 9s/thm, ETA 32 min)
d3req_82: n_ok 4/2000 (nd-only 0, parse-fail 1967) distinct_ok 1 first_hit 555 written_hist {8: 1} lean 0s (8s; 83 done, 9s/thm, ETA 32 min)
d3req_83: n_ok 0/2000 (nd-only 0, parse-fail 13) distinct_ok 0 first_hit None written_hist {} lean 0s (8s; 84 done, 9s/thm, ETA 32 min)
d3req_84: n_ok 17/2000 (nd-only 0, parse-fail 1981) distinct_ok 2 first_hit 301 written_hist {8: 2} lean 0s (9s; 85 done, 9s/thm, ETA 32 min)
d3req_85: n_ok 0/2000 (nd-only 0, parse-fail 7) distinct_ok 0 first_hit None written_hist {} lean 0s (8s; 86 done, 9s/thm, ETA 32 min)
d3req_86: n_ok 1/2000 (nd-only 0, parse-fail 28) distinct_ok 1 first_hit 83 written_hist {8: 1} lean 0s (9s; 87 done, 9s/thm, ETA 31 min)
d3req_87: n_ok 0/2000 (nd-only 0, parse-fail 1990) distinct_ok 0 first_hit None written_hist {} lean 0s (10s; 88 done, 9s/thm, ETA 31 min)
d3req_88: n_ok 0/2000 (nd-only 0, parse-fail 5) distinct_ok 0 first_hit None written_hist {} lean 0s (9s; 89 done, 9s/thm, ETA 31 min)
d3req_89: n_ok 29/2000 (nd-only 0, parse-fail 1895) distinct_ok 1 first_hit 36 written_hist {8: 1} lean 0s (12s; 90 done, 9s/thm, ETA 31 min)
d3req_90: n_ok 106/2000 (nd-only 0, parse-fail 1894) distinct_ok 1 first_hit 10 written_hist {8: 1} lean 0s (12s; 91 done, 9s/thm, ETA 31 min)
d3req_91: n_ok 0/2000 (nd-only 0, parse-fail 2) distinct_ok 0 first_hit None written_hist {} lean 0s (10s; 92 done, 9s/thm, ETA 31 min)
d3req_92: n_ok 148/2000 (nd-only 0, parse-fail 1819) distinct_ok 1 first_hit 25 written_hist {8: 1} lean 1s (13s; 93 done, 9s/thm, ETA 31 min)
d3req_93: n_ok 0/2000 (nd-only 0, parse-fail 328) distinct_ok 0 first_hit None written_hist {} lean 0s (13s; 94 done, 9s/thm, ETA 31 min)
d3req_94: n_ok 13/2000 (nd-only 0, parse-fail 1347) distinct_ok 1 first_hit 332 written_hist {8: 1} lean 1s (12s; 95 done, 9s/thm, ETA 31 min)
d3req_95: n_ok 14/2000 (nd-only 0, parse-fail 1936) distinct_ok 1 first_hit 80 written_hist {8: 1} lean 1s (11s; 96 done, 9s/thm, ETA 31 min)
d3req_96: n_ok 17/2000 (nd-only 0, parse-fail 1981) distinct_ok 1 first_hit 23 written_hist {8: 1} lean 2s (13s; 97 done, 9s/thm, ETA 31 min)
d3req_97: n_ok 0/2000 (nd-only 0, parse-fail 7) distinct_ok 0 first_hit None written_hist {} lean 0s (17s; 98 done, 9s/thm, ETA 31 min)
d3req_98: n_ok 0/2000 (nd-only 0, parse-fail 4) distinct_ok 0 first_hit None written_hist {} lean 0s (13s; 99 done, 9s/thm, ETA 31 min)
d3req_99: n_ok 249/2000 (nd-only 0, parse-fail 1737) distinct_ok 1 first_hit 5 written_hist {8: 1} lean 3s (20s; 100 done, 9s/thm, ETA 31 min)
d3req_100: n_ok 5/2000 (nd-only 0, parse-fail 128) distinct_ok 1 first_hit 388 written_hist {8: 1} lean 3s (21s; 101 done, 9s/thm, ETA 31 min)
d3req_101: n_ok 5/2000 (nd-only 0, parse-fail 1962) distinct_ok 2 first_hit 230 written_hist {8: 2} lean 1s (20s; 102 done, 10s/thm, ETA 32 min)
d3req_102: n_ok 60/2000 (nd-only 0, parse-fail 1925) distinct_ok 1 first_hit 47 written_hist {8: 1} lean 0s (8s; 103 done, 10s/thm, ETA 31 min)
d3req_103: n_ok 7/2000 (nd-only 0, parse-fail 1930) distinct_ok 1 first_hit 193 written_hist {8: 1} lean 0s (8s; 104 done, 10s/thm, ETA 31 min)
d3req_104: n_ok 0/2000 (nd-only 0, parse-fail 1993) distinct_ok 0 first_hit None written_hist {} lean 0s (7s; 105 done, 10s/thm, ETA 31 min)
d3req_105: n_ok 0/2000 (nd-only 0, parse-fail 1941) distinct_ok 0 first_hit None written_hist {} lean 0s (10s; 106 done, 10s/thm, ETA 31 min)
d3req_106: n_ok 21/2000 (nd-only 0, parse-fail 1974) distinct_ok 1 first_hit 224 written_hist {8: 1} lean 0s (7s; 107 done, 10s/thm, ETA 31 min)
d3req_107: n_ok 1/2000 (nd-only 0, parse-fail 860) distinct_ok 1 first_hit 1582 written_hist {8: 1} lean 0s (13s; 108 done, 10s/thm, ETA 31 min)
d3req_108: n_ok 76/2000 (nd-only 0, parse-fail 1777) distinct_ok 2 first_hit 46 written_hist {8: 2} lean 0s (7s; 109 done, 10s/thm, ETA 30 min)
d3req_109: n_ok 5/2000 (nd-only 0, parse-fail 1963) distinct_ok 1 first_hit 19 written_hist {8: 1} lean 0s (10s; 110 done, 10s/thm, ETA 30 min)
d3req_110: n_ok 18/2000 (nd-only 0, parse-fail 1979) distinct_ok 1 first_hit 159 written_hist {8: 1} lean 0s (7s; 111 done, 10s/thm, ETA 30 min)
d3req_111: n_ok 46/2000 (nd-only 0, parse-fail 1941) distinct_ok 1 first_hit 54 written_hist {8: 1} lean 0s (8s; 112 done, 10s/thm, ETA 30 min)
d3req_112: n_ok 7/2000 (nd-only 0, parse-fail 1992) distinct_ok 1 first_hit 229 written_hist {8: 1} lean 0s (9s; 113 done, 10s/thm, ETA 30 min)
d3req_113: n_ok 18/2000 (nd-only 0, parse-fail 1799) distinct_ok 1 first_hit 120 written_hist {8: 1} lean 0s (8s; 114 done, 9s/thm, ETA 29 min)
d3req_114: n_ok 0/2000 (nd-only 0, parse-fail 1951) distinct_ok 0 first_hit None written_hist {} lean 0s (9s; 115 done, 9s/thm, ETA 29 min)
d3req_115: n_ok 2/2000 (nd-only 0, parse-fail 1975) distinct_ok 1 first_hit 821 written_hist {8: 1} lean 0s (9s; 116 done, 9s/thm, ETA 29 min)
d3req_116: n_ok 0/2000 (nd-only 0, parse-fail 1976) distinct_ok 0 first_hit None written_hist {} lean 0s (12s; 117 done, 10s/thm, ETA 29 min)
d3req_117: n_ok 0/2000 (nd-only 0, parse-fail 1915) distinct_ok 0 first_hit None written_hist {} lean 0s (10s; 118 done, 10s/thm, ETA 29 min)
d3req_118: n_ok 42/2000 (nd-only 0, parse-fail 1922) distinct_ok 2 first_hit 38 written_hist {8: 2} lean 0s (8s; 119 done, 9s/thm, ETA 29 min)
d3req_119: n_ok 0/2000 (nd-only 0, parse-fail 1897) distinct_ok 0 first_hit None written_hist {} lean 0s (9s; 120 done, 9s/thm, ETA 28 min)
d3req_120: n_ok 13/2000 (nd-only 0, parse-fail 279) distinct_ok 1 first_hit 146 written_hist {8: 1} lean 0s (7s; 121 done, 9s/thm, ETA 28 min)
d3req_121: n_ok 1/2000 (nd-only 0, parse-fail 39) distinct_ok 1 first_hit 458 written_hist {8: 1} lean 0s (6s; 122 done, 9s/thm, ETA 28 min)
d3req_122: n_ok 12/2000 (nd-only 0, parse-fail 923) distinct_ok 3 first_hit 38 written_hist {8: 3} lean 0s (8s; 123 done, 9s/thm, ETA 28 min)
d3req_123: n_ok 13/2000 (nd-only 0, parse-fail 1986) distinct_ok 1 first_hit 106 written_hist {8: 1} lean 0s (11s; 124 done, 9s/thm, ETA 28 min)
d3req_124: n_ok 0/2000 (nd-only 0, parse-fail 1970) distinct_ok 0 first_hit None written_hist {} lean 0s (11s; 125 done, 9s/thm, ETA 28 min)
d3req_125: n_ok 19/2000 (nd-only 0, parse-fail 1877) distinct_ok 1 first_hit 415 written_hist {8: 1} lean 0s (8s; 126 done, 9s/thm, ETA 27 min)
d3req_126: n_ok 0/2000 (nd-only 0, parse-fail 1998) distinct_ok 0 first_hit None written_hist {} lean 0s (9s; 127 done, 9s/thm, ETA 27 min)
d3req_127: n_ok 49/2000 (nd-only 0, parse-fail 1804) distinct_ok 1 first_hit 32 written_hist {8: 1} lean 0s (9s; 128 done, 9s/thm, ETA 27 min)
d3req_128: n_ok 0/2000 (nd-only 0, parse-fail 1) distinct_ok 0 first_hit None written_hist {} lean 0s (7s; 129 done, 9s/thm, ETA 27 min)
d3req_129: n_ok 0/2000 (nd-only 0, parse-fail 2000) distinct_ok 0 first_hit None written_hist {} lean 0s (10s; 130 done, 9s/thm, ETA 27 min)
d3req_130: n_ok 0/2000 (nd-only 0, parse-fail 9) distinct_ok 0 first_hit None written_hist {} lean 0s (8s; 131 done, 9s/thm, ETA 27 min)
d3req_131: n_ok 1/2000 (nd-only 0, parse-fail 1698) distinct_ok 1 first_hit 387 written_hist {8: 1} lean 0s (10s; 132 done, 9s/thm, ETA 26 min)
d3req_132: n_ok 0/2000 (nd-only 0, parse-fail 1992) distinct_ok 0 first_hit None written_hist {} lean 0s (11s; 133 done, 9s/thm, ETA 26 min)
d3req_133: n_ok 4/2000 (nd-only 0, parse-fail 1948) distinct_ok 1 first_hit 475 written_hist {8: 1} lean 0s (9s; 134 done, 9s/thm, ETA 26 min)
d3req_134: n_ok 27/2000 (nd-only 0, parse-fail 1967) distinct_ok 1 first_hit 4 written_hist {8: 1} lean 0s (10s; 135 done, 9s/thm, ETA 26 min)
d3req_135: n_ok 6/2000 (nd-only 0, parse-fail 1157) distinct_ok 1 first_hit 101 written_hist {8: 1} lean 0s (11s; 136 done, 9s/thm, ETA 26 min)
d3req_136: n_ok 0/2000 (nd-only 0, parse-fail 1749) distinct_ok 0 first_hit None written_hist {} lean 0s (11s; 137 done, 9s/thm, ETA 26 min)
d3req_137: n_ok 6/2000 (nd-only 0, parse-fail 1993) distinct_ok 1 first_hit 19 written_hist {8: 1} lean 0s (12s; 138 done, 9s/thm, ETA 26 min)
d3req_138: n_ok 0/2000 (nd-only 0, parse-fail 1688) distinct_ok 0 first_hit None written_hist {} lean 0s (9s; 139 done, 9s/thm, ETA 25 min)
d3req_139: n_ok 41/2000 (nd-only 0, parse-fail 1898) distinct_ok 2 first_hit 37 written_hist {8: 2} lean 0s (9s; 140 done, 9s/thm, ETA 25 min)
d3req_140: n_ok 0/2000 (nd-only 0, parse-fail 1840) distinct_ok 0 first_hit None written_hist {} lean 0s (10s; 141 done, 9s/thm, ETA 25 min)
d3req_141: n_ok 1/2000 (nd-only 0, parse-fail 1167) distinct_ok 1 first_hit 1431 written_hist {8: 1} lean 0s (9s; 142 done, 9s/thm, ETA 25 min)
d3req_142: n_ok 0/2000 (nd-only 0, parse-fail 1731) distinct_ok 0 first_hit None written_hist {} lean 0s (10s; 143 done, 9s/thm, ETA 25 min)
d3req_143: n_ok 0/2000 (nd-only 0, parse-fail 1447) distinct_ok 0 first_hit None written_hist {} lean 0s (11s; 144 done, 9s/thm, ETA 25 min)
d3req_144: n_ok 8/2000 (nd-only 0, parse-fail 1956) distinct_ok 1 first_hit 128 written_hist {8: 1} lean 2s (20s; 145 done, 10s/thm, ETA 25 min)
d3req_145: n_ok 0/2000 (nd-only 0, parse-fail 1970) distinct_ok 0 first_hit None written_hist {} lean 0s (15s; 146 done, 10s/thm, ETA 25 min)
d3req_146: n_ok 1/2000 (nd-only 0, parse-fail 1938) distinct_ok 1 first_hit 1150 written_hist {8: 1} lean 1s (19s; 147 done, 10s/thm, ETA 25 min)
d3req_147: n_ok 0/2000 (nd-only 0, parse-fail 1010) distinct_ok 0 first_hit None written_hist {} lean 0s (12s; 148 done, 10s/thm, ETA 25 min)
d3req_148: n_ok 0/2000 (nd-only 0, parse-fail 1101) distinct_ok 0 first_hit None written_hist {} lean 0s (13s; 149 done, 10s/thm, ETA 24 min)
d3req_149: n_ok 3/2000 (nd-only 0, parse-fail 1989) distinct_ok 1 first_hit 628 written_hist {8: 1} lean 0s (10s; 150 done, 10s/thm, ETA 24 min)
d3req_150: n_ok 0/2000 (nd-only 0, parse-fail 1630) distinct_ok 0 first_hit None written_hist {} lean 0s (10s; 151 done, 10s/thm, ETA 24 min)
d3req_151: n_ok 0/2000 (nd-only 0, parse-fail 1996) distinct_ok 0 first_hit None written_hist {} lean 0s (12s; 152 done, 10s/thm, ETA 24 min)
d3req_152: n_ok 0/2000 (nd-only 0, parse-fail 6) distinct_ok 0 first_hit None written_hist {} lean 0s (7s; 153 done, 10s/thm, ETA 24 min)
d3req_153: n_ok 154/2000 (nd-only 0, parse-fail 1544) distinct_ok 1 first_hit 10 written_hist {8: 1} lean 0s (9s; 154 done, 10s/thm, ETA 24 min)
d3req_154: n_ok 3/2000 (nd-only 0, parse-fail 1994) distinct_ok 1 first_hit 76 written_hist {8: 1} lean 0s (14s; 155 done, 10s/thm, ETA 23 min)
d3req_155: n_ok 0/2000 (nd-only 0, parse-fail 1529) distinct_ok 0 first_hit None written_hist {} lean 0s (19s; 156 done, 10s/thm, ETA 23 min)
d3req_156: n_ok 16/2000 (nd-only 0, parse-fail 1984) distinct_ok 1 first_hit 173 written_hist {8: 1} lean 0s (16s; 157 done, 10s/thm, ETA 23 min)
d3req_157: n_ok 0/2000 (nd-only 0, parse-fail 19) distinct_ok 0 first_hit None written_hist {} lean 0s (11s; 158 done, 10s/thm, ETA 23 min)
d3req_158: n_ok 0/2000 (nd-only 0, parse-fail 101) distinct_ok 0 first_hit None written_hist {} lean 0s (14s; 159 done, 10s/thm, ETA 23 min)
d3req_159: n_ok 1/2000 (nd-only 0, parse-fail 8) distinct_ok 1 first_hit 21 written_hist {8: 1} lean 0s (8s; 160 done, 10s/thm, ETA 23 min)
d3req_160: n_ok 9/2000 (nd-only 0, parse-fail 1989) distinct_ok 1 first_hit 262 written_hist {8: 1} lean 0s (9s; 161 done, 10s/thm, ETA 23 min)
d3req_161: n_ok 2/2000 (nd-only 0, parse-fail 1799) distinct_ok 1 first_hit 136 written_hist {8: 1} lean 0s (8s; 162 done, 10s/thm, ETA 23 min)
d3req_162: n_ok 9/2000 (nd-only 0, parse-fail 1155) distinct_ok 1 first_hit 104 written_hist {8: 1} lean 0s (6s; 163 done, 10s/thm, ETA 22 min)
d3req_163: n_ok 12/2000 (nd-only 0, parse-fail 286) distinct_ok 1 first_hit 39 written_hist {8: 1} lean 0s (8s; 164 done, 10s/thm, ETA 22 min)
d3req_164: n_ok 0/2000 (nd-only 0, parse-fail 98) distinct_ok 0 first_hit None written_hist {} lean 0s (8s; 165 done, 10s/thm, ETA 22 min)
d3req_165: n_ok 0/2000 (nd-only 0, parse-fail 1987) distinct_ok 0 first_hit None written_hist {} lean 0s (8s; 166 done, 10s/thm, ETA 22 min)
d3req_166: n_ok 0/2000 (nd-only 0, parse-fail 8) distinct_ok 0 first_hit None written_hist {} lean 0s (7s; 167 done, 10s/thm, ETA 22 min)
d3req_167: n_ok 18/2000 (nd-only 0, parse-fail 1129) distinct_ok 1 first_hit 62 written_hist {8: 1} lean 0s (9s; 168 done, 10s/thm, ETA 21 min)
d3req_168: n_ok 0/2000 (nd-only 0, parse-fail 1992) distinct_ok 0 first_hit None written_hist {} lean 0s (11s; 169 done, 10s/thm, ETA 21 min)
d3req_169: n_ok 0/2000 (nd-only 0, parse-fail 28) distinct_ok 0 first_hit None written_hist {} lean 0s (8s; 170 done, 10s/thm, ETA 21 min)
d3req_170: n_ok 0/2000 (nd-only 0, parse-fail 1918) distinct_ok 0 first_hit None written_hist {} lean 0s (13s; 171 done, 10s/thm, ETA 21 min)
d3req_171: n_ok 0/2000 (nd-only 0, parse-fail 1273) distinct_ok 0 first_hit None written_hist {} lean 0s (12s; 172 done, 10s/thm, ETA 21 min)
d3req_172: n_ok 0/2000 (nd-only 0, parse-fail 1811) distinct_ok 0 first_hit None written_hist {} lean 0s (15s; 173 done, 10s/thm, ETA 21 min)
d3req_173: n_ok 8/2000 (nd-only 0, parse-fail 1992) distinct_ok 1 first_hit 174 written_hist {8: 1} lean 0s (10s; 174 done, 10s/thm, ETA 21 min)
d3req_174: n_ok 2/2000 (nd-only 0, parse-fail 1976) distinct_ok 1 first_hit 1599 written_hist {8: 1} lean 0s (12s; 175 done, 10s/thm, ETA 20 min)
d3req_175: n_ok 26/2000 (nd-only 0, parse-fail 1972) distinct_ok 1 first_hit 81 written_hist {8: 1} lean 0s (10s; 176 done, 10s/thm, ETA 20 min)
d3req_176: n_ok 0/2000 (nd-only 0, parse-fail 856) distinct_ok 0 first_hit None written_hist {} lean 0s (10s; 177 done, 10s/thm, ETA 20 min)
d3req_177: n_ok 20/2000 (nd-only 0, parse-fail 1935) distinct_ok 1 first_hit 21 written_hist {8: 1} lean 0s (10s; 178 done, 10s/thm, ETA 20 min)
d3req_178: n_ok 0/2000 (nd-only 0, parse-fail 1404) distinct_ok 0 first_hit None written_hist {} lean 0s (9s; 179 done, 10s/thm, ETA 20 min)
d3req_179: n_ok 0/2000 (nd-only 0, parse-fail 7) distinct_ok 0 first_hit None written_hist {} lean 0s (10s; 180 done, 10s/thm, ETA 20 min)
d3req_180: n_ok 4/2000 (nd-only 0, parse-fail 1996) distinct_ok 1 first_hit 379 written_hist {8: 1} lean 0s (11s; 181 done, 10s/thm, ETA 19 min)
d3req_181: n_ok 0/2000 (nd-only 0, parse-fail 1548) distinct_ok 0 first_hit None written_hist {} lean 0s (9s; 182 done, 10s/thm, ETA 19 min)
d3req_182: n_ok 0/2000 (nd-only 0, parse-fail 2000) distinct_ok 0 first_hit None written_hist {} lean 0s (8s; 183 done, 10s/thm, ETA 19 min)
d3req_183: n_ok 0/2000 (nd-only 0, parse-fail 248) distinct_ok 0 first_hit None written_hist {} lean 0s (13s; 184 done, 10s/thm, ETA 19 min)
d3req_184: n_ok 0/2000 (nd-only 0, parse-fail 28) distinct_ok 0 first_hit None written_hist {} lean 0s (17s; 185 done, 10s/thm, ETA 19 min)
d3req_185: n_ok 0/2000 (nd-only 0, parse-fail 1730) distinct_ok 0 first_hit None written_hist {} lean 0s (22s; 186 done, 10s/thm, ETA 19 min)
d3req_186: n_ok 0/2000 (nd-only 0, parse-fail 45) distinct_ok 0 first_hit None written_hist {} lean 0s (14s; 187 done, 10s/thm, ETA 19 min)
d3req_187: n_ok 75/2000 (nd-only 0, parse-fail 1920) distinct_ok 2 first_hit 13 written_hist {8: 2} lean 1s (15s; 188 done, 10s/thm, ETA 19 min)
d3req_188: n_ok 1/2000 (nd-only 0, parse-fail 1977) distinct_ok 1 first_hit 1430 written_hist {8: 1} lean 0s (13s; 189 done, 10s/thm, ETA 18 min)
d3req_189: n_ok 0/2000 (nd-only 0, parse-fail 2000) distinct_ok 0 first_hit None written_hist {} lean 0s (7s; 190 done, 10s/thm, ETA 18 min)
d3req_190: n_ok 0/2000 (nd-only 0, parse-fail 1994) distinct_ok 0 first_hit None written_hist {} lean 0s (8s; 191 done, 10s/thm, ETA 18 min)
d3req_191: n_ok 119/2000 (nd-only 0, parse-fail 650) distinct_ok 2 first_hit 8 written_hist {8: 2} lean 0s (6s; 192 done, 10s/thm, ETA 18 min)
d3req_192: n_ok 13/2000 (nd-only 0, parse-fail 681) distinct_ok 1 first_hit 70 written_hist {8: 1} lean 0s (8s; 193 done, 10s/thm, ETA 18 min)
d3req_193: n_ok 31/2000 (nd-only 0, parse-fail 1811) distinct_ok 1 first_hit 8 written_hist {8: 1} lean 0s (10s; 194 done, 10s/thm, ETA 18 min)
d3req_194: n_ok 1/2000 (nd-only 0, parse-fail 1944) distinct_ok 1 first_hit 1478 written_hist {8: 1} lean 0s (11s; 195 done, 10s/thm, ETA 17 min)
d3req_195: n_ok 0/2000 (nd-only 0, parse-fail 1357) distinct_ok 0 first_hit None written_hist {} lean 0s (8s; 196 done, 10s/thm, ETA 17 min)
d3req_196: n_ok 0/2000 (nd-only 0, parse-fail 971) distinct_ok 0 first_hit None written_hist {} lean 0s (11s; 197 done, 10s/thm, ETA 17 min)
d3req_197: n_ok 0/2000 (nd-only 0, parse-fail 21) distinct_ok 0 first_hit None written_hist {} lean 0s (8s; 198 done, 10s/thm, ETA 17 min)
d3req_198: n_ok 133/2000 (nd-only 0, parse-fail 1846) distinct_ok 2 first_hit 8 written_hist {8: 2} lean 0s (8s; 199 done, 10s/thm, ETA 17 min)
d3req_199: n_ok 0/2000 (nd-only 0, parse-fail 1007) distinct_ok 0 first_hit None written_hist {} lean 0s (12s; 200 done, 10s/thm, ETA 17 min)
d3req_200: n_ok 3/2000 (nd-only 0, parse-fail 1997) distinct_ok 1 first_hit 85 written_hist {8: 1} lean 0s (10s; 201 done, 10s/thm, ETA 16 min)
d3req_201: n_ok 0/2000 (nd-only 0, parse-fail 3) distinct_ok 0 first_hit None written_hist {} lean 0s (7s; 202 done, 10s/thm, ETA 16 min)
d3req_202: n_ok 3/2000 (nd-only 0, parse-fail 1993) distinct_ok 1 first_hit 47 written_hist {8: 1} lean 0s (10s; 203 done, 10s/thm, ETA 16 min)
d3req_203: n_ok 72/2000 (nd-only 0, parse-fail 1927) distinct_ok 1 first_hit 6 written_hist {8: 1} lean 0s (9s; 204 done, 10s/thm, ETA 16 min)
d3req_204: n_ok 18/2000 (nd-only 0, parse-fail 1982) distinct_ok 1 first_hit 14 written_hist {7: 1} lean 0s (11s; 205 done, 10s/thm, ETA 16 min)
d3req_205: n_ok 0/2000 (nd-only 0, parse-fail 6) distinct_ok 0 first_hit None written_hist {} lean 0s (7s; 206 done, 10s/thm, ETA 16 min)
d3req_206: n_ok 0/2000 (nd-only 0, parse-fail 250) distinct_ok 0 first_hit None written_hist {} lean 0s (9s; 207 done, 10s/thm, ETA 15 min)
d3req_207: n_ok 0/2000 (nd-only 0, parse-fail 22) distinct_ok 0 first_hit None written_hist {} lean 0s (8s; 208 done, 10s/thm, ETA 15 min)
d3req_208: n_ok 5/2000 (nd-only 0, parse-fail 1995) distinct_ok 1 first_hit 251 written_hist {8: 1} lean 0s (13s; 209 done, 10s/thm, ETA 15 min)
d3req_209: n_ok 1/2000 (nd-only 0, parse-fail 1981) distinct_ok 1 first_hit 1628 written_hist {8: 1} lean 0s (11s; 210 done, 10s/thm, ETA 15 min)
d3req_210: n_ok 7/2000 (nd-only 0, parse-fail 1991) distinct_ok 1 first_hit 255 written_hist {8: 1} lean 0s (11s; 211 done, 10s/thm, ETA 15 min)
d3req_211: n_ok 51/2000 (nd-only 0, parse-fail 1947) distinct_ok 1 first_hit 20 written_hist {8: 1} lean 0s (10s; 212 done, 10s/thm, ETA 15 min)
d3req_212: n_ok 3/2000 (nd-only 0, parse-fail 1974) distinct_ok 1 first_hit 187 written_hist {8: 1} lean 0s (9s; 213 done, 10s/thm, ETA 14 min)
d3req_213: n_ok 0/2000 (nd-only 0, parse-fail 1923) distinct_ok 0 first_hit None written_hist {} lean 0s (11s; 214 done, 10s/thm, ETA 14 min)
d3req_214: n_ok 1/2000 (nd-only 0, parse-fail 28) distinct_ok 1 first_hit 1042 written_hist {8: 1} lean 0s (7s; 215 done, 10s/thm, ETA 14 min)
d3req_215: n_ok 0/2000 (nd-only 0, parse-fail 1457) distinct_ok 0 first_hit None written_hist {} lean 0s (15s; 216 done, 10s/thm, ETA 14 min)
d3req_216: n_ok 93/2000 (nd-only 0, parse-fail 730) distinct_ok 2 first_hit 15 written_hist {8: 2} lean 0s (8s; 217 done, 10s/thm, ETA 14 min)
d3req_217: n_ok 0/2000 (nd-only 0, parse-fail 186) distinct_ok 0 first_hit None written_hist {} lean 0s (7s; 218 done, 10s/thm, ETA 14 min)
d3req_218: n_ok 67/2000 (nd-only 0, parse-fail 776) distinct_ok 1 first_hit 37 written_hist {8: 1} lean 0s (8s; 219 done, 10s/thm, ETA 13 min)
d3req_219: n_ok 13/2000 (nd-only 0, parse-fail 1986) distinct_ok 1 first_hit 84 written_hist {8: 1} lean 0s (8s; 220 done, 10s/thm, ETA 13 min)
d3req_220: n_ok 40/2000 (nd-only 0, parse-fail 1612) distinct_ok 1 first_hit 156 written_hist {8: 1} lean 0s (7s; 221 done, 10s/thm, ETA 13 min)
d3req_221: n_ok 7/2000 (nd-only 0, parse-fail 1983) distinct_ok 2 first_hit 65 written_hist {8: 2} lean 0s (9s; 222 done, 10s/thm, ETA 13 min)
d3req_222: n_ok 2/2000 (nd-only 0, parse-fail 30) distinct_ok 1 first_hit 146 written_hist {8: 1} lean 0s (9s; 223 done, 10s/thm, ETA 13 min)
d3req_223: n_ok 0/2000 (nd-only 0, parse-fail 26) distinct_ok 0 first_hit None written_hist {} lean 0s (8s; 224 done, 10s/thm, ETA 12 min)
d3req_224: n_ok 0/2000 (nd-only 0, parse-fail 1666) distinct_ok 0 first_hit None written_hist {} lean 0s (8s; 225 done, 10s/thm, ETA 12 min)
d3req_225: n_ok 0/2000 (nd-only 0, parse-fail 4) distinct_ok 0 first_hit None written_hist {} lean 0s (9s; 226 done, 10s/thm, ETA 12 min)
d3req_226: n_ok 0/2000 (nd-only 0, parse-fail 48) distinct_ok 0 first_hit None written_hist {} lean 0s (7s; 227 done, 10s/thm, ETA 12 min)
d3req_227: n_ok 0/2000 (nd-only 0, parse-fail 1667) distinct_ok 0 first_hit None written_hist {} lean 0s (9s; 228 done, 10s/thm, ETA 12 min)
d3req_228: n_ok 0/2000 (nd-only 0, parse-fail 1661) distinct_ok 0 first_hit None written_hist {} lean 0s (17s; 229 done, 10s/thm, ETA 12 min)
d3req_229: n_ok 33/2000 (nd-only 0, parse-fail 1951) distinct_ok 1 first_hit 114 written_hist {8: 1} lean 0s (10s; 230 done, 10s/thm, ETA 11 min)
d3req_230: n_ok 0/2000 (nd-only 0, parse-fail 126) distinct_ok 0 first_hit None written_hist {} lean 0s (12s; 231 done, 10s/thm, ETA 11 min)
d3req_231: n_ok 12/2000 (nd-only 0, parse-fail 1981) distinct_ok 1 first_hit 188 written_hist {8: 1} lean 2s (19s; 232 done, 10s/thm, ETA 11 min)
d3req_232: n_ok 108/2000 (nd-only 0, parse-fail 1811) distinct_ok 2 first_hit 11 written_hist {8: 2} lean 0s (14s; 233 done, 10s/thm, ETA 11 min)
d3req_233: n_ok 23/2000 (nd-only 0, parse-fail 1963) distinct_ok 1 first_hit 23 written_hist {8: 1} lean 0s (9s; 234 done, 10s/thm, ETA 11 min)
d3req_234: n_ok 4/2000 (nd-only 0, parse-fail 1980) distinct_ok 1 first_hit 426 written_hist {8: 1} lean 0s (11s; 235 done, 10s/thm, ETA 11 min)
d3req_235: n_ok 0/2000 (nd-only 0, parse-fail 1996) distinct_ok 0 first_hit None written_hist {} lean 0s (11s; 236 done, 10s/thm, ETA 11 min)
d3req_236: n_ok 0/2000 (nd-only 0, parse-fail 934) distinct_ok 0 first_hit None written_hist {} lean 0s (14s; 237 done, 10s/thm, ETA 10 min)
d3req_237: n_ok 15/2000 (nd-only 0, parse-fail 1959) distinct_ok 1 first_hit 19 written_hist {8: 1} lean 0s (10s; 238 done, 10s/thm, ETA 10 min)
d3req_238: n_ok 0/2000 (nd-only 0, parse-fail 1692) distinct_ok 0 first_hit None written_hist {} lean 0s (16s; 239 done, 10s/thm, ETA 10 min)
d3req_239: n_ok 0/2000 (nd-only 0, parse-fail 868) distinct_ok 0 first_hit None written_hist {} lean 0s (10s; 240 done, 10s/thm, ETA 10 min)
d3req_240: n_ok 37/2000 (nd-only 0, parse-fail 1280) distinct_ok 1 first_hit 57 written_hist {8: 1} lean 2s (14s; 241 done, 10s/thm, ETA 10 min)
d3req_241: n_ok 2/2000 (nd-only 0, parse-fail 1977) distinct_ok 1 first_hit 927 written_hist {8: 1} lean 1s (11s; 242 done, 10s/thm, ETA 10 min)
d3req_242: n_ok 0/2000 (nd-only 0, parse-fail 67) distinct_ok 0 first_hit None written_hist {} lean 0s (10s; 243 done, 10s/thm, ETA 9 min)
d3req_243: n_ok 0/2000 (nd-only 0, parse-fail 4) distinct_ok 0 first_hit None written_hist {} lean 0s (10s; 244 done, 10s/thm, ETA 9 min)
d3req_244: n_ok 6/2000 (nd-only 0, parse-fail 1901) distinct_ok 2 first_hit 441 written_hist {8: 2} lean 1s (13s; 245 done, 10s/thm, ETA 9 min)
d3req_245: n_ok 1/2000 (nd-only 0, parse-fail 1966) distinct_ok 1 first_hit 1295 written_hist {8: 1} lean 1s (11s; 246 done, 10s/thm, ETA 9 min)
d3req_246: n_ok 32/2000 (nd-only 0, parse-fail 1968) distinct_ok 1 first_hit 61 written_hist {8: 1} lean 1s (14s; 247 done, 10s/thm, ETA 9 min)
d3req_247: n_ok 52/2000 (nd-only 0, parse-fail 1907) distinct_ok 1 first_hit 51 written_hist {8: 1} lean 1s (12s; 248 done, 10s/thm, ETA 9 min)
d3req_248: n_ok 10/2000 (nd-only 0, parse-fail 1084) distinct_ok 1 first_hit 177 written_hist {8: 1} lean 0s (5s; 249 done, 10s/thm, ETA 9 min)
d3req_249: n_ok 8/2000 (nd-only 0, parse-fail 1937) distinct_ok 1 first_hit 379 written_hist {8: 1} lean 0s (7s; 250 done, 10s/thm, ETA 8 min)
d3req_250: n_ok 0/2000 (nd-only 0, parse-fail 1998) distinct_ok 0 first_hit None written_hist {} lean 0s (11s; 251 done, 10s/thm, ETA 8 min)
d3req_251: n_ok 0/2000 (nd-only 0, parse-fail 1999) distinct_ok 0 first_hit None written_hist {} lean 0s (13s; 252 done, 10s/thm, ETA 8 min)
d3req_252: n_ok 45/2000 (nd-only 0, parse-fail 1756) distinct_ok 1 first_hit 54 written_hist {8: 1} lean 0s (8s; 253 done, 10s/thm, ETA 8 min)
d3req_253: n_ok 0/2000 (nd-only 0, parse-fail 1996) distinct_ok 0 first_hit None written_hist {} lean 0s (12s; 254 done, 10s/thm, ETA 8 min)
d3req_254: n_ok 92/2000 (nd-only 0, parse-fail 1842) distinct_ok 1 first_hit 5 written_hist {8: 1} lean 0s (7s; 255 done, 10s/thm, ETA 7 min)
d3req_255: n_ok 0/2000 (nd-only 0, parse-fail 1987) distinct_ok 0 first_hit None written_hist {} lean 0s (7s; 256 done, 10s/thm, ETA 7 min)
d3req_256: n_ok 0/2000 (nd-only 0, parse-fail 1997) distinct_ok 0 first_hit None written_hist {} lean 0s (8s; 257 done, 10s/thm, ETA 7 min)
d3req_257: n_ok 0/2000 (nd-only 0, parse-fail 7) distinct_ok 0 first_hit None written_hist {} lean 0s (6s; 258 done, 10s/thm, ETA 7 min)
d3req_258: n_ok 0/2000 (nd-only 0, parse-fail 1731) distinct_ok 0 first_hit None written_hist {} lean 0s (7s; 259 done, 10s/thm, ETA 7 min)
d3req_259: n_ok 0/2000 (nd-only 0, parse-fail 297) distinct_ok 0 first_hit None written_hist {} lean 0s (10s; 260 done, 10s/thm, ETA 7 min)
d3req_260: n_ok 0/2000 (nd-only 0, parse-fail 1940) distinct_ok 0 first_hit None written_hist {} lean 0s (7s; 261 done, 10s/thm, ETA 6 min)
d3req_261: n_ok 0/2000 (nd-only 0, parse-fail 1999) distinct_ok 0 first_hit None written_hist {} lean 0s (11s; 262 done, 10s/thm, ETA 6 min)
d3req_262: n_ok 1/2000 (nd-only 0, parse-fail 1999) distinct_ok 1 first_hit 1370 written_hist {8: 1} lean 0s (13s; 263 done, 10s/thm, ETA 6 min)
d3req_263: n_ok 6/2000 (nd-only 0, parse-fail 153) distinct_ok 1 first_hit 534 written_hist {8: 1} lean 0s (6s; 264 done, 10s/thm, ETA 6 min)
d3req_264: n_ok 0/2000 (nd-only 0, parse-fail 1481) distinct_ok 0 first_hit None written_hist {} lean 0s (12s; 265 done, 10s/thm, ETA 6 min)
d3req_265: n_ok 12/2000 (nd-only 0, parse-fail 1987) distinct_ok 1 first_hit 189 written_hist {8: 1} lean 0s (10s; 266 done, 10s/thm, ETA 6 min)
d3req_266: n_ok 3/2000 (nd-only 0, parse-fail 1963) distinct_ok 1 first_hit 812 written_hist {8: 1} lean 0s (9s; 267 done, 10s/thm, ETA 5 min)
d3req_267: n_ok 1/2000 (nd-only 0, parse-fail 336) distinct_ok 1 first_hit 336 written_hist {8: 1} lean 0s (7s; 268 done, 10s/thm, ETA 5 min)
d3req_268: n_ok 1/2000 (nd-only 0, parse-fail 641) distinct_ok 1 first_hit 1141 written_hist {8: 1} lean 0s (9s; 269 done, 10s/thm, ETA 5 min)
d3req_269: n_ok 0/2000 (nd-only 0, parse-fail 1886) distinct_ok 0 first_hit None written_hist {} lean 0s (9s; 270 done, 10s/thm, ETA 5 min)
d3req_270: n_ok 0/2000 (nd-only 0, parse-fail 1582) distinct_ok 0 first_hit None written_hist {} lean 0s (9s; 271 done, 10s/thm, ETA 5 min)
d3req_271: n_ok 1/2000 (nd-only 0, parse-fail 231) distinct_ok 1 first_hit 1558 written_hist {8: 1} lean 0s (7s; 272 done, 10s/thm, ETA 5 min)
d3req_272: n_ok 242/2000 (nd-only 0, parse-fail 1730) distinct_ok 1 first_hit 1 written_hist {7: 1} lean 0s (9s; 273 done, 10s/thm, ETA 4 min)
d3req_273: n_ok 28/2000 (nd-only 0, parse-fail 465) distinct_ok 1 first_hit 29 written_hist {8: 1} lean 0s (9s; 274 done, 10s/thm, ETA 4 min)
d3req_274: n_ok 0/2000 (nd-only 0, parse-fail 1986) distinct_ok 0 first_hit None written_hist {} lean 0s (11s; 275 done, 10s/thm, ETA 4 min)
d3req_275: n_ok 0/2000 (nd-only 0, parse-fail 1911) distinct_ok 0 first_hit None written_hist {} lean 0s (8s; 276 done, 10s/thm, ETA 4 min)
d3req_276: n_ok 35/2000 (nd-only 0, parse-fail 1953) distinct_ok 1 first_hit 1 written_hist {8: 1} lean 0s (7s; 277 done, 10s/thm, ETA 4 min)
d3req_277: n_ok 0/2000 (nd-only 0, parse-fail 17) distinct_ok 0 first_hit None written_hist {} lean 0s (8s; 278 done, 10s/thm, ETA 4 min)
d3req_278: n_ok 109/2000 (nd-only 0, parse-fail 1799) distinct_ok 1 first_hit 2 written_hist {8: 1} lean 0s (9s; 279 done, 10s/thm, ETA 3 min)
d3req_279: n_ok 2/2000 (nd-only 0, parse-fail 1960) distinct_ok 1 first_hit 226 written_hist {8: 1} lean 0s (9s; 280 done, 10s/thm, ETA 3 min)
d3req_280: n_ok 48/2000 (nd-only 0, parse-fail 1903) distinct_ok 1 first_hit 22 written_hist {8: 1} lean 0s (8s; 281 done, 10s/thm, ETA 3 min)
d3req_281: n_ok 0/2000 (nd-only 0, parse-fail 1996) distinct_ok 0 first_hit None written_hist {} lean 0s (9s; 282 done, 10s/thm, ETA 3 min)
d3req_282: n_ok 7/2000 (nd-only 0, parse-fail 230) distinct_ok 1 first_hit 107 written_hist {8: 1} lean 0s (10s; 283 done, 10s/thm, ETA 3 min)
d3req_283: n_ok 45/2000 (nd-only 0, parse-fail 1951) distinct_ok 1 first_hit 11 written_hist {8: 1} lean 0s (11s; 284 done, 10s/thm, ETA 3 min)
d3req_284: n_ok 9/2000 (nd-only 0, parse-fail 596) distinct_ok 2 first_hit 455 written_hist {8: 2} lean 0s (7s; 285 done, 10s/thm, ETA 2 min)
d3req_285: n_ok 90/2000 (nd-only 0, parse-fail 1888) distinct_ok 1 first_hit 1 written_hist {8: 1} lean 0s (10s; 286 done, 10s/thm, ETA 2 min)
d3req_286: n_ok 10/2000 (nd-only 0, parse-fail 1965) distinct_ok 1 first_hit 105 written_hist {8: 1} lean 0s (10s; 287 done, 10s/thm, ETA 2 min)
d3req_287: n_ok 5/2000 (nd-only 0, parse-fail 1989) distinct_ok 1 first_hit 427 written_hist {8: 1} lean 0s (10s; 288 done, 10s/thm, ETA 2 min)
d3req_288: n_ok 0/2000 (nd-only 0, parse-fail 1945) distinct_ok 0 first_hit None written_hist {} lean 0s (8s; 289 done, 10s/thm, ETA 2 min)
d3req_289: n_ok 0/2000 (nd-only 0, parse-fail 32) distinct_ok 0 first_hit None written_hist {} lean 0s (11s; 290 done, 10s/thm, ETA 2 min)
d3req_290: n_ok 0/2000 (nd-only 0, parse-fail 59) distinct_ok 0 first_hit None written_hist {} lean 0s (13s; 291 done, 10s/thm, ETA 1 min)
d3req_291: n_ok 1/2000 (nd-only 0, parse-fail 1998) distinct_ok 1 first_hit 1830 written_hist {8: 1} lean 1s (19s; 292 done, 10s/thm, ETA 1 min)
d3req_292: n_ok 4/2000 (nd-only 0, parse-fail 46) distinct_ok 1 first_hit 169 written_hist {8: 1} lean 1s (13s; 293 done, 10s/thm, ETA 1 min)
d3req_293: n_ok 2/2000 (nd-only 0, parse-fail 1998) distinct_ok 1 first_hit 358 written_hist {8: 1} lean 1s (13s; 294 done, 10s/thm, ETA 1 min)
d3req_294: n_ok 0/2000 (nd-only 0, parse-fail 107) distinct_ok 0 first_hit None written_hist {} lean 0s (10s; 295 done, 10s/thm, ETA 1 min)
d3req_295: n_ok 0/2000 (nd-only 0, parse-fail 328) distinct_ok 0 first_hit None written_hist {} lean 0s (8s; 296 done, 10s/thm, ETA 1 min)
d3req_296: n_ok 0/2000 (nd-only 0, parse-fail 1991) distinct_ok 0 first_hit None written_hist {} lean 0s (9s; 297 done, 10s/thm, ETA 0 min)
d3req_297: n_ok 0/2000 (nd-only 0, parse-fail 1919) distinct_ok 0 first_hit None written_hist {} lean 0s (10s; 298 done, 10s/thm, ETA 0 min)
d3req_298: n_ok 0/2000 (nd-only 0, parse-fail 1953) distinct_ok 0 first_hit None written_hist {} lean 0s (8s; 299 done, 10s/thm, ETA 0 min)
d3req_299: n_ok 0/2000 (nd-only 0, parse-fail 146) distinct_ok 0 first_hit None written_hist {} lean 0s (9s; 300 done, 10s/thm, ETA 0 min)
DONE {'samples': 600000, 'parse_fail': 414920, 'nd_ok_samples': 5861, 'both_ok_samples': 5861, 'lean_wall_s': 79.78167939186096, 'lean_proc_s': 79.28885197639465, 'nd_ok_lean_ok_texts': 1246, 'nd_ok_lean_rej_texts': 0}
END 2026-09-24T00:16:58Z
