START 2026-09-23T22:58:09Z until [ -f ckpts/dsc/stage1_a2_s1.pt ]; do sleep 30; done; python3 coverage_lean.py --ckpt ckpts/dsc/stage1_a2_s1.pt --in data/p2/targets_reductio_req.jsonl --k 2000 --temperature 0.8 --seed 0 --batch 1024 --procs 2 --out artifacts/dsc/cov_a2_s1_redreq
shard 0/1: 300 theorems, 0 already done; k=2000 T=0.8 batch=1024
targets_reductio_req_0: n_ok 0/2000 (nd-only 0, parse-fail 486) distinct_ok 0 first_hit None written_hist {} lean 0s (8s; 1 done, 8s/thm, ETA 38 min)
targets_reductio_req_1: n_ok 0/2000 (nd-only 0, parse-fail 95) distinct_ok 0 first_hit None written_hist {} lean 0s (7s; 2 done, 7s/thm, ETA 37 min)
targets_reductio_req_2: n_ok 0/2000 (nd-only 0, parse-fail 19) distinct_ok 0 first_hit None written_hist {} lean 0s (7s; 3 done, 7s/thm, ETA 36 min)
targets_reductio_req_3: n_ok 0/2000 (nd-only 0, parse-fail 136) distinct_ok 0 first_hit None written_hist {} lean 0s (7s; 4 done, 7s/thm, ETA 36 min)
targets_reductio_req_4: n_ok 0/2000 (nd-only 0, parse-fail 1273) distinct_ok 0 first_hit None written_hist {} lean 0s (7s; 5 done, 7s/thm, ETA 36 min)
targets_reductio_req_5: n_ok 0/2000 (nd-only 0, parse-fail 66) distinct_ok 0 first_hit None written_hist {} lean 0s (8s; 6 done, 7s/thm, ETA 36 min)
targets_reductio_req_6: n_ok 0/2000 (nd-only 0, parse-fail 1519) distinct_ok 0 first_hit None written_hist {} lean 0s (7s; 7 done, 7s/thm, ETA 35 min)
targets_reductio_req_7: n_ok 0/2000 (nd-only 0, parse-fail 433) distinct_ok 0 first_hit None written_hist {} lean 0s (8s; 8 done, 7s/thm, ETA 35 min)
targets_reductio_req_8: n_ok 0/2000 (nd-only 0, parse-fail 9) distinct_ok 0 first_hit None written_hist {} lean 0s (8s; 9 done, 7s/thm, ETA 36 min)
targets_reductio_req_9: n_ok 0/2000 (nd-only 0, parse-fail 5) distinct_ok 0 first_hit None written_hist {} lean 0s (7s; 10 done, 7s/thm, ETA 35 min)
targets_reductio_req_10: n_ok 0/2000 (nd-only 0, parse-fail 16) distinct_ok 0 first_hit None written_hist {} lean 0s (7s; 11 done, 7s/thm, ETA 35 min)
targets_reductio_req_11: n_ok 0/2000 (nd-only 0, parse-fail 38) distinct_ok 0 first_hit None written_hist {} lean 0s (7s; 12 done, 7s/thm, ETA 35 min)
targets_reductio_req_12: n_ok 0/2000 (nd-only 0, parse-fail 253) distinct_ok 0 first_hit None written_hist {} lean 0s (8s; 13 done, 7s/thm, ETA 35 min)
targets_reductio_req_13: n_ok 0/2000 (nd-only 0, parse-fail 44) distinct_ok 0 first_hit None written_hist {} lean 0s (7s; 14 done, 7s/thm, ETA 35 min)
targets_reductio_req_14: n_ok 0/2000 (nd-only 0, parse-fail 15) distinct_ok 0 first_hit None written_hist {} lean 0s (8s; 15 done, 7s/thm, ETA 35 min)
targets_reductio_req_15: n_ok 0/2000 (nd-only 0, parse-fail 3) distinct_ok 0 first_hit None written_hist {} lean 0s (8s; 16 done, 7s/thm, ETA 35 min)
targets_reductio_req_16: n_ok 0/2000 (nd-only 0, parse-fail 593) distinct_ok 0 first_hit None written_hist {} lean 0s (8s; 17 done, 7s/thm, ETA 35 min)
targets_reductio_req_17: n_ok 0/2000 (nd-only 0, parse-fail 99) distinct_ok 0 first_hit None written_hist {} lean 0s (13s; 18 done, 8s/thm, ETA 36 min)
targets_reductio_req_18: n_ok 0/2000 (nd-only 0, parse-fail 3) distinct_ok 0 first_hit None written_hist {} lean 0s (11s; 19 done, 8s/thm, ETA 37 min)
targets_reductio_req_19: n_ok 0/2000 (nd-only 0, parse-fail 296) distinct_ok 0 first_hit None written_hist {} lean 0s (14s; 20 done, 8s/thm, ETA 38 min)
targets_reductio_req_20: n_ok 0/2000 (nd-only 0, parse-fail 45) distinct_ok 0 first_hit None written_hist {} lean 0s (12s; 21 done, 8s/thm, ETA 39 min)
targets_reductio_req_21: n_ok 0/2000 (nd-only 0, parse-fail 1550) distinct_ok 0 first_hit None written_hist {} lean 0s (7s; 22 done, 8s/thm, ETA 38 min)
targets_reductio_req_22: n_ok 0/2000 (nd-only 0, parse-fail 1482) distinct_ok 0 first_hit None written_hist {} lean 0s (7s; 23 done, 8s/thm, ETA 38 min)
targets_reductio_req_23: n_ok 0/2000 (nd-only 0, parse-fail 392) distinct_ok 0 first_hit None written_hist {} lean 0s (7s; 24 done, 8s/thm, ETA 38 min)
targets_reductio_req_24: n_ok 0/2000 (nd-only 0, parse-fail 64) distinct_ok 0 first_hit None written_hist {} lean 0s (6s; 25 done, 8s/thm, ETA 37 min)
targets_reductio_req_25: n_ok 0/2000 (nd-only 0, parse-fail 118) distinct_ok 0 first_hit None written_hist {} lean 0s (7s; 26 done, 8s/thm, ETA 37 min)
targets_reductio_req_26: n_ok 0/2000 (nd-only 0, parse-fail 1411) distinct_ok 0 first_hit None written_hist {} lean 0s (9s; 27 done, 8s/thm, ETA 37 min)
targets_reductio_req_27: n_ok 0/2000 (nd-only 0, parse-fail 14) distinct_ok 0 first_hit None written_hist {} lean 0s (7s; 28 done, 8s/thm, ETA 36 min)
targets_reductio_req_28: n_ok 0/2000 (nd-only 0, parse-fail 659) distinct_ok 0 first_hit None written_hist {} lean 0s (8s; 29 done, 8s/thm, ETA 36 min)
targets_reductio_req_29: n_ok 0/2000 (nd-only 0, parse-fail 103) distinct_ok 0 first_hit None written_hist {} lean 0s (7s; 30 done, 8s/thm, ETA 36 min)
targets_reductio_req_30: n_ok 0/2000 (nd-only 0, parse-fail 599) distinct_ok 0 first_hit None written_hist {} lean 0s (8s; 31 done, 8s/thm, ETA 36 min)
targets_reductio_req_31: n_ok 0/2000 (nd-only 0, parse-fail 8) distinct_ok 0 first_hit None written_hist {} lean 0s (10s; 32 done, 8s/thm, ETA 36 min)
targets_reductio_req_32: n_ok 0/2000 (nd-only 0, parse-fail 712) distinct_ok 0 first_hit None written_hist {} lean 0s (12s; 33 done, 8s/thm, ETA 36 min)
targets_reductio_req_33: n_ok 0/2000 (nd-only 0, parse-fail 115) distinct_ok 0 first_hit None written_hist {} lean 0s (13s; 34 done, 8s/thm, ETA 37 min)
targets_reductio_req_34: n_ok 0/2000 (nd-only 0, parse-fail 230) distinct_ok 0 first_hit None written_hist {} lean 0s (13s; 35 done, 8s/thm, ETA 37 min)
targets_reductio_req_35: n_ok 0/2000 (nd-only 0, parse-fail 1971) distinct_ok 0 first_hit None written_hist {} lean 0s (12s; 36 done, 9s/thm, ETA 38 min)
targets_reductio_req_36: n_ok 0/2000 (nd-only 0, parse-fail 417) distinct_ok 0 first_hit None written_hist {} lean 0s (11s; 37 done, 9s/thm, ETA 38 min)
targets_reductio_req_37: n_ok 0/2000 (nd-only 0, parse-fail 7) distinct_ok 0 first_hit None written_hist {} lean 0s (6s; 38 done, 9s/thm, ETA 37 min)
targets_reductio_req_38: n_ok 0/2000 (nd-only 0, parse-fail 1032) distinct_ok 0 first_hit None written_hist {} lean 0s (7s; 39 done, 9s/thm, ETA 37 min)
targets_reductio_req_39: n_ok 0/2000 (nd-only 0, parse-fail 1029) distinct_ok 0 first_hit None written_hist {} lean 0s (8s; 40 done, 9s/thm, ETA 37 min)
targets_reductio_req_40: n_ok 0/2000 (nd-only 0, parse-fail 5) distinct_ok 0 first_hit None written_hist {} lean 0s (7s; 41 done, 8s/thm, ETA 36 min)
targets_reductio_req_41: n_ok 0/2000 (nd-only 0, parse-fail 292) distinct_ok 0 first_hit None written_hist {} lean 0s (6s; 42 done, 8s/thm, ETA 36 min)
targets_reductio_req_42: n_ok 0/2000 (nd-only 0, parse-fail 43) distinct_ok 0 first_hit None written_hist {} lean 0s (8s; 43 done, 8s/thm, ETA 36 min)
targets_reductio_req_43: n_ok 0/2000 (nd-only 0, parse-fail 149) distinct_ok 0 first_hit None written_hist {} lean 0s (7s; 44 done, 8s/thm, ETA 36 min)
targets_reductio_req_44: n_ok 0/2000 (nd-only 0, parse-fail 185) distinct_ok 0 first_hit None written_hist {} lean 0s (8s; 45 done, 8s/thm, ETA 35 min)
targets_reductio_req_45: n_ok 0/2000 (nd-only 0, parse-fail 1254) distinct_ok 0 first_hit None written_hist {} lean 0s (13s; 46 done, 8s/thm, ETA 36 min)
targets_reductio_req_46: n_ok 0/2000 (nd-only 0, parse-fail 259) distinct_ok 0 first_hit None written_hist {} lean 0s (13s; 47 done, 9s/thm, ETA 36 min)
targets_reductio_req_47: n_ok 0/2000 (nd-only 0, parse-fail 23) distinct_ok 0 first_hit None written_hist {} lean 0s (12s; 48 done, 9s/thm, ETA 36 min)
targets_reductio_req_48: n_ok 0/2000 (nd-only 0, parse-fail 775) distinct_ok 0 first_hit None written_hist {} lean 0s (13s; 49 done, 9s/thm, ETA 36 min)
targets_reductio_req_49: n_ok 0/2000 (nd-only 0, parse-fail 843) distinct_ok 0 first_hit None written_hist {} lean 0s (16s; 50 done, 9s/thm, ETA 37 min)
targets_reductio_req_50: n_ok 0/2000 (nd-only 0, parse-fail 4) distinct_ok 0 first_hit None written_hist {} lean 0s (12s; 51 done, 9s/thm, ETA 37 min)
targets_reductio_req_51: n_ok 0/2000 (nd-only 0, parse-fail 14) distinct_ok 0 first_hit None written_hist {} lean 0s (8s; 52 done, 9s/thm, ETA 37 min)
targets_reductio_req_52: n_ok 0/2000 (nd-only 0, parse-fail 168) distinct_ok 0 first_hit None written_hist {} lean 0s (12s; 53 done, 9s/thm, ETA 37 min)
targets_reductio_req_53: n_ok 0/2000 (nd-only 0, parse-fail 59) distinct_ok 0 first_hit None written_hist {} lean 0s (10s; 54 done, 9s/thm, ETA 37 min)
targets_reductio_req_54: n_ok 0/2000 (nd-only 0, parse-fail 50) distinct_ok 0 first_hit None written_hist {} lean 0s (5s; 55 done, 9s/thm, ETA 36 min)
targets_reductio_req_55: n_ok 0/2000 (nd-only 0, parse-fail 58) distinct_ok 0 first_hit None written_hist {} lean 0s (6s; 56 done, 9s/thm, ETA 36 min)
targets_reductio_req_56: n_ok 0/2000 (nd-only 0, parse-fail 6) distinct_ok 0 first_hit None written_hist {} lean 0s (6s; 57 done, 9s/thm, ETA 36 min)
targets_reductio_req_57: n_ok 0/2000 (nd-only 0, parse-fail 17) distinct_ok 0 first_hit None written_hist {} lean 0s (7s; 58 done, 9s/thm, ETA 35 min)
targets_reductio_req_58: n_ok 0/2000 (nd-only 0, parse-fail 896) distinct_ok 0 first_hit None written_hist {} lean 0s (8s; 59 done, 9s/thm, ETA 35 min)
targets_reductio_req_59: n_ok 0/2000 (nd-only 0, parse-fail 498) distinct_ok 0 first_hit None written_hist {} lean 0s (9s; 60 done, 9s/thm, ETA 35 min)
targets_reductio_req_60: n_ok 9/2000 (nd-only 0, parse-fail 160) distinct_ok 1 first_hit 8 written_hist {7: 1} lean 2s (14s; 61 done, 9s/thm, ETA 35 min)
targets_reductio_req_61: n_ok 0/2000 (nd-only 0, parse-fail 224) distinct_ok 0 first_hit None written_hist {} lean 0s (10s; 62 done, 9s/thm, ETA 35 min)
targets_reductio_req_62: n_ok 0/2000 (nd-only 0, parse-fail 43) distinct_ok 0 first_hit None written_hist {} lean 0s (8s; 63 done, 9s/thm, ETA 35 min)
targets_reductio_req_63: n_ok 0/2000 (nd-only 0, parse-fail 463) distinct_ok 0 first_hit None written_hist {} lean 0s (10s; 64 done, 9s/thm, ETA 35 min)
targets_reductio_req_64: n_ok 0/2000 (nd-only 0, parse-fail 72) distinct_ok 0 first_hit None written_hist {} lean 0s (9s; 65 done, 9s/thm, ETA 35 min)
targets_reductio_req_65: n_ok 0/2000 (nd-only 0, parse-fail 7) distinct_ok 0 first_hit None written_hist {} lean 0s (10s; 66 done, 9s/thm, ETA 35 min)
targets_reductio_req_66: n_ok 0/2000 (nd-only 0, parse-fail 232) distinct_ok 0 first_hit None written_hist {} lean 0s (11s; 67 done, 9s/thm, ETA 35 min)
targets_reductio_req_67: n_ok 0/2000 (nd-only 0, parse-fail 162) distinct_ok 0 first_hit None written_hist {} lean 0s (9s; 68 done, 9s/thm, ETA 35 min)
targets_reductio_req_68: n_ok 0/2000 (nd-only 0, parse-fail 982) distinct_ok 0 first_hit None written_hist {} lean 0s (11s; 69 done, 9s/thm, ETA 34 min)
targets_reductio_req_69: n_ok 0/2000 (nd-only 0, parse-fail 11) distinct_ok 0 first_hit None written_hist {} lean 0s (9s; 70 done, 9s/thm, ETA 34 min)
targets_reductio_req_70: n_ok 0/2000 (nd-only 0, parse-fail 785) distinct_ok 0 first_hit None written_hist {} lean 0s (9s; 71 done, 9s/thm, ETA 34 min)
targets_reductio_req_71: n_ok 0/2000 (nd-only 0, parse-fail 20) distinct_ok 0 first_hit None written_hist {} lean 0s (5s; 72 done, 9s/thm, ETA 34 min)
targets_reductio_req_72: n_ok 0/2000 (nd-only 0, parse-fail 6) distinct_ok 0 first_hit None written_hist {} lean 0s (5s; 73 done, 9s/thm, ETA 33 min)
targets_reductio_req_73: n_ok 0/2000 (nd-only 0, parse-fail 9) distinct_ok 0 first_hit None written_hist {} lean 0s (5s; 74 done, 9s/thm, ETA 33 min)
targets_reductio_req_74: n_ok 0/2000 (nd-only 0, parse-fail 25) distinct_ok 0 first_hit None written_hist {} lean 0s (6s; 75 done, 9s/thm, ETA 33 min)
targets_reductio_req_75: n_ok 0/2000 (nd-only 0, parse-fail 387) distinct_ok 0 first_hit None written_hist {} lean 0s (6s; 76 done, 9s/thm, ETA 33 min)
targets_reductio_req_76: n_ok 0/2000 (nd-only 0, parse-fail 867) distinct_ok 0 first_hit None written_hist {} lean 0s (6s; 77 done, 9s/thm, ETA 32 min)
targets_reductio_req_77: n_ok 0/2000 (nd-only 0, parse-fail 168) distinct_ok 0 first_hit None written_hist {} lean 0s (6s; 78 done, 9s/thm, ETA 32 min)
targets_reductio_req_78: n_ok 0/2000 (nd-only 0, parse-fail 22) distinct_ok 0 first_hit None written_hist {} lean 0s (6s; 79 done, 9s/thm, ETA 32 min)
targets_reductio_req_79: n_ok 0/2000 (nd-only 0, parse-fail 1) distinct_ok 0 first_hit None written_hist {} lean 0s (7s; 80 done, 9s/thm, ETA 32 min)
targets_reductio_req_80: n_ok 0/2000 (nd-only 0, parse-fail 1083) distinct_ok 0 first_hit None written_hist {} lean 0s (6s; 81 done, 9s/thm, ETA 31 min)
targets_reductio_req_81: n_ok 0/2000 (nd-only 0, parse-fail 29) distinct_ok 0 first_hit None written_hist {} lean 0s (7s; 82 done, 9s/thm, ETA 31 min)
targets_reductio_req_82: n_ok 0/2000 (nd-only 0, parse-fail 174) distinct_ok 0 first_hit None written_hist {} lean 0s (7s; 83 done, 9s/thm, ETA 31 min)
targets_reductio_req_83: n_ok 0/2000 (nd-only 0, parse-fail 43) distinct_ok 0 first_hit None written_hist {} lean 0s (7s; 84 done, 9s/thm, ETA 31 min)
targets_reductio_req_84: n_ok 0/2000 (nd-only 0, parse-fail 1495) distinct_ok 0 first_hit None written_hist {} lean 0s (6s; 85 done, 8s/thm, ETA 30 min)
targets_reductio_req_85: n_ok 0/2000 (nd-only 0, parse-fail 4) distinct_ok 0 first_hit None written_hist {} lean 0s (6s; 86 done, 8s/thm, ETA 30 min)
targets_reductio_req_86: n_ok 0/2000 (nd-only 0, parse-fail 10) distinct_ok 0 first_hit None written_hist {} lean 0s (6s; 87 done, 8s/thm, ETA 30 min)
targets_reductio_req_87: n_ok 0/2000 (nd-only 0, parse-fail 77) distinct_ok 0 first_hit None written_hist {} lean 0s (7s; 88 done, 8s/thm, ETA 30 min)
targets_reductio_req_88: n_ok 0/2000 (nd-only 0, parse-fail 94) distinct_ok 0 first_hit None written_hist {} lean 0s (6s; 89 done, 8s/thm, ETA 30 min)
targets_reductio_req_89: n_ok 0/2000 (nd-only 0, parse-fail 1346) distinct_ok 0 first_hit None written_hist {} lean 0s (8s; 90 done, 8s/thm, ETA 29 min)
targets_reductio_req_90: n_ok 0/2000 (nd-only 0, parse-fail 1234) distinct_ok 0 first_hit None written_hist {} lean 0s (7s; 91 done, 8s/thm, ETA 29 min)
targets_reductio_req_91: n_ok 0/2000 (nd-only 0, parse-fail 51) distinct_ok 0 first_hit None written_hist {} lean 0s (6s; 92 done, 8s/thm, ETA 29 min)
targets_reductio_req_92: n_ok 0/2000 (nd-only 0, parse-fail 559) distinct_ok 0 first_hit None written_hist {} lean 0s (7s; 93 done, 8s/thm, ETA 29 min)
targets_reductio_req_93: n_ok 0/2000 (nd-only 0, parse-fail 135) distinct_ok 0 first_hit None written_hist {} lean 0s (9s; 94 done, 8s/thm, ETA 29 min)
targets_reductio_req_94: n_ok 0/2000 (nd-only 0, parse-fail 314) distinct_ok 0 first_hit None written_hist {} lean 0s (7s; 95 done, 8s/thm, ETA 29 min)
targets_reductio_req_95: n_ok 0/2000 (nd-only 0, parse-fail 99) distinct_ok 0 first_hit None written_hist {} lean 0s (7s; 96 done, 8s/thm, ETA 28 min)
targets_reductio_req_96: n_ok 0/2000 (nd-only 0, parse-fail 175) distinct_ok 0 first_hit None written_hist {} lean 0s (7s; 97 done, 8s/thm, ETA 28 min)
targets_reductio_req_97: n_ok 0/2000 (nd-only 0, parse-fail 151) distinct_ok 0 first_hit None written_hist {} lean 0s (8s; 98 done, 8s/thm, ETA 28 min)
targets_reductio_req_98: n_ok 0/2000 (nd-only 0, parse-fail 260) distinct_ok 0 first_hit None written_hist {} lean 0s (8s; 99 done, 8s/thm, ETA 28 min)
targets_reductio_req_99: n_ok 0/2000 (nd-only 0, parse-fail 171) distinct_ok 0 first_hit None written_hist {} lean 0s (8s; 100 done, 8s/thm, ETA 28 min)
targets_reductio_req_100: n_ok 0/2000 (nd-only 0, parse-fail 1830) distinct_ok 0 first_hit None written_hist {} lean 0s (6s; 101 done, 8s/thm, ETA 27 min)
targets_reductio_req_101: n_ok 0/2000 (nd-only 0, parse-fail 74) distinct_ok 0 first_hit None written_hist {} lean 0s (8s; 102 done, 8s/thm, ETA 27 min)
targets_reductio_req_102: n_ok 0/2000 (nd-only 0, parse-fail 905) distinct_ok 0 first_hit None written_hist {} lean 0s (8s; 103 done, 8s/thm, ETA 27 min)
targets_reductio_req_103: n_ok 0/2000 (nd-only 0, parse-fail 277) distinct_ok 0 first_hit None written_hist {} lean 0s (7s; 104 done, 8s/thm, ETA 27 min)
targets_reductio_req_104: n_ok 0/2000 (nd-only 0, parse-fail 11) distinct_ok 0 first_hit None written_hist {} lean 0s (7s; 105 done, 8s/thm, ETA 27 min)
targets_reductio_req_105: n_ok 0/2000 (nd-only 0, parse-fail 2) distinct_ok 0 first_hit None written_hist {} lean 0s (7s; 106 done, 8s/thm, ETA 27 min)
targets_reductio_req_106: n_ok 0/2000 (nd-only 0, parse-fail 898) distinct_ok 0 first_hit None written_hist {} lean 0s (9s; 107 done, 8s/thm, ETA 27 min)
targets_reductio_req_107: n_ok 0/2000 (nd-only 0, parse-fail 28) distinct_ok 0 first_hit None written_hist {} lean 0s (8s; 108 done, 8s/thm, ETA 26 min)
targets_reductio_req_108: n_ok 0/2000 (nd-only 0, parse-fail 4) distinct_ok 0 first_hit None written_hist {} lean 0s (8s; 109 done, 8s/thm, ETA 26 min)
targets_reductio_req_109: n_ok 0/2000 (nd-only 0, parse-fail 649) distinct_ok 0 first_hit None written_hist {} lean 0s (8s; 110 done, 8s/thm, ETA 26 min)
targets_reductio_req_110: n_ok 0/2000 (nd-only 0, parse-fail 935) distinct_ok 0 first_hit None written_hist {} lean 0s (8s; 111 done, 8s/thm, ETA 26 min)
targets_reductio_req_111: n_ok 0/2000 (nd-only 0, parse-fail 2) distinct_ok 0 first_hit None written_hist {} lean 0s (7s; 112 done, 8s/thm, ETA 26 min)
targets_reductio_req_112: n_ok 0/2000 (nd-only 0, parse-fail 5) distinct_ok 0 first_hit None written_hist {} lean 0s (8s; 113 done, 8s/thm, ETA 26 min)
targets_reductio_req_113: n_ok 0/2000 (nd-only 0, parse-fail 160) distinct_ok 0 first_hit None written_hist {} lean 0s (8s; 114 done, 8s/thm, ETA 25 min)
targets_reductio_req_114: n_ok 0/2000 (nd-only 0, parse-fail 340) distinct_ok 0 first_hit None written_hist {} lean 0s (7s; 115 done, 8s/thm, ETA 25 min)
targets_reductio_req_115: n_ok 0/2000 (nd-only 0, parse-fail 27) distinct_ok 0 first_hit None written_hist {} lean 0s (8s; 116 done, 8s/thm, ETA 25 min)
targets_reductio_req_116: n_ok 0/2000 (nd-only 0, parse-fail 74) distinct_ok 0 first_hit None written_hist {} lean 0s (9s; 117 done, 8s/thm, ETA 25 min)
targets_reductio_req_117: n_ok 0/2000 (nd-only 0, parse-fail 1226) distinct_ok 0 first_hit None written_hist {} lean 0s (9s; 118 done, 8s/thm, ETA 25 min)
targets_reductio_req_118: n_ok 0/2000 (nd-only 0, parse-fail 458) distinct_ok 0 first_hit None written_hist {} lean 0s (9s; 119 done, 8s/thm, ETA 25 min)
targets_reductio_req_119: n_ok 0/2000 (nd-only 0, parse-fail 909) distinct_ok 0 first_hit None written_hist {} lean 0s (10s; 120 done, 8s/thm, ETA 25 min)
targets_reductio_req_120: n_ok 0/2000 (nd-only 0, parse-fail 204) distinct_ok 0 first_hit None written_hist {} lean 0s (8s; 121 done, 8s/thm, ETA 25 min)
targets_reductio_req_121: n_ok 0/2000 (nd-only 0, parse-fail 2) distinct_ok 0 first_hit None written_hist {} lean 0s (9s; 122 done, 8s/thm, ETA 24 min)
targets_reductio_req_122: n_ok 0/2000 (nd-only 0, parse-fail 8) distinct_ok 0 first_hit None written_hist {} lean 0s (11s; 123 done, 8s/thm, ETA 24 min)
targets_reductio_req_123: n_ok 0/2000 (nd-only 0, parse-fail 163) distinct_ok 0 first_hit None written_hist {} lean 0s (13s; 124 done, 8s/thm, ETA 24 min)
targets_reductio_req_124: n_ok 0/2000 (nd-only 0, parse-fail 190) distinct_ok 0 first_hit None written_hist {} lean 0s (13s; 125 done, 8s/thm, ETA 24 min)
targets_reductio_req_125: n_ok 0/2000 (nd-only 0, parse-fail 426) distinct_ok 0 first_hit None written_hist {} lean 0s (13s; 126 done, 8s/thm, ETA 24 min)
targets_reductio_req_126: n_ok 0/2000 (nd-only 0, parse-fail 165) distinct_ok 0 first_hit None written_hist {} lean 0s (15s; 127 done, 8s/thm, ETA 24 min)
targets_reductio_req_127: n_ok 0/2000 (nd-only 0, parse-fail 7) distinct_ok 0 first_hit None written_hist {} lean 0s (8s; 128 done, 8s/thm, ETA 24 min)
targets_reductio_req_128: n_ok 0/2000 (nd-only 0, parse-fail 12) distinct_ok 0 first_hit None written_hist {} lean 0s (13s; 129 done, 8s/thm, ETA 24 min)
targets_reductio_req_129: n_ok 0/2000 (nd-only 0, parse-fail 14) distinct_ok 0 first_hit None written_hist {} lean 0s (13s; 130 done, 8s/thm, ETA 24 min)
targets_reductio_req_130: n_ok 0/2000 (nd-only 0, parse-fail 1106) distinct_ok 0 first_hit None written_hist {} lean 0s (14s; 131 done, 9s/thm, ETA 24 min)
targets_reductio_req_131: n_ok 1/2000 (nd-only 0, parse-fail 40) distinct_ok 1 first_hit 470 written_hist {7: 1} lean 1s (14s; 132 done, 9s/thm, ETA 24 min)
targets_reductio_req_132: n_ok 0/2000 (nd-only 0, parse-fail 580) distinct_ok 0 first_hit None written_hist {} lean 0s (11s; 133 done, 9s/thm, ETA 24 min)
targets_reductio_req_133: n_ok 0/2000 (nd-only 0, parse-fail 77) distinct_ok 0 first_hit None written_hist {} lean 0s (10s; 134 done, 9s/thm, ETA 24 min)
targets_reductio_req_134: n_ok 0/2000 (nd-only 0, parse-fail 18) distinct_ok 0 first_hit None written_hist {} lean 0s (12s; 135 done, 9s/thm, ETA 24 min)
targets_reductio_req_135: n_ok 0/2000 (nd-only 0, parse-fail 787) distinct_ok 0 first_hit None written_hist {} lean 0s (7s; 136 done, 9s/thm, ETA 24 min)
targets_reductio_req_136: n_ok 0/2000 (nd-only 0, parse-fail 200) distinct_ok 0 first_hit None written_hist {} lean 0s (4s; 137 done, 9s/thm, ETA 23 min)
targets_reductio_req_137: n_ok 0/2000 (nd-only 0, parse-fail 116) distinct_ok 0 first_hit None written_hist {} lean 0s (8s; 138 done, 9s/thm, ETA 23 min)
targets_reductio_req_138: n_ok 0/2000 (nd-only 0, parse-fail 12) distinct_ok 0 first_hit None written_hist {} lean 0s (11s; 139 done, 9s/thm, ETA 23 min)
targets_reductio_req_139: n_ok 0/2000 (nd-only 0, parse-fail 460) distinct_ok 0 first_hit None written_hist {} lean 0s (11s; 140 done, 9s/thm, ETA 23 min)
targets_reductio_req_140: n_ok 0/2000 (nd-only 0, parse-fail 36) distinct_ok 0 first_hit None written_hist {} lean 0s (12s; 141 done, 9s/thm, ETA 23 min)
targets_reductio_req_141: n_ok 0/2000 (nd-only 0, parse-fail 86) distinct_ok 0 first_hit None written_hist {} lean 0s (11s; 142 done, 9s/thm, ETA 23 min)
targets_reductio_req_142: n_ok 0/2000 (nd-only 0, parse-fail 5) distinct_ok 0 first_hit None written_hist {} lean 0s (11s; 143 done, 9s/thm, ETA 23 min)
targets_reductio_req_143: n_ok 0/2000 (nd-only 0, parse-fail 73) distinct_ok 0 first_hit None written_hist {} lean 0s (12s; 144 done, 9s/thm, ETA 23 min)
targets_reductio_req_144: n_ok 0/2000 (nd-only 0, parse-fail 17) distinct_ok 0 first_hit None written_hist {} lean 0s (8s; 145 done, 9s/thm, ETA 22 min)
targets_reductio_req_145: n_ok 0/2000 (nd-only 0, parse-fail 552) distinct_ok 0 first_hit None written_hist {} lean 0s (7s; 146 done, 9s/thm, ETA 22 min)
targets_reductio_req_146: n_ok 0/2000 (nd-only 0, parse-fail 358) distinct_ok 0 first_hit None written_hist {} lean 0s (8s; 147 done, 9s/thm, ETA 22 min)
targets_reductio_req_147: n_ok 0/2000 (nd-only 0, parse-fail 28) distinct_ok 0 first_hit None written_hist {} lean 0s (8s; 148 done, 9s/thm, ETA 22 min)
targets_reductio_req_148: n_ok 0/2000 (nd-only 0, parse-fail 77) distinct_ok 0 first_hit None written_hist {} lean 0s (8s; 149 done, 9s/thm, ETA 22 min)
targets_reductio_req_149: n_ok 0/2000 (nd-only 0, parse-fail 330) distinct_ok 0 first_hit None written_hist {} lean 0s (8s; 150 done, 9s/thm, ETA 22 min)
targets_reductio_req_150: n_ok 0/2000 (nd-only 0, parse-fail 315) distinct_ok 0 first_hit None written_hist {} lean 0s (8s; 151 done, 9s/thm, ETA 22 min)
targets_reductio_req_151: n_ok 0/2000 (nd-only 0, parse-fail 300) distinct_ok 0 first_hit None written_hist {} lean 0s (8s; 152 done, 9s/thm, ETA 21 min)
targets_reductio_req_152: n_ok 0/2000 (nd-only 0, parse-fail 1) distinct_ok 0 first_hit None written_hist {} lean 0s (7s; 153 done, 9s/thm, ETA 21 min)
targets_reductio_req_153: n_ok 0/2000 (nd-only 0, parse-fail 255) distinct_ok 0 first_hit None written_hist {} lean 0s (12s; 154 done, 9s/thm, ETA 21 min)
targets_reductio_req_154: n_ok 0/2000 (nd-only 0, parse-fail 1377) distinct_ok 0 first_hit None written_hist {} lean 0s (18s; 155 done, 9s/thm, ETA 21 min)
targets_reductio_req_155: n_ok 0/2000 (nd-only 0, parse-fail 167) distinct_ok 0 first_hit None written_hist {} lean 0s (10s; 156 done, 9s/thm, ETA 21 min)
targets_reductio_req_156: n_ok 0/2000 (nd-only 0, parse-fail 10) distinct_ok 0 first_hit None written_hist {} lean 0s (10s; 157 done, 9s/thm, ETA 21 min)
targets_reductio_req_157: n_ok 0/2000 (nd-only 0, parse-fail 24) distinct_ok 0 first_hit None written_hist {} lean 0s (12s; 158 done, 9s/thm, ETA 21 min)
targets_reductio_req_158: n_ok 0/2000 (nd-only 0, parse-fail 272) distinct_ok 0 first_hit None written_hist {} lean 0s (12s; 159 done, 9s/thm, ETA 21 min)
targets_reductio_req_159: n_ok 0/2000 (nd-only 0, parse-fail 20) distinct_ok 0 first_hit None written_hist {} lean 0s (10s; 160 done, 9s/thm, ETA 21 min)
targets_reductio_req_160: n_ok 0/2000 (nd-only 0, parse-fail 957) distinct_ok 0 first_hit None written_hist {} lean 0s (16s; 161 done, 9s/thm, ETA 20 min)
targets_reductio_req_161: n_ok 0/2000 (nd-only 0, parse-fail 572) distinct_ok 0 first_hit None written_hist {} lean 0s (10s; 162 done, 9s/thm, ETA 20 min)
targets_reductio_req_162: n_ok 0/2000 (nd-only 0, parse-fail 77) distinct_ok 0 first_hit None written_hist {} lean 0s (10s; 163 done, 9s/thm, ETA 20 min)
targets_reductio_req_163: n_ok 0/2000 (nd-only 0, parse-fail 541) distinct_ok 0 first_hit None written_hist {} lean 0s (6s; 164 done, 9s/thm, ETA 20 min)
targets_reductio_req_164: n_ok 0/2000 (nd-only 0, parse-fail 619) distinct_ok 0 first_hit None written_hist {} lean 0s (10s; 165 done, 9s/thm, ETA 20 min)
targets_reductio_req_165: n_ok 0/2000 (nd-only 0, parse-fail 964) distinct_ok 0 first_hit None written_hist {} lean 0s (8s; 166 done, 9s/thm, ETA 20 min)
targets_reductio_req_166: n_ok 0/2000 (nd-only 0, parse-fail 417) distinct_ok 0 first_hit None written_hist {} lean 0s (10s; 167 done, 9s/thm, ETA 20 min)
targets_reductio_req_167: n_ok 0/2000 (nd-only 0, parse-fail 156) distinct_ok 0 first_hit None written_hist {} lean 0s (8s; 168 done, 9s/thm, ETA 19 min)
targets_reductio_req_168: n_ok 0/2000 (nd-only 0, parse-fail 2) distinct_ok 0 first_hit None written_hist {} lean 0s (6s; 169 done, 9s/thm, ETA 19 min)
targets_reductio_req_169: n_ok 0/2000 (nd-only 0, parse-fail 1) distinct_ok 0 first_hit None written_hist {} lean 0s (8s; 170 done, 9s/thm, ETA 19 min)
targets_reductio_req_170: n_ok 0/2000 (nd-only 0, parse-fail 402) distinct_ok 0 first_hit None written_hist {} lean 0s (10s; 171 done, 9s/thm, ETA 19 min)
targets_reductio_req_171: n_ok 0/2000 (nd-only 0, parse-fail 56) distinct_ok 0 first_hit None written_hist {} lean 0s (9s; 172 done, 9s/thm, ETA 19 min)
targets_reductio_req_172: n_ok 0/2000 (nd-only 0, parse-fail 312) distinct_ok 0 first_hit None written_hist {} lean 0s (12s; 173 done, 9s/thm, ETA 19 min)
targets_reductio_req_173: n_ok 0/2000 (nd-only 0, parse-fail 269) distinct_ok 0 first_hit None written_hist {} lean 0s (7s; 174 done, 9s/thm, ETA 19 min)
targets_reductio_req_174: n_ok 0/2000 (nd-only 0, parse-fail 63) distinct_ok 0 first_hit None written_hist {} lean 0s (5s; 175 done, 9s/thm, ETA 18 min)
targets_reductio_req_175: n_ok 0/2000 (nd-only 0, parse-fail 185) distinct_ok 0 first_hit None written_hist {} lean 0s (6s; 176 done, 9s/thm, ETA 18 min)
targets_reductio_req_176: n_ok 0/2000 (nd-only 0, parse-fail 17) distinct_ok 0 first_hit None written_hist {} lean 0s (7s; 177 done, 9s/thm, ETA 18 min)
targets_reductio_req_177: n_ok 0/2000 (nd-only 0, parse-fail 1199) distinct_ok 0 first_hit None written_hist {} lean 0s (6s; 178 done, 9s/thm, ETA 18 min)
targets_reductio_req_178: n_ok 0/2000 (nd-only 0, parse-fail 90) distinct_ok 0 first_hit None written_hist {} lean 0s (6s; 179 done, 9s/thm, ETA 18 min)
targets_reductio_req_179: n_ok 0/2000 (nd-only 0, parse-fail 154) distinct_ok 0 first_hit None written_hist {} lean 0s (6s; 180 done, 9s/thm, ETA 17 min)
targets_reductio_req_180: n_ok 0/2000 (nd-only 0, parse-fail 56) distinct_ok 0 first_hit None written_hist {} lean 0s (7s; 181 done, 9s/thm, ETA 17 min)
targets_reductio_req_181: n_ok 0/2000 (nd-only 0, parse-fail 67) distinct_ok 0 first_hit None written_hist {} lean 0s (7s; 182 done, 9s/thm, ETA 17 min)
targets_reductio_req_182: n_ok 0/2000 (nd-only 0, parse-fail 1172) distinct_ok 0 first_hit None written_hist {} lean 0s (8s; 183 done, 9s/thm, ETA 17 min)
targets_reductio_req_183: n_ok 0/2000 (nd-only 0, parse-fail 10) distinct_ok 0 first_hit None written_hist {} lean 0s (6s; 184 done, 9s/thm, ETA 17 min)
targets_reductio_req_184: n_ok 0/2000 (nd-only 0, parse-fail 9) distinct_ok 0 first_hit None written_hist {} lean 0s (7s; 185 done, 9s/thm, ETA 17 min)
targets_reductio_req_185: n_ok 0/2000 (nd-only 0, parse-fail 552) distinct_ok 0 first_hit None written_hist {} lean 0s (7s; 186 done, 9s/thm, ETA 16 min)
targets_reductio_req_186: n_ok 0/2000 (nd-only 0, parse-fail 166) distinct_ok 0 first_hit None written_hist {} lean 0s (7s; 187 done, 9s/thm, ETA 16 min)
targets_reductio_req_187: n_ok 0/2000 (nd-only 0, parse-fail 881) distinct_ok 0 first_hit None written_hist {} lean 0s (6s; 188 done, 9s/thm, ETA 16 min)
targets_reductio_req_188: n_ok 0/2000 (nd-only 0, parse-fail 293) distinct_ok 0 first_hit None written_hist {} lean 0s (7s; 189 done, 9s/thm, ETA 16 min)
targets_reductio_req_189: n_ok 0/2000 (nd-only 0, parse-fail 40) distinct_ok 0 first_hit None written_hist {} lean 0s (6s; 190 done, 9s/thm, ETA 16 min)
targets_reductio_req_190: n_ok 0/2000 (nd-only 0, parse-fail 298) distinct_ok 0 first_hit None written_hist {} lean 0s (9s; 191 done, 9s/thm, ETA 16 min)
targets_reductio_req_191: n_ok 0/2000 (nd-only 0, parse-fail 64) distinct_ok 0 first_hit None written_hist {} lean 0s (8s; 192 done, 9s/thm, ETA 16 min)
targets_reductio_req_192: n_ok 0/2000 (nd-only 0, parse-fail 180) distinct_ok 0 first_hit None written_hist {} lean 0s (12s; 193 done, 9s/thm, ETA 15 min)
targets_reductio_req_193: n_ok 0/2000 (nd-only 0, parse-fail 135) distinct_ok 0 first_hit None written_hist {} lean 0s (13s; 194 done, 9s/thm, ETA 15 min)
targets_reductio_req_194: n_ok 0/2000 (nd-only 0, parse-fail 111) distinct_ok 0 first_hit None written_hist {} lean 0s (10s; 195 done, 9s/thm, ETA 15 min)
targets_reductio_req_195: n_ok 0/2000 (nd-only 0, parse-fail 8) distinct_ok 0 first_hit None written_hist {} lean 0s (12s; 196 done, 9s/thm, ETA 15 min)
targets_reductio_req_196: n_ok 0/2000 (nd-only 0, parse-fail 6) distinct_ok 0 first_hit None written_hist {} lean 0s (8s; 197 done, 9s/thm, ETA 15 min)
targets_reductio_req_197: n_ok 0/2000 (nd-only 0, parse-fail 688) distinct_ok 0 first_hit None written_hist {} lean 0s (5s; 198 done, 9s/thm, ETA 15 min)
targets_reductio_req_198: n_ok 0/2000 (nd-only 0, parse-fail 49) distinct_ok 0 first_hit None written_hist {} lean 0s (6s; 199 done, 9s/thm, ETA 15 min)
targets_reductio_req_199: n_ok 0/2000 (nd-only 0, parse-fail 13) distinct_ok 0 first_hit None written_hist {} lean 0s (10s; 200 done, 9s/thm, ETA 14 min)
targets_reductio_req_200: n_ok 0/2000 (nd-only 0, parse-fail 87) distinct_ok 0 first_hit None written_hist {} lean 0s (7s; 201 done, 9s/thm, ETA 14 min)
targets_reductio_req_201: n_ok 0/2000 (nd-only 0, parse-fail 1) distinct_ok 0 first_hit None written_hist {} lean 0s (5s; 202 done, 9s/thm, ETA 14 min)
targets_reductio_req_202: n_ok 0/2000 (nd-only 0, parse-fail 529) distinct_ok 0 first_hit None written_hist {} lean 0s (3s; 203 done, 9s/thm, ETA 14 min)
targets_reductio_req_203: n_ok 0/2000 (nd-only 0, parse-fail 35) distinct_ok 0 first_hit None written_hist {} lean 0s (4s; 204 done, 9s/thm, ETA 14 min)
targets_reductio_req_204: n_ok 0/2000 (nd-only 0, parse-fail 54) distinct_ok 0 first_hit None written_hist {} lean 0s (4s; 205 done, 9s/thm, ETA 14 min)
targets_reductio_req_205: n_ok 0/2000 (nd-only 0, parse-fail 1255) distinct_ok 0 first_hit None written_hist {} lean 0s (7s; 206 done, 9s/thm, ETA 13 min)
targets_reductio_req_206: n_ok 0/2000 (nd-only 0, parse-fail 401) distinct_ok 0 first_hit None written_hist {} lean 0s (7s; 207 done, 9s/thm, ETA 13 min)
targets_reductio_req_207: n_ok 0/2000 (nd-only 0, parse-fail 1847) distinct_ok 0 first_hit None written_hist {} lean 0s (7s; 208 done, 9s/thm, ETA 13 min)
targets_reductio_req_208: n_ok 0/2000 (nd-only 0, parse-fail 299) distinct_ok 0 first_hit None written_hist {} lean 0s (6s; 209 done, 9s/thm, ETA 13 min)
targets_reductio_req_209: n_ok 0/2000 (nd-only 0, parse-fail 72) distinct_ok 0 first_hit None written_hist {} lean 0s (7s; 210 done, 9s/thm, ETA 13 min)
targets_reductio_req_210: n_ok 0/2000 (nd-only 0, parse-fail 6) distinct_ok 0 first_hit None written_hist {} lean 0s (6s; 211 done, 9s/thm, ETA 13 min)
targets_reductio_req_211: n_ok 0/2000 (nd-only 0, parse-fail 35) distinct_ok 0 first_hit None written_hist {} lean 0s (6s; 212 done, 8s/thm, ETA 12 min)
targets_reductio_req_212: n_ok 0/2000 (nd-only 0, parse-fail 259) distinct_ok 0 first_hit None written_hist {} lean 0s (8s; 213 done, 8s/thm, ETA 12 min)
targets_reductio_req_213: n_ok 0/2000 (nd-only 0, parse-fail 10) distinct_ok 0 first_hit None written_hist {} lean 0s (7s; 214 done, 8s/thm, ETA 12 min)
targets_reductio_req_214: n_ok 0/2000 (nd-only 0, parse-fail 12) distinct_ok 0 first_hit None written_hist {} lean 0s (7s; 215 done, 8s/thm, ETA 12 min)
targets_reductio_req_215: n_ok 0/2000 (nd-only 0, parse-fail 118) distinct_ok 0 first_hit None written_hist {} lean 0s (7s; 216 done, 8s/thm, ETA 12 min)
targets_reductio_req_216: n_ok 0/2000 (nd-only 0, parse-fail 285) distinct_ok 0 first_hit None written_hist {} lean 0s (7s; 217 done, 8s/thm, ETA 12 min)
targets_reductio_req_217: n_ok 0/2000 (nd-only 0, parse-fail 559) distinct_ok 0 first_hit None written_hist {} lean 0s (7s; 218 done, 8s/thm, ETA 12 min)
targets_reductio_req_218: n_ok 0/2000 (nd-only 0, parse-fail 279) distinct_ok 0 first_hit None written_hist {} lean 0s (8s; 219 done, 8s/thm, ETA 11 min)
targets_reductio_req_219: n_ok 0/2000 (nd-only 0, parse-fail 420) distinct_ok 0 first_hit None written_hist {} lean 0s (6s; 220 done, 8s/thm, ETA 11 min)
targets_reductio_req_220: n_ok 0/2000 (nd-only 0, parse-fail 110) distinct_ok 0 first_hit None written_hist {} lean 0s (7s; 221 done, 8s/thm, ETA 11 min)
targets_reductio_req_221: n_ok 0/2000 (nd-only 0, parse-fail 4) distinct_ok 0 first_hit None written_hist {} lean 0s (6s; 222 done, 8s/thm, ETA 11 min)
targets_reductio_req_222: n_ok 0/2000 (nd-only 0, parse-fail 378) distinct_ok 0 first_hit None written_hist {} lean 0s (7s; 223 done, 8s/thm, ETA 11 min)
targets_reductio_req_223: n_ok 0/2000 (nd-only 0, parse-fail 17) distinct_ok 0 first_hit None written_hist {} lean 0s (9s; 224 done, 8s/thm, ETA 11 min)
targets_reductio_req_224: n_ok 0/2000 (nd-only 0, parse-fail 545) distinct_ok 0 first_hit None written_hist {} lean 0s (13s; 225 done, 8s/thm, ETA 11 min)
targets_reductio_req_225: n_ok 0/2000 (nd-only 0, parse-fail 139) distinct_ok 0 first_hit None written_hist {} lean 0s (11s; 226 done, 8s/thm, ETA 10 min)
targets_reductio_req_226: n_ok 0/2000 (nd-only 0, parse-fail 761) distinct_ok 0 first_hit None written_hist {} lean 0s (12s; 227 done, 8s/thm, ETA 10 min)
targets_reductio_req_227: n_ok 0/2000 (nd-only 0, parse-fail 4) distinct_ok 0 first_hit None written_hist {} lean 0s (10s; 228 done, 8s/thm, ETA 10 min)
targets_reductio_req_228: n_ok 0/2000 (nd-only 0, parse-fail 144) distinct_ok 0 first_hit None written_hist {} lean 0s (12s; 229 done, 8s/thm, ETA 10 min)
targets_reductio_req_229: n_ok 0/2000 (nd-only 0, parse-fail 248) distinct_ok 0 first_hit None written_hist {} lean 0s (7s; 230 done, 8s/thm, ETA 10 min)
targets_reductio_req_230: n_ok 0/2000 (nd-only 0, parse-fail 141) distinct_ok 0 first_hit None written_hist {} lean 0s (6s; 231 done, 8s/thm, ETA 10 min)
targets_reductio_req_231: n_ok 0/2000 (nd-only 0, parse-fail 136) distinct_ok 0 first_hit None written_hist {} lean 0s (8s; 232 done, 8s/thm, ETA 10 min)
targets_reductio_req_232: n_ok 0/2000 (nd-only 0, parse-fail 112) distinct_ok 0 first_hit None written_hist {} lean 0s (7s; 233 done, 8s/thm, ETA 9 min)
targets_reductio_req_233: n_ok 0/2000 (nd-only 0, parse-fail 543) distinct_ok 0 first_hit None written_hist {} lean 0s (7s; 234 done, 8s/thm, ETA 9 min)
targets_reductio_req_234: n_ok 0/2000 (nd-only 0, parse-fail 151) distinct_ok 0 first_hit None written_hist {} lean 0s (8s; 235 done, 8s/thm, ETA 9 min)
targets_reductio_req_235: n_ok 0/2000 (nd-only 0, parse-fail 246) distinct_ok 0 first_hit None written_hist {} lean 0s (6s; 236 done, 8s/thm, ETA 9 min)
targets_reductio_req_236: n_ok 0/2000 (nd-only 0, parse-fail 31) distinct_ok 0 first_hit None written_hist {} lean 0s (5s; 237 done, 8s/thm, ETA 9 min)
targets_reductio_req_237: n_ok 0/2000 (nd-only 0, parse-fail 538) distinct_ok 0 first_hit None written_hist {} lean 0s (11s; 238 done, 8s/thm, ETA 9 min)
targets_reductio_req_238: n_ok 0/2000 (nd-only 0, parse-fail 19) distinct_ok 0 first_hit None written_hist {} lean 0s (9s; 239 done, 8s/thm, ETA 9 min)
targets_reductio_req_239: n_ok 0/2000 (nd-only 0, parse-fail 374) distinct_ok 0 first_hit None written_hist {} lean 0s (12s; 240 done, 8s/thm, ETA 8 min)
targets_reductio_req_240: n_ok 0/2000 (nd-only 0, parse-fail 192) distinct_ok 0 first_hit None written_hist {} lean 0s (11s; 241 done, 8s/thm, ETA 8 min)
targets_reductio_req_241: n_ok 0/2000 (nd-only 0, parse-fail 21) distinct_ok 0 first_hit None written_hist {} lean 0s (12s; 242 done, 8s/thm, ETA 8 min)
targets_reductio_req_242: n_ok 0/2000 (nd-only 0, parse-fail 1083) distinct_ok 0 first_hit None written_hist {} lean 0s (12s; 243 done, 9s/thm, ETA 8 min)
targets_reductio_req_243: n_ok 0/2000 (nd-only 0, parse-fail 46) distinct_ok 0 first_hit None written_hist {} lean 0s (11s; 244 done, 9s/thm, ETA 8 min)
targets_reductio_req_244: n_ok 0/2000 (nd-only 0, parse-fail 22) distinct_ok 0 first_hit None written_hist {} lean 0s (7s; 245 done, 9s/thm, ETA 8 min)
targets_reductio_req_245: n_ok 0/2000 (nd-only 0, parse-fail 12) distinct_ok 0 first_hit None written_hist {} lean 0s (6s; 246 done, 9s/thm, ETA 8 min)
targets_reductio_req_246: n_ok 0/2000 (nd-only 0, parse-fail 226) distinct_ok 0 first_hit None written_hist {} lean 0s (6s; 247 done, 8s/thm, ETA 8 min)
targets_reductio_req_247: n_ok 0/2000 (nd-only 0, parse-fail 9) distinct_ok 0 first_hit None written_hist {} lean 0s (6s; 248 done, 8s/thm, ETA 7 min)
targets_reductio_req_248: n_ok 0/2000 (nd-only 0, parse-fail 246) distinct_ok 0 first_hit None written_hist {} lean 0s (7s; 249 done, 8s/thm, ETA 7 min)
targets_reductio_req_249: n_ok 0/2000 (nd-only 0, parse-fail 690) distinct_ok 0 first_hit None written_hist {} lean 0s (6s; 250 done, 8s/thm, ETA 7 min)
targets_reductio_req_250: n_ok 0/2000 (nd-only 0, parse-fail 1436) distinct_ok 0 first_hit None written_hist {} lean 0s (7s; 251 done, 8s/thm, ETA 7 min)
targets_reductio_req_251: n_ok 0/2000 (nd-only 0, parse-fail 113) distinct_ok 0 first_hit None written_hist {} lean 0s (6s; 252 done, 8s/thm, ETA 7 min)
targets_reductio_req_252: n_ok 0/2000 (nd-only 0, parse-fail 1180) distinct_ok 0 first_hit None written_hist {} lean 0s (4s; 253 done, 8s/thm, ETA 7 min)
targets_reductio_req_253: n_ok 0/2000 (nd-only 0, parse-fail 400) distinct_ok 0 first_hit None written_hist {} lean 0s (6s; 254 done, 8s/thm, ETA 6 min)
targets_reductio_req_254: n_ok 0/2000 (nd-only 0, parse-fail 240) distinct_ok 0 first_hit None written_hist {} lean 0s (7s; 255 done, 8s/thm, ETA 6 min)
targets_reductio_req_255: n_ok 0/2000 (nd-only 0, parse-fail 459) distinct_ok 0 first_hit None written_hist {} lean 0s (6s; 256 done, 8s/thm, ETA 6 min)
targets_reductio_req_256: n_ok 0/2000 (nd-only 0, parse-fail 102) distinct_ok 0 first_hit None written_hist {} lean 0s (7s; 257 done, 8s/thm, ETA 6 min)
targets_reductio_req_257: n_ok 0/2000 (nd-only 0, parse-fail 188) distinct_ok 0 first_hit None written_hist {} lean 0s (7s; 258 done, 8s/thm, ETA 6 min)
targets_reductio_req_258: n_ok 0/2000 (nd-only 0, parse-fail 5) distinct_ok 0 first_hit None written_hist {} lean 0s (7s; 259 done, 8s/thm, ETA 6 min)
targets_reductio_req_259: n_ok 0/2000 (nd-only 0, parse-fail 48) distinct_ok 0 first_hit None written_hist {} lean 0s (8s; 260 done, 8s/thm, ETA 6 min)
targets_reductio_req_260: n_ok 4/2000 (nd-only 0, parse-fail 147) distinct_ok 1 first_hit 688 written_hist {7: 1} lean 0s (7s; 261 done, 8s/thm, ETA 5 min)
targets_reductio_req_261: n_ok 0/2000 (nd-only 0, parse-fail 461) distinct_ok 0 first_hit None written_hist {} lean 0s (7s; 262 done, 8s/thm, ETA 5 min)
targets_reductio_req_262: n_ok 0/2000 (nd-only 0, parse-fail 4) distinct_ok 0 first_hit None written_hist {} lean 0s (7s; 263 done, 8s/thm, ETA 5 min)
targets_reductio_req_263: n_ok 0/2000 (nd-only 0, parse-fail 61) distinct_ok 0 first_hit None written_hist {} lean 0s (6s; 264 done, 8s/thm, ETA 5 min)
targets_reductio_req_264: n_ok 0/2000 (nd-only 0, parse-fail 224) distinct_ok 0 first_hit None written_hist {} lean 0s (7s; 265 done, 8s/thm, ETA 5 min)
targets_reductio_req_265: n_ok 0/2000 (nd-only 0, parse-fail 14) distinct_ok 0 first_hit None written_hist {} lean 0s (5s; 266 done, 8s/thm, ETA 5 min)
targets_reductio_req_266: n_ok 4/2000 (nd-only 0, parse-fail 41) distinct_ok 1 first_hit 296 written_hist {7: 1} lean 0s (9s; 267 done, 8s/thm, ETA 5 min)
targets_reductio_req_267: n_ok 0/2000 (nd-only 0, parse-fail 62) distinct_ok 0 first_hit None written_hist {} lean 0s (7s; 268 done, 8s/thm, ETA 4 min)
targets_reductio_req_268: n_ok 0/2000 (nd-only 0, parse-fail 11) distinct_ok 0 first_hit None written_hist {} lean 0s (6s; 269 done, 8s/thm, ETA 4 min)
targets_reductio_req_269: n_ok 0/2000 (nd-only 0, parse-fail 57) distinct_ok 0 first_hit None written_hist {} lean 0s (6s; 270 done, 8s/thm, ETA 4 min)
targets_reductio_req_270: n_ok 0/2000 (nd-only 0, parse-fail 156) distinct_ok 0 first_hit None written_hist {} lean 0s (6s; 271 done, 8s/thm, ETA 4 min)
targets_reductio_req_271: n_ok 0/2000 (nd-only 0, parse-fail 276) distinct_ok 0 first_hit None written_hist {} lean 0s (8s; 272 done, 8s/thm, ETA 4 min)
targets_reductio_req_272: n_ok 0/2000 (nd-only 0, parse-fail 10) distinct_ok 0 first_hit None written_hist {} lean 0s (7s; 273 done, 8s/thm, ETA 4 min)
targets_reductio_req_273: n_ok 0/2000 (nd-only 0, parse-fail 62) distinct_ok 0 first_hit None written_hist {} lean 0s (6s; 274 done, 8s/thm, ETA 4 min)
targets_reductio_req_274: n_ok 0/2000 (nd-only 0, parse-fail 161) distinct_ok 0 first_hit None written_hist {} lean 0s (8s; 275 done, 8s/thm, ETA 3 min)
targets_reductio_req_275: n_ok 0/2000 (nd-only 0, parse-fail 94) distinct_ok 0 first_hit None written_hist {} lean 0s (8s; 276 done, 8s/thm, ETA 3 min)
targets_reductio_req_276: n_ok 0/2000 (nd-only 0, parse-fail 447) distinct_ok 0 first_hit None written_hist {} lean 0s (11s; 277 done, 8s/thm, ETA 3 min)
targets_reductio_req_277: n_ok 0/2000 (nd-only 0, parse-fail 371) distinct_ok 0 first_hit None written_hist {} lean 0s (8s; 278 done, 8s/thm, ETA 3 min)
targets_reductio_req_278: n_ok 0/2000 (nd-only 0, parse-fail 473) distinct_ok 0 first_hit None written_hist {} lean 0s (7s; 279 done, 8s/thm, ETA 3 min)
targets_reductio_req_279: n_ok 0/2000 (nd-only 0, parse-fail 304) distinct_ok 0 first_hit None written_hist {} lean 0s (8s; 280 done, 8s/thm, ETA 3 min)
targets_reductio_req_280: n_ok 0/2000 (nd-only 0, parse-fail 1756) distinct_ok 0 first_hit None written_hist {} lean 0s (7s; 281 done, 8s/thm, ETA 3 min)
targets_reductio_req_281: n_ok 0/2000 (nd-only 0, parse-fail 5) distinct_ok 0 first_hit None written_hist {} lean 0s (8s; 282 done, 8s/thm, ETA 2 min)
targets_reductio_req_282: n_ok 0/2000 (nd-only 0, parse-fail 118) distinct_ok 0 first_hit None written_hist {} lean 0s (6s; 283 done, 8s/thm, ETA 2 min)
targets_reductio_req_283: n_ok 0/2000 (nd-only 0, parse-fail 32) distinct_ok 0 first_hit None written_hist {} lean 0s (7s; 284 done, 8s/thm, ETA 2 min)
targets_reductio_req_284: n_ok 0/2000 (nd-only 0, parse-fail 1305) distinct_ok 0 first_hit None written_hist {} lean 0s (8s; 285 done, 8s/thm, ETA 2 min)
targets_reductio_req_285: n_ok 0/2000 (nd-only 0, parse-fail 50) distinct_ok 0 first_hit None written_hist {} lean 0s (8s; 286 done, 8s/thm, ETA 2 min)
targets_reductio_req_286: n_ok 0/2000 (nd-only 0, parse-fail 90) distinct_ok 0 first_hit None written_hist {} lean 0s (7s; 287 done, 8s/thm, ETA 2 min)
targets_reductio_req_287: n_ok 0/2000 (nd-only 0, parse-fail 207) distinct_ok 0 first_hit None written_hist {} lean 0s (7s; 288 done, 8s/thm, ETA 2 min)
targets_reductio_req_288: n_ok 0/2000 (nd-only 0, parse-fail 362) distinct_ok 0 first_hit None written_hist {} lean 0s (9s; 289 done, 8s/thm, ETA 2 min)
targets_reductio_req_289: n_ok 0/2000 (nd-only 0, parse-fail 650) distinct_ok 0 first_hit None written_hist {} lean 0s (7s; 290 done, 8s/thm, ETA 1 min)
targets_reductio_req_290: n_ok 0/2000 (nd-only 0, parse-fail 119) distinct_ok 0 first_hit None written_hist {} lean 0s (7s; 291 done, 8s/thm, ETA 1 min)
targets_reductio_req_291: n_ok 0/2000 (nd-only 0, parse-fail 6) distinct_ok 0 first_hit None written_hist {} lean 0s (6s; 292 done, 8s/thm, ETA 1 min)
targets_reductio_req_292: n_ok 0/2000 (nd-only 0, parse-fail 121) distinct_ok 0 first_hit None written_hist {} lean 0s (6s; 293 done, 8s/thm, ETA 1 min)
targets_reductio_req_293: n_ok 0/2000 (nd-only 0, parse-fail 755) distinct_ok 0 first_hit None written_hist {} lean 0s (10s; 294 done, 8s/thm, ETA 1 min)
targets_reductio_req_294: n_ok 0/2000 (nd-only 0, parse-fail 445) distinct_ok 0 first_hit None written_hist {} lean 0s (6s; 295 done, 8s/thm, ETA 1 min)
targets_reductio_req_295: n_ok 0/2000 (nd-only 0, parse-fail 601) distinct_ok 0 first_hit None written_hist {} lean 0s (7s; 296 done, 8s/thm, ETA 1 min)
targets_reductio_req_296: n_ok 0/2000 (nd-only 0, parse-fail 309) distinct_ok 0 first_hit None written_hist {} lean 0s (9s; 297 done, 8s/thm, ETA 0 min)
targets_reductio_req_297: n_ok 0/2000 (nd-only 0, parse-fail 5) distinct_ok 0 first_hit None written_hist {} lean 0s (7s; 298 done, 8s/thm, ETA 0 min)
targets_reductio_req_298: n_ok 0/2000 (nd-only 0, parse-fail 102) distinct_ok 0 first_hit None written_hist {} lean 0s (8s; 299 done, 8s/thm, ETA 0 min)
targets_reductio_req_299: n_ok 0/2000 (nd-only 0, parse-fail 185) distinct_ok 0 first_hit None written_hist {} lean 0s (7s; 300 done, 8s/thm, ETA 0 min)
DONE {'samples': 600000, 'parse_fail': 93243, 'nd_ok_samples': 18, 'both_ok_samples': 18, 'lean_wall_s': 3.659447431564331, 'lean_proc_s': 3.6533257961273193, 'nd_ok_lean_ok_texts': 17, 'nd_ok_lean_rej_texts': 0}
END 2026-09-23T23:39:20Z
