START 2026-09-23T23:41:55Z until [ -f ckpts/dsc/stage1_a4_s0.pt ]; do sleep 30; done; python3 coverage_lean.py --ckpt ckpts/dsc/stage1_a4_s0.pt --in data/dsc/targets_depth3_sub250.jsonl --k 2000 --temperature 0.8 --seed 0 --batch 1024 --procs 2 --out artifacts/dsc/cov_a4_s0_d3sub
shard 0/1: 250 theorems, 0 already done; k=2000 T=0.8 batch=1024
targets_depth3_1: n_ok 0/2000 (nd-only 0, parse-fail 41) distinct_ok 0 first_hit None written_hist {} lean 0s (22s; 1 done, 22s/thm, ETA 92 min)
targets_depth3_14: n_ok 522/2000 (nd-only 0, parse-fail 1032) distinct_ok 1 first_hit 8 written_hist {7: 1} lean 4s (15s; 2 done, 18s/thm, ETA 76 min)
targets_depth3_16: n_ok 4/2000 (nd-only 0, parse-fail 1965) distinct_ok 1 first_hit 89 written_hist {7: 1} lean 2s (19s; 3 done, 18s/thm, ETA 76 min)
targets_depth3_22: n_ok 4/2000 (nd-only 0, parse-fail 1803) distinct_ok 3 first_hit 73 written_hist {7: 1, 8: 2} lean 3s (21s; 4 done, 19s/thm, ETA 78 min)
targets_depth3_23: n_ok 0/2000 (nd-only 0, parse-fail 714) distinct_ok 0 first_hit None written_hist {} lean 0s (16s; 5 done, 18s/thm, ETA 76 min)
targets_depth3_27: n_ok 0/2000 (nd-only 0, parse-fail 1800) distinct_ok 0 first_hit None written_hist {} lean 0s (11s; 6 done, 17s/thm, ETA 70 min)
targets_depth3_33: n_ok 46/2000 (nd-only 0, parse-fail 214) distinct_ok 4 first_hit 12 written_hist {7: 4} lean 0s (6s; 7 done, 16s/thm, ETA 64 min)
targets_depth3_37: n_ok 5/2000 (nd-only 0, parse-fail 87) distinct_ok 1 first_hit 807 written_hist {7: 1} lean 0s (6s; 8 done, 14s/thm, ETA 58 min)
targets_depth3_39: n_ok 5/2000 (nd-only 0, parse-fail 320) distinct_ok 1 first_hit 142 written_hist {7: 1} lean 0s (7s; 9 done, 14s/thm, ETA 55 min)
targets_depth3_40: n_ok 0/2000 (nd-only 0, parse-fail 1984) distinct_ok 0 first_hit None written_hist {} lean 0s (6s; 10 done, 13s/thm, ETA 52 min)
targets_depth3_41: n_ok 3/2000 (nd-only 0, parse-fail 219) distinct_ok 1 first_hit 320 written_hist {7: 1} lean 0s (8s; 11 done, 12s/thm, ETA 50 min)
targets_depth3_46: n_ok 10/2000 (nd-only 0, parse-fail 1788) distinct_ok 1 first_hit 10 written_hist {7: 1} lean 0s (10s; 12 done, 12s/thm, ETA 49 min)
targets_depth3_62: n_ok 0/2000 (nd-only 0, parse-fail 924) distinct_ok 0 first_hit None written_hist {} lean 0s (10s; 13 done, 12s/thm, ETA 48 min)
targets_depth3_63: n_ok 8/2000 (nd-only 0, parse-fail 1479) distinct_ok 1 first_hit 336 written_hist {7: 1} lean 0s (8s; 14 done, 12s/thm, ETA 46 min)
targets_depth3_64: n_ok 23/2000 (nd-only 0, parse-fail 1251) distinct_ok 1 first_hit 105 written_hist {7: 1} lean 0s (9s; 15 done, 12s/thm, ETA 45 min)
targets_depth3_70: n_ok 57/2000 (nd-only 0, parse-fail 1899) distinct_ok 1 first_hit 131 written_hist {7: 1} lean 0s (8s; 16 done, 11s/thm, ETA 44 min)
targets_depth3_71: n_ok 0/2000 (nd-only 0, parse-fail 1781) distinct_ok 0 first_hit None written_hist {} lean 0s (8s; 17 done, 11s/thm, ETA 43 min)
targets_depth3_73: n_ok 45/2000 (nd-only 0, parse-fail 1882) distinct_ok 2 first_hit 20 written_hist {7: 1, 8: 1} lean 0s (9s; 18 done, 11s/thm, ETA 43 min)
targets_depth3_75: n_ok 191/2000 (nd-only 0, parse-fail 1655) distinct_ok 1 first_hit 3 written_hist {7: 1} lean 0s (8s; 19 done, 11s/thm, ETA 42 min)
targets_depth3_82: n_ok 17/2000 (nd-only 0, parse-fail 1884) distinct_ok 2 first_hit 95 written_hist {7: 1, 8: 1} lean 0s (9s; 20 done, 11s/thm, ETA 41 min)
targets_depth3_84: n_ok 199/2000 (nd-only 0, parse-fail 462) distinct_ok 1 first_hit 3 written_hist {7: 1} lean 0s (7s; 21 done, 11s/thm, ETA 40 min)
targets_depth3_91: n_ok 3/2000 (nd-only 0, parse-fail 1965) distinct_ok 1 first_hit 346 written_hist {7: 1} lean 0s (9s; 22 done, 10s/thm, ETA 40 min)
targets_depth3_93: n_ok 68/2000 (nd-only 0, parse-fail 237) distinct_ok 1 first_hit 5 written_hist {7: 1} lean 0s (9s; 23 done, 10s/thm, ETA 39 min)
targets_depth3_95: n_ok 23/2000 (nd-only 0, parse-fail 726) distinct_ok 2 first_hit 52 written_hist {7: 1, 8: 1} lean 0s (8s; 24 done, 10s/thm, ETA 39 min)
targets_depth3_97: n_ok 1/2000 (nd-only 0, parse-fail 16) distinct_ok 1 first_hit 412 written_hist {7: 1} lean 0s (7s; 25 done, 10s/thm, ETA 38 min)
targets_depth3_101: n_ok 5/2000 (nd-only 0, parse-fail 1994) distinct_ok 1 first_hit 205 written_hist {7: 1} lean 0s (9s; 26 done, 10s/thm, ETA 38 min)
targets_depth3_103: n_ok 5/2000 (nd-only 0, parse-fail 1815) distinct_ok 1 first_hit 341 written_hist {7: 1} lean 0s (7s; 27 done, 10s/thm, ETA 37 min)
targets_depth3_111: n_ok 1/2000 (nd-only 0, parse-fail 1968) distinct_ok 1 first_hit 1576 written_hist {7: 1} lean 0s (7s; 28 done, 10s/thm, ETA 37 min)
targets_depth3_118: n_ok 143/2000 (nd-only 0, parse-fail 413) distinct_ok 1 first_hit 28 written_hist {7: 1} lean 0s (7s; 29 done, 10s/thm, ETA 36 min)
targets_depth3_119: n_ok 0/2000 (nd-only 0, parse-fail 1995) distinct_ok 0 first_hit None written_hist {} lean 0s (12s; 30 done, 10s/thm, ETA 36 min)
targets_depth3_122: n_ok 99/2000 (nd-only 0, parse-fail 517) distinct_ok 1 first_hit 9 written_hist {7: 1} lean 0s (8s; 31 done, 10s/thm, ETA 36 min)
targets_depth3_126: n_ok 10/2000 (nd-only 0, parse-fail 1989) distinct_ok 1 first_hit 130 written_hist {7: 1} lean 0s (9s; 32 done, 10s/thm, ETA 36 min)
targets_depth3_127: n_ok 42/2000 (nd-only 0, parse-fail 1891) distinct_ok 1 first_hit 22 written_hist {7: 1} lean 0s (9s; 33 done, 10s/thm, ETA 35 min)
targets_depth3_133: n_ok 45/2000 (nd-only 0, parse-fail 1904) distinct_ok 4 first_hit 16 written_hist {7: 4} lean 0s (8s; 34 done, 10s/thm, ETA 35 min)
targets_depth3_142: n_ok 4/2000 (nd-only 0, parse-fail 1919) distinct_ok 1 first_hit 540 written_hist {7: 1} lean 0s (8s; 35 done, 10s/thm, ETA 35 min)
targets_depth3_143: n_ok 20/2000 (nd-only 0, parse-fail 1968) distinct_ok 1 first_hit 89 written_hist {7: 1} lean 0s (10s; 36 done, 10s/thm, ETA 35 min)
targets_depth3_145: n_ok 3/2000 (nd-only 0, parse-fail 1967) distinct_ok 1 first_hit 238 written_hist {7: 1} lean 0s (8s; 37 done, 10s/thm, ETA 34 min)
targets_depth3_149: n_ok 0/2000 (nd-only 0, parse-fail 1994) distinct_ok 0 first_hit None written_hist {} lean 0s (9s; 38 done, 10s/thm, ETA 34 min)
targets_depth3_150: n_ok 43/2000 (nd-only 0, parse-fail 1916) distinct_ok 2 first_hit 7 written_hist {7: 2} lean 0s (10s; 39 done, 10s/thm, ETA 34 min)
targets_depth3_153: n_ok 2/2000 (nd-only 0, parse-fail 1985) distinct_ok 1 first_hit 395 written_hist {7: 1} lean 0s (9s; 40 done, 10s/thm, ETA 34 min)
targets_depth3_174: n_ok 0/2000 (nd-only 0, parse-fail 1982) distinct_ok 0 first_hit None written_hist {} lean 0s (11s; 41 done, 10s/thm, ETA 34 min)
targets_depth3_184: n_ok 2/2000 (nd-only 0, parse-fail 1995) distinct_ok 1 first_hit 212 written_hist {8: 1} lean 0s (11s; 42 done, 10s/thm, ETA 34 min)
targets_depth3_188: n_ok 1/2000 (nd-only 0, parse-fail 35) distinct_ok 1 first_hit 1900 written_hist {8: 1} lean 0s (10s; 43 done, 10s/thm, ETA 34 min)
targets_depth3_189: n_ok 14/2000 (nd-only 0, parse-fail 1916) distinct_ok 1 first_hit 13 written_hist {8: 1} lean 0s (11s; 44 done, 10s/thm, ETA 34 min)
targets_depth3_191: n_ok 12/2000 (nd-only 0, parse-fail 1984) distinct_ok 1 first_hit 133 written_hist {8: 1} lean 0s (9s; 45 done, 10s/thm, ETA 33 min)
targets_depth3_193: n_ok 0/2000 (nd-only 0, parse-fail 1921) distinct_ok 0 first_hit None written_hist {} lean 0s (10s; 46 done, 10s/thm, ETA 33 min)
targets_depth3_194: n_ok 0/2000 (nd-only 0, parse-fail 1826) distinct_ok 0 first_hit None written_hist {} lean 0s (10s; 47 done, 10s/thm, ETA 33 min)
targets_depth3_195: n_ok 10/2000 (nd-only 0, parse-fail 1980) distinct_ok 1 first_hit 344 written_hist {8: 1} lean 0s (9s; 48 done, 10s/thm, ETA 33 min)
targets_depth3_199: n_ok 0/2000 (nd-only 0, parse-fail 2000) distinct_ok 0 first_hit None written_hist {} lean 0s (9s; 49 done, 10s/thm, ETA 33 min)
targets_depth3_204: n_ok 0/2000 (nd-only 0, parse-fail 1956) distinct_ok 0 first_hit None written_hist {} lean 0s (11s; 50 done, 10s/thm, ETA 33 min)
targets_depth3_208: n_ok 10/2000 (nd-only 0, parse-fail 1988) distinct_ok 1 first_hit 170 written_hist {8: 1} lean 1s (18s; 51 done, 10s/thm, ETA 33 min)
targets_depth3_209: n_ok 2/2000 (nd-only 0, parse-fail 1537) distinct_ok 1 first_hit 763 written_hist {8: 1} lean 1s (17s; 52 done, 10s/thm, ETA 33 min)
targets_depth3_215: n_ok 0/2000 (nd-only 0, parse-fail 89) distinct_ok 0 first_hit None written_hist {} lean 0s (18s; 53 done, 10s/thm, ETA 34 min)
targets_depth3_220: n_ok 0/2000 (nd-only 0, parse-fail 58) distinct_ok 0 first_hit None written_hist {} lean 0s (12s; 54 done, 10s/thm, ETA 33 min)
targets_depth3_223: n_ok 0/2000 (nd-only 0, parse-fail 1994) distinct_ok 0 first_hit None written_hist {} lean 0s (12s; 55 done, 10s/thm, ETA 33 min)
targets_depth3_224: n_ok 1/2000 (nd-only 0, parse-fail 1893) distinct_ok 1 first_hit 344 written_hist {8: 1} lean 0s (12s; 56 done, 10s/thm, ETA 33 min)
targets_depth3_225: n_ok 7/2000 (nd-only 0, parse-fail 1993) distinct_ok 1 first_hit 203 written_hist {8: 1} lean 0s (11s; 57 done, 10s/thm, ETA 33 min)
targets_depth3_226: n_ok 0/2000 (nd-only 0, parse-fail 1991) distinct_ok 0 first_hit None written_hist {} lean 0s (11s; 58 done, 10s/thm, ETA 33 min)
targets_depth3_227: n_ok 0/2000 (nd-only 0, parse-fail 1552) distinct_ok 0 first_hit None written_hist {} lean 0s (8s; 59 done, 10s/thm, ETA 33 min)
targets_depth3_241: n_ok 0/2000 (nd-only 0, parse-fail 1998) distinct_ok 0 first_hit None written_hist {} lean 0s (11s; 60 done, 10s/thm, ETA 33 min)
targets_depth3_244: n_ok 38/2000 (nd-only 0, parse-fail 339) distinct_ok 1 first_hit 5 written_hist {8: 1} lean 0s (12s; 61 done, 10s/thm, ETA 33 min)
targets_depth3_247: n_ok 0/2000 (nd-only 0, parse-fail 82) distinct_ok 0 first_hit None written_hist {} lean 0s (16s; 62 done, 10s/thm, ETA 33 min)
targets_depth3_248: n_ok 0/2000 (nd-only 0, parse-fail 1270) distinct_ok 0 first_hit None written_hist {} lean 0s (17s; 63 done, 11s/thm, ETA 33 min)
targets_depth3_249: n_ok 0/2000 (nd-only 0, parse-fail 159) distinct_ok 0 first_hit None written_hist {} lean 0s (12s; 64 done, 11s/thm, ETA 33 min)
targets_depth3_256: n_ok 0/2000 (nd-only 0, parse-fail 7) distinct_ok 0 first_hit None written_hist {} lean 0s (12s; 65 done, 11s/thm, ETA 33 min)
targets_depth3_265: n_ok 0/2000 (nd-only 0, parse-fail 1460) distinct_ok 0 first_hit None written_hist {} lean 0s (11s; 66 done, 11s/thm, ETA 32 min)
targets_depth3_266: n_ok 16/2000 (nd-only 0, parse-fail 1537) distinct_ok 1 first_hit 440 written_hist {8: 1} lean 0s (10s; 67 done, 11s/thm, ETA 32 min)
targets_depth3_277: n_ok 1/2000 (nd-only 0, parse-fail 431) distinct_ok 1 first_hit 423 written_hist {8: 1} lean 0s (7s; 68 done, 11s/thm, ETA 32 min)
targets_depth3_281: n_ok 111/2000 (nd-only 0, parse-fail 74) distinct_ok 1 first_hit 12 written_hist {8: 1} lean 0s (7s; 69 done, 10s/thm, ETA 32 min)
targets_depth3_282: n_ok 68/2000 (nd-only 0, parse-fail 1914) distinct_ok 1 first_hit 24 written_hist {8: 1} lean 0s (9s; 70 done, 10s/thm, ETA 31 min)
targets_depth3_288: n_ok 78/2000 (nd-only 0, parse-fail 1915) distinct_ok 1 first_hit 18 written_hist {8: 1} lean 0s (7s; 71 done, 10s/thm, ETA 31 min)
targets_depth3_294: n_ok 0/2000 (nd-only 0, parse-fail 5) distinct_ok 0 first_hit None written_hist {} lean 0s (7s; 72 done, 10s/thm, ETA 31 min)
targets_depth3_297: n_ok 10/2000 (nd-only 0, parse-fail 199) distinct_ok 1 first_hit 170 written_hist {8: 1} lean 0s (7s; 73 done, 10s/thm, ETA 30 min)
targets_depth3_298: n_ok 17/2000 (nd-only 0, parse-fail 1656) distinct_ok 1 first_hit 119 written_hist {8: 1} lean 0s (9s; 74 done, 10s/thm, ETA 30 min)
targets_depth3_308: n_ok 0/2000 (nd-only 0, parse-fail 1956) distinct_ok 0 first_hit None written_hist {} lean 0s (11s; 75 done, 10s/thm, ETA 30 min)
targets_depth3_310: n_ok 0/2000 (nd-only 0, parse-fail 1971) distinct_ok 0 first_hit None written_hist {} lean 0s (9s; 76 done, 10s/thm, ETA 30 min)
targets_depth3_317: n_ok 0/2000 (nd-only 0, parse-fail 2000) distinct_ok 0 first_hit None written_hist {} lean 0s (13s; 77 done, 10s/thm, ETA 30 min)
targets_depth3_323: n_ok 58/2000 (nd-only 0, parse-fail 1913) distinct_ok 1 first_hit 138 written_hist {8: 1} lean 0s (11s; 78 done, 10s/thm, ETA 30 min)
targets_depth3_324: n_ok 0/2000 (nd-only 0, parse-fail 49) distinct_ok 0 first_hit None written_hist {} lean 0s (9s; 79 done, 10s/thm, ETA 29 min)
targets_depth3_327: n_ok 15/2000 (nd-only 0, parse-fail 7) distinct_ok 1 first_hit 135 written_hist {8: 1} lean 0s (8s; 80 done, 10s/thm, ETA 29 min)
targets_depth3_332: n_ok 0/2000 (nd-only 0, parse-fail 530) distinct_ok 0 first_hit None written_hist {} lean 0s (11s; 81 done, 10s/thm, ETA 29 min)
targets_depth3_333: n_ok 0/2000 (nd-only 0, parse-fail 1972) distinct_ok 0 first_hit None written_hist {} lean 0s (10s; 82 done, 10s/thm, ETA 29 min)
targets_depth3_338: n_ok 52/2000 (nd-only 0, parse-fail 1855) distinct_ok 1 first_hit 51 written_hist {9: 1} lean 0s (11s; 83 done, 10s/thm, ETA 29 min)
targets_depth3_340: n_ok 0/2000 (nd-only 0, parse-fail 1951) distinct_ok 0 first_hit None written_hist {} lean 0s (8s; 84 done, 10s/thm, ETA 28 min)
targets_depth3_341: n_ok 0/2000 (nd-only 0, parse-fail 1853) distinct_ok 0 first_hit None written_hist {} lean 0s (11s; 85 done, 10s/thm, ETA 28 min)
targets_depth3_343: n_ok 0/2000 (nd-only 0, parse-fail 1009) distinct_ok 0 first_hit None written_hist {} lean 0s (10s; 86 done, 10s/thm, ETA 28 min)
targets_depth3_358: n_ok 0/2000 (nd-only 0, parse-fail 1903) distinct_ok 0 first_hit None written_hist {} lean 0s (13s; 87 done, 10s/thm, ETA 28 min)
targets_depth3_362: n_ok 80/2000 (nd-only 0, parse-fail 1270) distinct_ok 2 first_hit 11 written_hist {9: 2} lean 0s (9s; 88 done, 10s/thm, ETA 28 min)
targets_depth3_365: n_ok 0/2000 (nd-only 0, parse-fail 212) distinct_ok 0 first_hit None written_hist {} lean 0s (9s; 89 done, 10s/thm, ETA 28 min)
targets_depth3_366: n_ok 0/2000 (nd-only 0, parse-fail 17) distinct_ok 0 first_hit None written_hist {} lean 0s (8s; 90 done, 10s/thm, ETA 27 min)
targets_depth3_367: n_ok 0/2000 (nd-only 0, parse-fail 1725) distinct_ok 0 first_hit None written_hist {} lean 0s (12s; 91 done, 10s/thm, ETA 27 min)
targets_depth3_379: n_ok 0/2000 (nd-only 0, parse-fail 897) distinct_ok 0 first_hit None written_hist {} lean 0s (20s; 92 done, 10s/thm, ETA 27 min)
targets_depth3_380: n_ok 0/2000 (nd-only 0, parse-fail 667) distinct_ok 0 first_hit None written_hist {} lean 0s (18s; 93 done, 10s/thm, ETA 27 min)
targets_depth3_394: n_ok 0/2000 (nd-only 0, parse-fail 95) distinct_ok 0 first_hit None written_hist {} lean 0s (12s; 94 done, 10s/thm, ETA 27 min)
targets_depth3_400: n_ok 0/2000 (nd-only 0, parse-fail 1948) distinct_ok 0 first_hit None written_hist {} lean 0s (13s; 95 done, 10s/thm, ETA 27 min)
targets_depth3_408: n_ok 0/2000 (nd-only 0, parse-fail 1993) distinct_ok 0 first_hit None written_hist {} lean 0s (16s; 96 done, 11s/thm, ETA 27 min)
targets_depth3_414: n_ok 0/2000 (nd-only 0, parse-fail 1832) distinct_ok 0 first_hit None written_hist {} lean 0s (6s; 97 done, 10s/thm, ETA 27 min)
targets_depth3_429: n_ok 0/2000 (nd-only 0, parse-fail 1995) distinct_ok 0 first_hit None written_hist {} lean 0s (8s; 98 done, 10s/thm, ETA 27 min)
targets_depth3_430: n_ok 0/2000 (nd-only 0, parse-fail 1686) distinct_ok 0 first_hit None written_hist {} lean 0s (7s; 99 done, 10s/thm, ETA 26 min)
targets_depth3_435: n_ok 0/2000 (nd-only 0, parse-fail 900) distinct_ok 0 first_hit None written_hist {} lean 0s (7s; 100 done, 10s/thm, ETA 26 min)
targets_depth3_436: n_ok 9/2000 (nd-only 0, parse-fail 1958) distinct_ok 1 first_hit 427 written_hist {8: 1} lean 0s (8s; 101 done, 10s/thm, ETA 26 min)
targets_depth3_444: n_ok 0/2000 (nd-only 0, parse-fail 1983) distinct_ok 0 first_hit None written_hist {} lean 0s (10s; 102 done, 10s/thm, ETA 26 min)
targets_depth3_446: n_ok 0/2000 (nd-only 0, parse-fail 1871) distinct_ok 0 first_hit None written_hist {} lean 0s (8s; 103 done, 10s/thm, ETA 25 min)
targets_depth3_453: n_ok 0/2000 (nd-only 0, parse-fail 1982) distinct_ok 0 first_hit None written_hist {} lean 0s (8s; 104 done, 10s/thm, ETA 25 min)
targets_depth3_455: n_ok 0/2000 (nd-only 0, parse-fail 1963) distinct_ok 0 first_hit None written_hist {} lean 0s (11s; 105 done, 10s/thm, ETA 25 min)
targets_depth3_458: n_ok 0/2000 (nd-only 0, parse-fail 1968) distinct_ok 0 first_hit None written_hist {} lean 0s (8s; 106 done, 10s/thm, ETA 25 min)
targets_depth3_461: n_ok 0/2000 (nd-only 0, parse-fail 1912) distinct_ok 0 first_hit None written_hist {} lean 0s (13s; 107 done, 10s/thm, ETA 25 min)
targets_depth3_478: n_ok 0/2000 (nd-only 0, parse-fail 1997) distinct_ok 0 first_hit None written_hist {} lean 0s (11s; 108 done, 10s/thm, ETA 24 min)
targets_depth3_483: n_ok 0/2000 (nd-only 0, parse-fail 1823) distinct_ok 0 first_hit None written_hist {} lean 0s (8s; 109 done, 10s/thm, ETA 24 min)
targets_depth3_487: n_ok 449/2000 (nd-only 0, parse-fail 1054) distinct_ok 2 first_hit 13 written_hist {7: 1, 9: 1} lean 0s (9s; 110 done, 10s/thm, ETA 24 min)
targets_depth3_488: n_ok 1/2000 (nd-only 0, parse-fail 1101) distinct_ok 1 first_hit 702 written_hist {9: 1} lean 0s (9s; 111 done, 10s/thm, ETA 24 min)
targets_depth3_490: n_ok 16/2000 (nd-only 0, parse-fail 189) distinct_ok 1 first_hit 211 written_hist {7: 1} lean 0s (12s; 112 done, 10s/thm, ETA 24 min)
targets_depth3_497: n_ok 0/2000 (nd-only 0, parse-fail 1718) distinct_ok 0 first_hit None written_hist {} lean 0s (7s; 113 done, 10s/thm, ETA 23 min)
targets_depth3_498: n_ok 0/2000 (nd-only 0, parse-fail 1426) distinct_ok 0 first_hit None written_hist {} lean 0s (10s; 114 done, 10s/thm, ETA 23 min)
targets_depth3_501: n_ok 0/2000 (nd-only 0, parse-fail 1972) distinct_ok 0 first_hit None written_hist {} lean 0s (16s; 115 done, 10s/thm, ETA 23 min)
targets_depth3_504: n_ok 0/2000 (nd-only 0, parse-fail 1120) distinct_ok 0 first_hit None written_hist {} lean 0s (8s; 116 done, 10s/thm, ETA 23 min)
targets_depth3_505: n_ok 0/2000 (nd-only 0, parse-fail 193) distinct_ok 0 first_hit None written_hist {} lean 0s (9s; 117 done, 10s/thm, ETA 23 min)
targets_depth3_515: n_ok 0/2000 (nd-only 0, parse-fail 1666) distinct_ok 0 first_hit None written_hist {} lean 0s (10s; 118 done, 10s/thm, ETA 23 min)
targets_depth3_516: n_ok 0/2000 (nd-only 0, parse-fail 109) distinct_ok 0 first_hit None written_hist {} lean 0s (8s; 119 done, 10s/thm, ETA 22 min)
targets_depth3_520: n_ok 12/2000 (nd-only 0, parse-fail 757) distinct_ok 2 first_hit 25 written_hist {9: 1, 10: 1} lean 0s (10s; 120 done, 10s/thm, ETA 22 min)
targets_depth3_523: n_ok 0/2000 (nd-only 0, parse-fail 1953) distinct_ok 0 first_hit None written_hist {} lean 0s (11s; 121 done, 10s/thm, ETA 22 min)
targets_depth3_533: n_ok 0/2000 (nd-only 0, parse-fail 90) distinct_ok 0 first_hit None written_hist {} lean 0s (7s; 122 done, 10s/thm, ETA 22 min)
targets_depth3_534: n_ok 0/2000 (nd-only 0, parse-fail 1949) distinct_ok 0 first_hit None written_hist {} lean 0s (12s; 123 done, 10s/thm, ETA 22 min)
targets_depth3_537: n_ok 0/2000 (nd-only 0, parse-fail 1943) distinct_ok 0 first_hit None written_hist {} lean 0s (11s; 124 done, 10s/thm, ETA 22 min)
targets_depth3_545: n_ok 0/2000 (nd-only 0, parse-fail 45) distinct_ok 0 first_hit None written_hist {} lean 0s (7s; 125 done, 10s/thm, ETA 21 min)
targets_depth3_547: n_ok 0/2000 (nd-only 0, parse-fail 1999) distinct_ok 0 first_hit None written_hist {} lean 0s (9s; 126 done, 10s/thm, ETA 21 min)
targets_depth3_553: n_ok 62/2000 (nd-only 0, parse-fail 213) distinct_ok 2 first_hit 31 written_hist {7: 2} lean 0s (8s; 127 done, 10s/thm, ETA 21 min)
targets_depth3_556: n_ok 73/2000 (nd-only 0, parse-fail 1803) distinct_ok 1 first_hit 16 written_hist {7: 1} lean 0s (7s; 128 done, 10s/thm, ETA 21 min)
targets_depth3_557: n_ok 0/2000 (nd-only 0, parse-fail 1662) distinct_ok 0 first_hit None written_hist {} lean 0s (9s; 129 done, 10s/thm, ETA 21 min)
targets_depth3_560: n_ok 358/2000 (nd-only 0, parse-fail 142) distinct_ok 1 first_hit 3 written_hist {7: 1} lean 0s (8s; 130 done, 10s/thm, ETA 20 min)
targets_depth3_561: n_ok 0/2000 (nd-only 0, parse-fail 101) distinct_ok 0 first_hit None written_hist {} lean 0s (9s; 131 done, 10s/thm, ETA 20 min)
targets_depth3_564: n_ok 0/2000 (nd-only 0, parse-fail 36) distinct_ok 0 first_hit None written_hist {} lean 0s (8s; 132 done, 10s/thm, ETA 20 min)
targets_depth3_565: n_ok 1/2000 (nd-only 0, parse-fail 1425) distinct_ok 1 first_hit 1838 written_hist {10: 1} lean 0s (11s; 133 done, 10s/thm, ETA 20 min)
targets_depth3_573: n_ok 72/2000 (nd-only 0, parse-fail 139) distinct_ok 1 first_hit 21 written_hist {7: 1} lean 0s (7s; 134 done, 10s/thm, ETA 20 min)
targets_depth3_581: n_ok 14/2000 (nd-only 0, parse-fail 182) distinct_ok 1 first_hit 61 written_hist {7: 1} lean 0s (10s; 135 done, 10s/thm, ETA 19 min)
targets_depth3_587: n_ok 0/2000 (nd-only 0, parse-fail 19) distinct_ok 0 first_hit None written_hist {} lean 0s (13s; 136 done, 10s/thm, ETA 19 min)
targets_depth3_589: n_ok 0/2000 (nd-only 0, parse-fail 80) distinct_ok 0 first_hit None written_hist {} lean 0s (9s; 137 done, 10s/thm, ETA 19 min)
targets_depth3_593: n_ok 2/2000 (nd-only 0, parse-fail 1507) distinct_ok 1 first_hit 622 written_hist {7: 1} lean 2s (18s; 138 done, 10s/thm, ETA 19 min)
targets_depth3_597: n_ok 0/2000 (nd-only 0, parse-fail 1869) distinct_ok 0 first_hit None written_hist {} lean 0s (16s; 139 done, 10s/thm, ETA 19 min)
targets_depth3_601: n_ok 0/2000 (nd-only 0, parse-fail 373) distinct_ok 0 first_hit None written_hist {} lean 0s (13s; 140 done, 10s/thm, ETA 19 min)
targets_depth3_603: n_ok 1177/2000 (nd-only 0, parse-fail 145) distinct_ok 1 first_hit 1 written_hist {7: 1} lean 0s (5s; 141 done, 10s/thm, ETA 19 min)
targets_depth3_610: n_ok 0/2000 (nd-only 0, parse-fail 1891) distinct_ok 0 first_hit None written_hist {} lean 0s (8s; 142 done, 10s/thm, ETA 18 min)
targets_depth3_616: n_ok 0/2000 (nd-only 0, parse-fail 13) distinct_ok 0 first_hit None written_hist {} lean 0s (8s; 143 done, 10s/thm, ETA 18 min)
targets_depth3_617: n_ok 484/2000 (nd-only 0, parse-fail 142) distinct_ok 1 first_hit 2 written_hist {7: 1} lean 0s (10s; 144 done, 10s/thm, ETA 18 min)
targets_depth3_620: n_ok 152/2000 (nd-only 0, parse-fail 446) distinct_ok 1 first_hit 6 written_hist {7: 1} lean 0s (10s; 145 done, 10s/thm, ETA 18 min)
targets_depth3_625: n_ok 0/2000 (nd-only 0, parse-fail 1898) distinct_ok 0 first_hit None written_hist {} lean 0s (10s; 146 done, 10s/thm, ETA 18 min)
targets_depth3_626: n_ok 0/2000 (nd-only 0, parse-fail 49) distinct_ok 0 first_hit None written_hist {} lean 0s (8s; 147 done, 10s/thm, ETA 17 min)
targets_depth3_627: n_ok 0/2000 (nd-only 0, parse-fail 105) distinct_ok 0 first_hit None written_hist {} lean 0s (11s; 148 done, 10s/thm, ETA 17 min)
targets_depth3_633: n_ok 0/2000 (nd-only 0, parse-fail 1999) distinct_ok 0 first_hit None written_hist {} lean 0s (13s; 149 done, 10s/thm, ETA 17 min)
targets_depth3_635: n_ok 313/2000 (nd-only 0, parse-fail 1641) distinct_ok 2 first_hit 4 written_hist {7: 2} lean 1s (12s; 150 done, 10s/thm, ETA 17 min)
targets_depth3_640: n_ok 0/2000 (nd-only 0, parse-fail 1905) distinct_ok 0 first_hit None written_hist {} lean 0s (12s; 151 done, 10s/thm, ETA 17 min)
targets_depth3_645: n_ok 0/2000 (nd-only 0, parse-fail 703) distinct_ok 0 first_hit None written_hist {} lean 0s (10s; 152 done, 10s/thm, ETA 17 min)
targets_depth3_649: n_ok 686/2000 (nd-only 0, parse-fail 143) distinct_ok 1 first_hit 5 written_hist {7: 1} lean 1s (11s; 153 done, 10s/thm, ETA 17 min)
targets_depth3_650: n_ok 0/2000 (nd-only 0, parse-fail 1814) distinct_ok 0 first_hit None written_hist {} lean 0s (14s; 154 done, 10s/thm, ETA 16 min)
targets_depth3_655: n_ok 0/2000 (nd-only 0, parse-fail 659) distinct_ok 0 first_hit None written_hist {} lean 0s (13s; 155 done, 10s/thm, ETA 16 min)
targets_depth3_656: n_ok 0/2000 (nd-only 0, parse-fail 1991) distinct_ok 0 first_hit None written_hist {} lean 0s (13s; 156 done, 10s/thm, ETA 16 min)
targets_depth3_662: n_ok 0/2000 (nd-only 0, parse-fail 1899) distinct_ok 0 first_hit None written_hist {} lean 0s (8s; 157 done, 10s/thm, ETA 16 min)
targets_depth3_672: n_ok 120/2000 (nd-only 0, parse-fail 145) distinct_ok 1 first_hit 56 written_hist {7: 1} lean 0s (6s; 158 done, 10s/thm, ETA 16 min)
targets_depth3_676: n_ok 0/2000 (nd-only 0, parse-fail 1812) distinct_ok 0 first_hit None written_hist {} lean 0s (10s; 159 done, 10s/thm, ETA 16 min)
targets_depth3_684: n_ok 1296/2000 (nd-only 0, parse-fail 587) distinct_ok 2 first_hit 3 written_hist {7: 1, 8: 1} lean 1s (14s; 160 done, 10s/thm, ETA 15 min)
targets_depth3_695: n_ok 1/2000 (nd-only 0, parse-fail 84) distinct_ok 1 first_hit 991 written_hist {7: 1} lean 0s (8s; 161 done, 10s/thm, ETA 15 min)
targets_depth3_696: n_ok 1754/2000 (nd-only 0, parse-fail 185) distinct_ok 1 first_hit 1 written_hist {7: 1} lean 0s (9s; 162 done, 10s/thm, ETA 15 min)
targets_depth3_699: n_ok 631/2000 (nd-only 0, parse-fail 118) distinct_ok 1 first_hit 1 written_hist {7: 1} lean 0s (8s; 163 done, 10s/thm, ETA 15 min)
targets_depth3_700: n_ok 0/2000 (nd-only 0, parse-fail 14) distinct_ok 0 first_hit None written_hist {} lean 0s (6s; 164 done, 10s/thm, ETA 15 min)
targets_depth3_714: n_ok 0/2000 (nd-only 0, parse-fail 27) distinct_ok 0 first_hit None written_hist {} lean 0s (6s; 165 done, 10s/thm, ETA 14 min)
targets_depth3_716: n_ok 1486/2000 (nd-only 0, parse-fail 129) distinct_ok 1 first_hit 1 written_hist {7: 1} lean 0s (8s; 166 done, 10s/thm, ETA 14 min)
targets_depth3_717: n_ok 2/2000 (nd-only 0, parse-fail 321) distinct_ok 1 first_hit 1086 written_hist {8: 1} lean 0s (6s; 167 done, 10s/thm, ETA 14 min)
targets_depth3_720: n_ok 0/2000 (nd-only 0, parse-fail 0) distinct_ok 0 first_hit None written_hist {} lean 0s (7s; 168 done, 10s/thm, ETA 14 min)
targets_depth3_722: n_ok 1638/2000 (nd-only 0, parse-fail 123) distinct_ok 1 first_hit 2 written_hist {7: 1} lean 0s (9s; 169 done, 10s/thm, ETA 14 min)
targets_depth3_723: n_ok 0/2000 (nd-only 0, parse-fail 8) distinct_ok 0 first_hit None written_hist {} lean 0s (8s; 170 done, 10s/thm, ETA 13 min)
targets_depth3_727: n_ok 0/2000 (nd-only 0, parse-fail 1512) distinct_ok 0 first_hit None written_hist {} lean 0s (10s; 171 done, 10s/thm, ETA 13 min)
targets_depth3_735: n_ok 39/2000 (nd-only 0, parse-fail 113) distinct_ok 9 first_hit 34 written_hist {7: 9} lean 0s (10s; 172 done, 10s/thm, ETA 13 min)
targets_depth3_736: n_ok 131/2000 (nd-only 0, parse-fail 78) distinct_ok 1 first_hit 25 written_hist {7: 1} lean 0s (9s; 173 done, 10s/thm, ETA 13 min)
targets_depth3_744: n_ok 0/2000 (nd-only 0, parse-fail 101) distinct_ok 0 first_hit None written_hist {} lean 0s (6s; 174 done, 10s/thm, ETA 13 min)
targets_depth3_747: n_ok 0/2000 (nd-only 0, parse-fail 221) distinct_ok 0 first_hit None written_hist {} lean 0s (8s; 175 done, 10s/thm, ETA 13 min)
targets_depth3_749: n_ok 0/2000 (nd-only 0, parse-fail 18) distinct_ok 0 first_hit None written_hist {} lean 0s (9s; 176 done, 10s/thm, ETA 12 min)
targets_depth3_770: n_ok 1848/2000 (nd-only 0, parse-fail 81) distinct_ok 2 first_hit 1 written_hist {7: 1, 8: 1} lean 0s (7s; 177 done, 10s/thm, ETA 12 min)
targets_depth3_771: n_ok 0/2000 (nd-only 0, parse-fail 1870) distinct_ok 0 first_hit None written_hist {} lean 0s (9s; 178 done, 10s/thm, ETA 12 min)
targets_depth3_773: n_ok 0/2000 (nd-only 0, parse-fail 1722) distinct_ok 0 first_hit None written_hist {} lean 0s (9s; 179 done, 10s/thm, ETA 12 min)
targets_depth3_775: n_ok 9/2000 (nd-only 0, parse-fail 10) distinct_ok 1 first_hit 34 written_hist {7: 1} lean 0s (9s; 180 done, 10s/thm, ETA 12 min)
targets_depth3_776: n_ok 0/2000 (nd-only 0, parse-fail 16) distinct_ok 0 first_hit None written_hist {} lean 0s (9s; 181 done, 10s/thm, ETA 12 min)
targets_depth3_777: n_ok 0/2000 (nd-only 0, parse-fail 48) distinct_ok 0 first_hit None written_hist {} lean 0s (6s; 182 done, 10s/thm, ETA 11 min)
targets_depth3_791: n_ok 0/2000 (nd-only 0, parse-fail 854) distinct_ok 0 first_hit None written_hist {} lean 0s (10s; 183 done, 10s/thm, ETA 11 min)
targets_depth3_794: n_ok 0/2000 (nd-only 0, parse-fail 75) distinct_ok 0 first_hit None written_hist {} lean 0s (7s; 184 done, 10s/thm, ETA 11 min)
targets_depth3_801: n_ok 0/2000 (nd-only 0, parse-fail 2000) distinct_ok 0 first_hit None written_hist {} lean 0s (11s; 185 done, 10s/thm, ETA 11 min)
targets_depth3_802: n_ok 99/2000 (nd-only 0, parse-fail 326) distinct_ok 2 first_hit 35 written_hist {8: 2} lean 0s (9s; 186 done, 10s/thm, ETA 11 min)
targets_depth3_803: n_ok 0/2000 (nd-only 0, parse-fail 14) distinct_ok 0 first_hit None written_hist {} lean 0s (6s; 187 done, 10s/thm, ETA 10 min)
targets_depth3_810: n_ok 1830/2000 (nd-only 0, parse-fail 115) distinct_ok 1 first_hit 1 written_hist {7: 1} lean 0s (9s; 188 done, 10s/thm, ETA 10 min)
targets_depth3_812: n_ok 1260/2000 (nd-only 0, parse-fail 92) distinct_ok 1 first_hit 1 written_hist {7: 1} lean 0s (8s; 189 done, 10s/thm, ETA 10 min)
targets_depth3_813: n_ok 0/2000 (nd-only 0, parse-fail 76) distinct_ok 0 first_hit None written_hist {} lean 0s (9s; 190 done, 10s/thm, ETA 10 min)
targets_depth3_817: n_ok 0/2000 (nd-only 0, parse-fail 362) distinct_ok 0 first_hit None written_hist {} lean 0s (8s; 191 done, 10s/thm, ETA 10 min)
targets_depth3_818: n_ok 0/2000 (nd-only 0, parse-fail 133) distinct_ok 0 first_hit None written_hist {} lean 0s (8s; 192 done, 10s/thm, ETA 10 min)
targets_depth3_821: n_ok 0/2000 (nd-only 0, parse-fail 279) distinct_ok 0 first_hit None written_hist {} lean 0s (7s; 193 done, 10s/thm, ETA 9 min)
targets_depth3_822: n_ok 0/2000 (nd-only 0, parse-fail 1576) distinct_ok 0 first_hit None written_hist {} lean 0s (8s; 194 done, 10s/thm, ETA 9 min)
targets_depth3_824: n_ok 0/2000 (nd-only 0, parse-fail 79) distinct_ok 0 first_hit None written_hist {} lean 0s (10s; 195 done, 10s/thm, ETA 9 min)
targets_depth3_829: n_ok 1820/2000 (nd-only 0, parse-fail 48) distinct_ok 1 first_hit 1 written_hist {7: 1} lean 0s (8s; 196 done, 10s/thm, ETA 9 min)
targets_depth3_831: n_ok 0/2000 (nd-only 0, parse-fail 19) distinct_ok 0 first_hit None written_hist {} lean 0s (10s; 197 done, 10s/thm, ETA 9 min)
targets_depth3_834: n_ok 25/2000 (nd-only 0, parse-fail 154) distinct_ok 1 first_hit 100 written_hist {8: 1} lean 0s (11s; 198 done, 10s/thm, ETA 9 min)
targets_depth3_841: n_ok 0/2000 (nd-only 0, parse-fail 147) distinct_ok 0 first_hit None written_hist {} lean 0s (9s; 199 done, 10s/thm, ETA 8 min)
targets_depth3_844: n_ok 1576/2000 (nd-only 0, parse-fail 38) distinct_ok 1 first_hit 2 written_hist {7: 1} lean 1s (14s; 200 done, 10s/thm, ETA 8 min)
targets_depth3_847: n_ok 0/2000 (nd-only 0, parse-fail 102) distinct_ok 0 first_hit None written_hist {} lean 0s (12s; 201 done, 10s/thm, ETA 8 min)
targets_depth3_849: n_ok 0/2000 (nd-only 0, parse-fail 179) distinct_ok 0 first_hit None written_hist {} lean 0s (18s; 202 done, 10s/thm, ETA 8 min)
targets_depth3_851: n_ok 1107/2000 (nd-only 0, parse-fail 88) distinct_ok 2 first_hit 1 written_hist {7: 1, 8: 1} lean 2s (18s; 203 done, 10s/thm, ETA 8 min)
targets_depth3_852: n_ok 0/2000 (nd-only 0, parse-fail 118) distinct_ok 0 first_hit None written_hist {} lean 0s (9s; 204 done, 10s/thm, ETA 8 min)
targets_depth3_856: n_ok 0/2000 (nd-only 0, parse-fail 26) distinct_ok 0 first_hit None written_hist {} lean 0s (12s; 205 done, 10s/thm, ETA 7 min)
targets_depth3_860: n_ok 1938/2000 (nd-only 0, parse-fail 61) distinct_ok 1 first_hit 1 written_hist {7: 1} lean 1s (9s; 206 done, 10s/thm, ETA 7 min)
targets_depth3_862: n_ok 0/2000 (nd-only 0, parse-fail 29) distinct_ok 0 first_hit None written_hist {} lean 0s (6s; 207 done, 10s/thm, ETA 7 min)
targets_depth3_864: n_ok 0/2000 (nd-only 0, parse-fail 126) distinct_ok 0 first_hit None written_hist {} lean 0s (10s; 208 done, 10s/thm, ETA 7 min)
targets_depth3_866: n_ok 1/2000 (nd-only 0, parse-fail 77) distinct_ok 1 first_hit 740 written_hist {7: 1} lean 0s (9s; 209 done, 10s/thm, ETA 7 min)
targets_depth3_868: n_ok 1970/2000 (nd-only 0, parse-fail 30) distinct_ok 1 first_hit 1 written_hist {7: 1} lean 1s (10s; 210 done, 10s/thm, ETA 7 min)
targets_depth3_870: n_ok 0/2000 (nd-only 0, parse-fail 85) distinct_ok 0 first_hit None written_hist {} lean 0s (7s; 211 done, 10s/thm, ETA 6 min)
targets_depth3_872: n_ok 1890/2000 (nd-only 0, parse-fail 103) distinct_ok 1 first_hit 1 written_hist {7: 1} lean 0s (5s; 212 done, 10s/thm, ETA 6 min)
targets_depth3_876: n_ok 0/2000 (nd-only 0, parse-fail 125) distinct_ok 0 first_hit None written_hist {} lean 0s (4s; 213 done, 10s/thm, ETA 6 min)
targets_depth3_880: n_ok 342/2000 (nd-only 0, parse-fail 313) distinct_ok 1 first_hit 3 written_hist {7: 1} lean 0s (6s; 214 done, 10s/thm, ETA 6 min)
targets_depth3_881: n_ok 1415/2000 (nd-only 0, parse-fail 88) distinct_ok 1 first_hit 2 written_hist {7: 1} lean 1s (15s; 215 done, 10s/thm, ETA 6 min)
targets_depth3_884: n_ok 1760/2000 (nd-only 0, parse-fail 17) distinct_ok 1 first_hit 1 written_hist {7: 1} lean 1s (13s; 216 done, 10s/thm, ETA 6 min)
targets_depth3_886: n_ok 486/2000 (nd-only 0, parse-fail 166) distinct_ok 2 first_hit 3 written_hist {8: 2} lean 1s (13s; 217 done, 10s/thm, ETA 5 min)
targets_depth3_888: n_ok 129/2000 (nd-only 0, parse-fail 134) distinct_ok 4 first_hit 10 written_hist {7: 2, 8: 2} lean 0s (10s; 218 done, 10s/thm, ETA 5 min)
targets_depth3_889: n_ok 0/2000 (nd-only 0, parse-fail 1644) distinct_ok 0 first_hit None written_hist {} lean 0s (9s; 219 done, 10s/thm, ETA 5 min)
targets_depth3_891: n_ok 0/2000 (nd-only 0, parse-fail 1033) distinct_ok 0 first_hit None written_hist {} lean 0s (8s; 220 done, 10s/thm, ETA 5 min)
targets_depth3_892: n_ok 1889/2000 (nd-only 0, parse-fail 62) distinct_ok 3 first_hit 1 written_hist {7: 2, 8: 1} lean 1s (7s; 221 done, 10s/thm, ETA 5 min)
targets_depth3_893: n_ok 0/2000 (nd-only 0, parse-fail 702) distinct_ok 0 first_hit None written_hist {} lean 0s (5s; 222 done, 10s/thm, ETA 5 min)
targets_depth3_896: n_ok 0/2000 (nd-only 0, parse-fail 40) distinct_ok 0 first_hit None written_hist {} lean 0s (9s; 223 done, 10s/thm, ETA 4 min)
targets_depth3_897: n_ok 31/2000 (nd-only 0, parse-fail 220) distinct_ok 1 first_hit 72 written_hist {7: 1} lean 0s (7s; 224 done, 10s/thm, ETA 4 min)
targets_depth3_903: n_ok 1886/2000 (nd-only 0, parse-fail 68) distinct_ok 1 first_hit 1 written_hist {7: 1} lean 0s (9s; 225 done, 10s/thm, ETA 4 min)
targets_depth3_904: n_ok 0/2000 (nd-only 0, parse-fail 50) distinct_ok 0 first_hit None written_hist {} lean 0s (7s; 226 done, 10s/thm, ETA 4 min)
targets_depth3_909: n_ok 0/2000 (nd-only 0, parse-fail 30) distinct_ok 0 first_hit None written_hist {} lean 0s (5s; 227 done, 10s/thm, ETA 4 min)
targets_depth3_911: n_ok 1854/2000 (nd-only 0, parse-fail 127) distinct_ok 3 first_hit 2 written_hist {7: 2, 8: 1} lean 1s (7s; 228 done, 10s/thm, ETA 4 min)
targets_depth3_913: n_ok 1968/2000 (nd-only 0, parse-fail 32) distinct_ok 1 first_hit 1 written_hist {7: 1} lean 3s (13s; 229 done, 10s/thm, ETA 3 min)
targets_depth3_915: n_ok 0/2000 (nd-only 0, parse-fail 60) distinct_ok 0 first_hit None written_hist {} lean 0s (8s; 230 done, 10s/thm, ETA 3 min)
targets_depth3_920: n_ok 0/2000 (nd-only 0, parse-fail 136) distinct_ok 0 first_hit None written_hist {} lean 0s (10s; 231 done, 10s/thm, ETA 3 min)
targets_depth3_923: n_ok 1869/2000 (nd-only 0, parse-fail 117) distinct_ok 1 first_hit 2 written_hist {7: 1} lean 2s (13s; 232 done, 10s/thm, ETA 3 min)
targets_depth3_929: n_ok 1953/2000 (nd-only 0, parse-fail 47) distinct_ok 1 first_hit 1 written_hist {7: 1} lean 1s (10s; 233 done, 10s/thm, ETA 3 min)
targets_depth3_931: n_ok 0/2000 (nd-only 0, parse-fail 573) distinct_ok 0 first_hit None written_hist {} lean 0s (11s; 234 done, 10s/thm, ETA 3 min)
targets_depth3_934: n_ok 1987/2000 (nd-only 0, parse-fail 12) distinct_ok 2 first_hit 1 written_hist {7: 2} lean 2s (11s; 235 done, 10s/thm, ETA 2 min)
targets_depth3_938: n_ok 1621/2000 (nd-only 0, parse-fail 135) distinct_ok 1 first_hit 1 written_hist {7: 1} lean 2s (9s; 236 done, 10s/thm, ETA 2 min)
targets_depth3_939: n_ok 0/2000 (nd-only 0, parse-fail 2) distinct_ok 0 first_hit None written_hist {} lean 0s (4s; 237 done, 10s/thm, ETA 2 min)
targets_depth3_940: n_ok 0/2000 (nd-only 0, parse-fail 150) distinct_ok 0 first_hit None written_hist {} lean 0s (6s; 238 done, 10s/thm, ETA 2 min)
targets_depth3_952: n_ok 32/2000 (nd-only 0, parse-fail 667) distinct_ok 2 first_hit 14 written_hist {9: 2} lean 0s (6s; 239 done, 10s/thm, ETA 2 min)
targets_depth3_959: n_ok 8/2000 (nd-only 0, parse-fail 20) distinct_ok 1 first_hit 224 written_hist {8: 1} lean 0s (5s; 240 done, 10s/thm, ETA 2 min)
targets_depth3_960: n_ok 0/2000 (nd-only 0, parse-fail 3) distinct_ok 0 first_hit None written_hist {} lean 0s (5s; 241 done, 10s/thm, ETA 1 min)
targets_depth3_965: n_ok 1906/2000 (nd-only 0, parse-fail 89) distinct_ok 1 first_hit 1 written_hist {7: 1} lean 1s (10s; 242 done, 10s/thm, ETA 1 min)
targets_depth3_966: n_ok 0/2000 (nd-only 0, parse-fail 1995) distinct_ok 0 first_hit None written_hist {} lean 0s (6s; 243 done, 10s/thm, ETA 1 min)
targets_depth3_967: n_ok 1931/2000 (nd-only 0, parse-fail 66) distinct_ok 1 first_hit 1 written_hist {7: 1} lean 0s (6s; 244 done, 10s/thm, ETA 1 min)
targets_depth3_971: n_ok 0/2000 (nd-only 0, parse-fail 484) distinct_ok 0 first_hit None written_hist {} lean 0s (7s; 245 done, 10s/thm, ETA 1 min)
targets_depth3_980: n_ok 0/2000 (nd-only 0, parse-fail 1) distinct_ok 0 first_hit None written_hist {} lean 0s (5s; 246 done, 10s/thm, ETA 1 min)
targets_depth3_984: n_ok 0/2000 (nd-only 0, parse-fail 1943) distinct_ok 0 first_hit None written_hist {} lean 0s (5s; 247 done, 10s/thm, ETA 0 min)
targets_depth3_986: n_ok 9/2000 (nd-only 0, parse-fail 999) distinct_ok 1 first_hit 121 written_hist {7: 1} lean 0s (7s; 248 done, 10s/thm, ETA 0 min)
targets_depth3_988: n_ok 1803/2000 (nd-only 0, parse-fail 55) distinct_ok 2 first_hit 1 written_hist {7: 1, 8: 1} lean 1s (7s; 249 done, 10s/thm, ETA 0 min)
targets_depth3_998: n_ok 0/2000 (nd-only 0, parse-fail 98) distinct_ok 0 first_hit None written_hist {} lean 0s (6s; 250 done, 10s/thm, ETA 0 min)
DONE {'samples': 500000, 'parse_fail': 225297, 'nd_ok_samples': 53490, 'both_ok_samples': 53490, 'lean_wall_s': 63.0122926235199, 'lean_proc_s': 62.78289294242859, 'nd_ok_lean_ok_texts': 3206, 'nd_ok_lean_rej_texts': 0}
END 2026-09-24T00:22:15Z
