START 2026-09-23T23:43:45Z until [ -f ckpts/dsc/stage1_a2_s0.pt ]; do sleep 30; done; python3 coverage_lean.py --ckpt ckpts/dsc/stage1_a2_s0.pt --in data/dsc/targets_depth3_sub250.jsonl --k 2000 --temperature 0.8 --seed 0 --batch 1024 --procs 2 --out artifacts/dsc/cov_a2_s0_d3sub
shard 0/1: 250 theorems, 0 already done; k=2000 T=0.8 batch=1024
targets_depth3_1: n_ok 0/2000 (nd-only 0, parse-fail 1898) distinct_ok 0 first_hit None written_hist {} lean 0s (12s; 1 done, 12s/thm, ETA 50 min)
targets_depth3_14: n_ok 1387/2000 (nd-only 0, parse-fail 408) distinct_ok 1 first_hit 1 written_hist {7: 1} lean 0s (8s; 2 done, 10s/thm, ETA 42 min)
targets_depth3_16: n_ok 0/2000 (nd-only 0, parse-fail 1988) distinct_ok 0 first_hit None written_hist {} lean 0s (10s; 3 done, 10s/thm, ETA 42 min)
targets_depth3_22: n_ok 300/2000 (nd-only 0, parse-fail 1663) distinct_ok 1 first_hit 3 written_hist {7: 1} lean 0s (13s; 4 done, 11s/thm, ETA 45 min)
targets_depth3_23: n_ok 7/2000 (nd-only 0, parse-fail 1831) distinct_ok 1 first_hit 31 written_hist {7: 1} lean 1s (14s; 5 done, 12s/thm, ETA 47 min)
targets_depth3_27: n_ok 1/2000 (nd-only 0, parse-fail 1999) distinct_ok 1 first_hit 960 written_hist {7: 1} lean 2s (20s; 6 done, 13s/thm, ETA 53 min)
targets_depth3_33: n_ok 1299/2000 (nd-only 0, parse-fail 279) distinct_ok 4 first_hit 3 written_hist {7: 4} lean 2s (13s; 7 done, 13s/thm, ETA 53 min)
targets_depth3_37: n_ok 0/2000 (nd-only 0, parse-fail 25) distinct_ok 0 first_hit None written_hist {} lean 0s (8s; 8 done, 12s/thm, ETA 50 min)
targets_depth3_39: n_ok 0/2000 (nd-only 0, parse-fail 87) distinct_ok 0 first_hit None written_hist {} lean 0s (12s; 9 done, 12s/thm, ETA 50 min)
targets_depth3_40: n_ok 0/2000 (nd-only 0, parse-fail 1957) distinct_ok 0 first_hit None written_hist {} lean 0s (14s; 10 done, 13s/thm, ETA 50 min)
targets_depth3_41: n_ok 7/2000 (nd-only 0, parse-fail 1991) distinct_ok 1 first_hit 123 written_hist {7: 1} lean 1s (17s; 11 done, 13s/thm, ETA 52 min)
targets_depth3_46: n_ok 8/2000 (nd-only 0, parse-fail 1973) distinct_ok 1 first_hit 241 written_hist {7: 1} lean 1s (13s; 12 done, 13s/thm, ETA 51 min)
targets_depth3_62: n_ok 0/2000 (nd-only 0, parse-fail 1959) distinct_ok 0 first_hit None written_hist {} lean 0s (15s; 13 done, 13s/thm, ETA 52 min)
targets_depth3_63: n_ok 0/2000 (nd-only 0, parse-fail 172) distinct_ok 0 first_hit None written_hist {} lean 0s (8s; 14 done, 13s/thm, ETA 50 min)
targets_depth3_64: n_ok 25/2000 (nd-only 0, parse-fail 647) distinct_ok 1 first_hit 55 written_hist {7: 1} lean 0s (8s; 15 done, 12s/thm, ETA 48 min)
targets_depth3_70: n_ok 48/2000 (nd-only 0, parse-fail 1918) distinct_ok 1 first_hit 31 written_hist {7: 1} lean 0s (8s; 16 done, 12s/thm, ETA 47 min)
targets_depth3_71: n_ok 2/2000 (nd-only 0, parse-fail 1997) distinct_ok 1 first_hit 479 written_hist {7: 1} lean 0s (8s; 17 done, 12s/thm, ETA 46 min)
targets_depth3_73: n_ok 211/2000 (nd-only 0, parse-fail 1768) distinct_ok 1 first_hit 9 written_hist {7: 1} lean 0s (10s; 18 done, 12s/thm, ETA 45 min)
targets_depth3_75: n_ok 6/2000 (nd-only 0, parse-fail 1713) distinct_ok 1 first_hit 126 written_hist {7: 1} lean 0s (9s; 19 done, 12s/thm, ETA 45 min)
targets_depth3_82: n_ok 3/2000 (nd-only 0, parse-fail 1881) distinct_ok 1 first_hit 1031 written_hist {7: 1} lean 0s (10s; 20 done, 12s/thm, ETA 44 min)
targets_depth3_84: n_ok 1571/2000 (nd-only 0, parse-fail 349) distinct_ok 1 first_hit 1 written_hist {7: 1} lean 0s (9s; 21 done, 11s/thm, ETA 44 min)
targets_depth3_91: n_ok 18/2000 (nd-only 0, parse-fail 1981) distinct_ok 2 first_hit 149 written_hist {7: 2} lean 2s (14s; 22 done, 12s/thm, ETA 44 min)
targets_depth3_93: n_ok 0/2000 (nd-only 0, parse-fail 25) distinct_ok 0 first_hit None written_hist {} lean 0s (14s; 23 done, 12s/thm, ETA 44 min)
targets_depth3_95: n_ok 18/2000 (nd-only 0, parse-fail 1684) distinct_ok 1 first_hit 17 written_hist {7: 1} lean 1s (16s; 24 done, 12s/thm, ETA 45 min)
targets_depth3_97: n_ok 23/2000 (nd-only 0, parse-fail 246) distinct_ok 1 first_hit 34 written_hist {7: 1} lean 2s (12s; 25 done, 12s/thm, ETA 44 min)
targets_depth3_101: n_ok 3/2000 (nd-only 0, parse-fail 1979) distinct_ok 1 first_hit 320 written_hist {7: 1} lean 0s (9s; 26 done, 12s/thm, ETA 44 min)
targets_depth3_103: n_ok 0/2000 (nd-only 0, parse-fail 1396) distinct_ok 0 first_hit None written_hist {} lean 0s (8s; 27 done, 12s/thm, ETA 43 min)
targets_depth3_111: n_ok 0/2000 (nd-only 0, parse-fail 1951) distinct_ok 0 first_hit None written_hist {} lean 0s (8s; 28 done, 11s/thm, ETA 42 min)
targets_depth3_118: n_ok 174/2000 (nd-only 0, parse-fail 188) distinct_ok 1 first_hit 28 written_hist {7: 1} lean 0s (8s; 29 done, 11s/thm, ETA 42 min)
targets_depth3_119: n_ok 1/2000 (nd-only 0, parse-fail 1993) distinct_ok 1 first_hit 1700 written_hist {7: 1} lean 1s (12s; 30 done, 11s/thm, ETA 42 min)
targets_depth3_122: n_ok 0/2000 (nd-only 0, parse-fail 45) distinct_ok 0 first_hit None written_hist {} lean 0s (5s; 31 done, 11s/thm, ETA 41 min)
targets_depth3_126: n_ok 31/2000 (nd-only 0, parse-fail 1966) distinct_ok 1 first_hit 109 written_hist {7: 1} lean 0s (9s; 32 done, 11s/thm, ETA 40 min)
targets_depth3_127: n_ok 249/2000 (nd-only 0, parse-fail 1738) distinct_ok 1 first_hit 15 written_hist {7: 1} lean 0s (9s; 33 done, 11s/thm, ETA 40 min)
targets_depth3_133: n_ok 277/2000 (nd-only 0, parse-fail 1560) distinct_ok 4 first_hit 1 written_hist {7: 4} lean 0s (9s; 34 done, 11s/thm, ETA 40 min)
targets_depth3_142: n_ok 1/2000 (nd-only 0, parse-fail 1491) distinct_ok 1 first_hit 1810 written_hist {7: 1} lean 0s (9s; 35 done, 11s/thm, ETA 39 min)
targets_depth3_143: n_ok 28/2000 (nd-only 0, parse-fail 1898) distinct_ok 1 first_hit 48 written_hist {7: 1} lean 0s (10s; 36 done, 11s/thm, ETA 39 min)
targets_depth3_145: n_ok 1/2000 (nd-only 0, parse-fail 1979) distinct_ok 1 first_hit 1368 written_hist {7: 1} lean 0s (9s; 37 done, 11s/thm, ETA 39 min)
targets_depth3_149: n_ok 15/2000 (nd-only 0, parse-fail 1943) distinct_ok 1 first_hit 66 written_hist {7: 1} lean 0s (10s; 38 done, 11s/thm, ETA 38 min)
targets_depth3_150: n_ok 58/2000 (nd-only 0, parse-fail 1940) distinct_ok 2 first_hit 28 written_hist {7: 2} lean 0s (9s; 39 done, 11s/thm, ETA 38 min)
targets_depth3_153: n_ok 1/2000 (nd-only 0, parse-fail 1999) distinct_ok 1 first_hit 1841 written_hist {7: 1} lean 0s (8s; 40 done, 11s/thm, ETA 38 min)
targets_depth3_174: n_ok 0/2000 (nd-only 0, parse-fail 634) distinct_ok 0 first_hit None written_hist {} lean 0s (11s; 41 done, 11s/thm, ETA 37 min)
targets_depth3_184: n_ok 0/2000 (nd-only 0, parse-fail 1757) distinct_ok 0 first_hit None written_hist {} lean 0s (11s; 42 done, 11s/thm, ETA 37 min)
targets_depth3_188: n_ok 1/2000 (nd-only 0, parse-fail 156) distinct_ok 1 first_hit 1498 written_hist {8: 1} lean 0s (9s; 43 done, 11s/thm, ETA 37 min)
targets_depth3_189: n_ok 1/2000 (nd-only 0, parse-fail 1979) distinct_ok 1 first_hit 1794 written_hist {8: 1} lean 0s (9s; 44 done, 11s/thm, ETA 37 min)
targets_depth3_191: n_ok 4/2000 (nd-only 0, parse-fail 1935) distinct_ok 1 first_hit 476 written_hist {8: 1} lean 0s (10s; 45 done, 11s/thm, ETA 36 min)
targets_depth3_193: n_ok 0/2000 (nd-only 0, parse-fail 1960) distinct_ok 0 first_hit None written_hist {} lean 0s (9s; 46 done, 11s/thm, ETA 36 min)
targets_depth3_194: n_ok 0/2000 (nd-only 0, parse-fail 1970) distinct_ok 0 first_hit None written_hist {} lean 0s (11s; 47 done, 11s/thm, ETA 36 min)
targets_depth3_195: n_ok 1/2000 (nd-only 0, parse-fail 1686) distinct_ok 1 first_hit 1939 written_hist {8: 1} lean 0s (9s; 48 done, 11s/thm, ETA 36 min)
targets_depth3_199: n_ok 0/2000 (nd-only 0, parse-fail 1804) distinct_ok 0 first_hit None written_hist {} lean 0s (9s; 49 done, 11s/thm, ETA 35 min)
targets_depth3_204: n_ok 0/2000 (nd-only 0, parse-fail 443) distinct_ok 0 first_hit None written_hist {} lean 0s (8s; 50 done, 11s/thm, ETA 35 min)
targets_depth3_208: n_ok 1/2000 (nd-only 0, parse-fail 1994) distinct_ok 1 first_hit 1780 written_hist {8: 1} lean 0s (12s; 51 done, 11s/thm, ETA 35 min)
targets_depth3_209: n_ok 49/2000 (nd-only 0, parse-fail 1931) distinct_ok 1 first_hit 1 written_hist {8: 1} lean 0s (11s; 52 done, 11s/thm, ETA 35 min)
targets_depth3_215: n_ok 0/2000 (nd-only 0, parse-fail 773) distinct_ok 0 first_hit None written_hist {} lean 0s (10s; 53 done, 11s/thm, ETA 35 min)
targets_depth3_220: n_ok 0/2000 (nd-only 0, parse-fail 127) distinct_ok 0 first_hit None written_hist {} lean 0s (7s; 54 done, 10s/thm, ETA 34 min)
targets_depth3_223: n_ok 0/2000 (nd-only 0, parse-fail 2000) distinct_ok 0 first_hit None written_hist {} lean 0s (15s; 55 done, 11s/thm, ETA 34 min)
targets_depth3_224: n_ok 0/2000 (nd-only 0, parse-fail 37) distinct_ok 0 first_hit None written_hist {} lean 0s (9s; 56 done, 11s/thm, ETA 34 min)
targets_depth3_225: n_ok 14/2000 (nd-only 0, parse-fail 1980) distinct_ok 1 first_hit 17 written_hist {8: 1} lean 1s (16s; 57 done, 11s/thm, ETA 34 min)
targets_depth3_226: n_ok 0/2000 (nd-only 0, parse-fail 1980) distinct_ok 0 first_hit None written_hist {} lean 0s (17s; 58 done, 11s/thm, ETA 34 min)
targets_depth3_227: n_ok 0/2000 (nd-only 0, parse-fail 1394) distinct_ok 0 first_hit None written_hist {} lean 0s (14s; 59 done, 11s/thm, ETA 34 min)
targets_depth3_241: n_ok 0/2000 (nd-only 0, parse-fail 1994) distinct_ok 0 first_hit None written_hist {} lean 0s (17s; 60 done, 11s/thm, ETA 35 min)
targets_depth3_244: n_ok 0/2000 (nd-only 0, parse-fail 29) distinct_ok 0 first_hit None written_hist {} lean 0s (10s; 61 done, 11s/thm, ETA 34 min)
targets_depth3_247: n_ok 0/2000 (nd-only 0, parse-fail 1957) distinct_ok 0 first_hit None written_hist {} lean 0s (13s; 62 done, 11s/thm, ETA 34 min)
targets_depth3_248: n_ok 0/2000 (nd-only 0, parse-fail 1672) distinct_ok 0 first_hit None written_hist {} lean 0s (14s; 63 done, 11s/thm, ETA 34 min)
targets_depth3_249: n_ok 0/2000 (nd-only 0, parse-fail 48) distinct_ok 0 first_hit None written_hist {} lean 0s (8s; 64 done, 11s/thm, ETA 34 min)
targets_depth3_256: n_ok 3/2000 (nd-only 0, parse-fail 22) distinct_ok 1 first_hit 993 written_hist {7: 1} lean 0s (9s; 65 done, 11s/thm, ETA 34 min)
targets_depth3_265: n_ok 0/2000 (nd-only 0, parse-fail 737) distinct_ok 0 first_hit None written_hist {} lean 0s (11s; 66 done, 11s/thm, ETA 33 min)
targets_depth3_266: n_ok 0/2000 (nd-only 0, parse-fail 1979) distinct_ok 0 first_hit None written_hist {} lean 0s (13s; 67 done, 11s/thm, ETA 33 min)
targets_depth3_277: n_ok 23/2000 (nd-only 0, parse-fail 366) distinct_ok 2 first_hit 9 written_hist {7: 1, 8: 1} lean 0s (13s; 68 done, 11s/thm, ETA 33 min)
targets_depth3_281: n_ok 0/2000 (nd-only 0, parse-fail 30) distinct_ok 0 first_hit None written_hist {} lean 0s (12s; 69 done, 11s/thm, ETA 33 min)
targets_depth3_282: n_ok 2/2000 (nd-only 0, parse-fail 1997) distinct_ok 1 first_hit 1210 written_hist {8: 1} lean 0s (16s; 70 done, 11s/thm, ETA 33 min)
targets_depth3_288: n_ok 3/2000 (nd-only 0, parse-fail 1833) distinct_ok 1 first_hit 773 written_hist {8: 1} lean 0s (14s; 71 done, 11s/thm, ETA 33 min)
targets_depth3_294: n_ok 6/2000 (nd-only 0, parse-fail 28) distinct_ok 1 first_hit 134 written_hist {7: 1} lean 0s (11s; 72 done, 11s/thm, ETA 33 min)
targets_depth3_297: n_ok 0/2000 (nd-only 0, parse-fail 41) distinct_ok 0 first_hit None written_hist {} lean 0s (8s; 73 done, 11s/thm, ETA 33 min)
targets_depth3_298: n_ok 479/2000 (nd-only 0, parse-fail 1357) distinct_ok 1 first_hit 1 written_hist {8: 1} lean 0s (8s; 74 done, 11s/thm, ETA 32 min)
targets_depth3_308: n_ok 0/2000 (nd-only 0, parse-fail 1853) distinct_ok 0 first_hit None written_hist {} lean 0s (10s; 75 done, 11s/thm, ETA 32 min)
targets_depth3_310: n_ok 0/2000 (nd-only 0, parse-fail 1865) distinct_ok 0 first_hit None written_hist {} lean 0s (10s; 76 done, 11s/thm, ETA 32 min)
targets_depth3_317: n_ok 0/2000 (nd-only 0, parse-fail 1978) distinct_ok 0 first_hit None written_hist {} lean 0s (9s; 77 done, 11s/thm, ETA 32 min)
targets_depth3_323: n_ok 462/2000 (nd-only 0, parse-fail 1484) distinct_ok 1 first_hit 1 written_hist {8: 1} lean 0s (9s; 78 done, 11s/thm, ETA 31 min)
targets_depth3_324: n_ok 0/2000 (nd-only 0, parse-fail 18) distinct_ok 0 first_hit None written_hist {} lean 0s (7s; 79 done, 11s/thm, ETA 31 min)
targets_depth3_327: n_ok 2/2000 (nd-only 0, parse-fail 32) distinct_ok 1 first_hit 135 written_hist {8: 1} lean 0s (9s; 80 done, 11s/thm, ETA 31 min)
targets_depth3_332: n_ok 0/2000 (nd-only 0, parse-fail 477) distinct_ok 0 first_hit None written_hist {} lean 0s (10s; 81 done, 11s/thm, ETA 30 min)
targets_depth3_333: n_ok 0/2000 (nd-only 0, parse-fail 1655) distinct_ok 0 first_hit None written_hist {} lean 0s (10s; 82 done, 11s/thm, ETA 30 min)
targets_depth3_338: n_ok 0/2000 (nd-only 0, parse-fail 1354) distinct_ok 0 first_hit None written_hist {} lean 0s (12s; 83 done, 11s/thm, ETA 30 min)
targets_depth3_340: n_ok 0/2000 (nd-only 0, parse-fail 1966) distinct_ok 0 first_hit None written_hist {} lean 0s (9s; 84 done, 11s/thm, ETA 30 min)
targets_depth3_341: n_ok 0/2000 (nd-only 0, parse-fail 1977) distinct_ok 0 first_hit None written_hist {} lean 0s (10s; 85 done, 11s/thm, ETA 30 min)
targets_depth3_343: n_ok 0/2000 (nd-only 0, parse-fail 1993) distinct_ok 0 first_hit None written_hist {} lean 0s (12s; 86 done, 11s/thm, ETA 30 min)
targets_depth3_358: n_ok 0/2000 (nd-only 0, parse-fail 1862) distinct_ok 0 first_hit None written_hist {} lean 0s (14s; 87 done, 11s/thm, ETA 29 min)
targets_depth3_362: n_ok 7/2000 (nd-only 0, parse-fail 62) distinct_ok 1 first_hit 539 written_hist {7: 1} lean 0s (10s; 88 done, 11s/thm, ETA 29 min)
targets_depth3_365: n_ok 0/2000 (nd-only 0, parse-fail 293) distinct_ok 0 first_hit None written_hist {} lean 0s (9s; 89 done, 11s/thm, ETA 29 min)
targets_depth3_366: n_ok 0/2000 (nd-only 0, parse-fail 47) distinct_ok 0 first_hit None written_hist {} lean 0s (9s; 90 done, 11s/thm, ETA 29 min)
targets_depth3_367: n_ok 0/2000 (nd-only 0, parse-fail 601) distinct_ok 0 first_hit None written_hist {} lean 0s (8s; 91 done, 11s/thm, ETA 29 min)
targets_depth3_379: n_ok 0/2000 (nd-only 0, parse-fail 1985) distinct_ok 0 first_hit None written_hist {} lean 0s (11s; 92 done, 11s/thm, ETA 28 min)
targets_depth3_380: n_ok 0/2000 (nd-only 0, parse-fail 1586) distinct_ok 0 first_hit None written_hist {} lean 0s (8s; 93 done, 11s/thm, ETA 28 min)
targets_depth3_394: n_ok 0/2000 (nd-only 0, parse-fail 143) distinct_ok 0 first_hit None written_hist {} lean 0s (8s; 94 done, 11s/thm, ETA 28 min)
targets_depth3_400: n_ok 0/2000 (nd-only 0, parse-fail 1986) distinct_ok 0 first_hit None written_hist {} lean 0s (11s; 95 done, 11s/thm, ETA 28 min)
targets_depth3_408: n_ok 0/2000 (nd-only 0, parse-fail 1977) distinct_ok 0 first_hit None written_hist {} lean 0s (13s; 96 done, 11s/thm, ETA 28 min)
targets_depth3_414: n_ok 0/2000 (nd-only 0, parse-fail 1467) distinct_ok 0 first_hit None written_hist {} lean 0s (9s; 97 done, 11s/thm, ETA 27 min)
targets_depth3_429: n_ok 0/2000 (nd-only 0, parse-fail 1424) distinct_ok 0 first_hit None written_hist {} lean 0s (12s; 98 done, 11s/thm, ETA 27 min)
targets_depth3_430: n_ok 2/2000 (nd-only 0, parse-fail 1681) distinct_ok 1 first_hit 1519 written_hist {8: 1} lean 0s (9s; 99 done, 11s/thm, ETA 27 min)
targets_depth3_435: n_ok 0/2000 (nd-only 0, parse-fail 261) distinct_ok 0 first_hit None written_hist {} lean 0s (9s; 100 done, 11s/thm, ETA 27 min)
targets_depth3_436: n_ok 45/2000 (nd-only 0, parse-fail 1862) distinct_ok 1 first_hit 35 written_hist {8: 1} lean 0s (10s; 101 done, 11s/thm, ETA 27 min)
targets_depth3_444: n_ok 0/2000 (nd-only 0, parse-fail 1854) distinct_ok 0 first_hit None written_hist {} lean 0s (9s; 102 done, 11s/thm, ETA 26 min)
targets_depth3_446: n_ok 0/2000 (nd-only 0, parse-fail 848) distinct_ok 0 first_hit None written_hist {} lean 0s (10s; 103 done, 11s/thm, ETA 26 min)
targets_depth3_453: n_ok 0/2000 (nd-only 0, parse-fail 715) distinct_ok 0 first_hit None written_hist {} lean 0s (10s; 104 done, 11s/thm, ETA 26 min)
targets_depth3_455: n_ok 0/2000 (nd-only 0, parse-fail 1973) distinct_ok 0 first_hit None written_hist {} lean 0s (11s; 105 done, 11s/thm, ETA 26 min)
targets_depth3_458: n_ok 3/2000 (nd-only 0, parse-fail 1854) distinct_ok 1 first_hit 368 written_hist {7: 1} lean 0s (10s; 106 done, 11s/thm, ETA 26 min)
targets_depth3_461: n_ok 0/2000 (nd-only 0, parse-fail 1594) distinct_ok 0 first_hit None written_hist {} lean 0s (13s; 107 done, 11s/thm, ETA 25 min)
targets_depth3_478: n_ok 0/2000 (nd-only 0, parse-fail 591) distinct_ok 0 first_hit None written_hist {} lean 0s (10s; 108 done, 11s/thm, ETA 25 min)
targets_depth3_483: n_ok 42/2000 (nd-only 0, parse-fail 1580) distinct_ok 1 first_hit 35 written_hist {8: 1} lean 2s (13s; 109 done, 11s/thm, ETA 25 min)
targets_depth3_487: n_ok 13/2000 (nd-only 0, parse-fail 68) distinct_ok 1 first_hit 96 written_hist {9: 1} lean 1s (14s; 110 done, 11s/thm, ETA 25 min)
targets_depth3_488: n_ok 0/2000 (nd-only 0, parse-fail 60) distinct_ok 0 first_hit None written_hist {} lean 0s (13s; 111 done, 11s/thm, ETA 25 min)
targets_depth3_490: n_ok 0/2000 (nd-only 0, parse-fail 679) distinct_ok 0 first_hit None written_hist {} lean 0s (15s; 112 done, 11s/thm, ETA 25 min)
targets_depth3_497: n_ok 0/2000 (nd-only 0, parse-fail 1657) distinct_ok 0 first_hit None written_hist {} lean 0s (19s; 113 done, 11s/thm, ETA 25 min)
targets_depth3_498: n_ok 0/2000 (nd-only 0, parse-fail 1992) distinct_ok 0 first_hit None written_hist {} lean 0s (15s; 114 done, 11s/thm, ETA 25 min)
targets_depth3_501: n_ok 0/2000 (nd-only 0, parse-fail 1999) distinct_ok 0 first_hit None written_hist {} lean 0s (16s; 115 done, 11s/thm, ETA 25 min)
targets_depth3_504: n_ok 0/2000 (nd-only 0, parse-fail 1244) distinct_ok 0 first_hit None written_hist {} lean 0s (6s; 116 done, 11s/thm, ETA 24 min)
targets_depth3_505: n_ok 0/2000 (nd-only 0, parse-fail 24) distinct_ok 0 first_hit None written_hist {} lean 0s (7s; 117 done, 11s/thm, ETA 24 min)
targets_depth3_515: n_ok 0/2000 (nd-only 0, parse-fail 1970) distinct_ok 0 first_hit None written_hist {} lean 0s (10s; 118 done, 11s/thm, ETA 24 min)
targets_depth3_516: n_ok 0/2000 (nd-only 0, parse-fail 44) distinct_ok 0 first_hit None written_hist {} lean 0s (8s; 119 done, 11s/thm, ETA 24 min)
targets_depth3_520: n_ok 0/2000 (nd-only 0, parse-fail 484) distinct_ok 0 first_hit None written_hist {} lean 0s (11s; 120 done, 11s/thm, ETA 23 min)
targets_depth3_523: n_ok 0/2000 (nd-only 0, parse-fail 117) distinct_ok 0 first_hit None written_hist {} lean 0s (9s; 121 done, 11s/thm, ETA 23 min)
targets_depth3_533: n_ok 1531/2000 (nd-only 0, parse-fail 186) distinct_ok 3 first_hit 2 written_hist {7: 1, 8: 2} lean 0s (9s; 122 done, 11s/thm, ETA 23 min)
targets_depth3_534: n_ok 0/2000 (nd-only 0, parse-fail 1977) distinct_ok 0 first_hit None written_hist {} lean 0s (10s; 123 done, 11s/thm, ETA 23 min)
targets_depth3_537: n_ok 0/2000 (nd-only 0, parse-fail 1945) distinct_ok 0 first_hit None written_hist {} lean 0s (17s; 124 done, 11s/thm, ETA 23 min)
targets_depth3_545: n_ok 0/2000 (nd-only 0, parse-fail 90) distinct_ok 0 first_hit None written_hist {} lean 0s (9s; 125 done, 11s/thm, ETA 23 min)
targets_depth3_547: n_ok 1/2000 (nd-only 0, parse-fail 1999) distinct_ok 1 first_hit 1925 written_hist {7: 1} lean 0s (11s; 126 done, 11s/thm, ETA 22 min)
targets_depth3_553: n_ok 3/2000 (nd-only 0, parse-fail 93) distinct_ok 1 first_hit 113 written_hist {7: 1} lean 0s (7s; 127 done, 11s/thm, ETA 22 min)
targets_depth3_556: n_ok 525/2000 (nd-only 0, parse-fail 1030) distinct_ok 1 first_hit 8 written_hist {7: 1} lean 0s (7s; 128 done, 11s/thm, ETA 22 min)
targets_depth3_557: n_ok 0/2000 (nd-only 0, parse-fail 241) distinct_ok 0 first_hit None written_hist {} lean 0s (9s; 129 done, 11s/thm, ETA 22 min)
targets_depth3_560: n_ok 65/2000 (nd-only 0, parse-fail 1109) distinct_ok 1 first_hit 6 written_hist {7: 1} lean 0s (7s; 130 done, 11s/thm, ETA 21 min)
targets_depth3_561: n_ok 0/2000 (nd-only 0, parse-fail 114) distinct_ok 0 first_hit None written_hist {} lean 0s (8s; 131 done, 11s/thm, ETA 21 min)
targets_depth3_564: n_ok 0/2000 (nd-only 0, parse-fail 117) distinct_ok 0 first_hit None written_hist {} lean 0s (8s; 132 done, 11s/thm, ETA 21 min)
targets_depth3_565: n_ok 0/2000 (nd-only 0, parse-fail 1071) distinct_ok 0 first_hit None written_hist {} lean 0s (11s; 133 done, 11s/thm, ETA 21 min)
targets_depth3_573: n_ok 174/2000 (nd-only 0, parse-fail 167) distinct_ok 2 first_hit 6 written_hist {7: 1, 8: 1} lean 0s (9s; 134 done, 11s/thm, ETA 21 min)
targets_depth3_581: n_ok 256/2000 (nd-only 0, parse-fail 112) distinct_ok 1 first_hit 2 written_hist {7: 1} lean 0s (8s; 135 done, 11s/thm, ETA 20 min)
targets_depth3_587: n_ok 0/2000 (nd-only 0, parse-fail 96) distinct_ok 0 first_hit None written_hist {} lean 0s (10s; 136 done, 11s/thm, ETA 20 min)
targets_depth3_589: n_ok 0/2000 (nd-only 0, parse-fail 14) distinct_ok 0 first_hit None written_hist {} lean 0s (8s; 137 done, 11s/thm, ETA 20 min)
targets_depth3_593: n_ok 0/2000 (nd-only 0, parse-fail 1043) distinct_ok 0 first_hit None written_hist {} lean 0s (13s; 138 done, 11s/thm, ETA 20 min)
targets_depth3_597: n_ok 0/2000 (nd-only 0, parse-fail 1167) distinct_ok 0 first_hit None written_hist {} lean 0s (11s; 139 done, 11s/thm, ETA 20 min)
targets_depth3_601: n_ok 0/2000 (nd-only 0, parse-fail 289) distinct_ok 0 first_hit None written_hist {} lean 0s (9s; 140 done, 11s/thm, ETA 20 min)
targets_depth3_603: n_ok 1637/2000 (nd-only 0, parse-fail 66) distinct_ok 2 first_hit 1 written_hist {7: 1, 8: 1} lean 0s (7s; 141 done, 11s/thm, ETA 19 min)
targets_depth3_610: n_ok 0/2000 (nd-only 0, parse-fail 1176) distinct_ok 0 first_hit None written_hist {} lean 0s (8s; 142 done, 11s/thm, ETA 19 min)
targets_depth3_616: n_ok 0/2000 (nd-only 0, parse-fail 72) distinct_ok 0 first_hit None written_hist {} lean 0s (10s; 143 done, 11s/thm, ETA 19 min)
targets_depth3_617: n_ok 1/2000 (nd-only 0, parse-fail 163) distinct_ok 1 first_hit 1129 written_hist {7: 1} lean 0s (11s; 144 done, 11s/thm, ETA 19 min)
targets_depth3_620: n_ok 0/2000 (nd-only 0, parse-fail 72) distinct_ok 0 first_hit None written_hist {} lean 0s (8s; 145 done, 11s/thm, ETA 19 min)
targets_depth3_625: n_ok 0/2000 (nd-only 0, parse-fail 1729) distinct_ok 0 first_hit None written_hist {} lean 0s (10s; 146 done, 11s/thm, ETA 18 min)
targets_depth3_626: n_ok 0/2000 (nd-only 0, parse-fail 35) distinct_ok 0 first_hit None written_hist {} lean 0s (10s; 147 done, 11s/thm, ETA 18 min)
targets_depth3_627: n_ok 0/2000 (nd-only 0, parse-fail 14) distinct_ok 0 first_hit None written_hist {} lean 0s (9s; 148 done, 11s/thm, ETA 18 min)
targets_depth3_633: n_ok 0/2000 (nd-only 0, parse-fail 1962) distinct_ok 0 first_hit None written_hist {} lean 0s (13s; 149 done, 11s/thm, ETA 18 min)
targets_depth3_635: n_ok 1055/2000 (nd-only 0, parse-fail 185) distinct_ok 2 first_hit 2 written_hist {7: 2} lean 0s (10s; 150 done, 11s/thm, ETA 18 min)
targets_depth3_640: n_ok 0/2000 (nd-only 0, parse-fail 1895) distinct_ok 0 first_hit None written_hist {} lean 0s (11s; 151 done, 11s/thm, ETA 17 min)
targets_depth3_645: n_ok 0/2000 (nd-only 0, parse-fail 1496) distinct_ok 0 first_hit None written_hist {} lean 0s (12s; 152 done, 11s/thm, ETA 17 min)
targets_depth3_649: n_ok 1466/2000 (nd-only 0, parse-fail 167) distinct_ok 2 first_hit 1 written_hist {7: 1, 8: 1} lean 1s (14s; 153 done, 11s/thm, ETA 17 min)
targets_depth3_650: n_ok 0/2000 (nd-only 0, parse-fail 1848) distinct_ok 0 first_hit None written_hist {} lean 0s (20s; 154 done, 11s/thm, ETA 17 min)
targets_depth3_655: n_ok 0/2000 (nd-only 0, parse-fail 488) distinct_ok 0 first_hit None written_hist {} lean 0s (14s; 155 done, 11s/thm, ETA 17 min)
targets_depth3_656: n_ok 0/2000 (nd-only 0, parse-fail 1251) distinct_ok 0 first_hit None written_hist {} lean 0s (14s; 156 done, 11s/thm, ETA 17 min)
targets_depth3_662: n_ok 0/2000 (nd-only 0, parse-fail 843) distinct_ok 0 first_hit None written_hist {} lean 0s (9s; 157 done, 11s/thm, ETA 17 min)
targets_depth3_672: n_ok 0/2000 (nd-only 0, parse-fail 9) distinct_ok 0 first_hit None written_hist {} lean 0s (11s; 158 done, 11s/thm, ETA 16 min)
targets_depth3_676: n_ok 0/2000 (nd-only 0, parse-fail 1725) distinct_ok 0 first_hit None written_hist {} lean 0s (18s; 159 done, 11s/thm, ETA 16 min)
targets_depth3_684: n_ok 33/2000 (nd-only 0, parse-fail 1800) distinct_ok 1 first_hit 5 written_hist {7: 1} lean 0s (14s; 160 done, 11s/thm, ETA 16 min)
targets_depth3_695: n_ok 0/2000 (nd-only 0, parse-fail 68) distinct_ok 0 first_hit None written_hist {} lean 0s (9s; 161 done, 11s/thm, ETA 16 min)
targets_depth3_696: n_ok 0/2000 (nd-only 0, parse-fail 129) distinct_ok 0 first_hit None written_hist {} lean 0s (11s; 162 done, 11s/thm, ETA 16 min)
targets_depth3_699: n_ok 1831/2000 (nd-only 0, parse-fail 37) distinct_ok 2 first_hit 1 written_hist {7: 1, 8: 1} lean 1s (11s; 163 done, 11s/thm, ETA 16 min)
targets_depth3_700: n_ok 0/2000 (nd-only 0, parse-fail 18) distinct_ok 0 first_hit None written_hist {} lean 0s (9s; 164 done, 11s/thm, ETA 15 min)
targets_depth3_714: n_ok 0/2000 (nd-only 0, parse-fail 414) distinct_ok 0 first_hit None written_hist {} lean 0s (10s; 165 done, 11s/thm, ETA 15 min)
targets_depth3_716: n_ok 721/2000 (nd-only 0, parse-fail 496) distinct_ok 1 first_hit 4 written_hist {7: 1} lean 1s (7s; 166 done, 11s/thm, ETA 15 min)
targets_depth3_717: n_ok 174/2000 (nd-only 0, parse-fail 281) distinct_ok 4 first_hit 5 written_hist {7: 4} lean 0s (6s; 167 done, 11s/thm, ETA 15 min)
targets_depth3_720: n_ok 0/2000 (nd-only 0, parse-fail 140) distinct_ok 0 first_hit None written_hist {} lean 0s (7s; 168 done, 11s/thm, ETA 15 min)
targets_depth3_722: n_ok 51/2000 (nd-only 0, parse-fail 61) distinct_ok 1 first_hit 37 written_hist {7: 1} lean 0s (7s; 169 done, 11s/thm, ETA 14 min)
targets_depth3_723: n_ok 0/2000 (nd-only 0, parse-fail 104) distinct_ok 0 first_hit None written_hist {} lean 0s (7s; 170 done, 11s/thm, ETA 14 min)
targets_depth3_727: n_ok 0/2000 (nd-only 0, parse-fail 1195) distinct_ok 0 first_hit None written_hist {} lean 0s (10s; 171 done, 11s/thm, ETA 14 min)
targets_depth3_735: n_ok 1542/2000 (nd-only 0, parse-fail 44) distinct_ok 7 first_hit 1 written_hist {7: 7} lean 1s (8s; 172 done, 11s/thm, ETA 14 min)
targets_depth3_736: n_ok 439/2000 (nd-only 0, parse-fail 325) distinct_ok 3 first_hit 12 written_hist {7: 1, 8: 2} lean 1s (8s; 173 done, 11s/thm, ETA 14 min)
targets_depth3_744: n_ok 0/2000 (nd-only 0, parse-fail 876) distinct_ok 0 first_hit None written_hist {} lean 0s (7s; 174 done, 11s/thm, ETA 13 min)
targets_depth3_747: n_ok 1/2000 (nd-only 0, parse-fail 70) distinct_ok 1 first_hit 722 written_hist {7: 1} lean 0s (9s; 175 done, 11s/thm, ETA 13 min)
targets_depth3_749: n_ok 0/2000 (nd-only 0, parse-fail 62) distinct_ok 0 first_hit None written_hist {} lean 0s (8s; 176 done, 11s/thm, ETA 13 min)
targets_depth3_770: n_ok 1880/2000 (nd-only 0, parse-fail 34) distinct_ok 1 first_hit 1 written_hist {7: 1} lean 0s (8s; 177 done, 11s/thm, ETA 13 min)
targets_depth3_771: n_ok 0/2000 (nd-only 0, parse-fail 1792) distinct_ok 0 first_hit None written_hist {} lean 0s (10s; 178 done, 11s/thm, ETA 13 min)
targets_depth3_773: n_ok 0/2000 (nd-only 0, parse-fail 1762) distinct_ok 0 first_hit None written_hist {} lean 0s (10s; 179 done, 11s/thm, ETA 12 min)
targets_depth3_775: n_ok 1/2000 (nd-only 0, parse-fail 122) distinct_ok 1 first_hit 453 written_hist {7: 1} lean 0s (8s; 180 done, 11s/thm, ETA 12 min)
targets_depth3_776: n_ok 6/2000 (nd-only 0, parse-fail 126) distinct_ok 1 first_hit 36 written_hist {7: 1} lean 0s (9s; 181 done, 11s/thm, ETA 12 min)
targets_depth3_777: n_ok 0/2000 (nd-only 0, parse-fail 26) distinct_ok 0 first_hit None written_hist {} lean 0s (7s; 182 done, 10s/thm, ETA 12 min)
targets_depth3_791: n_ok 0/2000 (nd-only 0, parse-fail 824) distinct_ok 0 first_hit None written_hist {} lean 0s (10s; 183 done, 10s/thm, ETA 12 min)
targets_depth3_794: n_ok 4/2000 (nd-only 0, parse-fail 125) distinct_ok 1 first_hit 457 written_hist {7: 1} lean 0s (7s; 184 done, 10s/thm, ETA 12 min)
targets_depth3_801: n_ok 0/2000 (nd-only 0, parse-fail 1999) distinct_ok 0 first_hit None written_hist {} lean 0s (9s; 185 done, 10s/thm, ETA 11 min)
targets_depth3_802: n_ok 63/2000 (nd-only 0, parse-fail 454) distinct_ok 3 first_hit 5 written_hist {8: 3} lean 0s (7s; 186 done, 10s/thm, ETA 11 min)
targets_depth3_803: n_ok 5/2000 (nd-only 0, parse-fail 216) distinct_ok 1 first_hit 181 written_hist {7: 1} lean 0s (5s; 187 done, 10s/thm, ETA 11 min)
targets_depth3_810: n_ok 1865/2000 (nd-only 0, parse-fail 72) distinct_ok 1 first_hit 1 written_hist {7: 1} lean 0s (8s; 188 done, 10s/thm, ETA 11 min)
targets_depth3_812: n_ok 1861/2000 (nd-only 0, parse-fail 35) distinct_ok 2 first_hit 1 written_hist {7: 1, 8: 1} lean 0s (8s; 189 done, 10s/thm, ETA 11 min)
targets_depth3_813: n_ok 0/2000 (nd-only 0, parse-fail 80) distinct_ok 0 first_hit None written_hist {} lean 0s (8s; 190 done, 10s/thm, ETA 10 min)
targets_depth3_817: n_ok 0/2000 (nd-only 0, parse-fail 165) distinct_ok 0 first_hit None written_hist {} lean 0s (7s; 191 done, 10s/thm, ETA 10 min)
targets_depth3_818: n_ok 1/2000 (nd-only 0, parse-fail 81) distinct_ok 1 first_hit 918 written_hist {7: 1} lean 0s (8s; 192 done, 10s/thm, ETA 10 min)
targets_depth3_821: n_ok 0/2000 (nd-only 0, parse-fail 28) distinct_ok 0 first_hit None written_hist {} lean 0s (6s; 193 done, 10s/thm, ETA 10 min)
targets_depth3_822: n_ok 0/2000 (nd-only 0, parse-fail 76) distinct_ok 0 first_hit None written_hist {} lean 0s (6s; 194 done, 10s/thm, ETA 10 min)
targets_depth3_824: n_ok 0/2000 (nd-only 0, parse-fail 204) distinct_ok 0 first_hit None written_hist {} lean 0s (6s; 195 done, 10s/thm, ETA 9 min)
targets_depth3_829: n_ok 1865/2000 (nd-only 0, parse-fail 91) distinct_ok 1 first_hit 1 written_hist {7: 1} lean 0s (6s; 196 done, 10s/thm, ETA 9 min)
targets_depth3_831: n_ok 0/2000 (nd-only 0, parse-fail 45) distinct_ok 0 first_hit None written_hist {} lean 0s (7s; 197 done, 10s/thm, ETA 9 min)
targets_depth3_834: n_ok 0/2000 (nd-only 0, parse-fail 26) distinct_ok 0 first_hit None written_hist {} lean 0s (7s; 198 done, 10s/thm, ETA 9 min)
targets_depth3_841: n_ok 0/2000 (nd-only 0, parse-fail 261) distinct_ok 0 first_hit None written_hist {} lean 0s (7s; 199 done, 10s/thm, ETA 9 min)
targets_depth3_844: n_ok 313/2000 (nd-only 0, parse-fail 150) distinct_ok 1 first_hit 11 written_hist {7: 1} lean 0s (10s; 200 done, 10s/thm, ETA 9 min)
targets_depth3_847: n_ok 1/2000 (nd-only 0, parse-fail 265) distinct_ok 1 first_hit 1363 written_hist {8: 1} lean 0s (8s; 201 done, 10s/thm, ETA 8 min)
targets_depth3_849: n_ok 0/2000 (nd-only 0, parse-fail 1937) distinct_ok 0 first_hit None written_hist {} lean 0s (9s; 202 done, 10s/thm, ETA 8 min)
targets_depth3_851: n_ok 241/2000 (nd-only 0, parse-fail 318) distinct_ok 3 first_hit 9 written_hist {7: 1, 8: 2} lean 0s (9s; 203 done, 10s/thm, ETA 8 min)
targets_depth3_852: n_ok 0/2000 (nd-only 0, parse-fail 84) distinct_ok 0 first_hit None written_hist {} lean 0s (7s; 204 done, 10s/thm, ETA 8 min)
targets_depth3_856: n_ok 0/2000 (nd-only 0, parse-fail 48) distinct_ok 0 first_hit None written_hist {} lean 0s (8s; 205 done, 10s/thm, ETA 8 min)
targets_depth3_860: n_ok 1774/2000 (nd-only 0, parse-fail 52) distinct_ok 1 first_hit 1 written_hist {7: 1} lean 0s (8s; 206 done, 10s/thm, ETA 7 min)
targets_depth3_862: n_ok 0/2000 (nd-only 0, parse-fail 24) distinct_ok 0 first_hit None written_hist {} lean 0s (6s; 207 done, 10s/thm, ETA 7 min)
targets_depth3_864: n_ok 0/2000 (nd-only 0, parse-fail 300) distinct_ok 0 first_hit None written_hist {} lean 0s (8s; 208 done, 10s/thm, ETA 7 min)
targets_depth3_866: n_ok 757/2000 (nd-only 0, parse-fail 64) distinct_ok 2 first_hit 7 written_hist {7: 2} lean 2s (11s; 209 done, 10s/thm, ETA 7 min)
targets_depth3_868: n_ok 1877/2000 (nd-only 0, parse-fail 105) distinct_ok 2 first_hit 1 written_hist {7: 1, 8: 1} lean 1s (12s; 210 done, 10s/thm, ETA 7 min)
targets_depth3_870: n_ok 2/2000 (nd-only 0, parse-fail 238) distinct_ok 1 first_hit 458 written_hist {7: 1} lean 1s (11s; 211 done, 10s/thm, ETA 7 min)
targets_depth3_872: n_ok 1953/2000 (nd-only 0, parse-fail 39) distinct_ok 1 first_hit 1 written_hist {7: 1} lean 1s (10s; 212 done, 10s/thm, ETA 6 min)
targets_depth3_876: n_ok 23/2000 (nd-only 0, parse-fail 24) distinct_ok 2 first_hit 38 written_hist {7: 2} lean 1s (8s; 213 done, 10s/thm, ETA 6 min)
targets_depth3_880: n_ok 0/2000 (nd-only 0, parse-fail 364) distinct_ok 0 first_hit None written_hist {} lean 0s (8s; 214 done, 10s/thm, ETA 6 min)
targets_depth3_881: n_ok 1805/2000 (nd-only 0, parse-fail 118) distinct_ok 1 first_hit 1 written_hist {7: 1} lean 1s (11s; 215 done, 10s/thm, ETA 6 min)
targets_depth3_884: n_ok 1194/2000 (nd-only 0, parse-fail 129) distinct_ok 1 first_hit 1 written_hist {7: 1} lean 0s (6s; 216 done, 10s/thm, ETA 6 min)
targets_depth3_886: n_ok 449/2000 (nd-only 0, parse-fail 575) distinct_ok 2 first_hit 3 written_hist {8: 2} lean 0s (8s; 217 done, 10s/thm, ETA 6 min)
targets_depth3_888: n_ok 1778/2000 (nd-only 0, parse-fail 61) distinct_ok 2 first_hit 1 written_hist {7: 2} lean 1s (6s; 218 done, 10s/thm, ETA 5 min)
targets_depth3_889: n_ok 0/2000 (nd-only 0, parse-fail 923) distinct_ok 0 first_hit None written_hist {} lean 0s (5s; 219 done, 10s/thm, ETA 5 min)
targets_depth3_891: n_ok 0/2000 (nd-only 0, parse-fail 445) distinct_ok 0 first_hit None written_hist {} lean 0s (6s; 220 done, 10s/thm, ETA 5 min)
targets_depth3_892: n_ok 64/2000 (nd-only 0, parse-fail 262) distinct_ok 3 first_hit 15 written_hist {7: 2, 8: 1} lean 1s (10s; 221 done, 10s/thm, ETA 5 min)
targets_depth3_893: n_ok 0/2000 (nd-only 0, parse-fail 137) distinct_ok 0 first_hit None written_hist {} lean 0s (3s; 222 done, 10s/thm, ETA 5 min)
targets_depth3_896: n_ok 0/2000 (nd-only 0, parse-fail 1268) distinct_ok 0 first_hit None written_hist {} lean 0s (4s; 223 done, 10s/thm, ETA 4 min)
targets_depth3_897: n_ok 11/2000 (nd-only 0, parse-fail 432) distinct_ok 1 first_hit 239 written_hist {7: 1} lean 0s (12s; 224 done, 10s/thm, ETA 4 min)
targets_depth3_903: n_ok 1528/2000 (nd-only 0, parse-fail 48) distinct_ok 1 first_hit 1 written_hist {7: 1} lean 1s (12s; 225 done, 10s/thm, ETA 4 min)
targets_depth3_904: n_ok 72/2000 (nd-only 0, parse-fail 69) distinct_ok 1 first_hit 13 written_hist {7: 1} lean 0s (12s; 226 done, 10s/thm, ETA 4 min)
targets_depth3_909: n_ok 0/2000 (nd-only 0, parse-fail 73) distinct_ok 0 first_hit None written_hist {} lean 0s (11s; 227 done, 10s/thm, ETA 4 min)
targets_depth3_911: n_ok 1352/2000 (nd-only 0, parse-fail 58) distinct_ok 5 first_hit 2 written_hist {7: 3, 8: 2} lean 1s (10s; 228 done, 10s/thm, ETA 4 min)
targets_depth3_913: n_ok 1889/2000 (nd-only 0, parse-fail 104) distinct_ok 3 first_hit 1 written_hist {7: 2, 8: 1} lean 1s (12s; 229 done, 10s/thm, ETA 3 min)
targets_depth3_915: n_ok 0/2000 (nd-only 0, parse-fail 39) distinct_ok 0 first_hit None written_hist {} lean 0s (5s; 230 done, 10s/thm, ETA 3 min)
targets_depth3_920: n_ok 110/2000 (nd-only 0, parse-fail 349) distinct_ok 1 first_hit 55 written_hist {7: 1} lean 0s (9s; 231 done, 10s/thm, ETA 3 min)
targets_depth3_923: n_ok 1654/2000 (nd-only 0, parse-fail 59) distinct_ok 2 first_hit 1 written_hist {7: 1, 8: 1} lean 1s (8s; 232 done, 10s/thm, ETA 3 min)
targets_depth3_929: n_ok 1663/2000 (nd-only 0, parse-fail 267) distinct_ok 1 first_hit 1 written_hist {7: 1} lean 1s (7s; 233 done, 10s/thm, ETA 3 min)
targets_depth3_931: n_ok 0/2000 (nd-only 0, parse-fail 650) distinct_ok 0 first_hit None written_hist {} lean 0s (9s; 234 done, 10s/thm, ETA 3 min)
targets_depth3_934: n_ok 1806/2000 (nd-only 0, parse-fail 34) distinct_ok 2 first_hit 1 written_hist {7: 2} lean 1s (8s; 235 done, 10s/thm, ETA 2 min)
targets_depth3_938: n_ok 17/2000 (nd-only 0, parse-fail 148) distinct_ok 1 first_hit 267 written_hist {7: 1} lean 0s (8s; 236 done, 10s/thm, ETA 2 min)
targets_depth3_939: n_ok 0/2000 (nd-only 0, parse-fail 117) distinct_ok 0 first_hit None written_hist {} lean 0s (6s; 237 done, 10s/thm, ETA 2 min)
targets_depth3_940: n_ok 0/2000 (nd-only 0, parse-fail 96) distinct_ok 0 first_hit None written_hist {} lean 0s (7s; 238 done, 10s/thm, ETA 2 min)
targets_depth3_952: n_ok 0/2000 (nd-only 0, parse-fail 151) distinct_ok 0 first_hit None written_hist {} lean 0s (6s; 239 done, 10s/thm, ETA 2 min)
targets_depth3_959: n_ok 7/2000 (nd-only 0, parse-fail 138) distinct_ok 1 first_hit 378 written_hist {8: 1} lean 0s (6s; 240 done, 10s/thm, ETA 2 min)
targets_depth3_960: n_ok 0/2000 (nd-only 0, parse-fail 40) distinct_ok 0 first_hit None written_hist {} lean 0s (7s; 241 done, 10s/thm, ETA 1 min)
targets_depth3_965: n_ok 1406/2000 (nd-only 0, parse-fail 536) distinct_ok 1 first_hit 1 written_hist {7: 1} lean 1s (11s; 242 done, 10s/thm, ETA 1 min)
targets_depth3_966: n_ok 0/2000 (nd-only 0, parse-fail 1858) distinct_ok 0 first_hit None written_hist {} lean 0s (10s; 243 done, 10s/thm, ETA 1 min)
targets_depth3_967: n_ok 1935/2000 (nd-only 0, parse-fail 32) distinct_ok 1 first_hit 1 written_hist {7: 1} lean 0s (6s; 244 done, 10s/thm, ETA 1 min)
targets_depth3_971: n_ok 0/2000 (nd-only 0, parse-fail 85) distinct_ok 0 first_hit None written_hist {} lean 0s (10s; 245 done, 10s/thm, ETA 1 min)
targets_depth3_980: n_ok 0/2000 (nd-only 0, parse-fail 20) distinct_ok 0 first_hit None written_hist {} lean 0s (7s; 246 done, 10s/thm, ETA 1 min)
targets_depth3_984: n_ok 0/2000 (nd-only 0, parse-fail 1847) distinct_ok 0 first_hit None written_hist {} lean 0s (6s; 247 done, 10s/thm, ETA 0 min)
targets_depth3_986: n_ok 49/2000 (nd-only 0, parse-fail 57) distinct_ok 1 first_hit 24 written_hist {7: 1} lean 0s (8s; 248 done, 10s/thm, ETA 0 min)
targets_depth3_988: n_ok 1325/2000 (nd-only 0, parse-fail 65) distinct_ok 5 first_hit 1 written_hist {7: 3, 8: 2} lean 1s (7s; 249 done, 10s/thm, ETA 0 min)
targets_depth3_998: n_ok 0/2000 (nd-only 0, parse-fail 48) distinct_ok 0 first_hit None written_hist {} lean 0s (7s; 250 done, 10s/thm, ETA 0 min)
DONE {'samples': 500000, 'parse_fail': 210541, 'nd_ok_samples': 53048, 'both_ok_samples': 53048, 'lean_wall_s': 65.21808004379272, 'lean_proc_s': 64.81982612609863, 'nd_ok_lean_ok_texts': 3577, 'nd_ok_lean_rej_texts': 0}
END 2026-09-24T00:24:34Z
