START 2026-09-23T21:30:33Z until [ -f ckpts/dsc/stage1_a1_s1.pt ]; do sleep 30; done; python3 expert_iter.py --init ckpts/dsc/stage1_a1_s1.pt --name dsc/ei_a1_s1 --targets data/p2/targets_depth3.jsonl --transfer data/p2/transfer_depth3.jsonl --heldout data/p2/heldout.jsonl --train data/dsc/train_a1.jsonl --rounds 4 --k 32 --temperature 0.8 --batch 768 --seed 1
[lean_gate] 32000 samples, parse-fail 9366, distinct checked 19636: both ok 4981, nd-only 0, lean-only 1, both rej 14654; lean 78.7s wall (919.0s proc, 12 workers), nd_verify 7.7s
[dsc/ei_a1_s1 r1] targets (this round, pass@32) SOLVED 397/1000 = 0.397 [0.367,0.428]
  len 7: 134/166 = 0.807 [0.741,0.860]
  len 8: 74/166 = 0.446 [0.372,0.522]
  len 9: 10/166 = 0.060 [0.033,0.107]
  len 10: 46/166 = 0.277 [0.215,0.350]
  len 11: 63/166 = 0.380 [0.309,0.455]
  len 12: 70/170 = 0.412 [0.341,0.487]
  written hist {7: 359, 8: 138, 9: 7}
  pruned hist {5: 15, 6: 166, 7: 226, 8: 90, 9: 7}
  frontier written 9 pruned 9
  reasons [("parse: expected line index, got 'LEANPARSE'", 9366), ('rule check failed: IMPE', 3308), ('rule check failed: ANDI', 2965), ('rule check failed: DN', 1732), ('rule check failed: ANDE2', 1634), ('rule check failed: NEGE', 1466)]
[dsc/ei_a1_s1 r1] targets (cumulative 32 attempts) SOLVED 397/1000 = 0.397 [0.367,0.428]
  len 7: 134/166 = 0.807 [0.741,0.860]
  len 8: 74/166 = 0.446 [0.372,0.522]
  len 9: 10/166 = 0.060 [0.033,0.107]
  len 10: 46/166 = 0.277 [0.215,0.350]
  len 11: 63/166 = 0.380 [0.309,0.455]
  len 12: 70/170 = 0.412 [0.341,0.487]
  written hist {7: 359, 8: 138, 9: 7}
  pruned hist {5: 15, 6: 166, 7: 226, 8: 90, 9: 7}
  frontier written 9 pruned 9
  reasons []
[lean_gate] 16000 samples, parse-fail 4537, distinct checked 9898: both ok 2697, nd-only 0, lean-only 1, both rej 7200; lean 25.3s wall (289.0s proc, 12 workers), nd_verify 2.3s
[dsc/ei_a1_s1 r1] transfer (this round, pass@32) SOLVED 212/500 = 0.424 [0.381,0.468]
  len 7: 65/83 = 0.783 [0.683,0.858]
  len 8: 48/83 = 0.578 [0.471,0.679]
  len 9: 12/83 = 0.145 [0.085,0.236]
  len 10: 25/83 = 0.301 [0.213,0.407]
  len 11: 28/83 = 0.337 [0.245,0.444]
  len 12: 34/85 = 0.400 [0.302,0.506]
  written hist {7: 159, 8: 76, 9: 11}
  pruned hist {5: 6, 6: 76, 7: 100, 8: 56, 9: 8}
  frontier written 9 pruned 9
  reasons [("parse: expected line index, got 'LEANPARSE'", 4537), ('rule check failed: IMPE', 1853), ('rule check failed: ANDI', 1331), ('rule check failed: ANDE2', 870), ('rule check failed: DN', 685), ('rule check failed: NEGE', 630)]
[dsc/ei_a1_s1 r1] transfer (cumulative 32 attempts) SOLVED 212/500 = 0.424 [0.381,0.468]
  len 7: 65/83 = 0.783 [0.683,0.858]
  len 8: 48/83 = 0.578 [0.471,0.679]
  len 9: 12/83 = 0.145 [0.085,0.236]
  len 10: 25/83 = 0.301 [0.213,0.407]
  len 11: 28/83 = 0.337 [0.245,0.444]
  len 12: 34/85 = 0.400 [0.302,0.506]
  written hist {7: 159, 8: 76, 9: 11}
  pruned hist {5: 6, 6: 76, 7: 100, 8: 56, 9: 8}
  frontier written 9 pruned 9
  reasons []
[lean_gate] 500 samples, parse-fail 129, distinct checked 371: both ok 115, nd-only 0, lean-only 0, both rej 256; lean 1.8s wall (1.8s proc, 12 workers), nd_verify 0.0s
[dsc/ei_a1_s1 r1] transfer greedy SOLVED 115/500 = 0.230 [0.195,0.269]
  len 7: 41/83 = 0.494 [0.389,0.599]
  len 8: 25/83 = 0.301 [0.213,0.407]
  len 9: 3/83 = 0.036 [0.012,0.101]
  len 10: 9/83 = 0.108 [0.058,0.193]
  len 11: 12/83 = 0.145 [0.085,0.236]
  len 12: 25/85 = 0.294 [0.208,0.398]
  written hist {7: 85, 8: 29, 9: 1}
  pruned hist {6: 42, 7: 45, 8: 27, 9: 1}
  frontier written 8 pruned 8
  reasons [("parse: expected line index, got 'LEANPARSE'", 129), ('rule check failed: IMPE', 59), ('rule check failed: ANDI', 42), ('rule check failed: ANDE2', 26), ('rule check failed: NEGE', 23), ('rule check failed: DN', 22)]
[lean_gate] 5000 samples, parse-fail 47, distinct checked 4953: both ok 4712, nd-only 0, lean-only 1, both rej 240; lean 7.8s wall (86.0s proc, 12 workers), nd_verify 0.2s
[dsc/ei_a1_s1 r1] heldout greedy SOLVED 4712/5000 = 0.942 [0.936,0.949]
  len 2: 993/1000 = 0.993 [0.986,0.997]
  len 3: 987/1000 = 0.987 [0.978,0.992]
  len 4: 955/1000 = 0.955 [0.940,0.966]
  len 5: 937/1000 = 0.937 [0.920,0.950]
  len 6: 840/1000 = 0.840 [0.816,0.861]
  written hist {2: 1015, 3: 977, 4: 919, 5: 976, 6: 819, 7: 6}
  pruned hist {2: 1017, 3: 977, 4: 923, 5: 973, 6: 817, 7: 5}
  frontier written 7 pruned 7
  reasons [("parse: expected line index, got 'LEANPARSE'", 47), ('rule check failed: DN', 45), ('rule check failed: ANDI', 40), ('rule check failed: ANDE2', 31), ('rule check failed: IMPE', 28), ('rule check failed: ORI2', 18)]
python3 train.py --data artifacts/dsc/ei_a1_s1/mix_1.jsonl --init ckpts/dsc/stage1_a1_s1.pt --steps 600 --lr 0.0003 --min_lr 2.9999999999999997e-05 --warmup 50 --cap 0 --out ckpts/dsc/ei_a1_s1_r1.pt --seed 1001 --log_every 200
params 3214336 mode lean_seq shift True
train records 21976 max len 386
step 200 loss 0.0463 lr 2.53e-04 19s
step 400 loss 0.0433 lr 1.09e-04 38s
step 600 loss 0.0395 lr 3.00e-05 59s
saved ckpts/dsc/ei_a1_s1_r1.pt
=== round 1 done in 463s; new proofs 504; cum targets solved 397
[lean_gate] 32000 samples, parse-fail 2579, distinct checked 24318: both ok 12428, nd-only 0, lean-only 0, both rej 11890; lean 94.6s wall (1121.2s proc, 12 workers), nd_verify 1.8s
[dsc/ei_a1_s1 r2] targets (this round, pass@32) SOLVED 558/1000 = 0.558 [0.527,0.589]
  len 7: 161/166 = 0.970 [0.931,0.987]
  len 8: 122/166 = 0.735 [0.663,0.796]
  len 9: 40/166 = 0.241 [0.182,0.311]
  len 10: 70/166 = 0.422 [0.349,0.498]
  len 11: 78/166 = 0.470 [0.395,0.546]
  len 12: 87/170 = 0.512 [0.437,0.586]
  written hist {7: 452, 8: 227, 9: 46, 10: 15}
  pruned hist {5: 24, 6: 208, 7: 294, 8: 165, 9: 40, 10: 9}
  frontier written 10 pruned 10
  reasons [('rule check failed: ANDI', 3112), ("parse: expected line index, got 'LEANPARSE'", 2579), ('rule check failed: IMPE', 2304), ('rule check failed: DN', 1751), ('rule check failed: R', 1371), ('rule check failed: NEGE', 1143)]
[dsc/ei_a1_s1 r2] targets (cumulative 64 attempts) SOLVED 558/1000 = 0.558 [0.527,0.589]
  len 7: 161/166 = 0.970 [0.931,0.987]
  len 8: 122/166 = 0.735 [0.663,0.796]
  len 9: 40/166 = 0.241 [0.182,0.311]
  len 10: 70/166 = 0.422 [0.349,0.498]
  len 11: 78/166 = 0.470 [0.395,0.546]
  len 12: 87/170 = 0.512 [0.437,0.586]
  written hist {7: 456, 8: 234, 9: 46, 10: 15}
  pruned hist {5: 25, 6: 211, 7: 300, 8: 166, 9: 40, 10: 9}
  frontier written 10 pruned 10
  reasons []
[lean_gate] 16000 samples, parse-fail 1005, distinct checked 12362: both ok 5727, nd-only 0, lean-only 1, both rej 6634; lean 31.7s wall (342.9s proc, 12 workers), nd_verify 0.8s
[dsc/ei_a1_s1 r2] transfer (this round, pass@32) SOLVED 281/500 = 0.562 [0.518,0.605]
  len 7: 76/83 = 0.916 [0.836,0.959]
  len 8: 67/83 = 0.807 [0.710,0.878]
  len 9: 22/83 = 0.265 [0.182,0.369]
  len 10: 35/83 = 0.422 [0.321,0.529]
  len 11: 37/83 = 0.446 [0.344,0.553]
  len 12: 44/85 = 0.518 [0.413,0.621]
  written hist {7: 194, 8: 108, 9: 31}
  pruned hist {5: 5, 6: 92, 7: 125, 8: 94, 9: 17}
  frontier written 9 pruned 9
  reasons [('rule check failed: IMPE', 1507), ('rule check failed: ANDI', 1210), ("parse: expected line index, got 'LEANPARSE'", 1005), ('rule check failed: DN', 941), ('rule check failed: ORI2', 760), ('rule check failed: R', 584)]
[dsc/ei_a1_s1 r2] transfer (cumulative 64 attempts) SOLVED 289/500 = 0.578 [0.534,0.621]
  len 7: 77/83 = 0.928 [0.851,0.966]
  len 8: 68/83 = 0.819 [0.723,0.887]
  len 9: 23/83 = 0.277 [0.192,0.382]
  len 10: 36/83 = 0.434 [0.332,0.541]
  len 11: 39/83 = 0.470 [0.366,0.576]
  len 12: 46/85 = 0.541 [0.436,0.643]
  written hist {7: 205, 8: 122, 9: 32}
  pruned hist {5: 9, 6: 98, 7: 139, 8: 95, 9: 18}
  frontier written 9 pruned 9
  reasons []
[lean_gate] 500 samples, parse-fail 21, distinct checked 479: both ok 243, nd-only 0, lean-only 0, both rej 236; lean 1.7s wall (2.3s proc, 12 workers), nd_verify 0.0s
[dsc/ei_a1_s1 r2] transfer greedy SOLVED 243/500 = 0.486 [0.442,0.530]
  len 7: 70/83 = 0.843 [0.750,0.906]
  len 8: 60/83 = 0.723 [0.618,0.808]
  len 9: 16/83 = 0.193 [0.122,0.290]
  len 10: 31/83 = 0.373 [0.277,0.481]
  len 11: 30/83 = 0.361 [0.266,0.469]
  len 12: 36/85 = 0.424 [0.324,0.530]
  written hist {7: 154, 8: 73, 9: 16}
  pruned hist {6: 78, 7: 85, 8: 71, 9: 9}
  frontier written 9 pruned 9
  reasons [('rule check failed: IMPE', 45), ('rule check failed: ANDI', 37), ('rule check failed: DN', 27), ('rule check failed: ORI2', 25), ("parse: expected line index, got 'LEANPARSE'", 21), ('rule check failed: R', 19)]
[lean_gate] 5000 samples, parse-fail 26, distinct checked 4974: both ok 4763, nd-only 0, lean-only 0, both rej 211; lean 7.8s wall (84.6s proc, 12 workers), nd_verify 0.3s
[dsc/ei_a1_s1 r2] heldout greedy SOLVED 4763/5000 = 0.953 [0.946,0.958]
  len 2: 993/1000 = 0.993 [0.986,0.997]
  len 3: 983/1000 = 0.983 [0.973,0.989]
  len 4: 954/1000 = 0.954 [0.939,0.965]
  len 5: 926/1000 = 0.926 [0.908,0.941]
  len 6: 907/1000 = 0.907 [0.887,0.923]
  written hist {2: 1006, 3: 965, 4: 924, 5: 928, 6: 931, 7: 7, 8: 2}
  pruned hist {2: 1009, 3: 969, 4: 929, 5: 924, 6: 928, 7: 3, 8: 1}
  frontier written 7 pruned 6
  reasons [('rule check failed: ANDI', 47), ('rule check failed: IMPE', 32), ("parse: expected line index, got 'LEANPARSE'", 26), ('rule check failed: DN', 26), ('rule check failed: ORI2', 20), ('rule check failed: ANDE2', 19)]
python3 train.py --data artifacts/dsc/ei_a1_s1/mix_2.jsonl --init ckpts/dsc/ei_a1_s1_r1.pt --steps 600 --lr 0.0003 --min_lr 2.9999999999999997e-05 --warmup 50 --cap 0 --out ckpts/dsc/ei_a1_s1_r2.pt --seed 1002 --log_every 200
params 3214336 mode lean_seq shift True
train records 22916 max len 405
step 200 loss 0.0449 lr 2.53e-04 21s
step 400 loss 0.0444 lr 1.09e-04 45s
step 600 loss 0.0411 lr 3.00e-05 75s
saved ckpts/dsc/ei_a1_s1_r2.pt
=== round 2 done in 495s; new proofs 247; cum targets solved 558
[lean_gate] 32000 samples, parse-fail 1939, distinct checked 24653: both ok 14469, nd-only 0, lean-only 1, both rej 10183; lean 59.0s wall (691.0s proc, 12 workers), nd_verify 1.5s
[dsc/ei_a1_s1 r3] targets (this round, pass@32) SOLVED 601/1000 = 0.601 [0.570,0.631]
  len 7: 164/166 = 0.988 [0.957,0.997]
  len 8: 139/166 = 0.837 [0.774,0.886]
  len 9: 49/166 = 0.295 [0.231,0.369]
  len 10: 73/166 = 0.440 [0.366,0.516]
  len 11: 82/166 = 0.494 [0.419,0.569]
  len 12: 94/170 = 0.553 [0.478,0.626]
  written hist {7: 479, 8: 271, 9: 69, 10: 23, 11: 3}
  pruned hist {5: 32, 6: 220, 7: 324, 8: 203, 9: 53, 10: 11, 11: 2}
  frontier written 10 pruned 10
  reasons [('rule check failed: ANDI', 3142), ("parse: expected line index, got 'LEANPARSE'", 1939), ('rule check failed: IMPE', 1552), ('rule check failed: DN', 1310), ('rule check failed: R', 1146), ('rule check failed: NEGE', 1053)]
[dsc/ei_a1_s1 r3] targets (cumulative 96 attempts) SOLVED 601/1000 = 0.601 [0.570,0.631]
  len 7: 164/166 = 0.988 [0.957,0.997]
  len 8: 139/166 = 0.837 [0.774,0.886]
  len 9: 49/166 = 0.295 [0.231,0.369]
  len 10: 73/166 = 0.440 [0.366,0.516]
  len 11: 82/166 = 0.494 [0.419,0.569]
  len 12: 94/170 = 0.553 [0.478,0.626]
  written hist {7: 484, 8: 277, 9: 70, 10: 24, 11: 3}
  pruned hist {5: 33, 6: 224, 7: 330, 8: 203, 9: 54, 10: 12, 11: 2}
  frontier written 10 pruned 10
  reasons []
[lean_gate] 16000 samples, parse-fail 929, distinct checked 12395: both ok 6351, nd-only 0, lean-only 0, both rej 6044; lean 30.3s wall (327.2s proc, 12 workers), nd_verify 5.5s
[dsc/ei_a1_s1 r3] transfer (this round, pass@32) SOLVED 301/500 = 0.602 [0.558,0.644]
  len 7: 80/83 = 0.964 [0.899,0.988]
  len 8: 69/83 = 0.831 [0.737,0.897]
  len 9: 29/83 = 0.349 [0.256,0.457]
  len 10: 39/83 = 0.470 [0.366,0.576]
  len 11: 40/83 = 0.482 [0.378,0.588]
  len 12: 44/85 = 0.518 [0.413,0.621]
  written hist {7: 204, 8: 112, 9: 38, 10: 4}
  pruned hist {5: 7, 6: 96, 7: 126, 8: 102, 9: 24, 10: 3}
  frontier written 9 pruned 9
  reasons [('rule check failed: ANDI', 1203), ('rule check failed: IMPE', 1183), ("parse: expected line index, got 'LEANPARSE'", 929), ('rule check failed: ORI2', 764), ('rule check failed: DN', 718), ('rule check failed: ORI1', 624)]
[dsc/ei_a1_s1 r3] transfer (cumulative 96 attempts) SOLVED 312/500 = 0.624 [0.581,0.665]
  len 7: 80/83 = 0.964 [0.899,0.988]
  len 8: 71/83 = 0.855 [0.764,0.915]
  len 9: 30/83 = 0.361 [0.266,0.469]
  len 10: 41/83 = 0.494 [0.389,0.599]
  len 11: 42/83 = 0.506 [0.401,0.611]
  len 12: 48/85 = 0.565 [0.459,0.665]
  written hist {7: 219, 8: 134, 9: 39, 10: 4}
  pruned hist {5: 13, 6: 104, 7: 147, 8: 104, 9: 25, 10: 3}
  frontier written 9 pruned 9
  reasons []
[lean_gate] 500 samples, parse-fail 19, distinct checked 481: both ok 258, nd-only 0, lean-only 0, both rej 223; lean 10.6s wall (14.8s proc, 12 workers), nd_verify 0.0s
[dsc/ei_a1_s1 r3] transfer greedy SOLVED 258/500 = 0.516 [0.472,0.560]
  len 7: 70/83 = 0.843 [0.750,0.906]
  len 8: 62/83 = 0.747 [0.644,0.828]
  len 9: 19/83 = 0.229 [0.152,0.330]
  len 10: 35/83 = 0.422 [0.321,0.529]
  len 11: 34/83 = 0.410 [0.310,0.517]
  len 12: 38/85 = 0.447 [0.346,0.553]
  written hist {7: 161, 8: 77, 9: 18, 10: 2}
  pruned hist {6: 84, 7: 88, 8: 72, 9: 13, 10: 1}
  frontier written 9 pruned 9
  reasons [('rule check failed: ANDI', 39), ('rule check failed: IMPE', 37), ('rule check failed: ORI2', 25), ('rule check failed: DN', 24), ('rule check failed: R', 22), ("parse: expected line index, got 'LEANPARSE'", 19)]
[lean_gate] 5000 samples, parse-fail 26, distinct checked 4974: both ok 4777, nd-only 0, lean-only 1, both rej 196; lean 7.2s wall (79.5s proc, 12 workers), nd_verify 0.2s
[dsc/ei_a1_s1 r3] heldout greedy SOLVED 4777/5000 = 0.955 [0.949,0.961]
  len 2: 998/1000 = 0.998 [0.993,0.999]
  len 3: 984/1000 = 0.984 [0.974,0.990]
  len 4: 944/1000 = 0.944 [0.928,0.957]
  len 5: 930/1000 = 0.930 [0.912,0.944]
  len 6: 921/1000 = 0.921 [0.903,0.936]
  written hist {2: 1013, 3: 975, 4: 905, 5: 963, 6: 916, 7: 5}
  pruned hist {2: 1015, 3: 978, 4: 913, 5: 953, 6: 914, 7: 4}
  frontier written 7 pruned 6
  reasons [('rule check failed: ANDI', 54), ("parse: expected line index, got 'LEANPARSE'", 26), ('rule check failed: IMPE', 26), ('rule check failed: ORI2', 19), ('rule check failed: DN', 18), ('rule check failed: ANDE1', 15)]
python3 train.py --data artifacts/dsc/ei_a1_s1/mix_3.jsonl --init ckpts/dsc/ei_a1_s1_r2.pt --steps 600 --lr 0.0003 --min_lr 2.9999999999999997e-05 --warmup 50 --cap 0 --out ckpts/dsc/ei_a1_s1_r3.pt --seed 1003 --log_every 200
params 3214336 mode lean_seq shift True
train records 23292 max len 434
step 200 loss 0.0445 lr 2.53e-04 22s
step 400 loss 0.0450 lr 1.09e-04 47s
step 600 loss 0.0423 lr 3.00e-05 70s
saved ckpts/dsc/ei_a1_s1_r3.pt
=== round 3 done in 454s; new proofs 107; cum targets solved 601
[lean_gate] 32000 samples, parse-fail 1701, distinct checked 24889: both ok 15223, nd-only 0, lean-only 0, both rej 9666; lean 65.5s wall (758.2s proc, 12 workers), nd_verify 1.6s
[dsc/ei_a1_s1 r4] targets (this round, pass@32) SOLVED 619/1000 = 0.619 [0.588,0.649]
  len 7: 165/166 = 0.994 [0.967,0.999]
  len 8: 141/166 = 0.849 [0.787,0.896]
  len 9: 56/166 = 0.337 [0.270,0.412]
  len 10: 75/166 = 0.452 [0.378,0.528]
  len 11: 85/166 = 0.512 [0.437,0.587]
  len 12: 97/170 = 0.571 [0.495,0.643]
  written hist {7: 484, 8: 305, 9: 82, 10: 34, 11: 4}
  pruned hist {5: 34, 6: 227, 7: 348, 8: 219, 9: 60, 10: 19, 11: 2}
  frontier written 10 pruned 10
  reasons [('rule check failed: ANDI', 3197), ("parse: expected line index, got 'LEANPARSE'", 1701), ('rule check failed: IMPE', 1539), ('rule check failed: DN', 1374), ('rule check failed: NEGE', 990), ('rule check failed: ORI1', 929)]
[dsc/ei_a1_s1 r4] targets (cumulative 128 attempts) SOLVED 619/1000 = 0.619 [0.588,0.649]
  len 7: 165/166 = 0.994 [0.967,0.999]
  len 8: 141/166 = 0.849 [0.787,0.896]
  len 9: 56/166 = 0.337 [0.270,0.412]
  len 10: 75/166 = 0.452 [0.378,0.528]
  len 11: 85/166 = 0.512 [0.437,0.587]
  len 12: 97/170 = 0.571 [0.495,0.643]
  written hist {7: 493, 8: 315, 9: 82, 10: 35, 11: 4}
  pruned hist {5: 36, 6: 232, 7: 356, 8: 223, 9: 60, 10: 20, 11: 2}
  frontier written 10 pruned 10
  reasons []
[lean_gate] 16000 samples, parse-fail 905, distinct checked 12465: both ok 6670, nd-only 0, lean-only 7, both rej 5788; lean 30.8s wall (334.7s proc, 12 workers), nd_verify 0.8s
[dsc/ei_a1_s1 r4] transfer (this round, pass@32) SOLVED 306/500 = 0.612 [0.569,0.654]
  len 7: 78/83 = 0.940 [0.867,0.974]
  len 8: 72/83 = 0.867 [0.778,0.924]
  len 9: 27/83 = 0.325 [0.234,0.432]
  len 10: 41/83 = 0.494 [0.389,0.599]
  len 11: 40/83 = 0.482 [0.378,0.588]
  len 12: 48/85 = 0.565 [0.459,0.665]
  written hist {7: 207, 8: 144, 9: 36, 10: 6}
  pruned hist {5: 7, 6: 108, 7: 138, 8: 114, 9: 21, 10: 5}
  frontier written 10 pruned 10
  reasons [('rule check failed: ANDI', 1307), ('rule check failed: IMPE', 1236), ("parse: expected line index, got 'LEANPARSE'", 905), ('rule check failed: DN', 776), ('rule check failed: ORI1', 685), ('rule check failed: ORI2', 675)]
[dsc/ei_a1_s1 r4] transfer (cumulative 128 attempts) SOLVED 321/500 = 0.642 [0.599,0.683]
  len 7: 80/83 = 0.964 [0.899,0.988]
  len 8: 73/83 = 0.880 [0.792,0.933]
  len 9: 32/83 = 0.386 [0.288,0.493]
  len 10: 43/83 = 0.518 [0.412,0.622]
  len 11: 43/83 = 0.518 [0.412,0.622]
  len 12: 50/85 = 0.588 [0.482,0.687]
  written hist {7: 223, 8: 158, 9: 43, 10: 7}
  pruned hist {5: 13, 6: 113, 7: 154, 8: 118, 9: 27, 10: 6}
  frontier written 10 pruned 10
  reasons []
[lean_gate] 500 samples, parse-fail 21, distinct checked 479: both ok 271, nd-only 0, lean-only 0, both rej 208; lean 1.7s wall (2.3s proc, 12 workers), nd_verify 0.0s
[dsc/ei_a1_s1 r4] transfer greedy SOLVED 271/500 = 0.542 [0.498,0.585]
  len 7: 71/83 = 0.855 [0.764,0.915]
  len 8: 65/83 = 0.783 [0.683,0.858]
  len 9: 23/83 = 0.277 [0.192,0.382]
  len 10: 36/83 = 0.434 [0.332,0.541]
  len 11: 37/83 = 0.446 [0.344,0.553]
  len 12: 39/85 = 0.459 [0.357,0.564]
  written hist {7: 165, 8: 84, 9: 22}
  pruned hist {6: 88, 7: 92, 8: 78, 9: 13}
  frontier written 9 pruned 9
  reasons [('rule check failed: ANDI', 41), ('rule check failed: IMPE', 40), ('rule check failed: DN', 30), ('rule check failed: ORI1', 24), ("parse: expected line index, got 'LEANPARSE'", 21), ('rule check failed: ORI2', 20)]
[lean_gate] 5000 samples, parse-fail 23, distinct checked 4977: both ok 4792, nd-only 0, lean-only 1, both rej 184; lean 8.4s wall (91.3s proc, 12 workers), nd_verify 1.2s
[dsc/ei_a1_s1 r4] heldout greedy SOLVED 4792/5000 = 0.958 [0.953,0.964]
  len 2: 996/1000 = 0.996 [0.990,0.998]
  len 3: 981/1000 = 0.981 [0.971,0.988]
  len 4: 951/1000 = 0.951 [0.936,0.963]
  len 5: 939/1000 = 0.939 [0.922,0.952]
  len 6: 925/1000 = 0.925 [0.907,0.940]
  written hist {2: 1017, 3: 966, 4: 913, 5: 968, 6: 924, 7: 4}
  pruned hist {2: 1020, 3: 969, 4: 919, 5: 959, 6: 922, 7: 3}
  frontier written 6 pruned 6
  reasons [('rule check failed: ANDI', 49), ('rule check failed: IMPE', 31), ("parse: expected line index, got 'LEANPARSE'", 23), ('rule check failed: DN', 19), ('rule check failed: ORI2', 14), ('rule check failed: ANDE1', 13)]
python3 train.py --data artifacts/dsc/ei_a1_s1/mix_4.jsonl --init ckpts/dsc/ei_a1_s1_r3.pt --steps 600 --lr 0.0003 --min_lr 2.9999999999999997e-05 --warmup 50 --cap 0 --out ckpts/dsc/ei_a1_s1_r4.pt --seed 1004 --log_every 200
params 3214336 mode lean_seq shift True
train records 23508 max len 423
step 200 loss 0.0428 lr 2.53e-04 16s
step 400 loss 0.0439 lr 1.09e-04 38s
step 600 loss 0.0412 lr 3.00e-05 57s
saved ckpts/dsc/ei_a1_s1_r4.pt
=== round 4 done in 470s; new proofs 71; cum targets solved 619
END 2026-09-23T22:01:59Z
