START 2026-09-23T21:35:29Z until [ -f ckpts/dsc/stage1_a3_s1.pt ]; do sleep 30; done; python3 expert_iter.py --init ckpts/dsc/stage1_a3_s1.pt --name dsc/ei_a3_s1 --targets data/p2/targets_depth3.jsonl --transfer data/p2/transfer_depth3.jsonl --heldout data/p2/heldout.jsonl --train data/dsc/train_a3.jsonl --rounds 4 --k 32 --temperature 0.8 --batch 768 --seed 1
[lean_gate] 32000 samples, parse-fail 6424, distinct checked 22610: both ok 10828, nd-only 0, lean-only 1, both rej 11781; lean 96.8s wall (1118.9s proc, 12 workers), nd_verify 1.4s
[dsc/ei_a3_s1 r1] targets (this round, pass@32) SOLVED 757/1000 = 0.757 [0.729,0.783]
  len 7: 151/166 = 0.910 [0.856,0.944]
  len 8: 144/166 = 0.867 [0.807,0.911]
  len 9: 124/166 = 0.747 [0.676,0.807]
  len 10: 109/166 = 0.657 [0.582,0.725]
  len 11: 107/166 = 0.645 [0.569,0.713]
  len 12: 122/170 = 0.718 [0.646,0.780]
  written hist {7: 485, 8: 352, 9: 347, 10: 178, 11: 53, 12: 12}
  pruned hist {5: 33, 6: 262, 7: 385, 8: 325, 9: 264, 10: 123, 11: 29, 12: 6}
  frontier written 12 pruned 12
  reasons [("parse: expected line index, got 'LEANPARSE'", 6424), ('rule check failed: NEGE', 2597), ('rule check failed: IMPE', 2051), ('rule check failed: DN', 2039), ('rule check failed: ANDI', 1770), ('final formula is not the conclusion', 916)]
[dsc/ei_a3_s1 r1] targets (cumulative 32 attempts) SOLVED 757/1000 = 0.757 [0.729,0.783]
  len 7: 151/166 = 0.910 [0.856,0.944]
  len 8: 144/166 = 0.867 [0.807,0.911]
  len 9: 124/166 = 0.747 [0.676,0.807]
  len 10: 109/166 = 0.657 [0.582,0.725]
  len 11: 107/166 = 0.645 [0.569,0.713]
  len 12: 122/170 = 0.718 [0.646,0.780]
  written hist {7: 485, 8: 352, 9: 347, 10: 178, 11: 53, 12: 12}
  pruned hist {5: 33, 6: 262, 7: 385, 8: 325, 9: 264, 10: 123, 11: 29, 12: 6}
  frontier written 12 pruned 12
  reasons []
[lean_gate] 16000 samples, parse-fail 2858, distinct checked 11595: both ok 5443, nd-only 0, lean-only 0, both rej 6152; lean 69.1s wall (763.1s proc, 12 workers), nd_verify 0.7s
[dsc/ei_a3_s1 r1] transfer (this round, pass@32) SOLVED 390/500 = 0.780 [0.742,0.814]
  len 7: 75/83 = 0.904 [0.821,0.950]
  len 8: 75/83 = 0.904 [0.821,0.950]
  len 9: 63/83 = 0.759 [0.657,0.838]
  len 10: 56/83 = 0.675 [0.568,0.766]
  len 11: 56/83 = 0.675 [0.568,0.766]
  len 12: 65/85 = 0.765 [0.664,0.842]
  written hist {7: 241, 8: 161, 9: 167, 10: 90, 11: 26, 12: 3, 13: 2}
  pruned hist {5: 11, 6: 132, 7: 170, 8: 163, 9: 126, 10: 64, 11: 21, 12: 1, 13: 2}
  frontier written 11 pruned 11
  reasons [("parse: expected line index, got 'LEANPARSE'", 2858), ('rule check failed: NEGE', 1374), ('rule check failed: IMPE', 1117), ('rule check failed: DN', 872), ('rule check failed: ANDI', 719), ('final formula is not the conclusion', 618)]
[dsc/ei_a3_s1 r1] transfer (cumulative 32 attempts) SOLVED 390/500 = 0.780 [0.742,0.814]
  len 7: 75/83 = 0.904 [0.821,0.950]
  len 8: 75/83 = 0.904 [0.821,0.950]
  len 9: 63/83 = 0.759 [0.657,0.838]
  len 10: 56/83 = 0.675 [0.568,0.766]
  len 11: 56/83 = 0.675 [0.568,0.766]
  len 12: 65/85 = 0.765 [0.664,0.842]
  written hist {7: 241, 8: 161, 9: 167, 10: 90, 11: 26, 12: 3, 13: 2}
  pruned hist {5: 11, 6: 132, 7: 170, 8: 163, 9: 126, 10: 64, 11: 21, 12: 1, 13: 2}
  frontier written 11 pruned 11
  reasons []
[lean_gate] 500 samples, parse-fail 54, distinct checked 446: both ok 244, nd-only 0, lean-only 0, both rej 202; lean 2.2s wall (2.7s proc, 12 workers), nd_verify 0.0s
[dsc/ei_a3_s1 r1] transfer greedy SOLVED 244/500 = 0.488 [0.444,0.532]
  len 7: 50/83 = 0.602 [0.495,0.701]
  len 8: 52/83 = 0.627 [0.519,0.723]
  len 9: 29/83 = 0.349 [0.256,0.457]
  len 10: 41/83 = 0.494 [0.389,0.599]
  len 11: 30/83 = 0.361 [0.266,0.469]
  len 12: 42/85 = 0.494 [0.390,0.598]
  written hist {7: 128, 8: 64, 9: 31, 10: 18, 11: 3}
  pruned hist {5: 3, 6: 60, 7: 72, 8: 63, 9: 26, 10: 17, 11: 3}
  frontier written 10 pruned 10
  reasons [("parse: expected line index, got 'LEANPARSE'", 54), ('rule check failed: NEGE', 41), ('rule check failed: IMPE', 36), ('rule check failed: ANDI', 28), ('rule check failed: DN', 22), ('rule check failed: ANDE2', 15)]
[lean_gate] 5000 samples, parse-fail 25, distinct checked 4975: both ok 4767, nd-only 0, lean-only 1, both rej 207; lean 12.0s wall (132.8s proc, 12 workers), nd_verify 0.2s
[dsc/ei_a3_s1 r1] heldout greedy SOLVED 4767/5000 = 0.953 [0.947,0.959]
  len 2: 997/1000 = 0.997 [0.991,0.999]
  len 3: 994/1000 = 0.994 [0.987,0.997]
  len 4: 959/1000 = 0.959 [0.945,0.970]
  len 5: 948/1000 = 0.948 [0.932,0.960]
  len 6: 869/1000 = 0.869 [0.847,0.889]
  written hist {2: 1015, 3: 988, 4: 921, 5: 980, 6: 795, 7: 54, 8: 11, 9: 2, 10: 1}
  pruned hist {2: 1015, 3: 992, 4: 929, 5: 975, 6: 804, 7: 39, 8: 10, 9: 2, 10: 1}
  frontier written 8 pruned 8
  reasons [('rule check failed: DN', 42), ('rule check failed: ANDI', 37), ('rule check failed: IMPE', 28), ('rule check failed: NEGE', 26), ("parse: expected line index, got 'LEANPARSE'", 25), ('rule check failed: ORI2', 18)]
python3 train.py --data artifacts/dsc/ei_a3_s1/mix_1.jsonl --init ckpts/dsc/stage1_a3_s1.pt --steps 600 --lr 0.0003 --min_lr 2.9999999999999997e-05 --warmup 50 --cap 0 --out ckpts/dsc/ei_a3_s1_r1.pt --seed 1001 --log_every 200
params 3214336 mode lean_seq shift True
train records 25488 max len 558
step 200 loss 0.0426 lr 2.53e-04 31s
step 400 loss 0.0455 lr 1.09e-04 53s
step 600 loss 0.0435 lr 3.00e-05 75s
saved ckpts/dsc/ei_a3_s1_r1.pt
=== round 1 done in 664s; new proofs 1427; cum targets solved 757
[lean_gate] 32000 samples, parse-fail 1597, distinct checked 26014: both ok 20236, nd-only 0, lean-only 0, both rej 5778; lean 150.1s wall (1768.4s proc, 12 workers), nd_verify 1.7s
[dsc/ei_a3_s1 r2] targets (this round, pass@32) SOLVED 866/1000 = 0.866 [0.843,0.886]
  len 7: 164/166 = 0.988 [0.957,0.997]
  len 8: 158/166 = 0.952 [0.908,0.975]
  len 9: 147/166 = 0.886 [0.828,0.925]
  len 10: 129/166 = 0.777 [0.708,0.834]
  len 11: 133/166 = 0.801 [0.734,0.855]
  len 12: 135/170 = 0.794 [0.727,0.848]
  written hist {7: 549, 8: 479, 9: 504, 10: 262, 11: 102, 12: 18, 13: 3, 14: 1}
  pruned hist {5: 45, 6: 342, 7: 470, 8: 436, 9: 380, 10: 174, 11: 55, 12: 14, 13: 2}
  frontier written 12 pruned 12
  reasons [("parse: expected line index, got 'LEANPARSE'", 1597), ('rule check failed: DN', 1309), ('rule check failed: ANDI', 1271), ('rule check failed: NEGE', 1021), ('rule check failed: IMPE', 660), ('rule check failed: ANDE2', 538)]
[dsc/ei_a3_s1 r2] targets (cumulative 64 attempts) SOLVED 866/1000 = 0.866 [0.843,0.886]
  len 7: 164/166 = 0.988 [0.957,0.997]
  len 8: 158/166 = 0.952 [0.908,0.975]
  len 9: 147/166 = 0.886 [0.828,0.925]
  len 10: 129/166 = 0.777 [0.708,0.834]
  len 11: 133/166 = 0.801 [0.734,0.855]
  len 12: 135/170 = 0.794 [0.727,0.848]
  written hist {7: 555, 8: 497, 9: 519, 10: 269, 11: 106, 12: 20, 13: 3, 14: 1}
  pruned hist {5: 56, 6: 349, 7: 480, 8: 451, 9: 388, 10: 175, 11: 55, 12: 14, 13: 2}
  frontier written 12 pruned 12
  reasons []
[lean_gate] 16000 samples, parse-fail 818, distinct checked 13020: both ok 8277, nd-only 0, lean-only 0, both rej 4743; lean 64.0s wall (719.2s proc, 12 workers), nd_verify 0.9s
[dsc/ei_a3_s1 r2] transfer (this round, pass@32) SOLVED 432/500 = 0.864 [0.831,0.891]
  len 7: 81/83 = 0.976 [0.916,0.993]
  len 8: 77/83 = 0.928 [0.851,0.966]
  len 9: 72/83 = 0.867 [0.778,0.924]
  len 10: 70/83 = 0.843 [0.750,0.906]
  len 11: 64/83 = 0.771 [0.670,0.848]
  len 12: 68/85 = 0.800 [0.703,0.871]
  written hist {7: 265, 8: 213, 9: 209, 10: 104, 11: 53, 12: 5, 13: 4}
  pruned hist {5: 12, 6: 159, 7: 208, 8: 184, 9: 168, 10: 81, 11: 34, 12: 3, 13: 4}
  frontier written 12 pruned 11
  reasons [("parse: expected line index, got 'LEANPARSE'", 818), ('rule check failed: DN', 797), ('rule check failed: IMPE', 723), ('rule check failed: NEGE', 688), ('rule check failed: ANDI', 641), ('rule check failed: ANDE2', 546)]
[dsc/ei_a3_s1 r2] transfer (cumulative 64 attempts) SOLVED 444/500 = 0.888 [0.857,0.913]
  len 7: 82/83 = 0.988 [0.935,0.998]
  len 8: 79/83 = 0.952 [0.883,0.981]
  len 9: 72/83 = 0.867 [0.778,0.924]
  len 10: 71/83 = 0.855 [0.764,0.915]
  len 11: 69/83 = 0.831 [0.737,0.897]
  len 12: 71/85 = 0.835 [0.742,0.899]
  written hist {7: 279, 8: 245, 9: 268, 10: 142, 11: 67, 12: 7, 13: 4}
  pruned hist {5: 15, 6: 178, 7: 228, 8: 232, 9: 205, 10: 102, 11: 44, 12: 4, 13: 4}
  frontier written 12 pruned 11
  reasons []
[lean_gate] 500 samples, parse-fail 16, distinct checked 484: both ok 325, nd-only 0, lean-only 0, both rej 159; lean 2.3s wall (3.2s proc, 12 workers), nd_verify 0.0s
[dsc/ei_a3_s1 r2] transfer greedy SOLVED 325/500 = 0.650 [0.607,0.691]
  len 7: 67/83 = 0.807 [0.710,0.878]
  len 8: 67/83 = 0.807 [0.710,0.878]
  len 9: 47/83 = 0.566 [0.459,0.668]
  len 10: 53/83 = 0.639 [0.531,0.734]
  len 11: 41/83 = 0.494 [0.389,0.599]
  len 12: 50/85 = 0.588 [0.482,0.687]
  written hist {7: 165, 8: 81, 9: 51, 10: 23, 11: 4, 13: 1}
  pruned hist {5: 1, 6: 80, 7: 99, 8: 75, 9: 44, 10: 21, 11: 4, 13: 1}
  frontier written 10 pruned 10
  reasons [('rule check failed: DN', 24), ('rule check failed: NEGE', 23), ('rule check failed: IMPE', 22), ('rule check failed: ANDI', 19), ("parse: expected line index, got 'LEANPARSE'", 16), ('rule check failed: ORI2', 15)]
[lean_gate] 5000 samples, parse-fail 33, distinct checked 4967: both ok 4821, nd-only 0, lean-only 1, both rej 145; lean 13.9s wall (157.5s proc, 12 workers), nd_verify 0.3s
[dsc/ei_a3_s1 r2] heldout greedy SOLVED 4821/5000 = 0.964 [0.959,0.969]
  len 2: 998/1000 = 0.998 [0.993,0.999]
  len 3: 989/1000 = 0.989 [0.980,0.994]
  len 4: 969/1000 = 0.969 [0.956,0.978]
  len 5: 952/1000 = 0.952 [0.937,0.964]
  len 6: 913/1000 = 0.913 [0.894,0.929]
  written hist {2: 1009, 3: 982, 4: 920, 5: 964, 6: 869, 7: 58, 8: 12, 9: 7}
  pruned hist {2: 1010, 3: 984, 4: 925, 5: 965, 6: 871, 7: 50, 8: 10, 9: 6}
  frontier written 9 pruned 9
  reasons [("parse: expected line index, got 'LEANPARSE'", 33), ('rule check failed: ANDI', 28), ('rule check failed: DN', 23), ('rule check failed: IMPE', 22), ('rule check failed: ORI2', 14), ('rule check failed: ANDE2', 13)]
python3 train.py --data artifacts/dsc/ei_a3_s1/mix_2.jsonl --init ckpts/dsc/ei_a3_s1_r1.pt --steps 600 --lr 0.0003 --min_lr 2.9999999999999997e-05 --warmup 50 --cap 0 --out ckpts/dsc/ei_a3_s1_r2.pt --seed 1002 --log_every 200
params 3214336 mode lean_seq shift True
train records 27252 max len 439
step 200 loss 0.0457 lr 2.53e-04 33s
step 400 loss 0.0442 lr 1.09e-04 86s
step 600 loss 0.0426 lr 3.00e-05 135s
saved ckpts/dsc/ei_a3_s1_r2.pt
=== round 2 done in 762s; new proofs 543; cum targets solved 866
[lean_gate] 32000 samples, parse-fail 1085, distinct checked 26458: both ok 22597, nd-only 0, lean-only 0, both rej 3861; lean 104.4s wall (1211.9s proc, 12 workers), nd_verify 1.8s
[dsc/ei_a3_s1 r3] targets (this round, pass@32) SOLVED 889/1000 = 0.889 [0.868,0.907]
  len 7: 165/166 = 0.994 [0.967,0.999]
  len 8: 159/166 = 0.958 [0.916,0.979]
  len 9: 150/166 = 0.904 [0.849,0.940]
  len 10: 137/166 = 0.825 [0.760,0.876]
  len 11: 139/166 = 0.837 [0.774,0.886]
  len 12: 139/170 = 0.818 [0.753,0.868]
  written hist {7: 566, 8: 528, 9: 576, 10: 318, 11: 153, 12: 24, 13: 5, 14: 1}
  pruned hist {5: 47, 6: 396, 7: 501, 8: 494, 9: 424, 10: 214, 11: 78, 12: 14, 13: 3}
  frontier written 13 pruned 12
  reasons [('rule check failed: ANDI', 1134), ("parse: expected line index, got 'LEANPARSE'", 1085), ('rule check failed: DN', 895), ('rule check failed: NEGE', 583), ('rule check failed: ANDE2', 351), ('rule check failed: IMPE', 338)]
[dsc/ei_a3_s1 r3] targets (cumulative 96 attempts) SOLVED 889/1000 = 0.889 [0.868,0.907]
  len 7: 165/166 = 0.994 [0.967,0.999]
  len 8: 159/166 = 0.958 [0.916,0.979]
  len 9: 150/166 = 0.904 [0.849,0.940]
  len 10: 137/166 = 0.825 [0.760,0.876]
  len 11: 139/166 = 0.837 [0.774,0.886]
  len 12: 139/170 = 0.818 [0.753,0.868]
  written hist {7: 585, 8: 561, 9: 611, 10: 332, 11: 160, 12: 27, 13: 5, 14: 1}
  pruned hist {5: 66, 6: 410, 7: 524, 8: 522, 9: 443, 10: 219, 11: 79, 12: 16, 13: 3}
  frontier written 13 pruned 12
  reasons []
[lean_gate] 16000 samples, parse-fail 797, distinct checked 12951: both ok 8853, nd-only 0, lean-only 0, both rej 4098; lean 87.7s wall (920.6s proc, 12 workers), nd_verify 16.6s
[dsc/ei_a3_s1 r3] transfer (this round, pass@32) SOLVED 440/500 = 0.880 [0.849,0.906]
  len 7: 81/83 = 0.976 [0.916,0.993]
  len 8: 78/83 = 0.940 [0.867,0.974]
  len 9: 72/83 = 0.867 [0.778,0.924]
  len 10: 74/83 = 0.892 [0.807,0.942]
  len 11: 64/83 = 0.771 [0.670,0.848]
  len 12: 71/85 = 0.835 [0.742,0.899]
  written hist {7: 267, 8: 221, 9: 219, 10: 133, 11: 65, 12: 9, 13: 4, 14: 1}
  pruned hist {5: 13, 6: 168, 7: 216, 8: 204, 9: 168, 10: 101, 11: 41, 12: 4, 13: 4}
  frontier written 12 pruned 11
  reasons [("parse: expected line index, got 'LEANPARSE'", 797), ('rule check failed: ANDI', 771), ('rule check failed: DN', 614), ('rule check failed: NEGE', 601), ('rule check failed: IMPE', 544), ('rule check failed: ANDE2', 485)]
[dsc/ei_a3_s1 r3] transfer (cumulative 96 attempts) SOLVED 456/500 = 0.912 [0.884,0.934]
  len 7: 82/83 = 0.988 [0.935,0.998]
  len 8: 81/83 = 0.976 [0.916,0.993]
  len 9: 75/83 = 0.904 [0.821,0.950]
  len 10: 75/83 = 0.904 [0.821,0.950]
  len 11: 69/83 = 0.831 [0.737,0.897]
  len 12: 74/85 = 0.871 [0.783,0.926]
  written hist {7: 287, 8: 288, 9: 324, 10: 182, 11: 94, 12: 12, 13: 5, 14: 1}
  pruned hist {5: 17, 6: 205, 7: 253, 8: 279, 9: 240, 10: 128, 11: 59, 12: 7, 13: 5}
  frontier written 13 pruned 13
  reasons []
[lean_gate] 500 samples, parse-fail 14, distinct checked 486: both ok 345, nd-only 0, lean-only 0, both rej 141; lean 2.5s wall (3.6s proc, 12 workers), nd_verify 0.0s
[dsc/ei_a3_s1 r3] transfer greedy SOLVED 345/500 = 0.690 [0.648,0.729]
  len 7: 71/83 = 0.855 [0.764,0.915]
  len 8: 72/83 = 0.867 [0.778,0.924]
  len 9: 51/83 = 0.614 [0.507,0.712]
  len 10: 55/83 = 0.663 [0.556,0.755]
  len 11: 46/83 = 0.554 [0.447,0.656]
  len 12: 50/85 = 0.588 [0.482,0.687]
  written hist {7: 171, 8: 85, 9: 58, 10: 25, 11: 5, 13: 1}
  pruned hist {5: 1, 6: 82, 7: 105, 8: 86, 9: 45, 10: 22, 11: 3, 13: 1}
  frontier written 11 pruned 10
  reasons [('rule check failed: ANDI', 27), ('rule check failed: NEGE', 19), ('rule check failed: ANDE2', 16), ('rule check failed: ORI2', 14), ("parse: expected line index, got 'LEANPARSE'", 14), ('rule check failed: IMPE', 14)]
[lean_gate] 5000 samples, parse-fail 29, distinct checked 4971: both ok 4828, nd-only 0, lean-only 1, both rej 142; lean 12.0s wall (134.2s proc, 12 workers), nd_verify 0.2s
[dsc/ei_a3_s1 r3] heldout greedy SOLVED 4828/5000 = 0.966 [0.960,0.970]
  len 2: 997/1000 = 0.997 [0.991,0.999]
  len 3: 989/1000 = 0.989 [0.980,0.994]
  len 4: 954/1000 = 0.954 [0.939,0.965]
  len 5: 952/1000 = 0.952 [0.937,0.964]
  len 6: 936/1000 = 0.936 [0.919,0.950]
  written hist {2: 1020, 3: 971, 4: 926, 5: 955, 6: 885, 7: 51, 8: 17, 9: 3}
  pruned hist {2: 1021, 3: 977, 4: 929, 5: 956, 6: 885, 7: 42, 8: 15, 9: 3}
  frontier written 8 pruned 8
  reasons [('rule check failed: ANDI', 38), ("parse: expected line index, got 'LEANPARSE'", 29), ('rule check failed: IMPE', 25), ('rule check failed: ORI2', 19), ('rule check failed: DN', 12), ('rule check failed: NEGE', 9)]
python3 train.py --data artifacts/dsc/ei_a3_s1/mix_3.jsonl --init ckpts/dsc/ei_a3_s1_r2.pt --steps 600 --lr 0.0003 --min_lr 2.9999999999999997e-05 --warmup 50 --cap 0 --out ckpts/dsc/ei_a3_s1_r3.pt --seed 1003 --log_every 200
params 3214336 mode lean_seq shift True
train records 27996 max len 439
step 200 loss 0.0435 lr 2.53e-04 23s
step 400 loss 0.0430 lr 1.09e-04 47s
step 600 loss 0.0420 lr 3.00e-05 95s
saved ckpts/dsc/ei_a3_s1_r3.pt
=== round 3 done in 687s; new proofs 312; cum targets solved 889
[lean_gate] 32000 samples, parse-fail 1090, distinct checked 26619: both ok 23487, nd-only 0, lean-only 0, both rej 3132; lean 101.0s wall (1169.0s proc, 12 workers), nd_verify 1.8s
[dsc/ei_a3_s1 r4] targets (this round, pass@32) SOLVED 909/1000 = 0.909 [0.890,0.925]
  len 7: 165/166 = 0.994 [0.967,0.999]
  len 8: 160/166 = 0.964 [0.923,0.983]
  len 9: 153/166 = 0.922 [0.871,0.954]
  len 10: 142/166 = 0.855 [0.794,0.901]
  len 11: 144/166 = 0.867 [0.807,0.911]
  len 12: 145/170 = 0.853 [0.792,0.898]
  written hist {7: 579, 8: 582, 9: 638, 10: 373, 11: 189, 12: 29, 13: 5, 14: 1}
  pruned hist {5: 59, 6: 406, 7: 551, 8: 534, 9: 483, 10: 248, 11: 94, 12: 19, 13: 2}
  frontier written 13 pruned 12
  reasons [("parse: expected line index, got 'LEANPARSE'", 1090), ('rule check failed: ANDI', 908), ('rule check failed: DN', 678), ('rule check failed: NEGE', 519), ('rule check failed: ANDE2', 350), ('rule check failed: IMPE', 288)]
[dsc/ei_a3_s1 r4] targets (cumulative 128 attempts) SOLVED 909/1000 = 0.909 [0.890,0.925]
  len 7: 165/166 = 0.994 [0.967,0.999]
  len 8: 160/166 = 0.964 [0.923,0.983]
  len 9: 153/166 = 0.922 [0.871,0.954]
  len 10: 142/166 = 0.855 [0.794,0.901]
  len 11: 144/166 = 0.867 [0.807,0.911]
  len 12: 145/170 = 0.853 [0.792,0.898]
  written hist {7: 602, 8: 631, 9: 686, 10: 403, 11: 198, 12: 35, 13: 6, 14: 1}
  pruned hist {5: 75, 6: 438, 7: 582, 8: 589, 9: 500, 10: 258, 11: 97, 12: 20, 13: 3}
  frontier written 13 pruned 12
  reasons []
[lean_gate] 16000 samples, parse-fail 687, distinct checked 13108: both ok 9139, nd-only 0, lean-only 0, both rej 3969; lean 53.0s wall (587.6s proc, 12 workers), nd_verify 0.9s
[dsc/ei_a3_s1 r4] transfer (this round, pass@32) SOLVED 443/500 = 0.886 [0.855,0.911]
  len 7: 80/83 = 0.964 [0.899,0.988]
  len 8: 79/83 = 0.952 [0.883,0.981]
  len 9: 71/83 = 0.855 [0.764,0.915]
  len 10: 74/83 = 0.892 [0.807,0.942]
  len 11: 68/83 = 0.819 [0.723,0.887]
  len 12: 71/85 = 0.835 [0.742,0.899]
  written hist {7: 269, 8: 237, 9: 243, 10: 143, 11: 66, 12: 13, 13: 6}
  pruned hist {5: 9, 6: 178, 7: 225, 8: 216, 9: 185, 10: 108, 11: 45, 12: 6, 13: 5}
  frontier written 13 pruned 13
  reasons [("parse: expected line index, got 'LEANPARSE'", 687), ('rule check failed: NEGE', 684), ('rule check failed: DN', 659), ('rule check failed: ANDI', 602), ('rule check failed: IMPE', 579), ('rule check failed: ANDE2', 451)]
[dsc/ei_a3_s1 r4] transfer (cumulative 128 attempts) SOLVED 461/500 = 0.922 [0.895,0.942]
  len 7: 82/83 = 0.988 [0.935,0.998]
  len 8: 81/83 = 0.976 [0.916,0.993]
  len 9: 75/83 = 0.904 [0.821,0.950]
  len 10: 77/83 = 0.928 [0.851,0.966]
  len 11: 71/83 = 0.855 [0.764,0.915]
  len 12: 75/85 = 0.882 [0.797,0.935]
  written hist {7: 293, 8: 324, 9: 379, 10: 213, 11: 109, 12: 18, 13: 7, 14: 1}
  pruned hist {5: 19, 6: 227, 7: 278, 8: 317, 9: 272, 10: 147, 11: 69, 12: 9, 13: 6}
  frontier written 13 pruned 13
  reasons []
[lean_gate] 500 samples, parse-fail 12, distinct checked 488: both ok 362, nd-only 0, lean-only 0, both rej 126; lean 2.8s wall (3.9s proc, 12 workers), nd_verify 0.0s
[dsc/ei_a3_s1 r4] transfer greedy SOLVED 362/500 = 0.724 [0.683,0.761]
  len 7: 70/83 = 0.843 [0.750,0.906]
  len 8: 68/83 = 0.819 [0.723,0.887]
  len 9: 55/83 = 0.663 [0.556,0.755]
  len 10: 62/83 = 0.747 [0.644,0.828]
  len 11: 54/83 = 0.651 [0.543,0.744]
  len 12: 53/85 = 0.624 [0.517,0.719]
  written hist {7: 164, 8: 92, 9: 58, 10: 39, 11: 8, 13: 1}
  pruned hist {5: 2, 6: 77, 7: 111, 8: 86, 9: 47, 10: 33, 11: 5, 13: 1}
  frontier written 11 pruned 11
  reasons [('rule check failed: ANDI', 21), ('rule check failed: NEGE', 18), ('rule check failed: DN', 17), ('rule check failed: IMPE', 17), ('rule check failed: ORI2', 14), ("parse: expected line index, got 'LEANPARSE'", 12)]
[lean_gate] 5000 samples, parse-fail 20, distinct checked 4980: both ok 4817, nd-only 0, lean-only 1, both rej 162; lean 13.5s wall (150.3s proc, 12 workers), nd_verify 0.2s
[dsc/ei_a3_s1 r4] heldout greedy SOLVED 4817/5000 = 0.963 [0.958,0.968]
  len 2: 997/1000 = 0.997 [0.991,0.999]
  len 3: 988/1000 = 0.988 [0.979,0.993]
  len 4: 952/1000 = 0.952 [0.937,0.964]
  len 5: 948/1000 = 0.948 [0.932,0.960]
  len 6: 932/1000 = 0.932 [0.915,0.946]
  written hist {2: 1016, 3: 966, 4: 904, 5: 974, 6: 866, 7: 49, 8: 39, 9: 3}
  pruned hist {2: 1019, 3: 970, 4: 905, 5: 971, 6: 870, 7: 41, 8: 38, 9: 3}
  frontier written 8 pruned 8
  reasons [('rule check failed: ANDI', 42), ('rule check failed: IMPE', 24), ("parse: expected line index, got 'LEANPARSE'", 20), ('rule check failed: NEGE', 14), ('rule check failed: DN', 14), ('rule check failed: ORI2', 13)]
python3 train.py --data artifacts/dsc/ei_a3_s1/mix_4.jsonl --init ckpts/dsc/ei_a3_s1_r3.pt --steps 600 --lr 0.0003 --min_lr 2.9999999999999997e-05 --warmup 50 --cap 0 --out ckpts/dsc/ei_a3_s1_r4.pt --seed 1004 --log_every 200
params 3214336 mode lean_seq shift True
train records 28632 max len 472
step 200 loss 0.0465 lr 2.53e-04 42s
step 400 loss 0.0423 lr 1.09e-04 76s
step 600 loss 0.0387 lr 3.00e-05 105s
saved ckpts/dsc/ei_a3_s1_r4.pt
=== round 4 done in 706s; new proofs 280; cum targets solved 909
END 2026-09-23T22:22:32Z
