START 2026-09-23T21:17:15Z until [ -f ckpts/lf/stage1_a1_seq_s0.pt ]; do sleep 30; done; python3 expert_iter.py --init ckpts/lf/stage1_a1_seq_s0.pt --name dsc/frozen_c0_s0 --targets data/p2/targets_depth3.jsonl --transfer data/p2/transfer_depth3.jsonl --heldout data/p2/heldout.jsonl --train data/p2/train_depth3_f0_a1.jsonl --rounds 4 --k 32 --temperature 0.8 --batch 768 --seed 0 --no_train
[lean_gate] 32000 samples, parse-fail 15320, distinct checked 14543: both ok 2426, nd-only 0, lean-only 1, both rej 12116; lean 42.7s wall (481.7s proc, 12 workers), nd_verify 15.0s
[dsc/frozen_c0_s0 r1] targets (this round, pass@32) SOLVED 264/1000 = 0.264 [0.238,0.292]
  len 7: 53/166 = 0.319 [0.253,0.394]
  len 8: 29/166 = 0.175 [0.124,0.240]
  len 9: 7/166 = 0.042 [0.021,0.084]
  len 10: 39/166 = 0.235 [0.177,0.305]
  len 11: 60/166 = 0.361 [0.292,0.437]
  len 12: 76/170 = 0.447 [0.374,0.522]
  written hist {7: 247, 8: 62, 9: 6, 10: 2}
  pruned hist {5: 11, 6: 180, 7: 86, 8: 38, 9: 2}
  frontier written 9 pruned 8
  reasons [("parse: expected line index, got 'LEANPARSE'", 15320), ('rule check failed: IMPE', 3920), ('rule check failed: ANDI', 2108), ('rule check failed: ANDE2', 1670), ('final formula is not the conclusion', 1089), ('rule check failed: DN', 1072)]
[dsc/frozen_c0_s0 r1] targets (cumulative 32 attempts) SOLVED 264/1000 = 0.264 [0.238,0.292]
  len 7: 53/166 = 0.319 [0.253,0.394]
  len 8: 29/166 = 0.175 [0.124,0.240]
  len 9: 7/166 = 0.042 [0.021,0.084]
  len 10: 39/166 = 0.235 [0.177,0.305]
  len 11: 60/166 = 0.361 [0.292,0.437]
  len 12: 76/170 = 0.447 [0.374,0.522]
  written hist {7: 247, 8: 62, 9: 6, 10: 2}
  pruned hist {5: 11, 6: 180, 7: 86, 8: 38, 9: 2}
  frontier written 9 pruned 8
  reasons []
[lean_gate] 16000 samples, parse-fail 7726, distinct checked 7218: both ok 1324, nd-only 0, lean-only 0, both rej 5894; lean 15.1s wall (149.6s proc, 12 workers), nd_verify 0.4s
[dsc/frozen_c0_s0 r1] transfer (this round, pass@32) SOLVED 136/500 = 0.272 [0.235,0.313]
  len 7: 19/83 = 0.229 [0.152,0.330]
  len 8: 18/83 = 0.217 [0.142,0.317]
  len 9: 1/83 = 0.012 [0.002,0.065]
  len 10: 25/83 = 0.301 [0.213,0.407]
  len 11: 29/83 = 0.349 [0.256,0.457]
  len 12: 44/85 = 0.518 [0.413,0.621]
  written hist {7: 120, 8: 31}
  pruned hist {5: 5, 6: 89, 7: 37, 8: 20}
  frontier written 8 pruned 8
  reasons [("parse: expected line index, got 'LEANPARSE'", 7726), ('rule check failed: IMPE', 1873), ('rule check failed: ANDI', 1075), ('rule check failed: ANDE2', 736), ('final formula is not the conclusion', 611), ('rule check failed: DN', 500)]
[dsc/frozen_c0_s0 r1] transfer (cumulative 32 attempts) SOLVED 136/500 = 0.272 [0.235,0.313]
  len 7: 19/83 = 0.229 [0.152,0.330]
  len 8: 18/83 = 0.217 [0.142,0.317]
  len 9: 1/83 = 0.012 [0.002,0.065]
  len 10: 25/83 = 0.301 [0.213,0.407]
  len 11: 29/83 = 0.349 [0.256,0.457]
  len 12: 44/85 = 0.518 [0.413,0.621]
  written hist {7: 120, 8: 31}
  pruned hist {5: 5, 6: 89, 7: 37, 8: 20}
  frontier written 8 pruned 8
  reasons []
[lean_gate] 500 samples, parse-fail 238, distinct checked 262: both ok 62, nd-only 0, lean-only 0, both rej 200; lean 5.3s wall (5.3s proc, 12 workers), nd_verify 0.0s
[dsc/frozen_c0_s0 r1] transfer greedy SOLVED 62/500 = 0.124 [0.098,0.156]
  len 7: 4/83 = 0.048 [0.019,0.117]
  len 8: 0/83 = 0.000 [0.000,0.044]
  len 9: 0/83 = 0.000 [0.000,0.044]
  len 10: 9/83 = 0.108 [0.058,0.193]
  len 11: 19/83 = 0.229 [0.152,0.330]
  len 12: 30/85 = 0.353 [0.260,0.459]
  written hist {7: 57, 8: 5}
  pruned hist {6: 50, 7: 10, 8: 2}
  frontier written 8 pruned 7
  reasons [("parse: expected line index, got 'LEANPARSE'", 238), ('rule check failed: IMPE', 57), ('rule check failed: ANDI', 38), ('rule check failed: ANDE2', 23), ('final formula is not the conclusion', 17), ('rule check failed: ORI2', 15)]
[lean_gate] 5000 samples, parse-fail 183, distinct checked 4817: both ok 4542, nd-only 0, lean-only 1, both rej 274; lean 6.3s wall (70.9s proc, 12 workers), nd_verify 0.3s
[dsc/frozen_c0_s0 r1] heldout greedy SOLVED 4542/5000 = 0.908 [0.900,0.916]
  len 2: 994/1000 = 0.994 [0.987,0.997]
  len 3: 989/1000 = 0.989 [0.980,0.994]
  len 4: 951/1000 = 0.951 [0.936,0.963]
  len 5: 924/1000 = 0.924 [0.906,0.939]
  len 6: 684/1000 = 0.684 [0.655,0.712]
  written hist {2: 1020, 3: 981, 4: 931, 5: 970, 6: 640}
  pruned hist {2: 1020, 3: 982, 4: 934, 5: 970, 6: 636}
  frontier written 6 pruned 6
  reasons [("parse: expected line index, got 'LEANPARSE'", 183), ('rule check failed: ANDI', 53), ('rule check failed: DN', 40), ('rule check failed: ORI2', 33), ('rule check failed: IMPI', 31), ('rule check failed: ANDE2', 30)]
=== round 1 done in 336s; new proofs 317; cum targets solved 264
[lean_gate] 32000 samples, parse-fail 15185, distinct checked 14736: both ok 2459, nd-only 0, lean-only 4, both rej 12273; lean 45.1s wall (527.1s proc, 12 workers), nd_verify 0.8s
[dsc/frozen_c0_s0 r2] targets (this round, pass@32) SOLVED 265/1000 = 0.265 [0.239,0.293]
  len 7: 54/166 = 0.325 [0.259,0.400]
  len 8: 34/166 = 0.205 [0.150,0.273]
  len 9: 9/166 = 0.054 [0.029,0.100]
  len 10: 41/166 = 0.247 [0.188,0.318]
  len 11: 58/166 = 0.349 [0.281,0.425]
  len 12: 69/170 = 0.406 [0.335,0.481]
  written hist {7: 254, 8: 56, 9: 5, 10: 3}
  pruned hist {5: 13, 6: 175, 7: 88, 8: 38, 9: 3, 10: 1}
  frontier written 9 pruned 8
  reasons [("parse: expected line index, got 'LEANPARSE'", 15185), ('rule check failed: IMPE', 3959), ('rule check failed: ANDI', 2174), ('rule check failed: ANDE2', 1654), ('final formula is not the conclusion', 1142), ('rule check failed: DN', 1086)]
[dsc/frozen_c0_s0 r2] targets (cumulative 64 attempts) SOLVED 305/1000 = 0.305 [0.277,0.334]
  len 7: 70/166 = 0.422 [0.349,0.498]
  len 8: 42/166 = 0.253 [0.193,0.324]
  len 9: 9/166 = 0.054 [0.029,0.100]
  len 10: 45/166 = 0.271 [0.209,0.343]
  len 11: 62/166 = 0.373 [0.304,0.449]
  len 12: 77/170 = 0.453 [0.380,0.528]
  written hist {7: 288, 8: 79, 9: 7, 10: 3}
  pruned hist {5: 15, 6: 195, 7: 112, 8: 51, 9: 3, 10: 1}
  frontier written 9 pruned 8
  reasons []
[lean_gate] 16000 samples, parse-fail 7734, distinct checked 7218: both ok 1282, nd-only 0, lean-only 2, both rej 5934; lean 32.6s wall (320.9s proc, 12 workers), nd_verify 1.7s
[dsc/frozen_c0_s0 r2] transfer (this round, pass@32) SOLVED 128/500 = 0.256 [0.220,0.296]
  len 7: 14/83 = 0.169 [0.103,0.263]
  len 8: 15/83 = 0.181 [0.113,0.277]
  len 9: 1/83 = 0.012 [0.002,0.065]
  len 10: 25/83 = 0.301 [0.213,0.407]
  len 11: 30/83 = 0.361 [0.266,0.469]
  len 12: 43/85 = 0.506 [0.402,0.610]
  written hist {7: 113, 8: 30}
  pruned hist {5: 2, 6: 91, 7: 31, 8: 19}
  frontier written 8 pruned 8
  reasons [("parse: expected line index, got 'LEANPARSE'", 7734), ('rule check failed: IMPE', 1861), ('rule check failed: ANDI', 1055), ('rule check failed: ANDE2', 749), ('final formula is not the conclusion', 611), ('rule check failed: DN', 497)]
[dsc/frozen_c0_s0 r2] transfer (cumulative 64 attempts) SOLVED 155/500 = 0.310 [0.271,0.352]
  len 7: 23/83 = 0.277 [0.192,0.382]
  len 8: 24/83 = 0.289 [0.203,0.394]
  len 9: 2/83 = 0.024 [0.007,0.084]
  len 10: 27/83 = 0.325 [0.234,0.432]
  len 11: 32/83 = 0.386 [0.288,0.493]
  len 12: 47/85 = 0.553 [0.447,0.654]
  written hist {7: 132, 8: 43}
  pruned hist {5: 5, 6: 98, 7: 45, 8: 27}
  frontier written 8 pruned 8
  reasons []
[lean_gate] 500 samples, parse-fail 238, distinct checked 262: both ok 62, nd-only 0, lean-only 0, both rej 200; lean 1.1s wall (1.1s proc, 12 workers), nd_verify 0.0s
[dsc/frozen_c0_s0 r2] transfer greedy SOLVED 62/500 = 0.124 [0.098,0.156]
  len 7: 4/83 = 0.048 [0.019,0.117]
  len 8: 0/83 = 0.000 [0.000,0.044]
  len 9: 0/83 = 0.000 [0.000,0.044]
  len 10: 9/83 = 0.108 [0.058,0.193]
  len 11: 19/83 = 0.229 [0.152,0.330]
  len 12: 30/85 = 0.353 [0.260,0.459]
  written hist {7: 57, 8: 5}
  pruned hist {6: 50, 7: 10, 8: 2}
  frontier written 8 pruned 7
  reasons [("parse: expected line index, got 'LEANPARSE'", 238), ('rule check failed: IMPE', 57), ('rule check failed: ANDI', 38), ('rule check failed: ANDE2', 23), ('final formula is not the conclusion', 17), ('rule check failed: ORI2', 15)]
[lean_gate] 5000 samples, parse-fail 183, distinct checked 4817: both ok 4542, nd-only 0, lean-only 1, both rej 274; lean 6.2s wall (70.1s proc, 12 workers), nd_verify 0.2s
[dsc/frozen_c0_s0 r2] heldout greedy SOLVED 4542/5000 = 0.908 [0.900,0.916]
  len 2: 994/1000 = 0.994 [0.987,0.997]
  len 3: 989/1000 = 0.989 [0.980,0.994]
  len 4: 951/1000 = 0.951 [0.936,0.963]
  len 5: 924/1000 = 0.924 [0.906,0.939]
  len 6: 684/1000 = 0.684 [0.655,0.712]
  written hist {2: 1020, 3: 981, 4: 931, 5: 970, 6: 640}
  pruned hist {2: 1020, 3: 982, 4: 934, 5: 970, 6: 636}
  frontier written 6 pruned 6
  reasons [("parse: expected line index, got 'LEANPARSE'", 183), ('rule check failed: ANDI', 53), ('rule check failed: DN', 40), ('rule check failed: ORI2', 33), ('rule check failed: IMPI', 31), ('rule check failed: ANDE2', 30)]
=== round 2 done in 339s; new proofs 60; cum targets solved 305
[lean_gate] 32000 samples, parse-fail 15223, distinct checked 14677: both ok 2494, nd-only 0, lean-only 2, both rej 12181; lean 32.9s wall (384.7s proc, 12 workers), nd_verify 0.7s
[dsc/frozen_c0_s0 r3] targets (this round, pass@32) SOLVED 278/1000 = 0.278 [0.251,0.307]
  len 7: 58/166 = 0.349 [0.281,0.425]
  len 8: 31/166 = 0.187 [0.135,0.253]
  len 9: 9/166 = 0.054 [0.029,0.100]
  len 10: 44/166 = 0.265 [0.204,0.337]
  len 11: 59/166 = 0.355 [0.287,0.431]
  len 12: 77/170 = 0.453 [0.380,0.528]
  written hist {7: 259, 8: 60, 9: 7, 10: 3}
  pruned hist {5: 9, 6: 180, 7: 101, 8: 36, 9: 3}
  frontier written 9 pruned 8
  reasons [("parse: expected line index, got 'LEANPARSE'", 15223), ('rule check failed: IMPE', 4001), ('rule check failed: ANDI', 2088), ('rule check failed: ANDE2', 1640), ('final formula is not the conclusion', 1116), ('rule check failed: DN', 1093)]
[dsc/frozen_c0_s0 r3] targets (cumulative 96 attempts) SOLVED 342/1000 = 0.342 [0.313,0.372]
  len 7: 79/166 = 0.476 [0.401,0.552]
  len 8: 52/166 = 0.313 [0.248,0.387]
  len 9: 11/166 = 0.066 [0.037,0.115]
  len 10: 53/166 = 0.319 [0.253,0.394]
  len 11: 66/166 = 0.398 [0.326,0.474]
  len 12: 81/170 = 0.476 [0.403,0.551]
  written hist {7: 315, 8: 99, 9: 10, 10: 4}
  pruned hist {5: 16, 6: 208, 7: 135, 8: 64, 9: 4, 10: 1}
  frontier written 9 pruned 8
  reasons []
[lean_gate] 16000 samples, parse-fail 7713, distinct checked 7249: both ok 1336, nd-only 0, lean-only 2, both rej 5911; lean 32.0s wall (338.3s proc, 12 workers), nd_verify 0.4s
[dsc/frozen_c0_s0 r3] transfer (this round, pass@32) SOLVED 139/500 = 0.278 [0.241,0.319]
  len 7: 17/83 = 0.205 [0.132,0.304]
  len 8: 17/83 = 0.205 [0.132,0.304]
  len 9: 2/83 = 0.024 [0.007,0.084]
  len 10: 26/83 = 0.313 [0.224,0.419]
  len 11: 31/83 = 0.373 [0.277,0.481]
  len 12: 46/85 = 0.541 [0.436,0.643]
  written hist {7: 120, 8: 34, 9: 1, 10: 1}
  pruned hist {5: 5, 6: 91, 7: 38, 8: 20, 9: 1, 10: 1}
  frontier written 8 pruned 8
  reasons [("parse: expected line index, got 'LEANPARSE'", 7713), ('rule check failed: IMPE', 1772), ('rule check failed: ANDI', 1056), ('rule check failed: ANDE2', 766), ('final formula is not the conclusion', 579), ('rule check failed: IMPI', 517)]
[dsc/frozen_c0_s0 r3] transfer (cumulative 96 attempts) SOLVED 170/500 = 0.340 [0.300,0.383]
  len 7: 29/83 = 0.349 [0.256,0.457]
  len 8: 25/83 = 0.301 [0.213,0.407]
  len 9: 3/83 = 0.036 [0.012,0.101]
  len 10: 29/83 = 0.349 [0.256,0.457]
  len 11: 35/83 = 0.422 [0.321,0.529]
  len 12: 49/85 = 0.576 [0.470,0.676]
  written hist {7: 146, 8: 47, 9: 1, 10: 1}
  pruned hist {5: 7, 6: 103, 7: 55, 8: 28, 9: 1, 10: 1}
  frontier written 8 pruned 8
  reasons []
[lean_gate] 500 samples, parse-fail 238, distinct checked 262: both ok 62, nd-only 0, lean-only 0, both rej 200; lean 1.1s wall (1.1s proc, 12 workers), nd_verify 0.0s
[dsc/frozen_c0_s0 r3] transfer greedy SOLVED 62/500 = 0.124 [0.098,0.156]
  len 7: 4/83 = 0.048 [0.019,0.117]
  len 8: 0/83 = 0.000 [0.000,0.044]
  len 9: 0/83 = 0.000 [0.000,0.044]
  len 10: 9/83 = 0.108 [0.058,0.193]
  len 11: 19/83 = 0.229 [0.152,0.330]
  len 12: 30/85 = 0.353 [0.260,0.459]
  written hist {7: 57, 8: 5}
  pruned hist {6: 50, 7: 10, 8: 2}
  frontier written 8 pruned 7
  reasons [("parse: expected line index, got 'LEANPARSE'", 238), ('rule check failed: IMPE', 57), ('rule check failed: ANDI', 38), ('rule check failed: ANDE2', 23), ('final formula is not the conclusion', 17), ('rule check failed: ORI2', 15)]
[lean_gate] 5000 samples, parse-fail 183, distinct checked 4817: both ok 4542, nd-only 0, lean-only 1, both rej 274; lean 7.6s wall (88.2s proc, 12 workers), nd_verify 0.2s
[dsc/frozen_c0_s0 r3] heldout greedy SOLVED 4542/5000 = 0.908 [0.900,0.916]
  len 2: 994/1000 = 0.994 [0.987,0.997]
  len 3: 989/1000 = 0.989 [0.980,0.994]
  len 4: 951/1000 = 0.951 [0.936,0.963]
  len 5: 924/1000 = 0.924 [0.906,0.939]
  len 6: 684/1000 = 0.684 [0.655,0.712]
  written hist {2: 1020, 3: 981, 4: 931, 5: 970, 6: 640}
  pruned hist {2: 1020, 3: 982, 4: 934, 5: 970, 6: 636}
  frontier written 6 pruned 6
  reasons [("parse: expected line index, got 'LEANPARSE'", 183), ('rule check failed: ANDI', 53), ('rule check failed: DN', 40), ('rule check failed: ORI2', 33), ('rule check failed: IMPI', 31), ('rule check failed: ANDE2', 30)]
=== round 3 done in 342s; new proofs 51; cum targets solved 342
[lean_gate] 32000 samples, parse-fail 15215, distinct checked 14669: both ok 2528, nd-only 0, lean-only 0, both rej 12141; lean 28.1s wall (331.8s proc, 12 workers), nd_verify 5.4s
[dsc/frozen_c0_s0 r4] targets (this round, pass@32) SOLVED 278/1000 = 0.278 [0.251,0.307]
  len 7: 57/166 = 0.343 [0.275,0.418]
  len 8: 34/166 = 0.205 [0.150,0.273]
  len 9: 10/166 = 0.060 [0.033,0.107]
  len 10: 43/166 = 0.259 [0.198,0.331]
  len 11: 59/166 = 0.355 [0.287,0.431]
  len 12: 75/170 = 0.441 [0.369,0.516]
  written hist {7: 256, 8: 61, 9: 9, 10: 3}
  pruned hist {5: 14, 6: 180, 7: 90, 8: 41, 9: 4}
  frontier written 9 pruned 8
  reasons [("parse: expected line index, got 'LEANPARSE'", 15215), ('rule check failed: IMPE', 4002), ('rule check failed: ANDI', 2066), ('rule check failed: ANDE2', 1644), ('final formula is not the conclusion', 1114), ('rule check failed: DN', 1062)]
[dsc/frozen_c0_s0 r4] targets (cumulative 128 attempts) SOLVED 366/1000 = 0.366 [0.337,0.396]
  len 7: 87/166 = 0.524 [0.448,0.599]
  len 8: 62/166 = 0.373 [0.304,0.449]
  len 9: 12/166 = 0.072 [0.042,0.122]
  len 10: 56/166 = 0.337 [0.270,0.412]
  len 11: 67/166 = 0.404 [0.332,0.480]
  len 12: 82/170 = 0.482 [0.408,0.557]
  written hist {7: 330, 8: 116, 9: 13, 10: 5}
  pruned hist {5: 20, 6: 214, 7: 149, 8: 75, 9: 5, 10: 1}
  frontier written 10 pruned 9
  reasons []
[lean_gate] 16000 samples, parse-fail 7744, distinct checked 7250: both ok 1308, nd-only 0, lean-only 0, both rej 5942; lean 21.1s wall (208.4s proc, 12 workers), nd_verify 0.3s
[dsc/frozen_c0_s0 r4] transfer (this round, pass@32) SOLVED 134/500 = 0.268 [0.231,0.308]
  len 7: 16/83 = 0.193 [0.122,0.290]
  len 8: 19/83 = 0.229 [0.152,0.330]
  len 9: 3/83 = 0.036 [0.012,0.101]
  len 10: 25/83 = 0.301 [0.213,0.407]
  len 11: 27/83 = 0.325 [0.234,0.432]
  len 12: 44/85 = 0.518 [0.413,0.621]
  written hist {7: 116, 8: 38, 9: 1}
  pruned hist {5: 5, 6: 86, 7: 42, 8: 21, 9: 1}
  frontier written 8 pruned 8
  reasons [("parse: expected line index, got 'LEANPARSE'", 7744), ('rule check failed: IMPE', 1817), ('rule check failed: ANDI', 1097), ('rule check failed: ANDE2', 773), ('final formula is not the conclusion', 612), ('rule check failed: DN', 502)]
[dsc/frozen_c0_s0 r4] transfer (cumulative 128 attempts) SOLVED 181/500 = 0.362 [0.321,0.405]
  len 7: 33/83 = 0.398 [0.299,0.505]
  len 8: 29/83 = 0.349 [0.256,0.457]
  len 9: 4/83 = 0.048 [0.019,0.117]
  len 10: 31/83 = 0.373 [0.277,0.481]
  len 11: 35/83 = 0.422 [0.321,0.529]
  len 12: 49/85 = 0.576 [0.470,0.676]
  written hist {7: 154, 8: 55, 9: 2, 10: 1}
  pruned hist {5: 8, 6: 105, 7: 64, 8: 32, 9: 2, 10: 1}
  frontier written 8 pruned 8
  reasons []
[lean_gate] 500 samples, parse-fail 238, distinct checked 262: both ok 62, nd-only 0, lean-only 0, both rej 200; lean 1.1s wall (1.1s proc, 12 workers), nd_verify 0.0s
[dsc/frozen_c0_s0 r4] transfer greedy SOLVED 62/500 = 0.124 [0.098,0.156]
  len 7: 4/83 = 0.048 [0.019,0.117]
  len 8: 0/83 = 0.000 [0.000,0.044]
  len 9: 0/83 = 0.000 [0.000,0.044]
  len 10: 9/83 = 0.108 [0.058,0.193]
  len 11: 19/83 = 0.229 [0.152,0.330]
  len 12: 30/85 = 0.353 [0.260,0.459]
  written hist {7: 57, 8: 5}
  pruned hist {6: 50, 7: 10, 8: 2}
  frontier written 8 pruned 7
  reasons [("parse: expected line index, got 'LEANPARSE'", 238), ('rule check failed: IMPE', 57), ('rule check failed: ANDI', 38), ('rule check failed: ANDE2', 23), ('final formula is not the conclusion', 17), ('rule check failed: ORI2', 15)]
[lean_gate] 5000 samples, parse-fail 183, distinct checked 4817: both ok 4542, nd-only 0, lean-only 1, both rej 274; lean 11.7s wall (136.1s proc, 12 workers), nd_verify 0.2s
[dsc/frozen_c0_s0 r4] heldout greedy SOLVED 4542/5000 = 0.908 [0.900,0.916]
  len 2: 994/1000 = 0.994 [0.987,0.997]
  len 3: 989/1000 = 0.989 [0.980,0.994]
  len 4: 951/1000 = 0.951 [0.936,0.963]
  len 5: 924/1000 = 0.924 [0.906,0.939]
  len 6: 684/1000 = 0.684 [0.655,0.712]
  written hist {2: 1020, 3: 981, 4: 931, 5: 970, 6: 640}
  pruned hist {2: 1020, 3: 982, 4: 934, 5: 970, 6: 636}
  frontier written 6 pruned 6
  reasons [("parse: expected line index, got 'LEANPARSE'", 183), ('rule check failed: ANDI', 53), ('rule check failed: DN', 40), ('rule check failed: ORI2', 33), ('rule check failed: IMPI', 31), ('rule check failed: ANDE2', 30)]
=== round 4 done in 351s; new proofs 36; cum targets solved 366
END 2026-09-23T21:40:05Z
