START 2026-09-23T22:11:20Z until [ -f ckpts/dsc/stage1_a3_s1.pt ]; do sleep 30; done; python3 expert_iter.py --init ckpts/dsc/stage1_a3_s1.pt --name dsc/frozen_a3_s1 --targets data/p2/targets_depth3.jsonl --transfer data/p2/transfer_depth3.jsonl --heldout data/p2/heldout.jsonl --train data/dsc/train_a3.jsonl --rounds 4 --k 32 --temperature 0.8 --batch 768 --seed 1 --no_train
[lean_gate] 32000 samples, parse-fail 6424, distinct checked 22610: both ok 10828, nd-only 0, lean-only 1, both rej 11781; lean 121.6s wall (1414.3s proc, 12 workers), nd_verify 2.8s
[dsc/frozen_a3_s1 r1] targets (this round, pass@32) SOLVED 757/1000 = 0.757 [0.729,0.783]
  len 7: 151/166 = 0.910 [0.856,0.944]
  len 8: 144/166 = 0.867 [0.807,0.911]
  len 9: 124/166 = 0.747 [0.676,0.807]
  len 10: 109/166 = 0.657 [0.582,0.725]
  len 11: 107/166 = 0.645 [0.569,0.713]
  len 12: 122/170 = 0.718 [0.646,0.780]
  written hist {7: 485, 8: 352, 9: 347, 10: 178, 11: 53, 12: 12}
  pruned hist {5: 33, 6: 262, 7: 385, 8: 325, 9: 264, 10: 123, 11: 29, 12: 6}
  frontier written 12 pruned 12
  reasons [("parse: expected line index, got 'LEANPARSE'", 6424), ('rule check failed: NEGE', 2597), ('rule check failed: IMPE', 2051), ('rule check failed: DN', 2039), ('rule check failed: ANDI', 1770), ('final formula is not the conclusion', 916)]
[dsc/frozen_a3_s1 r1] targets (cumulative 32 attempts) SOLVED 757/1000 = 0.757 [0.729,0.783]
  len 7: 151/166 = 0.910 [0.856,0.944]
  len 8: 144/166 = 0.867 [0.807,0.911]
  len 9: 124/166 = 0.747 [0.676,0.807]
  len 10: 109/166 = 0.657 [0.582,0.725]
  len 11: 107/166 = 0.645 [0.569,0.713]
  len 12: 122/170 = 0.718 [0.646,0.780]
  written hist {7: 485, 8: 352, 9: 347, 10: 178, 11: 53, 12: 12}
  pruned hist {5: 33, 6: 262, 7: 385, 8: 325, 9: 264, 10: 123, 11: 29, 12: 6}
  frontier written 12 pruned 12
  reasons []
[lean_gate] 16000 samples, parse-fail 2858, distinct checked 11595: both ok 5443, nd-only 0, lean-only 0, both rej 6152; lean 50.9s wall (544.4s proc, 12 workers), nd_verify 0.7s
[dsc/frozen_a3_s1 r1] transfer (this round, pass@32) SOLVED 390/500 = 0.780 [0.742,0.814]
  len 7: 75/83 = 0.904 [0.821,0.950]
  len 8: 75/83 = 0.904 [0.821,0.950]
  len 9: 63/83 = 0.759 [0.657,0.838]
  len 10: 56/83 = 0.675 [0.568,0.766]
  len 11: 56/83 = 0.675 [0.568,0.766]
  len 12: 65/85 = 0.765 [0.664,0.842]
  written hist {7: 241, 8: 161, 9: 167, 10: 90, 11: 26, 12: 3, 13: 2}
  pruned hist {5: 11, 6: 132, 7: 170, 8: 163, 9: 126, 10: 64, 11: 21, 12: 1, 13: 2}
  frontier written 11 pruned 11
  reasons [("parse: expected line index, got 'LEANPARSE'", 2858), ('rule check failed: NEGE', 1374), ('rule check failed: IMPE', 1117), ('rule check failed: DN', 872), ('rule check failed: ANDI', 719), ('final formula is not the conclusion', 618)]
[dsc/frozen_a3_s1 r1] transfer (cumulative 32 attempts) SOLVED 390/500 = 0.780 [0.742,0.814]
  len 7: 75/83 = 0.904 [0.821,0.950]
  len 8: 75/83 = 0.904 [0.821,0.950]
  len 9: 63/83 = 0.759 [0.657,0.838]
  len 10: 56/83 = 0.675 [0.568,0.766]
  len 11: 56/83 = 0.675 [0.568,0.766]
  len 12: 65/85 = 0.765 [0.664,0.842]
  written hist {7: 241, 8: 161, 9: 167, 10: 90, 11: 26, 12: 3, 13: 2}
  pruned hist {5: 11, 6: 132, 7: 170, 8: 163, 9: 126, 10: 64, 11: 21, 12: 1, 13: 2}
  frontier written 11 pruned 11
  reasons []
[lean_gate] 500 samples, parse-fail 54, distinct checked 446: both ok 244, nd-only 0, lean-only 0, both rej 202; lean 2.5s wall (3.1s proc, 12 workers), nd_verify 0.0s
[dsc/frozen_a3_s1 r1] transfer greedy SOLVED 244/500 = 0.488 [0.444,0.532]
  len 7: 50/83 = 0.602 [0.495,0.701]
  len 8: 52/83 = 0.627 [0.519,0.723]
  len 9: 29/83 = 0.349 [0.256,0.457]
  len 10: 41/83 = 0.494 [0.389,0.599]
  len 11: 30/83 = 0.361 [0.266,0.469]
  len 12: 42/85 = 0.494 [0.390,0.598]
  written hist {7: 128, 8: 64, 9: 31, 10: 18, 11: 3}
  pruned hist {5: 3, 6: 60, 7: 72, 8: 63, 9: 26, 10: 17, 11: 3}
  frontier written 10 pruned 10
  reasons [("parse: expected line index, got 'LEANPARSE'", 54), ('rule check failed: NEGE', 41), ('rule check failed: IMPE', 36), ('rule check failed: ANDI', 28), ('rule check failed: DN', 22), ('rule check failed: ANDE2', 15)]
[lean_gate] 5000 samples, parse-fail 25, distinct checked 4975: both ok 4767, nd-only 0, lean-only 1, both rej 207; lean 13.8s wall (153.9s proc, 12 workers), nd_verify 0.2s
[dsc/frozen_a3_s1 r1] heldout greedy SOLVED 4767/5000 = 0.953 [0.947,0.959]
  len 2: 997/1000 = 0.997 [0.991,0.999]
  len 3: 994/1000 = 0.994 [0.987,0.997]
  len 4: 959/1000 = 0.959 [0.945,0.970]
  len 5: 948/1000 = 0.948 [0.932,0.960]
  len 6: 869/1000 = 0.869 [0.847,0.889]
  written hist {2: 1015, 3: 988, 4: 921, 5: 980, 6: 795, 7: 54, 8: 11, 9: 2, 10: 1}
  pruned hist {2: 1015, 3: 992, 4: 929, 5: 975, 6: 804, 7: 39, 8: 10, 9: 2, 10: 1}
  frontier written 8 pruned 8
  reasons [('rule check failed: DN', 42), ('rule check failed: ANDI', 37), ('rule check failed: IMPE', 28), ('rule check failed: NEGE', 26), ("parse: expected line index, got 'LEANPARSE'", 25), ('rule check failed: ORI2', 18)]
=== round 1 done in 633s; new proofs 1427; cum targets solved 757
[lean_gate] 32000 samples, parse-fail 6449, distinct checked 22665: both ok 10849, nd-only 0, lean-only 1, both rej 11815; lean 82.0s wall (941.8s proc, 12 workers), nd_verify 1.3s
[dsc/frozen_a3_s1 r2] targets (this round, pass@32) SOLVED 752/1000 = 0.752 [0.724,0.778]
  len 7: 151/166 = 0.910 [0.856,0.944]
  len 8: 140/166 = 0.843 [0.780,0.891]
  len 9: 126/166 = 0.759 [0.689,0.818]
  len 10: 104/166 = 0.627 [0.551,0.696]
  len 11: 107/166 = 0.645 [0.569,0.713]
  len 12: 124/170 = 0.729 [0.658,0.791]
  written hist {7: 480, 8: 348, 9: 336, 10: 171, 11: 53, 12: 6}
  pruned hist {5: 36, 6: 262, 7: 375, 8: 307, 9: 263, 10: 122, 11: 26, 12: 3}
  frontier written 12 pruned 11
  reasons [("parse: expected line index, got 'LEANPARSE'", 6449), ('rule check failed: NEGE', 2586), ('rule check failed: IMPE', 2110), ('rule check failed: DN', 2060), ('rule check failed: ANDI', 1736), ('final formula is not the conclusion', 935)]
[dsc/frozen_a3_s1 r2] targets (cumulative 64 attempts) SOLVED 802/1000 = 0.802 [0.776,0.826]
  len 7: 155/166 = 0.934 [0.885,0.963]
  len 8: 149/166 = 0.898 [0.842,0.935]
  len 9: 136/166 = 0.819 [0.754,0.870]
  len 10: 119/166 = 0.717 [0.644,0.780]
  len 11: 114/166 = 0.687 [0.613,0.752]
  len 12: 129/170 = 0.759 [0.689,0.817]
  written hist {7: 521, 8: 433, 9: 439, 10: 230, 11: 81, 12: 14}
  pruned hist {5: 54, 6: 310, 7: 434, 8: 390, 9: 337, 10: 149, 11: 37, 12: 7}
  frontier written 12 pruned 12
  reasons []
[lean_gate] 16000 samples, parse-fail 2871, distinct checked 11598: both ok 5526, nd-only 0, lean-only 0, both rej 6072; lean 45.6s wall (487.2s proc, 12 workers), nd_verify 0.7s
[dsc/frozen_a3_s1 r2] transfer (this round, pass@32) SOLVED 387/500 = 0.774 [0.735,0.808]
  len 7: 72/83 = 0.867 [0.778,0.924]
  len 8: 75/83 = 0.904 [0.821,0.950]
  len 9: 64/83 = 0.771 [0.670,0.848]
  len 10: 56/83 = 0.675 [0.568,0.766]
  len 11: 54/83 = 0.651 [0.543,0.744]
  len 12: 66/85 = 0.776 [0.677,0.852]
  written hist {7: 240, 8: 170, 9: 157, 10: 79, 11: 30, 12: 1, 13: 2}
  pruned hist {5: 8, 6: 145, 7: 179, 8: 146, 9: 127, 10: 55, 11: 17, 12: 1, 13: 1}
  frontier written 11 pruned 11
  reasons [("parse: expected line index, got 'LEANPARSE'", 2871), ('rule check failed: NEGE', 1403), ('rule check failed: IMPE', 1078), ('rule check failed: DN', 839), ('rule check failed: ANDI', 676), ('final formula is not the conclusion', 614)]
[dsc/frozen_a3_s1 r2] transfer (cumulative 64 attempts) SOLVED 405/500 = 0.810 [0.773,0.842]
  len 7: 76/83 = 0.916 [0.836,0.959]
  len 8: 77/83 = 0.928 [0.851,0.966]
  len 9: 66/83 = 0.795 [0.696,0.868]
  len 10: 60/83 = 0.723 [0.618,0.808]
  len 11: 59/83 = 0.711 [0.606,0.797]
  len 12: 67/85 = 0.788 [0.690,0.862]
  written hist {7: 256, 8: 203, 9: 214, 10: 110, 11: 43, 12: 3, 13: 3}
  pruned hist {5: 12, 6: 162, 7: 200, 8: 193, 9: 158, 10: 76, 11: 28, 12: 1, 13: 2}
  frontier written 11 pruned 11
  reasons []
[lean_gate] 500 samples, parse-fail 54, distinct checked 446: both ok 244, nd-only 0, lean-only 0, both rej 202; lean 2.2s wall (2.8s proc, 12 workers), nd_verify 0.0s
[dsc/frozen_a3_s1 r2] transfer greedy SOLVED 244/500 = 0.488 [0.444,0.532]
  len 7: 50/83 = 0.602 [0.495,0.701]
  len 8: 52/83 = 0.627 [0.519,0.723]
  len 9: 29/83 = 0.349 [0.256,0.457]
  len 10: 41/83 = 0.494 [0.389,0.599]
  len 11: 30/83 = 0.361 [0.266,0.469]
  len 12: 42/85 = 0.494 [0.390,0.598]
  written hist {7: 128, 8: 64, 9: 31, 10: 18, 11: 3}
  pruned hist {5: 3, 6: 60, 7: 72, 8: 63, 9: 26, 10: 17, 11: 3}
  frontier written 10 pruned 10
  reasons [("parse: expected line index, got 'LEANPARSE'", 54), ('rule check failed: NEGE', 41), ('rule check failed: IMPE', 36), ('rule check failed: ANDI', 28), ('rule check failed: DN', 22), ('rule check failed: ANDE2', 15)]
[lean_gate] 5000 samples, parse-fail 25, distinct checked 4975: both ok 4767, nd-only 0, lean-only 1, both rej 207; lean 12.8s wall (140.3s proc, 12 workers), nd_verify 0.2s
[dsc/frozen_a3_s1 r2] heldout greedy SOLVED 4767/5000 = 0.953 [0.947,0.959]
  len 2: 997/1000 = 0.997 [0.991,0.999]
  len 3: 994/1000 = 0.994 [0.987,0.997]
  len 4: 959/1000 = 0.959 [0.945,0.970]
  len 5: 948/1000 = 0.948 [0.932,0.960]
  len 6: 869/1000 = 0.869 [0.847,0.889]
  written hist {2: 1015, 3: 988, 4: 921, 5: 980, 6: 795, 7: 54, 8: 11, 9: 2, 10: 1}
  pruned hist {2: 1015, 3: 992, 4: 929, 5: 975, 6: 804, 7: 39, 8: 10, 9: 2, 10: 1}
  frontier written 8 pruned 8
  reasons [('rule check failed: DN', 42), ('rule check failed: ANDI', 37), ('rule check failed: IMPE', 28), ('rule check failed: NEGE', 26), ("parse: expected line index, got 'LEANPARSE'", 25), ('rule check failed: ORI2', 18)]
=== round 2 done in 431s; new proofs 291; cum targets solved 802
[lean_gate] 32000 samples, parse-fail 6361, distinct checked 22631: both ok 10872, nd-only 0, lean-only 1, both rej 11758; lean 107.7s wall (1243.0s proc, 12 workers), nd_verify 1.4s
[dsc/frozen_a3_s1 r3] targets (this round, pass@32) SOLVED 755/1000 = 0.755 [0.727,0.781]
  len 7: 151/166 = 0.910 [0.856,0.944]
  len 8: 143/166 = 0.861 [0.801,0.906]
  len 9: 124/166 = 0.747 [0.676,0.807]
  len 10: 112/166 = 0.675 [0.600,0.741]
  len 11: 104/166 = 0.627 [0.551,0.696]
  len 12: 121/170 = 0.712 [0.640,0.775]
  written hist {7: 487, 8: 349, 9: 339, 10: 168, 11: 38, 12: 7}
  pruned hist {5: 32, 6: 265, 7: 372, 8: 317, 9: 250, 10: 125, 11: 24, 12: 3}
  frontier written 12 pruned 11
  reasons [("parse: expected line index, got 'LEANPARSE'", 6361), ('rule check failed: NEGE', 2571), ('rule check failed: DN', 2067), ('rule check failed: IMPE', 2032), ('rule check failed: ANDI', 1760), ('final formula is not the conclusion', 985)]
[dsc/frozen_a3_s1 r3] targets (cumulative 96 attempts) SOLVED 819/1000 = 0.819 [0.794,0.842]
  len 7: 156/166 = 0.940 [0.893,0.967]
  len 8: 150/166 = 0.904 [0.849,0.940]
  len 9: 141/166 = 0.849 [0.787,0.896]
  len 10: 124/166 = 0.747 [0.676,0.807]
  len 11: 116/166 = 0.699 [0.625,0.763]
  len 12: 132/170 = 0.776 [0.708,0.833]
  written hist {7: 543, 8: 481, 9: 527, 10: 267, 11: 95, 12: 17}
  pruned hist {5: 66, 6: 339, 7: 467, 8: 443, 9: 393, 10: 171, 11: 43, 12: 8}
  frontier written 12 pruned 12
  reasons []
[lean_gate] 16000 samples, parse-fail 2888, distinct checked 11534: both ok 5618, nd-only 0, lean-only 0, both rej 5916; lean 113.0s wall (1095.4s proc, 12 workers), nd_verify 16.6s
[dsc/frozen_a3_s1 r3] transfer (this round, pass@32) SOLVED 388/500 = 0.776 [0.737,0.810]
  len 7: 76/83 = 0.916 [0.836,0.959]
  len 8: 74/83 = 0.892 [0.807,0.942]
  len 9: 61/83 = 0.735 [0.631,0.818]
  len 10: 57/83 = 0.687 [0.581,0.776]
  len 11: 58/83 = 0.699 [0.593,0.787]
  len 12: 62/85 = 0.729 [0.627,0.812]
  written hist {7: 238, 8: 178, 9: 169, 10: 91, 11: 30, 12: 3, 13: 3}
  pruned hist {5: 9, 6: 142, 7: 177, 8: 160, 9: 139, 10: 64, 11: 18, 12: 1, 13: 2}
  frontier written 11 pruned 11
  reasons [("parse: expected line index, got 'LEANPARSE'", 2888), ('rule check failed: NEGE', 1393), ('rule check failed: IMPE', 1121), ('rule check failed: DN', 808), ('rule check failed: ANDI', 637), ('final formula is not the conclusion', 609)]
[dsc/frozen_a3_s1 r3] transfer (cumulative 96 attempts) SOLVED 414/500 = 0.828 [0.792,0.859]
  len 7: 78/83 = 0.940 [0.867,0.974]
  len 8: 78/83 = 0.940 [0.867,0.974]
  len 9: 68/83 = 0.819 [0.723,0.887]
  len 10: 60/83 = 0.723 [0.618,0.808]
  len 11: 62/83 = 0.747 [0.644,0.828]
  len 12: 68/85 = 0.800 [0.703,0.871]
  written hist {7: 265, 8: 234, 9: 249, 10: 128, 11: 54, 12: 4, 13: 4}
  pruned hist {5: 14, 6: 177, 7: 222, 8: 218, 9: 184, 10: 87, 11: 32, 12: 2, 13: 2}
  frontier written 11 pruned 11
  reasons []
[lean_gate] 500 samples, parse-fail 54, distinct checked 446: both ok 244, nd-only 0, lean-only 0, both rej 202; lean 36.9s wall (46.8s proc, 12 workers), nd_verify 0.2s
[dsc/frozen_a3_s1 r3] transfer greedy SOLVED 244/500 = 0.488 [0.444,0.532]
  len 7: 50/83 = 0.602 [0.495,0.701]
  len 8: 52/83 = 0.627 [0.519,0.723]
  len 9: 29/83 = 0.349 [0.256,0.457]
  len 10: 41/83 = 0.494 [0.389,0.599]
  len 11: 30/83 = 0.361 [0.266,0.469]
  len 12: 42/85 = 0.494 [0.390,0.598]
  written hist {7: 128, 8: 64, 9: 31, 10: 18, 11: 3}
  pruned hist {5: 3, 6: 60, 7: 72, 8: 63, 9: 26, 10: 17, 11: 3}
  frontier written 10 pruned 10
  reasons [("parse: expected line index, got 'LEANPARSE'", 54), ('rule check failed: NEGE', 41), ('rule check failed: IMPE', 36), ('rule check failed: ANDI', 28), ('rule check failed: DN', 22), ('rule check failed: ANDE2', 15)]
[lean_gate] 5000 samples, parse-fail 25, distinct checked 4975: both ok 4767, nd-only 0, lean-only 1, both rej 207; lean 43.8s wall (420.5s proc, 12 workers), nd_verify 6.1s
[dsc/frozen_a3_s1 r3] heldout greedy SOLVED 4767/5000 = 0.953 [0.947,0.959]
  len 2: 997/1000 = 0.997 [0.991,0.999]
  len 3: 994/1000 = 0.994 [0.987,0.997]
  len 4: 959/1000 = 0.959 [0.945,0.970]
  len 5: 948/1000 = 0.948 [0.932,0.960]
  len 6: 869/1000 = 0.869 [0.847,0.889]
  written hist {2: 1015, 3: 988, 4: 921, 5: 980, 6: 795, 7: 54, 8: 11, 9: 2, 10: 1}
  pruned hist {2: 1015, 3: 992, 4: 929, 5: 975, 6: 804, 7: 39, 8: 10, 9: 2, 10: 1}
  frontier written 8 pruned 8
  reasons [('rule check failed: DN', 42), ('rule check failed: ANDI', 37), ('rule check failed: IMPE', 28), ('rule check failed: NEGE', 26), ("parse: expected line index, got 'LEANPARSE'", 25), ('rule check failed: ORI2', 18)]
=== round 3 done in 826s; new proofs 212; cum targets solved 819
[lean_gate] 32000 samples, parse-fail 6479, distinct checked 22587: both ok 10775, nd-only 0, lean-only 0, both rej 11812; lean 181.7s wall (2033.5s proc, 12 workers), nd_verify 34.2s
[dsc/frozen_a3_s1 r4] targets (this round, pass@32) SOLVED 753/1000 = 0.753 [0.725,0.779]
  len 7: 150/166 = 0.904 [0.849,0.940]
  len 8: 143/166 = 0.861 [0.801,0.906]
  len 9: 120/166 = 0.723 [0.650,0.785]
  len 10: 111/166 = 0.669 [0.594,0.736]
  len 11: 107/166 = 0.645 [0.569,0.713]
  len 12: 122/170 = 0.718 [0.646,0.780]
  written hist {7: 487, 8: 364, 9: 340, 10: 190, 11: 48, 12: 6}
  pruned hist {5: 35, 6: 277, 7: 382, 8: 333, 9: 261, 10: 122, 11: 23, 12: 2}
  frontier written 12 pruned 11
  reasons [("parse: expected line index, got 'LEANPARSE'", 6479), ('rule check failed: NEGE', 2560), ('rule check failed: DN', 2060), ('rule check failed: IMPE', 2046), ('rule check failed: ANDI', 1777), ('final formula is not the conclusion', 929)]
[dsc/frozen_a3_s1 r4] targets (cumulative 128 attempts) SOLVED 829/1000 = 0.829 [0.804,0.851]
  len 7: 156/166 = 0.940 [0.893,0.967]
  len 8: 151/166 = 0.910 [0.856,0.944]
  len 9: 142/166 = 0.855 [0.794,0.901]
  len 10: 127/166 = 0.765 [0.695,0.823]
  len 11: 119/166 = 0.717 [0.644,0.780]
  len 12: 134/170 = 0.788 [0.721,0.843]
  written hist {7: 550, 8: 523, 9: 577, 10: 304, 11: 111, 12: 18}
  pruned hist {5: 72, 6: 357, 7: 499, 8: 490, 9: 422, 10: 187, 11: 48, 12: 8}
  frontier written 12 pruned 12
  reasons []
[lean_gate] 16000 samples, parse-fail 2820, distinct checked 11669: both ok 5541, nd-only 0, lean-only 1, both rej 6127; lean 104.1s wall (1037.6s proc, 12 workers), nd_verify 19.5s
[dsc/frozen_a3_s1 r4] transfer (this round, pass@32) SOLVED 385/500 = 0.770 [0.731,0.805]
  len 7: 74/83 = 0.892 [0.807,0.942]
  len 8: 75/83 = 0.904 [0.821,0.950]
  len 9: 59/83 = 0.711 [0.606,0.797]
  len 10: 57/83 = 0.687 [0.581,0.776]
  len 11: 55/83 = 0.663 [0.556,0.755]
  len 12: 65/85 = 0.765 [0.664,0.842]
  written hist {7: 241, 8: 149, 9: 163, 10: 90, 11: 32, 12: 6, 13: 1}
  pruned hist {5: 8, 6: 129, 7: 167, 8: 172, 9: 122, 10: 56, 11: 24, 12: 3, 13: 1}
  frontier written 12 pruned 11
  reasons [("parse: expected line index, got 'LEANPARSE'", 2820), ('rule check failed: NEGE', 1395), ('rule check failed: IMPE', 1101), ('rule check failed: DN', 799), ('rule check failed: ANDI', 682), ('final formula is not the conclusion', 617)]
[dsc/frozen_a3_s1 r4] transfer (cumulative 128 attempts) SOLVED 424/500 = 0.848 [0.814,0.877]
  len 7: 80/83 = 0.964 [0.899,0.988]
  len 8: 78/83 = 0.940 [0.867,0.974]
  len 9: 69/83 = 0.831 [0.737,0.897]
  len 10: 63/83 = 0.759 [0.657,0.838]
  len 11: 65/83 = 0.783 [0.683,0.858]
  len 12: 69/85 = 0.812 [0.716,0.881]
  written hist {7: 272, 8: 244, 9: 284, 10: 153, 11: 64, 12: 7, 13: 4}
  pruned hist {5: 15, 6: 184, 7: 234, 8: 251, 9: 206, 10: 95, 11: 38, 12: 3, 13: 2}
  frontier written 12 pruned 11
  reasons []
[lean_gate] 500 samples, parse-fail 54, distinct checked 446: both ok 244, nd-only 0, lean-only 0, both rej 202; lean 20.0s wall (24.9s proc, 12 workers), nd_verify 0.2s
[dsc/frozen_a3_s1 r4] transfer greedy SOLVED 244/500 = 0.488 [0.444,0.532]
  len 7: 50/83 = 0.602 [0.495,0.701]
  len 8: 52/83 = 0.627 [0.519,0.723]
  len 9: 29/83 = 0.349 [0.256,0.457]
  len 10: 41/83 = 0.494 [0.389,0.599]
  len 11: 30/83 = 0.361 [0.266,0.469]
  len 12: 42/85 = 0.494 [0.390,0.598]
  written hist {7: 128, 8: 64, 9: 31, 10: 18, 11: 3}
  pruned hist {5: 3, 6: 60, 7: 72, 8: 63, 9: 26, 10: 17, 11: 3}
  frontier written 10 pruned 10
  reasons [("parse: expected line index, got 'LEANPARSE'", 54), ('rule check failed: NEGE', 41), ('rule check failed: IMPE', 36), ('rule check failed: ANDI', 28), ('rule check failed: DN', 22), ('rule check failed: ANDE2', 15)]
[lean_gate] 5000 samples, parse-fail 25, distinct checked 4975: both ok 4767, nd-only 0, lean-only 1, both rej 207; lean 37.0s wall (371.2s proc, 12 workers), nd_verify 2.7s
[dsc/frozen_a3_s1 r4] heldout greedy SOLVED 4767/5000 = 0.953 [0.947,0.959]
  len 2: 997/1000 = 0.997 [0.991,0.999]
  len 3: 994/1000 = 0.994 [0.987,0.997]
  len 4: 959/1000 = 0.959 [0.945,0.970]
  len 5: 948/1000 = 0.948 [0.932,0.960]
  len 6: 869/1000 = 0.869 [0.847,0.889]
  written hist {2: 1015, 3: 988, 4: 921, 5: 980, 6: 795, 7: 54, 8: 11, 9: 2, 10: 1}
  pruned hist {2: 1015, 3: 992, 4: 929, 5: 975, 6: 804, 7: 39, 8: 10, 9: 2, 10: 1}
  frontier written 8 pruned 8
  reasons [('rule check failed: DN', 42), ('rule check failed: ANDI', 37), ('rule check failed: IMPE', 28), ('rule check failed: NEGE', 26), ("parse: expected line index, got 'LEANPARSE'", 25), ('rule check failed: ORI2', 18)]
=== round 4 done in 1412s; new proofs 153; cum targets solved 829
END 2026-09-23T23:06:26Z
