START 2026-09-23T22:15:23Z until [ -f ckpts/dsc/stage1_a4_s1.pt ]; do sleep 30; done; python3 ladder_ei.py --init ckpts/dsc/stage1_a4_s1.pt --name la_frozen_a4_s1 --outdir artifacts/dsc --train data/dsc/train_a4.jsonl --heldout data/p2/heldout.jsonl --batch 512 --seed 1 --no_train
[lean_gate] 143840 samples, parse-fail 54700, distinct checked 79289: both ok 5531, nd-only 0, lean-only 12, both rej 73746; lean 172.2s wall (1989.6s proc, 12 workers), nd_verify 25.3s
[la_frozen_a4_s1 r1] targets (this round) SOLVED 648/4495 = 0.144 [0.134,0.155]
  len 7: 521/1800 = 0.289 [0.269,0.311]
  len 8: 118/1000 = 0.118 [0.099,0.139]
  len 9: 9/1004 = 0.009 [0.005,0.017]
  len 10: 0/456 = 0.000 [0.000,0.008]
  len 11: 0/99 = 0.000 [0.000,0.037]
  len 12: 0/106 = 0.000 [0.000,0.035]
  len 13: 0/16 = 0.000 [0.000,0.194]
  len 14: 0/14 = 0.000 [0.000,0.215]
  written hist {7: 617, 8: 190, 9: 11}
  pruned hist {5: 10, 6: 163, 7: 498, 8: 142, 9: 5}
  frontier written 9 pruned 9
  reasons [("parse: expected line index, got 'LEANPARSE'", 54700), ('rule check failed: IMPE', 19922), ('rule check failed: ANDI', 16618), ('rule check failed: NEGE', 8817), ('rule check failed: ORI2', 6119), ('rule check failed: IMPI', 5424)]
[lean_gate] 73120 samples, parse-fail 26802, distinct checked 41562: both ok 199, nd-only 0, lean-only 0, both rej 41363; lean 71.2s wall (837.1s proc, 12 workers), nd_verify 1.6s
[la_frozen_a4_s1 r1] transfer (this round, pass@32) SOLVED 43/2285 = 0.019 [0.014,0.025]
  len 7: 25/300 = 0.083 [0.057,0.120]
  len 8: 14/300 = 0.047 [0.028,0.077]
  len 9: 4/1010 = 0.004 [0.002,0.010]
  len 10: 0/451 = 0.000 [0.000,0.008]
  len 11: 0/99 = 0.000 [0.000,0.037]
  len 12: 0/102 = 0.000 [0.000,0.036]
  len 13: 0/13 = 0.000 [0.000,0.228]
  len 14: 0/10 = 0.000 [0.000,0.278]
  written hist {7: 27, 8: 17, 9: 5}
  pruned hist {6: 4, 7: 26, 8: 17, 9: 2}
  frontier written 9 pruned 8
  reasons [("parse: expected line index, got 'LEANPARSE'", 26802), ('rule check failed: IMPE', 12385), ('rule check failed: ANDI', 9211), ('rule check failed: NEGE', 5477), ('rule check failed: ORI2', 3317), ('rule check failed: ORI1', 2473)]
[lean_gate] 2285 samples, parse-fail 798, distinct checked 1487: both ok 12, nd-only 0, lean-only 0, both rej 1475; lean 2.0s wall (7.6s proc, 12 workers), nd_verify 0.1s
[la_frozen_a4_s1 r1] transfer greedy SOLVED 12/2285 = 0.005 [0.003,0.009]
  len 7: 9/300 = 0.030 [0.016,0.056]
  len 8: 2/300 = 0.007 [0.002,0.024]
  len 9: 1/1010 = 0.001 [0.000,0.006]
  len 10: 0/451 = 0.000 [0.000,0.008]
  len 11: 0/99 = 0.000 [0.000,0.037]
  len 12: 0/102 = 0.000 [0.000,0.036]
  len 13: 0/13 = 0.000 [0.000,0.228]
  len 14: 0/10 = 0.000 [0.000,0.278]
  written hist {7: 9, 8: 2, 9: 1}
  pruned hist {6: 3, 7: 8, 8: 1}
  frontier written 7 pruned 7
  reasons [("parse: expected line index, got 'LEANPARSE'", 798), ('rule check failed: IMPE', 402), ('rule check failed: ANDI', 312), ('rule check failed: NEGE', 188), ('rule check failed: ORI2', 99), ('rule check failed: IMPI', 74)]
[lean_gate] 5000 samples, parse-fail 284, distinct checked 4716: both ok 4119, nd-only 0, lean-only 1, both rej 596; lean 3.6s wall (40.7s proc, 12 workers), nd_verify 0.2s
[la_frozen_a4_s1 r1] heldout greedy SOLVED 4119/5000 = 0.824 [0.813,0.834]
  len 2: 696/1000 = 0.696 [0.667,0.724]
  len 3: 952/1000 = 0.952 [0.937,0.964]
  len 4: 943/1000 = 0.943 [0.927,0.956]
  len 5: 917/1000 = 0.917 [0.898,0.933]
  len 6: 611/1000 = 0.611 [0.580,0.641]
  written hist {2: 32, 3: 992, 4: 927, 5: 1351, 6: 814, 7: 3}
  pruned hist {2: 38, 3: 993, 4: 930, 5: 1343, 6: 813, 7: 2}
  frontier written 6 pruned 6
  reasons [("parse: expected line index, got 'LEANPARSE'", 284), ('rule check failed: ANDI', 97), ('rule check failed: IMPI', 85), ('rule check failed: ORI2', 69), ('rule check failed: ORI1', 59), ('rule check failed: NEGE', 51)]
[la_frozen_a4_s1 r1] targets cumulative: solved 648/4495 L*=9 ge={7: 648, 8: 127, 9: 9, 10: 0, 11: 0, 12: 0}
[la_frozen_a4_s1 r1] transfer cumulative: solved 43/2285 L*=8 ge={7: 43, 8: 18, 9: 4, 10: 0, 11: 0, 12: 0}
=== round 1 done in 1596s; new proofs 818; cum targets solved 648 L*=9; transfer L*=8
[lean_gate] 143840 samples, parse-fail 54657, distinct checked 79233: both ok 5600, nd-only 0, lean-only 14, both rej 73619; lean 91.6s wall (1082.6s proc, 12 workers), nd_verify 2.9s
[la_frozen_a4_s1 r2] targets (this round) SOLVED 640/4495 = 0.142 [0.132,0.153]
  len 7: 523/1800 = 0.291 [0.270,0.312]
  len 8: 108/1000 = 0.108 [0.090,0.129]
  len 9: 9/1004 = 0.009 [0.005,0.017]
  len 10: 0/456 = 0.000 [0.000,0.008]
  len 11: 0/99 = 0.000 [0.000,0.037]
  len 12: 0/106 = 0.000 [0.000,0.035]
  len 13: 0/16 = 0.000 [0.000,0.194]
  len 14: 0/14 = 0.000 [0.000,0.215]
  written hist {7: 610, 8: 192, 9: 11}
  pruned hist {5: 9, 6: 157, 7: 498, 8: 144, 9: 5}
  frontier written 9 pruned 9
  reasons [("parse: expected line index, got 'LEANPARSE'", 54657), ('rule check failed: IMPE', 19801), ('rule check failed: ANDI', 16629), ('rule check failed: NEGE', 8854), ('rule check failed: ORI2', 6022), ('rule check failed: IMPI', 5379)]
[lean_gate] 73120 samples, parse-fail 26873, distinct checked 41611: both ok 179, nd-only 0, lean-only 0, both rej 41432; lean 50.4s wall (590.3s proc, 12 workers), nd_verify 1.6s
[la_frozen_a4_s1 r2] transfer (this round, pass@32) SOLVED 38/2285 = 0.017 [0.012,0.023]
  len 7: 22/300 = 0.073 [0.049,0.109]
  len 8: 14/300 = 0.047 [0.028,0.077]
  len 9: 2/1010 = 0.002 [0.001,0.007]
  len 10: 0/451 = 0.000 [0.000,0.008]
  len 11: 0/99 = 0.000 [0.000,0.037]
  len 12: 0/102 = 0.000 [0.000,0.036]
  len 13: 0/13 = 0.000 [0.000,0.228]
  len 14: 0/10 = 0.000 [0.000,0.278]
  written hist {7: 28, 8: 15, 9: 4}
  pruned hist {6: 5, 7: 28, 8: 12, 9: 2}
  frontier written 8 pruned 8
  reasons [("parse: expected line index, got 'LEANPARSE'", 26873), ('rule check failed: IMPE', 12311), ('rule check failed: ANDI', 9301), ('rule check failed: NEGE', 5516), ('rule check failed: ORI2', 3348), ('rule check failed: ORI1', 2472)]
[lean_gate] 2285 samples, parse-fail 798, distinct checked 1487: both ok 12, nd-only 0, lean-only 0, both rej 1475; lean 2.0s wall (7.6s proc, 12 workers), nd_verify 0.1s
[la_frozen_a4_s1 r2] transfer greedy SOLVED 12/2285 = 0.005 [0.003,0.009]
  len 7: 9/300 = 0.030 [0.016,0.056]
  len 8: 2/300 = 0.007 [0.002,0.024]
  len 9: 1/1010 = 0.001 [0.000,0.006]
  len 10: 0/451 = 0.000 [0.000,0.008]
  len 11: 0/99 = 0.000 [0.000,0.037]
  len 12: 0/102 = 0.000 [0.000,0.036]
  len 13: 0/13 = 0.000 [0.000,0.228]
  len 14: 0/10 = 0.000 [0.000,0.278]
  written hist {7: 9, 8: 2, 9: 1}
  pruned hist {6: 3, 7: 8, 8: 1}
  frontier written 7 pruned 7
  reasons [("parse: expected line index, got 'LEANPARSE'", 798), ('rule check failed: IMPE', 402), ('rule check failed: ANDI', 312), ('rule check failed: NEGE', 188), ('rule check failed: ORI2', 99), ('rule check failed: IMPI', 74)]
[lean_gate] 5000 samples, parse-fail 284, distinct checked 4716: both ok 4119, nd-only 0, lean-only 1, both rej 596; lean 9.6s wall (105.5s proc, 12 workers), nd_verify 0.6s
[la_frozen_a4_s1 r2] heldout greedy SOLVED 4119/5000 = 0.824 [0.813,0.834]
  len 2: 696/1000 = 0.696 [0.667,0.724]
  len 3: 952/1000 = 0.952 [0.937,0.964]
  len 4: 943/1000 = 0.943 [0.927,0.956]
  len 5: 917/1000 = 0.917 [0.898,0.933]
  len 6: 611/1000 = 0.611 [0.580,0.641]
  written hist {2: 32, 3: 992, 4: 927, 5: 1351, 6: 814, 7: 3}
  pruned hist {2: 38, 3: 993, 4: 930, 5: 1343, 6: 813, 7: 2}
  frontier written 6 pruned 6
  reasons [("parse: expected line index, got 'LEANPARSE'", 284), ('rule check failed: ANDI', 97), ('rule check failed: IMPI', 85), ('rule check failed: ORI2', 69), ('rule check failed: ORI1', 59), ('rule check failed: NEGE', 51)]
[la_frozen_a4_s1 r2] targets cumulative: solved 738/4495 L*=9 ge={7: 738, 8: 151, 9: 10, 10: 0, 11: 0, 12: 0}
[la_frozen_a4_s1 r2] transfer cumulative: solved 51/2285 L*=8 ge={7: 51, 8: 23, 9: 4, 10: 0, 11: 0, 12: 0}
=== round 2 done in 1483s; new proofs 157; cum targets solved 738 L*=9; transfer L*=8
[lean_gate] 143840 samples, parse-fail 54514, distinct checked 79533: both ok 5680, nd-only 0, lean-only 11, both rej 73842; lean 89.5s wall (1055.0s proc, 12 workers), nd_verify 3.1s
