START 2026-09-23T21:55:50Z until [ -f ckpts/dsc/stage1_a2_s0.pt ]; do sleep 30; done; python3 ladder_ei.py --init ckpts/dsc/stage1_a2_s0.pt --name la_frozen_a2_s0 --outdir artifacts/dsc --train data/dsc/train_a2.jsonl --heldout data/p2/heldout.jsonl --batch 512 --seed 0 --no_train
[lean_gate] 143840 samples, parse-fail 50177, distinct checked 82401: both ok 6216, nd-only 0, lean-only 30, both rej 76155; lean 89.7s wall (1063.7s proc, 12 workers), nd_verify 2.9s
[la_frozen_a2_s0 r1] targets (this round) SOLVED 691/4495 = 0.154 [0.143,0.165]
  len 7: 584/1800 = 0.324 [0.303,0.346]
  len 8: 100/1000 = 0.100 [0.083,0.120]
  len 9: 7/1004 = 0.007 [0.003,0.014]
  len 10: 0/456 = 0.000 [0.000,0.008]
  len 11: 0/99 = 0.000 [0.000,0.037]
  len 12: 0/106 = 0.000 [0.000,0.035]
  len 13: 0/16 = 0.000 [0.000,0.194]
  len 14: 0/14 = 0.000 [0.000,0.215]
  written hist {7: 661, 8: 169, 9: 9}
  pruned hist {5: 15, 6: 168, 7: 523, 8: 130, 9: 3}
  frontier written 9 pruned 8
  reasons [("parse: expected line index, got 'LEANPARSE'", 50177), ('rule check failed: IMPE', 27363), ('rule check failed: ANDI', 14570), ('rule check failed: NEGE', 9906), ('rule check failed: IMPI', 6415), ('final formula is not the conclusion', 6064)]
[lean_gate] 73120 samples, parse-fail 24135, distinct checked 43524: both ok 383, nd-only 0, lean-only 8, both rej 43133; lean 51.6s wall (607.1s proc, 12 workers), nd_verify 1.5s
[la_frozen_a2_s0 r1] transfer (this round, pass@32) SOLVED 54/2285 = 0.024 [0.018,0.031]
  len 7: 28/300 = 0.093 [0.065,0.132]
  len 8: 23/300 = 0.077 [0.052,0.112]
  len 9: 3/1010 = 0.003 [0.001,0.009]
  len 10: 0/451 = 0.000 [0.000,0.008]
  len 11: 0/99 = 0.000 [0.000,0.037]
  len 12: 0/102 = 0.000 [0.000,0.036]
  len 13: 0/13 = 0.000 [0.000,0.228]
  len 14: 0/10 = 0.000 [0.000,0.278]
  written hist {7: 33, 8: 32, 9: 5}
  pruned hist {5: 1, 6: 4, 7: 34, 8: 28, 9: 3}
  frontier written 9 pruned 8
  reasons [("parse: expected line index, got 'LEANPARSE'", 24135), ('rule check failed: IMPE', 15251), ('rule check failed: ANDI', 7853), ('rule check failed: NEGE', 5550), ('final formula is not the conclusion', 3678), ('rule check failed: IMPI', 3300)]
[lean_gate] 2285 samples, parse-fail 663, distinct checked 1622: both ok 15, nd-only 0, lean-only 0, both rej 1607; lean 1.9s wall (8.0s proc, 12 workers), nd_verify 0.1s
[la_frozen_a2_s0 r1] transfer greedy SOLVED 15/2285 = 0.007 [0.004,0.011]
  len 7: 9/300 = 0.030 [0.016,0.056]
  len 8: 5/300 = 0.017 [0.007,0.038]
  len 9: 1/1010 = 0.001 [0.000,0.006]
  len 10: 0/451 = 0.000 [0.000,0.008]
  len 11: 0/99 = 0.000 [0.000,0.037]
  len 12: 0/102 = 0.000 [0.000,0.036]
  len 13: 0/13 = 0.000 [0.000,0.228]
  len 14: 0/10 = 0.000 [0.000,0.278]
  written hist {7: 9, 8: 5, 9: 1}
  pruned hist {5: 1, 7: 8, 8: 5, 9: 1}
  frontier written 8 pruned 8
  reasons [("parse: expected line index, got 'LEANPARSE'", 663), ('rule check failed: IMPE', 544), ('rule check failed: ANDI', 281), ('rule check failed: NEGE', 187), ('rule check failed: ANDE2', 106), ('final formula is not the conclusion', 102)]
[lean_gate] 5000 samples, parse-fail 149, distinct checked 4851: both ok 4593, nd-only 0, lean-only 2, both rej 256; lean 3.4s wall (37.7s proc, 12 workers), nd_verify 0.1s
[la_frozen_a2_s0 r1] heldout greedy SOLVED 4593/5000 = 0.919 [0.911,0.926]
  len 2: 999/1000 = 0.999 [0.994,1.000]
  len 3: 989/1000 = 0.989 [0.980,0.994]
  len 4: 963/1000 = 0.963 [0.949,0.973]
  len 5: 929/1000 = 0.929 [0.911,0.943]
  len 6: 713/1000 = 0.713 [0.684,0.740]
  written hist {2: 1025, 3: 977, 4: 981, 5: 982, 6: 627, 7: 1}
  pruned hist {2: 1025, 3: 978, 4: 986, 5: 977, 6: 626, 7: 1}
  frontier written 6 pruned 6
  reasons [("parse: expected line index, got 'LEANPARSE'", 149), ('rule check failed: ANDI', 51), ('rule check failed: IMPE', 42), ('rule check failed: ANDE2', 31), ('rule check failed: IMPI', 26), ('rule check failed: DN', 26)]
[la_frozen_a2_s0 r1] targets cumulative: solved 691/4495 L*=9 ge={7: 691, 8: 107, 9: 7, 10: 0, 11: 0, 12: 0}
[la_frozen_a2_s0 r1] transfer cumulative: solved 54/2285 L*=8 ge={7: 54, 8: 26, 9: 3, 10: 0, 11: 0, 12: 0}
=== round 1 done in 1006s; new proofs 839; cum targets solved 691 L*=9; transfer L*=8
[lean_gate] 143840 samples, parse-fail 49854, distinct checked 82789: both ok 6246, nd-only 0, lean-only 32, both rej 76511; lean 143.6s wall (1705.9s proc, 12 workers), nd_verify 3.0s
[la_frozen_a2_s0 r2] targets (this round) SOLVED 715/4495 = 0.159 [0.149,0.170]
  len 7: 602/1800 = 0.334 [0.313,0.357]
  len 8: 106/1000 = 0.106 [0.088,0.127]
  len 9: 7/1004 = 0.007 [0.003,0.014]
  len 10: 0/456 = 0.000 [0.000,0.008]
  len 11: 0/99 = 0.000 [0.000,0.037]
  len 12: 0/106 = 0.000 [0.000,0.035]
  len 13: 0/16 = 0.000 [0.000,0.194]
  len 14: 0/14 = 0.000 [0.000,0.215]
  written hist {7: 662, 8: 174, 9: 10}
  pruned hist {5: 15, 6: 164, 7: 523, 8: 141, 9: 3}
  frontier written 9 pruned 8
  reasons [("parse: expected line index, got 'LEANPARSE'", 49854), ('rule check failed: IMPE', 27483), ('rule check failed: ANDI', 14610), ('rule check failed: NEGE', 9803), ('rule check failed: IMPI', 6501), ('final formula is not the conclusion', 6092)]
[lean_gate] 73120 samples, parse-fail 24061, distinct checked 43671: both ok 340, nd-only 0, lean-only 4, both rej 43327; lean 84.8s wall (1004.7s proc, 12 workers), nd_verify 1.4s
[la_frozen_a2_s0 r2] transfer (this round, pass@32) SOLVED 60/2285 = 0.026 [0.020,0.034]
  len 7: 31/300 = 0.103 [0.074,0.143]
  len 8: 22/300 = 0.073 [0.049,0.109]
  len 9: 7/1010 = 0.007 [0.003,0.014]
  len 10: 0/451 = 0.000 [0.000,0.008]
  len 11: 0/99 = 0.000 [0.000,0.037]
  len 12: 0/102 = 0.000 [0.000,0.036]
  len 13: 0/13 = 0.000 [0.000,0.228]
  len 14: 0/10 = 0.000 [0.000,0.278]
  written hist {7: 38, 8: 30, 9: 8}
  pruned hist {5: 1, 6: 3, 7: 37, 8: 30, 9: 5}
  frontier written 9 pruned 9
  reasons [("parse: expected line index, got 'LEANPARSE'", 24061), ('rule check failed: IMPE', 15370), ('rule check failed: ANDI', 7794), ('rule check failed: NEGE', 5558), ('final formula is not the conclusion', 3701), ('rule check failed: ANDE2', 3350)]
[lean_gate] 2285 samples, parse-fail 663, distinct checked 1622: both ok 15, nd-only 0, lean-only 0, both rej 1607; lean 2.1s wall (8.5s proc, 12 workers), nd_verify 0.1s
[la_frozen_a2_s0 r2] transfer greedy SOLVED 15/2285 = 0.007 [0.004,0.011]
  len 7: 9/300 = 0.030 [0.016,0.056]
  len 8: 5/300 = 0.017 [0.007,0.038]
  len 9: 1/1010 = 0.001 [0.000,0.006]
  len 10: 0/451 = 0.000 [0.000,0.008]
  len 11: 0/99 = 0.000 [0.000,0.037]
  len 12: 0/102 = 0.000 [0.000,0.036]
  len 13: 0/13 = 0.000 [0.000,0.228]
  len 14: 0/10 = 0.000 [0.000,0.278]
  written hist {7: 9, 8: 5, 9: 1}
  pruned hist {5: 1, 7: 8, 8: 5, 9: 1}
  frontier written 8 pruned 8
  reasons [("parse: expected line index, got 'LEANPARSE'", 663), ('rule check failed: IMPE', 544), ('rule check failed: ANDI', 281), ('rule check failed: NEGE', 187), ('rule check failed: ANDE2', 106), ('final formula is not the conclusion', 102)]
[lean_gate] 5000 samples, parse-fail 149, distinct checked 4851: both ok 4593, nd-only 0, lean-only 2, both rej 256; lean 3.5s wall (38.9s proc, 12 workers), nd_verify 0.2s
[la_frozen_a2_s0 r2] heldout greedy SOLVED 4593/5000 = 0.919 [0.911,0.926]
  len 2: 999/1000 = 0.999 [0.994,1.000]
  len 3: 989/1000 = 0.989 [0.980,0.994]
  len 4: 963/1000 = 0.963 [0.949,0.973]
  len 5: 929/1000 = 0.929 [0.911,0.943]
  len 6: 713/1000 = 0.713 [0.684,0.740]
  written hist {2: 1025, 3: 977, 4: 981, 5: 982, 6: 627, 7: 1}
  pruned hist {2: 1025, 3: 978, 4: 986, 5: 977, 6: 626, 7: 1}
  frontier written 6 pruned 6
  reasons [("parse: expected line index, got 'LEANPARSE'", 149), ('rule check failed: ANDI', 51), ('rule check failed: IMPE', 42), ('rule check failed: ANDE2', 31), ('rule check failed: IMPI', 26), ('rule check failed: DN', 26)]
[la_frozen_a2_s0 r2] targets cumulative: solved 806/4495 L*=9 ge={7: 806, 8: 141, 9: 9, 10: 0, 11: 0, 12: 0}
[la_frozen_a2_s0 r2] transfer cumulative: solved 68/2285 L*=9 ge={7: 68, 8: 33, 9: 7, 10: 0, 11: 0, 12: 0}
=== round 2 done in 1468s; new proofs 170; cum targets solved 806 L*=9; transfer L*=9
[lean_gate] 143840 samples, parse-fail 50315, distinct checked 82518: both ok 6218, nd-only 0, lean-only 34, both rej 76266; lean 90.0s wall (1069.3s proc, 12 workers), nd_verify 3.0s
[la_frozen_a2_s0 r3] targets (this round) SOLVED 703/4495 = 0.156 [0.146,0.167]
  len 7: 584/1800 = 0.324 [0.303,0.346]
  len 8: 114/1000 = 0.114 [0.096,0.135]
  len 9: 5/1004 = 0.005 [0.002,0.012]
  len 10: 0/456 = 0.000 [0.000,0.008]
  len 11: 0/99 = 0.000 [0.000,0.037]
  len 12: 0/106 = 0.000 [0.000,0.035]
  len 13: 0/16 = 0.000 [0.000,0.194]
  len 14: 0/14 = 0.000 [0.000,0.215]
  written hist {7: 665, 8: 177, 9: 9}
  pruned hist {5: 17, 6: 170, 7: 526, 8: 133, 9: 5}
  frontier written 9 pruned 9
  reasons [("parse: expected line index, got 'LEANPARSE'", 50315), ('rule check failed: IMPE', 27338), ('rule check failed: ANDI', 14574), ('rule check failed: NEGE', 9918), ('rule check failed: IMPI', 6268), ('final formula is not the conclusion', 6111)]
[lean_gate] 73120 samples, parse-fail 24121, distinct checked 43510: both ok 387, nd-only 0, lean-only 5, both rej 43118; lean 49.6s wall (583.4s proc, 12 workers), nd_verify 1.5s
[la_frozen_a2_s0 r3] transfer (this round, pass@32) SOLVED 69/2285 = 0.030 [0.024,0.038]
  len 7: 35/300 = 0.117 [0.085,0.158]
  len 8: 29/300 = 0.097 [0.068,0.135]
  len 9: 5/1010 = 0.005 [0.002,0.012]
  len 10: 0/451 = 0.000 [0.000,0.008]
  len 11: 0/99 = 0.000 [0.000,0.037]
  len 12: 0/102 = 0.000 [0.000,0.036]
  len 13: 0/13 = 0.000 [0.000,0.228]
  len 14: 0/10 = 0.000 [0.000,0.278]
  written hist {7: 42, 8: 37, 9: 7}
  pruned hist {5: 1, 6: 3, 7: 44, 8: 34, 9: 4}
  frontier written 9 pruned 8
  reasons [("parse: expected line index, got 'LEANPARSE'", 24121), ('rule check failed: IMPE', 15400), ('rule check failed: ANDI', 7815), ('rule check failed: NEGE', 5629), ('final formula is not the conclusion', 3621), ('rule check failed: ANDE2', 3341)]
[lean_gate] 2285 samples, parse-fail 663, distinct checked 1622: both ok 15, nd-only 0, lean-only 0, both rej 1607; lean 2.2s wall (8.7s proc, 12 workers), nd_verify 0.1s
[la_frozen_a2_s0 r3] transfer greedy SOLVED 15/2285 = 0.007 [0.004,0.011]
  len 7: 9/300 = 0.030 [0.016,0.056]
  len 8: 5/300 = 0.017 [0.007,0.038]
  len 9: 1/1010 = 0.001 [0.000,0.006]
  len 10: 0/451 = 0.000 [0.000,0.008]
  len 11: 0/99 = 0.000 [0.000,0.037]
  len 12: 0/102 = 0.000 [0.000,0.036]
  len 13: 0/13 = 0.000 [0.000,0.228]
  len 14: 0/10 = 0.000 [0.000,0.278]
  written hist {7: 9, 8: 5, 9: 1}
  pruned hist {5: 1, 7: 8, 8: 5, 9: 1}
  frontier written 8 pruned 8
  reasons [("parse: expected line index, got 'LEANPARSE'", 663), ('rule check failed: IMPE', 544), ('rule check failed: ANDI', 281), ('rule check failed: NEGE', 187), ('rule check failed: ANDE2', 106), ('final formula is not the conclusion', 102)]
[lean_gate] 5000 samples, parse-fail 149, distinct checked 4851: both ok 4593, nd-only 0, lean-only 2, both rej 256; lean 3.3s wall (37.4s proc, 12 workers), nd_verify 0.2s
[la_frozen_a2_s0 r3] heldout greedy SOLVED 4593/5000 = 0.919 [0.911,0.926]
  len 2: 999/1000 = 0.999 [0.994,1.000]
  len 3: 989/1000 = 0.989 [0.980,0.994]
  len 4: 963/1000 = 0.963 [0.949,0.973]
  len 5: 929/1000 = 0.929 [0.911,0.943]
  len 6: 713/1000 = 0.713 [0.684,0.740]
  written hist {2: 1025, 3: 977, 4: 981, 5: 982, 6: 627, 7: 1}
  pruned hist {2: 1025, 3: 978, 4: 986, 5: 977, 6: 626, 7: 1}
  frontier written 6 pruned 6
  reasons [("parse: expected line index, got 'LEANPARSE'", 149), ('rule check failed: ANDI', 51), ('rule check failed: IMPE', 42), ('rule check failed: ANDE2', 31), ('rule check failed: IMPI', 26), ('rule check failed: DN', 26)]
[la_frozen_a2_s0 r3] targets cumulative: solved 872/4495 L*=9 ge={7: 872, 8: 164, 9: 9, 10: 0, 11: 0, 12: 0}
[la_frozen_a2_s0 r3] transfer cumulative: solved 82/2285 L*=9 ge={7: 82, 8: 42, 9: 8, 10: 0, 11: 0, 12: 0}
=== round 3 done in 1484s; new proofs 104; cum targets solved 872 L*=9; transfer L*=9
[lean_gate] 143840 samples, parse-fail 50230, distinct checked 82494: both ok 6318, nd-only 0, lean-only 33, both rej 76143; lean 92.6s wall (1098.9s proc, 12 workers), nd_verify 4.9s
[la_frozen_a2_s0 r4] targets (this round) SOLVED 697/4495 = 0.155 [0.145,0.166]
  len 7: 585/1800 = 0.325 [0.304,0.347]
  len 8: 105/1000 = 0.105 [0.087,0.126]
  len 9: 7/1004 = 0.007 [0.003,0.014]
  len 10: 0/456 = 0.000 [0.000,0.008]
  len 11: 0/99 = 0.000 [0.000,0.037]
  len 12: 0/106 = 0.000 [0.000,0.035]
  len 13: 0/16 = 0.000 [0.000,0.194]
  len 14: 0/14 = 0.000 [0.000,0.215]
  written hist {7: 666, 8: 171, 9: 8}
  pruned hist {5: 16, 6: 168, 7: 526, 8: 131, 9: 4}
  frontier written 9 pruned 8
  reasons [("parse: expected line index, got 'LEANPARSE'", 50230), ('rule check failed: IMPE', 27279), ('rule check failed: ANDI', 14471), ('rule check failed: NEGE', 9847), ('rule check failed: IMPI', 6409), ('final formula is not the conclusion', 6002)]
[lean_gate] 73120 samples, parse-fail 24107, distinct checked 43670: both ok 350, nd-only 0, lean-only 5, both rej 43315; lean 50.1s wall (590.6s proc, 12 workers), nd_verify 1.7s
[la_frozen_a2_s0 r4] transfer (this round, pass@32) SOLVED 58/2285 = 0.025 [0.020,0.033]
  len 7: 32/300 = 0.107 [0.077,0.147]
  len 8: 22/300 = 0.073 [0.049,0.109]
  len 9: 4/1010 = 0.004 [0.002,0.010]
  len 10: 0/451 = 0.000 [0.000,0.008]
  len 11: 0/99 = 0.000 [0.000,0.037]
  len 12: 0/102 = 0.000 [0.000,0.036]
  len 13: 0/13 = 0.000 [0.000,0.228]
  len 14: 0/10 = 0.000 [0.000,0.278]
  written hist {7: 36, 8: 29, 9: 6}
  pruned hist {5: 1, 6: 3, 7: 35, 8: 28, 9: 4}
  frontier written 9 pruned 8
  reasons [("parse: expected line index, got 'LEANPARSE'", 24107), ('rule check failed: IMPE', 15299), ('rule check failed: ANDI', 7772), ('rule check failed: NEGE', 5510), ('final formula is not the conclusion', 3775), ('rule check failed: ANDE2', 3301)]
[lean_gate] 2285 samples, parse-fail 663, distinct checked 1622: both ok 15, nd-only 0, lean-only 0, both rej 1607; lean 2.3s wall (9.5s proc, 12 workers), nd_verify 0.1s
[la_frozen_a2_s0 r4] transfer greedy SOLVED 15/2285 = 0.007 [0.004,0.011]
  len 7: 9/300 = 0.030 [0.016,0.056]
  len 8: 5/300 = 0.017 [0.007,0.038]
  len 9: 1/1010 = 0.001 [0.000,0.006]
  len 10: 0/451 = 0.000 [0.000,0.008]
  len 11: 0/99 = 0.000 [0.000,0.037]
  len 12: 0/102 = 0.000 [0.000,0.036]
  len 13: 0/13 = 0.000 [0.000,0.228]
  len 14: 0/10 = 0.000 [0.000,0.278]
  written hist {7: 9, 8: 5, 9: 1}
  pruned hist {5: 1, 7: 8, 8: 5, 9: 1}
  frontier written 8 pruned 8
  reasons [("parse: expected line index, got 'LEANPARSE'", 663), ('rule check failed: IMPE', 544), ('rule check failed: ANDI', 281), ('rule check failed: NEGE', 187), ('rule check failed: ANDE2', 106), ('final formula is not the conclusion', 102)]
[lean_gate] 5000 samples, parse-fail 149, distinct checked 4851: both ok 4593, nd-only 0, lean-only 2, both rej 256; lean 3.4s wall (38.3s proc, 12 workers), nd_verify 0.1s
[la_frozen_a2_s0 r4] heldout greedy SOLVED 4593/5000 = 0.919 [0.911,0.926]
  len 2: 999/1000 = 0.999 [0.994,1.000]
  len 3: 989/1000 = 0.989 [0.980,0.994]
  len 4: 963/1000 = 0.963 [0.949,0.973]
  len 5: 929/1000 = 0.929 [0.911,0.943]
  len 6: 713/1000 = 0.713 [0.684,0.740]
  written hist {2: 1025, 3: 977, 4: 981, 5: 982, 6: 627, 7: 1}
  pruned hist {2: 1025, 3: 978, 4: 986, 5: 977, 6: 626, 7: 1}
  frontier written 6 pruned 6
  reasons [("parse: expected line index, got 'LEANPARSE'", 149), ('rule check failed: ANDI', 51), ('rule check failed: IMPE', 42), ('rule check failed: ANDE2', 31), ('rule check failed: IMPI', 26), ('rule check failed: DN', 26)]
[la_frozen_a2_s0 r4] targets cumulative: solved 912/4495 L*=9 ge={7: 912, 8: 179, 9: 9, 10: 0, 11: 0, 12: 0}
[la_frozen_a2_s0 r4] transfer cumulative: solved 89/2285 L*=9 ge={7: 89, 8: 45, 9: 9, 10: 0, 11: 0, 12: 0}
=== round 4 done in 1531s; new proofs 68; cum targets solved 912 L*=9; transfer L*=9
[lean_gate] 143840 samples, parse-fail 49977, distinct checked 82721: both ok 6164, nd-only 0, lean-only 20, both rej 76537; lean 90.0s wall (1064.0s proc, 12 workers), nd_verify 2.9s
[la_frozen_a2_s0 r5] targets (this round) SOLVED 699/4495 = 0.156 [0.145,0.166]
  len 7: 594/1800 = 0.330 [0.309,0.352]
  len 8: 99/1000 = 0.099 [0.082,0.119]
  len 9: 6/1004 = 0.006 [0.003,0.013]
  len 10: 0/456 = 0.000 [0.000,0.008]
  len 11: 0/99 = 0.000 [0.000,0.037]
  len 12: 0/106 = 0.000 [0.000,0.035]
  len 13: 0/16 = 0.000 [0.000,0.194]
  len 14: 0/14 = 0.000 [0.000,0.215]
  written hist {7: 667, 8: 166, 9: 9, 10: 1}
  pruned hist {5: 15, 6: 161, 7: 533, 8: 130, 9: 4}
  frontier written 9 pruned 8
  reasons [("parse: expected line index, got 'LEANPARSE'", 49977), ('rule check failed: IMPE', 27478), ('rule check failed: ANDI', 14612), ('rule check failed: NEGE', 9807), ('rule check failed: IMPI', 6302), ('final formula is not the conclusion', 6103)]
[lean_gate] 73120 samples, parse-fail 23948, distinct checked 43824: both ok 356, nd-only 0, lean-only 2, both rej 43466; lean 51.1s wall (600.1s proc, 12 workers), nd_verify 1.5s
[la_frozen_a2_s0 r5] transfer (this round, pass@32) SOLVED 63/2285 = 0.028 [0.022,0.035]
  len 7: 33/300 = 0.110 [0.079,0.150]
  len 8: 27/300 = 0.090 [0.063,0.128]
  len 9: 3/1010 = 0.003 [0.001,0.009]
  len 10: 0/451 = 0.000 [0.000,0.008]
  len 11: 0/99 = 0.000 [0.000,0.037]
  len 12: 0/102 = 0.000 [0.000,0.036]
  len 13: 0/13 = 0.000 [0.000,0.228]
  len 14: 0/10 = 0.000 [0.000,0.278]
  written hist {7: 39, 8: 30, 9: 5}
  pruned hist {5: 1, 6: 3, 7: 37, 8: 30, 9: 3}
  frontier written 9 pruned 8
  reasons [("parse: expected line index, got 'LEANPARSE'", 23948), ('rule check failed: IMPE', 15432), ('rule check failed: ANDI', 7877), ('rule check failed: NEGE', 5542), ('final formula is not the conclusion', 3696), ('rule check failed: ANDE2', 3378)]
[lean_gate] 2285 samples, parse-fail 663, distinct checked 1622: both ok 15, nd-only 0, lean-only 0, both rej 1607; lean 2.3s wall (9.5s proc, 12 workers), nd_verify 0.1s
[la_frozen_a2_s0 r5] transfer greedy SOLVED 15/2285 = 0.007 [0.004,0.011]
  len 7: 9/300 = 0.030 [0.016,0.056]
  len 8: 5/300 = 0.017 [0.007,0.038]
  len 9: 1/1010 = 0.001 [0.000,0.006]
  len 10: 0/451 = 0.000 [0.000,0.008]
  len 11: 0/99 = 0.000 [0.000,0.037]
  len 12: 0/102 = 0.000 [0.000,0.036]
  len 13: 0/13 = 0.000 [0.000,0.228]
  len 14: 0/10 = 0.000 [0.000,0.278]
  written hist {7: 9, 8: 5, 9: 1}
  pruned hist {5: 1, 7: 8, 8: 5, 9: 1}
  frontier written 8 pruned 8
  reasons [("parse: expected line index, got 'LEANPARSE'", 663), ('rule check failed: IMPE', 544), ('rule check failed: ANDI', 281), ('rule check failed: NEGE', 187), ('rule check failed: ANDE2', 106), ('final formula is not the conclusion', 102)]
[lean_gate] 5000 samples, parse-fail 149, distinct checked 4851: both ok 4593, nd-only 0, lean-only 2, both rej 256; lean 3.7s wall (41.6s proc, 12 workers), nd_verify 0.2s
[la_frozen_a2_s0 r5] heldout greedy SOLVED 4593/5000 = 0.919 [0.911,0.926]
  len 2: 999/1000 = 0.999 [0.994,1.000]
  len 3: 989/1000 = 0.989 [0.980,0.994]
  len 4: 963/1000 = 0.963 [0.949,0.973]
  len 5: 929/1000 = 0.929 [0.911,0.943]
  len 6: 713/1000 = 0.713 [0.684,0.740]
  written hist {2: 1025, 3: 977, 4: 981, 5: 982, 6: 627, 7: 1}
  pruned hist {2: 1025, 3: 978, 4: 986, 5: 977, 6: 626, 7: 1}
  frontier written 6 pruned 6
  reasons [("parse: expected line index, got 'LEANPARSE'", 149), ('rule check failed: ANDI', 51), ('rule check failed: IMPE', 42), ('rule check failed: ANDE2', 31), ('rule check failed: IMPI', 26), ('rule check failed: DN', 26)]
[la_frozen_a2_s0 r5] targets cumulative: solved 949/4495 L*=9 ge={7: 949, 8: 191, 9: 10, 10: 0, 11: 0, 12: 0}
[la_frozen_a2_s0 r5] transfer cumulative: solved 95/2285 L*=9 ge={7: 95, 8: 48, 9: 9, 10: 0, 11: 0, 12: 0}
=== round 5 done in 1325s; new proofs 57; cum targets solved 949 L*=9; transfer L*=9
[lean_gate] 143840 samples, parse-fail 50043, distinct checked 82572: both ok 6295, nd-only 0, lean-only 31, both rej 76246; lean 89.5s wall (1059.4s proc, 12 workers), nd_verify 3.0s
[la_frozen_a2_s0 r6] targets (this round) SOLVED 725/4495 = 0.161 [0.151,0.172]
  len 7: 604/1800 = 0.336 [0.314,0.358]
  len 8: 114/1000 = 0.114 [0.096,0.135]
  len 9: 7/1004 = 0.007 [0.003,0.014]
  len 10: 0/456 = 0.000 [0.000,0.008]
  len 11: 0/99 = 0.000 [0.000,0.037]
  len 12: 0/106 = 0.000 [0.000,0.035]
  len 13: 0/16 = 0.000 [0.000,0.194]
  len 14: 0/14 = 0.000 [0.000,0.215]
  written hist {7: 680, 8: 179, 9: 10}
  pruned hist {5: 16, 6: 161, 7: 545, 8: 144, 9: 3}
  frontier written 9 pruned 8
  reasons [("parse: expected line index, got 'LEANPARSE'", 50043), ('rule check failed: IMPE', 27472), ('rule check failed: ANDI', 14455), ('rule check failed: NEGE', 9865), ('rule check failed: IMPI', 6360), ('final formula is not the conclusion', 6018)]
[lean_gate] 73120 samples, parse-fail 24163, distinct checked 43621: both ok 371, nd-only 0, lean-only 7, both rej 43243; lean 50.2s wall (586.9s proc, 12 workers), nd_verify 1.5s
[la_frozen_a2_s0 r6] transfer (this round, pass@32) SOLVED 63/2285 = 0.028 [0.022,0.035]
  len 7: 37/300 = 0.123 [0.091,0.165]
  len 8: 22/300 = 0.073 [0.049,0.109]
  len 9: 4/1010 = 0.004 [0.002,0.010]
  len 10: 0/451 = 0.000 [0.000,0.008]
  len 11: 0/99 = 0.000 [0.000,0.037]
  len 12: 0/102 = 0.000 [0.000,0.036]
  len 13: 0/13 = 0.000 [0.000,0.228]
  len 14: 0/10 = 0.000 [0.000,0.278]
  written hist {7: 41, 8: 30, 9: 7}
  pruned hist {5: 1, 6: 3, 7: 39, 8: 31, 9: 4}
  frontier written 9 pruned 8
  reasons [("parse: expected line index, got 'LEANPARSE'", 24163), ('rule check failed: IMPE', 15370), ('rule check failed: ANDI', 7844), ('rule check failed: NEGE', 5555), ('final formula is not the conclusion', 3641), ('rule check failed: ANDE2', 3381)]
[lean_gate] 2285 samples, parse-fail 663, distinct checked 1622: both ok 15, nd-only 0, lean-only 0, both rej 1607; lean 2.1s wall (8.7s proc, 12 workers), nd_verify 0.1s
[la_frozen_a2_s0 r6] transfer greedy SOLVED 15/2285 = 0.007 [0.004,0.011]
  len 7: 9/300 = 0.030 [0.016,0.056]
  len 8: 5/300 = 0.017 [0.007,0.038]
  len 9: 1/1010 = 0.001 [0.000,0.006]
  len 10: 0/451 = 0.000 [0.000,0.008]
  len 11: 0/99 = 0.000 [0.000,0.037]
  len 12: 0/102 = 0.000 [0.000,0.036]
  len 13: 0/13 = 0.000 [0.000,0.228]
  len 14: 0/10 = 0.000 [0.000,0.278]
  written hist {7: 9, 8: 5, 9: 1}
  pruned hist {5: 1, 7: 8, 8: 5, 9: 1}
  frontier written 8 pruned 8
  reasons [("parse: expected line index, got 'LEANPARSE'", 663), ('rule check failed: IMPE', 544), ('rule check failed: ANDI', 281), ('rule check failed: NEGE', 187), ('rule check failed: ANDE2', 106), ('final formula is not the conclusion', 102)]
[lean_gate] 5000 samples, parse-fail 149, distinct checked 4851: both ok 4593, nd-only 0, lean-only 2, both rej 256; lean 3.5s wall (39.5s proc, 12 workers), nd_verify 0.1s
[la_frozen_a2_s0 r6] heldout greedy SOLVED 4593/5000 = 0.919 [0.911,0.926]
  len 2: 999/1000 = 0.999 [0.994,1.000]
  len 3: 989/1000 = 0.989 [0.980,0.994]
  len 4: 963/1000 = 0.963 [0.949,0.973]
  len 5: 929/1000 = 0.929 [0.911,0.943]
  len 6: 713/1000 = 0.713 [0.684,0.740]
  written hist {2: 1025, 3: 977, 4: 981, 5: 982, 6: 627, 7: 1}
  pruned hist {2: 1025, 3: 978, 4: 986, 5: 977, 6: 626, 7: 1}
  frontier written 6 pruned 6
  reasons [("parse: expected line index, got 'LEANPARSE'", 149), ('rule check failed: ANDI', 51), ('rule check failed: IMPE', 42), ('rule check failed: ANDE2', 31), ('rule check failed: IMPI', 26), ('rule check failed: DN', 26)]
[la_frozen_a2_s0 r6] targets cumulative: solved 982/4495 L*=9 ge={7: 982, 8: 200, 9: 11, 10: 0, 11: 0, 12: 0}
[la_frozen_a2_s0 r6] transfer cumulative: solved 101/2285 L*=9 ge={7: 101, 8: 50, 9: 9, 10: 0, 11: 0, 12: 0}
=== round 6 done in 1477s; new proofs 60; cum targets solved 982 L*=9; transfer L*=9
[lean_gate] 143840 samples, parse-fail 50170, distinct checked 82527: both ok 6212, nd-only 0, lean-only 29, both rej 76286; lean 85.3s wall (1007.9s proc, 12 workers), nd_verify 2.9s
[la_frozen_a2_s0 r7] targets (this round) SOLVED 700/4495 = 0.156 [0.145,0.167]
  len 7: 583/1800 = 0.324 [0.303,0.346]
  len 8: 111/1000 = 0.111 [0.093,0.132]
  len 9: 6/1004 = 0.006 [0.003,0.013]
  len 10: 0/456 = 0.000 [0.000,0.008]
  len 11: 0/99 = 0.000 [0.000,0.037]
  len 12: 0/106 = 0.000 [0.000,0.035]
  len 13: 0/16 = 0.000 [0.000,0.194]
  len 14: 0/14 = 0.000 [0.000,0.215]
  written hist {7: 670, 8: 172, 9: 10}
  pruned hist {5: 15, 6: 166, 7: 531, 8: 136, 9: 4}
  frontier written 9 pruned 8
  reasons [("parse: expected line index, got 'LEANPARSE'", 50170), ('rule check failed: IMPE', 27354), ('rule check failed: ANDI', 14548), ('rule check failed: NEGE', 9918), ('rule check failed: IMPI', 6367), ('final formula is not the conclusion', 6004)]
[lean_gate] 73120 samples, parse-fail 24120, distinct checked 43590: both ok 368, nd-only 0, lean-only 4, both rej 43218; lean 50.3s wall (593.1s proc, 12 workers), nd_verify 1.5s
[la_frozen_a2_s0 r7] transfer (this round, pass@32) SOLVED 67/2285 = 0.029 [0.023,0.037]
  len 7: 39/300 = 0.130 [0.097,0.173]
  len 8: 24/300 = 0.080 [0.054,0.116]
  len 9: 4/1010 = 0.004 [0.002,0.010]
  len 10: 0/451 = 0.000 [0.000,0.008]
  len 11: 0/99 = 0.000 [0.000,0.037]
  len 12: 0/102 = 0.000 [0.000,0.036]
  len 13: 0/13 = 0.000 [0.000,0.228]
  len 14: 0/10 = 0.000 [0.000,0.278]
  written hist {7: 45, 8: 29, 9: 6}
  pruned hist {5: 1, 6: 3, 7: 45, 8: 27, 9: 4}
  frontier written 9 pruned 8
  reasons [("parse: expected line index, got 'LEANPARSE'", 24120), ('rule check failed: IMPE', 15402), ('rule check failed: ANDI', 7779), ('rule check failed: NEGE', 5609), ('final formula is not the conclusion', 3649), ('rule check failed: ANDE2', 3343)]
[lean_gate] 2285 samples, parse-fail 663, distinct checked 1622: both ok 15, nd-only 0, lean-only 0, both rej 1607; lean 7.2s wall (29.2s proc, 12 workers), nd_verify 0.5s
[la_frozen_a2_s0 r7] transfer greedy SOLVED 15/2285 = 0.007 [0.004,0.011]
  len 7: 9/300 = 0.030 [0.016,0.056]
  len 8: 5/300 = 0.017 [0.007,0.038]
  len 9: 1/1010 = 0.001 [0.000,0.006]
  len 10: 0/451 = 0.000 [0.000,0.008]
  len 11: 0/99 = 0.000 [0.000,0.037]
  len 12: 0/102 = 0.000 [0.000,0.036]
  len 13: 0/13 = 0.000 [0.000,0.228]
  len 14: 0/10 = 0.000 [0.000,0.278]
  written hist {7: 9, 8: 5, 9: 1}
  pruned hist {5: 1, 7: 8, 8: 5, 9: 1}
  frontier written 8 pruned 8
  reasons [("parse: expected line index, got 'LEANPARSE'", 663), ('rule check failed: IMPE', 544), ('rule check failed: ANDI', 281), ('rule check failed: NEGE', 187), ('rule check failed: ANDE2', 106), ('final formula is not the conclusion', 102)]
[lean_gate] 5000 samples, parse-fail 149, distinct checked 4851: both ok 4593, nd-only 0, lean-only 2, both rej 256; lean 8.8s wall (91.4s proc, 12 workers), nd_verify 0.4s
[la_frozen_a2_s0 r7] heldout greedy SOLVED 4593/5000 = 0.919 [0.911,0.926]
  len 2: 999/1000 = 0.999 [0.994,1.000]
  len 3: 989/1000 = 0.989 [0.980,0.994]
  len 4: 963/1000 = 0.963 [0.949,0.973]
  len 5: 929/1000 = 0.929 [0.911,0.943]
  len 6: 713/1000 = 0.713 [0.684,0.740]
  written hist {2: 1025, 3: 977, 4: 981, 5: 982, 6: 627, 7: 1}
  pruned hist {2: 1025, 3: 978, 4: 986, 5: 977, 6: 626, 7: 1}
  frontier written 6 pruned 6
  reasons [("parse: expected line index, got 'LEANPARSE'", 149), ('rule check failed: ANDI', 51), ('rule check failed: IMPE', 42), ('rule check failed: ANDE2', 31), ('rule check failed: IMPI', 26), ('rule check failed: DN', 26)]
[la_frozen_a2_s0 r7] targets cumulative: solved 1012/4495 L*=9 ge={7: 1012, 8: 213, 9: 12, 10: 0, 11: 0, 12: 0}
[la_frozen_a2_s0 r7] transfer cumulative: solved 108/2285 L*=9 ge={7: 108, 8: 53, 9: 9, 10: 0, 11: 0, 12: 0}
=== round 7 done in 1164s; new proofs 42; cum targets solved 1012 L*=9; transfer L*=9
[lean_gate] 143840 samples, parse-fail 50205, distinct checked 82607: both ok 6216, nd-only 0, lean-only 29, both rej 76362; lean 86.7s wall (1025.1s proc, 12 workers), nd_verify 2.9s
[la_frozen_a2_s0 r8] targets (this round) SOLVED 697/4495 = 0.155 [0.145,0.166]
  len 7: 591/1800 = 0.328 [0.307,0.350]
  len 8: 101/1000 = 0.101 [0.084,0.121]
  len 9: 5/1004 = 0.005 [0.002,0.012]
  len 10: 0/456 = 0.000 [0.000,0.008]
  len 11: 0/99 = 0.000 [0.000,0.037]
  len 12: 0/106 = 0.000 [0.000,0.035]
  len 13: 0/16 = 0.000 [0.000,0.194]
  len 14: 0/14 = 0.000 [0.000,0.215]
  written hist {7: 661, 8: 160, 9: 8}
  pruned hist {5: 16, 6: 164, 7: 516, 8: 131, 9: 2}
  frontier written 9 pruned 8
  reasons [("parse: expected line index, got 'LEANPARSE'", 50205), ('rule check failed: IMPE', 27449), ('rule check failed: ANDI', 14500), ('rule check failed: NEGE', 9850), ('rule check failed: IMPI', 6514), ('final formula is not the conclusion', 6063)]
[lean_gate] 73120 samples, parse-fail 24222, distinct checked 43474: both ok 370, nd-only 0, lean-only 11, both rej 43093; lean 46.6s wall (550.3s proc, 12 workers), nd_verify 1.4s
[la_frozen_a2_s0 r8] transfer (this round, pass@32) SOLVED 65/2285 = 0.028 [0.022,0.036]
  len 7: 39/300 = 0.130 [0.097,0.173]
  len 8: 22/300 = 0.073 [0.049,0.109]
  len 9: 4/1010 = 0.004 [0.002,0.010]
  len 10: 0/451 = 0.000 [0.000,0.008]
  len 11: 0/99 = 0.000 [0.000,0.037]
  len 12: 0/102 = 0.000 [0.000,0.036]
  len 13: 0/13 = 0.000 [0.000,0.228]
  len 14: 0/10 = 0.000 [0.000,0.278]
  written hist {7: 45, 8: 28, 9: 5}
  pruned hist {5: 1, 6: 3, 7: 43, 8: 28, 9: 3}
  frontier written 9 pruned 8
  reasons [("parse: expected line index, got 'LEANPARSE'", 24222), ('rule check failed: IMPE', 15284), ('rule check failed: ANDI', 7791), ('rule check failed: NEGE', 5553), ('final formula is not the conclusion', 3717), ('rule check failed: ANDE2', 3353)]
[lean_gate] 2285 samples, parse-fail 663, distinct checked 1622: both ok 15, nd-only 0, lean-only 0, both rej 1607; lean 1.9s wall (7.9s proc, 12 workers), nd_verify 0.1s
[la_frozen_a2_s0 r8] transfer greedy SOLVED 15/2285 = 0.007 [0.004,0.011]
  len 7: 9/300 = 0.030 [0.016,0.056]
  len 8: 5/300 = 0.017 [0.007,0.038]
  len 9: 1/1010 = 0.001 [0.000,0.006]
  len 10: 0/451 = 0.000 [0.000,0.008]
  len 11: 0/99 = 0.000 [0.000,0.037]
  len 12: 0/102 = 0.000 [0.000,0.036]
  len 13: 0/13 = 0.000 [0.000,0.228]
  len 14: 0/10 = 0.000 [0.000,0.278]
  written hist {7: 9, 8: 5, 9: 1}
  pruned hist {5: 1, 7: 8, 8: 5, 9: 1}
  frontier written 8 pruned 8
  reasons [("parse: expected line index, got 'LEANPARSE'", 663), ('rule check failed: IMPE', 544), ('rule check failed: ANDI', 281), ('rule check failed: NEGE', 187), ('rule check failed: ANDE2', 106), ('final formula is not the conclusion', 102)]
[lean_gate] 5000 samples, parse-fail 149, distinct checked 4851: both ok 4593, nd-only 0, lean-only 2, both rej 256; lean 3.3s wall (37.1s proc, 12 workers), nd_verify 0.1s
[la_frozen_a2_s0 r8] heldout greedy SOLVED 4593/5000 = 0.919 [0.911,0.926]
  len 2: 999/1000 = 0.999 [0.994,1.000]
  len 3: 989/1000 = 0.989 [0.980,0.994]
  len 4: 963/1000 = 0.963 [0.949,0.973]
  len 5: 929/1000 = 0.929 [0.911,0.943]
  len 6: 713/1000 = 0.713 [0.684,0.740]
  written hist {2: 1025, 3: 977, 4: 981, 5: 982, 6: 627, 7: 1}
  pruned hist {2: 1025, 3: 978, 4: 986, 5: 977, 6: 626, 7: 1}
  frontier written 6 pruned 6
  reasons [("parse: expected line index, got 'LEANPARSE'", 149), ('rule check failed: ANDI', 51), ('rule check failed: IMPE', 42), ('rule check failed: ANDE2', 31), ('rule check failed: IMPI', 26), ('rule check failed: DN', 26)]
[la_frozen_a2_s0 r8] targets cumulative: solved 1033/4495 L*=9 ge={7: 1033, 8: 218, 9: 12, 10: 0, 11: 0, 12: 0}
[la_frozen_a2_s0 r8] transfer cumulative: solved 111/2285 L*=9 ge={7: 111, 8: 53, 9: 9, 10: 0, 11: 0, 12: 0}
=== round 8 done in 902s; new proofs 35; cum targets solved 1033 L*=9; transfer L*=9
END 2026-09-24T00:48:31Z
