START 2026-09-23T22:04:01Z until [ -f ckpts/dsc/stage1_a4_s1.pt ]; do sleep 30; done; python3 ladder_ei.py --init ckpts/dsc/stage1_a4_s1.pt --name la_T1_a4_s1 --outdir artifacts/dsc --train data/dsc/train_a4.jsonl --heldout data/p2/heldout.jsonl --batch 512 --seed 1
[lean_gate] 143840 samples, parse-fail 54700, distinct checked 79289: both ok 5531, nd-only 0, lean-only 12, both rej 73746; lean 86.9s wall (1028.7s proc, 12 workers), nd_verify 2.9s
[la_T1_a4_s1 r1] targets (this round) SOLVED 648/4495 = 0.144 [0.134,0.155]
  len 7: 521/1800 = 0.289 [0.269,0.311]
  len 8: 118/1000 = 0.118 [0.099,0.139]
  len 9: 9/1004 = 0.009 [0.005,0.017]
  len 10: 0/456 = 0.000 [0.000,0.008]
  len 11: 0/99 = 0.000 [0.000,0.037]
  len 12: 0/106 = 0.000 [0.000,0.035]
  len 13: 0/16 = 0.000 [0.000,0.194]
  len 14: 0/14 = 0.000 [0.000,0.215]
  written hist {7: 617, 8: 190, 9: 11}
  pruned hist {5: 10, 6: 163, 7: 498, 8: 142, 9: 5}
  frontier written 9 pruned 9
  reasons [("parse: expected line index, got 'LEANPARSE'", 54700), ('rule check failed: IMPE', 19922), ('rule check failed: ANDI', 16618), ('rule check failed: NEGE', 8817), ('rule check failed: ORI2', 6119), ('rule check failed: IMPI', 5424)]
[lean_gate] 73120 samples, parse-fail 26802, distinct checked 41562: both ok 199, nd-only 0, lean-only 0, both rej 41363; lean 96.7s wall (1120.0s proc, 12 workers), nd_verify 5.6s
[la_T1_a4_s1 r1] transfer (this round, pass@32) SOLVED 43/2285 = 0.019 [0.014,0.025]
  len 7: 25/300 = 0.083 [0.057,0.120]
  len 8: 14/300 = 0.047 [0.028,0.077]
  len 9: 4/1010 = 0.004 [0.002,0.010]
  len 10: 0/451 = 0.000 [0.000,0.008]
  len 11: 0/99 = 0.000 [0.000,0.037]
  len 12: 0/102 = 0.000 [0.000,0.036]
  len 13: 0/13 = 0.000 [0.000,0.228]
  len 14: 0/10 = 0.000 [0.000,0.278]
  written hist {7: 27, 8: 17, 9: 5}
  pruned hist {6: 4, 7: 26, 8: 17, 9: 2}
  frontier written 9 pruned 8
  reasons [("parse: expected line index, got 'LEANPARSE'", 26802), ('rule check failed: IMPE', 12385), ('rule check failed: ANDI', 9211), ('rule check failed: NEGE', 5477), ('rule check failed: ORI2', 3317), ('rule check failed: ORI1', 2473)]
[lean_gate] 2285 samples, parse-fail 798, distinct checked 1487: both ok 12, nd-only 0, lean-only 0, both rej 1475; lean 6.5s wall (24.0s proc, 12 workers), nd_verify 0.2s
[la_T1_a4_s1 r1] transfer greedy SOLVED 12/2285 = 0.005 [0.003,0.009]
  len 7: 9/300 = 0.030 [0.016,0.056]
  len 8: 2/300 = 0.007 [0.002,0.024]
  len 9: 1/1010 = 0.001 [0.000,0.006]
  len 10: 0/451 = 0.000 [0.000,0.008]
  len 11: 0/99 = 0.000 [0.000,0.037]
  len 12: 0/102 = 0.000 [0.000,0.036]
  len 13: 0/13 = 0.000 [0.000,0.228]
  len 14: 0/10 = 0.000 [0.000,0.278]
  written hist {7: 9, 8: 2, 9: 1}
  pruned hist {6: 3, 7: 8, 8: 1}
  frontier written 7 pruned 7
  reasons [("parse: expected line index, got 'LEANPARSE'", 798), ('rule check failed: IMPE', 402), ('rule check failed: ANDI', 312), ('rule check failed: NEGE', 188), ('rule check failed: ORI2', 99), ('rule check failed: IMPI', 74)]
[lean_gate] 5000 samples, parse-fail 284, distinct checked 4716: both ok 4119, nd-only 0, lean-only 1, both rej 596; lean 9.3s wall (107.3s proc, 12 workers), nd_verify 0.6s
[la_T1_a4_s1 r1] heldout greedy SOLVED 4119/5000 = 0.824 [0.813,0.834]
  len 2: 696/1000 = 0.696 [0.667,0.724]
  len 3: 952/1000 = 0.952 [0.937,0.964]
  len 4: 943/1000 = 0.943 [0.927,0.956]
  len 5: 917/1000 = 0.917 [0.898,0.933]
  len 6: 611/1000 = 0.611 [0.580,0.641]
  written hist {2: 32, 3: 992, 4: 927, 5: 1351, 6: 814, 7: 3}
  pruned hist {2: 38, 3: 993, 4: 930, 5: 1343, 6: 813, 7: 2}
  frontier written 6 pruned 6
  reasons [("parse: expected line index, got 'LEANPARSE'", 284), ('rule check failed: ANDI', 97), ('rule check failed: IMPI', 85), ('rule check failed: ORI2', 69), ('rule check failed: ORI1', 59), ('rule check failed: NEGE', 51)]
[la_T1_a4_s1 r1] targets cumulative: solved 648/4495 L*=9 ge={7: 648, 8: 127, 9: 9, 10: 0, 11: 0, 12: 0}
[la_T1_a4_s1 r1] transfer cumulative: solved 43/2285 L*=8 ge={7: 43, 8: 18, 9: 4, 10: 0, 11: 0, 12: 0}
python3 train.py --data artifacts/dsc/la_T1_a4_s1/mix_1.jsonl --init ckpts/dsc/stage1_a4_s1.pt --steps 600 --lr 0.0003 --min_lr 2.9999999999999997e-05 --warmup 50 --cap 0 --out ckpts/ladder/la_T1_a4_s1_r1.pt --seed 1001 --log_every 200
params 3214336 mode lean_seq shift True
train records 23224 max len 382
step 200 loss 0.0397 lr 2.53e-04 22s
step 400 loss 0.0429 lr 1.09e-04 40s
step 600 loss 0.0413 lr 3.00e-05 59s
saved ckpts/ladder/la_T1_a4_s1_r1.pt
=== round 1 done in 1215s; new proofs 818; cum targets solved 648 L*=9; transfer L*=8
[lean_gate] 143840 samples, parse-fail 18529, distinct checked 107190: both ok 31334, nd-only 0, lean-only 10, both rej 75846; lean 151.0s wall (1756.0s proc, 12 workers), nd_verify 19.9s
[la_T1_a4_s1 r2] targets (this round) SOLVED 1733/4495 = 0.386 [0.371,0.400]
  len 7: 1060/1800 = 0.589 [0.566,0.611]
  len 8: 509/1000 = 0.509 [0.478,0.540]
  len 9: 157/1004 = 0.156 [0.135,0.180]
  len 10: 7/456 = 0.015 [0.007,0.031]
  len 11: 0/99 = 0.000 [0.000,0.037]
  len 12: 0/106 = 0.000 [0.000,0.035]
  len 13: 0/16 = 0.000 [0.000,0.194]
  len 14: 0/14 = 0.000 [0.000,0.215]
  written hist {7: 1170, 8: 811, 9: 240, 10: 10, 11: 1}
  pruned hist {5: 22, 6: 246, 7: 1074, 8: 742, 9: 139, 10: 9}
  frontier written 10 pruned 10
  reasons [('rule check failed: ANDI', 22133), ("parse: expected line index, got 'LEANPARSE'", 18529), ('rule check failed: IMPE', 17587), ('rule check failed: NEGE', 7472), ('rule check failed: ORI1', 7031), ('rule check failed: ORI2', 6452)]
[lean_gate] 73120 samples, parse-fail 14108, distinct checked 51447: both ok 3567, nd-only 0, lean-only 0, both rej 47880; lean 62.6s wall (737.1s proc, 12 workers), nd_verify 6.7s
[la_T1_a4_s1 r2] transfer (this round, pass@32) SOLVED 269/2285 = 0.118 [0.105,0.132]
  len 7: 38/300 = 0.127 [0.094,0.169]
  len 8: 96/300 = 0.320 [0.270,0.375]
  len 9: 132/1010 = 0.131 [0.111,0.153]
  len 10: 3/451 = 0.007 [0.002,0.019]
  len 11: 0/99 = 0.000 [0.000,0.037]
  len 12: 0/102 = 0.000 [0.000,0.036]
  len 13: 0/13 = 0.000 [0.000,0.228]
  len 14: 0/10 = 0.000 [0.000,0.278]
  written hist {7: 43, 8: 128, 9: 171, 10: 4}
  pruned hist {5: 1, 6: 6, 7: 66, 8: 155, 9: 115, 10: 3}
  frontier written 9 pruned 9
  reasons [('rule check failed: ANDI', 14579), ("parse: expected line index, got 'LEANPARSE'", 14108), ('rule check failed: IMPE', 12656), ('rule check failed: NEGE', 4847), ('rule check failed: ORI1', 3988), ('rule check failed: ORI2', 3771)]
[lean_gate] 2285 samples, parse-fail 354, distinct checked 1931: both ok 150, nd-only 0, lean-only 0, both rej 1781; lean 8.3s wall (39.0s proc, 12 workers), nd_verify 0.3s
[la_T1_a4_s1 r2] transfer greedy SOLVED 150/2285 = 0.066 [0.056,0.077]
  len 7: 25/300 = 0.083 [0.057,0.120]
  len 8: 66/300 = 0.220 [0.177,0.270]
  len 9: 59/1010 = 0.058 [0.046,0.075]
  len 10: 0/451 = 0.000 [0.000,0.008]
  len 11: 0/99 = 0.000 [0.000,0.037]
  len 12: 0/102 = 0.000 [0.000,0.036]
  len 13: 0/13 = 0.000 [0.000,0.228]
  len 14: 0/10 = 0.000 [0.000,0.278]
  written hist {7: 21, 8: 68, 9: 61}
  pruned hist {6: 4, 7: 21, 8: 82, 9: 43}
  frontier written 9 pruned 9
  reasons [('rule check failed: ANDI', 486), ('rule check failed: IMPE', 415), ("parse: expected line index, got 'LEANPARSE'", 354), ('rule check failed: NEGE', 153), ('rule check failed: ORI1', 144), ('rule check failed: ORI2', 123)]
[lean_gate] 5000 samples, parse-fail 47, distinct checked 4953: both ok 4426, nd-only 0, lean-only 2, both rej 525; lean 10.1s wall (100.6s proc, 12 workers), nd_verify 0.5s
[la_T1_a4_s1 r2] heldout greedy SOLVED 4426/5000 = 0.885 [0.876,0.894]
  len 2: 744/1000 = 0.744 [0.716,0.770]
  len 3: 961/1000 = 0.961 [0.947,0.971]
  len 4: 938/1000 = 0.938 [0.921,0.951]
  len 5: 910/1000 = 0.910 [0.891,0.926]
  len 6: 873/1000 = 0.873 [0.851,0.892]
  written hist {2: 14, 3: 1028, 4: 923, 5: 1394, 6: 1062, 7: 4, 8: 1}
  pruned hist {2: 18, 3: 1032, 4: 922, 5: 1391, 6: 1059, 7: 3, 8: 1}
  frontier written 6 pruned 6
  reasons [('rule check failed: ANDI', 91), ('rule check failed: ORI1', 64), ('rule check failed: ORI2', 61), ("parse: expected line index, got 'LEANPARSE'", 47), ('final formula is not the conclusion', 46), ('rule check failed: IMPE', 44)]
[la_T1_a4_s1 r2] targets cumulative: solved 1733/4495 L*=10 ge={7: 1733, 8: 673, 9: 164, 10: 7, 11: 0, 12: 0}
[la_T1_a4_s1 r2] transfer cumulative: solved 277/2285 L*=9 ge={7: 277, 8: 234, 9: 136, 10: 3, 11: 0, 12: 0}
python3 train.py --data artifacts/dsc/la_T1_a4_s1/mix_2.jsonl --init ckpts/ladder/la_T1_a4_s1_r1.pt --steps 600 --lr 0.0003 --min_lr 2.9999999999999997e-05 --warmup 50 --cap 0 --out ckpts/ladder/la_T1_a4_s1_r2.pt --seed 1002 --log_every 200
params 3214336 mode lean_seq shift True
train records 28788 max len 423
step 200 loss 0.0419 lr 2.53e-04 22s
step 400 loss 0.0378 lr 1.09e-04 45s
step 600 loss 0.0387 lr 3.00e-05 68s
saved ckpts/ladder/la_T1_a4_s1_r2.pt
=== round 2 done in 1675s; new proofs 1425; cum targets solved 1733 L*=10; transfer L*=9
[lean_gate] 143840 samples, parse-fail 12316, distinct checked 111147: both ok 42065, nd-only 0, lean-only 1, both rej 69081; lean 123.1s wall (1458.3s proc, 12 workers), nd_verify 4.9s
[la_T1_a4_s1 r3] targets (this round) SOLVED 1988/4495 = 0.442 [0.428,0.457]
  len 7: 1135/1800 = 0.631 [0.608,0.653]
  len 8: 582/1000 = 0.582 [0.551,0.612]
  len 9: 246/1004 = 0.245 [0.219,0.273]
  len 10: 24/456 = 0.053 [0.036,0.077]
  len 11: 1/99 = 0.010 [0.002,0.055]
  len 12: 0/106 = 0.000 [0.000,0.035]
  len 13: 0/16 = 0.000 [0.000,0.194]
  len 14: 0/14 = 0.000 [0.000,0.215]
  written hist {7: 1253, 8: 963, 9: 386, 10: 51, 11: 5}
  pruned hist {5: 31, 6: 276, 7: 1169, 8: 880, 9: 267, 10: 34, 11: 1}
  frontier written 11 pruned 10
  reasons [('rule check failed: ANDI', 21228), ('rule check failed: IMPE', 16150), ("parse: expected line index, got 'LEANPARSE'", 12316), ('rule check failed: NEGE', 6813), ('rule check failed: ORI1', 6440), ('rule check failed: ORI2', 5976)]
[lean_gate] 73120 samples, parse-fail 10160, distinct checked 54773: both ok 5498, nd-only 0, lean-only 0, both rej 49275; lean 114.7s wall (1334.2s proc, 12 workers), nd_verify 10.4s
[la_T1_a4_s1 r3] transfer (this round, pass@32) SOLVED 376/2285 = 0.165 [0.150,0.180]
  len 7: 43/300 = 0.143 [0.108,0.188]
  len 8: 109/300 = 0.363 [0.311,0.419]
  len 9: 207/1010 = 0.205 [0.181,0.231]
  len 10: 17/451 = 0.038 [0.024,0.060]
  len 11: 0/99 = 0.000 [0.000,0.037]
  len 12: 0/102 = 0.000 [0.000,0.036]
  len 13: 0/13 = 0.000 [0.000,0.228]
  len 14: 0/10 = 0.000 [0.000,0.278]
  written hist {7: 47, 8: 137, 9: 281, 10: 25, 11: 3}
  pruned hist {5: 2, 6: 6, 7: 72, 8: 183, 9: 214, 10: 14, 11: 2}
  frontier written 10 pruned 10
  reasons [('rule check failed: ANDI', 15842), ('rule check failed: IMPE', 12990), ("parse: expected line index, got 'LEANPARSE'", 10160), ('rule check failed: NEGE', 4942), ('rule check failed: ORI1', 4046), ('rule check failed: ORI2', 3832)]
[lean_gate] 2285 samples, parse-fail 247, distinct checked 2038: both ok 222, nd-only 0, lean-only 0, both rej 1816; lean 7.7s wall (38.2s proc, 12 workers), nd_verify 0.5s
[la_T1_a4_s1 r3] transfer greedy SOLVED 222/2285 = 0.097 [0.086,0.110]
  len 7: 24/300 = 0.080 [0.054,0.116]
  len 8: 83/300 = 0.277 [0.229,0.330]
  len 9: 111/1010 = 0.110 [0.092,0.131]
  len 10: 4/451 = 0.009 [0.003,0.023]
  len 11: 0/99 = 0.000 [0.000,0.037]
  len 12: 0/102 = 0.000 [0.000,0.036]
  len 13: 0/13 = 0.000 [0.000,0.228]
  len 14: 0/10 = 0.000 [0.000,0.278]
  written hist {7: 19, 8: 85, 9: 114, 10: 4}
  pruned hist {6: 3, 7: 25, 8: 106, 9: 86, 10: 2}
  frontier written 9 pruned 9
  reasons [('rule check failed: ANDI', 528), ('rule check failed: IMPE', 427), ("parse: expected line index, got 'LEANPARSE'", 247), ('rule check failed: NEGE', 159), ('rule check failed: ORI1', 132), ('rule check failed: ORI2', 132)]
[lean_gate] 5000 samples, parse-fail 59, distinct checked 4941: both ok 4442, nd-only 0, lean-only 1, both rej 498; lean 4.1s wall (44.7s proc, 12 workers), nd_verify 0.2s
[la_T1_a4_s1 r3] heldout greedy SOLVED 4442/5000 = 0.888 [0.879,0.897]
  len 2: 727/1000 = 0.727 [0.699,0.754]
  len 3: 959/1000 = 0.959 [0.945,0.970]
  len 4: 944/1000 = 0.944 [0.928,0.957]
  len 5: 914/1000 = 0.914 [0.895,0.930]
  len 6: 898/1000 = 0.898 [0.878,0.915]
  written hist {2: 56, 3: 1032, 4: 928, 5: 1370, 6: 1050, 7: 5, 8: 1}
  pruned hist {2: 63, 3: 1036, 4: 928, 5: 1364, 6: 1046, 7: 4, 8: 1}
  frontier written 7 pruned 6
  reasons [('rule check failed: ANDI', 86), ('rule check failed: IMPE', 67), ('rule check failed: ORI2', 59), ("parse: expected line index, got 'LEANPARSE'", 59), ('rule check failed: ORI1', 52), ('rule check failed: ANDE1', 40)]
[la_T1_a4_s1 r3] targets cumulative: solved 1988/4495 L*=10 ge={7: 1988, 8: 853, 9: 271, 10: 25, 11: 1, 12: 0}
[la_T1_a4_s1 r3] transfer cumulative: solved 397/2285 L*=10 ge={7: 397, 8: 346, 9: 233, 10: 19, 11: 0, 12: 0}
python3 train.py --data artifacts/dsc/la_T1_a4_s1/mix_3.jsonl --init ckpts/ladder/la_T1_a4_s1_r2.pt --steps 600 --lr 0.0003 --min_lr 2.9999999999999997e-05 --warmup 50 --cap 0 --out ckpts/ladder/la_T1_a4_s1_r3.pt --seed 1003 --log_every 200
params 3214336 mode lean_seq shift True
train records 30408 max len 434
step 200 loss 0.0364 lr 2.53e-04 28s
step 400 loss 0.0385 lr 1.09e-04 55s
step 600 loss 0.0365 lr 3.00e-05 84s
saved ckpts/ladder/la_T1_a4_s1_r3.pt
=== round 3 done in 1681s; new proofs 438; cum targets solved 1988 L*=10; transfer L*=10
