START 2026-09-23T21:59:43Z until [ -f ckpts/lf/stage1_a1_seq_s1.pt ]; do sleep 30; done; python3 ladder_ei.py --init ckpts/lf/stage1_a1_seq_s1.pt --name la_T1_c0_s1 --outdir artifacts/dsc --train data/p2/train_depth3_f0_a1.jsonl --heldout data/p2/heldout.jsonl --batch 512 --seed 1
[lean_gate] 143840 samples, parse-fail 54049, distinct checked 79601: both ok 7090, nd-only 0, lean-only 0, both rej 72511; lean 161.8s wall (1914.2s proc, 12 workers), nd_verify 3.6s
[la_T1_c0_s1 r1] targets (this round) SOLVED 747/4495 = 0.166 [0.156,0.177]
  len 7: 593/1800 = 0.329 [0.308,0.352]
  len 8: 135/1000 = 0.135 [0.115,0.158]
  len 9: 19/1004 = 0.019 [0.012,0.029]
  len 10: 0/456 = 0.000 [0.000,0.008]
  len 11: 0/99 = 0.000 [0.000,0.037]
  len 12: 0/106 = 0.000 [0.000,0.035]
  len 13: 0/16 = 0.000 [0.000,0.194]
  len 14: 0/14 = 0.000 [0.000,0.215]
  written hist {7: 714, 8: 245, 9: 38}
  pruned hist {5: 30, 6: 200, 7: 557, 8: 197, 9: 13}
  frontier written 9 pruned 9
  reasons [("parse: expected line index, got 'LEANPARSE'", 54049), ('rule check failed: IMPE', 23227), ('rule check failed: ANDI', 14258), ('rule check failed: NEGE', 9347), ('rule check failed: ANDE2', 6003), ('final formula is not the conclusion', 5242)]
[lean_gate] 73120 samples, parse-fail 25930, distinct checked 42121: both ok 355, nd-only 0, lean-only 6, both rej 41760; lean 108.5s wall (1244.6s proc, 12 workers), nd_verify 14.0s
[la_T1_c0_s1 r1] transfer (this round, pass@32) SOLVED 56/2285 = 0.025 [0.019,0.032]
  len 7: 27/300 = 0.090 [0.063,0.128]
  len 8: 19/300 = 0.063 [0.041,0.097]
  len 9: 9/1010 = 0.009 [0.005,0.017]
  len 10: 1/451 = 0.002 [0.000,0.012]
  len 11: 0/99 = 0.000 [0.000,0.037]
  len 12: 0/102 = 0.000 [0.000,0.036]
  len 13: 0/13 = 0.000 [0.000,0.228]
  len 14: 0/10 = 0.000 [0.000,0.278]
  written hist {7: 31, 8: 21, 9: 11, 10: 1}
  pruned hist {5: 2, 6: 3, 7: 34, 8: 22, 9: 2, 10: 1}
  frontier written 9 pruned 8
  reasons [("parse: expected line index, got 'LEANPARSE'", 25930), ('rule check failed: IMPE', 13412), ('rule check failed: ANDI', 7988), ('rule check failed: NEGE', 5865), ('rule check failed: ANDE2', 3494), ('final formula is not the conclusion', 3273)]
[lean_gate] 2285 samples, parse-fail 789, distinct checked 1496: both ok 17, nd-only 0, lean-only 0, both rej 1479; lean 13.8s wall (52.5s proc, 12 workers), nd_verify 0.5s
[la_T1_c0_s1 r1] transfer greedy SOLVED 17/2285 = 0.007 [0.005,0.012]
  len 7: 10/300 = 0.033 [0.018,0.060]
  len 8: 5/300 = 0.017 [0.007,0.038]
  len 9: 1/1010 = 0.001 [0.000,0.006]
  len 10: 1/451 = 0.002 [0.000,0.012]
  len 11: 0/99 = 0.000 [0.000,0.037]
  len 12: 0/102 = 0.000 [0.000,0.036]
  len 13: 0/13 = 0.000 [0.000,0.228]
  len 14: 0/10 = 0.000 [0.000,0.278]
  written hist {7: 10, 8: 5, 9: 1, 10: 1}
  pruned hist {5: 1, 6: 1, 7: 8, 8: 6, 10: 1}
  frontier written 8 pruned 8
  reasons [("parse: expected line index, got 'LEANPARSE'", 789), ('rule check failed: IMPE', 412), ('rule check failed: ANDI', 296), ('rule check failed: NEGE', 190), ('rule check failed: ANDE2', 116), ('rule check failed: ORI2', 92)]
[lean_gate] 5000 samples, parse-fail 310, distinct checked 4690: both ok 4481, nd-only 0, lean-only 1, both rej 208; lean 16.4s wall (172.0s proc, 12 workers), nd_verify 0.9s
[la_T1_c0_s1 r1] heldout greedy SOLVED 4481/5000 = 0.896 [0.887,0.904]
  len 2: 997/1000 = 0.997 [0.991,0.999]
  len 3: 992/1000 = 0.992 [0.984,0.996]
  len 4: 966/1000 = 0.966 [0.953,0.976]
  len 5: 943/1000 = 0.943 [0.927,0.956]
  len 6: 583/1000 = 0.583 [0.552,0.613]
  written hist {2: 1023, 3: 991, 4: 951, 5: 985, 6: 531}
  pruned hist {2: 1023, 3: 995, 4: 953, 5: 980, 6: 530}
  frontier written 6 pruned 6
  reasons [("parse: expected line index, got 'LEANPARSE'", 310), ('rule check failed: DN', 44), ('rule check failed: ANDI', 40), ('rule check failed: IMPE', 33), ('rule check failed: ANDE2', 32), ('rule check failed: ORI2', 17)]
[la_T1_c0_s1 r1] targets cumulative: solved 747/4495 L*=9 ge={7: 747, 8: 154, 9: 19, 10: 0, 11: 0, 12: 0}
[la_T1_c0_s1 r1] transfer cumulative: solved 56/2285 L*=9 ge={7: 56, 8: 29, 9: 10, 10: 1, 11: 0, 12: 0}
python3 train.py --data artifacts/dsc/la_T1_c0_s1/mix_1.jsonl --init ckpts/lf/stage1_a1_seq_s1.pt --steps 600 --lr 0.0003 --min_lr 2.9999999999999997e-05 --warmup 50 --cap 0 --out ckpts/ladder/la_T1_c0_s1_r1.pt --seed 1001 --log_every 200
params 3214336 mode lean_seq shift True
train records 23928 max len 387
step 200 loss 0.0443 lr 2.53e-04 25s
step 400 loss 0.0469 lr 1.09e-04 51s
step 600 loss 0.0466 lr 3.00e-05 92s
saved ckpts/ladder/la_T1_c0_s1_r1.pt
=== round 1 done in 1807s; new proofs 997; cum targets solved 747 L*=9; transfer L*=9
[lean_gate] 143840 samples, parse-fail 16765, distinct checked 107500: both ok 37954, nd-only 0, lean-only 0, both rej 69546; lean 258.7s wall (3068.5s proc, 12 workers), nd_verify 5.0s
[la_T1_c0_s1 r2] targets (this round) SOLVED 1933/4495 = 0.430 [0.416,0.445]
  len 7: 1173/1800 = 0.652 [0.629,0.673]
  len 8: 545/1000 = 0.545 [0.514,0.576]
  len 9: 195/1004 = 0.194 [0.171,0.220]
  len 10: 20/456 = 0.044 [0.029,0.067]
  len 11: 0/99 = 0.000 [0.000,0.037]
  len 12: 0/106 = 0.000 [0.000,0.035]
  len 13: 0/16 = 0.000 [0.000,0.194]
  len 14: 0/14 = 0.000 [0.000,0.215]
  written hist {7: 1304, 8: 887, 9: 314, 10: 51, 11: 3}
  pruned hist {5: 43, 6: 281, 7: 1197, 8: 806, 9: 204, 10: 27, 11: 1}
  frontier written 10 pruned 10
  reasons [('rule check failed: ANDI', 17346), ("parse: expected line index, got 'LEANPARSE'", 16765), ('rule check failed: IMPE', 15915), ('rule check failed: NEGE', 9007), ('rule check failed: DN', 6945), ('rule check failed: ORI2', 6913)]
[lean_gate] 73120 samples, parse-fail 13618, distinct checked 51581: both ok 5470, nd-only 0, lean-only 0, both rej 46111; lean 228.5s wall (2667.8s proc, 12 workers), nd_verify 24.1s
[la_T1_c0_s1 r2] transfer (this round, pass@32) SOLVED 367/2285 = 0.161 [0.146,0.176]
  len 7: 60/300 = 0.200 [0.159,0.249]
  len 8: 112/300 = 0.373 [0.321,0.429]
  len 9: 180/1010 = 0.178 [0.156,0.203]
  len 10: 15/451 = 0.033 [0.020,0.054]
  len 11: 0/99 = 0.000 [0.000,0.037]
  len 12: 0/102 = 0.000 [0.000,0.036]
  len 13: 0/13 = 0.000 [0.000,0.228]
  len 14: 0/10 = 0.000 [0.000,0.278]
  written hist {7: 63, 8: 138, 9: 238, 10: 47}
  pruned hist {5: 2, 6: 7, 7: 95, 8: 188, 9: 170, 10: 24}
  frontier written 10 pruned 10
  reasons [("parse: expected line index, got 'LEANPARSE'", 13618), ('rule check failed: ANDI', 12916), ('rule check failed: IMPE', 11336), ('rule check failed: NEGE', 6159), ('rule check failed: ORI2', 4801), ('rule check failed: DN', 3215)]
[lean_gate] 2285 samples, parse-fail 368, distinct checked 1917: both ok 227, nd-only 0, lean-only 0, both rej 1690; lean 30.2s wall (142.4s proc, 12 workers), nd_verify 1.0s
[la_T1_c0_s1 r2] transfer greedy SOLVED 227/2285 = 0.099 [0.088,0.112]
  len 7: 47/300 = 0.157 [0.120,0.202]
  len 8: 79/300 = 0.263 [0.217,0.316]
  len 9: 95/1010 = 0.094 [0.078,0.114]
  len 10: 6/451 = 0.013 [0.006,0.029]
  len 11: 0/99 = 0.000 [0.000,0.037]
  len 12: 0/102 = 0.000 [0.000,0.036]
  len 13: 0/13 = 0.000 [0.000,0.228]
  len 14: 0/10 = 0.000 [0.000,0.278]
  written hist {7: 41, 8: 83, 9: 93, 10: 10}
  pruned hist {5: 1, 6: 6, 7: 51, 8: 101, 9: 64, 10: 4}
  frontier written 10 pruned 9
  reasons [('rule check failed: ANDI', 427), ('rule check failed: IMPE', 376), ("parse: expected line index, got 'LEANPARSE'", 368), ('rule check failed: NEGE', 198), ('rule check failed: ORI2', 158), ('rule check failed: ANDE2', 96)]
[lean_gate] 5000 samples, parse-fail 21, distinct checked 4979: both ok 4817, nd-only 0, lean-only 1, both rej 161; lean 20.2s wall (200.6s proc, 12 workers), nd_verify 1.0s
[la_T1_c0_s1 r2] heldout greedy SOLVED 4817/5000 = 0.963 [0.958,0.968]
  len 2: 999/1000 = 0.999 [0.994,1.000]
  len 3: 993/1000 = 0.993 [0.986,0.997]
  len 4: 968/1000 = 0.968 [0.955,0.977]
  len 5: 939/1000 = 0.939 [0.922,0.952]
  len 6: 918/1000 = 0.918 [0.899,0.933]
  written hist {2: 1021, 3: 989, 4: 944, 5: 980, 6: 879, 7: 4}
  pruned hist {2: 1023, 3: 987, 4: 950, 5: 976, 6: 878, 7: 3}
  frontier written 6 pruned 6
  reasons [('rule check failed: ANDI', 34), ('rule check failed: IMPE', 27), ('rule check failed: DN', 27), ('rule check failed: ORI2', 21), ("parse: expected line index, got 'LEANPARSE'", 21), ('rule check failed: ANDE2', 12)]
[la_T1_c0_s1 r2] targets cumulative: solved 1933/4495 L*=10 ge={7: 1933, 8: 760, 9: 215, 10: 20, 11: 0, 12: 0}
[la_T1_c0_s1 r2] transfer cumulative: solved 376/2285 L*=10 ge={7: 376, 8: 311, 9: 196, 10: 15, 11: 0, 12: 0}
python3 train.py --data artifacts/dsc/la_T1_c0_s1/mix_2.jsonl --init ckpts/ladder/la_T1_c0_s1_r1.pt --steps 600 --lr 0.0003 --min_lr 2.9999999999999997e-05 --warmup 50 --cap 0 --out ckpts/ladder/la_T1_c0_s1_r2.pt --seed 1002 --log_every 200
params 3214336 mode lean_seq shift True
train records 30076 max len 453
step 200 loss 0.0414 lr 2.53e-04 39s
step 400 loss 0.0439 lr 1.09e-04 68s
step 600 loss 0.0373 lr 3.00e-05 97s
saved ckpts/ladder/la_T1_c0_s1_r2.pt
=== round 2 done in 2596s; new proofs 1582; cum targets solved 1933 L*=10; transfer L*=10
