START 2026-09-23T22:14:46Z until [ -f ckpts/dsc/stage1_a1_s1.pt ]; do sleep 30; done; python3 ladder_ei.py --init ckpts/dsc/stage1_a1_s1.pt --name la_T1_a1_s1 --outdir artifacts/dsc --train data/dsc/train_a1.jsonl --heldout data/p2/heldout.jsonl --batch 512 --seed 1
[lean_gate] 143840 samples, parse-fail 39386, distinct checked 92081: both ok 13921, nd-only 0, lean-only 7, both rej 78153; lean 476.8s wall (5695.6s proc, 12 workers), nd_verify 4.8s
[la_T1_a1_s1 r1] targets (this round) SOLVED 1186/4495 = 0.264 [0.251,0.277]
  len 7: 836/1800 = 0.464 [0.442,0.488]
  len 8: 317/1000 = 0.317 [0.289,0.346]
  len 9: 32/1004 = 0.032 [0.023,0.045]
  len 10: 1/456 = 0.002 [0.000,0.012]
  len 11: 0/99 = 0.000 [0.000,0.037]
  len 12: 0/106 = 0.000 [0.000,0.035]
  len 13: 0/16 = 0.000 [0.000,0.194]
  len 14: 0/14 = 0.000 [0.000,0.215]
  written hist {7: 929, 8: 548, 9: 50, 10: 1}
  pruned hist {5: 19, 6: 202, 7: 839, 8: 434, 9: 33, 10: 1}
  frontier written 9 pruned 9
  reasons [("parse: expected line index, got 'LEANPARSE'", 39386), ('rule check failed: ANDI', 18646), ('rule check failed: IMPE', 18191), ('rule check failed: NEGE', 7628), ('rule check failed: ANDE2', 6504), ('rule check failed: DN', 6447)]
[lean_gate] 73120 samples, parse-fail 23697, distinct checked 44280: both ok 1243, nd-only 0, lean-only 3, both rej 43034; lean 166.0s wall (1958.1s proc, 12 workers), nd_verify 1.9s
[la_T1_a1_s1 r1] transfer (this round, pass@32) SOLVED 139/2285 = 0.061 [0.052,0.071]
  len 7: 44/300 = 0.147 [0.111,0.191]
  len 8: 66/300 = 0.220 [0.177,0.270]
  len 9: 28/1010 = 0.028 [0.019,0.040]
  len 10: 1/451 = 0.002 [0.000,0.012]
  len 11: 0/99 = 0.000 [0.000,0.037]
  len 12: 0/102 = 0.000 [0.000,0.036]
  len 13: 0/13 = 0.000 [0.000,0.228]
  len 14: 0/10 = 0.000 [0.000,0.278]
  written hist {7: 46, 8: 88, 9: 32, 10: 2}
  pruned hist {5: 1, 6: 6, 7: 54, 8: 85, 9: 21, 10: 1}
  frontier written 9 pruned 9
  reasons [("parse: expected line index, got 'LEANPARSE'", 23697), ('rule check failed: IMPE', 11672), ('rule check failed: ANDI', 10859), ('rule check failed: NEGE', 4357), ('rule check failed: ANDE2', 3932), ('rule check failed: R', 3143)]
[lean_gate] 2285 samples, parse-fail 681, distinct checked 1604: both ok 52, nd-only 0, lean-only 0, both rej 1552; lean 5.1s wall (19.8s proc, 12 workers), nd_verify 0.1s
[la_T1_a1_s1 r1] transfer greedy SOLVED 52/2285 = 0.023 [0.017,0.030]
  len 7: 21/300 = 0.070 [0.046,0.105]
  len 8: 27/300 = 0.090 [0.063,0.128]
  len 9: 4/1010 = 0.004 [0.002,0.010]
  len 10: 0/451 = 0.000 [0.000,0.008]
  len 11: 0/99 = 0.000 [0.000,0.037]
  len 12: 0/102 = 0.000 [0.000,0.036]
  len 13: 0/13 = 0.000 [0.000,0.228]
  len 14: 0/10 = 0.000 [0.000,0.278]
  written hist {7: 18, 8: 30, 9: 4}
  pruned hist {5: 1, 6: 3, 7: 16, 8: 30, 9: 2}
  frontier written 8 pruned 8
  reasons [("parse: expected line index, got 'LEANPARSE'", 681), ('rule check failed: IMPE', 398), ('rule check failed: ANDI', 384), ('rule check failed: NEGE', 136), ('rule check failed: ANDE2', 124), ('rule check failed: R', 94)]
[lean_gate] 5000 samples, parse-fail 47, distinct checked 4953: both ok 4712, nd-only 0, lean-only 1, both rej 240; lean 9.4s wall (102.1s proc, 12 workers), nd_verify 0.2s
[la_T1_a1_s1 r1] heldout greedy SOLVED 4712/5000 = 0.942 [0.936,0.949]
  len 2: 993/1000 = 0.993 [0.986,0.997]
  len 3: 987/1000 = 0.987 [0.978,0.992]
  len 4: 954/1000 = 0.954 [0.939,0.965]
  len 5: 938/1000 = 0.938 [0.921,0.951]
  len 6: 840/1000 = 0.840 [0.816,0.861]
  written hist {2: 1015, 3: 977, 4: 918, 5: 977, 6: 819, 7: 6}
  pruned hist {2: 1017, 3: 977, 4: 922, 5: 974, 6: 817, 7: 5}
  frontier written 7 pruned 7
  reasons [("parse: expected line index, got 'LEANPARSE'", 47), ('rule check failed: DN', 45), ('rule check failed: ANDI', 40), ('rule check failed: ANDE2', 32), ('rule check failed: IMPE', 28), ('rule check failed: ORI2', 18)]
[la_T1_a1_s1 r1] targets cumulative: solved 1186/4495 L*=9 ge={7: 1186, 8: 350, 9: 33, 10: 1, 11: 0, 12: 0}
[la_T1_a1_s1 r1] transfer cumulative: solved 139/2285 L*=9 ge={7: 139, 8: 95, 9: 29, 10: 1, 11: 0, 12: 0}
python3 train.py --data artifacts/dsc/la_T1_a1_s1/mix_1.jsonl --init ckpts/dsc/stage1_a1_s1.pt --steps 600 --lr 0.0003 --min_lr 2.9999999999999997e-05 --warmup 50 --cap 0 --out ckpts/ladder/la_T1_a1_s1_r1.pt --seed 1001 --log_every 200
params 3214336 mode lean_seq shift True
train records 26064 max len 431
step 200 loss 0.0442 lr 2.53e-04 45s
step 400 loss 0.0416 lr 1.09e-04 96s
step 600 loss 0.0447 lr 3.00e-05 179s
saved ckpts/ladder/la_T1_a1_s1_r1.pt
=== round 1 done in 2469s; new proofs 1528; cum targets solved 1186 L*=9; transfer L*=9
[lean_gate] 143840 samples, parse-fail 16121, distinct checked 107908: both ok 39326, nd-only 0, lean-only 0, both rej 68582; lean 270.4s wall (3199.7s proc, 12 workers), nd_verify 5.8s
