START 2026-09-23T22:21:27Z until [ -f ckpts/dsc/stage1_a3_s1.pt ]; do sleep 30; done; python3 ladder_ei.py --init ckpts/dsc/stage1_a3_s1.pt --name la_T1_a3_s1 --outdir artifacts/dsc --train data/dsc/train_a3.jsonl --heldout data/p2/heldout.jsonl --batch 512 --seed 1
[lean_gate] 143840 samples, parse-fail 29217, distinct checked 103342: both ok 34913, nd-only 0, lean-only 2, both rej 68427; lean 591.8s wall (6937.1s proc, 12 workers), nd_verify 118.1s
[la_T1_a3_s1 r1] targets (this round) SOLVED 2704/4495 = 0.602 [0.587,0.616]
  len 7: 1387/1800 = 0.771 [0.751,0.789]
  len 8: 736/1000 = 0.736 [0.708,0.762]
  len 9: 487/1004 = 0.485 [0.454,0.516]
  len 10: 87/456 = 0.191 [0.157,0.229]
  len 11: 7/99 = 0.071 [0.035,0.139]
  len 12: 0/106 = 0.000 [0.000,0.035]
  len 13: 0/16 = 0.000 [0.000,0.194]
  len 14: 0/14 = 0.000 [0.000,0.215]
  written hist {7: 1571, 8: 1615, 9: 1311, 10: 448, 11: 87, 12: 23, 13: 6, 15: 1}
  pruned hist {5: 50, 6: 405, 7: 1752, 8: 1567, 9: 930, 10: 280, 11: 61, 12: 11, 13: 5, 15: 1}
  frontier written 13 pruned 13
  reasons [("parse: expected line index, got 'LEANPARSE'", 29217), ('rule check failed: IMPE', 15255), ('rule check failed: ANDI', 12734), ('rule check failed: NEGE', 12216), ('rule check failed: DN', 7720), ('rule check failed: ANDE2', 7257)]
[lean_gate] 73120 samples, parse-fail 19055, distinct checked 49437: both ok 7520, nd-only 0, lean-only 0, both rej 41917; lean 272.0s wall (3140.6s proc, 12 workers), nd_verify 44.0s
[la_T1_a3_s1 r1] transfer (this round, pass@32) SOLVED 789/2285 = 0.345 [0.326,0.365]
  len 7: 118/300 = 0.393 [0.340,0.450]
  len 8: 149/300 = 0.497 [0.440,0.553]
  len 9: 449/1010 = 0.445 [0.414,0.475]
  len 10: 71/451 = 0.157 [0.127,0.194]
  len 11: 2/99 = 0.020 [0.006,0.071]
  len 12: 0/102 = 0.000 [0.000,0.036]
  len 13: 0/13 = 0.000 [0.000,0.228]
  len 14: 0/10 = 0.000 [0.000,0.278]
  written hist {7: 130, 8: 205, 9: 819, 10: 296, 11: 25, 12: 8, 13: 2}
  pruned hist {5: 7, 6: 12, 7: 184, 8: 383, 9: 700, 10: 177, 11: 16, 12: 5, 13: 1}
  frontier written 12 pruned 12
  reasons [("parse: expected line index, got 'LEANPARSE'", 19055), ('rule check failed: IMPE', 11074), ('rule check failed: ANDI', 8506), ('rule check failed: NEGE', 6898), ('rule check failed: ANDE2', 4695), ('rule check failed: DN', 3236)]
[lean_gate] 2285 samples, parse-fail 435, distinct checked 1850: both ok 286, nd-only 0, lean-only 0, both rej 1564; lean 34.1s wall (154.3s proc, 12 workers), nd_verify 1.8s
