START 2026-09-23T21:54:45Z until [ -f ckpts/dsc/stage1_a2_s0.pt ]; do sleep 30; done; python3 ladder_ei.py --init ckpts/dsc/stage1_a2_s0.pt --name la_T1_a2_s0 --outdir artifacts/dsc --train data/dsc/train_a2.jsonl --heldout data/p2/heldout.jsonl --batch 512 --seed 0
[lean_gate] 143840 samples, parse-fail 50177, distinct checked 82401: both ok 6216, nd-only 0, lean-only 30, both rej 76155; lean 87.6s wall (1040.3s proc, 12 workers), nd_verify 3.1s
[la_T1_a2_s0 r1] targets (this round) SOLVED 691/4495 = 0.154 [0.143,0.165]
  len 7: 584/1800 = 0.324 [0.303,0.346]
  len 8: 100/1000 = 0.100 [0.083,0.120]
  len 9: 7/1004 = 0.007 [0.003,0.014]
  len 10: 0/456 = 0.000 [0.000,0.008]
  len 11: 0/99 = 0.000 [0.000,0.037]
  len 12: 0/106 = 0.000 [0.000,0.035]
  len 13: 0/16 = 0.000 [0.000,0.194]
  len 14: 0/14 = 0.000 [0.000,0.215]
  written hist {7: 661, 8: 169, 9: 9}
  pruned hist {5: 15, 6: 168, 7: 523, 8: 130, 9: 3}
  frontier written 9 pruned 8
  reasons [("parse: expected line index, got 'LEANPARSE'", 50177), ('rule check failed: IMPE', 27363), ('rule check failed: ANDI', 14570), ('rule check failed: NEGE', 9906), ('rule check failed: IMPI', 6415), ('final formula is not the conclusion', 6064)]
[lean_gate] 73120 samples, parse-fail 24135, distinct checked 43524: both ok 383, nd-only 0, lean-only 8, both rej 43133; lean 47.4s wall (557.4s proc, 12 workers), nd_verify 1.4s
[la_T1_a2_s0 r1] transfer (this round, pass@32) SOLVED 54/2285 = 0.024 [0.018,0.031]
  len 7: 28/300 = 0.093 [0.065,0.132]
  len 8: 23/300 = 0.077 [0.052,0.112]
  len 9: 3/1010 = 0.003 [0.001,0.009]
  len 10: 0/451 = 0.000 [0.000,0.008]
  len 11: 0/99 = 0.000 [0.000,0.037]
  len 12: 0/102 = 0.000 [0.000,0.036]
  len 13: 0/13 = 0.000 [0.000,0.228]
  len 14: 0/10 = 0.000 [0.000,0.278]
  written hist {7: 33, 8: 32, 9: 5}
  pruned hist {5: 1, 6: 4, 7: 34, 8: 28, 9: 3}
  frontier written 9 pruned 8
  reasons [("parse: expected line index, got 'LEANPARSE'", 24135), ('rule check failed: IMPE', 15251), ('rule check failed: ANDI', 7853), ('rule check failed: NEGE', 5550), ('final formula is not the conclusion', 3678), ('rule check failed: IMPI', 3300)]
[lean_gate] 2285 samples, parse-fail 663, distinct checked 1622: both ok 15, nd-only 0, lean-only 0, both rej 1607; lean 1.9s wall (8.0s proc, 12 workers), nd_verify 0.1s
[la_T1_a2_s0 r1] transfer greedy SOLVED 15/2285 = 0.007 [0.004,0.011]
  len 7: 9/300 = 0.030 [0.016,0.056]
  len 8: 5/300 = 0.017 [0.007,0.038]
  len 9: 1/1010 = 0.001 [0.000,0.006]
  len 10: 0/451 = 0.000 [0.000,0.008]
  len 11: 0/99 = 0.000 [0.000,0.037]
  len 12: 0/102 = 0.000 [0.000,0.036]
  len 13: 0/13 = 0.000 [0.000,0.228]
  len 14: 0/10 = 0.000 [0.000,0.278]
  written hist {7: 9, 8: 5, 9: 1}
  pruned hist {5: 1, 7: 8, 8: 5, 9: 1}
  frontier written 8 pruned 8
  reasons [("parse: expected line index, got 'LEANPARSE'", 663), ('rule check failed: IMPE', 544), ('rule check failed: ANDI', 281), ('rule check failed: NEGE', 187), ('rule check failed: ANDE2', 106), ('final formula is not the conclusion', 102)]
[lean_gate] 5000 samples, parse-fail 149, distinct checked 4851: both ok 4593, nd-only 0, lean-only 2, both rej 256; lean 3.4s wall (37.8s proc, 12 workers), nd_verify 0.1s
[la_T1_a2_s0 r1] heldout greedy SOLVED 4593/5000 = 0.919 [0.911,0.926]
  len 2: 999/1000 = 0.999 [0.994,1.000]
  len 3: 989/1000 = 0.989 [0.980,0.994]
  len 4: 963/1000 = 0.963 [0.949,0.973]
  len 5: 929/1000 = 0.929 [0.911,0.943]
  len 6: 713/1000 = 0.713 [0.684,0.740]
  written hist {2: 1025, 3: 977, 4: 981, 5: 982, 6: 627, 7: 1}
  pruned hist {2: 1025, 3: 978, 4: 986, 5: 977, 6: 626, 7: 1}
  frontier written 6 pruned 6
  reasons [("parse: expected line index, got 'LEANPARSE'", 149), ('rule check failed: ANDI', 51), ('rule check failed: IMPE', 42), ('rule check failed: ANDE2', 31), ('rule check failed: IMPI', 26), ('rule check failed: DN', 26)]
[la_T1_a2_s0 r1] targets cumulative: solved 691/4495 L*=9 ge={7: 691, 8: 107, 9: 7, 10: 0, 11: 0, 12: 0}
[la_T1_a2_s0 r1] transfer cumulative: solved 54/2285 L*=8 ge={7: 54, 8: 26, 9: 3, 10: 0, 11: 0, 12: 0}
python3 train.py --data artifacts/dsc/la_T1_a2_s0/mix_1.jsonl --init ckpts/dsc/stage1_a2_s0.pt --steps 600 --lr 0.0003 --min_lr 2.9999999999999997e-05 --warmup 50 --cap 0 --out ckpts/ladder/la_T1_a2_s0_r1.pt --seed 1 --log_every 200
params 3214336 mode lean_seq shift True
train records 23344 max len 382
step 200 loss 0.0483 lr 2.53e-04 22s
step 400 loss 0.0488 lr 1.09e-04 42s
step 600 loss 0.0464 lr 3.00e-05 60s
saved ckpts/ladder/la_T1_a2_s0_r1.pt
=== round 1 done in 1047s; new proofs 839; cum targets solved 691 L*=9; transfer L*=8
[lean_gate] 143840 samples, parse-fail 18869, distinct checked 106370: both ok 35161, nd-only 0, lean-only 0, both rej 71209; lean 177.9s wall (2096.8s proc, 12 workers), nd_verify 21.2s
[la_T1_a2_s0 r2] targets (this round) SOLVED 1893/4495 = 0.421 [0.407,0.436]
  len 7: 1147/1800 = 0.637 [0.615,0.659]
  len 8: 519/1000 = 0.519 [0.488,0.550]
  len 9: 212/1004 = 0.211 [0.187,0.237]
  len 10: 15/456 = 0.033 [0.020,0.054]
  len 11: 0/99 = 0.000 [0.000,0.037]
  len 12: 0/106 = 0.000 [0.000,0.035]
  len 13: 0/16 = 0.000 [0.000,0.194]
  len 14: 0/14 = 0.000 [0.000,0.215]
  written hist {7: 1218, 8: 822, 9: 312, 10: 39}
  pruned hist {5: 31, 6: 256, 7: 1120, 8: 729, 9: 233, 10: 22}
  frontier written 10 pruned 10
  reasons [("parse: expected line index, got 'LEANPARSE'", 18869), ('rule check failed: IMPE', 18590), ('rule check failed: ANDI', 18108), ('rule check failed: NEGE', 7014), ('rule check failed: ORI2', 6074), ('rule check failed: DN', 5460)]
[lean_gate] 73120 samples, parse-fail 13435, distinct checked 51815: both ok 4953, nd-only 0, lean-only 0, both rej 46862; lean 96.9s wall (1112.3s proc, 12 workers), nd_verify 8.3s
[la_T1_a2_s0 r2] transfer (this round, pass@32) SOLVED 361/2285 = 0.158 [0.144,0.174]
  len 7: 74/300 = 0.247 [0.201,0.298]
  len 8: 110/300 = 0.367 [0.314,0.423]
  len 9: 163/1010 = 0.161 [0.140,0.185]
  len 10: 13/451 = 0.029 [0.017,0.049]
  len 11: 1/99 = 0.010 [0.002,0.055]
  len 12: 0/102 = 0.000 [0.000,0.036]
  len 13: 0/13 = 0.000 [0.000,0.228]
  len 14: 0/10 = 0.000 [0.000,0.278]
  written hist {7: 73, 8: 150, 9: 216, 10: 24, 11: 1}
  pruned hist {5: 2, 6: 5, 7: 105, 8: 173, 9: 163, 10: 15, 11: 1}
  frontier written 10 pruned 10
  reasons [("parse: expected line index, got 'LEANPARSE'", 13435), ('rule check failed: IMPE', 12967), ('rule check failed: ANDI', 12283), ('rule check failed: NEGE', 4397), ('rule check failed: ORI2', 3571), ('rule check failed: IMPI', 3488)]
[lean_gate] 2285 samples, parse-fail 353, distinct checked 1932: both ok 207, nd-only 0, lean-only 0, both rej 1725; lean 2.6s wall (12.3s proc, 12 workers), nd_verify 0.1s
[la_T1_a2_s0 r2] transfer greedy SOLVED 207/2285 = 0.091 [0.079,0.103]
  len 7: 56/300 = 0.187 [0.147,0.235]
  len 8: 81/300 = 0.270 [0.223,0.323]
  len 9: 67/1010 = 0.066 [0.053,0.083]
  len 10: 3/451 = 0.007 [0.002,0.019]
  len 11: 0/99 = 0.000 [0.000,0.037]
  len 12: 0/102 = 0.000 [0.000,0.036]
  len 13: 0/13 = 0.000 [0.000,0.228]
  len 14: 0/10 = 0.000 [0.000,0.278]
  written hist {7: 50, 8: 82, 9: 72, 10: 3}
  pruned hist {6: 3, 7: 53, 8: 100, 9: 49, 10: 2}
  frontier written 9 pruned 9
  reasons [('rule check failed: ANDI', 414), ('rule check failed: IMPE', 409), ("parse: expected line index, got 'LEANPARSE'", 353), ('rule check failed: NEGE', 136), ('rule check failed: ORI2', 120), ('rule check failed: IMPI', 109)]
[lean_gate] 5000 samples, parse-fail 26, distinct checked 4974: both ok 4787, nd-only 0, lean-only 1, both rej 186; lean 3.7s wall (38.4s proc, 12 workers), nd_verify 0.1s
[la_T1_a2_s0 r2] heldout greedy SOLVED 4787/5000 = 0.957 [0.951,0.963]
  len 2: 997/1000 = 0.997 [0.991,0.999]
  len 3: 992/1000 = 0.992 [0.984,0.996]
  len 4: 955/1000 = 0.955 [0.940,0.966]
  len 5: 933/1000 = 0.933 [0.916,0.947]
  len 6: 910/1000 = 0.910 [0.891,0.926]
  written hist {2: 1020, 3: 974, 4: 956, 5: 975, 6: 861, 7: 1}
  pruned hist {2: 1021, 3: 978, 4: 958, 5: 972, 6: 857, 7: 1}
  frontier written 6 pruned 6
  reasons [('rule check failed: ANDI', 46), ("parse: expected line index, got 'LEANPARSE'", 26), ('rule check failed: IMPE', 23), ('rule check failed: DN', 20), ('rule check failed: ANDE1', 16), ('rule check failed: ORI1', 14)]
[la_T1_a2_s0 r2] targets cumulative: solved 1893/4495 L*=10 ge={7: 1893, 8: 746, 9: 227, 10: 15, 11: 0, 12: 0}
[la_T1_a2_s0 r2] transfer cumulative: solved 364/2285 L*=10 ge={7: 364, 8: 288, 9: 177, 10: 14, 11: 1, 12: 0}
python3 train.py --data artifacts/dsc/la_T1_a2_s0/mix_2.jsonl --init ckpts/ladder/la_T1_a2_s0_r1.pt --steps 600 --lr 0.0003 --min_lr 2.9999999999999997e-05 --warmup 50 --cap 0 --out ckpts/ladder/la_T1_a2_s0_r2.pt --seed 2 --log_every 200
params 3214336 mode lean_seq shift True
train records 29500 max len 462
step 200 loss 0.0423 lr 2.53e-04 24s
step 400 loss 0.0447 lr 1.09e-04 48s
step 600 loss 0.0417 lr 3.00e-05 72s
saved ckpts/ladder/la_T1_a2_s0_r2.pt
=== round 2 done in 1565s; new proofs 1557; cum targets solved 1893 L*=10; transfer L*=10
[lean_gate] 143840 samples, parse-fail 13468, distinct checked 109733: both ok 48622, nd-only 0, lean-only 1, both rej 61110; lean 117.9s wall (1400.0s proc, 12 workers), nd_verify 5.3s
[la_T1_a2_s0 r3] targets (this round) SOLVED 2207/4495 = 0.491 [0.476,0.506]
  len 7: 1257/1800 = 0.698 [0.677,0.719]
  len 8: 613/1000 = 0.613 [0.582,0.643]
  len 9: 302/1004 = 0.301 [0.273,0.330]
  len 10: 34/456 = 0.075 [0.054,0.102]
  len 11: 1/99 = 0.010 [0.002,0.055]
  len 12: 0/106 = 0.000 [0.000,0.035]
  len 13: 0/16 = 0.000 [0.000,0.194]
  len 14: 0/14 = 0.000 [0.000,0.215]
  written hist {7: 1357, 8: 1012, 9: 503, 10: 84, 11: 5}
  pruned hist {5: 42, 6: 298, 7: 1291, 8: 907, 9: 372, 10: 50, 11: 1}
  frontier written 11 pruned 10
  reasons [('rule check failed: ANDI', 16469), ('rule check failed: IMPE', 16267), ("parse: expected line index, got 'LEANPARSE'", 13468), ('rule check failed: NEGE', 6099), ('rule check failed: DN', 5156), ('rule check failed: ANDE2', 4785)]
[lean_gate] 73120 samples, parse-fail 10239, distinct checked 54345: both ok 8509, nd-only 0, lean-only 0, both rej 45836; lean 64.3s wall (753.8s proc, 12 workers), nd_verify 2.2s
[la_T1_a2_s0 r3] transfer (this round, pass@32) SOLVED 484/2285 = 0.212 [0.196,0.229]
  len 7: 84/300 = 0.280 [0.232,0.333]
  len 8: 122/300 = 0.407 [0.353,0.463]
  len 9: 253/1010 = 0.250 [0.225,0.278]
  len 10: 25/451 = 0.055 [0.038,0.081]
  len 11: 0/99 = 0.000 [0.000,0.037]
  len 12: 0/102 = 0.000 [0.000,0.036]
  len 13: 0/13 = 0.000 [0.000,0.228]
  len 14: 0/10 = 0.000 [0.000,0.278]
  written hist {7: 83, 8: 168, 9: 365, 10: 39, 11: 4}
  pruned hist {5: 5, 6: 7, 7: 125, 8: 217, 9: 281, 10: 23, 11: 1}
  frontier written 10 pruned 10
  reasons [('rule check failed: IMPE', 12816), ('rule check failed: ANDI', 12172), ("parse: expected line index, got 'LEANPARSE'", 10239), ('rule check failed: NEGE', 4242), ('rule check failed: ANDE2', 3631), ('rule check failed: DN', 3265)]
[lean_gate] 2285 samples, parse-fail 216, distinct checked 2069: both ok 344, nd-only 0, lean-only 0, both rej 1725; lean 2.8s wall (14.0s proc, 12 workers), nd_verify 0.1s
[la_T1_a2_s0 r3] transfer greedy SOLVED 344/2285 = 0.151 [0.136,0.166]
  len 7: 71/300 = 0.237 [0.192,0.288]
  len 8: 102/300 = 0.340 [0.289,0.395]
  len 9: 165/1010 = 0.163 [0.142,0.187]
  len 10: 6/451 = 0.013 [0.006,0.029]
  len 11: 0/99 = 0.000 [0.000,0.037]
  len 12: 0/102 = 0.000 [0.000,0.036]
  len 13: 0/13 = 0.000 [0.000,0.228]
  len 14: 0/10 = 0.000 [0.000,0.278]
  written hist {7: 64, 8: 102, 9: 169, 10: 9}
  pruned hist {6: 6, 7: 70, 8: 131, 9: 130, 10: 7}
  frontier written 10 pruned 10
  reasons [('rule check failed: IMPE', 432), ('rule check failed: ANDI', 418), ("parse: expected line index, got 'LEANPARSE'", 216), ('rule check failed: NEGE', 142), ('rule check failed: ANDE2', 111), ('rule check failed: R', 97)]
[lean_gate] 5000 samples, parse-fail 19, distinct checked 4981: both ok 4787, nd-only 0, lean-only 1, both rej 193; lean 4.0s wall (40.4s proc, 12 workers), nd_verify 0.2s
[la_T1_a2_s0 r3] heldout greedy SOLVED 4787/5000 = 0.957 [0.951,0.963]
  len 2: 998/1000 = 0.998 [0.993,0.999]
  len 3: 993/1000 = 0.993 [0.986,0.997]
  len 4: 949/1000 = 0.949 [0.934,0.961]
  len 5: 935/1000 = 0.935 [0.918,0.949]
  len 6: 912/1000 = 0.912 [0.893,0.928]
  written hist {2: 1022, 3: 983, 4: 959, 5: 975, 6: 843, 7: 4, 8: 1}
  pruned hist {2: 1022, 3: 985, 4: 961, 5: 977, 6: 839, 7: 2, 8: 1}
  frontier written 6 pruned 6
  reasons [('rule check failed: ANDI', 50), ('rule check failed: IMPE', 26), ('rule check failed: ORI2', 21), ('rule check failed: DN', 21), ("parse: expected line index, got 'LEANPARSE'", 19), ('rule check failed: IMPI', 13)]
[la_T1_a2_s0 r3] targets cumulative: solved 2207/4495 L*=10 ge={7: 2207, 8: 950, 9: 337, 10: 35, 11: 1, 12: 0}
[la_T1_a2_s0 r3] transfer cumulative: solved 507/2285 L*=10 ge={7: 507, 8: 420, 9: 294, 10: 29, 11: 1, 12: 0}
python3 train.py --data artifacts/dsc/la_T1_a2_s0/mix_3.jsonl --init ckpts/ladder/la_T1_a2_s0_r2.pt --steps 600 --lr 0.0003 --min_lr 2.9999999999999997e-05 --warmup 50 --cap 0 --out ckpts/ladder/la_T1_a2_s0_r3.pt --seed 3 --log_every 200
params 3214336 mode lean_seq shift True
train records 31668 max len 453
step 200 loss 0.0433 lr 2.53e-04 29s
step 400 loss 0.0425 lr 1.09e-04 58s
step 600 loss 0.0387 lr 3.00e-05 81s
saved ckpts/ladder/la_T1_a2_s0_r3.pt
=== round 3 done in 1644s; new proofs 582; cum targets solved 2207 L*=10; transfer L*=10
[lean_gate] 143840 samples, parse-fail 11147, distinct checked 111132: both ok 55518, nd-only 0, lean-only 1, both rej 55613; lean 118.7s wall (1407.6s proc, 12 workers), nd_verify 14.4s
[la_T1_a2_s0 r4] targets (this round) SOLVED 2423/4495 = 0.539 [0.524,0.554]
  len 7: 1312/1800 = 0.729 [0.708,0.749]
  len 8: 678/1000 = 0.678 [0.648,0.706]
  len 9: 380/1004 = 0.378 [0.349,0.409]
  len 10: 52/456 = 0.114 [0.088,0.146]
  len 11: 1/99 = 0.010 [0.002,0.055]
  len 12: 0/106 = 0.000 [0.000,0.035]
  len 13: 0/16 = 0.000 [0.000,0.194]
  len 14: 0/14 = 0.000 [0.000,0.215]
  written hist {7: 1427, 8: 1147, 9: 660, 10: 143, 11: 11}
  pruned hist {5: 50, 6: 320, 7: 1392, 8: 1032, 9: 511, 10: 82, 11: 1}
  frontier written 11 pruned 10
  reasons [('rule check failed: ANDI', 15112), ('rule check failed: IMPE', 14680), ("parse: expected line index, got 'LEANPARSE'", 11147), ('rule check failed: DN', 5252), ('rule check failed: NEGE', 4923), ('rule check failed: ORI2', 4190)]
[lean_gate] 73120 samples, parse-fail 9249, distinct checked 55149: both ok 10334, nd-only 0, lean-only 0, both rej 44815; lean 65.2s wall (764.7s proc, 12 workers), nd_verify 2.4s
[la_T1_a2_s0 r4] transfer (this round, pass@32) SOLVED 619/2285 = 0.271 [0.253,0.289]
  len 7: 88/300 = 0.293 [0.245,0.347]
  len 8: 138/300 = 0.460 [0.404,0.517]
  len 9: 354/1010 = 0.350 [0.322,0.380]
  len 10: 38/451 = 0.084 [0.062,0.114]
  len 11: 1/99 = 0.010 [0.002,0.055]
  len 12: 0/102 = 0.000 [0.000,0.036]
  len 13: 0/13 = 0.000 [0.000,0.228]
  len 14: 0/10 = 0.000 [0.000,0.278]
  written hist {7: 89, 8: 189, 9: 542, 10: 97, 11: 6}
  pruned hist {5: 4, 6: 8, 7: 139, 8: 279, 9: 434, 10: 56, 11: 3}
  frontier written 11 pruned 10
  reasons [('rule check failed: ANDI', 12440), ('rule check failed: IMPE', 12069), ("parse: expected line index, got 'LEANPARSE'", 9249), ('rule check failed: DN', 4013), ('rule check failed: NEGE', 3822), ('rule check failed: ANDE2', 3281)]
[lean_gate] 2285 samples, parse-fail 216, distinct checked 2069: both ok 414, nd-only 0, lean-only 0, both rej 1655; lean 2.7s wall (13.9s proc, 12 workers), nd_verify 0.1s
[la_T1_a2_s0 r4] transfer greedy SOLVED 414/2285 = 0.181 [0.166,0.198]
  len 7: 74/300 = 0.247 [0.201,0.298]
  len 8: 114/300 = 0.380 [0.327,0.436]
  len 9: 212/1010 = 0.210 [0.186,0.236]
  len 10: 14/451 = 0.031 [0.019,0.051]
  len 11: 0/99 = 0.000 [0.000,0.037]
  len 12: 0/102 = 0.000 [0.000,0.036]
  len 13: 0/13 = 0.000 [0.000,0.228]
  len 14: 0/10 = 0.000 [0.000,0.278]
  written hist {7: 65, 8: 113, 9: 218, 10: 18}
  pruned hist {5: 1, 6: 5, 7: 76, 8: 149, 9: 174, 10: 9}
  frontier written 10 pruned 10
  reasons [('rule check failed: ANDI', 412), ('rule check failed: IMPE', 389), ("parse: expected line index, got 'LEANPARSE'", 216), ('rule check failed: DN', 127), ('rule check failed: NEGE', 125), ('rule check failed: ORI2', 105)]
[lean_gate] 5000 samples, parse-fail 19, distinct checked 4981: both ok 4810, nd-only 0, lean-only 1, both rej 170; lean 3.8s wall (40.5s proc, 12 workers), nd_verify 0.2s
[la_T1_a2_s0 r4] heldout greedy SOLVED 4810/5000 = 0.962 [0.956,0.967]
  len 2: 999/1000 = 0.999 [0.994,1.000]
  len 3: 993/1000 = 0.993 [0.986,0.997]
  len 4: 960/1000 = 0.960 [0.946,0.970]
  len 5: 937/1000 = 0.937 [0.920,0.950]
  len 6: 921/1000 = 0.921 [0.903,0.936]
  written hist {2: 1022, 3: 979, 4: 950, 5: 982, 6: 868, 7: 9}
  pruned hist {2: 1022, 3: 980, 4: 958, 5: 978, 6: 864, 7: 8}
  frontier written 7 pruned 7
  reasons [('rule check failed: ANDI', 39), ('rule check failed: IMPE', 25), ("parse: expected line index, got 'LEANPARSE'", 19), ('rule check failed: ORI2', 18), ('rule check failed: DN', 17), ('rule check failed: ORI1', 14)]
[la_T1_a2_s0 r4] targets cumulative: solved 2423/4495 L*=10 ge={7: 2423, 8: 1111, 9: 433, 10: 53, 11: 1, 12: 0}
[la_T1_a2_s0 r4] transfer cumulative: solved 647/2285 L*=10 ge={7: 647, 8: 555, 9: 412, 10: 49, 11: 2, 12: 0}
python3 train.py --data artifacts/dsc/la_T1_a2_s0/mix_4.jsonl --init ckpts/ladder/la_T1_a2_s0_r3.pt --steps 600 --lr 0.0003 --min_lr 2.9999999999999997e-05 --warmup 50 --cap 0 --out ckpts/ladder/la_T1_a2_s0_r4.pt --seed 4 --log_every 200
params 3214336 mode lean_seq shift True
train records 33336 max len 453
step 200 loss 0.0387 lr 2.53e-04 26s
step 400 loss 0.0382 lr 1.09e-04 54s
step 600 loss 0.0368 lr 3.00e-05 81s
saved ckpts/ladder/la_T1_a2_s0_r4.pt
=== round 4 done in 1627s; new proofs 459; cum targets solved 2423 L*=10; transfer L*=10
[lean_gate] 143840 samples, parse-fail 10556, distinct checked 111385: both ok 60881, nd-only 0, lean-only 0, both rej 50504; lean 118.2s wall (1402.8s proc, 12 workers), nd_verify 5.3s
[la_T1_a2_s0 r5] targets (this round) SOLVED 2565/4495 = 0.571 [0.556,0.585]
  len 7: 1361/1800 = 0.756 [0.736,0.775]
  len 8: 705/1000 = 0.705 [0.676,0.732]
  len 9: 428/1004 = 0.426 [0.396,0.457]
  len 10: 68/456 = 0.149 [0.119,0.185]
  len 11: 3/99 = 0.030 [0.010,0.085]
  len 12: 0/106 = 0.000 [0.000,0.035]
  len 13: 0/16 = 0.000 [0.000,0.194]
  len 14: 0/14 = 0.000 [0.000,0.215]
  written hist {7: 1498, 8: 1224, 9: 808, 10: 205, 11: 19, 12: 1}
  pruned hist {5: 57, 6: 348, 7: 1468, 8: 1135, 9: 617, 10: 123, 11: 7}
  frontier written 11 pruned 11
  reasons [('rule check failed: IMPE', 14379), ('rule check failed: ANDI', 13221), ("parse: expected line index, got 'LEANPARSE'", 10556), ('rule check failed: NEGE', 5102), ('rule check failed: DN', 4004), ('rule check failed: ANDE2', 3985)]
[lean_gate] 73120 samples, parse-fail 9179, distinct checked 55145: both ok 11991, nd-only 0, lean-only 0, both rej 43154; lean 63.9s wall (748.8s proc, 12 workers), nd_verify 2.5s
[la_T1_a2_s0 r5] transfer (this round, pass@32) SOLVED 692/2285 = 0.303 [0.284,0.322]
  len 7: 99/300 = 0.330 [0.279,0.385]
  len 8: 138/300 = 0.460 [0.404,0.517]
  len 9: 402/1010 = 0.398 [0.368,0.429]
  len 10: 50/451 = 0.111 [0.085,0.143]
  len 11: 3/99 = 0.030 [0.010,0.085]
  len 12: 0/102 = 0.000 [0.000,0.036]
  len 13: 0/13 = 0.000 [0.000,0.228]
  len 14: 0/10 = 0.000 [0.000,0.278]
  written hist {7: 101, 8: 191, 9: 609, 10: 133, 11: 13}
  pruned hist {5: 5, 6: 12, 7: 148, 8: 306, 9: 504, 10: 66, 11: 6}
  frontier written 11 pruned 11
  reasons [('rule check failed: IMPE', 12384), ('rule check failed: ANDI', 11523), ("parse: expected line index, got 'LEANPARSE'", 9179), ('rule check failed: NEGE', 4135), ('rule check failed: DN', 3457), ('rule check failed: ANDE2', 3209)]
[lean_gate] 2285 samples, parse-fail 231, distinct checked 2054: both ok 489, nd-only 0, lean-only 0, both rej 1565; lean 2.7s wall (14.1s proc, 12 workers), nd_verify 0.1s
[la_T1_a2_s0 r5] transfer greedy SOLVED 489/2285 = 0.214 [0.198,0.231]
  len 7: 76/300 = 0.253 [0.207,0.305]
  len 8: 120/300 = 0.400 [0.346,0.456]
  len 9: 277/1010 = 0.274 [0.248,0.303]
  len 10: 15/451 = 0.033 [0.020,0.054]
  len 11: 1/99 = 0.010 [0.002,0.055]
  len 12: 0/102 = 0.000 [0.000,0.036]
  len 13: 0/13 = 0.000 [0.000,0.228]
  len 14: 0/10 = 0.000 [0.000,0.278]
  written hist {7: 65, 8: 121, 9: 272, 10: 27, 11: 4}
  pruned hist {5: 2, 6: 5, 7: 82, 8: 157, 9: 225, 10: 17, 11: 1}
  frontier written 10 pruned 10
  reasons [('rule check failed: IMPE', 399), ('rule check failed: ANDI', 376), ("parse: expected line index, got 'LEANPARSE'", 231), ('rule check failed: NEGE', 131), ('rule check failed: DN', 114), ('rule check failed: ANDE2', 98)]
[lean_gate] 5000 samples, parse-fail 20, distinct checked 4980: both ok 4813, nd-only 0, lean-only 1, both rej 166; lean 3.7s wall (38.9s proc, 12 workers), nd_verify 0.2s
[la_T1_a2_s0 r5] heldout greedy SOLVED 4813/5000 = 0.963 [0.957,0.968]
  len 2: 998/1000 = 0.998 [0.993,0.999]
  len 3: 991/1000 = 0.991 [0.983,0.995]
  len 4: 957/1000 = 0.957 [0.943,0.968]
  len 5: 943/1000 = 0.943 [0.927,0.956]
  len 6: 924/1000 = 0.924 [0.906,0.939]
  written hist {2: 1021, 3: 977, 4: 951, 5: 992, 6: 865, 7: 6, 8: 1}
  pruned hist {2: 1022, 3: 981, 4: 955, 5: 990, 6: 859, 7: 5, 8: 1}
  frontier written 7 pruned 7
  reasons [('rule check failed: ANDI', 39), ('rule check failed: IMPE', 24), ("parse: expected line index, got 'LEANPARSE'", 20), ('rule check failed: ORI1', 17), ('rule check failed: ORI2', 13), ('rule check failed: ANDE2', 12)]
[la_T1_a2_s0 r5] targets cumulative: solved 2565/4495 L*=10 ge={7: 2565, 8: 1204, 9: 499, 10: 71, 11: 3, 12: 0}
[la_T1_a2_s0 r5] transfer cumulative: solved 744/2285 L*=10 ge={7: 744, 8: 641, 9: 492, 10: 63, 11: 4, 12: 0}
python3 train.py --data artifacts/dsc/la_T1_a2_s0/mix_5.jsonl --init ckpts/ladder/la_T1_a2_s0_r4.pt --steps 600 --lr 0.0003 --min_lr 2.9999999999999997e-05 --warmup 50 --cap 0 --out ckpts/ladder/la_T1_a2_s0_r5.pt --seed 5 --log_every 200
params 3214336 mode lean_seq shift True
train records 34660 max len 453
step 200 loss 0.0397 lr 2.53e-04 26s
step 400 loss 0.0365 lr 1.09e-04 52s
step 600 loss 0.0357 lr 3.00e-05 80s
saved ckpts/ladder/la_T1_a2_s0_r5.pt
=== round 5 done in 1456s; new proofs 380; cum targets solved 2565 L*=10; transfer L*=10
[lean_gate] 143840 samples, parse-fail 10913, distinct checked 110917: both ok 64598, nd-only 0, lean-only 0, both rej 46319; lean 117.2s wall (1391.2s proc, 12 workers), nd_verify 9.6s
[la_T1_a2_s0 r6] targets (this round) SOLVED 2691/4495 = 0.599 [0.584,0.613]
  len 7: 1402/1800 = 0.779 [0.759,0.797]
  len 8: 732/1000 = 0.732 [0.704,0.759]
  len 9: 471/1004 = 0.469 [0.438,0.500]
  len 10: 82/456 = 0.180 [0.147,0.218]
  len 11: 4/99 = 0.040 [0.016,0.099]
  len 12: 0/106 = 0.000 [0.000,0.035]
  len 13: 0/16 = 0.000 [0.000,0.194]
  len 14: 0/14 = 0.000 [0.000,0.215]
  written hist {7: 1563, 8: 1310, 9: 921, 10: 264, 11: 28, 12: 4}
  pruned hist {5: 65, 6: 360, 7: 1559, 8: 1234, 9: 696, 10: 163, 11: 11, 12: 2}
  frontier written 11 pruned 11
  reasons [('rule check failed: IMPE', 12931), ('rule check failed: ANDI', 11141), ("parse: expected line index, got 'LEANPARSE'", 10913), ('rule check failed: NEGE', 4657), ('rule check failed: DN', 4486), ('rule check failed: IMPI', 3392)]
[lean_gate] 73120 samples, parse-fail 9323, distinct checked 54997: both ok 13378, nd-only 0, lean-only 0, both rej 41619; lean 61.9s wall (729.5s proc, 12 workers), nd_verify 2.7s
[la_T1_a2_s0 r6] transfer (this round, pass@32) SOLVED 763/2285 = 0.334 [0.315,0.354]
  len 7: 117/300 = 0.390 [0.337,0.446]
  len 8: 143/300 = 0.477 [0.421,0.533]
  len 9: 438/1010 = 0.434 [0.403,0.464]
  len 10: 60/451 = 0.133 [0.105,0.168]
  len 11: 4/99 = 0.040 [0.016,0.099]
  len 12: 1/102 = 0.010 [0.002,0.053]
  len 13: 0/13 = 0.000 [0.000,0.228]
  len 14: 0/10 = 0.000 [0.000,0.278]
  written hist {7: 118, 8: 210, 9: 682, 10: 180, 11: 25, 12: 3}
  pruned hist {5: 7, 6: 11, 7: 175, 8: 338, 9: 575, 10: 100, 11: 11, 12: 1}
  frontier written 11 pruned 11
  reasons [('rule check failed: IMPE', 11649), ('rule check failed: ANDI', 10517), ("parse: expected line index, got 'LEANPARSE'", 9323), ('rule check failed: DN', 4025), ('rule check failed: NEGE', 3772), ('rule check failed: IMPI', 2871)]
[lean_gate] 2285 samples, parse-fail 249, distinct checked 2036: both ok 518, nd-only 0, lean-only 0, both rej 1518; lean 2.6s wall (13.2s proc, 12 workers), nd_verify 0.1s
[la_T1_a2_s0 r6] transfer greedy SOLVED 518/2285 = 0.227 [0.210,0.244]
  len 7: 85/300 = 0.283 [0.235,0.337]
  len 8: 119/300 = 0.397 [0.343,0.453]
  len 9: 289/1010 = 0.286 [0.259,0.315]
  len 10: 24/451 = 0.053 [0.036,0.078]
  len 11: 1/99 = 0.010 [0.002,0.055]
  len 12: 0/102 = 0.000 [0.000,0.036]
  len 13: 0/13 = 0.000 [0.000,0.228]
  len 14: 0/10 = 0.000 [0.000,0.278]
  written hist {7: 73, 8: 122, 9: 278, 10: 39, 11: 6}
  pruned hist {5: 1, 6: 4, 7: 94, 8: 163, 9: 230, 10: 25, 11: 1}
  frontier written 11 pruned 10
  reasons [('rule check failed: IMPE', 375), ('rule check failed: ANDI', 346), ("parse: expected line index, got 'LEANPARSE'", 249), ('rule check failed: DN', 135), ('rule check failed: NEGE', 121), ('rule check failed: IMPI', 88)]
[lean_gate] 5000 samples, parse-fail 17, distinct checked 4983: both ok 4829, nd-only 0, lean-only 1, both rej 153; lean 3.7s wall (37.5s proc, 12 workers), nd_verify 0.2s
[la_T1_a2_s0 r6] heldout greedy SOLVED 4829/5000 = 0.966 [0.960,0.970]
  len 2: 998/1000 = 0.998 [0.993,0.999]
  len 3: 990/1000 = 0.990 [0.982,0.995]
  len 4: 957/1000 = 0.957 [0.943,0.968]
  len 5: 952/1000 = 0.952 [0.937,0.964]
  len 6: 932/1000 = 0.932 [0.915,0.946]
  written hist {2: 1022, 3: 972, 4: 983, 5: 997, 6: 845, 7: 6, 8: 3, 9: 1}
  pruned hist {2: 1023, 3: 973, 4: 987, 5: 1001, 6: 838, 7: 4, 8: 2, 9: 1}
  frontier written 7 pruned 6
  reasons [('rule check failed: ANDI', 39), ('rule check failed: IMPE', 24), ("parse: expected line index, got 'LEANPARSE'", 17), ('rule check failed: ORI2', 15), ('final formula is not the conclusion', 13), ('rule check failed: IMPI', 12)]
[la_T1_a2_s0 r6] targets cumulative: solved 2691/4495 L*=10 ge={7: 2691, 8: 1289, 9: 557, 10: 86, 11: 4, 12: 0}
[la_T1_a2_s0 r6] transfer cumulative: solved 833/2285 L*=11 ge={7: 833, 8: 709, 9: 552, 10: 77, 11: 7, 12: 1}
python3 train.py --data artifacts/dsc/la_T1_a2_s0/mix_6.jsonl --init ckpts/ladder/la_T1_a2_s0_r5.pt --steps 600 --lr 0.0003 --min_lr 2.9999999999999997e-05 --warmup 50 --cap 0 --out ckpts/ladder/la_T1_a2_s0_r6.pt --seed 6 --log_every 200
params 3214336 mode lean_seq shift True
train records 35948 max len 453
step 200 loss 0.0392 lr 2.53e-04 24s
step 400 loss 0.0405 lr 1.09e-04 46s
step 600 loss 0.0347 lr 3.00e-05 68s
saved ckpts/ladder/la_T1_a2_s0_r6.pt
=== round 6 done in 1486s; new proofs 358; cum targets solved 2691 L*=10; transfer L*=11
[lean_gate] 143840 samples, parse-fail 9292, distinct checked 112496: both ok 68007, nd-only 0, lean-only 0, both rej 44489; lean 122.2s wall (1448.7s proc, 12 workers), nd_verify 5.1s
[la_T1_a2_s0 r7] targets (this round) SOLVED 2813/4495 = 0.626 [0.612,0.640]
  len 7: 1451/1800 = 0.806 [0.787,0.824]
  len 8: 750/1000 = 0.750 [0.722,0.776]
  len 9: 513/1004 = 0.511 [0.480,0.542]
  len 10: 93/456 = 0.204 [0.170,0.243]
  len 11: 6/99 = 0.061 [0.028,0.126]
  len 12: 0/106 = 0.000 [0.000,0.035]
  len 13: 0/16 = 0.000 [0.000,0.194]
  len 14: 0/14 = 0.000 [0.000,0.215]
  written hist {7: 1614, 8: 1400, 9: 1057, 10: 322, 11: 42, 12: 8}
  pruned hist {5: 69, 6: 390, 7: 1631, 8: 1342, 9: 792, 10: 195, 11: 20, 12: 4}
  frontier written 12 pruned 11
  reasons [('rule check failed: IMPE', 12780), ('rule check failed: ANDI', 10674), ("parse: expected line index, got 'LEANPARSE'", 9292), ('rule check failed: NEGE', 4459), ('rule check failed: DN', 3869), ('rule check failed: IMPI', 3211)]
[lean_gate] 73120 samples, parse-fail 8452, distinct checked 55743: both ok 15093, nd-only 0, lean-only 0, both rej 40650; lean 62.6s wall (734.1s proc, 12 workers), nd_verify 2.4s
[la_T1_a2_s0 r7] transfer (this round, pass@32) SOLVED 844/2285 = 0.369 [0.350,0.389]
  len 7: 141/300 = 0.470 [0.414,0.527]
  len 8: 158/300 = 0.527 [0.470,0.582]
  len 9: 470/1010 = 0.465 [0.435,0.496]
  len 10: 65/451 = 0.144 [0.115,0.180]
  len 11: 7/99 = 0.071 [0.035,0.139]
  len 12: 3/102 = 0.029 [0.010,0.083]
  len 13: 0/13 = 0.000 [0.000,0.228]
  len 14: 0/10 = 0.000 [0.000,0.278]
  written hist {7: 142, 8: 228, 9: 762, 10: 207, 11: 39, 12: 10, 13: 1}
  pruned hist {5: 8, 6: 9, 7: 217, 8: 363, 9: 653, 10: 114, 11: 21, 12: 4}
  frontier written 12 pruned 11
  reasons [('rule check failed: IMPE', 11605), ('rule check failed: ANDI', 10242), ("parse: expected line index, got 'LEANPARSE'", 8452), ('rule check failed: DN', 3695), ('rule check failed: NEGE', 3638), ('rule check failed: IMPI', 2904)]
[lean_gate] 2285 samples, parse-fail 239, distinct checked 2046: both ok 613, nd-only 0, lean-only 0, both rej 1433; lean 2.7s wall (13.4s proc, 12 workers), nd_verify 0.1s
[la_T1_a2_s0 r7] transfer greedy SOLVED 613/2285 = 0.268 [0.251,0.287]
  len 7: 109/300 = 0.363 [0.311,0.419]
  len 8: 129/300 = 0.430 [0.375,0.487]
  len 9: 343/1010 = 0.340 [0.311,0.369]
  len 10: 30/451 = 0.067 [0.047,0.093]
  len 11: 2/99 = 0.020 [0.006,0.071]
  len 12: 0/102 = 0.000 [0.000,0.036]
  len 13: 0/13 = 0.000 [0.000,0.228]
  len 14: 0/10 = 0.000 [0.000,0.278]
  written hist {7: 98, 8: 127, 9: 327, 10: 53, 11: 6, 12: 2}
  pruned hist {5: 2, 6: 6, 7: 119, 8: 177, 9: 270, 10: 36, 11: 2, 12: 1}
  frontier written 11 pruned 10
  reasons [('rule check failed: IMPE', 359), ('rule check failed: ANDI', 329), ("parse: expected line index, got 'LEANPARSE'", 239), ('rule check failed: DN', 115), ('rule check failed: NEGE', 110), ('rule check failed: IMPI', 91)]
[lean_gate] 5000 samples, parse-fail 12, distinct checked 4988: both ok 4818, nd-only 0, lean-only 2, both rej 168; lean 3.8s wall (39.0s proc, 12 workers), nd_verify 0.2s
[la_T1_a2_s0 r7] heldout greedy SOLVED 4818/5000 = 0.964 [0.958,0.968]
  len 2: 997/1000 = 0.997 [0.991,0.999]
  len 3: 990/1000 = 0.990 [0.982,0.995]
  len 4: 955/1000 = 0.955 [0.940,0.966]
  len 5: 943/1000 = 0.943 [0.927,0.956]
  len 6: 933/1000 = 0.933 [0.916,0.947]
  written hist {2: 1016, 3: 979, 4: 958, 5: 974, 6: 882, 7: 6, 8: 2, 9: 1}
  pruned hist {2: 1018, 3: 981, 4: 960, 5: 975, 6: 878, 7: 4, 8: 1, 9: 1}
  frontier written 7 pruned 6
  reasons [('rule check failed: ANDI', 40), ('rule check failed: IMPE', 38), ('rule check failed: ORI2', 13), ('final formula is not the conclusion', 12), ("parse: expected line index, got 'LEANPARSE'", 12), ('rule check failed: IMPI', 12)]
[la_T1_a2_s0 r7] targets cumulative: solved 2813/4495 L*=11 ge={7: 2813, 8: 1362, 9: 612, 10: 99, 11: 6, 12: 0}
[la_T1_a2_s0 r7] transfer cumulative: solved 920/2285 L*=11 ge={7: 920, 8: 772, 9: 604, 10: 91, 11: 12, 12: 3}
python3 train.py --data artifacts/dsc/la_T1_a2_s0/mix_7.jsonl --init ckpts/ladder/la_T1_a2_s0_r6.pt --steps 600 --lr 0.0003 --min_lr 2.9999999999999997e-05 --warmup 50 --cap 0 --out ckpts/ladder/la_T1_a2_s0_r7.pt --seed 7 --log_every 200
params 3214336 mode lean_seq shift True
train records 37256 max len 453
step 200 loss 0.0355 lr 2.53e-04 23s
step 400 loss 0.0365 lr 1.09e-04 46s
step 600 loss 0.0356 lr 3.00e-05 67s
saved ckpts/ladder/la_T1_a2_s0_r7.pt
=== round 7 done in 1201s; new proofs 376; cum targets solved 2813 L*=11; transfer L*=11
[lean_gate] 143840 samples, parse-fail 8800, distinct checked 112983: both ok 71048, nd-only 0, lean-only 2, both rej 41933; lean 109.5s wall (1298.8s proc, 12 workers), nd_verify 5.0s
[la_T1_a2_s0 r8] targets (this round) SOLVED 2891/4495 = 0.643 [0.629,0.657]
  len 7: 1477/1800 = 0.821 [0.802,0.838]
  len 8: 764/1000 = 0.764 [0.737,0.789]
  len 9: 536/1004 = 0.534 [0.503,0.565]
  len 10: 102/456 = 0.224 [0.188,0.264]
  len 11: 12/99 = 0.121 [0.071,0.200]
  len 12: 0/106 = 0.000 [0.000,0.035]
  len 13: 0/16 = 0.000 [0.000,0.194]
  len 14: 0/14 = 0.000 [0.000,0.215]
  written hist {7: 1645, 8: 1480, 9: 1174, 10: 388, 11: 66, 12: 9}
  pruned hist {5: 76, 6: 406, 7: 1692, 8: 1433, 9: 888, 10: 229, 11: 33, 12: 5}
  frontier written 12 pruned 12
  reasons [('rule check failed: IMPE', 11879), ('rule check failed: ANDI', 10214), ("parse: expected line index, got 'LEANPARSE'", 8800), ('rule check failed: NEGE', 4321), ('rule check failed: DN', 3271), ('rule check failed: ANDE2', 2975)]
[lean_gate] 73120 samples, parse-fail 8141, distinct checked 56047: both ok 16470, nd-only 0, lean-only 6, both rej 39571; lean 58.2s wall (683.5s proc, 12 workers), nd_verify 2.4s
[la_T1_a2_s0 r8] transfer (this round, pass@32) SOLVED 889/2285 = 0.389 [0.369,0.409]
  len 7: 150/300 = 0.500 [0.444,0.556]
  len 8: 156/300 = 0.520 [0.464,0.576]
  len 9: 497/1010 = 0.492 [0.461,0.523]
  len 10: 75/451 = 0.166 [0.135,0.203]
  len 11: 7/99 = 0.071 [0.035,0.139]
  len 12: 4/102 = 0.039 [0.015,0.097]
  len 13: 0/13 = 0.000 [0.000,0.228]
  len 14: 0/10 = 0.000 [0.000,0.278]
  written hist {7: 154, 8: 234, 9: 844, 10: 269, 11: 42, 12: 12, 13: 1}
  pruned hist {5: 7, 6: 13, 7: 228, 8: 423, 9: 716, 10: 147, 11: 21, 12: 1}
  frontier written 12 pruned 11
  reasons [('rule check failed: IMPE', 10939), ('rule check failed: ANDI', 10184), ("parse: expected line index, got 'LEANPARSE'", 8141), ('rule check failed: NEGE', 3697), ('rule check failed: DN', 3173), ('rule check failed: ANDE2', 2928)]
[lean_gate] 2285 samples, parse-fail 189, distinct checked 2096: both ok 661, nd-only 0, lean-only 0, both rej 1435; lean 2.5s wall (12.9s proc, 12 workers), nd_verify 0.1s
[la_T1_a2_s0 r8] transfer greedy SOLVED 661/2285 = 0.289 [0.271,0.308]
  len 7: 115/300 = 0.383 [0.330,0.439]
  len 8: 127/300 = 0.423 [0.369,0.480]
  len 9: 368/1010 = 0.364 [0.335,0.394]
  len 10: 48/451 = 0.106 [0.081,0.138]
  len 11: 2/99 = 0.020 [0.006,0.071]
  len 12: 1/102 = 0.010 [0.002,0.053]
  len 13: 0/13 = 0.000 [0.000,0.228]
  len 14: 0/10 = 0.000 [0.000,0.278]
  written hist {7: 104, 8: 125, 9: 344, 10: 71, 11: 14, 12: 2, 13: 1}
  pruned hist {5: 2, 6: 4, 7: 124, 8: 186, 9: 294, 10: 45, 11: 6}
  frontier written 11 pruned 11
  reasons [('rule check failed: IMPE', 354), ('rule check failed: ANDI', 350), ("parse: expected line index, got 'LEANPARSE'", 189), ('rule check failed: NEGE', 113), ('rule check failed: ANDE2', 93), ('rule check failed: DN', 88)]
[lean_gate] 5000 samples, parse-fail 13, distinct checked 4987: both ok 4831, nd-only 0, lean-only 1, both rej 155; lean 3.3s wall (33.2s proc, 12 workers), nd_verify 0.2s
[la_T1_a2_s0 r8] heldout greedy SOLVED 4831/5000 = 0.966 [0.961,0.971]
  len 2: 996/1000 = 0.996 [0.990,0.998]
  len 3: 991/1000 = 0.991 [0.983,0.995]
  len 4: 961/1000 = 0.961 [0.947,0.971]
  len 5: 950/1000 = 0.950 [0.935,0.962]
  len 6: 933/1000 = 0.933 [0.916,0.947]
  written hist {2: 1020, 3: 979, 4: 967, 5: 979, 6: 874, 7: 9, 8: 2, 10: 1}
  pruned hist {2: 1020, 3: 980, 4: 976, 5: 976, 6: 870, 7: 7, 8: 1, 10: 1}
  frontier written 7 pruned 7
  reasons [('rule check failed: ANDI', 40), ('rule check failed: IMPE', 31), ('rule check failed: ORI2', 14), ("parse: expected line index, got 'LEANPARSE'", 13), ('rule check failed: ORI1', 11), ('rule check failed: DN', 10)]
[la_T1_a2_s0 r8] targets cumulative: solved 2891/4495 L*=11 ge={7: 2891, 8: 1414, 9: 650, 10: 114, 11: 12, 12: 0}
[la_T1_a2_s0 r8] transfer cumulative: solved 977/2285 L*=11 ge={7: 977, 8: 820, 9: 651, 10: 101, 11: 14, 12: 4}
python3 train.py --data artifacts/dsc/la_T1_a2_s0/mix_8.jsonl --init ckpts/ladder/la_T1_a2_s0_r7.pt --steps 600 --lr 0.0003 --min_lr 2.9999999999999997e-05 --warmup 50 --cap 0 --out ckpts/ladder/la_T1_a2_s0_r8.pt --seed 8 --log_every 200
params 3214336 mode lean_seq shift True
train records 38364 max len 453
step 200 loss 0.0389 lr 2.53e-04 11s
step 400 loss 0.0411 lr 1.09e-04 22s
step 600 loss 0.0357 lr 3.00e-05 33s
saved ckpts/ladder/la_T1_a2_s0_r8.pt
=== round 8 done in 801s; new proofs 322; cum targets solved 2891 L*=11; transfer L*=11
END 2026-09-24T00:55:18Z
