START 2026-09-24T03:57:18Z python3 pod/dsc/record.py a3
ei_a3_s0:found 2042 both accept 2042 disagree 0
ei_a3_s0:found_transfer 1087 both accept 1087 disagree 0
ei_a3_s1:found 2562 both accept 2562 disagree 0
ei_a3_s1:found_transfer 1344 both accept 1344 disagree 0
frozen_a3_s0:found 1570 both accept 1570 disagree 0
frozen_a3_s0:found_transfer 766 both accept 766 disagree 0
frozen_a3_s1:found 2083 both accept 2083 disagree 0
frozen_a3_s1:found_transfer 1028 both accept 1028 disagree 0
la_T1_a3_s0:found 17683 both accept 17683 disagree 0
la_T1_a3_s0:found_transfer 7229 both accept 7229 disagree 0
la_frozen_a3_s0:found 7159 both accept 7159 disagree 0
la_frozen_a3_s0:found_transfer 2249 both accept 2249 disagree 0
cov_a3_s0_d3req 928 both accept 928 disagree 0
cov_a3_s0_d3sub 777 both accept 777 disagree 0
cov_a3_s0_redreq 58 both accept 58 disagree 0
cov_a3_s1_d3req 1393 both accept 1393 disagree 0
cov_a3_s1_d3sub 1123 both accept 1123 disagree 0
cov_a3_s1_redreq 75 both accept 75 disagree 0
RECORD DONE a3
END 2026-09-24T04:07:09Z
