RUNNER START 2026-09-23T21:34:28Z N=3 queue=pod/dsc/queue.txt
launch 2026-09-23T21:34:28Z heldout_a3_s0
launch 2026-09-23T21:34:33Z heldout_a3_s1
launch 2026-09-23T21:34:38Z ei_a3_s0
launch 2026-09-23T21:35:04Z frozen_a3_s0
launch 2026-09-23T21:35:29Z ei_a3_s1
launch 2026-09-23T22:11:20Z frozen_a3_s1
RUNNER START 2026-09-23T22:15:15Z N=5 queue=pod/dsc/queue.txt
skip heldout_a3_s0 (done)
skip heldout_a3_s1 (done)
skip ei_a3_s0 (log exists)
skip frozen_a3_s0 (done)
skip ei_a3_s1 (log exists)
skip frozen_a3_s1 (log exists)
launch 2026-09-23T22:15:15Z laT1_a3_s0
launch 2026-09-23T22:15:20Z lafr_a3_s0
launch 2026-09-23T22:21:27Z laT1_a3_s1
launch 2026-09-23T22:22:52Z lafr_a3_s1
launch 2026-09-23T23:06:29Z cov_a3_s0_redreq
launch 2026-09-23T23:27:20Z cov_a3_s1_redreq
launch 2026-09-23T23:27:25Z cov_a3_s0_d3req
launch 2026-09-24T00:16:20Z cov_a3_s1_d3req
launch 2026-09-24T00:35:10Z cov_a3_s0_d3sub
launch 2026-09-24T00:49:37Z cov_a3_s1_d3sub
launch 2026-09-24T01:47:32Z record_a3
RUNNER DONE 2026-09-24T03:55:46Z
