START 2026-09-23T21:23:07Z python3 train.py --data data/dsc/train_a4.jsonl --heldout data/p2/heldout.jsonl --mode lean_seq --steps 6000 --bs 128 --out ckpts/dsc/stage1_a4_s1.pt --cap 6 --seed 1
params 3214336 mode lean_seq shift True
train records 155000 max len 558
step 200 loss 0.9089 lr 1.00e-03 18s val 1.0148
step 400 loss 0.2008 lr 9.97e-04 36s val 0.2675
step 600 loss 0.1375 lr 9.89e-04 55s val 0.1760
step 800 loss 0.1075 lr 9.76e-04 73s val 0.1556
step 1000 loss 0.0945 lr 9.58e-04 91s val 0.1310
step 1200 loss 0.0849 lr 9.36e-04 110s val 0.1393
step 1400 loss 0.0694 lr 9.08e-04 128s val 0.1319
step 1600 loss 0.0804 lr 8.77e-04 146s val 0.1359
step 1800 loss 0.0660 lr 8.41e-04 164s val 0.1156
step 2000 loss 0.0634 lr 8.03e-04 183s val 0.1163
step 2200 loss 0.0656 lr 7.61e-04 201s val 0.1186
step 2400 loss 0.0611 lr 7.17e-04 219s val 0.1221
step 2600 loss 0.0557 lr 6.70e-04 238s val 0.1202
step 2800 loss 0.0591 lr 6.23e-04 256s val 0.1200
step 3000 loss 0.0548 lr 5.74e-04 275s val 0.1252
step 3200 loss 0.0593 lr 5.26e-04 293s val 0.1328
step 3400 loss 0.0512 lr 4.77e-04 311s val 0.1410
step 3600 loss 0.0486 lr 4.30e-04 330s val 0.1284
step 3800 loss 0.0467 lr 3.83e-04 348s val 0.1266
step 4000 loss 0.0492 lr 3.39e-04 366s val 0.1009
step 4200 loss 0.0500 lr 2.97e-04 385s val 0.1172
step 4400 loss 0.0459 lr 2.59e-04 403s val 0.1297
step 4600 loss 0.0492 lr 2.23e-04 422s val 0.1186
step 4800 loss 0.0465 lr 1.92e-04 440s val 0.1290
step 5000 loss 0.0488 lr 1.64e-04 458s val 0.1286
step 5200 loss 0.0474 lr 1.42e-04 477s val 0.1311
step 5400 loss 0.0495 lr 1.24e-04 495s val 0.1367
step 5600 loss 0.0465 lr 1.11e-04 513s val 0.1314
step 5800 loss 0.0463 lr 1.03e-04 532s val 0.1257
step 6000 loss 0.0461 lr 1.00e-04 548s val 0.1238
saved ckpts/dsc/stage1_a4_s1.pt
END 2026-09-23T21:32:48Z
