evals 353 integrity issues [] 0
max_new: {'json_hit': 549, 'stop_eos': 881953, 'rows': 882500, 'notext': 547}
peak_alloc_gb min/max 9.019694805145264 9.019694805145264 n_params set {3214336}
train data Counter({('w', 'data/p2/train_depth3_f0_a1.jsonl'): 289, ('f', 'data/sd/train_fresh.jsonl'): 64})

==== arm W
E24      len2:0.9995/0.0009 len3:0.9990/0.0011 len4:0.9925/0.0046 len5:0.9838/0.0077 len6:0.7970/0.1515 d3:0.6160/0.3062 nd3_6:0.9780/0.0064 all:0.9544/0.0311
         d3 per seed 0.068 0.936 0.644 0.448 0.916 0.936 0.504 0.476   len6 per seed 0.530 0.958 0.810 0.712 0.944 0.958 0.738 0.726
A24_K2   len2:0.9977/0.0025 len3:0.9962/0.0017 len4:0.9890/0.0034 len5:0.9705/0.0093 len6:0.6370/0.1715 d3:0.3080/0.3423 nd3_6:0.9660/0.0068 all:0.9181/0.0354
         d3 per seed 0.244 0.840 0.016 0.036 0.772 0.092 0.456 0.008   len6 per seed 0.610 0.900 0.486 0.500 0.872 0.532 0.710 0.486
A24_K4   len2:0.9995/0.0009 len3:0.9982/0.0013 len4:0.9915/0.0033 len5:0.9752/0.0055 len6:0.6195/0.1743 d3:0.2640/0.3503 nd3_6:0.9750/0.0041 all:0.9168/0.0350
         d3 per seed 0.212 0.876 0.016 0.048 0.756 0.172 0.016 0.016   len6 per seed 0.594 0.922 0.494 0.514 0.866 0.576 0.494 0.496
A24_K8   len2:0.9995/0.0009 len3:0.9982/0.0020 len4:0.9928/0.0030 len5:0.9730/0.0063 len6:0.6000/0.1868 d3:0.2270/0.3742 nd3_6:0.9730/0.0093 all:0.9127/0.0383
         d3 per seed 0.036 0.872 0.012 0.024 0.792 0.048 0.016 0.016   len6 per seed 0.510 0.918 0.492 0.492 0.886 0.514 0.490 0.498
T24_3    len2:0.9992/0.0015 len3:0.9983/0.0020 len4:0.9932/0.0024 len5:0.9817/0.0064 len6:0.7802/0.1811 d3:0.5760/0.3609 nd3_6:0.9845/0.0033 all:0.9506/0.0371
         d3 per seed 0.280 0.940 0.480 0.176 0.920 0.944 0.096 0.772   len6 per seed 0.632 0.962 0.730 0.582 0.952 0.966 0.538 0.880
T24_5    len2:0.9995/0.0014 len3:0.9985/0.0009 len4:0.9935/0.0035 len5:0.9820/0.0067 len6:0.7595/0.1848 d3:0.5355/0.3681 nd3_6:0.9835/0.0050 all:0.9466/0.0376
         d3 per seed 0.140 0.928 0.208 0.600 0.928 0.864 0.024 0.592   len6 per seed 0.566 0.958 0.594 0.790 0.956 0.924 0.500 0.788
LS6      len2:0.9985/0.0023 len3:0.9968/0.0044 len4:0.9857/0.0114 len5:0.9723/0.0214 len6:0.8268/0.1280 d3:0.6925/0.2357 nd3_6:0.9610/0.0252 all:0.9560/0.0320 sel=step14000,w_s1,w_s2,step20000,w_s4,w_s5,w_s6,step22000
         d3 per seed 0.532 0.936 0.644 0.304 0.916 0.936 0.504 0.768   len6 per seed 0.732 0.958 0.810 0.608 0.944 0.958 0.738 0.866
LSd3     len2:0.9958/0.0083 len3:0.9920/0.0136 len4:0.9662/0.0538 len5:0.9557/0.0492 len6:0.8115/0.1372 d3:0.6830/0.2394 nd3_6:0.9400/0.0587 all:0.9443/0.0464 sel=step14000,w_s1,step04000,step20000,w_s4,w_s5,w_s6,step22000
         d3 per seed 0.532 0.936 0.568 0.304 0.916 0.936 0.504 0.768   len6 per seed 0.732 0.958 0.688 0.608 0.944 0.958 0.738 0.866
E12      len2:0.9992/0.0010 len3:0.9962/0.0020 len4:0.9880/0.0067 len5:0.9700/0.0057 len6:0.6107/0.1770 d3:0.2575/0.3531 nd3_6:0.9640/0.0137 all:0.9128/0.0363
         d3 per seed 0.144 0.776 0.016 0.040 0.872 0.104 0.028 0.080   len6 per seed 0.560 0.872 0.492 0.490 0.916 0.544 0.496 0.516
A12_K2   len2:0.9980/0.0015 len3:0.9888/0.0054 len4:0.9685/0.0107 len5:0.9397/0.0190 len6:0.5580/0.1631 d3:0.1830/0.3247 nd3_6:0.9330/0.0279 all:0.8906/0.0367
         d3 per seed 0.020 0.588 0.012 0.004 0.812 0.004 0.020 0.004   len6 per seed 0.486 0.750 0.488 0.440 0.880 0.476 0.476 0.468
A12_K4   len2:0.9985/0.0014 len3:0.9892/0.0063 len4:0.9717/0.0131 len5:0.9427/0.0105 len6:0.5557/0.1534 d3:0.1770/0.3032 nd3_6:0.9345/0.0245 all:0.8916/0.0337
         d3 per seed 0.004 0.576 0.012 0.004 0.748 0.028 0.044 0.000   len6 per seed 0.478 0.746 0.482 0.450 0.852 0.496 0.482 0.460
A12_K8   len2:0.9952/0.0035 len3:0.9770/0.0105 len4:0.9267/0.0215 len5:0.9098/0.0172 len6:0.4803/0.0727 d3:0.0675/0.1436 nd3_6:0.8930/0.0251 all:0.8578/0.0212
         d3 per seed 0.000 0.104 0.012 0.004 0.412 0.004 0.004 0.000   len6 per seed 0.462 0.482 0.458 0.428 0.656 0.454 0.458 0.444
E6       len2:0.9965/0.0028 len3:0.9848/0.0065 len4:0.9623/0.0140 len5:0.9337/0.0138 len6:0.6260/0.1543 d3:0.3260/0.3095 nd3_6:0.9260/0.0257 all:0.9006/0.0318
         d3 per seed 0.004 0.536 0.692 0.440 0.736 0.108 0.004 0.088   len6 per seed 0.480 0.716 0.818 0.668 0.838 0.532 0.456 0.500
A6_K2    len2:0.9892/0.0047 len3:0.9580/0.0060 len4:0.8635/0.0191 len5:0.8382/0.0170 len6:0.5433/0.1293 d3:0.2745/0.2822 nd3_6:0.8120/0.0448 all:0.8384/0.0267
         d3 per seed 0.104 0.612 0.564 0.268 0.620 0.000 0.008 0.020   len6 per seed 0.472 0.680 0.688 0.506 0.718 0.436 0.424 0.422
A6_K4    len2:0.9822/0.0035 len3:0.9180/0.0112 len4:0.7800/0.0277 len5:0.7623/0.0157 len6:0.4078/0.0646 d3:0.1150/0.1273 nd3_6:0.7005/0.0229 all:0.7701/0.0101
         d3 per seed 0.088 0.004 0.148 0.040 0.232 0.364 0.004 0.040   len6 per seed 0.398 0.334 0.442 0.362 0.460 0.528 0.358 0.380

==== arm F
E24      len2:0.9995/0.0010 len3:0.9995/0.0010 len4:0.9970/0.0012 len5:0.9890/0.0026 len6:0.6840/0.1971 d3:0.3790/0.3967 nd3_6:0.9890/0.0050 all:0.9338/0.0394
         d3 per seed 0.920 0.164 0.016 0.416   len6 per seed 0.954 0.576 0.506 0.700
A24_K2   len2:0.9995/0.0010 len3:0.9965/0.0034 len4:0.9855/0.0034 len5:0.9765/0.0041 len6:0.6940/0.2335 d3:0.4110/0.4616 nd3_6:0.9770/0.0100 all:0.9304/0.0478
         d3 per seed 0.844 0.004 0.020 0.776   len6 per seed 0.908 0.488 0.496 0.884
A24_K4   len2:1.0000/0.0000 len3:0.9980/0.0028 len4:0.9905/0.0010 len5:0.9750/0.0042 len6:0.6720/0.1966 d3:0.3670/0.3898 nd3_6:0.9770/0.0038 all:0.9271/0.0397
         d3 per seed 0.684 0.012 0.048 0.724   len6 per seed 0.832 0.494 0.510 0.852
A24_K8   len2:0.9980/0.0000 len3:0.9955/0.0010 len4:0.9890/0.0035 len5:0.9695/0.0030 len6:0.6440/0.1762 d3:0.3260/0.3522 nd3_6:0.9620/0.0023 all:0.9192/0.0359
         d3 per seed 0.012 0.596 0.032 0.664   len6 per seed 0.488 0.778 0.496 0.814
T24_3    len2:1.0000/0.0000 len3:0.9990/0.0020 len4:0.9965/0.0019 len5:0.9880/0.0043 len6:0.6990/0.2309 d3:0.4120/0.4670 nd3_6:0.9860/0.0069 all:0.9365/0.0460
         d3 per seed 0.896 0.008 0.016 0.728   len6 per seed 0.936 0.498 0.504 0.858
LS6      len2:0.9940/0.0063 len3:0.9930/0.0095 len4:0.9710/0.0234 len5:0.9435/0.0415 len6:0.8490/0.0745 d3:0.7550/0.1228 nd3_6:0.9430/0.0342 all:0.9501/0.0284 sel=f_s0,step08000,step12000,step22000
         d3 per seed 0.920 0.760 0.628 0.712   len6 per seed 0.954 0.834 0.778 0.830
LSd3     len2:0.9930/0.0053 len3:0.9920/0.0086 len4:0.9680/0.0192 len5:0.9375/0.0345 len6:0.8345/0.0483 d3:0.7370/0.0919 nd3_6:0.9320/0.0182 all:0.9450/0.0200 sel=step20000,step08000,step12000,step22000
         d3 per seed 0.848 0.760 0.628 0.712   len6 per seed 0.896 0.834 0.778 0.830
E12      len2:0.9985/0.0010 len3:0.9965/0.0025 len4:0.9860/0.0082 len5:0.9665/0.0034 len6:0.6035/0.1819 d3:0.2440/0.3590 nd3_6:0.9630/0.0158 all:0.9102/0.0368
         d3 per seed 0.144 0.776 0.016 0.040   len6 per seed 0.560 0.872 0.492 0.490
E6       len2:0.9970/0.0035 len3:0.9825/0.0041 len4:0.9615/0.0182 len5:0.9280/0.0125 len6:0.6705/0.1416 d3:0.4180/0.2949 nd3_6:0.9230/0.0316 all:0.9079/0.0255
         d3 per seed 0.004 0.536 0.692 0.440   len6 per seed 0.480 0.716 0.818 0.668

==== adoption rule, arm W vs E24 (sd ddof=1)
A24_K2   d3 sd ratio 1.118 ratio CI [0.50,2.50] (i)False len6 sd 0.1715 vs 0.1515 (ii)False (iii)False worst drop -0.3080 (d3) -> no
A24_K4   d3 sd ratio 1.144 ratio CI [0.51,2.56] (i)False len6 sd 0.1743 vs 0.1515 (ii)False (iii)False worst drop -0.3520 (d3) -> no
A24_K8   d3 sd ratio 1.222 ratio CI [0.55,2.73] (i)False len6 sd 0.1868 vs 0.1515 (ii)False (iii)False worst drop -0.3890 (d3) -> no
T24_3    d3 sd ratio 1.179 ratio CI [0.53,2.63] (i)False len6 sd 0.1811 vs 0.1515 (ii)False (iii)False worst drop -0.0400 (d3) -> no
T24_5    d3 sd ratio 1.202 ratio CI [0.54,2.69] (i)False len6 sd 0.1848 vs 0.1515 (ii)False (iii)False worst drop -0.0805 (d3) -> no
LS6      d3 sd ratio 0.770 ratio CI [0.34,1.72] (i)False len6 sd 0.1280 vs 0.1515 (ii)True (iii)True worst drop -0.0115 (len5) -> no
LSd3     d3 sd ratio 0.782 ratio CI [0.35,1.75] (i)False len6 sd 0.1372 vs 0.1515 (ii)True (iii)False worst drop -0.0280 (len5) -> no

==== IQM d3 (arm W, n=8) with bootstrap 95% CI
E24      IQM 0.635 [0.381,0.921] mean 0.616
A24_K2   IQM 0.207 [0.026,0.631] mean 0.308
A24_K4   IQM 0.112 [0.016,0.545] mean 0.264
A24_K8   IQM 0.031 [0.016,0.600] mean 0.227
T24_3    IQM 0.613 [0.228,0.925] mean 0.576
T24_5    IQM 0.566 [0.174,0.880] mean 0.535
LS6      IQM 0.715 [0.503,0.921] mean 0.693
LSd3     IQM 0.696 [0.493,0.921] mean 0.683
