shard 0/1: 45 theorems, 0 already done; k=10000 T=0.8 batch=1024
targets_reductio_req6_300: n_ok 0/10000 distinct_ok 0 first_hit None written_hist {} (9s; 1 done, 9s/thm, ETA 6 min)
targets_reductio_req6_301: n_ok 393/10000 distinct_ok 1 first_hit 5 written_hist {6: 1} (8s; 2 done, 8s/thm, ETA 6 min)
targets_reductio_req6_302: n_ok 4495/10000 distinct_ok 2 first_hit 2 written_hist {6: 2} (10s; 3 done, 9s/thm, ETA 6 min)
targets_reductio_req6_303: n_ok 63/10000 distinct_ok 1 first_hit 199 written_hist {6: 1} (6s; 4 done, 8s/thm, ETA 6 min)
targets_reductio_req6_304: n_ok 643/10000 distinct_ok 1 first_hit 16 written_hist {6: 1} (10s; 5 done, 9s/thm, ETA 6 min)
targets_reductio_req6_305: n_ok 2000/10000 distinct_ok 2 first_hit 3 written_hist {6: 1, 7: 1} (9s; 6 done, 9s/thm, ETA 6 min)
targets_reductio_req6_306: n_ok 314/10000 distinct_ok 1 first_hit 40 written_hist {6: 1} (6s; 7 done, 8s/thm, ETA 5 min)
targets_reductio_req6_307: n_ok 0/10000 distinct_ok 0 first_hit None written_hist {} (5s; 8 done, 8s/thm, ETA 5 min)
targets_reductio_req6_308: n_ok 0/10000 distinct_ok 0 first_hit None written_hist {} (5s; 9 done, 7s/thm, ETA 4 min)
targets_reductio_req6_309: n_ok 1/10000 distinct_ok 1 first_hit 4832 written_hist {6: 1} (6s; 10 done, 7s/thm, ETA 4 min)
targets_reductio_req6_310: n_ok 0/10000 distinct_ok 0 first_hit None written_hist {} (10s; 11 done, 8s/thm, ETA 4 min)
targets_reductio_req6_311: n_ok 953/10000 distinct_ok 1 first_hit 2 written_hist {6: 1} (7s; 12 done, 7s/thm, ETA 4 min)
targets_reductio_req6_312: n_ok 0/10000 distinct_ok 0 first_hit None written_hist {} (5s; 13 done, 7s/thm, ETA 4 min)
targets_reductio_req6_313: n_ok 2/10000 distinct_ok 1 first_hit 1814 written_hist {6: 1} (9s; 14 done, 7s/thm, ETA 4 min)
targets_reductio_req6_314: n_ok 0/10000 distinct_ok 0 first_hit None written_hist {} (7s; 15 done, 7s/thm, ETA 4 min)
targets_reductio_req6_315: n_ok 130/10000 distinct_ok 2 first_hit 68 written_hist {6: 1, 7: 1} (6s; 16 done, 7s/thm, ETA 4 min)
targets_reductio_req6_316: n_ok 302/10000 distinct_ok 1 first_hit 18 written_hist {6: 1} (10s; 17 done, 7s/thm, ETA 3 min)
targets_reductio_req6_317: n_ok 0/10000 distinct_ok 0 first_hit None written_hist {} (8s; 18 done, 8s/thm, ETA 3 min)
targets_reductio_req6_318: n_ok 0/10000 distinct_ok 0 first_hit None written_hist {} (7s; 19 done, 7s/thm, ETA 3 min)
targets_reductio_req6_319: n_ok 0/10000 distinct_ok 0 first_hit None written_hist {} (8s; 20 done, 8s/thm, ETA 3 min)
targets_reductio_req6_320: n_ok 155/10000 distinct_ok 1 first_hit 8 written_hist {6: 1} (6s; 21 done, 7s/thm, ETA 3 min)
targets_reductio_req6_321: n_ok 82/10000 distinct_ok 2 first_hit 49 written_hist {6: 1, 7: 1} (6s; 22 done, 7s/thm, ETA 3 min)
targets_reductio_req6_322: n_ok 5649/10000 distinct_ok 1 first_hit 3 written_hist {6: 1} (15s; 23 done, 8s/thm, ETA 3 min)
targets_reductio_req6_323: n_ok 0/10000 distinct_ok 0 first_hit None written_hist {} (8s; 24 done, 8s/thm, ETA 3 min)
targets_reductio_req6_324: n_ok 24/10000 distinct_ok 1 first_hit 135 written_hist {6: 1} (6s; 25 done, 8s/thm, ETA 3 min)
targets_reductio_req6_325: n_ok 167/10000 distinct_ok 1 first_hit 67 written_hist {6: 1} (6s; 26 done, 8s/thm, ETA 2 min)
targets_reductio_req6_326: n_ok 179/10000 distinct_ok 2 first_hit 5 written_hist {6: 1, 7: 1} (7s; 27 done, 8s/thm, ETA 2 min)
targets_reductio_req6_327: n_ok 42/10000 distinct_ok 2 first_hit 9 written_hist {6: 1, 7: 1} (6s; 28 done, 8s/thm, ETA 2 min)
targets_reductio_req6_328: n_ok 552/10000 distinct_ok 1 first_hit 2 written_hist {6: 1} (16s; 29 done, 8s/thm, ETA 2 min)
targets_reductio_req6_329: n_ok 0/10000 distinct_ok 0 first_hit None written_hist {} (5s; 30 done, 8s/thm, ETA 2 min)
targets_reductio_req6_330: n_ok 354/10000 distinct_ok 1 first_hit 3 written_hist {6: 1} (20s; 31 done, 8s/thm, ETA 2 min)
targets_reductio_req6_331: n_ok 4241/10000 distinct_ok 1 first_hit 2 written_hist {6: 1} (9s; 32 done, 8s/thm, ETA 2 min)
targets_reductio_req6_332: n_ok 5493/10000 distinct_ok 2 first_hit 3 written_hist {6: 1, 7: 1} (11s; 33 done, 8s/thm, ETA 2 min)
targets_reductio_req6_333: n_ok 0/10000 distinct_ok 0 first_hit None written_hist {} (5s; 34 done, 8s/thm, ETA 1 min)
targets_reductio_req6_334: n_ok 0/10000 distinct_ok 0 first_hit None written_hist {} (5s; 35 done, 8s/thm, ETA 1 min)
targets_reductio_req6_335: n_ok 1811/10000 distinct_ok 1 first_hit 2 written_hist {6: 1} (20s; 36 done, 8s/thm, ETA 1 min)
targets_reductio_req6_336: n_ok 75/10000 distinct_ok 1 first_hit 176 written_hist {6: 1} (6s; 37 done, 8s/thm, ETA 1 min)
targets_reductio_req6_337: n_ok 0/10000 distinct_ok 0 first_hit None written_hist {} (5s; 38 done, 8s/thm, ETA 1 min)
targets_reductio_req6_338: n_ok 137/10000 distinct_ok 2 first_hit 86 written_hist {6: 1, 7: 1} (6s; 39 done, 8s/thm, ETA 1 min)
targets_reductio_req6_339: n_ok 10/10000 distinct_ok 2 first_hit 773 written_hist {6: 1, 7: 1} (6s; 40 done, 8s/thm, ETA 1 min)
targets_reductio_req6_340: n_ok 0/10000 distinct_ok 0 first_hit None written_hist {} (5s; 41 done, 8s/thm, ETA 1 min)
targets_reductio_req6_341: n_ok 546/10000 distinct_ok 1 first_hit 65 written_hist {6: 1} (6s; 42 done, 8s/thm, ETA 0 min)
targets_reductio_req6_342: n_ok 0/10000 distinct_ok 0 first_hit None written_hist {} (8s; 43 done, 8s/thm, ETA 0 min)
targets_reductio_req6_343: n_ok 3/10000 distinct_ok 1 first_hit 1367 written_hist {6: 1} (6s; 44 done, 8s/thm, ETA 0 min)
targets_reductio_req6_344: n_ok 177/10000 distinct_ok 1 first_hit 23 written_hist {6: 1} (6s; 45 done, 8s/thm, ETA 0 min)
DONE
