[r3_2/ei8k64_reductio_f0.1_s0_ss0 r1] targets (this round, pass@64) SOLVED 63/345 = 0.183 [0.145,0.227]
  len 6: 44/45 = 0.978 [0.884,0.996]
  len 7: 19/52 = 0.365 [0.248,0.501]
  len 8: 0/133 = 0.000 [0.000,0.028]
  len 9: 0/82 = 0.000 [0.000,0.045]
  len 10: 0/33 = 0.000 [0.000,0.104]
  written hist {6: 1256, 7: 124}
  pruned hist {6: 1256, 7: 124}
  frontier written 7 pruned 7
  reasons [('rule check failed: IMPE', 6492), ('rule check failed: ANDI', 3512), ('rule check failed: DN', 1241), ('rule check failed: NEGE', 1205), ('rule check failed: IMPI', 1151), ('bad line cite', 930)]
[r3_2/ei8k64_reductio_f0.1_s0_ss0 r1] targets (cumulative 64 attempts) SOLVED 63/345 = 0.183 [0.145,0.227]
  len 6: 44/45 = 0.978 [0.884,0.996]
  len 7: 19/52 = 0.365 [0.248,0.501]
  len 8: 0/133 = 0.000 [0.000,0.028]
  len 9: 0/82 = 0.000 [0.000,0.045]
  len 10: 0/33 = 0.000 [0.000,0.104]
  written hist {6: 1256, 7: 124}
  pruned hist {6: 1256, 7: 124}
  frontier written 7 pruned 7
  reasons []
[r3_2/ei8k64_reductio_f0.1_s0_ss0 r1] transfer (this round, pass@64) SOLVED 6/150 = 0.040 [0.018,0.085]
  len 7: 6/27 = 0.222 [0.106,0.408]
  len 8: 0/67 = 0.000 [0.000,0.054]
  len 9: 0/41 = 0.000 [0.000,0.086]
  len 10: 0/15 = 0.000 [0.000,0.204]
  written hist {7: 51}
  pruned hist {7: 51}
  frontier written 7 pruned 7
  reasons [('rule check failed: IMPE', 3405), ('rule check failed: ANDI', 1640), ('rule check failed: IMPI', 600), ('rule check failed: ORI1', 462), ('premise block does not match declared premises', 421), ('bad line cite', 418)]
[r3_2/ei8k64_reductio_f0.1_s0_ss0 r1] transfer (cumulative 64 attempts) SOLVED 6/150 = 0.040 [0.018,0.085]
  len 7: 6/27 = 0.222 [0.106,0.408]
  len 8: 0/67 = 0.000 [0.000,0.054]
  len 9: 0/41 = 0.000 [0.000,0.086]
  len 10: 0/15 = 0.000 [0.000,0.204]
  written hist {7: 51}
  pruned hist {7: 51}
  frontier written 7 pruned 7
  reasons []
[r3_2/ei8k64_reductio_f0.1_s0_ss0 r1] transfer greedy SOLVED 1/150 = 0.007 [0.001,0.037]
  len 7: 1/27 = 0.037 [0.007,0.183]
  len 8: 0/67 = 0.000 [0.000,0.054]
  len 9: 0/41 = 0.000 [0.000,0.086]
  len 10: 0/15 = 0.000 [0.000,0.204]
  written hist {7: 1}
  pruned hist {7: 1}
  frontier written 0 pruned 0
  reasons [('rule check failed: IMPE', 56), ('rule check failed: ANDI', 30), ('bad box cite', 9), ('rule check failed: ORI1', 8), ('premise block does not match declared premises', 7), ('rule check failed: IMPI', 7)]
[r3_2/ei8k64_reductio_f0.1_s0_ss0 r1] heldout greedy SOLVED 4840/5000 = 0.968 [0.963,0.973]
  len 2: 997/1000 = 0.997 [0.991,0.999]
  len 3: 993/1000 = 0.993 [0.986,0.997]
  len 4: 969/1000 = 0.969 [0.956,0.978]
  len 5: 940/1000 = 0.940 [0.924,0.953]
  len 6: 941/1000 = 0.941 [0.925,0.954]
  written hist {2: 1025, 3: 988, 4: 943, 5: 962, 6: 922}
  pruned hist {2: 1025, 3: 988, 4: 947, 5: 958, 6: 922}
  frontier written 6 pruned 6
  reasons [('rule check failed: ANDI', 42), ('rule check failed: ORI1', 22), ('rule check failed: IMPE', 16), ('rule check failed: ORI2', 13), ('rule check failed: NEGE', 12), ('rule check failed: IMPI', 9)]
python3 train.py --data artifacts/r3_2/ei8k64_reductio_f0.1_s0_ss0/mix_1.jsonl --init ckpts/p2/stage1_reductio_f0.1_s0.pt --steps 600 --lr 0.0003 --min_lr 2.9999999999999997e-05 --warmup 50 --cap 0 --out ckpts/r3_2/ei8k64_reductio_f0.1_s0_ss0_r1.pt --seed 1 --log_every 200
params 3210240 mode abs shift True
train records 20924 max len 697
step 200 loss 0.0582 lr 2.53e-04 29s
step 400 loss 0.0553 lr 1.09e-04 57s
step 600 loss 0.0603 lr 3.00e-05 77s
saved ckpts/r3_2/ei8k64_reductio_f0.1_s0_ss0_r1.pt
=== round 1 done in 176s; new proofs 1380; cum targets solved 63
[r3_2/ei8k64_reductio_f0.1_s0_ss0 r2] targets (this round, pass@64) SOLVED 93/345 = 0.270 [0.225,0.319]
  len 6: 45/45 = 1.000 [0.921,1.000]
  len 7: 48/52 = 0.923 [0.818,0.970]
  len 8: 0/133 = 0.000 [0.000,0.028]
  len 9: 0/82 = 0.000 [0.000,0.045]
  len 10: 0/33 = 0.000 [0.000,0.104]
  written hist {6: 1212, 7: 1306}
  pruned hist {6: 1212, 7: 1306}
  frontier written 7 pruned 7
  reasons [('rule check failed: IMPE', 5093), ('rule check failed: ANDI', 2219), ('rule check failed: NEGE', 1491), ('final formula is not the conclusion', 1145), ('rule check failed: DN', 962), ('rule check failed: IMPI', 882)]
[r3_2/ei8k64_reductio_f0.1_s0_ss0 r2] targets (cumulative 128 attempts) SOLVED 93/345 = 0.270 [0.225,0.319]
  len 6: 45/45 = 1.000 [0.921,1.000]
  len 7: 48/52 = 0.923 [0.818,0.970]
  len 8: 0/133 = 0.000 [0.000,0.028]
  len 9: 0/82 = 0.000 [0.000,0.045]
  len 10: 0/33 = 0.000 [0.000,0.104]
  written hist {6: 1908, 7: 1358}
  pruned hist {6: 1908, 7: 1358}
  frontier written 7 pruned 7
  reasons []
[r3_2/ei8k64_reductio_f0.1_s0_ss0 r2] transfer (this round, pass@64) SOLVED 21/150 = 0.140 [0.093,0.205]
  len 7: 21/27 = 0.778 [0.592,0.894]
  len 8: 0/67 = 0.000 [0.000,0.054]
  len 9: 0/41 = 0.000 [0.000,0.086]
  len 10: 0/15 = 0.000 [0.000,0.204]
  written hist {7: 461}
  pruned hist {7: 461}
  frontier written 7 pruned 7
  reasons [('rule check failed: IMPE', 2912), ('rule check failed: ANDI', 1063), ('rule check failed: IMPI', 647), ('final formula is not the conclusion', 617), ('rule check failed: NEGE', 617), ('bad line cite', 496)]
[r3_2/ei8k64_reductio_f0.1_s0_ss0 r2] transfer (cumulative 128 attempts) SOLVED 21/150 = 0.140 [0.093,0.205]
  len 7: 21/27 = 0.778 [0.592,0.894]
  len 8: 0/67 = 0.000 [0.000,0.054]
  len 9: 0/41 = 0.000 [0.000,0.086]
  len 10: 0/15 = 0.000 [0.000,0.204]
  written hist {7: 487}
  pruned hist {7: 487}
  frontier written 7 pruned 7
  reasons []
[r3_2/ei8k64_reductio_f0.1_s0_ss0 r2] transfer greedy SOLVED 1/150 = 0.007 [0.001,0.037]
  len 7: 1/27 = 0.037 [0.007,0.183]
  len 8: 0/67 = 0.000 [0.000,0.054]
  len 9: 0/41 = 0.000 [0.000,0.086]
  len 10: 0/15 = 0.000 [0.000,0.204]
  written hist {7: 1}
  pruned hist {7: 1}
  frontier written 0 pruned 0
  reasons [('rule check failed: IMPE', 46), ('rule check failed: ANDI', 19), ('line index mismatch at position 7', 14), ('final formula is not the conclusion', 11), ('bad box cite', 9), ('rule check failed: NEGE', 8)]
[r3_2/ei8k64_reductio_f0.1_s0_ss0 r2] heldout greedy SOLVED 4831/5000 = 0.966 [0.961,0.971]
  len 2: 997/1000 = 0.997 [0.991,0.999]
  len 3: 991/1000 = 0.991 [0.983,0.995]
  len 4: 969/1000 = 0.969 [0.956,0.978]
  len 5: 937/1000 = 0.937 [0.920,0.950]
  len 6: 937/1000 = 0.937 [0.920,0.950]
  written hist {2: 1019, 3: 983, 4: 956, 5: 958, 6: 915}
  pruned hist {2: 1019, 3: 986, 4: 954, 5: 958, 6: 914}
  frontier written 6 pruned 6
  reasons [('rule check failed: ANDI', 38), ('rule check failed: ORI1', 23), ('rule check failed: IMPE', 18), ('rule check failed: NEGE', 15), ('rule check failed: ORI2', 14), ('rule check failed: IMPI', 8)]
python3 train.py --data artifacts/r3_2/ei8k64_reductio_f0.1_s0_ss0/mix_2.jsonl --init ckpts/r3_2/ei8k64_reductio_f0.1_s0_ss0_r1.pt --steps 600 --lr 0.0003 --min_lr 2.9999999999999997e-05 --warmup 50 --cap 0 --out ckpts/r3_2/ei8k64_reductio_f0.1_s0_ss0_r2.pt --seed 2 --log_every 200
params 3210240 mode abs shift True
train records 21428 max len 507
step 200 loss 0.0569 lr 2.53e-04 28s
step 400 loss 0.0581 lr 1.09e-04 56s
step 600 loss 0.0549 lr 3.00e-05 80s
saved ckpts/r3_2/ei8k64_reductio_f0.1_s0_ss0_r2.pt
=== round 2 done in 161s; new proofs 1886; cum targets solved 93
[r3_2/ei8k64_reductio_f0.1_s0_ss0 r3] targets (this round, pass@64) SOLVED 98/345 = 0.284 [0.239,0.334]
  len 6: 45/45 = 1.000 [0.921,1.000]
  len 7: 52/52 = 1.000 [0.931,1.000]
  len 8: 1/133 = 0.008 [0.001,0.041]
  len 9: 0/82 = 0.000 [0.000,0.045]
  len 10: 0/33 = 0.000 [0.000,0.104]
  written hist {6: 1042, 7: 1246, 8: 4}
  pruned hist {6: 1042, 7: 1250}
  frontier written 7 pruned 7
  reasons [('rule check failed: IMPE', 4879), ('rule check failed: ANDI', 2232), ('rule check failed: NEGE', 1267), ('final formula is not the conclusion', 1113), ('rule check failed: IMPI', 1021), ('rule check failed: DN', 1009)]
[r3_2/ei8k64_reductio_f0.1_s0_ss0 r3] targets (cumulative 192 attempts) SOLVED 98/345 = 0.284 [0.239,0.334]
  len 6: 45/45 = 1.000 [0.921,1.000]
  len 7: 52/52 = 1.000 [0.931,1.000]
  len 8: 1/133 = 0.008 [0.001,0.041]
  len 9: 0/82 = 0.000 [0.000,0.045]
  len 10: 0/33 = 0.000 [0.000,0.104]
  written hist {6: 2088, 7: 1955, 8: 4}
  pruned hist {6: 2088, 7: 1959}
  frontier written 7 pruned 7
  reasons []
[r3_2/ei8k64_reductio_f0.1_s0_ss0 r3] transfer (this round, pass@64) SOLVED 27/150 = 0.180 [0.127,0.249]
  len 7: 27/27 = 1.000 [0.875,1.000]
  len 8: 0/67 = 0.000 [0.000,0.054]
  len 9: 0/41 = 0.000 [0.000,0.086]
  len 10: 0/15 = 0.000 [0.000,0.204]
  written hist {7: 655}
  pruned hist {7: 655}
  frontier written 7 pruned 7
  reasons [('rule check failed: IMPE', 2525), ('rule check failed: ANDI', 894), ('rule check failed: IMPI', 792), ('rule check failed: NEGE', 562), ('final formula is not the conclusion', 500), ('bad line cite', 442)]
[r3_2/ei8k64_reductio_f0.1_s0_ss0 r3] transfer (cumulative 192 attempts) SOLVED 27/150 = 0.180 [0.127,0.249]
  len 7: 27/27 = 1.000 [0.875,1.000]
  len 8: 0/67 = 0.000 [0.000,0.054]
  len 9: 0/41 = 0.000 [0.000,0.086]
  len 10: 0/15 = 0.000 [0.000,0.204]
  written hist {7: 890}
  pruned hist {7: 890}
  frontier written 7 pruned 7
  reasons []
[r3_2/ei8k64_reductio_f0.1_s0_ss0 r3] transfer greedy SOLVED 24/150 = 0.160 [0.110,0.227]
  len 7: 24/27 = 0.889 [0.719,0.961]
  len 8: 0/67 = 0.000 [0.000,0.054]
  len 9: 0/41 = 0.000 [0.000,0.086]
  len 10: 0/15 = 0.000 [0.000,0.204]
  written hist {7: 24}
  pruned hist {7: 24}
  frontier written 7 pruned 7
  reasons [('rule check failed: IMPE', 38), ('rule check failed: ANDI', 15), ('rule check failed: IMPI', 13), ('bad box cite', 9), ('final formula is not the conclusion', 8), ('rule check failed: DN', 7)]
[r3_2/ei8k64_reductio_f0.1_s0_ss0 r3] heldout greedy SOLVED 4825/5000 = 0.965 [0.960,0.970]
  len 2: 999/1000 = 0.999 [0.994,1.000]
  len 3: 994/1000 = 0.994 [0.987,0.997]
  len 4: 966/1000 = 0.966 [0.953,0.976]
  len 5: 929/1000 = 0.929 [0.911,0.943]
  len 6: 937/1000 = 0.937 [0.920,0.950]
  written hist {2: 1022, 3: 992, 4: 943, 5: 958, 6: 910}
  pruned hist {2: 1022, 3: 992, 4: 944, 5: 959, 6: 908}
  frontier written 6 pruned 6
  reasons [('rule check failed: ANDI', 44), ('rule check failed: IMPE', 21), ('rule check failed: ORI1', 19), ('rule check failed: NEGE', 18), ('rule check failed: ORI2', 12), ('rule check failed: ANDE2', 8)]
python3 train.py --data artifacts/r3_2/ei8k64_reductio_f0.1_s0_ss0/mix_3.jsonl --init ckpts/r3_2/ei8k64_reductio_f0.1_s0_ss0_r2.pt --steps 600 --lr 0.0003 --min_lr 2.9999999999999997e-05 --warmup 50 --cap 0 --out ckpts/r3_2/ei8k64_reductio_f0.1_s0_ss0_r3.pt --seed 3 --log_every 200
params 3210240 mode abs shift True
train records 21564 max len 484
step 200 loss 0.0562 lr 2.53e-04 28s
step 400 loss 0.0524 lr 1.09e-04 56s
step 600 loss 0.0573 lr 3.00e-05 81s
saved ckpts/r3_2/ei8k64_reductio_f0.1_s0_ss0_r3.pt
=== round 3 done in 163s; new proofs 781; cum targets solved 98
[r3_2/ei8k64_reductio_f0.1_s0_ss0 r4] targets (this round, pass@64) SOLVED 98/345 = 0.284 [0.239,0.334]
  len 6: 45/45 = 1.000 [0.921,1.000]
  len 7: 52/52 = 1.000 [0.931,1.000]
  len 8: 1/133 = 0.008 [0.001,0.041]
  len 9: 0/82 = 0.000 [0.000,0.045]
  len 10: 0/33 = 0.000 [0.000,0.104]
  written hist {6: 1152, 7: 1196, 8: 18}
  pruned hist {6: 1152, 7: 1214}
  frontier written 8 pruned 7
  reasons [('rule check failed: IMPE', 3754), ('rule check failed: ANDI', 2093), ('rule check failed: NEGE', 1828), ('rule check failed: IMPI', 1164), ('bad line cite', 1099), ('final formula is not the conclusion', 942)]
[r3_2/ei8k64_reductio_f0.1_s0_ss0 r4] targets (cumulative 256 attempts) SOLVED 98/345 = 0.284 [0.239,0.334]
  len 6: 45/45 = 1.000 [0.921,1.000]
  len 7: 52/52 = 1.000 [0.931,1.000]
  len 8: 1/133 = 0.008 [0.001,0.041]
  len 9: 0/82 = 0.000 [0.000,0.045]
  len 10: 0/33 = 0.000 [0.000,0.104]
  written hist {6: 2206, 7: 2181, 8: 19}
  pruned hist {6: 2206, 7: 2200}
  frontier written 8 pruned 7
  reasons []
[r3_2/ei8k64_reductio_f0.1_s0_ss0 r4] transfer (this round, pass@64) SOLVED 26/150 = 0.173 [0.121,0.242]
  len 7: 26/27 = 0.963 [0.817,0.993]
  len 8: 0/67 = 0.000 [0.000,0.054]
  len 9: 0/41 = 0.000 [0.000,0.086]
  len 10: 0/15 = 0.000 [0.000,0.204]
  written hist {7: 592}
  pruned hist {7: 592}
  frontier written 7 pruned 7
  reasons [('rule check failed: IMPE', 2227), ('rule check failed: NEGE', 973), ('rule check failed: IMPI', 766), ('rule check failed: ANDI', 744), ('bad line cite', 525), ('bad box cite', 438)]
[r3_2/ei8k64_reductio_f0.1_s0_ss0 r4] transfer (cumulative 256 attempts) SOLVED 27/150 = 0.180 [0.127,0.249]
  len 7: 27/27 = 1.000 [0.875,1.000]
  len 8: 0/67 = 0.000 [0.000,0.054]
  len 9: 0/41 = 0.000 [0.000,0.086]
  len 10: 0/15 = 0.000 [0.000,0.204]
  written hist {7: 1049}
  pruned hist {7: 1049}
  frontier written 7 pruned 7
  reasons []
[r3_2/ei8k64_reductio_f0.1_s0_ss0 r4] transfer greedy SOLVED 24/150 = 0.160 [0.110,0.227]
  len 7: 24/27 = 0.889 [0.719,0.961]
  len 8: 0/67 = 0.000 [0.000,0.054]
  len 9: 0/41 = 0.000 [0.000,0.086]
  len 10: 0/15 = 0.000 [0.000,0.204]
  written hist {7: 24}
  pruned hist {7: 24}
  frontier written 7 pruned 7
  reasons [('rule check failed: IMPE', 34), ('rule check failed: NEGE', 15), ('rule check failed: ANDI', 13), ('bad line cite', 11), ('bad box cite', 10), ('rule check failed: IMPI', 10)]
[r3_2/ei8k64_reductio_f0.1_s0_ss0 r4] heldout greedy SOLVED 4827/5000 = 0.965 [0.960,0.970]
  len 2: 998/1000 = 0.998 [0.993,0.999]
  len 3: 991/1000 = 0.991 [0.983,0.995]
  len 4: 967/1000 = 0.967 [0.954,0.976]
  len 5: 934/1000 = 0.934 [0.917,0.948]
  len 6: 937/1000 = 0.937 [0.920,0.950]
  written hist {2: 1021, 3: 987, 4: 945, 5: 960, 6: 914}
  pruned hist {2: 1022, 3: 987, 4: 945, 5: 961, 6: 912}
  frontier written 6 pruned 6
  reasons [('rule check failed: ANDI', 45), ('rule check failed: ORI1', 21), ('rule check failed: IMPE', 21), ('rule check failed: NEGE', 13), ('rule check failed: ORI2', 12), ('final formula is not the conclusion', 10)]
python3 train.py --data artifacts/r3_2/ei8k64_reductio_f0.1_s0_ss0/mix_4.jsonl --init ckpts/r3_2/ei8k64_reductio_f0.1_s0_ss0_r3.pt --steps 600 --lr 0.0003 --min_lr 2.9999999999999997e-05 --warmup 50 --cap 0 --out ckpts/r3_2/ei8k64_reductio_f0.1_s0_ss0_r4.pt --seed 4 --log_every 200
params 3210240 mode abs shift True
train records 21568 max len 697
step 200 loss 0.0598 lr 2.53e-04 28s
step 400 loss 0.0538 lr 1.09e-04 56s
step 600 loss 0.0562 lr 3.00e-05 79s
saved ckpts/r3_2/ei8k64_reductio_f0.1_s0_ss0_r4.pt
=== round 4 done in 164s; new proofs 359; cum targets solved 98
[r3_2/ei8k64_reductio_f0.1_s0_ss0 r5] targets (this round, pass@64) SOLVED 98/345 = 0.284 [0.239,0.334]
  len 6: 45/45 = 1.000 [0.921,1.000]
  len 7: 52/52 = 1.000 [0.931,1.000]
  len 8: 1/133 = 0.008 [0.001,0.041]
  len 9: 0/82 = 0.000 [0.000,0.045]
  len 10: 0/33 = 0.000 [0.000,0.104]
  written hist {6: 1181, 7: 1332, 8: 25}
  pruned hist {6: 1181, 7: 1357}
  frontier written 8 pruned 7
  reasons [('rule check failed: IMPE', 4698), ('rule check failed: ANDI', 2043), ('rule check failed: NEGE', 1768), ('rule check failed: IMPI', 1049), ('bad line cite', 978), ('rule check failed: DN', 826)]
[r3_2/ei8k64_reductio_f0.1_s0_ss0 r5] targets (cumulative 320 attempts) SOLVED 98/345 = 0.284 [0.239,0.334]
  len 6: 45/45 = 1.000 [0.921,1.000]
  len 7: 52/52 = 1.000 [0.931,1.000]
  len 8: 1/133 = 0.008 [0.001,0.041]
  len 9: 0/82 = 0.000 [0.000,0.045]
  len 10: 0/33 = 0.000 [0.000,0.104]
  written hist {6: 2302, 7: 2360, 8: 29}
  pruned hist {6: 2302, 7: 2389}
  frontier written 8 pruned 7
  reasons []
[r3_2/ei8k64_reductio_f0.1_s0_ss0 r5] transfer (this round, pass@64) SOLVED 27/150 = 0.180 [0.127,0.249]
  len 7: 27/27 = 1.000 [0.875,1.000]
  len 8: 0/67 = 0.000 [0.000,0.054]
  len 9: 0/41 = 0.000 [0.000,0.086]
  len 10: 0/15 = 0.000 [0.000,0.204]
  written hist {7: 641}
  pruned hist {7: 641}
  frontier written 7 pruned 7
  reasons [('rule check failed: IMPE', 2591), ('rule check failed: ANDI', 986), ('rule check failed: NEGE', 744), ('rule check failed: IMPI', 619), ('bad line cite', 614), ('rule check failed: DN', 393)]
[r3_2/ei8k64_reductio_f0.1_s0_ss0 r5] transfer (cumulative 320 attempts) SOLVED 27/150 = 0.180 [0.127,0.249]
  len 7: 27/27 = 1.000 [0.875,1.000]
  len 8: 0/67 = 0.000 [0.000,0.054]
  len 9: 0/41 = 0.000 [0.000,0.086]
  len 10: 0/15 = 0.000 [0.000,0.204]
  written hist {7: 1169}
  pruned hist {7: 1169}
  frontier written 7 pruned 7
  reasons []
[r3_2/ei8k64_reductio_f0.1_s0_ss0 r5] transfer greedy SOLVED 23/150 = 0.153 [0.104,0.220]
  len 7: 23/27 = 0.852 [0.675,0.941]
  len 8: 0/67 = 0.000 [0.000,0.054]
  len 9: 0/41 = 0.000 [0.000,0.086]
  len 10: 0/15 = 0.000 [0.000,0.204]
  written hist {7: 23}
  pruned hist {7: 23}
  frontier written 7 pruned 7
  reasons [('rule check failed: IMPE', 40), ('rule check failed: ANDI', 16), ('rule check failed: NEGE', 11), ('rule check failed: IMPI', 9), ('bad line cite', 8), ('bad box cite', 7)]
[r3_2/ei8k64_reductio_f0.1_s0_ss0 r5] heldout greedy SOLVED 4853/5000 = 0.971 [0.966,0.975]
  len 2: 998/1000 = 0.998 [0.993,0.999]
  len 3: 990/1000 = 0.990 [0.982,0.995]
  len 4: 971/1000 = 0.971 [0.959,0.980]
  len 5: 946/1000 = 0.946 [0.930,0.958]
  len 6: 948/1000 = 0.948 [0.932,0.960]
  written hist {2: 1018, 3: 981, 4: 948, 5: 976, 6: 929, 7: 1}
  pruned hist {2: 1018, 3: 983, 4: 949, 5: 973, 6: 930}
  frontier written 6 pruned 6
  reasons [('rule check failed: ANDI', 33), ('rule check failed: NEGE', 17), ('rule check failed: IMPE', 17), ('rule check failed: ORI2', 16), ('final formula is not the conclusion', 10), ('rule check failed: ANDE1', 7)]
python3 train.py --data artifacts/r3_2/ei8k64_reductio_f0.1_s0_ss0/mix_5.jsonl --init ckpts/r3_2/ei8k64_reductio_f0.1_s0_ss0_r4.pt --steps 600 --lr 0.0003 --min_lr 2.9999999999999997e-05 --warmup 50 --cap 0 --out ckpts/r3_2/ei8k64_reductio_f0.1_s0_ss0_r5.pt --seed 5 --log_every 200
params 3210240 mode abs shift True
train records 21568 max len 597
step 200 loss 0.0533 lr 2.53e-04 27s
step 400 loss 0.0569 lr 1.09e-04 53s
step 600 loss 0.0530 lr 3.00e-05 74s
saved ckpts/r3_2/ei8k64_reductio_f0.1_s0_ss0_r5.pt
=== round 5 done in 164s; new proofs 285; cum targets solved 98
[r3_2/ei8k64_reductio_f0.1_s0_ss0 r6] targets (this round, pass@64) SOLVED 98/345 = 0.284 [0.239,0.334]
  len 6: 45/45 = 1.000 [0.921,1.000]
  len 7: 52/52 = 1.000 [0.931,1.000]
  len 8: 1/133 = 0.008 [0.001,0.041]
  len 9: 0/82 = 0.000 [0.000,0.045]
  len 10: 0/33 = 0.000 [0.000,0.104]
  written hist {6: 1199, 7: 1298, 8: 24}
  pruned hist {6: 1199, 7: 1322}
  frontier written 8 pruned 7
  reasons [('rule check failed: IMPE', 3895), ('rule check failed: ANDI', 1969), ('rule check failed: NEGE', 1518), ('final formula is not the conclusion', 1313), ('rule check failed: IMPI', 1039), ('bad line cite', 969)]
[r3_2/ei8k64_reductio_f0.1_s0_ss0 r6] targets (cumulative 384 attempts) SOLVED 98/345 = 0.284 [0.239,0.334]
  len 6: 45/45 = 1.000 [0.921,1.000]
  len 7: 52/52 = 1.000 [0.931,1.000]
  len 8: 1/133 = 0.008 [0.001,0.041]
  len 9: 0/82 = 0.000 [0.000,0.045]
  len 10: 0/33 = 0.000 [0.000,0.104]
  written hist {6: 2358, 7: 2446, 8: 34}
  pruned hist {6: 2358, 7: 2480}
  frontier written 8 pruned 7
  reasons []
[r3_2/ei8k64_reductio_f0.1_s0_ss0 r6] transfer (this round, pass@64) SOLVED 27/150 = 0.180 [0.127,0.249]
  len 7: 27/27 = 1.000 [0.875,1.000]
  len 8: 0/67 = 0.000 [0.000,0.054]
  len 9: 0/41 = 0.000 [0.000,0.086]
  len 10: 0/15 = 0.000 [0.000,0.204]
  written hist {7: 700}
  pruned hist {7: 700}
  frontier written 7 pruned 7
  reasons [('rule check failed: IMPE', 2326), ('rule check failed: ANDI', 876), ('rule check failed: IMPI', 669), ('final formula is not the conclusion', 641), ('rule check failed: NEGE', 505), ('rule check failed: ORI2', 458)]
[r3_2/ei8k64_reductio_f0.1_s0_ss0 r6] transfer (cumulative 384 attempts) SOLVED 27/150 = 0.180 [0.127,0.249]
  len 7: 27/27 = 1.000 [0.875,1.000]
  len 8: 0/67 = 0.000 [0.000,0.054]
  len 9: 0/41 = 0.000 [0.000,0.086]
  len 10: 0/15 = 0.000 [0.000,0.204]
  written hist {7: 1260}
  pruned hist {7: 1260}
  frontier written 7 pruned 7
  reasons []
[r3_2/ei8k64_reductio_f0.1_s0_ss0 r6] transfer greedy SOLVED 27/150 = 0.180 [0.127,0.249]
  len 7: 27/27 = 1.000 [0.875,1.000]
  len 8: 0/67 = 0.000 [0.000,0.054]
  len 9: 0/41 = 0.000 [0.000,0.086]
  len 10: 0/15 = 0.000 [0.000,0.204]
  written hist {7: 27}
  pruned hist {7: 27}
  frontier written 7 pruned 7
  reasons [('rule check failed: IMPE', 36), ('rule check failed: ANDI', 12), ('rule check failed: IMPI', 11), ('final formula is not the conclusion', 9), ('rule check failed: NEGE', 9), ('rule check failed: ORI2', 8)]
[r3_2/ei8k64_reductio_f0.1_s0_ss0 r6] heldout greedy SOLVED 4832/5000 = 0.966 [0.961,0.971]
  len 2: 999/1000 = 0.999 [0.994,1.000]
  len 3: 988/1000 = 0.988 [0.979,0.993]
  len 4: 969/1000 = 0.969 [0.956,0.978]
  len 5: 938/1000 = 0.938 [0.921,0.951]
  len 6: 938/1000 = 0.938 [0.921,0.951]
  written hist {2: 1022, 3: 984, 4: 941, 5: 961, 6: 924}
  pruned hist {2: 1022, 3: 984, 4: 942, 5: 961, 6: 923}
  frontier written 6 pruned 6
  reasons [('rule check failed: ANDI', 47), ('rule check failed: IMPE', 21), ('rule check failed: ORI1', 18), ('rule check failed: NEGE', 15), ('rule check failed: ORI2', 13), ('rule check failed: ANDE1', 12)]
python3 train.py --data artifacts/r3_2/ei8k64_reductio_f0.1_s0_ss0/mix_6.jsonl --init ckpts/r3_2/ei8k64_reductio_f0.1_s0_ss0_r5.pt --steps 600 --lr 0.0003 --min_lr 2.9999999999999997e-05 --warmup 50 --cap 0 --out ckpts/r3_2/ei8k64_reductio_f0.1_s0_ss0_r6.pt --seed 6 --log_every 200
params 3210240 mode abs shift True
train records 21568 max len 512
step 200 loss 0.0551 lr 2.53e-04 27s
step 400 loss 0.0551 lr 1.09e-04 44s
step 600 loss 0.0545 lr 3.00e-05 56s
saved ckpts/r3_2/ei8k64_reductio_f0.1_s0_ss0_r6.pt
=== round 6 done in 176s; new proofs 147; cum targets solved 98
[r3_2/ei8k64_reductio_f0.1_s0_ss0 r7] targets (this round, pass@64) SOLVED 98/345 = 0.284 [0.239,0.334]
  len 6: 45/45 = 1.000 [0.921,1.000]
  len 7: 52/52 = 1.000 [0.931,1.000]
  len 8: 1/133 = 0.008 [0.001,0.041]
  len 9: 0/82 = 0.000 [0.000,0.045]
  len 10: 0/33 = 0.000 [0.000,0.104]
  written hist {6: 1269, 7: 1261, 8: 21}
  pruned hist {6: 1269, 7: 1282}
  frontier written 8 pruned 7
  reasons [('rule check failed: IMPE', 4656), ('rule check failed: ANDI', 2040), ('rule check failed: NEGE', 1434), ('rule check failed: DN', 1250), ('bad line cite', 1064), ('rule check failed: IMPI', 1003)]
[r3_2/ei8k64_reductio_f0.1_s0_ss0 r7] targets (cumulative 448 attempts) SOLVED 98/345 = 0.284 [0.239,0.334]
  len 6: 45/45 = 1.000 [0.921,1.000]
  len 7: 52/52 = 1.000 [0.931,1.000]
  len 8: 1/133 = 0.008 [0.001,0.041]
  len 9: 0/82 = 0.000 [0.000,0.045]
  len 10: 0/33 = 0.000 [0.000,0.104]
  written hist {6: 2402, 7: 2511, 8: 36}
  pruned hist {6: 2402, 7: 2547}
  frontier written 8 pruned 7
  reasons []
[r3_2/ei8k64_reductio_f0.1_s0_ss0 r7] transfer (this round, pass@64) SOLVED 27/150 = 0.180 [0.127,0.249]
  len 7: 27/27 = 1.000 [0.875,1.000]
  len 8: 0/67 = 0.000 [0.000,0.054]
  len 9: 0/41 = 0.000 [0.000,0.086]
  len 10: 0/15 = 0.000 [0.000,0.204]
  written hist {7: 671}
  pruned hist {7: 671}
  frontier written 7 pruned 7
  reasons [('rule check failed: IMPE', 2643), ('rule check failed: ANDI', 901), ('rule check failed: NEGE', 706), ('rule check failed: IMPI', 579), ('rule check failed: ORI1', 444), ('rule check failed: DN', 420)]
[r3_2/ei8k64_reductio_f0.1_s0_ss0 r7] transfer (cumulative 448 attempts) SOLVED 27/150 = 0.180 [0.127,0.249]
  len 7: 27/27 = 1.000 [0.875,1.000]
  len 8: 0/67 = 0.000 [0.000,0.054]
  len 9: 0/41 = 0.000 [0.000,0.086]
  len 10: 0/15 = 0.000 [0.000,0.204]
  written hist {7: 1310}
  pruned hist {7: 1310}
  frontier written 7 pruned 7
  reasons []
[r3_2/ei8k64_reductio_f0.1_s0_ss0 r7] transfer greedy SOLVED 26/150 = 0.173 [0.121,0.242]
  len 7: 26/27 = 0.963 [0.817,0.993]
  len 8: 0/67 = 0.000 [0.000,0.054]
  len 9: 0/41 = 0.000 [0.000,0.086]
  len 10: 0/15 = 0.000 [0.000,0.204]
  written hist {7: 26}
  pruned hist {7: 26}
  frontier written 7 pruned 7
  reasons [('rule check failed: IMPE', 45), ('rule check failed: ANDI', 13), ('rule check failed: NEGE', 13), ('rule check failed: ORI1', 10), ('rule check failed: IMPI', 8), ('rule check failed: DN', 7)]
[r3_2/ei8k64_reductio_f0.1_s0_ss0 r7] heldout greedy SOLVED 4839/5000 = 0.968 [0.963,0.972]
  len 2: 999/1000 = 0.999 [0.994,1.000]
  len 3: 988/1000 = 0.988 [0.979,0.993]
  len 4: 971/1000 = 0.971 [0.959,0.980]
  len 5: 939/1000 = 0.939 [0.922,0.952]
  len 6: 942/1000 = 0.942 [0.926,0.955]
  written hist {2: 1020, 3: 979, 4: 962, 5: 963, 6: 915}
  pruned hist {2: 1020, 3: 979, 4: 965, 5: 960, 6: 915}
  frontier written 6 pruned 6
  reasons [('rule check failed: ANDI', 41), ('rule check failed: IMPE', 20), ('rule check failed: ORI1', 18), ('rule check failed: NEGE', 13), ('rule check failed: ORI2', 13), ('final formula is not the conclusion', 9)]
python3 train.py --data artifacts/r3_2/ei8k64_reductio_f0.1_s0_ss0/mix_7.jsonl --init ckpts/r3_2/ei8k64_reductio_f0.1_s0_ss0_r6.pt --steps 600 --lr 0.0003 --min_lr 2.9999999999999997e-05 --warmup 50 --cap 0 --out ckpts/r3_2/ei8k64_reductio_f0.1_s0_ss0_r7.pt --seed 7 --log_every 200
params 3210240 mode abs shift True
train records 21568 max len 481
step 200 loss 0.0573 lr 2.53e-04 28s
step 400 loss 0.0565 lr 1.09e-04 56s
step 600 loss 0.0489 lr 3.00e-05 74s
saved ckpts/r3_2/ei8k64_reductio_f0.1_s0_ss0_r7.pt
=== round 7 done in 159s; new proofs 111; cum targets solved 98
[r3_2/ei8k64_reductio_f0.1_s0_ss0 r8] targets (this round, pass@64) SOLVED 98/345 = 0.284 [0.239,0.334]
  len 6: 45/45 = 1.000 [0.921,1.000]
  len 7: 52/52 = 1.000 [0.931,1.000]
  len 8: 1/133 = 0.008 [0.001,0.041]
  len 9: 0/82 = 0.000 [0.000,0.045]
  len 10: 0/33 = 0.000 [0.000,0.104]
  written hist {6: 1273, 7: 1276, 8: 29}
  pruned hist {6: 1273, 7: 1305}
  frontier written 8 pruned 7
  reasons [('rule check failed: IMPE', 4779), ('rule check failed: ANDI', 2061), ('rule check failed: NEGE', 1569), ('rule check failed: DN', 1133), ('bad line cite', 983), ('rule check failed: IMPI', 953)]
[r3_2/ei8k64_reductio_f0.1_s0_ss0 r8] targets (cumulative 512 attempts) SOLVED 98/345 = 0.284 [0.239,0.334]
  len 6: 45/45 = 1.000 [0.921,1.000]
  len 7: 52/52 = 1.000 [0.931,1.000]
  len 8: 1/133 = 0.008 [0.001,0.041]
  len 9: 0/82 = 0.000 [0.000,0.045]
  len 10: 0/33 = 0.000 [0.000,0.104]
  written hist {6: 2442, 7: 2562, 8: 44}
  pruned hist {6: 2442, 7: 2606}
  frontier written 8 pruned 7
  reasons []
[r3_2/ei8k64_reductio_f0.1_s0_ss0 r8] transfer (this round, pass@64) SOLVED 27/150 = 0.180 [0.127,0.249]
  len 7: 27/27 = 1.000 [0.875,1.000]
  len 8: 0/67 = 0.000 [0.000,0.054]
  len 9: 0/41 = 0.000 [0.000,0.086]
  len 10: 0/15 = 0.000 [0.000,0.204]
  written hist {7: 659}
  pruned hist {7: 659}
  frontier written 7 pruned 7
  reasons [('rule check failed: IMPE', 2681), ('rule check failed: ANDI', 931), ('rule check failed: NEGE', 641), ('rule check failed: IMPI', 541), ('rule check failed: DN', 470), ('bad line cite', 467)]
[r3_2/ei8k64_reductio_f0.1_s0_ss0 r8] transfer (cumulative 512 attempts) SOLVED 27/150 = 0.180 [0.127,0.249]
  len 7: 27/27 = 1.000 [0.875,1.000]
  len 8: 0/67 = 0.000 [0.000,0.054]
  len 9: 0/41 = 0.000 [0.000,0.086]
  len 10: 0/15 = 0.000 [0.000,0.204]
  written hist {7: 1347}
  pruned hist {7: 1347}
  frontier written 7 pruned 7
  reasons []
[r3_2/ei8k64_reductio_f0.1_s0_ss0 r8] transfer greedy SOLVED 26/150 = 0.173 [0.121,0.242]
  len 7: 26/27 = 0.963 [0.817,0.993]
  len 8: 0/67 = 0.000 [0.000,0.054]
  len 9: 0/41 = 0.000 [0.000,0.086]
  len 10: 0/15 = 0.000 [0.000,0.204]
  written hist {7: 26}
  pruned hist {7: 26}
  frontier written 7 pruned 7
  reasons [('rule check failed: IMPE', 44), ('rule check failed: ANDI', 15), ('rule check failed: NEGE', 9), ('rule check failed: ORI1', 8), ('rule check failed: IMPI', 7), ('rule check failed: ANDE1', 6)]
[r3_2/ei8k64_reductio_f0.1_s0_ss0 r8] heldout greedy SOLVED 4846/5000 = 0.969 [0.964,0.974]
  len 2: 998/1000 = 0.998 [0.993,0.999]
  len 3: 997/1000 = 0.997 [0.991,0.999]
  len 4: 968/1000 = 0.968 [0.955,0.977]
  len 5: 945/1000 = 0.945 [0.929,0.958]
  len 6: 938/1000 = 0.938 [0.921,0.951]
  written hist {2: 1022, 3: 983, 4: 953, 5: 968, 6: 920}
  pruned hist {2: 1022, 3: 983, 4: 954, 5: 968, 6: 919}
  frontier written 6 pruned 6
  reasons [('rule check failed: ANDI', 35), ('rule check failed: ORI1', 22), ('rule check failed: IMPE', 19), ('rule check failed: ORI2', 13), ('rule check failed: NEGE', 11), ('rule check failed: DN', 10)]
python3 train.py --data artifacts/r3_2/ei8k64_reductio_f0.1_s0_ss0/mix_8.jsonl --init ckpts/r3_2/ei8k64_reductio_f0.1_s0_ss0_r7.pt --steps 600 --lr 0.0003 --min_lr 2.9999999999999997e-05 --warmup 50 --cap 0 --out ckpts/r3_2/ei8k64_reductio_f0.1_s0_ss0_r8.pt --seed 8 --log_every 200
params 3210240 mode abs shift True
train records 21568 max len 512
step 200 loss 0.0563 lr 2.53e-04 28s
step 400 loss 0.0563 lr 1.09e-04 56s
step 600 loss 0.0528 lr 3.00e-05 78s
saved ckpts/r3_2/ei8k64_reductio_f0.1_s0_ss0_r8.pt
=== round 8 done in 165s; new proofs 99; cum targets solved 98
