[r3_2/frozen_dore_f0_c8_s5 r1] targets (this round, pass@32) SOLVED 10/300 = 0.033 [0.018,0.060]
  len 9: 10/126 = 0.079 [0.044,0.140]
  len 10: 0/174 = 0.000 [0.000,0.022]
  written hist {9: 110}
  pruned hist {9: 110}
  frontier written 9 pruned 9
  reasons [('rule check failed: NEGE', 2238), ('rule check failed: ANDE2', 1882), ('rule check failed: IMPE', 1527), ('rule check failed: DN', 1049), ('rule check failed: ANDE1', 560), ('rule check failed: ORE', 394)]
[r3_2/frozen_dore_f0_c8_s5 r1] targets (cumulative 32 attempts) SOLVED 10/300 = 0.033 [0.018,0.060]
  len 9: 10/126 = 0.079 [0.044,0.140]
  len 10: 0/174 = 0.000 [0.000,0.022]
  written hist {9: 110}
  pruned hist {9: 110}
  frontier written 9 pruned 9
  reasons []
[r3_2/frozen_dore_f0_c8_s5 r1] transfer (this round, pass@32) SOLVED 5/65 = 0.077 [0.033,0.168]
  len 9: 5/28 = 0.179 [0.079,0.356]
  len 10: 0/37 = 0.000 [0.000,0.094]
  written hist {9: 54}
  pruned hist {9: 54}
  frontier written 9 pruned 9
  reasons [('rule check failed: NEGE', 415), ('rule check failed: IMPE', 413), ('rule check failed: ANDE2', 378), ('rule check failed: DN', 159), ('rule check failed: ORI2', 120), ('rule check failed: ORE', 104)]
[r3_2/frozen_dore_f0_c8_s5 r1] transfer (cumulative 32 attempts) SOLVED 5/65 = 0.077 [0.033,0.168]
  len 9: 5/28 = 0.179 [0.079,0.356]
  len 10: 0/37 = 0.000 [0.000,0.094]
  written hist {9: 54}
  pruned hist {9: 54}
  frontier written 9 pruned 9
  reasons []
[r3_2/frozen_dore_f0_c8_s5 r1] transfer greedy SOLVED 3/65 = 0.046 [0.016,0.127]
  len 9: 3/28 = 0.107 [0.037,0.272]
  len 10: 0/37 = 0.000 [0.000,0.094]
  written hist {9: 3}
  pruned hist {9: 3}
  frontier written 0 pruned 0
  reasons [('rule check failed: ANDE2', 15), ('rule check failed: IMPE', 15), ('rule check failed: NEGE', 11), ('rule check failed: DN', 5), ('rule check failed: ANDE1', 4), ('rule check failed: ORI2', 4)]
[r3_2/frozen_dore_f0_c8_s5 r1] heldout greedy SOLVED 4683/4998 = 0.937 [0.930,0.943]
  len 2: 713/714 = 0.999 [0.992,1.000]
  len 3: 709/714 = 0.993 [0.984,0.997]
  len 4: 701/714 = 0.982 [0.969,0.989]
  len 5: 683/714 = 0.957 [0.939,0.969]
  len 6: 665/714 = 0.931 [0.910,0.948]
  len 7: 615/714 = 0.861 [0.834,0.885]
  len 8: 597/714 = 0.836 [0.807,0.861]
  written hist {2: 771, 3: 739, 4: 739, 5: 708, 6: 698, 7: 535, 8: 486, 9: 4, 10: 3}
  pruned hist {2: 785, 3: 736, 4: 744, 5: 704, 6: 698, 7: 526, 8: 484, 9: 3, 10: 3}
  frontier written 8 pruned 8
  reasons [('rule check failed: ANDI', 72), ('rule check failed: IMPE', 55), ('rule check failed: ORI2', 33), ('rule check failed: NEGE', 27), ('rule check failed: DN', 23), ('bad line cite', 18)]
=== round 1 done in 29s; new proofs 110; cum targets solved 10
[r3_2/frozen_dore_f0_c8_s5 r2] targets (this round, pass@32) SOLVED 9/300 = 0.030 [0.016,0.056]
  len 9: 9/126 = 0.071 [0.038,0.130]
  len 10: 0/174 = 0.000 [0.000,0.022]
  written hist {9: 98}
  pruned hist {8: 1, 9: 97}
  frontier written 9 pruned 9
  reasons [('rule check failed: NEGE', 2264), ('rule check failed: ANDE2', 1836), ('rule check failed: IMPE', 1508), ('rule check failed: DN', 1040), ('rule check failed: ANDE1', 583), ('rule check failed: ORE', 410)]
[r3_2/frozen_dore_f0_c8_s5 r2] targets (cumulative 64 attempts) SOLVED 10/300 = 0.033 [0.018,0.060]
  len 9: 10/126 = 0.079 [0.044,0.140]
  len 10: 0/174 = 0.000 [0.000,0.022]
  written hist {9: 183}
  pruned hist {8: 1, 9: 182}
  frontier written 9 pruned 9
  reasons []
[r3_2/frozen_dore_f0_c8_s5 r2] transfer (this round, pass@32) SOLVED 4/65 = 0.062 [0.024,0.148]
  len 9: 4/28 = 0.143 [0.057,0.315]
  len 10: 0/37 = 0.000 [0.000,0.094]
  written hist {9: 49}
  pruned hist {8: 2, 9: 47}
  frontier written 9 pruned 9
  reasons [('rule check failed: IMPE', 407), ('rule check failed: ANDE2', 386), ('rule check failed: NEGE', 369), ('rule check failed: DN', 170), ('rule check failed: ORI2', 131), ('rule check failed: ANDE1', 104)]
[r3_2/frozen_dore_f0_c8_s5 r2] transfer (cumulative 64 attempts) SOLVED 5/65 = 0.077 [0.033,0.168]
  len 9: 5/28 = 0.179 [0.079,0.356]
  len 10: 0/37 = 0.000 [0.000,0.094]
  written hist {9: 89}
  pruned hist {8: 2, 9: 87}
  frontier written 9 pruned 9
  reasons []
[r3_2/frozen_dore_f0_c8_s5 r2] transfer greedy SOLVED 3/65 = 0.046 [0.016,0.127]
  len 9: 3/28 = 0.107 [0.037,0.272]
  len 10: 0/37 = 0.000 [0.000,0.094]
  written hist {9: 3}
  pruned hist {9: 3}
  frontier written 0 pruned 0
  reasons [('rule check failed: ANDE2', 15), ('rule check failed: IMPE', 15), ('rule check failed: NEGE', 11), ('rule check failed: DN', 5), ('rule check failed: ANDE1', 4), ('rule check failed: ORI2', 4)]
[r3_2/frozen_dore_f0_c8_s5 r2] heldout greedy SOLVED 4683/4998 = 0.937 [0.930,0.943]
  len 2: 713/714 = 0.999 [0.992,1.000]
  len 3: 709/714 = 0.993 [0.984,0.997]
  len 4: 701/714 = 0.982 [0.969,0.989]
  len 5: 683/714 = 0.957 [0.939,0.969]
  len 6: 665/714 = 0.931 [0.910,0.948]
  len 7: 615/714 = 0.861 [0.834,0.885]
  len 8: 597/714 = 0.836 [0.807,0.861]
  written hist {2: 771, 3: 739, 4: 739, 5: 708, 6: 698, 7: 535, 8: 486, 9: 4, 10: 3}
  pruned hist {2: 785, 3: 736, 4: 744, 5: 704, 6: 698, 7: 526, 8: 484, 9: 3, 10: 3}
  frontier written 8 pruned 8
  reasons [('rule check failed: ANDI', 72), ('rule check failed: IMPE', 55), ('rule check failed: ORI2', 33), ('rule check failed: NEGE', 27), ('rule check failed: DN', 23), ('bad line cite', 18)]
=== round 2 done in 54s; new proofs 73; cum targets solved 10
[r3_2/frozen_dore_f0_c8_s5 r3] targets (this round, pass@32) SOLVED 10/300 = 0.033 [0.018,0.060]
  len 9: 10/126 = 0.079 [0.044,0.140]
  len 10: 0/174 = 0.000 [0.000,0.022]
  written hist {9: 85}
  pruned hist {9: 85}
  frontier written 9 pruned 9
  reasons [('rule check failed: NEGE', 2264), ('rule check failed: ANDE2', 1899), ('rule check failed: IMPE', 1461), ('rule check failed: DN', 1029), ('rule check failed: ANDE1', 613), ('bad line cite', 382)]
[r3_2/frozen_dore_f0_c8_s5 r3] targets (cumulative 96 attempts) SOLVED 11/300 = 0.037 [0.021,0.064]
  len 9: 11/126 = 0.087 [0.049,0.150]
  len 10: 0/174 = 0.000 [0.000,0.022]
  written hist {9: 234}
  pruned hist {8: 1, 9: 233}
  frontier written 9 pruned 9
  reasons []
[r3_2/frozen_dore_f0_c8_s5 r3] transfer (this round, pass@32) SOLVED 5/65 = 0.077 [0.033,0.168]
  len 9: 5/28 = 0.179 [0.079,0.356]
  len 10: 0/37 = 0.000 [0.000,0.094]
  written hist {9: 57}
  pruned hist {9: 57}
  frontier written 9 pruned 9
  reasons [('rule check failed: IMPE', 426), ('rule check failed: NEGE', 397), ('rule check failed: ANDE2', 371), ('rule check failed: DN', 136), ('rule check failed: ORI2', 114), ('rule check failed: ANDE1', 102)]
[r3_2/frozen_dore_f0_c8_s5 r3] transfer (cumulative 96 attempts) SOLVED 5/65 = 0.077 [0.033,0.168]
  len 9: 5/28 = 0.179 [0.079,0.356]
  len 10: 0/37 = 0.000 [0.000,0.094]
  written hist {9: 125}
  pruned hist {8: 2, 9: 123}
  frontier written 9 pruned 9
  reasons []
[r3_2/frozen_dore_f0_c8_s5 r3] transfer greedy SOLVED 3/65 = 0.046 [0.016,0.127]
  len 9: 3/28 = 0.107 [0.037,0.272]
  len 10: 0/37 = 0.000 [0.000,0.094]
  written hist {9: 3}
  pruned hist {9: 3}
  frontier written 0 pruned 0
  reasons [('rule check failed: ANDE2', 15), ('rule check failed: IMPE', 15), ('rule check failed: NEGE', 11), ('rule check failed: DN', 5), ('rule check failed: ANDE1', 4), ('rule check failed: ORI2', 4)]
[r3_2/frozen_dore_f0_c8_s5 r3] heldout greedy SOLVED 4683/4998 = 0.937 [0.930,0.943]
  len 2: 713/714 = 0.999 [0.992,1.000]
  len 3: 709/714 = 0.993 [0.984,0.997]
  len 4: 701/714 = 0.982 [0.969,0.989]
  len 5: 683/714 = 0.957 [0.939,0.969]
  len 6: 665/714 = 0.931 [0.910,0.948]
  len 7: 615/714 = 0.861 [0.834,0.885]
  len 8: 597/714 = 0.836 [0.807,0.861]
  written hist {2: 771, 3: 739, 4: 739, 5: 708, 6: 698, 7: 535, 8: 486, 9: 4, 10: 3}
  pruned hist {2: 785, 3: 736, 4: 744, 5: 704, 6: 698, 7: 526, 8: 484, 9: 3, 10: 3}
  frontier written 8 pruned 8
  reasons [('rule check failed: ANDI', 72), ('rule check failed: IMPE', 55), ('rule check failed: ORI2', 33), ('rule check failed: NEGE', 27), ('rule check failed: DN', 23), ('bad line cite', 18)]
=== round 3 done in 48s; new proofs 51; cum targets solved 11
[r3_2/frozen_dore_f0_c8_s5 r4] targets (this round, pass@32) SOLVED 8/300 = 0.027 [0.014,0.052]
  len 9: 8/126 = 0.063 [0.033,0.120]
  len 10: 0/174 = 0.000 [0.000,0.022]
  written hist {9: 95}
  pruned hist {9: 95}
  frontier written 9 pruned 9
  reasons [('rule check failed: NEGE', 2281), ('rule check failed: ANDE2', 1864), ('rule check failed: IMPE', 1506), ('rule check failed: DN', 1011), ('rule check failed: ANDE1', 580), ('rule check failed: ORE', 412)]
[r3_2/frozen_dore_f0_c8_s5 r4] targets (cumulative 128 attempts) SOLVED 11/300 = 0.037 [0.021,0.064]
  len 9: 11/126 = 0.087 [0.049,0.150]
  len 10: 0/174 = 0.000 [0.000,0.022]
  written hist {9: 285}
  pruned hist {8: 1, 9: 284}
  frontier written 9 pruned 9
  reasons []
[r3_2/frozen_dore_f0_c8_s5 r4] transfer (this round, pass@32) SOLVED 5/65 = 0.077 [0.033,0.168]
  len 9: 5/28 = 0.179 [0.079,0.356]
  len 10: 0/37 = 0.000 [0.000,0.094]
  written hist {9: 59}
  pruned hist {8: 3, 9: 56}
  frontier written 9 pruned 9
  reasons [('rule check failed: IMPE', 432), ('rule check failed: ANDE2', 400), ('rule check failed: NEGE', 394), ('rule check failed: DN', 138), ('rule check failed: ORI2', 122), ('rule check failed: ANDE1', 113)]
[r3_2/frozen_dore_f0_c8_s5 r4] transfer (cumulative 128 attempts) SOLVED 5/65 = 0.077 [0.033,0.168]
  len 9: 5/28 = 0.179 [0.079,0.356]
  len 10: 0/37 = 0.000 [0.000,0.094]
  written hist {9: 158}
  pruned hist {8: 5, 9: 153}
  frontier written 9 pruned 9
  reasons []
[r3_2/frozen_dore_f0_c8_s5 r4] transfer greedy SOLVED 3/65 = 0.046 [0.016,0.127]
  len 9: 3/28 = 0.107 [0.037,0.272]
  len 10: 0/37 = 0.000 [0.000,0.094]
  written hist {9: 3}
  pruned hist {9: 3}
  frontier written 0 pruned 0
  reasons [('rule check failed: ANDE2', 15), ('rule check failed: IMPE', 15), ('rule check failed: NEGE', 11), ('rule check failed: DN', 5), ('rule check failed: ANDE1', 4), ('rule check failed: ORI2', 4)]
[r3_2/frozen_dore_f0_c8_s5 r4] heldout greedy SOLVED 4683/4998 = 0.937 [0.930,0.943]
  len 2: 713/714 = 0.999 [0.992,1.000]
  len 3: 709/714 = 0.993 [0.984,0.997]
  len 4: 701/714 = 0.982 [0.969,0.989]
  len 5: 683/714 = 0.957 [0.939,0.969]
  len 6: 665/714 = 0.931 [0.910,0.948]
  len 7: 615/714 = 0.861 [0.834,0.885]
  len 8: 597/714 = 0.836 [0.807,0.861]
  written hist {2: 771, 3: 739, 4: 739, 5: 708, 6: 698, 7: 535, 8: 486, 9: 4, 10: 3}
  pruned hist {2: 785, 3: 736, 4: 744, 5: 704, 6: 698, 7: 526, 8: 484, 9: 3, 10: 3}
  frontier written 8 pruned 8
  reasons [('rule check failed: ANDI', 72), ('rule check failed: IMPE', 55), ('rule check failed: ORI2', 33), ('rule check failed: NEGE', 27), ('rule check failed: DN', 23), ('bad line cite', 18)]
=== round 4 done in 39s; new proofs 51; cum targets solved 11
[r3_2/frozen_dore_f0_c8_s5 r5] targets (this round, pass@32) SOLVED 11/300 = 0.037 [0.021,0.064]
  len 9: 11/126 = 0.087 [0.049,0.150]
  len 10: 0/174 = 0.000 [0.000,0.022]
  written hist {9: 97}
  pruned hist {8: 1, 9: 96}
  frontier written 9 pruned 9
  reasons [('rule check failed: NEGE', 2300), ('rule check failed: ANDE2', 1800), ('rule check failed: IMPE', 1514), ('rule check failed: DN', 1027), ('rule check failed: ANDE1', 573), ('rule check failed: ORE', 411)]
[r3_2/frozen_dore_f0_c8_s5 r5] targets (cumulative 160 attempts) SOLVED 13/300 = 0.043 [0.025,0.073]
  len 9: 13/126 = 0.103 [0.061,0.169]
  len 10: 0/174 = 0.000 [0.000,0.022]
  written hist {9: 324}
  pruned hist {8: 2, 9: 322}
  frontier written 9 pruned 9
  reasons []
[r3_2/frozen_dore_f0_c8_s5 r5] transfer (this round, pass@32) SOLVED 5/65 = 0.077 [0.033,0.168]
  len 9: 5/28 = 0.179 [0.079,0.356]
  len 10: 0/37 = 0.000 [0.000,0.094]
  written hist {9: 55}
  pruned hist {8: 2, 9: 53}
  frontier written 9 pruned 9
  reasons [('rule check failed: IMPE', 444), ('rule check failed: ANDE2', 393), ('rule check failed: NEGE', 384), ('rule check failed: DN', 150), ('rule check failed: ANDE1', 122), ('rule check failed: ORI2', 113)]
[r3_2/frozen_dore_f0_c8_s5 r5] transfer (cumulative 160 attempts) SOLVED 5/65 = 0.077 [0.033,0.168]
  len 9: 5/28 = 0.179 [0.079,0.356]
  len 10: 0/37 = 0.000 [0.000,0.094]
  written hist {9: 180}
  pruned hist {8: 7, 9: 173}
  frontier written 9 pruned 9
  reasons []
[r3_2/frozen_dore_f0_c8_s5 r5] transfer greedy SOLVED 3/65 = 0.046 [0.016,0.127]
  len 9: 3/28 = 0.107 [0.037,0.272]
  len 10: 0/37 = 0.000 [0.000,0.094]
  written hist {9: 3}
  pruned hist {9: 3}
  frontier written 0 pruned 0
  reasons [('rule check failed: ANDE2', 15), ('rule check failed: IMPE', 15), ('rule check failed: NEGE', 11), ('rule check failed: DN', 5), ('rule check failed: ANDE1', 4), ('rule check failed: ORI2', 4)]
[r3_2/frozen_dore_f0_c8_s5 r5] heldout greedy SOLVED 4683/4998 = 0.937 [0.930,0.943]
  len 2: 713/714 = 0.999 [0.992,1.000]
  len 3: 709/714 = 0.993 [0.984,0.997]
  len 4: 701/714 = 0.982 [0.969,0.989]
  len 5: 683/714 = 0.957 [0.939,0.969]
  len 6: 665/714 = 0.931 [0.910,0.948]
  len 7: 615/714 = 0.861 [0.834,0.885]
  len 8: 597/714 = 0.836 [0.807,0.861]
  written hist {2: 771, 3: 739, 4: 739, 5: 708, 6: 698, 7: 535, 8: 486, 9: 4, 10: 3}
  pruned hist {2: 785, 3: 736, 4: 744, 5: 704, 6: 698, 7: 526, 8: 484, 9: 3, 10: 3}
  frontier written 8 pruned 8
  reasons [('rule check failed: ANDI', 72), ('rule check failed: IMPE', 55), ('rule check failed: ORI2', 33), ('rule check failed: NEGE', 27), ('rule check failed: DN', 23), ('bad line cite', 18)]
=== round 5 done in 48s; new proofs 39; cum targets solved 13
[r3_2/frozen_dore_f0_c8_s5 r6] targets (this round, pass@32) SOLVED 9/300 = 0.030 [0.016,0.056]
  len 9: 9/126 = 0.071 [0.038,0.130]
  len 10: 0/174 = 0.000 [0.000,0.022]
  written hist {9: 90}
  pruned hist {9: 90}
  frontier written 9 pruned 9
  reasons [('rule check failed: NEGE', 2359), ('rule check failed: ANDE2', 1834), ('rule check failed: IMPE', 1468), ('rule check failed: DN', 1002), ('rule check failed: ANDE1', 573), ('rule check failed: ORE', 428)]
[r3_2/frozen_dore_f0_c8_s5 r6] targets (cumulative 192 attempts) SOLVED 13/300 = 0.043 [0.025,0.073]
  len 9: 13/126 = 0.103 [0.061,0.169]
  len 10: 0/174 = 0.000 [0.000,0.022]
  written hist {9: 351}
  pruned hist {8: 2, 9: 349}
  frontier written 9 pruned 9
  reasons []
[r3_2/frozen_dore_f0_c8_s5 r6] transfer (this round, pass@32) SOLVED 5/65 = 0.077 [0.033,0.168]
  len 9: 5/28 = 0.179 [0.079,0.356]
  len 10: 0/37 = 0.000 [0.000,0.094]
  written hist {9: 58}
  pruned hist {8: 1, 9: 57}
  frontier written 9 pruned 9
  reasons [('rule check failed: IMPE', 412), ('rule check failed: ANDE2', 395), ('rule check failed: NEGE', 393), ('rule check failed: DN', 157), ('rule check failed: ORI2', 119), ('rule check failed: ANDE1', 113)]
[r3_2/frozen_dore_f0_c8_s5 r6] transfer (cumulative 192 attempts) SOLVED 5/65 = 0.077 [0.033,0.168]
  len 9: 5/28 = 0.179 [0.079,0.356]
  len 10: 0/37 = 0.000 [0.000,0.094]
  written hist {9: 198}
  pruned hist {8: 8, 9: 190}
  frontier written 9 pruned 9
  reasons []
[r3_2/frozen_dore_f0_c8_s5 r6] transfer greedy SOLVED 3/65 = 0.046 [0.016,0.127]
  len 9: 3/28 = 0.107 [0.037,0.272]
  len 10: 0/37 = 0.000 [0.000,0.094]
  written hist {9: 3}
  pruned hist {9: 3}
  frontier written 0 pruned 0
  reasons [('rule check failed: ANDE2', 15), ('rule check failed: IMPE', 15), ('rule check failed: NEGE', 11), ('rule check failed: DN', 5), ('rule check failed: ANDE1', 4), ('rule check failed: ORI2', 4)]
[r3_2/frozen_dore_f0_c8_s5 r6] heldout greedy SOLVED 4683/4998 = 0.937 [0.930,0.943]
  len 2: 713/714 = 0.999 [0.992,1.000]
  len 3: 709/714 = 0.993 [0.984,0.997]
  len 4: 701/714 = 0.982 [0.969,0.989]
  len 5: 683/714 = 0.957 [0.939,0.969]
  len 6: 665/714 = 0.931 [0.910,0.948]
  len 7: 615/714 = 0.861 [0.834,0.885]
  len 8: 597/714 = 0.836 [0.807,0.861]
  written hist {2: 771, 3: 739, 4: 739, 5: 708, 6: 698, 7: 535, 8: 486, 9: 4, 10: 3}
  pruned hist {2: 785, 3: 736, 4: 744, 5: 704, 6: 698, 7: 526, 8: 484, 9: 3, 10: 3}
  frontier written 8 pruned 8
  reasons [('rule check failed: ANDI', 72), ('rule check failed: IMPE', 55), ('rule check failed: ORI2', 33), ('rule check failed: NEGE', 27), ('rule check failed: DN', 23), ('bad line cite', 18)]
=== round 6 done in 27s; new proofs 27; cum targets solved 13
[r3_2/frozen_dore_f0_c8_s5 r7] targets (this round, pass@32) SOLVED 9/300 = 0.030 [0.016,0.056]
  len 9: 9/126 = 0.071 [0.038,0.130]
  len 10: 0/174 = 0.000 [0.000,0.022]
  written hist {9: 101}
  pruned hist {8: 1, 9: 100}
  frontier written 9 pruned 9
  reasons [('rule check failed: NEGE', 2238), ('rule check failed: ANDE2', 1917), ('rule check failed: IMPE', 1510), ('rule check failed: DN', 1023), ('rule check failed: ANDE1', 563), ('rule check failed: ORE', 398)]
[r3_2/frozen_dore_f0_c8_s5 r7] targets (cumulative 224 attempts) SOLVED 13/300 = 0.043 [0.025,0.073]
  len 9: 13/126 = 0.103 [0.061,0.169]
  len 10: 0/174 = 0.000 [0.000,0.022]
  written hist {9: 383}
  pruned hist {8: 3, 9: 380}
  frontier written 9 pruned 9
  reasons []
[r3_2/frozen_dore_f0_c8_s5 r7] transfer (this round, pass@32) SOLVED 6/65 = 0.092 [0.043,0.187]
  len 9: 5/28 = 0.179 [0.079,0.356]
  len 10: 1/37 = 0.027 [0.005,0.138]
  written hist {9: 50, 10: 1}
  pruned hist {9: 50, 10: 1}
  frontier written 9 pruned 9
  reasons [('rule check failed: IMPE', 419), ('rule check failed: NEGE', 405), ('rule check failed: ANDE2', 358), ('rule check failed: DN', 153), ('rule check failed: ORI2', 126), ('rule check failed: ANDE1', 114)]
[r3_2/frozen_dore_f0_c8_s5 r7] transfer (cumulative 224 attempts) SOLVED 6/65 = 0.092 [0.043,0.187]
  len 9: 5/28 = 0.179 [0.079,0.356]
  len 10: 1/37 = 0.027 [0.005,0.138]
  written hist {9: 211, 10: 1}
  pruned hist {8: 8, 9: 203, 10: 1}
  frontier written 9 pruned 9
  reasons []
[r3_2/frozen_dore_f0_c8_s5 r7] transfer greedy SOLVED 3/65 = 0.046 [0.016,0.127]
  len 9: 3/28 = 0.107 [0.037,0.272]
  len 10: 0/37 = 0.000 [0.000,0.094]
  written hist {9: 3}
  pruned hist {9: 3}
  frontier written 0 pruned 0
  reasons [('rule check failed: ANDE2', 15), ('rule check failed: IMPE', 15), ('rule check failed: NEGE', 11), ('rule check failed: DN', 5), ('rule check failed: ANDE1', 4), ('rule check failed: ORI2', 4)]
[r3_2/frozen_dore_f0_c8_s5 r7] heldout greedy SOLVED 4683/4998 = 0.937 [0.930,0.943]
  len 2: 713/714 = 0.999 [0.992,1.000]
  len 3: 709/714 = 0.993 [0.984,0.997]
  len 4: 701/714 = 0.982 [0.969,0.989]
  len 5: 683/714 = 0.957 [0.939,0.969]
  len 6: 665/714 = 0.931 [0.910,0.948]
  len 7: 615/714 = 0.861 [0.834,0.885]
  len 8: 597/714 = 0.836 [0.807,0.861]
  written hist {2: 771, 3: 739, 4: 739, 5: 708, 6: 698, 7: 535, 8: 486, 9: 4, 10: 3}
  pruned hist {2: 785, 3: 736, 4: 744, 5: 704, 6: 698, 7: 526, 8: 484, 9: 3, 10: 3}
  frontier written 8 pruned 8
  reasons [('rule check failed: ANDI', 72), ('rule check failed: IMPE', 55), ('rule check failed: ORI2', 33), ('rule check failed: NEGE', 27), ('rule check failed: DN', 23), ('bad line cite', 18)]
=== round 7 done in 53s; new proofs 32; cum targets solved 13
[r3_2/frozen_dore_f0_c8_s5 r8] targets (this round, pass@32) SOLVED 9/300 = 0.030 [0.016,0.056]
  len 9: 9/126 = 0.071 [0.038,0.130]
  len 10: 0/174 = 0.000 [0.000,0.022]
  written hist {9: 108}
  pruned hist {8: 1, 9: 107}
  frontier written 9 pruned 9
  reasons [('rule check failed: NEGE', 2325), ('rule check failed: ANDE2', 1835), ('rule check failed: IMPE', 1477), ('rule check failed: DN', 1043), ('rule check failed: ANDE1', 567), ('rule check failed: ORE', 406)]
[r3_2/frozen_dore_f0_c8_s5 r8] targets (cumulative 256 attempts) SOLVED 13/300 = 0.043 [0.025,0.073]
  len 9: 13/126 = 0.103 [0.061,0.169]
  len 10: 0/174 = 0.000 [0.000,0.022]
  written hist {9: 412}
  pruned hist {8: 4, 9: 408}
  frontier written 9 pruned 9
  reasons []
[r3_2/frozen_dore_f0_c8_s5 r8] transfer (this round, pass@32) SOLVED 6/65 = 0.092 [0.043,0.187]
  len 9: 5/28 = 0.179 [0.079,0.356]
  len 10: 1/37 = 0.027 [0.005,0.138]
  written hist {9: 59, 10: 1}
  pruned hist {9: 59, 10: 1}
  frontier written 9 pruned 9
  reasons [('rule check failed: IMPE', 425), ('rule check failed: NEGE', 394), ('rule check failed: ANDE2', 377), ('rule check failed: DN', 166), ('rule check failed: ANDE1', 127), ('rule check failed: ORI2', 119)]
[r3_2/frozen_dore_f0_c8_s5 r8] transfer (cumulative 256 attempts) SOLVED 6/65 = 0.092 [0.043,0.187]
  len 9: 5/28 = 0.179 [0.079,0.356]
  len 10: 1/37 = 0.027 [0.005,0.138]
  written hist {9: 226, 10: 2}
  pruned hist {8: 8, 9: 218, 10: 2}
  frontier written 9 pruned 9
  reasons []
[r3_2/frozen_dore_f0_c8_s5 r8] transfer greedy SOLVED 3/65 = 0.046 [0.016,0.127]
  len 9: 3/28 = 0.107 [0.037,0.272]
  len 10: 0/37 = 0.000 [0.000,0.094]
  written hist {9: 3}
  pruned hist {9: 3}
  frontier written 0 pruned 0
  reasons [('rule check failed: ANDE2', 15), ('rule check failed: IMPE', 15), ('rule check failed: NEGE', 11), ('rule check failed: DN', 5), ('rule check failed: ANDE1', 4), ('rule check failed: ORI2', 4)]
[r3_2/frozen_dore_f0_c8_s5 r8] heldout greedy SOLVED 4683/4998 = 0.937 [0.930,0.943]
  len 2: 713/714 = 0.999 [0.992,1.000]
  len 3: 709/714 = 0.993 [0.984,0.997]
  len 4: 701/714 = 0.982 [0.969,0.989]
  len 5: 683/714 = 0.957 [0.939,0.969]
  len 6: 665/714 = 0.931 [0.910,0.948]
  len 7: 615/714 = 0.861 [0.834,0.885]
  len 8: 597/714 = 0.836 [0.807,0.861]
  written hist {2: 771, 3: 739, 4: 739, 5: 708, 6: 698, 7: 535, 8: 486, 9: 4, 10: 3}
  pruned hist {2: 785, 3: 736, 4: 744, 5: 704, 6: 698, 7: 526, 8: 484, 9: 3, 10: 3}
  frontier written 8 pruned 8
  reasons [('rule check failed: ANDI', 72), ('rule check failed: IMPE', 55), ('rule check failed: ORI2', 33), ('rule check failed: NEGE', 27), ('rule check failed: DN', 23), ('bad line cite', 18)]
=== round 8 done in 30s; new proofs 29; cum targets solved 13
