[r3_2/frozen16_reductio_f0_s1_ss1 r1] targets (this round, pass@32) SOLVED 0/345 = 0.000 [0.000,0.011]
  len 6: 0/45 = 0.000 [0.000,0.079]
  len 7: 0/52 = 0.000 [0.000,0.069]
  len 8: 0/133 = 0.000 [0.000,0.028]
  len 9: 0/82 = 0.000 [0.000,0.045]
  len 10: 0/33 = 0.000 [0.000,0.104]
  written hist {}
  pruned hist {}
  frontier written 0 pruned 0
  reasons [('rule check failed: IMPE', 3831), ('rule check failed: ANDI', 1876), ('rule check failed: IMPI', 1305), ('bad line cite', 938), ('rule check failed: ORI2', 673), ('rule check failed: NEGE', 521)]
[r3_2/frozen16_reductio_f0_s1_ss1 r1] targets (cumulative 32 attempts) SOLVED 0/345 = 0.000 [0.000,0.011]
  len 6: 0/45 = 0.000 [0.000,0.079]
  len 7: 0/52 = 0.000 [0.000,0.069]
  len 8: 0/133 = 0.000 [0.000,0.028]
  len 9: 0/82 = 0.000 [0.000,0.045]
  len 10: 0/33 = 0.000 [0.000,0.104]
  written hist {}
  pruned hist {}
  frontier written 0 pruned 0
  reasons []
[r3_2/frozen16_reductio_f0_s1_ss1 r1] transfer (this round, pass@32) SOLVED 0/150 = 0.000 [0.000,0.025]
  len 7: 0/27 = 0.000 [0.000,0.125]
  len 8: 0/67 = 0.000 [0.000,0.054]
  len 9: 0/41 = 0.000 [0.000,0.086]
  len 10: 0/15 = 0.000 [0.000,0.204]
  written hist {}
  pruned hist {}
  frontier written 0 pruned 0
  reasons [('rule check failed: IMPE', 1860), ('rule check failed: ANDI', 850), ('rule check failed: IMPI', 687), ('rule check failed: ORI2', 310), ('bad line cite', 291), ('rule check failed: DN', 154)]
[r3_2/frozen16_reductio_f0_s1_ss1 r1] transfer (cumulative 32 attempts) SOLVED 0/150 = 0.000 [0.000,0.025]
  len 7: 0/27 = 0.000 [0.000,0.125]
  len 8: 0/67 = 0.000 [0.000,0.054]
  len 9: 0/41 = 0.000 [0.000,0.086]
  len 10: 0/15 = 0.000 [0.000,0.204]
  written hist {}
  pruned hist {}
  frontier written 0 pruned 0
  reasons []
[r3_2/frozen16_reductio_f0_s1_ss1 r1] transfer greedy SOLVED 0/150 = 0.000 [0.000,0.025]
  len 7: 0/27 = 0.000 [0.000,0.125]
  len 8: 0/67 = 0.000 [0.000,0.054]
  len 9: 0/41 = 0.000 [0.000,0.086]
  len 10: 0/15 = 0.000 [0.000,0.204]
  written hist {}
  pruned hist {}
  frontier written 0 pruned 0
  reasons [('rule check failed: IMPE', 56), ('rule check failed: ANDI', 30), ('rule check failed: IMPI', 23), ('bad line cite', 10), ('rule check failed: ORI2', 10), ('rule check failed: DN', 6)]
[r3_2/frozen16_reductio_f0_s1_ss1 r1] heldout greedy SOLVED 4353/5000 = 0.871 [0.861,0.880]
  len 2: 997/1000 = 0.997 [0.991,0.999]
  len 3: 991/1000 = 0.991 [0.983,0.995]
  len 4: 970/1000 = 0.970 [0.957,0.979]
  len 5: 506/1000 = 0.506 [0.475,0.537]
  len 6: 889/1000 = 0.889 [0.868,0.907]
  written hist {2: 1028, 3: 987, 4: 1034, 5: 573, 6: 731}
  pruned hist {2: 1028, 3: 987, 4: 1040, 5: 567, 6: 731}
  frontier written 6 pruned 6
  reasons [('rule check failed: ANDI', 161), ('rule check failed: IMPE', 98), ('rule check failed: IMPI', 63), ('rule check failed: ORI2', 54), ('rule check failed: NEGE', 53), ('bad line cite', 45)]
=== round 1 done in 76s; new proofs 0; cum targets solved 0
[r3_2/frozen16_reductio_f0_s1_ss1 r2] targets (this round, pass@32) SOLVED 0/345 = 0.000 [0.000,0.011]
  len 6: 0/45 = 0.000 [0.000,0.079]
  len 7: 0/52 = 0.000 [0.000,0.069]
  len 8: 0/133 = 0.000 [0.000,0.028]
  len 9: 0/82 = 0.000 [0.000,0.045]
  len 10: 0/33 = 0.000 [0.000,0.104]
  written hist {}
  pruned hist {}
  frontier written 0 pruned 0
  reasons [('rule check failed: IMPE', 3861), ('rule check failed: ANDI', 1873), ('rule check failed: IMPI', 1318), ('bad line cite', 955), ('rule check failed: ORI2', 691), ('rule check failed: NEGE', 497)]
[r3_2/frozen16_reductio_f0_s1_ss1 r2] targets (cumulative 64 attempts) SOLVED 0/345 = 0.000 [0.000,0.011]
  len 6: 0/45 = 0.000 [0.000,0.079]
  len 7: 0/52 = 0.000 [0.000,0.069]
  len 8: 0/133 = 0.000 [0.000,0.028]
  len 9: 0/82 = 0.000 [0.000,0.045]
  len 10: 0/33 = 0.000 [0.000,0.104]
  written hist {}
  pruned hist {}
  frontier written 0 pruned 0
  reasons []
[r3_2/frozen16_reductio_f0_s1_ss1 r2] transfer (this round, pass@32) SOLVED 0/150 = 0.000 [0.000,0.025]
  len 7: 0/27 = 0.000 [0.000,0.125]
  len 8: 0/67 = 0.000 [0.000,0.054]
  len 9: 0/41 = 0.000 [0.000,0.086]
  len 10: 0/15 = 0.000 [0.000,0.204]
  written hist {}
  pruned hist {}
  frontier written 0 pruned 0
  reasons [('rule check failed: IMPE', 1843), ('rule check failed: ANDI', 877), ('rule check failed: IMPI', 729), ('rule check failed: ORI2', 291), ('bad line cite', 280), ('rule check failed: DN', 139)]
[r3_2/frozen16_reductio_f0_s1_ss1 r2] transfer (cumulative 64 attempts) SOLVED 0/150 = 0.000 [0.000,0.025]
  len 7: 0/27 = 0.000 [0.000,0.125]
  len 8: 0/67 = 0.000 [0.000,0.054]
  len 9: 0/41 = 0.000 [0.000,0.086]
  len 10: 0/15 = 0.000 [0.000,0.204]
  written hist {}
  pruned hist {}
  frontier written 0 pruned 0
  reasons []
[r3_2/frozen16_reductio_f0_s1_ss1 r2] transfer greedy SOLVED 0/150 = 0.000 [0.000,0.025]
  len 7: 0/27 = 0.000 [0.000,0.125]
  len 8: 0/67 = 0.000 [0.000,0.054]
  len 9: 0/41 = 0.000 [0.000,0.086]
  len 10: 0/15 = 0.000 [0.000,0.204]
  written hist {}
  pruned hist {}
  frontier written 0 pruned 0
  reasons [('rule check failed: IMPE', 56), ('rule check failed: ANDI', 30), ('rule check failed: IMPI', 23), ('bad line cite', 10), ('rule check failed: ORI2', 10), ('rule check failed: DN', 6)]
[r3_2/frozen16_reductio_f0_s1_ss1 r2] heldout greedy SOLVED 4353/5000 = 0.871 [0.861,0.880]
  len 2: 997/1000 = 0.997 [0.991,0.999]
  len 3: 991/1000 = 0.991 [0.983,0.995]
  len 4: 970/1000 = 0.970 [0.957,0.979]
  len 5: 506/1000 = 0.506 [0.475,0.537]
  len 6: 889/1000 = 0.889 [0.868,0.907]
  written hist {2: 1028, 3: 987, 4: 1034, 5: 573, 6: 731}
  pruned hist {2: 1028, 3: 987, 4: 1040, 5: 567, 6: 731}
  frontier written 6 pruned 6
  reasons [('rule check failed: ANDI', 161), ('rule check failed: IMPE', 98), ('rule check failed: IMPI', 63), ('rule check failed: ORI2', 54), ('rule check failed: NEGE', 53), ('bad line cite', 45)]
=== round 2 done in 105s; new proofs 0; cum targets solved 0
[r3_2/frozen16_reductio_f0_s1_ss1 r3] targets (this round, pass@32) SOLVED 0/345 = 0.000 [0.000,0.011]
  len 6: 0/45 = 0.000 [0.000,0.079]
  len 7: 0/52 = 0.000 [0.000,0.069]
  len 8: 0/133 = 0.000 [0.000,0.028]
  len 9: 0/82 = 0.000 [0.000,0.045]
  len 10: 0/33 = 0.000 [0.000,0.104]
  written hist {}
  pruned hist {}
  frontier written 0 pruned 0
  reasons [('rule check failed: IMPE', 3897), ('rule check failed: ANDI', 1809), ('rule check failed: IMPI', 1286), ('bad line cite', 892), ('rule check failed: ORI2', 686), ('rule check failed: NEGE', 544)]
[r3_2/frozen16_reductio_f0_s1_ss1 r3] targets (cumulative 96 attempts) SOLVED 0/345 = 0.000 [0.000,0.011]
  len 6: 0/45 = 0.000 [0.000,0.079]
  len 7: 0/52 = 0.000 [0.000,0.069]
  len 8: 0/133 = 0.000 [0.000,0.028]
  len 9: 0/82 = 0.000 [0.000,0.045]
  len 10: 0/33 = 0.000 [0.000,0.104]
  written hist {}
  pruned hist {}
  frontier written 0 pruned 0
  reasons []
[r3_2/frozen16_reductio_f0_s1_ss1 r3] transfer (this round, pass@32) SOLVED 0/150 = 0.000 [0.000,0.025]
  len 7: 0/27 = 0.000 [0.000,0.125]
  len 8: 0/67 = 0.000 [0.000,0.054]
  len 9: 0/41 = 0.000 [0.000,0.086]
  len 10: 0/15 = 0.000 [0.000,0.204]
  written hist {}
  pruned hist {}
  frontier written 0 pruned 0
  reasons [('rule check failed: IMPE', 1857), ('rule check failed: ANDI', 850), ('rule check failed: IMPI', 694), ('bad line cite', 322), ('rule check failed: ORI2', 291), ('rule check failed: DN', 150)]
[r3_2/frozen16_reductio_f0_s1_ss1 r3] transfer (cumulative 96 attempts) SOLVED 0/150 = 0.000 [0.000,0.025]
  len 7: 0/27 = 0.000 [0.000,0.125]
  len 8: 0/67 = 0.000 [0.000,0.054]
  len 9: 0/41 = 0.000 [0.000,0.086]
  len 10: 0/15 = 0.000 [0.000,0.204]
  written hist {}
  pruned hist {}
  frontier written 0 pruned 0
  reasons []
[r3_2/frozen16_reductio_f0_s1_ss1 r3] transfer greedy SOLVED 0/150 = 0.000 [0.000,0.025]
  len 7: 0/27 = 0.000 [0.000,0.125]
  len 8: 0/67 = 0.000 [0.000,0.054]
  len 9: 0/41 = 0.000 [0.000,0.086]
  len 10: 0/15 = 0.000 [0.000,0.204]
  written hist {}
  pruned hist {}
  frontier written 0 pruned 0
  reasons [('rule check failed: IMPE', 56), ('rule check failed: ANDI', 30), ('rule check failed: IMPI', 23), ('bad line cite', 10), ('rule check failed: ORI2', 10), ('rule check failed: DN', 6)]
[r3_2/frozen16_reductio_f0_s1_ss1 r3] heldout greedy SOLVED 4353/5000 = 0.871 [0.861,0.880]
  len 2: 997/1000 = 0.997 [0.991,0.999]
  len 3: 991/1000 = 0.991 [0.983,0.995]
  len 4: 970/1000 = 0.970 [0.957,0.979]
  len 5: 506/1000 = 0.506 [0.475,0.537]
  len 6: 889/1000 = 0.889 [0.868,0.907]
  written hist {2: 1028, 3: 987, 4: 1034, 5: 573, 6: 731}
  pruned hist {2: 1028, 3: 987, 4: 1040, 5: 567, 6: 731}
  frontier written 6 pruned 6
  reasons [('rule check failed: ANDI', 161), ('rule check failed: IMPE', 98), ('rule check failed: IMPI', 63), ('rule check failed: ORI2', 54), ('rule check failed: NEGE', 53), ('bad line cite', 45)]
=== round 3 done in 103s; new proofs 0; cum targets solved 0
[r3_2/frozen16_reductio_f0_s1_ss1 r4] targets (this round, pass@32) SOLVED 0/345 = 0.000 [0.000,0.011]
  len 6: 0/45 = 0.000 [0.000,0.079]
  len 7: 0/52 = 0.000 [0.000,0.069]
  len 8: 0/133 = 0.000 [0.000,0.028]
  len 9: 0/82 = 0.000 [0.000,0.045]
  len 10: 0/33 = 0.000 [0.000,0.104]
  written hist {}
  pruned hist {}
  frontier written 0 pruned 0
  reasons [('rule check failed: IMPE', 3860), ('rule check failed: ANDI', 1893), ('rule check failed: IMPI', 1283), ('bad line cite', 887), ('rule check failed: ORI2', 702), ('rule check failed: NEGE', 519)]
[r3_2/frozen16_reductio_f0_s1_ss1 r4] targets (cumulative 128 attempts) SOLVED 0/345 = 0.000 [0.000,0.011]
  len 6: 0/45 = 0.000 [0.000,0.079]
  len 7: 0/52 = 0.000 [0.000,0.069]
  len 8: 0/133 = 0.000 [0.000,0.028]
  len 9: 0/82 = 0.000 [0.000,0.045]
  len 10: 0/33 = 0.000 [0.000,0.104]
  written hist {}
  pruned hist {}
  frontier written 0 pruned 0
  reasons []
[r3_2/frozen16_reductio_f0_s1_ss1 r4] transfer (this round, pass@32) SOLVED 0/150 = 0.000 [0.000,0.025]
  len 7: 0/27 = 0.000 [0.000,0.125]
  len 8: 0/67 = 0.000 [0.000,0.054]
  len 9: 0/41 = 0.000 [0.000,0.086]
  len 10: 0/15 = 0.000 [0.000,0.204]
  written hist {}
  pruned hist {}
  frontier written 0 pruned 0
  reasons [('rule check failed: IMPE', 1832), ('rule check failed: ANDI', 868), ('rule check failed: IMPI', 744), ('rule check failed: ORI2', 315), ('bad line cite', 266), ('rule check failed: DN', 176)]
[r3_2/frozen16_reductio_f0_s1_ss1 r4] transfer (cumulative 128 attempts) SOLVED 0/150 = 0.000 [0.000,0.025]
  len 7: 0/27 = 0.000 [0.000,0.125]
  len 8: 0/67 = 0.000 [0.000,0.054]
  len 9: 0/41 = 0.000 [0.000,0.086]
  len 10: 0/15 = 0.000 [0.000,0.204]
  written hist {}
  pruned hist {}
  frontier written 0 pruned 0
  reasons []
[r3_2/frozen16_reductio_f0_s1_ss1 r4] transfer greedy SOLVED 0/150 = 0.000 [0.000,0.025]
  len 7: 0/27 = 0.000 [0.000,0.125]
  len 8: 0/67 = 0.000 [0.000,0.054]
  len 9: 0/41 = 0.000 [0.000,0.086]
  len 10: 0/15 = 0.000 [0.000,0.204]
  written hist {}
  pruned hist {}
  frontier written 0 pruned 0
  reasons [('rule check failed: IMPE', 56), ('rule check failed: ANDI', 30), ('rule check failed: IMPI', 23), ('bad line cite', 10), ('rule check failed: ORI2', 10), ('rule check failed: DN', 6)]
[r3_2/frozen16_reductio_f0_s1_ss1 r4] heldout greedy SOLVED 4353/5000 = 0.871 [0.861,0.880]
  len 2: 997/1000 = 0.997 [0.991,0.999]
  len 3: 991/1000 = 0.991 [0.983,0.995]
  len 4: 970/1000 = 0.970 [0.957,0.979]
  len 5: 506/1000 = 0.506 [0.475,0.537]
  len 6: 889/1000 = 0.889 [0.868,0.907]
  written hist {2: 1028, 3: 987, 4: 1034, 5: 573, 6: 731}
  pruned hist {2: 1028, 3: 987, 4: 1040, 5: 567, 6: 731}
  frontier written 6 pruned 6
  reasons [('rule check failed: ANDI', 161), ('rule check failed: IMPE', 98), ('rule check failed: IMPI', 63), ('rule check failed: ORI2', 54), ('rule check failed: NEGE', 53), ('bad line cite', 45)]
=== round 4 done in 83s; new proofs 0; cum targets solved 0
[r3_2/frozen16_reductio_f0_s1_ss1 r5] targets (this round, pass@32) SOLVED 0/345 = 0.000 [0.000,0.011]
  len 6: 0/45 = 0.000 [0.000,0.079]
  len 7: 0/52 = 0.000 [0.000,0.069]
  len 8: 0/133 = 0.000 [0.000,0.028]
  len 9: 0/82 = 0.000 [0.000,0.045]
  len 10: 0/33 = 0.000 [0.000,0.104]
  written hist {}
  pruned hist {}
  frontier written 0 pruned 0
  reasons [('rule check failed: IMPE', 3846), ('rule check failed: ANDI', 1828), ('rule check failed: IMPI', 1302), ('bad line cite', 899), ('rule check failed: ORI2', 700), ('rule check failed: NEGE', 523)]
[r3_2/frozen16_reductio_f0_s1_ss1 r5] targets (cumulative 160 attempts) SOLVED 0/345 = 0.000 [0.000,0.011]
  len 6: 0/45 = 0.000 [0.000,0.079]
  len 7: 0/52 = 0.000 [0.000,0.069]
  len 8: 0/133 = 0.000 [0.000,0.028]
  len 9: 0/82 = 0.000 [0.000,0.045]
  len 10: 0/33 = 0.000 [0.000,0.104]
  written hist {}
  pruned hist {}
  frontier written 0 pruned 0
  reasons []
[r3_2/frozen16_reductio_f0_s1_ss1 r5] transfer (this round, pass@32) SOLVED 0/150 = 0.000 [0.000,0.025]
  len 7: 0/27 = 0.000 [0.000,0.125]
  len 8: 0/67 = 0.000 [0.000,0.054]
  len 9: 0/41 = 0.000 [0.000,0.086]
  len 10: 0/15 = 0.000 [0.000,0.204]
  written hist {}
  pruned hist {}
  frontier written 0 pruned 0
  reasons [('rule check failed: IMPE', 1854), ('rule check failed: ANDI', 888), ('rule check failed: IMPI', 695), ('rule check failed: ORI2', 297), ('bad line cite', 295), ('rule check failed: DN', 170)]
[r3_2/frozen16_reductio_f0_s1_ss1 r5] transfer (cumulative 160 attempts) SOLVED 0/150 = 0.000 [0.000,0.025]
  len 7: 0/27 = 0.000 [0.000,0.125]
  len 8: 0/67 = 0.000 [0.000,0.054]
  len 9: 0/41 = 0.000 [0.000,0.086]
  len 10: 0/15 = 0.000 [0.000,0.204]
  written hist {}
  pruned hist {}
  frontier written 0 pruned 0
  reasons []
[r3_2/frozen16_reductio_f0_s1_ss1 r5] transfer greedy SOLVED 0/150 = 0.000 [0.000,0.025]
  len 7: 0/27 = 0.000 [0.000,0.125]
  len 8: 0/67 = 0.000 [0.000,0.054]
  len 9: 0/41 = 0.000 [0.000,0.086]
  len 10: 0/15 = 0.000 [0.000,0.204]
  written hist {}
  pruned hist {}
  frontier written 0 pruned 0
  reasons [('rule check failed: IMPE', 56), ('rule check failed: ANDI', 30), ('rule check failed: IMPI', 23), ('bad line cite', 10), ('rule check failed: ORI2', 10), ('rule check failed: DN', 6)]
[r3_2/frozen16_reductio_f0_s1_ss1 r5] heldout greedy SOLVED 4353/5000 = 0.871 [0.861,0.880]
  len 2: 997/1000 = 0.997 [0.991,0.999]
  len 3: 991/1000 = 0.991 [0.983,0.995]
  len 4: 970/1000 = 0.970 [0.957,0.979]
  len 5: 506/1000 = 0.506 [0.475,0.537]
  len 6: 889/1000 = 0.889 [0.868,0.907]
  written hist {2: 1028, 3: 987, 4: 1034, 5: 573, 6: 731}
  pruned hist {2: 1028, 3: 987, 4: 1040, 5: 567, 6: 731}
  frontier written 6 pruned 6
  reasons [('rule check failed: ANDI', 161), ('rule check failed: IMPE', 98), ('rule check failed: IMPI', 63), ('rule check failed: ORI2', 54), ('rule check failed: NEGE', 53), ('bad line cite', 45)]
=== round 5 done in 102s; new proofs 0; cum targets solved 0
[r3_2/frozen16_reductio_f0_s1_ss1 r6] targets (this round, pass@32) SOLVED 0/345 = 0.000 [0.000,0.011]
  len 6: 0/45 = 0.000 [0.000,0.079]
  len 7: 0/52 = 0.000 [0.000,0.069]
  len 8: 0/133 = 0.000 [0.000,0.028]
  len 9: 0/82 = 0.000 [0.000,0.045]
  len 10: 0/33 = 0.000 [0.000,0.104]
  written hist {}
  pruned hist {}
  frontier written 0 pruned 0
  reasons [('rule check failed: IMPE', 3853), ('rule check failed: ANDI', 1855), ('rule check failed: IMPI', 1307), ('bad line cite', 911), ('rule check failed: ORI2', 687), ('rule check failed: NEGE', 531)]
[r3_2/frozen16_reductio_f0_s1_ss1 r6] targets (cumulative 192 attempts) SOLVED 0/345 = 0.000 [0.000,0.011]
  len 6: 0/45 = 0.000 [0.000,0.079]
  len 7: 0/52 = 0.000 [0.000,0.069]
  len 8: 0/133 = 0.000 [0.000,0.028]
  len 9: 0/82 = 0.000 [0.000,0.045]
  len 10: 0/33 = 0.000 [0.000,0.104]
  written hist {}
  pruned hist {}
  frontier written 0 pruned 0
  reasons []
[r3_2/frozen16_reductio_f0_s1_ss1 r6] transfer (this round, pass@32) SOLVED 0/150 = 0.000 [0.000,0.025]
  len 7: 0/27 = 0.000 [0.000,0.125]
  len 8: 0/67 = 0.000 [0.000,0.054]
  len 9: 0/41 = 0.000 [0.000,0.086]
  len 10: 0/15 = 0.000 [0.000,0.204]
  written hist {}
  pruned hist {}
  frontier written 0 pruned 0
  reasons [('rule check failed: IMPE', 1839), ('rule check failed: ANDI', 856), ('rule check failed: IMPI', 697), ('rule check failed: ORI2', 288), ('bad line cite', 287), ('rule check failed: DN', 172)]
[r3_2/frozen16_reductio_f0_s1_ss1 r6] transfer (cumulative 192 attempts) SOLVED 0/150 = 0.000 [0.000,0.025]
  len 7: 0/27 = 0.000 [0.000,0.125]
  len 8: 0/67 = 0.000 [0.000,0.054]
  len 9: 0/41 = 0.000 [0.000,0.086]
  len 10: 0/15 = 0.000 [0.000,0.204]
  written hist {}
  pruned hist {}
  frontier written 0 pruned 0
  reasons []
[r3_2/frozen16_reductio_f0_s1_ss1 r6] transfer greedy SOLVED 0/150 = 0.000 [0.000,0.025]
  len 7: 0/27 = 0.000 [0.000,0.125]
  len 8: 0/67 = 0.000 [0.000,0.054]
  len 9: 0/41 = 0.000 [0.000,0.086]
  len 10: 0/15 = 0.000 [0.000,0.204]
  written hist {}
  pruned hist {}
  frontier written 0 pruned 0
  reasons [('rule check failed: IMPE', 56), ('rule check failed: ANDI', 30), ('rule check failed: IMPI', 23), ('bad line cite', 10), ('rule check failed: ORI2', 10), ('rule check failed: DN', 6)]
[r3_2/frozen16_reductio_f0_s1_ss1 r6] heldout greedy SOLVED 4353/5000 = 0.871 [0.861,0.880]
  len 2: 997/1000 = 0.997 [0.991,0.999]
  len 3: 991/1000 = 0.991 [0.983,0.995]
  len 4: 970/1000 = 0.970 [0.957,0.979]
  len 5: 506/1000 = 0.506 [0.475,0.537]
  len 6: 889/1000 = 0.889 [0.868,0.907]
  written hist {2: 1028, 3: 987, 4: 1034, 5: 573, 6: 731}
  pruned hist {2: 1028, 3: 987, 4: 1040, 5: 567, 6: 731}
  frontier written 6 pruned 6
  reasons [('rule check failed: ANDI', 161), ('rule check failed: IMPE', 98), ('rule check failed: IMPI', 63), ('rule check failed: ORI2', 54), ('rule check failed: NEGE', 53), ('bad line cite', 45)]
=== round 6 done in 103s; new proofs 0; cum targets solved 0
[r3_2/frozen16_reductio_f0_s1_ss1 r7] targets (this round, pass@32) SOLVED 1/345 = 0.003 [0.001,0.016]
  len 6: 1/45 = 0.022 [0.004,0.116]
  len 7: 0/52 = 0.000 [0.000,0.069]
  len 8: 0/133 = 0.000 [0.000,0.028]
  len 9: 0/82 = 0.000 [0.000,0.045]
  len 10: 0/33 = 0.000 [0.000,0.104]
  written hist {6: 1}
  pruned hist {6: 1}
  frontier written 0 pruned 0
  reasons [('rule check failed: IMPE', 3816), ('rule check failed: ANDI', 1847), ('rule check failed: IMPI', 1304), ('bad line cite', 916), ('rule check failed: ORI2', 695), ('rule check failed: NEGE', 490)]
[r3_2/frozen16_reductio_f0_s1_ss1 r7] targets (cumulative 224 attempts) SOLVED 1/345 = 0.003 [0.001,0.016]
  len 6: 1/45 = 0.022 [0.004,0.116]
  len 7: 0/52 = 0.000 [0.000,0.069]
  len 8: 0/133 = 0.000 [0.000,0.028]
  len 9: 0/82 = 0.000 [0.000,0.045]
  len 10: 0/33 = 0.000 [0.000,0.104]
  written hist {6: 1}
  pruned hist {6: 1}
  frontier written 0 pruned 0
  reasons []
[r3_2/frozen16_reductio_f0_s1_ss1 r7] transfer (this round, pass@32) SOLVED 0/150 = 0.000 [0.000,0.025]
  len 7: 0/27 = 0.000 [0.000,0.125]
  len 8: 0/67 = 0.000 [0.000,0.054]
  len 9: 0/41 = 0.000 [0.000,0.086]
  len 10: 0/15 = 0.000 [0.000,0.204]
  written hist {}
  pruned hist {}
  frontier written 0 pruned 0
  reasons [('rule check failed: IMPE', 1841), ('rule check failed: ANDI', 861), ('rule check failed: IMPI', 700), ('bad line cite', 317), ('rule check failed: ORI2', 285), ('rule check failed: DN', 147)]
[r3_2/frozen16_reductio_f0_s1_ss1 r7] transfer (cumulative 224 attempts) SOLVED 0/150 = 0.000 [0.000,0.025]
  len 7: 0/27 = 0.000 [0.000,0.125]
  len 8: 0/67 = 0.000 [0.000,0.054]
  len 9: 0/41 = 0.000 [0.000,0.086]
  len 10: 0/15 = 0.000 [0.000,0.204]
  written hist {}
  pruned hist {}
  frontier written 0 pruned 0
  reasons []
[r3_2/frozen16_reductio_f0_s1_ss1 r7] transfer greedy SOLVED 0/150 = 0.000 [0.000,0.025]
  len 7: 0/27 = 0.000 [0.000,0.125]
  len 8: 0/67 = 0.000 [0.000,0.054]
  len 9: 0/41 = 0.000 [0.000,0.086]
  len 10: 0/15 = 0.000 [0.000,0.204]
  written hist {}
  pruned hist {}
  frontier written 0 pruned 0
  reasons [('rule check failed: IMPE', 56), ('rule check failed: ANDI', 30), ('rule check failed: IMPI', 23), ('bad line cite', 10), ('rule check failed: ORI2', 10), ('rule check failed: DN', 6)]
[r3_2/frozen16_reductio_f0_s1_ss1 r7] heldout greedy SOLVED 4353/5000 = 0.871 [0.861,0.880]
  len 2: 997/1000 = 0.997 [0.991,0.999]
  len 3: 991/1000 = 0.991 [0.983,0.995]
  len 4: 970/1000 = 0.970 [0.957,0.979]
  len 5: 506/1000 = 0.506 [0.475,0.537]
  len 6: 889/1000 = 0.889 [0.868,0.907]
  written hist {2: 1028, 3: 987, 4: 1034, 5: 573, 6: 731}
  pruned hist {2: 1028, 3: 987, 4: 1040, 5: 567, 6: 731}
  frontier written 6 pruned 6
  reasons [('rule check failed: ANDI', 161), ('rule check failed: IMPE', 98), ('rule check failed: IMPI', 63), ('rule check failed: ORI2', 54), ('rule check failed: NEGE', 53), ('bad line cite', 45)]
=== round 7 done in 93s; new proofs 1; cum targets solved 1
[r3_2/frozen16_reductio_f0_s1_ss1 r8] targets (this round, pass@32) SOLVED 0/345 = 0.000 [0.000,0.011]
  len 6: 0/45 = 0.000 [0.000,0.079]
  len 7: 0/52 = 0.000 [0.000,0.069]
  len 8: 0/133 = 0.000 [0.000,0.028]
  len 9: 0/82 = 0.000 [0.000,0.045]
  len 10: 0/33 = 0.000 [0.000,0.104]
  written hist {}
  pruned hist {}
  frontier written 0 pruned 0
  reasons [('rule check failed: IMPE', 3822), ('rule check failed: ANDI', 1880), ('rule check failed: IMPI', 1291), ('bad line cite', 910), ('rule check failed: ORI2', 687), ('rule check failed: NEGE', 532)]
[r3_2/frozen16_reductio_f0_s1_ss1 r8] targets (cumulative 256 attempts) SOLVED 1/345 = 0.003 [0.001,0.016]
  len 6: 1/45 = 0.022 [0.004,0.116]
  len 7: 0/52 = 0.000 [0.000,0.069]
  len 8: 0/133 = 0.000 [0.000,0.028]
  len 9: 0/82 = 0.000 [0.000,0.045]
  len 10: 0/33 = 0.000 [0.000,0.104]
  written hist {6: 1}
  pruned hist {6: 1}
  frontier written 0 pruned 0
  reasons []
[r3_2/frozen16_reductio_f0_s1_ss1 r8] transfer (this round, pass@32) SOLVED 0/150 = 0.000 [0.000,0.025]
  len 7: 0/27 = 0.000 [0.000,0.125]
  len 8: 0/67 = 0.000 [0.000,0.054]
  len 9: 0/41 = 0.000 [0.000,0.086]
  len 10: 0/15 = 0.000 [0.000,0.204]
  written hist {}
  pruned hist {}
  frontier written 0 pruned 0
  reasons [('rule check failed: IMPE', 1852), ('rule check failed: ANDI', 875), ('rule check failed: IMPI', 709), ('bad line cite', 294), ('rule check failed: ORI2', 288), ('rule check failed: DN', 164)]
[r3_2/frozen16_reductio_f0_s1_ss1 r8] transfer (cumulative 256 attempts) SOLVED 0/150 = 0.000 [0.000,0.025]
  len 7: 0/27 = 0.000 [0.000,0.125]
  len 8: 0/67 = 0.000 [0.000,0.054]
  len 9: 0/41 = 0.000 [0.000,0.086]
  len 10: 0/15 = 0.000 [0.000,0.204]
  written hist {}
  pruned hist {}
  frontier written 0 pruned 0
  reasons []
[r3_2/frozen16_reductio_f0_s1_ss1 r8] transfer greedy SOLVED 0/150 = 0.000 [0.000,0.025]
  len 7: 0/27 = 0.000 [0.000,0.125]
  len 8: 0/67 = 0.000 [0.000,0.054]
  len 9: 0/41 = 0.000 [0.000,0.086]
  len 10: 0/15 = 0.000 [0.000,0.204]
  written hist {}
  pruned hist {}
  frontier written 0 pruned 0
  reasons [('rule check failed: IMPE', 56), ('rule check failed: ANDI', 30), ('rule check failed: IMPI', 23), ('bad line cite', 10), ('rule check failed: ORI2', 10), ('rule check failed: DN', 6)]
[r3_2/frozen16_reductio_f0_s1_ss1 r8] heldout greedy SOLVED 4353/5000 = 0.871 [0.861,0.880]
  len 2: 997/1000 = 0.997 [0.991,0.999]
  len 3: 991/1000 = 0.991 [0.983,0.995]
  len 4: 970/1000 = 0.970 [0.957,0.979]
  len 5: 506/1000 = 0.506 [0.475,0.537]
  len 6: 889/1000 = 0.889 [0.868,0.907]
  written hist {2: 1028, 3: 987, 4: 1034, 5: 573, 6: 731}
  pruned hist {2: 1028, 3: 987, 4: 1040, 5: 567, 6: 731}
  frontier written 6 pruned 6
  reasons [('rule check failed: ANDI', 161), ('rule check failed: IMPE', 98), ('rule check failed: IMPI', 63), ('rule check failed: ORI2', 54), ('rule check failed: NEGE', 53), ('bad line cite', 45)]
=== round 8 done in 84s; new proofs 0; cum targets solved 1
[r3_2/frozen16_reductio_f0_s1_ss1 r9] targets (this round, pass@32) SOLVED 0/345 = 0.000 [0.000,0.011]
  len 6: 0/45 = 0.000 [0.000,0.079]
  len 7: 0/52 = 0.000 [0.000,0.069]
  len 8: 0/133 = 0.000 [0.000,0.028]
  len 9: 0/82 = 0.000 [0.000,0.045]
  len 10: 0/33 = 0.000 [0.000,0.104]
  written hist {}
  pruned hist {}
  frontier written 0 pruned 0
  reasons [('rule check failed: IMPE', 3844), ('rule check failed: ANDI', 1842), ('rule check failed: IMPI', 1309), ('bad line cite', 929), ('rule check failed: ORI2', 684), ('rule check failed: NEGE', 483)]
[r3_2/frozen16_reductio_f0_s1_ss1 r9] targets (cumulative 288 attempts) SOLVED 1/345 = 0.003 [0.001,0.016]
  len 6: 1/45 = 0.022 [0.004,0.116]
  len 7: 0/52 = 0.000 [0.000,0.069]
  len 8: 0/133 = 0.000 [0.000,0.028]
  len 9: 0/82 = 0.000 [0.000,0.045]
  len 10: 0/33 = 0.000 [0.000,0.104]
  written hist {6: 1}
  pruned hist {6: 1}
  frontier written 0 pruned 0
  reasons []
[r3_2/frozen16_reductio_f0_s1_ss1 r9] transfer (this round, pass@32) SOLVED 0/150 = 0.000 [0.000,0.025]
  len 7: 0/27 = 0.000 [0.000,0.125]
  len 8: 0/67 = 0.000 [0.000,0.054]
  len 9: 0/41 = 0.000 [0.000,0.086]
  len 10: 0/15 = 0.000 [0.000,0.204]
  written hist {}
  pruned hist {}
  frontier written 0 pruned 0
  reasons [('rule check failed: IMPE', 1813), ('rule check failed: ANDI', 874), ('rule check failed: IMPI', 718), ('bad line cite', 296), ('rule check failed: ORI2', 286), ('rule check failed: DN', 162)]
[r3_2/frozen16_reductio_f0_s1_ss1 r9] transfer (cumulative 288 attempts) SOLVED 0/150 = 0.000 [0.000,0.025]
  len 7: 0/27 = 0.000 [0.000,0.125]
  len 8: 0/67 = 0.000 [0.000,0.054]
  len 9: 0/41 = 0.000 [0.000,0.086]
  len 10: 0/15 = 0.000 [0.000,0.204]
  written hist {}
  pruned hist {}
  frontier written 0 pruned 0
  reasons []
[r3_2/frozen16_reductio_f0_s1_ss1 r9] transfer greedy SOLVED 0/150 = 0.000 [0.000,0.025]
  len 7: 0/27 = 0.000 [0.000,0.125]
  len 8: 0/67 = 0.000 [0.000,0.054]
  len 9: 0/41 = 0.000 [0.000,0.086]
  len 10: 0/15 = 0.000 [0.000,0.204]
  written hist {}
  pruned hist {}
  frontier written 0 pruned 0
  reasons [('rule check failed: IMPE', 56), ('rule check failed: ANDI', 30), ('rule check failed: IMPI', 23), ('bad line cite', 10), ('rule check failed: ORI2', 10), ('rule check failed: DN', 6)]
[r3_2/frozen16_reductio_f0_s1_ss1 r9] heldout greedy SOLVED 4353/5000 = 0.871 [0.861,0.880]
  len 2: 997/1000 = 0.997 [0.991,0.999]
  len 3: 991/1000 = 0.991 [0.983,0.995]
  len 4: 970/1000 = 0.970 [0.957,0.979]
  len 5: 506/1000 = 0.506 [0.475,0.537]
  len 6: 889/1000 = 0.889 [0.868,0.907]
  written hist {2: 1028, 3: 987, 4: 1034, 5: 573, 6: 731}
  pruned hist {2: 1028, 3: 987, 4: 1040, 5: 567, 6: 731}
  frontier written 6 pruned 6
  reasons [('rule check failed: ANDI', 161), ('rule check failed: IMPE', 98), ('rule check failed: IMPI', 63), ('rule check failed: ORI2', 54), ('rule check failed: NEGE', 53), ('bad line cite', 45)]
=== round 9 done in 103s; new proofs 0; cum targets solved 1
[r3_2/frozen16_reductio_f0_s1_ss1 r10] targets (this round, pass@32) SOLVED 0/345 = 0.000 [0.000,0.011]
  len 6: 0/45 = 0.000 [0.000,0.079]
  len 7: 0/52 = 0.000 [0.000,0.069]
  len 8: 0/133 = 0.000 [0.000,0.028]
  len 9: 0/82 = 0.000 [0.000,0.045]
  len 10: 0/33 = 0.000 [0.000,0.104]
  written hist {}
  pruned hist {}
  frontier written 0 pruned 0
  reasons [('rule check failed: IMPE', 3800), ('rule check failed: ANDI', 1858), ('rule check failed: IMPI', 1340), ('bad line cite', 914), ('rule check failed: ORI2', 692), ('rule check failed: NEGE', 516)]
[r3_2/frozen16_reductio_f0_s1_ss1 r10] targets (cumulative 320 attempts) SOLVED 1/345 = 0.003 [0.001,0.016]
  len 6: 1/45 = 0.022 [0.004,0.116]
  len 7: 0/52 = 0.000 [0.000,0.069]
  len 8: 0/133 = 0.000 [0.000,0.028]
  len 9: 0/82 = 0.000 [0.000,0.045]
  len 10: 0/33 = 0.000 [0.000,0.104]
  written hist {6: 1}
  pruned hist {6: 1}
  frontier written 0 pruned 0
  reasons []
[r3_2/frozen16_reductio_f0_s1_ss1 r10] transfer (this round, pass@32) SOLVED 0/150 = 0.000 [0.000,0.025]
  len 7: 0/27 = 0.000 [0.000,0.125]
  len 8: 0/67 = 0.000 [0.000,0.054]
  len 9: 0/41 = 0.000 [0.000,0.086]
  len 10: 0/15 = 0.000 [0.000,0.204]
  written hist {}
  pruned hist {}
  frontier written 0 pruned 0
  reasons [('rule check failed: IMPE', 1842), ('rule check failed: ANDI', 868), ('rule check failed: IMPI', 720), ('rule check failed: ORI2', 304), ('bad line cite', 272), ('rule check failed: DN', 156)]
[r3_2/frozen16_reductio_f0_s1_ss1 r10] transfer (cumulative 320 attempts) SOLVED 0/150 = 0.000 [0.000,0.025]
  len 7: 0/27 = 0.000 [0.000,0.125]
  len 8: 0/67 = 0.000 [0.000,0.054]
  len 9: 0/41 = 0.000 [0.000,0.086]
  len 10: 0/15 = 0.000 [0.000,0.204]
  written hist {}
  pruned hist {}
  frontier written 0 pruned 0
  reasons []
[r3_2/frozen16_reductio_f0_s1_ss1 r10] transfer greedy SOLVED 0/150 = 0.000 [0.000,0.025]
  len 7: 0/27 = 0.000 [0.000,0.125]
  len 8: 0/67 = 0.000 [0.000,0.054]
  len 9: 0/41 = 0.000 [0.000,0.086]
  len 10: 0/15 = 0.000 [0.000,0.204]
  written hist {}
  pruned hist {}
  frontier written 0 pruned 0
  reasons [('rule check failed: IMPE', 56), ('rule check failed: ANDI', 30), ('rule check failed: IMPI', 23), ('bad line cite', 10), ('rule check failed: ORI2', 10), ('rule check failed: DN', 6)]
[r3_2/frozen16_reductio_f0_s1_ss1 r10] heldout greedy SOLVED 4353/5000 = 0.871 [0.861,0.880]
  len 2: 997/1000 = 0.997 [0.991,0.999]
  len 3: 991/1000 = 0.991 [0.983,0.995]
  len 4: 970/1000 = 0.970 [0.957,0.979]
  len 5: 506/1000 = 0.506 [0.475,0.537]
  len 6: 889/1000 = 0.889 [0.868,0.907]
  written hist {2: 1028, 3: 987, 4: 1034, 5: 573, 6: 731}
  pruned hist {2: 1028, 3: 987, 4: 1040, 5: 567, 6: 731}
  frontier written 6 pruned 6
  reasons [('rule check failed: ANDI', 161), ('rule check failed: IMPE', 98), ('rule check failed: IMPI', 63), ('rule check failed: ORI2', 54), ('rule check failed: NEGE', 53), ('bad line cite', 45)]
=== round 10 done in 88s; new proofs 0; cum targets solved 1
[r3_2/frozen16_reductio_f0_s1_ss1 r11] targets (this round, pass@32) SOLVED 0/345 = 0.000 [0.000,0.011]
  len 6: 0/45 = 0.000 [0.000,0.079]
  len 7: 0/52 = 0.000 [0.000,0.069]
  len 8: 0/133 = 0.000 [0.000,0.028]
  len 9: 0/82 = 0.000 [0.000,0.045]
  len 10: 0/33 = 0.000 [0.000,0.104]
  written hist {}
  pruned hist {}
  frontier written 0 pruned 0
  reasons [('rule check failed: IMPE', 3816), ('rule check failed: ANDI', 1882), ('rule check failed: IMPI', 1328), ('bad line cite', 923), ('rule check failed: ORI2', 685), ('rule check failed: NEGE', 509)]
[r3_2/frozen16_reductio_f0_s1_ss1 r11] targets (cumulative 352 attempts) SOLVED 1/345 = 0.003 [0.001,0.016]
  len 6: 1/45 = 0.022 [0.004,0.116]
  len 7: 0/52 = 0.000 [0.000,0.069]
  len 8: 0/133 = 0.000 [0.000,0.028]
  len 9: 0/82 = 0.000 [0.000,0.045]
  len 10: 0/33 = 0.000 [0.000,0.104]
  written hist {6: 1}
  pruned hist {6: 1}
  frontier written 0 pruned 0
  reasons []
[r3_2/frozen16_reductio_f0_s1_ss1 r11] transfer (this round, pass@32) SOLVED 0/150 = 0.000 [0.000,0.025]
  len 7: 0/27 = 0.000 [0.000,0.125]
  len 8: 0/67 = 0.000 [0.000,0.054]
  len 9: 0/41 = 0.000 [0.000,0.086]
  len 10: 0/15 = 0.000 [0.000,0.204]
  written hist {}
  pruned hist {}
  frontier written 0 pruned 0
  reasons [('rule check failed: IMPE', 1843), ('rule check failed: ANDI', 852), ('rule check failed: IMPI', 718), ('bad line cite', 326), ('rule check failed: ORI2', 294), ('rule check failed: DN', 160)]
[r3_2/frozen16_reductio_f0_s1_ss1 r11] transfer (cumulative 352 attempts) SOLVED 0/150 = 0.000 [0.000,0.025]
  len 7: 0/27 = 0.000 [0.000,0.125]
  len 8: 0/67 = 0.000 [0.000,0.054]
  len 9: 0/41 = 0.000 [0.000,0.086]
  len 10: 0/15 = 0.000 [0.000,0.204]
  written hist {}
  pruned hist {}
  frontier written 0 pruned 0
  reasons []
[r3_2/frozen16_reductio_f0_s1_ss1 r11] transfer greedy SOLVED 0/150 = 0.000 [0.000,0.025]
  len 7: 0/27 = 0.000 [0.000,0.125]
  len 8: 0/67 = 0.000 [0.000,0.054]
  len 9: 0/41 = 0.000 [0.000,0.086]
  len 10: 0/15 = 0.000 [0.000,0.204]
  written hist {}
  pruned hist {}
  frontier written 0 pruned 0
  reasons [('rule check failed: IMPE', 56), ('rule check failed: ANDI', 30), ('rule check failed: IMPI', 23), ('bad line cite', 10), ('rule check failed: ORI2', 10), ('rule check failed: DN', 6)]
[r3_2/frozen16_reductio_f0_s1_ss1 r11] heldout greedy SOLVED 4353/5000 = 0.871 [0.861,0.880]
  len 2: 997/1000 = 0.997 [0.991,0.999]
  len 3: 991/1000 = 0.991 [0.983,0.995]
  len 4: 970/1000 = 0.970 [0.957,0.979]
  len 5: 506/1000 = 0.506 [0.475,0.537]
  len 6: 889/1000 = 0.889 [0.868,0.907]
  written hist {2: 1028, 3: 987, 4: 1034, 5: 573, 6: 731}
  pruned hist {2: 1028, 3: 987, 4: 1040, 5: 567, 6: 731}
  frontier written 6 pruned 6
  reasons [('rule check failed: ANDI', 161), ('rule check failed: IMPE', 98), ('rule check failed: IMPI', 63), ('rule check failed: ORI2', 54), ('rule check failed: NEGE', 53), ('bad line cite', 45)]
=== round 11 done in 94s; new proofs 0; cum targets solved 1
[r3_2/frozen16_reductio_f0_s1_ss1 r12] targets (this round, pass@32) SOLVED 0/345 = 0.000 [0.000,0.011]
  len 6: 0/45 = 0.000 [0.000,0.079]
  len 7: 0/52 = 0.000 [0.000,0.069]
  len 8: 0/133 = 0.000 [0.000,0.028]
  len 9: 0/82 = 0.000 [0.000,0.045]
  len 10: 0/33 = 0.000 [0.000,0.104]
  written hist {}
  pruned hist {}
  frontier written 0 pruned 0
  reasons [('rule check failed: IMPE', 3831), ('rule check failed: ANDI', 1890), ('rule check failed: IMPI', 1306), ('bad line cite', 902), ('rule check failed: ORI2', 693), ('rule check failed: NEGE', 504)]
[r3_2/frozen16_reductio_f0_s1_ss1 r12] targets (cumulative 384 attempts) SOLVED 1/345 = 0.003 [0.001,0.016]
  len 6: 1/45 = 0.022 [0.004,0.116]
  len 7: 0/52 = 0.000 [0.000,0.069]
  len 8: 0/133 = 0.000 [0.000,0.028]
  len 9: 0/82 = 0.000 [0.000,0.045]
  len 10: 0/33 = 0.000 [0.000,0.104]
  written hist {6: 1}
  pruned hist {6: 1}
  frontier written 0 pruned 0
  reasons []
[r3_2/frozen16_reductio_f0_s1_ss1 r12] transfer (this round, pass@32) SOLVED 0/150 = 0.000 [0.000,0.025]
  len 7: 0/27 = 0.000 [0.000,0.125]
  len 8: 0/67 = 0.000 [0.000,0.054]
  len 9: 0/41 = 0.000 [0.000,0.086]
  len 10: 0/15 = 0.000 [0.000,0.204]
  written hist {}
  pruned hist {}
  frontier written 0 pruned 0
  reasons [('rule check failed: IMPE', 1810), ('rule check failed: ANDI', 880), ('rule check failed: IMPI', 744), ('bad line cite', 296), ('rule check failed: ORI2', 292), ('rule check failed: DN', 170)]
[r3_2/frozen16_reductio_f0_s1_ss1 r12] transfer (cumulative 384 attempts) SOLVED 0/150 = 0.000 [0.000,0.025]
  len 7: 0/27 = 0.000 [0.000,0.125]
  len 8: 0/67 = 0.000 [0.000,0.054]
  len 9: 0/41 = 0.000 [0.000,0.086]
  len 10: 0/15 = 0.000 [0.000,0.204]
  written hist {}
  pruned hist {}
  frontier written 0 pruned 0
  reasons []
[r3_2/frozen16_reductio_f0_s1_ss1 r12] transfer greedy SOLVED 0/150 = 0.000 [0.000,0.025]
  len 7: 0/27 = 0.000 [0.000,0.125]
  len 8: 0/67 = 0.000 [0.000,0.054]
  len 9: 0/41 = 0.000 [0.000,0.086]
  len 10: 0/15 = 0.000 [0.000,0.204]
  written hist {}
  pruned hist {}
  frontier written 0 pruned 0
  reasons [('rule check failed: IMPE', 56), ('rule check failed: ANDI', 30), ('rule check failed: IMPI', 23), ('bad line cite', 10), ('rule check failed: ORI2', 10), ('rule check failed: DN', 6)]
[r3_2/frozen16_reductio_f0_s1_ss1 r12] heldout greedy SOLVED 4353/5000 = 0.871 [0.861,0.880]
  len 2: 997/1000 = 0.997 [0.991,0.999]
  len 3: 991/1000 = 0.991 [0.983,0.995]
  len 4: 970/1000 = 0.970 [0.957,0.979]
  len 5: 506/1000 = 0.506 [0.475,0.537]
  len 6: 889/1000 = 0.889 [0.868,0.907]
  written hist {2: 1028, 3: 987, 4: 1034, 5: 573, 6: 731}
  pruned hist {2: 1028, 3: 987, 4: 1040, 5: 567, 6: 731}
  frontier written 6 pruned 6
  reasons [('rule check failed: ANDI', 161), ('rule check failed: IMPE', 98), ('rule check failed: IMPI', 63), ('rule check failed: ORI2', 54), ('rule check failed: NEGE', 53), ('bad line cite', 45)]
=== round 12 done in 99s; new proofs 0; cum targets solved 1
[r3_2/frozen16_reductio_f0_s1_ss1 r13] targets (this round, pass@32) SOLVED 0/345 = 0.000 [0.000,0.011]
  len 6: 0/45 = 0.000 [0.000,0.079]
  len 7: 0/52 = 0.000 [0.000,0.069]
  len 8: 0/133 = 0.000 [0.000,0.028]
  len 9: 0/82 = 0.000 [0.000,0.045]
  len 10: 0/33 = 0.000 [0.000,0.104]
  written hist {}
  pruned hist {}
  frontier written 0 pruned 0
  reasons [('rule check failed: IMPE', 3845), ('rule check failed: ANDI', 1887), ('rule check failed: IMPI', 1330), ('bad line cite', 941), ('rule check failed: ORI2', 670), ('rule check failed: NEGE', 548)]
[r3_2/frozen16_reductio_f0_s1_ss1 r13] targets (cumulative 416 attempts) SOLVED 1/345 = 0.003 [0.001,0.016]
  len 6: 1/45 = 0.022 [0.004,0.116]
  len 7: 0/52 = 0.000 [0.000,0.069]
  len 8: 0/133 = 0.000 [0.000,0.028]
  len 9: 0/82 = 0.000 [0.000,0.045]
  len 10: 0/33 = 0.000 [0.000,0.104]
  written hist {6: 1}
  pruned hist {6: 1}
  frontier written 0 pruned 0
  reasons []
[r3_2/frozen16_reductio_f0_s1_ss1 r13] transfer (this round, pass@32) SOLVED 0/150 = 0.000 [0.000,0.025]
  len 7: 0/27 = 0.000 [0.000,0.125]
  len 8: 0/67 = 0.000 [0.000,0.054]
  len 9: 0/41 = 0.000 [0.000,0.086]
  len 10: 0/15 = 0.000 [0.000,0.204]
  written hist {}
  pruned hist {}
  frontier written 0 pruned 0
  reasons [('rule check failed: IMPE', 1815), ('rule check failed: ANDI', 861), ('rule check failed: IMPI', 714), ('rule check failed: ORI2', 316), ('bad line cite', 311), ('rule check failed: DN', 161)]
[r3_2/frozen16_reductio_f0_s1_ss1 r13] transfer (cumulative 416 attempts) SOLVED 0/150 = 0.000 [0.000,0.025]
  len 7: 0/27 = 0.000 [0.000,0.125]
  len 8: 0/67 = 0.000 [0.000,0.054]
  len 9: 0/41 = 0.000 [0.000,0.086]
  len 10: 0/15 = 0.000 [0.000,0.204]
  written hist {}
  pruned hist {}
  frontier written 0 pruned 0
  reasons []
[r3_2/frozen16_reductio_f0_s1_ss1 r13] transfer greedy SOLVED 0/150 = 0.000 [0.000,0.025]
  len 7: 0/27 = 0.000 [0.000,0.125]
  len 8: 0/67 = 0.000 [0.000,0.054]
  len 9: 0/41 = 0.000 [0.000,0.086]
  len 10: 0/15 = 0.000 [0.000,0.204]
  written hist {}
  pruned hist {}
  frontier written 0 pruned 0
  reasons [('rule check failed: IMPE', 56), ('rule check failed: ANDI', 30), ('rule check failed: IMPI', 23), ('bad line cite', 10), ('rule check failed: ORI2', 10), ('rule check failed: DN', 6)]
[r3_2/frozen16_reductio_f0_s1_ss1 r13] heldout greedy SOLVED 4353/5000 = 0.871 [0.861,0.880]
  len 2: 997/1000 = 0.997 [0.991,0.999]
  len 3: 991/1000 = 0.991 [0.983,0.995]
  len 4: 970/1000 = 0.970 [0.957,0.979]
  len 5: 506/1000 = 0.506 [0.475,0.537]
  len 6: 889/1000 = 0.889 [0.868,0.907]
  written hist {2: 1028, 3: 987, 4: 1034, 5: 573, 6: 731}
  pruned hist {2: 1028, 3: 987, 4: 1040, 5: 567, 6: 731}
  frontier written 6 pruned 6
  reasons [('rule check failed: ANDI', 161), ('rule check failed: IMPE', 98), ('rule check failed: IMPI', 63), ('rule check failed: ORI2', 54), ('rule check failed: NEGE', 53), ('bad line cite', 45)]
=== round 13 done in 81s; new proofs 0; cum targets solved 1
[r3_2/frozen16_reductio_f0_s1_ss1 r14] targets (this round, pass@32) SOLVED 0/345 = 0.000 [0.000,0.011]
  len 6: 0/45 = 0.000 [0.000,0.079]
  len 7: 0/52 = 0.000 [0.000,0.069]
  len 8: 0/133 = 0.000 [0.000,0.028]
  len 9: 0/82 = 0.000 [0.000,0.045]
  len 10: 0/33 = 0.000 [0.000,0.104]
  written hist {}
  pruned hist {}
  frontier written 0 pruned 0
  reasons [('rule check failed: IMPE', 3881), ('rule check failed: ANDI', 1881), ('rule check failed: IMPI', 1272), ('bad line cite', 946), ('rule check failed: ORI2', 689), ('rule check failed: NEGE', 500)]
[r3_2/frozen16_reductio_f0_s1_ss1 r14] targets (cumulative 448 attempts) SOLVED 1/345 = 0.003 [0.001,0.016]
  len 6: 1/45 = 0.022 [0.004,0.116]
  len 7: 0/52 = 0.000 [0.000,0.069]
  len 8: 0/133 = 0.000 [0.000,0.028]
  len 9: 0/82 = 0.000 [0.000,0.045]
  len 10: 0/33 = 0.000 [0.000,0.104]
  written hist {6: 1}
  pruned hist {6: 1}
  frontier written 0 pruned 0
  reasons []
[r3_2/frozen16_reductio_f0_s1_ss1 r14] transfer (this round, pass@32) SOLVED 0/150 = 0.000 [0.000,0.025]
  len 7: 0/27 = 0.000 [0.000,0.125]
  len 8: 0/67 = 0.000 [0.000,0.054]
  len 9: 0/41 = 0.000 [0.000,0.086]
  len 10: 0/15 = 0.000 [0.000,0.204]
  written hist {}
  pruned hist {}
  frontier written 0 pruned 0
  reasons [('rule check failed: IMPE', 1847), ('rule check failed: ANDI', 882), ('rule check failed: IMPI', 724), ('rule check failed: ORI2', 293), ('bad line cite', 280), ('rule check failed: DN', 146)]
[r3_2/frozen16_reductio_f0_s1_ss1 r14] transfer (cumulative 448 attempts) SOLVED 0/150 = 0.000 [0.000,0.025]
  len 7: 0/27 = 0.000 [0.000,0.125]
  len 8: 0/67 = 0.000 [0.000,0.054]
  len 9: 0/41 = 0.000 [0.000,0.086]
  len 10: 0/15 = 0.000 [0.000,0.204]
  written hist {}
  pruned hist {}
  frontier written 0 pruned 0
  reasons []
[r3_2/frozen16_reductio_f0_s1_ss1 r14] transfer greedy SOLVED 0/150 = 0.000 [0.000,0.025]
  len 7: 0/27 = 0.000 [0.000,0.125]
  len 8: 0/67 = 0.000 [0.000,0.054]
  len 9: 0/41 = 0.000 [0.000,0.086]
  len 10: 0/15 = 0.000 [0.000,0.204]
  written hist {}
  pruned hist {}
  frontier written 0 pruned 0
  reasons [('rule check failed: IMPE', 56), ('rule check failed: ANDI', 30), ('rule check failed: IMPI', 23), ('bad line cite', 10), ('rule check failed: ORI2', 10), ('rule check failed: DN', 6)]
[r3_2/frozen16_reductio_f0_s1_ss1 r14] heldout greedy SOLVED 4353/5000 = 0.871 [0.861,0.880]
  len 2: 997/1000 = 0.997 [0.991,0.999]
  len 3: 991/1000 = 0.991 [0.983,0.995]
  len 4: 970/1000 = 0.970 [0.957,0.979]
  len 5: 506/1000 = 0.506 [0.475,0.537]
  len 6: 889/1000 = 0.889 [0.868,0.907]
  written hist {2: 1028, 3: 987, 4: 1034, 5: 573, 6: 731}
  pruned hist {2: 1028, 3: 987, 4: 1040, 5: 567, 6: 731}
  frontier written 6 pruned 6
  reasons [('rule check failed: ANDI', 161), ('rule check failed: IMPE', 98), ('rule check failed: IMPI', 63), ('rule check failed: ORI2', 54), ('rule check failed: NEGE', 53), ('bad line cite', 45)]
=== round 14 done in 100s; new proofs 0; cum targets solved 1
[r3_2/frozen16_reductio_f0_s1_ss1 r15] targets (this round, pass@32) SOLVED 0/345 = 0.000 [0.000,0.011]
  len 6: 0/45 = 0.000 [0.000,0.079]
  len 7: 0/52 = 0.000 [0.000,0.069]
  len 8: 0/133 = 0.000 [0.000,0.028]
  len 9: 0/82 = 0.000 [0.000,0.045]
  len 10: 0/33 = 0.000 [0.000,0.104]
  written hist {}
  pruned hist {}
  frontier written 0 pruned 0
  reasons [('rule check failed: IMPE', 3824), ('rule check failed: ANDI', 1846), ('rule check failed: IMPI', 1380), ('bad line cite', 933), ('rule check failed: ORI2', 690), ('rule check failed: NEGE', 521)]
[r3_2/frozen16_reductio_f0_s1_ss1 r15] targets (cumulative 480 attempts) SOLVED 1/345 = 0.003 [0.001,0.016]
  len 6: 1/45 = 0.022 [0.004,0.116]
  len 7: 0/52 = 0.000 [0.000,0.069]
  len 8: 0/133 = 0.000 [0.000,0.028]
  len 9: 0/82 = 0.000 [0.000,0.045]
  len 10: 0/33 = 0.000 [0.000,0.104]
  written hist {6: 1}
  pruned hist {6: 1}
  frontier written 0 pruned 0
  reasons []
[r3_2/frozen16_reductio_f0_s1_ss1 r15] transfer (this round, pass@32) SOLVED 0/150 = 0.000 [0.000,0.025]
  len 7: 0/27 = 0.000 [0.000,0.125]
  len 8: 0/67 = 0.000 [0.000,0.054]
  len 9: 0/41 = 0.000 [0.000,0.086]
  len 10: 0/15 = 0.000 [0.000,0.204]
  written hist {}
  pruned hist {}
  frontier written 0 pruned 0
  reasons [('rule check failed: IMPE', 1811), ('rule check failed: ANDI', 882), ('rule check failed: IMPI', 731), ('bad line cite', 301), ('rule check failed: ORI2', 283), ('rule check failed: DN', 155)]
[r3_2/frozen16_reductio_f0_s1_ss1 r15] transfer (cumulative 480 attempts) SOLVED 0/150 = 0.000 [0.000,0.025]
  len 7: 0/27 = 0.000 [0.000,0.125]
  len 8: 0/67 = 0.000 [0.000,0.054]
  len 9: 0/41 = 0.000 [0.000,0.086]
  len 10: 0/15 = 0.000 [0.000,0.204]
  written hist {}
  pruned hist {}
  frontier written 0 pruned 0
  reasons []
[r3_2/frozen16_reductio_f0_s1_ss1 r15] transfer greedy SOLVED 0/150 = 0.000 [0.000,0.025]
  len 7: 0/27 = 0.000 [0.000,0.125]
  len 8: 0/67 = 0.000 [0.000,0.054]
  len 9: 0/41 = 0.000 [0.000,0.086]
  len 10: 0/15 = 0.000 [0.000,0.204]
  written hist {}
  pruned hist {}
  frontier written 0 pruned 0
  reasons [('rule check failed: IMPE', 56), ('rule check failed: ANDI', 30), ('rule check failed: IMPI', 23), ('bad line cite', 10), ('rule check failed: ORI2', 10), ('rule check failed: DN', 6)]
[r3_2/frozen16_reductio_f0_s1_ss1 r15] heldout greedy SOLVED 4353/5000 = 0.871 [0.861,0.880]
  len 2: 997/1000 = 0.997 [0.991,0.999]
  len 3: 991/1000 = 0.991 [0.983,0.995]
  len 4: 970/1000 = 0.970 [0.957,0.979]
  len 5: 506/1000 = 0.506 [0.475,0.537]
  len 6: 889/1000 = 0.889 [0.868,0.907]
  written hist {2: 1028, 3: 987, 4: 1034, 5: 573, 6: 731}
  pruned hist {2: 1028, 3: 987, 4: 1040, 5: 567, 6: 731}
  frontier written 6 pruned 6
  reasons [('rule check failed: ANDI', 161), ('rule check failed: IMPE', 98), ('rule check failed: IMPI', 63), ('rule check failed: ORI2', 54), ('rule check failed: NEGE', 53), ('bad line cite', 45)]
=== round 15 done in 105s; new proofs 0; cum targets solved 1
[r3_2/frozen16_reductio_f0_s1_ss1 r16] targets (this round, pass@32) SOLVED 0/345 = 0.000 [0.000,0.011]
  len 6: 0/45 = 0.000 [0.000,0.079]
  len 7: 0/52 = 0.000 [0.000,0.069]
  len 8: 0/133 = 0.000 [0.000,0.028]
  len 9: 0/82 = 0.000 [0.000,0.045]
  len 10: 0/33 = 0.000 [0.000,0.104]
  written hist {}
  pruned hist {}
  frontier written 0 pruned 0
  reasons [('rule check failed: IMPE', 3842), ('rule check failed: ANDI', 1855), ('rule check failed: IMPI', 1320), ('bad line cite', 931), ('rule check failed: ORI2', 693), ('rule check failed: NEGE', 506)]
[r3_2/frozen16_reductio_f0_s1_ss1 r16] targets (cumulative 512 attempts) SOLVED 1/345 = 0.003 [0.001,0.016]
  len 6: 1/45 = 0.022 [0.004,0.116]
  len 7: 0/52 = 0.000 [0.000,0.069]
  len 8: 0/133 = 0.000 [0.000,0.028]
  len 9: 0/82 = 0.000 [0.000,0.045]
  len 10: 0/33 = 0.000 [0.000,0.104]
  written hist {6: 1}
  pruned hist {6: 1}
  frontier written 0 pruned 0
  reasons []
[r3_2/frozen16_reductio_f0_s1_ss1 r16] transfer (this round, pass@32) SOLVED 0/150 = 0.000 [0.000,0.025]
  len 7: 0/27 = 0.000 [0.000,0.125]
  len 8: 0/67 = 0.000 [0.000,0.054]
  len 9: 0/41 = 0.000 [0.000,0.086]
  len 10: 0/15 = 0.000 [0.000,0.204]
  written hist {}
  pruned hist {}
  frontier written 0 pruned 0
  reasons [('rule check failed: IMPE', 1832), ('rule check failed: ANDI', 881), ('rule check failed: IMPI', 739), ('bad line cite', 299), ('rule check failed: ORI2', 286), ('rule check failed: DN', 165)]
[r3_2/frozen16_reductio_f0_s1_ss1 r16] transfer (cumulative 512 attempts) SOLVED 0/150 = 0.000 [0.000,0.025]
  len 7: 0/27 = 0.000 [0.000,0.125]
  len 8: 0/67 = 0.000 [0.000,0.054]
  len 9: 0/41 = 0.000 [0.000,0.086]
  len 10: 0/15 = 0.000 [0.000,0.204]
  written hist {}
  pruned hist {}
  frontier written 0 pruned 0
  reasons []
[r3_2/frozen16_reductio_f0_s1_ss1 r16] transfer greedy SOLVED 0/150 = 0.000 [0.000,0.025]
  len 7: 0/27 = 0.000 [0.000,0.125]
  len 8: 0/67 = 0.000 [0.000,0.054]
  len 9: 0/41 = 0.000 [0.000,0.086]
  len 10: 0/15 = 0.000 [0.000,0.204]
  written hist {}
  pruned hist {}
  frontier written 0 pruned 0
  reasons [('rule check failed: IMPE', 56), ('rule check failed: ANDI', 30), ('rule check failed: IMPI', 23), ('bad line cite', 10), ('rule check failed: ORI2', 10), ('rule check failed: DN', 6)]
[r3_2/frozen16_reductio_f0_s1_ss1 r16] heldout greedy SOLVED 4353/5000 = 0.871 [0.861,0.880]
  len 2: 997/1000 = 0.997 [0.991,0.999]
  len 3: 991/1000 = 0.991 [0.983,0.995]
  len 4: 970/1000 = 0.970 [0.957,0.979]
  len 5: 506/1000 = 0.506 [0.475,0.537]
  len 6: 889/1000 = 0.889 [0.868,0.907]
  written hist {2: 1028, 3: 987, 4: 1034, 5: 573, 6: 731}
  pruned hist {2: 1028, 3: 987, 4: 1040, 5: 567, 6: 731}
  frontier written 6 pruned 6
  reasons [('rule check failed: ANDI', 161), ('rule check failed: IMPE', 98), ('rule check failed: IMPI', 63), ('rule check failed: ORI2', 54), ('rule check failed: NEGE', 53), ('bad line cite', 45)]
=== round 16 done in 101s; new proofs 0; cum targets solved 1
