[r3_2/frozen_dore_f0_c8_s3 r1] targets (this round, pass@32) SOLVED 3/300 = 0.010 [0.003,0.029]
  len 9: 3/126 = 0.024 [0.008,0.068]
  len 10: 0/174 = 0.000 [0.000,0.022]
  written hist {9: 9}
  pruned hist {8: 1, 9: 8}
  frontier written 9 pruned 9
  reasons [('rule check failed: NEGE', 1978), ('rule check failed: IMPE', 1810), ('rule check failed: ANDE2', 1171), ('rule check failed: ANDE1', 879), ('rule check failed: R', 608), ('rule check failed: ANDI', 578)]
[r3_2/frozen_dore_f0_c8_s3 r1] targets (cumulative 32 attempts) SOLVED 3/300 = 0.010 [0.003,0.029]
  len 9: 3/126 = 0.024 [0.008,0.068]
  len 10: 0/174 = 0.000 [0.000,0.022]
  written hist {9: 9}
  pruned hist {8: 1, 9: 8}
  frontier written 9 pruned 9
  reasons []
[r3_2/frozen_dore_f0_c8_s3 r1] transfer (this round, pass@32) SOLVED 4/65 = 0.062 [0.024,0.148]
  len 9: 3/28 = 0.107 [0.037,0.272]
  len 10: 1/37 = 0.027 [0.005,0.138]
  written hist {9: 12, 10: 1}
  pruned hist {9: 12, 10: 1}
  frontier written 9 pruned 9
  reasons [('rule check failed: IMPE', 505), ('rule check failed: ANDE2', 273), ('rule check failed: NEGE', 261), ('rule check failed: ANDE1', 204), ('rule check failed: ANDI', 190), ('rule check failed: DN', 119)]
[r3_2/frozen_dore_f0_c8_s3 r1] transfer (cumulative 32 attempts) SOLVED 4/65 = 0.062 [0.024,0.148]
  len 9: 3/28 = 0.107 [0.037,0.272]
  len 10: 1/37 = 0.027 [0.005,0.138]
  written hist {9: 12, 10: 1}
  pruned hist {9: 12, 10: 1}
  frontier written 9 pruned 9
  reasons []
[r3_2/frozen_dore_f0_c8_s3 r1] transfer greedy SOLVED 1/65 = 0.015 [0.003,0.082]
  len 9: 0/28 = 0.000 [0.000,0.121]
  len 10: 1/37 = 0.027 [0.005,0.138]
  written hist {10: 1}
  pruned hist {10: 1}
  frontier written 0 pruned 0
  reasons [('rule check failed: IMPE', 18), ('rule check failed: ANDE2', 12), ('rule check failed: NEGE', 7), ('rule check failed: ANDI', 6), ('rule check failed: ANDE1', 6), ('rule check failed: DN', 5)]
[r3_2/frozen_dore_f0_c8_s3 r1] heldout greedy SOLVED 4199/4998 = 0.840 [0.830,0.850]
  len 2: 706/714 = 0.989 [0.978,0.994]
  len 3: 695/714 = 0.973 [0.959,0.983]
  len 4: 661/714 = 0.926 [0.904,0.943]
  len 5: 607/714 = 0.850 [0.822,0.874]
  len 6: 584/714 = 0.818 [0.788,0.845]
  len 7: 483/714 = 0.676 [0.641,0.710]
  len 8: 463/714 = 0.648 [0.613,0.683]
  written hist {2: 763, 3: 725, 4: 696, 5: 609, 6: 614, 7: 419, 8: 372, 9: 1}
  pruned hist {2: 765, 3: 729, 4: 698, 5: 606, 6: 611, 7: 418, 8: 371, 9: 1}
  frontier written 8 pruned 8
  reasons [('rule check failed: ANDI', 213), ('rule check failed: IMPE', 196), ('rule check failed: ORI1', 75), ('rule check failed: NEGE', 66), ('rule check failed: ANDE2', 56), ('rule check failed: ORI2', 44)]
=== round 1 done in 54s; new proofs 9; cum targets solved 3
[r3_2/frozen_dore_f0_c8_s3 r2] targets (this round, pass@32) SOLVED 4/300 = 0.013 [0.005,0.034]
  len 9: 4/126 = 0.032 [0.012,0.079]
  len 10: 0/174 = 0.000 [0.000,0.022]
  written hist {9: 13}
  pruned hist {9: 13}
  frontier written 9 pruned 9
  reasons [('rule check failed: NEGE', 1955), ('rule check failed: IMPE', 1810), ('rule check failed: ANDE2', 1163), ('rule check failed: ANDE1', 863), ('rule check failed: ANDI', 614), ('rule check failed: R', 598)]
[r3_2/frozen_dore_f0_c8_s3 r2] targets (cumulative 64 attempts) SOLVED 4/300 = 0.013 [0.005,0.034]
  len 9: 4/126 = 0.032 [0.012,0.079]
  len 10: 0/174 = 0.000 [0.000,0.022]
  written hist {9: 19}
  pruned hist {8: 1, 9: 18}
  frontier written 9 pruned 9
  reasons []
[r3_2/frozen_dore_f0_c8_s3 r2] transfer (this round, pass@32) SOLVED 3/65 = 0.046 [0.016,0.127]
  len 9: 2/28 = 0.071 [0.020,0.226]
  len 10: 1/37 = 0.027 [0.005,0.138]
  written hist {9: 10, 10: 4}
  pruned hist {9: 10, 10: 4}
  frontier written 9 pruned 9
  reasons [('rule check failed: IMPE', 530), ('rule check failed: ANDE2', 265), ('rule check failed: NEGE', 257), ('rule check failed: ANDE1', 201), ('rule check failed: ANDI', 185), ('bad box cite', 109)]
[r3_2/frozen_dore_f0_c8_s3 r2] transfer (cumulative 64 attempts) SOLVED 4/65 = 0.062 [0.024,0.148]
  len 9: 3/28 = 0.107 [0.037,0.272]
  len 10: 1/37 = 0.027 [0.005,0.138]
  written hist {9: 22, 10: 5}
  pruned hist {9: 22, 10: 5}
  frontier written 10 pruned 10
  reasons []
[r3_2/frozen_dore_f0_c8_s3 r2] transfer greedy SOLVED 1/65 = 0.015 [0.003,0.082]
  len 9: 0/28 = 0.000 [0.000,0.121]
  len 10: 1/37 = 0.027 [0.005,0.138]
  written hist {10: 1}
  pruned hist {10: 1}
  frontier written 0 pruned 0
  reasons [('rule check failed: IMPE', 18), ('rule check failed: ANDE2', 12), ('rule check failed: NEGE', 7), ('rule check failed: ANDI', 6), ('rule check failed: ANDE1', 6), ('rule check failed: DN', 5)]
[r3_2/frozen_dore_f0_c8_s3 r2] heldout greedy SOLVED 4199/4998 = 0.840 [0.830,0.850]
  len 2: 706/714 = 0.989 [0.978,0.994]
  len 3: 695/714 = 0.973 [0.959,0.983]
  len 4: 661/714 = 0.926 [0.904,0.943]
  len 5: 607/714 = 0.850 [0.822,0.874]
  len 6: 584/714 = 0.818 [0.788,0.845]
  len 7: 483/714 = 0.676 [0.641,0.710]
  len 8: 463/714 = 0.648 [0.613,0.683]
  written hist {2: 763, 3: 725, 4: 696, 5: 609, 6: 614, 7: 419, 8: 372, 9: 1}
  pruned hist {2: 765, 3: 729, 4: 698, 5: 606, 6: 611, 7: 418, 8: 371, 9: 1}
  frontier written 8 pruned 8
  reasons [('rule check failed: ANDI', 213), ('rule check failed: IMPE', 196), ('rule check failed: ORI1', 75), ('rule check failed: NEGE', 66), ('rule check failed: ANDE2', 56), ('rule check failed: ORI2', 44)]
=== round 2 done in 66s; new proofs 10; cum targets solved 4
[r3_2/frozen_dore_f0_c8_s3 r3] targets (this round, pass@32) SOLVED 2/300 = 0.007 [0.002,0.024]
  len 9: 2/126 = 0.016 [0.004,0.056]
  len 10: 0/174 = 0.000 [0.000,0.022]
  written hist {9: 8}
  pruned hist {8: 1, 9: 7}
  frontier written 9 pruned 9
  reasons [('rule check failed: NEGE', 1968), ('rule check failed: IMPE', 1877), ('rule check failed: ANDE2', 1127), ('rule check failed: ANDE1', 867), ('rule check failed: ANDI', 631), ('rule check failed: R', 627)]
[r3_2/frozen_dore_f0_c8_s3 r3] targets (cumulative 96 attempts) SOLVED 4/300 = 0.013 [0.005,0.034]
  len 9: 4/126 = 0.032 [0.012,0.079]
  len 10: 0/174 = 0.000 [0.000,0.022]
  written hist {9: 26}
  pruned hist {8: 2, 9: 24}
  frontier written 9 pruned 9
  reasons []
[r3_2/frozen_dore_f0_c8_s3 r3] transfer (this round, pass@32) SOLVED 2/65 = 0.031 [0.008,0.105]
  len 9: 2/28 = 0.071 [0.020,0.226]
  len 10: 0/37 = 0.000 [0.000,0.094]
  written hist {9: 8}
  pruned hist {9: 8}
  frontier written 9 pruned 9
  reasons [('rule check failed: IMPE', 538), ('rule check failed: NEGE', 277), ('rule check failed: ANDE2', 273), ('rule check failed: ANDE1', 195), ('rule check failed: ANDI', 184), ('rule check failed: DN', 111)]
[r3_2/frozen_dore_f0_c8_s3 r3] transfer (cumulative 96 attempts) SOLVED 4/65 = 0.062 [0.024,0.148]
  len 9: 3/28 = 0.107 [0.037,0.272]
  len 10: 1/37 = 0.027 [0.005,0.138]
  written hist {9: 30, 10: 5}
  pruned hist {9: 30, 10: 5}
  frontier written 10 pruned 10
  reasons []
[r3_2/frozen_dore_f0_c8_s3 r3] transfer greedy SOLVED 1/65 = 0.015 [0.003,0.082]
  len 9: 0/28 = 0.000 [0.000,0.121]
  len 10: 1/37 = 0.027 [0.005,0.138]
  written hist {10: 1}
  pruned hist {10: 1}
  frontier written 0 pruned 0
  reasons [('rule check failed: IMPE', 18), ('rule check failed: ANDE2', 12), ('rule check failed: NEGE', 7), ('rule check failed: ANDI', 6), ('rule check failed: ANDE1', 6), ('rule check failed: DN', 5)]
[r3_2/frozen_dore_f0_c8_s3 r3] heldout greedy SOLVED 4199/4998 = 0.840 [0.830,0.850]
  len 2: 706/714 = 0.989 [0.978,0.994]
  len 3: 695/714 = 0.973 [0.959,0.983]
  len 4: 661/714 = 0.926 [0.904,0.943]
  len 5: 607/714 = 0.850 [0.822,0.874]
  len 6: 584/714 = 0.818 [0.788,0.845]
  len 7: 483/714 = 0.676 [0.641,0.710]
  len 8: 463/714 = 0.648 [0.613,0.683]
  written hist {2: 763, 3: 725, 4: 696, 5: 609, 6: 614, 7: 419, 8: 372, 9: 1}
  pruned hist {2: 765, 3: 729, 4: 698, 5: 606, 6: 611, 7: 418, 8: 371, 9: 1}
  frontier written 8 pruned 8
  reasons [('rule check failed: ANDI', 213), ('rule check failed: IMPE', 196), ('rule check failed: ORI1', 75), ('rule check failed: NEGE', 66), ('rule check failed: ANDE2', 56), ('rule check failed: ORI2', 44)]
=== round 3 done in 44s; new proofs 7; cum targets solved 4
[r3_2/frozen_dore_f0_c8_s3 r4] targets (this round, pass@32) SOLVED 2/300 = 0.007 [0.002,0.024]
  len 9: 2/126 = 0.016 [0.004,0.056]
  len 10: 0/174 = 0.000 [0.000,0.022]
  written hist {9: 12}
  pruned hist {9: 12}
  frontier written 9 pruned 9
  reasons [('rule check failed: NEGE', 1945), ('rule check failed: IMPE', 1781), ('rule check failed: ANDE2', 1192), ('rule check failed: ANDE1', 910), ('rule check failed: R', 612), ('rule check failed: ANDI', 591)]
[r3_2/frozen_dore_f0_c8_s3 r4] targets (cumulative 128 attempts) SOLVED 4/300 = 0.013 [0.005,0.034]
  len 9: 4/126 = 0.032 [0.012,0.079]
  len 10: 0/174 = 0.000 [0.000,0.022]
  written hist {9: 32}
  pruned hist {8: 2, 9: 30}
  frontier written 9 pruned 9
  reasons []
[r3_2/frozen_dore_f0_c8_s3 r4] transfer (this round, pass@32) SOLVED 3/65 = 0.046 [0.016,0.127]
  len 9: 2/28 = 0.071 [0.020,0.226]
  len 10: 1/37 = 0.027 [0.005,0.138]
  written hist {9: 15, 10: 1}
  pruned hist {9: 15, 10: 1}
  frontier written 9 pruned 9
  reasons [('rule check failed: IMPE', 523), ('rule check failed: NEGE', 287), ('rule check failed: ANDE2', 241), ('rule check failed: ANDE1', 192), ('rule check failed: ANDI', 185), ('rule check failed: DN', 112)]
[r3_2/frozen_dore_f0_c8_s3 r4] transfer (cumulative 128 attempts) SOLVED 4/65 = 0.062 [0.024,0.148]
  len 9: 3/28 = 0.107 [0.037,0.272]
  len 10: 1/37 = 0.027 [0.005,0.138]
  written hist {9: 39, 10: 6}
  pruned hist {9: 39, 10: 6}
  frontier written 10 pruned 10
  reasons []
[r3_2/frozen_dore_f0_c8_s3 r4] transfer greedy SOLVED 1/65 = 0.015 [0.003,0.082]
  len 9: 0/28 = 0.000 [0.000,0.121]
  len 10: 1/37 = 0.027 [0.005,0.138]
  written hist {10: 1}
  pruned hist {10: 1}
  frontier written 0 pruned 0
  reasons [('rule check failed: IMPE', 18), ('rule check failed: ANDE2', 12), ('rule check failed: NEGE', 7), ('rule check failed: ANDI', 6), ('rule check failed: ANDE1', 6), ('rule check failed: DN', 5)]
[r3_2/frozen_dore_f0_c8_s3 r4] heldout greedy SOLVED 4199/4998 = 0.840 [0.830,0.850]
  len 2: 706/714 = 0.989 [0.978,0.994]
  len 3: 695/714 = 0.973 [0.959,0.983]
  len 4: 661/714 = 0.926 [0.904,0.943]
  len 5: 607/714 = 0.850 [0.822,0.874]
  len 6: 584/714 = 0.818 [0.788,0.845]
  len 7: 483/714 = 0.676 [0.641,0.710]
  len 8: 463/714 = 0.648 [0.613,0.683]
  written hist {2: 763, 3: 725, 4: 696, 5: 609, 6: 614, 7: 419, 8: 372, 9: 1}
  pruned hist {2: 765, 3: 729, 4: 698, 5: 606, 6: 611, 7: 418, 8: 371, 9: 1}
  frontier written 8 pruned 8
  reasons [('rule check failed: ANDI', 213), ('rule check failed: IMPE', 196), ('rule check failed: ORI1', 75), ('rule check failed: NEGE', 66), ('rule check failed: ANDE2', 56), ('rule check failed: ORI2', 44)]
=== round 4 done in 58s; new proofs 6; cum targets solved 4
[r3_2/frozen_dore_f0_c8_s3 r5] targets (this round, pass@32) SOLVED 5/300 = 0.017 [0.007,0.038]
  len 9: 5/126 = 0.040 [0.017,0.090]
  len 10: 0/174 = 0.000 [0.000,0.022]
  written hist {9: 14}
  pruned hist {9: 14}
  frontier written 9 pruned 9
  reasons [('rule check failed: NEGE', 1921), ('rule check failed: IMPE', 1878), ('rule check failed: ANDE2', 1193), ('rule check failed: ANDE1', 856), ('rule check failed: R', 624), ('rule check failed: ANDI', 622)]
[r3_2/frozen_dore_f0_c8_s3 r5] targets (cumulative 160 attempts) SOLVED 5/300 = 0.017 [0.007,0.038]
  len 9: 5/126 = 0.040 [0.017,0.090]
  len 10: 0/174 = 0.000 [0.000,0.022]
  written hist {9: 44}
  pruned hist {8: 2, 9: 42}
  frontier written 9 pruned 9
  reasons []
[r3_2/frozen_dore_f0_c8_s3 r5] transfer (this round, pass@32) SOLVED 3/65 = 0.046 [0.016,0.127]
  len 9: 2/28 = 0.071 [0.020,0.226]
  len 10: 1/37 = 0.027 [0.005,0.138]
  written hist {9: 10, 10: 2}
  pruned hist {9: 10, 10: 2}
  frontier written 9 pruned 9
  reasons [('rule check failed: IMPE', 532), ('rule check failed: NEGE', 266), ('rule check failed: ANDE2', 251), ('rule check failed: ANDE1', 215), ('rule check failed: ANDI', 198), ('rule check failed: DN', 111)]
[r3_2/frozen_dore_f0_c8_s3 r5] transfer (cumulative 160 attempts) SOLVED 4/65 = 0.062 [0.024,0.148]
  len 9: 3/28 = 0.107 [0.037,0.272]
  len 10: 1/37 = 0.027 [0.005,0.138]
  written hist {9: 46, 10: 8}
  pruned hist {9: 46, 10: 8}
  frontier written 10 pruned 10
  reasons []
[r3_2/frozen_dore_f0_c8_s3 r5] transfer greedy SOLVED 1/65 = 0.015 [0.003,0.082]
  len 9: 0/28 = 0.000 [0.000,0.121]
  len 10: 1/37 = 0.027 [0.005,0.138]
  written hist {10: 1}
  pruned hist {10: 1}
  frontier written 0 pruned 0
  reasons [('rule check failed: IMPE', 18), ('rule check failed: ANDE2', 12), ('rule check failed: NEGE', 7), ('rule check failed: ANDI', 6), ('rule check failed: ANDE1', 6), ('rule check failed: DN', 5)]
[r3_2/frozen_dore_f0_c8_s3 r5] heldout greedy SOLVED 4199/4998 = 0.840 [0.830,0.850]
  len 2: 706/714 = 0.989 [0.978,0.994]
  len 3: 695/714 = 0.973 [0.959,0.983]
  len 4: 661/714 = 0.926 [0.904,0.943]
  len 5: 607/714 = 0.850 [0.822,0.874]
  len 6: 584/714 = 0.818 [0.788,0.845]
  len 7: 483/714 = 0.676 [0.641,0.710]
  len 8: 463/714 = 0.648 [0.613,0.683]
  written hist {2: 763, 3: 725, 4: 696, 5: 609, 6: 614, 7: 419, 8: 372, 9: 1}
  pruned hist {2: 765, 3: 729, 4: 698, 5: 606, 6: 611, 7: 418, 8: 371, 9: 1}
  frontier written 8 pruned 8
  reasons [('rule check failed: ANDI', 213), ('rule check failed: IMPE', 196), ('rule check failed: ORI1', 75), ('rule check failed: NEGE', 66), ('rule check failed: ANDE2', 56), ('rule check failed: ORI2', 44)]
=== round 5 done in 59s; new proofs 12; cum targets solved 5
[r3_2/frozen_dore_f0_c8_s3 r6] targets (this round, pass@32) SOLVED 5/300 = 0.017 [0.007,0.038]
  len 9: 5/126 = 0.040 [0.017,0.090]
  len 10: 0/174 = 0.000 [0.000,0.022]
  written hist {9: 11}
  pruned hist {9: 11}
  frontier written 9 pruned 9
  reasons [('rule check failed: NEGE', 1987), ('rule check failed: IMPE', 1840), ('rule check failed: ANDE2', 1148), ('rule check failed: ANDE1', 875), ('rule check failed: R', 631), ('rule check failed: ANDI', 608)]
[r3_2/frozen_dore_f0_c8_s3 r6] targets (cumulative 192 attempts) SOLVED 6/300 = 0.020 [0.009,0.043]
  len 9: 6/126 = 0.048 [0.022,0.100]
  len 10: 0/174 = 0.000 [0.000,0.022]
  written hist {9: 51}
  pruned hist {8: 2, 9: 49}
  frontier written 9 pruned 9
  reasons []
[r3_2/frozen_dore_f0_c8_s3 r6] transfer (this round, pass@32) SOLVED 4/65 = 0.062 [0.024,0.148]
  len 9: 3/28 = 0.107 [0.037,0.272]
  len 10: 1/37 = 0.027 [0.005,0.138]
  written hist {9: 13, 10: 2}
  pruned hist {9: 13, 10: 2}
  frontier written 9 pruned 9
  reasons [('rule check failed: IMPE', 533), ('rule check failed: ANDE2', 273), ('rule check failed: NEGE', 258), ('rule check failed: ANDE1', 191), ('rule check failed: ANDI', 190), ('rule check failed: DN', 111)]
[r3_2/frozen_dore_f0_c8_s3 r6] transfer (cumulative 192 attempts) SOLVED 4/65 = 0.062 [0.024,0.148]
  len 9: 3/28 = 0.107 [0.037,0.272]
  len 10: 1/37 = 0.027 [0.005,0.138]
  written hist {9: 56, 10: 10}
  pruned hist {9: 56, 10: 10}
  frontier written 10 pruned 10
  reasons []
[r3_2/frozen_dore_f0_c8_s3 r6] transfer greedy SOLVED 1/65 = 0.015 [0.003,0.082]
  len 9: 0/28 = 0.000 [0.000,0.121]
  len 10: 1/37 = 0.027 [0.005,0.138]
  written hist {10: 1}
  pruned hist {10: 1}
  frontier written 0 pruned 0
  reasons [('rule check failed: IMPE', 18), ('rule check failed: ANDE2', 12), ('rule check failed: NEGE', 7), ('rule check failed: ANDI', 6), ('rule check failed: ANDE1', 6), ('rule check failed: DN', 5)]
[r3_2/frozen_dore_f0_c8_s3 r6] heldout greedy SOLVED 4199/4998 = 0.840 [0.830,0.850]
  len 2: 706/714 = 0.989 [0.978,0.994]
  len 3: 695/714 = 0.973 [0.959,0.983]
  len 4: 661/714 = 0.926 [0.904,0.943]
  len 5: 607/714 = 0.850 [0.822,0.874]
  len 6: 584/714 = 0.818 [0.788,0.845]
  len 7: 483/714 = 0.676 [0.641,0.710]
  len 8: 463/714 = 0.648 [0.613,0.683]
  written hist {2: 763, 3: 725, 4: 696, 5: 609, 6: 614, 7: 419, 8: 372, 9: 1}
  pruned hist {2: 765, 3: 729, 4: 698, 5: 606, 6: 611, 7: 418, 8: 371, 9: 1}
  frontier written 8 pruned 8
  reasons [('rule check failed: ANDI', 213), ('rule check failed: IMPE', 196), ('rule check failed: ORI1', 75), ('rule check failed: NEGE', 66), ('rule check failed: ANDE2', 56), ('rule check failed: ORI2', 44)]
=== round 6 done in 42s; new proofs 7; cum targets solved 6
[r3_2/frozen_dore_f0_c8_s3 r7] targets (this round, pass@32) SOLVED 5/300 = 0.017 [0.007,0.038]
  len 9: 5/126 = 0.040 [0.017,0.090]
  len 10: 0/174 = 0.000 [0.000,0.022]
  written hist {9: 14}
  pruned hist {9: 14}
  frontier written 9 pruned 9
  reasons [('rule check failed: NEGE', 1887), ('rule check failed: IMPE', 1880), ('rule check failed: ANDE2', 1163), ('rule check failed: ANDE1', 885), ('rule check failed: R', 627), ('rule check failed: ANDI', 579)]
[r3_2/frozen_dore_f0_c8_s3 r7] targets (cumulative 224 attempts) SOLVED 6/300 = 0.020 [0.009,0.043]
  len 9: 6/126 = 0.048 [0.022,0.100]
  len 10: 0/174 = 0.000 [0.000,0.022]
  written hist {9: 62}
  pruned hist {8: 2, 9: 60}
  frontier written 9 pruned 9
  reasons []
[r3_2/frozen_dore_f0_c8_s3 r7] transfer (this round, pass@32) SOLVED 5/65 = 0.077 [0.033,0.168]
  len 9: 4/28 = 0.143 [0.057,0.315]
  len 10: 1/37 = 0.027 [0.005,0.138]
  written hist {9: 16, 10: 1}
  pruned hist {9: 16, 10: 1}
  frontier written 9 pruned 9
  reasons [('rule check failed: IMPE', 540), ('rule check failed: ANDE2', 267), ('rule check failed: NEGE', 244), ('rule check failed: ANDE1', 208), ('rule check failed: ANDI', 195), ('rule check failed: DN', 113)]
[r3_2/frozen_dore_f0_c8_s3 r7] transfer (cumulative 224 attempts) SOLVED 5/65 = 0.077 [0.033,0.168]
  len 9: 4/28 = 0.143 [0.057,0.315]
  len 10: 1/37 = 0.027 [0.005,0.138]
  written hist {9: 67, 10: 11}
  pruned hist {9: 67, 10: 11}
  frontier written 10 pruned 10
  reasons []
[r3_2/frozen_dore_f0_c8_s3 r7] transfer greedy SOLVED 1/65 = 0.015 [0.003,0.082]
  len 9: 0/28 = 0.000 [0.000,0.121]
  len 10: 1/37 = 0.027 [0.005,0.138]
  written hist {10: 1}
  pruned hist {10: 1}
  frontier written 0 pruned 0
  reasons [('rule check failed: IMPE', 18), ('rule check failed: ANDE2', 12), ('rule check failed: NEGE', 7), ('rule check failed: ANDI', 6), ('rule check failed: ANDE1', 6), ('rule check failed: DN', 5)]
[r3_2/frozen_dore_f0_c8_s3 r7] heldout greedy SOLVED 4199/4998 = 0.840 [0.830,0.850]
  len 2: 706/714 = 0.989 [0.978,0.994]
  len 3: 695/714 = 0.973 [0.959,0.983]
  len 4: 661/714 = 0.926 [0.904,0.943]
  len 5: 607/714 = 0.850 [0.822,0.874]
  len 6: 584/714 = 0.818 [0.788,0.845]
  len 7: 483/714 = 0.676 [0.641,0.710]
  len 8: 463/714 = 0.648 [0.613,0.683]
  written hist {2: 763, 3: 725, 4: 696, 5: 609, 6: 614, 7: 419, 8: 372, 9: 1}
  pruned hist {2: 765, 3: 729, 4: 698, 5: 606, 6: 611, 7: 418, 8: 371, 9: 1}
  frontier written 8 pruned 8
  reasons [('rule check failed: ANDI', 213), ('rule check failed: IMPE', 196), ('rule check failed: ORI1', 75), ('rule check failed: NEGE', 66), ('rule check failed: ANDE2', 56), ('rule check failed: ORI2', 44)]
=== round 7 done in 65s; new proofs 11; cum targets solved 6
[r3_2/frozen_dore_f0_c8_s3 r8] targets (this round, pass@32) SOLVED 3/300 = 0.010 [0.003,0.029]
  len 9: 3/126 = 0.024 [0.008,0.068]
  len 10: 0/174 = 0.000 [0.000,0.022]
  written hist {9: 13}
  pruned hist {9: 13}
  frontier written 9 pruned 9
  reasons [('rule check failed: NEGE', 1962), ('rule check failed: IMPE', 1850), ('rule check failed: ANDE2', 1158), ('rule check failed: ANDE1', 899), ('rule check failed: R', 627), ('rule check failed: ANDI', 600)]
[r3_2/frozen_dore_f0_c8_s3 r8] targets (cumulative 256 attempts) SOLVED 6/300 = 0.020 [0.009,0.043]
  len 9: 6/126 = 0.048 [0.022,0.100]
  len 10: 0/174 = 0.000 [0.000,0.022]
  written hist {9: 72}
  pruned hist {8: 2, 9: 70}
  frontier written 9 pruned 9
  reasons []
[r3_2/frozen_dore_f0_c8_s3 r8] transfer (this round, pass@32) SOLVED 3/65 = 0.046 [0.016,0.127]
  len 9: 3/28 = 0.107 [0.037,0.272]
  len 10: 0/37 = 0.000 [0.000,0.094]
  written hist {9: 17}
  pruned hist {9: 17}
  frontier written 9 pruned 9
  reasons [('rule check failed: IMPE', 543), ('rule check failed: NEGE', 284), ('rule check failed: ANDE2', 269), ('rule check failed: ANDE1', 204), ('rule check failed: ANDI', 175), ('rule check failed: DN', 104)]
[r3_2/frozen_dore_f0_c8_s3 r8] transfer (cumulative 256 attempts) SOLVED 5/65 = 0.077 [0.033,0.168]
  len 9: 4/28 = 0.143 [0.057,0.315]
  len 10: 1/37 = 0.027 [0.005,0.138]
  written hist {9: 77, 10: 11}
  pruned hist {9: 77, 10: 11}
  frontier written 10 pruned 10
  reasons []
[r3_2/frozen_dore_f0_c8_s3 r8] transfer greedy SOLVED 1/65 = 0.015 [0.003,0.082]
  len 9: 0/28 = 0.000 [0.000,0.121]
  len 10: 1/37 = 0.027 [0.005,0.138]
  written hist {10: 1}
  pruned hist {10: 1}
  frontier written 0 pruned 0
  reasons [('rule check failed: IMPE', 18), ('rule check failed: ANDE2', 12), ('rule check failed: NEGE', 7), ('rule check failed: ANDI', 6), ('rule check failed: ANDE1', 6), ('rule check failed: DN', 5)]
[r3_2/frozen_dore_f0_c8_s3 r8] heldout greedy SOLVED 4199/4998 = 0.840 [0.830,0.850]
  len 2: 706/714 = 0.989 [0.978,0.994]
  len 3: 695/714 = 0.973 [0.959,0.983]
  len 4: 661/714 = 0.926 [0.904,0.943]
  len 5: 607/714 = 0.850 [0.822,0.874]
  len 6: 584/714 = 0.818 [0.788,0.845]
  len 7: 483/714 = 0.676 [0.641,0.710]
  len 8: 463/714 = 0.648 [0.613,0.683]
  written hist {2: 763, 3: 725, 4: 696, 5: 609, 6: 614, 7: 419, 8: 372, 9: 1}
  pruned hist {2: 765, 3: 729, 4: 698, 5: 606, 6: 611, 7: 418, 8: 371, 9: 1}
  frontier written 8 pruned 8
  reasons [('rule check failed: ANDI', 213), ('rule check failed: IMPE', 196), ('rule check failed: ORI1', 75), ('rule check failed: NEGE', 66), ('rule check failed: ANDE2', 56), ('rule check failed: ORI2', 44)]
=== round 8 done in 58s; new proofs 10; cum targets solved 6
