[r3_2/frozen_dore_f0.001_c8_s0 r1] targets (this round, pass@32) SOLVED 8/300 = 0.027 [0.014,0.052]
  len 9: 8/126 = 0.063 [0.033,0.120]
  len 10: 0/174 = 0.000 [0.000,0.022]
  written hist {9: 76}
  pruned hist {9: 76}
  frontier written 9 pruned 9
  reasons [('rule check failed: NEGE', 2068), ('rule check failed: IMPE', 1814), ('rule check failed: DN', 1221), ('rule check failed: ANDE2', 1078), ('rule check failed: ANDI', 742), ('rule check failed: ANDE1', 477)]
[r3_2/frozen_dore_f0.001_c8_s0 r1] targets (cumulative 32 attempts) SOLVED 8/300 = 0.027 [0.014,0.052]
  len 9: 8/126 = 0.063 [0.033,0.120]
  len 10: 0/174 = 0.000 [0.000,0.022]
  written hist {9: 76}
  pruned hist {9: 76}
  frontier written 9 pruned 9
  reasons []
[r3_2/frozen_dore_f0.001_c8_s0 r1] transfer (this round, pass@32) SOLVED 5/65 = 0.077 [0.033,0.168]
  len 9: 5/28 = 0.179 [0.079,0.356]
  len 10: 0/37 = 0.000 [0.000,0.094]
  written hist {9: 45}
  pruned hist {9: 45}
  frontier written 9 pruned 9
  reasons [('rule check failed: IMPE', 518), ('rule check failed: NEGE', 316), ('rule check failed: ANDE2', 213), ('rule check failed: DN', 205), ('rule check failed: ANDI', 156), ('rule check failed: ANDE1', 136)]
[r3_2/frozen_dore_f0.001_c8_s0 r1] transfer (cumulative 32 attempts) SOLVED 5/65 = 0.077 [0.033,0.168]
  len 9: 5/28 = 0.179 [0.079,0.356]
  len 10: 0/37 = 0.000 [0.000,0.094]
  written hist {9: 45}
  pruned hist {9: 45}
  frontier written 9 pruned 9
  reasons []
[r3_2/frozen_dore_f0.001_c8_s0 r1] transfer greedy SOLVED 2/65 = 0.031 [0.008,0.105]
  len 9: 2/28 = 0.071 [0.020,0.226]
  len 10: 0/37 = 0.000 [0.000,0.094]
  written hist {9: 2}
  pruned hist {9: 2}
  frontier written 0 pruned 0
  reasons [('rule check failed: IMPE', 16), ('rule check failed: NEGE', 10), ('rule check failed: DN', 8), ('rule check failed: ANDE2', 6), ('rule check failed: ANDI', 5), ('rule check failed: BOTE', 3)]
[r3_2/frozen_dore_f0.001_c8_s0 r1] heldout greedy SOLVED 4649/4998 = 0.930 [0.923,0.937]
  len 2: 710/714 = 0.994 [0.986,0.998]
  len 3: 703/714 = 0.985 [0.973,0.991]
  len 4: 706/714 = 0.989 [0.978,0.994]
  len 5: 672/714 = 0.941 [0.921,0.956]
  len 6: 668/714 = 0.936 [0.915,0.951]
  len 7: 614/714 = 0.860 [0.833,0.883]
  len 8: 576/714 = 0.807 [0.776,0.834]
  written hist {2: 766, 3: 730, 4: 743, 5: 689, 6: 711, 7: 540, 8: 466, 9: 4}
  pruned hist {2: 777, 3: 731, 4: 753, 5: 689, 6: 699, 7: 536, 8: 460, 9: 4}
  frontier written 8 pruned 8
  reasons [('rule check failed: ANDI', 100), ('rule check failed: IMPE', 67), ('rule check failed: ORI1', 27), ('rule check failed: ORI2', 22), ('rule check failed: NEGE', 20), ('rule check failed: ORE', 16)]
=== round 1 done in 38s; new proofs 76; cum targets solved 8
[r3_2/frozen_dore_f0.001_c8_s0 r2] targets (this round, pass@32) SOLVED 6/300 = 0.020 [0.009,0.043]
  len 9: 5/126 = 0.040 [0.017,0.090]
  len 10: 1/174 = 0.006 [0.001,0.032]
  written hist {9: 59, 10: 1}
  pruned hist {9: 59, 10: 1}
  frontier written 9 pruned 9
  reasons [('rule check failed: NEGE', 2037), ('rule check failed: IMPE', 1774), ('rule check failed: DN', 1268), ('rule check failed: ANDE2', 1097), ('rule check failed: ANDI', 750), ('rule check failed: ANDE1', 493)]
[r3_2/frozen_dore_f0.001_c8_s0 r2] targets (cumulative 64 attempts) SOLVED 10/300 = 0.033 [0.018,0.060]
  len 9: 9/126 = 0.071 [0.038,0.130]
  len 10: 1/174 = 0.006 [0.001,0.032]
  written hist {9: 119, 10: 1}
  pruned hist {9: 119, 10: 1}
  frontier written 9 pruned 9
  reasons []
[r3_2/frozen_dore_f0.001_c8_s0 r2] transfer (this round, pass@32) SOLVED 5/65 = 0.077 [0.033,0.168]
  len 9: 5/28 = 0.179 [0.079,0.356]
  len 10: 0/37 = 0.000 [0.000,0.094]
  written hist {9: 54}
  pruned hist {9: 54}
  frontier written 9 pruned 9
  reasons [('rule check failed: IMPE', 463), ('rule check failed: NEGE', 346), ('rule check failed: ANDE2', 215), ('rule check failed: DN', 204), ('rule check failed: ANDE1', 154), ('rule check failed: ANDI', 134)]
[r3_2/frozen_dore_f0.001_c8_s0 r2] transfer (cumulative 64 attempts) SOLVED 5/65 = 0.077 [0.033,0.168]
  len 9: 5/28 = 0.179 [0.079,0.356]
  len 10: 0/37 = 0.000 [0.000,0.094]
  written hist {9: 91}
  pruned hist {9: 91}
  frontier written 9 pruned 9
  reasons []
[r3_2/frozen_dore_f0.001_c8_s0 r2] transfer greedy SOLVED 2/65 = 0.031 [0.008,0.105]
  len 9: 2/28 = 0.071 [0.020,0.226]
  len 10: 0/37 = 0.000 [0.000,0.094]
  written hist {9: 2}
  pruned hist {9: 2}
  frontier written 0 pruned 0
  reasons [('rule check failed: IMPE', 16), ('rule check failed: NEGE', 10), ('rule check failed: DN', 8), ('rule check failed: ANDE2', 6), ('rule check failed: ANDI', 5), ('rule check failed: BOTE', 3)]
[r3_2/frozen_dore_f0.001_c8_s0 r2] heldout greedy SOLVED 4649/4998 = 0.930 [0.923,0.937]
  len 2: 710/714 = 0.994 [0.986,0.998]
  len 3: 703/714 = 0.985 [0.973,0.991]
  len 4: 706/714 = 0.989 [0.978,0.994]
  len 5: 672/714 = 0.941 [0.921,0.956]
  len 6: 668/714 = 0.936 [0.915,0.951]
  len 7: 614/714 = 0.860 [0.833,0.883]
  len 8: 576/714 = 0.807 [0.776,0.834]
  written hist {2: 766, 3: 730, 4: 743, 5: 689, 6: 711, 7: 540, 8: 466, 9: 4}
  pruned hist {2: 777, 3: 731, 4: 753, 5: 689, 6: 699, 7: 536, 8: 460, 9: 4}
  frontier written 8 pruned 8
  reasons [('rule check failed: ANDI', 100), ('rule check failed: IMPE', 67), ('rule check failed: ORI1', 27), ('rule check failed: ORI2', 22), ('rule check failed: NEGE', 20), ('rule check failed: ORE', 16)]
=== round 2 done in 80s; new proofs 44; cum targets solved 10
[r3_2/frozen_dore_f0.001_c8_s0 r3] targets (this round, pass@32) SOLVED 10/300 = 0.033 [0.018,0.060]
  len 9: 9/126 = 0.071 [0.038,0.130]
  len 10: 1/174 = 0.006 [0.001,0.032]
  written hist {9: 74, 10: 1}
  pruned hist {8: 2, 9: 72, 10: 1}
  frontier written 9 pruned 9
  reasons [('rule check failed: NEGE', 2105), ('rule check failed: IMPE', 1828), ('rule check failed: DN', 1230), ('rule check failed: ANDE2', 1015), ('rule check failed: ANDI', 753), ('rule check failed: ANDE1', 477)]
[r3_2/frozen_dore_f0.001_c8_s0 r3] targets (cumulative 96 attempts) SOLVED 12/300 = 0.040 [0.023,0.069]
  len 9: 11/126 = 0.087 [0.049,0.150]
  len 10: 1/174 = 0.006 [0.001,0.032]
  written hist {9: 168, 10: 2}
  pruned hist {8: 2, 9: 166, 10: 2}
  frontier written 9 pruned 9
  reasons []
[r3_2/frozen_dore_f0.001_c8_s0 r3] transfer (this round, pass@32) SOLVED 6/65 = 0.092 [0.043,0.187]
  len 9: 6/28 = 0.214 [0.102,0.395]
  len 10: 0/37 = 0.000 [0.000,0.094]
  written hist {9: 55}
  pruned hist {8: 2, 9: 53}
  frontier written 9 pruned 9
  reasons [('rule check failed: IMPE', 446), ('rule check failed: NEGE', 349), ('rule check failed: DN', 220), ('rule check failed: ANDE2', 210), ('rule check failed: ANDE1', 158), ('rule check failed: ANDI', 128)]
[r3_2/frozen_dore_f0.001_c8_s0 r3] transfer (cumulative 96 attempts) SOLVED 6/65 = 0.092 [0.043,0.187]
  len 9: 6/28 = 0.214 [0.102,0.395]
  len 10: 0/37 = 0.000 [0.000,0.094]
  written hist {9: 129}
  pruned hist {8: 2, 9: 127}
  frontier written 9 pruned 9
  reasons []
[r3_2/frozen_dore_f0.001_c8_s0 r3] transfer greedy SOLVED 2/65 = 0.031 [0.008,0.105]
  len 9: 2/28 = 0.071 [0.020,0.226]
  len 10: 0/37 = 0.000 [0.000,0.094]
  written hist {9: 2}
  pruned hist {9: 2}
  frontier written 0 pruned 0
  reasons [('rule check failed: IMPE', 16), ('rule check failed: NEGE', 10), ('rule check failed: DN', 8), ('rule check failed: ANDE2', 6), ('rule check failed: ANDI', 5), ('rule check failed: BOTE', 3)]
[r3_2/frozen_dore_f0.001_c8_s0 r3] heldout greedy SOLVED 4649/4998 = 0.930 [0.923,0.937]
  len 2: 710/714 = 0.994 [0.986,0.998]
  len 3: 703/714 = 0.985 [0.973,0.991]
  len 4: 706/714 = 0.989 [0.978,0.994]
  len 5: 672/714 = 0.941 [0.921,0.956]
  len 6: 668/714 = 0.936 [0.915,0.951]
  len 7: 614/714 = 0.860 [0.833,0.883]
  len 8: 576/714 = 0.807 [0.776,0.834]
  written hist {2: 766, 3: 730, 4: 743, 5: 689, 6: 711, 7: 540, 8: 466, 9: 4}
  pruned hist {2: 777, 3: 731, 4: 753, 5: 689, 6: 699, 7: 536, 8: 460, 9: 4}
  frontier written 8 pruned 8
  reasons [('rule check failed: ANDI', 100), ('rule check failed: IMPE', 67), ('rule check failed: ORI1', 27), ('rule check failed: ORI2', 22), ('rule check failed: NEGE', 20), ('rule check failed: ORE', 16)]
=== round 3 done in 55s; new proofs 50; cum targets solved 12
[r3_2/frozen_dore_f0.001_c8_s0 r4] targets (this round, pass@32) SOLVED 11/300 = 0.037 [0.021,0.064]
  len 9: 10/126 = 0.079 [0.044,0.140]
  len 10: 1/174 = 0.006 [0.001,0.032]
  written hist {9: 85, 10: 1}
  pruned hist {8: 1, 9: 84, 10: 1}
  frontier written 9 pruned 9
  reasons [('rule check failed: NEGE', 2048), ('rule check failed: IMPE', 1839), ('rule check failed: DN', 1254), ('rule check failed: ANDE2', 1066), ('rule check failed: ANDI', 742), ('rule check failed: ANDE1', 471)]
[r3_2/frozen_dore_f0.001_c8_s0 r4] targets (cumulative 128 attempts) SOLVED 14/300 = 0.047 [0.028,0.077]
  len 9: 13/126 = 0.103 [0.061,0.169]
  len 10: 1/174 = 0.006 [0.001,0.032]
  written hist {9: 223, 10: 3}
  pruned hist {8: 3, 9: 220, 10: 3}
  frontier written 9 pruned 9
  reasons []
[r3_2/frozen_dore_f0.001_c8_s0 r4] transfer (this round, pass@32) SOLVED 6/65 = 0.092 [0.043,0.187]
  len 9: 6/28 = 0.214 [0.102,0.395]
  len 10: 0/37 = 0.000 [0.000,0.094]
  written hist {9: 50}
  pruned hist {9: 50}
  frontier written 9 pruned 9
  reasons [('rule check failed: IMPE', 477), ('rule check failed: NEGE', 338), ('rule check failed: ANDE2', 239), ('rule check failed: DN', 199), ('rule check failed: ANDE1', 162), ('rule check failed: ANDI', 143)]
[r3_2/frozen_dore_f0.001_c8_s0 r4] transfer (cumulative 128 attempts) SOLVED 6/65 = 0.092 [0.043,0.187]
  len 9: 6/28 = 0.214 [0.102,0.395]
  len 10: 0/37 = 0.000 [0.000,0.094]
  written hist {9: 154}
  pruned hist {8: 2, 9: 152}
  frontier written 9 pruned 9
  reasons []
[r3_2/frozen_dore_f0.001_c8_s0 r4] transfer greedy SOLVED 2/65 = 0.031 [0.008,0.105]
  len 9: 2/28 = 0.071 [0.020,0.226]
  len 10: 0/37 = 0.000 [0.000,0.094]
  written hist {9: 2}
  pruned hist {9: 2}
  frontier written 0 pruned 0
  reasons [('rule check failed: IMPE', 16), ('rule check failed: NEGE', 10), ('rule check failed: DN', 8), ('rule check failed: ANDE2', 6), ('rule check failed: ANDI', 5), ('rule check failed: BOTE', 3)]
[r3_2/frozen_dore_f0.001_c8_s0 r4] heldout greedy SOLVED 4649/4998 = 0.930 [0.923,0.937]
  len 2: 710/714 = 0.994 [0.986,0.998]
  len 3: 703/714 = 0.985 [0.973,0.991]
  len 4: 706/714 = 0.989 [0.978,0.994]
  len 5: 672/714 = 0.941 [0.921,0.956]
  len 6: 668/714 = 0.936 [0.915,0.951]
  len 7: 614/714 = 0.860 [0.833,0.883]
  len 8: 576/714 = 0.807 [0.776,0.834]
  written hist {2: 766, 3: 730, 4: 743, 5: 689, 6: 711, 7: 540, 8: 466, 9: 4}
  pruned hist {2: 777, 3: 731, 4: 753, 5: 689, 6: 699, 7: 536, 8: 460, 9: 4}
  frontier written 8 pruned 8
  reasons [('rule check failed: ANDI', 100), ('rule check failed: IMPE', 67), ('rule check failed: ORI1', 27), ('rule check failed: ORI2', 22), ('rule check failed: NEGE', 20), ('rule check failed: ORE', 16)]
=== round 4 done in 69s; new proofs 56; cum targets solved 14
[r3_2/frozen_dore_f0.001_c8_s0 r5] targets (this round, pass@32) SOLVED 11/300 = 0.037 [0.021,0.064]
  len 9: 9/126 = 0.071 [0.038,0.130]
  len 10: 2/174 = 0.011 [0.003,0.041]
  written hist {9: 81, 10: 3}
  pruned hist {8: 1, 9: 80, 10: 3}
  frontier written 9 pruned 9
  reasons [('rule check failed: NEGE', 2114), ('rule check failed: IMPE', 1811), ('rule check failed: DN', 1207), ('rule check failed: ANDE2', 1082), ('rule check failed: ANDI', 749), ('rule check failed: ANDE1', 449)]
[r3_2/frozen_dore_f0.001_c8_s0 r5] targets (cumulative 160 attempts) SOLVED 15/300 = 0.050 [0.031,0.081]
  len 9: 13/126 = 0.103 [0.061,0.169]
  len 10: 2/174 = 0.011 [0.003,0.041]
  written hist {9: 263, 10: 6}
  pruned hist {8: 4, 9: 259, 10: 6}
  frontier written 10 pruned 10
  reasons []
[r3_2/frozen_dore_f0.001_c8_s0 r5] transfer (this round, pass@32) SOLVED 6/65 = 0.092 [0.043,0.187]
  len 9: 6/28 = 0.214 [0.102,0.395]
  len 10: 0/37 = 0.000 [0.000,0.094]
  written hist {9: 68}
  pruned hist {9: 68}
  frontier written 9 pruned 9
  reasons [('rule check failed: IMPE', 496), ('rule check failed: NEGE', 338), ('rule check failed: ANDE2', 215), ('rule check failed: DN', 196), ('rule check failed: ANDE1', 170), ('rule check failed: ANDI', 140)]
[r3_2/frozen_dore_f0.001_c8_s0 r5] transfer (cumulative 160 attempts) SOLVED 7/65 = 0.108 [0.053,0.206]
  len 9: 7/28 = 0.250 [0.127,0.434]
  len 10: 0/37 = 0.000 [0.000,0.094]
  written hist {9: 186}
  pruned hist {8: 2, 9: 184}
  frontier written 9 pruned 9
  reasons []
[r3_2/frozen_dore_f0.001_c8_s0 r5] transfer greedy SOLVED 2/65 = 0.031 [0.008,0.105]
  len 9: 2/28 = 0.071 [0.020,0.226]
  len 10: 0/37 = 0.000 [0.000,0.094]
  written hist {9: 2}
  pruned hist {9: 2}
  frontier written 0 pruned 0
  reasons [('rule check failed: IMPE', 16), ('rule check failed: NEGE', 10), ('rule check failed: DN', 8), ('rule check failed: ANDE2', 6), ('rule check failed: ANDI', 5), ('rule check failed: BOTE', 3)]
[r3_2/frozen_dore_f0.001_c8_s0 r5] heldout greedy SOLVED 4649/4998 = 0.930 [0.923,0.937]
  len 2: 710/714 = 0.994 [0.986,0.998]
  len 3: 703/714 = 0.985 [0.973,0.991]
  len 4: 706/714 = 0.989 [0.978,0.994]
  len 5: 672/714 = 0.941 [0.921,0.956]
  len 6: 668/714 = 0.936 [0.915,0.951]
  len 7: 614/714 = 0.860 [0.833,0.883]
  len 8: 576/714 = 0.807 [0.776,0.834]
  written hist {2: 766, 3: 730, 4: 743, 5: 689, 6: 711, 7: 540, 8: 466, 9: 4}
  pruned hist {2: 777, 3: 731, 4: 753, 5: 689, 6: 699, 7: 536, 8: 460, 9: 4}
  frontier written 8 pruned 8
  reasons [('rule check failed: ANDI', 100), ('rule check failed: IMPE', 67), ('rule check failed: ORI1', 27), ('rule check failed: ORI2', 22), ('rule check failed: NEGE', 20), ('rule check failed: ORE', 16)]
=== round 5 done in 83s; new proofs 43; cum targets solved 15
[r3_2/frozen_dore_f0.001_c8_s0 r6] targets (this round, pass@32) SOLVED 9/300 = 0.030 [0.016,0.056]
  len 9: 7/126 = 0.056 [0.027,0.110]
  len 10: 2/174 = 0.011 [0.003,0.041]
  written hist {9: 71, 10: 3}
  pruned hist {9: 71, 10: 3}
  frontier written 9 pruned 9
  reasons [('rule check failed: NEGE', 2100), ('rule check failed: IMPE', 1778), ('rule check failed: DN', 1207), ('rule check failed: ANDE2', 1039), ('rule check failed: ANDI', 757), ('rule check failed: ANDE1', 449)]
[r3_2/frozen_dore_f0.001_c8_s0 r6] targets (cumulative 192 attempts) SOLVED 15/300 = 0.050 [0.031,0.081]
  len 9: 13/126 = 0.103 [0.061,0.169]
  len 10: 2/174 = 0.011 [0.003,0.041]
  written hist {9: 288, 10: 9}
  pruned hist {8: 4, 9: 284, 10: 9}
  frontier written 10 pruned 10
  reasons []
[r3_2/frozen_dore_f0.001_c8_s0 r6] transfer (this round, pass@32) SOLVED 6/65 = 0.092 [0.043,0.187]
  len 9: 6/28 = 0.214 [0.102,0.395]
  len 10: 0/37 = 0.000 [0.000,0.094]
  written hist {9: 59}
  pruned hist {8: 1, 9: 58}
  frontier written 9 pruned 9
  reasons [('rule check failed: IMPE', 495), ('rule check failed: NEGE', 379), ('rule check failed: ANDE2', 204), ('rule check failed: DN', 179), ('rule check failed: ANDI', 150), ('rule check failed: ANDE1', 150)]
[r3_2/frozen_dore_f0.001_c8_s0 r6] transfer (cumulative 192 attempts) SOLVED 7/65 = 0.108 [0.053,0.206]
  len 9: 7/28 = 0.250 [0.127,0.434]
  len 10: 0/37 = 0.000 [0.000,0.094]
  written hist {9: 210}
  pruned hist {8: 3, 9: 207}
  frontier written 9 pruned 9
  reasons []
[r3_2/frozen_dore_f0.001_c8_s0 r6] transfer greedy SOLVED 2/65 = 0.031 [0.008,0.105]
  len 9: 2/28 = 0.071 [0.020,0.226]
  len 10: 0/37 = 0.000 [0.000,0.094]
  written hist {9: 2}
  pruned hist {9: 2}
  frontier written 0 pruned 0
  reasons [('rule check failed: IMPE', 16), ('rule check failed: NEGE', 10), ('rule check failed: DN', 8), ('rule check failed: ANDE2', 6), ('rule check failed: ANDI', 5), ('rule check failed: BOTE', 3)]
[r3_2/frozen_dore_f0.001_c8_s0 r6] heldout greedy SOLVED 4649/4998 = 0.930 [0.923,0.937]
  len 2: 710/714 = 0.994 [0.986,0.998]
  len 3: 703/714 = 0.985 [0.973,0.991]
  len 4: 706/714 = 0.989 [0.978,0.994]
  len 5: 672/714 = 0.941 [0.921,0.956]
  len 6: 668/714 = 0.936 [0.915,0.951]
  len 7: 614/714 = 0.860 [0.833,0.883]
  len 8: 576/714 = 0.807 [0.776,0.834]
  written hist {2: 766, 3: 730, 4: 743, 5: 689, 6: 711, 7: 540, 8: 466, 9: 4}
  pruned hist {2: 777, 3: 731, 4: 753, 5: 689, 6: 699, 7: 536, 8: 460, 9: 4}
  frontier written 8 pruned 8
  reasons [('rule check failed: ANDI', 100), ('rule check failed: IMPE', 67), ('rule check failed: ORI1', 27), ('rule check failed: ORI2', 22), ('rule check failed: NEGE', 20), ('rule check failed: ORE', 16)]
=== round 6 done in 46s; new proofs 28; cum targets solved 15
[r3_2/frozen_dore_f0.001_c8_s0 r7] targets (this round, pass@32) SOLVED 10/300 = 0.033 [0.018,0.060]
  len 9: 8/126 = 0.063 [0.033,0.120]
  len 10: 2/174 = 0.011 [0.003,0.041]
  written hist {9: 77, 10: 3}
  pruned hist {9: 77, 10: 3}
  frontier written 9 pruned 9
  reasons [('rule check failed: NEGE', 2070), ('rule check failed: IMPE', 1796), ('rule check failed: DN', 1195), ('rule check failed: ANDE2', 1056), ('rule check failed: ANDI', 796), ('rule check failed: ANDE1', 470)]
[r3_2/frozen_dore_f0.001_c8_s0 r7] targets (cumulative 224 attempts) SOLVED 15/300 = 0.050 [0.031,0.081]
  len 9: 13/126 = 0.103 [0.061,0.169]
  len 10: 2/174 = 0.011 [0.003,0.041]
  written hist {9: 321, 10: 12}
  pruned hist {8: 4, 9: 317, 10: 12}
  frontier written 10 pruned 10
  reasons []
[r3_2/frozen_dore_f0.001_c8_s0 r7] transfer (this round, pass@32) SOLVED 6/65 = 0.092 [0.043,0.187]
  len 9: 6/28 = 0.214 [0.102,0.395]
  len 10: 0/37 = 0.000 [0.000,0.094]
  written hist {9: 58}
  pruned hist {9: 58}
  frontier written 9 pruned 9
  reasons [('rule check failed: IMPE', 465), ('rule check failed: NEGE', 363), ('rule check failed: DN', 206), ('rule check failed: ANDE2', 205), ('rule check failed: ANDE1', 151), ('rule check failed: ANDI', 141)]
[r3_2/frozen_dore_f0.001_c8_s0 r7] transfer (cumulative 224 attempts) SOLVED 7/65 = 0.108 [0.053,0.206]
  len 9: 7/28 = 0.250 [0.127,0.434]
  len 10: 0/37 = 0.000 [0.000,0.094]
  written hist {9: 237}
  pruned hist {8: 3, 9: 234}
  frontier written 9 pruned 9
  reasons []
[r3_2/frozen_dore_f0.001_c8_s0 r7] transfer greedy SOLVED 2/65 = 0.031 [0.008,0.105]
  len 9: 2/28 = 0.071 [0.020,0.226]
  len 10: 0/37 = 0.000 [0.000,0.094]
  written hist {9: 2}
  pruned hist {9: 2}
  frontier written 0 pruned 0
  reasons [('rule check failed: IMPE', 16), ('rule check failed: NEGE', 10), ('rule check failed: DN', 8), ('rule check failed: ANDE2', 6), ('rule check failed: ANDI', 5), ('rule check failed: BOTE', 3)]
[r3_2/frozen_dore_f0.001_c8_s0 r7] heldout greedy SOLVED 4649/4998 = 0.930 [0.923,0.937]
  len 2: 710/714 = 0.994 [0.986,0.998]
  len 3: 703/714 = 0.985 [0.973,0.991]
  len 4: 706/714 = 0.989 [0.978,0.994]
  len 5: 672/714 = 0.941 [0.921,0.956]
  len 6: 668/714 = 0.936 [0.915,0.951]
  len 7: 614/714 = 0.860 [0.833,0.883]
  len 8: 576/714 = 0.807 [0.776,0.834]
  written hist {2: 766, 3: 730, 4: 743, 5: 689, 6: 711, 7: 540, 8: 466, 9: 4}
  pruned hist {2: 777, 3: 731, 4: 753, 5: 689, 6: 699, 7: 536, 8: 460, 9: 4}
  frontier written 8 pruned 8
  reasons [('rule check failed: ANDI', 100), ('rule check failed: IMPE', 67), ('rule check failed: ORI1', 27), ('rule check failed: ORI2', 22), ('rule check failed: NEGE', 20), ('rule check failed: ORE', 16)]
=== round 7 done in 83s; new proofs 36; cum targets solved 15
[r3_2/frozen_dore_f0.001_c8_s0 r8] targets (this round, pass@32) SOLVED 10/300 = 0.033 [0.018,0.060]
  len 9: 9/126 = 0.071 [0.038,0.130]
  len 10: 1/174 = 0.006 [0.001,0.032]
  written hist {9: 87, 10: 3}
  pruned hist {9: 88, 10: 2}
  frontier written 9 pruned 9
  reasons [('rule check failed: NEGE', 2049), ('rule check failed: IMPE', 1784), ('rule check failed: DN', 1197), ('rule check failed: ANDE2', 1090), ('rule check failed: ANDI', 776), ('rule check failed: ANDE1', 511)]
[r3_2/frozen_dore_f0.001_c8_s0 r8] targets (cumulative 256 attempts) SOLVED 16/300 = 0.053 [0.033,0.085]
  len 9: 14/126 = 0.111 [0.067,0.178]
  len 10: 2/174 = 0.011 [0.003,0.041]
  written hist {9: 351, 10: 14}
  pruned hist {8: 4, 9: 348, 10: 13}
  frontier written 10 pruned 10
  reasons []
[r3_2/frozen_dore_f0.001_c8_s0 r8] transfer (this round, pass@32) SOLVED 7/65 = 0.108 [0.053,0.206]
  len 9: 7/28 = 0.250 [0.127,0.434]
  len 10: 0/37 = 0.000 [0.000,0.094]
  written hist {9: 61}
  pruned hist {8: 1, 9: 60}
  frontier written 9 pruned 9
  reasons [('rule check failed: IMPE', 502), ('rule check failed: NEGE', 333), ('rule check failed: ANDE2', 210), ('rule check failed: DN', 193), ('rule check failed: ANDI', 150), ('rule check failed: ANDE1', 138)]
[r3_2/frozen_dore_f0.001_c8_s0 r8] transfer (cumulative 256 attempts) SOLVED 7/65 = 0.108 [0.053,0.206]
  len 9: 7/28 = 0.250 [0.127,0.434]
  len 10: 0/37 = 0.000 [0.000,0.094]
  written hist {9: 263}
  pruned hist {8: 4, 9: 259}
  frontier written 9 pruned 9
  reasons []
[r3_2/frozen_dore_f0.001_c8_s0 r8] transfer greedy SOLVED 2/65 = 0.031 [0.008,0.105]
  len 9: 2/28 = 0.071 [0.020,0.226]
  len 10: 0/37 = 0.000 [0.000,0.094]
  written hist {9: 2}
  pruned hist {9: 2}
  frontier written 0 pruned 0
  reasons [('rule check failed: IMPE', 16), ('rule check failed: NEGE', 10), ('rule check failed: DN', 8), ('rule check failed: ANDE2', 6), ('rule check failed: ANDI', 5), ('rule check failed: BOTE', 3)]
[r3_2/frozen_dore_f0.001_c8_s0 r8] heldout greedy SOLVED 4649/4998 = 0.930 [0.923,0.937]
  len 2: 710/714 = 0.994 [0.986,0.998]
  len 3: 703/714 = 0.985 [0.973,0.991]
  len 4: 706/714 = 0.989 [0.978,0.994]
  len 5: 672/714 = 0.941 [0.921,0.956]
  len 6: 668/714 = 0.936 [0.915,0.951]
  len 7: 614/714 = 0.860 [0.833,0.883]
  len 8: 576/714 = 0.807 [0.776,0.834]
  written hist {2: 766, 3: 730, 4: 743, 5: 689, 6: 711, 7: 540, 8: 466, 9: 4}
  pruned hist {2: 777, 3: 731, 4: 753, 5: 689, 6: 699, 7: 536, 8: 460, 9: 4}
  frontier written 8 pruned 8
  reasons [('rule check failed: ANDI', 100), ('rule check failed: IMPE', 67), ('rule check failed: ORI1', 27), ('rule check failed: ORI2', 22), ('rule check failed: NEGE', 20), ('rule check failed: ORE', 16)]
=== round 8 done in 85s; new proofs 32; cum targets solved 16
