[r3_2/frozen_dore_f0_c8_s4 r1] targets (this round, pass@32) SOLVED 7/300 = 0.023 [0.011,0.047]
  len 9: 7/126 = 0.056 [0.027,0.110]
  len 10: 0/174 = 0.000 [0.000,0.022]
  written hist {9: 36}
  pruned hist {9: 36}
  frontier written 9 pruned 9
  reasons [('rule check failed: ANDE1', 2117), ('rule check failed: NEGE', 1539), ('rule check failed: IMPE', 1233), ('rule check failed: DN', 1154), ('rule check failed: ANDE2', 1132), ('rule check failed: ANDI', 545)]
[r3_2/frozen_dore_f0_c8_s4 r1] targets (cumulative 32 attempts) SOLVED 7/300 = 0.023 [0.011,0.047]
  len 9: 7/126 = 0.056 [0.027,0.110]
  len 10: 0/174 = 0.000 [0.000,0.022]
  written hist {9: 36}
  pruned hist {9: 36}
  frontier written 9 pruned 9
  reasons []
[r3_2/frozen_dore_f0_c8_s4 r1] transfer (this round, pass@32) SOLVED 4/65 = 0.062 [0.024,0.148]
  len 9: 3/28 = 0.107 [0.037,0.272]
  len 10: 1/37 = 0.027 [0.005,0.138]
  written hist {9: 49, 10: 4}
  pruned hist {9: 49, 10: 4}
  frontier written 9 pruned 9
  reasons [('rule check failed: ANDE1', 427), ('rule check failed: IMPE', 375), ('rule check failed: NEGE', 260), ('rule check failed: ANDE2', 211), ('rule check failed: DN', 176), ('rule check failed: ANDI', 113)]
[r3_2/frozen_dore_f0_c8_s4 r1] transfer (cumulative 32 attempts) SOLVED 4/65 = 0.062 [0.024,0.148]
  len 9: 3/28 = 0.107 [0.037,0.272]
  len 10: 1/37 = 0.027 [0.005,0.138]
  written hist {9: 49, 10: 4}
  pruned hist {9: 49, 10: 4}
  frontier written 9 pruned 9
  reasons []
[r3_2/frozen_dore_f0_c8_s4 r1] transfer greedy SOLVED 3/65 = 0.046 [0.016,0.127]
  len 9: 3/28 = 0.107 [0.037,0.272]
  len 10: 0/37 = 0.000 [0.000,0.094]
  written hist {9: 3}
  pruned hist {9: 3}
  frontier written 0 pruned 0
  reasons [('rule check failed: ANDE1', 16), ('rule check failed: IMPE', 10), ('rule check failed: NEGE', 9), ('rule check failed: ANDE2', 4), ('rule check failed: ANDI', 4), ('line index mismatch at position 9', 4)]
[r3_2/frozen_dore_f0_c8_s4 r1] heldout greedy SOLVED 4570/4998 = 0.914 [0.906,0.922]
  len 2: 713/714 = 0.999 [0.992,1.000]
  len 3: 706/714 = 0.989 [0.978,0.994]
  len 4: 698/714 = 0.978 [0.964,0.986]
  len 5: 666/714 = 0.933 [0.912,0.949]
  len 6: 650/714 = 0.910 [0.887,0.929]
  len 7: 580/714 = 0.812 [0.782,0.839]
  len 8: 557/714 = 0.780 [0.748,0.809]
  written hist {2: 763, 3: 725, 4: 733, 5: 678, 6: 687, 7: 517, 8: 462, 9: 5}
  pruned hist {2: 764, 3: 725, 4: 737, 5: 682, 6: 681, 7: 516, 8: 461, 9: 4}
  frontier written 9 pruned 8
  reasons [('rule check failed: ANDI', 127), ('rule check failed: IMPE', 81), ('rule check failed: NEGE', 39), ('rule check failed: R', 26), ('rule check failed: ORI2', 25), ('rule check failed: ANDE2', 18)]
=== round 1 done in 29s; new proofs 36; cum targets solved 7
[r3_2/frozen_dore_f0_c8_s4 r2] targets (this round, pass@32) SOLVED 5/300 = 0.017 [0.007,0.038]
  len 9: 5/126 = 0.040 [0.017,0.090]
  len 10: 0/174 = 0.000 [0.000,0.022]
  written hist {9: 43}
  pruned hist {9: 43}
  frontier written 9 pruned 9
  reasons [('rule check failed: ANDE1', 2128), ('rule check failed: NEGE', 1537), ('rule check failed: IMPE', 1229), ('rule check failed: DN', 1151), ('rule check failed: ANDE2', 1143), ('rule check failed: ANDI', 533)]
[r3_2/frozen_dore_f0_c8_s4 r2] targets (cumulative 64 attempts) SOLVED 7/300 = 0.023 [0.011,0.047]
  len 9: 7/126 = 0.056 [0.027,0.110]
  len 10: 0/174 = 0.000 [0.000,0.022]
  written hist {9: 75}
  pruned hist {9: 75}
  frontier written 9 pruned 9
  reasons []
[r3_2/frozen_dore_f0_c8_s4 r2] transfer (this round, pass@32) SOLVED 6/65 = 0.092 [0.043,0.187]
  len 9: 5/28 = 0.179 [0.079,0.356]
  len 10: 1/37 = 0.027 [0.005,0.138]
  written hist {9: 60, 10: 3}
  pruned hist {9: 60, 10: 3}
  frontier written 9 pruned 9
  reasons [('rule check failed: ANDE1', 467), ('rule check failed: IMPE', 370), ('rule check failed: NEGE', 268), ('rule check failed: ANDE2', 206), ('rule check failed: DN', 178), ('rule check failed: ANDI', 111)]
[r3_2/frozen_dore_f0_c8_s4 r2] transfer (cumulative 64 attempts) SOLVED 6/65 = 0.092 [0.043,0.187]
  len 9: 5/28 = 0.179 [0.079,0.356]
  len 10: 1/37 = 0.027 [0.005,0.138]
  written hist {9: 96, 10: 7}
  pruned hist {9: 96, 10: 7}
  frontier written 10 pruned 10
  reasons []
[r3_2/frozen_dore_f0_c8_s4 r2] transfer greedy SOLVED 3/65 = 0.046 [0.016,0.127]
  len 9: 3/28 = 0.107 [0.037,0.272]
  len 10: 0/37 = 0.000 [0.000,0.094]
  written hist {9: 3}
  pruned hist {9: 3}
  frontier written 0 pruned 0
  reasons [('rule check failed: ANDE1', 16), ('rule check failed: IMPE', 10), ('rule check failed: NEGE', 9), ('rule check failed: ANDE2', 4), ('rule check failed: ANDI', 4), ('line index mismatch at position 9', 4)]
[r3_2/frozen_dore_f0_c8_s4 r2] heldout greedy SOLVED 4570/4998 = 0.914 [0.906,0.922]
  len 2: 713/714 = 0.999 [0.992,1.000]
  len 3: 706/714 = 0.989 [0.978,0.994]
  len 4: 698/714 = 0.978 [0.964,0.986]
  len 5: 666/714 = 0.933 [0.912,0.949]
  len 6: 650/714 = 0.910 [0.887,0.929]
  len 7: 580/714 = 0.812 [0.782,0.839]
  len 8: 557/714 = 0.780 [0.748,0.809]
  written hist {2: 763, 3: 725, 4: 733, 5: 678, 6: 687, 7: 517, 8: 462, 9: 5}
  pruned hist {2: 764, 3: 725, 4: 737, 5: 682, 6: 681, 7: 516, 8: 461, 9: 4}
  frontier written 9 pruned 8
  reasons [('rule check failed: ANDI', 127), ('rule check failed: IMPE', 81), ('rule check failed: NEGE', 39), ('rule check failed: R', 26), ('rule check failed: ORI2', 25), ('rule check failed: ANDE2', 18)]
=== round 2 done in 50s; new proofs 39; cum targets solved 7
[r3_2/frozen_dore_f0_c8_s4 r3] targets (this round, pass@32) SOLVED 6/300 = 0.020 [0.009,0.043]
  len 9: 6/126 = 0.048 [0.022,0.100]
  len 10: 0/174 = 0.000 [0.000,0.022]
  written hist {9: 45}
  pruned hist {9: 45}
  frontier written 9 pruned 9
  reasons [('rule check failed: ANDE1', 2157), ('rule check failed: NEGE', 1565), ('rule check failed: IMPE', 1206), ('rule check failed: DN', 1139), ('rule check failed: ANDE2', 1128), ('rule check failed: ANDI', 554)]
[r3_2/frozen_dore_f0_c8_s4 r3] targets (cumulative 96 attempts) SOLVED 7/300 = 0.023 [0.011,0.047]
  len 9: 7/126 = 0.056 [0.027,0.110]
  len 10: 0/174 = 0.000 [0.000,0.022]
  written hist {9: 109}
  pruned hist {9: 109}
  frontier written 9 pruned 9
  reasons []
[r3_2/frozen_dore_f0_c8_s4 r3] transfer (this round, pass@32) SOLVED 5/65 = 0.077 [0.033,0.168]
  len 9: 4/28 = 0.143 [0.057,0.315]
  len 10: 1/37 = 0.027 [0.005,0.138]
  written hist {9: 60, 10: 3}
  pruned hist {9: 60, 10: 3}
  frontier written 9 pruned 9
  reasons [('rule check failed: ANDE1', 485), ('rule check failed: IMPE', 331), ('rule check failed: NEGE', 246), ('rule check failed: ANDE2', 198), ('rule check failed: DN', 177), ('rule check failed: ANDI', 129)]
[r3_2/frozen_dore_f0_c8_s4 r3] transfer (cumulative 96 attempts) SOLVED 6/65 = 0.092 [0.043,0.187]
  len 9: 5/28 = 0.179 [0.079,0.356]
  len 10: 1/37 = 0.027 [0.005,0.138]
  written hist {9: 138, 10: 9}
  pruned hist {9: 138, 10: 9}
  frontier written 10 pruned 10
  reasons []
[r3_2/frozen_dore_f0_c8_s4 r3] transfer greedy SOLVED 3/65 = 0.046 [0.016,0.127]
  len 9: 3/28 = 0.107 [0.037,0.272]
  len 10: 0/37 = 0.000 [0.000,0.094]
  written hist {9: 3}
  pruned hist {9: 3}
  frontier written 0 pruned 0
  reasons [('rule check failed: ANDE1', 16), ('rule check failed: IMPE', 10), ('rule check failed: NEGE', 9), ('rule check failed: ANDE2', 4), ('rule check failed: ANDI', 4), ('line index mismatch at position 9', 4)]
[r3_2/frozen_dore_f0_c8_s4 r3] heldout greedy SOLVED 4570/4998 = 0.914 [0.906,0.922]
  len 2: 713/714 = 0.999 [0.992,1.000]
  len 3: 706/714 = 0.989 [0.978,0.994]
  len 4: 698/714 = 0.978 [0.964,0.986]
  len 5: 666/714 = 0.933 [0.912,0.949]
  len 6: 650/714 = 0.910 [0.887,0.929]
  len 7: 580/714 = 0.812 [0.782,0.839]
  len 8: 557/714 = 0.780 [0.748,0.809]
  written hist {2: 763, 3: 725, 4: 733, 5: 678, 6: 687, 7: 517, 8: 462, 9: 5}
  pruned hist {2: 764, 3: 725, 4: 737, 5: 682, 6: 681, 7: 516, 8: 461, 9: 4}
  frontier written 9 pruned 8
  reasons [('rule check failed: ANDI', 127), ('rule check failed: IMPE', 81), ('rule check failed: NEGE', 39), ('rule check failed: R', 26), ('rule check failed: ORI2', 25), ('rule check failed: ANDE2', 18)]
=== round 3 done in 41s; new proofs 34; cum targets solved 7
[r3_2/frozen_dore_f0_c8_s4 r4] targets (this round, pass@32) SOLVED 5/300 = 0.017 [0.007,0.038]
  len 9: 5/126 = 0.040 [0.017,0.090]
  len 10: 0/174 = 0.000 [0.000,0.022]
  written hist {9: 44}
  pruned hist {9: 44}
  frontier written 9 pruned 9
  reasons [('rule check failed: ANDE1', 2073), ('rule check failed: NEGE', 1548), ('rule check failed: IMPE', 1243), ('rule check failed: ANDE2', 1173), ('rule check failed: DN', 1139), ('rule check failed: ANDI', 517)]
[r3_2/frozen_dore_f0_c8_s4 r4] targets (cumulative 128 attempts) SOLVED 7/300 = 0.023 [0.011,0.047]
  len 9: 7/126 = 0.056 [0.027,0.110]
  len 10: 0/174 = 0.000 [0.000,0.022]
  written hist {9: 134}
  pruned hist {9: 134}
  frontier written 9 pruned 9
  reasons []
[r3_2/frozen_dore_f0_c8_s4 r4] transfer (this round, pass@32) SOLVED 5/65 = 0.077 [0.033,0.168]
  len 9: 4/28 = 0.143 [0.057,0.315]
  len 10: 1/37 = 0.027 [0.005,0.138]
  written hist {9: 60, 10: 2}
  pruned hist {9: 60, 10: 2}
  frontier written 9 pruned 9
  reasons [('rule check failed: ANDE1', 442), ('rule check failed: IMPE', 346), ('rule check failed: NEGE', 270), ('rule check failed: DN', 188), ('rule check failed: ANDE2', 184), ('rule check failed: ANDI', 132)]
[r3_2/frozen_dore_f0_c8_s4 r4] transfer (cumulative 128 attempts) SOLVED 6/65 = 0.092 [0.043,0.187]
  len 9: 5/28 = 0.179 [0.079,0.356]
  len 10: 1/37 = 0.027 [0.005,0.138]
  written hist {9: 160, 10: 11}
  pruned hist {9: 160, 10: 11}
  frontier written 10 pruned 10
  reasons []
[r3_2/frozen_dore_f0_c8_s4 r4] transfer greedy SOLVED 3/65 = 0.046 [0.016,0.127]
  len 9: 3/28 = 0.107 [0.037,0.272]
  len 10: 0/37 = 0.000 [0.000,0.094]
  written hist {9: 3}
  pruned hist {9: 3}
  frontier written 0 pruned 0
  reasons [('rule check failed: ANDE1', 16), ('rule check failed: IMPE', 10), ('rule check failed: NEGE', 9), ('rule check failed: ANDE2', 4), ('rule check failed: ANDI', 4), ('line index mismatch at position 9', 4)]
[r3_2/frozen_dore_f0_c8_s4 r4] heldout greedy SOLVED 4570/4998 = 0.914 [0.906,0.922]
  len 2: 713/714 = 0.999 [0.992,1.000]
  len 3: 706/714 = 0.989 [0.978,0.994]
  len 4: 698/714 = 0.978 [0.964,0.986]
  len 5: 666/714 = 0.933 [0.912,0.949]
  len 6: 650/714 = 0.910 [0.887,0.929]
  len 7: 580/714 = 0.812 [0.782,0.839]
  len 8: 557/714 = 0.780 [0.748,0.809]
  written hist {2: 763, 3: 725, 4: 733, 5: 678, 6: 687, 7: 517, 8: 462, 9: 5}
  pruned hist {2: 764, 3: 725, 4: 737, 5: 682, 6: 681, 7: 516, 8: 461, 9: 4}
  frontier written 9 pruned 8
  reasons [('rule check failed: ANDI', 127), ('rule check failed: IMPE', 81), ('rule check failed: NEGE', 39), ('rule check failed: R', 26), ('rule check failed: ORI2', 25), ('rule check failed: ANDE2', 18)]
=== round 4 done in 35s; new proofs 25; cum targets solved 7
[r3_2/frozen_dore_f0_c8_s4 r5] targets (this round, pass@32) SOLVED 5/300 = 0.017 [0.007,0.038]
  len 9: 5/126 = 0.040 [0.017,0.090]
  len 10: 0/174 = 0.000 [0.000,0.022]
  written hist {9: 40}
  pruned hist {9: 40}
  frontier written 9 pruned 9
  reasons [('rule check failed: ANDE1', 2103), ('rule check failed: NEGE', 1477), ('rule check failed: IMPE', 1298), ('rule check failed: ANDE2', 1157), ('rule check failed: DN', 1121), ('rule check failed: ANDI', 550)]
[r3_2/frozen_dore_f0_c8_s4 r5] targets (cumulative 160 attempts) SOLVED 7/300 = 0.023 [0.011,0.047]
  len 9: 7/126 = 0.056 [0.027,0.110]
  len 10: 0/174 = 0.000 [0.000,0.022]
  written hist {9: 152}
  pruned hist {9: 152}
  frontier written 9 pruned 9
  reasons []
[r3_2/frozen_dore_f0_c8_s4 r5] transfer (this round, pass@32) SOLVED 4/65 = 0.062 [0.024,0.148]
  len 9: 3/28 = 0.107 [0.037,0.272]
  len 10: 1/37 = 0.027 [0.005,0.138]
  written hist {9: 55, 10: 1}
  pruned hist {9: 55, 10: 1}
  frontier written 9 pruned 9
  reasons [('rule check failed: ANDE1', 457), ('rule check failed: IMPE', 370), ('rule check failed: NEGE', 267), ('rule check failed: ANDE2', 190), ('rule check failed: DN', 164), ('rule check failed: ANDI', 122)]
[r3_2/frozen_dore_f0_c8_s4 r5] transfer (cumulative 160 attempts) SOLVED 6/65 = 0.092 [0.043,0.187]
  len 9: 5/28 = 0.179 [0.079,0.356]
  len 10: 1/37 = 0.027 [0.005,0.138]
  written hist {9: 178, 10: 12}
  pruned hist {9: 178, 10: 12}
  frontier written 10 pruned 10
  reasons []
[r3_2/frozen_dore_f0_c8_s4 r5] transfer greedy SOLVED 3/65 = 0.046 [0.016,0.127]
  len 9: 3/28 = 0.107 [0.037,0.272]
  len 10: 0/37 = 0.000 [0.000,0.094]
  written hist {9: 3}
  pruned hist {9: 3}
  frontier written 0 pruned 0
  reasons [('rule check failed: ANDE1', 16), ('rule check failed: IMPE', 10), ('rule check failed: NEGE', 9), ('rule check failed: ANDE2', 4), ('rule check failed: ANDI', 4), ('line index mismatch at position 9', 4)]
[r3_2/frozen_dore_f0_c8_s4 r5] heldout greedy SOLVED 4570/4998 = 0.914 [0.906,0.922]
  len 2: 713/714 = 0.999 [0.992,1.000]
  len 3: 706/714 = 0.989 [0.978,0.994]
  len 4: 698/714 = 0.978 [0.964,0.986]
  len 5: 666/714 = 0.933 [0.912,0.949]
  len 6: 650/714 = 0.910 [0.887,0.929]
  len 7: 580/714 = 0.812 [0.782,0.839]
  len 8: 557/714 = 0.780 [0.748,0.809]
  written hist {2: 763, 3: 725, 4: 733, 5: 678, 6: 687, 7: 517, 8: 462, 9: 5}
  pruned hist {2: 764, 3: 725, 4: 737, 5: 682, 6: 681, 7: 516, 8: 461, 9: 4}
  frontier written 9 pruned 8
  reasons [('rule check failed: ANDI', 127), ('rule check failed: IMPE', 81), ('rule check failed: NEGE', 39), ('rule check failed: R', 26), ('rule check failed: ORI2', 25), ('rule check failed: ANDE2', 18)]
=== round 5 done in 49s; new proofs 18; cum targets solved 7
[r3_2/frozen_dore_f0_c8_s4 r6] targets (this round, pass@32) SOLVED 4/300 = 0.013 [0.005,0.034]
  len 9: 4/126 = 0.032 [0.012,0.079]
  len 10: 0/174 = 0.000 [0.000,0.022]
  written hist {9: 35}
  pruned hist {9: 35}
  frontier written 9 pruned 9
  reasons [('rule check failed: ANDE1', 2132), ('rule check failed: NEGE', 1553), ('rule check failed: IMPE', 1244), ('rule check failed: ANDE2', 1168), ('rule check failed: DN', 1135), ('rule check failed: ANDI', 531)]
[r3_2/frozen_dore_f0_c8_s4 r6] targets (cumulative 192 attempts) SOLVED 7/300 = 0.023 [0.011,0.047]
  len 9: 7/126 = 0.056 [0.027,0.110]
  len 10: 0/174 = 0.000 [0.000,0.022]
  written hist {9: 162}
  pruned hist {9: 162}
  frontier written 9 pruned 9
  reasons []
[r3_2/frozen_dore_f0_c8_s4 r6] transfer (this round, pass@32) SOLVED 4/65 = 0.062 [0.024,0.148]
  len 9: 3/28 = 0.107 [0.037,0.272]
  len 10: 1/37 = 0.027 [0.005,0.138]
  written hist {9: 54, 10: 5}
  pruned hist {9: 54, 10: 5}
  frontier written 10 pruned 10
  reasons [('rule check failed: ANDE1', 440), ('rule check failed: IMPE', 345), ('rule check failed: NEGE', 281), ('rule check failed: ANDE2', 201), ('rule check failed: DN', 187), ('rule check failed: ANDI', 116)]
[r3_2/frozen_dore_f0_c8_s4 r6] transfer (cumulative 192 attempts) SOLVED 6/65 = 0.092 [0.043,0.187]
  len 9: 5/28 = 0.179 [0.079,0.356]
  len 10: 1/37 = 0.027 [0.005,0.138]
  written hist {9: 196, 10: 16}
  pruned hist {9: 196, 10: 16}
  frontier written 10 pruned 10
  reasons []
[r3_2/frozen_dore_f0_c8_s4 r6] transfer greedy SOLVED 3/65 = 0.046 [0.016,0.127]
  len 9: 3/28 = 0.107 [0.037,0.272]
  len 10: 0/37 = 0.000 [0.000,0.094]
  written hist {9: 3}
  pruned hist {9: 3}
  frontier written 0 pruned 0
  reasons [('rule check failed: ANDE1', 16), ('rule check failed: IMPE', 10), ('rule check failed: NEGE', 9), ('rule check failed: ANDE2', 4), ('rule check failed: ANDI', 4), ('line index mismatch at position 9', 4)]
[r3_2/frozen_dore_f0_c8_s4 r6] heldout greedy SOLVED 4570/4998 = 0.914 [0.906,0.922]
  len 2: 713/714 = 0.999 [0.992,1.000]
  len 3: 706/714 = 0.989 [0.978,0.994]
  len 4: 698/714 = 0.978 [0.964,0.986]
  len 5: 666/714 = 0.933 [0.912,0.949]
  len 6: 650/714 = 0.910 [0.887,0.929]
  len 7: 580/714 = 0.812 [0.782,0.839]
  len 8: 557/714 = 0.780 [0.748,0.809]
  written hist {2: 763, 3: 725, 4: 733, 5: 678, 6: 687, 7: 517, 8: 462, 9: 5}
  pruned hist {2: 764, 3: 725, 4: 737, 5: 682, 6: 681, 7: 516, 8: 461, 9: 4}
  frontier written 9 pruned 8
  reasons [('rule check failed: ANDI', 127), ('rule check failed: IMPE', 81), ('rule check failed: NEGE', 39), ('rule check failed: R', 26), ('rule check failed: ORI2', 25), ('rule check failed: ANDE2', 18)]
=== round 6 done in 29s; new proofs 10; cum targets solved 7
[r3_2/frozen_dore_f0_c8_s4 r7] targets (this round, pass@32) SOLVED 5/300 = 0.017 [0.007,0.038]
  len 9: 5/126 = 0.040 [0.017,0.090]
  len 10: 0/174 = 0.000 [0.000,0.022]
  written hist {9: 38}
  pruned hist {9: 38}
  frontier written 9 pruned 9
  reasons [('rule check failed: ANDE1', 2096), ('rule check failed: NEGE', 1551), ('rule check failed: IMPE', 1292), ('rule check failed: DN', 1164), ('rule check failed: ANDE2', 1144), ('rule check failed: ANDI', 544)]
[r3_2/frozen_dore_f0_c8_s4 r7] targets (cumulative 224 attempts) SOLVED 7/300 = 0.023 [0.011,0.047]
  len 9: 7/126 = 0.056 [0.027,0.110]
  len 10: 0/174 = 0.000 [0.000,0.022]
  written hist {9: 177}
  pruned hist {9: 177}
  frontier written 9 pruned 9
  reasons []
[r3_2/frozen_dore_f0_c8_s4 r7] transfer (this round, pass@32) SOLVED 5/65 = 0.077 [0.033,0.168]
  len 9: 4/28 = 0.143 [0.057,0.315]
  len 10: 1/37 = 0.027 [0.005,0.138]
  written hist {9: 57, 10: 7}
  pruned hist {9: 57, 10: 7}
  frontier written 10 pruned 10
  reasons [('rule check failed: ANDE1', 484), ('rule check failed: IMPE', 346), ('rule check failed: NEGE', 257), ('rule check failed: ANDE2', 185), ('rule check failed: DN', 177), ('rule check failed: ANDI', 125)]
[r3_2/frozen_dore_f0_c8_s4 r7] transfer (cumulative 224 attempts) SOLVED 6/65 = 0.092 [0.043,0.187]
  len 9: 5/28 = 0.179 [0.079,0.356]
  len 10: 1/37 = 0.027 [0.005,0.138]
  written hist {9: 216, 10: 23}
  pruned hist {9: 216, 10: 23}
  frontier written 10 pruned 10
  reasons []
[r3_2/frozen_dore_f0_c8_s4 r7] transfer greedy SOLVED 3/65 = 0.046 [0.016,0.127]
  len 9: 3/28 = 0.107 [0.037,0.272]
  len 10: 0/37 = 0.000 [0.000,0.094]
  written hist {9: 3}
  pruned hist {9: 3}
  frontier written 0 pruned 0
  reasons [('rule check failed: ANDE1', 16), ('rule check failed: IMPE', 10), ('rule check failed: NEGE', 9), ('rule check failed: ANDE2', 4), ('rule check failed: ANDI', 4), ('line index mismatch at position 9', 4)]
[r3_2/frozen_dore_f0_c8_s4 r7] heldout greedy SOLVED 4570/4998 = 0.914 [0.906,0.922]
  len 2: 713/714 = 0.999 [0.992,1.000]
  len 3: 706/714 = 0.989 [0.978,0.994]
  len 4: 698/714 = 0.978 [0.964,0.986]
  len 5: 666/714 = 0.933 [0.912,0.949]
  len 6: 650/714 = 0.910 [0.887,0.929]
  len 7: 580/714 = 0.812 [0.782,0.839]
  len 8: 557/714 = 0.780 [0.748,0.809]
  written hist {2: 763, 3: 725, 4: 733, 5: 678, 6: 687, 7: 517, 8: 462, 9: 5}
  pruned hist {2: 764, 3: 725, 4: 737, 5: 682, 6: 681, 7: 516, 8: 461, 9: 4}
  frontier written 9 pruned 8
  reasons [('rule check failed: ANDI', 127), ('rule check failed: IMPE', 81), ('rule check failed: NEGE', 39), ('rule check failed: R', 26), ('rule check failed: ORI2', 25), ('rule check failed: ANDE2', 18)]
=== round 7 done in 49s; new proofs 15; cum targets solved 7
[r3_2/frozen_dore_f0_c8_s4 r8] targets (this round, pass@32) SOLVED 6/300 = 0.020 [0.009,0.043]
  len 9: 6/126 = 0.048 [0.022,0.100]
  len 10: 0/174 = 0.000 [0.000,0.022]
  written hist {9: 43}
  pruned hist {9: 43}
  frontier written 9 pruned 9
  reasons [('rule check failed: ANDE1', 2085), ('rule check failed: NEGE', 1521), ('rule check failed: IMPE', 1235), ('rule check failed: ANDE2', 1162), ('rule check failed: DN', 1118), ('rule check failed: ANDI', 555)]
[r3_2/frozen_dore_f0_c8_s4 r8] targets (cumulative 256 attempts) SOLVED 7/300 = 0.023 [0.011,0.047]
  len 9: 7/126 = 0.056 [0.027,0.110]
  len 10: 0/174 = 0.000 [0.000,0.022]
  written hist {9: 191}
  pruned hist {9: 191}
  frontier written 9 pruned 9
  reasons []
[r3_2/frozen_dore_f0_c8_s4 r8] transfer (this round, pass@32) SOLVED 4/65 = 0.062 [0.024,0.148]
  len 9: 3/28 = 0.107 [0.037,0.272]
  len 10: 1/37 = 0.027 [0.005,0.138]
  written hist {9: 47, 10: 2}
  pruned hist {9: 47, 10: 2}
  frontier written 9 pruned 9
  reasons [('rule check failed: ANDE1', 466), ('rule check failed: IMPE', 371), ('rule check failed: NEGE', 259), ('rule check failed: ANDE2', 208), ('rule check failed: DN', 176), ('rule check failed: ANDI', 112)]
[r3_2/frozen_dore_f0_c8_s4 r8] transfer (cumulative 256 attempts) SOLVED 6/65 = 0.092 [0.043,0.187]
  len 9: 5/28 = 0.179 [0.079,0.356]
  len 10: 1/37 = 0.027 [0.005,0.138]
  written hist {9: 228, 10: 24}
  pruned hist {9: 228, 10: 24}
  frontier written 10 pruned 10
  reasons []
[r3_2/frozen_dore_f0_c8_s4 r8] transfer greedy SOLVED 3/65 = 0.046 [0.016,0.127]
  len 9: 3/28 = 0.107 [0.037,0.272]
  len 10: 0/37 = 0.000 [0.000,0.094]
  written hist {9: 3}
  pruned hist {9: 3}
  frontier written 0 pruned 0
  reasons [('rule check failed: ANDE1', 16), ('rule check failed: IMPE', 10), ('rule check failed: NEGE', 9), ('rule check failed: ANDE2', 4), ('rule check failed: ANDI', 4), ('line index mismatch at position 9', 4)]
[r3_2/frozen_dore_f0_c8_s4 r8] heldout greedy SOLVED 4570/4998 = 0.914 [0.906,0.922]
  len 2: 713/714 = 0.999 [0.992,1.000]
  len 3: 706/714 = 0.989 [0.978,0.994]
  len 4: 698/714 = 0.978 [0.964,0.986]
  len 5: 666/714 = 0.933 [0.912,0.949]
  len 6: 650/714 = 0.910 [0.887,0.929]
  len 7: 580/714 = 0.812 [0.782,0.839]
  len 8: 557/714 = 0.780 [0.748,0.809]
  written hist {2: 763, 3: 725, 4: 733, 5: 678, 6: 687, 7: 517, 8: 462, 9: 5}
  pruned hist {2: 764, 3: 725, 4: 737, 5: 682, 6: 681, 7: 516, 8: 461, 9: 4}
  frontier written 9 pruned 8
  reasons [('rule check failed: ANDI', 127), ('rule check failed: IMPE', 81), ('rule check failed: NEGE', 39), ('rule check failed: R', 26), ('rule check failed: ORI2', 25), ('rule check failed: ANDE2', 18)]
=== round 8 done in 31s; new proofs 14; cum targets solved 7
