[r3_2/frozen16_reductio_f0_s0_ss0 r1] targets (this round, pass@32) SOLVED 17/345 = 0.049 [0.031,0.077]
  len 6: 16/45 = 0.356 [0.232,0.502]
  len 7: 1/52 = 0.019 [0.003,0.101]
  len 8: 0/133 = 0.000 [0.000,0.028]
  len 9: 0/82 = 0.000 [0.000,0.045]
  len 10: 0/33 = 0.000 [0.000,0.104]
  written hist {6: 78, 7: 1}
  pruned hist {6: 78, 7: 1}
  frontier written 6 pruned 6
  reasons [('rule check failed: IMPE', 2649), ('rule check failed: ANDI', 1411), ('bad line cite', 1410), ('rule check failed: IMPI', 966), ('rule check failed: DN', 851), ('rule check failed: NEGE', 610)]
[r3_2/frozen16_reductio_f0_s0_ss0 r1] targets (cumulative 32 attempts) SOLVED 17/345 = 0.049 [0.031,0.077]
  len 6: 16/45 = 0.356 [0.232,0.502]
  len 7: 1/52 = 0.019 [0.003,0.101]
  len 8: 0/133 = 0.000 [0.000,0.028]
  len 9: 0/82 = 0.000 [0.000,0.045]
  len 10: 0/33 = 0.000 [0.000,0.104]
  written hist {6: 78, 7: 1}
  pruned hist {6: 78, 7: 1}
  frontier written 6 pruned 6
  reasons []
[r3_2/frozen16_reductio_f0_s0_ss0 r1] transfer (this round, pass@32) SOLVED 2/150 = 0.013 [0.004,0.047]
  len 7: 2/27 = 0.074 [0.021,0.234]
  len 8: 0/67 = 0.000 [0.000,0.054]
  len 9: 0/41 = 0.000 [0.000,0.086]
  len 10: 0/15 = 0.000 [0.000,0.204]
  written hist {7: 2}
  pruned hist {7: 2}
  frontier written 0 pruned 0
  reasons [('rule check failed: IMPE', 1182), ('rule check failed: ANDI', 676), ('bad line cite', 585), ('rule check failed: IMPI', 501), ('rule check failed: DN', 320), ('rule check failed: ORI2', 268)]
[r3_2/frozen16_reductio_f0_s0_ss0 r1] transfer (cumulative 32 attempts) SOLVED 2/150 = 0.013 [0.004,0.047]
  len 7: 2/27 = 0.074 [0.021,0.234]
  len 8: 0/67 = 0.000 [0.000,0.054]
  len 9: 0/41 = 0.000 [0.000,0.086]
  len 10: 0/15 = 0.000 [0.000,0.204]
  written hist {7: 2}
  pruned hist {7: 2}
  frontier written 0 pruned 0
  reasons []
[r3_2/frozen16_reductio_f0_s0_ss0 r1] transfer greedy SOLVED 0/150 = 0.000 [0.000,0.025]
  len 7: 0/27 = 0.000 [0.000,0.125]
  len 8: 0/67 = 0.000 [0.000,0.054]
  len 9: 0/41 = 0.000 [0.000,0.086]
  len 10: 0/15 = 0.000 [0.000,0.204]
  written hist {}
  pruned hist {}
  frontier written 0 pruned 0
  reasons [('rule check failed: IMPE', 39), ('rule check failed: ANDI', 24), ('bad line cite', 22), ('rule check failed: IMPI', 17), ('rule check failed: DN', 12), ('rule check failed: ORI2', 5)]
[r3_2/frozen16_reductio_f0_s0_ss0 r1] heldout greedy SOLVED 4430/5000 = 0.886 [0.877,0.895]
  len 2: 998/1000 = 0.998 [0.993,0.999]
  len 3: 995/1000 = 0.995 [0.988,0.998]
  len 4: 976/1000 = 0.976 [0.965,0.984]
  len 5: 565/1000 = 0.565 [0.534,0.595]
  len 6: 896/1000 = 0.896 [0.876,0.913]
  written hist {2: 1062, 3: 987, 4: 1014, 5: 587, 6: 779, 7: 1}
  pruned hist {2: 1063, 3: 990, 4: 1018, 5: 582, 6: 777}
  frontier written 6 pruned 6
  reasons [('rule check failed: IMPE', 92), ('rule check failed: ANDI', 89), ('rule check failed: ORI2', 53), ('rule check failed: DN', 44), ('parse: missing ) after ~', 35), ('bad line cite', 35)]
=== round 1 done in 59s; new proofs 79; cum targets solved 17
[r3_2/frozen16_reductio_f0_s0_ss0 r2] targets (this round, pass@32) SOLVED 12/345 = 0.035 [0.020,0.060]
  len 6: 12/45 = 0.267 [0.160,0.410]
  len 7: 0/52 = 0.000 [0.000,0.069]
  len 8: 0/133 = 0.000 [0.000,0.028]
  len 9: 0/82 = 0.000 [0.000,0.045]
  len 10: 0/33 = 0.000 [0.000,0.104]
  written hist {6: 75}
  pruned hist {6: 75}
  frontier written 6 pruned 6
  reasons [('rule check failed: IMPE', 2630), ('bad line cite', 1442), ('rule check failed: ANDI', 1389), ('rule check failed: IMPI', 966), ('rule check failed: DN', 789), ('rule check failed: NEGE', 605)]
[r3_2/frozen16_reductio_f0_s0_ss0 r2] targets (cumulative 64 attempts) SOLVED 19/345 = 0.055 [0.036,0.084]
  len 6: 18/45 = 0.400 [0.270,0.545]
  len 7: 1/52 = 0.019 [0.003,0.101]
  len 8: 0/133 = 0.000 [0.000,0.028]
  len 9: 0/82 = 0.000 [0.000,0.045]
  len 10: 0/33 = 0.000 [0.000,0.104]
  written hist {6: 137, 7: 1}
  pruned hist {6: 137, 7: 1}
  frontier written 6 pruned 6
  reasons []
[r3_2/frozen16_reductio_f0_s0_ss0 r2] transfer (this round, pass@32) SOLVED 0/150 = 0.000 [0.000,0.025]
  len 7: 0/27 = 0.000 [0.000,0.125]
  len 8: 0/67 = 0.000 [0.000,0.054]
  len 9: 0/41 = 0.000 [0.000,0.086]
  len 10: 0/15 = 0.000 [0.000,0.204]
  written hist {}
  pruned hist {}
  frontier written 0 pruned 0
  reasons [('rule check failed: IMPE', 1224), ('rule check failed: ANDI', 687), ('bad line cite', 616), ('rule check failed: IMPI', 494), ('rule check failed: DN', 331), ('rule check failed: ORI2', 267)]
[r3_2/frozen16_reductio_f0_s0_ss0 r2] transfer (cumulative 64 attempts) SOLVED 2/150 = 0.013 [0.004,0.047]
  len 7: 2/27 = 0.074 [0.021,0.234]
  len 8: 0/67 = 0.000 [0.000,0.054]
  len 9: 0/41 = 0.000 [0.000,0.086]
  len 10: 0/15 = 0.000 [0.000,0.204]
  written hist {7: 2}
  pruned hist {7: 2}
  frontier written 0 pruned 0
  reasons []
[r3_2/frozen16_reductio_f0_s0_ss0 r2] transfer greedy SOLVED 0/150 = 0.000 [0.000,0.025]
  len 7: 0/27 = 0.000 [0.000,0.125]
  len 8: 0/67 = 0.000 [0.000,0.054]
  len 9: 0/41 = 0.000 [0.000,0.086]
  len 10: 0/15 = 0.000 [0.000,0.204]
  written hist {}
  pruned hist {}
  frontier written 0 pruned 0
  reasons [('rule check failed: IMPE', 39), ('rule check failed: ANDI', 24), ('bad line cite', 22), ('rule check failed: IMPI', 17), ('rule check failed: DN', 12), ('rule check failed: ORI2', 5)]
[r3_2/frozen16_reductio_f0_s0_ss0 r2] heldout greedy SOLVED 4430/5000 = 0.886 [0.877,0.895]
  len 2: 998/1000 = 0.998 [0.993,0.999]
  len 3: 995/1000 = 0.995 [0.988,0.998]
  len 4: 976/1000 = 0.976 [0.965,0.984]
  len 5: 565/1000 = 0.565 [0.534,0.595]
  len 6: 896/1000 = 0.896 [0.876,0.913]
  written hist {2: 1062, 3: 987, 4: 1014, 5: 587, 6: 779, 7: 1}
  pruned hist {2: 1063, 3: 990, 4: 1018, 5: 582, 6: 777}
  frontier written 6 pruned 6
  reasons [('rule check failed: IMPE', 92), ('rule check failed: ANDI', 89), ('rule check failed: ORI2', 53), ('rule check failed: DN', 44), ('parse: missing ) after ~', 35), ('bad line cite', 35)]
=== round 2 done in 74s; new proofs 59; cum targets solved 19
[r3_2/frozen16_reductio_f0_s0_ss0 r3] targets (this round, pass@32) SOLVED 16/345 = 0.046 [0.029,0.074]
  len 6: 15/45 = 0.333 [0.214,0.479]
  len 7: 1/52 = 0.019 [0.003,0.101]
  len 8: 0/133 = 0.000 [0.000,0.028]
  len 9: 0/82 = 0.000 [0.000,0.045]
  len 10: 0/33 = 0.000 [0.000,0.104]
  written hist {6: 81, 7: 1}
  pruned hist {6: 81, 7: 1}
  frontier written 6 pruned 6
  reasons [('rule check failed: IMPE', 2651), ('bad line cite', 1475), ('rule check failed: ANDI', 1384), ('rule check failed: IMPI', 969), ('rule check failed: DN', 767), ('rule check failed: NEGE', 568)]
[r3_2/frozen16_reductio_f0_s0_ss0 r3] targets (cumulative 96 attempts) SOLVED 22/345 = 0.064 [0.042,0.095]
  len 6: 20/45 = 0.444 [0.309,0.588]
  len 7: 2/52 = 0.038 [0.011,0.130]
  len 8: 0/133 = 0.000 [0.000,0.028]
  len 9: 0/82 = 0.000 [0.000,0.045]
  len 10: 0/33 = 0.000 [0.000,0.104]
  written hist {6: 196, 7: 2}
  pruned hist {6: 196, 7: 2}
  frontier written 6 pruned 6
  reasons []
[r3_2/frozen16_reductio_f0_s0_ss0 r3] transfer (this round, pass@32) SOLVED 1/150 = 0.007 [0.001,0.037]
  len 7: 1/27 = 0.037 [0.007,0.183]
  len 8: 0/67 = 0.000 [0.000,0.054]
  len 9: 0/41 = 0.000 [0.000,0.086]
  len 10: 0/15 = 0.000 [0.000,0.204]
  written hist {7: 1}
  pruned hist {7: 1}
  frontier written 0 pruned 0
  reasons [('rule check failed: IMPE', 1187), ('rule check failed: ANDI', 701), ('bad line cite', 570), ('rule check failed: IMPI', 526), ('rule check failed: DN', 350), ('rule check failed: ORI2', 282)]
[r3_2/frozen16_reductio_f0_s0_ss0 r3] transfer (cumulative 96 attempts) SOLVED 3/150 = 0.020 [0.007,0.057]
  len 7: 3/27 = 0.111 [0.039,0.281]
  len 8: 0/67 = 0.000 [0.000,0.054]
  len 9: 0/41 = 0.000 [0.000,0.086]
  len 10: 0/15 = 0.000 [0.000,0.204]
  written hist {7: 3}
  pruned hist {7: 3}
  frontier written 0 pruned 0
  reasons []
[r3_2/frozen16_reductio_f0_s0_ss0 r3] transfer greedy SOLVED 0/150 = 0.000 [0.000,0.025]
  len 7: 0/27 = 0.000 [0.000,0.125]
  len 8: 0/67 = 0.000 [0.000,0.054]
  len 9: 0/41 = 0.000 [0.000,0.086]
  len 10: 0/15 = 0.000 [0.000,0.204]
  written hist {}
  pruned hist {}
  frontier written 0 pruned 0
  reasons [('rule check failed: IMPE', 39), ('rule check failed: ANDI', 24), ('bad line cite', 22), ('rule check failed: IMPI', 17), ('rule check failed: DN', 12), ('rule check failed: ORI2', 5)]
[r3_2/frozen16_reductio_f0_s0_ss0 r3] heldout greedy SOLVED 4430/5000 = 0.886 [0.877,0.895]
  len 2: 998/1000 = 0.998 [0.993,0.999]
  len 3: 995/1000 = 0.995 [0.988,0.998]
  len 4: 976/1000 = 0.976 [0.965,0.984]
  len 5: 565/1000 = 0.565 [0.534,0.595]
  len 6: 896/1000 = 0.896 [0.876,0.913]
  written hist {2: 1062, 3: 987, 4: 1014, 5: 587, 6: 779, 7: 1}
  pruned hist {2: 1063, 3: 990, 4: 1018, 5: 582, 6: 777}
  frontier written 6 pruned 6
  reasons [('rule check failed: IMPE', 92), ('rule check failed: ANDI', 89), ('rule check failed: ORI2', 53), ('rule check failed: DN', 44), ('parse: missing ) after ~', 35), ('bad line cite', 35)]
=== round 3 done in 75s; new proofs 60; cum targets solved 22
[r3_2/frozen16_reductio_f0_s0_ss0 r4] targets (this round, pass@32) SOLVED 20/345 = 0.058 [0.038,0.088]
  len 6: 20/45 = 0.444 [0.309,0.588]
  len 7: 0/52 = 0.000 [0.000,0.069]
  len 8: 0/133 = 0.000 [0.000,0.028]
  len 9: 0/82 = 0.000 [0.000,0.045]
  len 10: 0/33 = 0.000 [0.000,0.104]
  written hist {6: 88}
  pruned hist {6: 88}
  frontier written 6 pruned 6
  reasons [('rule check failed: IMPE', 2663), ('rule check failed: ANDI', 1403), ('bad line cite', 1388), ('rule check failed: IMPI', 968), ('rule check failed: DN', 791), ('rule check failed: NEGE', 628)]
[r3_2/frozen16_reductio_f0_s0_ss0 r4] targets (cumulative 128 attempts) SOLVED 23/345 = 0.067 [0.045,0.098]
  len 6: 21/45 = 0.467 [0.329,0.609]
  len 7: 2/52 = 0.038 [0.011,0.130]
  len 8: 0/133 = 0.000 [0.000,0.028]
  len 9: 0/82 = 0.000 [0.000,0.045]
  len 10: 0/33 = 0.000 [0.000,0.104]
  written hist {6: 247, 7: 2}
  pruned hist {6: 247, 7: 2}
  frontier written 6 pruned 6
  reasons []
[r3_2/frozen16_reductio_f0_s0_ss0 r4] transfer (this round, pass@32) SOLVED 0/150 = 0.000 [0.000,0.025]
  len 7: 0/27 = 0.000 [0.000,0.125]
  len 8: 0/67 = 0.000 [0.000,0.054]
  len 9: 0/41 = 0.000 [0.000,0.086]
  len 10: 0/15 = 0.000 [0.000,0.204]
  written hist {}
  pruned hist {}
  frontier written 0 pruned 0
  reasons [('rule check failed: IMPE', 1212), ('rule check failed: ANDI', 675), ('bad line cite', 584), ('rule check failed: IMPI', 507), ('rule check failed: DN', 357), ('rule check failed: ORI2', 261)]
[r3_2/frozen16_reductio_f0_s0_ss0 r4] transfer (cumulative 128 attempts) SOLVED 3/150 = 0.020 [0.007,0.057]
  len 7: 3/27 = 0.111 [0.039,0.281]
  len 8: 0/67 = 0.000 [0.000,0.054]
  len 9: 0/41 = 0.000 [0.000,0.086]
  len 10: 0/15 = 0.000 [0.000,0.204]
  written hist {7: 3}
  pruned hist {7: 3}
  frontier written 0 pruned 0
  reasons []
[r3_2/frozen16_reductio_f0_s0_ss0 r4] transfer greedy SOLVED 0/150 = 0.000 [0.000,0.025]
  len 7: 0/27 = 0.000 [0.000,0.125]
  len 8: 0/67 = 0.000 [0.000,0.054]
  len 9: 0/41 = 0.000 [0.000,0.086]
  len 10: 0/15 = 0.000 [0.000,0.204]
  written hist {}
  pruned hist {}
  frontier written 0 pruned 0
  reasons [('rule check failed: IMPE', 39), ('rule check failed: ANDI', 24), ('bad line cite', 22), ('rule check failed: IMPI', 17), ('rule check failed: DN', 12), ('rule check failed: ORI2', 5)]
[r3_2/frozen16_reductio_f0_s0_ss0 r4] heldout greedy SOLVED 4430/5000 = 0.886 [0.877,0.895]
  len 2: 998/1000 = 0.998 [0.993,0.999]
  len 3: 995/1000 = 0.995 [0.988,0.998]
  len 4: 976/1000 = 0.976 [0.965,0.984]
  len 5: 565/1000 = 0.565 [0.534,0.595]
  len 6: 896/1000 = 0.896 [0.876,0.913]
  written hist {2: 1062, 3: 987, 4: 1014, 5: 587, 6: 779, 7: 1}
  pruned hist {2: 1063, 3: 990, 4: 1018, 5: 582, 6: 777}
  frontier written 6 pruned 6
  reasons [('rule check failed: IMPE', 92), ('rule check failed: ANDI', 89), ('rule check failed: ORI2', 53), ('rule check failed: DN', 44), ('parse: missing ) after ~', 35), ('bad line cite', 35)]
=== round 4 done in 60s; new proofs 51; cum targets solved 23
[r3_2/frozen16_reductio_f0_s0_ss0 r5] targets (this round, pass@32) SOLVED 16/345 = 0.046 [0.029,0.074]
  len 6: 16/45 = 0.356 [0.232,0.502]
  len 7: 0/52 = 0.000 [0.000,0.069]
  len 8: 0/133 = 0.000 [0.000,0.028]
  len 9: 0/82 = 0.000 [0.000,0.045]
  len 10: 0/33 = 0.000 [0.000,0.104]
  written hist {6: 83}
  pruned hist {6: 83}
  frontier written 6 pruned 6
  reasons [('rule check failed: IMPE', 2641), ('rule check failed: ANDI', 1394), ('bad line cite', 1369), ('rule check failed: IMPI', 993), ('rule check failed: DN', 817), ('rule check failed: NEGE', 596)]
[r3_2/frozen16_reductio_f0_s0_ss0 r5] targets (cumulative 160 attempts) SOLVED 24/345 = 0.070 [0.047,0.101]
  len 6: 22/45 = 0.489 [0.350,0.630]
  len 7: 2/52 = 0.038 [0.011,0.130]
  len 8: 0/133 = 0.000 [0.000,0.028]
  len 9: 0/82 = 0.000 [0.000,0.045]
  len 10: 0/33 = 0.000 [0.000,0.104]
  written hist {6: 293, 7: 2}
  pruned hist {6: 293, 7: 2}
  frontier written 6 pruned 6
  reasons []
[r3_2/frozen16_reductio_f0_s0_ss0 r5] transfer (this round, pass@32) SOLVED 1/150 = 0.007 [0.001,0.037]
  len 7: 1/27 = 0.037 [0.007,0.183]
  len 8: 0/67 = 0.000 [0.000,0.054]
  len 9: 0/41 = 0.000 [0.000,0.086]
  len 10: 0/15 = 0.000 [0.000,0.204]
  written hist {7: 1}
  pruned hist {7: 1}
  frontier written 0 pruned 0
  reasons [('rule check failed: IMPE', 1222), ('rule check failed: ANDI', 667), ('bad line cite', 563), ('rule check failed: IMPI', 517), ('rule check failed: DN', 320), ('rule check failed: ORI2', 269)]
[r3_2/frozen16_reductio_f0_s0_ss0 r5] transfer (cumulative 160 attempts) SOLVED 3/150 = 0.020 [0.007,0.057]
  len 7: 3/27 = 0.111 [0.039,0.281]
  len 8: 0/67 = 0.000 [0.000,0.054]
  len 9: 0/41 = 0.000 [0.000,0.086]
  len 10: 0/15 = 0.000 [0.000,0.204]
  written hist {7: 4}
  pruned hist {7: 4}
  frontier written 0 pruned 0
  reasons []
[r3_2/frozen16_reductio_f0_s0_ss0 r5] transfer greedy SOLVED 0/150 = 0.000 [0.000,0.025]
  len 7: 0/27 = 0.000 [0.000,0.125]
  len 8: 0/67 = 0.000 [0.000,0.054]
  len 9: 0/41 = 0.000 [0.000,0.086]
  len 10: 0/15 = 0.000 [0.000,0.204]
  written hist {}
  pruned hist {}
  frontier written 0 pruned 0
  reasons [('rule check failed: IMPE', 39), ('rule check failed: ANDI', 24), ('bad line cite', 22), ('rule check failed: IMPI', 17), ('rule check failed: DN', 12), ('rule check failed: ORI2', 5)]
[r3_2/frozen16_reductio_f0_s0_ss0 r5] heldout greedy SOLVED 4430/5000 = 0.886 [0.877,0.895]
  len 2: 998/1000 = 0.998 [0.993,0.999]
  len 3: 995/1000 = 0.995 [0.988,0.998]
  len 4: 976/1000 = 0.976 [0.965,0.984]
  len 5: 565/1000 = 0.565 [0.534,0.595]
  len 6: 896/1000 = 0.896 [0.876,0.913]
  written hist {2: 1062, 3: 987, 4: 1014, 5: 587, 6: 779, 7: 1}
  pruned hist {2: 1063, 3: 990, 4: 1018, 5: 582, 6: 777}
  frontier written 6 pruned 6
  reasons [('rule check failed: IMPE', 92), ('rule check failed: ANDI', 89), ('rule check failed: ORI2', 53), ('rule check failed: DN', 44), ('parse: missing ) after ~', 35), ('bad line cite', 35)]
=== round 5 done in 105s; new proofs 46; cum targets solved 24
[r3_2/frozen16_reductio_f0_s0_ss0 r6] targets (this round, pass@32) SOLVED 18/345 = 0.052 [0.033,0.081]
  len 6: 18/45 = 0.400 [0.270,0.545]
  len 7: 0/52 = 0.000 [0.000,0.069]
  len 8: 0/133 = 0.000 [0.000,0.028]
  len 9: 0/82 = 0.000 [0.000,0.045]
  len 10: 0/33 = 0.000 [0.000,0.104]
  written hist {6: 100}
  pruned hist {6: 100}
  frontier written 6 pruned 6
  reasons [('rule check failed: IMPE', 2697), ('rule check failed: ANDI', 1431), ('bad line cite', 1345), ('rule check failed: IMPI', 972), ('rule check failed: DN', 803), ('rule check failed: NEGE', 598)]
[r3_2/frozen16_reductio_f0_s0_ss0 r6] targets (cumulative 192 attempts) SOLVED 25/345 = 0.072 [0.050,0.105]
  len 6: 23/45 = 0.511 [0.370,0.650]
  len 7: 2/52 = 0.038 [0.011,0.130]
  len 8: 0/133 = 0.000 [0.000,0.028]
  len 9: 0/82 = 0.000 [0.000,0.045]
  len 10: 0/33 = 0.000 [0.000,0.104]
  written hist {6: 339, 7: 2}
  pruned hist {6: 339, 7: 2}
  frontier written 6 pruned 6
  reasons []
[r3_2/frozen16_reductio_f0_s0_ss0 r6] transfer (this round, pass@32) SOLVED 1/150 = 0.007 [0.001,0.037]
  len 7: 1/27 = 0.037 [0.007,0.183]
  len 8: 0/67 = 0.000 [0.000,0.054]
  len 9: 0/41 = 0.000 [0.000,0.086]
  len 10: 0/15 = 0.000 [0.000,0.204]
  written hist {7: 1}
  pruned hist {7: 1}
  frontier written 0 pruned 0
  reasons [('rule check failed: IMPE', 1179), ('rule check failed: ANDI', 668), ('bad line cite', 590), ('rule check failed: IMPI', 500), ('rule check failed: DN', 337), ('rule check failed: ORI2', 271)]
[r3_2/frozen16_reductio_f0_s0_ss0 r6] transfer (cumulative 192 attempts) SOLVED 3/150 = 0.020 [0.007,0.057]
  len 7: 3/27 = 0.111 [0.039,0.281]
  len 8: 0/67 = 0.000 [0.000,0.054]
  len 9: 0/41 = 0.000 [0.000,0.086]
  len 10: 0/15 = 0.000 [0.000,0.204]
  written hist {7: 5}
  pruned hist {7: 5}
  frontier written 7 pruned 7
  reasons []
[r3_2/frozen16_reductio_f0_s0_ss0 r6] transfer greedy SOLVED 0/150 = 0.000 [0.000,0.025]
  len 7: 0/27 = 0.000 [0.000,0.125]
  len 8: 0/67 = 0.000 [0.000,0.054]
  len 9: 0/41 = 0.000 [0.000,0.086]
  len 10: 0/15 = 0.000 [0.000,0.204]
  written hist {}
  pruned hist {}
  frontier written 0 pruned 0
  reasons [('rule check failed: IMPE', 39), ('rule check failed: ANDI', 24), ('bad line cite', 22), ('rule check failed: IMPI', 17), ('rule check failed: DN', 12), ('rule check failed: ORI2', 5)]
[r3_2/frozen16_reductio_f0_s0_ss0 r6] heldout greedy SOLVED 4430/5000 = 0.886 [0.877,0.895]
  len 2: 998/1000 = 0.998 [0.993,0.999]
  len 3: 995/1000 = 0.995 [0.988,0.998]
  len 4: 976/1000 = 0.976 [0.965,0.984]
  len 5: 565/1000 = 0.565 [0.534,0.595]
  len 6: 896/1000 = 0.896 [0.876,0.913]
  written hist {2: 1062, 3: 987, 4: 1014, 5: 587, 6: 779, 7: 1}
  pruned hist {2: 1063, 3: 990, 4: 1018, 5: 582, 6: 777}
  frontier written 6 pruned 6
  reasons [('rule check failed: IMPE', 92), ('rule check failed: ANDI', 89), ('rule check failed: ORI2', 53), ('rule check failed: DN', 44), ('parse: missing ) after ~', 35), ('bad line cite', 35)]
=== round 6 done in 85s; new proofs 46; cum targets solved 25
[r3_2/frozen16_reductio_f0_s0_ss0 r7] targets (this round, pass@32) SOLVED 15/345 = 0.043 [0.027,0.070]
  len 6: 14/45 = 0.311 [0.195,0.457]
  len 7: 1/52 = 0.019 [0.003,0.101]
  len 8: 0/133 = 0.000 [0.000,0.028]
  len 9: 0/82 = 0.000 [0.000,0.045]
  len 10: 0/33 = 0.000 [0.000,0.104]
  written hist {6: 76, 7: 1}
  pruned hist {6: 76, 7: 1}
  frontier written 6 pruned 6
  reasons [('rule check failed: IMPE', 2627), ('bad line cite', 1432), ('rule check failed: ANDI', 1422), ('rule check failed: IMPI', 959), ('rule check failed: DN', 830), ('rule check failed: NEGE', 569)]
[r3_2/frozen16_reductio_f0_s0_ss0 r7] targets (cumulative 224 attempts) SOLVED 26/345 = 0.075 [0.052,0.108]
  len 6: 23/45 = 0.511 [0.370,0.650]
  len 7: 3/52 = 0.058 [0.020,0.156]
  len 8: 0/133 = 0.000 [0.000,0.028]
  len 9: 0/82 = 0.000 [0.000,0.045]
  len 10: 0/33 = 0.000 [0.000,0.104]
  written hist {6: 377, 7: 3}
  pruned hist {6: 377, 7: 3}
  frontier written 6 pruned 6
  reasons []
[r3_2/frozen16_reductio_f0_s0_ss0 r7] transfer (this round, pass@32) SOLVED 0/150 = 0.000 [0.000,0.025]
  len 7: 0/27 = 0.000 [0.000,0.125]
  len 8: 0/67 = 0.000 [0.000,0.054]
  len 9: 0/41 = 0.000 [0.000,0.086]
  len 10: 0/15 = 0.000 [0.000,0.204]
  written hist {}
  pruned hist {}
  frontier written 0 pruned 0
  reasons [('rule check failed: IMPE', 1233), ('rule check failed: ANDI', 694), ('bad line cite', 559), ('rule check failed: IMPI', 512), ('rule check failed: DN', 335), ('rule check failed: ORI2', 280)]
[r3_2/frozen16_reductio_f0_s0_ss0 r7] transfer (cumulative 224 attempts) SOLVED 3/150 = 0.020 [0.007,0.057]
  len 7: 3/27 = 0.111 [0.039,0.281]
  len 8: 0/67 = 0.000 [0.000,0.054]
  len 9: 0/41 = 0.000 [0.000,0.086]
  len 10: 0/15 = 0.000 [0.000,0.204]
  written hist {7: 5}
  pruned hist {7: 5}
  frontier written 7 pruned 7
  reasons []
[r3_2/frozen16_reductio_f0_s0_ss0 r7] transfer greedy SOLVED 0/150 = 0.000 [0.000,0.025]
  len 7: 0/27 = 0.000 [0.000,0.125]
  len 8: 0/67 = 0.000 [0.000,0.054]
  len 9: 0/41 = 0.000 [0.000,0.086]
  len 10: 0/15 = 0.000 [0.000,0.204]
  written hist {}
  pruned hist {}
  frontier written 0 pruned 0
  reasons [('rule check failed: IMPE', 39), ('rule check failed: ANDI', 24), ('bad line cite', 22), ('rule check failed: IMPI', 17), ('rule check failed: DN', 12), ('rule check failed: ORI2', 5)]
[r3_2/frozen16_reductio_f0_s0_ss0 r7] heldout greedy SOLVED 4430/5000 = 0.886 [0.877,0.895]
  len 2: 998/1000 = 0.998 [0.993,0.999]
  len 3: 995/1000 = 0.995 [0.988,0.998]
  len 4: 976/1000 = 0.976 [0.965,0.984]
  len 5: 565/1000 = 0.565 [0.534,0.595]
  len 6: 896/1000 = 0.896 [0.876,0.913]
  written hist {2: 1062, 3: 987, 4: 1014, 5: 587, 6: 779, 7: 1}
  pruned hist {2: 1063, 3: 990, 4: 1018, 5: 582, 6: 777}
  frontier written 6 pruned 6
  reasons [('rule check failed: IMPE', 92), ('rule check failed: ANDI', 89), ('rule check failed: ORI2', 53), ('rule check failed: DN', 44), ('parse: missing ) after ~', 35), ('bad line cite', 35)]
=== round 7 done in 104s; new proofs 39; cum targets solved 26
[r3_2/frozen16_reductio_f0_s0_ss0 r8] targets (this round, pass@32) SOLVED 17/345 = 0.049 [0.031,0.077]
  len 6: 17/45 = 0.378 [0.251,0.524]
  len 7: 0/52 = 0.000 [0.000,0.069]
  len 8: 0/133 = 0.000 [0.000,0.028]
  len 9: 0/82 = 0.000 [0.000,0.045]
  len 10: 0/33 = 0.000 [0.000,0.104]
  written hist {6: 103}
  pruned hist {6: 103}
  frontier written 6 pruned 6
  reasons [('rule check failed: IMPE', 2591), ('bad line cite', 1477), ('rule check failed: ANDI', 1379), ('rule check failed: IMPI', 979), ('rule check failed: DN', 818), ('rule check failed: NEGE', 575)]
[r3_2/frozen16_reductio_f0_s0_ss0 r8] targets (cumulative 256 attempts) SOLVED 26/345 = 0.075 [0.052,0.108]
  len 6: 23/45 = 0.511 [0.370,0.650]
  len 7: 3/52 = 0.058 [0.020,0.156]
  len 8: 0/133 = 0.000 [0.000,0.028]
  len 9: 0/82 = 0.000 [0.000,0.045]
  len 10: 0/33 = 0.000 [0.000,0.104]
  written hist {6: 423, 7: 3}
  pruned hist {6: 423, 7: 3}
  frontier written 6 pruned 6
  reasons []
[r3_2/frozen16_reductio_f0_s0_ss0 r8] transfer (this round, pass@32) SOLVED 0/150 = 0.000 [0.000,0.025]
  len 7: 0/27 = 0.000 [0.000,0.125]
  len 8: 0/67 = 0.000 [0.000,0.054]
  len 9: 0/41 = 0.000 [0.000,0.086]
  len 10: 0/15 = 0.000 [0.000,0.204]
  written hist {}
  pruned hist {}
  frontier written 0 pruned 0
  reasons [('rule check failed: IMPE', 1223), ('rule check failed: ANDI', 677), ('bad line cite', 593), ('rule check failed: IMPI', 496), ('rule check failed: DN', 322), ('rule check failed: ORI2', 285)]
[r3_2/frozen16_reductio_f0_s0_ss0 r8] transfer (cumulative 256 attempts) SOLVED 3/150 = 0.020 [0.007,0.057]
  len 7: 3/27 = 0.111 [0.039,0.281]
  len 8: 0/67 = 0.000 [0.000,0.054]
  len 9: 0/41 = 0.000 [0.000,0.086]
  len 10: 0/15 = 0.000 [0.000,0.204]
  written hist {7: 5}
  pruned hist {7: 5}
  frontier written 7 pruned 7
  reasons []
[r3_2/frozen16_reductio_f0_s0_ss0 r8] transfer greedy SOLVED 0/150 = 0.000 [0.000,0.025]
  len 7: 0/27 = 0.000 [0.000,0.125]
  len 8: 0/67 = 0.000 [0.000,0.054]
  len 9: 0/41 = 0.000 [0.000,0.086]
  len 10: 0/15 = 0.000 [0.000,0.204]
  written hist {}
  pruned hist {}
  frontier written 0 pruned 0
  reasons [('rule check failed: IMPE', 39), ('rule check failed: ANDI', 24), ('bad line cite', 22), ('rule check failed: IMPI', 17), ('rule check failed: DN', 12), ('rule check failed: ORI2', 5)]
[r3_2/frozen16_reductio_f0_s0_ss0 r8] heldout greedy SOLVED 4430/5000 = 0.886 [0.877,0.895]
  len 2: 998/1000 = 0.998 [0.993,0.999]
  len 3: 995/1000 = 0.995 [0.988,0.998]
  len 4: 976/1000 = 0.976 [0.965,0.984]
  len 5: 565/1000 = 0.565 [0.534,0.595]
  len 6: 896/1000 = 0.896 [0.876,0.913]
  written hist {2: 1062, 3: 987, 4: 1014, 5: 587, 6: 779, 7: 1}
  pruned hist {2: 1063, 3: 990, 4: 1018, 5: 582, 6: 777}
  frontier written 6 pruned 6
  reasons [('rule check failed: IMPE', 92), ('rule check failed: ANDI', 89), ('rule check failed: ORI2', 53), ('rule check failed: DN', 44), ('parse: missing ) after ~', 35), ('bad line cite', 35)]
=== round 8 done in 105s; new proofs 46; cum targets solved 26
[r3_2/frozen16_reductio_f0_s0_ss0 r9] targets (this round, pass@32) SOLVED 20/345 = 0.058 [0.038,0.088]
  len 6: 18/45 = 0.400 [0.270,0.545]
  len 7: 2/52 = 0.038 [0.011,0.130]
  len 8: 0/133 = 0.000 [0.000,0.028]
  len 9: 0/82 = 0.000 [0.000,0.045]
  len 10: 0/33 = 0.000 [0.000,0.104]
  written hist {6: 87, 7: 2}
  pruned hist {6: 87, 7: 2}
  frontier written 6 pruned 6
  reasons [('rule check failed: IMPE', 2691), ('bad line cite', 1405), ('rule check failed: ANDI', 1392), ('rule check failed: IMPI', 974), ('rule check failed: DN', 812), ('rule check failed: NEGE', 607)]
[r3_2/frozen16_reductio_f0_s0_ss0 r9] targets (cumulative 288 attempts) SOLVED 27/345 = 0.078 [0.054,0.111]
  len 6: 24/45 = 0.533 [0.391,0.671]
  len 7: 3/52 = 0.058 [0.020,0.156]
  len 8: 0/133 = 0.000 [0.000,0.028]
  len 9: 0/82 = 0.000 [0.000,0.045]
  len 10: 0/33 = 0.000 [0.000,0.104]
  written hist {6: 452, 7: 5}
  pruned hist {6: 452, 7: 5}
  frontier written 7 pruned 7
  reasons []
[r3_2/frozen16_reductio_f0_s0_ss0 r9] transfer (this round, pass@32) SOLVED 0/150 = 0.000 [0.000,0.025]
  len 7: 0/27 = 0.000 [0.000,0.125]
  len 8: 0/67 = 0.000 [0.000,0.054]
  len 9: 0/41 = 0.000 [0.000,0.086]
  len 10: 0/15 = 0.000 [0.000,0.204]
  written hist {}
  pruned hist {}
  frontier written 0 pruned 0
  reasons [('rule check failed: IMPE', 1246), ('rule check failed: ANDI', 665), ('bad line cite', 551), ('rule check failed: IMPI', 501), ('rule check failed: DN', 321), ('rule check failed: ORI2', 281)]
[r3_2/frozen16_reductio_f0_s0_ss0 r9] transfer (cumulative 288 attempts) SOLVED 3/150 = 0.020 [0.007,0.057]
  len 7: 3/27 = 0.111 [0.039,0.281]
  len 8: 0/67 = 0.000 [0.000,0.054]
  len 9: 0/41 = 0.000 [0.000,0.086]
  len 10: 0/15 = 0.000 [0.000,0.204]
  written hist {7: 5}
  pruned hist {7: 5}
  frontier written 7 pruned 7
  reasons []
[r3_2/frozen16_reductio_f0_s0_ss0 r9] transfer greedy SOLVED 0/150 = 0.000 [0.000,0.025]
  len 7: 0/27 = 0.000 [0.000,0.125]
  len 8: 0/67 = 0.000 [0.000,0.054]
  len 9: 0/41 = 0.000 [0.000,0.086]
  len 10: 0/15 = 0.000 [0.000,0.204]
  written hist {}
  pruned hist {}
  frontier written 0 pruned 0
  reasons [('rule check failed: IMPE', 39), ('rule check failed: ANDI', 24), ('bad line cite', 22), ('rule check failed: IMPI', 17), ('rule check failed: DN', 12), ('rule check failed: ORI2', 5)]
[r3_2/frozen16_reductio_f0_s0_ss0 r9] heldout greedy SOLVED 4430/5000 = 0.886 [0.877,0.895]
  len 2: 998/1000 = 0.998 [0.993,0.999]
  len 3: 995/1000 = 0.995 [0.988,0.998]
  len 4: 976/1000 = 0.976 [0.965,0.984]
  len 5: 565/1000 = 0.565 [0.534,0.595]
  len 6: 896/1000 = 0.896 [0.876,0.913]
  written hist {2: 1062, 3: 987, 4: 1014, 5: 587, 6: 779, 7: 1}
  pruned hist {2: 1063, 3: 990, 4: 1018, 5: 582, 6: 777}
  frontier written 6 pruned 6
  reasons [('rule check failed: IMPE', 92), ('rule check failed: ANDI', 89), ('rule check failed: ORI2', 53), ('rule check failed: DN', 44), ('parse: missing ) after ~', 35), ('bad line cite', 35)]
=== round 9 done in 106s; new proofs 31; cum targets solved 27
[r3_2/frozen16_reductio_f0_s0_ss0 r10] targets (this round, pass@32) SOLVED 16/345 = 0.046 [0.029,0.074]
  len 6: 14/45 = 0.311 [0.195,0.457]
  len 7: 2/52 = 0.038 [0.011,0.130]
  len 8: 0/133 = 0.000 [0.000,0.028]
  len 9: 0/82 = 0.000 [0.000,0.045]
  len 10: 0/33 = 0.000 [0.000,0.104]
  written hist {6: 94, 7: 2}
  pruned hist {6: 94, 7: 2}
  frontier written 6 pruned 6
  reasons [('rule check failed: IMPE', 2676), ('bad line cite', 1415), ('rule check failed: ANDI', 1392), ('rule check failed: IMPI', 990), ('rule check failed: DN', 791), ('rule check failed: NEGE', 591)]
[r3_2/frozen16_reductio_f0_s0_ss0 r10] targets (cumulative 320 attempts) SOLVED 27/345 = 0.078 [0.054,0.111]
  len 6: 24/45 = 0.533 [0.391,0.671]
  len 7: 3/52 = 0.058 [0.020,0.156]
  len 8: 0/133 = 0.000 [0.000,0.028]
  len 9: 0/82 = 0.000 [0.000,0.045]
  len 10: 0/33 = 0.000 [0.000,0.104]
  written hist {6: 475, 7: 7}
  pruned hist {6: 475, 7: 7}
  frontier written 7 pruned 7
  reasons []
[r3_2/frozen16_reductio_f0_s0_ss0 r10] transfer (this round, pass@32) SOLVED 0/150 = 0.000 [0.000,0.025]
  len 7: 0/27 = 0.000 [0.000,0.125]
  len 8: 0/67 = 0.000 [0.000,0.054]
  len 9: 0/41 = 0.000 [0.000,0.086]
  len 10: 0/15 = 0.000 [0.000,0.204]
  written hist {}
  pruned hist {}
  frontier written 0 pruned 0
  reasons [('rule check failed: IMPE', 1179), ('rule check failed: ANDI', 664), ('bad line cite', 590), ('rule check failed: IMPI', 490), ('rule check failed: DN', 346), ('rule check failed: ORI2', 260)]
[r3_2/frozen16_reductio_f0_s0_ss0 r10] transfer (cumulative 320 attempts) SOLVED 3/150 = 0.020 [0.007,0.057]
  len 7: 3/27 = 0.111 [0.039,0.281]
  len 8: 0/67 = 0.000 [0.000,0.054]
  len 9: 0/41 = 0.000 [0.000,0.086]
  len 10: 0/15 = 0.000 [0.000,0.204]
  written hist {7: 5}
  pruned hist {7: 5}
  frontier written 7 pruned 7
  reasons []
[r3_2/frozen16_reductio_f0_s0_ss0 r10] transfer greedy SOLVED 0/150 = 0.000 [0.000,0.025]
  len 7: 0/27 = 0.000 [0.000,0.125]
  len 8: 0/67 = 0.000 [0.000,0.054]
  len 9: 0/41 = 0.000 [0.000,0.086]
  len 10: 0/15 = 0.000 [0.000,0.204]
  written hist {}
  pruned hist {}
  frontier written 0 pruned 0
  reasons [('rule check failed: IMPE', 39), ('rule check failed: ANDI', 24), ('bad line cite', 22), ('rule check failed: IMPI', 17), ('rule check failed: DN', 12), ('rule check failed: ORI2', 5)]
[r3_2/frozen16_reductio_f0_s0_ss0 r10] heldout greedy SOLVED 4430/5000 = 0.886 [0.877,0.895]
  len 2: 998/1000 = 0.998 [0.993,0.999]
  len 3: 995/1000 = 0.995 [0.988,0.998]
  len 4: 976/1000 = 0.976 [0.965,0.984]
  len 5: 565/1000 = 0.565 [0.534,0.595]
  len 6: 896/1000 = 0.896 [0.876,0.913]
  written hist {2: 1062, 3: 987, 4: 1014, 5: 587, 6: 779, 7: 1}
  pruned hist {2: 1063, 3: 990, 4: 1018, 5: 582, 6: 777}
  frontier written 6 pruned 6
  reasons [('rule check failed: IMPE', 92), ('rule check failed: ANDI', 89), ('rule check failed: ORI2', 53), ('rule check failed: DN', 44), ('parse: missing ) after ~', 35), ('bad line cite', 35)]
=== round 10 done in 92s; new proofs 25; cum targets solved 27
[r3_2/frozen16_reductio_f0_s0_ss0 r11] targets (this round, pass@32) SOLVED 17/345 = 0.049 [0.031,0.077]
  len 6: 15/45 = 0.333 [0.214,0.479]
  len 7: 2/52 = 0.038 [0.011,0.130]
  len 8: 0/133 = 0.000 [0.000,0.028]
  len 9: 0/82 = 0.000 [0.000,0.045]
  len 10: 0/33 = 0.000 [0.000,0.104]
  written hist {6: 84, 7: 3}
  pruned hist {6: 84, 7: 3}
  frontier written 6 pruned 6
  reasons [('rule check failed: IMPE', 2647), ('rule check failed: ANDI', 1424), ('bad line cite', 1369), ('rule check failed: IMPI', 981), ('rule check failed: DN', 805), ('rule check failed: NEGE', 617)]
[r3_2/frozen16_reductio_f0_s0_ss0 r11] targets (cumulative 352 attempts) SOLVED 28/345 = 0.081 [0.057,0.115]
  len 6: 24/45 = 0.533 [0.391,0.671]
  len 7: 4/52 = 0.077 [0.030,0.182]
  len 8: 0/133 = 0.000 [0.000,0.028]
  len 9: 0/82 = 0.000 [0.000,0.045]
  len 10: 0/33 = 0.000 [0.000,0.104]
  written hist {6: 497, 7: 10}
  pruned hist {6: 497, 7: 10}
  frontier written 7 pruned 7
  reasons []
[r3_2/frozen16_reductio_f0_s0_ss0 r11] transfer (this round, pass@32) SOLVED 2/150 = 0.013 [0.004,0.047]
  len 7: 2/27 = 0.074 [0.021,0.234]
  len 8: 0/67 = 0.000 [0.000,0.054]
  len 9: 0/41 = 0.000 [0.000,0.086]
  len 10: 0/15 = 0.000 [0.000,0.204]
  written hist {7: 2}
  pruned hist {7: 2}
  frontier written 0 pruned 0
  reasons [('rule check failed: IMPE', 1273), ('rule check failed: ANDI', 660), ('bad line cite', 548), ('rule check failed: IMPI', 496), ('rule check failed: DN', 343), ('rule check failed: ORI2', 267)]
[r3_2/frozen16_reductio_f0_s0_ss0 r11] transfer (cumulative 352 attempts) SOLVED 3/150 = 0.020 [0.007,0.057]
  len 7: 3/27 = 0.111 [0.039,0.281]
  len 8: 0/67 = 0.000 [0.000,0.054]
  len 9: 0/41 = 0.000 [0.000,0.086]
  len 10: 0/15 = 0.000 [0.000,0.204]
  written hist {7: 7}
  pruned hist {7: 7}
  frontier written 7 pruned 7
  reasons []
[r3_2/frozen16_reductio_f0_s0_ss0 r11] transfer greedy SOLVED 0/150 = 0.000 [0.000,0.025]
  len 7: 0/27 = 0.000 [0.000,0.125]
  len 8: 0/67 = 0.000 [0.000,0.054]
  len 9: 0/41 = 0.000 [0.000,0.086]
  len 10: 0/15 = 0.000 [0.000,0.204]
  written hist {}
  pruned hist {}
  frontier written 0 pruned 0
  reasons [('rule check failed: IMPE', 39), ('rule check failed: ANDI', 24), ('bad line cite', 22), ('rule check failed: IMPI', 17), ('rule check failed: DN', 12), ('rule check failed: ORI2', 5)]
[r3_2/frozen16_reductio_f0_s0_ss0 r11] heldout greedy SOLVED 4430/5000 = 0.886 [0.877,0.895]
  len 2: 998/1000 = 0.998 [0.993,0.999]
  len 3: 995/1000 = 0.995 [0.988,0.998]
  len 4: 976/1000 = 0.976 [0.965,0.984]
  len 5: 565/1000 = 0.565 [0.534,0.595]
  len 6: 896/1000 = 0.896 [0.876,0.913]
  written hist {2: 1062, 3: 987, 4: 1014, 5: 587, 6: 779, 7: 1}
  pruned hist {2: 1063, 3: 990, 4: 1018, 5: 582, 6: 777}
  frontier written 6 pruned 6
  reasons [('rule check failed: IMPE', 92), ('rule check failed: ANDI', 89), ('rule check failed: ORI2', 53), ('rule check failed: DN', 44), ('parse: missing ) after ~', 35), ('bad line cite', 35)]
=== round 11 done in 108s; new proofs 25; cum targets solved 28
[r3_2/frozen16_reductio_f0_s0_ss0 r12] targets (this round, pass@32) SOLVED 16/345 = 0.046 [0.029,0.074]
  len 6: 15/45 = 0.333 [0.214,0.479]
  len 7: 1/52 = 0.019 [0.003,0.101]
  len 8: 0/133 = 0.000 [0.000,0.028]
  len 9: 0/82 = 0.000 [0.000,0.045]
  len 10: 0/33 = 0.000 [0.000,0.104]
  written hist {6: 76, 7: 1}
  pruned hist {6: 76, 7: 1}
  frontier written 6 pruned 6
  reasons [('rule check failed: IMPE', 2670), ('rule check failed: ANDI', 1412), ('bad line cite', 1381), ('rule check failed: IMPI', 1002), ('rule check failed: DN', 779), ('rule check failed: NEGE', 602)]
[r3_2/frozen16_reductio_f0_s0_ss0 r12] targets (cumulative 384 attempts) SOLVED 28/345 = 0.081 [0.057,0.115]
  len 6: 24/45 = 0.533 [0.391,0.671]
  len 7: 4/52 = 0.077 [0.030,0.182]
  len 8: 0/133 = 0.000 [0.000,0.028]
  len 9: 0/82 = 0.000 [0.000,0.045]
  len 10: 0/33 = 0.000 [0.000,0.104]
  written hist {6: 513, 7: 11}
  pruned hist {6: 513, 7: 11}
  frontier written 7 pruned 7
  reasons []
[r3_2/frozen16_reductio_f0_s0_ss0 r12] transfer (this round, pass@32) SOLVED 0/150 = 0.000 [0.000,0.025]
  len 7: 0/27 = 0.000 [0.000,0.125]
  len 8: 0/67 = 0.000 [0.000,0.054]
  len 9: 0/41 = 0.000 [0.000,0.086]
  len 10: 0/15 = 0.000 [0.000,0.204]
  written hist {}
  pruned hist {}
  frontier written 0 pruned 0
  reasons [('rule check failed: IMPE', 1192), ('rule check failed: ANDI', 685), ('bad line cite', 573), ('rule check failed: IMPI', 516), ('rule check failed: DN', 340), ('rule check failed: ORI2', 269)]
[r3_2/frozen16_reductio_f0_s0_ss0 r12] transfer (cumulative 384 attempts) SOLVED 3/150 = 0.020 [0.007,0.057]
  len 7: 3/27 = 0.111 [0.039,0.281]
  len 8: 0/67 = 0.000 [0.000,0.054]
  len 9: 0/41 = 0.000 [0.000,0.086]
  len 10: 0/15 = 0.000 [0.000,0.204]
  written hist {7: 7}
  pruned hist {7: 7}
  frontier written 7 pruned 7
  reasons []
[r3_2/frozen16_reductio_f0_s0_ss0 r12] transfer greedy SOLVED 0/150 = 0.000 [0.000,0.025]
  len 7: 0/27 = 0.000 [0.000,0.125]
  len 8: 0/67 = 0.000 [0.000,0.054]
  len 9: 0/41 = 0.000 [0.000,0.086]
  len 10: 0/15 = 0.000 [0.000,0.204]
  written hist {}
  pruned hist {}
  frontier written 0 pruned 0
  reasons [('rule check failed: IMPE', 39), ('rule check failed: ANDI', 24), ('bad line cite', 22), ('rule check failed: IMPI', 17), ('rule check failed: DN', 12), ('rule check failed: ORI2', 5)]
[r3_2/frozen16_reductio_f0_s0_ss0 r12] heldout greedy SOLVED 4430/5000 = 0.886 [0.877,0.895]
  len 2: 998/1000 = 0.998 [0.993,0.999]
  len 3: 995/1000 = 0.995 [0.988,0.998]
  len 4: 976/1000 = 0.976 [0.965,0.984]
  len 5: 565/1000 = 0.565 [0.534,0.595]
  len 6: 896/1000 = 0.896 [0.876,0.913]
  written hist {2: 1062, 3: 987, 4: 1014, 5: 587, 6: 779, 7: 1}
  pruned hist {2: 1063, 3: 990, 4: 1018, 5: 582, 6: 777}
  frontier written 6 pruned 6
  reasons [('rule check failed: IMPE', 92), ('rule check failed: ANDI', 89), ('rule check failed: ORI2', 53), ('rule check failed: DN', 44), ('parse: missing ) after ~', 35), ('bad line cite', 35)]
=== round 12 done in 108s; new proofs 17; cum targets solved 28
[r3_2/frozen16_reductio_f0_s0_ss0 r13] targets (this round, pass@32) SOLVED 19/345 = 0.055 [0.036,0.084]
  len 6: 16/45 = 0.356 [0.232,0.502]
  len 7: 3/52 = 0.058 [0.020,0.156]
  len 8: 0/133 = 0.000 [0.000,0.028]
  len 9: 0/82 = 0.000 [0.000,0.045]
  len 10: 0/33 = 0.000 [0.000,0.104]
  written hist {6: 96, 7: 3}
  pruned hist {6: 96, 7: 3}
  frontier written 6 pruned 6
  reasons [('rule check failed: IMPE', 2650), ('bad line cite', 1445), ('rule check failed: ANDI', 1396), ('rule check failed: IMPI', 1005), ('rule check failed: DN', 766), ('rule check failed: NEGE', 618)]
[r3_2/frozen16_reductio_f0_s0_ss0 r13] targets (cumulative 416 attempts) SOLVED 29/345 = 0.084 [0.059,0.118]
  len 6: 25/45 = 0.556 [0.412,0.691]
  len 7: 4/52 = 0.077 [0.030,0.182]
  len 8: 0/133 = 0.000 [0.000,0.028]
  len 9: 0/82 = 0.000 [0.000,0.045]
  len 10: 0/33 = 0.000 [0.000,0.104]
  written hist {6: 530, 7: 14}
  pruned hist {6: 530, 7: 14}
  frontier written 7 pruned 7
  reasons []
[r3_2/frozen16_reductio_f0_s0_ss0 r13] transfer (this round, pass@32) SOLVED 0/150 = 0.000 [0.000,0.025]
  len 7: 0/27 = 0.000 [0.000,0.125]
  len 8: 0/67 = 0.000 [0.000,0.054]
  len 9: 0/41 = 0.000 [0.000,0.086]
  len 10: 0/15 = 0.000 [0.000,0.204]
  written hist {}
  pruned hist {}
  frontier written 0 pruned 0
  reasons [('rule check failed: IMPE', 1227), ('rule check failed: ANDI', 659), ('bad line cite', 589), ('rule check failed: IMPI', 488), ('rule check failed: DN', 316), ('rule check failed: ORI2', 283)]
[r3_2/frozen16_reductio_f0_s0_ss0 r13] transfer (cumulative 416 attempts) SOLVED 3/150 = 0.020 [0.007,0.057]
  len 7: 3/27 = 0.111 [0.039,0.281]
  len 8: 0/67 = 0.000 [0.000,0.054]
  len 9: 0/41 = 0.000 [0.000,0.086]
  len 10: 0/15 = 0.000 [0.000,0.204]
  written hist {7: 7}
  pruned hist {7: 7}
  frontier written 7 pruned 7
  reasons []
[r3_2/frozen16_reductio_f0_s0_ss0 r13] transfer greedy SOLVED 0/150 = 0.000 [0.000,0.025]
  len 7: 0/27 = 0.000 [0.000,0.125]
  len 8: 0/67 = 0.000 [0.000,0.054]
  len 9: 0/41 = 0.000 [0.000,0.086]
  len 10: 0/15 = 0.000 [0.000,0.204]
  written hist {}
  pruned hist {}
  frontier written 0 pruned 0
  reasons [('rule check failed: IMPE', 39), ('rule check failed: ANDI', 24), ('bad line cite', 22), ('rule check failed: IMPI', 17), ('rule check failed: DN', 12), ('rule check failed: ORI2', 5)]
[r3_2/frozen16_reductio_f0_s0_ss0 r13] heldout greedy SOLVED 4430/5000 = 0.886 [0.877,0.895]
  len 2: 998/1000 = 0.998 [0.993,0.999]
  len 3: 995/1000 = 0.995 [0.988,0.998]
  len 4: 976/1000 = 0.976 [0.965,0.984]
  len 5: 565/1000 = 0.565 [0.534,0.595]
  len 6: 896/1000 = 0.896 [0.876,0.913]
  written hist {2: 1062, 3: 987, 4: 1014, 5: 587, 6: 779, 7: 1}
  pruned hist {2: 1063, 3: 990, 4: 1018, 5: 582, 6: 777}
  frontier written 6 pruned 6
  reasons [('rule check failed: IMPE', 92), ('rule check failed: ANDI', 89), ('rule check failed: ORI2', 53), ('rule check failed: DN', 44), ('parse: missing ) after ~', 35), ('bad line cite', 35)]
=== round 13 done in 85s; new proofs 20; cum targets solved 29
[r3_2/frozen16_reductio_f0_s0_ss0 r14] targets (this round, pass@32) SOLVED 13/345 = 0.038 [0.022,0.063]
  len 6: 13/45 = 0.289 [0.177,0.434]
  len 7: 0/52 = 0.000 [0.000,0.069]
  len 8: 0/133 = 0.000 [0.000,0.028]
  len 9: 0/82 = 0.000 [0.000,0.045]
  len 10: 0/33 = 0.000 [0.000,0.104]
  written hist {6: 77}
  pruned hist {6: 77}
  frontier written 6 pruned 6
  reasons [('rule check failed: IMPE', 2670), ('bad line cite', 1381), ('rule check failed: ANDI', 1378), ('rule check failed: IMPI', 994), ('rule check failed: DN', 786), ('rule check failed: NEGE', 626)]
[r3_2/frozen16_reductio_f0_s0_ss0 r14] targets (cumulative 448 attempts) SOLVED 29/345 = 0.084 [0.059,0.118]
  len 6: 25/45 = 0.556 [0.412,0.691]
  len 7: 4/52 = 0.077 [0.030,0.182]
  len 8: 0/133 = 0.000 [0.000,0.028]
  len 9: 0/82 = 0.000 [0.000,0.045]
  len 10: 0/33 = 0.000 [0.000,0.104]
  written hist {6: 541, 7: 14}
  pruned hist {6: 541, 7: 14}
  frontier written 7 pruned 7
  reasons []
[r3_2/frozen16_reductio_f0_s0_ss0 r14] transfer (this round, pass@32) SOLVED 0/150 = 0.000 [0.000,0.025]
  len 7: 0/27 = 0.000 [0.000,0.125]
  len 8: 0/67 = 0.000 [0.000,0.054]
  len 9: 0/41 = 0.000 [0.000,0.086]
  len 10: 0/15 = 0.000 [0.000,0.204]
  written hist {}
  pruned hist {}
  frontier written 0 pruned 0
  reasons [('rule check failed: IMPE', 1242), ('rule check failed: ANDI', 653), ('bad line cite', 598), ('rule check failed: IMPI', 516), ('rule check failed: DN', 326), ('rule check failed: ORI2', 263)]
[r3_2/frozen16_reductio_f0_s0_ss0 r14] transfer (cumulative 448 attempts) SOLVED 3/150 = 0.020 [0.007,0.057]
  len 7: 3/27 = 0.111 [0.039,0.281]
  len 8: 0/67 = 0.000 [0.000,0.054]
  len 9: 0/41 = 0.000 [0.000,0.086]
  len 10: 0/15 = 0.000 [0.000,0.204]
  written hist {7: 7}
  pruned hist {7: 7}
  frontier written 7 pruned 7
  reasons []
[r3_2/frozen16_reductio_f0_s0_ss0 r14] transfer greedy SOLVED 0/150 = 0.000 [0.000,0.025]
  len 7: 0/27 = 0.000 [0.000,0.125]
  len 8: 0/67 = 0.000 [0.000,0.054]
  len 9: 0/41 = 0.000 [0.000,0.086]
  len 10: 0/15 = 0.000 [0.000,0.204]
  written hist {}
  pruned hist {}
  frontier written 0 pruned 0
  reasons [('rule check failed: IMPE', 39), ('rule check failed: ANDI', 24), ('bad line cite', 22), ('rule check failed: IMPI', 17), ('rule check failed: DN', 12), ('rule check failed: ORI2', 5)]
[r3_2/frozen16_reductio_f0_s0_ss0 r14] heldout greedy SOLVED 4430/5000 = 0.886 [0.877,0.895]
  len 2: 998/1000 = 0.998 [0.993,0.999]
  len 3: 995/1000 = 0.995 [0.988,0.998]
  len 4: 976/1000 = 0.976 [0.965,0.984]
  len 5: 565/1000 = 0.565 [0.534,0.595]
  len 6: 896/1000 = 0.896 [0.876,0.913]
  written hist {2: 1062, 3: 987, 4: 1014, 5: 587, 6: 779, 7: 1}
  pruned hist {2: 1063, 3: 990, 4: 1018, 5: 582, 6: 777}
  frontier written 6 pruned 6
  reasons [('rule check failed: IMPE', 92), ('rule check failed: ANDI', 89), ('rule check failed: ORI2', 53), ('rule check failed: DN', 44), ('parse: missing ) after ~', 35), ('bad line cite', 35)]
=== round 14 done in 107s; new proofs 11; cum targets solved 29
[r3_2/frozen16_reductio_f0_s0_ss0 r15] targets (this round, pass@32) SOLVED 13/345 = 0.038 [0.022,0.063]
  len 6: 13/45 = 0.289 [0.177,0.434]
  len 7: 0/52 = 0.000 [0.000,0.069]
  len 8: 0/133 = 0.000 [0.000,0.028]
  len 9: 0/82 = 0.000 [0.000,0.045]
  len 10: 0/33 = 0.000 [0.000,0.104]
  written hist {6: 62}
  pruned hist {6: 62}
  frontier written 6 pruned 6
  reasons [('rule check failed: IMPE', 2665), ('bad line cite', 1463), ('rule check failed: ANDI', 1399), ('rule check failed: IMPI', 912), ('rule check failed: DN', 814), ('rule check failed: NEGE', 596)]
[r3_2/frozen16_reductio_f0_s0_ss0 r15] targets (cumulative 480 attempts) SOLVED 29/345 = 0.084 [0.059,0.118]
  len 6: 25/45 = 0.556 [0.412,0.691]
  len 7: 4/52 = 0.077 [0.030,0.182]
  len 8: 0/133 = 0.000 [0.000,0.028]
  len 9: 0/82 = 0.000 [0.000,0.045]
  len 10: 0/33 = 0.000 [0.000,0.104]
  written hist {6: 550, 7: 14}
  pruned hist {6: 550, 7: 14}
  frontier written 7 pruned 7
  reasons []
[r3_2/frozen16_reductio_f0_s0_ss0 r15] transfer (this round, pass@32) SOLVED 0/150 = 0.000 [0.000,0.025]
  len 7: 0/27 = 0.000 [0.000,0.125]
  len 8: 0/67 = 0.000 [0.000,0.054]
  len 9: 0/41 = 0.000 [0.000,0.086]
  len 10: 0/15 = 0.000 [0.000,0.204]
  written hist {}
  pruned hist {}
  frontier written 0 pruned 0
  reasons [('rule check failed: IMPE', 1219), ('rule check failed: ANDI', 663), ('bad line cite', 590), ('rule check failed: IMPI', 485), ('rule check failed: DN', 358), ('rule check failed: ORI2', 281)]
[r3_2/frozen16_reductio_f0_s0_ss0 r15] transfer (cumulative 480 attempts) SOLVED 3/150 = 0.020 [0.007,0.057]
  len 7: 3/27 = 0.111 [0.039,0.281]
  len 8: 0/67 = 0.000 [0.000,0.054]
  len 9: 0/41 = 0.000 [0.000,0.086]
  len 10: 0/15 = 0.000 [0.000,0.204]
  written hist {7: 7}
  pruned hist {7: 7}
  frontier written 7 pruned 7
  reasons []
[r3_2/frozen16_reductio_f0_s0_ss0 r15] transfer greedy SOLVED 0/150 = 0.000 [0.000,0.025]
  len 7: 0/27 = 0.000 [0.000,0.125]
  len 8: 0/67 = 0.000 [0.000,0.054]
  len 9: 0/41 = 0.000 [0.000,0.086]
  len 10: 0/15 = 0.000 [0.000,0.204]
  written hist {}
  pruned hist {}
  frontier written 0 pruned 0
  reasons [('rule check failed: IMPE', 39), ('rule check failed: ANDI', 24), ('bad line cite', 22), ('rule check failed: IMPI', 17), ('rule check failed: DN', 12), ('rule check failed: ORI2', 5)]
[r3_2/frozen16_reductio_f0_s0_ss0 r15] heldout greedy SOLVED 4430/5000 = 0.886 [0.877,0.895]
  len 2: 998/1000 = 0.998 [0.993,0.999]
  len 3: 995/1000 = 0.995 [0.988,0.998]
  len 4: 976/1000 = 0.976 [0.965,0.984]
  len 5: 565/1000 = 0.565 [0.534,0.595]
  len 6: 896/1000 = 0.896 [0.876,0.913]
  written hist {2: 1062, 3: 987, 4: 1014, 5: 587, 6: 779, 7: 1}
  pruned hist {2: 1063, 3: 990, 4: 1018, 5: 582, 6: 777}
  frontier written 6 pruned 6
  reasons [('rule check failed: IMPE', 92), ('rule check failed: ANDI', 89), ('rule check failed: ORI2', 53), ('rule check failed: DN', 44), ('parse: missing ) after ~', 35), ('bad line cite', 35)]
=== round 15 done in 103s; new proofs 9; cum targets solved 29
[r3_2/frozen16_reductio_f0_s0_ss0 r16] targets (this round, pass@32) SOLVED 12/345 = 0.035 [0.020,0.060]
  len 6: 12/45 = 0.267 [0.160,0.410]
  len 7: 0/52 = 0.000 [0.000,0.069]
  len 8: 0/133 = 0.000 [0.000,0.028]
  len 9: 0/82 = 0.000 [0.000,0.045]
  len 10: 0/33 = 0.000 [0.000,0.104]
  written hist {6: 80}
  pruned hist {6: 80}
  frontier written 6 pruned 6
  reasons [('rule check failed: IMPE', 2657), ('bad line cite', 1409), ('rule check failed: ANDI', 1394), ('rule check failed: IMPI', 1001), ('rule check failed: DN', 789), ('rule check failed: NEGE', 621)]
[r3_2/frozen16_reductio_f0_s0_ss0 r16] targets (cumulative 512 attempts) SOLVED 29/345 = 0.084 [0.059,0.118]
  len 6: 25/45 = 0.556 [0.412,0.691]
  len 7: 4/52 = 0.077 [0.030,0.182]
  len 8: 0/133 = 0.000 [0.000,0.028]
  len 9: 0/82 = 0.000 [0.000,0.045]
  len 10: 0/33 = 0.000 [0.000,0.104]
  written hist {6: 562, 7: 14}
  pruned hist {6: 562, 7: 14}
  frontier written 7 pruned 7
  reasons []
[r3_2/frozen16_reductio_f0_s0_ss0 r16] transfer (this round, pass@32) SOLVED 1/150 = 0.007 [0.001,0.037]
  len 7: 1/27 = 0.037 [0.007,0.183]
  len 8: 0/67 = 0.000 [0.000,0.054]
  len 9: 0/41 = 0.000 [0.000,0.086]
  len 10: 0/15 = 0.000 [0.000,0.204]
  written hist {7: 1}
  pruned hist {7: 1}
  frontier written 0 pruned 0
  reasons [('rule check failed: IMPE', 1196), ('rule check failed: ANDI', 676), ('bad line cite', 569), ('rule check failed: IMPI', 527), ('rule check failed: DN', 353), ('rule check failed: ORI2', 276)]
[r3_2/frozen16_reductio_f0_s0_ss0 r16] transfer (cumulative 512 attempts) SOLVED 3/150 = 0.020 [0.007,0.057]
  len 7: 3/27 = 0.111 [0.039,0.281]
  len 8: 0/67 = 0.000 [0.000,0.054]
  len 9: 0/41 = 0.000 [0.000,0.086]
  len 10: 0/15 = 0.000 [0.000,0.204]
  written hist {7: 8}
  pruned hist {7: 8}
  frontier written 7 pruned 7
  reasons []
[r3_2/frozen16_reductio_f0_s0_ss0 r16] transfer greedy SOLVED 0/150 = 0.000 [0.000,0.025]
  len 7: 0/27 = 0.000 [0.000,0.125]
  len 8: 0/67 = 0.000 [0.000,0.054]
  len 9: 0/41 = 0.000 [0.000,0.086]
  len 10: 0/15 = 0.000 [0.000,0.204]
  written hist {}
  pruned hist {}
  frontier written 0 pruned 0
  reasons [('rule check failed: IMPE', 39), ('rule check failed: ANDI', 24), ('bad line cite', 22), ('rule check failed: IMPI', 17), ('rule check failed: DN', 12), ('rule check failed: ORI2', 5)]
[r3_2/frozen16_reductio_f0_s0_ss0 r16] heldout greedy SOLVED 4430/5000 = 0.886 [0.877,0.895]
  len 2: 998/1000 = 0.998 [0.993,0.999]
  len 3: 995/1000 = 0.995 [0.988,0.998]
  len 4: 976/1000 = 0.976 [0.965,0.984]
  len 5: 565/1000 = 0.565 [0.534,0.595]
  len 6: 896/1000 = 0.896 [0.876,0.913]
  written hist {2: 1062, 3: 987, 4: 1014, 5: 587, 6: 779, 7: 1}
  pruned hist {2: 1063, 3: 990, 4: 1018, 5: 582, 6: 777}
  frontier written 6 pruned 6
  reasons [('rule check failed: IMPE', 92), ('rule check failed: ANDI', 89), ('rule check failed: ORI2', 53), ('rule check failed: DN', 44), ('parse: missing ) after ~', 35), ('bad line cite', 35)]
=== round 16 done in 88s; new proofs 12; cum targets solved 29
