START 2026-09-23T23:31:42Z python3 expert_iter.py --init ckpts/dsr/stage1_r2_s0.pt --name dsr/frz_d3_r2_s0 --targets data/p2/targets_depth3.jsonl --transfer data/p2/transfer_depth3.jsonl --heldout data/p2/heldout.jsonl --train data/p2/train_depth3_f0_a1.jsonl --rounds 4 --k 32 --temperature 0.8 --batch 2048 --seed 0 --no_train
[lean_gate] 32000 samples, parse-fail 5722, distinct checked 23191: both ok 4572, nd-only 0, lean-only 5, both rej 18614; lean 154.2s wall (1809.3s proc, 12 workers), nd_verify 1.3s
[dsr/frz_d3_r2_s0 r1] targets (this round, pass@32) SOLVED 393/1000 = 0.393 [0.363,0.424]
  len 7: 132/166 = 0.795 [0.727,0.850]
  len 8: 95/166 = 0.572 [0.496,0.645]
  len 9: 9/166 = 0.054 [0.029,0.100]
  len 10: 29/166 = 0.175 [0.124,0.240]
  len 11: 57/166 = 0.343 [0.275,0.418]
  len 12: 71/170 = 0.418 [0.346,0.493]
  written hist {7: 329, 8: 159, 9: 11}
  pruned hist {5: 8, 6: 140, 7: 230, 8: 115, 9: 6}
  frontier written 9 pruned 9
  reasons [("parse: expected line index, got 'LEANPARSE'", 5722), ('rule check failed: ANDI', 4380), ('rule check failed: IMPE', 3726), ('rule check failed: ORI2', 2198), ('rule check failed: DN', 2066), ('rule check failed: IMPI', 1918)]
[dsr/frz_d3_r2_s0 r1] targets (cumulative 32 attempts) SOLVED 393/1000 = 0.393 [0.363,0.424]
  len 7: 132/166 = 0.795 [0.727,0.850]
  len 8: 95/166 = 0.572 [0.496,0.645]
  len 9: 9/166 = 0.054 [0.029,0.100]
  len 10: 29/166 = 0.175 [0.124,0.240]
  len 11: 57/166 = 0.343 [0.275,0.418]
  len 12: 71/170 = 0.418 [0.346,0.493]
  written hist {7: 329, 8: 159, 9: 11}
  pruned hist {5: 8, 6: 140, 7: 230, 8: 115, 9: 6}
  frontier written 9 pruned 9
  reasons []
[lean_gate] 16000 samples, parse-fail 2632, distinct checked 11779: both ok 2491, nd-only 0, lean-only 8, both rej 9280; lean 57.2s wall (617.8s proc, 12 workers), nd_verify 0.7s
[dsr/frz_d3_r2_s0 r1] transfer (this round, pass@32) SOLVED 219/500 = 0.438 [0.395,0.482]
  len 7: 65/83 = 0.783 [0.683,0.858]
  len 8: 51/83 = 0.614 [0.507,0.712]
  len 9: 12/83 = 0.145 [0.085,0.236]
  len 10: 17/83 = 0.205 [0.132,0.304]
  len 11: 31/83 = 0.373 [0.277,0.481]
  len 12: 43/85 = 0.506 [0.402,0.610]
  written hist {7: 154, 8: 72, 9: 13, 10: 2}
  pruned hist {5: 2, 6: 71, 7: 94, 8: 65, 9: 8, 10: 1}
  frontier written 9 pruned 9
  reasons [("parse: expected line index, got 'LEANPARSE'", 2632), ('rule check failed: IMPE', 2005), ('rule check failed: ANDI', 1890), ('rule check failed: ORI2', 1243), ('rule check failed: IMPI', 947), ('rule check failed: DN', 915)]
[dsr/frz_d3_r2_s0 r1] transfer (cumulative 32 attempts) SOLVED 219/500 = 0.438 [0.395,0.482]
  len 7: 65/83 = 0.783 [0.683,0.858]
  len 8: 51/83 = 0.614 [0.507,0.712]
  len 9: 12/83 = 0.145 [0.085,0.236]
  len 10: 17/83 = 0.205 [0.132,0.304]
  len 11: 31/83 = 0.373 [0.277,0.481]
  len 12: 43/85 = 0.506 [0.402,0.610]
  written hist {7: 154, 8: 72, 9: 13, 10: 2}
  pruned hist {5: 2, 6: 71, 7: 94, 8: 65, 9: 8, 10: 1}
  frontier written 9 pruned 9
  reasons []
[lean_gate] 500 samples, parse-fail 72, distinct checked 428: both ok 101, nd-only 0, lean-only 0, both rej 327; lean 12.8s wall (19.2s proc, 12 workers), nd_verify 0.0s
[dsr/frz_d3_r2_s0 r1] transfer greedy SOLVED 101/500 = 0.202 [0.169,0.239]
  len 7: 25/83 = 0.301 [0.213,0.407]
  len 8: 31/83 = 0.373 [0.277,0.481]
  len 9: 2/83 = 0.024 [0.007,0.084]
  len 10: 6/83 = 0.072 [0.034,0.149]
  len 11: 15/83 = 0.181 [0.113,0.277]
  len 12: 22/85 = 0.259 [0.178,0.361]
  written hist {7: 66, 8: 33, 9: 2}
  pruned hist {6: 37, 7: 30, 8: 32, 9: 2}
  frontier written 8 pruned 8
  reasons [('rule check failed: IMPE', 76), ("parse: expected line index, got 'LEANPARSE'", 72), ('rule check failed: ANDI', 51), ('rule check failed: ORI2', 42), ('rule check failed: IMPI', 30), ('rule check failed: DN', 27)]
[lean_gate] 5000 samples, parse-fail 24, distinct checked 4976: both ok 4707, nd-only 0, lean-only 1, both rej 268; lean 13.2s wall (149.6s proc, 12 workers), nd_verify 0.3s
[dsr/frz_d3_r2_s0 r1] heldout greedy SOLVED 4707/5000 = 0.941 [0.935,0.948]
  len 2: 998/1000 = 0.998 [0.993,0.999]
  len 3: 987/1000 = 0.987 [0.978,0.992]
  len 4: 958/1000 = 0.958 [0.944,0.969]
  len 5: 916/1000 = 0.916 [0.897,0.932]
  len 6: 848/1000 = 0.848 [0.824,0.869]
  written hist {2: 1022, 3: 979, 4: 936, 5: 957, 6: 812, 7: 1}
  pruned hist {2: 1023, 3: 980, 4: 936, 5: 956, 6: 811, 7: 1}
  frontier written 6 pruned 6
  reasons [('rule check failed: ANDI', 59), ('rule check failed: ORI2', 36), ('rule check failed: DN', 36), ('rule check failed: IMPE', 30), ('rule check failed: ANDE2', 29), ('rule check failed: IMPI', 27)]
=== round 1 done in 355s; new proofs 499; cum targets solved 393
[lean_gate] 32000 samples, parse-fail 5774, distinct checked 23216: both ok 4663, nd-only 0, lean-only 5, both rej 18548; lean 120.9s wall (1350.4s proc, 12 workers), nd_verify 9.7s
[dsr/frz_d3_r2_s0 r2] targets (this round, pass@32) SOLVED 392/1000 = 0.392 [0.362,0.423]
  len 7: 129/166 = 0.777 [0.708,0.834]
  len 8: 95/166 = 0.572 [0.496,0.645]
  len 9: 11/166 = 0.066 [0.037,0.115]
  len 10: 30/166 = 0.181 [0.130,0.246]
  len 11: 57/166 = 0.343 [0.275,0.418]
  len 12: 70/170 = 0.412 [0.341,0.487]
  written hist {7: 325, 8: 153, 9: 14}
  pruned hist {5: 9, 6: 136, 7: 225, 8: 113, 9: 9}
  frontier written 9 pruned 9
  reasons [("parse: expected line index, got 'LEANPARSE'", 5774), ('rule check failed: ANDI', 4330), ('rule check failed: IMPE', 3711), ('rule check failed: ORI2', 2101), ('rule check failed: DN', 2085), ('rule check failed: IMPI', 1872)]
[dsr/frz_d3_r2_s0 r2] targets (cumulative 64 attempts) SOLVED 424/1000 = 0.424 [0.394,0.455]
  len 7: 140/166 = 0.843 [0.780,0.891]
  len 8: 101/166 = 0.608 [0.533,0.679]
  len 9: 13/166 = 0.078 [0.046,0.129]
  len 10: 34/166 = 0.205 [0.150,0.273]
  len 11: 62/166 = 0.373 [0.304,0.449]
  len 12: 74/170 = 0.435 [0.363,0.510]
  written hist {7: 358, 8: 178, 9: 19}
  pruned hist {5: 11, 6: 157, 7: 252, 8: 124, 9: 11}
  frontier written 9 pruned 9
  reasons []
[lean_gate] 16000 samples, parse-fail 2577, distinct checked 11838: both ok 2464, nd-only 0, lean-only 3, both rej 9371; lean 46.8s wall (504.8s proc, 12 workers), nd_verify 0.7s
[dsr/frz_d3_r2_s0 r2] transfer (this round, pass@32) SOLVED 218/500 = 0.436 [0.393,0.480]
  len 7: 65/83 = 0.783 [0.683,0.858]
  len 8: 55/83 = 0.663 [0.556,0.755]
  len 9: 11/83 = 0.133 [0.076,0.222]
  len 10: 18/83 = 0.217 [0.142,0.317]
  len 11: 29/83 = 0.349 [0.256,0.457]
  len 12: 40/85 = 0.471 [0.368,0.576]
  written hist {7: 152, 8: 72, 9: 12, 10: 2}
  pruned hist {5: 2, 6: 72, 7: 90, 8: 65, 9: 8, 10: 1}
  frontier written 9 pruned 9
  reasons [("parse: expected line index, got 'LEANPARSE'", 2577), ('rule check failed: IMPE', 2071), ('rule check failed: ANDI', 1862), ('rule check failed: ORI2', 1284), ('rule check failed: IMPI', 945), ('rule check failed: DN', 915)]
[dsr/frz_d3_r2_s0 r2] transfer (cumulative 64 attempts) SOLVED 237/500 = 0.474 [0.431,0.518]
  len 7: 68/83 = 0.819 [0.723,0.887]
  len 8: 58/83 = 0.699 [0.593,0.787]
  len 9: 13/83 = 0.157 [0.094,0.250]
  len 10: 19/83 = 0.229 [0.152,0.330]
  len 11: 33/83 = 0.398 [0.299,0.505]
  len 12: 46/85 = 0.541 [0.436,0.643]
  written hist {7: 166, 8: 81, 9: 15, 10: 3}
  pruned hist {5: 3, 6: 79, 7: 101, 8: 71, 9: 10, 10: 1}
  frontier written 9 pruned 9
  reasons []
[lean_gate] 500 samples, parse-fail 72, distinct checked 428: both ok 101, nd-only 0, lean-only 0, both rej 327; lean 1.9s wall (2.3s proc, 12 workers), nd_verify 0.1s
[dsr/frz_d3_r2_s0 r2] transfer greedy SOLVED 101/500 = 0.202 [0.169,0.239]
  len 7: 25/83 = 0.301 [0.213,0.407]
  len 8: 31/83 = 0.373 [0.277,0.481]
  len 9: 2/83 = 0.024 [0.007,0.084]
  len 10: 6/83 = 0.072 [0.034,0.149]
  len 11: 15/83 = 0.181 [0.113,0.277]
  len 12: 22/85 = 0.259 [0.178,0.361]
  written hist {7: 66, 8: 33, 9: 2}
  pruned hist {6: 37, 7: 30, 8: 32, 9: 2}
  frontier written 8 pruned 8
  reasons [('rule check failed: IMPE', 76), ("parse: expected line index, got 'LEANPARSE'", 72), ('rule check failed: ANDI', 51), ('rule check failed: ORI2', 42), ('rule check failed: IMPI', 30), ('rule check failed: DN', 27)]
[lean_gate] 5000 samples, parse-fail 24, distinct checked 4976: both ok 4707, nd-only 0, lean-only 1, both rej 268; lean 11.3s wall (125.4s proc, 12 workers), nd_verify 0.2s
[dsr/frz_d3_r2_s0 r2] heldout greedy SOLVED 4707/5000 = 0.941 [0.935,0.948]
  len 2: 998/1000 = 0.998 [0.993,0.999]
  len 3: 987/1000 = 0.987 [0.978,0.992]
  len 4: 958/1000 = 0.958 [0.944,0.969]
  len 5: 916/1000 = 0.916 [0.897,0.932]
  len 6: 848/1000 = 0.848 [0.824,0.869]
  written hist {2: 1022, 3: 979, 4: 936, 5: 957, 6: 812, 7: 1}
  pruned hist {2: 1023, 3: 980, 4: 936, 5: 956, 6: 811, 7: 1}
  frontier written 6 pruned 6
  reasons [('rule check failed: ANDI', 59), ('rule check failed: ORI2', 36), ('rule check failed: DN', 36), ('rule check failed: IMPE', 30), ('rule check failed: ANDE2', 29), ('rule check failed: IMPI', 27)]
=== round 2 done in 336s; new proofs 56; cum targets solved 424
[lean_gate] 32000 samples, parse-fail 5793, distinct checked 23109: both ok 4617, nd-only 0, lean-only 5, both rej 18487; lean 118.1s wall (1383.1s proc, 12 workers), nd_verify 1.4s
[dsr/frz_d3_r2_s0 r3] targets (this round, pass@32) SOLVED 393/1000 = 0.393 [0.363,0.424]
  len 7: 129/166 = 0.777 [0.708,0.834]
  len 8: 97/166 = 0.584 [0.508,0.657]
  len 9: 11/166 = 0.066 [0.037,0.115]
  len 10: 28/166 = 0.169 [0.119,0.233]
  len 11: 57/166 = 0.343 [0.275,0.418]
  len 12: 71/170 = 0.418 [0.346,0.493]
  written hist {7: 327, 8: 160, 9: 12}
  pruned hist {5: 12, 6: 143, 7: 222, 8: 114, 9: 8}
  frontier written 9 pruned 9
  reasons [("parse: expected line index, got 'LEANPARSE'", 5793), ('rule check failed: ANDI', 4357), ('rule check failed: IMPE', 3643), ('rule check failed: ORI2', 2194), ('rule check failed: DN', 2109), ('rule check failed: IMPI', 1865)]
[dsr/frz_d3_r2_s0 r3] targets (cumulative 96 attempts) SOLVED 437/1000 = 0.437 [0.407,0.468]
  len 7: 141/166 = 0.849 [0.787,0.896]
  len 8: 106/166 = 0.639 [0.563,0.708]
  len 9: 16/166 = 0.096 [0.060,0.151]
  len 10: 34/166 = 0.205 [0.150,0.273]
  len 11: 63/166 = 0.380 [0.309,0.455]
  len 12: 77/170 = 0.453 [0.380,0.528]
  written hist {7: 371, 8: 195, 9: 23}
  pruned hist {5: 16, 6: 170, 7: 259, 8: 130, 9: 14}
  frontier written 9 pruned 9
  reasons []
[lean_gate] 16000 samples, parse-fail 2636, distinct checked 11755: both ok 2468, nd-only 0, lean-only 10, both rej 9277; lean 46.5s wall (505.4s proc, 12 workers), nd_verify 0.7s
[dsr/frz_d3_r2_s0 r3] transfer (this round, pass@32) SOLVED 214/500 = 0.428 [0.385,0.472]
  len 7: 69/83 = 0.831 [0.737,0.897]
  len 8: 49/83 = 0.590 [0.483,0.690]
  len 9: 11/83 = 0.133 [0.076,0.222]
  len 10: 19/83 = 0.229 [0.152,0.330]
  len 11: 27/83 = 0.325 [0.234,0.432]
  len 12: 39/85 = 0.459 [0.357,0.564]
  written hist {7: 155, 8: 68, 9: 11, 10: 1}
  pruned hist {5: 2, 6: 67, 7: 96, 8: 61, 9: 8, 10: 1}
  frontier written 9 pruned 9
  reasons [("parse: expected line index, got 'LEANPARSE'", 2636), ('rule check failed: IMPE', 2019), ('rule check failed: ANDI', 1844), ('rule check failed: ORI2', 1269), ('rule check failed: IMPI', 939), ('rule check failed: DN', 933)]
[dsr/frz_d3_r2_s0 r3] transfer (cumulative 96 attempts) SOLVED 244/500 = 0.488 [0.444,0.532]
  len 7: 71/83 = 0.855 [0.764,0.915]
  len 8: 58/83 = 0.699 [0.593,0.787]
  len 9: 13/83 = 0.157 [0.094,0.250]
  len 10: 23/83 = 0.277 [0.192,0.382]
  len 11: 33/83 = 0.398 [0.299,0.505]
  len 12: 46/85 = 0.541 [0.436,0.643]
  written hist {7: 177, 8: 85, 9: 16, 10: 4}
  pruned hist {5: 4, 6: 84, 7: 108, 8: 73, 9: 11, 10: 2}
  frontier written 9 pruned 9
  reasons []
[lean_gate] 500 samples, parse-fail 72, distinct checked 428: both ok 101, nd-only 0, lean-only 0, both rej 327; lean 1.8s wall (2.2s proc, 12 workers), nd_verify 0.0s
[dsr/frz_d3_r2_s0 r3] transfer greedy SOLVED 101/500 = 0.202 [0.169,0.239]
  len 7: 25/83 = 0.301 [0.213,0.407]
  len 8: 31/83 = 0.373 [0.277,0.481]
  len 9: 2/83 = 0.024 [0.007,0.084]
  len 10: 6/83 = 0.072 [0.034,0.149]
  len 11: 15/83 = 0.181 [0.113,0.277]
  len 12: 22/85 = 0.259 [0.178,0.361]
  written hist {7: 66, 8: 33, 9: 2}
  pruned hist {6: 37, 7: 30, 8: 32, 9: 2}
  frontier written 8 pruned 8
  reasons [('rule check failed: IMPE', 76), ("parse: expected line index, got 'LEANPARSE'", 72), ('rule check failed: ANDI', 51), ('rule check failed: ORI2', 42), ('rule check failed: IMPI', 30), ('rule check failed: DN', 27)]
[lean_gate] 5000 samples, parse-fail 24, distinct checked 4976: both ok 4707, nd-only 0, lean-only 1, both rej 268; lean 18.8s wall (141.8s proc, 12 workers), nd_verify 6.2s
[dsr/frz_d3_r2_s0 r3] heldout greedy SOLVED 4707/5000 = 0.941 [0.935,0.948]
  len 2: 998/1000 = 0.998 [0.993,0.999]
  len 3: 987/1000 = 0.987 [0.978,0.992]
  len 4: 958/1000 = 0.958 [0.944,0.969]
  len 5: 916/1000 = 0.916 [0.897,0.932]
  len 6: 848/1000 = 0.848 [0.824,0.869]
  written hist {2: 1022, 3: 979, 4: 936, 5: 957, 6: 812, 7: 1}
  pruned hist {2: 1023, 3: 980, 4: 936, 5: 956, 6: 811, 7: 1}
  frontier written 6 pruned 6
  reasons [('rule check failed: ANDI', 59), ('rule check failed: ORI2', 36), ('rule check failed: DN', 36), ('rule check failed: IMPE', 30), ('rule check failed: ANDE2', 29), ('rule check failed: IMPI', 27)]
=== round 3 done in 333s; new proofs 34; cum targets solved 437
[lean_gate] 32000 samples, parse-fail 5802, distinct checked 23115: both ok 4620, nd-only 0, lean-only 9, both rej 18486; lean 125.6s wall (1411.6s proc, 12 workers), nd_verify 1.3s
[dsr/frz_d3_r2_s0 r4] targets (this round, pass@32) SOLVED 390/1000 = 0.390 [0.360,0.421]
  len 7: 132/166 = 0.795 [0.727,0.850]
  len 8: 93/166 = 0.560 [0.484,0.634]
  len 9: 11/166 = 0.066 [0.037,0.115]
  len 10: 31/166 = 0.187 [0.135,0.253]
  len 11: 54/166 = 0.325 [0.259,0.400]
  len 12: 69/170 = 0.406 [0.335,0.481]
  written hist {7: 326, 8: 152, 9: 14, 10: 1}
  pruned hist {5: 8, 6: 140, 7: 229, 8: 106, 9: 10}
  frontier written 9 pruned 9
  reasons [("parse: expected line index, got 'LEANPARSE'", 5802), ('rule check failed: ANDI', 4389), ('rule check failed: IMPE', 3657), ('rule check failed: ORI2', 2159), ('rule check failed: DN', 2076), ('rule check failed: IMPI', 1854)]
[dsr/frz_d3_r2_s0 r4] targets (cumulative 128 attempts) SOLVED 444/1000 = 0.444 [0.413,0.475]
  len 7: 143/166 = 0.861 [0.801,0.906]
  len 8: 106/166 = 0.639 [0.563,0.708]
  len 9: 17/166 = 0.102 [0.065,0.158]
  len 10: 37/166 = 0.223 [0.166,0.292]
  len 11: 63/166 = 0.380 [0.309,0.455]
  len 12: 78/170 = 0.459 [0.386,0.534]
  written hist {7: 381, 8: 207, 9: 26, 10: 1}
  pruned hist {5: 19, 6: 178, 7: 270, 8: 132, 9: 16}
  frontier written 9 pruned 9
  reasons []
[lean_gate] 16000 samples, parse-fail 2568, distinct checked 11846: both ok 2466, nd-only 0, lean-only 6, both rej 9374; lean 48.6s wall (524.5s proc, 12 workers), nd_verify 0.7s
[dsr/frz_d3_r2_s0 r4] transfer (this round, pass@32) SOLVED 218/500 = 0.436 [0.393,0.480]
  len 7: 68/83 = 0.819 [0.723,0.887]
  len 8: 51/83 = 0.614 [0.507,0.712]
  len 9: 13/83 = 0.157 [0.094,0.250]
  len 10: 19/83 = 0.229 [0.152,0.330]
  len 11: 28/83 = 0.337 [0.245,0.444]
  len 12: 39/85 = 0.459 [0.357,0.564]
  written hist {7: 153, 8: 75, 9: 11, 10: 2}
  pruned hist {5: 2, 6: 70, 7: 98, 8: 62, 9: 9}
  frontier written 9 pruned 9
  reasons [("parse: expected line index, got 'LEANPARSE'", 2568), ('rule check failed: IMPE', 2045), ('rule check failed: ANDI', 1818), ('rule check failed: ORI2', 1302), ('rule check failed: IMPI', 948), ('rule check failed: DN', 906)]
[dsr/frz_d3_r2_s0 r4] transfer (cumulative 128 attempts) SOLVED 250/500 = 0.500 [0.456,0.544]
  len 7: 72/83 = 0.867 [0.778,0.924]
  len 8: 58/83 = 0.699 [0.593,0.787]
  len 9: 14/83 = 0.169 [0.103,0.263]
  len 10: 26/83 = 0.313 [0.224,0.419]
  len 11: 33/83 = 0.398 [0.299,0.505]
  len 12: 47/85 = 0.553 [0.447,0.654]
  written hist {7: 181, 8: 93, 9: 18, 10: 6}
  pruned hist {5: 5, 6: 90, 7: 113, 8: 76, 9: 12, 10: 2}
  frontier written 10 pruned 9
  reasons []
[lean_gate] 500 samples, parse-fail 72, distinct checked 428: both ok 101, nd-only 0, lean-only 0, both rej 327; lean 2.2s wall (2.7s proc, 12 workers), nd_verify 0.0s
[dsr/frz_d3_r2_s0 r4] transfer greedy SOLVED 101/500 = 0.202 [0.169,0.239]
  len 7: 25/83 = 0.301 [0.213,0.407]
  len 8: 31/83 = 0.373 [0.277,0.481]
  len 9: 2/83 = 0.024 [0.007,0.084]
  len 10: 6/83 = 0.072 [0.034,0.149]
  len 11: 15/83 = 0.181 [0.113,0.277]
  len 12: 22/85 = 0.259 [0.178,0.361]
  written hist {7: 66, 8: 33, 9: 2}
  pruned hist {6: 37, 7: 30, 8: 32, 9: 2}
  frontier written 8 pruned 8
  reasons [('rule check failed: IMPE', 76), ("parse: expected line index, got 'LEANPARSE'", 72), ('rule check failed: ANDI', 51), ('rule check failed: ORI2', 42), ('rule check failed: IMPI', 30), ('rule check failed: DN', 27)]
[lean_gate] 5000 samples, parse-fail 24, distinct checked 4976: both ok 4707, nd-only 0, lean-only 1, both rej 268; lean 12.3s wall (138.1s proc, 12 workers), nd_verify 0.3s
[dsr/frz_d3_r2_s0 r4] heldout greedy SOLVED 4707/5000 = 0.941 [0.935,0.948]
  len 2: 998/1000 = 0.998 [0.993,0.999]
  len 3: 987/1000 = 0.987 [0.978,0.992]
  len 4: 958/1000 = 0.958 [0.944,0.969]
  len 5: 916/1000 = 0.916 [0.897,0.932]
  len 6: 848/1000 = 0.848 [0.824,0.869]
  written hist {2: 1022, 3: 979, 4: 936, 5: 957, 6: 812, 7: 1}
  pruned hist {2: 1023, 3: 980, 4: 936, 5: 956, 6: 811, 7: 1}
  frontier written 6 pruned 6
  reasons [('rule check failed: ANDI', 59), ('rule check failed: ORI2', 36), ('rule check failed: DN', 36), ('rule check failed: IMPE', 30), ('rule check failed: ANDE2', 29), ('rule check failed: IMPI', 27)]
=== round 4 done in 311s; new proofs 26; cum targets solved 444
END 2026-09-23T23:54:02Z
