START 2026-09-23T21:29:48Z python3 train.py --data data/p2/train_depth3_f0_a1.jsonl --heldout data/p2/heldout.jsonl --mode lean_seq_intro --steps 6000 --bs 128 --cap 6 --seed 0 --out ckpts/dsr/stage1_r2_s0.pt
params 3214848 mode lean_seq_intro shift True
train records 155000 max len 391
step 200 loss 0.9747 lr 1.00e-03 19s val 0.9167
step 400 loss 0.2279 lr 9.97e-04 39s val 0.1633
step 600 loss 0.1269 lr 9.89e-04 59s val 0.1066
step 800 loss 0.1201 lr 9.76e-04 79s val 0.0981
step 1000 loss 0.1131 lr 9.58e-04 99s val 0.0937
step 1200 loss 0.1111 lr 9.36e-04 118s val 0.0883
step 1400 loss 0.0918 lr 9.08e-04 138s val 0.0846
step 1600 loss 0.0876 lr 8.77e-04 158s val 0.0864
step 1800 loss 0.0810 lr 8.41e-04 178s val 0.0834
step 2000 loss 0.0888 lr 8.03e-04 197s val 0.0821
step 2200 loss 0.0827 lr 7.61e-04 217s val 0.0817
step 2400 loss 0.0771 lr 7.17e-04 236s val 0.0807
step 2600 loss 0.0766 lr 6.70e-04 256s val 0.0797
step 2800 loss 0.0755 lr 6.23e-04 276s val 0.0800
step 3000 loss 0.0725 lr 5.74e-04 296s val 0.0787
step 3200 loss 0.0683 lr 5.26e-04 316s val 0.0796
step 3400 loss 0.0701 lr 4.77e-04 335s val 0.0782
step 3600 loss 0.0616 lr 4.30e-04 355s val 0.0786
step 3800 loss 0.0643 lr 3.83e-04 375s val 0.0778
step 4000 loss 0.0691 lr 3.39e-04 394s val 0.0776
step 4200 loss 0.0634 lr 2.97e-04 414s val 0.0775
step 4400 loss 0.0632 lr 2.59e-04 434s val 0.0772
step 4600 loss 0.0611 lr 2.23e-04 454s val 0.0773
step 4800 loss 0.0614 lr 1.92e-04 473s val 0.0768
step 5000 loss 0.0581 lr 1.64e-04 493s val 0.0769
step 5200 loss 0.0604 lr 1.42e-04 513s val 0.0768
step 5400 loss 0.0617 lr 1.24e-04 532s val 0.0767
step 5600 loss 0.0590 lr 1.11e-04 552s val 0.0767
step 5800 loss 0.0627 lr 1.03e-04 572s val 0.0764
step 6000 loss 0.0570 lr 1.00e-04 592s val 0.0764
saved ckpts/dsr/stage1_r2_s0.pt
END 2026-09-23T21:40:14Z
