skip train 42
skip train 43
skip train 44
skip train 45
skip train 46
skip train 47
skip train 48
skip train 49
skip train 50
skip train 51
skip train 52
skip train 53
2026-09-18T07:07:24Z all Stage-1 done for depth3_f0_a1
2026-09-18T07:07:24Z cov depth3_f0_a1 s42 p1 start
2026-09-18T07:07:35Z cov depth3_f0_a1 s42 p1 rc=0 records 2
2026-09-18T07:07:35Z cov depth3_f0_a1 s43 p1 start
2026-09-18T07:15:14Z cov depth3_f0_a1 s43 p1 rc=0 records 300
2026-09-18T07:15:14Z cov depth3_f0_a1 s44 p1 start
2026-09-18T07:22:22Z cov depth3_f0_a1 s44 p1 rc=0 records 300
2026-09-18T07:22:22Z cov depth3_f0_a1 s45 p1 start
2026-09-18T07:29:27Z cov depth3_f0_a1 s45 p1 rc=0 records 300
2026-09-18T07:29:27Z cov depth3_f0_a1 s46 p1 start
2026-09-18T07:36:27Z cov depth3_f0_a1 s46 p1 rc=0 records 300
2026-09-18T07:36:27Z cov depth3_f0_a1 s47 p1 start
2026-09-18T07:44:50Z cov depth3_f0_a1 s47 p1 rc=0 records 300
2026-09-18T07:44:50Z cov depth3_f0_a1 s48 p1 start
2026-09-18T07:51:35Z cov depth3_f0_a1 s48 p1 rc=0 records 300
2026-09-18T07:51:35Z cov depth3_f0_a1 s49 p1 start
2026-09-18T07:58:22Z cov depth3_f0_a1 s49 p1 rc=0 records 300
2026-09-18T07:58:22Z cov depth3_f0_a1 s50 p1 start
2026-09-18T08:05:32Z cov depth3_f0_a1 s50 p1 rc=0 records 300
2026-09-18T08:05:32Z cov depth3_f0_a1 s51 p1 start
2026-09-18T08:12:43Z cov depth3_f0_a1 s51 p1 rc=0 records 300
2026-09-18T08:12:43Z cov depth3_f0_a1 s52 p1 start
2026-09-18T08:20:07Z cov depth3_f0_a1 s52 p1 rc=0 records 300
2026-09-18T08:20:07Z cov depth3_f0_a1 s53 p1 start
2026-09-18T08:26:49Z cov depth3_f0_a1 s53 p1 rc=0 records 300
2026-09-18T08:26:49Z cov depth3_f0_a1 s42 p2 start
2026-09-18T08:44:23Z cov depth3_f0_a1 s42 p2 rc=0 records 700
2026-09-18T08:44:23Z cov depth3_f0_a1 s43 p2 start
2026-09-18T09:00:48Z cov depth3_f0_a1 s43 p2 rc=0 records 700
2026-09-18T09:00:48Z cov depth3_f0_a1 s44 p2 start
2026-09-18T09:17:29Z cov depth3_f0_a1 s44 p2 rc=0 records 700
2026-09-18T09:17:29Z cov depth3_f0_a1 s45 p2 start
2026-09-18T09:33:55Z cov depth3_f0_a1 s45 p2 rc=0 records 700
2026-09-18T09:33:55Z cov depth3_f0_a1 s46 p2 start
2026-09-18T09:51:32Z cov depth3_f0_a1 s46 p2 rc=0 records 700
2026-09-18T09:51:32Z cov depth3_f0_a1 s47 p2 start
2026-09-18T10:10:47Z cov depth3_f0_a1 s47 p2 rc=0 records 700
2026-09-18T10:10:47Z cov depth3_f0_a1 s48 p2 start
2026-09-18T10:26:45Z cov depth3_f0_a1 s48 p2 rc=0 records 700
2026-09-18T10:26:45Z cov depth3_f0_a1 s49 p2 start
2026-09-18T10:42:26Z cov depth3_f0_a1 s49 p2 rc=0 records 700
2026-09-18T10:42:26Z cov depth3_f0_a1 s50 p2 start
2026-09-18T10:58:30Z cov depth3_f0_a1 s50 p2 rc=0 records 700
skip cov 51 p2
skip cov 52 p2
skip cov 53 p2
2026-09-18T10:58:30Z QUEUE DONE depth3_f0_a1
