2026-09-22T06:42:02Z lo-1 setup ready after 1 checks
launched stage1_full_seq_s0
launched mech_full_seq_s0
launched la_T1_seq_s0
launched la_frozen_seq_s0
launched record_la_seq_s0
2026-09-22T06:42:47Z lo-1 launched la_seq_s0
2026-09-22T06:42:49Z lo-2 setup ready after 1 checks
launched stage1_full_free_s0
launched mech_full_free_s0
launched la_T1_free_s0
launched la_frozen_free_s0
launched record_la_free_s0
2026-09-22T06:43:33Z lo-2 launched la_free_s0
2026-09-22T06:43:35Z lo-3 setup ready after 1 checks
launched stage1_full_seq_s1
launched mech_full_seq_s1
launched la_T1_seq_s1
launched la_frozen_seq_s1
launched record_la_seq_s1
2026-09-22T06:44:19Z lo-3 launched la_seq_s1
2026-09-22T06:44:21Z lo-4 setup ready after 1 checks
