s0: targets 4383 -> 4403 (+20, lost 0) of 4495; transfer 2185 -> 2202 (+17, lost 0) of 2285
    rows r8 229482 r16 605090; r8 distinct proofs kept 229482/229482 (transfer 103137/103137); distinct16 run-norm 605090 my-norm 605090 (norm field != mine on 0 rows); outside pool 0/0
    new targets per round r2-16 {2: 470, 3: 98, 4: 72, 5: 30, 6: 18, 7: 14, 8: 5, 9: 4, 10: 9, 11: 2, 12: 0, 13: 1, 14: 3, 15: 0, 16: 1}
    new transfer per round r2-16 {2: 388, 3: 114, 4: 50, 5: 26, 6: 15, 7: 13, 8: 4, 9: 3, 10: 1, 11: 0, 12: 3, 13: 0, 14: 1, 15: 7, 16: 2}
    round-json mismatches targets {} transfer {}; r8-solved first>=9 0; first<=8 but not in found_8 0
    new L_true {7: 5, 8: 2, 9: 3, 10: 7, 11: 1, 12: 2}; unsolved at r16 L_true {8: 3, 9: 40, 10: 18, 11: 16, 12: 2, 13: 1, 14: 12}; transfer new L {7: 1, 8: 5, 9: 2, 10: 6, 11: 1, 12: 1, 13: 1}
    acc r8 0.9182; r9-16: r9 0.9274/0.9274 n143840 3694s la_T1_best12_s0_r8.pt seed9 tr0.8157; r10 0.9293/0.9293 n143840 3853s la_T1_best12_s0_r9.pt seed10 tr0.8149; r11 0.9323/0.9323 n143840 4102s la_T1_best12_s0_r10.pt seed11 tr0.8119; r12 0.9344/0.9344 n143840 4260s la_T1_best12_s0_r11.pt seed12 tr0.8211; r13 0.9375/0.9375 n143840 4086s la_T1_best12_s0_r12.pt seed13 tr0.8214; r14 0.9368/0.9368 n143840 4635s la_T1_best12_s0_r13.pt seed14 tr0.8208; r15 0.94/0.94 n143840 4386s la_T1_best12_s0_r14.pt seed15 tr0.8178; r16 0.9373/0.9373 n143840 4235s la_T1_best12_s0_r15.pt seed16 tr0.8203
    r6-r8 new (round json) {6: 18, 7: 14, 8: 5}
s1: targets 4365 -> 4433 (+68, lost 0) of 4495; transfer 2170 -> 2230 (+60, lost 0) of 2285
    rows r8 271490 r16 710641; r8 distinct proofs kept 271490/271490 (transfer 117044/117044); distinct16 run-norm 710641 my-norm 710641 (norm field != mine on 0 rows); outside pool 0/0
    new targets per round r2-16 {2: 501, 3: 60, 4: 37, 5: 24, 6: 20, 7: 9, 8: 9, 9: 6, 10: 6, 11: 2, 12: 6, 13: 18, 14: 20, 15: 5, 16: 5}
    new transfer per round r2-16 {2: 394, 3: 78, 4: 38, 5: 23, 6: 11, 7: 6, 8: 5, 9: 5, 10: 3, 11: 3, 12: 1, 13: 13, 14: 26, 15: 1, 16: 8}
    round-json mismatches targets {} transfer {}; r8-solved first>=9 0; first<=8 but not in found_8 0
    new L_true {7: 3, 8: 3, 9: 40, 10: 6, 11: 2, 12: 12, 13: 2}; unsolved at r16 L_true {8: 6, 9: 2, 10: 21, 11: 14, 12: 7, 14: 12}; transfer new L {8: 1, 9: 41, 10: 9, 11: 3, 12: 6}
    acc r8 0.9177; r9-16: r9 0.9215/0.9215 n143840 3808s la_T1_best12_s1_r8.pt seed1009 tr0.7908; r10 0.9256/0.9256 n143840 4069s la_T1_best12_s1_r9.pt seed1010 tr0.7937; r11 0.9245/0.9245 n143840 3896s la_T1_best12_s1_r10.pt seed1011 tr0.7948; r12 0.9298/0.9298 n143840 4024s la_T1_best12_s1_r11.pt seed1012 tr0.8011; r13 0.9315/0.9315 n143840 4008s la_T1_best12_s1_r12.pt seed1013 tr0.8002; r14 0.9385/0.9385 n143840 4602s la_T1_best12_s1_r13.pt seed1014 tr0.8131; r15 0.9429/0.9429 n143840 4284s la_T1_best12_s1_r14.pt seed1015 tr0.8205; r16 0.9436/0.9436 n143840 4141s la_T1_best12_s1_r15.pt seed1016 tr0.82
    r6-r8 new (round json) {6: 20, 7: 9, 8: 9}
s2: targets 4407 -> 4429 (+22, lost 0) of 4495; transfer 2190 -> 2223 (+33, lost 0) of 2285
    rows r8 250560 r16 637930; r8 distinct proofs kept 250560/250560 (transfer 112969/112969); distinct16 run-norm 637930 my-norm 637930 (norm field != mine on 0 rows); outside pool 0/0
    new targets per round r2-16 {2: 410, 3: 125, 4: 51, 5: 28, 6: 27, 7: 13, 8: 12, 9: 4, 10: 3, 11: 3, 12: 3, 13: 2, 14: 3, 15: 2, 16: 2}
    new transfer per round r2-16 {2: 333, 3: 128, 4: 50, 5: 19, 6: 22, 7: 9, 8: 7, 9: 8, 10: 4, 11: 3, 12: 4, 13: 1, 14: 6, 15: 4, 16: 3}
    round-json mismatches targets {} transfer {}; r8-solved first>=9 0; first<=8 but not in found_8 0
    new L_true {7: 2, 9: 10, 10: 7, 12: 2, 13: 1}; unsolved at r16 L_true {7: 2, 8: 6, 9: 30, 10: 4, 11: 2, 12: 2, 13: 8, 14: 12}; transfer new L {7: 3, 9: 9, 10: 8, 11: 3, 12: 5, 13: 5}
    acc r8 0.9243; r9-16: r9 0.9301/0.9301 n143840 3660s la_T1_best12_s2_r8.pt seed2009 tr0.8103; r10 0.9334/0.9334 n143840 3701s la_T1_best12_s2_r9.pt seed2010 tr0.8084; r11 0.9363/0.9363 n143840 3881s la_T1_best12_s2_r10.pt seed2011 tr0.811; r12 0.9377/0.9377 n143840 3872s la_T1_best12_s2_r11.pt seed2012 tr0.8118; r13 0.9356/0.9356 n143840 3944s la_T1_best12_s2_r12.pt seed2013 tr0.8085; r14 0.9421/0.9421 n143840 4199s la_T1_best12_s2_r13.pt seed2014 tr0.8188; r15 0.9424/0.9424 n143840 4049s la_T1_best12_s2_r14.pt seed2015 tr0.8172; r16 0.942/0.942 n143840 4151s la_T1_best12_s2_r15.pt seed2016 tr0.8137
    r6-r8 new (round json) {6: 27, 7: 13, 8: 12}
new targets r9-16 per seed [20, 68, 22] -> falsifier 1 (>=60 on >=2 seeds): False
new targets: union 96 in all three 0
	Command being timed: "python3 review_rc/recount.py"
	User time (seconds): 221.38
	System time (seconds): 8.09
	Percent of CPU this job got: 98%
	Elapsed (wall clock) time (h:mm:ss or m:ss): 3:53.69
	Average shared text size (kbytes): 0
	Average unshared data size (kbytes): 0
	Average stack size (kbytes): 0
	Average total size (kbytes): 0
	Maximum resident set size (kbytes): 545288
	Average resident set size (kbytes): 0
	Major (requiring I/O) page faults: 0
	Minor (reclaiming a frame) page faults: 200124
	Voluntary context switches: 3493
	Involuntary context switches: 1893
	Swaps: 0
	File system inputs: 11821688
	File system outputs: 72
	Socket messages sent: 0
	Socket messages received: 0
	Signals delivered: 0
	Page size (bytes): 4096
	Exit status: 0
