START 2026-09-21T03:27:51Z until [ -f ckpts/lf/stage1_full_rand_s0.pt ]; do sleep 30; done; python3 ladder_ei.py --init ckpts/lf/stage1_full_rand_s0.pt --name la_frozen_rand_s1 --outdir artifacts/lf --seed 1 --batch 512 --no_train
[lean_gate] 143840 samples, parse-fail 34730, distinct checked 109101: both ok 16562, nd-only 0, lean-only 0, both rej 92539; lean 107.7s wall (1280.5s proc, 12 workers), nd_verify 4.6s
[la_frozen_rand_s1 r1] targets (this round) SOLVED 1232/4495 = 0.274 [0.261,0.287]
  len 7: 804/1800 = 0.447 [0.424,0.470]
  len 8: 367/1000 = 0.367 [0.338,0.397]
  len 9: 61/1004 = 0.061 [0.048,0.077]
  len 10: 0/456 = 0.000 [0.000,0.008]
  len 11: 0/99 = 0.000 [0.000,0.037]
  len 12: 0/106 = 0.000 [0.000,0.035]
  len 13: 0/16 = 0.000 [0.000,0.194]
  len 14: 0/14 = 0.000 [0.000,0.215]
  written hist {7: 862, 8: 544, 9: 80, 10: 1}
  pruned hist {5: 13, 6: 135, 7: 776, 8: 509, 9: 54}
  frontier written 9 pruned 9
  reasons [("parse: expected line index, got 'LEANPARSE'", 34730), ('rule check failed: IMPE', 28155), ('rule check failed: ANDI', 16681), ('rule check failed: NEGE', 8490), ('rule check failed: ORI2', 6491), ('final formula is not the conclusion', 6300)]
[lean_gate] 73120 samples, parse-fail 20782, distinct checked 52330: both ok 1662, nd-only 0, lean-only 6, both rej 50662; lean 47.4s wall (558.4s proc, 12 workers), nd_verify 2.2s
[la_frozen_rand_s1 r1] transfer (this round, pass@32) SOLVED 163/2285 = 0.071 [0.061,0.083]
  len 7: 32/300 = 0.107 [0.077,0.147]
  len 8: 68/300 = 0.227 [0.183,0.277]
  len 9: 63/1010 = 0.062 [0.049,0.079]
  len 10: 0/451 = 0.000 [0.000,0.008]
  len 11: 0/99 = 0.000 [0.000,0.037]
  len 12: 0/102 = 0.000 [0.000,0.036]
  len 13: 0/13 = 0.000 [0.000,0.228]
  len 14: 0/10 = 0.000 [0.000,0.278]
  written hist {7: 37, 8: 86, 9: 74}
  pruned hist {6: 5, 7: 51, 8: 93, 9: 48}
  frontier written 9 pruned 9
  reasons [("parse: expected line index, got 'LEANPARSE'", 20782), ('rule check failed: IMPE', 16797), ('rule check failed: ANDI', 9042), ('rule check failed: NEGE', 4589), ('final formula is not the conclusion', 3992), ('rule check failed: ORI2', 3306)]
[lean_gate] 2285 samples, parse-fail 580, distinct checked 1705: both ok 25, nd-only 0, lean-only 0, both rej 1680; lean 2.2s wall (9.1s proc, 12 workers), nd_verify 0.1s
[la_frozen_rand_s1 r1] transfer greedy SOLVED 25/2285 = 0.011 [0.007,0.016]
  len 7: 14/300 = 0.047 [0.028,0.077]
  len 8: 10/300 = 0.033 [0.018,0.060]
  len 9: 1/1010 = 0.001 [0.000,0.006]
  len 10: 0/451 = 0.000 [0.000,0.008]
  len 11: 0/99 = 0.000 [0.000,0.037]
  len 12: 0/102 = 0.000 [0.000,0.036]
  len 13: 0/13 = 0.000 [0.000,0.228]
  len 14: 0/10 = 0.000 [0.000,0.278]
  written hist {7: 14, 8: 9, 9: 2}
  pruned hist {6: 1, 7: 15, 8: 8, 9: 1}
  frontier written 8 pruned 8
  reasons [("parse: expected line index, got 'LEANPARSE'", 580), ('rule check failed: IMPE', 500), ('rule check failed: ANDI', 341), ('rule check failed: NEGE', 172), ('rule check failed: ORI2', 119), ('final formula is not the conclusion', 114)]
[lean_gate] 5000 samples, parse-fail 38, distinct checked 4962: both ok 4149, nd-only 0, lean-only 0, both rej 813; lean 2.6s wall (25.1s proc, 12 workers), nd_verify 0.2s
[la_frozen_rand_s1 r1] heldout greedy SOLVED 4149/5000 = 0.830 [0.819,0.840]
  len 2: 999/1000 = 0.999 [0.994,1.000]
  len 3: 979/1000 = 0.979 [0.968,0.986]
  len 4: 864/1000 = 0.864 [0.841,0.884]
  len 5: 645/1000 = 0.645 [0.615,0.674]
  len 6: 662/1000 = 0.662 [0.632,0.691]
  written hist {2: 1034, 3: 977, 4: 858, 5: 643, 6: 633, 7: 2, 8: 2}
  pruned hist {2: 1035, 3: 981, 4: 860, 5: 641, 6: 628, 7: 2, 8: 2}
  frontier written 6 pruned 6
  reasons [('rule check failed: ANDI', 209), ('rule check failed: NEGE', 174), ('rule check failed: IMPE', 170), ('rule check failed: ORI2', 54), ('rule check failed: R', 54), ('rule check failed: ORI1', 54)]
[la_frozen_rand_s1 r1] targets cumulative: solved 1232/4495 L*=9 ge={7: 1232, 8: 428, 9: 61, 10: 0, 11: 0, 12: 0}
[la_frozen_rand_s1 r1] transfer cumulative: solved 163/2285 L*=9 ge={7: 163, 8: 131, 9: 63, 10: 0, 11: 0, 12: 0}
=== round 1 done in 1771s; new proofs 1487; cum targets solved 1232 L*=9; transfer L*=9
[lean_gate] 143840 samples, parse-fail 34476, distinct checked 109351: both ok 16678, nd-only 0, lean-only 0, both rej 92673; lean 120.8s wall (1426.5s proc, 12 workers), nd_verify 5.9s
[la_frozen_rand_s1 r2] targets (this round) SOLVED 1235/4495 = 0.275 [0.262,0.288]
  len 7: 806/1800 = 0.448 [0.425,0.471]
  len 8: 365/1000 = 0.365 [0.336,0.395]
  len 9: 64/1004 = 0.064 [0.050,0.081]
  len 10: 0/456 = 0.000 [0.000,0.008]
  len 11: 0/99 = 0.000 [0.000,0.037]
  len 12: 0/106 = 0.000 [0.000,0.035]
  len 13: 0/16 = 0.000 [0.000,0.194]
  len 14: 0/14 = 0.000 [0.000,0.215]
  written hist {7: 867, 8: 540, 9: 89, 10: 2}
  pruned hist {5: 22, 6: 127, 7: 781, 8: 511, 9: 57}
  frontier written 9 pruned 9
  reasons [("parse: expected line index, got 'LEANPARSE'", 34476), ('rule check failed: IMPE', 28261), ('rule check failed: ANDI', 16625), ('rule check failed: NEGE', 8406), ('rule check failed: ORI2', 6547), ('final formula is not the conclusion', 6323)]
[lean_gate] 73120 samples, parse-fail 20819, distinct checked 52287: both ok 1647, nd-only 0, lean-only 7, both rej 50633; lean 51.2s wall (598.1s proc, 12 workers), nd_verify 2.3s
[la_frozen_rand_s1 r2] transfer (this round, pass@32) SOLVED 153/2285 = 0.067 [0.057,0.078]
  len 7: 32/300 = 0.107 [0.077,0.147]
  len 8: 67/300 = 0.223 [0.180,0.274]
  len 9: 54/1010 = 0.053 [0.041,0.069]
  len 10: 0/451 = 0.000 [0.000,0.008]
  len 11: 0/99 = 0.000 [0.000,0.037]
  len 12: 0/102 = 0.000 [0.000,0.036]
  len 13: 0/13 = 0.000 [0.000,0.228]
  len 14: 0/10 = 0.000 [0.000,0.278]
  written hist {7: 37, 8: 86, 9: 69}
  pruned hist {6: 4, 7: 47, 8: 97, 9: 44}
  frontier written 9 pruned 9
  reasons [("parse: expected line index, got 'LEANPARSE'", 20819), ('rule check failed: IMPE', 16785), ('rule check failed: ANDI', 8968), ('rule check failed: NEGE', 4607), ('final formula is not the conclusion', 3890), ('rule check failed: ORI2', 3280)]
[lean_gate] 2285 samples, parse-fail 580, distinct checked 1705: both ok 25, nd-only 0, lean-only 0, both rej 1680; lean 2.4s wall (10.0s proc, 12 workers), nd_verify 0.1s
[la_frozen_rand_s1 r2] transfer greedy SOLVED 25/2285 = 0.011 [0.007,0.016]
  len 7: 14/300 = 0.047 [0.028,0.077]
  len 8: 10/300 = 0.033 [0.018,0.060]
  len 9: 1/1010 = 0.001 [0.000,0.006]
  len 10: 0/451 = 0.000 [0.000,0.008]
  len 11: 0/99 = 0.000 [0.000,0.037]
  len 12: 0/102 = 0.000 [0.000,0.036]
  len 13: 0/13 = 0.000 [0.000,0.228]
  len 14: 0/10 = 0.000 [0.000,0.278]
  written hist {7: 14, 8: 9, 9: 2}
  pruned hist {6: 1, 7: 15, 8: 8, 9: 1}
  frontier written 8 pruned 8
  reasons [("parse: expected line index, got 'LEANPARSE'", 580), ('rule check failed: IMPE', 500), ('rule check failed: ANDI', 341), ('rule check failed: NEGE', 172), ('rule check failed: ORI2', 119), ('final formula is not the conclusion', 114)]
[lean_gate] 5000 samples, parse-fail 38, distinct checked 4962: both ok 4149, nd-only 0, lean-only 0, both rej 813; lean 3.1s wall (27.1s proc, 12 workers), nd_verify 0.2s
[la_frozen_rand_s1 r2] heldout greedy SOLVED 4149/5000 = 0.830 [0.819,0.840]
  len 2: 999/1000 = 0.999 [0.994,1.000]
  len 3: 979/1000 = 0.979 [0.968,0.986]
  len 4: 864/1000 = 0.864 [0.841,0.884]
  len 5: 645/1000 = 0.645 [0.615,0.674]
  len 6: 662/1000 = 0.662 [0.632,0.691]
  written hist {2: 1034, 3: 977, 4: 858, 5: 643, 6: 633, 7: 2, 8: 2}
  pruned hist {2: 1035, 3: 981, 4: 860, 5: 641, 6: 628, 7: 2, 8: 2}
  frontier written 6 pruned 6
  reasons [('rule check failed: ANDI', 209), ('rule check failed: NEGE', 174), ('rule check failed: IMPE', 170), ('rule check failed: ORI2', 54), ('rule check failed: R', 54), ('rule check failed: ORI1', 54)]
[la_frozen_rand_s1 r2] targets cumulative: solved 1332/4495 L*=9 ge={7: 1332, 8: 468, 9: 75, 10: 0, 11: 0, 12: 0}
[la_frozen_rand_s1 r2] transfer cumulative: solved 175/2285 L*=9 ge={7: 175, 8: 141, 9: 69, 10: 0, 11: 0, 12: 0}
=== round 2 done in 1772s; new proofs 171; cum targets solved 1332 L*=9; transfer L*=9
[lean_gate] 143840 samples, parse-fail 34744, distinct checked 109085: both ok 16585, nd-only 0, lean-only 1, both rej 92499; lean 124.6s wall (1480.6s proc, 12 workers), nd_verify 4.7s
[la_frozen_rand_s1 r3] targets (this round) SOLVED 1227/4495 = 0.273 [0.260,0.286]
  len 7: 799/1800 = 0.444 [0.421,0.467]
  len 8: 364/1000 = 0.364 [0.335,0.394]
  len 9: 64/1004 = 0.064 [0.050,0.081]
  len 10: 0/456 = 0.000 [0.000,0.008]
  len 11: 0/99 = 0.000 [0.000,0.037]
  len 12: 0/106 = 0.000 [0.000,0.035]
  len 13: 0/16 = 0.000 [0.000,0.194]
  len 14: 0/14 = 0.000 [0.000,0.215]
  written hist {7: 851, 8: 538, 9: 84, 10: 2}
  pruned hist {5: 16, 6: 133, 7: 761, 8: 507, 9: 58}
  frontier written 9 pruned 9
  reasons [("parse: expected line index, got 'LEANPARSE'", 34744), ('rule check failed: IMPE', 28249), ('rule check failed: ANDI', 16628), ('rule check failed: NEGE', 8456), ('rule check failed: ORI2', 6629), ('final formula is not the conclusion', 6330)]
[lean_gate] 73120 samples, parse-fail 20803, distinct checked 52310: both ok 1651, nd-only 0, lean-only 8, both rej 50651; lean 58.2s wall (684.4s proc, 12 workers), nd_verify 2.3s
[la_frozen_rand_s1 r3] transfer (this round, pass@32) SOLVED 162/2285 = 0.071 [0.061,0.082]
  len 7: 32/300 = 0.107 [0.077,0.147]
  len 8: 73/300 = 0.243 [0.198,0.295]
  len 9: 57/1010 = 0.056 [0.044,0.072]
  len 10: 0/451 = 0.000 [0.000,0.008]
  len 11: 0/99 = 0.000 [0.000,0.037]
  len 12: 0/102 = 0.000 [0.000,0.036]
  len 13: 0/13 = 0.000 [0.000,0.228]
  len 14: 0/10 = 0.000 [0.000,0.278]
  written hist {7: 39, 8: 89, 9: 66, 10: 1}
  pruned hist {5: 1, 6: 4, 7: 48, 8: 96, 9: 46}
  frontier written 9 pruned 9
  reasons [("parse: expected line index, got 'LEANPARSE'", 20803), ('rule check failed: IMPE', 16685), ('rule check failed: ANDI', 8956), ('rule check failed: NEGE', 4629), ('final formula is not the conclusion', 4112), ('rule check failed: ORI2', 3231)]
[lean_gate] 2285 samples, parse-fail 580, distinct checked 1705: both ok 25, nd-only 0, lean-only 0, both rej 1680; lean 2.6s wall (11.1s proc, 12 workers), nd_verify 0.1s
[la_frozen_rand_s1 r3] transfer greedy SOLVED 25/2285 = 0.011 [0.007,0.016]
  len 7: 14/300 = 0.047 [0.028,0.077]
  len 8: 10/300 = 0.033 [0.018,0.060]
  len 9: 1/1010 = 0.001 [0.000,0.006]
  len 10: 0/451 = 0.000 [0.000,0.008]
  len 11: 0/99 = 0.000 [0.000,0.037]
  len 12: 0/102 = 0.000 [0.000,0.036]
  len 13: 0/13 = 0.000 [0.000,0.228]
  len 14: 0/10 = 0.000 [0.000,0.278]
  written hist {7: 14, 8: 9, 9: 2}
  pruned hist {6: 1, 7: 15, 8: 8, 9: 1}
  frontier written 8 pruned 8
  reasons [("parse: expected line index, got 'LEANPARSE'", 580), ('rule check failed: IMPE', 500), ('rule check failed: ANDI', 341), ('rule check failed: NEGE', 172), ('rule check failed: ORI2', 119), ('final formula is not the conclusion', 114)]
[lean_gate] 5000 samples, parse-fail 38, distinct checked 4962: both ok 4149, nd-only 0, lean-only 0, both rej 813; lean 3.1s wall (27.8s proc, 12 workers), nd_verify 0.2s
[la_frozen_rand_s1 r3] heldout greedy SOLVED 4149/5000 = 0.830 [0.819,0.840]
  len 2: 999/1000 = 0.999 [0.994,1.000]
  len 3: 979/1000 = 0.979 [0.968,0.986]
  len 4: 864/1000 = 0.864 [0.841,0.884]
  len 5: 645/1000 = 0.645 [0.615,0.674]
  len 6: 662/1000 = 0.662 [0.632,0.691]
  written hist {2: 1034, 3: 977, 4: 858, 5: 643, 6: 633, 7: 2, 8: 2}
  pruned hist {2: 1035, 3: 981, 4: 860, 5: 641, 6: 628, 7: 2, 8: 2}
  frontier written 6 pruned 6
  reasons [('rule check failed: ANDI', 209), ('rule check failed: NEGE', 174), ('rule check failed: IMPE', 170), ('rule check failed: ORI2', 54), ('rule check failed: R', 54), ('rule check failed: ORI1', 54)]
[la_frozen_rand_s1 r3] targets cumulative: solved 1381/4495 L*=9 ge={7: 1381, 8: 490, 9: 83, 10: 0, 11: 0, 12: 0}
[la_frozen_rand_s1 r3] transfer cumulative: solved 188/2285 L*=9 ge={7: 188, 8: 152, 9: 75, 10: 0, 11: 0, 12: 0}
=== round 3 done in 1785s; new proofs 87; cum targets solved 1381 L*=9; transfer L*=9
[lean_gate] 143840 samples, parse-fail 34798, distinct checked 109027: both ok 16601, nd-only 0, lean-only 1, both rej 92425; lean 91.2s wall (1077.2s proc, 12 workers), nd_verify 5.8s
[la_frozen_rand_s1 r4] targets (this round) SOLVED 1237/4495 = 0.275 [0.262,0.288]
  len 7: 818/1800 = 0.454 [0.432,0.478]
  len 8: 355/1000 = 0.355 [0.326,0.385]
  len 9: 64/1004 = 0.064 [0.050,0.081]
  len 10: 0/456 = 0.000 [0.000,0.008]
  len 11: 0/99 = 0.000 [0.000,0.037]
  len 12: 0/106 = 0.000 [0.000,0.035]
  len 13: 0/16 = 0.000 [0.000,0.194]
  len 14: 0/14 = 0.000 [0.000,0.215]
  written hist {7: 876, 8: 532, 9: 88, 10: 3}
  pruned hist {5: 20, 6: 147, 7: 770, 8: 507, 9: 55}
  frontier written 9 pruned 9
  reasons [("parse: expected line index, got 'LEANPARSE'", 34798), ('rule check failed: IMPE', 28241), ('rule check failed: ANDI', 16654), ('rule check failed: NEGE', 8595), ('rule check failed: ORI2', 6559), ('final formula is not the conclusion', 6222)]
[lean_gate] 73120 samples, parse-fail 21065, distinct checked 52044: both ok 1601, nd-only 0, lean-only 5, both rej 50438; lean 44.5s wall (509.5s proc, 12 workers), nd_verify 2.9s
[la_frozen_rand_s1 r4] transfer (this round, pass@32) SOLVED 161/2285 = 0.070 [0.061,0.082]
  len 7: 31/300 = 0.103 [0.074,0.143]
  len 8: 71/300 = 0.237 [0.192,0.288]
  len 9: 59/1010 = 0.058 [0.046,0.075]
  len 10: 0/451 = 0.000 [0.000,0.008]
  len 11: 0/99 = 0.000 [0.000,0.037]
  len 12: 0/102 = 0.000 [0.000,0.036]
  len 13: 0/13 = 0.000 [0.000,0.228]
  len 14: 0/10 = 0.000 [0.000,0.278]
  written hist {7: 36, 8: 86, 9: 74}
  pruned hist {5: 1, 6: 4, 7: 45, 8: 98, 9: 48}
  frontier written 9 pruned 9
  reasons [("parse: expected line index, got 'LEANPARSE'", 21065), ('rule check failed: IMPE', 16726), ('rule check failed: ANDI', 8903), ('rule check failed: NEGE', 4559), ('final formula is not the conclusion', 3942), ('rule check failed: ORI2', 3261)]
[lean_gate] 2285 samples, parse-fail 580, distinct checked 1705: both ok 25, nd-only 0, lean-only 0, both rej 1680; lean 2.3s wall (9.8s proc, 12 workers), nd_verify 0.1s
[la_frozen_rand_s1 r4] transfer greedy SOLVED 25/2285 = 0.011 [0.007,0.016]
  len 7: 14/300 = 0.047 [0.028,0.077]
  len 8: 10/300 = 0.033 [0.018,0.060]
  len 9: 1/1010 = 0.001 [0.000,0.006]
  len 10: 0/451 = 0.000 [0.000,0.008]
  len 11: 0/99 = 0.000 [0.000,0.037]
  len 12: 0/102 = 0.000 [0.000,0.036]
  len 13: 0/13 = 0.000 [0.000,0.228]
  len 14: 0/10 = 0.000 [0.000,0.278]
  written hist {7: 14, 8: 9, 9: 2}
  pruned hist {6: 1, 7: 15, 8: 8, 9: 1}
  frontier written 8 pruned 8
  reasons [("parse: expected line index, got 'LEANPARSE'", 580), ('rule check failed: IMPE', 500), ('rule check failed: ANDI', 341), ('rule check failed: NEGE', 172), ('rule check failed: ORI2', 119), ('final formula is not the conclusion', 114)]
[lean_gate] 5000 samples, parse-fail 38, distinct checked 4962: both ok 4149, nd-only 0, lean-only 0, both rej 813; lean 3.2s wall (27.4s proc, 12 workers), nd_verify 0.2s
[la_frozen_rand_s1 r4] heldout greedy SOLVED 4149/5000 = 0.830 [0.819,0.840]
  len 2: 999/1000 = 0.999 [0.994,1.000]
  len 3: 979/1000 = 0.979 [0.968,0.986]
  len 4: 864/1000 = 0.864 [0.841,0.884]
  len 5: 645/1000 = 0.645 [0.615,0.674]
  len 6: 662/1000 = 0.662 [0.632,0.691]
  written hist {2: 1034, 3: 977, 4: 858, 5: 643, 6: 633, 7: 2, 8: 2}
  pruned hist {2: 1035, 3: 981, 4: 860, 5: 641, 6: 628, 7: 2, 8: 2}
  frontier written 6 pruned 6
  reasons [('rule check failed: ANDI', 209), ('rule check failed: NEGE', 174), ('rule check failed: IMPE', 170), ('rule check failed: ORI2', 54), ('rule check failed: R', 54), ('rule check failed: ORI1', 54)]
[la_frozen_rand_s1 r4] targets cumulative: solved 1419/4495 L*=9 ge={7: 1419, 8: 507, 9: 90, 10: 0, 11: 0, 12: 0}
[la_frozen_rand_s1 r4] transfer cumulative: solved 197/2285 L*=9 ge={7: 197, 8: 161, 9: 83, 10: 0, 11: 0, 12: 0}
=== round 4 done in 1718s; new proofs 72; cum targets solved 1419 L*=9; transfer L*=9
[lean_gate] 143840 samples, parse-fail 34556, distinct checked 109274: both ok 16661, nd-only 0, lean-only 1, both rej 92612; lean 90.1s wall (1061.6s proc, 12 workers), nd_verify 6.3s
[la_frozen_rand_s1 r5] targets (this round) SOLVED 1234/4495 = 0.275 [0.262,0.288]
  len 7: 806/1800 = 0.448 [0.425,0.471]
  len 8: 367/1000 = 0.367 [0.338,0.397]
  len 9: 61/1004 = 0.061 [0.048,0.077]
  len 10: 0/456 = 0.000 [0.000,0.008]
  len 11: 0/99 = 0.000 [0.000,0.037]
  len 12: 0/106 = 0.000 [0.000,0.035]
  len 13: 0/16 = 0.000 [0.000,0.194]
  len 14: 0/14 = 0.000 [0.000,0.215]
  written hist {7: 865, 8: 537, 9: 87, 10: 2}
  pruned hist {5: 18, 6: 135, 7: 774, 8: 506, 9: 58}
  frontier written 9 pruned 9
  reasons [("parse: expected line index, got 'LEANPARSE'", 34556), ('rule check failed: IMPE', 28149), ('rule check failed: ANDI', 16648), ('rule check failed: NEGE', 8448), ('rule check failed: ORI2', 6599), ('final formula is not the conclusion', 6408)]
[lean_gate] 73120 samples, parse-fail 20877, distinct checked 52238: both ok 1674, nd-only 0, lean-only 11, both rej 50553; lean 33.6s wall (384.8s proc, 12 workers), nd_verify 2.2s
[la_frozen_rand_s1 r5] transfer (this round, pass@32) SOLVED 161/2285 = 0.070 [0.061,0.082]
  len 7: 33/300 = 0.110 [0.079,0.150]
  len 8: 71/300 = 0.237 [0.192,0.288]
  len 9: 57/1010 = 0.056 [0.044,0.072]
  len 10: 0/451 = 0.000 [0.000,0.008]
  len 11: 0/99 = 0.000 [0.000,0.037]
  len 12: 0/102 = 0.000 [0.000,0.036]
  len 13: 0/13 = 0.000 [0.000,0.228]
  len 14: 0/10 = 0.000 [0.000,0.278]
  written hist {7: 36, 8: 86, 9: 65, 10: 1}
  pruned hist {6: 4, 7: 45, 8: 91, 9: 47, 10: 1}
  frontier written 9 pruned 9
  reasons [("parse: expected line index, got 'LEANPARSE'", 20877), ('rule check failed: IMPE', 16868), ('rule check failed: ANDI', 8936), ('rule check failed: NEGE', 4494), ('final formula is not the conclusion', 3917), ('rule check failed: ORI2', 3291)]
[lean_gate] 2285 samples, parse-fail 580, distinct checked 1705: both ok 25, nd-only 0, lean-only 0, both rej 1680; lean 4.2s wall (17.7s proc, 12 workers), nd_verify 0.1s
[la_frozen_rand_s1 r5] transfer greedy SOLVED 25/2285 = 0.011 [0.007,0.016]
  len 7: 14/300 = 0.047 [0.028,0.077]
  len 8: 10/300 = 0.033 [0.018,0.060]
  len 9: 1/1010 = 0.001 [0.000,0.006]
  len 10: 0/451 = 0.000 [0.000,0.008]
  len 11: 0/99 = 0.000 [0.000,0.037]
  len 12: 0/102 = 0.000 [0.000,0.036]
  len 13: 0/13 = 0.000 [0.000,0.228]
  len 14: 0/10 = 0.000 [0.000,0.278]
  written hist {7: 14, 8: 9, 9: 2}
  pruned hist {6: 1, 7: 15, 8: 8, 9: 1}
  frontier written 8 pruned 8
  reasons [("parse: expected line index, got 'LEANPARSE'", 580), ('rule check failed: IMPE', 500), ('rule check failed: ANDI', 341), ('rule check failed: NEGE', 172), ('rule check failed: ORI2', 119), ('final formula is not the conclusion', 114)]
[lean_gate] 5000 samples, parse-fail 38, distinct checked 4962: both ok 4149, nd-only 0, lean-only 0, both rej 813; lean 4.7s wall (49.0s proc, 12 workers), nd_verify 0.2s
[la_frozen_rand_s1 r5] heldout greedy SOLVED 4149/5000 = 0.830 [0.819,0.840]
  len 2: 999/1000 = 0.999 [0.994,1.000]
  len 3: 979/1000 = 0.979 [0.968,0.986]
  len 4: 864/1000 = 0.864 [0.841,0.884]
  len 5: 645/1000 = 0.645 [0.615,0.674]
  len 6: 662/1000 = 0.662 [0.632,0.691]
  written hist {2: 1034, 3: 977, 4: 858, 5: 643, 6: 633, 7: 2, 8: 2}
  pruned hist {2: 1035, 3: 981, 4: 860, 5: 641, 6: 628, 7: 2, 8: 2}
  frontier written 6 pruned 6
  reasons [('rule check failed: ANDI', 209), ('rule check failed: NEGE', 174), ('rule check failed: IMPE', 170), ('rule check failed: ORI2', 54), ('rule check failed: R', 54), ('rule check failed: ORI1', 54)]
[la_frozen_rand_s1 r5] targets cumulative: solved 1444/4495 L*=9 ge={7: 1444, 8: 518, 9: 94, 10: 0, 11: 0, 12: 0}
[la_frozen_rand_s1 r5] transfer cumulative: solved 205/2285 L*=9 ge={7: 205, 8: 168, 9: 87, 10: 0, 11: 0, 12: 0}
=== round 5 done in 1700s; new proofs 46; cum targets solved 1444 L*=9; transfer L*=9
[lean_gate] 143840 samples, parse-fail 34760, distinct checked 109069: both ok 16726, nd-only 0, lean-only 0, both rej 92343; lean 65.1s wall (770.9s proc, 12 workers), nd_verify 4.8s
[la_frozen_rand_s1 r6] targets (this round) SOLVED 1219/4495 = 0.271 [0.258,0.284]
  len 7: 793/1800 = 0.441 [0.418,0.464]
  len 8: 365/1000 = 0.365 [0.336,0.395]
  len 9: 61/1004 = 0.061 [0.048,0.077]
  len 10: 0/456 = 0.000 [0.000,0.008]
  len 11: 0/99 = 0.000 [0.000,0.037]
  len 12: 0/106 = 0.000 [0.000,0.035]
  len 13: 0/16 = 0.000 [0.000,0.194]
  len 14: 0/14 = 0.000 [0.000,0.215]
  written hist {7: 852, 8: 542, 9: 87, 10: 1}
  pruned hist {5: 19, 6: 132, 7: 764, 8: 511, 9: 56}
  frontier written 9 pruned 9
  reasons [("parse: expected line index, got 'LEANPARSE'", 34760), ('rule check failed: IMPE', 28121), ('rule check failed: ANDI', 16691), ('rule check failed: NEGE', 8409), ('rule check failed: ORI2', 6545), ('final formula is not the conclusion', 6209)]
[lean_gate] 73120 samples, parse-fail 20923, distinct checked 52190: both ok 1632, nd-only 0, lean-only 8, both rej 50550; lean 32.9s wall (383.4s proc, 12 workers), nd_verify 2.1s
[la_frozen_rand_s1 r6] transfer (this round, pass@32) SOLVED 164/2285 = 0.072 [0.062,0.083]
  len 7: 36/300 = 0.120 [0.088,0.162]
  len 8: 72/300 = 0.240 [0.195,0.291]
  len 9: 55/1010 = 0.054 [0.042,0.070]
  len 10: 1/451 = 0.002 [0.000,0.012]
  len 11: 0/99 = 0.000 [0.000,0.037]
  len 12: 0/102 = 0.000 [0.000,0.036]
  len 13: 0/13 = 0.000 [0.000,0.228]
  len 14: 0/10 = 0.000 [0.000,0.278]
  written hist {7: 45, 8: 90, 9: 65, 10: 2}
  pruned hist {5: 1, 6: 4, 7: 53, 8: 95, 9: 47, 10: 2}
  frontier written 9 pruned 9
  reasons [("parse: expected line index, got 'LEANPARSE'", 20923), ('rule check failed: IMPE', 16821), ('rule check failed: ANDI', 8861), ('rule check failed: NEGE', 4545), ('final formula is not the conclusion', 3958), ('rule check failed: ORI2', 3315)]
[lean_gate] 2285 samples, parse-fail 580, distinct checked 1705: both ok 25, nd-only 0, lean-only 0, both rej 1680; lean 2.0s wall (8.9s proc, 12 workers), nd_verify 0.1s
[la_frozen_rand_s1 r6] transfer greedy SOLVED 25/2285 = 0.011 [0.007,0.016]
  len 7: 14/300 = 0.047 [0.028,0.077]
  len 8: 10/300 = 0.033 [0.018,0.060]
  len 9: 1/1010 = 0.001 [0.000,0.006]
  len 10: 0/451 = 0.000 [0.000,0.008]
  len 11: 0/99 = 0.000 [0.000,0.037]
  len 12: 0/102 = 0.000 [0.000,0.036]
  len 13: 0/13 = 0.000 [0.000,0.228]
  len 14: 0/10 = 0.000 [0.000,0.278]
  written hist {7: 14, 8: 9, 9: 2}
  pruned hist {6: 1, 7: 15, 8: 8, 9: 1}
  frontier written 8 pruned 8
  reasons [("parse: expected line index, got 'LEANPARSE'", 580), ('rule check failed: IMPE', 500), ('rule check failed: ANDI', 341), ('rule check failed: NEGE', 172), ('rule check failed: ORI2', 119), ('final formula is not the conclusion', 114)]
[lean_gate] 5000 samples, parse-fail 38, distinct checked 4962: both ok 4149, nd-only 0, lean-only 0, both rej 813; lean 3.1s wall (26.3s proc, 12 workers), nd_verify 0.2s
[la_frozen_rand_s1 r6] heldout greedy SOLVED 4149/5000 = 0.830 [0.819,0.840]
  len 2: 999/1000 = 0.999 [0.994,1.000]
  len 3: 979/1000 = 0.979 [0.968,0.986]
  len 4: 864/1000 = 0.864 [0.841,0.884]
  len 5: 645/1000 = 0.645 [0.615,0.674]
  len 6: 662/1000 = 0.662 [0.632,0.691]
  written hist {2: 1034, 3: 977, 4: 858, 5: 643, 6: 633, 7: 2, 8: 2}
  pruned hist {2: 1035, 3: 981, 4: 860, 5: 641, 6: 628, 7: 2, 8: 2}
  frontier written 6 pruned 6
  reasons [('rule check failed: ANDI', 209), ('rule check failed: NEGE', 174), ('rule check failed: IMPE', 170), ('rule check failed: ORI2', 54), ('rule check failed: R', 54), ('rule check failed: ORI1', 54)]
[la_frozen_rand_s1 r6] targets cumulative: solved 1458/4495 L*=9 ge={7: 1458, 8: 524, 9: 96, 10: 0, 11: 0, 12: 0}
[la_frozen_rand_s1 r6] transfer cumulative: solved 211/2285 L*=9 ge={7: 211, 8: 171, 9: 88, 10: 1, 11: 0, 12: 0}
=== round 6 done in 1630s; new proofs 33; cum targets solved 1458 L*=9; transfer L*=9
[lean_gate] 143840 samples, parse-fail 34469, distinct checked 109355: both ok 16459, nd-only 0, lean-only 0, both rej 92896; lean 67.7s wall (796.4s proc, 12 workers), nd_verify 4.8s
[la_frozen_rand_s1 r7] targets (this round) SOLVED 1234/4495 = 0.275 [0.262,0.288]
  len 7: 818/1800 = 0.454 [0.432,0.478]
  len 8: 354/1000 = 0.354 [0.325,0.384]
  len 9: 62/1004 = 0.062 [0.048,0.078]
  len 10: 0/456 = 0.000 [0.000,0.008]
  len 11: 0/99 = 0.000 [0.000,0.037]
  len 12: 0/106 = 0.000 [0.000,0.035]
  len 13: 0/16 = 0.000 [0.000,0.194]
  len 14: 0/14 = 0.000 [0.000,0.215]
  written hist {7: 878, 8: 525, 9: 86, 10: 1}
  pruned hist {5: 19, 6: 140, 7: 778, 8: 496, 9: 57}
  frontier written 9 pruned 9
  reasons [("parse: expected line index, got 'LEANPARSE'", 34469), ('rule check failed: IMPE', 28163), ('rule check failed: ANDI', 16795), ('rule check failed: NEGE', 8514), ('rule check failed: ORI2', 6671), ('final formula is not the conclusion', 6255)]
[lean_gate] 73120 samples, parse-fail 20774, distinct checked 52338: both ok 1697, nd-only 0, lean-only 8, both rej 50633; lean 33.3s wall (387.3s proc, 12 workers), nd_verify 2.5s
[la_frozen_rand_s1 r7] transfer (this round, pass@32) SOLVED 167/2285 = 0.073 [0.063,0.084]
  len 7: 31/300 = 0.103 [0.074,0.143]
  len 8: 72/300 = 0.240 [0.195,0.291]
  len 9: 64/1010 = 0.063 [0.050,0.080]
  len 10: 0/451 = 0.000 [0.000,0.008]
  len 11: 0/99 = 0.000 [0.000,0.037]
  len 12: 0/102 = 0.000 [0.000,0.036]
  len 13: 0/13 = 0.000 [0.000,0.228]
  len 14: 0/10 = 0.000 [0.000,0.278]
  written hist {7: 35, 8: 87, 9: 77}
  pruned hist {6: 4, 7: 48, 8: 96, 9: 51}
  frontier written 9 pruned 9
  reasons [("parse: expected line index, got 'LEANPARSE'", 20774), ('rule check failed: IMPE', 16764), ('rule check failed: ANDI', 9016), ('rule check failed: NEGE', 4612), ('final formula is not the conclusion', 3928), ('rule check failed: ORI2', 3309)]
[lean_gate] 2285 samples, parse-fail 580, distinct checked 1705: both ok 25, nd-only 0, lean-only 0, both rej 1680; lean 2.5s wall (9.4s proc, 12 workers), nd_verify 0.1s
[la_frozen_rand_s1 r7] transfer greedy SOLVED 25/2285 = 0.011 [0.007,0.016]
  len 7: 14/300 = 0.047 [0.028,0.077]
  len 8: 10/300 = 0.033 [0.018,0.060]
  len 9: 1/1010 = 0.001 [0.000,0.006]
  len 10: 0/451 = 0.000 [0.000,0.008]
  len 11: 0/99 = 0.000 [0.000,0.037]
  len 12: 0/102 = 0.000 [0.000,0.036]
  len 13: 0/13 = 0.000 [0.000,0.228]
  len 14: 0/10 = 0.000 [0.000,0.278]
  written hist {7: 14, 8: 9, 9: 2}
  pruned hist {6: 1, 7: 15, 8: 8, 9: 1}
  frontier written 8 pruned 8
  reasons [("parse: expected line index, got 'LEANPARSE'", 580), ('rule check failed: IMPE', 500), ('rule check failed: ANDI', 341), ('rule check failed: NEGE', 172), ('rule check failed: ORI2', 119), ('final formula is not the conclusion', 114)]
[lean_gate] 5000 samples, parse-fail 38, distinct checked 4962: both ok 4149, nd-only 0, lean-only 0, both rej 813; lean 2.6s wall (25.3s proc, 12 workers), nd_verify 0.2s
[la_frozen_rand_s1 r7] heldout greedy SOLVED 4149/5000 = 0.830 [0.819,0.840]
  len 2: 999/1000 = 0.999 [0.994,1.000]
  len 3: 979/1000 = 0.979 [0.968,0.986]
  len 4: 864/1000 = 0.864 [0.841,0.884]
  len 5: 645/1000 = 0.645 [0.615,0.674]
  len 6: 662/1000 = 0.662 [0.632,0.691]
  written hist {2: 1034, 3: 977, 4: 858, 5: 643, 6: 633, 7: 2, 8: 2}
  pruned hist {2: 1035, 3: 981, 4: 860, 5: 641, 6: 628, 7: 2, 8: 2}
  frontier written 6 pruned 6
  reasons [('rule check failed: ANDI', 209), ('rule check failed: NEGE', 174), ('rule check failed: IMPE', 170), ('rule check failed: ORI2', 54), ('rule check failed: R', 54), ('rule check failed: ORI1', 54)]
[la_frozen_rand_s1 r7] targets cumulative: solved 1480/4495 L*=9 ge={7: 1480, 8: 532, 9: 98, 10: 0, 11: 0, 12: 0}
[la_frozen_rand_s1 r7] transfer cumulative: solved 218/2285 L*=9 ge={7: 218, 8: 177, 9: 92, 10: 1, 11: 0, 12: 0}
=== round 7 done in 1647s; new proofs 40; cum targets solved 1480 L*=9; transfer L*=9
[lean_gate] 143840 samples, parse-fail 34684, distinct checked 109147: both ok 16496, nd-only 0, lean-only 0, both rej 92651; lean 67.2s wall (792.5s proc, 12 workers), nd_verify 4.8s
[la_frozen_rand_s1 r8] targets (this round) SOLVED 1215/4495 = 0.270 [0.258,0.283]
  len 7: 801/1800 = 0.445 [0.422,0.468]
  len 8: 353/1000 = 0.353 [0.324,0.383]
  len 9: 61/1004 = 0.061 [0.048,0.077]
  len 10: 0/456 = 0.000 [0.000,0.008]
  len 11: 0/99 = 0.000 [0.000,0.037]
  len 12: 0/106 = 0.000 [0.000,0.035]
  len 13: 0/16 = 0.000 [0.000,0.194]
  len 14: 0/14 = 0.000 [0.000,0.215]
  written hist {7: 858, 8: 538, 9: 85, 10: 2, 11: 1}
  pruned hist {5: 17, 6: 132, 7: 775, 8: 507, 9: 52, 10: 1}
  frontier written 9 pruned 9
  reasons [("parse: expected line index, got 'LEANPARSE'", 34684), ('rule check failed: IMPE', 28345), ('rule check failed: ANDI', 16582), ('rule check failed: NEGE', 8580), ('rule check failed: ORI2', 6604), ('final formula is not the conclusion', 6335)]
[lean_gate] 73120 samples, parse-fail 20808, distinct checked 52303: both ok 1668, nd-only 0, lean-only 7, both rej 50628; lean 33.7s wall (394.0s proc, 12 workers), nd_verify 2.1s
[la_frozen_rand_s1 r8] transfer (this round, pass@32) SOLVED 158/2285 = 0.069 [0.059,0.080]
  len 7: 33/300 = 0.110 [0.079,0.150]
  len 8: 69/300 = 0.230 [0.186,0.281]
  len 9: 55/1010 = 0.054 [0.042,0.070]
  len 10: 1/451 = 0.002 [0.000,0.012]
  len 11: 0/99 = 0.000 [0.000,0.037]
  len 12: 0/102 = 0.000 [0.000,0.036]
  len 13: 0/13 = 0.000 [0.000,0.228]
  len 14: 0/10 = 0.000 [0.000,0.278]
  written hist {7: 38, 8: 82, 9: 67, 10: 1}
  pruned hist {5: 1, 6: 4, 7: 45, 8: 93, 9: 44, 10: 1}
  frontier written 9 pruned 9
  reasons [("parse: expected line index, got 'LEANPARSE'", 20808), ('rule check failed: IMPE', 16778), ('rule check failed: ANDI', 8977), ('rule check failed: NEGE', 4602), ('final formula is not the conclusion', 4000), ('rule check failed: ORI2', 3287)]
[lean_gate] 2285 samples, parse-fail 580, distinct checked 1705: both ok 25, nd-only 0, lean-only 0, both rej 1680; lean 2.1s wall (9.1s proc, 12 workers), nd_verify 0.1s
[la_frozen_rand_s1 r8] transfer greedy SOLVED 25/2285 = 0.011 [0.007,0.016]
  len 7: 14/300 = 0.047 [0.028,0.077]
  len 8: 10/300 = 0.033 [0.018,0.060]
  len 9: 1/1010 = 0.001 [0.000,0.006]
  len 10: 0/451 = 0.000 [0.000,0.008]
  len 11: 0/99 = 0.000 [0.000,0.037]
  len 12: 0/102 = 0.000 [0.000,0.036]
  len 13: 0/13 = 0.000 [0.000,0.228]
  len 14: 0/10 = 0.000 [0.000,0.278]
  written hist {7: 14, 8: 9, 9: 2}
  pruned hist {6: 1, 7: 15, 8: 8, 9: 1}
  frontier written 8 pruned 8
  reasons [("parse: expected line index, got 'LEANPARSE'", 580), ('rule check failed: IMPE', 500), ('rule check failed: ANDI', 341), ('rule check failed: NEGE', 172), ('rule check failed: ORI2', 119), ('final formula is not the conclusion', 114)]
[lean_gate] 5000 samples, parse-fail 38, distinct checked 4962: both ok 4149, nd-only 0, lean-only 0, both rej 813; lean 2.7s wall (25.2s proc, 12 workers), nd_verify 0.2s
[la_frozen_rand_s1 r8] heldout greedy SOLVED 4149/5000 = 0.830 [0.819,0.840]
  len 2: 999/1000 = 0.999 [0.994,1.000]
  len 3: 979/1000 = 0.979 [0.968,0.986]
  len 4: 864/1000 = 0.864 [0.841,0.884]
  len 5: 645/1000 = 0.645 [0.615,0.674]
  len 6: 662/1000 = 0.662 [0.632,0.691]
  written hist {2: 1034, 3: 977, 4: 858, 5: 643, 6: 633, 7: 2, 8: 2}
  pruned hist {2: 1035, 3: 981, 4: 860, 5: 641, 6: 628, 7: 2, 8: 2}
  frontier written 6 pruned 6
  reasons [('rule check failed: ANDI', 209), ('rule check failed: NEGE', 174), ('rule check failed: IMPE', 170), ('rule check failed: ORI2', 54), ('rule check failed: R', 54), ('rule check failed: ORI1', 54)]
[la_frozen_rand_s1 r8] targets cumulative: solved 1501/4495 L*=9 ge={7: 1501, 8: 539, 9: 101, 10: 0, 11: 0, 12: 0}
[la_frozen_rand_s1 r8] transfer cumulative: solved 222/2285 L*=9 ge={7: 222, 8: 181, 9: 94, 10: 1, 11: 0, 12: 0}
=== round 8 done in 1555s; new proofs 40; cum targets solved 1501 L*=9; transfer L*=9
END 2026-09-21T07:14:12Z
