START 2026-09-21T03:27:28Z until [ -f ckpts/lf/stage1_full_seq_s0.pt ]; do sleep 30; done; python3 ladder_ei.py --init ckpts/lf/stage1_full_seq_s0.pt --name la_frozen_seq_s0 --outdir artifacts/lf --seed 0 --batch 512 --no_train
[lean_gate] 143840 samples, parse-fail 24059, distinct checked 104357: both ok 20543, nd-only 0, lean-only 4, both rej 83810; lean 197.4s wall (2299.4s proc, 12 workers), nd_verify 20.8s
[la_frozen_seq_s0 r1] targets (this round) SOLVED 1495/4495 = 0.333 [0.319,0.347]
  len 7: 922/1800 = 0.512 [0.489,0.535]
  len 8: 459/1000 = 0.459 [0.428,0.490]
  len 9: 107/1004 = 0.107 [0.089,0.127]
  len 10: 7/456 = 0.015 [0.007,0.031]
  len 11: 0/99 = 0.000 [0.000,0.037]
  len 12: 0/106 = 0.000 [0.000,0.035]
  len 13: 0/16 = 0.000 [0.000,0.194]
  len 14: 0/14 = 0.000 [0.000,0.215]
  written hist {7: 979, 8: 743, 9: 155, 10: 16}
  pruned hist {5: 8, 6: 160, 7: 929, 8: 690, 9: 97, 10: 9}
  frontier written 10 pruned 10
  reasons [("parse: expected line index, got 'LEANPARSE'", 24059), ('rule check failed: IMPE', 21463), ('rule check failed: ANDI', 21270), ('rule check failed: ORI2', 8996), ('rule check failed: NEGE', 8269), ('rule check failed: ORI1', 8224)]
[lean_gate] 73120 samples, parse-fail 16297, distinct checked 50158: both ok 2565, nd-only 0, lean-only 1, both rej 47592; lean 57.2s wall (672.6s proc, 12 workers), nd_verify 2.5s
[la_frozen_seq_s0 r1] transfer (this round, pass@32) SOLVED 225/2285 = 0.098 [0.087,0.111]
  len 7: 34/300 = 0.113 [0.082,0.154]
  len 8: 91/300 = 0.303 [0.254,0.358]
  len 9: 93/1010 = 0.092 [0.076,0.111]
  len 10: 7/451 = 0.016 [0.008,0.032]
  len 11: 0/99 = 0.000 [0.000,0.037]
  len 12: 0/102 = 0.000 [0.000,0.036]
  len 13: 0/13 = 0.000 [0.000,0.228]
  len 14: 0/10 = 0.000 [0.000,0.278]
  written hist {7: 41, 8: 119, 9: 118, 10: 14}
  pruned hist {6: 6, 7: 59, 8: 150, 9: 68, 10: 9}
  frontier written 10 pruned 10
  reasons [("parse: expected line index, got 'LEANPARSE'", 16297), ('rule check failed: ANDI', 13215), ('rule check failed: IMPE', 13150), ('rule check failed: NEGE', 5116), ('rule check failed: ORI1', 4379), ('rule check failed: ORI2', 4257)]
[lean_gate] 2285 samples, parse-fail 411, distinct checked 1874: both ok 111, nd-only 0, lean-only 0, both rej 1763; lean 9.7s wall (46.6s proc, 12 workers), nd_verify 0.6s
[la_frozen_seq_s0 r1] transfer greedy SOLVED 111/2285 = 0.049 [0.040,0.058]
  len 7: 21/300 = 0.070 [0.046,0.105]
  len 8: 53/300 = 0.177 [0.138,0.224]
  len 9: 35/1010 = 0.035 [0.025,0.048]
  len 10: 2/451 = 0.004 [0.001,0.016]
  len 11: 0/99 = 0.000 [0.000,0.037]
  len 12: 0/102 = 0.000 [0.000,0.036]
  len 13: 0/13 = 0.000 [0.000,0.228]
  len 14: 0/10 = 0.000 [0.000,0.278]
  written hist {7: 18, 8: 55, 9: 34, 10: 4}
  pruned hist {6: 3, 7: 19, 8: 58, 9: 28, 10: 3}
  frontier written 9 pruned 9
  reasons [('rule check failed: ANDI', 461), ('rule check failed: IMPE', 431), ("parse: expected line index, got 'LEANPARSE'", 411), ('rule check failed: NEGE', 181), ('rule check failed: ORI1', 143), ('rule check failed: ORI2', 142)]
[lean_gate] 5000 samples, parse-fail 16, distinct checked 4984: both ok 4678, nd-only 0, lean-only 1, both rej 305; lean 12.1s wall (113.4s proc, 12 workers), nd_verify 0.5s
[la_frozen_seq_s0 r1] heldout greedy SOLVED 4678/5000 = 0.936 [0.928,0.942]
  len 2: 1000/1000 = 1.000 [0.996,1.000]
  len 3: 988/1000 = 0.988 [0.979,0.993]
  len 4: 950/1000 = 0.950 [0.935,0.962]
  len 5: 888/1000 = 0.888 [0.867,0.906]
  len 6: 852/1000 = 0.852 [0.829,0.873]
  written hist {2: 1035, 3: 989, 4: 927, 5: 878, 6: 845, 7: 3, 8: 1}
  pruned hist {2: 1037, 3: 988, 4: 928, 5: 878, 6: 843, 7: 3, 8: 1}
  frontier written 6 pruned 6
  reasons [('rule check failed: ANDI', 85), ('rule check failed: IMPE', 59), ('rule check failed: ORI2', 40), ('rule check failed: ORI1', 36), ('rule check failed: NEGE', 24), ('rule check failed: R', 20)]
[la_frozen_seq_s0 r1] targets cumulative: solved 1495/4495 L*=10 ge={7: 1495, 8: 573, 9: 114, 10: 7, 11: 0, 12: 0}
[la_frozen_seq_s0 r1] transfer cumulative: solved 225/2285 L*=10 ge={7: 225, 8: 191, 9: 100, 10: 7, 11: 0, 12: 0}
=== round 1 done in 1887s; new proofs 1893; cum targets solved 1495 L*=10; transfer L*=10
[lean_gate] 143840 samples, parse-fail 24008, distinct checked 104371: both ok 20354, nd-only 0, lean-only 7, both rej 84010; lean 164.3s wall (1888.3s proc, 12 workers), nd_verify 37.6s
[la_frozen_seq_s0 r2] targets (this round) SOLVED 1481/4495 = 0.329 [0.316,0.343]
  len 7: 923/1800 = 0.513 [0.490,0.536]
  len 8: 451/1000 = 0.451 [0.420,0.482]
  len 9: 99/1004 = 0.099 [0.082,0.119]
  len 10: 8/456 = 0.018 [0.009,0.034]
  len 11: 0/99 = 0.000 [0.000,0.037]
  len 12: 0/106 = 0.000 [0.000,0.035]
  len 13: 0/16 = 0.000 [0.000,0.194]
  len 14: 0/14 = 0.000 [0.000,0.215]
  written hist {7: 963, 8: 745, 9: 141, 10: 12}
  pruned hist {5: 11, 6: 165, 7: 906, 8: 681, 9: 90, 10: 8}
  frontier written 10 pruned 10
  reasons [("parse: expected line index, got 'LEANPARSE'", 24008), ('rule check failed: IMPE', 21530), ('rule check failed: ANDI', 21505), ('rule check failed: ORI2', 8994), ('rule check failed: NEGE', 8296), ('rule check failed: ORI1', 8082)]
[lean_gate] 73120 samples, parse-fail 16418, distinct checked 49914: both ok 2616, nd-only 0, lean-only 0, both rej 47298; lean 46.3s wall (535.6s proc, 12 workers), nd_verify 2.5s
[la_frozen_seq_s0 r2] transfer (this round, pass@32) SOLVED 223/2285 = 0.098 [0.086,0.110]
  len 7: 35/300 = 0.117 [0.085,0.158]
  len 8: 96/300 = 0.320 [0.270,0.375]
  len 9: 86/1010 = 0.085 [0.069,0.104]
  len 10: 6/451 = 0.013 [0.006,0.029]
  len 11: 0/99 = 0.000 [0.000,0.037]
  len 12: 0/102 = 0.000 [0.000,0.036]
  len 13: 0/13 = 0.000 [0.000,0.228]
  len 14: 0/10 = 0.000 [0.000,0.278]
  written hist {7: 44, 8: 121, 9: 111, 10: 12}
  pruned hist {6: 5, 7: 67, 8: 145, 9: 62, 10: 9}
  frontier written 10 pruned 10
  reasons [("parse: expected line index, got 'LEANPARSE'", 16418), ('rule check failed: ANDI', 13163), ('rule check failed: IMPE', 13010), ('rule check failed: NEGE', 5238), ('rule check failed: ORI1', 4372), ('rule check failed: ORI2', 4270)]
[lean_gate] 2285 samples, parse-fail 411, distinct checked 1874: both ok 111, nd-only 0, lean-only 0, both rej 1763; lean 4.9s wall (23.8s proc, 12 workers), nd_verify 0.1s
[la_frozen_seq_s0 r2] transfer greedy SOLVED 111/2285 = 0.049 [0.040,0.058]
  len 7: 21/300 = 0.070 [0.046,0.105]
  len 8: 53/300 = 0.177 [0.138,0.224]
  len 9: 35/1010 = 0.035 [0.025,0.048]
  len 10: 2/451 = 0.004 [0.001,0.016]
  len 11: 0/99 = 0.000 [0.000,0.037]
  len 12: 0/102 = 0.000 [0.000,0.036]
  len 13: 0/13 = 0.000 [0.000,0.228]
  len 14: 0/10 = 0.000 [0.000,0.278]
  written hist {7: 18, 8: 55, 9: 34, 10: 4}
  pruned hist {6: 3, 7: 19, 8: 58, 9: 28, 10: 3}
  frontier written 9 pruned 9
  reasons [('rule check failed: ANDI', 461), ('rule check failed: IMPE', 431), ("parse: expected line index, got 'LEANPARSE'", 411), ('rule check failed: NEGE', 181), ('rule check failed: ORI1', 143), ('rule check failed: ORI2', 142)]
[lean_gate] 5000 samples, parse-fail 16, distinct checked 4984: both ok 4678, nd-only 0, lean-only 1, both rej 305; lean 7.8s wall (62.6s proc, 12 workers), nd_verify 0.3s
[la_frozen_seq_s0 r2] heldout greedy SOLVED 4678/5000 = 0.936 [0.928,0.942]
  len 2: 1000/1000 = 1.000 [0.996,1.000]
  len 3: 988/1000 = 0.988 [0.979,0.993]
  len 4: 950/1000 = 0.950 [0.935,0.962]
  len 5: 888/1000 = 0.888 [0.867,0.906]
  len 6: 852/1000 = 0.852 [0.829,0.873]
  written hist {2: 1035, 3: 989, 4: 927, 5: 878, 6: 845, 7: 3, 8: 1}
  pruned hist {2: 1037, 3: 988, 4: 928, 5: 878, 6: 843, 7: 3, 8: 1}
  frontier written 6 pruned 6
  reasons [('rule check failed: ANDI', 85), ('rule check failed: IMPE', 59), ('rule check failed: ORI2', 40), ('rule check failed: ORI1', 36), ('rule check failed: NEGE', 24), ('rule check failed: R', 20)]
[la_frozen_seq_s0 r2] targets cumulative: solved 1584/4495 L*=10 ge={7: 1584, 8: 611, 9: 129, 10: 10, 11: 0, 12: 0}
[la_frozen_seq_s0 r2] transfer cumulative: solved 251/2285 L*=10 ge={7: 251, 8: 214, 9: 111, 10: 8, 11: 0, 12: 0}
=== round 2 done in 1900s; new proofs 180; cum targets solved 1584 L*=10; transfer L*=10
[lean_gate] 143840 samples, parse-fail 23981, distinct checked 104436: both ok 20385, nd-only 0, lean-only 6, both rej 84045; lean 148.6s wall (1757.8s proc, 12 workers), nd_verify 6.2s
[la_frozen_seq_s0 r3] targets (this round) SOLVED 1471/4495 = 0.327 [0.314,0.341]
  len 7: 920/1800 = 0.511 [0.488,0.534]
  len 8: 440/1000 = 0.440 [0.410,0.471]
  len 9: 104/1004 = 0.104 [0.086,0.124]
  len 10: 7/456 = 0.015 [0.007,0.031]
  len 11: 0/99 = 0.000 [0.000,0.037]
  len 12: 0/106 = 0.000 [0.000,0.035]
  len 13: 0/16 = 0.000 [0.000,0.194]
  len 14: 0/14 = 0.000 [0.000,0.215]
  written hist {7: 965, 8: 718, 9: 148, 10: 15, 11: 1}
  pruned hist {5: 8, 6: 166, 7: 905, 8: 670, 9: 91, 10: 7}
  frontier written 10 pruned 10
  reasons [("parse: expected line index, got 'LEANPARSE'", 23981), ('rule check failed: IMPE', 21494), ('rule check failed: ANDI', 21467), ('rule check failed: ORI2', 8998), ('rule check failed: NEGE', 8323), ('rule check failed: ORI1', 8140)]
[lean_gate] 73120 samples, parse-fail 16456, distinct checked 49984: both ok 2586, nd-only 0, lean-only 0, both rej 47398; lean 44.9s wall (525.2s proc, 12 workers), nd_verify 2.5s
[la_frozen_seq_s0 r3] transfer (this round, pass@32) SOLVED 227/2285 = 0.099 [0.088,0.112]
  len 7: 36/300 = 0.120 [0.088,0.162]
  len 8: 92/300 = 0.307 [0.257,0.361]
  len 9: 91/1010 = 0.090 [0.074,0.109]
  len 10: 8/451 = 0.018 [0.009,0.035]
  len 11: 0/99 = 0.000 [0.000,0.037]
  len 12: 0/102 = 0.000 [0.000,0.036]
  len 13: 0/13 = 0.000 [0.000,0.228]
  len 14: 0/10 = 0.000 [0.000,0.278]
  written hist {7: 41, 8: 117, 9: 115, 10: 18}
  pruned hist {6: 5, 7: 58, 8: 148, 9: 68, 10: 12}
  frontier written 10 pruned 10
  reasons [("parse: expected line index, got 'LEANPARSE'", 16456), ('rule check failed: ANDI', 13139), ('rule check failed: IMPE', 13118), ('rule check failed: NEGE', 5231), ('rule check failed: ORI1', 4334), ('rule check failed: ORI2', 4215)]
[lean_gate] 2285 samples, parse-fail 411, distinct checked 1874: both ok 111, nd-only 0, lean-only 0, both rej 1763; lean 2.3s wall (10.1s proc, 12 workers), nd_verify 0.1s
[la_frozen_seq_s0 r3] transfer greedy SOLVED 111/2285 = 0.049 [0.040,0.058]
  len 7: 21/300 = 0.070 [0.046,0.105]
  len 8: 53/300 = 0.177 [0.138,0.224]
  len 9: 35/1010 = 0.035 [0.025,0.048]
  len 10: 2/451 = 0.004 [0.001,0.016]
  len 11: 0/99 = 0.000 [0.000,0.037]
  len 12: 0/102 = 0.000 [0.000,0.036]
  len 13: 0/13 = 0.000 [0.000,0.228]
  len 14: 0/10 = 0.000 [0.000,0.278]
  written hist {7: 18, 8: 55, 9: 34, 10: 4}
  pruned hist {6: 3, 7: 19, 8: 58, 9: 28, 10: 3}
  frontier written 9 pruned 9
  reasons [('rule check failed: ANDI', 461), ('rule check failed: IMPE', 431), ("parse: expected line index, got 'LEANPARSE'", 411), ('rule check failed: NEGE', 181), ('rule check failed: ORI1', 143), ('rule check failed: ORI2', 142)]
[lean_gate] 5000 samples, parse-fail 16, distinct checked 4984: both ok 4678, nd-only 0, lean-only 1, both rej 305; lean 3.1s wall (29.6s proc, 12 workers), nd_verify 0.2s
[la_frozen_seq_s0 r3] heldout greedy SOLVED 4678/5000 = 0.936 [0.928,0.942]
  len 2: 1000/1000 = 1.000 [0.996,1.000]
  len 3: 988/1000 = 0.988 [0.979,0.993]
  len 4: 950/1000 = 0.950 [0.935,0.962]
  len 5: 888/1000 = 0.888 [0.867,0.906]
  len 6: 852/1000 = 0.852 [0.829,0.873]
  written hist {2: 1035, 3: 989, 4: 927, 5: 878, 6: 845, 7: 3, 8: 1}
  pruned hist {2: 1037, 3: 988, 4: 928, 5: 878, 6: 843, 7: 3, 8: 1}
  frontier written 6 pruned 6
  reasons [('rule check failed: ANDI', 85), ('rule check failed: IMPE', 59), ('rule check failed: ORI2', 40), ('rule check failed: ORI1', 36), ('rule check failed: NEGE', 24), ('rule check failed: R', 20)]
[la_frozen_seq_s0 r3] targets cumulative: solved 1630/4495 L*=10 ge={7: 1630, 8: 630, 9: 140, 10: 12, 11: 0, 12: 0}
[la_frozen_seq_s0 r3] transfer cumulative: solved 267/2285 L*=10 ge={7: 267, 8: 228, 9: 122, 10: 10, 11: 0, 12: 0}
=== round 3 done in 1794s; new proofs 95; cum targets solved 1630 L*=10; transfer L*=10
[lean_gate] 143840 samples, parse-fail 23821, distinct checked 104625: both ok 20714, nd-only 0, lean-only 5, both rej 83906; lean 146.7s wall (1743.5s proc, 12 workers), nd_verify 5.6s
[la_frozen_seq_s0 r4] targets (this round) SOLVED 1487/4495 = 0.331 [0.317,0.345]
  len 7: 935/1800 = 0.519 [0.496,0.542]
  len 8: 445/1000 = 0.445 [0.414,0.476]
  len 9: 102/1004 = 0.102 [0.084,0.122]
  len 10: 5/456 = 0.011 [0.005,0.025]
  len 11: 0/99 = 0.000 [0.000,0.037]
  len 12: 0/106 = 0.000 [0.000,0.035]
  len 13: 0/16 = 0.000 [0.000,0.194]
  len 14: 0/14 = 0.000 [0.000,0.215]
  written hist {7: 979, 8: 730, 9: 142, 10: 14}
  pruned hist {5: 7, 6: 164, 7: 922, 8: 673, 9: 92, 10: 7}
  frontier written 10 pruned 10
  reasons [("parse: expected line index, got 'LEANPARSE'", 23821), ('rule check failed: IMPE', 21399), ('rule check failed: ANDI', 21392), ('rule check failed: ORI2', 8987), ('rule check failed: NEGE', 8414), ('rule check failed: ORI1', 8245)]
[lean_gate] 73120 samples, parse-fail 16275, distinct checked 50373: both ok 2645, nd-only 0, lean-only 0, both rej 47728; lean 43.1s wall (500.8s proc, 12 workers), nd_verify 2.6s
[la_frozen_seq_s0 r4] transfer (this round, pass@32) SOLVED 226/2285 = 0.099 [0.087,0.112]
  len 7: 37/300 = 0.123 [0.091,0.165]
  len 8: 95/300 = 0.317 [0.267,0.371]
  len 9: 87/1010 = 0.086 [0.070,0.105]
  len 10: 7/451 = 0.016 [0.008,0.032]
  len 11: 0/99 = 0.000 [0.000,0.037]
  len 12: 0/102 = 0.000 [0.000,0.036]
  len 13: 0/13 = 0.000 [0.000,0.228]
  len 14: 0/10 = 0.000 [0.000,0.278]
  written hist {7: 42, 8: 118, 9: 112, 10: 12}
  pruned hist {5: 1, 6: 5, 7: 60, 8: 141, 9: 67, 10: 10}
  frontier written 10 pruned 10
  reasons [("parse: expected line index, got 'LEANPARSE'", 16275), ('rule check failed: ANDI', 13107), ('rule check failed: IMPE', 13105), ('rule check failed: NEGE', 5263), ('rule check failed: ORI1', 4406), ('rule check failed: ORI2', 4272)]
[lean_gate] 2285 samples, parse-fail 411, distinct checked 1874: both ok 111, nd-only 0, lean-only 0, both rej 1763; lean 2.1s wall (9.5s proc, 12 workers), nd_verify 0.1s
[la_frozen_seq_s0 r4] transfer greedy SOLVED 111/2285 = 0.049 [0.040,0.058]
  len 7: 21/300 = 0.070 [0.046,0.105]
  len 8: 53/300 = 0.177 [0.138,0.224]
  len 9: 35/1010 = 0.035 [0.025,0.048]
  len 10: 2/451 = 0.004 [0.001,0.016]
  len 11: 0/99 = 0.000 [0.000,0.037]
  len 12: 0/102 = 0.000 [0.000,0.036]
  len 13: 0/13 = 0.000 [0.000,0.228]
  len 14: 0/10 = 0.000 [0.000,0.278]
  written hist {7: 18, 8: 55, 9: 34, 10: 4}
  pruned hist {6: 3, 7: 19, 8: 58, 9: 28, 10: 3}
  frontier written 9 pruned 9
  reasons [('rule check failed: ANDI', 461), ('rule check failed: IMPE', 431), ("parse: expected line index, got 'LEANPARSE'", 411), ('rule check failed: NEGE', 181), ('rule check failed: ORI1', 143), ('rule check failed: ORI2', 142)]
[lean_gate] 5000 samples, parse-fail 16, distinct checked 4984: both ok 4678, nd-only 0, lean-only 1, both rej 305; lean 3.0s wall (29.5s proc, 12 workers), nd_verify 0.2s
[la_frozen_seq_s0 r4] heldout greedy SOLVED 4678/5000 = 0.936 [0.928,0.942]
  len 2: 1000/1000 = 1.000 [0.996,1.000]
  len 3: 988/1000 = 0.988 [0.979,0.993]
  len 4: 950/1000 = 0.950 [0.935,0.962]
  len 5: 888/1000 = 0.888 [0.867,0.906]
  len 6: 852/1000 = 0.852 [0.829,0.873]
  written hist {2: 1035, 3: 989, 4: 927, 5: 878, 6: 845, 7: 3, 8: 1}
  pruned hist {2: 1037, 3: 988, 4: 928, 5: 878, 6: 843, 7: 3, 8: 1}
  frontier written 6 pruned 6
  reasons [('rule check failed: ANDI', 85), ('rule check failed: IMPE', 59), ('rule check failed: ORI2', 40), ('rule check failed: ORI1', 36), ('rule check failed: NEGE', 24), ('rule check failed: R', 20)]
[la_frozen_seq_s0 r4] targets cumulative: solved 1678/4495 L*=10 ge={7: 1678, 8: 651, 9: 153, 10: 12, 11: 0, 12: 0}
[la_frozen_seq_s0 r4] transfer cumulative: solved 278/2285 L*=10 ge={7: 278, 8: 238, 9: 130, 10: 11, 11: 0, 12: 0}
=== round 4 done in 1770s; new proofs 90; cum targets solved 1678 L*=10; transfer L*=10
[lean_gate] 143840 samples, parse-fail 24284, distinct checked 104126: both ok 20660, nd-only 0, lean-only 5, both rej 83461; lean 150.6s wall (1775.6s proc, 12 workers), nd_verify 12.9s
[la_frozen_seq_s0 r5] targets (this round) SOLVED 1482/4495 = 0.330 [0.316,0.344]
  len 7: 915/1800 = 0.508 [0.485,0.531]
  len 8: 460/1000 = 0.460 [0.429,0.491]
  len 9: 101/1004 = 0.101 [0.083,0.121]
  len 10: 6/456 = 0.013 [0.006,0.028]
  len 11: 0/99 = 0.000 [0.000,0.037]
  len 12: 0/106 = 0.000 [0.000,0.035]
  len 13: 0/16 = 0.000 [0.000,0.194]
  len 14: 0/14 = 0.000 [0.000,0.215]
  written hist {7: 967, 8: 746, 9: 146, 10: 13}
  pruned hist {5: 7, 6: 165, 7: 915, 8: 686, 9: 93, 10: 6}
  frontier written 10 pruned 10
  reasons [("parse: expected line index, got 'LEANPARSE'", 24284), ('rule check failed: IMPE', 21424), ('rule check failed: ANDI', 21135), ('rule check failed: ORI2', 8969), ('rule check failed: NEGE', 8253), ('rule check failed: ORI1', 8125)]
[lean_gate] 73120 samples, parse-fail 16496, distinct checked 49960: both ok 2600, nd-only 0, lean-only 0, both rej 47360; lean 72.4s wall (835.4s proc, 12 workers), nd_verify 6.3s
[la_frozen_seq_s0 r5] transfer (this round, pass@32) SOLVED 219/2285 = 0.096 [0.084,0.109]
  len 7: 35/300 = 0.117 [0.085,0.158]
  len 8: 92/300 = 0.307 [0.257,0.361]
  len 9: 87/1010 = 0.086 [0.070,0.105]
  len 10: 5/451 = 0.011 [0.005,0.026]
  len 11: 0/99 = 0.000 [0.000,0.037]
  len 12: 0/102 = 0.000 [0.000,0.036]
  len 13: 0/13 = 0.000 [0.000,0.228]
  len 14: 0/10 = 0.000 [0.000,0.278]
  written hist {7: 45, 8: 118, 9: 119, 10: 8}
  pruned hist {6: 6, 7: 66, 8: 145, 9: 66, 10: 7}
  frontier written 10 pruned 10
  reasons [("parse: expected line index, got 'LEANPARSE'", 16496), ('rule check failed: IMPE', 13085), ('rule check failed: ANDI', 13040), ('rule check failed: NEGE', 5224), ('rule check failed: ORI1', 4332), ('rule check failed: ORI2', 4238)]
[lean_gate] 2285 samples, parse-fail 411, distinct checked 1874: both ok 111, nd-only 0, lean-only 0, both rej 1763; lean 2.2s wall (9.9s proc, 12 workers), nd_verify 0.1s
[la_frozen_seq_s0 r5] transfer greedy SOLVED 111/2285 = 0.049 [0.040,0.058]
  len 7: 21/300 = 0.070 [0.046,0.105]
  len 8: 53/300 = 0.177 [0.138,0.224]
  len 9: 35/1010 = 0.035 [0.025,0.048]
  len 10: 2/451 = 0.004 [0.001,0.016]
  len 11: 0/99 = 0.000 [0.000,0.037]
  len 12: 0/102 = 0.000 [0.000,0.036]
  len 13: 0/13 = 0.000 [0.000,0.228]
  len 14: 0/10 = 0.000 [0.000,0.278]
  written hist {7: 18, 8: 55, 9: 34, 10: 4}
  pruned hist {6: 3, 7: 19, 8: 58, 9: 28, 10: 3}
  frontier written 9 pruned 9
  reasons [('rule check failed: ANDI', 461), ('rule check failed: IMPE', 431), ("parse: expected line index, got 'LEANPARSE'", 411), ('rule check failed: NEGE', 181), ('rule check failed: ORI1', 143), ('rule check failed: ORI2', 142)]
[lean_gate] 5000 samples, parse-fail 16, distinct checked 4984: both ok 4678, nd-only 0, lean-only 1, both rej 305; lean 3.3s wall (30.0s proc, 12 workers), nd_verify 0.2s
[la_frozen_seq_s0 r5] heldout greedy SOLVED 4678/5000 = 0.936 [0.928,0.942]
  len 2: 1000/1000 = 1.000 [0.996,1.000]
  len 3: 988/1000 = 0.988 [0.979,0.993]
  len 4: 950/1000 = 0.950 [0.935,0.962]
  len 5: 888/1000 = 0.888 [0.867,0.906]
  len 6: 852/1000 = 0.852 [0.829,0.873]
  written hist {2: 1035, 3: 989, 4: 927, 5: 878, 6: 845, 7: 3, 8: 1}
  pruned hist {2: 1037, 3: 988, 4: 928, 5: 878, 6: 843, 7: 3, 8: 1}
  frontier written 6 pruned 6
  reasons [('rule check failed: ANDI', 85), ('rule check failed: IMPE', 59), ('rule check failed: ORI2', 40), ('rule check failed: ORI1', 36), ('rule check failed: NEGE', 24), ('rule check failed: R', 20)]
[la_frozen_seq_s0 r5] targets cumulative: solved 1705/4495 L*=10 ge={7: 1705, 8: 670, 9: 160, 10: 13, 11: 0, 12: 0}
[la_frozen_seq_s0 r5] transfer cumulative: solved 284/2285 L*=10 ge={7: 284, 8: 244, 9: 133, 10: 11, 11: 0, 12: 0}
=== round 5 done in 2091s; new proofs 64; cum targets solved 1705 L*=10; transfer L*=10
[lean_gate] 143840 samples, parse-fail 24007, distinct checked 104251: both ok 20511, nd-only 0, lean-only 3, both rej 83737; lean 129.6s wall (1526.9s proc, 12 workers), nd_verify 15.2s
[la_frozen_seq_s0 r6] targets (this round) SOLVED 1489/4495 = 0.331 [0.318,0.345]
  len 7: 927/1800 = 0.515 [0.492,0.538]
  len 8: 453/1000 = 0.453 [0.422,0.484]
  len 9: 103/1004 = 0.103 [0.085,0.123]
  len 10: 6/456 = 0.013 [0.006,0.028]
  len 11: 0/99 = 0.000 [0.000,0.037]
  len 12: 0/106 = 0.000 [0.000,0.035]
  len 13: 0/16 = 0.000 [0.000,0.194]
  len 14: 0/14 = 0.000 [0.000,0.215]
  written hist {7: 983, 8: 738, 9: 143, 10: 13}
  pruned hist {5: 9, 6: 174, 7: 920, 8: 670, 9: 96, 10: 8}
  frontier written 10 pruned 10
  reasons [("parse: expected line index, got 'LEANPARSE'", 24007), ('rule check failed: ANDI', 21545), ('rule check failed: IMPE', 21374), ('rule check failed: ORI2', 9001), ('rule check failed: NEGE', 8235), ('rule check failed: ORI1', 8160)]
[lean_gate] 73120 samples, parse-fail 16466, distinct checked 50079: both ok 2596, nd-only 0, lean-only 0, both rej 47483; lean 83.6s wall (968.0s proc, 12 workers), nd_verify 7.0s
[la_frozen_seq_s0 r6] transfer (this round, pass@32) SOLVED 232/2285 = 0.102 [0.090,0.115]
  len 7: 37/300 = 0.123 [0.091,0.165]
  len 8: 95/300 = 0.317 [0.267,0.371]
  len 9: 92/1010 = 0.091 [0.075,0.110]
  len 10: 8/451 = 0.018 [0.009,0.035]
  len 11: 0/99 = 0.000 [0.000,0.037]
  len 12: 0/102 = 0.000 [0.000,0.036]
  len 13: 0/13 = 0.000 [0.000,0.228]
  len 14: 0/10 = 0.000 [0.000,0.278]
  written hist {7: 43, 8: 126, 9: 119, 10: 10}
  pruned hist {6: 5, 7: 68, 8: 144, 9: 73, 10: 8}
  frontier written 10 pruned 10
  reasons [("parse: expected line index, got 'LEANPARSE'", 16466), ('rule check failed: ANDI', 13084), ('rule check failed: IMPE', 13011), ('rule check failed: NEGE', 5248), ('rule check failed: ORI1', 4367), ('rule check failed: ORI2', 4234)]
[lean_gate] 2285 samples, parse-fail 411, distinct checked 1874: both ok 111, nd-only 0, lean-only 0, both rej 1763; lean 2.8s wall (13.0s proc, 12 workers), nd_verify 0.1s
[la_frozen_seq_s0 r6] transfer greedy SOLVED 111/2285 = 0.049 [0.040,0.058]
  len 7: 21/300 = 0.070 [0.046,0.105]
  len 8: 53/300 = 0.177 [0.138,0.224]
  len 9: 35/1010 = 0.035 [0.025,0.048]
  len 10: 2/451 = 0.004 [0.001,0.016]
  len 11: 0/99 = 0.000 [0.000,0.037]
  len 12: 0/102 = 0.000 [0.000,0.036]
  len 13: 0/13 = 0.000 [0.000,0.228]
  len 14: 0/10 = 0.000 [0.000,0.278]
  written hist {7: 18, 8: 55, 9: 34, 10: 4}
  pruned hist {6: 3, 7: 19, 8: 58, 9: 28, 10: 3}
  frontier written 9 pruned 9
  reasons [('rule check failed: ANDI', 461), ('rule check failed: IMPE', 431), ("parse: expected line index, got 'LEANPARSE'", 411), ('rule check failed: NEGE', 181), ('rule check failed: ORI1', 143), ('rule check failed: ORI2', 142)]
[lean_gate] 5000 samples, parse-fail 16, distinct checked 4984: both ok 4678, nd-only 0, lean-only 1, both rej 305; lean 4.3s wall (37.9s proc, 12 workers), nd_verify 0.2s
[la_frozen_seq_s0 r6] heldout greedy SOLVED 4678/5000 = 0.936 [0.928,0.942]
  len 2: 1000/1000 = 1.000 [0.996,1.000]
  len 3: 988/1000 = 0.988 [0.979,0.993]
  len 4: 950/1000 = 0.950 [0.935,0.962]
  len 5: 888/1000 = 0.888 [0.867,0.906]
  len 6: 852/1000 = 0.852 [0.829,0.873]
  written hist {2: 1035, 3: 989, 4: 927, 5: 878, 6: 845, 7: 3, 8: 1}
  pruned hist {2: 1037, 3: 988, 4: 928, 5: 878, 6: 843, 7: 3, 8: 1}
  frontier written 6 pruned 6
  reasons [('rule check failed: ANDI', 85), ('rule check failed: IMPE', 59), ('rule check failed: ORI2', 40), ('rule check failed: ORI1', 36), ('rule check failed: NEGE', 24), ('rule check failed: R', 20)]
[la_frozen_seq_s0 r6] targets cumulative: solved 1731/4495 L*=10 ge={7: 1731, 8: 688, 9: 171, 10: 15, 11: 0, 12: 0}
[la_frozen_seq_s0 r6] transfer cumulative: solved 293/2285 L*=10 ge={7: 293, 8: 253, 9: 140, 10: 13, 11: 0, 12: 0}
=== round 6 done in 1818s; new proofs 68; cum targets solved 1731 L*=10; transfer L*=10
[lean_gate] 143840 samples, parse-fail 24069, distinct checked 104084: both ok 20468, nd-only 0, lean-only 6, both rej 83610; lean 138.7s wall (1630.8s proc, 12 workers), nd_verify 11.9s
[la_frozen_seq_s0 r7] targets (this round) SOLVED 1494/4495 = 0.332 [0.319,0.346]
  len 7: 929/1800 = 0.516 [0.493,0.539]
  len 8: 454/1000 = 0.454 [0.423,0.485]
  len 9: 107/1004 = 0.107 [0.089,0.127]
  len 10: 4/456 = 0.009 [0.003,0.022]
  len 11: 0/99 = 0.000 [0.000,0.037]
  len 12: 0/106 = 0.000 [0.000,0.035]
  len 13: 0/16 = 0.000 [0.000,0.194]
  len 14: 0/14 = 0.000 [0.000,0.215]
  written hist {7: 974, 8: 756, 9: 150, 10: 14}
  pruned hist {5: 6, 6: 167, 7: 922, 8: 695, 9: 99, 10: 5}
  frontier written 10 pruned 10
  reasons [("parse: expected line index, got 'LEANPARSE'", 24069), ('rule check failed: ANDI', 21499), ('rule check failed: IMPE', 21369), ('rule check failed: ORI2', 8953), ('rule check failed: ORI1', 8200), ('rule check failed: NEGE', 8170)]
[lean_gate] 73120 samples, parse-fail 16239, distinct checked 50207: both ok 2614, nd-only 0, lean-only 0, both rej 47593; lean 67.2s wall (779.8s proc, 12 workers), nd_verify 6.2s
[la_frozen_seq_s0 r7] transfer (this round, pass@32) SOLVED 222/2285 = 0.097 [0.086,0.110]
  len 7: 36/300 = 0.120 [0.088,0.162]
  len 8: 94/300 = 0.313 [0.263,0.368]
  len 9: 85/1010 = 0.084 [0.069,0.103]
  len 10: 7/451 = 0.016 [0.008,0.032]
  len 11: 0/99 = 0.000 [0.000,0.037]
  len 12: 0/102 = 0.000 [0.000,0.036]
  len 13: 0/13 = 0.000 [0.000,0.228]
  len 14: 0/10 = 0.000 [0.000,0.278]
  written hist {7: 43, 8: 125, 9: 111, 10: 12}
  pruned hist {6: 4, 7: 63, 8: 147, 9: 68, 10: 9}
  frontier written 10 pruned 10
  reasons [("parse: expected line index, got 'LEANPARSE'", 16239), ('rule check failed: IMPE', 13176), ('rule check failed: ANDI', 13146), ('rule check failed: NEGE', 5158), ('rule check failed: ORI1', 4362), ('rule check failed: ORI2', 4238)]
[lean_gate] 2285 samples, parse-fail 411, distinct checked 1874: both ok 111, nd-only 0, lean-only 0, both rej 1763; lean 2.9s wall (10.3s proc, 12 workers), nd_verify 0.1s
[la_frozen_seq_s0 r7] transfer greedy SOLVED 111/2285 = 0.049 [0.040,0.058]
  len 7: 21/300 = 0.070 [0.046,0.105]
  len 8: 53/300 = 0.177 [0.138,0.224]
  len 9: 35/1010 = 0.035 [0.025,0.048]
  len 10: 2/451 = 0.004 [0.001,0.016]
  len 11: 0/99 = 0.000 [0.000,0.037]
  len 12: 0/102 = 0.000 [0.000,0.036]
  len 13: 0/13 = 0.000 [0.000,0.228]
  len 14: 0/10 = 0.000 [0.000,0.278]
  written hist {7: 18, 8: 55, 9: 34, 10: 4}
  pruned hist {6: 3, 7: 19, 8: 58, 9: 28, 10: 3}
  frontier written 9 pruned 9
  reasons [('rule check failed: ANDI', 461), ('rule check failed: IMPE', 431), ("parse: expected line index, got 'LEANPARSE'", 411), ('rule check failed: NEGE', 181), ('rule check failed: ORI1', 143), ('rule check failed: ORI2', 142)]
[lean_gate] 5000 samples, parse-fail 16, distinct checked 4984: both ok 4678, nd-only 0, lean-only 1, both rej 305; lean 3.3s wall (31.6s proc, 12 workers), nd_verify 0.2s
[la_frozen_seq_s0 r7] heldout greedy SOLVED 4678/5000 = 0.936 [0.928,0.942]
  len 2: 1000/1000 = 1.000 [0.996,1.000]
  len 3: 988/1000 = 0.988 [0.979,0.993]
  len 4: 950/1000 = 0.950 [0.935,0.962]
  len 5: 888/1000 = 0.888 [0.867,0.906]
  len 6: 852/1000 = 0.852 [0.829,0.873]
  written hist {2: 1035, 3: 989, 4: 927, 5: 878, 6: 845, 7: 3, 8: 1}
  pruned hist {2: 1037, 3: 988, 4: 928, 5: 878, 6: 843, 7: 3, 8: 1}
  frontier written 6 pruned 6
  reasons [('rule check failed: ANDI', 85), ('rule check failed: IMPE', 59), ('rule check failed: ORI2', 40), ('rule check failed: ORI1', 36), ('rule check failed: NEGE', 24), ('rule check failed: R', 20)]
[la_frozen_seq_s0 r7] targets cumulative: solved 1756/4495 L*=10 ge={7: 1756, 8: 700, 9: 176, 10: 15, 11: 0, 12: 0}
[la_frozen_seq_s0 r7] transfer cumulative: solved 299/2285 L*=10 ge={7: 299, 8: 256, 9: 143, 10: 13, 11: 0, 12: 0}
=== round 7 done in 1807s; new proofs 59; cum targets solved 1756 L*=10; transfer L*=10
[lean_gate] 143840 samples, parse-fail 24086, distinct checked 104235: both ok 20419, nd-only 0, lean-only 5, both rej 83811; lean 107.5s wall (1258.1s proc, 12 workers), nd_verify 10.9s
[la_frozen_seq_s0 r8] targets (this round) SOLVED 1470/4495 = 0.327 [0.313,0.341]
  len 7: 914/1800 = 0.508 [0.485,0.531]
  len 8: 442/1000 = 0.442 [0.411,0.473]
  len 9: 105/1004 = 0.105 [0.087,0.125]
  len 10: 9/456 = 0.020 [0.010,0.037]
  len 11: 0/99 = 0.000 [0.000,0.037]
  len 12: 0/106 = 0.000 [0.000,0.035]
  len 13: 0/16 = 0.000 [0.000,0.194]
  len 14: 0/14 = 0.000 [0.000,0.215]
  written hist {7: 966, 8: 729, 9: 149, 10: 16}
  pruned hist {5: 6, 6: 162, 7: 908, 8: 680, 9: 94, 10: 10}
  frontier written 10 pruned 10
  reasons [("parse: expected line index, got 'LEANPARSE'", 24086), ('rule check failed: IMPE', 21404), ('rule check failed: ANDI', 21389), ('rule check failed: ORI2', 8985), ('rule check failed: NEGE', 8303), ('rule check failed: ORI1', 8181)]
[lean_gate] 73120 samples, parse-fail 16303, distinct checked 50140: both ok 2607, nd-only 0, lean-only 1, both rej 47532; lean 63.5s wall (721.7s proc, 12 workers), nd_verify 5.3s
[la_frozen_seq_s0 r8] transfer (this round, pass@32) SOLVED 228/2285 = 0.100 [0.088,0.113]
  len 7: 35/300 = 0.117 [0.085,0.158]
  len 8: 95/300 = 0.317 [0.267,0.371]
  len 9: 90/1010 = 0.089 [0.073,0.108]
  len 10: 8/451 = 0.018 [0.009,0.035]
  len 11: 0/99 = 0.000 [0.000,0.037]
  len 12: 0/102 = 0.000 [0.000,0.036]
  len 13: 0/13 = 0.000 [0.000,0.228]
  len 14: 0/10 = 0.000 [0.000,0.278]
  written hist {7: 42, 8: 119, 9: 117, 10: 13}
  pruned hist {6: 6, 7: 62, 8: 145, 9: 69, 10: 9}
  frontier written 10 pruned 10
  reasons [("parse: expected line index, got 'LEANPARSE'", 16303), ('rule check failed: ANDI', 13149), ('rule check failed: IMPE', 13067), ('rule check failed: NEGE', 5214), ('rule check failed: ORI1', 4382), ('rule check failed: ORI2', 4294)]
[lean_gate] 2285 samples, parse-fail 411, distinct checked 1874: both ok 111, nd-only 0, lean-only 0, both rej 1763; lean 2.2s wall (10.3s proc, 12 workers), nd_verify 0.1s
[la_frozen_seq_s0 r8] transfer greedy SOLVED 111/2285 = 0.049 [0.040,0.058]
  len 7: 21/300 = 0.070 [0.046,0.105]
  len 8: 53/300 = 0.177 [0.138,0.224]
  len 9: 35/1010 = 0.035 [0.025,0.048]
  len 10: 2/451 = 0.004 [0.001,0.016]
  len 11: 0/99 = 0.000 [0.000,0.037]
  len 12: 0/102 = 0.000 [0.000,0.036]
  len 13: 0/13 = 0.000 [0.000,0.228]
  len 14: 0/10 = 0.000 [0.000,0.278]
  written hist {7: 18, 8: 55, 9: 34, 10: 4}
  pruned hist {6: 3, 7: 19, 8: 58, 9: 28, 10: 3}
  frontier written 9 pruned 9
  reasons [('rule check failed: ANDI', 461), ('rule check failed: IMPE', 431), ("parse: expected line index, got 'LEANPARSE'", 411), ('rule check failed: NEGE', 181), ('rule check failed: ORI1', 143), ('rule check failed: ORI2', 142)]
[lean_gate] 5000 samples, parse-fail 16, distinct checked 4984: both ok 4678, nd-only 0, lean-only 1, both rej 305; lean 3.1s wall (29.3s proc, 12 workers), nd_verify 0.2s
[la_frozen_seq_s0 r8] heldout greedy SOLVED 4678/5000 = 0.936 [0.928,0.942]
  len 2: 1000/1000 = 1.000 [0.996,1.000]
  len 3: 988/1000 = 0.988 [0.979,0.993]
  len 4: 950/1000 = 0.950 [0.935,0.962]
  len 5: 888/1000 = 0.888 [0.867,0.906]
  len 6: 852/1000 = 0.852 [0.829,0.873]
  written hist {2: 1035, 3: 989, 4: 927, 5: 878, 6: 845, 7: 3, 8: 1}
  pruned hist {2: 1037, 3: 988, 4: 928, 5: 878, 6: 843, 7: 3, 8: 1}
  frontier written 6 pruned 6
  reasons [('rule check failed: ANDI', 85), ('rule check failed: IMPE', 59), ('rule check failed: ORI2', 40), ('rule check failed: ORI1', 36), ('rule check failed: NEGE', 24), ('rule check failed: R', 20)]
[la_frozen_seq_s0 r8] targets cumulative: solved 1768/4495 L*=10 ge={7: 1768, 8: 706, 9: 179, 10: 16, 11: 0, 12: 0}
[la_frozen_seq_s0 r8] transfer cumulative: solved 304/2285 L*=10 ge={7: 304, 8: 261, 9: 148, 10: 14, 11: 0, 12: 0}
=== round 8 done in 1750s; new proofs 37; cum targets solved 1768 L*=10; transfer L*=10
END 2026-09-21T07:34:29Z
