START 2026-09-21T03:27:18Z until [ -f ckpts/lf/stage1_full_rand_s0.pt ]; do sleep 30; done; python3 ladder_ei.py --init ckpts/lf/stage1_full_rand_s0.pt --name la_T1_rand_s0 --outdir artifacts/lf --seed 0 --batch 512
[lean_gate] 143840 samples, parse-fail 34642, distinct checked 109185: both ok 16619, nd-only 0, lean-only 1, both rej 92565; lean 82.2s wall (964.0s proc, 12 workers), nd_verify 7.2s
[la_T1_rand_s0 r1] targets (this round) SOLVED 1238/4495 = 0.275 [0.263,0.289]
  len 7: 808/1800 = 0.449 [0.426,0.472]
  len 8: 365/1000 = 0.365 [0.336,0.395]
  len 9: 65/1004 = 0.065 [0.051,0.082]
  len 10: 0/456 = 0.000 [0.000,0.008]
  len 11: 0/99 = 0.000 [0.000,0.037]
  len 12: 0/106 = 0.000 [0.000,0.035]
  len 13: 0/16 = 0.000 [0.000,0.194]
  len 14: 0/14 = 0.000 [0.000,0.215]
  written hist {7: 866, 8: 539, 9: 92, 10: 3}
  pruned hist {5: 14, 6: 141, 7: 776, 8: 511, 9: 58}
  frontier written 9 pruned 9
  reasons [("parse: expected line index, got 'LEANPARSE'", 34642), ('rule check failed: IMPE', 28124), ('rule check failed: ANDI', 16701), ('rule check failed: NEGE', 8585), ('rule check failed: ORI2', 6564), ('final formula is not the conclusion', 6377)]
[lean_gate] 73120 samples, parse-fail 20928, distinct checked 52175: both ok 1653, nd-only 0, lean-only 6, both rej 50516; lean 29.5s wall (341.6s proc, 12 workers), nd_verify 2.1s
[la_T1_rand_s0 r1] transfer (this round, pass@32) SOLVED 167/2285 = 0.073 [0.063,0.084]
  len 7: 33/300 = 0.110 [0.079,0.150]
  len 8: 74/300 = 0.247 [0.201,0.298]
  len 9: 60/1010 = 0.059 [0.046,0.076]
  len 10: 0/451 = 0.000 [0.000,0.008]
  len 11: 0/99 = 0.000 [0.000,0.037]
  len 12: 0/102 = 0.000 [0.000,0.036]
  len 13: 0/13 = 0.000 [0.000,0.228]
  len 14: 0/10 = 0.000 [0.000,0.278]
  written hist {7: 39, 8: 91, 9: 73, 10: 1}
  pruned hist {5: 1, 6: 5, 7: 46, 8: 101, 9: 50, 10: 1}
  frontier written 9 pruned 9
  reasons [("parse: expected line index, got 'LEANPARSE'", 20928), ('rule check failed: IMPE', 16811), ('rule check failed: ANDI', 8963), ('rule check failed: NEGE', 4593), ('final formula is not the conclusion', 3936), ('rule check failed: ORI2', 3270)]
[lean_gate] 2285 samples, parse-fail 580, distinct checked 1705: both ok 25, nd-only 0, lean-only 0, both rej 1680; lean 3.9s wall (16.4s proc, 12 workers), nd_verify 0.1s
[la_T1_rand_s0 r1] transfer greedy SOLVED 25/2285 = 0.011 [0.007,0.016]
  len 7: 14/300 = 0.047 [0.028,0.077]
  len 8: 10/300 = 0.033 [0.018,0.060]
  len 9: 1/1010 = 0.001 [0.000,0.006]
  len 10: 0/451 = 0.000 [0.000,0.008]
  len 11: 0/99 = 0.000 [0.000,0.037]
  len 12: 0/102 = 0.000 [0.000,0.036]
  len 13: 0/13 = 0.000 [0.000,0.228]
  len 14: 0/10 = 0.000 [0.000,0.278]
  written hist {7: 14, 8: 9, 9: 2}
  pruned hist {6: 1, 7: 15, 8: 8, 9: 1}
  frontier written 8 pruned 8
  reasons [("parse: expected line index, got 'LEANPARSE'", 580), ('rule check failed: IMPE', 500), ('rule check failed: ANDI', 341), ('rule check failed: NEGE', 172), ('rule check failed: ORI2', 119), ('final formula is not the conclusion', 114)]
[lean_gate] 5000 samples, parse-fail 38, distinct checked 4962: both ok 4149, nd-only 0, lean-only 0, both rej 813; lean 2.2s wall (22.0s proc, 12 workers), nd_verify 0.2s
[la_T1_rand_s0 r1] heldout greedy SOLVED 4149/5000 = 0.830 [0.819,0.840]
  len 2: 999/1000 = 0.999 [0.994,1.000]
  len 3: 979/1000 = 0.979 [0.968,0.986]
  len 4: 864/1000 = 0.864 [0.841,0.884]
  len 5: 645/1000 = 0.645 [0.615,0.674]
  len 6: 662/1000 = 0.662 [0.632,0.691]
  written hist {2: 1034, 3: 977, 4: 858, 5: 643, 6: 633, 7: 2, 8: 2}
  pruned hist {2: 1035, 3: 981, 4: 860, 5: 641, 6: 628, 7: 2, 8: 2}
  frontier written 6 pruned 6
  reasons [('rule check failed: ANDI', 209), ('rule check failed: NEGE', 174), ('rule check failed: IMPE', 170), ('rule check failed: ORI2', 54), ('rule check failed: R', 54), ('rule check failed: ORI1', 54)]
[la_T1_rand_s0 r1] targets cumulative: solved 1238/4495 L*=9 ge={7: 1238, 8: 430, 9: 65, 10: 0, 11: 0, 12: 0}
[la_T1_rand_s0 r1] transfer cumulative: solved 167/2285 L*=9 ge={7: 167, 8: 134, 9: 60, 10: 0, 11: 0, 12: 0}
python3 train.py --data artifacts/lf/la_T1_rand_s0/mix_1.jsonl --init ckpts/lf/stage1_full_rand_s0.pt --steps 600 --lr 0.0003 --min_lr 2.9999999999999997e-05 --warmup 50 --cap 0 --out ckpts/ladder/la_T1_rand_s0_r1.pt --seed 1 --log_every 200
params 3214336 mode lean_rand shift True
train records 25980 max len 537
step 200 loss 0.2069 lr 2.53e-04 25s
step 400 loss 0.2032 lr 1.09e-04 50s
step 600 loss 0.2117 lr 3.00e-05 73s
saved ckpts/ladder/la_T1_rand_s0_r1.pt
=== round 1 done in 1640s; new proofs 1500; cum targets solved 1238 L*=9; transfer L*=9
[lean_gate] 143840 samples, parse-fail 17876, distinct checked 125952: both ok 39932, nd-only 0, lean-only 0, both rej 86020; lean 128.1s wall (1514.5s proc, 12 workers), nd_verify 6.8s
[la_T1_rand_s0 r2] targets (this round) SOLVED 1692/4495 = 0.376 [0.362,0.391]
  len 7: 997/1800 = 0.554 [0.531,0.577]
  len 8: 515/1000 = 0.515 [0.484,0.546]
  len 9: 176/1004 = 0.175 [0.153,0.200]
  len 10: 4/456 = 0.009 [0.003,0.022]
  len 11: 0/99 = 0.000 [0.000,0.037]
  len 12: 0/106 = 0.000 [0.000,0.035]
  len 13: 0/16 = 0.000 [0.000,0.194]
  len 14: 0/14 = 0.000 [0.000,0.215]
  written hist {7: 1082, 8: 806, 9: 263, 10: 17, 11: 1}
  pruned hist {5: 26, 6: 197, 7: 998, 8: 765, 9: 178, 10: 5}
  frontier written 10 pruned 10
  reasons [('rule check failed: IMPE', 22175), ('rule check failed: ANDI', 21754), ("parse: expected line index, got 'LEANPARSE'", 17876), ('rule check failed: ORI2', 8100), ('rule check failed: ORI1', 6143), ('rule check failed: NEGE', 5810)]
[lean_gate] 73120 samples, parse-fail 12432, distinct checked 60679: both ok 5247, nd-only 0, lean-only 1, both rej 55431; lean 47.6s wall (539.9s proc, 12 workers), nd_verify 3.9s
[la_T1_rand_s0 r2] transfer (this round, pass@32) SOLVED 287/2285 = 0.126 [0.113,0.140]
  len 7: 37/300 = 0.123 [0.091,0.165]
  len 8: 101/300 = 0.337 [0.286,0.392]
  len 9: 147/1010 = 0.146 [0.125,0.169]
  len 10: 2/451 = 0.004 [0.001,0.016]
  len 11: 0/99 = 0.000 [0.000,0.037]
  len 12: 0/102 = 0.000 [0.000,0.036]
  len 13: 0/13 = 0.000 [0.000,0.228]
  len 14: 0/10 = 0.000 [0.000,0.278]
  written hist {7: 38, 8: 127, 9: 189, 10: 11, 11: 2}
  pruned hist {6: 7, 7: 63, 8: 165, 9: 128, 10: 3, 11: 1}
  frontier written 10 pruned 9
  reasons [('rule check failed: IMPE', 14660), ('rule check failed: ANDI', 14252), ("parse: expected line index, got 'LEANPARSE'", 12432), ('rule check failed: ORI2', 4914), ('rule check failed: ANDE2', 3979), ('rule check failed: NEGE', 3518)]
[lean_gate] 2285 samples, parse-fail 325, distinct checked 1960: both ok 160, nd-only 0, lean-only 0, both rej 1800; lean 2.5s wall (11.1s proc, 12 workers), nd_verify 0.1s
[la_T1_rand_s0 r2] transfer greedy SOLVED 160/2285 = 0.070 [0.060,0.081]
  len 7: 24/300 = 0.080 [0.054,0.116]
  len 8: 69/300 = 0.230 [0.186,0.281]
  len 9: 67/1010 = 0.066 [0.053,0.083]
  len 10: 0/451 = 0.000 [0.000,0.008]
  len 11: 0/99 = 0.000 [0.000,0.037]
  len 12: 0/102 = 0.000 [0.000,0.036]
  len 13: 0/13 = 0.000 [0.000,0.228]
  len 14: 0/10 = 0.000 [0.000,0.278]
  written hist {7: 21, 8: 70, 9: 67, 10: 2}
  pruned hist {6: 1, 7: 28, 8: 79, 9: 51, 10: 1}
  frontier written 9 pruned 9
  reasons [('rule check failed: IMPE', 473), ('rule check failed: ANDI', 472), ("parse: expected line index, got 'LEANPARSE'", 325), ('rule check failed: ORI2', 164), ('rule check failed: ANDE2', 144), ('rule check failed: ORI1', 118)]
[lean_gate] 5000 samples, parse-fail 50, distinct checked 4950: both ok 4518, nd-only 0, lean-only 0, both rej 432; lean 3.0s wall (26.0s proc, 12 workers), nd_verify 0.2s
[la_T1_rand_s0 r2] heldout greedy SOLVED 4518/5000 = 0.904 [0.895,0.911]
  len 2: 995/1000 = 0.995 [0.988,0.998]
  len 3: 973/1000 = 0.973 [0.961,0.981]
  len 4: 924/1000 = 0.924 [0.906,0.939]
  len 5: 833/1000 = 0.833 [0.809,0.855]
  len 6: 793/1000 = 0.793 [0.767,0.817]
  written hist {2: 1030, 3: 967, 4: 909, 5: 831, 6: 775, 7: 4, 8: 2}
  pruned hist {2: 1032, 3: 966, 4: 914, 5: 830, 6: 771, 7: 3, 8: 2}
  frontier written 6 pruned 6
  reasons [('rule check failed: ANDI', 137), ('rule check failed: IMPE', 79), ("parse: expected line index, got 'LEANPARSE'", 50), ('rule check failed: ORI2', 45), ('rule check failed: ORI1', 41), ('rule check failed: NEGE', 29)]
[la_T1_rand_s0 r2] targets cumulative: solved 1693/4495 L*=9 ge={7: 1693, 8: 695, 9: 180, 10: 4, 11: 0, 12: 0}
[la_T1_rand_s0 r2] transfer cumulative: solved 296/2285 L*=9 ge={7: 296, 8: 256, 9: 154, 10: 2, 11: 0, 12: 0}
python3 train.py --data artifacts/lf/la_T1_rand_s0/mix_2.jsonl --init ckpts/ladder/la_T1_rand_s0_r1.pt --steps 600 --lr 0.0003 --min_lr 2.9999999999999997e-05 --warmup 50 --cap 0 --out ckpts/ladder/la_T1_rand_s0_r2.pt --seed 2 --log_every 200
params 3214336 mode lean_rand shift True
train records 28596 max len 507
step 200 loss 0.1922 lr 2.53e-04 24s
step 400 loss 0.2005 lr 1.09e-04 49s
step 600 loss 0.1943 lr 3.00e-05 75s
saved ckpts/ladder/la_T1_rand_s0_r2.pt
=== round 2 done in 1745s; new proofs 679; cum targets solved 1693 L*=9; transfer L*=9
[lean_gate] 143840 samples, parse-fail 14557, distinct checked 129269: both ok 48421, nd-only 0, lean-only 0, both rej 80848; lean 132.0s wall (1572.3s proc, 12 workers), nd_verify 6.7s
[la_T1_rand_s0 r3] targets (this round) SOLVED 1853/4495 = 0.412 [0.398,0.427]
  len 7: 1055/1800 = 0.586 [0.563,0.609]
  len 8: 560/1000 = 0.560 [0.529,0.590]
  len 9: 227/1004 = 0.226 [0.201,0.253]
  len 10: 10/456 = 0.022 [0.012,0.040]
  len 11: 1/99 = 0.010 [0.002,0.055]
  len 12: 0/106 = 0.000 [0.000,0.035]
  len 13: 0/16 = 0.000 [0.000,0.194]
  len 14: 0/14 = 0.000 [0.000,0.215]
  written hist {7: 1151, 8: 892, 9: 374, 10: 38, 11: 7, 12: 1}
  pruned hist {5: 33, 6: 216, 7: 1084, 8: 851, 9: 258, 10: 16, 11: 5}
  frontier written 11 pruned 11
  reasons [('rule check failed: ANDI', 21822), ('rule check failed: IMPE', 19785), ("parse: expected line index, got 'LEANPARSE'", 14557), ('rule check failed: ORI2', 7666), ('rule check failed: NEGE', 6378), ('rule check failed: ORI1', 5495)]
[lean_gate] 73120 samples, parse-fail 10778, distinct checked 62336: both ok 7017, nd-only 0, lean-only 0, both rej 55319; lean 69.0s wall (812.1s proc, 12 workers), nd_verify 3.0s
[la_T1_rand_s0 r3] transfer (this round, pass@32) SOLVED 354/2285 = 0.155 [0.141,0.170]
  len 7: 44/300 = 0.147 [0.111,0.191]
  len 8: 110/300 = 0.367 [0.314,0.423]
  len 9: 193/1010 = 0.191 [0.168,0.216]
  len 10: 7/451 = 0.016 [0.008,0.032]
  len 11: 0/99 = 0.000 [0.000,0.037]
  len 12: 0/102 = 0.000 [0.000,0.036]
  len 13: 0/13 = 0.000 [0.000,0.228]
  len 14: 0/10 = 0.000 [0.000,0.278]
  written hist {7: 45, 8: 143, 9: 270, 10: 26, 11: 1}
  pruned hist {6: 7, 7: 76, 8: 198, 9: 197, 10: 7}
  frontier written 10 pruned 10
  reasons [('rule check failed: ANDI', 14928), ('rule check failed: IMPE', 14386), ("parse: expected line index, got 'LEANPARSE'", 10778), ('rule check failed: ORI2', 4684), ('rule check failed: NEGE', 4005), ('rule check failed: ORI1', 3624)]
[lean_gate] 2285 samples, parse-fail 270, distinct checked 2015: both ok 221, nd-only 0, lean-only 0, both rej 1794; lean 2.3s wall (11.6s proc, 12 workers), nd_verify 0.1s
[la_T1_rand_s0 r3] transfer greedy SOLVED 221/2285 = 0.097 [0.085,0.110]
  len 7: 30/300 = 0.100 [0.071,0.139]
  len 8: 88/300 = 0.293 [0.245,0.347]
  len 9: 101/1010 = 0.100 [0.083,0.120]
  len 10: 2/451 = 0.004 [0.001,0.016]
  len 11: 0/99 = 0.000 [0.000,0.037]
  len 12: 0/102 = 0.000 [0.000,0.036]
  len 13: 0/13 = 0.000 [0.000,0.228]
  len 14: 0/10 = 0.000 [0.000,0.278]
  written hist {7: 24, 8: 86, 9: 106, 10: 5}
  pruned hist {6: 4, 7: 28, 8: 102, 9: 84, 10: 3}
  frontier written 10 pruned 9
  reasons [('rule check failed: ANDI', 507), ('rule check failed: IMPE', 461), ("parse: expected line index, got 'LEANPARSE'", 270), ('rule check failed: ORI2', 152), ('rule check failed: NEGE', 134), ('rule check failed: ORI1', 116)]
[lean_gate] 5000 samples, parse-fail 47, distinct checked 4953: both ok 4497, nd-only 0, lean-only 0, both rej 456; lean 2.9s wall (25.8s proc, 12 workers), nd_verify 0.2s
[la_T1_rand_s0 r3] heldout greedy SOLVED 4497/5000 = 0.899 [0.891,0.907]
  len 2: 995/1000 = 0.995 [0.988,0.998]
  len 3: 982/1000 = 0.982 [0.972,0.989]
  len 4: 914/1000 = 0.914 [0.895,0.930]
  len 5: 808/1000 = 0.808 [0.782,0.831]
  len 6: 798/1000 = 0.798 [0.772,0.822]
  written hist {2: 1034, 3: 972, 4: 906, 5: 794, 6: 783, 7: 5, 8: 3}
  pruned hist {2: 1037, 3: 977, 4: 905, 5: 792, 6: 778, 7: 5, 8: 3}
  frontier written 7 pruned 7
  reasons [('rule check failed: ANDI', 122), ('rule check failed: IMPE', 111), ("parse: expected line index, got 'LEANPARSE'", 47), ('rule check failed: ORI2', 45), ('rule check failed: R', 36), ('rule check failed: NEGE', 34)]
[la_T1_rand_s0 r3] targets cumulative: solved 1855/4495 L*=10 ge={7: 1855, 8: 798, 9: 238, 10: 11, 11: 1, 12: 0}
[la_T1_rand_s0 r3] transfer cumulative: solved 373/2285 L*=10 ge={7: 373, 8: 326, 9: 215, 10: 8, 11: 0, 12: 0}
python3 train.py --data artifacts/lf/la_T1_rand_s0/mix_3.jsonl --init ckpts/ladder/la_T1_rand_s0_r2.pt --steps 600 --lr 0.0003 --min_lr 2.9999999999999997e-05 --warmup 50 --cap 0 --out ckpts/ladder/la_T1_rand_s0_r3.pt --seed 3 --log_every 200
params 3214336 mode lean_rand shift True
train records 29756 max len 477
step 200 loss 0.2074 lr 2.53e-04 26s
step 400 loss 0.2153 lr 1.09e-04 52s
step 600 loss 0.1937 lr 3.00e-05 79s
saved ckpts/ladder/la_T1_rand_s0_r3.pt
=== round 3 done in 1771s; new proofs 311; cum targets solved 1855 L*=10; transfer L*=10
[lean_gate] 143840 samples, parse-fail 13793, distinct checked 130033: both ok 53359, nd-only 0, lean-only 1, both rej 76673; lean 130.1s wall (1540.5s proc, 12 workers), nd_verify 6.8s
[la_T1_rand_s0 r4] targets (this round) SOLVED 1978/4495 = 0.440 [0.426,0.455]
  len 7: 1103/1800 = 0.613 [0.590,0.635]
  len 8: 590/1000 = 0.590 [0.559,0.620]
  len 9: 270/1004 = 0.269 [0.242,0.297]
  len 10: 14/456 = 0.031 [0.018,0.051]
  len 11: 1/99 = 0.010 [0.002,0.055]
  len 12: 0/106 = 0.000 [0.000,0.035]
  len 13: 0/16 = 0.000 [0.000,0.194]
  len 14: 0/14 = 0.000 [0.000,0.215]
  written hist {7: 1209, 8: 948, 9: 485, 10: 53, 11: 7, 12: 3}
  pruned hist {5: 41, 6: 238, 7: 1145, 8: 910, 9: 340, 10: 24, 11: 6, 12: 1}
  frontier written 11 pruned 11
  reasons [('rule check failed: ANDI', 20239), ('rule check failed: IMPE', 18376), ("parse: expected line index, got 'LEANPARSE'", 13793), ('rule check failed: ORI2', 7940), ('rule check failed: NEGE', 7204), ('rule check failed: ORI1', 4883)]
[lean_gate] 73120 samples, parse-fail 10782, distinct checked 62331: both ok 7874, nd-only 0, lean-only 0, both rej 54457; lean 67.4s wall (790.0s proc, 12 workers), nd_verify 3.0s
[la_T1_rand_s0 r4] transfer (this round, pass@32) SOLVED 392/2285 = 0.172 [0.157,0.188]
  len 7: 42/300 = 0.140 [0.105,0.184]
  len 8: 112/300 = 0.373 [0.321,0.429]
  len 9: 220/1010 = 0.218 [0.193,0.244]
  len 10: 18/451 = 0.040 [0.025,0.062]
  len 11: 0/99 = 0.000 [0.000,0.037]
  len 12: 0/102 = 0.000 [0.000,0.036]
  len 13: 0/13 = 0.000 [0.000,0.228]
  len 14: 0/10 = 0.000 [0.000,0.278]
  written hist {7: 47, 8: 140, 9: 306, 10: 52, 11: 5}
  pruned hist {5: 1, 6: 7, 7: 78, 8: 206, 9: 236, 10: 22}
  frontier written 11 pruned 10
  reasons [('rule check failed: ANDI', 14389), ('rule check failed: IMPE', 14278), ("parse: expected line index, got 'LEANPARSE'", 10782), ('rule check failed: ORI2', 5083), ('rule check failed: NEGE', 4830), ('rule check failed: ANDE2', 3335)]
[lean_gate] 2285 samples, parse-fail 281, distinct checked 2004: both ok 267, nd-only 0, lean-only 0, both rej 1737; lean 2.0s wall (9.6s proc, 12 workers), nd_verify 0.1s
[la_T1_rand_s0 r4] transfer greedy SOLVED 267/2285 = 0.117 [0.104,0.131]
  len 7: 33/300 = 0.110 [0.079,0.150]
  len 8: 99/300 = 0.330 [0.279,0.385]
  len 9: 131/1010 = 0.130 [0.110,0.152]
  len 10: 4/451 = 0.009 [0.003,0.023]
  len 11: 0/99 = 0.000 [0.000,0.037]
  len 12: 0/102 = 0.000 [0.000,0.036]
  len 13: 0/13 = 0.000 [0.000,0.228]
  len 14: 0/10 = 0.000 [0.000,0.278]
  written hist {7: 24, 8: 98, 9: 134, 10: 11}
  pruned hist {6: 4, 7: 33, 8: 117, 9: 107, 10: 6}
  frontier written 10 pruned 10
  reasons [('rule check failed: ANDI', 479), ('rule check failed: IMPE', 441), ("parse: expected line index, got 'LEANPARSE'", 281), ('rule check failed: ORI2', 171), ('rule check failed: NEGE', 158), ('rule check failed: ANDE2', 110)]
[lean_gate] 5000 samples, parse-fail 61, distinct checked 4939: both ok 4577, nd-only 0, lean-only 0, both rej 362; lean 3.0s wall (26.3s proc, 12 workers), nd_verify 0.2s
[la_T1_rand_s0 r4] heldout greedy SOLVED 4577/5000 = 0.915 [0.907,0.923]
  len 2: 996/1000 = 0.996 [0.990,0.998]
  len 3: 976/1000 = 0.976 [0.965,0.984]
  len 4: 933/1000 = 0.933 [0.916,0.947]
  len 5: 854/1000 = 0.854 [0.831,0.875]
  len 6: 818/1000 = 0.818 [0.793,0.841]
  written hist {2: 1031, 3: 969, 4: 916, 5: 840, 6: 813, 7: 5, 8: 3}
  pruned hist {2: 1034, 3: 971, 4: 914, 5: 839, 6: 811, 7: 5, 8: 3}
  frontier written 7 pruned 7
  reasons [('rule check failed: ANDI', 105), ('rule check failed: IMPE', 66), ("parse: expected line index, got 'LEANPARSE'", 61), ('rule check failed: ORI2', 46), ('rule check failed: NEGE', 27), ('rule check failed: ORI1', 24)]
[la_T1_rand_s0 r4] targets cumulative: solved 1979/4495 L*=10 ge={7: 1979, 8: 875, 9: 285, 10: 15, 11: 1, 12: 0}
[la_T1_rand_s0 r4] transfer cumulative: solved 424/2285 L*=10 ge={7: 424, 8: 374, 9: 259, 10: 19, 11: 0, 12: 0}
python3 train.py --data artifacts/lf/la_T1_rand_s0/mix_4.jsonl --init ckpts/ladder/la_T1_rand_s0_r3.pt --steps 600 --lr 0.0003 --min_lr 2.9999999999999997e-05 --warmup 50 --cap 0 --out ckpts/ladder/la_T1_rand_s0_r4.pt --seed 4 --log_every 200
params 3214336 mode lean_rand shift True
train records 30688 max len 537
step 200 loss 0.2004 lr 2.53e-04 26s
step 400 loss 0.2058 lr 1.09e-04 53s
step 600 loss 0.1980 lr 3.00e-05 79s
saved ckpts/ladder/la_T1_rand_s0_r4.pt
=== round 4 done in 1744s; new proofs 260; cum targets solved 1979 L*=10; transfer L*=10
[lean_gate] 143840 samples, parse-fail 12763, distinct checked 131069: both ok 57386, nd-only 0, lean-only 0, both rej 73683; lean 113.0s wall (1344.9s proc, 12 workers), nd_verify 6.7s
[la_T1_rand_s0 r5] targets (this round) SOLVED 2067/4495 = 0.460 [0.445,0.474]
  len 7: 1144/1800 = 0.636 [0.613,0.657]
  len 8: 606/1000 = 0.606 [0.575,0.636]
  len 9: 294/1004 = 0.293 [0.266,0.322]
  len 10: 22/456 = 0.048 [0.032,0.072]
  len 11: 1/99 = 0.010 [0.002,0.055]
  len 12: 0/106 = 0.000 [0.000,0.035]
  len 13: 0/16 = 0.000 [0.000,0.194]
  len 14: 0/14 = 0.000 [0.000,0.215]
  written hist {7: 1265, 8: 1005, 9: 541, 10: 77, 11: 7, 12: 4}
  pruned hist {5: 53, 6: 254, 7: 1203, 8: 957, 9: 385, 10: 39, 11: 7, 12: 1}
  frontier written 11 pruned 11
  reasons [('rule check failed: ANDI', 19224), ('rule check failed: IMPE', 17337), ("parse: expected line index, got 'LEANPARSE'", 12763), ('rule check failed: ORI2', 7427), ('rule check failed: NEGE', 6881), ('rule check failed: ORI1', 4817)]
[lean_gate] 73120 samples, parse-fail 9793, distinct checked 63312: both ok 8441, nd-only 0, lean-only 0, both rej 54871; lean 40.7s wall (472.6s proc, 12 workers), nd_verify 3.3s
[la_T1_rand_s0 r5] transfer (this round, pass@32) SOLVED 413/2285 = 0.181 [0.166,0.197]
  len 7: 42/300 = 0.140 [0.105,0.184]
  len 8: 115/300 = 0.383 [0.330,0.439]
  len 9: 232/1010 = 0.230 [0.205,0.257]
  len 10: 23/451 = 0.051 [0.034,0.075]
  len 11: 1/99 = 0.010 [0.002,0.055]
  len 12: 0/102 = 0.000 [0.000,0.036]
  len 13: 0/13 = 0.000 [0.000,0.228]
  len 14: 0/10 = 0.000 [0.000,0.278]
  written hist {7: 44, 8: 148, 9: 328, 10: 55, 11: 8, 12: 1}
  pruned hist {5: 2, 6: 8, 7: 80, 8: 213, 9: 253, 10: 25, 11: 3}
  frontier written 11 pruned 10
  reasons [('rule check failed: ANDI', 14454), ('rule check failed: IMPE', 14236), ("parse: expected line index, got 'LEANPARSE'", 9793), ('rule check failed: NEGE', 5095), ('rule check failed: ORI2', 5007), ('rule check failed: ANDE2', 3042)]
[lean_gate] 2285 samples, parse-fail 248, distinct checked 2037: both ok 275, nd-only 0, lean-only 0, both rej 1762; lean 1.9s wall (9.7s proc, 12 workers), nd_verify 0.1s
[la_T1_rand_s0 r5] transfer greedy SOLVED 275/2285 = 0.120 [0.108,0.134]
  len 7: 31/300 = 0.103 [0.074,0.143]
  len 8: 96/300 = 0.320 [0.270,0.375]
  len 9: 142/1010 = 0.141 [0.121,0.163]
  len 10: 6/451 = 0.013 [0.006,0.029]
  len 11: 0/99 = 0.000 [0.000,0.037]
  len 12: 0/102 = 0.000 [0.000,0.036]
  len 13: 0/13 = 0.000 [0.000,0.228]
  len 14: 0/10 = 0.000 [0.000,0.278]
  written hist {7: 24, 8: 93, 9: 146, 10: 12}
  pruned hist {6: 4, 7: 29, 8: 115, 9: 121, 10: 6}
  frontier written 10 pruned 10
  reasons [('rule check failed: ANDI', 468), ('rule check failed: IMPE', 444), ("parse: expected line index, got 'LEANPARSE'", 248), ('rule check failed: NEGE', 169), ('rule check failed: ORI2', 158), ('rule check failed: ANDE2', 117)]
[lean_gate] 5000 samples, parse-fail 48, distinct checked 4952: both ok 4582, nd-only 0, lean-only 0, both rej 370; lean 2.5s wall (23.1s proc, 12 workers), nd_verify 0.2s
[la_T1_rand_s0 r5] heldout greedy SOLVED 4582/5000 = 0.916 [0.908,0.924]
  len 2: 997/1000 = 0.997 [0.991,0.999]
  len 3: 980/1000 = 0.980 [0.969,0.987]
  len 4: 936/1000 = 0.936 [0.919,0.950]
  len 5: 848/1000 = 0.848 [0.824,0.869]
  len 6: 821/1000 = 0.821 [0.796,0.844]
  written hist {2: 1028, 3: 974, 4: 921, 5: 837, 6: 818, 7: 2, 8: 2}
  pruned hist {2: 1030, 3: 976, 4: 923, 5: 838, 6: 811, 7: 2, 8: 2}
  frontier written 6 pruned 6
  reasons [('rule check failed: ANDI', 109), ('rule check failed: IMPE', 99), ("parse: expected line index, got 'LEANPARSE'", 48), ('rule check failed: ORI2', 34), ('rule check failed: R', 27), ('rule check failed: ORI1', 25)]
[la_T1_rand_s0 r5] targets cumulative: solved 2068/4495 L*=10 ge={7: 2068, 8: 924, 9: 318, 10: 23, 11: 1, 12: 0}
[la_T1_rand_s0 r5] transfer cumulative: solved 455/2285 L*=10 ge={7: 455, 8: 404, 9: 284, 10: 28, 11: 1, 12: 0}
python3 train.py --data artifacts/lf/la_T1_rand_s0/mix_5.jsonl --init ckpts/ladder/la_T1_rand_s0_r4.pt --steps 600 --lr 0.0003 --min_lr 2.9999999999999997e-05 --warmup 50 --cap 0 --out ckpts/ladder/la_T1_rand_s0_r5.pt --seed 5 --log_every 200
params 3214336 mode lean_rand shift True
train records 31356 max len 453
step 200 loss 0.2054 lr 2.53e-04 25s
step 400 loss 0.1953 lr 1.09e-04 54s
step 600 loss 0.2054 lr 3.00e-05 81s
saved ckpts/ladder/la_T1_rand_s0_r5.pt
=== round 5 done in 1696s; new proofs 192; cum targets solved 2068 L*=10; transfer L*=10
[lean_gate] 143840 samples, parse-fail 12704, distinct checked 131122: both ok 60023, nd-only 0, lean-only 0, both rej 71099; lean 78.3s wall (930.8s proc, 12 workers), nd_verify 6.6s
[la_T1_rand_s0 r6] targets (this round) SOLVED 2153/4495 = 0.479 [0.464,0.494]
  len 7: 1185/1800 = 0.658 [0.636,0.680]
  len 8: 622/1000 = 0.622 [0.592,0.652]
  len 9: 315/1004 = 0.314 [0.286,0.343]
  len 10: 30/456 = 0.066 [0.046,0.092]
  len 11: 1/99 = 0.010 [0.002,0.055]
  len 12: 0/106 = 0.000 [0.000,0.035]
  len 13: 0/16 = 0.000 [0.000,0.194]
  len 14: 0/14 = 0.000 [0.000,0.215]
  written hist {7: 1303, 8: 1046, 9: 614, 10: 102, 11: 8, 12: 5}
  pruned hist {5: 54, 6: 275, 7: 1245, 8: 1011, 9: 433, 10: 51, 11: 7, 12: 2}
  frontier written 12 pruned 11
  reasons [('rule check failed: ANDI', 18078), ('rule check failed: IMPE', 17656), ("parse: expected line index, got 'LEANPARSE'", 12704), ('rule check failed: ORI2', 6925), ('rule check failed: NEGE', 6643), ('rule check failed: ORI1', 4247)]
[lean_gate] 73120 samples, parse-fail 10188, distinct checked 62920: both ok 9186, nd-only 0, lean-only 0, both rej 53734; lean 40.2s wall (467.6s proc, 12 workers), nd_verify 3.1s
[la_T1_rand_s0 r6] transfer (this round, pass@32) SOLVED 452/2285 = 0.198 [0.182,0.215]
  len 7: 44/300 = 0.147 [0.111,0.191]
  len 8: 116/300 = 0.387 [0.333,0.443]
  len 9: 266/1010 = 0.263 [0.237,0.291]
  len 10: 25/451 = 0.055 [0.038,0.081]
  len 11: 1/99 = 0.010 [0.002,0.055]
  len 12: 0/102 = 0.000 [0.000,0.036]
  len 13: 0/13 = 0.000 [0.000,0.228]
  len 14: 0/10 = 0.000 [0.000,0.278]
  written hist {7: 46, 8: 159, 9: 393, 10: 77, 11: 4, 12: 1, 13: 2}
  pruned hist {5: 1, 6: 13, 7: 86, 8: 233, 9: 313, 10: 34, 11: 2}
  frontier written 10 pruned 10
  reasons [('rule check failed: IMPE', 14957), ('rule check failed: ANDI', 13628), ("parse: expected line index, got 'LEANPARSE'", 10188), ('rule check failed: NEGE', 4702), ('rule check failed: ORI2', 4631), ('rule check failed: R', 2761)]
[lean_gate] 2285 samples, parse-fail 300, distinct checked 1985: both ok 260, nd-only 0, lean-only 0, both rej 1725; lean 2.2s wall (10.7s proc, 12 workers), nd_verify 0.1s
[la_T1_rand_s0 r6] transfer greedy SOLVED 260/2285 = 0.114 [0.101,0.127]
  len 7: 29/300 = 0.097 [0.068,0.135]
  len 8: 80/300 = 0.267 [0.220,0.319]
  len 9: 145/1010 = 0.144 [0.123,0.167]
  len 10: 6/451 = 0.013 [0.006,0.029]
  len 11: 0/99 = 0.000 [0.000,0.037]
  len 12: 0/102 = 0.000 [0.000,0.036]
  len 13: 0/13 = 0.000 [0.000,0.228]
  len 14: 0/10 = 0.000 [0.000,0.278]
  written hist {7: 22, 8: 81, 9: 142, 10: 14, 11: 1}
  pruned hist {5: 1, 6: 4, 7: 32, 8: 107, 9: 106, 10: 10}
  frontier written 10 pruned 10
  reasons [('rule check failed: ANDI', 463), ('rule check failed: IMPE', 446), ("parse: expected line index, got 'LEANPARSE'", 300), ('rule check failed: NEGE', 159), ('rule check failed: ORI2', 157), ('rule check failed: ORI1', 101)]
[lean_gate] 5000 samples, parse-fail 84, distinct checked 4916: both ok 4540, nd-only 0, lean-only 0, both rej 376; lean 2.4s wall (24.7s proc, 12 workers), nd_verify 0.2s
[la_T1_rand_s0 r6] heldout greedy SOLVED 4540/5000 = 0.908 [0.900,0.916]
  len 2: 997/1000 = 0.997 [0.991,0.999]
  len 3: 978/1000 = 0.978 [0.967,0.985]
  len 4: 918/1000 = 0.918 [0.899,0.933]
  len 5: 836/1000 = 0.836 [0.812,0.858]
  len 6: 811/1000 = 0.811 [0.786,0.834]
  written hist {2: 1030, 3: 967, 4: 913, 5: 829, 6: 798, 7: 1, 8: 2}
  pruned hist {2: 1032, 3: 971, 4: 912, 5: 832, 6: 791, 8: 2}
  frontier written 6 pruned 6
  reasons [('rule check failed: ANDI', 114), ("parse: expected line index, got 'LEANPARSE'", 84), ('rule check failed: IMPE', 76), ('rule check failed: ORI2', 42), ('rule check failed: R', 28), ('rule check failed: NEGE', 25)]
[la_T1_rand_s0 r6] targets cumulative: solved 2153/4495 L*=10 ge={7: 2153, 8: 968, 9: 346, 10: 31, 11: 1, 12: 0}
[la_T1_rand_s0 r6] transfer cumulative: solved 495/2285 L*=10 ge={7: 495, 8: 444, 9: 321, 10: 32, 11: 1, 12: 0}
python3 train.py --data artifacts/lf/la_T1_rand_s0/mix_6.jsonl --init ckpts/ladder/la_T1_rand_s0_r5.pt --steps 600 --lr 0.0003 --min_lr 2.9999999999999997e-05 --warmup 50 --cap 0 --out ckpts/ladder/la_T1_rand_s0_r6.pt --seed 6 --log_every 200
params 3214336 mode lean_rand shift True
train records 31996 max len 479
step 200 loss 0.1908 lr 2.53e-04 29s
step 400 loss 0.1987 lr 1.09e-04 55s
step 600 loss 0.2018 lr 3.00e-05 82s
saved ckpts/ladder/la_T1_rand_s0_r6.pt
=== round 6 done in 1668s; new proofs 189; cum targets solved 2153 L*=10; transfer L*=10
[lean_gate] 143840 samples, parse-fail 12661, distinct checked 131169: both ok 63171, nd-only 0, lean-only 0, both rej 67998; lean 83.6s wall (990.5s proc, 12 workers), nd_verify 6.7s
[la_T1_rand_s0 r7] targets (this round) SOLVED 2260/4495 = 0.503 [0.488,0.517]
  len 7: 1227/1800 = 0.682 [0.660,0.703]
  len 8: 652/1000 = 0.652 [0.622,0.681]
  len 9: 341/1004 = 0.340 [0.311,0.369]
  len 10: 38/456 = 0.083 [0.061,0.112]
  len 11: 2/99 = 0.020 [0.006,0.071]
  len 12: 0/106 = 0.000 [0.000,0.035]
  len 13: 0/16 = 0.000 [0.000,0.194]
  len 14: 0/14 = 0.000 [0.000,0.215]
  written hist {7: 1340, 8: 1102, 9: 678, 10: 128, 11: 12, 12: 5}
  pruned hist {5: 60, 6: 296, 7: 1283, 8: 1067, 9: 479, 10: 69, 11: 9, 12: 2}
  frontier written 12 pruned 11
  reasons [('rule check failed: ANDI', 18153), ('rule check failed: IMPE', 15753), ("parse: expected line index, got 'LEANPARSE'", 12661), ('rule check failed: ORI2', 6689), ('rule check failed: NEGE', 6477), ('rule check failed: ORI1', 4386)]
[lean_gate] 73120 samples, parse-fail 10038, distinct checked 63071: both ok 10315, nd-only 0, lean-only 0, both rej 52756; lean 41.1s wall (478.9s proc, 12 workers), nd_verify 3.0s
[la_T1_rand_s0 r7] transfer (this round, pass@32) SOLVED 488/2285 = 0.214 [0.197,0.231]
  len 7: 43/300 = 0.143 [0.108,0.188]
  len 8: 124/300 = 0.413 [0.359,0.470]
  len 9: 289/1010 = 0.286 [0.259,0.315]
  len 10: 30/451 = 0.067 [0.047,0.093]
  len 11: 2/99 = 0.020 [0.006,0.071]
  len 12: 0/102 = 0.000 [0.000,0.036]
  len 13: 0/13 = 0.000 [0.000,0.228]
  len 14: 0/10 = 0.000 [0.000,0.278]
  written hist {7: 46, 8: 171, 9: 417, 10: 89, 11: 11, 12: 2, 13: 1}
  pruned hist {5: 1, 6: 17, 7: 84, 8: 247, 9: 336, 10: 45, 11: 6, 12: 1}
  frontier written 11 pruned 11
  reasons [('rule check failed: ANDI', 13974), ('rule check failed: IMPE', 13353), ("parse: expected line index, got 'LEANPARSE'", 10038), ('rule check failed: ORI2', 4819), ('rule check failed: NEGE', 4484), ('rule check failed: ORI1', 2998)]
[lean_gate] 2285 samples, parse-fail 252, distinct checked 2033: both ok 333, nd-only 0, lean-only 0, both rej 1700; lean 2.4s wall (11.5s proc, 12 workers), nd_verify 0.1s
[la_T1_rand_s0 r7] transfer greedy SOLVED 333/2285 = 0.146 [0.132,0.161]
  len 7: 33/300 = 0.110 [0.079,0.150]
  len 8: 97/300 = 0.323 [0.273,0.378]
  len 9: 193/1010 = 0.191 [0.168,0.216]
  len 10: 10/451 = 0.022 [0.012,0.040]
  len 11: 0/99 = 0.000 [0.000,0.037]
  len 12: 0/102 = 0.000 [0.000,0.036]
  len 13: 0/13 = 0.000 [0.000,0.228]
  len 14: 0/10 = 0.000 [0.000,0.278]
  written hist {7: 25, 8: 96, 9: 187, 10: 22, 11: 2, 12: 1}
  pruned hist {6: 6, 7: 35, 8: 125, 9: 153, 10: 13, 12: 1}
  frontier written 10 pruned 10
  reasons [('rule check failed: ANDI', 471), ('rule check failed: IMPE', 426), ("parse: expected line index, got 'LEANPARSE'", 252), ('rule check failed: ORI2', 159), ('rule check failed: NEGE', 146), ('rule check failed: ORI1', 98)]
[lean_gate] 5000 samples, parse-fail 42, distinct checked 4958: both ok 4604, nd-only 0, lean-only 1, both rej 353; lean 2.6s wall (24.9s proc, 12 workers), nd_verify 0.2s
[la_T1_rand_s0 r7] heldout greedy SOLVED 4604/5000 = 0.921 [0.913,0.928]
  len 2: 997/1000 = 0.997 [0.991,0.999]
  len 3: 980/1000 = 0.980 [0.969,0.987]
  len 4: 939/1000 = 0.939 [0.922,0.952]
  len 5: 856/1000 = 0.856 [0.833,0.876]
  len 6: 832/1000 = 0.832 [0.808,0.854]
  written hist {2: 1030, 3: 977, 4: 918, 5: 845, 6: 829, 7: 3, 8: 2}
  pruned hist {2: 1033, 3: 978, 4: 921, 5: 848, 6: 819, 7: 3, 8: 2}
  frontier written 6 pruned 6
  reasons [('rule check failed: ANDI', 106), ('rule check failed: IMPE', 66), ("parse: expected line index, got 'LEANPARSE'", 42), ('rule check failed: ORI2', 35), ('rule check failed: R', 25), ('rule check failed: NEGE', 24)]
[la_T1_rand_s0 r7] targets cumulative: solved 2261/4495 L*=10 ge={7: 2261, 8: 1034, 9: 382, 10: 40, 11: 2, 12: 0}
[la_T1_rand_s0 r7] transfer cumulative: solved 537/2285 L*=10 ge={7: 537, 8: 486, 9: 359, 10: 37, 11: 2, 12: 0}
python3 train.py --data artifacts/lf/la_T1_rand_s0/mix_7.jsonl --init ckpts/ladder/la_T1_rand_s0_r6.pt --steps 600 --lr 0.0003 --min_lr 2.9999999999999997e-05 --warmup 50 --cap 0 --out ckpts/ladder/la_T1_rand_s0_r7.pt --seed 7 --log_every 200
params 3214336 mode lean_rand shift True
train records 32752 max len 492
step 200 loss 0.2014 lr 2.53e-04 27s
step 400 loss 0.1911 lr 1.09e-04 54s
step 600 loss 0.1990 lr 3.00e-05 80s
saved ckpts/ladder/la_T1_rand_s0_r7.pt
=== round 7 done in 1669s; new proofs 207; cum targets solved 2261 L*=10; transfer L*=10
[lean_gate] 143840 samples, parse-fail 11557, distinct checked 132270: both ok 66535, nd-only 0, lean-only 0, both rej 65735; lean 76.4s wall (906.6s proc, 12 workers), nd_verify 6.9s
[la_T1_rand_s0 r8] targets (this round) SOLVED 2339/4495 = 0.520 [0.506,0.535]
  len 7: 1248/1800 = 0.693 [0.672,0.714]
  len 8: 670/1000 = 0.670 [0.640,0.698]
  len 9: 367/1004 = 0.366 [0.336,0.396]
  len 10: 50/456 = 0.110 [0.084,0.142]
  len 11: 3/99 = 0.030 [0.010,0.085]
  len 12: 1/106 = 0.009 [0.002,0.052]
  len 13: 0/16 = 0.000 [0.000,0.194]
  len 14: 0/14 = 0.000 [0.000,0.215]
  written hist {7: 1368, 8: 1154, 9: 730, 10: 159, 11: 17, 12: 6}
  pruned hist {5: 61, 6: 312, 7: 1315, 8: 1112, 9: 534, 10: 88, 11: 9, 12: 3}
  frontier written 12 pruned 11
  reasons [('rule check failed: IMPE', 16812), ('rule check failed: ANDI', 16720), ("parse: expected line index, got 'LEANPARSE'", 11557), ('rule check failed: NEGE', 6787), ('rule check failed: ORI2', 5763), ('rule check failed: ORI1', 3754)]
[lean_gate] 73120 samples, parse-fail 9508, distinct checked 63607: both ok 11080, nd-only 0, lean-only 0, both rej 52527; lean 40.6s wall (470.9s proc, 12 workers), nd_verify 3.2s
[la_T1_rand_s0 r8] transfer (this round, pass@32) SOLVED 533/2285 = 0.233 [0.216,0.251]
  len 7: 48/300 = 0.160 [0.123,0.206]
  len 8: 128/300 = 0.427 [0.372,0.483]
  len 9: 318/1010 = 0.315 [0.287,0.344]
  len 10: 37/451 = 0.082 [0.060,0.111]
  len 11: 2/99 = 0.020 [0.006,0.071]
  len 12: 0/102 = 0.000 [0.000,0.036]
  len 13: 0/13 = 0.000 [0.000,0.228]
  len 14: 0/10 = 0.000 [0.000,0.278]
  written hist {7: 53, 8: 163, 9: 459, 10: 120, 11: 14, 12: 3}
  pruned hist {5: 1, 6: 10, 7: 94, 8: 256, 9: 380, 10: 60, 11: 9, 12: 2}
  frontier written 11 pruned 11
  reasons [('rule check failed: IMPE', 14447), ('rule check failed: ANDI', 12764), ("parse: expected line index, got 'LEANPARSE'", 9508), ('rule check failed: NEGE', 5380), ('rule check failed: ORI2', 4272), ('rule check failed: R', 2886)]
[lean_gate] 2285 samples, parse-fail 247, distinct checked 2038: both ok 369, nd-only 0, lean-only 0, both rej 1669; lean 2.5s wall (12.6s proc, 12 workers), nd_verify 0.1s
[la_T1_rand_s0 r8] transfer greedy SOLVED 369/2285 = 0.161 [0.147,0.177]
  len 7: 34/300 = 0.113 [0.082,0.154]
  len 8: 104/300 = 0.347 [0.295,0.402]
  len 9: 215/1010 = 0.213 [0.189,0.239]
  len 10: 16/451 = 0.035 [0.022,0.057]
  len 11: 0/99 = 0.000 [0.000,0.037]
  len 12: 0/102 = 0.000 [0.000,0.036]
  len 13: 0/13 = 0.000 [0.000,0.228]
  len 14: 0/10 = 0.000 [0.000,0.278]
  written hist {7: 25, 8: 101, 9: 213, 10: 26, 11: 3, 12: 1}
  pruned hist {5: 1, 6: 4, 7: 37, 8: 136, 9: 178, 10: 12, 12: 1}
  frontier written 10 pruned 10
  reasons [('rule check failed: IMPE', 447), ('rule check failed: ANDI', 411), ("parse: expected line index, got 'LEANPARSE'", 247), ('rule check failed: NEGE', 184), ('rule check failed: ORI2', 140), ('rule check failed: R', 95)]
[lean_gate] 5000 samples, parse-fail 46, distinct checked 4954: both ok 4617, nd-only 0, lean-only 0, both rej 337; lean 3.0s wall (25.0s proc, 12 workers), nd_verify 0.2s
[la_T1_rand_s0 r8] heldout greedy SOLVED 4617/5000 = 0.923 [0.916,0.930]
  len 2: 996/1000 = 0.996 [0.990,0.998]
  len 3: 976/1000 = 0.976 [0.965,0.984]
  len 4: 939/1000 = 0.939 [0.922,0.952]
  len 5: 867/1000 = 0.867 [0.845,0.887]
  len 6: 839/1000 = 0.839 [0.815,0.860]
  written hist {2: 1031, 3: 974, 4: 932, 5: 864, 6: 813, 7: 1, 8: 2}
  pruned hist {2: 1034, 3: 974, 4: 935, 5: 867, 6: 805, 8: 2}
  frontier written 6 pruned 6
  reasons [('rule check failed: ANDI', 100), ('rule check failed: IMPE', 80), ("parse: expected line index, got 'LEANPARSE'", 46), ('rule check failed: ORI2', 32), ('rule check failed: R', 27), ('rule check failed: NEGE', 24)]
[la_T1_rand_s0 r8] targets cumulative: solved 2339/4495 L*=10 ge={7: 2339, 8: 1091, 9: 421, 10: 54, 11: 4, 12: 1}
[la_T1_rand_s0 r8] transfer cumulative: solved 583/2285 L*=10 ge={7: 583, 8: 528, 9: 397, 10: 46, 11: 2, 12: 0}
python3 train.py --data artifacts/lf/la_T1_rand_s0/mix_8.jsonl --init ckpts/ladder/la_T1_rand_s0_r7.pt --steps 600 --lr 0.0003 --min_lr 2.9999999999999997e-05 --warmup 50 --cap 0 --out ckpts/ladder/la_T1_rand_s0_r8.pt --seed 8 --log_every 200
params 3214336 mode lean_rand shift True
train records 33412 max len 524
step 200 loss 0.1970 lr 2.53e-04 25s
step 400 loss 0.2057 lr 1.09e-04 48s
step 600 loss 0.1866 lr 3.00e-05 67s
saved ckpts/ladder/la_T1_rand_s0_r8.pt
=== round 8 done in 1630s; new proofs 180; cum targets solved 2339 L*=10; transfer L*=10
END 2026-09-21T07:13:24Z
