START 2026-09-22T05:48:44Z until [ -f ckpts/lf/stage1_full_seq_s2.pt ]; do sleep 30; done; python3 ladder_ei.py --init ckpts/lf/stage1_full_seq_s2.pt --name la_T1_seq2_s0 --outdir artifacts/lf --seed 0 --batch 512
[lean_gate] 143840 samples, parse-fail 26177, distinct checked 103295: both ok 21142, nd-only 0, lean-only 0, both rej 82153; lean 117.5s wall (1386.9s proc, 12 workers), nd_verify 5.6s
[la_T1_seq2_s0 r1] targets (this round) SOLVED 1526/4495 = 0.339 [0.326,0.353]
  len 7: 983/1800 = 0.546 [0.523,0.569]
  len 8: 450/1000 = 0.450 [0.419,0.481]
  len 9: 86/1004 = 0.086 [0.070,0.105]
  len 10: 7/456 = 0.015 [0.007,0.031]
  len 11: 0/99 = 0.000 [0.000,0.037]
  len 12: 0/106 = 0.000 [0.000,0.035]
  len 13: 0/16 = 0.000 [0.000,0.194]
  len 14: 0/14 = 0.000 [0.000,0.215]
  written hist {7: 1089, 8: 717, 9: 118, 10: 14}
  pruned hist {5: 18, 6: 190, 7: 992, 8: 635, 9: 94, 10: 9}
  frontier written 10 pruned 10
  reasons [("parse: expected line index, got 'LEANPARSE'", 26177), ('rule check failed: IMPE', 21277), ('rule check failed: ANDI', 17491), ('rule check failed: NEGE', 8895), ('rule check failed: ANDE2', 7528), ('final formula is not the conclusion', 7147)]
[lean_gate] 73120 samples, parse-fail 18328, distinct checked 49069: both ok 1983, nd-only 0, lean-only 0, both rej 47086; lean 50.4s wall (589.1s proc, 12 workers), nd_verify 3.0s
[la_T1_seq2_s0 r1] transfer (this round, pass@32) SOLVED 212/2285 = 0.093 [0.082,0.105]
  len 7: 43/300 = 0.143 [0.108,0.188]
  len 8: 86/300 = 0.287 [0.238,0.340]
  len 9: 81/1010 = 0.080 [0.065,0.099]
  len 10: 2/451 = 0.004 [0.001,0.016]
  len 11: 0/99 = 0.000 [0.000,0.037]
  len 12: 0/102 = 0.000 [0.000,0.036]
  len 13: 0/13 = 0.000 [0.000,0.228]
  len 14: 0/10 = 0.000 [0.000,0.278]
  written hist {7: 56, 8: 112, 9: 91, 10: 5, 11: 1}
  pruned hist {6: 8, 7: 67, 8: 116, 9: 70, 10: 4}
  frontier written 10 pruned 9
  reasons [("parse: expected line index, got 'LEANPARSE'", 18328), ('rule check failed: IMPE', 12782), ('rule check failed: ANDI', 10357), ('rule check failed: NEGE', 5707), ('final formula is not the conclusion', 4855), ('rule check failed: ANDE2', 3703)]
[lean_gate] 2285 samples, parse-fail 455, distinct checked 1830: both ok 93, nd-only 0, lean-only 0, both rej 1737; lean 2.4s wall (10.4s proc, 12 workers), nd_verify 0.1s
[la_T1_seq2_s0 r1] transfer greedy SOLVED 93/2285 = 0.041 [0.033,0.050]
  len 7: 25/300 = 0.083 [0.057,0.120]
  len 8: 55/300 = 0.183 [0.144,0.231]
  len 9: 13/1010 = 0.013 [0.008,0.022]
  len 10: 0/451 = 0.000 [0.000,0.008]
  len 11: 0/99 = 0.000 [0.000,0.037]
  len 12: 0/102 = 0.000 [0.000,0.036]
  len 13: 0/13 = 0.000 [0.000,0.228]
  len 14: 0/10 = 0.000 [0.000,0.278]
  written hist {7: 21, 8: 59, 9: 13}
  pruned hist {6: 4, 7: 21, 8: 58, 9: 10}
  frontier written 9 pruned 9
  reasons [("parse: expected line index, got 'LEANPARSE'", 455), ('rule check failed: IMPE', 414), ('rule check failed: ANDI', 363), ('rule check failed: NEGE', 209), ('final formula is not the conclusion', 136), ('rule check failed: ANDE2', 124)]
[lean_gate] 5000 samples, parse-fail 11, distinct checked 4989: both ok 4718, nd-only 0, lean-only 0, both rej 271; lean 2.9s wall (24.8s proc, 12 workers), nd_verify 0.2s
[la_T1_seq2_s0 r1] heldout greedy SOLVED 4718/5000 = 0.944 [0.937,0.950]
  len 2: 996/1000 = 0.996 [0.990,0.998]
  len 3: 983/1000 = 0.983 [0.973,0.989]
  len 4: 960/1000 = 0.960 [0.946,0.970]
  len 5: 901/1000 = 0.901 [0.881,0.918]
  len 6: 878/1000 = 0.878 [0.856,0.897]
  written hist {2: 1032, 3: 973, 4: 958, 5: 896, 6: 856, 7: 2, 8: 1}
  pruned hist {2: 1034, 3: 979, 4: 957, 5: 894, 6: 853, 8: 1}
  frontier written 6 pruned 6
  reasons [('rule check failed: ANDI', 69), ('rule check failed: IMPE', 45), ('rule check failed: ORI1', 31), ('rule check failed: ORI2', 28), ('rule check failed: NEGE', 20), ('rule check failed: ANDE2', 16)]
[la_T1_seq2_s0 r1] targets cumulative: solved 1526/4495 L*=10 ge={7: 1526, 8: 543, 9: 93, 10: 7, 11: 0, 12: 0}
[la_T1_seq2_s0 r1] transfer cumulative: solved 212/2285 L*=9 ge={7: 212, 8: 169, 9: 83, 10: 2, 11: 0, 12: 0}
python3 train.py --data artifacts/lf/la_T1_seq2_s0/mix_1.jsonl --init ckpts/lf/stage1_full_seq_s2.pt --steps 600 --lr 0.0003 --min_lr 2.9999999999999997e-05 --warmup 50 --cap 0 --out ckpts/ladder/la_T1_seq2_s0_r1.pt --seed 1 --log_every 200
params 3214336 mode lean_seq shift True
train records 27668 max len 537
step 200 loss 0.0468 lr 2.53e-04 13s
step 400 loss 0.0422 lr 1.09e-04 27s
step 600 loss 0.0385 lr 3.00e-05 40s
saved ckpts/ladder/la_T1_seq2_s0_r1.pt
=== round 1 done in 1031s; new proofs 1938; cum targets solved 1526 L*=10; transfer L*=9
[lean_gate] 143840 samples, parse-fail 14855, distinct checked 109279: both ok 42323, nd-only 0, lean-only 4, both rej 66952; lean 101.2s wall (1200.8s proc, 12 workers), nd_verify 5.6s
[la_T1_seq2_s0 r2] targets (this round) SOLVED 2084/4495 = 0.464 [0.449,0.478]
  len 7: 1167/1800 = 0.648 [0.626,0.670]
  len 8: 617/1000 = 0.617 [0.586,0.647]
  len 9: 271/1004 = 0.270 [0.243,0.298]
  len 10: 29/456 = 0.064 [0.045,0.090]
  len 11: 0/99 = 0.000 [0.000,0.037]
  len 12: 0/106 = 0.000 [0.000,0.035]
  len 13: 0/16 = 0.000 [0.000,0.194]
  len 14: 0/14 = 0.000 [0.000,0.215]
  written hist {7: 1289, 8: 1019, 9: 459, 10: 71, 11: 6, 12: 1}
  pruned hist {5: 37, 6: 272, 7: 1205, 8: 952, 9: 332, 10: 44, 11: 2, 12: 1}
  frontier written 11 pruned 10
  reasons [('rule check failed: IMPE', 17726), ('rule check failed: ANDI', 17571), ("parse: expected line index, got 'LEANPARSE'", 14855), ('rule check failed: NEGE', 6584), ('rule check failed: ORI1', 5840), ('rule check failed: DN', 5453)]
[lean_gate] 73120 samples, parse-fail 12633, distinct checked 52793: both ok 7123, nd-only 0, lean-only 0, both rej 45670; lean 34.1s wall (394.7s proc, 12 workers), nd_verify 2.8s
[la_T1_seq2_s0 r2] transfer (this round, pass@32) SOLVED 454/2285 = 0.199 [0.183,0.216]
  len 7: 49/300 = 0.163 [0.126,0.209]
  len 8: 115/300 = 0.383 [0.330,0.439]
  len 9: 259/1010 = 0.256 [0.230,0.284]
  len 10: 30/451 = 0.067 [0.047,0.093]
  len 11: 1/99 = 0.010 [0.002,0.055]
  len 12: 0/102 = 0.000 [0.000,0.036]
  len 13: 0/13 = 0.000 [0.000,0.228]
  len 14: 0/10 = 0.000 [0.000,0.278]
  written hist {7: 54, 8: 155, 9: 360, 10: 58, 11: 10, 12: 1}
  pruned hist {5: 2, 6: 7, 7: 85, 8: 217, 9: 285, 10: 38, 11: 4}
  frontier written 11 pruned 10
  reasons [('rule check failed: ANDI', 13094), ("parse: expected line index, got 'LEANPARSE'", 12633), ('rule check failed: IMPE', 12522), ('rule check failed: NEGE', 4454), ('rule check failed: ORI1', 3422), ('rule check failed: DN', 3269)]
[lean_gate] 2285 samples, parse-fail 335, distinct checked 1950: both ok 290, nd-only 0, lean-only 0, both rej 1660; lean 2.2s wall (10.2s proc, 12 workers), nd_verify 0.1s
[la_T1_seq2_s0 r2] transfer greedy SOLVED 290/2285 = 0.127 [0.114,0.141]
  len 7: 33/300 = 0.110 [0.079,0.150]
  len 8: 98/300 = 0.327 [0.276,0.382]
  len 9: 149/1010 = 0.148 [0.127,0.171]
  len 10: 10/451 = 0.022 [0.012,0.040]
  len 11: 0/99 = 0.000 [0.000,0.037]
  len 12: 0/102 = 0.000 [0.000,0.036]
  len 13: 0/13 = 0.000 [0.000,0.228]
  len 14: 0/10 = 0.000 [0.000,0.278]
  written hist {7: 27, 8: 99, 9: 151, 10: 11, 11: 2}
  pruned hist {6: 5, 7: 33, 8: 127, 9: 115, 10: 10}
  frontier written 10 pruned 10
  reasons [('rule check failed: ANDI', 425), ('rule check failed: IMPE', 408), ("parse: expected line index, got 'LEANPARSE'", 335), ('rule check failed: NEGE', 144), ('rule check failed: ORI1', 113), ('rule check failed: DN', 105)]
[lean_gate] 5000 samples, parse-fail 28, distinct checked 4972: both ok 4684, nd-only 0, lean-only 0, both rej 288; lean 2.4s wall (23.8s proc, 12 workers), nd_verify 0.2s
[la_T1_seq2_s0 r2] heldout greedy SOLVED 4684/5000 = 0.937 [0.930,0.943]
  len 2: 994/1000 = 0.994 [0.987,0.997]
  len 3: 983/1000 = 0.983 [0.973,0.989]
  len 4: 950/1000 = 0.950 [0.935,0.962]
  len 5: 888/1000 = 0.888 [0.867,0.906]
  len 6: 869/1000 = 0.869 [0.847,0.889]
  written hist {2: 1028, 3: 968, 4: 929, 5: 886, 6: 867, 7: 4, 8: 2}
  pruned hist {2: 1028, 3: 973, 4: 931, 5: 888, 6: 861, 7: 1, 8: 2}
  frontier written 6 pruned 6
  reasons [('rule check failed: ANDI', 85), ('rule check failed: IMPE', 60), ('rule check failed: ORI2', 36), ("parse: expected line index, got 'LEANPARSE'", 28), ('rule check failed: ORI1', 21), ('rule check failed: NEGE', 16)]
[la_T1_seq2_s0 r2] targets cumulative: solved 2084/4495 L*=10 ge={7: 2084, 8: 917, 9: 300, 10: 29, 11: 0, 12: 0}
[la_T1_seq2_s0 r2] transfer cumulative: solved 462/2285 L*=10 ge={7: 462, 8: 409, 9: 293, 10: 32, 11: 1, 12: 0}
python3 train.py --data artifacts/lf/la_T1_seq2_s0/mix_2.jsonl --init ckpts/ladder/la_T1_seq2_s0_r1.pt --steps 600 --lr 0.0003 --min_lr 2.9999999999999997e-05 --warmup 50 --cap 0 --out ckpts/ladder/la_T1_seq2_s0_r2.pt --seed 2 --log_every 200
params 3214336 mode lean_seq shift True
train records 31148 max len 507
step 200 loss 0.0405 lr 2.53e-04 15s
step 400 loss 0.0398 lr 1.09e-04 28s
step 600 loss 0.0377 lr 3.00e-05 42s
saved ckpts/ladder/la_T1_seq2_s0_r2.pt
=== round 2 done in 943s; new proofs 917; cum targets solved 2084 L*=10; transfer L*=10
[lean_gate] 143840 samples, parse-fail 14598, distinct checked 109078: both ok 51908, nd-only 0, lean-only 0, both rej 57170; lean 55.0s wall (646.1s proc, 12 workers), nd_verify 5.6s
[la_T1_seq2_s0 r3] targets (this round) SOLVED 2322/4495 = 0.517 [0.502,0.531]
  len 7: 1246/1800 = 0.692 [0.671,0.713]
  len 8: 667/1000 = 0.667 [0.637,0.696]
  len 9: 355/1004 = 0.354 [0.325,0.384]
  len 10: 50/456 = 0.110 [0.084,0.142]
  len 11: 2/99 = 0.020 [0.006,0.071]
  len 12: 2/106 = 0.019 [0.005,0.066]
  len 13: 0/16 = 0.000 [0.000,0.194]
  len 14: 0/14 = 0.000 [0.000,0.215]
  written hist {7: 1384, 8: 1163, 9: 661, 10: 140, 11: 17, 12: 5}
  pruned hist {5: 47, 6: 306, 7: 1332, 8: 1099, 9: 484, 10: 95, 11: 3, 12: 4}
  frontier written 12 pruned 10
  reasons [('rule check failed: ANDI', 14908), ('rule check failed: IMPE', 14622), ("parse: expected line index, got 'LEANPARSE'", 14598), ('rule check failed: NEGE', 6119), ('rule check failed: ORI1', 5499), ('rule check failed: R', 4304)]
[lean_gate] 73120 samples, parse-fail 12245, distinct checked 53065: both ok 9220, nd-only 0, lean-only 2, both rej 43843; lean 29.1s wall (335.1s proc, 12 workers), nd_verify 2.6s
[la_T1_seq2_s0 r3] transfer (this round, pass@32) SOLVED 560/2285 = 0.245 [0.228,0.263]
  len 7: 57/300 = 0.190 [0.150,0.238]
  len 8: 131/300 = 0.437 [0.382,0.493]
  len 9: 327/1010 = 0.324 [0.296,0.353]
  len 10: 44/451 = 0.098 [0.073,0.128]
  len 11: 1/99 = 0.010 [0.002,0.055]
  len 12: 0/102 = 0.000 [0.000,0.036]
  len 13: 0/13 = 0.000 [0.000,0.228]
  len 14: 0/10 = 0.000 [0.000,0.278]
  written hist {7: 61, 8: 180, 9: 489, 10: 104, 11: 16, 12: 2}
  pruned hist {5: 3, 6: 8, 7: 91, 8: 268, 9: 405, 10: 71, 11: 6}
  frontier written 11 pruned 11
  reasons [("parse: expected line index, got 'LEANPARSE'", 12245), ('rule check failed: ANDI', 12014), ('rule check failed: IMPE', 11801), ('rule check failed: NEGE', 4676), ('rule check failed: ORI1', 3571), ('rule check failed: ORI2', 3033)]
[lean_gate] 2285 samples, parse-fail 304, distinct checked 1981: both ok 379, nd-only 0, lean-only 0, both rej 1602; lean 2.0s wall (9.0s proc, 12 workers), nd_verify 0.1s
[la_T1_seq2_s0 r3] transfer greedy SOLVED 379/2285 = 0.166 [0.151,0.182]
  len 7: 36/300 = 0.120 [0.088,0.162]
  len 8: 110/300 = 0.367 [0.314,0.423]
  len 9: 216/1010 = 0.214 [0.190,0.240]
  len 10: 17/451 = 0.038 [0.024,0.060]
  len 11: 0/99 = 0.000 [0.000,0.037]
  len 12: 0/102 = 0.000 [0.000,0.036]
  len 13: 0/13 = 0.000 [0.000,0.228]
  len 14: 0/10 = 0.000 [0.000,0.278]
  written hist {7: 29, 8: 110, 9: 212, 10: 25, 11: 3}
  pruned hist {6: 5, 7: 38, 8: 148, 9: 169, 10: 19}
  frontier written 10 pruned 10
  reasons [('rule check failed: ANDI', 409), ('rule check failed: IMPE', 378), ("parse: expected line index, got 'LEANPARSE'", 304), ('rule check failed: NEGE', 149), ('rule check failed: ORI1', 120), ('rule check failed: R', 105)]
[lean_gate] 5000 samples, parse-fail 18, distinct checked 4982: both ok 4714, nd-only 0, lean-only 0, both rej 268; lean 2.5s wall (22.3s proc, 12 workers), nd_verify 0.2s
[la_T1_seq2_s0 r3] heldout greedy SOLVED 4714/5000 = 0.943 [0.936,0.949]
  len 2: 996/1000 = 0.996 [0.990,0.998]
  len 3: 984/1000 = 0.984 [0.974,0.990]
  len 4: 951/1000 = 0.951 [0.936,0.963]
  len 5: 897/1000 = 0.897 [0.877,0.914]
  len 6: 886/1000 = 0.886 [0.865,0.904]
  written hist {2: 1029, 3: 981, 4: 948, 5: 880, 6: 867, 7: 4, 8: 5}
  pruned hist {2: 1031, 3: 985, 4: 952, 5: 878, 6: 861, 7: 2, 8: 5}
  frontier written 8 pruned 8
  reasons [('rule check failed: ANDI', 80), ('rule check failed: IMPE', 59), ('rule check failed: ORI2', 33), ('rule check failed: ORI1', 21), ("parse: expected line index, got 'LEANPARSE'", 18), ('rule check failed: NEGE', 16)]
[la_T1_seq2_s0 r3] targets cumulative: solved 2322/4495 L*=10 ge={7: 2322, 8: 1076, 9: 409, 10: 54, 11: 4, 12: 2}
[la_T1_seq2_s0 r3] transfer cumulative: solved 589/2285 L*=10 ge={7: 589, 8: 526, 9: 392, 10: 49, 11: 1, 12: 0}
python3 train.py --data artifacts/lf/la_T1_seq2_s0/mix_3.jsonl --init ckpts/ladder/la_T1_seq2_s0_r2.pt --steps 600 --lr 0.0003 --min_lr 2.9999999999999997e-05 --warmup 50 --cap 0 --out ckpts/ladder/la_T1_seq2_s0_r3.pt --seed 3 --log_every 200
params 3214336 mode lean_seq shift True
train records 33180 max len 477
step 200 loss 0.0385 lr 2.53e-04 15s
step 400 loss 0.0397 lr 1.09e-04 30s
step 600 loss 0.0383 lr 3.00e-05 44s
saved ckpts/ladder/la_T1_seq2_s0_r3.pt
=== round 3 done in 876s; new proofs 556; cum targets solved 2322 L*=10; transfer L*=10
[lean_gate] 143840 samples, parse-fail 13749, distinct checked 109651: both ok 57154, nd-only 0, lean-only 1, both rej 52496; lean 53.7s wall (635.1s proc, 12 workers), nd_verify 5.7s
[la_T1_seq2_s0 r4] targets (this round) SOLVED 2450/4495 = 0.545 [0.530,0.560]
  len 7: 1293/1800 = 0.718 [0.697,0.739]
  len 8: 686/1000 = 0.686 [0.657,0.714]
  len 9: 401/1004 = 0.399 [0.370,0.430]
  len 10: 66/456 = 0.145 [0.115,0.180]
  len 11: 2/99 = 0.020 [0.006,0.071]
  len 12: 2/106 = 0.019 [0.005,0.066]
  len 13: 0/16 = 0.000 [0.000,0.194]
  len 14: 0/14 = 0.000 [0.000,0.215]
  written hist {7: 1450, 8: 1277, 9: 794, 10: 212, 11: 22, 12: 5, 13: 1}
  pruned hist {5: 56, 6: 338, 7: 1424, 8: 1192, 9: 598, 10: 143, 11: 6, 12: 4}
  frontier written 12 pruned 11
  reasons [("parse: expected line index, got 'LEANPARSE'", 13749), ('rule check failed: ANDI', 13334), ('rule check failed: IMPE', 13186), ('rule check failed: NEGE', 5966), ('rule check failed: ORI1', 4723), ('rule check failed: R', 3918)]
[lean_gate] 73120 samples, parse-fail 12875, distinct checked 52348: both ok 10242, nd-only 0, lean-only 0, both rej 42106; lean 28.2s wall (328.6s proc, 12 workers), nd_verify 2.6s
[la_T1_seq2_s0 r4] transfer (this round, pass@32) SOLVED 619/2285 = 0.271 [0.253,0.289]
  len 7: 57/300 = 0.190 [0.150,0.238]
  len 8: 138/300 = 0.460 [0.404,0.517]
  len 9: 367/1010 = 0.363 [0.334,0.393]
  len 10: 51/451 = 0.113 [0.087,0.146]
  len 11: 5/99 = 0.051 [0.022,0.113]
  len 12: 1/102 = 0.010 [0.002,0.053]
  len 13: 0/13 = 0.000 [0.000,0.228]
  len 14: 0/10 = 0.000 [0.000,0.278]
  written hist {7: 62, 8: 185, 9: 574, 10: 156, 11: 36, 12: 3}
  pruned hist {5: 3, 6: 9, 7: 107, 8: 281, 9: 496, 10: 109, 11: 11}
  frontier written 11 pruned 11
  reasons [("parse: expected line index, got 'LEANPARSE'", 12875), ('rule check failed: ANDI', 11340), ('rule check failed: IMPE', 11216), ('rule check failed: NEGE', 4276), ('rule check failed: R', 3339), ('rule check failed: ORI1', 3280)]
[lean_gate] 2285 samples, parse-fail 326, distinct checked 1959: both ok 417, nd-only 0, lean-only 0, both rej 1542; lean 2.0s wall (9.0s proc, 12 workers), nd_verify 0.1s
[la_T1_seq2_s0 r4] transfer greedy SOLVED 417/2285 = 0.182 [0.167,0.199]
  len 7: 38/300 = 0.127 [0.094,0.169]
  len 8: 107/300 = 0.357 [0.305,0.412]
  len 9: 246/1010 = 0.244 [0.218,0.271]
  len 10: 24/451 = 0.053 [0.036,0.078]
  len 11: 2/99 = 0.020 [0.006,0.071]
  len 12: 0/102 = 0.000 [0.000,0.036]
  len 13: 0/13 = 0.000 [0.000,0.228]
  len 14: 0/10 = 0.000 [0.000,0.278]
  written hist {7: 31, 8: 104, 9: 245, 10: 31, 11: 6}
  pruned hist {6: 5, 7: 40, 8: 154, 9: 195, 10: 22, 11: 1}
  frontier written 11 pruned 10
  reasons [('rule check failed: ANDI', 378), ('rule check failed: IMPE', 359), ("parse: expected line index, got 'LEANPARSE'", 326), ('rule check failed: NEGE', 130), ('rule check failed: R', 118), ('rule check failed: ORI1', 105)]
[lean_gate] 5000 samples, parse-fail 29, distinct checked 4971: both ok 4706, nd-only 0, lean-only 0, both rej 265; lean 2.3s wall (22.5s proc, 12 workers), nd_verify 0.2s
[la_T1_seq2_s0 r4] heldout greedy SOLVED 4706/5000 = 0.941 [0.934,0.947]
  len 2: 997/1000 = 0.997 [0.991,0.999]
  len 3: 989/1000 = 0.989 [0.980,0.994]
  len 4: 954/1000 = 0.954 [0.939,0.965]
  len 5: 897/1000 = 0.897 [0.877,0.914]
  len 6: 869/1000 = 0.869 [0.847,0.889]
  written hist {2: 1032, 3: 982, 4: 926, 5: 879, 6: 878, 7: 6, 8: 3}
  pruned hist {2: 1034, 3: 987, 4: 926, 5: 879, 6: 874, 7: 3, 8: 3}
  frontier written 7 pruned 6
  reasons [('rule check failed: ANDI', 73), ('rule check failed: IMPE', 57), ('rule check failed: ORI2', 35), ("parse: expected line index, got 'LEANPARSE'", 29), ('rule check failed: ORI1', 22), ('rule check failed: NEGE', 13)]
[la_T1_seq2_s0 r4] targets cumulative: solved 2450/4495 L*=10 ge={7: 2450, 8: 1157, 9: 471, 10: 70, 11: 4, 12: 2}
[la_T1_seq2_s0 r4] transfer cumulative: solved 667/2285 L*=11 ge={7: 667, 8: 602, 9: 457, 10: 64, 11: 7, 12: 1}
python3 train.py --data artifacts/lf/la_T1_seq2_s0/mix_4.jsonl --init ckpts/ladder/la_T1_seq2_s0_r3.pt --steps 600 --lr 0.0003 --min_lr 2.9999999999999997e-05 --warmup 50 --cap 0 --out ckpts/ladder/la_T1_seq2_s0_r4.pt --seed 4 --log_every 200
params 3214336 mode lean_seq shift True
train records 34608 max len 537
step 200 loss 0.0440 lr 2.53e-04 16s
step 400 loss 0.0377 lr 1.09e-04 31s
step 600 loss 0.0371 lr 3.00e-05 46s
saved ckpts/ladder/la_T1_seq2_s0_r4.pt
=== round 4 done in 897s; new proofs 415; cum targets solved 2450 L*=10; transfer L*=11
[lean_gate] 143840 samples, parse-fail 14301, distinct checked 109078: both ok 60431, nd-only 0, lean-only 1, both rej 48646; lean 54.1s wall (637.9s proc, 12 workers), nd_verify 5.8s
[la_T1_seq2_s0 r5] targets (this round) SOLVED 2555/4495 = 0.568 [0.554,0.583]
  len 7: 1317/1800 = 0.732 [0.711,0.752]
  len 8: 708/1000 = 0.708 [0.679,0.735]
  len 9: 438/1004 = 0.436 [0.406,0.467]
  len 10: 87/456 = 0.191 [0.157,0.229]
  len 11: 3/99 = 0.030 [0.010,0.085]
  len 12: 2/106 = 0.019 [0.005,0.066]
  len 13: 0/16 = 0.000 [0.000,0.194]
  len 14: 0/14 = 0.000 [0.000,0.215]
  written hist {7: 1492, 8: 1341, 9: 914, 10: 285, 11: 31, 12: 7, 13: 1, 14: 1}
  pruned hist {5: 61, 6: 356, 7: 1484, 8: 1269, 9: 704, 10: 178, 11: 15, 12: 5}
  frontier written 12 pruned 12
  reasons [("parse: expected line index, got 'LEANPARSE'", 14301), ('rule check failed: IMPE', 12424), ('rule check failed: ANDI', 12034), ('rule check failed: NEGE', 6278), ('rule check failed: ORI1', 4629), ('rule check failed: R', 3383)]
[lean_gate] 73120 samples, parse-fail 13550, distinct checked 51856: both ok 11314, nd-only 0, lean-only 1, both rej 40541; lean 29.2s wall (339.7s proc, 12 workers), nd_verify 2.6s
[la_T1_seq2_s0 r5] transfer (this round, pass@32) SOLVED 679/2285 = 0.297 [0.279,0.316]
  len 7: 66/300 = 0.220 [0.177,0.270]
  len 8: 142/300 = 0.473 [0.418,0.530]
  len 9: 403/1010 = 0.399 [0.369,0.430]
  len 10: 62/451 = 0.137 [0.109,0.172]
  len 11: 4/99 = 0.040 [0.016,0.099]
  len 12: 2/102 = 0.020 [0.005,0.069]
  len 13: 0/13 = 0.000 [0.000,0.228]
  len 14: 0/10 = 0.000 [0.000,0.278]
  written hist {7: 71, 8: 195, 9: 642, 10: 199, 11: 32, 12: 3}
  pruned hist {5: 5, 6: 8, 7: 117, 8: 311, 9: 558, 10: 134, 11: 8, 12: 1}
  frontier written 11 pruned 11
  reasons [("parse: expected line index, got 'LEANPARSE'", 13550), ('rule check failed: IMPE', 10970), ('rule check failed: ANDI', 10304), ('rule check failed: NEGE', 5066), ('rule check failed: ORI1', 3239), ('rule check failed: R', 3004)]
[lean_gate] 2285 samples, parse-fail 356, distinct checked 1929: both ok 451, nd-only 0, lean-only 0, both rej 1478; lean 1.8s wall (8.7s proc, 12 workers), nd_verify 0.1s
[la_T1_seq2_s0 r5] transfer greedy SOLVED 451/2285 = 0.197 [0.182,0.214]
  len 7: 42/300 = 0.140 [0.105,0.184]
  len 8: 108/300 = 0.360 [0.308,0.416]
  len 9: 270/1010 = 0.267 [0.241,0.295]
  len 10: 28/451 = 0.062 [0.043,0.088]
  len 11: 2/99 = 0.020 [0.006,0.071]
  len 12: 1/102 = 0.010 [0.002,0.053]
  len 13: 0/13 = 0.000 [0.000,0.228]
  len 14: 0/10 = 0.000 [0.000,0.278]
  written hist {7: 33, 8: 108, 9: 263, 10: 40, 11: 6, 12: 1}
  pruned hist {6: 6, 7: 47, 8: 165, 9: 205, 10: 25, 11: 2, 12: 1}
  frontier written 11 pruned 10
  reasons [("parse: expected line index, got 'LEANPARSE'", 356), ('rule check failed: IMPE', 350), ('rule check failed: ANDI', 349), ('rule check failed: NEGE', 159), ('rule check failed: ORI1', 114), ('rule check failed: R', 94)]
[lean_gate] 5000 samples, parse-fail 24, distinct checked 4976: both ok 4730, nd-only 0, lean-only 0, both rej 246; lean 2.3s wall (21.8s proc, 12 workers), nd_verify 0.2s
[la_T1_seq2_s0 r5] heldout greedy SOLVED 4730/5000 = 0.946 [0.939,0.952]
  len 2: 996/1000 = 0.996 [0.990,0.998]
  len 3: 983/1000 = 0.983 [0.973,0.989]
  len 4: 956/1000 = 0.956 [0.941,0.967]
  len 5: 914/1000 = 0.914 [0.895,0.930]
  len 6: 881/1000 = 0.881 [0.859,0.900]
  written hist {2: 1033, 3: 979, 4: 931, 5: 899, 6: 879, 7: 6, 8: 3}
  pruned hist {2: 1035, 3: 981, 4: 934, 5: 902, 6: 872, 7: 3, 8: 3}
  frontier written 7 pruned 6
  reasons [('rule check failed: ANDI', 67), ('rule check failed: IMPE', 56), ('rule check failed: ORI2', 30), ("parse: expected line index, got 'LEANPARSE'", 24), ('rule check failed: ORI1', 23), ('rule check failed: NEGE', 15)]
[la_T1_seq2_s0 r5] targets cumulative: solved 2555/4495 L*=11 ge={7: 2555, 8: 1238, 9: 530, 10: 92, 11: 5, 12: 2}
[la_T1_seq2_s0 r5] transfer cumulative: solved 731/2285 L*=11 ge={7: 731, 8: 657, 9: 506, 10: 73, 11: 9, 12: 2}
python3 train.py --data artifacts/lf/la_T1_seq2_s0/mix_5.jsonl --init ckpts/ladder/la_T1_seq2_s0_r4.pt --steps 600 --lr 0.0003 --min_lr 2.9999999999999997e-05 --warmup 50 --cap 0 --out ckpts/ladder/la_T1_seq2_s0_r5.pt --seed 5 --log_every 200
params 3214336 mode lean_seq shift True
train records 35844 max len 470
step 200 loss 0.0408 lr 2.53e-04 16s
step 400 loss 0.0396 lr 1.09e-04 31s
step 600 loss 0.0349 lr 3.00e-05 46s
saved ckpts/ladder/la_T1_seq2_s0_r5.pt
=== round 5 done in 886s; new proofs 350; cum targets solved 2555 L*=11; transfer L*=11
[lean_gate] 143840 samples, parse-fail 12661, distinct checked 110636: both ok 63435, nd-only 0, lean-only 0, both rej 47201; lean 58.0s wall (685.4s proc, 12 workers), nd_verify 5.9s
[la_T1_seq2_s0 r6] targets (this round) SOLVED 2646/4495 = 0.589 [0.574,0.603]
  len 7: 1351/1800 = 0.751 [0.730,0.770]
  len 8: 727/1000 = 0.727 [0.699,0.754]
  len 9: 463/1004 = 0.461 [0.431,0.492]
  len 10: 98/456 = 0.215 [0.180,0.255]
  len 11: 5/99 = 0.051 [0.022,0.113]
  len 12: 2/106 = 0.019 [0.005,0.066]
  len 13: 0/16 = 0.000 [0.000,0.194]
  len 14: 0/14 = 0.000 [0.000,0.215]
  written hist {7: 1538, 8: 1421, 9: 1028, 10: 356, 11: 58, 12: 9, 13: 1, 14: 2}
  pruned hist {5: 68, 6: 376, 7: 1556, 8: 1352, 9: 805, 10: 224, 11: 25, 12: 7}
  frontier written 12 pruned 12
  reasons [("parse: expected line index, got 'LEANPARSE'", 12661), ('rule check failed: IMPE', 11847), ('rule check failed: ANDI', 11410), ('rule check failed: NEGE', 5283), ('rule check failed: ORI1', 4057), ('rule check failed: DN', 3471)]
[lean_gate] 73120 samples, parse-fail 12357, distinct checked 53190: both ok 12298, nd-only 0, lean-only 6, both rej 40886; lean 30.2s wall (350.6s proc, 12 workers), nd_verify 2.9s
[la_T1_seq2_s0 r6] transfer (this round, pass@32) SOLVED 733/2285 = 0.321 [0.302,0.340]
  len 7: 82/300 = 0.273 [0.226,0.326]
  len 8: 140/300 = 0.467 [0.411,0.523]
  len 9: 431/1010 = 0.427 [0.397,0.457]
  len 10: 69/451 = 0.153 [0.123,0.189]
  len 11: 9/99 = 0.091 [0.049,0.164]
  len 12: 2/102 = 0.020 [0.005,0.069]
  len 13: 0/13 = 0.000 [0.000,0.228]
  len 14: 0/10 = 0.000 [0.000,0.278]
  written hist {7: 83, 8: 195, 9: 728, 10: 240, 11: 54, 12: 6, 13: 1}
  pruned hist {5: 7, 6: 9, 7: 135, 8: 336, 9: 634, 10: 160, 11: 24, 12: 2}
  frontier written 12 pruned 11
  reasons [("parse: expected line index, got 'LEANPARSE'", 12357), ('rule check failed: IMPE', 10832), ('rule check failed: ANDI', 10474), ('rule check failed: NEGE', 4181), ('rule check failed: R', 3073), ('rule check failed: DN', 3006)]
[lean_gate] 2285 samples, parse-fail 340, distinct checked 1945: both ok 487, nd-only 0, lean-only 0, both rej 1458; lean 2.1s wall (10.1s proc, 12 workers), nd_verify 0.1s
[la_T1_seq2_s0 r6] transfer greedy SOLVED 487/2285 = 0.213 [0.197,0.230]
  len 7: 45/300 = 0.150 [0.114,0.195]
  len 8: 117/300 = 0.390 [0.337,0.446]
  len 9: 290/1010 = 0.287 [0.260,0.316]
  len 10: 33/451 = 0.073 [0.053,0.101]
  len 11: 2/99 = 0.020 [0.006,0.071]
  len 12: 0/102 = 0.000 [0.000,0.036]
  len 13: 0/13 = 0.000 [0.000,0.228]
  len 14: 0/10 = 0.000 [0.000,0.278]
  written hist {7: 36, 8: 115, 9: 281, 10: 44, 11: 11}
  pruned hist {5: 3, 6: 7, 7: 49, 8: 171, 9: 220, 10: 34, 11: 3}
  frontier written 11 pruned 10
  reasons [('rule check failed: ANDI', 348), ('rule check failed: IMPE', 342), ("parse: expected line index, got 'LEANPARSE'", 340), ('rule check failed: NEGE', 130), ('rule check failed: R', 111), ('rule check failed: ORI1', 95)]
[lean_gate] 5000 samples, parse-fail 32, distinct checked 4968: both ok 4712, nd-only 0, lean-only 0, both rej 256; lean 2.5s wall (23.0s proc, 12 workers), nd_verify 0.2s
[la_T1_seq2_s0 r6] heldout greedy SOLVED 4712/5000 = 0.942 [0.936,0.949]
  len 2: 995/1000 = 0.995 [0.988,0.998]
  len 3: 985/1000 = 0.985 [0.975,0.991]
  len 4: 948/1000 = 0.948 [0.932,0.960]
  len 5: 905/1000 = 0.905 [0.885,0.922]
  len 6: 879/1000 = 0.879 [0.857,0.898]
  written hist {2: 1031, 3: 980, 4: 918, 5: 901, 6: 875, 7: 4, 8: 3}
  pruned hist {2: 1032, 3: 983, 4: 920, 5: 902, 6: 870, 7: 2, 8: 3}
  frontier written 6 pruned 6
  reasons [('rule check failed: ANDI', 79), ('rule check failed: IMPE', 55), ("parse: expected line index, got 'LEANPARSE'", 32), ('rule check failed: ORI2', 27), ('rule check failed: ORI1', 23), ('rule check failed: ANDE1', 14)]
[la_T1_seq2_s0 r6] targets cumulative: solved 2646/4495 L*=11 ge={7: 2646, 8: 1295, 9: 568, 10: 105, 11: 7, 12: 2}
[la_T1_seq2_s0 r6] transfer cumulative: solved 799/2285 L*=11 ge={7: 799, 8: 711, 9: 558, 10: 89, 11: 13, 12: 2}
python3 train.py --data artifacts/lf/la_T1_seq2_s0/mix_6.jsonl --init ckpts/ladder/la_T1_seq2_s0_r5.pt --steps 600 --lr 0.0003 --min_lr 2.9999999999999997e-05 --warmup 50 --cap 0 --out ckpts/ladder/la_T1_seq2_s0_r6.pt --seed 6 --log_every 200
params 3214336 mode lean_seq shift True
train records 36988 max len 479
step 200 loss 0.0403 lr 2.53e-04 16s
step 400 loss 0.0368 lr 1.09e-04 32s
step 600 loss 0.0346 lr 3.00e-05 47s
saved ckpts/ladder/la_T1_seq2_s0_r6.pt
=== round 6 done in 887s; new proofs 357; cum targets solved 2646 L*=11; transfer L*=11
[lean_gate] 143840 samples, parse-fail 13196, distinct checked 110352: both ok 65936, nd-only 0, lean-only 1, both rej 44415; lean 56.2s wall (650.9s proc, 12 workers), nd_verify 8.7s
[la_T1_seq2_s0 r7] targets (this round) SOLVED 2730/4495 = 0.607 [0.593,0.622]
  len 7: 1383/1800 = 0.768 [0.748,0.787]
  len 8: 739/1000 = 0.739 [0.711,0.765]
  len 9: 494/1004 = 0.492 [0.461,0.523]
  len 10: 106/456 = 0.232 [0.196,0.273]
  len 11: 6/99 = 0.061 [0.028,0.126]
  len 12: 2/106 = 0.019 [0.005,0.066]
  len 13: 0/16 = 0.000 [0.000,0.194]
  len 14: 0/14 = 0.000 [0.000,0.215]
  written hist {7: 1584, 8: 1512, 9: 1150, 10: 418, 11: 75, 12: 14, 13: 1, 14: 2}
  pruned hist {5: 72, 6: 399, 7: 1624, 8: 1446, 9: 906, 10: 266, 11: 34, 12: 9}
  frontier written 12 pruned 12
  reasons [("parse: expected line index, got 'LEANPARSE'", 13196), ('rule check failed: IMPE', 11692), ('rule check failed: ANDI', 9525), ('rule check failed: NEGE', 5578), ('rule check failed: ORI1', 3770), ('rule check failed: DN', 3436)]
[lean_gate] 73120 samples, parse-fail 12294, distinct checked 53143: both ok 13428, nd-only 0, lean-only 10, both rej 39705; lean 31.5s wall (367.4s proc, 12 workers), nd_verify 3.0s
[la_T1_seq2_s0 r7] transfer (this round, pass@32) SOLVED 796/2285 = 0.348 [0.329,0.368]
  len 7: 86/300 = 0.287 [0.238,0.340]
  len 8: 153/300 = 0.510 [0.454,0.566]
  len 9: 469/1010 = 0.464 [0.434,0.495]
  len 10: 74/451 = 0.164 [0.133,0.201]
  len 11: 11/99 = 0.111 [0.063,0.188]
  len 12: 3/102 = 0.029 [0.010,0.083]
  len 13: 0/13 = 0.000 [0.000,0.228]
  len 14: 0/10 = 0.000 [0.000,0.278]
  written hist {7: 88, 8: 213, 9: 780, 10: 257, 11: 59, 12: 9, 13: 1}
  pruned hist {5: 5, 6: 10, 7: 154, 8: 358, 9: 679, 10: 171, 11: 27, 12: 3}
  frontier written 12 pruned 11
  reasons [("parse: expected line index, got 'LEANPARSE'", 12294), ('rule check failed: IMPE', 10644), ('rule check failed: ANDI', 9092), ('rule check failed: NEGE', 4888), ('rule check failed: ORI2', 2915), ('rule check failed: DN', 2842)]
[lean_gate] 2285 samples, parse-fail 284, distinct checked 2001: both ok 545, nd-only 0, lean-only 0, both rej 1456; lean 2.1s wall (10.8s proc, 12 workers), nd_verify 0.1s
[la_T1_seq2_s0 r7] transfer greedy SOLVED 545/2285 = 0.239 [0.221,0.256]
  len 7: 58/300 = 0.193 [0.153,0.242]
  len 8: 123/300 = 0.410 [0.356,0.466]
  len 9: 323/1010 = 0.320 [0.292,0.349]
  len 10: 37/451 = 0.082 [0.060,0.111]
  len 11: 3/99 = 0.030 [0.010,0.085]
  len 12: 1/102 = 0.010 [0.002,0.053]
  len 13: 0/13 = 0.000 [0.000,0.228]
  len 14: 0/10 = 0.000 [0.000,0.278]
  written hist {7: 49, 8: 121, 9: 309, 10: 51, 11: 13, 12: 2}
  pruned hist {6: 7, 7: 64, 8: 181, 9: 250, 10: 37, 11: 5, 12: 1}
  frontier written 11 pruned 11
  reasons [('rule check failed: IMPE', 354), ('rule check failed: ANDI', 304), ("parse: expected line index, got 'LEANPARSE'", 284), ('rule check failed: NEGE', 161), ('rule check failed: ORI2', 94), ('rule check failed: DN', 89)]
[lean_gate] 5000 samples, parse-fail 23, distinct checked 4977: both ok 4733, nd-only 0, lean-only 0, both rej 244; lean 2.6s wall (23.4s proc, 12 workers), nd_verify 0.2s
[la_T1_seq2_s0 r7] heldout greedy SOLVED 4733/5000 = 0.947 [0.940,0.952]
  len 2: 995/1000 = 0.995 [0.988,0.998]
  len 3: 987/1000 = 0.987 [0.978,0.992]
  len 4: 954/1000 = 0.954 [0.939,0.965]
  len 5: 915/1000 = 0.915 [0.896,0.931]
  len 6: 882/1000 = 0.882 [0.861,0.901]
  written hist {2: 1031, 3: 977, 4: 930, 5: 907, 6: 878, 7: 6, 8: 4}
  pruned hist {2: 1033, 3: 982, 4: 935, 5: 902, 6: 873, 7: 4, 8: 4}
  frontier written 7 pruned 6
  reasons [('rule check failed: ANDI', 69), ('rule check failed: IMPE', 52), ('rule check failed: ORI1', 23), ("parse: expected line index, got 'LEANPARSE'", 23), ('rule check failed: NEGE', 23), ('rule check failed: ORI2', 17)]
[la_T1_seq2_s0 r7] targets cumulative: solved 2730/4495 L*=11 ge={7: 2730, 8: 1347, 9: 608, 10: 114, 11: 8, 12: 2}
[la_T1_seq2_s0 r7] transfer cumulative: solved 861/2285 L*=11 ge={7: 861, 8: 767, 9: 604, 10: 101, 11: 17, 12: 3}
python3 train.py --data artifacts/lf/la_T1_seq2_s0/mix_7.jsonl --init ckpts/ladder/la_T1_seq2_s0_r6.pt --steps 600 --lr 0.0003 --min_lr 2.9999999999999997e-05 --warmup 50 --cap 0 --out ckpts/ladder/la_T1_seq2_s0_r7.pt --seed 7 --log_every 200
params 3214336 mode lean_seq shift True
train records 38208 max len 524
step 200 loss 0.0361 lr 2.53e-04 17s
step 400 loss 0.0361 lr 1.09e-04 33s
step 600 loss 0.0361 lr 3.00e-05 49s
saved ckpts/ladder/la_T1_seq2_s0_r7.pt
=== round 7 done in 875s; new proofs 363; cum targets solved 2730 L*=11; transfer L*=11
[lean_gate] 143840 samples, parse-fail 13251, distinct checked 110725: both ok 68412, nd-only 0, lean-only 1, both rej 42312; lean 76.7s wall (899.4s proc, 12 workers), nd_verify 7.4s
[la_T1_seq2_s0 r8] targets (this round) SOLVED 2820/4495 = 0.627 [0.613,0.641]
  len 7: 1410/1800 = 0.783 [0.764,0.802]
  len 8: 752/1000 = 0.752 [0.724,0.778]
  len 9: 534/1004 = 0.532 [0.501,0.563]
  len 10: 115/456 = 0.252 [0.215,0.294]
  len 11: 7/99 = 0.071 [0.035,0.139]
  len 12: 2/106 = 0.019 [0.005,0.066]
  len 13: 0/16 = 0.000 [0.000,0.194]
  len 14: 0/14 = 0.000 [0.000,0.215]
  written hist {7: 1624, 8: 1605, 9: 1318, 10: 505, 11: 101, 12: 17, 13: 3, 14: 2}
  pruned hist {5: 80, 6: 425, 7: 1700, 8: 1556, 9: 1038, 10: 314, 11: 49, 12: 13}
  frontier written 12 pruned 12
  reasons [("parse: expected line index, got 'LEANPARSE'", 13251), ('rule check failed: IMPE', 11504), ('rule check failed: ANDI', 9174), ('rule check failed: NEGE', 4791), ('rule check failed: ORI1', 3535), ('rule check failed: R', 3182)]
[lean_gate] 73120 samples, parse-fail 12527, distinct checked 53132: both ok 14246, nd-only 0, lean-only 0, both rej 38886; lean 28.9s wall (333.7s proc, 12 workers), nd_verify 2.7s
[la_T1_seq2_s0 r8] transfer (this round, pass@32) SOLVED 825/2285 = 0.361 [0.342,0.381]
  len 7: 93/300 = 0.310 [0.260,0.364]
  len 8: 153/300 = 0.510 [0.454,0.566]
  len 9: 484/1010 = 0.479 [0.449,0.510]
  len 10: 80/451 = 0.177 [0.145,0.215]
  len 11: 11/99 = 0.111 [0.063,0.188]
  len 12: 4/102 = 0.039 [0.015,0.097]
  len 13: 0/13 = 0.000 [0.000,0.228]
  len 14: 0/10 = 0.000 [0.000,0.278]
  written hist {7: 100, 8: 214, 9: 891, 10: 321, 11: 84, 12: 12, 13: 1}
  pruned hist {5: 5, 6: 13, 7: 157, 8: 405, 9: 780, 10: 218, 11: 42, 12: 3}
  frontier written 12 pruned 11
  reasons [("parse: expected line index, got 'LEANPARSE'", 12527), ('rule check failed: IMPE', 10421), ('rule check failed: ANDI', 9311), ('rule check failed: NEGE', 4325), ('rule check failed: R', 3023), ('rule check failed: ORI1', 2692)]
[lean_gate] 2285 samples, parse-fail 330, distinct checked 1955: both ok 552, nd-only 0, lean-only 0, both rej 1403; lean 2.0s wall (9.3s proc, 12 workers), nd_verify 0.1s
[la_T1_seq2_s0 r8] transfer greedy SOLVED 552/2285 = 0.242 [0.224,0.260]
  len 7: 65/300 = 0.217 [0.174,0.267]
  len 8: 123/300 = 0.410 [0.356,0.466]
  len 9: 321/1010 = 0.318 [0.290,0.347]
  len 10: 37/451 = 0.082 [0.060,0.111]
  len 11: 5/99 = 0.051 [0.022,0.113]
  len 12: 1/102 = 0.010 [0.002,0.053]
  len 13: 0/13 = 0.000 [0.000,0.228]
  len 14: 0/10 = 0.000 [0.000,0.278]
  written hist {7: 55, 8: 120, 9: 305, 10: 56, 11: 14, 12: 2}
  pruned hist {6: 8, 7: 67, 8: 176, 9: 251, 10: 45, 11: 4, 12: 1}
  frontier written 11 pruned 10
  reasons [("parse: expected line index, got 'LEANPARSE'", 330), ('rule check failed: IMPE', 325), ('rule check failed: ANDI', 316), ('rule check failed: NEGE', 141), ('rule check failed: R', 105), ('rule check failed: ORI1', 84)]
[lean_gate] 5000 samples, parse-fail 24, distinct checked 4976: both ok 4753, nd-only 0, lean-only 0, both rej 223; lean 2.4s wall (22.2s proc, 12 workers), nd_verify 0.2s
[la_T1_seq2_s0 r8] heldout greedy SOLVED 4753/5000 = 0.951 [0.944,0.956]
  len 2: 996/1000 = 0.996 [0.990,0.998]
  len 3: 985/1000 = 0.985 [0.975,0.991]
  len 4: 960/1000 = 0.960 [0.946,0.970]
  len 5: 922/1000 = 0.922 [0.904,0.937]
  len 6: 890/1000 = 0.890 [0.869,0.908]
  written hist {2: 1028, 3: 982, 4: 943, 5: 914, 6: 872, 7: 6, 8: 6, 9: 1, 10: 1}
  pruned hist {2: 1030, 3: 984, 4: 950, 5: 913, 6: 866, 7: 3, 8: 6, 9: 1}
  frontier written 8 pruned 8
  reasons [('rule check failed: IMPE', 56), ('rule check failed: ANDI', 53), ("parse: expected line index, got 'LEANPARSE'", 24), ('rule check failed: ORI2', 20), ('rule check failed: NEGE', 18), ('rule check failed: ORI1', 16)]
[la_T1_seq2_s0 r8] targets cumulative: solved 2820/4495 L*=11 ge={7: 2820, 8: 1410, 9: 658, 10: 124, 11: 9, 12: 2}
[la_T1_seq2_s0 r8] transfer cumulative: solved 906/2285 L*=12 ge={7: 906, 8: 807, 9: 641, 10: 108, 11: 20, 12: 5}
python3 train.py --data artifacts/lf/la_T1_seq2_s0/mix_8.jsonl --init ckpts/ladder/la_T1_seq2_s0_r7.pt --steps 600 --lr 0.0003 --min_lr 2.9999999999999997e-05 --warmup 50 --cap 0 --out ckpts/ladder/la_T1_seq2_s0_r8.pt --seed 8 --log_every 200
params 3214336 mode lean_seq shift True
train records 39620 max len 486
step 200 loss 0.0380 lr 2.53e-04 12s
step 400 loss 0.0375 lr 1.09e-04 23s
step 600 loss 0.0380 lr 3.00e-05 34s
saved ckpts/ladder/la_T1_seq2_s0_r8.pt
=== round 8 done in 809s; new proofs 439; cum targets solved 2820 L*=11; transfer L*=12
END 2026-09-22T07:53:52Z
