START 2026-09-21T03:27:21Z until [ -f ckpts/lf/stage1_full_seq_s0.pt ]; do sleep 30; done; python3 ladder_ei.py --init ckpts/lf/stage1_full_seq_s0.pt --name la_T1_seq_s0 --outdir artifacts/lf --seed 0 --batch 512
[lean_gate] 143840 samples, parse-fail 24059, distinct checked 104357: both ok 20543, nd-only 0, lean-only 4, both rej 83810; lean 241.8s wall (2846.4s proc, 12 workers), nd_verify 27.1s
[la_T1_seq_s0 r1] targets (this round) SOLVED 1495/4495 = 0.333 [0.319,0.347]
  len 7: 922/1800 = 0.512 [0.489,0.535]
  len 8: 459/1000 = 0.459 [0.428,0.490]
  len 9: 107/1004 = 0.107 [0.089,0.127]
  len 10: 7/456 = 0.015 [0.007,0.031]
  len 11: 0/99 = 0.000 [0.000,0.037]
  len 12: 0/106 = 0.000 [0.000,0.035]
  len 13: 0/16 = 0.000 [0.000,0.194]
  len 14: 0/14 = 0.000 [0.000,0.215]
  written hist {7: 979, 8: 743, 9: 155, 10: 16}
  pruned hist {5: 8, 6: 160, 7: 929, 8: 690, 9: 97, 10: 9}
  frontier written 10 pruned 10
  reasons [("parse: expected line index, got 'LEANPARSE'", 24059), ('rule check failed: IMPE', 21463), ('rule check failed: ANDI', 21270), ('rule check failed: ORI2', 8996), ('rule check failed: NEGE', 8269), ('rule check failed: ORI1', 8224)]
[lean_gate] 73120 samples, parse-fail 16297, distinct checked 50158: both ok 2565, nd-only 0, lean-only 1, both rej 47592; lean 62.2s wall (709.4s proc, 12 workers), nd_verify 6.4s
[la_T1_seq_s0 r1] transfer (this round, pass@32) SOLVED 225/2285 = 0.098 [0.087,0.111]
  len 7: 34/300 = 0.113 [0.082,0.154]
  len 8: 91/300 = 0.303 [0.254,0.358]
  len 9: 93/1010 = 0.092 [0.076,0.111]
  len 10: 7/451 = 0.016 [0.008,0.032]
  len 11: 0/99 = 0.000 [0.000,0.037]
  len 12: 0/102 = 0.000 [0.000,0.036]
  len 13: 0/13 = 0.000 [0.000,0.228]
  len 14: 0/10 = 0.000 [0.000,0.278]
  written hist {7: 41, 8: 119, 9: 118, 10: 14}
  pruned hist {6: 6, 7: 59, 8: 150, 9: 68, 10: 9}
  frontier written 10 pruned 10
  reasons [("parse: expected line index, got 'LEANPARSE'", 16297), ('rule check failed: ANDI', 13215), ('rule check failed: IMPE', 13150), ('rule check failed: NEGE', 5116), ('rule check failed: ORI1', 4379), ('rule check failed: ORI2', 4257)]
[lean_gate] 2285 samples, parse-fail 411, distinct checked 1874: both ok 111, nd-only 0, lean-only 0, both rej 1763; lean 2.8s wall (12.9s proc, 12 workers), nd_verify 0.1s
[la_T1_seq_s0 r1] transfer greedy SOLVED 111/2285 = 0.049 [0.040,0.058]
  len 7: 21/300 = 0.070 [0.046,0.105]
  len 8: 53/300 = 0.177 [0.138,0.224]
  len 9: 35/1010 = 0.035 [0.025,0.048]
  len 10: 2/451 = 0.004 [0.001,0.016]
  len 11: 0/99 = 0.000 [0.000,0.037]
  len 12: 0/102 = 0.000 [0.000,0.036]
  len 13: 0/13 = 0.000 [0.000,0.228]
  len 14: 0/10 = 0.000 [0.000,0.278]
  written hist {7: 18, 8: 55, 9: 34, 10: 4}
  pruned hist {6: 3, 7: 19, 8: 58, 9: 28, 10: 3}
  frontier written 9 pruned 9
  reasons [('rule check failed: ANDI', 461), ('rule check failed: IMPE', 431), ("parse: expected line index, got 'LEANPARSE'", 411), ('rule check failed: NEGE', 181), ('rule check failed: ORI1', 143), ('rule check failed: ORI2', 142)]
[lean_gate] 5000 samples, parse-fail 16, distinct checked 4984: both ok 4678, nd-only 0, lean-only 1, both rej 305; lean 13.8s wall (136.7s proc, 12 workers), nd_verify 1.9s
[la_T1_seq_s0 r1] heldout greedy SOLVED 4678/5000 = 0.936 [0.928,0.942]
  len 2: 1000/1000 = 1.000 [0.996,1.000]
  len 3: 988/1000 = 0.988 [0.979,0.993]
  len 4: 950/1000 = 0.950 [0.935,0.962]
  len 5: 888/1000 = 0.888 [0.867,0.906]
  len 6: 852/1000 = 0.852 [0.829,0.873]
  written hist {2: 1035, 3: 989, 4: 927, 5: 878, 6: 845, 7: 3, 8: 1}
  pruned hist {2: 1037, 3: 988, 4: 928, 5: 878, 6: 843, 7: 3, 8: 1}
  frontier written 6 pruned 6
  reasons [('rule check failed: ANDI', 85), ('rule check failed: IMPE', 59), ('rule check failed: ORI2', 40), ('rule check failed: ORI1', 36), ('rule check failed: NEGE', 24), ('rule check failed: R', 20)]
[la_T1_seq_s0 r1] targets cumulative: solved 1495/4495 L*=10 ge={7: 1495, 8: 573, 9: 114, 10: 7, 11: 0, 12: 0}
[la_T1_seq_s0 r1] transfer cumulative: solved 225/2285 L*=10 ge={7: 225, 8: 191, 9: 100, 10: 7, 11: 0, 12: 0}
python3 train.py --data artifacts/lf/la_T1_seq_s0/mix_1.jsonl --init ckpts/lf/stage1_full_seq_s0.pt --steps 600 --lr 0.0003 --min_lr 2.9999999999999997e-05 --warmup 50 --cap 0 --out ckpts/ladder/la_T1_seq_s0_r1.pt --seed 1 --log_every 200
params 3214336 mode lean_seq shift True
train records 27512 max len 537
step 200 loss 0.0447 lr 2.53e-04 28s
step 400 loss 0.0443 lr 1.09e-04 45s
step 600 loss 0.0435 lr 3.00e-05 67s
saved ckpts/ladder/la_T1_seq_s0_r1.pt
=== round 1 done in 1947s; new proofs 1893; cum targets solved 1495 L*=10; transfer L*=10
[lean_gate] 143840 samples, parse-fail 15988, distinct checked 108192: both ok 39305, nd-only 0, lean-only 0, both rej 68887; lean 192.2s wall (2276.4s proc, 12 workers), nd_verify 43.9s
[la_T1_seq_s0 r2] targets (this round) SOLVED 1916/4495 = 0.426 [0.412,0.441]
  len 7: 1084/1800 = 0.602 [0.579,0.625]
  len 8: 571/1000 = 0.571 [0.540,0.601]
  len 9: 226/1004 = 0.225 [0.200,0.252]
  len 10: 34/456 = 0.075 [0.054,0.102]
  len 11: 1/99 = 0.010 [0.002,0.055]
  len 12: 0/106 = 0.000 [0.000,0.035]
  len 13: 0/16 = 0.000 [0.000,0.194]
  len 14: 0/14 = 0.000 [0.000,0.215]
  written hist {7: 1143, 8: 978, 9: 372, 10: 75, 11: 11}
  pruned hist {5: 25, 6: 235, 7: 1114, 8: 892, 9: 263, 10: 46, 11: 4}
  frontier written 11 pruned 10
  reasons [('rule check failed: ANDI', 19469), ("parse: expected line index, got 'LEANPARSE'", 15988), ('rule check failed: IMPE', 15396), ('rule check failed: NEGE', 7784), ('rule check failed: ORI2', 6739), ('rule check failed: ORI1', 6640)]
[lean_gate] 73120 samples, parse-fail 12578, distinct checked 52515: both ok 5789, nd-only 0, lean-only 0, both rej 46726; lean 47.2s wall (554.6s proc, 12 workers), nd_verify 3.0s
[la_T1_seq_s0 r2] transfer (this round, pass@32) SOLVED 392/2285 = 0.172 [0.157,0.188]
  len 7: 48/300 = 0.160 [0.123,0.206]
  len 8: 110/300 = 0.367 [0.314,0.423]
  len 9: 209/1010 = 0.207 [0.183,0.233]
  len 10: 25/451 = 0.055 [0.038,0.081]
  len 11: 0/99 = 0.000 [0.000,0.037]
  len 12: 0/102 = 0.000 [0.000,0.036]
  len 13: 0/13 = 0.000 [0.000,0.228]
  len 14: 0/10 = 0.000 [0.000,0.278]
  written hist {7: 52, 8: 148, 9: 256, 10: 53, 11: 2}
  pruned hist {6: 7, 7: 83, 8: 190, 9: 193, 10: 37, 11: 1}
  frontier written 10 pruned 10
  reasons [('rule check failed: ANDI', 13867), ("parse: expected line index, got 'LEANPARSE'", 12578), ('rule check failed: IMPE', 11259), ('rule check failed: NEGE', 5494), ('rule check failed: ORI1', 4164), ('rule check failed: ORI2', 3806)]
[lean_gate] 2285 samples, parse-fail 340, distinct checked 1945: both ok 244, nd-only 0, lean-only 0, both rej 1701; lean 6.6s wall (32.0s proc, 12 workers), nd_verify 0.3s
[la_T1_seq_s0 r2] transfer greedy SOLVED 244/2285 = 0.107 [0.095,0.120]
  len 7: 30/300 = 0.100 [0.071,0.139]
  len 8: 89/300 = 0.297 [0.248,0.351]
  len 9: 119/1010 = 0.118 [0.099,0.139]
  len 10: 6/451 = 0.013 [0.006,0.029]
  len 11: 0/99 = 0.000 [0.000,0.037]
  len 12: 0/102 = 0.000 [0.000,0.036]
  len 13: 0/13 = 0.000 [0.000,0.228]
  len 14: 0/10 = 0.000 [0.000,0.278]
  written hist {7: 25, 8: 91, 9: 118, 10: 10}
  pruned hist {6: 4, 7: 27, 8: 115, 9: 92, 10: 6}
  frontier written 10 pruned 10
  reasons [('rule check failed: ANDI', 444), ('rule check failed: IMPE', 360), ("parse: expected line index, got 'LEANPARSE'", 340), ('rule check failed: NEGE', 186), ('rule check failed: ORI1', 129), ('rule check failed: ORI2', 118)]
[lean_gate] 5000 samples, parse-fail 20, distinct checked 4980: both ok 4678, nd-only 0, lean-only 1, both rej 301; lean 4.9s wall (36.9s proc, 12 workers), nd_verify 0.9s
[la_T1_seq_s0 r2] heldout greedy SOLVED 4678/5000 = 0.936 [0.928,0.942]
  len 2: 996/1000 = 0.996 [0.990,0.998]
  len 3: 985/1000 = 0.985 [0.975,0.991]
  len 4: 942/1000 = 0.942 [0.926,0.955]
  len 5: 889/1000 = 0.889 [0.868,0.907]
  len 6: 866/1000 = 0.866 [0.843,0.886]
  written hist {2: 1031, 3: 981, 4: 928, 5: 878, 6: 857, 7: 3}
  pruned hist {2: 1032, 3: 982, 4: 932, 5: 877, 6: 853, 7: 2}
  frontier written 6 pruned 6
  reasons [('rule check failed: ANDI', 75), ('rule check failed: IMPE', 71), ('rule check failed: ORI1', 36), ('rule check failed: ORI2', 34), ("parse: expected line index, got 'LEANPARSE'", 20), ('rule check failed: R', 16)]
[la_T1_seq_s0 r2] targets cumulative: solved 1916/4495 L*=10 ge={7: 1916, 8: 832, 9: 261, 10: 35, 11: 1, 12: 0}
[la_T1_seq_s0 r2] transfer cumulative: solved 401/2285 L*=10 ge={7: 401, 8: 352, 9: 241, 10: 28, 11: 0, 12: 0}
python3 train.py --data artifacts/lf/la_T1_seq_s0/mix_2.jsonl --init ckpts/ladder/la_T1_seq_s0_r1.pt --steps 600 --lr 0.0003 --min_lr 2.9999999999999997e-05 --warmup 50 --cap 0 --out ckpts/ladder/la_T1_seq_s0_r2.pt --seed 2 --log_every 200
params 3214336 mode lean_seq shift True
train records 30200 max len 507
step 200 loss 0.0418 lr 2.53e-04 20s
step 400 loss 0.0388 lr 1.09e-04 43s
step 600 loss 0.0365 lr 3.00e-05 62s
saved ckpts/ladder/la_T1_seq_s0_r2.pt
=== round 2 done in 1847s; new proofs 695; cum targets solved 1916 L*=10; transfer L*=10
[lean_gate] 143840 samples, parse-fail 13656, distinct checked 109479: both ok 47824, nd-only 0, lean-only 3, both rej 61652; lean 171.1s wall (2024.2s proc, 12 workers), nd_verify 12.1s
[la_T1_seq_s0 r3] targets (this round) SOLVED 2139/4495 = 0.476 [0.461,0.490]
  len 7: 1167/1800 = 0.648 [0.626,0.670]
  len 8: 628/1000 = 0.628 [0.598,0.657]
  len 9: 294/1004 = 0.293 [0.266,0.322]
  len 10: 48/456 = 0.105 [0.080,0.137]
  len 11: 2/99 = 0.020 [0.006,0.071]
  len 12: 0/106 = 0.000 [0.000,0.035]
  len 13: 0/16 = 0.000 [0.000,0.194]
  len 14: 0/14 = 0.000 [0.000,0.215]
  written hist {7: 1250, 8: 1120, 9: 532, 10: 127, 11: 14}
  pruned hist {5: 30, 6: 302, 7: 1235, 8: 1012, 9: 376, 10: 83, 11: 5}
  frontier written 11 pruned 11
  reasons [('rule check failed: ANDI', 17572), ("parse: expected line index, got 'LEANPARSE'", 13656), ('rule check failed: IMPE', 12948), ('rule check failed: NEGE', 7338), ('rule check failed: ORI1', 6255), ('rule check failed: DN', 4976)]
[lean_gate] 73120 samples, parse-fail 11400, distinct checked 53321: both ok 7764, nd-only 0, lean-only 0, both rej 45557; lean 52.4s wall (607.1s proc, 12 workers), nd_verify 2.9s
[la_T1_seq_s0 r3] transfer (this round, pass@32) SOLVED 484/2285 = 0.212 [0.196,0.229]
  len 7: 53/300 = 0.177 [0.138,0.224]
  len 8: 122/300 = 0.407 [0.353,0.463]
  len 9: 270/1010 = 0.267 [0.241,0.295]
  len 10: 38/451 = 0.084 [0.062,0.114]
  len 11: 1/99 = 0.010 [0.002,0.055]
  len 12: 0/102 = 0.000 [0.000,0.036]
  len 13: 0/13 = 0.000 [0.000,0.228]
  len 14: 0/10 = 0.000 [0.000,0.278]
  written hist {7: 59, 8: 164, 9: 396, 10: 81, 11: 6, 12: 1}
  pruned hist {5: 1, 6: 9, 7: 97, 8: 230, 9: 318, 10: 51, 11: 1}
  frontier written 11 pruned 10
  reasons [('rule check failed: ANDI', 13625), ("parse: expected line index, got 'LEANPARSE'", 11400), ('rule check failed: IMPE', 10767), ('rule check failed: NEGE', 5320), ('rule check failed: ORI1', 4619), ('rule check failed: ANDE2', 3316)]
[lean_gate] 2285 samples, parse-fail 306, distinct checked 1979: both ok 310, nd-only 0, lean-only 0, both rej 1669; lean 6.9s wall (33.1s proc, 12 workers), nd_verify 0.4s
[la_T1_seq_s0 r3] transfer greedy SOLVED 310/2285 = 0.136 [0.122,0.150]
  len 7: 31/300 = 0.103 [0.074,0.143]
  len 8: 104/300 = 0.347 [0.295,0.402]
  len 9: 160/1010 = 0.158 [0.137,0.182]
  len 10: 15/451 = 0.033 [0.020,0.054]
  len 11: 0/99 = 0.000 [0.000,0.037]
  len 12: 0/102 = 0.000 [0.000,0.036]
  len 13: 0/13 = 0.000 [0.000,0.228]
  len 14: 0/10 = 0.000 [0.000,0.278]
  written hist {7: 24, 8: 103, 9: 162, 10: 20, 11: 1}
  pruned hist {6: 5, 7: 29, 8: 134, 9: 125, 10: 17}
  frontier written 10 pruned 10
  reasons [('rule check failed: ANDI', 444), ('rule check failed: IMPE', 345), ("parse: expected line index, got 'LEANPARSE'", 306), ('rule check failed: NEGE', 174), ('rule check failed: ORI1', 150), ('rule check failed: ANDE2', 108)]
[lean_gate] 5000 samples, parse-fail 20, distinct checked 4980: both ok 4681, nd-only 0, lean-only 2, both rej 297; lean 3.5s wall (34.5s proc, 12 workers), nd_verify 0.2s
[la_T1_seq_s0 r3] heldout greedy SOLVED 4681/5000 = 0.936 [0.929,0.943]
  len 2: 999/1000 = 0.999 [0.994,1.000]
  len 3: 988/1000 = 0.988 [0.979,0.993]
  len 4: 941/1000 = 0.941 [0.925,0.954]
  len 5: 881/1000 = 0.881 [0.859,0.900]
  len 6: 872/1000 = 0.872 [0.850,0.891]
  written hist {2: 1031, 3: 991, 4: 931, 5: 860, 6: 862, 7: 5, 8: 1}
  pruned hist {2: 1033, 3: 990, 4: 934, 5: 860, 6: 858, 7: 5, 8: 1}
  frontier written 7 pruned 7
  reasons [('rule check failed: ANDI', 83), ('rule check failed: IMPE', 54), ('rule check failed: ORI1', 39), ('rule check failed: ORI2', 31), ('rule check failed: NEGE', 23), ("parse: expected line index, got 'LEANPARSE'", 20)]
[la_T1_seq_s0 r3] targets cumulative: solved 2139/4495 L*=10 ge={7: 2139, 8: 972, 9: 344, 10: 50, 11: 2, 12: 0}
[la_T1_seq_s0 r3] transfer cumulative: solved 507/2285 L*=10 ge={7: 507, 8: 451, 9: 327, 10: 43, 11: 1, 12: 0}
python3 train.py --data artifacts/lf/la_T1_seq_s0/mix_3.jsonl --init ckpts/ladder/la_T1_seq_s0_r2.pt --steps 600 --lr 0.0003 --min_lr 2.9999999999999997e-05 --warmup 50 --cap 0 --out ckpts/ladder/la_T1_seq_s0_r3.pt --seed 3 --log_every 200
params 3214336 mode lean_seq shift True
train records 31976 max len 477
step 200 loss 0.0410 lr 2.53e-04 23s
step 400 loss 0.0416 lr 1.09e-04 47s
step 600 loss 0.0408 lr 3.00e-05 69s
saved ckpts/ladder/la_T1_seq_s0_r3.pt
=== round 3 done in 1807s; new proofs 479; cum targets solved 2139 L*=10; transfer L*=10
[lean_gate] 143840 samples, parse-fail 12524, distinct checked 110014: both ok 52826, nd-only 0, lean-only 0, both rej 57188; lean 166.1s wall (1953.1s proc, 12 workers), nd_verify 15.0s
[la_T1_seq_s0 r4] targets (this round) SOLVED 2301/4495 = 0.512 [0.497,0.526]
  len 7: 1230/1800 = 0.683 [0.661,0.704]
  len 8: 659/1000 = 0.659 [0.629,0.688]
  len 9: 346/1004 = 0.345 [0.316,0.375]
  len 10: 63/456 = 0.138 [0.109,0.173]
  len 11: 3/99 = 0.030 [0.010,0.085]
  len 12: 0/106 = 0.000 [0.000,0.035]
  len 13: 0/16 = 0.000 [0.000,0.194]
  len 14: 0/14 = 0.000 [0.000,0.215]
  written hist {7: 1316, 8: 1232, 9: 670, 10: 183, 11: 25, 12: 1}
  pruned hist {5: 35, 6: 331, 7: 1338, 8: 1109, 9: 491, 10: 110, 11: 12, 12: 1}
  frontier written 11 pruned 11
  reasons [('rule check failed: ANDI', 15810), ('rule check failed: IMPE', 12881), ("parse: expected line index, got 'LEANPARSE'", 12524), ('rule check failed: NEGE', 6773), ('rule check failed: ORI1', 5995), ('rule check failed: ORI2', 4497)]
[lean_gate] 73120 samples, parse-fail 11206, distinct checked 53280: both ok 9286, nd-only 0, lean-only 0, both rej 43994; lean 51.6s wall (598.3s proc, 12 workers), nd_verify 5.9s
[la_T1_seq_s0 r4] transfer (this round, pass@32) SOLVED 569/2285 = 0.249 [0.232,0.267]
  len 7: 52/300 = 0.173 [0.135,0.220]
  len 8: 133/300 = 0.443 [0.388,0.500]
  len 9: 335/1010 = 0.332 [0.303,0.361]
  len 10: 46/451 = 0.102 [0.077,0.133]
  len 11: 2/99 = 0.020 [0.006,0.071]
  len 12: 1/102 = 0.010 [0.002,0.053]
  len 13: 0/13 = 0.000 [0.000,0.228]
  len 14: 0/10 = 0.000 [0.000,0.278]
  written hist {7: 58, 8: 184, 9: 507, 10: 128, 11: 11, 12: 1}
  pruned hist {5: 2, 6: 9, 7: 108, 8: 268, 9: 417, 10: 80, 11: 4, 12: 1}
  frontier written 11 pruned 10
  reasons [('rule check failed: ANDI', 12592), ("parse: expected line index, got 'LEANPARSE'", 11206), ('rule check failed: IMPE', 11028), ('rule check failed: NEGE', 5415), ('rule check failed: ORI1', 4713), ('rule check failed: ORI2', 3163)]
[lean_gate] 2285 samples, parse-fail 286, distinct checked 1999: both ok 381, nd-only 0, lean-only 0, both rej 1618; lean 2.9s wall (13.9s proc, 12 workers), nd_verify 0.1s
[la_T1_seq_s0 r4] transfer greedy SOLVED 381/2285 = 0.167 [0.152,0.183]
  len 7: 32/300 = 0.107 [0.077,0.147]
  len 8: 110/300 = 0.367 [0.314,0.423]
  len 9: 218/1010 = 0.216 [0.192,0.242]
  len 10: 20/451 = 0.044 [0.029,0.068]
  len 11: 1/99 = 0.010 [0.002,0.055]
  len 12: 0/102 = 0.000 [0.000,0.036]
  len 13: 0/13 = 0.000 [0.000,0.228]
  len 14: 0/10 = 0.000 [0.000,0.278]
  written hist {7: 24, 8: 110, 9: 211, 10: 34, 11: 2}
  pruned hist {6: 3, 7: 30, 8: 154, 9: 169, 10: 24, 11: 1}
  frontier written 10 pruned 10
  reasons [('rule check failed: ANDI', 404), ('rule check failed: IMPE', 366), ("parse: expected line index, got 'LEANPARSE'", 286), ('rule check failed: NEGE', 171), ('rule check failed: ORI1', 149), ('rule check failed: ORI2', 98)]
[lean_gate] 5000 samples, parse-fail 20, distinct checked 4980: both ok 4683, nd-only 0, lean-only 1, both rej 296; lean 3.6s wall (35.1s proc, 12 workers), nd_verify 0.2s
[la_T1_seq_s0 r4] heldout greedy SOLVED 4683/5000 = 0.937 [0.930,0.943]
  len 2: 996/1000 = 0.996 [0.990,0.998]
  len 3: 989/1000 = 0.989 [0.980,0.994]
  len 4: 947/1000 = 0.947 [0.931,0.959]
  len 5: 883/1000 = 0.883 [0.862,0.901]
  len 6: 868/1000 = 0.868 [0.846,0.888]
  written hist {2: 1032, 3: 988, 4: 940, 5: 869, 6: 851, 7: 2, 8: 1}
  pruned hist {2: 1034, 3: 989, 4: 942, 5: 871, 6: 844, 7: 2, 8: 1}
  frontier written 6 pruned 6
  reasons [('rule check failed: ANDI', 83), ('rule check failed: IMPE', 60), ('rule check failed: ORI2', 39), ('rule check failed: ORI1', 32), ('rule check failed: R', 23), ('rule check failed: NEGE', 21)]
[la_T1_seq_s0 r4] targets cumulative: solved 2301/4495 L*=10 ge={7: 2301, 8: 1071, 9: 412, 10: 66, 11: 3, 12: 0}
[la_T1_seq_s0 r4] transfer cumulative: solved 611/2285 L*=10 ge={7: 611, 8: 552, 9: 414, 10: 57, 11: 4, 12: 1}
python3 train.py --data artifacts/lf/la_T1_seq_s0/mix_4.jsonl --init ckpts/ladder/la_T1_seq_s0_r3.pt --steps 600 --lr 0.0003 --min_lr 2.9999999999999997e-05 --warmup 50 --cap 0 --out ckpts/ladder/la_T1_seq_s0_r4.pt --seed 4 --log_every 200
params 3214336 mode lean_seq shift True
train records 33400 max len 537
step 200 loss 0.0381 lr 2.53e-04 24s
step 400 loss 0.0394 lr 1.09e-04 46s
step 600 loss 0.0391 lr 3.00e-05 68s
saved ckpts/ladder/la_T1_seq_s0_r4.pt
=== round 4 done in 1802s; new proofs 397; cum targets solved 2301 L*=10; transfer L*=10
[lean_gate] 143840 samples, parse-fail 11658, distinct checked 110743: both ok 56766, nd-only 0, lean-only 0, both rej 53977; lean 171.4s wall (2037.3s proc, 12 workers), nd_verify 6.5s
[la_T1_seq_s0 r5] targets (this round) SOLVED 2400/4495 = 0.534 [0.519,0.548]
  len 7: 1263/1800 = 0.702 [0.680,0.722]
  len 8: 682/1000 = 0.682 [0.652,0.710]
  len 9: 377/1004 = 0.375 [0.346,0.406]
  len 10: 72/456 = 0.158 [0.127,0.194]
  len 11: 5/99 = 0.051 [0.022,0.113]
  len 12: 1/106 = 0.009 [0.002,0.052]
  len 13: 0/16 = 0.000 [0.000,0.194]
  len 14: 0/14 = 0.000 [0.000,0.215]
  written hist {7: 1373, 8: 1343, 9: 765, 10: 240, 11: 38, 12: 5}
  pruned hist {5: 41, 6: 358, 7: 1439, 8: 1187, 9: 572, 10: 141, 11: 23, 12: 3}
  frontier written 12 pruned 11
  reasons [('rule check failed: ANDI', 14883), ('rule check failed: IMPE', 12436), ("parse: expected line index, got 'LEANPARSE'", 11658), ('rule check failed: NEGE', 7082), ('rule check failed: ORI1', 6281), ('rule check failed: DN', 4078)]
[lean_gate] 73120 samples, parse-fail 10979, distinct checked 53318: both ok 10298, nd-only 0, lean-only 0, both rej 43020; lean 83.5s wall (978.1s proc, 12 workers), nd_verify 3.0s
[la_T1_seq_s0 r5] transfer (this round, pass@32) SOLVED 616/2285 = 0.270 [0.252,0.288]
  len 7: 55/300 = 0.183 [0.144,0.231]
  len 8: 136/300 = 0.453 [0.398,0.510]
  len 9: 367/1010 = 0.363 [0.334,0.393]
  len 10: 55/451 = 0.122 [0.095,0.155]
  len 11: 3/99 = 0.030 [0.010,0.085]
  len 12: 0/102 = 0.000 [0.000,0.036]
  len 13: 0/13 = 0.000 [0.000,0.228]
  len 14: 0/10 = 0.000 [0.000,0.278]
  written hist {7: 62, 8: 187, 9: 567, 10: 164, 11: 20, 12: 1}
  pruned hist {5: 4, 6: 6, 7: 117, 8: 295, 9: 463, 10: 107, 11: 9}
  frontier written 11 pruned 11
  reasons [('rule check failed: ANDI', 12076), ('rule check failed: IMPE', 11017), ("parse: expected line index, got 'LEANPARSE'", 10979), ('rule check failed: NEGE', 5628), ('rule check failed: ORI1', 4921), ('rule check failed: ANDE2', 3007)]
[lean_gate] 2285 samples, parse-fail 303, distinct checked 1982: both ok 416, nd-only 0, lean-only 0, both rej 1566; lean 2.9s wall (14.0s proc, 12 workers), nd_verify 0.1s
[la_T1_seq_s0 r5] transfer greedy SOLVED 416/2285 = 0.182 [0.167,0.198]
  len 7: 38/300 = 0.127 [0.094,0.169]
  len 8: 109/300 = 0.363 [0.311,0.419]
  len 9: 239/1010 = 0.237 [0.211,0.264]
  len 10: 28/451 = 0.062 [0.043,0.088]
  len 11: 2/99 = 0.020 [0.006,0.071]
  len 12: 0/102 = 0.000 [0.000,0.036]
  len 13: 0/13 = 0.000 [0.000,0.228]
  len 14: 0/10 = 0.000 [0.000,0.278]
  written hist {7: 28, 8: 109, 9: 232, 10: 43, 11: 4}
  pruned hist {6: 5, 7: 36, 8: 156, 9: 187, 10: 30, 11: 2}
  frontier written 10 pruned 10
  reasons [('rule check failed: ANDI', 387), ('rule check failed: IMPE', 339), ("parse: expected line index, got 'LEANPARSE'", 303), ('rule check failed: NEGE', 177), ('rule check failed: ORI1', 154), ('rule check failed: ANDE2', 104)]
[lean_gate] 5000 samples, parse-fail 28, distinct checked 4972: both ok 4699, nd-only 0, lean-only 1, both rej 272; lean 3.8s wall (34.9s proc, 12 workers), nd_verify 0.2s
[la_T1_seq_s0 r5] heldout greedy SOLVED 4699/5000 = 0.940 [0.933,0.946]
  len 2: 998/1000 = 0.998 [0.993,0.999]
  len 3: 988/1000 = 0.988 [0.979,0.993]
  len 4: 952/1000 = 0.952 [0.937,0.964]
  len 5: 892/1000 = 0.892 [0.871,0.910]
  len 6: 869/1000 = 0.869 [0.847,0.889]
  written hist {2: 1034, 3: 988, 4: 929, 5: 887, 6: 855, 7: 4, 8: 1, 9: 1}
  pruned hist {2: 1035, 3: 990, 4: 936, 5: 882, 6: 850, 7: 4, 8: 1, 9: 1}
  frontier written 6 pruned 6
  reasons [('rule check failed: ANDI', 76), ('rule check failed: IMPE', 54), ('rule check failed: ORI1', 33), ("parse: expected line index, got 'LEANPARSE'", 28), ('rule check failed: NEGE', 28), ('rule check failed: ORI2', 25)]
[la_T1_seq_s0 r5] targets cumulative: solved 2400/4495 L*=11 ge={7: 2400, 8: 1137, 9: 455, 10: 78, 11: 6, 12: 1}
[la_T1_seq_s0 r5] transfer cumulative: solved 673/2285 L*=11 ge={7: 673, 8: 611, 9: 466, 10: 68, 11: 5, 12: 1}
python3 train.py --data artifacts/lf/la_T1_seq_s0/mix_5.jsonl --init ckpts/ladder/la_T1_seq_s0_r4.pt --steps 600 --lr 0.0003 --min_lr 2.9999999999999997e-05 --warmup 50 --cap 0 --out ckpts/ladder/la_T1_seq_s0_r5.pt --seed 5 --log_every 200
params 3214336 mode lean_seq shift True
train records 34640 max len 470
step 200 loss 0.0407 lr 2.53e-04 23s
step 400 loss 0.0374 lr 1.09e-04 47s
step 600 loss 0.0373 lr 3.00e-05 69s
saved ckpts/ladder/la_T1_seq_s0_r5.pt
=== round 5 done in 2129s; new proofs 357; cum targets solved 2400 L*=11; transfer L*=11
[lean_gate] 143840 samples, parse-fail 12523, distinct checked 110262: both ok 59522, nd-only 0, lean-only 1, both rej 50739; lean 135.4s wall (1604.5s proc, 12 workers), nd_verify 6.7s
[la_T1_seq_s0 r6] targets (this round) SOLVED 2475/4495 = 0.551 [0.536,0.565]
  len 7: 1286/1800 = 0.714 [0.693,0.735]
  len 8: 699/1000 = 0.699 [0.670,0.727]
  len 9: 402/1004 = 0.400 [0.371,0.431]
  len 10: 82/456 = 0.180 [0.147,0.218]
  len 11: 5/99 = 0.051 [0.022,0.113]
  len 12: 1/106 = 0.009 [0.002,0.052]
  len 13: 0/16 = 0.000 [0.000,0.194]
  len 14: 0/14 = 0.000 [0.000,0.215]
  written hist {7: 1408, 8: 1417, 9: 851, 10: 305, 11: 41, 12: 9}
  pruned hist {5: 44, 6: 374, 7: 1506, 8: 1267, 9: 642, 10: 166, 11: 27, 12: 5}
  frontier written 12 pruned 12
  reasons [('rule check failed: ANDI', 13048), ("parse: expected line index, got 'LEANPARSE'", 12523), ('rule check failed: IMPE', 11448), ('rule check failed: NEGE', 6102), ('rule check failed: ORI1', 5386), ('rule check failed: ORI2', 4060)]
[lean_gate] 73120 samples, parse-fail 12168, distinct checked 52486: both ok 10966, nd-only 0, lean-only 0, both rej 41520; lean 86.1s wall (1013.6s proc, 12 workers), nd_verify 3.0s
[la_T1_seq_s0 r6] transfer (this round, pass@32) SOLVED 626/2285 = 0.274 [0.256,0.293]
  len 7: 59/300 = 0.197 [0.156,0.245]
  len 8: 138/300 = 0.460 [0.404,0.517]
  len 9: 371/1010 = 0.367 [0.338,0.398]
  len 10: 54/451 = 0.120 [0.093,0.153]
  len 11: 3/99 = 0.030 [0.010,0.085]
  len 12: 1/102 = 0.010 [0.002,0.053]
  len 13: 0/13 = 0.000 [0.000,0.228]
  len 14: 0/10 = 0.000 [0.000,0.278]
  written hist {7: 58, 8: 192, 9: 616, 10: 170, 11: 23, 12: 3}
  pruned hist {5: 4, 6: 9, 7: 118, 8: 313, 9: 501, 10: 102, 11: 14, 12: 1}
  frontier written 11 pruned 11
  reasons [("parse: expected line index, got 'LEANPARSE'", 12168), ('rule check failed: ANDI', 10858), ('rule check failed: IMPE', 10298), ('rule check failed: NEGE', 4968), ('rule check failed: ORI1', 4254), ('rule check failed: ORI2', 3349)]
[lean_gate] 2285 samples, parse-fail 325, distinct checked 1960: both ok 430, nd-only 0, lean-only 0, both rej 1530; lean 2.9s wall (13.6s proc, 12 workers), nd_verify 0.1s
[la_T1_seq_s0 r6] transfer greedy SOLVED 430/2285 = 0.188 [0.173,0.205]
  len 7: 42/300 = 0.140 [0.105,0.184]
  len 8: 109/300 = 0.363 [0.311,0.419]
  len 9: 249/1010 = 0.247 [0.221,0.274]
  len 10: 28/451 = 0.062 [0.043,0.088]
  len 11: 2/99 = 0.020 [0.006,0.071]
  len 12: 0/102 = 0.000 [0.000,0.036]
  len 13: 0/13 = 0.000 [0.000,0.228]
  len 14: 0/10 = 0.000 [0.000,0.278]
  written hist {7: 29, 8: 111, 9: 245, 10: 41, 11: 4}
  pruned hist {5: 1, 6: 5, 7: 36, 8: 162, 9: 194, 10: 31, 11: 1}
  frontier written 10 pruned 10
  reasons [('rule check failed: ANDI', 369), ('rule check failed: IMPE', 341), ("parse: expected line index, got 'LEANPARSE'", 325), ('rule check failed: NEGE', 157), ('rule check failed: ORI1', 134), ('rule check failed: ORI2', 109)]
[lean_gate] 5000 samples, parse-fail 21, distinct checked 4979: both ok 4697, nd-only 0, lean-only 2, both rej 280; lean 4.3s wall (37.8s proc, 12 workers), nd_verify 0.2s
[la_T1_seq_s0 r6] heldout greedy SOLVED 4697/5000 = 0.939 [0.932,0.946]
  len 2: 996/1000 = 0.996 [0.990,0.998]
  len 3: 988/1000 = 0.988 [0.979,0.993]
  len 4: 946/1000 = 0.946 [0.930,0.958]
  len 5: 901/1000 = 0.901 [0.881,0.918]
  len 6: 866/1000 = 0.866 [0.843,0.886]
  written hist {2: 1032, 3: 990, 4: 926, 5: 883, 6: 854, 7: 8, 8: 3, 9: 1}
  pruned hist {2: 1033, 3: 992, 4: 928, 5: 883, 6: 851, 7: 6, 8: 3, 9: 1}
  frontier written 7 pruned 7
  reasons [('rule check failed: ANDI', 79), ('rule check failed: IMPE', 59), ('rule check failed: ORI2', 35), ('rule check failed: ORI1', 23), ('rule check failed: NEGE', 22), ("parse: expected line index, got 'LEANPARSE'", 21)]
[la_T1_seq_s0 r6] targets cumulative: solved 2476/4495 L*=11 ge={7: 2476, 8: 1190, 9: 490, 10: 88, 11: 6, 12: 1}
[la_T1_seq_s0 r6] transfer cumulative: solved 710/2285 L*=11 ge={7: 710, 8: 643, 9: 493, 10: 74, 11: 6, 12: 2}
python3 train.py --data artifacts/lf/la_T1_seq_s0/mix_6.jsonl --init ckpts/ladder/la_T1_seq_s0_r5.pt --steps 600 --lr 0.0003 --min_lr 2.9999999999999997e-05 --warmup 50 --cap 0 --out ckpts/ladder/la_T1_seq_s0_r6.pt --seed 6 --log_every 200
params 3214336 mode lean_seq shift True
train records 35632 max len 479
step 200 loss 0.0401 lr 2.53e-04 24s
step 400 loss 0.0351 lr 1.09e-04 46s
step 600 loss 0.0394 lr 3.00e-05 69s
saved ckpts/ladder/la_T1_seq_s0_r6.pt
=== round 6 done in 1818s; new proofs 301; cum targets solved 2476 L*=11; transfer L*=11
[lean_gate] 143840 samples, parse-fail 10859, distinct checked 111772: both ok 61748, nd-only 0, lean-only 0, both rej 50024; lean 150.0s wall (1781.9s proc, 12 workers), nd_verify 6.8s
[la_T1_seq_s0 r7] targets (this round) SOLVED 2534/4495 = 0.564 [0.549,0.578]
  len 7: 1305/1800 = 0.725 [0.704,0.745]
  len 8: 711/1000 = 0.711 [0.682,0.738]
  len 9: 423/1004 = 0.421 [0.391,0.452]
  len 10: 88/456 = 0.193 [0.159,0.232]
  len 11: 6/99 = 0.061 [0.028,0.126]
  len 12: 1/106 = 0.009 [0.002,0.052]
  len 13: 0/16 = 0.000 [0.000,0.194]
  len 14: 0/14 = 0.000 [0.000,0.215]
  written hist {7: 1446, 8: 1490, 9: 918, 10: 339, 11: 50, 12: 9}
  pruned hist {5: 49, 6: 389, 7: 1568, 8: 1334, 9: 690, 10: 184, 11: 33, 12: 5}
  frontier written 12 pruned 12
  reasons [('rule check failed: ANDI', 12653), ('rule check failed: IMPE', 11703), ("parse: expected line index, got 'LEANPARSE'", 10859), ('rule check failed: NEGE', 6409), ('rule check failed: ORI1', 5366), ('rule check failed: ORI2', 3957)]
[lean_gate] 73120 samples, parse-fail 11181, distinct checked 53284: both ok 11565, nd-only 0, lean-only 0, both rej 41719; lean 75.2s wall (887.0s proc, 12 workers), nd_verify 3.0s
[la_T1_seq_s0 r7] transfer (this round, pass@32) SOLVED 657/2285 = 0.288 [0.269,0.306]
  len 7: 61/300 = 0.203 [0.162,0.252]
  len 8: 148/300 = 0.493 [0.437,0.550]
  len 9: 386/1010 = 0.382 [0.353,0.413]
  len 10: 56/451 = 0.124 [0.097,0.158]
  len 11: 5/99 = 0.051 [0.022,0.113]
  len 12: 1/102 = 0.010 [0.002,0.053]
  len 13: 0/13 = 0.000 [0.000,0.228]
  len 14: 0/10 = 0.000 [0.000,0.278]
  written hist {7: 62, 8: 202, 9: 649, 10: 193, 11: 29, 12: 2, 13: 1}
  pruned hist {5: 3, 6: 13, 7: 133, 8: 324, 9: 530, 10: 122, 11: 13}
  frontier written 11 pruned 11
  reasons [("parse: expected line index, got 'LEANPARSE'", 11181), ('rule check failed: ANDI', 10978), ('rule check failed: IMPE', 10799), ('rule check failed: NEGE', 5048), ('rule check failed: ORI1', 4671), ('rule check failed: ORI2', 3066)]
[lean_gate] 2285 samples, parse-fail 295, distinct checked 1990: both ok 463, nd-only 0, lean-only 0, both rej 1527; lean 2.9s wall (14.2s proc, 12 workers), nd_verify 0.1s
[la_T1_seq_s0 r7] transfer greedy SOLVED 463/2285 = 0.203 [0.187,0.220]
  len 7: 47/300 = 0.157 [0.120,0.202]
  len 8: 116/300 = 0.387 [0.333,0.443]
  len 9: 269/1010 = 0.266 [0.240,0.294]
  len 10: 28/451 = 0.062 [0.043,0.088]
  len 11: 3/99 = 0.030 [0.010,0.085]
  len 12: 0/102 = 0.000 [0.000,0.036]
  len 13: 0/13 = 0.000 [0.000,0.228]
  len 14: 0/10 = 0.000 [0.000,0.278]
  written hist {7: 35, 8: 115, 9: 265, 10: 41, 11: 7}
  pruned hist {6: 5, 7: 46, 8: 172, 9: 203, 10: 35, 11: 2}
  frontier written 11 pruned 10
  reasons [('rule check failed: ANDI', 354), ('rule check failed: IMPE', 350), ("parse: expected line index, got 'LEANPARSE'", 295), ('rule check failed: NEGE', 151), ('rule check failed: ORI1', 151), ('rule check failed: ORI2', 109)]
[lean_gate] 5000 samples, parse-fail 21, distinct checked 4979: both ok 4707, nd-only 0, lean-only 1, both rej 271; lean 4.0s wall (35.7s proc, 12 workers), nd_verify 0.2s
[la_T1_seq_s0 r7] heldout greedy SOLVED 4707/5000 = 0.941 [0.935,0.948]
  len 2: 999/1000 = 0.999 [0.994,1.000]
  len 3: 991/1000 = 0.991 [0.983,0.995]
  len 4: 946/1000 = 0.946 [0.930,0.958]
  len 5: 898/1000 = 0.898 [0.878,0.915]
  len 6: 873/1000 = 0.873 [0.851,0.892]
  written hist {2: 1036, 3: 989, 4: 937, 5: 879, 6: 858, 7: 6, 8: 2}
  pruned hist {2: 1037, 3: 992, 4: 939, 5: 878, 6: 854, 7: 5, 8: 2}
  frontier written 7 pruned 7
  reasons [('rule check failed: ANDI', 75), ('rule check failed: IMPE', 51), ('rule check failed: ORI2', 34), ('rule check failed: NEGE', 25), ('rule check failed: ORI1', 23), ("parse: expected line index, got 'LEANPARSE'", 21)]
[la_T1_seq_s0 r7] targets cumulative: solved 2534/4495 L*=11 ge={7: 2534, 8: 1229, 9: 518, 10: 95, 11: 7, 12: 1}
[la_T1_seq_s0 r7] transfer cumulative: solved 748/2285 L*=11 ge={7: 748, 8: 679, 9: 522, 10: 83, 11: 9, 12: 3}
python3 train.py --data artifacts/lf/la_T1_seq_s0/mix_7.jsonl --init ckpts/ladder/la_T1_seq_s0_r6.pt --steps 600 --lr 0.0003 --min_lr 2.9999999999999997e-05 --warmup 50 --cap 0 --out ckpts/ladder/la_T1_seq_s0_r7.pt --seed 7 --log_every 200
params 3214336 mode lean_seq shift True
train records 36344 max len 492
step 200 loss 0.0398 lr 2.53e-04 23s
step 400 loss 0.0388 lr 1.09e-04 48s
step 600 loss 0.0383 lr 3.00e-05 71s
saved ckpts/ladder/la_T1_seq_s0_r7.pt
=== round 7 done in 1809s; new proofs 220; cum targets solved 2534 L*=11; transfer L*=11
[lean_gate] 143840 samples, parse-fail 10617, distinct checked 112323: both ok 63920, nd-only 0, lean-only 0, both rej 48403; lean 126.4s wall (1497.5s proc, 12 workers), nd_verify 6.9s
[la_T1_seq_s0 r8] targets (this round) SOLVED 2603/4495 = 0.579 [0.565,0.593]
  len 7: 1319/1800 = 0.733 [0.712,0.753]
  len 8: 720/1000 = 0.720 [0.691,0.747]
  len 9: 458/1004 = 0.456 [0.426,0.487]
  len 10: 95/456 = 0.208 [0.174,0.248]
  len 11: 10/99 = 0.101 [0.056,0.176]
  len 12: 1/106 = 0.009 [0.002,0.052]
  len 13: 0/16 = 0.000 [0.000,0.194]
  len 14: 0/14 = 0.000 [0.000,0.215]
  written hist {7: 1462, 8: 1561, 9: 1035, 10: 393, 11: 69, 12: 13}
  pruned hist {5: 53, 6: 407, 7: 1630, 8: 1401, 9: 783, 10: 206, 11: 45, 12: 8}
  frontier written 12 pruned 12
  reasons [('rule check failed: IMPE', 11869), ('rule check failed: ANDI', 11814), ("parse: expected line index, got 'LEANPARSE'", 10617), ('rule check failed: NEGE', 6007), ('rule check failed: ORI1', 4539), ('rule check failed: ORI2', 4095)]
[lean_gate] 73120 samples, parse-fail 10210, distinct checked 54361: both ok 12794, nd-only 0, lean-only 0, both rej 41567; lean 71.1s wall (831.9s proc, 12 workers), nd_verify 3.2s
[la_T1_seq_s0 r8] transfer (this round, pass@32) SOLVED 714/2285 = 0.312 [0.294,0.332]
  len 7: 66/300 = 0.220 [0.177,0.270]
  len 8: 147/300 = 0.490 [0.434,0.546]
  len 9: 426/1010 = 0.422 [0.392,0.452]
  len 10: 64/451 = 0.142 [0.113,0.177]
  len 11: 8/99 = 0.081 [0.042,0.151]
  len 12: 3/102 = 0.029 [0.010,0.083]
  len 13: 0/13 = 0.000 [0.000,0.228]
  len 14: 0/10 = 0.000 [0.000,0.278]
  written hist {7: 65, 8: 222, 9: 748, 10: 268, 11: 43, 12: 7, 13: 1}
  pruned hist {5: 6, 6: 11, 7: 146, 8: 385, 9: 631, 10: 150, 11: 23, 12: 2}
  frontier written 12 pruned 11
  reasons [('rule check failed: IMPE', 11382), ('rule check failed: ANDI', 10262), ("parse: expected line index, got 'LEANPARSE'", 10210), ('rule check failed: NEGE', 5142), ('rule check failed: ORI1', 3718), ('rule check failed: ORI2', 3401)]
[lean_gate] 2285 samples, parse-fail 275, distinct checked 2010: both ok 508, nd-only 0, lean-only 0, both rej 1502; lean 2.8s wall (14.3s proc, 12 workers), nd_verify 0.2s
[la_T1_seq_s0 r8] transfer greedy SOLVED 508/2285 = 0.222 [0.206,0.240]
  len 7: 44/300 = 0.147 [0.111,0.191]
  len 8: 119/300 = 0.397 [0.343,0.453]
  len 9: 304/1010 = 0.301 [0.273,0.330]
  len 10: 36/451 = 0.080 [0.058,0.109]
  len 11: 4/99 = 0.040 [0.016,0.099]
  len 12: 1/102 = 0.010 [0.002,0.053]
  len 13: 0/13 = 0.000 [0.000,0.228]
  len 14: 0/10 = 0.000 [0.000,0.278]
  written hist {7: 30, 8: 118, 9: 280, 10: 69, 11: 10, 12: 1}
  pruned hist {6: 2, 7: 48, 8: 172, 9: 238, 10: 43, 11: 5}
  frontier written 11 pruned 11
  reasons [('rule check failed: IMPE', 359), ('rule check failed: ANDI', 332), ("parse: expected line index, got 'LEANPARSE'", 275), ('rule check failed: NEGE', 161), ('rule check failed: ORI1', 120), ('rule check failed: ORI2', 114)]
[lean_gate] 5000 samples, parse-fail 21, distinct checked 4979: both ok 4718, nd-only 0, lean-only 2, both rej 259; lean 3.8s wall (34.8s proc, 12 workers), nd_verify 0.2s
[la_T1_seq_s0 r8] heldout greedy SOLVED 4718/5000 = 0.944 [0.937,0.950]
  len 2: 998/1000 = 0.998 [0.993,0.999]
  len 3: 990/1000 = 0.990 [0.982,0.995]
  len 4: 953/1000 = 0.953 [0.938,0.964]
  len 5: 898/1000 = 0.898 [0.878,0.915]
  len 6: 879/1000 = 0.879 [0.857,0.898]
  written hist {2: 1035, 3: 986, 4: 950, 5: 888, 6: 850, 7: 6, 8: 3}
  pruned hist {2: 1039, 3: 988, 4: 953, 5: 882, 6: 849, 7: 4, 8: 3}
  frontier written 7 pruned 6
  reasons [('rule check failed: ANDI', 74), ('rule check failed: IMPE', 64), ('rule check failed: ORI2', 29), ('rule check failed: NEGE', 23), ("parse: expected line index, got 'LEANPARSE'", 21), ('rule check failed: ORI1', 19)]
[la_T1_seq_s0 r8] targets cumulative: solved 2604/4495 L*=11 ge={7: 2604, 8: 1284, 9: 564, 10: 106, 11: 11, 12: 1}
[la_T1_seq_s0 r8] transfer cumulative: solved 794/2285 L*=11 ge={7: 794, 8: 719, 9: 558, 10: 95, 11: 12, 12: 3}
python3 train.py --data artifacts/lf/la_T1_seq_s0/mix_8.jsonl --init ckpts/ladder/la_T1_seq_s0_r7.pt --steps 600 --lr 0.0003 --min_lr 2.9999999999999997e-05 --warmup 50 --cap 0 --out ckpts/ladder/la_T1_seq_s0_r8.pt --seed 8 --log_every 200
params 3214336 mode lean_seq shift True
train records 37304 max len 486
step 200 loss 0.0410 lr 2.53e-04 21s
step 400 loss 0.0381 lr 1.09e-04 41s
step 600 loss 0.0387 lr 3.00e-05 62s
saved ckpts/ladder/la_T1_seq_s0_r8.pt
=== round 8 done in 1746s; new proofs 303; cum targets solved 2604 L*=11; transfer L*=11
END 2026-09-21T07:35:51Z
