START 2026-09-22T05:48:41Z until [ -f ckpts/lf/stage1_full_seq_s2.pt ]; do sleep 30; done; python3 eval_set.py --ckpt ckpts/lf/stage1_full_seq_s2.pt --in data/heldout.jsonl --out artifacts/lf/stage1_full_seq_s2_heldout_greedy.jsonl --temperature 0 --batch 512 --summary artifacts/lf/stage1_full_seq_s2_heldout_greedy.json && python3 eval_set.py --ckpt ckpts/lf/stage1_full_seq_s2.pt --in data/transfer.jsonl --out artifacts/lf/stage1_full_seq_s2_transfer2_k16.jsonl --k 16 --temperature 0.8 --seed 0 --batch 512 --summary artifacts/lf/stage1_full_seq_s2_transfer2_k16.json
[lean_gate] 5000 samples, parse-fail 11, distinct checked 4989: both ok 4718, nd-only 0, lean-only 0, both rej 271; lean 2.2s wall (20.8s proc, 12 workers), nd_verify 0.2s
generated 5000 proofs in 11s
stage1_full_seq_s2.pt on heldout.jsonl k=1 SOLVED 4718/5000 = 0.944 [0.937,0.950]
  len 2: 996/1000 = 0.996 [0.990,0.998]
  len 3: 983/1000 = 0.983 [0.973,0.989]
  len 4: 960/1000 = 0.960 [0.946,0.970]
  len 5: 901/1000 = 0.901 [0.881,0.918]
  len 6: 878/1000 = 0.878 [0.856,0.897]
  written hist {2: 1032, 3: 973, 4: 958, 5: 896, 6: 856, 7: 2, 8: 1}
  pruned hist {2: 1034, 3: 979, 4: 957, 5: 894, 6: 853, 8: 1}
  frontier written 6 pruned 6
  reasons [('rule check failed: ANDI', 69), ('rule check failed: IMPE', 45), ('rule check failed: ORI1', 31), ('rule check failed: ORI2', 28), ('rule check failed: NEGE', 20), ('rule check failed: ANDE2', 16)]
[lean_gate] 26208 samples, parse-fail 2650, distinct checked 22011: both ok 9031, nd-only 0, lean-only 0, both rej 12980; lean 11.8s wall (128.9s proc, 12 workers), nd_verify 0.9s
generated 26208 proofs in 105s
stage1_full_seq_s2.pt on transfer.jsonl k=16 SOLVED 974/1638 = 0.595 [0.571,0.618]
  len 7: 163/200 = 0.815 [0.755,0.863]
  len 8: 135/200 = 0.675 [0.607,0.736]
  len 9: 108/200 = 0.540 [0.471,0.608]
  len 10: 107/171 = 0.626 [0.551,0.695]
  len 11: 105/166 = 0.633 [0.557,0.702]
  len 12: 84/142 = 0.592 [0.509,0.669]
  len 13: 64/141 = 0.454 [0.374,0.536]
  len 14: 67/125 = 0.536 [0.449,0.621]
  len 15: 80/160 = 0.500 [0.423,0.577]
  len 16: 61/133 = 0.459 [0.376,0.543]
  written hist {2: 13, 3: 68, 4: 186, 5: 293, 6: 353, 7: 275, 8: 109, 9: 9}
  pruned hist {2: 91, 3: 139, 4: 239, 5: 304, 6: 249, 7: 196, 8: 85, 9: 3}
  frontier written 9 pruned 8
  reasons [('rule check failed: IMPE', 2758), ("parse: expected line index, got 'LEANPARSE'", 2650), ('rule check failed: NEGE', 2372), ('rule check failed: ANDI', 1761), ('rule check failed: ANDE2', 1191), ('rule check failed: ORI1', 1000)]
END 2026-09-22T05:55:44Z
