START 2026-09-21T03:11:01Z until [ -f ckpts/lf/stage1_full_seq_s0.pt ]; do sleep 30; done; python3 eval_set.py --ckpt ckpts/lf/stage1_full_seq_s0.pt --in data/heldout.jsonl --out artifacts/lf/stage1_full_seq_heldout_greedy.jsonl --temperature 0 --batch 512 --summary artifacts/lf/stage1_full_seq_heldout_greedy.json && python3 eval_set.py --ckpt ckpts/lf/stage1_full_seq_s0.pt --in data/transfer.jsonl --out artifacts/lf/stage1_full_seq_transfer2_k16.jsonl --k 16 --temperature 0.8 --seed 0 --batch 512 --summary artifacts/lf/stage1_full_seq_transfer2_k16.json
[lean_gate] 5000 samples, parse-fail 16, distinct checked 4984: both ok 4678, nd-only 0, lean-only 1, both rej 305; lean 3.9s wall (35.1s proc, 12 workers), nd_verify 0.2s
generated 5000 proofs in 21s
stage1_full_seq_s0.pt on heldout.jsonl k=1 SOLVED 4678/5000 = 0.936 [0.928,0.942]
  len 2: 1000/1000 = 1.000 [0.996,1.000]
  len 3: 988/1000 = 0.988 [0.979,0.993]
  len 4: 950/1000 = 0.950 [0.935,0.962]
  len 5: 888/1000 = 0.888 [0.867,0.906]
  len 6: 852/1000 = 0.852 [0.829,0.873]
  written hist {2: 1035, 3: 989, 4: 927, 5: 878, 6: 845, 7: 3, 8: 1}
  pruned hist {2: 1037, 3: 988, 4: 928, 5: 878, 6: 843, 7: 3, 8: 1}
  frontier written 6 pruned 6
  reasons [("parse: expected line index, got 'LEANREJ'", 305), ("parse: expected line index, got 'LEANPARSE'", 16), ('rule check failed: ORI2', 1)]
[lean_gate] 26208 samples, parse-fail 2935, distinct checked 21654: both ok 8385, nd-only 0, lean-only 1, both rej 13268; lean 17.7s wall (196.1s proc, 12 workers), nd_verify 1.1s
generated 26208 proofs in 173s
stage1_full_seq_s0.pt on transfer.jsonl k=16 SOLVED 935/1638 = 0.571 [0.547,0.595]
  len 7: 154/200 = 0.770 [0.707,0.823]
  len 8: 130/200 = 0.650 [0.582,0.713]
  len 9: 110/200 = 0.550 [0.481,0.617]
  len 10: 108/171 = 0.632 [0.557,0.700]
  len 11: 94/166 = 0.566 [0.490,0.639]
  len 12: 83/142 = 0.585 [0.502,0.662]
  len 13: 59/141 = 0.418 [0.340,0.501]
  len 14: 61/125 = 0.488 [0.402,0.575]
  len 15: 71/160 = 0.444 [0.369,0.521]
  len 16: 65/133 = 0.489 [0.405,0.573]
  written hist {2: 13, 3: 63, 4: 155, 5: 247, 6: 333, 7: 266, 8: 130, 9: 18}
  pruned hist {2: 61, 3: 105, 4: 232, 5: 274, 6: 231, 7: 218, 8: 94, 9: 10}
  frontier written 9 pruned 9
  reasons [("parse: expected line index, got 'LEANPARSE'", 2935), ('rule check failed: IMPE', 2800), ('rule check failed: NEGE', 2498), ('rule check failed: ANDI', 2316), ('rule check failed: ORI1', 1227), ('rule check failed: DN', 1051)]
END 2026-09-21T03:19:52Z
