START 2026-09-21T03:10:41Z python3 train.py --data data/p2/train_depth3_f0_a1.jsonl --heldout data/p2/heldout.jsonl --mode lean_seq --steps 6000 --bs 128 --out ckpts/lf/stage1_a1_seq_s1.pt --cap 6 --seed 1
params 3214336 mode lean_seq shift True
train records 155000 max len 464
step 200 loss 0.9299 lr 1.00e-03 20s val 0.9606
step 400 loss 0.2214 lr 9.97e-04 39s val 0.1535
step 600 loss 0.1248 lr 9.89e-04 58s val 0.1076
step 800 loss 0.1161 lr 9.76e-04 77s val 0.1446
step 1000 loss 0.0838 lr 9.58e-04 96s val 0.0892
step 1200 loss 0.0996 lr 9.36e-04 115s val 0.0880
step 1400 loss 0.0938 lr 9.08e-04 134s val 0.0824
step 1600 loss 0.0761 lr 8.77e-04 153s val 0.0808
step 1800 loss 0.0771 lr 8.41e-04 172s val 0.0802
step 2000 loss 0.0726 lr 8.03e-04 191s val 0.0774
step 2200 loss 0.0719 lr 7.61e-04 211s val 0.0771
step 2400 loss 0.0701 lr 7.17e-04 230s val 0.0770
step 2600 loss 0.0612 lr 6.70e-04 249s val 0.0773
step 2800 loss 0.0635 lr 6.23e-04 268s val 0.0756
step 3000 loss 0.0594 lr 5.74e-04 287s val 0.0764
step 3200 loss 0.0624 lr 5.26e-04 306s val 0.0743
step 3400 loss 0.0579 lr 4.77e-04 325s val 0.0749
step 3600 loss 0.0598 lr 4.30e-04 341s val 0.0740
step 3800 loss 0.0612 lr 3.83e-04 349s val 0.0736
step 4000 loss 0.0557 lr 3.39e-04 357s val 0.0737
step 4200 loss 0.0509 lr 2.97e-04 365s val 0.0737
step 4400 loss 0.0559 lr 2.59e-04 373s val 0.0741
step 4600 loss 0.0561 lr 2.23e-04 381s val 0.0734
step 4800 loss 0.0514 lr 1.92e-04 389s val 0.0732
step 5000 loss 0.0538 lr 1.64e-04 397s val 0.0732
step 5200 loss 0.0547 lr 1.42e-04 405s val 0.0731
step 5400 loss 0.0527 lr 1.24e-04 413s val 0.0732
step 5600 loss 0.0503 lr 1.11e-04 421s val 0.0729
step 5800 loss 0.0523 lr 1.03e-04 429s val 0.0729
step 6000 loss 0.0553 lr 1.00e-04 437s val 0.0728
saved ckpts/lf/stage1_a1_seq_s1.pt
END 2026-09-21T03:18:34Z
