[lean_gate] 26970 samples, parse-fail 4427 (no-eos 29, 0.108 %), distinct 21987: ok 4498, rej 17489 (filter 17489, prefilter=shadow); lean on 21987 texts in 61 procs, 704.5s proc, exposed 42.1s, tail 38.4s, 7 workers
[lean_gate] WARNING: 0.11 % of samples hit max_new (policy: raise max_new above 0.1 %)
{"pool": "data/ladder/rl_targets.jsonl", "prompts": 4495, "T": 0.8, "k": 6, "secs": 111.95556926727295, "sample_wall_s": 70.829270362854, "peak_alloc_gb": 15.941036701202393}
[lean_gate] 26970 samples, parse-fail 5372 (no-eos 34, 0.126 %), distinct 21200: ok 4136, rej 17064 (filter 17064, prefilter=shadow); lean on 21200 texts in 53 procs, 640.4s proc, exposed 42.1s, tail 39.9s, 7 workers
[lean_gate] WARNING: 0.13 % of samples hit max_new (policy: raise max_new above 0.1 %)
{"pool": "data/ladder/rl_targets.jsonl", "prompts": 4495, "T": 1.0, "k": 6, "secs": 109.8954586982727, "sample_wall_s": 66.65273880958557, "peak_alloc_gb": 15.941036701202393}
[lean_gate] 26970 samples, parse-fail 7184 (no-eos 33, 0.122 %), distinct 19469: ok 3630, rej 15839 (filter 15839, prefilter=shadow); lean on 19469 texts in 53 procs, 550.4s proc, exposed 34.1s, tail 32.0s, 7 workers
[lean_gate] WARNING: 0.12 % of samples hit max_new (policy: raise max_new above 0.1 %)
{"pool": "data/ladder/rl_targets.jsonl", "prompts": 4495, "T": 1.2, "k": 6, "secs": 91.22268056869507, "sample_wall_s": 57.21339273452759, "peak_alloc_gb": 15.941036701202393}
[lean_gate] 13710 samples, parse-fail 3055 (no-eos 31, 0.226 %), distinct 10442: ok 568, rej 9874 (filter 9874, prefilter=shadow); lean on 10442 texts in 27 procs, 250.9s proc, exposed 13.0s, tail 11.4s, 7 workers
[lean_gate] WARNING: 0.23 % of samples hit max_new (policy: raise max_new above 0.1 %)
{"pool": "data/ladder/transfer.jsonl", "prompts": 2285, "T": 0.8, "k": 6, "secs": 45.35380935668945, "sample_wall_s": 32.0301787853241, "peak_alloc_gb": 15.989094257354736}
[lean_gate] 13710 samples, parse-fail 3532 (no-eos 28, 0.204 %), distinct 9999: ok 524, rej 9475 (filter 9475, prefilter=shadow); lean on 9999 texts in 31 procs, 370.1s proc, exposed 26.3s, tail 25.0s, 7 workers
[lean_gate] WARNING: 0.20 % of samples hit max_new (policy: raise max_new above 0.1 %)
{"pool": "data/ladder/transfer.jsonl", "prompts": 2285, "T": 1.0, "k": 6, "secs": 60.92415904998779, "sample_wall_s": 33.601043462753296, "peak_alloc_gb": 15.989094257354736}
[lean_gate] 13710 samples, parse-fail 4443 (no-eos 25, 0.182 %), distinct 9148: ok 436, rej 8712 (filter 8712, prefilter=shadow); lean on 9148 texts in 28 procs, 266.5s proc, exposed 16.1s, tail 14.4s, 7 workers
[lean_gate] WARNING: 0.18 % of samples hit max_new (policy: raise max_new above 0.1 %)
{"pool": "data/ladder/transfer.jsonl", "prompts": 2285, "T": 1.2, "k": 6, "secs": 45.19392919540405, "sample_wall_s": 29.150672435760498, "peak_alloc_gb": 15.989094257354736}
[lean_gate] 30000 samples, parse-fail 256 (no-eos 0, 0.000 %), distinct 28692: ok 26912, rej 1780 (filter 1780, prefilter=shadow); lean on 28692 texts in 76 procs, 673.1s proc, exposed 55.6s, tail 51.6s, 7 workers
{"pool": "data/p2/heldout.jsonl", "prompts": 5000, "T": 0.8, "k": 6, "secs": 104.83745670318604, "sample_wall_s": 50.32616949081421, "peak_alloc_gb": 15.65285062789917}
[lean_gate] 30000 samples, parse-fail 464 (no-eos 1, 0.003 %), distinct 28534: ok 26327, rej 2207 (filter 2207, prefilter=shadow); lean on 28534 texts in 73 procs, 484.8s proc, exposed 29.6s, tail 25.3s, 7 workers
{"pool": "data/p2/heldout.jsonl", "prompts": 5000, "T": 1.0, "k": 6, "secs": 76.85708165168762, "sample_wall_s": 49.03116798400879, "peak_alloc_gb": 15.65285062789917}
[lean_gate] 30000 samples, parse-fail 1132 (no-eos 7, 0.023 %), distinct 27925: ok 25336, rej 2589 (filter 2589, prefilter=shadow); lean on 27925 texts in 75 procs, 575.4s proc, exposed 27.0s, tail 23.8s, 7 workers
{"pool": "data/p2/heldout.jsonl", "prompts": 5000, "T": 1.2, "k": 6, "secs": 94.48859429359436, "sample_wall_s": 68.55639243125916, "peak_alloc_gb": 15.65285062789917}
