[lean_gate] 143840 samples, parse-fail 39706 (no-eos 39, 0.027 %), distinct 91820: ok 14079, rej 77741 (filter 77741, prefilter=on); lean on 14079 texts in 36 procs, 101.4s proc, exposed 4.8s, tail 1.1s, 7 workers
[t1_D r1] targets (this round) SOLVED 1202/4495 = 0.267 [0.255,0.281]
  len 7: 853/1800 = 0.474 [0.451,0.497]
  len 8: 324/1000 = 0.324 [0.296,0.354]
  len 9: 24/1004 = 0.024 [0.016,0.035]
  len 10: 1/456 = 0.002 [0.000,0.012]
  len 11: 0/99 = 0.000 [0.000,0.037]
  len 12: 0/106 = 0.000 [0.000,0.035]
  len 13: 0/16 = 0.000 [0.000,0.194]
  len 14: 0/14 = 0.000 [0.000,0.215]
  written hist {6: 1, 7: 940, 8: 563, 9: 38, 10: 2}
  pruned hist {5: 22, 6: 201, 7: 855, 8: 437, 9: 27, 10: 2}
  frontier written 9 pruned 9
  reasons [('lean rejected', 87430), ('lean_seq parse: unbound', 31125), ('lean_seq parse: expected )', 2829), ('lean_seq parse: expected (', 2137), ('lean_seq parse: formula', 1880), ('lean_seq parse: name', 627)]
[lean_gate] 73120 samples, parse-fail 23464 (no-eos 33, 0.045 %), distinct 44434: ok 1213, rej 43221 (filter 43221, prefilter=on); lean on 1213 texts in 4 procs, 9.5s proc, exposed 4.8s, tail 3.0s, 7 workers
[t1_D r1] transfer (this round, pass@32) SOLVED 132/2285 = 0.058 [0.049,0.068]
  len 7: 41/300 = 0.137 [0.102,0.180]
  len 8: 63/300 = 0.210 [0.168,0.260]
  len 9: 28/1010 = 0.028 [0.019,0.040]
  len 10: 0/451 = 0.000 [0.000,0.008]
  len 11: 0/99 = 0.000 [0.000,0.037]
  len 12: 0/102 = 0.000 [0.000,0.036]
  len 13: 0/13 = 0.000 [0.000,0.228]
  len 14: 0/10 = 0.000 [0.000,0.278]
  written hist {7: 47, 8: 87, 9: 33}
  pruned hist {5: 1, 6: 6, 7: 56, 8: 82, 9: 22}
  frontier written 9 pruned 9
  reasons [('lean rejected', 48232), ('lean_seq parse: unbound', 17774), ('lean_seq parse: expected (', 1912), ('lean_seq parse: formula', 1439), ('lean_seq parse: expected )', 1165), ('lean_seq parse: name', 479)]
[lean_gate] 2285 samples, parse-fail 679 (no-eos 1, 0.044 %), distinct 1606: ok 52, rej 1554 (filter 1554, prefilter=on); lean on 52 texts in 1 procs, 0.7s proc, exposed 0.8s, tail 0.7s, 7 workers
[t1_D r1] transfer greedy SOLVED 52/2285 = 0.023 [0.017,0.030]
  len 7: 20/300 = 0.067 [0.044,0.101]
  len 8: 28/300 = 0.093 [0.065,0.132]
  len 9: 4/1010 = 0.004 [0.002,0.010]
  len 10: 0/451 = 0.000 [0.000,0.008]
  len 11: 0/99 = 0.000 [0.000,0.037]
  len 12: 0/102 = 0.000 [0.000,0.036]
  len 13: 0/13 = 0.000 [0.000,0.228]
  len 14: 0/10 = 0.000 [0.000,0.278]
  written hist {7: 18, 8: 30, 9: 4}
  pruned hist {5: 1, 6: 3, 7: 16, 8: 30, 9: 2}
  frontier written 8 pruned 8
  reasons [('lean rejected', 1554), ('lean_seq parse: unbound', 544), ('lean_seq parse: expected (', 59), ('lean_seq parse: formula', 31), ('lean_seq parse: expected )', 24), ('lean_seq parse: expected :=', 10)]
[lean_gate] 5000 samples, parse-fail 49 (no-eos 2, 0.040 %), distinct 4951: ok 4707, rej 244 (filter 244, prefilter=on); lean on 4707 texts in 17 procs, 28.5s proc, exposed 2.7s, tail 2.1s, 7 workers
[t1_D r1] heldout greedy SOLVED 4707/5000 = 0.941 [0.935,0.948]
  len 2: 994/1000 = 0.994 [0.987,0.997]
  len 3: 986/1000 = 0.986 [0.977,0.992]
  len 4: 954/1000 = 0.954 [0.939,0.965]
  len 5: 935/1000 = 0.935 [0.918,0.949]
  len 6: 838/1000 = 0.838 [0.814,0.860]
  written hist {2: 1016, 3: 977, 4: 919, 5: 973, 6: 816, 7: 6}
  pruned hist {2: 1018, 3: 977, 4: 923, 5: 971, 6: 813, 7: 5}
  frontier written 7 pruned 7
  reasons [('lean rejected', 244), ('lean_seq parse: unbound', 35), ('lean_seq parse: formula', 4), ('lean_seq parse: expected )', 4), ('lean_seq parse: name', 2), ('lean_seq parse: no-eos', 2)]
[t1_D r1] targets cumulative: solved 1202/4495 L*=9 ge={7: 1202, 8: 349, 9: 25, 10: 1, 11: 0, 12: 0}
[t1_D r1] transfer cumulative: solved 132/2285 L*=9 ge={7: 132, 8: 91, 9: 28, 10: 0, 11: 0, 12: 0}
python3 train.py --data artifacts/lp/t1/t1_D/mix_1.jsonl --init ckpts/dsc/stage1_a1_s1.pt --steps 600 --lr 0.0003 --min_lr 2.9999999999999997e-05 --warmup 50 --cap 0 --out ckpts/ladder/t1_D_r1.pt --seed 1001 --log_every 200
params 3214336 mode lean_seq shift True
train records 26144 max len 431
step 200 loss 0.0444 lr 2.53e-04 11s
step 400 loss 0.0426 lr 1.09e-04 22s
step 600 loss 0.0390 lr 3.00e-05 32s
saved ckpts/ladder/t1_D_r1.pt (32s total, 0s in the per-bin validation = 0.0% overhead on 600 steps)
=== round 1 done in 259s; new proofs 1544; cum targets solved 1202 L*=9; transfer L*=9
