info: downloading installer
info: default toolchain set to 'leanprover/lean4:v4.34.0'
warning: could not canonicalize path: '/root/.elan/toolchains'
warning: could not canonicalize path: '/root/.elan/toolchains'
warning: could not canonicalize path: '/root/.elan/toolchains'
info: downloading https://releases.lean-lang.org/lean4/v4.34.0/lean-4.34.0-linux.tar.zst
info: installing /root/.elan/toolchains/leanprover--lean4---v4.34.0
Lean (version 4.34.0, x86_64-unknown-linux-gnu, commit 293d5d0c0c3f3dded4688b3ccd6a33939ac5102b, Release)
8
NVIDIA RTX PRO 4500 Blackwell, 32623 MiB
WARNING: Running pip as the 'root' user can result in broken permissions and conflicting behaviour with the system package manager, possibly rendering your system unusable. It is recommended to use a virtual environment instead: https://pip.pypa.io/warnings/venv. Use the --root-user-action option if you know what you are doing and want to suppress this warning.
[90mHint: The `hf-cli` skill is not installed. Run `hf skills add -g` to teach your AI agents how to use the `hf` CLI.[0m
[32m✓ Downloaded[0m
  src: hf://buckets/dan-pandori/nd-rl/state-env/ckpts/se/stage1_SN_s0.pt
  dst: ckpts/se/stage1_SN_s0.pt
[32m✓ Downloaded[0m
  src: hf://buckets/dan-pandori/nd-rl/state-env/ckpts/se/ladder/la_T1_SN_s0_r8.pt
  dst: ckpts/se/ladder/la_T1_SN_s0_r8.pt
[32m✓ Downloaded[0m
  src: hf://buckets/dan-pandori/nd-rl/state-env/ckpts/se/stage1_SN_s1.pt
  dst: ckpts/se/stage1_SN_s1.pt
[32m✓ Downloaded[0m
  src: hf://buckets/dan-pandori/nd-rl/state-env/ckpts/se/ladder/la_T1_SN_s1_r8.pt
  dst: ckpts/se/ladder/la_T1_SN_s1_r8.pt
ec3888d91a1f72cc0b438d3902fd26e7  ckpts/se/stage1_SN_s0.pt
d8b21e4cbacaf8a45fa952ad9eaf25ff  ckpts/se/stage1_SN_s1.pt
fb4482477e079272acbf3957a7e95765  ckpts/se/ladder/la_T1_SN_s0_r8.pt
455c08b24158cc7539c92bfeb3e51d85  ckpts/se/ladder/la_T1_SN_s1_r8.pt
   383 data/sc/theorems.jsonl
    29 data/sc/falsifier_survivors.txt
   412 total
SETUP_DONE
