START 2026-09-23T21:58:39Z until [ -f artifacts/dsg/la_T1_g2_s1.done ]; do sleep 30; done; python3 ladder_ei.py --init ckpts/dsg/stage1_g2_s1.pt --outdir artifacts/dsg --seed 1 --batch 512 --train data/dsg/train_g2.jsonl --heldout data/p2/heldout.jsonl --name la_frozen_g2_s1 --no_train
[lean_gate] 143840 samples, parse-fail 54845, distinct checked 78180: both ok 8128, nd-only 0, lean-only 333, both rej 69719; lean 96.9s wall (1050.1s proc, 11 workers), nd_verify 3.5s
[la_frozen_g2_s1 r1] targets (this round) SOLVED 877/4495 = 0.195 [0.184,0.207]
  len 7: 630/1800 = 0.350 [0.328,0.372]
  len 8: 238/1000 = 0.238 [0.213,0.265]
  len 9: 9/1004 = 0.009 [0.005,0.017]
  len 10: 0/456 = 0.000 [0.000,0.008]
  len 11: 0/99 = 0.000 [0.000,0.037]
  len 12: 0/106 = 0.000 [0.000,0.035]
  len 13: 0/16 = 0.000 [0.000,0.194]
  len 14: 0/14 = 0.000 [0.000,0.215]
  written hist {7: 661, 8: 346, 9: 13, 10: 1}
  pruned hist {5: 5, 6: 151, 7: 536, 8: 317, 9: 11, 10: 1}
  frontier written 9 pruned 9
  reasons [("parse: expected line index, got 'LEANPARSE'", 54845), ('rule check failed: ANDI', 14875), ('rule check failed: IMPE', 13949), ('premise block does not match declared premises', 9061), ('rule check failed: ANDE2', 6534), ('rule check failed: ORI2', 6163)]
[lean_gate] 73120 samples, parse-fail 28549, distinct checked 39493: both ok 658, nd-only 0, lean-only 76, both rej 38759; lean 49.9s wall (542.0s proc, 11 workers), nd_verify 1.6s
[la_frozen_g2_s1 r1] transfer (this round, pass@32) SOLVED 86/2285 = 0.038 [0.031,0.046]
  len 7: 24/300 = 0.080 [0.054,0.116]
  len 8: 51/300 = 0.170 [0.132,0.217]
  len 9: 11/1010 = 0.011 [0.006,0.019]
  len 10: 0/451 = 0.000 [0.000,0.008]
  len 11: 0/99 = 0.000 [0.000,0.037]
  len 12: 0/102 = 0.000 [0.000,0.036]
  len 13: 0/13 = 0.000 [0.000,0.228]
  len 14: 0/10 = 0.000 [0.000,0.278]
  written hist {7: 22, 8: 58, 9: 13}
  pruned hist {6: 3, 7: 22, 8: 58, 9: 10}
  frontier written 9 pruned 9
  reasons [("parse: expected line index, got 'LEANPARSE'", 28549), ('rule check failed: ANDI', 8502), ('rule check failed: IMPE', 7748), ('premise block does not match declared premises', 5952), ('rule check failed: ANDE2', 3691), ('rule check failed: R', 3163)]
[lean_gate] 2285 samples, parse-fail 764, distinct checked 1521: both ok 41, nd-only 0, lean-only 3, both rej 1477; lean 2.1s wall (8.3s proc, 11 workers), nd_verify 0.1s
[la_frozen_g2_s1 r1] transfer greedy SOLVED 41/2285 = 0.018 [0.013,0.024]
  len 7: 9/300 = 0.030 [0.016,0.056]
  len 8: 25/300 = 0.083 [0.057,0.120]
  len 9: 7/1010 = 0.007 [0.003,0.014]
  len 10: 0/451 = 0.000 [0.000,0.008]
  len 11: 0/99 = 0.000 [0.000,0.037]
  len 12: 0/102 = 0.000 [0.000,0.036]
  len 13: 0/13 = 0.000 [0.000,0.228]
  len 14: 0/10 = 0.000 [0.000,0.278]
  written hist {7: 7, 8: 27, 9: 7}
  pruned hist {6: 2, 7: 5, 8: 27, 9: 7}
  frontier written 9 pruned 9
  reasons [("parse: expected line index, got 'LEANPARSE'", 764), ('rule check failed: ANDI', 310), ('rule check failed: IMPE', 263), ('premise block does not match declared premises', 207), ('rule check failed: ANDE2', 131), ('rule check failed: R', 110)]
[lean_gate] 5000 samples, parse-fail 271, distinct checked 4729: both ok 3326, nd-only 0, lean-only 5, both rej 1398; lean 4.6s wall (39.1s proc, 11 workers), nd_verify 0.2s
[la_frozen_g2_s1 r1] heldout greedy SOLVED 3326/5000 = 0.665 [0.652,0.678]
  len 2: 997/1000 = 0.997 [0.991,0.999]
  len 3: 970/1000 = 0.970 [0.957,0.979]
  len 4: 533/1000 = 0.533 [0.502,0.564]
  len 5: 401/1000 = 0.401 [0.371,0.432]
  len 6: 425/1000 = 0.425 [0.395,0.456]
  written hist {2: 1028, 3: 977, 4: 517, 5: 390, 6: 412, 7: 2}
  pruned hist {2: 1032, 3: 977, 4: 517, 5: 389, 6: 409, 7: 2}
  frontier written 6 pruned 6
  reasons [('rule check failed: IMPE', 528), ("parse: expected line index, got 'LEANPARSE'", 271), ('rule check failed: ANDI', 190), ('premise block does not match declared premises', 154), ('rule check failed: ORI2', 132), ('rule check failed: NEGE', 89)]
[la_frozen_g2_s1 r1] targets cumulative: solved 877/4495 L*=9 ge={7: 877, 8: 247, 9: 9, 10: 0, 11: 0, 12: 0}
[la_frozen_g2_s1 r1] transfer cumulative: solved 86/2285 L*=9 ge={7: 86, 8: 62, 9: 11, 10: 0, 11: 0, 12: 0}
=== round 1 done in 567s; new proofs 1021; cum targets solved 877 L*=9; transfer L*=9
[lean_gate] 143840 samples, parse-fail 54815, distinct checked 78092: both ok 8133, nd-only 0, lean-only 323, both rej 69636; lean 96.8s wall (1049.1s proc, 11 workers), nd_verify 3.6s
[la_frozen_g2_s1 r2] targets (this round) SOLVED 899/4495 = 0.200 [0.189,0.212]
  len 7: 645/1800 = 0.358 [0.337,0.381]
  len 8: 247/1000 = 0.247 [0.221,0.275]
  len 9: 7/1004 = 0.007 [0.003,0.014]
  len 10: 0/456 = 0.000 [0.000,0.008]
  len 11: 0/99 = 0.000 [0.000,0.037]
  len 12: 0/106 = 0.000 [0.000,0.035]
  len 13: 0/16 = 0.000 [0.000,0.194]
  len 14: 0/14 = 0.000 [0.000,0.215]
  written hist {7: 682, 8: 361, 9: 11}
  pruned hist {5: 6, 6: 153, 7: 564, 8: 322, 9: 9}
  frontier written 9 pruned 9
  reasons [("parse: expected line index, got 'LEANPARSE'", 54815), ('rule check failed: ANDI', 14979), ('rule check failed: IMPE', 13826), ('premise block does not match declared premises', 9103), ('rule check failed: ANDE2', 6511), ('rule check failed: ORI2', 6229)]
[lean_gate] 73120 samples, parse-fail 28490, distinct checked 39394: both ok 641, nd-only 0, lean-only 69, both rej 38684; lean 49.8s wall (537.0s proc, 11 workers), nd_verify 1.6s
[la_frozen_g2_s1 r2] transfer (this round, pass@32) SOLVED 87/2285 = 0.038 [0.031,0.047]
  len 7: 24/300 = 0.080 [0.054,0.116]
  len 8: 52/300 = 0.173 [0.135,0.220]
  len 9: 11/1010 = 0.011 [0.006,0.019]
  len 10: 0/451 = 0.000 [0.000,0.008]
  len 11: 0/99 = 0.000 [0.000,0.037]
  len 12: 0/102 = 0.000 [0.000,0.036]
  len 13: 0/13 = 0.000 [0.000,0.228]
  len 14: 0/10 = 0.000 [0.000,0.278]
  written hist {7: 25, 8: 64, 9: 12}
  pruned hist {6: 3, 7: 25, 8: 64, 9: 9}
  frontier written 9 pruned 9
  reasons [("parse: expected line index, got 'LEANPARSE'", 28490), ('rule check failed: ANDI', 8389), ('rule check failed: IMPE', 7667), ('premise block does not match declared premises', 5982), ('rule check failed: ANDE2', 3764), ('rule check failed: R', 3166)]
[lean_gate] 2285 samples, parse-fail 764, distinct checked 1521: both ok 41, nd-only 0, lean-only 3, both rej 1477; lean 2.1s wall (8.1s proc, 11 workers), nd_verify 0.1s
[la_frozen_g2_s1 r2] transfer greedy SOLVED 41/2285 = 0.018 [0.013,0.024]
  len 7: 9/300 = 0.030 [0.016,0.056]
  len 8: 25/300 = 0.083 [0.057,0.120]
  len 9: 7/1010 = 0.007 [0.003,0.014]
  len 10: 0/451 = 0.000 [0.000,0.008]
  len 11: 0/99 = 0.000 [0.000,0.037]
  len 12: 0/102 = 0.000 [0.000,0.036]
  len 13: 0/13 = 0.000 [0.000,0.228]
  len 14: 0/10 = 0.000 [0.000,0.278]
  written hist {7: 7, 8: 27, 9: 7}
  pruned hist {6: 2, 7: 5, 8: 27, 9: 7}
  frontier written 9 pruned 9
  reasons [("parse: expected line index, got 'LEANPARSE'", 764), ('rule check failed: ANDI', 310), ('rule check failed: IMPE', 263), ('premise block does not match declared premises', 207), ('rule check failed: ANDE2', 131), ('rule check failed: R', 110)]
[lean_gate] 5000 samples, parse-fail 271, distinct checked 4729: both ok 3326, nd-only 0, lean-only 5, both rej 1398; lean 4.6s wall (38.9s proc, 11 workers), nd_verify 0.2s
[la_frozen_g2_s1 r2] heldout greedy SOLVED 3326/5000 = 0.665 [0.652,0.678]
  len 2: 997/1000 = 0.997 [0.991,0.999]
  len 3: 970/1000 = 0.970 [0.957,0.979]
  len 4: 533/1000 = 0.533 [0.502,0.564]
  len 5: 401/1000 = 0.401 [0.371,0.432]
  len 6: 425/1000 = 0.425 [0.395,0.456]
  written hist {2: 1028, 3: 977, 4: 517, 5: 390, 6: 412, 7: 2}
  pruned hist {2: 1032, 3: 977, 4: 517, 5: 389, 6: 409, 7: 2}
  frontier written 6 pruned 6
  reasons [('rule check failed: IMPE', 528), ("parse: expected line index, got 'LEANPARSE'", 271), ('rule check failed: ANDI', 190), ('premise block does not match declared premises', 154), ('rule check failed: ORI2', 132), ('rule check failed: NEGE', 89)]
[la_frozen_g2_s1 r2] targets cumulative: solved 991/4495 L*=9 ge={7: 991, 8: 289, 9: 10, 10: 0, 11: 0, 12: 0}
[la_frozen_g2_s1 r2] transfer cumulative: solved 99/2285 L*=9 ge={7: 99, 8: 72, 9: 16, 10: 0, 11: 0, 12: 0}
=== round 2 done in 572s; new proofs 174; cum targets solved 991 L*=9; transfer L*=9
[lean_gate] 143840 samples, parse-fail 54936, distinct checked 78062: both ok 8224, nd-only 0, lean-only 319, both rej 69519; lean 97.0s wall (1050.9s proc, 11 workers), nd_verify 3.4s
[la_frozen_g2_s1 r3] targets (this round) SOLVED 889/4495 = 0.198 [0.186,0.210]
  len 7: 648/1800 = 0.360 [0.338,0.382]
  len 8: 231/1000 = 0.231 [0.206,0.258]
  len 9: 10/1004 = 0.010 [0.005,0.018]
  len 10: 0/456 = 0.000 [0.000,0.008]
  len 11: 0/99 = 0.000 [0.000,0.037]
  len 12: 0/106 = 0.000 [0.000,0.035]
  len 13: 0/16 = 0.000 [0.000,0.194]
  len 14: 0/14 = 0.000 [0.000,0.215]
  written hist {7: 680, 8: 348, 9: 12, 10: 1}
  pruned hist {5: 4, 6: 151, 7: 563, 8: 315, 9: 8}
  frontier written 9 pruned 9
  reasons [("parse: expected line index, got 'LEANPARSE'", 54936), ('rule check failed: ANDI', 14999), ('rule check failed: IMPE', 13858), ('premise block does not match declared premises', 9082), ('rule check failed: ANDE2', 6512), ('rule check failed: ORI2', 6178)]
[lean_gate] 73120 samples, parse-fail 28477, distinct checked 39521: both ok 682, nd-only 0, lean-only 77, both rej 38762; lean 50.2s wall (543.5s proc, 11 workers), nd_verify 1.6s
[la_frozen_g2_s1 r3] transfer (this round, pass@32) SOLVED 93/2285 = 0.041 [0.033,0.050]
  len 7: 23/300 = 0.077 [0.052,0.112]
  len 8: 56/300 = 0.187 [0.147,0.235]
  len 9: 14/1010 = 0.014 [0.008,0.023]
  len 10: 0/451 = 0.000 [0.000,0.008]
  len 11: 0/99 = 0.000 [0.000,0.037]
  len 12: 0/102 = 0.000 [0.000,0.036]
  len 13: 0/13 = 0.000 [0.000,0.228]
  len 14: 0/10 = 0.000 [0.000,0.278]
  written hist {7: 24, 8: 68, 9: 16}
  pruned hist {6: 3, 7: 28, 8: 64, 9: 13}
  frontier written 9 pruned 9
  reasons [("parse: expected line index, got 'LEANPARSE'", 28477), ('rule check failed: ANDI', 8442), ('rule check failed: IMPE', 7808), ('premise block does not match declared premises', 5917), ('rule check failed: ANDE2', 3663), ('rule check failed: R', 3120)]
[lean_gate] 2285 samples, parse-fail 764, distinct checked 1521: both ok 41, nd-only 0, lean-only 3, both rej 1477; lean 2.2s wall (8.4s proc, 11 workers), nd_verify 0.1s
[la_frozen_g2_s1 r3] transfer greedy SOLVED 41/2285 = 0.018 [0.013,0.024]
  len 7: 9/300 = 0.030 [0.016,0.056]
  len 8: 25/300 = 0.083 [0.057,0.120]
  len 9: 7/1010 = 0.007 [0.003,0.014]
  len 10: 0/451 = 0.000 [0.000,0.008]
  len 11: 0/99 = 0.000 [0.000,0.037]
  len 12: 0/102 = 0.000 [0.000,0.036]
  len 13: 0/13 = 0.000 [0.000,0.228]
  len 14: 0/10 = 0.000 [0.000,0.278]
  written hist {7: 7, 8: 27, 9: 7}
  pruned hist {6: 2, 7: 5, 8: 27, 9: 7}
  frontier written 9 pruned 9
  reasons [("parse: expected line index, got 'LEANPARSE'", 764), ('rule check failed: ANDI', 310), ('rule check failed: IMPE', 263), ('premise block does not match declared premises', 207), ('rule check failed: ANDE2', 131), ('rule check failed: R', 110)]
[lean_gate] 5000 samples, parse-fail 271, distinct checked 4729: both ok 3326, nd-only 0, lean-only 5, both rej 1398; lean 4.5s wall (39.2s proc, 11 workers), nd_verify 0.2s
[la_frozen_g2_s1 r3] heldout greedy SOLVED 3326/5000 = 0.665 [0.652,0.678]
  len 2: 997/1000 = 0.997 [0.991,0.999]
  len 3: 970/1000 = 0.970 [0.957,0.979]
  len 4: 533/1000 = 0.533 [0.502,0.564]
  len 5: 401/1000 = 0.401 [0.371,0.432]
  len 6: 425/1000 = 0.425 [0.395,0.456]
  written hist {2: 1028, 3: 977, 4: 517, 5: 390, 6: 412, 7: 2}
  pruned hist {2: 1032, 3: 977, 4: 517, 5: 389, 6: 409, 7: 2}
  frontier written 6 pruned 6
  reasons [('rule check failed: IMPE', 528), ("parse: expected line index, got 'LEANPARSE'", 271), ('rule check failed: ANDI', 190), ('premise block does not match declared premises', 154), ('rule check failed: ORI2', 132), ('rule check failed: NEGE', 89)]
[la_frozen_g2_s1 r3] targets cumulative: solved 1045/4495 L*=9 ge={7: 1045, 8: 306, 9: 13, 10: 0, 11: 0, 12: 0}
[la_frozen_g2_s1 r3] transfer cumulative: solved 107/2285 L*=9 ge={7: 107, 8: 80, 9: 20, 10: 0, 11: 0, 12: 0}
=== round 3 done in 574s; new proofs 88; cum targets solved 1045 L*=9; transfer L*=9
[lean_gate] 143840 samples, parse-fail 54831, distinct checked 78010: both ok 8082, nd-only 0, lean-only 336, both rej 69592; lean 88.8s wall (961.7s proc, 11 workers), nd_verify 3.6s
[la_frozen_g2_s1 r4] targets (this round) SOLVED 889/4495 = 0.198 [0.186,0.210]
  len 7: 638/1800 = 0.354 [0.333,0.377]
  len 8: 240/1000 = 0.240 [0.215,0.267]
  len 9: 11/1004 = 0.011 [0.006,0.020]
  len 10: 0/456 = 0.000 [0.000,0.008]
  len 11: 0/99 = 0.000 [0.000,0.037]
  len 12: 0/106 = 0.000 [0.000,0.035]
  len 13: 0/16 = 0.000 [0.000,0.194]
  len 14: 0/14 = 0.000 [0.000,0.215]
  written hist {7: 665, 8: 368, 9: 13}
  pruned hist {5: 6, 6: 154, 7: 549, 8: 325, 9: 12}
  frontier written 9 pruned 9
  reasons [("parse: expected line index, got 'LEANPARSE'", 54831), ('rule check failed: ANDI', 15058), ('rule check failed: IMPE', 13999), ('premise block does not match declared premises', 9140), ('rule check failed: ANDE2', 6535), ('rule check failed: ORI2', 6137)]
[lean_gate] 73120 samples, parse-fail 28322, distinct checked 39513: both ok 668, nd-only 0, lean-only 68, both rej 38777; lean 45.8s wall (495.4s proc, 11 workers), nd_verify 1.7s
[la_frozen_g2_s1 r4] transfer (this round, pass@32) SOLVED 87/2285 = 0.038 [0.031,0.047]
  len 7: 24/300 = 0.080 [0.054,0.116]
  len 8: 51/300 = 0.170 [0.132,0.217]
  len 9: 12/1010 = 0.012 [0.007,0.021]
  len 10: 0/451 = 0.000 [0.000,0.008]
  len 11: 0/99 = 0.000 [0.000,0.037]
  len 12: 0/102 = 0.000 [0.000,0.036]
  len 13: 0/13 = 0.000 [0.000,0.228]
  len 14: 0/10 = 0.000 [0.000,0.278]
  written hist {7: 25, 8: 62, 9: 14, 10: 1}
  pruned hist {6: 3, 7: 26, 8: 61, 9: 12}
  frontier written 9 pruned 9
  reasons [("parse: expected line index, got 'LEANPARSE'", 28322), ('rule check failed: ANDI', 8481), ('rule check failed: IMPE', 7757), ('premise block does not match declared premises', 6038), ('rule check failed: ANDE2', 3726), ('rule check failed: R', 3132)]
[lean_gate] 2285 samples, parse-fail 764, distinct checked 1521: both ok 41, nd-only 0, lean-only 3, both rej 1477; lean 2.1s wall (7.9s proc, 11 workers), nd_verify 0.1s
[la_frozen_g2_s1 r4] transfer greedy SOLVED 41/2285 = 0.018 [0.013,0.024]
  len 7: 9/300 = 0.030 [0.016,0.056]
  len 8: 25/300 = 0.083 [0.057,0.120]
  len 9: 7/1010 = 0.007 [0.003,0.014]
  len 10: 0/451 = 0.000 [0.000,0.008]
  len 11: 0/99 = 0.000 [0.000,0.037]
  len 12: 0/102 = 0.000 [0.000,0.036]
  len 13: 0/13 = 0.000 [0.000,0.228]
  len 14: 0/10 = 0.000 [0.000,0.278]
  written hist {7: 7, 8: 27, 9: 7}
  pruned hist {6: 2, 7: 5, 8: 27, 9: 7}
  frontier written 9 pruned 9
  reasons [("parse: expected line index, got 'LEANPARSE'", 764), ('rule check failed: ANDI', 310), ('rule check failed: IMPE', 263), ('premise block does not match declared premises', 207), ('rule check failed: ANDE2', 131), ('rule check failed: R', 110)]
[lean_gate] 5000 samples, parse-fail 271, distinct checked 4729: both ok 3326, nd-only 0, lean-only 5, both rej 1398; lean 4.2s wall (35.6s proc, 11 workers), nd_verify 0.2s
[la_frozen_g2_s1 r4] heldout greedy SOLVED 3326/5000 = 0.665 [0.652,0.678]
  len 2: 997/1000 = 0.997 [0.991,0.999]
  len 3: 970/1000 = 0.970 [0.957,0.979]
  len 4: 533/1000 = 0.533 [0.502,0.564]
  len 5: 401/1000 = 0.401 [0.371,0.432]
  len 6: 425/1000 = 0.425 [0.395,0.456]
  written hist {2: 1028, 3: 977, 4: 517, 5: 390, 6: 412, 7: 2}
  pruned hist {2: 1032, 3: 977, 4: 517, 5: 389, 6: 409, 7: 2}
  frontier written 6 pruned 6
  reasons [('rule check failed: IMPE', 528), ("parse: expected line index, got 'LEANPARSE'", 271), ('rule check failed: ANDI', 190), ('premise block does not match declared premises', 154), ('rule check failed: ORI2', 132), ('rule check failed: NEGE', 89)]
[la_frozen_g2_s1 r4] targets cumulative: solved 1075/4495 L*=9 ge={7: 1075, 8: 323, 9: 16, 10: 0, 11: 0, 12: 0}
[la_frozen_g2_s1 r4] transfer cumulative: solved 110/2285 L*=9 ge={7: 110, 8: 82, 9: 21, 10: 0, 11: 0, 12: 0}
=== round 4 done in 576s; new proofs 58; cum targets solved 1075 L*=9; transfer L*=9
[lean_gate] 143840 samples, parse-fail 54854, distinct checked 78125: both ok 8122, nd-only 0, lean-only 342, both rej 69661; lean 89.0s wall (965.3s proc, 11 workers), nd_verify 3.6s
[la_frozen_g2_s1 r5] targets (this round) SOLVED 863/4495 = 0.192 [0.181,0.204]
  len 7: 631/1800 = 0.351 [0.329,0.373]
  len 8: 226/1000 = 0.226 [0.201,0.253]
  len 9: 6/1004 = 0.006 [0.003,0.013]
  len 10: 0/456 = 0.000 [0.000,0.008]
  len 11: 0/99 = 0.000 [0.000,0.037]
  len 12: 0/106 = 0.000 [0.000,0.035]
  len 13: 0/16 = 0.000 [0.000,0.194]
  len 14: 0/14 = 0.000 [0.000,0.215]
  written hist {7: 673, 8: 338, 9: 8, 10: 1}
  pruned hist {5: 5, 6: 157, 7: 549, 8: 301, 9: 7, 10: 1}
  frontier written 9 pruned 9
  reasons [("parse: expected line index, got 'LEANPARSE'", 54854), ('rule check failed: ANDI', 14977), ('rule check failed: IMPE', 13914), ('premise block does not match declared premises', 9143), ('rule check failed: ANDE2', 6562), ('rule check failed: ORI2', 6210)]
[lean_gate] 73120 samples, parse-fail 28587, distinct checked 39293: both ok 669, nd-only 0, lean-only 64, both rej 38560; lean 46.1s wall (499.9s proc, 11 workers), nd_verify 1.7s
[la_frozen_g2_s1 r5] transfer (this round, pass@32) SOLVED 98/2285 = 0.043 [0.035,0.052]
  len 7: 24/300 = 0.080 [0.054,0.116]
  len 8: 60/300 = 0.200 [0.159,0.249]
  len 9: 14/1010 = 0.014 [0.008,0.023]
  len 10: 0/451 = 0.000 [0.000,0.008]
  len 11: 0/99 = 0.000 [0.000,0.037]
  len 12: 0/102 = 0.000 [0.000,0.036]
  len 13: 0/13 = 0.000 [0.000,0.228]
  len 14: 0/10 = 0.000 [0.000,0.278]
  written hist {7: 25, 8: 71, 9: 17}
  pruned hist {6: 3, 7: 23, 8: 75, 9: 12}
  frontier written 9 pruned 9
  reasons [("parse: expected line index, got 'LEANPARSE'", 28587), ('rule check failed: ANDI', 8511), ('rule check failed: IMPE', 7673), ('premise block does not match declared premises', 6024), ('rule check failed: ANDE2', 3685), ('rule check failed: ORI2', 3129)]
[lean_gate] 2285 samples, parse-fail 764, distinct checked 1521: both ok 41, nd-only 0, lean-only 3, both rej 1477; lean 2.1s wall (7.9s proc, 11 workers), nd_verify 0.1s
[la_frozen_g2_s1 r5] transfer greedy SOLVED 41/2285 = 0.018 [0.013,0.024]
  len 7: 9/300 = 0.030 [0.016,0.056]
  len 8: 25/300 = 0.083 [0.057,0.120]
  len 9: 7/1010 = 0.007 [0.003,0.014]
  len 10: 0/451 = 0.000 [0.000,0.008]
  len 11: 0/99 = 0.000 [0.000,0.037]
  len 12: 0/102 = 0.000 [0.000,0.036]
  len 13: 0/13 = 0.000 [0.000,0.228]
  len 14: 0/10 = 0.000 [0.000,0.278]
  written hist {7: 7, 8: 27, 9: 7}
  pruned hist {6: 2, 7: 5, 8: 27, 9: 7}
  frontier written 9 pruned 9
  reasons [("parse: expected line index, got 'LEANPARSE'", 764), ('rule check failed: ANDI', 310), ('rule check failed: IMPE', 263), ('premise block does not match declared premises', 207), ('rule check failed: ANDE2', 131), ('rule check failed: R', 110)]
[lean_gate] 5000 samples, parse-fail 271, distinct checked 4729: both ok 3326, nd-only 0, lean-only 5, both rej 1398; lean 4.4s wall (36.6s proc, 11 workers), nd_verify 0.2s
[la_frozen_g2_s1 r5] heldout greedy SOLVED 3326/5000 = 0.665 [0.652,0.678]
  len 2: 997/1000 = 0.997 [0.991,0.999]
  len 3: 970/1000 = 0.970 [0.957,0.979]
  len 4: 533/1000 = 0.533 [0.502,0.564]
  len 5: 401/1000 = 0.401 [0.371,0.432]
  len 6: 425/1000 = 0.425 [0.395,0.456]
  written hist {2: 1028, 3: 977, 4: 517, 5: 390, 6: 412, 7: 2}
  pruned hist {2: 1032, 3: 977, 4: 517, 5: 389, 6: 409, 7: 2}
  frontier written 6 pruned 6
  reasons [('rule check failed: IMPE', 528), ("parse: expected line index, got 'LEANPARSE'", 271), ('rule check failed: ANDI', 190), ('premise block does not match declared premises', 154), ('rule check failed: ORI2', 132), ('rule check failed: NEGE', 89)]
[la_frozen_g2_s1 r5] targets cumulative: solved 1093/4495 L*=9 ge={7: 1093, 8: 329, 9: 17, 10: 0, 11: 0, 12: 0}
[la_frozen_g2_s1 r5] transfer cumulative: solved 118/2285 L*=9 ge={7: 118, 8: 89, 9: 25, 10: 0, 11: 0, 12: 0}
=== round 5 done in 586s; new proofs 39; cum targets solved 1093 L*=9; transfer L*=9
[lean_gate] 143840 samples, parse-fail 54849, distinct checked 78147: both ok 8218, nd-only 0, lean-only 331, both rej 69598; lean 90.5s wall (980.5s proc, 11 workers), nd_verify 3.5s
[la_frozen_g2_s1 r6] targets (this round) SOLVED 890/4495 = 0.198 [0.187,0.210]
  len 7: 645/1800 = 0.358 [0.337,0.381]
  len 8: 230/1000 = 0.230 [0.205,0.257]
  len 9: 15/1004 = 0.015 [0.009,0.025]
  len 10: 0/456 = 0.000 [0.000,0.008]
  len 11: 0/99 = 0.000 [0.000,0.037]
  len 12: 0/106 = 0.000 [0.000,0.035]
  len 13: 0/16 = 0.000 [0.000,0.194]
  len 14: 0/14 = 0.000 [0.000,0.215]
  written hist {7: 681, 8: 344, 9: 16}
  pruned hist {5: 7, 6: 152, 7: 553, 8: 318, 9: 11}
  frontier written 9 pruned 9
  reasons [("parse: expected line index, got 'LEANPARSE'", 54849), ('rule check failed: ANDI', 14865), ('rule check failed: IMPE', 13873), ('premise block does not match declared premises', 9105), ('rule check failed: ANDE2', 6610), ('rule check failed: ORI2', 6201)]
[lean_gate] 73120 samples, parse-fail 28487, distinct checked 39506: both ok 649, nd-only 0, lean-only 67, both rej 38790; lean 50.0s wall (544.3s proc, 11 workers), nd_verify 1.6s
[la_frozen_g2_s1 r6] transfer (this round, pass@32) SOLVED 93/2285 = 0.041 [0.033,0.050]
  len 7: 22/300 = 0.073 [0.049,0.109]
  len 8: 55/300 = 0.183 [0.144,0.231]
  len 9: 16/1010 = 0.016 [0.010,0.026]
  len 10: 0/451 = 0.000 [0.000,0.008]
  len 11: 0/99 = 0.000 [0.000,0.037]
  len 12: 0/102 = 0.000 [0.000,0.036]
  len 13: 0/13 = 0.000 [0.000,0.228]
  len 14: 0/10 = 0.000 [0.000,0.278]
  written hist {7: 22, 8: 64, 9: 19}
  pruned hist {6: 3, 7: 23, 8: 66, 9: 13}
  frontier written 9 pruned 9
  reasons [("parse: expected line index, got 'LEANPARSE'", 28487), ('rule check failed: ANDI', 8524), ('rule check failed: IMPE', 7748), ('premise block does not match declared premises', 5976), ('rule check failed: ANDE2', 3710), ('rule check failed: R', 3162)]
[lean_gate] 2285 samples, parse-fail 764, distinct checked 1521: both ok 41, nd-only 0, lean-only 3, both rej 1477; lean 2.2s wall (8.3s proc, 11 workers), nd_verify 0.1s
[la_frozen_g2_s1 r6] transfer greedy SOLVED 41/2285 = 0.018 [0.013,0.024]
  len 7: 9/300 = 0.030 [0.016,0.056]
  len 8: 25/300 = 0.083 [0.057,0.120]
  len 9: 7/1010 = 0.007 [0.003,0.014]
  len 10: 0/451 = 0.000 [0.000,0.008]
  len 11: 0/99 = 0.000 [0.000,0.037]
  len 12: 0/102 = 0.000 [0.000,0.036]
  len 13: 0/13 = 0.000 [0.000,0.228]
  len 14: 0/10 = 0.000 [0.000,0.278]
  written hist {7: 7, 8: 27, 9: 7}
  pruned hist {6: 2, 7: 5, 8: 27, 9: 7}
  frontier written 9 pruned 9
  reasons [("parse: expected line index, got 'LEANPARSE'", 764), ('rule check failed: ANDI', 310), ('rule check failed: IMPE', 263), ('premise block does not match declared premises', 207), ('rule check failed: ANDE2', 131), ('rule check failed: R', 110)]
[lean_gate] 5000 samples, parse-fail 271, distinct checked 4729: both ok 3326, nd-only 0, lean-only 5, both rej 1398; lean 4.5s wall (39.3s proc, 11 workers), nd_verify 0.2s
[la_frozen_g2_s1 r6] heldout greedy SOLVED 3326/5000 = 0.665 [0.652,0.678]
  len 2: 997/1000 = 0.997 [0.991,0.999]
  len 3: 970/1000 = 0.970 [0.957,0.979]
  len 4: 533/1000 = 0.533 [0.502,0.564]
  len 5: 401/1000 = 0.401 [0.371,0.432]
  len 6: 425/1000 = 0.425 [0.395,0.456]
  written hist {2: 1028, 3: 977, 4: 517, 5: 390, 6: 412, 7: 2}
  pruned hist {2: 1032, 3: 977, 4: 517, 5: 389, 6: 409, 7: 2}
  frontier written 6 pruned 6
  reasons [('rule check failed: IMPE', 528), ("parse: expected line index, got 'LEANPARSE'", 271), ('rule check failed: ANDI', 190), ('premise block does not match declared premises', 154), ('rule check failed: ORI2', 132), ('rule check failed: NEGE', 89)]
[la_frozen_g2_s1 r6] targets cumulative: solved 1126/4495 L*=9 ge={7: 1126, 8: 341, 9: 21, 10: 0, 11: 0, 12: 0}
[la_frozen_g2_s1 r6] transfer cumulative: solved 123/2285 L*=9 ge={7: 123, 8: 93, 9: 29, 10: 0, 11: 0, 12: 0}
=== round 6 done in 579s; new proofs 48; cum targets solved 1126 L*=9; transfer L*=9
[lean_gate] 143840 samples, parse-fail 54891, distinct checked 77986: both ok 8096, nd-only 0, lean-only 334, both rej 69556; lean 96.9s wall (1049.8s proc, 11 workers), nd_verify 3.4s
[la_frozen_g2_s1 r7] targets (this round) SOLVED 877/4495 = 0.195 [0.184,0.207]
  len 7: 630/1800 = 0.350 [0.328,0.372]
  len 8: 240/1000 = 0.240 [0.215,0.267]
  len 9: 7/1004 = 0.007 [0.003,0.014]
  len 10: 0/456 = 0.000 [0.000,0.008]
  len 11: 0/99 = 0.000 [0.000,0.037]
  len 12: 0/106 = 0.000 [0.000,0.035]
  len 13: 0/16 = 0.000 [0.000,0.194]
  len 14: 0/14 = 0.000 [0.000,0.215]
  written hist {7: 662, 8: 354, 9: 8}
  pruned hist {5: 5, 6: 150, 7: 539, 8: 323, 9: 7}
  frontier written 9 pruned 9
  reasons [("parse: expected line index, got 'LEANPARSE'", 54891), ('rule check failed: ANDI', 15033), ('rule check failed: IMPE', 13936), ('premise block does not match declared premises', 9086), ('rule check failed: ANDE2', 6541), ('rule check failed: ORI2', 6087)]
[lean_gate] 73120 samples, parse-fail 28562, distinct checked 39347: both ok 631, nd-only 0, lean-only 74, both rej 38642; lean 50.0s wall (538.7s proc, 11 workers), nd_verify 1.6s
[la_frozen_g2_s1 r7] transfer (this round, pass@32) SOLVED 84/2285 = 0.037 [0.030,0.045]
  len 7: 21/300 = 0.070 [0.046,0.105]
  len 8: 51/300 = 0.170 [0.132,0.217]
  len 9: 12/1010 = 0.012 [0.007,0.021]
  len 10: 0/451 = 0.000 [0.000,0.008]
  len 11: 0/99 = 0.000 [0.000,0.037]
  len 12: 0/102 = 0.000 [0.000,0.036]
  len 13: 0/13 = 0.000 [0.000,0.228]
  len 14: 0/10 = 0.000 [0.000,0.278]
  written hist {7: 23, 8: 61, 9: 14}
  pruned hist {5: 1, 6: 3, 7: 21, 8: 64, 9: 9}
  frontier written 9 pruned 9
  reasons [("parse: expected line index, got 'LEANPARSE'", 28562), ('rule check failed: ANDI', 8497), ('rule check failed: IMPE', 7701), ('premise block does not match declared premises', 5933), ('rule check failed: ANDE2', 3692), ('rule check failed: ORI2', 3186)]
[lean_gate] 2285 samples, parse-fail 764, distinct checked 1521: both ok 41, nd-only 0, lean-only 3, both rej 1477; lean 2.2s wall (8.4s proc, 11 workers), nd_verify 0.1s
[la_frozen_g2_s1 r7] transfer greedy SOLVED 41/2285 = 0.018 [0.013,0.024]
  len 7: 9/300 = 0.030 [0.016,0.056]
  len 8: 25/300 = 0.083 [0.057,0.120]
  len 9: 7/1010 = 0.007 [0.003,0.014]
  len 10: 0/451 = 0.000 [0.000,0.008]
  len 11: 0/99 = 0.000 [0.000,0.037]
  len 12: 0/102 = 0.000 [0.000,0.036]
  len 13: 0/13 = 0.000 [0.000,0.228]
  len 14: 0/10 = 0.000 [0.000,0.278]
  written hist {7: 7, 8: 27, 9: 7}
  pruned hist {6: 2, 7: 5, 8: 27, 9: 7}
  frontier written 9 pruned 9
  reasons [("parse: expected line index, got 'LEANPARSE'", 764), ('rule check failed: ANDI', 310), ('rule check failed: IMPE', 263), ('premise block does not match declared premises', 207), ('rule check failed: ANDE2', 131), ('rule check failed: R', 110)]
[lean_gate] 5000 samples, parse-fail 271, distinct checked 4729: both ok 3326, nd-only 0, lean-only 5, both rej 1398; lean 4.6s wall (39.4s proc, 11 workers), nd_verify 0.2s
[la_frozen_g2_s1 r7] heldout greedy SOLVED 3326/5000 = 0.665 [0.652,0.678]
  len 2: 997/1000 = 0.997 [0.991,0.999]
  len 3: 970/1000 = 0.970 [0.957,0.979]
  len 4: 533/1000 = 0.533 [0.502,0.564]
  len 5: 401/1000 = 0.401 [0.371,0.432]
  len 6: 425/1000 = 0.425 [0.395,0.456]
  written hist {2: 1028, 3: 977, 4: 517, 5: 390, 6: 412, 7: 2}
  pruned hist {2: 1032, 3: 977, 4: 517, 5: 389, 6: 409, 7: 2}
  frontier written 6 pruned 6
  reasons [('rule check failed: IMPE', 528), ("parse: expected line index, got 'LEANPARSE'", 271), ('rule check failed: ANDI', 190), ('premise block does not match declared premises', 154), ('rule check failed: ORI2', 132), ('rule check failed: NEGE', 89)]
[la_frozen_g2_s1 r7] targets cumulative: solved 1144/4495 L*=9 ge={7: 1144, 8: 347, 9: 21, 10: 0, 11: 0, 12: 0}
[la_frozen_g2_s1 r7] transfer cumulative: solved 124/2285 L*=9 ge={7: 124, 8: 94, 9: 30, 10: 0, 11: 0, 12: 0}
=== round 7 done in 566s; new proofs 32; cum targets solved 1144 L*=9; transfer L*=9
[lean_gate] 143840 samples, parse-fail 55071, distinct checked 77896: both ok 8037, nd-only 0, lean-only 336, both rej 69523; lean 96.4s wall (1045.4s proc, 11 workers), nd_verify 3.5s
[la_frozen_g2_s1 r8] targets (this round) SOLVED 882/4495 = 0.196 [0.185,0.208]
  len 7: 639/1800 = 0.355 [0.333,0.377]
  len 8: 235/1000 = 0.235 [0.210,0.262]
  len 9: 8/1004 = 0.008 [0.004,0.016]
  len 10: 0/456 = 0.000 [0.000,0.008]
  len 11: 0/99 = 0.000 [0.000,0.037]
  len 12: 0/106 = 0.000 [0.000,0.035]
  len 13: 0/16 = 0.000 [0.000,0.194]
  len 14: 0/14 = 0.000 [0.000,0.215]
  written hist {7: 678, 8: 351, 9: 11, 10: 1}
  pruned hist {5: 6, 6: 152, 7: 553, 8: 321, 9: 9}
  frontier written 9 pruned 9
  reasons [("parse: expected line index, got 'LEANPARSE'", 55071), ('rule check failed: ANDI', 15050), ('rule check failed: IMPE', 13956), ('premise block does not match declared premises', 9065), ('rule check failed: ANDE2', 6553), ('rule check failed: ORI2', 6109)]
[lean_gate] 73120 samples, parse-fail 28406, distinct checked 39499: both ok 630, nd-only 0, lean-only 73, both rej 38796; lean 49.9s wall (541.9s proc, 11 workers), nd_verify 1.6s
[la_frozen_g2_s1 r8] transfer (this round, pass@32) SOLVED 84/2285 = 0.037 [0.030,0.045]
  len 7: 22/300 = 0.073 [0.049,0.109]
  len 8: 49/300 = 0.163 [0.126,0.209]
  len 9: 13/1010 = 0.013 [0.008,0.022]
  len 10: 0/451 = 0.000 [0.000,0.008]
  len 11: 0/99 = 0.000 [0.000,0.037]
  len 12: 0/102 = 0.000 [0.000,0.036]
  len 13: 0/13 = 0.000 [0.000,0.228]
  len 14: 0/10 = 0.000 [0.000,0.278]
  written hist {7: 22, 8: 60, 9: 16}
  pruned hist {6: 3, 7: 20, 8: 64, 9: 11}
  frontier written 9 pruned 9
  reasons [("parse: expected line index, got 'LEANPARSE'", 28406), ('rule check failed: ANDI', 8514), ('rule check failed: IMPE', 7700), ('premise block does not match declared premises', 6027), ('rule check failed: ANDE2', 3683), ('rule check failed: ORI2', 3146)]
[lean_gate] 2285 samples, parse-fail 764, distinct checked 1521: both ok 41, nd-only 0, lean-only 3, both rej 1477; lean 2.2s wall (8.5s proc, 11 workers), nd_verify 0.1s
[la_frozen_g2_s1 r8] transfer greedy SOLVED 41/2285 = 0.018 [0.013,0.024]
  len 7: 9/300 = 0.030 [0.016,0.056]
  len 8: 25/300 = 0.083 [0.057,0.120]
  len 9: 7/1010 = 0.007 [0.003,0.014]
  len 10: 0/451 = 0.000 [0.000,0.008]
  len 11: 0/99 = 0.000 [0.000,0.037]
  len 12: 0/102 = 0.000 [0.000,0.036]
  len 13: 0/13 = 0.000 [0.000,0.228]
  len 14: 0/10 = 0.000 [0.000,0.278]
  written hist {7: 7, 8: 27, 9: 7}
  pruned hist {6: 2, 7: 5, 8: 27, 9: 7}
  frontier written 9 pruned 9
  reasons [("parse: expected line index, got 'LEANPARSE'", 764), ('rule check failed: ANDI', 310), ('rule check failed: IMPE', 263), ('premise block does not match declared premises', 207), ('rule check failed: ANDE2', 131), ('rule check failed: R', 110)]
[lean_gate] 5000 samples, parse-fail 271, distinct checked 4729: both ok 3326, nd-only 0, lean-only 5, both rej 1398; lean 4.6s wall (39.5s proc, 11 workers), nd_verify 0.2s
[la_frozen_g2_s1 r8] heldout greedy SOLVED 3326/5000 = 0.665 [0.652,0.678]
  len 2: 997/1000 = 0.997 [0.991,0.999]
  len 3: 970/1000 = 0.970 [0.957,0.979]
  len 4: 533/1000 = 0.533 [0.502,0.564]
  len 5: 401/1000 = 0.401 [0.371,0.432]
  len 6: 425/1000 = 0.425 [0.395,0.456]
  written hist {2: 1028, 3: 977, 4: 517, 5: 390, 6: 412, 7: 2}
  pruned hist {2: 1032, 3: 977, 4: 517, 5: 389, 6: 409, 7: 2}
  frontier written 6 pruned 6
  reasons [('rule check failed: IMPE', 528), ("parse: expected line index, got 'LEANPARSE'", 271), ('rule check failed: ANDI', 190), ('premise block does not match declared premises', 154), ('rule check failed: ORI2', 132), ('rule check failed: NEGE', 89)]
[la_frozen_g2_s1 r8] targets cumulative: solved 1158/4495 L*=9 ge={7: 1158, 8: 350, 9: 21, 10: 0, 11: 0, 12: 0}
[la_frozen_g2_s1 r8] transfer cumulative: solved 125/2285 L*=9 ge={7: 125, 8: 95, 9: 31, 10: 0, 11: 0, 12: 0}
=== round 8 done in 571s; new proofs 30; cum targets solved 1158 L*=9; transfer L*=9
END 2026-09-24T03:50:48Z
