START 2026-09-23T21:58:36Z until [ -f artifacts/dsg/heldout2_g2_s1.done ]; do sleep 30; done; python3 ladder_ei.py --init ckpts/dsg/stage1_g2_s1.pt --outdir artifacts/dsg --seed 1 --batch 512 --train data/dsg/train_g2.jsonl --heldout data/p2/heldout.jsonl --name la_T1_g2_s1
[lean_gate] 143840 samples, parse-fail 54845, distinct checked 78180: both ok 8128, nd-only 0, lean-only 333, both rej 69719; lean 90.6s wall (982.8s proc, 11 workers), nd_verify 3.6s
[la_T1_g2_s1 r1] targets (this round) SOLVED 877/4495 = 0.195 [0.184,0.207]
  len 7: 630/1800 = 0.350 [0.328,0.372]
  len 8: 238/1000 = 0.238 [0.213,0.265]
  len 9: 9/1004 = 0.009 [0.005,0.017]
  len 10: 0/456 = 0.000 [0.000,0.008]
  len 11: 0/99 = 0.000 [0.000,0.037]
  len 12: 0/106 = 0.000 [0.000,0.035]
  len 13: 0/16 = 0.000 [0.000,0.194]
  len 14: 0/14 = 0.000 [0.000,0.215]
  written hist {7: 661, 8: 346, 9: 13, 10: 1}
  pruned hist {5: 5, 6: 151, 7: 536, 8: 317, 9: 11, 10: 1}
  frontier written 9 pruned 9
  reasons [("parse: expected line index, got 'LEANPARSE'", 54845), ('rule check failed: ANDI', 14875), ('rule check failed: IMPE', 13949), ('premise block does not match declared premises', 9061), ('rule check failed: ANDE2', 6534), ('rule check failed: ORI2', 6163)]
[lean_gate] 73120 samples, parse-fail 28549, distinct checked 39493: both ok 658, nd-only 0, lean-only 76, both rej 38759; lean 47.0s wall (511.1s proc, 11 workers), nd_verify 1.6s
[la_T1_g2_s1 r1] transfer (this round, pass@32) SOLVED 86/2285 = 0.038 [0.031,0.046]
  len 7: 24/300 = 0.080 [0.054,0.116]
  len 8: 51/300 = 0.170 [0.132,0.217]
  len 9: 11/1010 = 0.011 [0.006,0.019]
  len 10: 0/451 = 0.000 [0.000,0.008]
  len 11: 0/99 = 0.000 [0.000,0.037]
  len 12: 0/102 = 0.000 [0.000,0.036]
  len 13: 0/13 = 0.000 [0.000,0.228]
  len 14: 0/10 = 0.000 [0.000,0.278]
  written hist {7: 22, 8: 58, 9: 13}
  pruned hist {6: 3, 7: 22, 8: 58, 9: 10}
  frontier written 9 pruned 9
  reasons [("parse: expected line index, got 'LEANPARSE'", 28549), ('rule check failed: ANDI', 8502), ('rule check failed: IMPE', 7748), ('premise block does not match declared premises', 5952), ('rule check failed: ANDE2', 3691), ('rule check failed: R', 3163)]
[lean_gate] 2285 samples, parse-fail 764, distinct checked 1521: both ok 41, nd-only 0, lean-only 3, both rej 1477; lean 2.0s wall (7.5s proc, 11 workers), nd_verify 0.1s
[la_T1_g2_s1 r1] transfer greedy SOLVED 41/2285 = 0.018 [0.013,0.024]
  len 7: 9/300 = 0.030 [0.016,0.056]
  len 8: 25/300 = 0.083 [0.057,0.120]
  len 9: 7/1010 = 0.007 [0.003,0.014]
  len 10: 0/451 = 0.000 [0.000,0.008]
  len 11: 0/99 = 0.000 [0.000,0.037]
  len 12: 0/102 = 0.000 [0.000,0.036]
  len 13: 0/13 = 0.000 [0.000,0.228]
  len 14: 0/10 = 0.000 [0.000,0.278]
  written hist {7: 7, 8: 27, 9: 7}
  pruned hist {6: 2, 7: 5, 8: 27, 9: 7}
  frontier written 9 pruned 9
  reasons [("parse: expected line index, got 'LEANPARSE'", 764), ('rule check failed: ANDI', 310), ('rule check failed: IMPE', 263), ('premise block does not match declared premises', 207), ('rule check failed: ANDE2', 131), ('rule check failed: R', 110)]
[lean_gate] 5000 samples, parse-fail 271, distinct checked 4729: both ok 3326, nd-only 0, lean-only 5, both rej 1398; lean 4.4s wall (37.4s proc, 11 workers), nd_verify 0.2s
[la_T1_g2_s1 r1] heldout greedy SOLVED 3326/5000 = 0.665 [0.652,0.678]
  len 2: 997/1000 = 0.997 [0.991,0.999]
  len 3: 970/1000 = 0.970 [0.957,0.979]
  len 4: 533/1000 = 0.533 [0.502,0.564]
  len 5: 401/1000 = 0.401 [0.371,0.432]
  len 6: 425/1000 = 0.425 [0.395,0.456]
  written hist {2: 1028, 3: 977, 4: 517, 5: 390, 6: 412, 7: 2}
  pruned hist {2: 1032, 3: 977, 4: 517, 5: 389, 6: 409, 7: 2}
  frontier written 6 pruned 6
  reasons [('rule check failed: IMPE', 528), ("parse: expected line index, got 'LEANPARSE'", 271), ('rule check failed: ANDI', 190), ('premise block does not match declared premises', 154), ('rule check failed: ORI2', 132), ('rule check failed: NEGE', 89)]
[la_T1_g2_s1 r1] targets cumulative: solved 877/4495 L*=9 ge={7: 877, 8: 247, 9: 9, 10: 0, 11: 0, 12: 0}
[la_T1_g2_s1 r1] transfer cumulative: solved 86/2285 L*=9 ge={7: 86, 8: 62, 9: 11, 10: 0, 11: 0, 12: 0}
python3 train.py --data artifacts/dsg/la_T1_g2_s1/mix_1.jsonl --init ckpts/dsg/stage1_g2_s1.pt --steps 600 --lr 0.0003 --min_lr 2.9999999999999997e-05 --warmup 50 --cap 0 --out ckpts/ladder/la_T1_g2_s1_r1.pt --seed 1001 --log_every 200
params 3214336 mode lean_seq shift True
train records 24072 max len 394
step 200 loss 0.0432 lr 2.53e-04 5s
step 400 loss 0.0396 lr 1.09e-04 10s
step 600 loss 0.0415 lr 3.00e-05 15s
saved ckpts/ladder/la_T1_g2_s1_r1.pt
=== round 1 done in 583s; new proofs 1021; cum targets solved 877 L*=9; transfer L*=9
[lean_gate] 143840 samples, parse-fail 19027, distinct checked 105195: both ok 31151, nd-only 0, lean-only 332, both rej 73712; lean 121.8s wall (1325.5s proc, 11 workers), nd_verify 5.5s
[la_T1_g2_s1 r2] targets (this round) SOLVED 1531/4495 = 0.341 [0.327,0.355]
  len 7: 942/1800 = 0.523 [0.500,0.546]
  len 8: 468/1000 = 0.468 [0.437,0.499]
  len 9: 117/1004 = 0.117 [0.098,0.138]
  len 10: 4/456 = 0.009 [0.003,0.022]
  len 11: 0/99 = 0.000 [0.000,0.037]
  len 12: 0/106 = 0.000 [0.000,0.035]
  len 13: 0/16 = 0.000 [0.000,0.194]
  len 14: 0/14 = 0.000 [0.000,0.215]
  written hist {7: 983, 8: 717, 9: 165, 10: 11}
  pruned hist {5: 8, 6: 198, 7: 865, 8: 689, 9: 112, 10: 4}
  frontier written 10 pruned 9
  reasons [('rule check failed: ANDI', 19734), ("parse: expected line index, got 'LEANPARSE'", 19027), ('rule check failed: IMPE', 11801), ('premise block does not match declared premises', 10152), ('rule check failed: ORI2', 7991), ('rule check failed: ANDE2', 5904)]
[lean_gate] 73120 samples, parse-fail 13963, distinct checked 50847: both ok 4444, nd-only 0, lean-only 149, both rej 46254; lean 62.9s wall (675.9s proc, 11 workers), nd_verify 2.4s
[la_T1_g2_s1 r2] transfer (this round, pass@32) SOLVED 250/2285 = 0.109 [0.097,0.123]
  len 7: 35/300 = 0.117 [0.085,0.158]
  len 8: 96/300 = 0.320 [0.270,0.375]
  len 9: 111/1010 = 0.110 [0.092,0.131]
  len 10: 8/451 = 0.018 [0.009,0.035]
  len 11: 0/99 = 0.000 [0.000,0.037]
  len 12: 0/102 = 0.000 [0.000,0.036]
  len 13: 0/13 = 0.000 [0.000,0.228]
  len 14: 0/10 = 0.000 [0.000,0.278]
  written hist {7: 41, 8: 117, 9: 129, 10: 12}
  pruned hist {6: 3, 7: 47, 8: 151, 9: 94, 10: 4}
  frontier written 10 pruned 9
  reasons [("parse: expected line index, got 'LEANPARSE'", 13963), ('rule check failed: ANDI', 13078), ('rule check failed: IMPE', 7913), ('premise block does not match declared premises', 6443), ('rule check failed: ORI2', 5109), ('rule check failed: ANDE2', 3723)]
[lean_gate] 2285 samples, parse-fail 365, distinct checked 1920: both ok 188, nd-only 0, lean-only 7, both rej 1725; lean 2.4s wall (11.8s proc, 11 workers), nd_verify 0.1s
[la_T1_g2_s1 r2] transfer greedy SOLVED 188/2285 = 0.082 [0.072,0.094]
  len 7: 26/300 = 0.087 [0.060,0.124]
  len 8: 76/300 = 0.253 [0.207,0.305]
  len 9: 85/1010 = 0.084 [0.069,0.103]
  len 10: 1/451 = 0.002 [0.000,0.012]
  len 11: 0/99 = 0.000 [0.000,0.037]
  len 12: 0/102 = 0.000 [0.000,0.036]
  len 13: 0/13 = 0.000 [0.000,0.228]
  len 14: 0/10 = 0.000 [0.000,0.278]
  written hist {7: 22, 8: 77, 9: 87, 10: 2}
  pruned hist {6: 3, 7: 19, 8: 95, 9: 70, 10: 1}
  frontier written 9 pruned 9
  reasons [('rule check failed: ANDI', 446), ("parse: expected line index, got 'LEANPARSE'", 365), ('rule check failed: IMPE', 253), ('premise block does not match declared premises', 206), ('rule check failed: ORI2', 170), ('rule check failed: ANDE2', 126)]
[lean_gate] 5000 samples, parse-fail 169, distinct checked 4831: both ok 3393, nd-only 0, lean-only 10, both rej 1428; lean 4.6s wall (37.9s proc, 11 workers), nd_verify 0.2s
[la_T1_g2_s1 r2] heldout greedy SOLVED 3393/5000 = 0.679 [0.666,0.691]
  len 2: 999/1000 = 0.999 [0.994,1.000]
  len 3: 974/1000 = 0.974 [0.962,0.982]
  len 4: 524/1000 = 0.524 [0.493,0.555]
  len 5: 409/1000 = 0.409 [0.379,0.440]
  len 6: 487/1000 = 0.487 [0.456,0.518]
  written hist {2: 1027, 3: 986, 4: 501, 5: 401, 6: 471, 7: 7}
  pruned hist {2: 1030, 3: 987, 4: 501, 5: 401, 6: 468, 7: 6}
  frontier written 7 pruned 7
  reasons [('rule check failed: IMPE', 539), ('premise block does not match declared premises', 215), ('rule check failed: ANDI', 178), ("parse: expected line index, got 'LEANPARSE'", 169), ('rule check failed: ORI2', 115), ('rule check failed: NEGE', 75)]
[la_T1_g2_s1 r2] targets cumulative: solved 1531/4495 L*=9 ge={7: 1531, 8: 589, 9: 121, 10: 4, 11: 0, 12: 0}
[la_T1_g2_s1 r2] transfer cumulative: solved 255/2285 L*=10 ge={7: 255, 8: 219, 9: 120, 10: 8, 11: 0, 12: 0}
python3 train.py --data artifacts/dsg/la_T1_g2_s1/mix_2.jsonl --init ckpts/ladder/la_T1_g2_s1_r1.pt --steps 600 --lr 0.0003 --min_lr 2.9999999999999997e-05 --warmup 50 --cap 0 --out ckpts/ladder/la_T1_g2_s1_r2.pt --seed 1002 --log_every 200
params 3214336 mode lean_seq shift True
train records 27432 max len 519
step 200 loss 0.0363 lr 2.53e-04 6s
step 400 loss 0.0379 lr 1.09e-04 11s
step 600 loss 0.0380 lr 3.00e-05 16s
saved ckpts/ladder/la_T1_g2_s1_r2.pt
=== round 2 done in 632s; new proofs 864; cum targets solved 1531 L*=9; transfer L*=10
[lean_gate] 143840 samples, parse-fail 13280, distinct checked 109533: both ok 37784, nd-only 0, lean-only 346, both rej 71403; lean 129.5s wall (1412.5s proc, 11 workers), nd_verify 5.9s
[la_T1_g2_s1 r3] targets (this round) SOLVED 1766/4495 = 0.393 [0.379,0.407]
  len 7: 1033/1800 = 0.574 [0.551,0.597]
  len 8: 537/1000 = 0.537 [0.506,0.568]
  len 9: 179/1004 = 0.178 [0.156,0.203]
  len 10: 17/456 = 0.037 [0.023,0.059]
  len 11: 0/99 = 0.000 [0.000,0.037]
  len 12: 0/106 = 0.000 [0.000,0.035]
  len 13: 0/16 = 0.000 [0.000,0.194]
  len 14: 0/14 = 0.000 [0.000,0.215]
  written hist {7: 1093, 8: 853, 9: 265, 10: 43, 11: 1}
  pruned hist {5: 16, 6: 226, 7: 986, 8: 809, 9: 192, 10: 26}
  frontier written 10 pruned 10
  reasons [('rule check failed: ANDI', 21639), ("parse: expected line index, got 'LEANPARSE'", 13280), ('rule check failed: IMPE', 11595), ('premise block does not match declared premises', 10262), ('rule check failed: ORI2', 8297), ('rule check failed: ORI1', 5376)]
[lean_gate] 73120 samples, parse-fail 10884, distinct checked 53368: both ok 5239, nd-only 0, lean-only 151, both rej 47978; lean 68.0s wall (737.0s proc, 11 workers), nd_verify 2.7s
[la_T1_g2_s1 r3] transfer (this round, pass@32) SOLVED 315/2285 = 0.138 [0.124,0.153]
  len 7: 37/300 = 0.123 [0.091,0.165]
  len 8: 106/300 = 0.353 [0.301,0.409]
  len 9: 159/1010 = 0.157 [0.136,0.181]
  len 10: 13/451 = 0.029 [0.017,0.049]
  len 11: 0/99 = 0.000 [0.000,0.037]
  len 12: 0/102 = 0.000 [0.000,0.036]
  len 13: 0/13 = 0.000 [0.000,0.228]
  len 14: 0/10 = 0.000 [0.000,0.278]
  written hist {7: 41, 8: 130, 9: 193, 10: 25}
  pruned hist {6: 3, 7: 50, 8: 179, 9: 145, 10: 12}
  frontier written 10 pruned 10
  reasons [('rule check failed: ANDI', 15263), ("parse: expected line index, got 'LEANPARSE'", 10884), ('rule check failed: IMPE', 8485), ('premise block does not match declared premises', 6650), ('rule check failed: ORI2', 5619), ('rule check failed: ORI1', 3321)]
[lean_gate] 2285 samples, parse-fail 257, distinct checked 2028: both ok 214, nd-only 0, lean-only 6, both rej 1808; lean 2.6s wall (13.3s proc, 11 workers), nd_verify 0.1s
[la_T1_g2_s1 r3] transfer greedy SOLVED 214/2285 = 0.094 [0.082,0.106]
  len 7: 29/300 = 0.097 [0.068,0.135]
  len 8: 87/300 = 0.290 [0.242,0.344]
  len 9: 96/1010 = 0.095 [0.078,0.115]
  len 10: 2/451 = 0.004 [0.001,0.016]
  len 11: 0/99 = 0.000 [0.000,0.037]
  len 12: 0/102 = 0.000 [0.000,0.036]
  len 13: 0/13 = 0.000 [0.000,0.228]
  len 14: 0/10 = 0.000 [0.000,0.278]
  written hist {7: 24, 8: 89, 9: 97, 10: 4}
  pruned hist {6: 3, 7: 23, 8: 111, 9: 76, 10: 1}
  frontier written 9 pruned 9
  reasons [('rule check failed: ANDI', 504), ('rule check failed: IMPE', 277), ("parse: expected line index, got 'LEANPARSE'", 257), ('premise block does not match declared premises', 216), ('rule check failed: ORI2', 166), ('rule check failed: ORI1', 112)]
[lean_gate] 5000 samples, parse-fail 154, distinct checked 4846: both ok 3386, nd-only 0, lean-only 10, both rej 1450; lean 4.7s wall (38.3s proc, 11 workers), nd_verify 0.2s
[la_T1_g2_s1 r3] heldout greedy SOLVED 3386/5000 = 0.677 [0.664,0.690]
  len 2: 998/1000 = 0.998 [0.993,0.999]
  len 3: 968/1000 = 0.968 [0.955,0.977]
  len 4: 531/1000 = 0.531 [0.500,0.562]
  len 5: 406/1000 = 0.406 [0.376,0.437]
  len 6: 483/1000 = 0.483 [0.452,0.514]
  written hist {2: 1026, 3: 980, 4: 508, 5: 398, 6: 461, 7: 13}
  pruned hist {2: 1030, 3: 978, 4: 510, 5: 398, 6: 458, 7: 12}
  frontier written 7 pruned 7
  reasons [('rule check failed: IMPE', 549), ('rule check failed: ANDI', 211), ('premise block does not match declared premises', 155), ("parse: expected line index, got 'LEANPARSE'", 154), ('rule check failed: ORI2', 128), ('rule check failed: ORI1', 97)]
[la_T1_g2_s1 r3] targets cumulative: solved 1766/4495 L*=10 ge={7: 1766, 8: 733, 9: 196, 10: 17, 11: 0, 12: 0}
[la_T1_g2_s1 r3] transfer cumulative: solved 325/2285 L*=10 ge={7: 325, 8: 287, 9: 176, 10: 14, 11: 0, 12: 0}
python3 train.py --data artifacts/dsg/la_T1_g2_s1/mix_3.jsonl --init ckpts/ladder/la_T1_g2_s1_r2.pt --steps 600 --lr 0.0003 --min_lr 2.9999999999999997e-05 --warmup 50 --cap 0 --out ckpts/ladder/la_T1_g2_s1_r3.pt --seed 1003 --log_every 200
params 3214336 mode lean_seq shift True
train records 28876 max len 417
step 200 loss 0.0373 lr 2.53e-04 6s
step 400 loss 0.0367 lr 1.09e-04 12s
step 600 loss 0.0385 lr 3.00e-05 17s
saved ckpts/ladder/la_T1_g2_s1_r3.pt
=== round 3 done in 647s; new proofs 377; cum targets solved 1766 L*=10; transfer L*=10
[lean_gate] 143840 samples, parse-fail 11141, distinct checked 111237: both ok 42082, nd-only 0, lean-only 309, both rej 68846; lean 176.7s wall (1930.9s proc, 11 workers), nd_verify 5.8s
[la_T1_g2_s1 r4] targets (this round) SOLVED 1896/4495 = 0.422 [0.407,0.436]
  len 7: 1071/1800 = 0.595 [0.572,0.617]
  len 8: 574/1000 = 0.574 [0.543,0.604]
  len 9: 229/1004 = 0.228 [0.203,0.255]
  len 10: 22/456 = 0.048 [0.032,0.072]
  len 11: 0/99 = 0.000 [0.000,0.037]
  len 12: 0/106 = 0.000 [0.000,0.035]
  len 13: 0/16 = 0.000 [0.000,0.194]
  len 14: 0/14 = 0.000 [0.000,0.215]
  written hist {7: 1137, 8: 925, 9: 350, 10: 62, 11: 2}
  pruned hist {5: 18, 6: 237, 7: 1045, 8: 868, 9: 269, 10: 38, 11: 1}
  frontier written 10 pruned 10
  reasons [('rule check failed: ANDI', 20723), ('rule check failed: IMPE', 11500), ("parse: expected line index, got 'LEANPARSE'", 11141), ('premise block does not match declared premises', 9560), ('rule check failed: ORI2', 8438), ('rule check failed: ANDE2', 5070)]
[lean_gate] 73120 samples, parse-fail 9016, distinct checked 54943: both ok 6125, nd-only 0, lean-only 142, both rej 48676; lean 98.0s wall (1058.0s proc, 11 workers), nd_verify 2.7s
[la_T1_g2_s1 r4] transfer (this round, pass@32) SOLVED 373/2285 = 0.163 [0.149,0.179]
  len 7: 38/300 = 0.127 [0.094,0.169]
  len 8: 114/300 = 0.380 [0.327,0.436]
  len 9: 205/1010 = 0.203 [0.179,0.229]
  len 10: 16/451 = 0.035 [0.022,0.057]
  len 11: 0/99 = 0.000 [0.000,0.037]
  len 12: 0/102 = 0.000 [0.000,0.036]
  len 13: 0/13 = 0.000 [0.000,0.228]
  len 14: 0/10 = 0.000 [0.000,0.278]
  written hist {7: 40, 8: 138, 9: 258, 10: 31, 11: 2, 12: 1}
  pruned hist {6: 4, 7: 59, 8: 193, 9: 193, 10: 20, 11: 1}
  frontier written 10 pruned 10
  reasons [('rule check failed: ANDI', 15691), ("parse: expected line index, got 'LEANPARSE'", 9016), ('rule check failed: IMPE', 8486), ('premise block does not match declared premises', 6448), ('rule check failed: ORI2', 5881), ('rule check failed: R', 3373)]
[lean_gate] 2285 samples, parse-fail 212, distinct checked 2073: both ok 251, nd-only 0, lean-only 6, both rej 1816; lean 4.0s wall (20.5s proc, 11 workers), nd_verify 0.1s
[la_T1_g2_s1 r4] transfer greedy SOLVED 251/2285 = 0.110 [0.098,0.123]
  len 7: 31/300 = 0.103 [0.074,0.143]
  len 8: 94/300 = 0.313 [0.263,0.368]
  len 9: 120/1010 = 0.119 [0.100,0.140]
  len 10: 6/451 = 0.013 [0.006,0.029]
  len 11: 0/99 = 0.000 [0.000,0.037]
  len 12: 0/102 = 0.000 [0.000,0.036]
  len 13: 0/13 = 0.000 [0.000,0.228]
  len 14: 0/10 = 0.000 [0.000,0.278]
  written hist {7: 26, 8: 93, 9: 122, 10: 10}
  pruned hist {6: 2, 7: 32, 8: 119, 9: 92, 10: 6}
  frontier written 10 pruned 10
  reasons [('rule check failed: ANDI', 523), ('rule check failed: IMPE', 258), ("parse: expected line index, got 'LEANPARSE'", 212), ('premise block does not match declared premises', 208), ('rule check failed: ORI2', 195), ('rule check failed: R', 114)]
[lean_gate] 5000 samples, parse-fail 126, distinct checked 4874: both ok 3379, nd-only 0, lean-only 4, both rej 1491; lean 5.6s wall (48.6s proc, 11 workers), nd_verify 0.2s
[la_T1_g2_s1 r4] heldout greedy SOLVED 3379/5000 = 0.676 [0.663,0.689]
  len 2: 998/1000 = 0.998 [0.993,0.999]
  len 3: 972/1000 = 0.972 [0.960,0.981]
  len 4: 528/1000 = 0.528 [0.497,0.559]
  len 5: 402/1000 = 0.402 [0.372,0.433]
  len 6: 479/1000 = 0.479 [0.448,0.510]
  written hist {2: 1027, 3: 983, 4: 508, 5: 391, 6: 453, 7: 16, 9: 1}
  pruned hist {2: 1030, 3: 983, 4: 506, 5: 394, 6: 451, 7: 14, 9: 1}
  frontier written 7 pruned 7
  reasons [('rule check failed: IMPE', 558), ('rule check failed: ANDI', 214), ('rule check failed: ORI2', 159), ('premise block does not match declared premises', 158), ("parse: expected line index, got 'LEANPARSE'", 126), ('rule check failed: ORI1', 69)]
[la_T1_g2_s1 r4] targets cumulative: solved 1897/4495 L*=10 ge={7: 1897, 8: 826, 9: 251, 10: 22, 11: 0, 12: 0}
[la_T1_g2_s1 r4] transfer cumulative: solved 394/2285 L*=10 ge={7: 394, 8: 356, 9: 233, 10: 21, 11: 0, 12: 0}
python3 train.py --data artifacts/dsg/la_T1_g2_s1/mix_4.jsonl --init ckpts/ladder/la_T1_g2_s1_r3.pt --steps 600 --lr 0.0003 --min_lr 2.9999999999999997e-05 --warmup 50 --cap 0 --out ckpts/ladder/la_T1_g2_s1_r4.pt --seed 1004 --log_every 200
params 3214336 mode lean_seq shift True
train records 29800 max len 486
step 200 loss 0.0376 lr 2.53e-04 7s
step 400 loss 0.0358 lr 1.09e-04 13s
step 600 loss 0.0347 lr 3.00e-05 20s
saved ckpts/ladder/la_T1_g2_s1_r4.pt
=== round 4 done in 722s; new proofs 235; cum targets solved 1897 L*=10; transfer L*=10
[lean_gate] 143840 samples, parse-fail 12931, distinct checked 109617: both ok 45455, nd-only 0, lean-only 375, both rej 63787; lean 185.0s wall (2016.5s proc, 11 workers), nd_verify 5.9s
[la_T1_g2_s1 r5] targets (this round) SOLVED 2010/4495 = 0.447 [0.433,0.462]
  len 7: 1097/1800 = 0.609 [0.587,0.632]
  len 8: 613/1000 = 0.613 [0.582,0.643]
  len 9: 269/1004 = 0.268 [0.241,0.296]
  len 10: 31/456 = 0.068 [0.048,0.095]
  len 11: 0/99 = 0.000 [0.000,0.037]
  len 12: 0/106 = 0.000 [0.000,0.035]
  len 13: 0/16 = 0.000 [0.000,0.194]
  len 14: 0/14 = 0.000 [0.000,0.215]
  written hist {7: 1169, 8: 1012, 9: 424, 10: 88, 11: 5, 12: 1}
  pruned hist {5: 20, 6: 246, 7: 1102, 8: 930, 9: 342, 10: 56, 11: 2, 12: 1}
  frontier written 11 pruned 10
  reasons [('rule check failed: ANDI', 19276), ("parse: expected line index, got 'LEANPARSE'", 12931), ('rule check failed: IMPE', 11292), ('premise block does not match declared premises', 8482), ('rule check failed: ORI2', 7273), ('rule check failed: ANDE2', 4413)]
[lean_gate] 73120 samples, parse-fail 10674, distinct checked 53460: both ok 6869, nd-only 0, lean-only 159, both rej 46432; lean 94.3s wall (1017.9s proc, 11 workers), nd_verify 2.8s
[la_T1_g2_s1 r5] transfer (this round, pass@32) SOLVED 422/2285 = 0.185 [0.169,0.201]
  len 7: 36/300 = 0.120 [0.088,0.162]
  len 8: 115/300 = 0.383 [0.330,0.439]
  len 9: 240/1010 = 0.238 [0.212,0.265]
  len 10: 29/451 = 0.064 [0.045,0.091]
  len 11: 2/99 = 0.020 [0.006,0.071]
  len 12: 0/102 = 0.000 [0.000,0.036]
  len 13: 0/13 = 0.000 [0.000,0.228]
  len 14: 0/10 = 0.000 [0.000,0.278]
  written hist {7: 42, 8: 145, 9: 314, 10: 52, 11: 6, 12: 2}
  pruned hist {5: 1, 6: 5, 7: 60, 8: 202, 9: 257, 10: 32, 11: 4}
  frontier written 11 pruned 10
  reasons [('rule check failed: ANDI', 14620), ("parse: expected line index, got 'LEANPARSE'", 10674), ('rule check failed: IMPE', 8428), ('premise block does not match declared premises', 5748), ('rule check failed: ORI2', 5121), ('rule check failed: R', 3401)]
[lean_gate] 2285 samples, parse-fail 268, distinct checked 2017: both ok 276, nd-only 0, lean-only 7, both rej 1734; lean 3.9s wall (19.6s proc, 11 workers), nd_verify 0.1s
[la_T1_g2_s1 r5] transfer greedy SOLVED 276/2285 = 0.121 [0.108,0.135]
  len 7: 32/300 = 0.107 [0.077,0.147]
  len 8: 94/300 = 0.313 [0.263,0.368]
  len 9: 139/1010 = 0.138 [0.118,0.160]
  len 10: 10/451 = 0.022 [0.012,0.040]
  len 11: 1/99 = 0.010 [0.002,0.055]
  len 12: 0/102 = 0.000 [0.000,0.036]
  len 13: 0/13 = 0.000 [0.000,0.228]
  len 14: 0/10 = 0.000 [0.000,0.278]
  written hist {7: 27, 8: 94, 9: 139, 10: 15, 11: 1}
  pruned hist {6: 3, 7: 26, 8: 119, 9: 115, 10: 12, 11: 1}
  frontier written 10 pruned 10
  reasons [('rule check failed: ANDI', 477), ('rule check failed: IMPE', 273), ("parse: expected line index, got 'LEANPARSE'", 268), ('premise block does not match declared premises', 189), ('rule check failed: ORI2', 169), ('rule check failed: ORI1', 109)]
[lean_gate] 5000 samples, parse-fail 183, distinct checked 4817: both ok 3384, nd-only 0, lean-only 4, both rej 1429; lean 5.8s wall (50.5s proc, 11 workers), nd_verify 0.2s
[la_T1_g2_s1 r5] heldout greedy SOLVED 3384/5000 = 0.677 [0.664,0.690]
  len 2: 999/1000 = 0.999 [0.994,1.000]
  len 3: 973/1000 = 0.973 [0.961,0.981]
  len 4: 524/1000 = 0.524 [0.493,0.555]
  len 5: 410/1000 = 0.410 [0.380,0.441]
  len 6: 478/1000 = 0.478 [0.447,0.509]
  written hist {2: 1032, 3: 982, 4: 504, 5: 395, 6: 451, 7: 14, 8: 1, 9: 4, 10: 1}
  pruned hist {2: 1035, 3: 985, 4: 499, 5: 398, 6: 449, 7: 12, 8: 1, 9: 4, 10: 1}
  frontier written 7 pruned 7
  reasons [('rule check failed: IMPE', 528), ('premise block does not match declared premises', 219), ('rule check failed: ANDI', 216), ("parse: expected line index, got 'LEANPARSE'", 183), ('rule check failed: ORI2', 113), ('rule check failed: ORI1', 70)]
[la_T1_g2_s1 r5] targets cumulative: solved 2012/4495 L*=10 ge={7: 2012, 8: 914, 9: 300, 10: 31, 11: 0, 12: 0}
[la_T1_g2_s1 r5] transfer cumulative: solved 467/2285 L*=10 ge={7: 467, 8: 428, 9: 300, 10: 37, 11: 2, 12: 0}
python3 train.py --data artifacts/dsg/la_T1_g2_s1/mix_5.jsonl --init ckpts/ladder/la_T1_g2_s1_r4.pt --steps 600 --lr 0.0003 --min_lr 2.9999999999999997e-05 --warmup 50 --cap 0 --out ckpts/ladder/la_T1_g2_s1_r5.pt --seed 1005 --log_every 200
params 3214336 mode lean_seq shift True
train records 30648 max len 519
step 200 loss 0.0363 lr 2.53e-04 7s
step 400 loss 0.0386 lr 1.09e-04 14s
step 600 loss 0.0356 lr 3.00e-05 21s
saved ckpts/ladder/la_T1_g2_s1_r5.pt
=== round 5 done in 736s; new proofs 227; cum targets solved 2012 L*=10; transfer L*=10
[lean_gate] 143840 samples, parse-fail 11722, distinct checked 110613: both ok 48398, nd-only 0, lean-only 202, both rej 62013; lean 156.3s wall (1706.2s proc, 11 workers), nd_verify 6.0s
[la_T1_g2_s1 r6] targets (this round) SOLVED 2118/4495 = 0.471 [0.457,0.486]
  len 7: 1140/1800 = 0.633 [0.611,0.655]
  len 8: 628/1000 = 0.628 [0.598,0.657]
  len 9: 305/1004 = 0.304 [0.276,0.333]
  len 10: 45/456 = 0.099 [0.075,0.130]
  len 11: 0/99 = 0.000 [0.000,0.037]
  len 12: 0/106 = 0.000 [0.000,0.035]
  len 13: 0/16 = 0.000 [0.000,0.194]
  len 14: 0/14 = 0.000 [0.000,0.215]
  written hist {7: 1224, 8: 1069, 9: 509, 10: 121, 11: 8, 12: 1}
  pruned hist {5: 29, 6: 263, 7: 1164, 8: 972, 9: 416, 10: 84, 11: 3, 12: 1}
  frontier written 11 pruned 10
  reasons [('rule check failed: ANDI', 18894), ("parse: expected line index, got 'LEANPARSE'", 11722), ('rule check failed: IMPE', 10971), ('rule check failed: ORI2', 6755), ('premise block does not match declared premises', 6673), ('rule check failed: NEGE', 4637)]
[lean_gate] 73120 samples, parse-fail 9691, distinct checked 54466: both ok 7716, nd-only 0, lean-only 145, both rej 46605; lean 81.5s wall (885.0s proc, 11 workers), nd_verify 2.8s
[la_T1_g2_s1 r6] transfer (this round, pass@32) SOLVED 482/2285 = 0.211 [0.195,0.228]
  len 7: 38/300 = 0.127 [0.094,0.169]
  len 8: 126/300 = 0.420 [0.366,0.477]
  len 9: 283/1010 = 0.280 [0.253,0.309]
  len 10: 33/451 = 0.073 [0.053,0.101]
  len 11: 2/99 = 0.020 [0.006,0.071]
  len 12: 0/102 = 0.000 [0.000,0.036]
  len 13: 0/13 = 0.000 [0.000,0.228]
  len 14: 0/10 = 0.000 [0.000,0.278]
  written hist {7: 43, 8: 162, 9: 390, 10: 78, 11: 7, 12: 3}
  pruned hist {5: 3, 6: 3, 7: 64, 8: 219, 9: 343, 10: 46, 11: 5}
  frontier written 11 pruned 11
  reasons [('rule check failed: ANDI', 14769), ("parse: expected line index, got 'LEANPARSE'", 9691), ('rule check failed: IMPE', 8709), ('rule check failed: ORI2', 5328), ('premise block does not match declared premises', 4150), ('rule check failed: R', 3569)]
[lean_gate] 2285 samples, parse-fail 235, distinct checked 2050: both ok 326, nd-only 0, lean-only 6, both rej 1718; lean 3.5s wall (18.0s proc, 11 workers), nd_verify 0.1s
[la_T1_g2_s1 r6] transfer greedy SOLVED 326/2285 = 0.143 [0.129,0.158]
  len 7: 33/300 = 0.110 [0.079,0.150]
  len 8: 102/300 = 0.340 [0.289,0.395]
  len 9: 175/1010 = 0.173 [0.151,0.198]
  len 10: 16/451 = 0.035 [0.022,0.057]
  len 11: 0/99 = 0.000 [0.000,0.037]
  len 12: 0/102 = 0.000 [0.000,0.036]
  len 13: 0/13 = 0.000 [0.000,0.228]
  len 14: 0/10 = 0.000 [0.000,0.278]
  written hist {7: 28, 8: 102, 9: 169, 10: 25, 11: 1, 12: 1}
  pruned hist {5: 1, 6: 3, 7: 31, 8: 131, 9: 142, 10: 17, 11: 1}
  frontier written 10 pruned 10
  reasons [('rule check failed: ANDI', 488), ('rule check failed: IMPE', 283), ("parse: expected line index, got 'LEANPARSE'", 235), ('rule check failed: ORI2', 173), ('premise block does not match declared premises', 127), ('rule check failed: R', 119)]
[lean_gate] 5000 samples, parse-fail 176, distinct checked 4824: both ok 3400, nd-only 0, lean-only 21, both rej 1403; lean 5.2s wall (44.3s proc, 11 workers), nd_verify 0.2s
[la_T1_g2_s1 r6] heldout greedy SOLVED 3400/5000 = 0.680 [0.667,0.693]
  len 2: 998/1000 = 0.998 [0.993,0.999]
  len 3: 968/1000 = 0.968 [0.955,0.977]
  len 4: 536/1000 = 0.536 [0.505,0.567]
  len 5: 404/1000 = 0.404 [0.374,0.435]
  len 6: 494/1000 = 0.494 [0.463,0.525]
  written hist {2: 1028, 3: 982, 4: 517, 5: 392, 6: 461, 7: 16, 8: 2, 9: 2}
  pruned hist {2: 1031, 3: 984, 4: 514, 5: 392, 6: 462, 7: 14, 8: 1, 9: 2}
  frontier written 7 pruned 7
  reasons [('rule check failed: IMPE', 521), ('rule check failed: ANDI', 200), ("parse: expected line index, got 'LEANPARSE'", 176), ('premise block does not match declared premises', 168), ('rule check failed: ORI2', 96), ('rule check failed: ORI1', 90)]
[la_T1_g2_s1 r6] targets cumulative: solved 2118/4495 L*=10 ge={7: 2118, 8: 978, 9: 350, 10: 45, 11: 0, 12: 0}
[la_T1_g2_s1 r6] transfer cumulative: solved 527/2285 L*=10 ge={7: 527, 8: 488, 9: 353, 10: 44, 11: 2, 12: 0}
python3 train.py --data artifacts/dsg/la_T1_g2_s1/mix_6.jsonl --init ckpts/ladder/la_T1_g2_s1_r5.pt --steps 600 --lr 0.0003 --min_lr 2.9999999999999997e-05 --warmup 50 --cap 0 --out ckpts/ladder/la_T1_g2_s1_r6.pt --seed 1006 --log_every 200
params 3214336 mode lean_seq shift True
train records 31516 max len 453
step 200 loss 0.0404 lr 2.53e-04 7s
step 400 loss 0.0360 lr 1.09e-04 13s
step 600 loss 0.0330 lr 3.00e-05 20s
saved ckpts/ladder/la_T1_g2_s1_r6.pt
=== round 6 done in 690s; new proofs 236; cum targets solved 2118 L*=10; transfer L*=10
[lean_gate] 143840 samples, parse-fail 12218, distinct checked 110045: both ok 51264, nd-only 0, lean-only 164, both rej 58617; lean 136.3s wall (1487.2s proc, 11 workers), nd_verify 6.0s
[la_T1_g2_s1 r7] targets (this round) SOLVED 2195/4495 = 0.488 [0.474,0.503]
  len 7: 1161/1800 = 0.645 [0.623,0.667]
  len 8: 648/1000 = 0.648 [0.618,0.677]
  len 9: 335/1004 = 0.334 [0.305,0.363]
  len 10: 51/456 = 0.112 [0.086,0.144]
  len 11: 0/99 = 0.000 [0.000,0.037]
  len 12: 0/106 = 0.000 [0.000,0.035]
  len 13: 0/16 = 0.000 [0.000,0.194]
  len 14: 0/14 = 0.000 [0.000,0.215]
  written hist {7: 1258, 8: 1120, 9: 571, 10: 146, 11: 11, 12: 1}
  pruned hist {5: 33, 6: 276, 7: 1216, 8: 1015, 9: 458, 10: 104, 11: 4, 12: 1}
  frontier written 11 pruned 10
  reasons [('rule check failed: ANDI', 17732), ("parse: expected line index, got 'LEANPARSE'", 12218), ('rule check failed: IMPE', 11138), ('rule check failed: ORI2', 7023), ('premise block does not match declared premises', 5305), ('rule check failed: NEGE', 4310)]
[lean_gate] 73120 samples, parse-fail 10375, distinct checked 53765: both ok 8358, nd-only 0, lean-only 70, both rej 45337; lean 73.1s wall (792.6s proc, 11 workers), nd_verify 2.8s
[la_T1_g2_s1 r7] transfer (this round, pass@32) SOLVED 497/2285 = 0.218 [0.201,0.235]
  len 7: 38/300 = 0.127 [0.094,0.169]
  len 8: 130/300 = 0.433 [0.378,0.490]
  len 9: 290/1010 = 0.287 [0.260,0.316]
  len 10: 36/451 = 0.080 [0.058,0.109]
  len 11: 2/99 = 0.020 [0.006,0.071]
  len 12: 1/102 = 0.010 [0.002,0.053]
  len 13: 0/13 = 0.000 [0.000,0.228]
  len 14: 0/10 = 0.000 [0.000,0.278]
  written hist {7: 45, 8: 171, 9: 393, 10: 84, 11: 11, 12: 5}
  pruned hist {5: 4, 6: 6, 7: 75, 8: 227, 9: 336, 10: 52, 11: 8, 12: 1}
  frontier written 12 pruned 11
  reasons [('rule check failed: ANDI', 14293), ("parse: expected line index, got 'LEANPARSE'", 10375), ('rule check failed: IMPE', 8919), ('rule check failed: ORI2', 5628), ('rule check failed: ANDE2', 3227), ('premise block does not match declared premises', 3192)]
[lean_gate] 2285 samples, parse-fail 260, distinct checked 2025: both ok 343, nd-only 0, lean-only 3, both rej 1679; lean 3.0s wall (15.1s proc, 11 workers), nd_verify 0.1s
[la_T1_g2_s1 r7] transfer greedy SOLVED 343/2285 = 0.150 [0.136,0.165]
  len 7: 31/300 = 0.103 [0.074,0.143]
  len 8: 106/300 = 0.353 [0.301,0.409]
  len 9: 187/1010 = 0.185 [0.162,0.210]
  len 10: 19/451 = 0.042 [0.027,0.065]
  len 11: 0/99 = 0.000 [0.000,0.037]
  len 12: 0/102 = 0.000 [0.000,0.036]
  len 13: 0/13 = 0.000 [0.000,0.228]
  len 14: 0/10 = 0.000 [0.000,0.278]
  written hist {7: 26, 8: 102, 9: 180, 10: 30, 11: 4, 12: 1}
  pruned hist {5: 1, 6: 3, 7: 30, 8: 133, 9: 153, 10: 22, 11: 1}
  frontier written 10 pruned 10
  reasons [('rule check failed: ANDI', 463), ('rule check failed: IMPE', 284), ("parse: expected line index, got 'LEANPARSE'", 260), ('rule check failed: ORI2', 183), ('rule check failed: ANDE2', 106), ('rule check failed: R', 96)]
[lean_gate] 5000 samples, parse-fail 193, distinct checked 4807: both ok 3404, nd-only 0, lean-only 29, both rej 1374; lean 4.8s wall (40.1s proc, 11 workers), nd_verify 0.2s
[la_T1_g2_s1 r7] heldout greedy SOLVED 3404/5000 = 0.681 [0.668,0.694]
  len 2: 999/1000 = 0.999 [0.994,1.000]
  len 3: 964/1000 = 0.964 [0.951,0.974]
  len 4: 538/1000 = 0.538 [0.507,0.569]
  len 5: 408/1000 = 0.408 [0.378,0.439]
  len 6: 495/1000 = 0.495 [0.464,0.526]
  written hist {2: 1024, 3: 976, 4: 520, 5: 394, 6: 468, 7: 20, 8: 1, 9: 1}
  pruned hist {2: 1026, 3: 981, 4: 514, 5: 398, 6: 465, 7: 18, 8: 1, 9: 1}
  frontier written 7 pruned 7
  reasons [('rule check failed: IMPE', 552), ("parse: expected line index, got 'LEANPARSE'", 193), ('rule check failed: ANDI', 186), ('premise block does not match declared premises', 135), ('rule check failed: ORI2', 132), ('rule check failed: DN', 87)]
[la_T1_g2_s1 r7] targets cumulative: solved 2196/4495 L*=10 ge={7: 2196, 8: 1035, 9: 387, 10: 52, 11: 0, 12: 0}
[la_T1_g2_s1 r7] transfer cumulative: solved 563/2285 L*=10 ge={7: 563, 8: 524, 9: 382, 10: 50, 11: 3, 12: 1}
python3 train.py --data artifacts/dsg/la_T1_g2_s1/mix_7.jsonl --init ckpts/ladder/la_T1_g2_s1_r6.pt --steps 600 --lr 0.0003 --min_lr 2.9999999999999997e-05 --warmup 50 --cap 0 --out ckpts/ladder/la_T1_g2_s1_r7.pt --seed 1007 --log_every 200
params 3214336 mode lean_seq shift True
train records 32132 max len 453
step 200 loss 0.0397 lr 2.53e-04 7s
step 400 loss 0.0360 lr 1.09e-04 14s
step 600 loss 0.0351 lr 3.00e-05 21s
saved ckpts/ladder/la_T1_g2_s1_r7.pt
=== round 7 done in 670s; new proofs 180; cum targets solved 2196 L*=10; transfer L*=10
[lean_gate] 143840 samples, parse-fail 12334, distinct checked 109457: both ok 53467, nd-only 0, lean-only 37, both rej 55953; lean 134.9s wall (1468.1s proc, 11 workers), nd_verify 6.1s
[la_T1_g2_s1 r8] targets (this round) SOLVED 2258/4495 = 0.502 [0.488,0.517]
  len 7: 1187/1800 = 0.659 [0.637,0.681]
  len 8: 658/1000 = 0.658 [0.628,0.687]
  len 9: 355/1004 = 0.354 [0.325,0.384]
  len 10: 56/456 = 0.123 [0.096,0.156]
  len 11: 1/99 = 0.010 [0.002,0.055]
  len 12: 1/106 = 0.009 [0.002,0.052]
  len 13: 0/16 = 0.000 [0.000,0.194]
  len 14: 0/14 = 0.000 [0.000,0.215]
  written hist {7: 1288, 8: 1144, 9: 619, 10: 169, 11: 15, 12: 5}
  pruned hist {5: 36, 6: 293, 7: 1243, 8: 1040, 9: 502, 10: 115, 11: 7, 12: 4}
  frontier written 12 pruned 11
  reasons [('rule check failed: ANDI', 16771), ("parse: expected line index, got 'LEANPARSE'", 12334), ('rule check failed: IMPE', 12026), ('rule check failed: ORI2', 5943), ('rule check failed: NEGE', 4540), ('premise block does not match declared premises', 4035)]
[lean_gate] 73120 samples, parse-fail 10517, distinct checked 53627: both ok 9128, nd-only 0, lean-only 39, both rej 44460; lean 72.5s wall (787.8s proc, 11 workers), nd_verify 3.0s
[la_T1_g2_s1 r8] transfer (this round, pass@32) SOLVED 535/2285 = 0.234 [0.217,0.252]
  len 7: 40/300 = 0.133 [0.099,0.176]
  len 8: 125/300 = 0.417 [0.362,0.473]
  len 9: 325/1010 = 0.322 [0.294,0.351]
  len 10: 41/451 = 0.091 [0.068,0.121]
  len 11: 3/99 = 0.030 [0.010,0.085]
  len 12: 1/102 = 0.010 [0.002,0.053]
  len 13: 0/13 = 0.000 [0.000,0.228]
  len 14: 0/10 = 0.000 [0.000,0.278]
  written hist {7: 44, 8: 167, 9: 451, 10: 121, 11: 13, 12: 8}
  pruned hist {5: 3, 6: 8, 7: 71, 8: 233, 9: 407, 10: 71, 11: 9, 12: 2}
  frontier written 12 pruned 11
  reasons [('rule check failed: ANDI', 13678), ("parse: expected line index, got 'LEANPARSE'", 10517), ('rule check failed: IMPE', 9359), ('rule check failed: ORI2', 4909), ('rule check failed: R', 3624), ('rule check failed: NEGE', 3260)]
[lean_gate] 2285 samples, parse-fail 252, distinct checked 2033: both ok 357, nd-only 0, lean-only 1, both rej 1675; lean 3.0s wall (15.3s proc, 11 workers), nd_verify 0.1s
[la_T1_g2_s1 r8] transfer greedy SOLVED 357/2285 = 0.156 [0.142,0.172]
  len 7: 30/300 = 0.100 [0.071,0.139]
  len 8: 101/300 = 0.337 [0.286,0.392]
  len 9: 207/1010 = 0.205 [0.181,0.231]
  len 10: 19/451 = 0.042 [0.027,0.065]
  len 11: 0/99 = 0.000 [0.000,0.037]
  len 12: 0/102 = 0.000 [0.000,0.036]
  len 13: 0/13 = 0.000 [0.000,0.228]
  len 14: 0/10 = 0.000 [0.000,0.278]
  written hist {7: 23, 8: 102, 9: 197, 10: 33, 11: 1, 12: 1}
  pruned hist {6: 3, 7: 29, 8: 125, 9: 175, 10: 25}
  frontier written 10 pruned 10
  reasons [('rule check failed: ANDI', 467), ('rule check failed: IMPE', 287), ("parse: expected line index, got 'LEANPARSE'", 252), ('rule check failed: ORI2', 175), ('rule check failed: R', 115), ('rule check failed: NEGE', 104)]
[lean_gate] 5000 samples, parse-fail 247, distinct checked 4753: both ok 3407, nd-only 0, lean-only 3, both rej 1343; lean 4.6s wall (39.5s proc, 11 workers), nd_verify 0.2s
[la_T1_g2_s1 r8] heldout greedy SOLVED 3407/5000 = 0.681 [0.668,0.694]
  len 2: 997/1000 = 0.997 [0.991,0.999]
  len 3: 972/1000 = 0.972 [0.960,0.981]
  len 4: 540/1000 = 0.540 [0.509,0.571]
  len 5: 400/1000 = 0.400 [0.370,0.431]
  len 6: 498/1000 = 0.498 [0.467,0.529]
  written hist {2: 1025, 3: 981, 4: 520, 5: 392, 6: 465, 7: 19, 8: 1, 9: 4}
  pruned hist {2: 1027, 3: 984, 4: 520, 5: 391, 6: 463, 7: 17, 8: 1, 9: 4}
  frontier written 7 pruned 7
  reasons [('rule check failed: IMPE', 543), ("parse: expected line index, got 'LEANPARSE'", 247), ('rule check failed: ANDI', 197), ('premise block does not match declared premises', 155), ('rule check failed: ORI2', 92), ('rule check failed: NEGE', 80)]
[la_T1_g2_s1 r8] targets cumulative: solved 2259/4495 L*=10 ge={7: 2259, 8: 1071, 9: 413, 10: 58, 11: 2, 12: 1}
[la_T1_g2_s1 r8] transfer cumulative: solved 607/2285 L*=11 ge={7: 607, 8: 564, 9: 422, 10: 58, 11: 5, 12: 2}
python3 train.py --data artifacts/dsg/la_T1_g2_s1/mix_8.jsonl --init ckpts/ladder/la_T1_g2_s1_r7.pt --steps 600 --lr 0.0003 --min_lr 2.9999999999999997e-05 --warmup 50 --cap 0 --out ckpts/ladder/la_T1_g2_s1_r8.pt --seed 1008 --log_every 200
params 3214336 mode lean_seq shift True
train records 32664 max len 453
step 200 loss 0.0377 lr 2.53e-04 7s
step 400 loss 0.0349 lr 1.09e-04 14s
step 600 loss 0.0361 lr 3.00e-05 20s
saved ckpts/ladder/la_T1_g2_s1_r8.pt
=== round 8 done in 671s; new proofs 147; cum targets solved 2259 L*=10; transfer L*=11
END 2026-09-24T02:33:54Z
