START 2026-09-23T21:46:50Z until [ -f artifacts/dsg/heldout2_g2_s0.done ]; do sleep 30; done; python3 ladder_ei.py --init ckpts/dsg/stage1_g2_s0.pt --outdir artifacts/dsg --seed 0 --batch 512 --train data/dsg/train_g2.jsonl --heldout data/p2/heldout.jsonl --name la_T1_g2_s0
[lean_gate] 143840 samples, parse-fail 66394, distinct checked 67383: both ok 4484, nd-only 0, lean-only 115, both rej 62784; lean 241.8s wall (1665.8s proc, 7 workers), nd_verify 2.5s
[la_T1_g2_s0 r1] targets (this round) SOLVED 394/4495 = 0.088 [0.080,0.096]
  len 7: 330/1800 = 0.183 [0.166,0.202]
  len 8: 59/1000 = 0.059 [0.046,0.075]
  len 9: 5/1004 = 0.005 [0.002,0.012]
  len 10: 0/456 = 0.000 [0.000,0.008]
  len 11: 0/99 = 0.000 [0.000,0.037]
  len 12: 0/106 = 0.000 [0.000,0.035]
  len 13: 0/16 = 0.000 [0.000,0.194]
  len 14: 0/14 = 0.000 [0.000,0.215]
  written hist {7: 371, 8: 110, 9: 5}
  pruned hist {5: 2, 6: 168, 7: 230, 8: 81, 9: 5}
  frontier written 9 pruned 9
  reasons [("parse: expected line index, got 'LEANPARSE'", 66394), ('rule check failed: IMPE', 18538), ('rule check failed: ANDI', 14569), ('premise block does not match declared premises', 7522), ('rule check failed: ORI2', 5754), ('rule check failed: NEGE', 4804)]
[lean_gate] 73120 samples, parse-fail 32914, distinct checked 35090: both ok 161, nd-only 0, lean-only 60, both rej 34869; lean 157.4s wall (1078.6s proc, 7 workers), nd_verify 1.2s
[la_T1_g2_s0 r1] transfer (this round, pass@32) SOLVED 26/2285 = 0.011 [0.008,0.017]
  len 7: 11/300 = 0.037 [0.021,0.064]
  len 8: 10/300 = 0.033 [0.018,0.060]
  len 9: 5/1010 = 0.005 [0.002,0.012]
  len 10: 0/451 = 0.000 [0.000,0.008]
  len 11: 0/99 = 0.000 [0.000,0.037]
  len 12: 0/102 = 0.000 [0.000,0.036]
  len 13: 0/13 = 0.000 [0.000,0.228]
  len 14: 0/10 = 0.000 [0.000,0.278]
  written hist {7: 12, 8: 11, 9: 7}
  pruned hist {6: 3, 7: 9, 8: 13, 9: 5}
  frontier written 9 pruned 9
  reasons [("parse: expected line index, got 'LEANPARSE'", 32914), ('rule check failed: IMPE', 11049), ('rule check failed: ANDI', 7998), ('premise block does not match declared premises', 4646), ('rule check failed: ORI2', 3001), ('rule check failed: NEGE', 2719)]
[lean_gate] 2285 samples, parse-fail 986, distinct checked 1299: both ok 5, nd-only 0, lean-only 3, both rej 1291; lean 7.7s wall (26.0s proc, 7 workers), nd_verify 0.1s
[la_T1_g2_s0 r1] transfer greedy SOLVED 5/2285 = 0.002 [0.001,0.005]
  len 7: 3/300 = 0.010 [0.003,0.029]
  len 8: 2/300 = 0.007 [0.002,0.024]
  len 9: 0/1010 = 0.000 [0.000,0.004]
  len 10: 0/451 = 0.000 [0.000,0.008]
  len 11: 0/99 = 0.000 [0.000,0.037]
  len 12: 0/102 = 0.000 [0.000,0.036]
  len 13: 0/13 = 0.000 [0.000,0.228]
  len 14: 0/10 = 0.000 [0.000,0.278]
  written hist {7: 3, 8: 2}
  pruned hist {6: 3, 8: 2}
  frontier written 0 pruned 0
  reasons [("parse: expected line index, got 'LEANPARSE'", 986), ('rule check failed: IMPE', 377), ('rule check failed: ANDI', 266), ('premise block does not match declared premises', 157), ('rule check failed: NEGE', 91), ('rule check failed: ORI2', 83)]
[lean_gate] 5000 samples, parse-fail 489, distinct checked 4511: both ok 3039, nd-only 0, lean-only 8, both rej 1464; lean 13.1s wall (73.3s proc, 7 workers), nd_verify 0.2s
[la_T1_g2_s0 r1] heldout greedy SOLVED 3039/5000 = 0.608 [0.594,0.621]
  len 2: 996/1000 = 0.996 [0.990,0.998]
  len 3: 963/1000 = 0.963 [0.949,0.973]
  len 4: 525/1000 = 0.525 [0.494,0.556]
  len 5: 417/1000 = 0.417 [0.387,0.448]
  len 6: 138/1000 = 0.138 [0.118,0.161]
  written hist {2: 1023, 3: 973, 4: 508, 5: 409, 6: 125, 7: 1}
  pruned hist {2: 1025, 3: 974, 4: 508, 5: 410, 6: 121, 7: 1}
  frontier written 6 pruned 6
  reasons [('rule check failed: IMPE', 498), ("parse: expected line index, got 'LEANPARSE'", 489), ('rule check failed: ANDI', 208), ('premise block does not match declared premises', 202), ('rule check failed: ORI1', 133), ('rule check failed: ORI2', 126)]
[la_T1_g2_s0 r1] targets cumulative: solved 394/4495 L*=9 ge={7: 394, 8: 64, 9: 5, 10: 0, 11: 0, 12: 0}
[la_T1_g2_s0 r1] transfer cumulative: solved 26/2285 L*=9 ge={7: 26, 8: 15, 9: 5, 10: 0, 11: 0, 12: 0}
python3 train.py --data artifacts/dsg/la_T1_g2_s0/mix_1.jsonl --init ckpts/dsg/stage1_g2_s0.pt --steps 600 --lr 0.0003 --min_lr 2.9999999999999997e-05 --warmup 50 --cap 0 --out ckpts/ladder/la_T1_g2_s0_r1.pt --seed 1 --log_every 200
params 3214336 mode lean_seq shift True
train records 21912 max len 498
step 200 loss 0.0435 lr 2.53e-04 9s
step 400 loss 0.0428 lr 1.09e-04 18s
step 600 loss 0.0429 lr 3.00e-05 26s
saved ckpts/ladder/la_T1_g2_s0_r1.pt
=== round 1 done in 910s; new proofs 486; cum targets solved 394 L*=9; transfer L*=9
[lean_gate] 143840 samples, parse-fail 35271, distinct checked 92194: both ok 23157, nd-only 0, lean-only 175, both rej 68862; lean 349.8s wall (2430.8s proc, 7 workers), nd_verify 3.6s
[la_T1_g2_s0 r2] targets (this round) SOLVED 1381/4495 = 0.307 [0.294,0.321]
  len 7: 902/1800 = 0.501 [0.478,0.524]
  len 8: 401/1000 = 0.401 [0.371,0.432]
  len 9: 76/1004 = 0.076 [0.061,0.094]
  len 10: 2/456 = 0.004 [0.001,0.016]
  len 11: 0/99 = 0.000 [0.000,0.037]
  len 12: 0/106 = 0.000 [0.000,0.035]
  len 13: 0/16 = 0.000 [0.000,0.194]
  len 14: 0/14 = 0.000 [0.000,0.215]
  written hist {7: 969, 8: 605, 9: 118, 10: 4}
  pruned hist {5: 11, 6: 200, 7: 837, 8: 574, 9: 73, 10: 1}
  frontier written 9 pruned 9
  reasons [("parse: expected line index, got 'LEANPARSE'", 35271), ('rule check failed: IMPE', 18286), ('rule check failed: ANDI', 16902), ('rule check failed: ORI2', 6548), ('premise block does not match declared premises', 6364), ('rule check failed: NEGE', 5568)]
[lean_gate] 73120 samples, parse-fail 23593, distinct checked 42547: both ok 2521, nd-only 0, lean-only 74, both rej 39952; lean 149.8s wall (1033.3s proc, 7 workers), nd_verify 1.5s
[la_T1_g2_s0 r2] transfer (this round, pass@32) SOLVED 187/2285 = 0.082 [0.071,0.094]
  len 7: 31/300 = 0.103 [0.074,0.143]
  len 8: 80/300 = 0.267 [0.220,0.319]
  len 9: 72/1010 = 0.071 [0.057,0.089]
  len 10: 4/451 = 0.009 [0.003,0.023]
  len 11: 0/99 = 0.000 [0.000,0.037]
  len 12: 0/102 = 0.000 [0.000,0.036]
  len 13: 0/13 = 0.000 [0.000,0.228]
  len 14: 0/10 = 0.000 [0.000,0.278]
  written hist {7: 34, 8: 107, 9: 96, 10: 6}
  pruned hist {6: 3, 7: 44, 8: 133, 9: 61, 10: 2}
  frontier written 10 pruned 9
  reasons [("parse: expected line index, got 'LEANPARSE'", 23593), ('rule check failed: IMPE', 12165), ('rule check failed: ANDI', 9118), ('premise block does not match declared premises', 4128), ('rule check failed: R', 3857), ('rule check failed: ORI2', 3577)]
[lean_gate] 2285 samples, parse-fail 681, distinct checked 1604: both ok 115, nd-only 0, lean-only 3, both rej 1486; lean 5.8s wall (23.4s proc, 7 workers), nd_verify 0.1s
[la_T1_g2_s0 r2] transfer greedy SOLVED 115/2285 = 0.050 [0.042,0.060]
  len 7: 25/300 = 0.083 [0.057,0.120]
  len 8: 50/300 = 0.167 [0.129,0.213]
  len 9: 40/1010 = 0.040 [0.029,0.053]
  len 10: 0/451 = 0.000 [0.000,0.008]
  len 11: 0/99 = 0.000 [0.000,0.037]
  len 12: 0/102 = 0.000 [0.000,0.036]
  len 13: 0/13 = 0.000 [0.000,0.228]
  len 14: 0/10 = 0.000 [0.000,0.278]
  written hist {7: 21, 8: 54, 9: 40}
  pruned hist {6: 3, 7: 18, 8: 66, 9: 28}
  frontier written 9 pruned 9
  reasons [("parse: expected line index, got 'LEANPARSE'", 681), ('rule check failed: IMPE', 407), ('rule check failed: ANDI', 303), ('premise block does not match declared premises', 133), ('rule check failed: R', 130), ('rule check failed: ORI2', 116)]
[lean_gate] 5000 samples, parse-fail 132, distinct checked 4868: both ok 3387, nd-only 0, lean-only 9, both rej 1472; lean 11.5s wall (70.1s proc, 7 workers), nd_verify 0.2s
[la_T1_g2_s0 r2] heldout greedy SOLVED 3387/5000 = 0.677 [0.664,0.690]
  len 2: 995/1000 = 0.995 [0.988,0.998]
  len 3: 965/1000 = 0.965 [0.952,0.975]
  len 4: 522/1000 = 0.522 [0.491,0.553]
  len 5: 403/1000 = 0.403 [0.373,0.434]
  len 6: 502/1000 = 0.502 [0.471,0.533]
  written hist {2: 1026, 3: 975, 4: 502, 5: 395, 6: 486, 7: 3}
  pruned hist {2: 1029, 3: 974, 4: 504, 5: 396, 6: 482, 7: 2}
  frontier written 6 pruned 6
  reasons [('rule check failed: IMPE', 552), ('rule check failed: ANDI', 204), ("parse: expected line index, got 'LEANPARSE'", 132), ('rule check failed: R', 131), ('rule check failed: ORI1', 120), ('premise block does not match declared premises', 119)]
[la_T1_g2_s0 r2] targets cumulative: solved 1381/4495 L*=9 ge={7: 1381, 8: 479, 9: 78, 10: 2, 11: 0, 12: 0}
[la_T1_g2_s0 r2] transfer cumulative: solved 192/2285 L*=9 ge={7: 192, 8: 158, 9: 76, 10: 4, 11: 0, 12: 0}
python3 train.py --data artifacts/dsg/la_T1_g2_s0/mix_2.jsonl --init ckpts/ladder/la_T1_g2_s0_r1.pt --steps 600 --lr 0.0003 --min_lr 2.9999999999999997e-05 --warmup 50 --cap 0 --out ckpts/ladder/la_T1_g2_s0_r2.pt --seed 2 --log_every 200
params 3214336 mode lean_seq shift True
train records 26732 max len 432
step 200 loss 0.0384 lr 2.53e-04 9s
step 400 loss 0.0380 lr 1.09e-04 18s
step 600 loss 0.0375 lr 3.00e-05 27s
saved ckpts/ladder/la_T1_g2_s0_r2.pt
=== round 2 done in 953s; new proofs 1219; cum targets solved 1381 L*=9; transfer L*=9
[lean_gate] 143840 samples, parse-fail 16726, distinct checked 107157: both ok 36874, nd-only 0, lean-only 90, both rej 70193; lean 382.4s wall (2659.5s proc, 7 workers), nd_verify 4.6s
[la_T1_g2_s0 r3] targets (this round) SOLVED 1810/4495 = 0.403 [0.388,0.417]
  len 7: 1043/1800 = 0.579 [0.556,0.602]
  len 8: 567/1000 = 0.567 [0.536,0.597]
  len 9: 188/1004 = 0.187 [0.164,0.213]
  len 10: 12/456 = 0.026 [0.015,0.045]
  len 11: 0/99 = 0.000 [0.000,0.037]
  len 12: 0/106 = 0.000 [0.000,0.035]
  len 13: 0/16 = 0.000 [0.000,0.194]
  len 14: 0/14 = 0.000 [0.000,0.215]
  written hist {7: 1112, 8: 914, 9: 279, 10: 27}
  pruned hist {5: 16, 6: 241, 7: 1002, 8: 858, 9: 198, 10: 17}
  frontier written 10 pruned 10
  reasons [('rule check failed: ANDI', 22020), ('rule check failed: IMPE', 17002), ("parse: expected line index, got 'LEANPARSE'", 16726), ('rule check failed: ORI2', 7534), ('rule check failed: ORI1', 5903), ('premise block does not match declared premises', 5261)]
[lean_gate] 73120 samples, parse-fail 12218, distinct checked 52122: both ok 5019, nd-only 0, lean-only 66, both rej 47037; lean 197.5s wall (1368.5s proc, 7 workers), nd_verify 2.1s
[la_T1_g2_s0 r3] transfer (this round, pass@32) SOLVED 344/2285 = 0.151 [0.136,0.166]
  len 7: 51/300 = 0.170 [0.132,0.217]
  len 8: 114/300 = 0.380 [0.327,0.436]
  len 9: 163/1010 = 0.161 [0.140,0.185]
  len 10: 15/451 = 0.033 [0.020,0.054]
  len 11: 1/99 = 0.010 [0.002,0.055]
  len 12: 0/102 = 0.000 [0.000,0.036]
  len 13: 0/13 = 0.000 [0.000,0.228]
  len 14: 0/10 = 0.000 [0.000,0.278]
  written hist {7: 55, 8: 150, 9: 210, 10: 18, 11: 7}
  pruned hist {6: 4, 7: 77, 8: 198, 9: 146, 10: 14, 11: 1}
  frontier written 11 pruned 10
  reasons [('rule check failed: ANDI', 14795), ('rule check failed: IMPE', 12808), ("parse: expected line index, got 'LEANPARSE'", 12218), ('rule check failed: ORI2', 5041), ('rule check failed: ORI1', 3969), ('premise block does not match declared premises', 3632)]
[lean_gate] 2285 samples, parse-fail 313, distinct checked 1972: both ok 212, nd-only 0, lean-only 3, both rej 1757; lean 6.9s wall (34.3s proc, 7 workers), nd_verify 0.1s
[la_T1_g2_s0 r3] transfer greedy SOLVED 212/2285 = 0.093 [0.082,0.105]
  len 7: 32/300 = 0.107 [0.077,0.147]
  len 8: 92/300 = 0.307 [0.257,0.361]
  len 9: 88/1010 = 0.087 [0.071,0.106]
  len 10: 0/451 = 0.000 [0.000,0.008]
  len 11: 0/99 = 0.000 [0.000,0.037]
  len 12: 0/102 = 0.000 [0.000,0.036]
  len 13: 0/13 = 0.000 [0.000,0.228]
  len 14: 0/10 = 0.000 [0.000,0.278]
  written hist {7: 27, 8: 93, 9: 90, 10: 1, 11: 1}
  pruned hist {6: 3, 7: 27, 8: 120, 9: 62}
  frontier written 9 pruned 9
  reasons [('rule check failed: ANDI', 504), ('rule check failed: IMPE', 431), ("parse: expected line index, got 'LEANPARSE'", 313), ('rule check failed: ORI2', 151), ('rule check failed: ORI1', 125), ('rule check failed: NEGE', 109)]
[lean_gate] 5000 samples, parse-fail 119, distinct checked 4881: both ok 3441, nd-only 0, lean-only 11, both rej 1429; lean 11.2s wall (66.4s proc, 7 workers), nd_verify 0.2s
[la_T1_g2_s0 r3] heldout greedy SOLVED 3441/5000 = 0.688 [0.675,0.701]
  len 2: 993/1000 = 0.993 [0.986,0.997]
  len 3: 968/1000 = 0.968 [0.955,0.977]
  len 4: 537/1000 = 0.537 [0.506,0.568]
  len 5: 412/1000 = 0.412 [0.382,0.443]
  len 6: 531/1000 = 0.531 [0.500,0.562]
  written hist {2: 1022, 3: 976, 4: 515, 5: 397, 6: 523, 7: 7, 8: 1}
  pruned hist {2: 1027, 3: 976, 4: 513, 5: 406, 6: 515, 7: 3, 8: 1}
  frontier written 7 pruned 6
  reasons [('rule check failed: IMPE', 612), ('rule check failed: ANDI', 234), ('rule check failed: ORI2', 137), ("parse: expected line index, got 'LEANPARSE'", 119), ('rule check failed: ORI1', 112), ('premise block does not match declared premises', 75)]
[la_T1_g2_s0 r3] targets cumulative: solved 1812/4495 L*=10 ge={7: 1812, 8: 769, 9: 201, 10: 12, 11: 0, 12: 0}
[la_T1_g2_s0 r3] transfer cumulative: solved 352/2285 L*=10 ge={7: 352, 8: 299, 9: 183, 10: 17, 11: 1, 12: 0}
python3 train.py --data artifacts/dsg/la_T1_g2_s0/mix_3.jsonl --init ckpts/ladder/la_T1_g2_s0_r2.pt --steps 600 --lr 0.0003 --min_lr 2.9999999999999997e-05 --warmup 50 --cap 0 --out ckpts/ladder/la_T1_g2_s0_r3.pt --seed 3 --log_every 200
params 3214336 mode lean_seq shift True
train records 29180 max len 432
step 200 loss 0.0391 lr 2.53e-04 10s
step 400 loss 0.0360 lr 1.09e-04 20s
step 600 loss 0.0374 lr 3.00e-05 29s
saved ckpts/ladder/la_T1_g2_s0_r3.pt
=== round 3 done in 1021s; new proofs 643; cum targets solved 1812 L*=10; transfer L*=10
[lean_gate] 143840 samples, parse-fail 13445, distinct checked 109672: both ok 42998, nd-only 0, lean-only 0, both rej 66674; lean 393.5s wall (2738.8s proc, 7 workers), nd_verify 4.8s
[la_T1_g2_s0 r4] targets (this round) SOLVED 2006/4495 = 0.446 [0.432,0.461]
  len 7: 1104/1800 = 0.613 [0.591,0.636]
  len 8: 618/1000 = 0.618 [0.587,0.648]
  len 9: 256/1004 = 0.255 [0.229,0.283]
  len 10: 28/456 = 0.061 [0.043,0.087]
  len 11: 0/99 = 0.000 [0.000,0.037]
  len 12: 0/106 = 0.000 [0.000,0.035]
  len 13: 0/16 = 0.000 [0.000,0.194]
  len 14: 0/14 = 0.000 [0.000,0.215]
  written hist {7: 1181, 8: 1049, 9: 410, 10: 56}
  pruned hist {5: 22, 6: 260, 7: 1084, 8: 989, 9: 302, 10: 39}
  frontier written 10 pruned 10
  reasons [('rule check failed: ANDI', 22571), ('rule check failed: IMPE', 16820), ("parse: expected line index, got 'LEANPARSE'", 13445), ('rule check failed: ORI2', 7708), ('rule check failed: ORI1', 4990), ('rule check failed: NEGE', 4894)]
[lean_gate] 73120 samples, parse-fail 10981, distinct checked 53050: both ok 6532, nd-only 0, lean-only 27, both rej 46491; lean 205.4s wall (1417.8s proc, 7 workers), nd_verify 2.2s
[la_T1_g2_s0 r4] transfer (this round, pass@32) SOLVED 433/2285 = 0.189 [0.174,0.206]
  len 7: 60/300 = 0.200 [0.159,0.249]
  len 8: 123/300 = 0.410 [0.356,0.466]
  len 9: 224/1010 = 0.222 [0.197,0.248]
  len 10: 25/451 = 0.055 [0.038,0.081]
  len 11: 1/99 = 0.010 [0.002,0.055]
  len 12: 0/102 = 0.000 [0.000,0.036]
  len 13: 0/13 = 0.000 [0.000,0.228]
  len 14: 0/10 = 0.000 [0.000,0.278]
  written hist {7: 64, 8: 162, 9: 300, 10: 46, 11: 7}
  pruned hist {6: 7, 7: 93, 8: 217, 9: 227, 10: 34, 11: 1}
  frontier written 11 pruned 10
  reasons [('rule check failed: ANDI', 15738), ('rule check failed: IMPE', 13313), ("parse: expected line index, got 'LEANPARSE'", 10981), ('rule check failed: ORI2', 5165), ('rule check failed: NEGE', 3616), ('rule check failed: R', 3395)]
[lean_gate] 2285 samples, parse-fail 260, distinct checked 2025: both ok 270, nd-only 0, lean-only 1, both rej 1754; lean 7.9s wall (39.7s proc, 7 workers), nd_verify 0.1s
[la_T1_g2_s0 r4] transfer greedy SOLVED 270/2285 = 0.118 [0.106,0.132]
  len 7: 44/300 = 0.147 [0.111,0.191]
  len 8: 97/300 = 0.323 [0.273,0.378]
  len 9: 122/1010 = 0.121 [0.102,0.142]
  len 10: 7/451 = 0.016 [0.008,0.032]
  len 11: 0/99 = 0.000 [0.000,0.037]
  len 12: 0/102 = 0.000 [0.000,0.036]
  len 13: 0/13 = 0.000 [0.000,0.228]
  len 14: 0/10 = 0.000 [0.000,0.278]
  written hist {7: 39, 8: 97, 9: 125, 10: 8, 11: 1}
  pruned hist {6: 4, 7: 41, 8: 125, 9: 93, 10: 7}
  frontier written 10 pruned 10
  reasons [('rule check failed: ANDI', 537), ('rule check failed: IMPE', 419), ("parse: expected line index, got 'LEANPARSE'", 260), ('rule check failed: ORI2', 171), ('rule check failed: NEGE', 122), ('rule check failed: R', 113)]
[lean_gate] 5000 samples, parse-fail 105, distinct checked 4895: both ok 3440, nd-only 0, lean-only 28, both rej 1427; lean 11.4s wall (69.9s proc, 7 workers), nd_verify 0.2s
[la_T1_g2_s0 r4] heldout greedy SOLVED 3440/5000 = 0.688 [0.675,0.701]
  len 2: 995/1000 = 0.995 [0.988,0.998]
  len 3: 965/1000 = 0.965 [0.952,0.975]
  len 4: 530/1000 = 0.530 [0.499,0.561]
  len 5: 414/1000 = 0.414 [0.384,0.445]
  len 6: 536/1000 = 0.536 [0.505,0.567]
  written hist {2: 1024, 3: 976, 4: 505, 5: 405, 6: 526, 7: 3, 8: 1}
  pruned hist {2: 1027, 3: 976, 4: 504, 5: 412, 6: 520, 7: 1}
  frontier written 6 pruned 6
  reasons [('rule check failed: IMPE', 675), ('rule check failed: ANDI', 209), ('rule check failed: ORI2', 108), ("parse: expected line index, got 'LEANPARSE'", 105), ('rule check failed: NEGE', 93), ('rule check failed: ORI1', 81)]
[la_T1_g2_s0 r4] targets cumulative: solved 2006/4495 L*=10 ge={7: 2006, 8: 902, 9: 284, 10: 28, 11: 0, 12: 0}
[la_T1_g2_s0 r4] transfer cumulative: solved 453/2285 L*=10 ge={7: 453, 8: 391, 9: 267, 10: 28, 11: 1, 12: 0}
python3 train.py --data artifacts/dsg/la_T1_g2_s0/mix_4.jsonl --init ckpts/ladder/la_T1_g2_s0_r3.pt --steps 600 --lr 0.0003 --min_lr 2.9999999999999997e-05 --warmup 50 --cap 0 --out ckpts/ladder/la_T1_g2_s0_r4.pt --seed 4 --log_every 200
params 3214336 mode lean_seq shift True
train records 30536 max len 444
step 200 loss 0.0396 lr 2.53e-04 10s
step 400 loss 0.0373 lr 1.09e-04 20s
step 600 loss 0.0380 lr 3.00e-05 31s
saved ckpts/ladder/la_T1_g2_s0_r4.pt
=== round 4 done in 1048s; new proofs 379; cum targets solved 2006 L*=10; transfer L*=10
[lean_gate] 143840 samples, parse-fail 13360, distinct checked 109313: both ok 46973, nd-only 0, lean-only 7, both rej 62333; lean 385.2s wall (2681.7s proc, 7 workers), nd_verify 4.9s
[la_T1_g2_s0 r5] targets (this round) SOLVED 2102/4495 = 0.468 [0.453,0.482]
  len 7: 1138/1800 = 0.632 [0.610,0.654]
  len 8: 644/1000 = 0.644 [0.614,0.673]
  len 9: 282/1004 = 0.281 [0.254,0.309]
  len 10: 38/456 = 0.083 [0.061,0.112]
  len 11: 0/99 = 0.000 [0.000,0.037]
  len 12: 0/106 = 0.000 [0.000,0.035]
  len 13: 0/16 = 0.000 [0.000,0.194]
  len 14: 0/14 = 0.000 [0.000,0.215]
  written hist {7: 1224, 8: 1120, 9: 498, 10: 78, 11: 4}
  pruned hist {5: 27, 6: 267, 7: 1143, 8: 1058, 9: 375, 10: 53, 11: 1}
  frontier written 10 pruned 10
  reasons [('rule check failed: ANDI', 21244), ('rule check failed: IMPE', 16084), ("parse: expected line index, got 'LEANPARSE'", 13360), ('rule check failed: ORI2', 6640), ('rule check failed: ORI1', 4865), ('rule check failed: R', 4671)]
[lean_gate] 73120 samples, parse-fail 10792, distinct checked 53183: both ok 7474, nd-only 0, lean-only 12, both rej 45697; lean 205.9s wall (1422.0s proc, 7 workers), nd_verify 2.3s
[la_T1_g2_s0 r5] transfer (this round, pass@32) SOLVED 477/2285 = 0.209 [0.193,0.226]
  len 7: 69/300 = 0.230 [0.186,0.281]
  len 8: 125/300 = 0.417 [0.362,0.473]
  len 9: 247/1010 = 0.245 [0.219,0.272]
  len 10: 35/451 = 0.078 [0.056,0.106]
  len 11: 1/99 = 0.010 [0.002,0.055]
  len 12: 0/102 = 0.000 [0.000,0.036]
  len 13: 0/13 = 0.000 [0.000,0.228]
  len 14: 0/10 = 0.000 [0.000,0.278]
  written hist {7: 70, 8: 158, 9: 342, 10: 65, 11: 12}
  pruned hist {6: 4, 7: 99, 8: 216, 9: 275, 10: 52, 11: 1}
  frontier written 11 pruned 10
  reasons [('rule check failed: ANDI', 15300), ('rule check failed: IMPE', 12438), ("parse: expected line index, got 'LEANPARSE'", 10792), ('rule check failed: ORI2', 4553), ('rule check failed: R', 3954), ('rule check failed: ORI1', 3836)]
[lean_gate] 2285 samples, parse-fail 245, distinct checked 2040: both ok 306, nd-only 0, lean-only 0, both rej 1734; lean 7.9s wall (40.1s proc, 7 workers), nd_verify 0.1s
[la_T1_g2_s0 r5] transfer greedy SOLVED 306/2285 = 0.134 [0.121,0.148]
  len 7: 44/300 = 0.147 [0.111,0.191]
  len 8: 100/300 = 0.333 [0.282,0.388]
  len 9: 151/1010 = 0.150 [0.129,0.173]
  len 10: 11/451 = 0.024 [0.014,0.043]
  len 11: 0/99 = 0.000 [0.000,0.037]
  len 12: 0/102 = 0.000 [0.000,0.036]
  len 13: 0/13 = 0.000 [0.000,0.228]
  len 14: 0/10 = 0.000 [0.000,0.278]
  written hist {7: 39, 8: 100, 9: 152, 10: 13, 11: 2}
  pruned hist {6: 4, 7: 44, 8: 126, 9: 123, 10: 9}
  frontier written 10 pruned 10
  reasons [('rule check failed: ANDI', 496), ('rule check failed: IMPE', 416), ("parse: expected line index, got 'LEANPARSE'", 245), ('rule check failed: R', 164), ('rule check failed: ORI2', 130), ('rule check failed: ORI1', 125)]
[lean_gate] 5000 samples, parse-fail 111, distinct checked 4889: both ok 3435, nd-only 0, lean-only 9, both rej 1445; lean 10.4s wall (62.3s proc, 7 workers), nd_verify 0.2s
[la_T1_g2_s0 r5] heldout greedy SOLVED 3435/5000 = 0.687 [0.674,0.700]
  len 2: 996/1000 = 0.996 [0.990,0.998]
  len 3: 965/1000 = 0.965 [0.952,0.975]
  len 4: 527/1000 = 0.527 [0.496,0.558]
  len 5: 409/1000 = 0.409 [0.379,0.440]
  len 6: 538/1000 = 0.538 [0.507,0.569]
  written hist {2: 1023, 3: 974, 4: 509, 5: 400, 6: 527, 7: 2}
  pruned hist {2: 1026, 3: 972, 4: 511, 5: 401, 6: 524, 7: 1}
  frontier written 6 pruned 6
  reasons [('rule check failed: IMPE', 725), ('rule check failed: ANDI', 195), ("parse: expected line index, got 'LEANPARSE'", 111), ('rule check failed: ORI2', 99), ('rule check failed: NEGE', 81), ('rule check failed: ORI1', 76)]
[la_T1_g2_s0 r5] targets cumulative: solved 2104/4495 L*=10 ge={7: 2104, 8: 966, 9: 321, 10: 38, 11: 0, 12: 0}
[la_T1_g2_s0 r5] transfer cumulative: solved 516/2285 L*=10 ge={7: 516, 8: 441, 9: 313, 10: 39, 11: 1, 12: 0}
python3 train.py --data artifacts/dsg/la_T1_g2_s0/mix_5.jsonl --init ckpts/ladder/la_T1_g2_s0_r4.pt --steps 600 --lr 0.0003 --min_lr 2.9999999999999997e-05 --warmup 50 --cap 0 --out ckpts/ladder/la_T1_g2_s0_r5.pt --seed 5 --log_every 200
params 3214336 mode lean_seq shift True
train records 31436 max len 453
step 200 loss 0.0376 lr 2.53e-04 11s
step 400 loss 0.0401 lr 1.09e-04 21s
step 600 loss 0.0345 lr 3.00e-05 31s
saved ckpts/ladder/la_T1_g2_s0_r5.pt
=== round 5 done in 1045s; new proofs 258; cum targets solved 2104 L*=10; transfer L*=10
[lean_gate] 143840 samples, parse-fail 12015, distinct checked 110383: both ok 49561, nd-only 0, lean-only 0, both rej 60822; lean 390.1s wall (2715.8s proc, 7 workers), nd_verify 5.0s
[la_T1_g2_s0 r6] targets (this round) SOLVED 2183/4495 = 0.486 [0.471,0.500]
  len 7: 1160/1800 = 0.644 [0.622,0.666]
  len 8: 658/1000 = 0.658 [0.628,0.687]
  len 9: 319/1004 = 0.318 [0.290,0.347]
  len 10: 46/456 = 0.101 [0.076,0.132]
  len 11: 0/99 = 0.000 [0.000,0.037]
  len 12: 0/106 = 0.000 [0.000,0.035]
  len 13: 0/16 = 0.000 [0.000,0.194]
  len 14: 0/14 = 0.000 [0.000,0.215]
  written hist {7: 1249, 8: 1164, 9: 561, 10: 107, 11: 9}
  pruned hist {5: 30, 6: 283, 7: 1177, 8: 1096, 9: 430, 10: 72, 11: 2}
  frontier written 11 pruned 10
  reasons [('rule check failed: ANDI', 20778), ('rule check failed: IMPE', 14739), ("parse: expected line index, got 'LEANPARSE'", 12015), ('rule check failed: ORI2', 7215), ('rule check failed: ORI1', 4608), ('rule check failed: R', 4478)]
[lean_gate] 73120 samples, parse-fail 10277, distinct checked 53670: both ok 8212, nd-only 0, lean-only 1, both rej 45457; lean 209.6s wall (1451.8s proc, 7 workers), nd_verify 2.3s
[la_T1_g2_s0 r6] transfer (this round, pass@32) SOLVED 503/2285 = 0.220 [0.204,0.238]
  len 7: 70/300 = 0.233 [0.189,0.284]
  len 8: 130/300 = 0.433 [0.378,0.490]
  len 9: 267/1010 = 0.264 [0.238,0.292]
  len 10: 35/451 = 0.078 [0.056,0.106]
  len 11: 1/99 = 0.010 [0.002,0.055]
  len 12: 0/102 = 0.000 [0.000,0.036]
  len 13: 0/13 = 0.000 [0.000,0.228]
  len 14: 0/10 = 0.000 [0.000,0.278]
  written hist {7: 71, 8: 164, 9: 377, 10: 79, 11: 11, 12: 1}
  pruned hist {6: 5, 7: 104, 8: 218, 9: 315, 10: 58, 11: 3}
  frontier written 11 pruned 10
  reasons [('rule check failed: ANDI', 15715), ('rule check failed: IMPE', 11736), ("parse: expected line index, got 'LEANPARSE'", 10277), ('rule check failed: ORI2', 5098), ('rule check failed: ORI1', 3733), ('rule check failed: R', 3593)]
[lean_gate] 2285 samples, parse-fail 273, distinct checked 2012: both ok 319, nd-only 0, lean-only 0, both rej 1693; lean 7.6s wall (38.0s proc, 7 workers), nd_verify 0.1s
[la_T1_g2_s0 r6] transfer greedy SOLVED 319/2285 = 0.140 [0.126,0.154]
  len 7: 50/300 = 0.167 [0.129,0.213]
  len 8: 101/300 = 0.337 [0.286,0.392]
  len 9: 154/1010 = 0.152 [0.132,0.176]
  len 10: 13/451 = 0.029 [0.017,0.049]
  len 11: 1/99 = 0.010 [0.002,0.055]
  len 12: 0/102 = 0.000 [0.000,0.036]
  len 13: 0/13 = 0.000 [0.000,0.228]
  len 14: 0/10 = 0.000 [0.000,0.278]
  written hist {7: 45, 8: 99, 9: 156, 10: 17, 11: 2}
  pruned hist {6: 4, 7: 47, 8: 123, 9: 132, 10: 12, 11: 1}
  frontier written 10 pruned 10
  reasons [('rule check failed: ANDI', 517), ('rule check failed: IMPE', 384), ("parse: expected line index, got 'LEANPARSE'", 273), ('rule check failed: ORI2', 152), ('rule check failed: R', 114), ('rule check failed: ORI1', 109)]
[lean_gate] 5000 samples, parse-fail 134, distinct checked 4866: both ok 3450, nd-only 0, lean-only 32, both rej 1384; lean 11.5s wall (71.2s proc, 7 workers), nd_verify 0.2s
[la_T1_g2_s0 r6] heldout greedy SOLVED 3450/5000 = 0.690 [0.677,0.703]
  len 2: 995/1000 = 0.995 [0.988,0.998]
  len 3: 965/1000 = 0.965 [0.952,0.975]
  len 4: 540/1000 = 0.540 [0.509,0.571]
  len 5: 411/1000 = 0.411 [0.381,0.442]
  len 6: 539/1000 = 0.539 [0.508,0.570]
  written hist {2: 1023, 3: 974, 4: 521, 5: 397, 6: 526, 7: 7, 8: 2}
  pruned hist {2: 1027, 3: 973, 4: 521, 5: 400, 6: 525, 7: 2, 8: 2}
  frontier written 7 pruned 6
  reasons [('rule check failed: IMPE', 625), ('rule check failed: ANDI', 223), ("parse: expected line index, got 'LEANPARSE'", 134), ('rule check failed: ORI2', 109), ('rule check failed: ORI1', 93), ('rule check failed: NEGE', 85)]
[la_T1_g2_s0 r6] targets cumulative: solved 2186/4495 L*=10 ge={7: 2186, 8: 1024, 9: 365, 10: 46, 11: 0, 12: 0}
[la_T1_g2_s0 r6] transfer cumulative: solved 556/2285 L*=10 ge={7: 556, 8: 480, 9: 344, 10: 43, 11: 1, 12: 0}
python3 train.py --data artifacts/dsg/la_T1_g2_s0/mix_6.jsonl --init ckpts/ladder/la_T1_g2_s0_r5.pt --steps 600 --lr 0.0003 --min_lr 2.9999999999999997e-05 --warmup 50 --cap 0 --out ckpts/ladder/la_T1_g2_s0_r6.pt --seed 6 --log_every 200
params 3214336 mode lean_seq shift True
train records 32112 max len 453
step 200 loss 0.0364 lr 2.53e-04 11s
step 400 loss 0.0368 lr 1.09e-04 21s
step 600 loss 0.0368 lr 3.00e-05 32s
saved ckpts/ladder/la_T1_g2_s0_r6.pt
=== round 6 done in 1033s; new proofs 195; cum targets solved 2186 L*=10; transfer L*=10
[lean_gate] 143840 samples, parse-fail 11510, distinct checked 110645: both ok 51686, nd-only 0, lean-only 0, both rej 58959; lean 460.2s wall (3200.2s proc, 7 workers), nd_verify 5.3s
[la_T1_g2_s0 r7] targets (this round) SOLVED 2228/4495 = 0.496 [0.481,0.510]
  len 7: 1176/1800 = 0.653 [0.631,0.675]
  len 8: 662/1000 = 0.662 [0.632,0.691]
  len 9: 342/1004 = 0.341 [0.312,0.371]
  len 10: 47/456 = 0.103 [0.078,0.134]
  len 11: 1/99 = 0.010 [0.002,0.055]
  len 12: 0/106 = 0.000 [0.000,0.035]
  len 13: 0/16 = 0.000 [0.000,0.194]
  len 14: 0/14 = 0.000 [0.000,0.215]
  written hist {7: 1273, 8: 1190, 9: 607, 10: 123, 11: 14}
  pruned hist {5: 33, 6: 291, 7: 1207, 8: 1122, 9: 470, 10: 82, 11: 2}
  frontier written 11 pruned 10
  reasons [('rule check failed: ANDI', 20419), ('rule check failed: IMPE', 14409), ("parse: expected line index, got 'LEANPARSE'", 11510), ('rule check failed: ORI2', 6922), ('rule check failed: R', 5398), ('rule check failed: ORI1', 4372)]
[lean_gate] 73120 samples, parse-fail 9891, distinct checked 53743: both ok 8605, nd-only 0, lean-only 0, both rej 45138; lean 229.8s wall (1592.3s proc, 7 workers), nd_verify 2.3s
[la_T1_g2_s0 r7] transfer (this round, pass@32) SOLVED 528/2285 = 0.231 [0.214,0.249]
  len 7: 73/300 = 0.243 [0.198,0.295]
  len 8: 134/300 = 0.447 [0.391,0.503]
  len 9: 278/1010 = 0.275 [0.249,0.304]
  len 10: 42/451 = 0.093 [0.070,0.123]
  len 11: 1/99 = 0.010 [0.002,0.055]
  len 12: 0/102 = 0.000 [0.000,0.036]
  len 13: 0/13 = 0.000 [0.000,0.228]
  len 14: 0/10 = 0.000 [0.000,0.278]
  written hist {7: 76, 8: 175, 9: 407, 10: 88, 11: 14, 12: 1}
  pruned hist {5: 2, 6: 4, 7: 114, 8: 236, 9: 336, 10: 67, 11: 2}
  frontier written 11 pruned 10
  reasons [('rule check failed: ANDI', 15749), ('rule check failed: IMPE', 11330), ("parse: expected line index, got 'LEANPARSE'", 9891), ('rule check failed: ORI2', 4797), ('rule check failed: R', 4617), ('rule check failed: ORI1', 3757)]
[lean_gate] 2285 samples, parse-fail 261, distinct checked 2024: both ok 345, nd-only 0, lean-only 0, both rej 1679; lean 7.9s wall (39.8s proc, 7 workers), nd_verify 0.1s
[la_T1_g2_s0 r7] transfer greedy SOLVED 345/2285 = 0.151 [0.137,0.166]
  len 7: 52/300 = 0.173 [0.135,0.220]
  len 8: 109/300 = 0.363 [0.311,0.419]
  len 9: 170/1010 = 0.168 [0.147,0.193]
  len 10: 14/451 = 0.031 [0.019,0.051]
  len 11: 0/99 = 0.000 [0.000,0.037]
  len 12: 0/102 = 0.000 [0.000,0.036]
  len 13: 0/13 = 0.000 [0.000,0.228]
  len 14: 0/10 = 0.000 [0.000,0.278]
  written hist {7: 44, 8: 109, 9: 174, 10: 18}
  pruned hist {6: 4, 7: 53, 8: 136, 9: 139, 10: 13}
  frontier written 10 pruned 10
  reasons [('rule check failed: ANDI', 514), ('rule check failed: IMPE', 359), ("parse: expected line index, got 'LEANPARSE'", 261), ('rule check failed: ORI2', 155), ('rule check failed: R', 131), ('rule check failed: ORI1', 114)]
[lean_gate] 5000 samples, parse-fail 141, distinct checked 4859: both ok 3475, nd-only 0, lean-only 17, both rej 1367; lean 11.0s wall (66.5s proc, 7 workers), nd_verify 0.2s
[la_T1_g2_s0 r7] heldout greedy SOLVED 3475/5000 = 0.695 [0.682,0.708]
  len 2: 995/1000 = 0.995 [0.988,0.998]
  len 3: 973/1000 = 0.973 [0.961,0.981]
  len 4: 528/1000 = 0.528 [0.497,0.559]
  len 5: 422/1000 = 0.422 [0.392,0.453]
  len 6: 557/1000 = 0.557 [0.526,0.588]
  written hist {2: 1023, 3: 985, 4: 504, 5: 413, 6: 536, 7: 6, 8: 4, 9: 4}
  pruned hist {2: 1026, 3: 986, 4: 502, 5: 419, 6: 531, 7: 3, 8: 4, 9: 4}
  frontier written 7 pruned 6
  reasons [('rule check failed: IMPE', 623), ('rule check failed: ANDI', 205), ("parse: expected line index, got 'LEANPARSE'", 141), ('rule check failed: NEGE', 94), ('rule check failed: ORI2', 90), ('rule check failed: ORI1', 84)]
[la_T1_g2_s0 r7] targets cumulative: solved 2230/4495 L*=10 ge={7: 2230, 8: 1054, 9: 390, 10: 48, 11: 1, 12: 0}
[la_T1_g2_s0 r7] transfer cumulative: solved 586/2285 L*=10 ge={7: 586, 8: 507, 9: 367, 10: 48, 11: 1, 12: 0}
python3 train.py --data artifacts/dsg/la_T1_g2_s0/mix_7.jsonl --init ckpts/ladder/la_T1_g2_s0_r6.pt --steps 600 --lr 0.0003 --min_lr 2.9999999999999997e-05 --warmup 50 --cap 0 --out ckpts/ladder/la_T1_g2_s0_r7.pt --seed 7 --log_every 200
params 3214336 mode lean_seq shift True
train records 32524 max len 533
step 200 loss 0.0359 lr 2.53e-04 11s
step 400 loss 0.0358 lr 1.09e-04 22s
step 600 loss 0.0343 lr 3.00e-05 32s
saved ckpts/ladder/la_T1_g2_s0_r7.pt
=== round 7 done in 1151s; new proofs 123; cum targets solved 2230 L*=10; transfer L*=10
[lean_gate] 143840 samples, parse-fail 12201, distinct checked 110147: both ok 53363, nd-only 0, lean-only 0, both rej 56784; lean 430.7s wall (2998.3s proc, 7 workers), nd_verify 5.1s
[la_T1_g2_s0 r8] targets (this round) SOLVED 2281/4495 = 0.507 [0.493,0.522]
  len 7: 1195/1800 = 0.664 [0.642,0.685]
  len 8: 673/1000 = 0.673 [0.643,0.701]
  len 9: 360/1004 = 0.359 [0.329,0.389]
  len 10: 52/456 = 0.114 [0.088,0.146]
  len 11: 1/99 = 0.010 [0.002,0.055]
  len 12: 0/106 = 0.000 [0.000,0.035]
  len 13: 0/16 = 0.000 [0.000,0.194]
  len 14: 0/14 = 0.000 [0.000,0.215]
  written hist {7: 1287, 8: 1248, 9: 654, 10: 155, 11: 18}
  pruned hist {5: 35, 6: 292, 7: 1236, 8: 1179, 9: 514, 10: 104, 11: 2}
  frontier written 11 pruned 10
  reasons [('rule check failed: ANDI', 19497), ('rule check failed: IMPE', 14343), ("parse: expected line index, got 'LEANPARSE'", 12201), ('rule check failed: ORI2', 6635), ('rule check failed: R', 4253), ('rule check failed: ORI1', 4227)]
[lean_gate] 73120 samples, parse-fail 10182, distinct checked 53813: both ok 9281, nd-only 0, lean-only 0, both rej 44532; lean 244.9s wall (1697.6s proc, 7 workers), nd_verify 2.3s
[la_T1_g2_s0 r8] transfer (this round, pass@32) SOLVED 567/2285 = 0.248 [0.231,0.266]
  len 7: 82/300 = 0.273 [0.226,0.326]
  len 8: 130/300 = 0.433 [0.378,0.490]
  len 9: 308/1010 = 0.305 [0.277,0.334]
  len 10: 42/451 = 0.093 [0.070,0.123]
  len 11: 5/99 = 0.051 [0.022,0.113]
  len 12: 0/102 = 0.000 [0.000,0.036]
  len 13: 0/13 = 0.000 [0.000,0.228]
  len 14: 0/10 = 0.000 [0.000,0.278]
  written hist {7: 83, 8: 174, 9: 453, 10: 107, 11: 15}
  pruned hist {5: 1, 6: 7, 7: 122, 8: 245, 9: 379, 10: 72, 11: 6}
  frontier written 11 pruned 11
  reasons [('rule check failed: ANDI', 15386), ('rule check failed: IMPE', 12050), ("parse: expected line index, got 'LEANPARSE'", 10182), ('rule check failed: ORI2', 4870), ('rule check failed: ORI1', 3483), ('rule check failed: R', 3465)]
[lean_gate] 2285 samples, parse-fail 239, distinct checked 2046: both ok 366, nd-only 0, lean-only 0, both rej 1680; lean 8.3s wall (42.5s proc, 7 workers), nd_verify 0.1s
[la_T1_g2_s0 r8] transfer greedy SOLVED 366/2285 = 0.160 [0.146,0.176]
  len 7: 58/300 = 0.193 [0.153,0.242]
  len 8: 105/300 = 0.350 [0.298,0.406]
  len 9: 181/1010 = 0.179 [0.157,0.204]
  len 10: 22/451 = 0.049 [0.032,0.073]
  len 11: 0/99 = 0.000 [0.000,0.037]
  len 12: 0/102 = 0.000 [0.000,0.036]
  len 13: 0/13 = 0.000 [0.000,0.228]
  len 14: 0/10 = 0.000 [0.000,0.278]
  written hist {7: 51, 8: 104, 9: 181, 10: 28, 11: 2}
  pruned hist {6: 5, 7: 53, 8: 130, 9: 157, 10: 21}
  frontier written 10 pruned 10
  reasons [('rule check failed: ANDI', 532), ('rule check failed: IMPE', 389), ("parse: expected line index, got 'LEANPARSE'", 239), ('rule check failed: ORI2', 159), ('rule check failed: NEGE', 106), ('rule check failed: R', 102)]
[lean_gate] 5000 samples, parse-fail 119, distinct checked 4881: both ok 3469, nd-only 0, lean-only 17, both rej 1395; lean 14.2s wall (83.7s proc, 7 workers), nd_verify 0.2s
[la_T1_g2_s0 r8] heldout greedy SOLVED 3469/5000 = 0.694 [0.681,0.706]
  len 2: 997/1000 = 0.997 [0.991,0.999]
  len 3: 970/1000 = 0.970 [0.957,0.979]
  len 4: 528/1000 = 0.528 [0.497,0.559]
  len 5: 417/1000 = 0.417 [0.387,0.448]
  len 6: 557/1000 = 0.557 [0.526,0.588]
  written hist {2: 1024, 3: 980, 4: 511, 5: 410, 6: 536, 7: 6, 8: 1, 9: 1}
  pruned hist {2: 1027, 3: 981, 4: 510, 5: 412, 6: 534, 7: 3, 8: 1, 9: 1}
  frontier written 7 pruned 6
  reasons [('rule check failed: IMPE', 716), ('rule check failed: ANDI', 194), ("parse: expected line index, got 'LEANPARSE'", 119), ('rule check failed: NEGE', 100), ('rule check failed: ORI2', 83), ('rule check failed: ORI1', 75)]
[la_T1_g2_s0 r8] targets cumulative: solved 2282/4495 L*=10 ge={7: 2282, 8: 1086, 9: 413, 10: 53, 11: 1, 12: 0}
[la_T1_g2_s0 r8] transfer cumulative: solved 632/2285 L*=11 ge={7: 632, 8: 547, 9: 406, 10: 55, 11: 5, 12: 0}
python3 train.py --data artifacts/dsg/la_T1_g2_s0/mix_8.jsonl --init ckpts/ladder/la_T1_g2_s0_r7.pt --steps 600 --lr 0.0003 --min_lr 2.9999999999999997e-05 --warmup 50 --cap 0 --out ckpts/ladder/la_T1_g2_s0_r8.pt --seed 8 --log_every 200
params 3214336 mode lean_seq shift True
train records 33036 max len 453
step 200 loss 0.0345 lr 2.53e-04 11s
step 400 loss 0.0343 lr 1.09e-04 22s
step 600 loss 0.0371 lr 3.00e-05 32s
saved ckpts/ladder/la_T1_g2_s0_r8.pt
=== round 8 done in 1135s; new proofs 145; cum targets solved 2282 L*=10; transfer L*=11
END 2026-09-24T04:36:17Z
