START 2026-09-23T21:58:42Z until [ -f artifacts/dsg/fetch.done ]; do sleep 30; done; until [ -f artifacts/dsg/la_frozen_g2_s1.done ]; do sleep 30; done; python3 train.py --data data/dsg/train_g1.jsonl --heldout data/p2/heldout.jsonl --mode lean_seq --steps 6000 --bs 128 --out ckpts/dsg/stage1_g1_s1.pt --cap 6 --seed 1
params 3214336 mode lean_seq shift True
train records 155000 max len 504
step 200 loss 0.9612 lr 1.00e-03 7s val 0.9405
step 400 loss 0.2142 lr 9.97e-04 13s val 0.1641
step 600 loss 0.1185 lr 9.89e-04 17s val 0.1101
step 800 loss 0.1137 lr 9.76e-04 22s val 0.0966
step 1000 loss 0.1077 lr 9.58e-04 27s val 0.0906
step 1200 loss 0.0833 lr 9.36e-04 33s val 0.0876
step 1400 loss 0.0808 lr 9.08e-04 38s val 0.0835
step 1600 loss 0.0762 lr 8.77e-04 43s val 0.0822
step 1800 loss 0.0750 lr 8.41e-04 48s val 0.0813
step 2000 loss 0.0668 lr 8.03e-04 53s val 0.0828
step 2200 loss 0.0654 lr 7.61e-04 58s val 0.0779
step 2400 loss 0.0671 lr 7.17e-04 64s val 0.0773
step 2600 loss 0.0738 lr 6.70e-04 68s val 0.0767
step 2800 loss 0.0662 lr 6.23e-04 74s val 0.0761
step 3000 loss 0.0617 lr 5.74e-04 80s val 0.0761
step 3200 loss 0.0556 lr 5.26e-04 87s val 0.0751
step 3400 loss 0.0655 lr 4.77e-04 94s val 0.0753
step 3600 loss 0.0576 lr 4.30e-04 100s val 0.0747
step 3800 loss 0.0567 lr 3.83e-04 106s val 0.0747
step 4000 loss 0.0579 lr 3.39e-04 111s val 0.0747
step 4200 loss 0.0600 lr 2.97e-04 116s val 0.0743
step 4400 loss 0.0563 lr 2.59e-04 121s val 0.0742
step 4600 loss 0.0563 lr 2.23e-04 125s val 0.0742
step 4800 loss 0.0542 lr 1.92e-04 131s val 0.0738
step 5000 loss 0.0552 lr 1.64e-04 136s val 0.0737
step 5200 loss 0.0568 lr 1.42e-04 142s val 0.0736
step 5400 loss 0.0523 lr 1.24e-04 148s val 0.0737
step 5600 loss 0.0580 lr 1.11e-04 153s val 0.0736
step 5800 loss 0.0588 lr 1.03e-04 160s val 0.0735
step 6000 loss 0.0551 lr 1.00e-04 165s val 0.0735
saved ckpts/dsg/stage1_g1_s1.pt
END 2026-09-24T03:54:36Z
