resumed 10043 target proofs, 5217 transfer proofs
[p2/ei_depth3_f0_a1_s4_ivK r6] targets (this round, pass@32) SOLVED 271/1000 = 0.271 [0.244,0.299]
  len 7: 2/166 = 0.012 [0.003,0.043]
  len 8: 15/166 = 0.090 [0.056,0.144]
  len 9: 22/166 = 0.133 [0.089,0.193]
  len 10: 65/166 = 0.392 [0.321,0.467]
  len 11: 72/166 = 0.434 [0.361,0.510]
  len 12: 95/170 = 0.559 [0.484,0.631]
  written hist {7: 4628, 8: 184}
  pruned hist {5: 55, 6: 3776, 7: 964, 8: 17}
  frontier written 8 pruned 8
  reasons [('rule check failed: NEGE', 6783), ('bad box cite', 3166), ('rule check failed: DN', 2006), ('rule check failed: ANDI', 1789), ('rule check failed: IMPI', 1750), ('final formula is not the conclusion', 1526)]
[p2/ei_depth3_f0_a1_s4_ivK r6] targets (cumulative 192 attempts) SOLVED 271/1000 = 0.271 [0.244,0.299]
  len 7: 2/166 = 0.012 [0.003,0.043]
  len 8: 15/166 = 0.090 [0.056,0.144]
  len 9: 22/166 = 0.133 [0.089,0.193]
  len 10: 65/166 = 0.392 [0.321,0.467]
  len 11: 72/166 = 0.434 [0.361,0.510]
  len 12: 95/170 = 0.559 [0.484,0.631]
  written hist {7: 10465, 8: 390}
  pruned hist {5: 83, 6: 8794, 7: 1944, 8: 34}
  frontier written 8 pruned 8
  reasons []
[p2/ei_depth3_f0_a1_s4_ivK r6] transfer (this round, pass@32) SOLVED 131/500 = 0.262 [0.225,0.302]
  len 7: 0/83 = 0.000 [0.000,0.044]
  len 8: 5/83 = 0.060 [0.026,0.133]
  len 9: 10/83 = 0.120 [0.067,0.208]
  len 10: 34/83 = 0.410 [0.310,0.517]
  len 11: 36/83 = 0.434 [0.332,0.541]
  len 12: 46/85 = 0.541 [0.436,0.643]
  written hist {7: 2121, 8: 26}
  pruned hist {5: 2, 6: 1730, 7: 389, 8: 26}
  frontier written 8 pruned 8
  reasons [('rule check failed: NEGE', 3233), ('bad box cite', 1640), ('rule check failed: ANDI', 858), ('rule check failed: IMPI', 855), ('rule check failed: DN', 854), ('final formula is not the conclusion', 812)]
[p2/ei_depth3_f0_a1_s4_ivK r6] transfer (cumulative 192 attempts) SOLVED 144/500 = 0.288 [0.250,0.329]
  len 7: 0/83 = 0.000 [0.000,0.044]
  len 8: 8/83 = 0.096 [0.050,0.179]
  len 9: 10/83 = 0.120 [0.067,0.208]
  len 10: 36/83 = 0.434 [0.332,0.541]
  len 11: 38/83 = 0.458 [0.355,0.565]
  len 12: 52/85 = 0.612 [0.505,0.708]
  written hist {7: 5462, 8: 35}
  pruned hist {5: 19, 6: 4226, 7: 1221, 8: 31}
  frontier written 8 pruned 8
  reasons []
[p2/ei_depth3_f0_a1_s4_ivK r6] transfer greedy SOLVED 114/500 = 0.228 [0.193,0.267]
  len 7: 0/83 = 0.000 [0.000,0.044]
  len 8: 4/83 = 0.048 [0.019,0.117]
  len 9: 10/83 = 0.120 [0.067,0.208]
  len 10: 30/83 = 0.361 [0.266,0.469]
  len 11: 31/83 = 0.373 [0.277,0.481]
  len 12: 39/85 = 0.459 [0.357,0.564]
  written hist {7: 114}
  pruned hist {6: 95, 7: 19}
  frontier written 7 pruned 7
  reasons [('rule check failed: NEGE', 96), ('bad box cite', 53), ('rule check failed: IMPI', 30), ('rule check failed: DN', 26), ('final formula is not the conclusion', 25), ('rule check failed: ORI1', 23)]
[p2/ei_depth3_f0_a1_s4_ivK r6] heldout greedy SOLVED 4418/5000 = 0.884 [0.874,0.892]
  len 2: 998/1000 = 0.998 [0.993,0.999]
  len 3: 993/1000 = 0.993 [0.986,0.997]
  len 4: 966/1000 = 0.966 [0.953,0.976]
  len 5: 951/1000 = 0.951 [0.936,0.963]
  len 6: 510/1000 = 0.510 [0.479,0.541]
  written hist {2: 1021, 3: 987, 4: 962, 5: 977, 6: 468, 7: 3}
  pruned hist {2: 1021, 3: 988, 4: 965, 5: 974, 6: 467, 7: 3}
  frontier written 6 pruned 6
  reasons [('rule check failed: NEGE', 267), ('rule check failed: DN', 48), ('rule check failed: ANDI', 37), ('rule check failed: IMPI', 31), ('bad box cite', 29), ('rule check failed: IMPE', 28)]
python3 train.py --data artifacts/p2/ei_depth3_f0_a1_s4_ivK/mix_6.jsonl --init ckpts/p2/ei_depth3_f0_a1_s4_ivK_r5.pt --steps 600 --lr 0.0003 --min_lr 2.9999999999999997e-05 --warmup 50 --cap 0 --out ckpts/p2/ei_depth3_f0_a1_s4_ivK_r6.pt --seed 4006 --log_every 200
params 3210240 mode abs shift True
train records 24260 max len 370
step 200 loss 0.0496 lr 2.53e-04 20s
step 400 loss 0.0533 lr 1.09e-04 44s
step 600 loss 0.0510 lr 3.00e-05 68s
saved ckpts/p2/ei_depth3_f0_a1_s4_ivK_r6.pt
=== round 6 done in 446s; new proofs 812; cum targets solved 271
[p2/ei_depth3_f0_a1_s4_ivK r7] targets (this round, pass@32) SOLVED 293/1000 = 0.293 [0.266,0.322]
  len 7: 2/166 = 0.012 [0.003,0.043]
  len 8: 22/166 = 0.133 [0.089,0.193]
  len 9: 27/166 = 0.163 [0.114,0.226]
  len 10: 66/166 = 0.398 [0.326,0.474]
  len 11: 80/166 = 0.482 [0.407,0.557]
  len 12: 96/170 = 0.565 [0.490,0.637]
  written hist {7: 4676, 8: 280, 9: 1}
  pruned hist {5: 39, 6: 3940, 7: 966, 8: 12}
  frontier written 8 pruned 8
  reasons [('rule check failed: NEGE', 7964), ('bad box cite', 2116), ('rule check failed: IMPI', 2082), ('rule check failed: DN', 1950), ('rule check failed: ANDI', 1668), ('final formula is not the conclusion', 1353)]
[p2/ei_depth3_f0_a1_s4_ivK r7] targets (cumulative 224 attempts) SOLVED 293/1000 = 0.293 [0.266,0.322]
  len 7: 2/166 = 0.012 [0.003,0.043]
  len 8: 22/166 = 0.133 [0.089,0.193]
  len 9: 27/166 = 0.163 [0.114,0.226]
  len 10: 66/166 = 0.398 [0.326,0.474]
  len 11: 80/166 = 0.482 [0.407,0.557]
  len 12: 96/170 = 0.565 [0.490,0.637]
  written hist {7: 11157, 8: 497, 9: 1}
  pruned hist {5: 93, 6: 9399, 7: 2129, 8: 34}
  frontier written 8 pruned 8
  reasons []
[p2/ei_depth3_f0_a1_s4_ivK r7] transfer (this round, pass@32) SOLVED 147/500 = 0.294 [0.256,0.335]
  len 7: 0/83 = 0.000 [0.000,0.044]
  len 8: 12/83 = 0.145 [0.085,0.236]
  len 9: 12/83 = 0.145 [0.085,0.236]
  len 10: 35/83 = 0.422 [0.321,0.529]
  len 11: 38/83 = 0.458 [0.355,0.565]
  len 12: 50/85 = 0.588 [0.482,0.687]
  written hist {7: 2169, 8: 51}
  pruned hist {5: 7, 6: 1776, 7: 434, 8: 3}
  frontier written 8 pruned 7
  reasons [('rule check failed: NEGE', 4215), ('bad box cite', 1129), ('rule check failed: IMPI', 1048), ('rule check failed: ANDI', 853), ('rule check failed: DN', 832), ('rule check failed: IMPE', 632)]
[p2/ei_depth3_f0_a1_s4_ivK r7] transfer (cumulative 224 attempts) SOLVED 159/500 = 0.318 [0.279,0.360]
  len 7: 0/83 = 0.000 [0.000,0.044]
  len 8: 14/83 = 0.169 [0.103,0.263]
  len 9: 12/83 = 0.145 [0.085,0.236]
  len 10: 39/83 = 0.470 [0.366,0.576]
  len 11: 39/83 = 0.470 [0.366,0.576]
  len 12: 55/85 = 0.647 [0.541,0.740]
  written hist {7: 5748, 8: 84}
  pruned hist {5: 26, 6: 4437, 7: 1336, 8: 33}
  frontier written 8 pruned 8
  reasons []
[p2/ei_depth3_f0_a1_s4_ivK r7] transfer greedy SOLVED 124/500 = 0.248 [0.212,0.288]
  len 7: 0/83 = 0.000 [0.000,0.044]
  len 8: 8/83 = 0.096 [0.050,0.179]
  len 9: 8/83 = 0.096 [0.050,0.179]
  len 10: 32/83 = 0.386 [0.288,0.493]
  len 11: 34/83 = 0.410 [0.310,0.517]
  len 12: 42/85 = 0.494 [0.390,0.598]
  written hist {7: 121, 8: 3}
  pruned hist {6: 103, 7: 21}
  frontier written 7 pruned 7
  reasons [('rule check failed: NEGE', 136), ('rule check failed: IMPI', 36), ('bad box cite', 32), ('rule check failed: DN', 25), ('rule check failed: ANDI', 25), ('rule check failed: IMPE', 21)]
[p2/ei_depth3_f0_a1_s4_ivK r7] heldout greedy SOLVED 4411/5000 = 0.882 [0.873,0.891]
  len 2: 996/1000 = 0.996 [0.990,0.998]
  len 3: 989/1000 = 0.989 [0.980,0.994]
  len 4: 962/1000 = 0.962 [0.948,0.972]
  len 5: 961/1000 = 0.961 [0.947,0.971]
  len 6: 503/1000 = 0.503 [0.472,0.534]
  written hist {2: 1011, 3: 979, 4: 957, 5: 999, 6: 465}
  pruned hist {2: 1011, 3: 981, 4: 959, 5: 997, 6: 463}
  frontier written 6 pruned 6
  reasons [('rule check failed: NEGE', 263), ('rule check failed: IMPI', 45), ('rule check failed: DN', 41), ('rule check failed: ANDI', 39), ('rule check failed: IMPE', 37), ('rule check failed: ANDE2', 28)]
python3 train.py --data artifacts/p2/ei_depth3_f0_a1_s4_ivK/mix_7.jsonl --init ckpts/p2/ei_depth3_f0_a1_s4_ivK_r6.pt --steps 600 --lr 0.0003 --min_lr 2.9999999999999997e-05 --warmup 50 --cap 0 --out ckpts/p2/ei_depth3_f0_a1_s4_ivK_r7.pt --seed 4007 --log_every 200
params 3210240 mode abs shift True
train records 24628 max len 364
step 200 loss 0.0476 lr 2.53e-04 23s
step 400 loss 0.0504 lr 1.09e-04 47s
step 600 loss 0.0490 lr 3.00e-05 67s
saved ckpts/p2/ei_depth3_f0_a1_s4_ivK_r7.pt
=== round 7 done in 549s; new proofs 800; cum targets solved 293
[p2/ei_depth3_f0_a1_s4_ivK r8] targets (this round, pass@32) SOLVED 317/1000 = 0.317 [0.289,0.346]
  len 7: 2/166 = 0.012 [0.003,0.043]
  len 8: 30/166 = 0.181 [0.130,0.246]
  len 9: 32/166 = 0.193 [0.140,0.259]
  len 10: 70/166 = 0.422 [0.349,0.498]
  len 11: 84/166 = 0.506 [0.431,0.581]
  len 12: 99/170 = 0.582 [0.507,0.654]
  written hist {7: 4756, 8: 327, 9: 8}
  pruned hist {5: 50, 6: 4050, 7: 974, 8: 17}
  frontier written 9 pruned 8
  reasons [('rule check failed: NEGE', 8532), ('rule check failed: DN', 1907), ('rule check failed: IMPI', 1601), ('rule check failed: ANDI', 1557), ('bad box cite', 1423), ('rule check failed: R', 1216)]
[p2/ei_depth3_f0_a1_s4_ivK r8] targets (cumulative 256 attempts) SOLVED 317/1000 = 0.317 [0.289,0.346]
  len 7: 2/166 = 0.012 [0.003,0.043]
  len 8: 30/166 = 0.181 [0.130,0.246]
  len 9: 32/166 = 0.193 [0.140,0.259]
  len 10: 70/166 = 0.422 [0.349,0.498]
  len 11: 84/166 = 0.506 [0.431,0.581]
  len 12: 99/170 = 0.582 [0.507,0.654]
  written hist {7: 11801, 8: 607, 9: 8}
  pruned hist {5: 106, 6: 9966, 7: 2306, 8: 38}
  frontier written 9 pruned 8
  reasons []
[p2/ei_depth3_f0_a1_s4_ivK r8] transfer (this round, pass@32) SOLVED 157/500 = 0.314 [0.275,0.356]
  len 7: 0/83 = 0.000 [0.000,0.044]
  len 8: 17/83 = 0.205 [0.132,0.304]
  len 9: 14/83 = 0.169 [0.103,0.263]
  len 10: 38/83 = 0.458 [0.355,0.565]
  len 11: 38/83 = 0.458 [0.355,0.565]
  len 12: 50/85 = 0.588 [0.482,0.687]
  written hist {7: 2213, 8: 62}
  pruned hist {5: 24, 6: 1812, 7: 431, 8: 8}
  frontier written 8 pruned 8
  reasons [('rule check failed: NEGE', 4700), ('bad box cite', 827), ('rule check failed: ANDI', 759), ('rule check failed: DN', 754), ('rule check failed: IMPE', 738), ('final formula is not the conclusion', 659)]
[p2/ei_depth3_f0_a1_s4_ivK r8] transfer (cumulative 256 attempts) SOLVED 170/500 = 0.340 [0.300,0.383]
  len 7: 0/83 = 0.000 [0.000,0.044]
  len 8: 19/83 = 0.229 [0.152,0.330]
  len 9: 14/83 = 0.169 [0.103,0.263]
  len 10: 41/83 = 0.494 [0.389,0.599]
  len 11: 40/83 = 0.482 [0.378,0.588]
  len 12: 56/85 = 0.659 [0.553,0.751]
  written hist {7: 6089, 8: 124}
  pruned hist {5: 48, 6: 4724, 7: 1400, 8: 41}
  frontier written 8 pruned 8
  reasons []
[p2/ei_depth3_f0_a1_s4_ivK r8] transfer greedy SOLVED 130/500 = 0.260 [0.223,0.300]
  len 7: 0/83 = 0.000 [0.000,0.044]
  len 8: 14/83 = 0.169 [0.103,0.263]
  len 9: 12/83 = 0.145 [0.085,0.236]
  len 10: 30/83 = 0.361 [0.266,0.469]
  len 11: 34/83 = 0.410 [0.310,0.517]
  len 12: 40/85 = 0.471 [0.368,0.576]
  written hist {7: 128, 8: 2}
  pruned hist {6: 105, 7: 25}
  frontier written 7 pruned 7
  reasons [('rule check failed: NEGE', 146), ('bad box cite', 26), ('rule check failed: ANDI', 24), ('rule check failed: DN', 24), ('final formula is not the conclusion', 24), ('rule check failed: IMPI', 20)]
[p2/ei_depth3_f0_a1_s4_ivK r8] heldout greedy SOLVED 4389/5000 = 0.878 [0.868,0.887]
  len 2: 996/1000 = 0.996 [0.990,0.998]
  len 3: 991/1000 = 0.991 [0.983,0.995]
  len 4: 966/1000 = 0.966 [0.953,0.976]
  len 5: 934/1000 = 0.934 [0.917,0.948]
  len 6: 502/1000 = 0.502 [0.471,0.533]
  written hist {2: 1020, 3: 983, 4: 955, 5: 956, 6: 475}
  pruned hist {2: 1021, 3: 983, 4: 958, 5: 955, 6: 472}
  frontier written 6 pruned 6
  reasons [('rule check failed: NEGE', 260), ('rule check failed: DN', 61), ('rule check failed: ANDI', 53), ('rule check failed: IMPE', 40), ('rule check failed: IMPI', 31), ('rule check failed: ANDE2', 23)]
python3 train.py --data artifacts/p2/ei_depth3_f0_a1_s4_ivK/mix_8.jsonl --init ckpts/p2/ei_depth3_f0_a1_s4_ivK_r7.pt --steps 600 --lr 0.0003 --min_lr 2.9999999999999997e-05 --warmup 50 --cap 0 --out ckpts/p2/ei_depth3_f0_a1_s4_ivK_r8.pt --seed 4008 --log_every 200
params 3210240 mode abs shift True
train records 24976 max len 444
step 200 loss 0.0525 lr 2.53e-04 21s
step 400 loss 0.0485 lr 1.09e-04 38s
step 600 loss 0.0471 lr 3.00e-05 56s
saved ckpts/p2/ei_depth3_f0_a1_s4_ivK_r8.pt
=== round 8 done in 488s; new proofs 761; cum targets solved 317
