resumed 7293 target proofs, 3641 transfer proofs
[p2/ei_depth3_f0_a1_s4_ivT r5] targets (this round, pass@32) SOLVED 254/1000 = 0.254 [0.228,0.282]
  len 7: 1/166 = 0.006 [0.001,0.033]
  len 8: 12/166 = 0.072 [0.042,0.122]
  len 9: 19/166 = 0.114 [0.075,0.172]
  len 10: 60/166 = 0.361 [0.292,0.437]
  len 11: 68/166 = 0.410 [0.338,0.486]
  len 12: 94/170 = 0.553 [0.478,0.626]
  written hist {7: 4266, 8: 175}
  pruned hist {5: 13, 6: 3634, 7: 778, 8: 16}
  frontier written 8 pruned 8
  reasons [('rule check failed: NEGE', 4985), ('bad box cite', 3825), ('rule check failed: DN', 2174), ('rule check failed: ANDI', 2093), ('rule check failed: IMPI', 1749), ('final formula is not the conclusion', 1747)]
[p2/ei_depth3_f0_a1_s4_ivT r5] targets (cumulative 160 attempts) SOLVED 254/1000 = 0.254 [0.228,0.282]
  len 7: 1/166 = 0.006 [0.001,0.033]
  len 8: 12/166 = 0.072 [0.042,0.122]
  len 9: 19/166 = 0.114 [0.075,0.172]
  len 10: 60/166 = 0.361 [0.292,0.437]
  len 11: 68/166 = 0.410 [0.338,0.486]
  len 12: 94/170 = 0.553 [0.478,0.626]
  written hist {7: 8345, 8: 266}
  pruned hist {5: 31, 6: 7280, 7: 1277, 8: 23}
  frontier written 8 pruned 8
  reasons []
[p2/ei_depth3_f0_a1_s4_ivT r5] transfer (this round, pass@32) SOLVED 131/500 = 0.262 [0.225,0.302]
  len 7: 0/83 = 0.000 [0.000,0.044]
  len 8: 5/83 = 0.060 [0.026,0.133]
  len 9: 10/83 = 0.120 [0.067,0.208]
  len 10: 35/83 = 0.422 [0.321,0.529]
  len 11: 36/83 = 0.434 [0.332,0.541]
  len 12: 45/85 = 0.529 [0.424,0.632]
  written hist {7: 2160, 8: 4}
  pruned hist {6: 1711, 7: 450, 8: 3}
  frontier written 7 pruned 7
  reasons [('rule check failed: NEGE', 2463), ('bad box cite', 1999), ('rule check failed: IMPI', 986), ('final formula is not the conclusion', 923), ('rule check failed: DN', 849), ('rule check failed: IMPE', 832)]
[p2/ei_depth3_f0_a1_s4_ivT r5] transfer (cumulative 160 attempts) SOLVED 136/500 = 0.272 [0.235,0.313]
  len 7: 0/83 = 0.000 [0.000,0.044]
  len 8: 5/83 = 0.060 [0.026,0.133]
  len 9: 10/83 = 0.120 [0.067,0.208]
  len 10: 36/83 = 0.434 [0.332,0.541]
  len 11: 37/83 = 0.446 [0.344,0.553]
  len 12: 48/85 = 0.565 [0.459,0.665]
  written hist {7: 4359, 8: 6}
  pruned hist {5: 16, 6: 3473, 7: 873, 8: 3}
  frontier written 8 pruned 7
  reasons []
[p2/ei_depth3_f0_a1_s4_ivT r5] transfer greedy SOLVED 113/500 = 0.226 [0.192,0.265]
  len 7: 0/83 = 0.000 [0.000,0.044]
  len 8: 4/83 = 0.048 [0.019,0.117]
  len 9: 10/83 = 0.120 [0.067,0.208]
  len 10: 31/83 = 0.373 [0.277,0.481]
  len 11: 29/83 = 0.349 [0.256,0.457]
  len 12: 39/85 = 0.459 [0.357,0.564]
  written hist {7: 113}
  pruned hist {6: 91, 7: 22}
  frontier written 7 pruned 7
  reasons [('rule check failed: NEGE', 80), ('bad box cite', 68), ('rule check failed: IMPI', 33), ('final formula is not the conclusion', 28), ('rule check failed: DN', 27), ('rule check failed: ORI1', 26)]
[p2/ei_depth3_f0_a1_s4_ivT r5] heldout greedy SOLVED 4399/5000 = 0.880 [0.870,0.889]
  len 2: 998/1000 = 0.998 [0.993,0.999]
  len 3: 990/1000 = 0.990 [0.982,0.995]
  len 4: 970/1000 = 0.970 [0.957,0.979]
  len 5: 949/1000 = 0.949 [0.934,0.961]
  len 6: 492/1000 = 0.492 [0.461,0.523]
  written hist {2: 1023, 3: 978, 4: 952, 5: 975, 6: 471}
  pruned hist {2: 1023, 3: 979, 4: 957, 5: 971, 6: 469}
  frontier written 6 pruned 6
  reasons [('rule check failed: NEGE', 253), ('rule check failed: DN', 51), ('bad box cite', 44), ('rule check failed: ANDI', 39), ('rule check failed: IMPI', 38), ('rule check failed: IMPE', 35)]
python3 train.py --data artifacts/p2/ei_depth3_f0_a1_s4_ivT/mix_5.jsonl --init ckpts/p2/ei_depth3_f0_a1_s4_r4.pt --steps 600 --lr 0.0003 --min_lr 2.9999999999999997e-05 --warmup 50 --cap 0 --out ckpts/p2/ei_depth3_f0_a1_s4_ivT_r5.pt --seed 4005 --log_every 200
params 3210240 mode abs shift True
train records 23988 max len 370
step 200 loss 0.0528 lr 2.53e-04 25s
step 400 loss 0.0556 lr 1.09e-04 48s
step 600 loss 0.0505 lr 3.00e-05 65s
saved ckpts/p2/ei_depth3_f0_a1_s4_ivT_r5.pt
=== round 5 done in 483s; new proofs 1318; cum targets solved 254
