resumed 0 target proofs, 0 transfer proofs
[p2/ei_reductio_f0_s5_t2_ivT r6] targets (this round, pass@32) SOLVED 0/606 = 0.000 [0.000,0.006]
  len 7: 0/61 = 0.000 [0.000,0.059]
  len 8: 0/156 = 0.000 [0.000,0.024]
  len 9: 0/386 = 0.000 [0.000,0.010]
  len 12: 0/3 = 0.000 [0.000,0.562]
  written hist {}
  pruned hist {}
  frontier written 0 pruned 0
  reasons [('rule check failed: IMPE', 6203), ('rule check failed: ANDI', 2638), ('rule check failed: IMPI', 2077), ('rule check failed: ORI2', 1614), ('bad line cite', 1219), ('rule check failed: DN', 1144)]
[p2/ei_reductio_f0_s5_t2_ivT r6] targets (cumulative 192 attempts) SOLVED 0/606 = 0.000 [0.000,0.006]
  len 7: 0/61 = 0.000 [0.000,0.059]
  len 8: 0/156 = 0.000 [0.000,0.024]
  len 9: 0/386 = 0.000 [0.000,0.010]
  len 12: 0/3 = 0.000 [0.000,0.562]
  written hist {}
  pruned hist {}
  frontier written 0 pruned 0
  reasons []
[p2/ei_reductio_f0_s5_t2_ivT r6] transfer (this round, pass@32) SOLVED 0/300 = 0.000 [0.000,0.013]
  len 7: 0/30 = 0.000 [0.000,0.114]
  len 8: 0/75 = 0.000 [0.000,0.049]
  len 9: 0/195 = 0.000 [0.000,0.019]
  written hist {}
  pruned hist {}
  frontier written 0 pruned 0
  reasons [('rule check failed: IMPE', 3159), ('rule check failed: ANDI', 1313), ('rule check failed: IMPI', 947), ('rule check failed: ORI2', 852), ('rule check failed: DN', 653), ('bad line cite', 555)]
[p2/ei_reductio_f0_s5_t2_ivT r6] transfer (cumulative 192 attempts) SOLVED 0/300 = 0.000 [0.000,0.013]
  len 7: 0/30 = 0.000 [0.000,0.114]
  len 8: 0/75 = 0.000 [0.000,0.049]
  len 9: 0/195 = 0.000 [0.000,0.019]
  written hist {}
  pruned hist {}
  frontier written 0 pruned 0
  reasons []
[p2/ei_reductio_f0_s5_t2_ivT r6] transfer greedy SOLVED 0/300 = 0.000 [0.000,0.013]
  len 7: 0/30 = 0.000 [0.000,0.114]
  len 8: 0/75 = 0.000 [0.000,0.049]
  len 9: 0/195 = 0.000 [0.000,0.019]
  written hist {}
  pruned hist {}
  frontier written 0 pruned 0
  reasons [('rule check failed: IMPE', 98), ('rule check failed: ANDI', 45), ('rule check failed: ORI2', 31), ('rule check failed: IMPI', 30), ('rule check failed: DN', 20), ('bad line cite', 17)]
[p2/ei_reductio_f0_s5_t2_ivT r6] heldout greedy SOLVED 4401/5000 = 0.880 [0.871,0.889]
  len 2: 998/1000 = 0.998 [0.993,0.999]
  len 3: 986/1000 = 0.986 [0.977,0.992]
  len 4: 967/1000 = 0.967 [0.954,0.976]
  len 5: 568/1000 = 0.568 [0.537,0.598]
  len 6: 882/1000 = 0.882 [0.861,0.901]
  written hist {2: 1061, 3: 976, 4: 1027, 5: 591, 6: 745, 7: 1}
  pruned hist {2: 1062, 3: 978, 4: 1031, 5: 585, 6: 744, 7: 1}
  frontier written 6 pruned 6
  reasons [('rule check failed: ANDI', 117), ('rule check failed: IMPE', 69), ('rule check failed: IMPI', 67), ('rule check failed: ORI2', 51), ('rule check failed: DN', 45), ('final formula is not the conclusion', 37)]
no accepted proofs: skipping training this round
=== round 6 done in 235s; new proofs 0; cum targets solved 0
[p2/ei_reductio_f0_s5_t2_ivT r7] targets (this round, pass@32) SOLVED 0/606 = 0.000 [0.000,0.006]
  len 7: 0/61 = 0.000 [0.000,0.059]
  len 8: 0/156 = 0.000 [0.000,0.024]
  len 9: 0/386 = 0.000 [0.000,0.010]
  len 12: 0/3 = 0.000 [0.000,0.562]
  written hist {}
  pruned hist {}
  frontier written 0 pruned 0
  reasons [('rule check failed: IMPE', 6292), ('rule check failed: ANDI', 2582), ('rule check failed: IMPI', 2057), ('rule check failed: ORI2', 1629), ('bad line cite', 1179), ('rule check failed: DN', 1098)]
[p2/ei_reductio_f0_s5_t2_ivT r7] targets (cumulative 224 attempts) SOLVED 0/606 = 0.000 [0.000,0.006]
  len 7: 0/61 = 0.000 [0.000,0.059]
  len 8: 0/156 = 0.000 [0.000,0.024]
  len 9: 0/386 = 0.000 [0.000,0.010]
  len 12: 0/3 = 0.000 [0.000,0.562]
  written hist {}
  pruned hist {}
  frontier written 0 pruned 0
  reasons []
[p2/ei_reductio_f0_s5_t2_ivT r7] transfer (this round, pass@32) SOLVED 0/300 = 0.000 [0.000,0.013]
  len 7: 0/30 = 0.000 [0.000,0.114]
  len 8: 0/75 = 0.000 [0.000,0.049]
  len 9: 0/195 = 0.000 [0.000,0.019]
  written hist {}
  pruned hist {}
  frontier written 0 pruned 0
  reasons [('rule check failed: IMPE', 3171), ('rule check failed: ANDI', 1285), ('rule check failed: IMPI', 934), ('rule check failed: ORI2', 873), ('rule check failed: DN', 647), ('bad line cite', 571)]
[p2/ei_reductio_f0_s5_t2_ivT r7] transfer (cumulative 224 attempts) SOLVED 0/300 = 0.000 [0.000,0.013]
  len 7: 0/30 = 0.000 [0.000,0.114]
  len 8: 0/75 = 0.000 [0.000,0.049]
  len 9: 0/195 = 0.000 [0.000,0.019]
  written hist {}
  pruned hist {}
  frontier written 0 pruned 0
  reasons []
[p2/ei_reductio_f0_s5_t2_ivT r7] transfer greedy SOLVED 0/300 = 0.000 [0.000,0.013]
  len 7: 0/30 = 0.000 [0.000,0.114]
  len 8: 0/75 = 0.000 [0.000,0.049]
  len 9: 0/195 = 0.000 [0.000,0.019]
  written hist {}
  pruned hist {}
  frontier written 0 pruned 0
  reasons [('rule check failed: IMPE', 98), ('rule check failed: ANDI', 45), ('rule check failed: ORI2', 31), ('rule check failed: IMPI', 30), ('rule check failed: DN', 20), ('bad line cite', 17)]
[p2/ei_reductio_f0_s5_t2_ivT r7] heldout greedy SOLVED 4401/5000 = 0.880 [0.871,0.889]
  len 2: 998/1000 = 0.998 [0.993,0.999]
  len 3: 986/1000 = 0.986 [0.977,0.992]
  len 4: 967/1000 = 0.967 [0.954,0.976]
  len 5: 568/1000 = 0.568 [0.537,0.598]
  len 6: 882/1000 = 0.882 [0.861,0.901]
  written hist {2: 1061, 3: 976, 4: 1027, 5: 591, 6: 745, 7: 1}
  pruned hist {2: 1062, 3: 978, 4: 1031, 5: 585, 6: 744, 7: 1}
  frontier written 6 pruned 6
  reasons [('rule check failed: ANDI', 117), ('rule check failed: IMPE', 69), ('rule check failed: IMPI', 67), ('rule check failed: ORI2', 51), ('rule check failed: DN', 45), ('final formula is not the conclusion', 37)]
no accepted proofs: skipping training this round
=== round 7 done in 219s; new proofs 0; cum targets solved 0
[p2/ei_reductio_f0_s5_t2_ivT r8] targets (this round, pass@32) SOLVED 0/606 = 0.000 [0.000,0.006]
  len 7: 0/61 = 0.000 [0.000,0.059]
  len 8: 0/156 = 0.000 [0.000,0.024]
  len 9: 0/386 = 0.000 [0.000,0.010]
  len 12: 0/3 = 0.000 [0.000,0.562]
  written hist {}
  pruned hist {}
  frontier written 0 pruned 0
  reasons [('rule check failed: IMPE', 6279), ('rule check failed: ANDI', 2577), ('rule check failed: IMPI', 2039), ('rule check failed: ORI2', 1635), ('bad line cite', 1189), ('rule check failed: NEGE', 1124)]
[p2/ei_reductio_f0_s5_t2_ivT r8] targets (cumulative 256 attempts) SOLVED 0/606 = 0.000 [0.000,0.006]
  len 7: 0/61 = 0.000 [0.000,0.059]
  len 8: 0/156 = 0.000 [0.000,0.024]
  len 9: 0/386 = 0.000 [0.000,0.010]
  len 12: 0/3 = 0.000 [0.000,0.562]
  written hist {}
  pruned hist {}
  frontier written 0 pruned 0
  reasons []
[p2/ei_reductio_f0_s5_t2_ivT r8] transfer (this round, pass@32) SOLVED 0/300 = 0.000 [0.000,0.013]
  len 7: 0/30 = 0.000 [0.000,0.114]
  len 8: 0/75 = 0.000 [0.000,0.049]
  len 9: 0/195 = 0.000 [0.000,0.019]
  written hist {}
  pruned hist {}
  frontier written 0 pruned 0
  reasons [('rule check failed: IMPE', 3103), ('rule check failed: ANDI', 1324), ('rule check failed: IMPI', 990), ('rule check failed: ORI2', 882), ('rule check failed: DN', 635), ('bad line cite', 555)]
[p2/ei_reductio_f0_s5_t2_ivT r8] transfer (cumulative 256 attempts) SOLVED 0/300 = 0.000 [0.000,0.013]
  len 7: 0/30 = 0.000 [0.000,0.114]
  len 8: 0/75 = 0.000 [0.000,0.049]
  len 9: 0/195 = 0.000 [0.000,0.019]
  written hist {}
  pruned hist {}
  frontier written 0 pruned 0
  reasons []
[p2/ei_reductio_f0_s5_t2_ivT r8] transfer greedy SOLVED 0/300 = 0.000 [0.000,0.013]
  len 7: 0/30 = 0.000 [0.000,0.114]
  len 8: 0/75 = 0.000 [0.000,0.049]
  len 9: 0/195 = 0.000 [0.000,0.019]
  written hist {}
  pruned hist {}
  frontier written 0 pruned 0
  reasons [('rule check failed: IMPE', 98), ('rule check failed: ANDI', 45), ('rule check failed: ORI2', 31), ('rule check failed: IMPI', 30), ('rule check failed: DN', 20), ('bad line cite', 17)]
[p2/ei_reductio_f0_s5_t2_ivT r8] heldout greedy SOLVED 4401/5000 = 0.880 [0.871,0.889]
  len 2: 998/1000 = 0.998 [0.993,0.999]
  len 3: 986/1000 = 0.986 [0.977,0.992]
  len 4: 967/1000 = 0.967 [0.954,0.976]
  len 5: 568/1000 = 0.568 [0.537,0.598]
  len 6: 882/1000 = 0.882 [0.861,0.901]
  written hist {2: 1061, 3: 976, 4: 1027, 5: 591, 6: 745, 7: 1}
  pruned hist {2: 1062, 3: 978, 4: 1031, 5: 585, 6: 744, 7: 1}
  frontier written 6 pruned 6
  reasons [('rule check failed: ANDI', 117), ('rule check failed: IMPE', 69), ('rule check failed: IMPI', 67), ('rule check failed: ORI2', 51), ('rule check failed: DN', 45), ('final formula is not the conclusion', 37)]
no accepted proofs: skipping training this round
=== round 8 done in 260s; new proofs 0; cum targets solved 0
