[p2/ei_reductio_f0_s9_t2 r1] targets (this round, pass@32) SOLVED 0/606 = 0.000 [0.000,0.006]
  len 7: 0/61 = 0.000 [0.000,0.059]
  len 8: 0/156 = 0.000 [0.000,0.024]
  len 9: 0/386 = 0.000 [0.000,0.010]
  len 12: 0/3 = 0.000 [0.000,0.562]
  written hist {}
  pruned hist {}
  frontier written 0 pruned 0
  reasons [('rule check failed: IMPE', 6935), ('rule check failed: ANDI', 3272), ('rule check failed: IMPI', 2183), ('bad line cite', 1097), ('rule check failed: DN', 991), ('rule check failed: ORI2', 788)]
[p2/ei_reductio_f0_s9_t2 r1] targets (cumulative 32 attempts) SOLVED 0/606 = 0.000 [0.000,0.006]
  len 7: 0/61 = 0.000 [0.000,0.059]
  len 8: 0/156 = 0.000 [0.000,0.024]
  len 9: 0/386 = 0.000 [0.000,0.010]
  len 12: 0/3 = 0.000 [0.000,0.562]
  written hist {}
  pruned hist {}
  frontier written 0 pruned 0
  reasons []
[p2/ei_reductio_f0_s9_t2 r1] transfer (this round, pass@32) SOLVED 0/300 = 0.000 [0.000,0.013]
  len 7: 0/30 = 0.000 [0.000,0.114]
  len 8: 0/75 = 0.000 [0.000,0.049]
  len 9: 0/195 = 0.000 [0.000,0.019]
  written hist {}
  pruned hist {}
  frontier written 0 pruned 0
  reasons [('rule check failed: IMPE', 3398), ('rule check failed: ANDI', 1606), ('rule check failed: IMPI', 1053), ('rule check failed: ORI2', 548), ('rule check failed: DN', 538), ('bad line cite', 377)]
[p2/ei_reductio_f0_s9_t2 r1] transfer (cumulative 32 attempts) SOLVED 0/300 = 0.000 [0.000,0.013]
  len 7: 0/30 = 0.000 [0.000,0.114]
  len 8: 0/75 = 0.000 [0.000,0.049]
  len 9: 0/195 = 0.000 [0.000,0.019]
  written hist {}
  pruned hist {}
  frontier written 0 pruned 0
  reasons []
[p2/ei_reductio_f0_s9_t2 r1] transfer greedy SOLVED 0/300 = 0.000 [0.000,0.013]
  len 7: 0/30 = 0.000 [0.000,0.114]
  len 8: 0/75 = 0.000 [0.000,0.049]
  len 9: 0/195 = 0.000 [0.000,0.019]
  written hist {}
  pruned hist {}
  frontier written 0 pruned 0
  reasons [('rule check failed: IMPE', 103), ('rule check failed: ANDI', 60), ('rule check failed: IMPI', 32), ('rule check failed: DN', 22), ('rule check failed: ORI2', 21), ('bad line cite', 11)]
[p2/ei_reductio_f0_s9_t2 r1] heldout greedy SOLVED 4375/5000 = 0.875 [0.866,0.884]
  len 2: 997/1000 = 0.997 [0.991,0.999]
  len 3: 988/1000 = 0.988 [0.979,0.993]
  len 4: 965/1000 = 0.965 [0.952,0.975]
  len 5: 532/1000 = 0.532 [0.501,0.563]
  len 6: 893/1000 = 0.893 [0.872,0.911]
  written hist {2: 1029, 3: 979, 4: 1008, 5: 586, 6: 772, 7: 1}
  pruned hist {2: 1032, 3: 979, 4: 1015, 5: 578, 6: 771}
  frontier written 6 pruned 6
  reasons [('rule check failed: ANDI', 133), ('rule check failed: IMPE', 101), ('final formula is not the conclusion', 71), ('rule check failed: DN', 53), ('rule check failed: NEGE', 51), ('rule check failed: ORI1', 36)]
no accepted proofs: skipping training this round
=== round 1 done in 188s; new proofs 0; cum targets solved 0
[p2/ei_reductio_f0_s9_t2 r2] targets (this round, pass@32) SOLVED 0/606 = 0.000 [0.000,0.006]
  len 7: 0/61 = 0.000 [0.000,0.059]
  len 8: 0/156 = 0.000 [0.000,0.024]
  len 9: 0/386 = 0.000 [0.000,0.010]
  len 12: 0/3 = 0.000 [0.000,0.562]
  written hist {}
  pruned hist {}
  frontier written 0 pruned 0
  reasons [('rule check failed: IMPE', 7032), ('rule check failed: ANDI', 3255), ('rule check failed: IMPI', 2184), ('bad line cite', 1082), ('rule check failed: DN', 942), ('rule check failed: ORI2', 816)]
[p2/ei_reductio_f0_s9_t2 r2] targets (cumulative 64 attempts) SOLVED 0/606 = 0.000 [0.000,0.006]
  len 7: 0/61 = 0.000 [0.000,0.059]
  len 8: 0/156 = 0.000 [0.000,0.024]
  len 9: 0/386 = 0.000 [0.000,0.010]
  len 12: 0/3 = 0.000 [0.000,0.562]
  written hist {}
  pruned hist {}
  frontier written 0 pruned 0
  reasons []
[p2/ei_reductio_f0_s9_t2 r2] transfer (this round, pass@32) SOLVED 0/300 = 0.000 [0.000,0.013]
  len 7: 0/30 = 0.000 [0.000,0.114]
  len 8: 0/75 = 0.000 [0.000,0.049]
  len 9: 0/195 = 0.000 [0.000,0.019]
  written hist {}
  pruned hist {}
  frontier written 0 pruned 0
  reasons [('rule check failed: IMPE', 3400), ('rule check failed: ANDI', 1623), ('rule check failed: IMPI', 967), ('rule check failed: ORI2', 561), ('rule check failed: DN', 560), ('bad line cite', 417)]
[p2/ei_reductio_f0_s9_t2 r2] transfer (cumulative 64 attempts) SOLVED 0/300 = 0.000 [0.000,0.013]
  len 7: 0/30 = 0.000 [0.000,0.114]
  len 8: 0/75 = 0.000 [0.000,0.049]
  len 9: 0/195 = 0.000 [0.000,0.019]
  written hist {}
  pruned hist {}
  frontier written 0 pruned 0
  reasons []
[p2/ei_reductio_f0_s9_t2 r2] transfer greedy SOLVED 0/300 = 0.000 [0.000,0.013]
  len 7: 0/30 = 0.000 [0.000,0.114]
  len 8: 0/75 = 0.000 [0.000,0.049]
  len 9: 0/195 = 0.000 [0.000,0.019]
  written hist {}
  pruned hist {}
  frontier written 0 pruned 0
  reasons [('rule check failed: IMPE', 103), ('rule check failed: ANDI', 60), ('rule check failed: IMPI', 32), ('rule check failed: DN', 22), ('rule check failed: ORI2', 21), ('bad line cite', 11)]
[p2/ei_reductio_f0_s9_t2 r2] heldout greedy SOLVED 4375/5000 = 0.875 [0.866,0.884]
  len 2: 997/1000 = 0.997 [0.991,0.999]
  len 3: 988/1000 = 0.988 [0.979,0.993]
  len 4: 965/1000 = 0.965 [0.952,0.975]
  len 5: 532/1000 = 0.532 [0.501,0.563]
  len 6: 893/1000 = 0.893 [0.872,0.911]
  written hist {2: 1029, 3: 979, 4: 1008, 5: 586, 6: 772, 7: 1}
  pruned hist {2: 1032, 3: 979, 4: 1015, 5: 578, 6: 771}
  frontier written 6 pruned 6
  reasons [('rule check failed: ANDI', 133), ('rule check failed: IMPE', 101), ('final formula is not the conclusion', 71), ('rule check failed: DN', 53), ('rule check failed: NEGE', 51), ('rule check failed: ORI1', 36)]
no accepted proofs: skipping training this round
=== round 2 done in 227s; new proofs 0; cum targets solved 0
[p2/ei_reductio_f0_s9_t2 r3] targets (this round, pass@32) SOLVED 0/606 = 0.000 [0.000,0.006]
  len 7: 0/61 = 0.000 [0.000,0.059]
  len 8: 0/156 = 0.000 [0.000,0.024]
  len 9: 0/386 = 0.000 [0.000,0.010]
  len 12: 0/3 = 0.000 [0.000,0.562]
  written hist {}
  pruned hist {}
  frontier written 0 pruned 0
  reasons [('rule check failed: IMPE', 6996), ('rule check failed: ANDI', 3248), ('rule check failed: IMPI', 2143), ('bad line cite', 1088), ('rule check failed: DN', 950), ('rule check failed: ORI2', 788)]
[p2/ei_reductio_f0_s9_t2 r3] targets (cumulative 96 attempts) SOLVED 0/606 = 0.000 [0.000,0.006]
  len 7: 0/61 = 0.000 [0.000,0.059]
  len 8: 0/156 = 0.000 [0.000,0.024]
  len 9: 0/386 = 0.000 [0.000,0.010]
  len 12: 0/3 = 0.000 [0.000,0.562]
  written hist {}
  pruned hist {}
  frontier written 0 pruned 0
  reasons []
[p2/ei_reductio_f0_s9_t2 r3] transfer (this round, pass@32) SOLVED 0/300 = 0.000 [0.000,0.013]
  len 7: 0/30 = 0.000 [0.000,0.114]
  len 8: 0/75 = 0.000 [0.000,0.049]
  len 9: 0/195 = 0.000 [0.000,0.019]
  written hist {}
  pruned hist {}
  frontier written 0 pruned 0
  reasons [('rule check failed: IMPE', 3381), ('rule check failed: ANDI', 1623), ('rule check failed: IMPI', 980), ('rule check failed: DN', 577), ('rule check failed: ORI2', 553), ('bad line cite', 418)]
[p2/ei_reductio_f0_s9_t2 r3] transfer (cumulative 96 attempts) SOLVED 0/300 = 0.000 [0.000,0.013]
  len 7: 0/30 = 0.000 [0.000,0.114]
  len 8: 0/75 = 0.000 [0.000,0.049]
  len 9: 0/195 = 0.000 [0.000,0.019]
  written hist {}
  pruned hist {}
  frontier written 0 pruned 0
  reasons []
[p2/ei_reductio_f0_s9_t2 r3] transfer greedy SOLVED 0/300 = 0.000 [0.000,0.013]
  len 7: 0/30 = 0.000 [0.000,0.114]
  len 8: 0/75 = 0.000 [0.000,0.049]
  len 9: 0/195 = 0.000 [0.000,0.019]
  written hist {}
  pruned hist {}
  frontier written 0 pruned 0
  reasons [('rule check failed: IMPE', 103), ('rule check failed: ANDI', 60), ('rule check failed: IMPI', 32), ('rule check failed: DN', 22), ('rule check failed: ORI2', 21), ('bad line cite', 11)]
[p2/ei_reductio_f0_s9_t2 r3] heldout greedy SOLVED 4375/5000 = 0.875 [0.866,0.884]
  len 2: 997/1000 = 0.997 [0.991,0.999]
  len 3: 988/1000 = 0.988 [0.979,0.993]
  len 4: 965/1000 = 0.965 [0.952,0.975]
  len 5: 532/1000 = 0.532 [0.501,0.563]
  len 6: 893/1000 = 0.893 [0.872,0.911]
  written hist {2: 1029, 3: 979, 4: 1008, 5: 586, 6: 772, 7: 1}
  pruned hist {2: 1032, 3: 979, 4: 1015, 5: 578, 6: 771}
  frontier written 6 pruned 6
  reasons [('rule check failed: ANDI', 133), ('rule check failed: IMPE', 101), ('final formula is not the conclusion', 71), ('rule check failed: DN', 53), ('rule check failed: NEGE', 51), ('rule check failed: ORI1', 36)]
no accepted proofs: skipping training this round
=== round 3 done in 220s; new proofs 0; cum targets solved 0
[p2/ei_reductio_f0_s9_t2 r4] targets (this round, pass@32) SOLVED 0/606 = 0.000 [0.000,0.006]
  len 7: 0/61 = 0.000 [0.000,0.059]
  len 8: 0/156 = 0.000 [0.000,0.024]
  len 9: 0/386 = 0.000 [0.000,0.010]
  len 12: 0/3 = 0.000 [0.000,0.562]
  written hist {}
  pruned hist {}
  frontier written 0 pruned 0
  reasons [('rule check failed: IMPE', 7005), ('rule check failed: ANDI', 3279), ('rule check failed: IMPI', 2173), ('bad line cite', 1083), ('rule check failed: DN', 905), ('rule check failed: ORI2', 806)]
[p2/ei_reductio_f0_s9_t2 r4] targets (cumulative 128 attempts) SOLVED 0/606 = 0.000 [0.000,0.006]
  len 7: 0/61 = 0.000 [0.000,0.059]
  len 8: 0/156 = 0.000 [0.000,0.024]
  len 9: 0/386 = 0.000 [0.000,0.010]
  len 12: 0/3 = 0.000 [0.000,0.562]
  written hist {}
  pruned hist {}
  frontier written 0 pruned 0
  reasons []
[p2/ei_reductio_f0_s9_t2 r4] transfer (this round, pass@32) SOLVED 0/300 = 0.000 [0.000,0.013]
  len 7: 0/30 = 0.000 [0.000,0.114]
  len 8: 0/75 = 0.000 [0.000,0.049]
  len 9: 0/195 = 0.000 [0.000,0.019]
  written hist {}
  pruned hist {}
  frontier written 0 pruned 0
  reasons [('rule check failed: IMPE', 3295), ('rule check failed: ANDI', 1657), ('rule check failed: IMPI', 1020), ('rule check failed: ORI2', 582), ('rule check failed: DN', 577), ('bad line cite', 409)]
[p2/ei_reductio_f0_s9_t2 r4] transfer (cumulative 128 attempts) SOLVED 0/300 = 0.000 [0.000,0.013]
  len 7: 0/30 = 0.000 [0.000,0.114]
  len 8: 0/75 = 0.000 [0.000,0.049]
  len 9: 0/195 = 0.000 [0.000,0.019]
  written hist {}
  pruned hist {}
  frontier written 0 pruned 0
  reasons []
[p2/ei_reductio_f0_s9_t2 r4] transfer greedy SOLVED 0/300 = 0.000 [0.000,0.013]
  len 7: 0/30 = 0.000 [0.000,0.114]
  len 8: 0/75 = 0.000 [0.000,0.049]
  len 9: 0/195 = 0.000 [0.000,0.019]
  written hist {}
  pruned hist {}
  frontier written 0 pruned 0
  reasons [('rule check failed: IMPE', 103), ('rule check failed: ANDI', 60), ('rule check failed: IMPI', 32), ('rule check failed: DN', 22), ('rule check failed: ORI2', 21), ('bad line cite', 11)]
[p2/ei_reductio_f0_s9_t2 r4] heldout greedy SOLVED 4375/5000 = 0.875 [0.866,0.884]
  len 2: 997/1000 = 0.997 [0.991,0.999]
  len 3: 988/1000 = 0.988 [0.979,0.993]
  len 4: 965/1000 = 0.965 [0.952,0.975]
  len 5: 532/1000 = 0.532 [0.501,0.563]
  len 6: 893/1000 = 0.893 [0.872,0.911]
  written hist {2: 1029, 3: 979, 4: 1008, 5: 586, 6: 772, 7: 1}
  pruned hist {2: 1032, 3: 979, 4: 1015, 5: 578, 6: 771}
  frontier written 6 pruned 6
  reasons [('rule check failed: ANDI', 133), ('rule check failed: IMPE', 101), ('final formula is not the conclusion', 71), ('rule check failed: DN', 53), ('rule check failed: NEGE', 51), ('rule check failed: ORI1', 36)]
no accepted proofs: skipping training this round
=== round 4 done in 255s; new proofs 0; cum targets solved 0
[p2/ei_reductio_f0_s9_t2 r5] targets (this round, pass@32) SOLVED 0/606 = 0.000 [0.000,0.006]
  len 7: 0/61 = 0.000 [0.000,0.059]
  len 8: 0/156 = 0.000 [0.000,0.024]
  len 9: 0/386 = 0.000 [0.000,0.010]
  len 12: 0/3 = 0.000 [0.000,0.562]
  written hist {}
  pruned hist {}
  frontier written 0 pruned 0
  reasons [('rule check failed: IMPE', 7004), ('rule check failed: ANDI', 3218), ('rule check failed: IMPI', 2232), ('bad line cite', 1095), ('rule check failed: DN', 980), ('rule check failed: ORI2', 778)]
[p2/ei_reductio_f0_s9_t2 r5] targets (cumulative 160 attempts) SOLVED 0/606 = 0.000 [0.000,0.006]
  len 7: 0/61 = 0.000 [0.000,0.059]
  len 8: 0/156 = 0.000 [0.000,0.024]
  len 9: 0/386 = 0.000 [0.000,0.010]
  len 12: 0/3 = 0.000 [0.000,0.562]
  written hist {}
  pruned hist {}
  frontier written 0 pruned 0
  reasons []
[p2/ei_reductio_f0_s9_t2 r5] transfer (this round, pass@32) SOLVED 0/300 = 0.000 [0.000,0.013]
  len 7: 0/30 = 0.000 [0.000,0.114]
  len 8: 0/75 = 0.000 [0.000,0.049]
  len 9: 0/195 = 0.000 [0.000,0.019]
  written hist {}
  pruned hist {}
  frontier written 0 pruned 0
  reasons [('rule check failed: IMPE', 3381), ('rule check failed: ANDI', 1637), ('rule check failed: IMPI', 1020), ('rule check failed: ORI2', 563), ('rule check failed: DN', 525), ('bad line cite', 374)]
[p2/ei_reductio_f0_s9_t2 r5] transfer (cumulative 160 attempts) SOLVED 0/300 = 0.000 [0.000,0.013]
  len 7: 0/30 = 0.000 [0.000,0.114]
  len 8: 0/75 = 0.000 [0.000,0.049]
  len 9: 0/195 = 0.000 [0.000,0.019]
  written hist {}
  pruned hist {}
  frontier written 0 pruned 0
  reasons []
[p2/ei_reductio_f0_s9_t2 r5] transfer greedy SOLVED 0/300 = 0.000 [0.000,0.013]
  len 7: 0/30 = 0.000 [0.000,0.114]
  len 8: 0/75 = 0.000 [0.000,0.049]
  len 9: 0/195 = 0.000 [0.000,0.019]
  written hist {}
  pruned hist {}
  frontier written 0 pruned 0
  reasons [('rule check failed: IMPE', 103), ('rule check failed: ANDI', 60), ('rule check failed: IMPI', 32), ('rule check failed: DN', 22), ('rule check failed: ORI2', 21), ('bad line cite', 11)]
[p2/ei_reductio_f0_s9_t2 r5] heldout greedy SOLVED 4375/5000 = 0.875 [0.866,0.884]
  len 2: 997/1000 = 0.997 [0.991,0.999]
  len 3: 988/1000 = 0.988 [0.979,0.993]
  len 4: 965/1000 = 0.965 [0.952,0.975]
  len 5: 532/1000 = 0.532 [0.501,0.563]
  len 6: 893/1000 = 0.893 [0.872,0.911]
  written hist {2: 1029, 3: 979, 4: 1008, 5: 586, 6: 772, 7: 1}
  pruned hist {2: 1032, 3: 979, 4: 1015, 5: 578, 6: 771}
  frontier written 6 pruned 6
  reasons [('rule check failed: ANDI', 133), ('rule check failed: IMPE', 101), ('final formula is not the conclusion', 71), ('rule check failed: DN', 53), ('rule check failed: NEGE', 51), ('rule check failed: ORI1', 36)]
no accepted proofs: skipping training this round
=== round 5 done in 243s; new proofs 0; cum targets solved 0
[p2/ei_reductio_f0_s9_t2 r6] targets (this round, pass@32) SOLVED 1/606 = 0.002 [0.000,0.009]
  len 7: 1/61 = 0.016 [0.003,0.087]
  len 8: 0/156 = 0.000 [0.000,0.024]
  len 9: 0/386 = 0.000 [0.000,0.010]
  len 12: 0/3 = 0.000 [0.000,0.562]
  written hist {7: 2}
  pruned hist {7: 2}
  frontier written 0 pruned 0
  reasons [('rule check failed: IMPE', 6980), ('rule check failed: ANDI', 3214), ('rule check failed: IMPI', 2184), ('bad line cite', 1073), ('rule check failed: DN', 952), ('rule check failed: ORI2', 840)]
[p2/ei_reductio_f0_s9_t2 r6] targets (cumulative 192 attempts) SOLVED 1/606 = 0.002 [0.000,0.009]
  len 7: 1/61 = 0.016 [0.003,0.087]
  len 8: 0/156 = 0.000 [0.000,0.024]
  len 9: 0/386 = 0.000 [0.000,0.010]
  len 12: 0/3 = 0.000 [0.000,0.562]
  written hist {7: 2}
  pruned hist {7: 2}
  frontier written 0 pruned 0
  reasons []
[p2/ei_reductio_f0_s9_t2 r6] transfer (this round, pass@32) SOLVED 1/300 = 0.003 [0.001,0.019]
  len 7: 1/30 = 0.033 [0.006,0.167]
  len 8: 0/75 = 0.000 [0.000,0.049]
  len 9: 0/195 = 0.000 [0.000,0.019]
  written hist {7: 1}
  pruned hist {7: 1}
  frontier written 0 pruned 0
  reasons [('rule check failed: IMPE', 3375), ('rule check failed: ANDI', 1632), ('rule check failed: IMPI', 1010), ('rule check failed: ORI2', 566), ('rule check failed: DN', 562), ('bad line cite', 347)]
[p2/ei_reductio_f0_s9_t2 r6] transfer (cumulative 192 attempts) SOLVED 1/300 = 0.003 [0.001,0.019]
  len 7: 1/30 = 0.033 [0.006,0.167]
  len 8: 0/75 = 0.000 [0.000,0.049]
  len 9: 0/195 = 0.000 [0.000,0.019]
  written hist {7: 1}
  pruned hist {7: 1}
  frontier written 0 pruned 0
  reasons []
[p2/ei_reductio_f0_s9_t2 r6] transfer greedy SOLVED 0/300 = 0.000 [0.000,0.013]
  len 7: 0/30 = 0.000 [0.000,0.114]
  len 8: 0/75 = 0.000 [0.000,0.049]
  len 9: 0/195 = 0.000 [0.000,0.019]
  written hist {}
  pruned hist {}
  frontier written 0 pruned 0
  reasons [('rule check failed: IMPE', 103), ('rule check failed: ANDI', 60), ('rule check failed: IMPI', 32), ('rule check failed: DN', 22), ('rule check failed: ORI2', 21), ('bad line cite', 11)]
[p2/ei_reductio_f0_s9_t2 r6] heldout greedy SOLVED 4375/5000 = 0.875 [0.866,0.884]
  len 2: 997/1000 = 0.997 [0.991,0.999]
  len 3: 988/1000 = 0.988 [0.979,0.993]
  len 4: 965/1000 = 0.965 [0.952,0.975]
  len 5: 532/1000 = 0.532 [0.501,0.563]
  len 6: 893/1000 = 0.893 [0.872,0.911]
  written hist {2: 1029, 3: 979, 4: 1008, 5: 586, 6: 772, 7: 1}
  pruned hist {2: 1032, 3: 979, 4: 1015, 5: 578, 6: 771}
  frontier written 6 pruned 6
  reasons [('rule check failed: ANDI', 133), ('rule check failed: IMPE', 101), ('final formula is not the conclusion', 71), ('rule check failed: DN', 53), ('rule check failed: NEGE', 51), ('rule check failed: ORI1', 36)]
python3 train.py --data artifacts/p2/ei_reductio_f0_s9_t2/mix_6.jsonl --init ckpts/p2/stage1_reductio_f0_s9.pt --steps 600 --lr 0.0003 --min_lr 2.9999999999999997e-05 --warmup 50 --cap 0 --out ckpts/p2/ei_reductio_f0_s9_t2_r6.pt --seed 9006 --log_every 200
params 3210240 mode abs shift True
train records 20008 max len 537
step 200 loss 0.0554 lr 2.53e-04 14s
step 400 loss 0.0561 lr 1.09e-04 28s
step 600 loss 0.0561 lr 3.00e-05 40s
saved ckpts/p2/ei_reductio_f0_s9_t2_r6.pt
=== round 6 done in 247s; new proofs 2; cum targets solved 1
[p2/ei_reductio_f0_s9_t2 r7] targets (this round, pass@32) SOLVED 19/606 = 0.031 [0.020,0.048]
  len 7: 19/61 = 0.311 [0.209,0.436]
  len 8: 0/156 = 0.000 [0.000,0.024]
  len 9: 0/386 = 0.000 [0.000,0.010]
  len 12: 0/3 = 0.000 [0.000,0.562]
  written hist {7: 139, 8: 2}
  pruned hist {7: 141}
  frontier written 7 pruned 7
  reasons [('rule check failed: IMPE', 6739), ('rule check failed: ANDI', 2667), ('rule check failed: IMPI', 2107), ('rule check failed: DN', 1572), ('bad line cite', 1180), ('rule check failed: NEGE', 764)]
[p2/ei_reductio_f0_s9_t2 r7] targets (cumulative 224 attempts) SOLVED 19/606 = 0.031 [0.020,0.048]
  len 7: 19/61 = 0.311 [0.209,0.436]
  len 8: 0/156 = 0.000 [0.000,0.024]
  len 9: 0/386 = 0.000 [0.000,0.010]
  len 12: 0/3 = 0.000 [0.000,0.562]
  written hist {7: 140, 8: 2}
  pruned hist {7: 142}
  frontier written 7 pruned 7
  reasons []
[p2/ei_reductio_f0_s9_t2 r7] transfer (this round, pass@32) SOLVED 3/300 = 0.010 [0.003,0.029]
  len 7: 3/30 = 0.100 [0.035,0.256]
  len 8: 0/75 = 0.000 [0.000,0.049]
  len 9: 0/195 = 0.000 [0.000,0.019]
  written hist {7: 24}
  pruned hist {7: 24}
  frontier written 7 pruned 7
  reasons [('rule check failed: IMPE', 3302), ('rule check failed: ANDI', 1373), ('rule check failed: IMPI', 1035), ('rule check failed: DN', 743), ('bad line cite', 543), ('rule check failed: ORI2', 436)]
[p2/ei_reductio_f0_s9_t2 r7] transfer (cumulative 224 attempts) SOLVED 4/300 = 0.013 [0.005,0.034]
  len 7: 4/30 = 0.133 [0.053,0.297]
  len 8: 0/75 = 0.000 [0.000,0.049]
  len 9: 0/195 = 0.000 [0.000,0.019]
  written hist {7: 25}
  pruned hist {7: 25}
  frontier written 7 pruned 7
  reasons []
[p2/ei_reductio_f0_s9_t2 r7] transfer greedy SOLVED 1/300 = 0.003 [0.001,0.019]
  len 7: 1/30 = 0.033 [0.006,0.167]
  len 8: 0/75 = 0.000 [0.000,0.049]
  len 9: 0/195 = 0.000 [0.000,0.019]
  written hist {7: 1}
  pruned hist {7: 1}
  frontier written 0 pruned 0
  reasons [('rule check failed: IMPE', 106), ('rule check failed: ANDI', 47), ('rule check failed: IMPI', 33), ('rule check failed: DN', 22), ('bad line cite', 21), ('rule check failed: ORI2', 13)]
[p2/ei_reductio_f0_s9_t2 r7] heldout greedy SOLVED 4389/5000 = 0.878 [0.868,0.887]
  len 2: 996/1000 = 0.996 [0.990,0.998]
  len 3: 990/1000 = 0.990 [0.982,0.995]
  len 4: 968/1000 = 0.968 [0.955,0.977]
  len 5: 544/1000 = 0.544 [0.513,0.575]
  len 6: 891/1000 = 0.891 [0.870,0.909]
  written hist {2: 1036, 3: 990, 4: 1021, 5: 594, 6: 748}
  pruned hist {2: 1038, 3: 991, 4: 1032, 5: 583, 6: 745}
  frontier written 6 pruned 6
  reasons [('rule check failed: ANDI', 126), ('rule check failed: IMPE', 98), ('rule check failed: DN', 64), ('final formula is not the conclusion', 50), ('rule check failed: NEGE', 35), ('rule check failed: BOTE', 32)]
python3 train.py --data artifacts/p2/ei_reductio_f0_s9_t2/mix_7.jsonl --init ckpts/p2/ei_reductio_f0_s9_t2_r6.pt --steps 600 --lr 0.0003 --min_lr 2.9999999999999997e-05 --warmup 50 --cap 0 --out ckpts/p2/ei_reductio_f0_s9_t2_r7.pt --seed 9007 --log_every 200
params 3210240 mode abs shift True
train records 20224 max len 602
step 200 loss 0.0576 lr 2.53e-04 15s
step 400 loss 0.0592 lr 1.09e-04 30s
step 600 loss 0.0558 lr 3.00e-05 45s
saved ckpts/p2/ei_reductio_f0_s9_t2_r7.pt
=== round 7 done in 234s; new proofs 140; cum targets solved 19
[p2/ei_reductio_f0_s9_t2 r8] targets (this round, pass@32) SOLVED 49/606 = 0.081 [0.062,0.105]
  len 7: 49/61 = 0.803 [0.687,0.884]
  len 8: 0/156 = 0.000 [0.000,0.024]
  len 9: 0/386 = 0.000 [0.000,0.010]
  len 12: 0/3 = 0.000 [0.000,0.562]
  written hist {7: 860, 8: 15, 9: 2}
  pruned hist {7: 877}
  frontier written 8 pruned 7
  reasons [('rule check failed: IMPE', 6323), ('rule check failed: ANDI', 2632), ('rule check failed: IMPI', 2372), ('rule check failed: DN', 1564), ('bad line cite', 1118), ('rule check failed: ORI2', 762)]
[p2/ei_reductio_f0_s9_t2 r8] targets (cumulative 256 attempts) SOLVED 49/606 = 0.081 [0.062,0.105]
  len 7: 49/61 = 0.803 [0.687,0.884]
  len 8: 0/156 = 0.000 [0.000,0.024]
  len 9: 0/386 = 0.000 [0.000,0.010]
  len 12: 0/3 = 0.000 [0.000,0.562]
  written hist {7: 928, 8: 17, 9: 2}
  pruned hist {7: 947}
  frontier written 8 pruned 7
  reasons []
[p2/ei_reductio_f0_s9_t2 r8] transfer (this round, pass@32) SOLVED 24/300 = 0.080 [0.054,0.116]
  len 7: 24/30 = 0.800 [0.627,0.905]
  len 8: 0/75 = 0.000 [0.000,0.049]
  len 9: 0/195 = 0.000 [0.000,0.019]
  written hist {7: 387, 8: 7}
  pruned hist {7: 394}
  frontier written 8 pruned 7
  reasons [('rule check failed: IMPE', 3225), ('rule check failed: ANDI', 1225), ('rule check failed: IMPI', 1150), ('rule check failed: DN', 885), ('rule check failed: ORI2', 460), ('bad line cite', 453)]
[p2/ei_reductio_f0_s9_t2 r8] transfer (cumulative 256 attempts) SOLVED 24/300 = 0.080 [0.054,0.116]
  len 7: 24/30 = 0.800 [0.627,0.905]
  len 8: 0/75 = 0.000 [0.000,0.049]
  len 9: 0/195 = 0.000 [0.000,0.019]
  written hist {7: 408, 8: 7}
  pruned hist {7: 415}
  frontier written 8 pruned 7
  reasons []
[p2/ei_reductio_f0_s9_t2 r8] transfer greedy SOLVED 18/300 = 0.060 [0.038,0.093]
  len 7: 18/30 = 0.600 [0.423,0.754]
  len 8: 0/75 = 0.000 [0.000,0.049]
  len 9: 0/195 = 0.000 [0.000,0.019]
  written hist {7: 18}
  pruned hist {7: 18}
  frontier written 7 pruned 7
  reasons [('rule check failed: IMPE', 106), ('rule check failed: ANDI', 43), ('rule check failed: IMPI', 37), ('rule check failed: DN', 28), ('rule check failed: ORI2', 14), ('bad line cite', 14)]
[p2/ei_reductio_f0_s9_t2 r8] heldout greedy SOLVED 4387/5000 = 0.877 [0.868,0.886]
  len 2: 1000/1000 = 1.000 [0.996,1.000]
  len 3: 988/1000 = 0.988 [0.979,0.993]
  len 4: 967/1000 = 0.967 [0.954,0.976]
  len 5: 551/1000 = 0.551 [0.520,0.582]
  len 6: 881/1000 = 0.881 [0.859,0.900]
  written hist {2: 1045, 3: 980, 4: 1033, 5: 594, 6: 733, 7: 1, 8: 1}
  pruned hist {2: 1045, 3: 983, 4: 1040, 5: 585, 6: 734}
  frontier written 6 pruned 6
  reasons [('rule check failed: ANDI', 127), ('rule check failed: IMPE', 103), ('rule check failed: DN', 70), ('rule check failed: IMPI', 43), ('parse: missing ) after ~', 36), ('final formula is not the conclusion', 33)]
python3 train.py --data artifacts/p2/ei_reductio_f0_s9_t2/mix_8.jsonl --init ckpts/p2/ei_reductio_f0_s9_t2_r7.pt --steps 600 --lr 0.0003 --min_lr 2.9999999999999997e-05 --warmup 50 --cap 0 --out ckpts/p2/ei_reductio_f0_s9_t2_r8.pt --seed 9008 --log_every 200
params 3210240 mode abs shift True
train records 20736 max len 476
step 200 loss 0.0612 lr 2.53e-04 18s
step 400 loss 0.0571 lr 1.09e-04 34s
step 600 loss 0.0541 lr 3.00e-05 50s
saved ckpts/p2/ei_reductio_f0_s9_t2_r8.pt
=== round 8 done in 292s; new proofs 805; cum targets solved 49
