mix artifacts/p2/ei_reductio_f0_s5_t2_ivS_mix.jsonl: own proofs 0 (0 theorems), sibling proofs 204 (51 theorems), retained 20000
python3 train.py --data artifacts/p2/ei_reductio_f0_s5_t2_ivS_mix.jsonl --init ckpts/p2/stage1_reductio_f0_s5.pt --steps 600 --lr 3e-4 --min_lr 3e-5 --warmup 50 --cap 0 --out ckpts/p2/ei_reductio_f0_s5_t2_ivS_r4t.pt --seed 5004 --log_every 200
params 3210240 mode abs shift True
train records 20816 max len 602
step 200 loss 0.0567 lr 2.53e-04 13s
step 400 loss 0.0561 lr 1.09e-04 26s
step 600 loss 0.0560 lr 3.00e-05 39s
saved ckpts/p2/ei_reductio_f0_s5_t2_ivS_r4t.pt
resumed 0 target proofs, 0 transfer proofs
[p2/ei_reductio_f0_s5_t2_ivS r5] targets (this round, pass@32) SOLVED 60/606 = 0.099 [0.078,0.125]
  len 7: 55/61 = 0.902 [0.802,0.954]
  len 8: 5/156 = 0.032 [0.014,0.073]
  len 9: 0/386 = 0.000 [0.000,0.010]
  len 12: 0/3 = 0.000 [0.000,0.562]
  written hist {7: 1090, 8: 80}
  pruned hist {7: 1126, 8: 44}
  frontier written 8 pruned 8
  reasons [('rule check failed: IMPE', 4287), ('rule check failed: ANDI', 2335), ('rule check failed: IMPI', 2149), ('bad line cite', 1460), ('rule check failed: ORI2', 1089), ('rule check failed: NEGE', 1073)]
[p2/ei_reductio_f0_s5_t2_ivS r5] targets (cumulative 160 attempts) SOLVED 60/606 = 0.099 [0.078,0.125]
  len 7: 55/61 = 0.902 [0.802,0.954]
  len 8: 5/156 = 0.032 [0.014,0.073]
  len 9: 0/386 = 0.000 [0.000,0.010]
  len 12: 0/3 = 0.000 [0.000,0.562]
  written hist {7: 1090, 8: 80}
  pruned hist {7: 1126, 8: 44}
  frontier written 8 pruned 8
  reasons []
[p2/ei_reductio_f0_s5_t2_ivS r5] transfer (this round, pass@32) SOLVED 29/300 = 0.097 [0.068,0.135]
  len 7: 26/30 = 0.867 [0.703,0.947]
  len 8: 3/75 = 0.040 [0.014,0.111]
  len 9: 0/195 = 0.000 [0.000,0.019]
  written hist {7: 500, 8: 8}
  pruned hist {7: 500, 8: 8}
  frontier written 8 pruned 8
  reasons [('rule check failed: IMPE', 2068), ('rule check failed: ANDI', 1108), ('rule check failed: IMPI', 993), ('bad line cite', 734), ('rule check failed: ORI2', 669), ('rule check failed: NEGE', 633)]
[p2/ei_reductio_f0_s5_t2_ivS r5] transfer (cumulative 160 attempts) SOLVED 29/300 = 0.097 [0.068,0.135]
  len 7: 26/30 = 0.867 [0.703,0.947]
  len 8: 3/75 = 0.040 [0.014,0.111]
  len 9: 0/195 = 0.000 [0.000,0.019]
  written hist {7: 500, 8: 8}
  pruned hist {7: 500, 8: 8}
  frontier written 8 pruned 8
  reasons []
[p2/ei_reductio_f0_s5_t2_ivS r5] transfer greedy SOLVED 26/300 = 0.087 [0.060,0.124]
  len 7: 25/30 = 0.833 [0.664,0.927]
  len 8: 1/75 = 0.013 [0.002,0.072]
  len 9: 0/195 = 0.000 [0.000,0.019]
  written hist {7: 25, 8: 1}
  pruned hist {7: 25, 8: 1}
  frontier written 7 pruned 7
  reasons [('rule check failed: IMPE', 61), ('rule check failed: ANDI', 37), ('rule check failed: IMPI', 31), ('bad line cite', 24), ('bad box cite', 21), ('rule check failed: ORI2', 18)]
[p2/ei_reductio_f0_s5_t2_ivS r5] heldout greedy SOLVED 4428/5000 = 0.886 [0.876,0.894]
  len 2: 998/1000 = 0.998 [0.993,0.999]
  len 3: 994/1000 = 0.994 [0.987,0.997]
  len 4: 966/1000 = 0.966 [0.953,0.976]
  len 5: 579/1000 = 0.579 [0.548,0.609]
  len 6: 891/1000 = 0.891 [0.870,0.909]
  written hist {2: 1039, 3: 982, 4: 1025, 5: 627, 6: 755}
  pruned hist {2: 1040, 3: 985, 4: 1028, 5: 623, 6: 752}
  frontier written 6 pruned 6
  reasons [('rule check failed: ANDI', 104), ('rule check failed: IMPE', 79), ('final formula is not the conclusion', 66), ('rule check failed: IMPI', 46), ('rule check failed: NEGI', 44), ('rule check failed: NEGE', 42)]
python3 train.py --data artifacts/p2/ei_reductio_f0_s5_t2_ivS/mix_5.jsonl --init ckpts/p2/ei_reductio_f0_s5_t2_ivS_r4t.pt --steps 600 --lr 0.0003 --min_lr 2.9999999999999997e-05 --warmup 50 --cap 0 --out ckpts/p2/ei_reductio_f0_s5_t2_ivS_r5.pt --seed 5005 --log_every 200
params 3210240 mode abs shift True
train records 20932 max len 425
step 200 loss 0.0590 lr 2.53e-04 17s
step 400 loss 0.0564 lr 1.09e-04 35s
step 600 loss 0.0529 lr 3.00e-05 50s
saved ckpts/p2/ei_reductio_f0_s5_t2_ivS_r5.pt
=== round 5 done in 242s; new proofs 1170; cum targets solved 60
[p2/ei_reductio_f0_s5_t2_ivS r6] targets (this round, pass@32) SOLVED 65/606 = 0.107 [0.085,0.134]
  len 7: 60/61 = 0.984 [0.913,0.997]
  len 8: 5/156 = 0.032 [0.014,0.073]
  len 9: 0/386 = 0.000 [0.000,0.010]
  len 12: 0/3 = 0.000 [0.000,0.562]
  written hist {7: 947, 8: 72}
  pruned hist {7: 981, 8: 38}
  frontier written 8 pruned 8
  reasons [('rule check failed: IMPE', 4446), ('rule check failed: ANDI', 2612), ('rule check failed: IMPI', 2526), ('bad line cite', 1347), ('rule check failed: ORI2', 1106), ('rule check failed: ANDE2', 845)]
[p2/ei_reductio_f0_s5_t2_ivS r6] targets (cumulative 192 attempts) SOLVED 65/606 = 0.107 [0.085,0.134]
  len 7: 60/61 = 0.984 [0.913,0.997]
  len 8: 5/156 = 0.032 [0.014,0.073]
  len 9: 0/386 = 0.000 [0.000,0.010]
  len 12: 0/3 = 0.000 [0.000,0.562]
  written hist {7: 1582, 8: 121}
  pruned hist {7: 1634, 8: 69}
  frontier written 8 pruned 8
  reasons []
[p2/ei_reductio_f0_s5_t2_ivS r6] transfer (this round, pass@32) SOLVED 32/300 = 0.107 [0.077,0.147]
  len 7: 30/30 = 1.000 [0.886,1.000]
  len 8: 2/75 = 0.027 [0.007,0.092]
  len 9: 0/195 = 0.000 [0.000,0.019]
  written hist {7: 458, 8: 14}
  pruned hist {7: 458, 8: 14}
  frontier written 8 pruned 8
  reasons [('rule check failed: IMPE', 2288), ('rule check failed: ANDI', 1208), ('rule check failed: IMPI', 1034), ('rule check failed: ORI2', 846), ('bad line cite', 714), ('rule check failed: NEGE', 508)]
[p2/ei_reductio_f0_s5_t2_ivS r6] transfer (cumulative 192 attempts) SOLVED 34/300 = 0.113 [0.082,0.154]
  len 7: 30/30 = 1.000 [0.886,1.000]
  len 8: 4/75 = 0.053 [0.021,0.129]
  len 9: 0/195 = 0.000 [0.000,0.019]
  written hist {7: 762, 8: 22}
  pruned hist {7: 762, 8: 22}
  frontier written 8 pruned 8
  reasons []
[p2/ei_reductio_f0_s5_t2_ivS r6] transfer greedy SOLVED 29/300 = 0.097 [0.068,0.135]
  len 7: 27/30 = 0.900 [0.744,0.965]
  len 8: 2/75 = 0.027 [0.007,0.092]
  len 9: 0/195 = 0.000 [0.000,0.019]
  written hist {7: 27, 8: 2}
  pruned hist {7: 27, 8: 2}
  frontier written 7 pruned 7
  reasons [('rule check failed: IMPE', 71), ('rule check failed: ANDI', 38), ('rule check failed: IMPI', 34), ('rule check failed: ORI2', 27), ('bad line cite', 20), ('bad box cite', 17)]
[p2/ei_reductio_f0_s5_t2_ivS r6] heldout greedy SOLVED 4429/5000 = 0.886 [0.877,0.894]
  len 2: 997/1000 = 0.997 [0.991,0.999]
  len 3: 991/1000 = 0.991 [0.983,0.995]
  len 4: 972/1000 = 0.972 [0.960,0.981]
  len 5: 586/1000 = 0.586 [0.555,0.616]
  len 6: 883/1000 = 0.883 [0.862,0.901]
  written hist {2: 1047, 3: 983, 4: 1026, 5: 622, 6: 751}
  pruned hist {2: 1047, 3: 983, 4: 1030, 5: 622, 6: 747}
  frontier written 6 pruned 6
  reasons [('rule check failed: ANDI', 112), ('rule check failed: IMPE', 99), ('rule check failed: NEGE', 43), ('final formula is not the conclusion', 41), ('rule check failed: IMPI', 38), ('rule check failed: DN', 33)]
python3 train.py --data artifacts/p2/ei_reductio_f0_s5_t2_ivS/mix_6.jsonl --init ckpts/p2/ei_reductio_f0_s5_t2_ivS_r5.pt --steps 600 --lr 0.0003 --min_lr 2.9999999999999997e-05 --warmup 50 --cap 0 --out ckpts/p2/ei_reductio_f0_s5_t2_ivS_r6.pt --seed 5006 --log_every 200
params 3210240 mode abs shift True
train records 21040 max len 524
step 200 loss 0.0573 lr 2.53e-04 17s
step 400 loss 0.0540 lr 1.09e-04 34s
step 600 loss 0.0559 lr 3.00e-05 49s
saved ckpts/p2/ei_reductio_f0_s5_t2_ivS_r6.pt
=== round 6 done in 263s; new proofs 533; cum targets solved 65
[p2/ei_reductio_f0_s5_t2_ivS r7] targets (this round, pass@32) SOLVED 72/606 = 0.119 [0.095,0.147]
  len 7: 60/61 = 0.984 [0.913,0.997]
  len 8: 10/156 = 0.064 [0.035,0.114]
  len 9: 2/386 = 0.005 [0.001,0.019]
  len 12: 0/3 = 0.000 [0.000,0.562]
  written hist {7: 864, 8: 110, 9: 7}
  pruned hist {7: 893, 8: 81, 9: 7}
  frontier written 9 pruned 9
  reasons [('rule check failed: IMPE', 4509), ('rule check failed: IMPI', 2629), ('rule check failed: ANDI', 2124), ('bad line cite', 1567), ('rule check failed: ORI2', 1073), ('rule check failed: ORI1', 1002)]
[p2/ei_reductio_f0_s5_t2_ivS r7] targets (cumulative 224 attempts) SOLVED 72/606 = 0.119 [0.095,0.147]
  len 7: 60/61 = 0.984 [0.913,0.997]
  len 8: 10/156 = 0.064 [0.035,0.114]
  len 9: 2/386 = 0.005 [0.001,0.019]
  len 12: 0/3 = 0.000 [0.000,0.562]
  written hist {7: 1809, 8: 177, 9: 7}
  pruned hist {7: 1868, 8: 118, 9: 7}
  frontier written 9 pruned 9
  reasons []
[p2/ei_reductio_f0_s5_t2_ivS r7] transfer (this round, pass@32) SOLVED 36/300 = 0.120 [0.088,0.162]
  len 7: 29/30 = 0.967 [0.833,0.994]
  len 8: 6/75 = 0.080 [0.037,0.164]
  len 9: 1/195 = 0.005 [0.001,0.028]
  written hist {7: 422, 8: 54, 9: 1}
  pruned hist {7: 422, 8: 54, 9: 1}
  frontier written 8 pruned 8
  reasons [('rule check failed: IMPE', 2305), ('rule check failed: IMPI', 1227), ('rule check failed: ANDI', 1163), ('rule check failed: ORI2', 812), ('bad line cite', 664), ('rule check failed: DN', 402)]
[p2/ei_reductio_f0_s5_t2_ivS r7] transfer (cumulative 224 attempts) SOLVED 38/300 = 0.127 [0.094,0.169]
  len 7: 30/30 = 1.000 [0.886,1.000]
  len 8: 7/75 = 0.093 [0.046,0.180]
  len 9: 1/195 = 0.005 [0.001,0.028]
  written hist {7: 879, 8: 63, 9: 1}
  pruned hist {7: 879, 8: 63, 9: 1}
  frontier written 8 pruned 8
  reasons []
[p2/ei_reductio_f0_s5_t2_ivS r7] transfer greedy SOLVED 30/300 = 0.100 [0.071,0.139]
  len 7: 27/30 = 0.900 [0.744,0.965]
  len 8: 3/75 = 0.040 [0.014,0.111]
  len 9: 0/195 = 0.000 [0.000,0.019]
  written hist {7: 27, 8: 3}
  pruned hist {7: 27, 8: 3}
  frontier written 7 pruned 7
  reasons [('rule check failed: IMPE', 71), ('rule check failed: IMPI', 40), ('rule check failed: ANDI', 36), ('rule check failed: ORI2', 23), ('bad line cite', 23), ('rule check failed: DN', 15)]
[p2/ei_reductio_f0_s5_t2_ivS r7] heldout greedy SOLVED 4432/5000 = 0.886 [0.877,0.895]
  len 2: 995/1000 = 0.995 [0.988,0.998]
  len 3: 992/1000 = 0.992 [0.984,0.996]
  len 4: 959/1000 = 0.959 [0.945,0.970]
  len 5: 598/1000 = 0.598 [0.567,0.628]
  len 6: 888/1000 = 0.888 [0.867,0.906]
  written hist {2: 1083, 3: 986, 4: 1010, 5: 594, 6: 759}
  pruned hist {2: 1084, 3: 986, 4: 1013, 5: 591, 6: 758}
  frontier written 6 pruned 6
  reasons [('rule check failed: ANDI', 98), ('rule check failed: IMPE', 72), ('rule check failed: NEGI', 55), ('final formula is not the conclusion', 50), ('rule check failed: IMPI', 44), ('rule check failed: NEGE', 32)]
python3 train.py --data artifacts/p2/ei_reductio_f0_s5_t2_ivS/mix_7.jsonl --init ckpts/p2/ei_reductio_f0_s5_t2_ivS_r6.pt --steps 600 --lr 0.0003 --min_lr 2.9999999999999997e-05 --warmup 50 --cap 0 --out ckpts/p2/ei_reductio_f0_s5_t2_ivS_r7.pt --seed 5007 --log_every 200
params 3210240 mode abs shift True
train records 21128 max len 516
step 200 loss 0.0514 lr 2.53e-04 17s
step 400 loss 0.0616 lr 1.09e-04 36s
step 600 loss 0.0557 lr 3.00e-05 54s
saved ckpts/p2/ei_reductio_f0_s5_t2_ivS_r7.pt
=== round 7 done in 294s; new proofs 290; cum targets solved 72
[p2/ei_reductio_f0_s5_t2_ivS r8] targets (this round, pass@32) SOLVED 91/606 = 0.150 [0.124,0.181]
  len 7: 60/61 = 0.984 [0.913,0.997]
  len 8: 22/156 = 0.141 [0.095,0.204]
  len 9: 9/386 = 0.023 [0.012,0.044]
  len 12: 0/3 = 0.000 [0.000,0.562]
  written hist {7: 1082, 8: 341, 9: 65}
  pruned hist {7: 1116, 8: 307, 9: 65}
  frontier written 9 pruned 9
  reasons [('rule check failed: IMPE', 4266), ('rule check failed: ANDI', 2287), ('rule check failed: IMPI', 2095), ('bad line cite', 1639), ('rule check failed: ORI2', 951), ('rule check failed: NEGE', 913)]
[p2/ei_reductio_f0_s5_t2_ivS r8] targets (cumulative 256 attempts) SOLVED 91/606 = 0.150 [0.124,0.181]
  len 7: 60/61 = 0.984 [0.913,0.997]
  len 8: 22/156 = 0.141 [0.095,0.204]
  len 9: 9/386 = 0.023 [0.012,0.044]
  len 12: 0/3 = 0.000 [0.000,0.562]
  written hist {7: 2017, 8: 443, 9: 68}
  pruned hist {7: 2084, 8: 376, 9: 68}
  frontier written 9 pruned 9
  reasons []
[p2/ei_reductio_f0_s5_t2_ivS r8] transfer (this round, pass@32) SOLVED 46/300 = 0.153 [0.117,0.198]
  len 7: 30/30 = 1.000 [0.886,1.000]
  len 8: 12/75 = 0.160 [0.094,0.259]
  len 9: 4/195 = 0.021 [0.008,0.052]
  written hist {7: 513, 8: 136, 9: 25}
  pruned hist {7: 513, 8: 136, 9: 25}
  frontier written 9 pruned 9
  reasons [('rule check failed: IMPE', 2157), ('rule check failed: ANDI', 1115), ('rule check failed: IMPI', 1005), ('bad line cite', 794), ('rule check failed: ORI2', 703), ('rule check failed: NEGE', 664)]
[p2/ei_reductio_f0_s5_t2_ivS r8] transfer (cumulative 256 attempts) SOLVED 46/300 = 0.153 [0.117,0.198]
  len 7: 30/30 = 1.000 [0.886,1.000]
  len 8: 12/75 = 0.160 [0.094,0.259]
  len 9: 4/195 = 0.021 [0.008,0.052]
  written hist {7: 1009, 8: 166, 9: 25}
  pruned hist {7: 1009, 8: 166, 9: 25}
  frontier written 9 pruned 9
  reasons []
[p2/ei_reductio_f0_s5_t2_ivS r8] transfer greedy SOLVED 39/300 = 0.130 [0.097,0.173]
  len 7: 30/30 = 1.000 [0.886,1.000]
  len 8: 7/75 = 0.093 [0.046,0.180]
  len 9: 2/195 = 0.010 [0.003,0.037]
  written hist {7: 30, 8: 7, 9: 2}
  pruned hist {7: 30, 8: 7, 9: 2}
  frontier written 8 pruned 8
  reasons [('rule check failed: IMPE', 70), ('rule check failed: IMPI', 36), ('rule check failed: ANDI', 31), ('rule check failed: ORI2', 28), ('bad line cite', 25), ('rule check failed: NEGE', 21)]
[p2/ei_reductio_f0_s5_t2_ivS r8] heldout greedy SOLVED 4398/5000 = 0.880 [0.870,0.888]
  len 2: 997/1000 = 0.997 [0.991,0.999]
  len 3: 995/1000 = 0.995 [0.988,0.998]
  len 4: 962/1000 = 0.962 [0.948,0.972]
  len 5: 564/1000 = 0.564 [0.533,0.594]
  len 6: 880/1000 = 0.880 [0.858,0.899]
  written hist {2: 1044, 3: 986, 4: 1011, 5: 600, 6: 757}
  pruned hist {2: 1045, 3: 987, 4: 1016, 5: 596, 6: 754}
  frontier written 6 pruned 6
  reasons [('rule check failed: ANDI', 114), ('rule check failed: IMPE', 89), ('rule check failed: IMPI', 56), ('final formula is not the conclusion', 44), ('parse: missing ) after ~', 38), ('rule check failed: NEGE', 34)]
python3 train.py --data artifacts/p2/ei_reductio_f0_s5_t2_ivS/mix_8.jsonl --init ckpts/p2/ei_reductio_f0_s5_t2_ivS_r7.pt --steps 600 --lr 0.0003 --min_lr 2.9999999999999997e-05 --warmup 50 --cap 0 --out ckpts/p2/ei_reductio_f0_s5_t2_ivS_r8.pt --seed 5008 --log_every 200
params 3210240 mode abs shift True
train records 21392 max len 493
step 200 loss 0.0576 lr 2.53e-04 18s
step 400 loss 0.0508 lr 1.09e-04 36s
step 600 loss 0.0532 lr 3.00e-05 54s
saved ckpts/p2/ei_reductio_f0_s5_t2_ivS_r8.pt
=== round 8 done in 294s; new proofs 535; cum targets solved 91
