[p2/ei_reductio_f0_s8_t2 r1] targets (this round, pass@32) SOLVED 0/606 = 0.000 [0.000,0.006]
  len 7: 0/61 = 0.000 [0.000,0.059]
  len 8: 0/156 = 0.000 [0.000,0.024]
  len 9: 0/386 = 0.000 [0.000,0.010]
  len 12: 0/3 = 0.000 [0.000,0.562]
  written hist {}
  pruned hist {}
  frontier written 0 pruned 0
  reasons [('rule check failed: IMPE', 5291), ('rule check failed: ANDI', 2779), ('rule check failed: IMPI', 2247), ('rule check failed: DN', 1659), ('rule check failed: ORI2', 1486), ('rule check failed: NEGE', 812)]
[p2/ei_reductio_f0_s8_t2 r1] targets (cumulative 32 attempts) SOLVED 0/606 = 0.000 [0.000,0.006]
  len 7: 0/61 = 0.000 [0.000,0.059]
  len 8: 0/156 = 0.000 [0.000,0.024]
  len 9: 0/386 = 0.000 [0.000,0.010]
  len 12: 0/3 = 0.000 [0.000,0.562]
  written hist {}
  pruned hist {}
  frontier written 0 pruned 0
  reasons []
[p2/ei_reductio_f0_s8_t2 r1] transfer (this round, pass@32) SOLVED 0/300 = 0.000 [0.000,0.013]
  len 7: 0/30 = 0.000 [0.000,0.114]
  len 8: 0/75 = 0.000 [0.000,0.049]
  len 9: 0/195 = 0.000 [0.000,0.019]
  written hist {}
  pruned hist {}
  frontier written 0 pruned 0
  reasons [('rule check failed: IMPE', 2826), ('rule check failed: ANDI', 1264), ('rule check failed: IMPI', 1155), ('rule check failed: ORI2', 646), ('rule check failed: DN', 640), ('rule check failed: NEGE', 447)]
[p2/ei_reductio_f0_s8_t2 r1] transfer (cumulative 32 attempts) SOLVED 0/300 = 0.000 [0.000,0.013]
  len 7: 0/30 = 0.000 [0.000,0.114]
  len 8: 0/75 = 0.000 [0.000,0.049]
  len 9: 0/195 = 0.000 [0.000,0.019]
  written hist {}
  pruned hist {}
  frontier written 0 pruned 0
  reasons []
[p2/ei_reductio_f0_s8_t2 r1] transfer greedy SOLVED 0/300 = 0.000 [0.000,0.013]
  len 7: 0/30 = 0.000 [0.000,0.114]
  len 8: 0/75 = 0.000 [0.000,0.049]
  len 9: 0/195 = 0.000 [0.000,0.019]
  written hist {}
  pruned hist {}
  frontier written 0 pruned 0
  reasons [('rule check failed: IMPE', 86), ('line index mismatch at position 3', 33), ('rule check failed: ANDI', 32), ('rule check failed: IMPI', 30), ('rule check failed: DN', 22), ('rule check failed: ORI2', 16)]
[p2/ei_reductio_f0_s8_t2 r1] heldout greedy SOLVED 4375/5000 = 0.875 [0.866,0.884]
  len 2: 998/1000 = 0.998 [0.993,0.999]
  len 3: 986/1000 = 0.986 [0.977,0.992]
  len 4: 960/1000 = 0.960 [0.946,0.970]
  len 5: 539/1000 = 0.539 [0.508,0.570]
  len 6: 892/1000 = 0.892 [0.871,0.910]
  written hist {2: 1040, 3: 981, 4: 996, 5: 590, 6: 767, 7: 1}
  pruned hist {2: 1042, 3: 980, 4: 999, 5: 589, 6: 765}
  frontier written 6 pruned 6
  reasons [('rule check failed: ANDI', 104), ('parse: missing ) after ~', 76), ('rule check failed: DN', 75), ('line index mismatch at position 3', 70), ('rule check failed: ORI2', 50), ('final formula is not the conclusion', 42)]
no accepted proofs: skipping training this round
=== round 1 done in 196s; new proofs 0; cum targets solved 0
[p2/ei_reductio_f0_s8_t2 r2] targets (this round, pass@32) SOLVED 0/606 = 0.000 [0.000,0.006]
  len 7: 0/61 = 0.000 [0.000,0.059]
  len 8: 0/156 = 0.000 [0.000,0.024]
  len 9: 0/386 = 0.000 [0.000,0.010]
  len 12: 0/3 = 0.000 [0.000,0.562]
  written hist {}
  pruned hist {}
  frontier written 0 pruned 0
  reasons [('rule check failed: IMPE', 5364), ('rule check failed: ANDI', 2809), ('rule check failed: IMPI', 2235), ('rule check failed: DN', 1623), ('rule check failed: ORI2', 1501), ('bad line cite', 814)]
[p2/ei_reductio_f0_s8_t2 r2] targets (cumulative 64 attempts) SOLVED 0/606 = 0.000 [0.000,0.006]
  len 7: 0/61 = 0.000 [0.000,0.059]
  len 8: 0/156 = 0.000 [0.000,0.024]
  len 9: 0/386 = 0.000 [0.000,0.010]
  len 12: 0/3 = 0.000 [0.000,0.562]
  written hist {}
  pruned hist {}
  frontier written 0 pruned 0
  reasons []
[p2/ei_reductio_f0_s8_t2 r2] transfer (this round, pass@32) SOLVED 0/300 = 0.000 [0.000,0.013]
  len 7: 0/30 = 0.000 [0.000,0.114]
  len 8: 0/75 = 0.000 [0.000,0.049]
  len 9: 0/195 = 0.000 [0.000,0.019]
  written hist {}
  pruned hist {}
  frontier written 0 pruned 0
  reasons [('rule check failed: IMPE', 2791), ('rule check failed: ANDI', 1281), ('rule check failed: IMPI', 1180), ('rule check failed: DN', 648), ('rule check failed: ORI2', 611), ('rule check failed: NEGE', 483)]
[p2/ei_reductio_f0_s8_t2 r2] transfer (cumulative 64 attempts) SOLVED 0/300 = 0.000 [0.000,0.013]
  len 7: 0/30 = 0.000 [0.000,0.114]
  len 8: 0/75 = 0.000 [0.000,0.049]
  len 9: 0/195 = 0.000 [0.000,0.019]
  written hist {}
  pruned hist {}
  frontier written 0 pruned 0
  reasons []
[p2/ei_reductio_f0_s8_t2 r2] transfer greedy SOLVED 0/300 = 0.000 [0.000,0.013]
  len 7: 0/30 = 0.000 [0.000,0.114]
  len 8: 0/75 = 0.000 [0.000,0.049]
  len 9: 0/195 = 0.000 [0.000,0.019]
  written hist {}
  pruned hist {}
  frontier written 0 pruned 0
  reasons [('rule check failed: IMPE', 86), ('line index mismatch at position 3', 33), ('rule check failed: ANDI', 32), ('rule check failed: IMPI', 30), ('rule check failed: DN', 22), ('rule check failed: ORI2', 16)]
[p2/ei_reductio_f0_s8_t2 r2] heldout greedy SOLVED 4375/5000 = 0.875 [0.866,0.884]
  len 2: 998/1000 = 0.998 [0.993,0.999]
  len 3: 986/1000 = 0.986 [0.977,0.992]
  len 4: 960/1000 = 0.960 [0.946,0.970]
  len 5: 539/1000 = 0.539 [0.508,0.570]
  len 6: 892/1000 = 0.892 [0.871,0.910]
  written hist {2: 1040, 3: 981, 4: 996, 5: 590, 6: 767, 7: 1}
  pruned hist {2: 1042, 3: 980, 4: 999, 5: 589, 6: 765}
  frontier written 6 pruned 6
  reasons [('rule check failed: ANDI', 104), ('parse: missing ) after ~', 76), ('rule check failed: DN', 75), ('line index mismatch at position 3', 70), ('rule check failed: ORI2', 50), ('final formula is not the conclusion', 42)]
no accepted proofs: skipping training this round
=== round 2 done in 244s; new proofs 0; cum targets solved 0
[p2/ei_reductio_f0_s8_t2 r3] targets (this round, pass@32) SOLVED 0/606 = 0.000 [0.000,0.006]
  len 7: 0/61 = 0.000 [0.000,0.059]
  len 8: 0/156 = 0.000 [0.000,0.024]
  len 9: 0/386 = 0.000 [0.000,0.010]
  len 12: 0/3 = 0.000 [0.000,0.562]
  written hist {}
  pruned hist {}
  frontier written 0 pruned 0
  reasons [('rule check failed: IMPE', 5376), ('rule check failed: ANDI', 2782), ('rule check failed: IMPI', 2261), ('rule check failed: DN', 1613), ('rule check failed: ORI2', 1515), ('rule check failed: NEGE', 855)]
[p2/ei_reductio_f0_s8_t2 r3] targets (cumulative 96 attempts) SOLVED 0/606 = 0.000 [0.000,0.006]
  len 7: 0/61 = 0.000 [0.000,0.059]
  len 8: 0/156 = 0.000 [0.000,0.024]
  len 9: 0/386 = 0.000 [0.000,0.010]
  len 12: 0/3 = 0.000 [0.000,0.562]
  written hist {}
  pruned hist {}
  frontier written 0 pruned 0
  reasons []
[p2/ei_reductio_f0_s8_t2 r3] transfer (this round, pass@32) SOLVED 0/300 = 0.000 [0.000,0.013]
  len 7: 0/30 = 0.000 [0.000,0.114]
  len 8: 0/75 = 0.000 [0.000,0.049]
  len 9: 0/195 = 0.000 [0.000,0.019]
  written hist {}
  pruned hist {}
  frontier written 0 pruned 0
  reasons [('rule check failed: IMPE', 2792), ('rule check failed: ANDI', 1312), ('rule check failed: IMPI', 1164), ('rule check failed: DN', 684), ('rule check failed: ORI2', 648), ('rule check failed: NEGE', 486)]
[p2/ei_reductio_f0_s8_t2 r3] transfer (cumulative 96 attempts) SOLVED 0/300 = 0.000 [0.000,0.013]
  len 7: 0/30 = 0.000 [0.000,0.114]
  len 8: 0/75 = 0.000 [0.000,0.049]
  len 9: 0/195 = 0.000 [0.000,0.019]
  written hist {}
  pruned hist {}
  frontier written 0 pruned 0
  reasons []
[p2/ei_reductio_f0_s8_t2 r3] transfer greedy SOLVED 0/300 = 0.000 [0.000,0.013]
  len 7: 0/30 = 0.000 [0.000,0.114]
  len 8: 0/75 = 0.000 [0.000,0.049]
  len 9: 0/195 = 0.000 [0.000,0.019]
  written hist {}
  pruned hist {}
  frontier written 0 pruned 0
  reasons [('rule check failed: IMPE', 86), ('line index mismatch at position 3', 33), ('rule check failed: ANDI', 32), ('rule check failed: IMPI', 30), ('rule check failed: DN', 22), ('rule check failed: ORI2', 16)]
[p2/ei_reductio_f0_s8_t2 r3] heldout greedy SOLVED 4375/5000 = 0.875 [0.866,0.884]
  len 2: 998/1000 = 0.998 [0.993,0.999]
  len 3: 986/1000 = 0.986 [0.977,0.992]
  len 4: 960/1000 = 0.960 [0.946,0.970]
  len 5: 539/1000 = 0.539 [0.508,0.570]
  len 6: 892/1000 = 0.892 [0.871,0.910]
  written hist {2: 1040, 3: 981, 4: 996, 5: 590, 6: 767, 7: 1}
  pruned hist {2: 1042, 3: 980, 4: 999, 5: 589, 6: 765}
  frontier written 6 pruned 6
  reasons [('rule check failed: ANDI', 104), ('parse: missing ) after ~', 76), ('rule check failed: DN', 75), ('line index mismatch at position 3', 70), ('rule check failed: ORI2', 50), ('final formula is not the conclusion', 42)]
no accepted proofs: skipping training this round
=== round 3 done in 219s; new proofs 0; cum targets solved 0
[p2/ei_reductio_f0_s8_t2 r4] targets (this round, pass@32) SOLVED 0/606 = 0.000 [0.000,0.006]
  len 7: 0/61 = 0.000 [0.000,0.059]
  len 8: 0/156 = 0.000 [0.000,0.024]
  len 9: 0/386 = 0.000 [0.000,0.010]
  len 12: 0/3 = 0.000 [0.000,0.562]
  written hist {}
  pruned hist {}
  frontier written 0 pruned 0
  reasons [('rule check failed: IMPE', 5244), ('rule check failed: ANDI', 2782), ('rule check failed: IMPI', 2267), ('rule check failed: DN', 1648), ('rule check failed: ORI2', 1512), ('rule check failed: NEGE', 822)]
[p2/ei_reductio_f0_s8_t2 r4] targets (cumulative 128 attempts) SOLVED 0/606 = 0.000 [0.000,0.006]
  len 7: 0/61 = 0.000 [0.000,0.059]
  len 8: 0/156 = 0.000 [0.000,0.024]
  len 9: 0/386 = 0.000 [0.000,0.010]
  len 12: 0/3 = 0.000 [0.000,0.562]
  written hist {}
  pruned hist {}
  frontier written 0 pruned 0
  reasons []
[p2/ei_reductio_f0_s8_t2 r4] transfer (this round, pass@32) SOLVED 0/300 = 0.000 [0.000,0.013]
  len 7: 0/30 = 0.000 [0.000,0.114]
  len 8: 0/75 = 0.000 [0.000,0.049]
  len 9: 0/195 = 0.000 [0.000,0.019]
  written hist {}
  pruned hist {}
  frontier written 0 pruned 0
  reasons [('rule check failed: IMPE', 2742), ('rule check failed: ANDI', 1315), ('rule check failed: IMPI', 1169), ('rule check failed: DN', 669), ('rule check failed: ORI2', 647), ('rule check failed: NEGE', 450)]
[p2/ei_reductio_f0_s8_t2 r4] transfer (cumulative 128 attempts) SOLVED 0/300 = 0.000 [0.000,0.013]
  len 7: 0/30 = 0.000 [0.000,0.114]
  len 8: 0/75 = 0.000 [0.000,0.049]
  len 9: 0/195 = 0.000 [0.000,0.019]
  written hist {}
  pruned hist {}
  frontier written 0 pruned 0
  reasons []
[p2/ei_reductio_f0_s8_t2 r4] transfer greedy SOLVED 0/300 = 0.000 [0.000,0.013]
  len 7: 0/30 = 0.000 [0.000,0.114]
  len 8: 0/75 = 0.000 [0.000,0.049]
  len 9: 0/195 = 0.000 [0.000,0.019]
  written hist {}
  pruned hist {}
  frontier written 0 pruned 0
  reasons [('rule check failed: IMPE', 86), ('line index mismatch at position 3', 33), ('rule check failed: ANDI', 32), ('rule check failed: IMPI', 30), ('rule check failed: DN', 22), ('rule check failed: ORI2', 16)]
[p2/ei_reductio_f0_s8_t2 r4] heldout greedy SOLVED 4375/5000 = 0.875 [0.866,0.884]
  len 2: 998/1000 = 0.998 [0.993,0.999]
  len 3: 986/1000 = 0.986 [0.977,0.992]
  len 4: 960/1000 = 0.960 [0.946,0.970]
  len 5: 539/1000 = 0.539 [0.508,0.570]
  len 6: 892/1000 = 0.892 [0.871,0.910]
  written hist {2: 1040, 3: 981, 4: 996, 5: 590, 6: 767, 7: 1}
  pruned hist {2: 1042, 3: 980, 4: 999, 5: 589, 6: 765}
  frontier written 6 pruned 6
  reasons [('rule check failed: ANDI', 104), ('parse: missing ) after ~', 76), ('rule check failed: DN', 75), ('line index mismatch at position 3', 70), ('rule check failed: ORI2', 50), ('final formula is not the conclusion', 42)]
no accepted proofs: skipping training this round
=== round 4 done in 266s; new proofs 0; cum targets solved 0
[p2/ei_reductio_f0_s8_t2 r5] targets (this round, pass@32) SOLVED 0/606 = 0.000 [0.000,0.006]
  len 7: 0/61 = 0.000 [0.000,0.059]
  len 8: 0/156 = 0.000 [0.000,0.024]
  len 9: 0/386 = 0.000 [0.000,0.010]
  len 12: 0/3 = 0.000 [0.000,0.562]
  written hist {}
  pruned hist {}
  frontier written 0 pruned 0
  reasons [('rule check failed: IMPE', 5335), ('rule check failed: ANDI', 2800), ('rule check failed: IMPI', 2245), ('rule check failed: DN', 1581), ('rule check failed: ORI2', 1467), ('rule check failed: NEGE', 823)]
[p2/ei_reductio_f0_s8_t2 r5] targets (cumulative 160 attempts) SOLVED 0/606 = 0.000 [0.000,0.006]
  len 7: 0/61 = 0.000 [0.000,0.059]
  len 8: 0/156 = 0.000 [0.000,0.024]
  len 9: 0/386 = 0.000 [0.000,0.010]
  len 12: 0/3 = 0.000 [0.000,0.562]
  written hist {}
  pruned hist {}
  frontier written 0 pruned 0
  reasons []
[p2/ei_reductio_f0_s8_t2 r5] transfer (this round, pass@32) SOLVED 0/300 = 0.000 [0.000,0.013]
  len 7: 0/30 = 0.000 [0.000,0.114]
  len 8: 0/75 = 0.000 [0.000,0.049]
  len 9: 0/195 = 0.000 [0.000,0.019]
  written hist {}
  pruned hist {}
  frontier written 0 pruned 0
  reasons [('rule check failed: IMPE', 2791), ('rule check failed: ANDI', 1276), ('rule check failed: IMPI', 1180), ('rule check failed: DN', 644), ('rule check failed: ORI2', 607), ('rule check failed: NEGE', 467)]
[p2/ei_reductio_f0_s8_t2 r5] transfer (cumulative 160 attempts) SOLVED 0/300 = 0.000 [0.000,0.013]
  len 7: 0/30 = 0.000 [0.000,0.114]
  len 8: 0/75 = 0.000 [0.000,0.049]
  len 9: 0/195 = 0.000 [0.000,0.019]
  written hist {}
  pruned hist {}
  frontier written 0 pruned 0
  reasons []
[p2/ei_reductio_f0_s8_t2 r5] transfer greedy SOLVED 0/300 = 0.000 [0.000,0.013]
  len 7: 0/30 = 0.000 [0.000,0.114]
  len 8: 0/75 = 0.000 [0.000,0.049]
  len 9: 0/195 = 0.000 [0.000,0.019]
  written hist {}
  pruned hist {}
  frontier written 0 pruned 0
  reasons [('rule check failed: IMPE', 86), ('line index mismatch at position 3', 33), ('rule check failed: ANDI', 32), ('rule check failed: IMPI', 30), ('rule check failed: DN', 22), ('rule check failed: ORI2', 16)]
[p2/ei_reductio_f0_s8_t2 r5] heldout greedy SOLVED 4375/5000 = 0.875 [0.866,0.884]
  len 2: 998/1000 = 0.998 [0.993,0.999]
  len 3: 986/1000 = 0.986 [0.977,0.992]
  len 4: 960/1000 = 0.960 [0.946,0.970]
  len 5: 539/1000 = 0.539 [0.508,0.570]
  len 6: 892/1000 = 0.892 [0.871,0.910]
  written hist {2: 1040, 3: 981, 4: 996, 5: 590, 6: 767, 7: 1}
  pruned hist {2: 1042, 3: 980, 4: 999, 5: 589, 6: 765}
  frontier written 6 pruned 6
  reasons [('rule check failed: ANDI', 104), ('parse: missing ) after ~', 76), ('rule check failed: DN', 75), ('line index mismatch at position 3', 70), ('rule check failed: ORI2', 50), ('final formula is not the conclusion', 42)]
no accepted proofs: skipping training this round
=== round 5 done in 249s; new proofs 0; cum targets solved 0
[p2/ei_reductio_f0_s8_t2 r6] targets (this round, pass@32) SOLVED 0/606 = 0.000 [0.000,0.006]
  len 7: 0/61 = 0.000 [0.000,0.059]
  len 8: 0/156 = 0.000 [0.000,0.024]
  len 9: 0/386 = 0.000 [0.000,0.010]
  len 12: 0/3 = 0.000 [0.000,0.562]
  written hist {}
  pruned hist {}
  frontier written 0 pruned 0
  reasons [('rule check failed: IMPE', 5336), ('rule check failed: ANDI', 2818), ('rule check failed: IMPI', 2254), ('rule check failed: DN', 1629), ('rule check failed: ORI2', 1491), ('rule check failed: NEGE', 835)]
[p2/ei_reductio_f0_s8_t2 r6] targets (cumulative 192 attempts) SOLVED 0/606 = 0.000 [0.000,0.006]
  len 7: 0/61 = 0.000 [0.000,0.059]
  len 8: 0/156 = 0.000 [0.000,0.024]
  len 9: 0/386 = 0.000 [0.000,0.010]
  len 12: 0/3 = 0.000 [0.000,0.562]
  written hist {}
  pruned hist {}
  frontier written 0 pruned 0
  reasons []
[p2/ei_reductio_f0_s8_t2 r6] transfer (this round, pass@32) SOLVED 0/300 = 0.000 [0.000,0.013]
  len 7: 0/30 = 0.000 [0.000,0.114]
  len 8: 0/75 = 0.000 [0.000,0.049]
  len 9: 0/195 = 0.000 [0.000,0.019]
  written hist {}
  pruned hist {}
  frontier written 0 pruned 0
  reasons [('rule check failed: IMPE', 2842), ('rule check failed: ANDI', 1281), ('rule check failed: IMPI', 1158), ('rule check failed: DN', 691), ('rule check failed: ORI2', 633), ('rule check failed: NEGE', 473)]
[p2/ei_reductio_f0_s8_t2 r6] transfer (cumulative 192 attempts) SOLVED 0/300 = 0.000 [0.000,0.013]
  len 7: 0/30 = 0.000 [0.000,0.114]
  len 8: 0/75 = 0.000 [0.000,0.049]
  len 9: 0/195 = 0.000 [0.000,0.019]
  written hist {}
  pruned hist {}
  frontier written 0 pruned 0
  reasons []
[p2/ei_reductio_f0_s8_t2 r6] transfer greedy SOLVED 0/300 = 0.000 [0.000,0.013]
  len 7: 0/30 = 0.000 [0.000,0.114]
  len 8: 0/75 = 0.000 [0.000,0.049]
  len 9: 0/195 = 0.000 [0.000,0.019]
  written hist {}
  pruned hist {}
  frontier written 0 pruned 0
  reasons [('rule check failed: IMPE', 86), ('line index mismatch at position 3', 33), ('rule check failed: ANDI', 32), ('rule check failed: IMPI', 30), ('rule check failed: DN', 22), ('rule check failed: ORI2', 16)]
[p2/ei_reductio_f0_s8_t2 r6] heldout greedy SOLVED 4375/5000 = 0.875 [0.866,0.884]
  len 2: 998/1000 = 0.998 [0.993,0.999]
  len 3: 986/1000 = 0.986 [0.977,0.992]
  len 4: 960/1000 = 0.960 [0.946,0.970]
  len 5: 539/1000 = 0.539 [0.508,0.570]
  len 6: 892/1000 = 0.892 [0.871,0.910]
  written hist {2: 1040, 3: 981, 4: 996, 5: 590, 6: 767, 7: 1}
  pruned hist {2: 1042, 3: 980, 4: 999, 5: 589, 6: 765}
  frontier written 6 pruned 6
  reasons [('rule check failed: ANDI', 104), ('parse: missing ) after ~', 76), ('rule check failed: DN', 75), ('line index mismatch at position 3', 70), ('rule check failed: ORI2', 50), ('final formula is not the conclusion', 42)]
no accepted proofs: skipping training this round
=== round 6 done in 211s; new proofs 0; cum targets solved 0
[p2/ei_reductio_f0_s8_t2 r7] targets (this round, pass@32) SOLVED 0/606 = 0.000 [0.000,0.006]
  len 7: 0/61 = 0.000 [0.000,0.059]
  len 8: 0/156 = 0.000 [0.000,0.024]
  len 9: 0/386 = 0.000 [0.000,0.010]
  len 12: 0/3 = 0.000 [0.000,0.562]
  written hist {}
  pruned hist {}
  frontier written 0 pruned 0
  reasons [('rule check failed: IMPE', 5333), ('rule check failed: ANDI', 2841), ('rule check failed: IMPI', 2234), ('rule check failed: DN', 1645), ('rule check failed: ORI2', 1494), ('rule check failed: NEGE', 815)]
[p2/ei_reductio_f0_s8_t2 r7] targets (cumulative 224 attempts) SOLVED 0/606 = 0.000 [0.000,0.006]
  len 7: 0/61 = 0.000 [0.000,0.059]
  len 8: 0/156 = 0.000 [0.000,0.024]
  len 9: 0/386 = 0.000 [0.000,0.010]
  len 12: 0/3 = 0.000 [0.000,0.562]
  written hist {}
  pruned hist {}
  frontier written 0 pruned 0
  reasons []
[p2/ei_reductio_f0_s8_t2 r7] transfer (this round, pass@32) SOLVED 0/300 = 0.000 [0.000,0.013]
  len 7: 0/30 = 0.000 [0.000,0.114]
  len 8: 0/75 = 0.000 [0.000,0.049]
  len 9: 0/195 = 0.000 [0.000,0.019]
  written hist {}
  pruned hist {}
  frontier written 0 pruned 0
  reasons [('rule check failed: IMPE', 2774), ('rule check failed: ANDI', 1277), ('rule check failed: IMPI', 1174), ('rule check failed: DN', 660), ('rule check failed: ORI2', 655), ('rule check failed: NEGE', 450)]
[p2/ei_reductio_f0_s8_t2 r7] transfer (cumulative 224 attempts) SOLVED 0/300 = 0.000 [0.000,0.013]
  len 7: 0/30 = 0.000 [0.000,0.114]
  len 8: 0/75 = 0.000 [0.000,0.049]
  len 9: 0/195 = 0.000 [0.000,0.019]
  written hist {}
  pruned hist {}
  frontier written 0 pruned 0
  reasons []
[p2/ei_reductio_f0_s8_t2 r7] transfer greedy SOLVED 0/300 = 0.000 [0.000,0.013]
  len 7: 0/30 = 0.000 [0.000,0.114]
  len 8: 0/75 = 0.000 [0.000,0.049]
  len 9: 0/195 = 0.000 [0.000,0.019]
  written hist {}
  pruned hist {}
  frontier written 0 pruned 0
  reasons [('rule check failed: IMPE', 86), ('line index mismatch at position 3', 33), ('rule check failed: ANDI', 32), ('rule check failed: IMPI', 30), ('rule check failed: DN', 22), ('rule check failed: ORI2', 16)]
[p2/ei_reductio_f0_s8_t2 r7] heldout greedy SOLVED 4375/5000 = 0.875 [0.866,0.884]
  len 2: 998/1000 = 0.998 [0.993,0.999]
  len 3: 986/1000 = 0.986 [0.977,0.992]
  len 4: 960/1000 = 0.960 [0.946,0.970]
  len 5: 539/1000 = 0.539 [0.508,0.570]
  len 6: 892/1000 = 0.892 [0.871,0.910]
  written hist {2: 1040, 3: 981, 4: 996, 5: 590, 6: 767, 7: 1}
  pruned hist {2: 1042, 3: 980, 4: 999, 5: 589, 6: 765}
  frontier written 6 pruned 6
  reasons [('rule check failed: ANDI', 104), ('parse: missing ) after ~', 76), ('rule check failed: DN', 75), ('line index mismatch at position 3', 70), ('rule check failed: ORI2', 50), ('final formula is not the conclusion', 42)]
no accepted proofs: skipping training this round
=== round 7 done in 197s; new proofs 0; cum targets solved 0
[p2/ei_reductio_f0_s8_t2 r8] targets (this round, pass@32) SOLVED 0/606 = 0.000 [0.000,0.006]
  len 7: 0/61 = 0.000 [0.000,0.059]
  len 8: 0/156 = 0.000 [0.000,0.024]
  len 9: 0/386 = 0.000 [0.000,0.010]
  len 12: 0/3 = 0.000 [0.000,0.562]
  written hist {}
  pruned hist {}
  frontier written 0 pruned 0
  reasons [('rule check failed: IMPE', 5261), ('rule check failed: ANDI', 2787), ('rule check failed: IMPI', 2265), ('rule check failed: DN', 1659), ('rule check failed: ORI2', 1520), ('bad line cite', 835)]
[p2/ei_reductio_f0_s8_t2 r8] targets (cumulative 256 attempts) SOLVED 0/606 = 0.000 [0.000,0.006]
  len 7: 0/61 = 0.000 [0.000,0.059]
  len 8: 0/156 = 0.000 [0.000,0.024]
  len 9: 0/386 = 0.000 [0.000,0.010]
  len 12: 0/3 = 0.000 [0.000,0.562]
  written hist {}
  pruned hist {}
  frontier written 0 pruned 0
  reasons []
[p2/ei_reductio_f0_s8_t2 r8] transfer (this round, pass@32) SOLVED 0/300 = 0.000 [0.000,0.013]
  len 7: 0/30 = 0.000 [0.000,0.114]
  len 8: 0/75 = 0.000 [0.000,0.049]
  len 9: 0/195 = 0.000 [0.000,0.019]
  written hist {}
  pruned hist {}
  frontier written 0 pruned 0
  reasons [('rule check failed: IMPE', 2784), ('rule check failed: ANDI', 1297), ('rule check failed: IMPI', 1162), ('rule check failed: DN', 664), ('rule check failed: ORI2', 619), ('rule check failed: NEGE', 461)]
[p2/ei_reductio_f0_s8_t2 r8] transfer (cumulative 256 attempts) SOLVED 0/300 = 0.000 [0.000,0.013]
  len 7: 0/30 = 0.000 [0.000,0.114]
  len 8: 0/75 = 0.000 [0.000,0.049]
  len 9: 0/195 = 0.000 [0.000,0.019]
  written hist {}
  pruned hist {}
  frontier written 0 pruned 0
  reasons []
[p2/ei_reductio_f0_s8_t2 r8] transfer greedy SOLVED 0/300 = 0.000 [0.000,0.013]
  len 7: 0/30 = 0.000 [0.000,0.114]
  len 8: 0/75 = 0.000 [0.000,0.049]
  len 9: 0/195 = 0.000 [0.000,0.019]
  written hist {}
  pruned hist {}
  frontier written 0 pruned 0
  reasons [('rule check failed: IMPE', 86), ('line index mismatch at position 3', 33), ('rule check failed: ANDI', 32), ('rule check failed: IMPI', 30), ('rule check failed: DN', 22), ('rule check failed: ORI2', 16)]
[p2/ei_reductio_f0_s8_t2 r8] heldout greedy SOLVED 4375/5000 = 0.875 [0.866,0.884]
  len 2: 998/1000 = 0.998 [0.993,0.999]
  len 3: 986/1000 = 0.986 [0.977,0.992]
  len 4: 960/1000 = 0.960 [0.946,0.970]
  len 5: 539/1000 = 0.539 [0.508,0.570]
  len 6: 892/1000 = 0.892 [0.871,0.910]
  written hist {2: 1040, 3: 981, 4: 996, 5: 590, 6: 767, 7: 1}
  pruned hist {2: 1042, 3: 980, 4: 999, 5: 589, 6: 765}
  frontier written 6 pruned 6
  reasons [('rule check failed: ANDI', 104), ('parse: missing ) after ~', 76), ('rule check failed: DN', 75), ('line index mismatch at position 3', 70), ('rule check failed: ORI2', 50), ('final formula is not the conclusion', 42)]
no accepted proofs: skipping training this round
=== round 8 done in 246s; new proofs 0; cum targets solved 0
