mix artifacts/p2/ei_depth3_f0_a1_s3_ivS_mix.jsonl: own proofs 916 (233 theorems), sibling proofs 1956 (519 theorems), retained 20000
python3 train.py --data artifacts/p2/ei_depth3_f0_a1_s3_ivS_mix.jsonl --init ckpts/p2/ei_depth3_f0_a1_s3_r4.pt --steps 600 --lr 3e-4 --min_lr 3e-5 --warmup 50 --cap 0 --out ckpts/p2/ei_depth3_f0_a1_s3_ivS_r4t.pt --seed 3004 --log_every 200
params 3210240 mode abs shift True
train records 31488 max len 371
step 200 loss 0.0428 lr 2.53e-04 24s
step 400 loss 0.0403 lr 1.09e-04 46s
step 600 loss 0.0408 lr 3.00e-05 63s
saved ckpts/p2/ei_depth3_f0_a1_s3_ivS_r4t.pt
resumed 8476 target proofs, 4084 transfer proofs
[p2/ei_depth3_f0_a1_s3_ivS r5] targets (this round, pass@32) SOLVED 612/1000 = 0.612 [0.581,0.642]
  len 7: 158/166 = 0.952 [0.908,0.975]
  len 8: 124/166 = 0.747 [0.676,0.807]
  len 9: 43/166 = 0.259 [0.198,0.331]
  len 10: 85/166 = 0.512 [0.437,0.587]
  len 11: 100/166 = 0.602 [0.526,0.674]
  len 12: 102/170 = 0.600 [0.525,0.671]
  written hist {7: 6378, 8: 1188, 9: 73}
  pruned hist {5: 36, 6: 3738, 7: 2871, 8: 923, 9: 71}
  frontier written 9 pruned 9
  reasons [('rule check failed: ANDI', 2366), ('rule check failed: NEGE', 1728), ('rule check failed: DN', 1337), ('rule check failed: R', 1330), ('rule check failed: ORI1', 1273), ('line index mismatch at position 8', 1144)]
[p2/ei_depth3_f0_a1_s3_ivS r5] targets (cumulative 160 attempts) SOLVED 612/1000 = 0.612 [0.581,0.642]
  len 7: 158/166 = 0.952 [0.908,0.975]
  len 8: 124/166 = 0.747 [0.676,0.807]
  len 9: 43/166 = 0.259 [0.198,0.331]
  len 10: 85/166 = 0.512 [0.437,0.587]
  len 11: 100/166 = 0.602 [0.526,0.674]
  len 12: 102/170 = 0.600 [0.525,0.671]
  written hist {7: 11828, 8: 1269, 9: 73}
  pruned hist {5: 90, 6: 8724, 7: 3362, 8: 923, 9: 71}
  frontier written 9 pruned 9
  reasons []
[p2/ei_depth3_f0_a1_s3_ivS r5] transfer (this round, pass@32) SOLVED 307/500 = 0.614 [0.571,0.656]
  len 7: 73/83 = 0.880 [0.792,0.933]
  len 8: 67/83 = 0.807 [0.710,0.878]
  len 9: 26/83 = 0.313 [0.224,0.419]
  len 10: 46/83 = 0.554 [0.447,0.656]
  len 11: 44/83 = 0.530 [0.424,0.634]
  len 12: 51/85 = 0.600 [0.494,0.698]
  written hist {7: 2940, 8: 531, 9: 80}
  pruned hist {5: 26, 6: 1694, 7: 1330, 8: 429, 9: 72}
  frontier written 9 pruned 9
  reasons [('rule check failed: ANDI', 1044), ('rule check failed: R', 967), ('rule check failed: ORI1', 953), ('rule check failed: NEGE', 847), ('rule check failed: DN', 767), ('rule check failed: IMPE', 666)]
[p2/ei_depth3_f0_a1_s3_ivS r5] transfer (cumulative 160 attempts) SOLVED 313/500 = 0.626 [0.583,0.667]
  len 7: 73/83 = 0.880 [0.792,0.933]
  len 8: 67/83 = 0.807 [0.710,0.878]
  len 9: 27/83 = 0.325 [0.234,0.432]
  len 10: 46/83 = 0.554 [0.447,0.656]
  len 11: 44/83 = 0.530 [0.424,0.634]
  len 12: 56/85 = 0.659 [0.553,0.751]
  written hist {7: 5539, 8: 560, 9: 80}
  pruned hist {5: 42, 6: 3930, 7: 1698, 8: 437, 9: 72}
  frontier written 9 pruned 9
  reasons []
[p2/ei_depth3_f0_a1_s3_ivS r5] transfer greedy SOLVED 253/500 = 0.506 [0.462,0.550]
  len 7: 70/83 = 0.843 [0.750,0.906]
  len 8: 55/83 = 0.663 [0.556,0.755]
  len 9: 10/83 = 0.120 [0.067,0.208]
  len 10: 36/83 = 0.434 [0.332,0.541]
  len 11: 38/83 = 0.458 [0.355,0.565]
  len 12: 44/85 = 0.518 [0.413,0.621]
  written hist {7: 203, 8: 50}
  pruned hist {5: 1, 6: 105, 7: 105, 8: 42}
  frontier written 8 pruned 8
  reasons [('rule check failed: ANDI', 34), ('rule check failed: ORI1', 29), ('rule check failed: R', 28), ('rule check failed: DN', 23), ('rule check failed: NEGE', 21), ('rule check failed: ORI2', 19)]
[p2/ei_depth3_f0_a1_s3_ivS r5] heldout greedy SOLVED 4629/5000 = 0.926 [0.918,0.933]
  len 2: 1000/1000 = 1.000 [0.996,1.000]
  len 3: 986/1000 = 0.986 [0.977,0.992]
  len 4: 968/1000 = 0.968 [0.955,0.977]
  len 5: 950/1000 = 0.950 [0.935,0.962]
  len 6: 725/1000 = 0.725 [0.697,0.752]
  written hist {2: 1023, 3: 973, 4: 944, 5: 974, 6: 661, 7: 54}
  pruned hist {2: 1024, 3: 973, 4: 950, 5: 971, 6: 657, 7: 54}
  frontier written 7 pruned 7
  reasons [('rule check failed: DN', 114), ('rule check failed: ANDI', 49), ('rule check failed: ORI2', 29), ('rule check failed: ORI1', 26), ('rule check failed: ANDE2', 22), ('bad box cite', 22)]
python3 train.py --data artifacts/p2/ei_depth3_f0_a1_s3_ivS/mix_5.jsonl --init ckpts/p2/ei_depth3_f0_a1_s3_ivS_r4t.pt --steps 600 --lr 0.0003 --min_lr 2.9999999999999997e-05 --warmup 50 --cap 0 --out ckpts/p2/ei_depth3_f0_a1_s3_ivS_r5.pt --seed 3005 --log_every 200
params 3210240 mode abs shift True
train records 29608 max len 422
step 200 loss 0.0401 lr 2.53e-04 21s
step 400 loss 0.0383 lr 1.09e-04 40s
step 600 loss 0.0401 lr 3.00e-05 62s
saved ckpts/p2/ei_depth3_f0_a1_s3_ivS_r5.pt
=== round 5 done in 611s; new proofs 4694; cum targets solved 612
[p2/ei_depth3_f0_a1_s3_ivS r6] targets (this round, pass@32) SOLVED 646/1000 = 0.646 [0.616,0.675]
  len 7: 161/166 = 0.970 [0.931,0.987]
  len 8: 130/166 = 0.783 [0.714,0.839]
  len 9: 52/166 = 0.313 [0.248,0.387]
  len 10: 92/166 = 0.554 [0.478,0.628]
  len 11: 105/166 = 0.633 [0.557,0.702]
  len 12: 106/170 = 0.624 [0.549,0.693]
  written hist {7: 6090, 8: 1191, 9: 178}
  pruned hist {5: 58, 6: 3825, 7: 2515, 8: 913, 9: 148}
  frontier written 9 pruned 9
  reasons [('rule check failed: ANDI', 2721), ('rule check failed: DN', 1270), ('rule check failed: IMPE', 1062), ('rule check failed: NEGE', 1014), ('rule check failed: R', 895), ('rule check failed: ORI1', 875)]
[p2/ei_depth3_f0_a1_s3_ivS r6] targets (cumulative 192 attempts) SOLVED 646/1000 = 0.646 [0.616,0.675]
  len 7: 161/166 = 0.970 [0.931,0.987]
  len 8: 130/166 = 0.783 [0.714,0.839]
  len 9: 52/166 = 0.313 [0.248,0.387]
  len 10: 92/166 = 0.554 [0.478,0.628]
  len 11: 105/166 = 0.633 [0.557,0.702]
  len 12: 106/170 = 0.624 [0.549,0.693]
  written hist {7: 13138, 8: 1691, 9: 208}
  pruned hist {5: 118, 6: 9380, 7: 4117, 8: 1245, 9: 177}
  frontier written 9 pruned 9
  reasons []
[p2/ei_depth3_f0_a1_s3_ivS r6] transfer (this round, pass@32) SOLVED 322/500 = 0.644 [0.601,0.685]
  len 7: 76/83 = 0.916 [0.836,0.959]
  len 8: 68/83 = 0.819 [0.723,0.887]
  len 9: 30/83 = 0.361 [0.266,0.469]
  len 10: 48/83 = 0.578 [0.471,0.679]
  len 11: 48/83 = 0.578 [0.471,0.679]
  len 12: 52/85 = 0.612 [0.505,0.708]
  written hist {7: 2818, 8: 538, 9: 146}
  pruned hist {5: 35, 6: 1694, 7: 1187, 8: 476, 9: 110}
  frontier written 9 pruned 9
  reasons [('rule check failed: ANDI', 1193), ('rule check failed: IMPE', 803), ('rule check failed: ORI1', 760), ('rule check failed: DN', 758), ('rule check failed: R', 680), ('rule check failed: ORI2', 669)]
[p2/ei_depth3_f0_a1_s3_ivS r6] transfer (cumulative 192 attempts) SOLVED 338/500 = 0.676 [0.634,0.716]
  len 7: 78/83 = 0.940 [0.867,0.974]
  len 8: 70/83 = 0.843 [0.750,0.906]
  len 9: 34/83 = 0.410 [0.310,0.517]
  len 10: 51/83 = 0.614 [0.507,0.712]
  len 11: 48/83 = 0.578 [0.471,0.679]
  len 12: 57/85 = 0.671 [0.565,0.761]
  written hist {7: 6183, 8: 798, 9: 187}
  pruned hist {5: 59, 6: 4212, 7: 2082, 8: 668, 9: 147}
  frontier written 9 pruned 9
  reasons []
[p2/ei_depth3_f0_a1_s3_ivS r6] transfer greedy SOLVED 277/500 = 0.554 [0.510,0.597]
  len 7: 73/83 = 0.880 [0.792,0.933]
  len 8: 60/83 = 0.723 [0.618,0.808]
  len 9: 15/83 = 0.181 [0.113,0.277]
  len 10: 42/83 = 0.506 [0.401,0.611]
  len 11: 43/83 = 0.518 [0.412,0.622]
  len 12: 44/85 = 0.518 [0.413,0.621]
  written hist {7: 212, 8: 62, 9: 3}
  pruned hist {5: 2, 6: 110, 7: 110, 8: 52, 9: 3}
  frontier written 8 pruned 8
  reasons [('rule check failed: ANDI', 36), ('rule check failed: ORI1', 26), ('rule check failed: DN', 24), ('rule check failed: IMPE', 23), ('line index mismatch at position 9', 23), ('rule check failed: ORI2', 21)]
[p2/ei_depth3_f0_a1_s3_ivS r6] heldout greedy SOLVED 4443/5000 = 0.889 [0.880,0.897]
  len 2: 999/1000 = 0.999 [0.994,1.000]
  len 3: 990/1000 = 0.990 [0.982,0.995]
  len 4: 963/1000 = 0.963 [0.949,0.973]
  len 5: 948/1000 = 0.948 [0.932,0.960]
  len 6: 543/1000 = 0.543 [0.512,0.574]
  written hist {2: 1022, 3: 979, 4: 946, 5: 979, 6: 468, 7: 49}
  pruned hist {2: 1025, 3: 979, 4: 951, 5: 976, 6: 463, 7: 49}
  frontier written 7 pruned 7
  reasons [('rule check failed: DN', 204), ('rule check failed: ANDI', 70), ('bad box cite', 52), ('rule check failed: ORI1', 39), ('rule check failed: ORI2', 39), ('rule check failed: ANDE2', 25)]
python3 train.py --data artifacts/p2/ei_depth3_f0_a1_s3_ivS/mix_6.jsonl --init ckpts/p2/ei_depth3_f0_a1_s3_ivS_r5.pt --steps 600 --lr 0.0003 --min_lr 2.9999999999999997e-05 --warmup 50 --cap 0 --out ckpts/p2/ei_depth3_f0_a1_s3_ivS_r6.pt --seed 3006 --log_every 200
params 3210240 mode abs shift True
train records 30212 max len 372
step 200 loss 0.0434 lr 2.53e-04 19s
step 400 loss 0.0389 lr 1.09e-04 37s
step 600 loss 0.0370 lr 3.00e-05 61s
saved ckpts/p2/ei_depth3_f0_a1_s3_ivS_r6.pt
=== round 6 done in 493s; new proofs 1867; cum targets solved 646
[p2/ei_depth3_f0_a1_s3_ivS r7] targets (this round, pass@32) SOLVED 670/1000 = 0.670 [0.640,0.698]
  len 7: 161/166 = 0.970 [0.931,0.987]
  len 8: 133/166 = 0.801 [0.734,0.855]
  len 9: 60/166 = 0.361 [0.292,0.437]
  len 10: 95/166 = 0.572 [0.496,0.645]
  len 11: 112/166 = 0.675 [0.600,0.741]
  len 12: 109/170 = 0.641 [0.567,0.709]
  written hist {7: 6721, 8: 1389, 9: 230}
  pruned hist {5: 34, 6: 4449, 7: 2643, 8: 1039, 9: 175}
  frontier written 9 pruned 9
  reasons [('rule check failed: ANDI', 2653), ('rule check failed: NEGE', 1294), ('rule check failed: IMPE', 1140), ('rule check failed: ORI2', 888), ('rule check failed: DN', 856), ('rule check failed: ORI1', 822)]
[p2/ei_depth3_f0_a1_s3_ivS r7] targets (cumulative 224 attempts) SOLVED 670/1000 = 0.670 [0.640,0.698]
  len 7: 161/166 = 0.970 [0.931,0.987]
  len 8: 133/166 = 0.801 [0.734,0.855]
  len 9: 60/166 = 0.361 [0.292,0.437]
  len 10: 95/166 = 0.572 [0.496,0.645]
  len 11: 112/166 = 0.675 [0.600,0.741]
  len 12: 109/170 = 0.641 [0.567,0.709]
  written hist {7: 14236, 8: 2072, 9: 306}
  pruned hist {5: 127, 6: 10076, 7: 4663, 8: 1507, 9: 241}
  frontier written 9 pruned 9
  reasons []
[p2/ei_depth3_f0_a1_s3_ivS r7] transfer (this round, pass@32) SOLVED 323/500 = 0.646 [0.603,0.687]
  len 7: 79/83 = 0.952 [0.883,0.981]
  len 8: 65/83 = 0.783 [0.683,0.858]
  len 9: 30/83 = 0.361 [0.266,0.469]
  len 10: 48/83 = 0.578 [0.471,0.679]
  len 11: 48/83 = 0.578 [0.471,0.679]
  len 12: 53/85 = 0.624 [0.517,0.719]
  written hist {7: 3065, 8: 575, 9: 200}
  pruned hist {5: 40, 6: 1874, 7: 1291, 8: 500, 9: 135}
  frontier written 9 pruned 9
  reasons [('rule check failed: ANDI', 1185), ('rule check failed: ORI2', 846), ('rule check failed: ORI1', 732), ('rule check failed: IMPE', 708), ('rule check failed: NEGE', 702), ('rule check failed: DN', 669)]
[p2/ei_depth3_f0_a1_s3_ivS r7] transfer (cumulative 224 attempts) SOLVED 344/500 = 0.688 [0.646,0.727]
  len 7: 79/83 = 0.952 [0.883,0.981]
  len 8: 70/83 = 0.843 [0.750,0.906]
  len 9: 35/83 = 0.422 [0.321,0.529]
  len 10: 52/83 = 0.627 [0.519,0.723]
  len 11: 49/83 = 0.590 [0.483,0.690]
  len 12: 59/85 = 0.694 [0.590,0.782]
  written hist {7: 6744, 8: 952, 9: 273}
  pruned hist {5: 72, 6: 4498, 7: 2391, 8: 820, 9: 188}
  frontier written 9 pruned 9
  reasons []
[p2/ei_depth3_f0_a1_s3_ivS r7] transfer greedy SOLVED 284/500 = 0.568 [0.524,0.611]
  len 7: 74/83 = 0.892 [0.807,0.942]
  len 8: 58/83 = 0.699 [0.593,0.787]
  len 9: 26/83 = 0.313 [0.224,0.419]
  len 10: 41/83 = 0.494 [0.389,0.599]
  len 11: 44/83 = 0.530 [0.424,0.634]
  len 12: 41/85 = 0.482 [0.379,0.587]
  written hist {7: 209, 8: 57, 9: 18}
  pruned hist {5: 1, 6: 107, 7: 112, 8: 50, 9: 14}
  frontier written 9 pruned 9
  reasons [('rule check failed: ANDI', 42), ('rule check failed: ORI2', 27), ('rule check failed: ORI1', 23), ('rule check failed: DN', 23), ('rule check failed: IMPE', 22), ('rule check failed: R', 20)]
[p2/ei_depth3_f0_a1_s3_ivS r7] heldout greedy SOLVED 4446/5000 = 0.889 [0.880,0.898]
  len 2: 999/1000 = 0.999 [0.994,1.000]
  len 3: 992/1000 = 0.992 [0.984,0.996]
  len 4: 968/1000 = 0.968 [0.955,0.977]
  len 5: 953/1000 = 0.953 [0.938,0.964]
  len 6: 534/1000 = 0.534 [0.503,0.565]
  written hist {2: 1019, 3: 981, 4: 944, 5: 990, 6: 460, 7: 52}
  pruned hist {2: 1019, 3: 982, 4: 948, 5: 991, 6: 454, 7: 52}
  frontier written 7 pruned 7
  reasons [('rule check failed: DN', 166), ('bad box cite', 96), ('rule check failed: ANDI', 67), ('rule check failed: ORI2', 46), ('rule check failed: ORI1', 35), ('rule check failed: ANDE1', 28)]
python3 train.py --data artifacts/p2/ei_depth3_f0_a1_s3_ivS/mix_7.jsonl --init ckpts/p2/ei_depth3_f0_a1_s3_ivS_r6.pt --steps 600 --lr 0.0003 --min_lr 2.9999999999999997e-05 --warmup 50 --cap 0 --out ckpts/p2/ei_depth3_f0_a1_s3_ivS_r7.pt --seed 3007 --log_every 200
params 3210240 mode abs shift True
train records 30584 max len 372
step 200 loss 0.0366 lr 2.53e-04 15s
step 400 loss 0.0384 lr 1.09e-04 32s
step 600 loss 0.0404 lr 3.00e-05 47s
saved ckpts/p2/ei_depth3_f0_a1_s3_ivS_r7.pt
=== round 7 done in 554s; new proofs 1577; cum targets solved 670
[p2/ei_depth3_f0_a1_s3_ivS r8] targets (this round, pass@32) SOLVED 685/1000 = 0.685 [0.656,0.713]
  len 7: 163/166 = 0.982 [0.948,0.994]
  len 8: 135/166 = 0.813 [0.747,0.865]
  len 9: 62/166 = 0.373 [0.304,0.449]
  len 10: 98/166 = 0.590 [0.514,0.662]
  len 11: 115/166 = 0.693 [0.619,0.758]
  len 12: 112/170 = 0.659 [0.585,0.726]
  written hist {7: 6818, 8: 1341, 9: 250}
  pruned hist {5: 46, 6: 4354, 7: 2812, 8: 1008, 9: 189}
  frontier written 9 pruned 9
  reasons [('rule check failed: ANDI', 2513), ('rule check failed: NEGE', 1198), ('rule check failed: IMPE', 1179), ('rule check failed: ORI1', 991), ('rule check failed: DN', 811), ('rule check failed: ORI2', 768)]
[p2/ei_depth3_f0_a1_s3_ivS r8] targets (cumulative 256 attempts) SOLVED 685/1000 = 0.685 [0.656,0.713]
  len 7: 163/166 = 0.982 [0.948,0.994]
  len 8: 135/166 = 0.813 [0.747,0.865]
  len 9: 62/166 = 0.373 [0.304,0.449]
  len 10: 98/166 = 0.590 [0.514,0.662]
  len 11: 115/166 = 0.693 [0.619,0.758]
  len 12: 112/170 = 0.659 [0.585,0.726]
  written hist {7: 15133, 8: 2277, 9: 386}
  pruned hist {5: 145, 6: 10568, 7: 5133, 8: 1657, 9: 293}
  frontier written 9 pruned 9
  reasons []
[p2/ei_depth3_f0_a1_s3_ivS r8] transfer (this round, pass@32) SOLVED 325/500 = 0.650 [0.607,0.691]
  len 7: 77/83 = 0.928 [0.851,0.966]
  len 8: 67/83 = 0.807 [0.710,0.878]
  len 9: 32/83 = 0.386 [0.288,0.493]
  len 10: 49/83 = 0.590 [0.483,0.690]
  len 11: 48/83 = 0.578 [0.471,0.679]
  len 12: 52/85 = 0.612 [0.505,0.708]
  written hist {7: 3154, 8: 585, 9: 186}
  pruned hist {5: 47, 6: 1932, 7: 1333, 8: 488, 9: 125}
  frontier written 9 pruned 9
  reasons [('rule check failed: ANDI', 1167), ('rule check failed: ORI1', 703), ('rule check failed: ORI2', 689), ('rule check failed: IMPE', 669), ('rule check failed: NEGE', 652), ('rule check failed: DN', 604)]
[p2/ei_depth3_f0_a1_s3_ivS r8] transfer (cumulative 256 attempts) SOLVED 347/500 = 0.694 [0.652,0.733]
  len 7: 79/83 = 0.952 [0.883,0.981]
  len 8: 71/83 = 0.855 [0.764,0.915]
  len 9: 36/83 = 0.434 [0.332,0.541]
  len 10: 53/83 = 0.639 [0.531,0.734]
  len 11: 49/83 = 0.590 [0.483,0.690]
  len 12: 59/85 = 0.694 [0.590,0.782]
  written hist {7: 7213, 8: 1075, 9: 336}
  pruned hist {5: 94, 6: 4725, 7: 2650, 8: 925, 9: 230}
  frontier written 9 pruned 9
  reasons []
[p2/ei_depth3_f0_a1_s3_ivS r8] transfer greedy SOLVED 297/500 = 0.594 [0.550,0.636]
  len 7: 73/83 = 0.880 [0.792,0.933]
  len 8: 62/83 = 0.747 [0.644,0.828]
  len 9: 26/83 = 0.313 [0.224,0.419]
  len 10: 44/83 = 0.530 [0.424,0.634]
  len 11: 46/83 = 0.554 [0.447,0.656]
  len 12: 46/85 = 0.541 [0.436,0.643]
  written hist {7: 220, 8: 60, 9: 17}
  pruned hist {5: 3, 6: 119, 7: 114, 8: 49, 9: 12}
  frontier written 9 pruned 9
  reasons [('rule check failed: ANDI', 38), ('rule check failed: ORI1', 22), ('rule check failed: IMPE', 22), ('rule check failed: ORI2', 21), ('rule check failed: DN', 21), ('rule check failed: NEGE', 19)]
[p2/ei_depth3_f0_a1_s3_ivS r8] heldout greedy SOLVED 4431/5000 = 0.886 [0.877,0.895]
  len 2: 997/1000 = 0.997 [0.991,0.999]
  len 3: 988/1000 = 0.988 [0.979,0.993]
  len 4: 967/1000 = 0.967 [0.954,0.976]
  len 5: 941/1000 = 0.941 [0.925,0.954]
  len 6: 538/1000 = 0.538 [0.507,0.569]
  written hist {2: 1019, 3: 981, 4: 946, 5: 973, 6: 447, 7: 65}
  pruned hist {2: 1020, 3: 985, 4: 949, 5: 968, 6: 444, 7: 65}
  frontier written 7 pruned 7
  reasons [('rule check failed: DN', 130), ('bad box cite', 86), ('rule check failed: ORI1', 71), ('rule check failed: ANDI', 68), ('rule check failed: ORI2', 48), ('rule check failed: ANDE2', 31)]
python3 train.py --data artifacts/p2/ei_depth3_f0_a1_s3_ivS/mix_8.jsonl --init ckpts/p2/ei_depth3_f0_a1_s3_ivS_r7.pt --steps 600 --lr 0.0003 --min_lr 2.9999999999999997e-05 --warmup 50 --cap 0 --out ckpts/p2/ei_depth3_f0_a1_s3_ivS_r8.pt --seed 3008 --log_every 200
params 3210240 mode abs shift True
train records 30896 max len 372
step 200 loss 0.0428 lr 2.53e-04 14s
step 400 loss 0.0421 lr 1.09e-04 28s
step 600 loss 0.0403 lr 3.00e-05 42s
saved ckpts/p2/ei_depth3_f0_a1_s3_ivS_r8.pt
=== round 8 done in 398s; new proofs 1182; cum targets solved 685
