resumed 9838 target proofs, 4760 transfer proofs
[p2/ei_depth3_f0_a1_s3_ivT r6] targets (this round, pass@32) SOLVED 456/1000 = 0.456 [0.425,0.487]
  len 7: 117/166 = 0.705 [0.631,0.769]
  len 8: 72/166 = 0.434 [0.361,0.510]
  len 9: 23/166 = 0.139 [0.094,0.199]
  len 10: 70/166 = 0.422 [0.349,0.498]
  len 11: 77/166 = 0.464 [0.390,0.540]
  len 12: 97/170 = 0.571 [0.495,0.643]
  written hist {7: 6030, 8: 731, 9: 2}
  pruned hist {5: 45, 6: 3584, 7: 2565, 8: 567, 9: 2}
  frontier written 8 pruned 8
  reasons [('rule check failed: R', 2653), ('rule check failed: ANDI', 2312), ('rule check failed: NEGE', 2115), ('bad box cite', 1646), ('rule check failed: DN', 1605), ('rule check failed: ORI1', 1178)]
[p2/ei_depth3_f0_a1_s3_ivT r6] targets (cumulative 192 attempts) SOLVED 456/1000 = 0.456 [0.425,0.487]
  len 7: 117/166 = 0.705 [0.631,0.769]
  len 8: 72/166 = 0.434 [0.361,0.510]
  len 9: 23/166 = 0.139 [0.094,0.199]
  len 10: 70/166 = 0.422 [0.349,0.498]
  len 11: 77/166 = 0.464 [0.390,0.540]
  len 12: 97/170 = 0.571 [0.495,0.643]
  written hist {7: 12091, 8: 864, 9: 2}
  pruned hist {5: 117, 6: 8918, 7: 3345, 8: 575, 9: 2}
  frontier written 8 pruned 8
  reasons []
[p2/ei_depth3_f0_a1_s3_ivT r6] transfer (this round, pass@32) SOLVED 226/500 = 0.452 [0.409,0.496]
  len 7: 63/83 = 0.759 [0.657,0.838]
  len 8: 33/83 = 0.398 [0.299,0.505]
  len 9: 9/83 = 0.108 [0.058,0.193]
  len 10: 37/83 = 0.446 [0.344,0.553]
  len 11: 36/83 = 0.434 [0.332,0.541]
  len 12: 48/85 = 0.565 [0.459,0.665]
  written hist {7: 3018, 8: 234, 9: 2}
  pruned hist {5: 45, 6: 1674, 7: 1337, 8: 196, 9: 2}
  frontier written 8 pruned 8
  reasons [('rule check failed: R', 1275), ('rule check failed: NEGE', 959), ('bad box cite', 935), ('rule check failed: ANDI', 881), ('rule check failed: IMPE', 844), ('rule check failed: ORI1', 766)]
[p2/ei_depth3_f0_a1_s3_ivT r6] transfer (cumulative 192 attempts) SOLVED 236/500 = 0.472 [0.429,0.516]
  len 7: 63/83 = 0.759 [0.657,0.838]
  len 8: 34/83 = 0.410 [0.310,0.517]
  len 9: 11/83 = 0.133 [0.076,0.222]
  len 10: 40/83 = 0.482 [0.378,0.588]
  len 11: 37/83 = 0.446 [0.344,0.553]
  len 12: 51/85 = 0.600 [0.494,0.698]
  written hist {7: 6013, 8: 273, 9: 2}
  pruned hist {5: 78, 6: 4157, 7: 1836, 8: 215, 9: 2}
  frontier written 8 pruned 8
  reasons []
[p2/ei_depth3_f0_a1_s3_ivT r6] transfer greedy SOLVED 187/500 = 0.374 [0.333,0.417]
  len 7: 48/83 = 0.578 [0.471,0.679]
  len 8: 24/83 = 0.289 [0.203,0.394]
  len 9: 8/83 = 0.096 [0.050,0.179]
  len 10: 33/83 = 0.398 [0.299,0.505]
  len 11: 33/83 = 0.398 [0.299,0.505]
  len 12: 41/85 = 0.482 [0.379,0.587]
  written hist {7: 172, 8: 15}
  pruned hist {5: 2, 6: 93, 7: 77, 8: 15}
  frontier written 8 pruned 8
  reasons [('rule check failed: R', 39), ('rule check failed: NEGE', 28), ('bad box cite', 27), ('rule check failed: IMPE', 26), ('line index mismatch at position 8', 25), ('rule check failed: ANDI', 24)]
[p2/ei_depth3_f0_a1_s3_ivT r6] heldout greedy SOLVED 4632/5000 = 0.926 [0.919,0.933]
  len 2: 997/1000 = 0.997 [0.991,0.999]
  len 3: 990/1000 = 0.990 [0.982,0.995]
  len 4: 972/1000 = 0.972 [0.960,0.981]
  len 5: 951/1000 = 0.951 [0.936,0.963]
  len 6: 722/1000 = 0.722 [0.693,0.749]
  written hist {2: 1017, 3: 973, 4: 950, 5: 997, 6: 680, 7: 15}
  pruned hist {2: 1019, 3: 974, 4: 962, 5: 984, 6: 678, 7: 15}
  frontier written 7 pruned 7
  reasons [('rule check failed: DN', 84), ('rule check failed: IMPI', 34), ('rule check failed: ANDI', 33), ('rule check failed: NEGE', 33), ('rule check failed: IMPE', 30), ('bad box cite', 30)]
python3 train.py --data artifacts/p2/ei_depth3_f0_a1_s3_ivT/mix_6.jsonl --init ckpts/p2/ei_depth3_f0_a1_s3_ivT_r5.pt --steps 600 --lr 0.0003 --min_lr 2.9999999999999997e-05 --warmup 50 --cap 0 --out ckpts/p2/ei_depth3_f0_a1_s3_ivT_r6.pt --seed 3006 --log_every 200
params 3210240 mode abs shift True
train records 26996 max len 422
step 200 loss 0.0415 lr 2.53e-04 24s
step 400 loss 0.0456 lr 1.09e-04 43s
step 600 loss 0.0409 lr 3.00e-05 61s
saved ckpts/p2/ei_depth3_f0_a1_s3_ivT_r6.pt
=== round 6 done in 587s; new proofs 3119; cum targets solved 456
[p2/ei_depth3_f0_a1_s3_ivT r7] targets (this round, pass@32) SOLVED 553/1000 = 0.553 [0.522,0.584]
  len 7: 157/166 = 0.946 [0.900,0.971]
  len 8: 116/166 = 0.699 [0.625,0.763]
  len 9: 29/166 = 0.175 [0.124,0.240]
  len 10: 72/166 = 0.434 [0.361,0.510]
  len 11: 81/166 = 0.488 [0.413,0.563]
  len 12: 98/170 = 0.576 [0.501,0.648]
  written hist {7: 6833, 8: 1387, 9: 34}
  pruned hist {5: 46, 6: 3638, 7: 3409, 8: 1129, 9: 32}
  frontier written 9 pruned 9
  reasons [('rule check failed: ANDI', 2680), ('rule check failed: R', 1863), ('rule check failed: DN', 1633), ('rule check failed: NEGE', 1371), ('rule check failed: ORI1', 1251), ('rule check failed: IMPE', 1223)]
[p2/ei_depth3_f0_a1_s3_ivT r7] targets (cumulative 224 attempts) SOLVED 553/1000 = 0.553 [0.522,0.584]
  len 7: 157/166 = 0.946 [0.900,0.971]
  len 8: 116/166 = 0.699 [0.625,0.763]
  len 9: 29/166 = 0.175 [0.124,0.240]
  len 10: 72/166 = 0.434 [0.361,0.510]
  len 11: 81/166 = 0.488 [0.413,0.563]
  len 12: 98/170 = 0.576 [0.501,0.648]
  written hist {7: 14289, 8: 1800, 9: 34}
  pruned hist {5: 133, 6: 9324, 7: 5253, 8: 1381, 9: 32}
  frontier written 9 pruned 9
  reasons []
[p2/ei_depth3_f0_a1_s3_ivT r7] transfer (this round, pass@32) SOLVED 284/500 = 0.568 [0.524,0.611]
  len 7: 76/83 = 0.916 [0.836,0.959]
  len 8: 62/83 = 0.747 [0.644,0.828]
  len 9: 16/83 = 0.193 [0.122,0.290]
  len 10: 39/83 = 0.470 [0.366,0.576]
  len 11: 40/83 = 0.482 [0.378,0.588]
  len 12: 51/85 = 0.600 [0.494,0.698]
  written hist {7: 3105, 8: 702, 9: 17}
  pruned hist {5: 57, 6: 1566, 7: 1595, 8: 593, 9: 13}
  frontier written 9 pruned 9
  reasons [('rule check failed: R', 1237), ('rule check failed: ANDI', 1077), ('rule check failed: IMPE', 879), ('rule check failed: ORI1', 816), ('rule check failed: DN', 777), ('rule check failed: ORI2', 660)]
[p2/ei_depth3_f0_a1_s3_ivT r7] transfer (cumulative 224 attempts) SOLVED 292/500 = 0.584 [0.540,0.626]
  len 7: 76/83 = 0.916 [0.836,0.959]
  len 8: 62/83 = 0.747 [0.644,0.828]
  len 9: 17/83 = 0.205 [0.132,0.304]
  len 10: 42/83 = 0.506 [0.401,0.611]
  len 11: 41/83 = 0.494 [0.389,0.599]
  len 12: 54/85 = 0.635 [0.529,0.730]
  written hist {7: 6998, 8: 831, 9: 18}
  pruned hist {5: 103, 6: 4297, 7: 2741, 8: 692, 9: 14}
  frontier written 9 pruned 9
  reasons []
[p2/ei_depth3_f0_a1_s3_ivT r7] transfer greedy SOLVED 236/500 = 0.472 [0.429,0.516]
  len 7: 68/83 = 0.819 [0.723,0.887]
  len 8: 51/83 = 0.614 [0.507,0.712]
  len 9: 7/83 = 0.084 [0.041,0.164]
  len 10: 34/83 = 0.410 [0.310,0.517]
  len 11: 32/83 = 0.386 [0.288,0.493]
  len 12: 44/85 = 0.518 [0.413,0.621]
  written hist {7: 188, 8: 48}
  pruned hist {5: 3, 6: 92, 7: 97, 8: 44}
  frontier written 8 pruned 8
  reasons [('rule check failed: R', 41), ('rule check failed: ANDI', 35), ('rule check failed: IMPE', 30), ('rule check failed: DN', 27), ('rule check failed: ORI1', 23), ('rule check failed: ORI2', 21)]
[p2/ei_depth3_f0_a1_s3_ivT r7] heldout greedy SOLVED 4512/5000 = 0.902 [0.894,0.910]
  len 2: 1000/1000 = 1.000 [0.996,1.000]
  len 3: 988/1000 = 0.988 [0.979,0.993]
  len 4: 975/1000 = 0.975 [0.963,0.983]
  len 5: 950/1000 = 0.950 [0.935,0.962]
  len 6: 599/1000 = 0.599 [0.568,0.629]
  written hist {2: 1020, 3: 973, 4: 957, 5: 978, 6: 500, 7: 84}
  pruned hist {2: 1023, 3: 975, 4: 959, 5: 976, 6: 495, 7: 84}
  frontier written 7 pruned 7
  reasons [('rule check failed: DN', 182), ('rule check failed: ANDI', 64), ('rule check failed: ORI1', 49), ('rule check failed: ANDE2', 29), ('rule check failed: IMPE', 27), ('rule check failed: ORI2', 23)]
python3 train.py --data artifacts/p2/ei_depth3_f0_a1_s3_ivT/mix_7.jsonl --init ckpts/p2/ei_depth3_f0_a1_s3_ivT_r6.pt --steps 600 --lr 0.0003 --min_lr 2.9999999999999997e-05 --warmup 50 --cap 0 --out ckpts/p2/ei_depth3_f0_a1_s3_ivT_r7.pt --seed 3007 --log_every 200
params 3210240 mode abs shift True
train records 28696 max len 371
step 200 loss 0.0436 lr 2.53e-04 22s
step 400 loss 0.0419 lr 1.09e-04 45s
step 600 loss 0.0383 lr 3.00e-05 68s
saved ckpts/p2/ei_depth3_f0_a1_s3_ivT_r7.pt
=== round 7 done in 643s; new proofs 3166; cum targets solved 553
[p2/ei_depth3_f0_a1_s3_ivT r8] targets (this round, pass@32) SOLVED 589/1000 = 0.589 [0.558,0.619]
  len 7: 159/166 = 0.958 [0.916,0.979]
  len 8: 124/166 = 0.747 [0.676,0.807]
  len 9: 45/166 = 0.271 [0.209,0.343]
  len 10: 76/166 = 0.458 [0.384,0.534]
  len 11: 85/166 = 0.512 [0.437,0.587]
  len 12: 100/170 = 0.588 [0.513,0.659]
  written hist {7: 6563, 8: 1489, 9: 189}
  pruned hist {5: 42, 6: 3511, 7: 3314, 8: 1196, 9: 178}
  frontier written 9 pruned 9
  reasons [('rule check failed: ANDI', 2907), ('rule check failed: DN', 1781), ('rule check failed: R', 1501), ('rule check failed: NEGE', 1282), ('rule check failed: IMPE', 1195), ('rule check failed: ORI2', 1107)]
[p2/ei_depth3_f0_a1_s3_ivT r8] targets (cumulative 256 attempts) SOLVED 589/1000 = 0.589 [0.558,0.619]
  len 7: 159/166 = 0.958 [0.916,0.979]
  len 8: 124/166 = 0.747 [0.676,0.807]
  len 9: 45/166 = 0.271 [0.209,0.343]
  len 10: 76/166 = 0.458 [0.384,0.534]
  len 11: 85/166 = 0.512 [0.437,0.587]
  len 12: 100/170 = 0.588 [0.513,0.659]
  written hist {7: 15497, 8: 2338, 9: 200}
  pruned hist {5: 135, 6: 9598, 7: 6302, 8: 1811, 9: 189}
  frontier written 9 pruned 9
  reasons []
[p2/ei_depth3_f0_a1_s3_ivT r8] transfer (this round, pass@32) SOLVED 292/500 = 0.584 [0.540,0.626]
  len 7: 76/83 = 0.916 [0.836,0.959]
  len 8: 65/83 = 0.783 [0.683,0.858]
  len 9: 24/83 = 0.289 [0.203,0.394]
  len 10: 38/83 = 0.458 [0.355,0.565]
  len 11: 40/83 = 0.482 [0.378,0.588]
  len 12: 49/85 = 0.576 [0.470,0.676]
  written hist {7: 3048, 8: 722, 9: 148}
  pruned hist {5: 58, 6: 1627, 7: 1461, 8: 645, 9: 127}
  frontier written 9 pruned 9
  reasons [('rule check failed: ANDI', 1259), ('rule check failed: DN', 1061), ('rule check failed: R', 990), ('rule check failed: ORI2', 784), ('rule check failed: ORI1', 772), ('rule check failed: IMPE', 660)]
[p2/ei_depth3_f0_a1_s3_ivT r8] transfer (cumulative 256 attempts) SOLVED 306/500 = 0.612 [0.569,0.654]
  len 7: 78/83 = 0.940 [0.867,0.974]
  len 8: 65/83 = 0.783 [0.683,0.858]
  len 9: 26/83 = 0.313 [0.224,0.419]
  len 10: 42/83 = 0.506 [0.401,0.611]
  len 11: 41/83 = 0.494 [0.389,0.599]
  len 12: 54/85 = 0.635 [0.529,0.730]
  written hist {7: 7500, 8: 1121, 9: 154}
  pruned hist {5: 114, 6: 4406, 7: 3165, 8: 958, 9: 132}
  frontier written 9 pruned 9
  reasons []
[p2/ei_depth3_f0_a1_s3_ivT r8] transfer greedy SOLVED 252/500 = 0.504 [0.460,0.548]
  len 7: 70/83 = 0.843 [0.750,0.906]
  len 8: 57/83 = 0.687 [0.581,0.776]
  len 9: 12/83 = 0.145 [0.085,0.236]
  len 10: 34/83 = 0.410 [0.310,0.517]
  len 11: 38/83 = 0.458 [0.355,0.565]
  len 12: 41/85 = 0.482 [0.379,0.587]
  written hist {7: 191, 8: 57, 9: 4}
  pruned hist {5: 2, 6: 94, 7: 100, 8: 52, 9: 4}
  frontier written 8 pruned 8
  reasons [('rule check failed: ANDI', 37), ('rule check failed: DN', 35), ('rule check failed: R', 32), ('rule check failed: ORI2', 25), ('rule check failed: ORI1', 25), ('rule check failed: IMPE', 20)]
[p2/ei_depth3_f0_a1_s3_ivT r8] heldout greedy SOLVED 4477/5000 = 0.895 [0.887,0.904]
  len 2: 999/1000 = 0.999 [0.994,1.000]
  len 3: 989/1000 = 0.989 [0.980,0.994]
  len 4: 970/1000 = 0.970 [0.957,0.979]
  len 5: 952/1000 = 0.952 [0.937,0.964]
  len 6: 567/1000 = 0.567 [0.536,0.597]
  written hist {2: 1019, 3: 979, 4: 960, 5: 986, 6: 465, 7: 68}
  pruned hist {2: 1019, 3: 984, 4: 962, 5: 987, 6: 457, 7: 68}
  frontier written 7 pruned 7
  reasons [('rule check failed: DN', 269), ('rule check failed: ANDI', 53), ('rule check failed: ORI1', 30), ('rule check failed: IMPE', 25), ('rule check failed: ANDE2', 24), ('rule check failed: ORI2', 22)]
python3 train.py --data artifacts/p2/ei_depth3_f0_a1_s3_ivT/mix_8.jsonl --init ckpts/p2/ei_depth3_f0_a1_s3_ivT_r7.pt --steps 600 --lr 0.0003 --min_lr 2.9999999999999997e-05 --warmup 50 --cap 0 --out ckpts/p2/ei_depth3_f0_a1_s3_ivT_r8.pt --seed 3008 --log_every 200
params 3210240 mode abs shift True
train records 29300 max len 372
step 200 loss 0.0470 lr 2.53e-04 19s
step 400 loss 0.0396 lr 1.09e-04 38s
step 600 loss 0.0424 lr 3.00e-05 59s
saved ckpts/p2/ei_depth3_f0_a1_s3_ivT_r8.pt
=== round 8 done in 606s; new proofs 1912; cum targets solved 589
