resumed 7643 target proofs, 3655 transfer proofs
[p2/ei_depth3_f0_a1_s7_ivT r5] targets (this round, pass@32) SOLVED 254/1000 = 0.254 [0.228,0.282]
  len 7: 2/166 = 0.012 [0.003,0.043]
  len 8: 18/166 = 0.108 [0.070,0.165]
  len 9: 17/166 = 0.102 [0.065,0.158]
  len 10: 58/166 = 0.349 [0.281,0.425]
  len 11: 70/166 = 0.422 [0.349,0.498]
  len 12: 89/170 = 0.524 [0.449,0.597]
  written hist {7: 4488, 8: 80}
  pruned hist {5: 28, 6: 3671, 7: 869}
  frontier written 8 pruned 7
  reasons [('rule check failed: NEGE', 7091), ('rule check failed: ANDI', 3591), ('bad box cite', 1745), ('rule check failed: ORI2', 1604), ('rule check failed: IMPE', 1294), ('final formula is not the conclusion', 1163)]
[p2/ei_depth3_f0_a1_s7_ivT r5] targets (cumulative 160 attempts) SOLVED 254/1000 = 0.254 [0.228,0.282]
  len 7: 2/166 = 0.012 [0.003,0.043]
  len 8: 18/166 = 0.108 [0.070,0.165]
  len 9: 17/166 = 0.102 [0.065,0.158]
  len 10: 58/166 = 0.349 [0.281,0.425]
  len 11: 70/166 = 0.422 [0.349,0.498]
  len 12: 89/170 = 0.524 [0.449,0.597]
  written hist {7: 8784, 8: 105}
  pruned hist {5: 49, 6: 7342, 7: 1498}
  frontier written 8 pruned 7
  reasons []
[p2/ei_depth3_f0_a1_s7_ivT r5] transfer (this round, pass@32) SOLVED 130/500 = 0.260 [0.223,0.300]
  len 7: 0/83 = 0.000 [0.000,0.044]
  len 8: 8/83 = 0.096 [0.050,0.179]
  len 9: 11/83 = 0.133 [0.076,0.222]
  len 10: 31/83 = 0.373 [0.277,0.481]
  len 11: 33/83 = 0.398 [0.299,0.505]
  len 12: 47/85 = 0.553 [0.447,0.654]
  written hist {7: 2088, 8: 22}
  pruned hist {5: 9, 6: 1623, 7: 472, 8: 6}
  frontier written 8 pruned 8
  reasons [('rule check failed: NEGE', 3583), ('rule check failed: ANDI', 1892), ('rule check failed: ORI2', 936), ('bad box cite', 752), ('final formula is not the conclusion', 660), ('rule check failed: ORI1', 656)]
[p2/ei_depth3_f0_a1_s7_ivT r5] transfer (cumulative 160 attempts) SOLVED 139/500 = 0.278 [0.241,0.319]
  len 7: 0/83 = 0.000 [0.000,0.044]
  len 8: 8/83 = 0.096 [0.050,0.179]
  len 9: 11/83 = 0.133 [0.076,0.222]
  len 10: 35/83 = 0.422 [0.321,0.529]
  len 11: 36/83 = 0.434 [0.332,0.541]
  len 12: 49/85 = 0.576 [0.470,0.676]
  written hist {7: 4281, 8: 40}
  pruned hist {5: 20, 6: 3431, 7: 851, 8: 19}
  frontier written 8 pruned 8
  reasons []
[p2/ei_depth3_f0_a1_s7_ivT r5] transfer greedy SOLVED 110/500 = 0.220 [0.186,0.258]
  len 7: 0/83 = 0.000 [0.000,0.044]
  len 8: 7/83 = 0.084 [0.041,0.164]
  len 9: 9/83 = 0.108 [0.058,0.193]
  len 10: 28/83 = 0.337 [0.245,0.444]
  len 11: 29/83 = 0.349 [0.256,0.457]
  len 12: 37/85 = 0.435 [0.335,0.541]
  written hist {7: 109, 8: 1}
  pruned hist {6: 85, 7: 25}
  frontier written 7 pruned 7
  reasons [('rule check failed: NEGE', 112), ('rule check failed: ANDI', 61), ('rule check failed: ORI2', 36), ('rule check failed: ORI1', 23), ('rule check failed: DN', 19), ('rule check failed: IMPE', 19)]
[p2/ei_depth3_f0_a1_s7_ivT r5] heldout greedy SOLVED 4424/5000 = 0.885 [0.876,0.893]
  len 2: 996/1000 = 0.996 [0.990,0.998]
  len 3: 988/1000 = 0.988 [0.979,0.993]
  len 4: 977/1000 = 0.977 [0.966,0.985]
  len 5: 956/1000 = 0.956 [0.941,0.967]
  len 6: 507/1000 = 0.507 [0.476,0.538]
  written hist {2: 1021, 3: 978, 4: 958, 5: 1004, 6: 462, 7: 1}
  pruned hist {2: 1022, 3: 978, 4: 962, 5: 1003, 6: 458, 7: 1}
  frontier written 6 pruned 6
  reasons [('rule check failed: NEGE', 343), ('rule check failed: ANDI', 42), ('rule check failed: DN', 33), ('bad box cite', 30), ('rule check failed: IMPI', 20), ('rule check failed: IMPE', 19)]
python3 train.py --data artifacts/p2/ei_depth3_f0_a1_s7_ivT/mix_5.jsonl --init ckpts/p2/ei_depth3_f0_a1_s7_r4.pt --steps 600 --lr 0.0003 --min_lr 2.9999999999999997e-05 --warmup 50 --cap 0 --out ckpts/p2/ei_depth3_f0_a1_s7_ivT_r5.pt --seed 7005 --log_every 200
params 3210240 mode abs shift True
train records 24012 max len 444
step 200 loss 0.0479 lr 2.53e-04 17s
step 400 loss 0.0525 lr 1.09e-04 35s
step 600 loss 0.0496 lr 3.00e-05 53s
saved ckpts/p2/ei_depth3_f0_a1_s7_ivT_r5.pt
=== round 5 done in 419s; new proofs 1246; cum targets solved 254
