[p2/ei_depth3_f0_a1_s8 r1] targets (this round, pass@32) SOLVED 120/1000 = 0.120 [0.101,0.142]
  len 7: 1/166 = 0.006 [0.001,0.033]
  len 8: 0/166 = 0.000 [0.000,0.023]
  len 9: 1/166 = 0.006 [0.001,0.033]
  len 10: 24/166 = 0.145 [0.099,0.206]
  len 11: 31/166 = 0.187 [0.135,0.253]
  len 12: 63/170 = 0.371 [0.302,0.445]
  written hist {7: 1674}
  pruned hist {5: 1, 6: 1581, 7: 92}
  frontier written 7 pruned 7
  reasons [('rule check failed: ORI1', 7406), ('rule check failed: ANDI', 6210), ('rule check failed: IMPI', 2527), ('rule check failed: DN', 1923), ('rule check failed: ANDE1', 1857), ('final formula is not the conclusion', 1805)]
[p2/ei_depth3_f0_a1_s8 r1] targets (cumulative 32 attempts) SOLVED 120/1000 = 0.120 [0.101,0.142]
  len 7: 1/166 = 0.006 [0.001,0.033]
  len 8: 0/166 = 0.000 [0.000,0.023]
  len 9: 1/166 = 0.006 [0.001,0.033]
  len 10: 24/166 = 0.145 [0.099,0.206]
  len 11: 31/166 = 0.187 [0.135,0.253]
  len 12: 63/170 = 0.371 [0.302,0.445]
  written hist {7: 1674}
  pruned hist {5: 1, 6: 1581, 7: 92}
  frontier written 7 pruned 7
  reasons []
[p2/ei_depth3_f0_a1_s8 r1] transfer (this round, pass@32) SOLVED 55/500 = 0.110 [0.085,0.140]
  len 7: 0/83 = 0.000 [0.000,0.044]
  len 8: 0/83 = 0.000 [0.000,0.044]
  len 9: 0/83 = 0.000 [0.000,0.044]
  len 10: 12/83 = 0.145 [0.085,0.236]
  len 11: 13/83 = 0.157 [0.094,0.250]
  len 12: 30/85 = 0.353 [0.260,0.459]
  written hist {7: 825}
  pruned hist {5: 15, 6: 747, 7: 63}
  frontier written 7 pruned 7
  reasons [('rule check failed: ORI1', 4009), ('rule check failed: ANDI', 3015), ('rule check failed: IMPI', 1369), ('rule check failed: DN', 941), ('final formula is not the conclusion', 857), ('rule check failed: IMPE', 767)]
[p2/ei_depth3_f0_a1_s8 r1] transfer (cumulative 32 attempts) SOLVED 55/500 = 0.110 [0.085,0.140]
  len 7: 0/83 = 0.000 [0.000,0.044]
  len 8: 0/83 = 0.000 [0.000,0.044]
  len 9: 0/83 = 0.000 [0.000,0.044]
  len 10: 12/83 = 0.145 [0.085,0.236]
  len 11: 13/83 = 0.157 [0.094,0.250]
  len 12: 30/85 = 0.353 [0.260,0.459]
  written hist {7: 825}
  pruned hist {5: 15, 6: 747, 7: 63}
  frontier written 7 pruned 7
  reasons []
[p2/ei_depth3_f0_a1_s8 r1] transfer greedy SOLVED 38/500 = 0.076 [0.056,0.103]
  len 7: 0/83 = 0.000 [0.000,0.044]
  len 8: 0/83 = 0.000 [0.000,0.044]
  len 9: 0/83 = 0.000 [0.000,0.044]
  len 10: 6/83 = 0.072 [0.034,0.149]
  len 11: 9/83 = 0.108 [0.058,0.193]
  len 12: 23/85 = 0.271 [0.188,0.373]
  written hist {7: 38}
  pruned hist {6: 35, 7: 3}
  frontier written 7 pruned 6
  reasons [('rule check failed: ORI1', 131), ('rule check failed: ANDI', 105), ('rule check failed: IMPI', 51), ('rule check failed: DN', 31), ('rule check failed: IMPE', 26), ('final formula is not the conclusion', 24)]
[p2/ei_depth3_f0_a1_s8 r1] heldout greedy SOLVED 4317/5000 = 0.863 [0.854,0.873]
  len 2: 997/1000 = 0.997 [0.991,0.999]
  len 3: 981/1000 = 0.981 [0.971,0.988]
  len 4: 951/1000 = 0.951 [0.936,0.963]
  len 5: 930/1000 = 0.930 [0.912,0.944]
  len 6: 458/1000 = 0.458 [0.427,0.489]
  written hist {2: 1021, 3: 971, 4: 946, 5: 961, 6: 418}
  pruned hist {2: 1021, 3: 973, 4: 947, 5: 960, 6: 416}
  frontier written 6 pruned 6
  reasons [('rule check failed: IMPI', 150), ('rule check failed: ANDI', 115), ('rule check failed: ORI1', 111), ('rule check failed: DN', 68), ('bad box cite', 42), ('rule check failed: ANDE1', 33)]
python3 train.py --data artifacts/p2/ei_depth3_f0_a1_s8/mix_1.jsonl --init ckpts/p2/stage1_depth3_f0_a1_s8.pt --steps 600 --lr 0.0003 --min_lr 2.9999999999999997e-05 --warmup 50 --cap 0 --out ckpts/p2/ei_depth3_f0_a1_s8_r1.pt --seed 8001 --log_every 200
params 3210240 mode abs shift True
train records 21684 max len 444
step 200 loss 0.0571 lr 2.53e-04 9s
step 400 loss 0.0550 lr 1.09e-04 20s
step 600 loss 0.0532 lr 3.00e-05 29s
saved ckpts/p2/ei_depth3_f0_a1_s8_r1.pt
=== round 1 done in 242s; new proofs 1674; cum targets solved 120
[p2/ei_depth3_f0_a1_s8 r2] targets (this round, pass@32) SOLVED 189/1000 = 0.189 [0.166,0.214]
  len 7: 1/166 = 0.006 [0.001,0.033]
  len 8: 3/166 = 0.018 [0.006,0.052]
  len 9: 1/166 = 0.006 [0.001,0.033]
  len 10: 51/166 = 0.307 [0.242,0.381]
  len 11: 54/166 = 0.325 [0.259,0.400]
  len 12: 79/170 = 0.465 [0.391,0.540]
  written hist {7: 3454, 8: 39}
  pruned hist {5: 12, 6: 3215, 7: 266}
  frontier written 8 pruned 7
  reasons [('rule check failed: ANDI', 5337), ('rule check failed: ORI1', 5021), ('rule check failed: ORI2', 2512), ('rule check failed: IMPI', 2203), ('rule check failed: ANDE1', 2026), ('final formula is not the conclusion', 2010)]
[p2/ei_depth3_f0_a1_s8 r2] targets (cumulative 64 attempts) SOLVED 189/1000 = 0.189 [0.166,0.214]
  len 7: 1/166 = 0.006 [0.001,0.033]
  len 8: 3/166 = 0.018 [0.006,0.052]
  len 9: 1/166 = 0.006 [0.001,0.033]
  len 10: 51/166 = 0.307 [0.242,0.381]
  len 11: 54/166 = 0.325 [0.259,0.400]
  len 12: 79/170 = 0.465 [0.391,0.540]
  written hist {7: 4574, 8: 39}
  pruned hist {5: 13, 6: 4274, 7: 326}
  frontier written 8 pruned 7
  reasons []
[p2/ei_depth3_f0_a1_s8 r2] transfer (this round, pass@32) SOLVED 96/500 = 0.192 [0.160,0.229]
  len 7: 0/83 = 0.000 [0.000,0.044]
  len 8: 0/83 = 0.000 [0.000,0.044]
  len 9: 0/83 = 0.000 [0.000,0.044]
  len 10: 28/83 = 0.337 [0.245,0.444]
  len 11: 28/83 = 0.337 [0.245,0.444]
  len 12: 40/85 = 0.471 [0.368,0.576]
  written hist {7: 1634}
  pruned hist {5: 20, 6: 1482, 7: 132}
  frontier written 7 pruned 7
  reasons [('rule check failed: ORI1', 2869), ('rule check failed: ANDI', 2343), ('rule check failed: ORI2', 1311), ('rule check failed: IMPI', 1114), ('final formula is not the conclusion', 1018), ('rule check failed: ANDE1', 854)]
[p2/ei_depth3_f0_a1_s8 r2] transfer (cumulative 64 attempts) SOLVED 99/500 = 0.198 [0.165,0.235]
  len 7: 0/83 = 0.000 [0.000,0.044]
  len 8: 0/83 = 0.000 [0.000,0.044]
  len 9: 0/83 = 0.000 [0.000,0.044]
  len 10: 29/83 = 0.349 [0.256,0.457]
  len 11: 28/83 = 0.337 [0.245,0.444]
  len 12: 42/85 = 0.494 [0.390,0.598]
  written hist {7: 2168}
  pruned hist {5: 32, 6: 1956, 7: 180}
  frontier written 7 pruned 7
  reasons []
[p2/ei_depth3_f0_a1_s8 r2] transfer greedy SOLVED 78/500 = 0.156 [0.127,0.190]
  len 7: 0/83 = 0.000 [0.000,0.044]
  len 8: 0/83 = 0.000 [0.000,0.044]
  len 9: 0/83 = 0.000 [0.000,0.044]
  len 10: 25/83 = 0.301 [0.213,0.407]
  len 11: 22/83 = 0.265 [0.182,0.369]
  len 12: 31/85 = 0.365 [0.270,0.471]
  written hist {7: 78}
  pruned hist {5: 1, 6: 71, 7: 6}
  frontier written 7 pruned 7
  reasons [('rule check failed: ORI1', 90), ('rule check failed: ANDI', 74), ('rule check failed: ORI2', 43), ('rule check failed: IMPI', 37), ('rule check failed: DN', 30), ('final formula is not the conclusion', 27)]
[p2/ei_depth3_f0_a1_s8 r2] heldout greedy SOLVED 4358/5000 = 0.872 [0.862,0.881]
  len 2: 997/1000 = 0.997 [0.991,0.999]
  len 3: 986/1000 = 0.986 [0.977,0.992]
  len 4: 960/1000 = 0.960 [0.946,0.970]
  len 5: 926/1000 = 0.926 [0.908,0.941]
  len 6: 489/1000 = 0.489 [0.458,0.520]
  written hist {2: 1023, 3: 975, 4: 946, 5: 958, 6: 456}
  pruned hist {2: 1024, 3: 976, 4: 945, 5: 959, 6: 454}
  frontier written 6 pruned 6
  reasons [('rule check failed: ANDI', 97), ('bad box cite', 84), ('rule check failed: IMPI', 77), ('rule check failed: ORI1', 73), ('rule check failed: ORI2', 51), ('rule check failed: ANDE1', 50)]
python3 train.py --data artifacts/p2/ei_depth3_f0_a1_s8/mix_2.jsonl --init ckpts/p2/ei_depth3_f0_a1_s8_r1.pt --steps 600 --lr 0.0003 --min_lr 2.9999999999999997e-05 --warmup 50 --cap 0 --out ckpts/p2/ei_depth3_f0_a1_s8_r2.pt --seed 8002 --log_every 200
params 3210240 mode abs shift True
train records 22936 max len 444
step 200 loss 0.0570 lr 2.53e-04 10s
step 400 loss 0.0559 lr 1.09e-04 18s
step 600 loss 0.0527 lr 3.00e-05 28s
saved ckpts/p2/ei_depth3_f0_a1_s8_r2.pt
=== round 2 done in 245s; new proofs 2939; cum targets solved 189
[p2/ei_depth3_f0_a1_s8 r3] targets (this round, pass@32) SOLVED 217/1000 = 0.217 [0.193,0.244]
  len 7: 2/166 = 0.012 [0.003,0.043]
  len 8: 9/166 = 0.054 [0.029,0.100]
  len 9: 7/166 = 0.042 [0.021,0.084]
  len 10: 55/166 = 0.331 [0.264,0.406]
  len 11: 59/166 = 0.355 [0.287,0.431]
  len 12: 85/170 = 0.500 [0.426,0.574]
  written hist {7: 3333, 8: 125}
  pruned hist {5: 13, 6: 2963, 7: 480, 8: 2}
  frontier written 8 pruned 7
  reasons [('rule check failed: ANDI', 4275), ('rule check failed: ORI1', 3935), ('rule check failed: ORI2', 3210), ('rule check failed: IMPI', 2835), ('final formula is not the conclusion', 2057), ('rule check failed: ANDE1', 1457)]
[p2/ei_depth3_f0_a1_s8 r3] targets (cumulative 96 attempts) SOLVED 217/1000 = 0.217 [0.193,0.244]
  len 7: 2/166 = 0.012 [0.003,0.043]
  len 8: 9/166 = 0.054 [0.029,0.100]
  len 9: 7/166 = 0.042 [0.021,0.084]
  len 10: 55/166 = 0.331 [0.264,0.406]
  len 11: 59/166 = 0.355 [0.287,0.431]
  len 12: 85/170 = 0.500 [0.426,0.574]
  written hist {7: 6132, 8: 142}
  pruned hist {5: 24, 6: 5589, 7: 659, 8: 2}
  frontier written 8 pruned 7
  reasons []
[p2/ei_depth3_f0_a1_s8 r3] transfer (this round, pass@32) SOLVED 102/500 = 0.204 [0.171,0.242]
  len 7: 0/83 = 0.000 [0.000,0.044]
  len 8: 2/83 = 0.024 [0.007,0.084]
  len 9: 2/83 = 0.024 [0.007,0.084]
  len 10: 29/83 = 0.349 [0.256,0.457]
  len 11: 29/83 = 0.349 [0.256,0.457]
  len 12: 40/85 = 0.471 [0.368,0.576]
  written hist {7: 1584}
  pruned hist {5: 27, 6: 1359, 7: 198}
  frontier written 7 pruned 7
  reasons [('rule check failed: ORI1', 2038), ('rule check failed: ANDI', 1985), ('rule check failed: IMPI', 1624), ('rule check failed: ORI2', 1425), ('final formula is not the conclusion', 1111), ('rule check failed: DN', 771)]
[p2/ei_depth3_f0_a1_s8 r3] transfer (cumulative 96 attempts) SOLVED 110/500 = 0.220 [0.186,0.258]
  len 7: 0/83 = 0.000 [0.000,0.044]
  len 8: 2/83 = 0.024 [0.007,0.084]
  len 9: 2/83 = 0.024 [0.007,0.084]
  len 10: 31/83 = 0.373 [0.277,0.481]
  len 11: 31/83 = 0.373 [0.277,0.481]
  len 12: 44/85 = 0.518 [0.413,0.621]
  written hist {7: 2936}
  pruned hist {5: 49, 6: 2567, 7: 320}
  frontier written 7 pruned 7
  reasons []
[p2/ei_depth3_f0_a1_s8 r3] transfer greedy SOLVED 89/500 = 0.178 [0.147,0.214]
  len 7: 0/83 = 0.000 [0.000,0.044]
  len 8: 2/83 = 0.024 [0.007,0.084]
  len 9: 1/83 = 0.012 [0.002,0.065]
  len 10: 26/83 = 0.313 [0.224,0.419]
  len 11: 23/83 = 0.277 [0.192,0.382]
  len 12: 37/85 = 0.435 [0.335,0.541]
  written hist {7: 89}
  pruned hist {5: 2, 6: 77, 7: 10}
  frontier written 7 pruned 7
  reasons [('rule check failed: ANDI', 63), ('rule check failed: ORI1', 62), ('rule check failed: IMPI', 52), ('rule check failed: ORI2', 45), ('final formula is not the conclusion', 35), ('rule check failed: DN', 27)]
[p2/ei_depth3_f0_a1_s8 r3] heldout greedy SOLVED 4348/5000 = 0.870 [0.860,0.879]
  len 2: 995/1000 = 0.995 [0.988,0.998]
  len 3: 984/1000 = 0.984 [0.974,0.990]
  len 4: 952/1000 = 0.952 [0.937,0.964]
  len 5: 933/1000 = 0.933 [0.916,0.947]
  len 6: 484/1000 = 0.484 [0.453,0.515]
  written hist {2: 1021, 3: 967, 4: 940, 5: 969, 6: 451}
  pruned hist {2: 1021, 3: 969, 4: 944, 5: 965, 6: 449}
  frontier written 6 pruned 6
  reasons [('rule check failed: IMPI', 129), ('rule check failed: ANDI', 78), ('bad box cite', 74), ('rule check failed: ORI2', 62), ('rule check failed: ORI1', 55), ('rule check failed: NEGE', 51)]
python3 train.py --data artifacts/p2/ei_depth3_f0_a1_s8/mix_3.jsonl --init ckpts/p2/ei_depth3_f0_a1_s8_r2.pt --steps 600 --lr 0.0003 --min_lr 2.9999999999999997e-05 --warmup 50 --cap 0 --out ckpts/p2/ei_depth3_f0_a1_s8_r3.pt --seed 8003 --log_every 200
params 3210240 mode abs shift True
train records 23360 max len 444
step 200 loss 0.0546 lr 2.53e-04 10s
step 400 loss 0.0527 lr 1.09e-04 19s
step 600 loss 0.0536 lr 3.00e-05 29s
saved ckpts/p2/ei_depth3_f0_a1_s8_r3.pt
=== round 3 done in 253s; new proofs 1661; cum targets solved 217
[p2/ei_depth3_f0_a1_s8 r4] targets (this round, pass@32) SOLVED 254/1000 = 0.254 [0.228,0.282]
  len 7: 14/166 = 0.084 [0.051,0.137]
  len 8: 16/166 = 0.096 [0.060,0.151]
  len 9: 14/166 = 0.084 [0.051,0.137]
  len 10: 56/166 = 0.337 [0.270,0.412]
  len 11: 64/166 = 0.386 [0.315,0.461]
  len 12: 90/170 = 0.529 [0.455,0.603]
  written hist {7: 3843, 8: 145}
  pruned hist {5: 38, 6: 3130, 7: 798, 8: 22}
  frontier written 8 pruned 8
  reasons [('rule check failed: ANDI', 4034), ('rule check failed: ORI1', 3934), ('rule check failed: IMPI', 2709), ('rule check failed: ORI2', 1911), ('final formula is not the conclusion', 1861), ('rule check failed: DN', 1705)]
[p2/ei_depth3_f0_a1_s8 r4] targets (cumulative 128 attempts) SOLVED 254/1000 = 0.254 [0.228,0.282]
  len 7: 14/166 = 0.084 [0.051,0.137]
  len 8: 16/166 = 0.096 [0.060,0.151]
  len 9: 14/166 = 0.084 [0.051,0.137]
  len 10: 56/166 = 0.337 [0.270,0.412]
  len 11: 64/166 = 0.386 [0.315,0.461]
  len 12: 90/170 = 0.529 [0.455,0.603]
  written hist {7: 7503, 8: 212}
  pruned hist {5: 56, 6: 6476, 7: 1160, 8: 23}
  frontier written 8 pruned 8
  reasons []
[p2/ei_depth3_f0_a1_s8 r4] transfer (this round, pass@32) SOLVED 119/500 = 0.238 [0.203,0.277]
  len 7: 6/83 = 0.072 [0.034,0.149]
  len 8: 7/83 = 0.084 [0.041,0.164]
  len 9: 5/83 = 0.060 [0.026,0.133]
  len 10: 31/83 = 0.373 [0.277,0.481]
  len 11: 31/83 = 0.373 [0.277,0.481]
  len 12: 39/85 = 0.459 [0.357,0.564]
  written hist {7: 1715, 8: 6}
  pruned hist {5: 17, 6: 1441, 7: 259, 8: 4}
  frontier written 8 pruned 7
  reasons [('rule check failed: ORI1', 2404), ('rule check failed: ANDI', 1832), ('rule check failed: IMPI', 1454), ('final formula is not the conclusion', 1085), ('rule check failed: DN', 940), ('rule check failed: ORI2', 875)]
[p2/ei_depth3_f0_a1_s8 r4] transfer (cumulative 128 attempts) SOLVED 128/500 = 0.256 [0.220,0.296]
  len 7: 6/83 = 0.072 [0.034,0.149]
  len 8: 7/83 = 0.084 [0.041,0.164]
  len 9: 5/83 = 0.060 [0.026,0.133]
  len 10: 32/83 = 0.386 [0.288,0.493]
  len 11: 32/83 = 0.386 [0.288,0.493]
  len 12: 46/85 = 0.541 [0.436,0.643]
  written hist {7: 3522, 8: 6}
  pruned hist {5: 53, 6: 2986, 7: 485, 8: 4}
  frontier written 8 pruned 7
  reasons []
[p2/ei_depth3_f0_a1_s8 r4] transfer greedy SOLVED 96/500 = 0.192 [0.160,0.229]
  len 7: 0/83 = 0.000 [0.000,0.044]
  len 8: 4/83 = 0.048 [0.019,0.117]
  len 9: 4/83 = 0.048 [0.019,0.117]
  len 10: 28/83 = 0.337 [0.245,0.444]
  len 11: 25/83 = 0.301 [0.213,0.407]
  len 12: 35/85 = 0.412 [0.313,0.518]
  written hist {7: 96}
  pruned hist {5: 1, 6: 81, 7: 14}
  frontier written 7 pruned 7
  reasons [('rule check failed: ORI1', 73), ('rule check failed: ANDI', 59), ('rule check failed: IMPI', 43), ('final formula is not the conclusion', 33), ('rule check failed: ORI2', 31), ('rule check failed: DN', 30)]
[p2/ei_depth3_f0_a1_s8 r4] heldout greedy SOLVED 4422/5000 = 0.884 [0.875,0.893]
  len 2: 997/1000 = 0.997 [0.991,0.999]
  len 3: 987/1000 = 0.987 [0.978,0.992]
  len 4: 962/1000 = 0.962 [0.948,0.972]
  len 5: 921/1000 = 0.921 [0.903,0.936]
  len 6: 555/1000 = 0.555 [0.524,0.586]
  written hist {2: 1013, 3: 980, 4: 947, 5: 957, 6: 525}
  pruned hist {2: 1013, 3: 982, 4: 948, 5: 956, 6: 523}
  frontier written 6 pruned 6
  reasons [('rule check failed: IMPI', 123), ('rule check failed: ANDI', 74), ('rule check failed: NEGE', 67), ('rule check failed: ORI1', 60), ('rule check failed: DN', 44), ('bad box cite', 39)]
python3 train.py --data artifacts/p2/ei_depth3_f0_a1_s8/mix_4.jsonl --init ckpts/p2/ei_depth3_f0_a1_s8_r3.pt --steps 600 --lr 0.0003 --min_lr 2.9999999999999997e-05 --warmup 50 --cap 0 --out ckpts/p2/ei_depth3_f0_a1_s8_r4.pt --seed 8004 --log_every 200
params 3210240 mode abs shift True
train records 23908 max len 367
step 200 loss 0.0527 lr 2.53e-04 9s
step 400 loss 0.0515 lr 1.09e-04 19s
step 600 loss 0.0535 lr 3.00e-05 29s
saved ckpts/p2/ei_depth3_f0_a1_s8_r4.pt
=== round 4 done in 261s; new proofs 1441; cum targets solved 254
[p2/ei_depth3_f0_a1_s8 r5] targets (this round, pass@32) SOLVED 360/1000 = 0.360 [0.331,0.390]
  len 7: 84/166 = 0.506 [0.431,0.581]
  len 8: 33/166 = 0.199 [0.145,0.266]
  len 9: 17/166 = 0.102 [0.065,0.158]
  len 10: 63/166 = 0.380 [0.309,0.455]
  len 11: 69/166 = 0.416 [0.343,0.492]
  len 12: 94/170 = 0.553 [0.478,0.626]
  written hist {7: 4833, 8: 338, 9: 5}
  pruned hist {5: 37, 6: 3195, 7: 1751, 8: 193}
  frontier written 9 pruned 8
  reasons [('rule check failed: ANDI', 4220), ('rule check failed: ORI1', 3256), ('rule check failed: ORI2', 2456), ('final formula is not the conclusion', 1920), ('rule check failed: NEGE', 1895), ('rule check failed: IMPI', 1566)]
[p2/ei_depth3_f0_a1_s8 r5] targets (cumulative 160 attempts) SOLVED 360/1000 = 0.360 [0.331,0.390]
  len 7: 84/166 = 0.506 [0.431,0.581]
  len 8: 33/166 = 0.199 [0.145,0.266]
  len 9: 17/166 = 0.102 [0.065,0.158]
  len 10: 63/166 = 0.380 [0.309,0.455]
  len 11: 69/166 = 0.416 [0.343,0.492]
  len 12: 94/170 = 0.553 [0.478,0.626]
  written hist {7: 9391, 8: 448, 9: 5}
  pruned hist {5: 80, 6: 7139, 7: 2423, 8: 202}
  frontier written 9 pruned 8
  reasons []
[p2/ei_depth3_f0_a1_s8 r5] transfer (this round, pass@32) SOLVED 169/500 = 0.338 [0.298,0.381]
  len 7: 33/83 = 0.398 [0.299,0.505]
  len 8: 16/83 = 0.193 [0.122,0.290]
  len 9: 8/83 = 0.096 [0.050,0.179]
  len 10: 32/83 = 0.386 [0.288,0.493]
  len 11: 36/83 = 0.434 [0.332,0.541]
  len 12: 44/85 = 0.518 [0.413,0.621]
  written hist {7: 2165, 8: 74, 9: 1}
  pruned hist {5: 20, 6: 1481, 7: 686, 8: 52, 9: 1}
  frontier written 8 pruned 8
  reasons [('rule check failed: ORI1', 2024), ('rule check failed: ANDI', 1699), ('rule check failed: ORI2', 1186), ('final formula is not the conclusion', 1147), ('rule check failed: NEGE', 988), ('rule check failed: IMPI', 931)]
[p2/ei_depth3_f0_a1_s8 r5] transfer (cumulative 160 attempts) SOLVED 174/500 = 0.348 [0.308,0.391]
  len 7: 33/83 = 0.398 [0.299,0.505]
  len 8: 17/83 = 0.205 [0.132,0.304]
  len 9: 8/83 = 0.096 [0.050,0.179]
  len 10: 33/83 = 0.398 [0.299,0.505]
  len 11: 36/83 = 0.434 [0.332,0.541]
  len 12: 47/85 = 0.553 [0.447,0.654]
  written hist {7: 4397, 8: 76, 9: 1}
  pruned hist {5: 60, 6: 3362, 7: 998, 8: 53, 9: 1}
  frontier written 8 pruned 8
  reasons []
[p2/ei_depth3_f0_a1_s8 r5] transfer greedy SOLVED 125/500 = 0.250 [0.214,0.290]
  len 7: 18/83 = 0.217 [0.142,0.317]
  len 8: 6/83 = 0.072 [0.034,0.149]
  len 9: 4/83 = 0.048 [0.019,0.117]
  len 10: 30/83 = 0.361 [0.266,0.469]
  len 11: 31/83 = 0.373 [0.277,0.481]
  len 12: 36/85 = 0.424 [0.324,0.530]
  written hist {7: 125}
  pruned hist {5: 1, 6: 89, 7: 35}
  frontier written 7 pruned 7
  reasons [('rule check failed: ORI1', 60), ('rule check failed: ANDI', 57), ('rule check failed: ORI2', 37), ('final formula is not the conclusion', 34), ('rule check failed: NEGE', 29), ('rule check failed: IMPI', 28)]
[p2/ei_depth3_f0_a1_s8 r5] heldout greedy SOLVED 4457/5000 = 0.891 [0.882,0.900]
  len 2: 996/1000 = 0.996 [0.990,0.998]
  len 3: 986/1000 = 0.986 [0.977,0.992]
  len 4: 959/1000 = 0.959 [0.945,0.970]
  len 5: 929/1000 = 0.929 [0.911,0.943]
  len 6: 587/1000 = 0.587 [0.556,0.617]
  written hist {2: 1013, 3: 978, 4: 946, 5: 969, 6: 551}
  pruned hist {2: 1013, 3: 979, 4: 950, 5: 966, 6: 549}
  frontier written 6 pruned 6
  reasons [('rule check failed: NEGE', 102), ('rule check failed: IMPI', 90), ('rule check failed: ANDI', 65), ('final formula is not the conclusion', 48), ('rule check failed: ORI2', 35), ('rule check failed: DN', 34)]
python3 train.py --data artifacts/p2/ei_depth3_f0_a1_s8/mix_5.jsonl --init ckpts/p2/ei_depth3_f0_a1_s8_r4.pt --steps 600 --lr 0.0003 --min_lr 2.9999999999999997e-05 --warmup 50 --cap 0 --out ckpts/p2/ei_depth3_f0_a1_s8_r5.pt --seed 8005 --log_every 200
params 3210240 mode abs shift True
train records 25460 max len 360
step 200 loss 0.0494 lr 2.53e-04 9s
step 400 loss 0.0490 lr 1.09e-04 19s
step 600 loss 0.0516 lr 3.00e-05 29s
saved ckpts/p2/ei_depth3_f0_a1_s8_r5.pt
=== round 5 done in 266s; new proofs 2129; cum targets solved 360
[p2/ei_depth3_f0_a1_s8 r6] targets (this round, pass@32) SOLVED 510/1000 = 0.510 [0.479,0.541]
  len 7: 155/166 = 0.934 [0.885,0.963]
  len 8: 90/166 = 0.542 [0.466,0.616]
  len 9: 24/166 = 0.145 [0.099,0.206]
  len 10: 69/166 = 0.416 [0.343,0.492]
  len 11: 75/166 = 0.452 [0.378,0.528]
  len 12: 97/170 = 0.571 [0.495,0.643]
  written hist {7: 6243, 8: 857, 9: 30}
  pruned hist {5: 30, 6: 3264, 7: 3123, 8: 693, 9: 20}
  frontier written 9 pruned 9
  reasons [('rule check failed: ANDI', 4166), ('rule check failed: ORI1', 2700), ('rule check failed: NEGE', 1891), ('rule check failed: DN', 1394), ('rule check failed: ORI2', 1145), ('rule check failed: ANDE1', 1105)]
[p2/ei_depth3_f0_a1_s8 r6] targets (cumulative 192 attempts) SOLVED 510/1000 = 0.510 [0.479,0.541]
  len 7: 155/166 = 0.934 [0.885,0.963]
  len 8: 90/166 = 0.542 [0.466,0.616]
  len 9: 24/166 = 0.145 [0.099,0.206]
  len 10: 69/166 = 0.416 [0.343,0.492]
  len 11: 75/166 = 0.452 [0.378,0.528]
  len 12: 97/170 = 0.571 [0.495,0.643]
  written hist {7: 11921, 8: 1092, 9: 31}
  pruned hist {5: 93, 6: 7601, 7: 4542, 8: 788, 9: 20}
  frontier written 9 pruned 9
  reasons []
[p2/ei_depth3_f0_a1_s8 r6] transfer (this round, pass@32) SOLVED 254/500 = 0.508 [0.464,0.552]
  len 7: 70/83 = 0.843 [0.750,0.906]
  len 8: 50/83 = 0.602 [0.495,0.701]
  len 9: 15/83 = 0.181 [0.113,0.277]
  len 10: 38/83 = 0.458 [0.355,0.565]
  len 11: 36/83 = 0.434 [0.332,0.541]
  len 12: 45/85 = 0.529 [0.424,0.632]
  written hist {7: 2871, 8: 437, 9: 9}
  pruned hist {5: 37, 6: 1564, 7: 1290, 8: 417, 9: 9}
  frontier written 9 pruned 9
  reasons [('rule check failed: ANDI', 1865), ('rule check failed: ORI1', 1552), ('rule check failed: NEGE', 1037), ('rule check failed: DN', 832), ('rule check failed: ORI2', 549), ('rule check failed: IMPE', 490)]
[p2/ei_depth3_f0_a1_s8 r6] transfer (cumulative 192 attempts) SOLVED 264/500 = 0.528 [0.484,0.571]
  len 7: 71/83 = 0.855 [0.764,0.915]
  len 8: 51/83 = 0.614 [0.507,0.712]
  len 9: 15/83 = 0.181 [0.113,0.277]
  len 10: 38/83 = 0.458 [0.355,0.565]
  len 11: 38/83 = 0.458 [0.355,0.565]
  len 12: 51/85 = 0.600 [0.494,0.698]
  written hist {7: 5580, 8: 480, 9: 9}
  pruned hist {5: 71, 6: 3626, 7: 1917, 8: 446, 9: 9}
  frontier written 9 pruned 9
  reasons []
[p2/ei_depth3_f0_a1_s8 r6] transfer greedy SOLVED 206/500 = 0.412 [0.370,0.456]
  len 7: 59/83 = 0.711 [0.606,0.797]
  len 8: 34/83 = 0.410 [0.310,0.517]
  len 9: 9/83 = 0.108 [0.058,0.193]
  len 10: 31/83 = 0.373 [0.277,0.481]
  len 11: 35/83 = 0.422 [0.321,0.529]
  len 12: 38/85 = 0.447 [0.346,0.553]
  written hist {7: 177, 8: 29}
  pruned hist {5: 2, 6: 93, 7: 83, 8: 28}
  frontier written 8 pruned 8
  reasons [('rule check failed: ANDI', 60), ('rule check failed: ORI1', 47), ('rule check failed: NEGE', 32), ('rule check failed: DN', 28), ('rule check failed: ORI2', 18), ('rule check failed: IMPE', 16)]
[p2/ei_depth3_f0_a1_s8 r6] heldout greedy SOLVED 4498/5000 = 0.900 [0.891,0.908]
  len 2: 997/1000 = 0.997 [0.991,0.999]
  len 3: 988/1000 = 0.988 [0.979,0.993]
  len 4: 960/1000 = 0.960 [0.946,0.970]
  len 5: 937/1000 = 0.937 [0.920,0.950]
  len 6: 616/1000 = 0.616 [0.585,0.646]
  written hist {2: 1021, 3: 975, 4: 944, 5: 982, 6: 534, 7: 42}
  pruned hist {2: 1021, 3: 975, 4: 945, 5: 983, 6: 532, 7: 42}
  frontier written 7 pruned 7
  reasons [('rule check failed: ORI2', 93), ('rule check failed: ANDI', 76), ('rule check failed: DN', 58), ('rule check failed: ORI1', 45), ('rule check failed: IMPI', 39), ('bad box cite', 33)]
python3 train.py --data artifacts/p2/ei_depth3_f0_a1_s8/mix_6.jsonl --init ckpts/p2/ei_depth3_f0_a1_s8_r5.pt --steps 600 --lr 0.0003 --min_lr 2.9999999999999997e-05 --warmup 50 --cap 0 --out ckpts/p2/ei_depth3_f0_a1_s8_r6.pt --seed 8006 --log_every 200
params 3210240 mode abs shift True
train records 27872 max len 370
step 200 loss 0.0465 lr 2.53e-04 11s
step 400 loss 0.0423 lr 1.09e-04 22s
step 600 loss 0.0378 lr 3.00e-05 34s
saved ckpts/p2/ei_depth3_f0_a1_s8_r6.pt
=== round 6 done in 277s; new proofs 3200; cum targets solved 510
[p2/ei_depth3_f0_a1_s8 r7] targets (this round, pass@32) SOLVED 557/1000 = 0.557 [0.526,0.588]
  len 7: 157/166 = 0.946 [0.900,0.971]
  len 8: 120/166 = 0.723 [0.650,0.785]
  len 9: 29/166 = 0.175 [0.124,0.240]
  len 10: 71/166 = 0.428 [0.355,0.504]
  len 11: 80/166 = 0.482 [0.407,0.557]
  len 12: 100/170 = 0.588 [0.513,0.659]
  written hist {7: 6452, 8: 1218, 9: 56}
  pruned hist {5: 46, 6: 3413, 7: 3182, 8: 1041, 9: 44}
  frontier written 9 pruned 9
  reasons [('rule check failed: ANDI', 3952), ('rule check failed: ORI1', 2787), ('rule check failed: DN', 1322), ('rule check failed: ORI2', 1075), ('rule check failed: ANDE1', 823), ('rule check failed: NEGE', 822)]
[p2/ei_depth3_f0_a1_s8 r7] targets (cumulative 224 attempts) SOLVED 557/1000 = 0.557 [0.526,0.588]
  len 7: 157/166 = 0.946 [0.900,0.971]
  len 8: 120/166 = 0.723 [0.650,0.785]
  len 9: 29/166 = 0.175 [0.124,0.240]
  len 10: 71/166 = 0.428 [0.355,0.504]
  len 11: 80/166 = 0.482 [0.407,0.557]
  len 12: 100/170 = 0.588 [0.513,0.659]
  written hist {7: 13555, 8: 1756, 9: 70}
  pruned hist {5: 105, 6: 8065, 7: 5751, 8: 1407, 9: 53}
  frontier written 9 pruned 9
  reasons []
[p2/ei_depth3_f0_a1_s8 r7] transfer (this round, pass@32) SOLVED 277/500 = 0.554 [0.510,0.597]
  len 7: 75/83 = 0.904 [0.821,0.950]
  len 8: 63/83 = 0.759 [0.657,0.838]
  len 9: 17/83 = 0.205 [0.132,0.304]
  len 10: 38/83 = 0.458 [0.355,0.565]
  len 11: 38/83 = 0.458 [0.355,0.565]
  len 12: 46/85 = 0.541 [0.436,0.643]
  written hist {7: 2901, 8: 555, 9: 36}
  pruned hist {5: 39, 6: 1577, 7: 1316, 8: 529, 9: 31}
  frontier written 9 pruned 9
  reasons [('rule check failed: ANDI', 1796), ('rule check failed: ORI1', 1723), ('rule check failed: DN', 1007), ('rule check failed: NEGE', 618), ('rule check failed: IMPE', 498), ('rule check failed: ORI2', 448)]
[p2/ei_depth3_f0_a1_s8 r7] transfer (cumulative 224 attempts) SOLVED 292/500 = 0.584 [0.540,0.626]
  len 7: 75/83 = 0.904 [0.821,0.950]
  len 8: 65/83 = 0.783 [0.683,0.858]
  len 9: 18/83 = 0.217 [0.142,0.317]
  len 10: 41/83 = 0.494 [0.389,0.599]
  len 11: 40/83 = 0.482 [0.378,0.588]
  len 12: 53/85 = 0.624 [0.517,0.719]
  written hist {7: 6302, 8: 779, 9: 41}
  pruned hist {5: 86, 6: 3815, 7: 2454, 8: 731, 9: 36}
  frontier written 9 pruned 9
  reasons []
[p2/ei_depth3_f0_a1_s8 r7] transfer greedy SOLVED 229/500 = 0.458 [0.415,0.502]
  len 7: 65/83 = 0.783 [0.683,0.858]
  len 8: 53/83 = 0.639 [0.531,0.734]
  len 9: 7/83 = 0.084 [0.041,0.164]
  len 10: 31/83 = 0.373 [0.277,0.481]
  len 11: 35/83 = 0.422 [0.321,0.529]
  len 12: 38/85 = 0.447 [0.346,0.553]
  written hist {7: 181, 8: 48}
  pruned hist {5: 1, 6: 92, 7: 89, 8: 47}
  frontier written 8 pruned 8
  reasons [('rule check failed: ANDI', 59), ('rule check failed: ORI1', 55), ('rule check failed: DN', 33), ('rule check failed: NEGE', 18), ('rule check failed: IMPE', 15), ('rule check failed: ORI2', 12)]
[p2/ei_depth3_f0_a1_s8 r7] heldout greedy SOLVED 4579/5000 = 0.916 [0.908,0.923]
  len 2: 997/1000 = 0.997 [0.991,0.999]
  len 3: 985/1000 = 0.985 [0.975,0.991]
  len 4: 951/1000 = 0.951 [0.936,0.963]
  len 5: 938/1000 = 0.938 [0.921,0.951]
  len 6: 708/1000 = 0.708 [0.679,0.735]
  written hist {2: 1017, 3: 980, 4: 937, 5: 973, 6: 642, 7: 30}
  pruned hist {2: 1017, 3: 981, 4: 940, 5: 970, 6: 641, 7: 30}
  frontier written 7 pruned 7
  reasons [('rule check failed: ANDI', 79), ('rule check failed: DN', 57), ('rule check failed: ORI2', 51), ('rule check failed: IMPI', 40), ('rule check failed: IMPE', 31), ('rule check failed: ORI1', 30)]
python3 train.py --data artifacts/p2/ei_depth3_f0_a1_s8/mix_7.jsonl --init ckpts/p2/ei_depth3_f0_a1_s8_r6.pt --steps 600 --lr 0.0003 --min_lr 2.9999999999999997e-05 --warmup 50 --cap 0 --out ckpts/p2/ei_depth3_f0_a1_s8_r7.pt --seed 8007 --log_every 200
params 3210240 mode abs shift True
train records 28792 max len 361
step 200 loss 0.0455 lr 2.53e-04 13s
step 400 loss 0.0363 lr 1.09e-04 25s
step 600 loss 0.0433 lr 3.00e-05 37s
saved ckpts/p2/ei_depth3_f0_a1_s8_r7.pt
=== round 7 done in 283s; new proofs 2337; cum targets solved 557
[p2/ei_depth3_f0_a1_s8 r8] targets (this round, pass@32) SOLVED 582/1000 = 0.582 [0.551,0.612]
  len 7: 158/166 = 0.952 [0.908,0.975]
  len 8: 126/166 = 0.759 [0.689,0.818]
  len 9: 40/166 = 0.241 [0.182,0.311]
  len 10: 73/166 = 0.440 [0.366,0.516]
  len 11: 83/166 = 0.500 [0.425,0.575]
  len 12: 102/170 = 0.600 [0.525,0.671]
  written hist {7: 6444, 8: 1399, 9: 110}
  pruned hist {5: 43, 6: 3557, 7: 3079, 8: 1185, 9: 89}
  frontier written 9 pruned 9
  reasons [('rule check failed: ANDI', 3751), ('rule check failed: ORI1', 2579), ('rule check failed: ORI2', 1090), ('rule check failed: DN', 1082), ('rule check failed: ANDE1', 774), ('rule check failed: NEGE', 652)]
[p2/ei_depth3_f0_a1_s8 r8] targets (cumulative 256 attempts) SOLVED 582/1000 = 0.582 [0.551,0.612]
  len 7: 158/166 = 0.952 [0.908,0.975]
  len 8: 126/166 = 0.759 [0.689,0.818]
  len 9: 40/166 = 0.241 [0.182,0.311]
  len 10: 73/166 = 0.440 [0.366,0.516]
  len 11: 83/166 = 0.500 [0.425,0.575]
  len 12: 102/170 = 0.600 [0.525,0.671]
  written hist {7: 14571, 8: 2231, 9: 134}
  pruned hist {5: 116, 6: 8489, 7: 6412, 8: 1813, 9: 106}
  frontier written 9 pruned 9
  reasons []
[p2/ei_depth3_f0_a1_s8 r8] transfer (this round, pass@32) SOLVED 288/500 = 0.576 [0.532,0.619]
  len 7: 74/83 = 0.892 [0.807,0.942]
  len 8: 63/83 = 0.759 [0.657,0.838]
  len 9: 23/83 = 0.277 [0.192,0.382]
  len 10: 42/83 = 0.506 [0.401,0.611]
  len 11: 41/83 = 0.494 [0.389,0.599]
  len 12: 45/85 = 0.529 [0.424,0.632]
  written hist {7: 2879, 8: 575, 9: 94}
  pruned hist {5: 38, 6: 1625, 7: 1259, 8: 545, 9: 81}
  frontier written 9 pruned 9
  reasons [('rule check failed: ORI1', 1630), ('rule check failed: ANDI', 1563), ('rule check failed: DN', 841), ('rule check failed: ORI2', 599), ('rule check failed: NEGE', 556), ('rule check failed: IMPE', 481)]
[p2/ei_depth3_f0_a1_s8 r8] transfer (cumulative 256 attempts) SOLVED 310/500 = 0.620 [0.577,0.661]
  len 7: 78/83 = 0.940 [0.867,0.974]
  len 8: 67/83 = 0.807 [0.710,0.878]
  len 9: 25/83 = 0.301 [0.213,0.407]
  len 10: 44/83 = 0.530 [0.424,0.634]
  len 11: 43/83 = 0.518 [0.412,0.622]
  len 12: 53/85 = 0.624 [0.517,0.719]
  written hist {7: 6811, 8: 980, 9: 110}
  pruned hist {5: 96, 6: 3984, 7: 2816, 8: 912, 9: 93}
  frontier written 9 pruned 9
  reasons []
[p2/ei_depth3_f0_a1_s8 r8] transfer greedy SOLVED 236/500 = 0.472 [0.429,0.516]
  len 7: 64/83 = 0.771 [0.670,0.848]
  len 8: 54/83 = 0.651 [0.543,0.744]
  len 9: 10/83 = 0.120 [0.067,0.208]
  len 10: 33/83 = 0.398 [0.299,0.505]
  len 11: 36/83 = 0.434 [0.332,0.541]
  len 12: 39/85 = 0.459 [0.357,0.564]
  written hist {7: 183, 8: 50, 9: 3}
  pruned hist {5: 2, 6: 96, 7: 88, 8: 47, 9: 3}
  frontier written 8 pruned 8
  reasons [('rule check failed: ANDI', 52), ('rule check failed: ORI1', 49), ('rule check failed: DN', 29), ('rule check failed: ORI2', 19), ('rule check failed: NEGE', 16), ('rule check failed: IMPE', 14)]
[p2/ei_depth3_f0_a1_s8 r8] heldout greedy SOLVED 4579/5000 = 0.916 [0.908,0.923]
  len 2: 997/1000 = 0.997 [0.991,0.999]
  len 3: 988/1000 = 0.988 [0.979,0.993]
  len 4: 962/1000 = 0.962 [0.948,0.972]
  len 5: 931/1000 = 0.931 [0.914,0.945]
  len 6: 701/1000 = 0.701 [0.672,0.729]
  written hist {2: 1018, 3: 978, 4: 944, 5: 978, 6: 611, 7: 50}
  pruned hist {2: 1018, 3: 979, 4: 948, 5: 977, 6: 607, 7: 50}
  frontier written 7 pruned 7
  reasons [('rule check failed: ANDI', 66), ('rule check failed: ORI2', 57), ('rule check failed: IMPI', 44), ('rule check failed: DN', 42), ('rule check failed: IMPE', 35), ('rule check failed: ORI1', 34)]
python3 train.py --data artifacts/p2/ei_depth3_f0_a1_s8/mix_8.jsonl --init ckpts/p2/ei_depth3_f0_a1_s8_r7.pt --steps 600 --lr 0.0003 --min_lr 2.9999999999999997e-05 --warmup 50 --cap 0 --out ckpts/p2/ei_depth3_f0_a1_s8_r8.pt --seed 8008 --log_every 200
params 3210240 mode abs shift True
train records 29168 max len 363
step 200 loss 0.0479 lr 2.53e-04 13s
step 400 loss 0.0415 lr 1.09e-04 26s
step 600 loss 0.0390 lr 3.00e-05 40s
saved ckpts/p2/ei_depth3_f0_a1_s8_r8.pt
=== round 8 done in 356s; new proofs 1555; cum targets solved 582
