mix artifacts/p2/ei_reductio_f0_s3_t2_ivS_mix.jsonl: own proofs 0 (0 theorems), sibling proofs 204 (51 theorems), retained 20000
python3 train.py --data artifacts/p2/ei_reductio_f0_s3_t2_ivS_mix.jsonl --init ckpts/p2/stage1_reductio_f0_s3.pt --steps 600 --lr 3e-4 --min_lr 3e-5 --warmup 50 --cap 0 --out ckpts/p2/ei_reductio_f0_s3_t2_ivS_r4t.pt --seed 3004 --log_every 200
params 3210240 mode abs shift True
train records 20816 max len 475
step 200 loss 0.0593 lr 2.53e-04 18s
step 400 loss 0.0525 lr 1.09e-04 36s
step 600 loss 0.0534 lr 3.00e-05 52s
saved ckpts/p2/ei_reductio_f0_s3_t2_ivS_r4t.pt
resumed 0 target proofs, 0 transfer proofs
[p2/ei_reductio_f0_s3_t2_ivS r5] targets (this round, pass@32) SOLVED 56/606 = 0.092 [0.072,0.118]
  len 7: 52/61 = 0.852 [0.743,0.920]
  len 8: 4/156 = 0.026 [0.010,0.064]
  len 9: 0/386 = 0.000 [0.000,0.010]
  len 12: 0/3 = 0.000 [0.000,0.562]
  written hist {7: 1129, 8: 92}
  pruned hist {7: 1171, 8: 50}
  frontier written 8 pruned 8
  reasons [('rule check failed: IMPE', 4199), ('rule check failed: IMPI', 3742), ('rule check failed: ANDI', 2724), ('bad line cite', 1272), ('rule check failed: ORI1', 857), ('rule check failed: ORI2', 804)]
[p2/ei_reductio_f0_s3_t2_ivS r5] targets (cumulative 160 attempts) SOLVED 56/606 = 0.092 [0.072,0.118]
  len 7: 52/61 = 0.852 [0.743,0.920]
  len 8: 4/156 = 0.026 [0.010,0.064]
  len 9: 0/386 = 0.000 [0.000,0.010]
  len 12: 0/3 = 0.000 [0.000,0.562]
  written hist {7: 1129, 8: 92}
  pruned hist {7: 1171, 8: 50}
  frontier written 8 pruned 8
  reasons []
[p2/ei_reductio_f0_s3_t2_ivS r5] transfer (this round, pass@32) SOLVED 24/300 = 0.080 [0.054,0.116]
  len 7: 22/30 = 0.733 [0.556,0.858]
  len 8: 2/75 = 0.027 [0.007,0.092]
  len 9: 0/195 = 0.000 [0.000,0.019]
  written hist {7: 491, 8: 20}
  pruned hist {7: 491, 8: 20}
  frontier written 8 pruned 8
  reasons [('rule check failed: IMPE', 2369), ('rule check failed: IMPI', 1643), ('rule check failed: ANDI', 1289), ('rule check failed: ORI2', 571), ('bad line cite', 553), ('rule check failed: ORI1', 407)]
[p2/ei_reductio_f0_s3_t2_ivS r5] transfer (cumulative 160 attempts) SOLVED 24/300 = 0.080 [0.054,0.116]
  len 7: 22/30 = 0.733 [0.556,0.858]
  len 8: 2/75 = 0.027 [0.007,0.092]
  len 9: 0/195 = 0.000 [0.000,0.019]
  written hist {7: 491, 8: 20}
  pruned hist {7: 491, 8: 20}
  frontier written 8 pruned 8
  reasons []
[p2/ei_reductio_f0_s3_t2_ivS r5] transfer greedy SOLVED 22/300 = 0.073 [0.049,0.109]
  len 7: 22/30 = 0.733 [0.556,0.858]
  len 8: 0/75 = 0.000 [0.000,0.049]
  len 9: 0/195 = 0.000 [0.000,0.019]
  written hist {7: 22}
  pruned hist {7: 22}
  frontier written 7 pruned 7
  reasons [('rule check failed: IMPE', 70), ('rule check failed: IMPI', 48), ('rule check failed: ANDI', 40), ('bad line cite', 23), ('rule check failed: ORI2', 17), ('line index mismatch at position 5', 17)]
[p2/ei_reductio_f0_s3_t2_ivS r5] heldout greedy SOLVED 4317/5000 = 0.863 [0.854,0.873]
  len 2: 996/1000 = 0.996 [0.990,0.998]
  len 3: 986/1000 = 0.986 [0.977,0.992]
  len 4: 950/1000 = 0.950 [0.935,0.962]
  len 5: 541/1000 = 0.541 [0.510,0.572]
  len 6: 844/1000 = 0.844 [0.820,0.865]
  written hist {2: 1031, 3: 978, 4: 985, 5: 584, 6: 739}
  pruned hist {2: 1031, 3: 980, 4: 987, 5: 583, 6: 736}
  frontier written 6 pruned 6
  reasons [('rule check failed: ANDI', 130), ('rule check failed: IMPE', 96), ('rule check failed: DN', 54), ('rule check failed: IMPI', 52), ('rule check failed: ORI2', 51), ('rule check failed: ORI1', 46)]
python3 train.py --data artifacts/p2/ei_reductio_f0_s3_t2_ivS/mix_5.jsonl --init ckpts/p2/ei_reductio_f0_s3_t2_ivS_r4t.pt --steps 600 --lr 0.0003 --min_lr 2.9999999999999997e-05 --warmup 50 --cap 0 --out ckpts/p2/ei_reductio_f0_s3_t2_ivS_r5.pt --seed 3005 --log_every 200
params 3210240 mode abs shift True
train records 20876 max len 602
step 200 loss 0.0611 lr 2.53e-04 20s
step 400 loss 0.0585 lr 1.09e-04 36s
step 600 loss 0.0599 lr 3.00e-05 51s
saved ckpts/p2/ei_reductio_f0_s3_t2_ivS_r5.pt
=== round 5 done in 343s; new proofs 1221; cum targets solved 56
[p2/ei_reductio_f0_s3_t2_ivS r6] targets (this round, pass@32) SOLVED 60/606 = 0.099 [0.078,0.125]
  len 7: 54/61 = 0.885 [0.782,0.943]
  len 8: 6/156 = 0.038 [0.018,0.081]
  len 9: 0/386 = 0.000 [0.000,0.010]
  len 12: 0/3 = 0.000 [0.000,0.562]
  written hist {7: 1020, 8: 98}
  pruned hist {7: 1066, 8: 52}
  frontier written 8 pruned 8
  reasons [('rule check failed: IMPE', 4493), ('rule check failed: IMPI', 3701), ('rule check failed: ANDI', 2182), ('rule check failed: ORI1', 1143), ('rule check failed: NEGE', 932), ('bad line cite', 885)]
[p2/ei_reductio_f0_s3_t2_ivS r6] targets (cumulative 192 attempts) SOLVED 60/606 = 0.099 [0.078,0.125]
  len 7: 54/61 = 0.885 [0.782,0.943]
  len 8: 6/156 = 0.038 [0.018,0.081]
  len 9: 0/386 = 0.000 [0.000,0.010]
  len 12: 0/3 = 0.000 [0.000,0.562]
  written hist {7: 1692, 8: 154}
  pruned hist {7: 1762, 8: 84}
  frontier written 8 pruned 8
  reasons []
[p2/ei_reductio_f0_s3_t2_ivS r6] transfer (this round, pass@32) SOLVED 29/300 = 0.097 [0.068,0.135]
  len 7: 25/30 = 0.833 [0.664,0.927]
  len 8: 4/75 = 0.053 [0.021,0.129]
  len 9: 0/195 = 0.000 [0.000,0.019]
  written hist {7: 430, 8: 34}
  pruned hist {7: 430, 8: 34}
  frontier written 8 pruned 8
  reasons [('rule check failed: IMPE', 2339), ('rule check failed: IMPI', 1719), ('rule check failed: ANDI', 1145), ('rule check failed: NEGE', 550), ('bad line cite', 542), ('rule check failed: ORI2', 517)]
[p2/ei_reductio_f0_s3_t2_ivS r6] transfer (cumulative 192 attempts) SOLVED 29/300 = 0.097 [0.068,0.135]
  len 7: 25/30 = 0.833 [0.664,0.927]
  len 8: 4/75 = 0.053 [0.021,0.129]
  len 9: 0/195 = 0.000 [0.000,0.019]
  written hist {7: 733, 8: 48}
  pruned hist {7: 733, 8: 48}
  frontier written 8 pruned 8
  reasons []
[p2/ei_reductio_f0_s3_t2_ivS r6] transfer greedy SOLVED 22/300 = 0.073 [0.049,0.109]
  len 7: 22/30 = 0.733 [0.556,0.858]
  len 8: 0/75 = 0.000 [0.000,0.049]
  len 9: 0/195 = 0.000 [0.000,0.019]
  written hist {7: 22}
  pruned hist {7: 22}
  frontier written 7 pruned 7
  reasons [('rule check failed: IMPE', 70), ('rule check failed: IMPI', 56), ('rule check failed: ANDI', 42), ('rule check failed: ORI2', 17), ('line index mismatch at position 5', 16), ('rule check failed: NEGE', 14)]
[p2/ei_reductio_f0_s3_t2_ivS r6] heldout greedy SOLVED 4307/5000 = 0.861 [0.852,0.871]
  len 2: 996/1000 = 0.996 [0.990,0.998]
  len 3: 988/1000 = 0.988 [0.979,0.993]
  len 4: 942/1000 = 0.942 [0.926,0.955]
  len 5: 533/1000 = 0.533 [0.502,0.564]
  len 6: 848/1000 = 0.848 [0.824,0.869]
  written hist {2: 1031, 3: 977, 4: 985, 5: 573, 6: 741}
  pruned hist {2: 1032, 3: 983, 4: 983, 5: 569, 6: 740}
  frontier written 6 pruned 6
  reasons [('rule check failed: ANDI', 128), ('rule check failed: IMPE', 116), ('rule check failed: ORI2', 60), ('rule check failed: DN', 57), ('rule check failed: ORI1', 50), ('rule check failed: IMPI', 46)]
python3 train.py --data artifacts/p2/ei_reductio_f0_s3_t2_ivS/mix_6.jsonl --init ckpts/p2/ei_reductio_f0_s3_t2_ivS_r5.pt --steps 600 --lr 0.0003 --min_lr 2.9999999999999997e-05 --warmup 50 --cap 0 --out ckpts/p2/ei_reductio_f0_s3_t2_ivS_r6.pt --seed 3006 --log_every 200
params 3210240 mode abs shift True
train records 20932 max len 480
step 200 loss 0.0614 lr 2.53e-04 17s
step 400 loss 0.0526 lr 1.09e-04 29s
step 600 loss 0.0526 lr 3.00e-05 43s
saved ckpts/p2/ei_reductio_f0_s3_t2_ivS_r6.pt
=== round 6 done in 281s; new proofs 625; cum targets solved 60
[p2/ei_reductio_f0_s3_t2_ivS r7] targets (this round, pass@32) SOLVED 71/606 = 0.117 [0.094,0.145]
  len 7: 60/61 = 0.984 [0.913,0.997]
  len 8: 11/156 = 0.071 [0.040,0.122]
  len 9: 0/386 = 0.000 [0.000,0.010]
  len 12: 0/3 = 0.000 [0.000,0.562]
  written hist {7: 961, 8: 139}
  pruned hist {7: 1000, 8: 100}
  frontier written 8 pruned 8
  reasons [('rule check failed: IMPE', 4329), ('rule check failed: IMPI', 3460), ('rule check failed: ANDI', 2547), ('bad line cite', 1423), ('rule check failed: ORI1', 964), ('rule check failed: ORI2', 766)]
[p2/ei_reductio_f0_s3_t2_ivS r7] targets (cumulative 224 attempts) SOLVED 71/606 = 0.117 [0.094,0.145]
  len 7: 60/61 = 0.984 [0.913,0.997]
  len 8: 11/156 = 0.071 [0.040,0.122]
  len 9: 0/386 = 0.000 [0.000,0.010]
  len 12: 0/3 = 0.000 [0.000,0.562]
  written hist {7: 2048, 8: 236}
  pruned hist {7: 2132, 8: 152}
  frontier written 8 pruned 8
  reasons []
[p2/ei_reductio_f0_s3_t2_ivS r7] transfer (this round, pass@32) SOLVED 33/300 = 0.110 [0.079,0.150]
  len 7: 26/30 = 0.867 [0.703,0.947]
  len 8: 7/75 = 0.093 [0.046,0.180]
  len 9: 0/195 = 0.000 [0.000,0.019]
  written hist {7: 407, 8: 46}
  pruned hist {7: 407, 8: 46}
  frontier written 8 pruned 8
  reasons [('rule check failed: IMPE', 2235), ('rule check failed: IMPI', 1675), ('rule check failed: ANDI', 1257), ('bad line cite', 590), ('rule check failed: ORI2', 558), ('rule check failed: ORI1', 439)]
[p2/ei_reductio_f0_s3_t2_ivS r7] transfer (cumulative 224 attempts) SOLVED 35/300 = 0.117 [0.085,0.158]
  len 7: 27/30 = 0.900 [0.744,0.965]
  len 8: 8/75 = 0.107 [0.055,0.197]
  len 9: 0/195 = 0.000 [0.000,0.019]
  written hist {7: 886, 8: 85}
  pruned hist {7: 886, 8: 85}
  frontier written 8 pruned 8
  reasons []
[p2/ei_reductio_f0_s3_t2_ivS r7] transfer greedy SOLVED 25/300 = 0.083 [0.057,0.120]
  len 7: 25/30 = 0.833 [0.664,0.927]
  len 8: 0/75 = 0.000 [0.000,0.049]
  len 9: 0/195 = 0.000 [0.000,0.019]
  written hist {7: 25}
  pruned hist {7: 25}
  frontier written 7 pruned 7
  reasons [('rule check failed: IMPE', 73), ('rule check failed: IMPI', 47), ('rule check failed: ANDI', 38), ('rule check failed: ORI2', 19), ('line index mismatch at position 4', 17), ('bad line cite', 15)]
[p2/ei_reductio_f0_s3_t2_ivS r7] heldout greedy SOLVED 4294/5000 = 0.859 [0.849,0.868]
  len 2: 997/1000 = 0.997 [0.991,0.999]
  len 3: 988/1000 = 0.988 [0.979,0.993]
  len 4: 946/1000 = 0.946 [0.930,0.958]
  len 5: 524/1000 = 0.524 [0.493,0.555]
  len 6: 839/1000 = 0.839 [0.815,0.860]
  written hist {2: 1034, 3: 981, 4: 991, 5: 566, 6: 722}
  pruned hist {2: 1034, 3: 981, 4: 995, 5: 564, 6: 720}
  frontier written 6 pruned 6
  reasons [('rule check failed: ANDI', 143), ('rule check failed: IMPE', 83), ('rule check failed: IMPI', 73), ('rule check failed: ORI2', 69), ('rule check failed: NEGE', 44), ('rule check failed: ORI1', 44)]
python3 train.py --data artifacts/p2/ei_reductio_f0_s3_t2_ivS/mix_7.jsonl --init ckpts/p2/ei_reductio_f0_s3_t2_ivS_r6.pt --steps 600 --lr 0.0003 --min_lr 2.9999999999999997e-05 --warmup 50 --cap 0 --out ckpts/p2/ei_reductio_f0_s3_t2_ivS_r7.pt --seed 3007 --log_every 200
params 3210240 mode abs shift True
train records 21096 max len 516
step 200 loss 0.0582 lr 2.53e-04 16s
step 400 loss 0.0579 lr 1.09e-04 30s
step 600 loss 0.0557 lr 3.00e-05 44s
saved ckpts/p2/ei_reductio_f0_s3_t2_ivS_r7.pt
=== round 7 done in 333s; new proofs 438; cum targets solved 71
[p2/ei_reductio_f0_s3_t2_ivS r8] targets (this round, pass@32) SOLVED 79/606 = 0.130 [0.106,0.160]
  len 7: 61/61 = 1.000 [0.941,1.000]
  len 8: 18/156 = 0.115 [0.074,0.175]
  len 9: 0/386 = 0.000 [0.000,0.010]
  len 12: 0/3 = 0.000 [0.000,0.562]
  written hist {7: 1037, 8: 261}
  pruned hist {7: 1081, 8: 217}
  frontier written 8 pruned 8
  reasons [('rule check failed: IMPE', 3954), ('rule check failed: IMPI', 3864), ('rule check failed: ANDI', 2276), ('rule check failed: ORI1', 1018), ('bad line cite', 945), ('rule check failed: ORI2', 883)]
[p2/ei_reductio_f0_s3_t2_ivS r8] targets (cumulative 256 attempts) SOLVED 79/606 = 0.130 [0.106,0.160]
  len 7: 61/61 = 1.000 [0.941,1.000]
  len 8: 18/156 = 0.115 [0.074,0.175]
  len 9: 0/386 = 0.000 [0.000,0.010]
  len 12: 0/3 = 0.000 [0.000,0.562]
  written hist {7: 2329, 8: 403}
  pruned hist {7: 2423, 8: 309}
  frontier written 8 pruned 8
  reasons []
[p2/ei_reductio_f0_s3_t2_ivS r8] transfer (this round, pass@32) SOLVED 36/300 = 0.120 [0.088,0.162]
  len 7: 28/30 = 0.933 [0.787,0.982]
  len 8: 8/75 = 0.107 [0.055,0.197]
  len 9: 0/195 = 0.000 [0.000,0.019]
  written hist {7: 454, 8: 65}
  pruned hist {7: 454, 8: 65}
  frontier written 8 pruned 8
  reasons [('rule check failed: IMPE', 2190), ('rule check failed: IMPI', 1765), ('rule check failed: ANDI', 1208), ('rule check failed: ORI2', 589), ('rule check failed: ORI1', 504), ('bad line cite', 458)]
[p2/ei_reductio_f0_s3_t2_ivS r8] transfer (cumulative 256 attempts) SOLVED 38/300 = 0.127 [0.094,0.169]
  len 7: 29/30 = 0.967 [0.833,0.994]
  len 8: 9/75 = 0.120 [0.064,0.213]
  len 9: 0/195 = 0.000 [0.000,0.019]
  written hist {7: 1033, 8: 130}
  pruned hist {7: 1033, 8: 130}
  frontier written 8 pruned 8
  reasons []
[p2/ei_reductio_f0_s3_t2_ivS r8] transfer greedy SOLVED 30/300 = 0.100 [0.071,0.139]
  len 7: 27/30 = 0.900 [0.744,0.965]
  len 8: 3/75 = 0.040 [0.014,0.111]
  len 9: 0/195 = 0.000 [0.000,0.019]
  written hist {7: 27, 8: 3}
  pruned hist {7: 27, 8: 3}
  frontier written 7 pruned 7
  reasons [('rule check failed: IMPE', 68), ('rule check failed: IMPI', 57), ('rule check failed: ANDI', 43), ('rule check failed: ORI1', 18), ('rule check failed: ORI2', 15), ('bad line cite', 14)]
[p2/ei_reductio_f0_s3_t2_ivS r8] heldout greedy SOLVED 4294/5000 = 0.859 [0.849,0.868]
  len 2: 996/1000 = 0.996 [0.990,0.998]
  len 3: 988/1000 = 0.988 [0.979,0.993]
  len 4: 943/1000 = 0.943 [0.927,0.956]
  len 5: 512/1000 = 0.512 [0.481,0.543]
  len 6: 855/1000 = 0.855 [0.832,0.875]
  written hist {2: 1017, 3: 985, 4: 997, 5: 562, 6: 733}
  pruned hist {2: 1017, 3: 987, 4: 999, 5: 560, 6: 731}
  frontier written 6 pruned 6
  reasons [('rule check failed: ANDI', 134), ('rule check failed: IMPE', 97), ('rule check failed: ORI2', 72), ('rule check failed: IMPI', 68), ('rule check failed: NEGE', 56), ('rule check failed: DN', 50)]
python3 train.py --data artifacts/p2/ei_reductio_f0_s3_t2_ivS/mix_8.jsonl --init ckpts/p2/ei_reductio_f0_s3_t2_ivS_r7.pt --steps 600 --lr 0.0003 --min_lr 2.9999999999999997e-05 --warmup 50 --cap 0 --out ckpts/p2/ei_reductio_f0_s3_t2_ivS_r8.pt --seed 3008 --log_every 200
params 3210240 mode abs shift True
train records 21244 max len 516
step 200 loss 0.0567 lr 2.53e-04 15s
step 400 loss 0.0581 lr 1.09e-04 29s
step 600 loss 0.0539 lr 3.00e-05 44s
saved ckpts/p2/ei_reductio_f0_s3_t2_ivS_r8.pt
=== round 8 done in 346s; new proofs 448; cum targets solved 79
