mix artifacts/p2/ei_reductio_f0_s4_t2_ivS_mix.jsonl: own proofs 0 (0 theorems), sibling proofs 204 (51 theorems), retained 20000
python3 train.py --data artifacts/p2/ei_reductio_f0_s4_t2_ivS_mix.jsonl --init ckpts/p2/stage1_reductio_f0_s4.pt --steps 600 --lr 3e-4 --min_lr 3e-5 --warmup 50 --cap 0 --out ckpts/p2/ei_reductio_f0_s4_t2_ivS_r4t.pt --seed 4004 --log_every 200
params 3210240 mode abs shift True
train records 20816 max len 516
step 200 loss 0.0648 lr 2.53e-04 22s
step 400 loss 0.0633 lr 1.09e-04 38s
step 600 loss 0.0534 lr 3.00e-05 55s
saved ckpts/p2/ei_reductio_f0_s4_t2_ivS_r4t.pt
resumed 0 target proofs, 0 transfer proofs
[p2/ei_reductio_f0_s4_t2_ivS r5] targets (this round, pass@32) SOLVED 63/606 = 0.104 [0.082,0.131]
  len 7: 56/61 = 0.918 [0.822,0.964]
  len 8: 6/156 = 0.038 [0.018,0.081]
  len 9: 1/386 = 0.003 [0.000,0.015]
  len 12: 0/3 = 0.000 [0.000,0.562]
  written hist {7: 1147, 8: 93, 9: 1}
  pruned hist {7: 1195, 8: 45, 9: 1}
  frontier written 8 pruned 8
  reasons [('rule check failed: IMPE', 4310), ('rule check failed: IMPI', 2569), ('rule check failed: ANDI', 1974), ('rule check failed: ORI2', 1513), ('rule check failed: ANDE2', 1034), ('bad line cite', 1001)]
[p2/ei_reductio_f0_s4_t2_ivS r5] targets (cumulative 160 attempts) SOLVED 63/606 = 0.104 [0.082,0.131]
  len 7: 56/61 = 0.918 [0.822,0.964]
  len 8: 6/156 = 0.038 [0.018,0.081]
  len 9: 1/386 = 0.003 [0.000,0.015]
  len 12: 0/3 = 0.000 [0.000,0.562]
  written hist {7: 1147, 8: 93, 9: 1}
  pruned hist {7: 1195, 8: 45, 9: 1}
  frontier written 8 pruned 8
  reasons []
[p2/ei_reductio_f0_s4_t2_ivS r5] transfer (this round, pass@32) SOLVED 29/300 = 0.097 [0.068,0.135]
  len 7: 25/30 = 0.833 [0.664,0.927]
  len 8: 4/75 = 0.053 [0.021,0.129]
  len 9: 0/195 = 0.000 [0.000,0.019]
  written hist {7: 488, 8: 34}
  pruned hist {7: 488, 8: 34}
  frontier written 8 pruned 8
  reasons [('rule check failed: IMPE', 2182), ('rule check failed: IMPI', 1132), ('rule check failed: ANDI', 992), ('rule check failed: ORI2', 756), ('rule check failed: ANDE2', 631), ('rule check failed: DN', 568)]
[p2/ei_reductio_f0_s4_t2_ivS r5] transfer (cumulative 160 attempts) SOLVED 29/300 = 0.097 [0.068,0.135]
  len 7: 25/30 = 0.833 [0.664,0.927]
  len 8: 4/75 = 0.053 [0.021,0.129]
  len 9: 0/195 = 0.000 [0.000,0.019]
  written hist {7: 488, 8: 34}
  pruned hist {7: 488, 8: 34}
  frontier written 8 pruned 8
  reasons []
[p2/ei_reductio_f0_s4_t2_ivS r5] transfer greedy SOLVED 23/300 = 0.077 [0.052,0.112]
  len 7: 22/30 = 0.733 [0.556,0.858]
  len 8: 1/75 = 0.013 [0.002,0.072]
  len 9: 0/195 = 0.000 [0.000,0.019]
  written hist {7: 22, 8: 1}
  pruned hist {7: 22, 8: 1}
  frontier written 7 pruned 7
  reasons [('rule check failed: IMPE', 63), ('rule check failed: IMPI', 34), ('rule check failed: ANDI', 32), ('rule check failed: ORI2', 24), ('rule check failed: DN', 23), ('rule check failed: ANDE2', 19)]
[p2/ei_reductio_f0_s4_t2_ivS r5] heldout greedy SOLVED 4515/5000 = 0.903 [0.894,0.911]
  len 2: 999/1000 = 0.999 [0.994,1.000]
  len 3: 998/1000 = 0.998 [0.993,0.999]
  len 4: 976/1000 = 0.976 [0.965,0.984]
  len 5: 626/1000 = 0.626 [0.596,0.655]
  len 6: 916/1000 = 0.916 [0.897,0.932]
  written hist {2: 1053, 3: 999, 4: 1029, 5: 654, 6: 780}
  pruned hist {2: 1054, 3: 999, 4: 1033, 5: 650, 6: 779}
  frontier written 6 pruned 6
  reasons [('rule check failed: IMPE', 102), ('rule check failed: DN', 59), ('rule check failed: ANDI', 56), ('rule check failed: NEGE', 34), ('rule check failed: IMPI', 34), ('parse: missing ) after ~', 32)]
python3 train.py --data artifacts/p2/ei_reductio_f0_s4_t2_ivS/mix_5.jsonl --init ckpts/p2/ei_reductio_f0_s4_t2_ivS_r4t.pt --steps 600 --lr 0.0003 --min_lr 2.9999999999999997e-05 --warmup 50 --cap 0 --out ckpts/p2/ei_reductio_f0_s4_t2_ivS_r5.pt --seed 4005 --log_every 200
params 3210240 mode abs shift True
train records 20960 max len 537
step 200 loss 0.0590 lr 2.53e-04 15s
step 400 loss 0.0531 lr 1.09e-04 29s
step 600 loss 0.0558 lr 3.00e-05 42s
saved ckpts/p2/ei_reductio_f0_s4_t2_ivS_r5.pt
=== round 5 done in 391s; new proofs 1241; cum targets solved 63
[p2/ei_reductio_f0_s4_t2_ivS r6] targets (this round, pass@32) SOLVED 73/606 = 0.120 [0.097,0.149]
  len 7: 61/61 = 1.000 [0.941,1.000]
  len 8: 6/156 = 0.038 [0.018,0.081]
  len 9: 5/386 = 0.013 [0.006,0.030]
  len 12: 1/3 = 0.333 [0.061,0.792]
  written hist {7: 1054, 8: 124, 9: 53}
  pruned hist {7: 1092, 8: 86, 9: 53}
  frontier written 9 pruned 9
  reasons [('rule check failed: IMPE', 3888), ('rule check failed: IMPI', 2616), ('rule check failed: ANDI', 2045), ('bad line cite', 1438), ('rule check failed: NEGE', 907), ('rule check failed: DN', 826)]
[p2/ei_reductio_f0_s4_t2_ivS r6] targets (cumulative 192 attempts) SOLVED 73/606 = 0.120 [0.097,0.149]
  len 7: 61/61 = 1.000 [0.941,1.000]
  len 8: 6/156 = 0.038 [0.018,0.081]
  len 9: 5/386 = 0.013 [0.006,0.030]
  len 12: 1/3 = 0.333 [0.061,0.792]
  written hist {7: 1702, 8: 183, 9: 53}
  pruned hist {7: 1773, 8: 112, 9: 53}
  frontier written 9 pruned 9
  reasons []
[p2/ei_reductio_f0_s4_t2_ivS r6] transfer (this round, pass@32) SOLVED 39/300 = 0.130 [0.097,0.173]
  len 7: 30/30 = 1.000 [0.886,1.000]
  len 8: 7/75 = 0.093 [0.046,0.180]
  len 9: 2/195 = 0.010 [0.003,0.037]
  written hist {7: 515, 8: 105, 9: 22}
  pruned hist {7: 515, 8: 105, 9: 22}
  frontier written 9 pruned 9
  reasons [('rule check failed: IMPE', 2073), ('rule check failed: IMPI', 1154), ('rule check failed: ANDI', 944), ('bad line cite', 658), ('rule check failed: DN', 657), ('rule check failed: ANDE2', 471)]
[p2/ei_reductio_f0_s4_t2_ivS r6] transfer (cumulative 192 attempts) SOLVED 39/300 = 0.130 [0.097,0.173]
  len 7: 30/30 = 1.000 [0.886,1.000]
  len 8: 7/75 = 0.093 [0.046,0.180]
  len 9: 2/195 = 0.010 [0.003,0.037]
  written hist {7: 810, 8: 127, 9: 22}
  pruned hist {7: 810, 8: 127, 9: 22}
  frontier written 9 pruned 9
  reasons []
[p2/ei_reductio_f0_s4_t2_ivS r6] transfer greedy SOLVED 30/300 = 0.100 [0.071,0.139]
  len 7: 30/30 = 1.000 [0.886,1.000]
  len 8: 0/75 = 0.000 [0.000,0.049]
  len 9: 0/195 = 0.000 [0.000,0.019]
  written hist {7: 30}
  pruned hist {7: 30}
  frontier written 7 pruned 7
  reasons [('rule check failed: IMPE', 63), ('rule check failed: IMPI', 39), ('rule check failed: ANDI', 26), ('line index mismatch at position 5', 18), ('rule check failed: DN', 17), ('bad line cite', 15)]
[p2/ei_reductio_f0_s4_t2_ivS r6] heldout greedy SOLVED 4557/5000 = 0.911 [0.903,0.919]
  len 2: 999/1000 = 0.999 [0.994,1.000]
  len 3: 995/1000 = 0.995 [0.988,0.998]
  len 4: 981/1000 = 0.981 [0.971,0.988]
  len 5: 653/1000 = 0.653 [0.623,0.682]
  len 6: 929/1000 = 0.929 [0.911,0.943]
  written hist {2: 1057, 3: 986, 4: 1046, 5: 672, 6: 795, 7: 1}
  pruned hist {2: 1057, 3: 989, 4: 1046, 5: 673, 6: 791, 7: 1}
  frontier written 6 pruned 6
  reasons [('rule check failed: IMPE', 70), ('rule check failed: DN', 61), ('rule check failed: ANDI', 48), ('bad line cite', 44), ('parse: missing ) after ~', 38), ('final formula is not the conclusion', 26)]
python3 train.py --data artifacts/p2/ei_reductio_f0_s4_t2_ivS/mix_6.jsonl --init ckpts/p2/ei_reductio_f0_s4_t2_ivS_r5.pt --steps 600 --lr 0.0003 --min_lr 2.9999999999999997e-05 --warmup 50 --cap 0 --out ckpts/p2/ei_reductio_f0_s4_t2_ivS_r6.pt --seed 4006 --log_every 200
params 3210240 mode abs shift True
train records 21156 max len 537
step 200 loss 0.0557 lr 2.53e-04 13s
step 400 loss 0.0538 lr 1.09e-04 25s
step 600 loss 0.0557 lr 3.00e-05 36s
saved ckpts/p2/ei_reductio_f0_s4_t2_ivS_r6.pt
=== round 6 done in 298s; new proofs 697; cum targets solved 73
[p2/ei_reductio_f0_s4_t2_ivS r7] targets (this round, pass@32) SOLVED 94/606 = 0.155 [0.128,0.186]
  len 7: 61/61 = 1.000 [0.941,1.000]
  len 8: 16/156 = 0.103 [0.064,0.160]
  len 9: 16/386 = 0.041 [0.026,0.066]
  len 12: 1/3 = 0.333 [0.061,0.792]
  written hist {7: 1029, 8: 215, 9: 229}
  pruned hist {7: 1077, 8: 167, 9: 229}
  frontier written 9 pruned 9
  reasons [('rule check failed: IMPE', 4393), ('rule check failed: IMPI', 2600), ('rule check failed: ANDI', 1722), ('bad line cite', 1337), ('rule check failed: ANDE2', 907), ('rule check failed: ORI2', 840)]
[p2/ei_reductio_f0_s4_t2_ivS r7] targets (cumulative 224 attempts) SOLVED 94/606 = 0.155 [0.128,0.186]
  len 7: 61/61 = 1.000 [0.941,1.000]
  len 8: 16/156 = 0.103 [0.064,0.160]
  len 9: 16/386 = 0.041 [0.026,0.066]
  len 12: 1/3 = 0.333 [0.061,0.792]
  written hist {7: 2001, 8: 331, 9: 266}
  pruned hist {7: 2092, 8: 240, 9: 266}
  frontier written 9 pruned 9
  reasons []
[p2/ei_reductio_f0_s4_t2_ivS r7] transfer (this round, pass@32) SOLVED 43/300 = 0.143 [0.108,0.188]
  len 7: 29/30 = 0.967 [0.833,0.994]
  len 8: 9/75 = 0.120 [0.064,0.213]
  len 9: 5/195 = 0.026 [0.011,0.059]
  written hist {7: 511, 8: 133, 9: 75}
  pruned hist {7: 511, 8: 133, 9: 75}
  frontier written 9 pruned 9
  reasons [('rule check failed: IMPE', 2443), ('rule check failed: IMPI', 1142), ('rule check failed: ANDI', 956), ('rule check failed: ANDE2', 555), ('rule check failed: DN', 542), ('bad line cite', 502)]
[p2/ei_reductio_f0_s4_t2_ivS r7] transfer (cumulative 224 attempts) SOLVED 46/300 = 0.153 [0.117,0.198]
  len 7: 30/30 = 1.000 [0.886,1.000]
  len 8: 11/75 = 0.147 [0.084,0.244]
  len 9: 5/195 = 0.026 [0.011,0.059]
  written hist {7: 978, 8: 208, 9: 82}
  pruned hist {7: 978, 8: 208, 9: 82}
  frontier written 9 pruned 9
  reasons []
[p2/ei_reductio_f0_s4_t2_ivS r7] transfer greedy SOLVED 38/300 = 0.127 [0.094,0.169]
  len 7: 29/30 = 0.967 [0.833,0.994]
  len 8: 6/75 = 0.080 [0.037,0.164]
  len 9: 3/195 = 0.015 [0.005,0.044]
  written hist {7: 29, 8: 6, 9: 3}
  pruned hist {7: 29, 8: 6, 9: 3}
  frontier written 8 pruned 8
  reasons [('rule check failed: IMPE', 81), ('rule check failed: IMPI', 34), ('rule check failed: ANDI', 31), ('rule check failed: DN', 14), ('rule check failed: ANDE2', 14), ('rule check failed: NEGE', 13)]
[p2/ei_reductio_f0_s4_t2_ivS r7] heldout greedy SOLVED 4578/5000 = 0.916 [0.908,0.923]
  len 2: 1000/1000 = 1.000 [0.996,1.000]
  len 3: 996/1000 = 0.996 [0.990,0.998]
  len 4: 977/1000 = 0.977 [0.966,0.985]
  len 5: 691/1000 = 0.691 [0.662,0.719]
  len 6: 914/1000 = 0.914 [0.895,0.930]
  written hist {2: 1097, 3: 993, 4: 1040, 5: 671, 6: 777}
  pruned hist {2: 1097, 3: 995, 4: 1041, 5: 672, 6: 773}
  frontier written 6 pruned 6
  reasons [('rule check failed: IMPE', 87), ('rule check failed: IMPI', 47), ('rule check failed: DN', 46), ('parse: missing ) after ~', 37), ('rule check failed: ANDI', 36), ('final formula is not the conclusion', 32)]
python3 train.py --data artifacts/p2/ei_reductio_f0_s4_t2_ivS/mix_7.jsonl --init ckpts/p2/ei_reductio_f0_s4_t2_ivS_r6.pt --steps 600 --lr 0.0003 --min_lr 2.9999999999999997e-05 --warmup 50 --cap 0 --out ckpts/p2/ei_reductio_f0_s4_t2_ivS_r7.pt --seed 4007 --log_every 200
params 3210240 mode abs shift True
train records 21468 max len 524
step 200 loss 0.0575 lr 2.53e-04 10s
step 400 loss 0.0583 lr 1.09e-04 20s
step 600 loss 0.0574 lr 3.00e-05 30s
saved ckpts/p2/ei_reductio_f0_s4_t2_ivS_r7.pt
=== round 7 done in 280s; new proofs 660; cum targets solved 94
[p2/ei_reductio_f0_s4_t2_ivS r8] targets (this round, pass@32) SOLVED 107/606 = 0.177 [0.148,0.209]
  len 7: 61/61 = 1.000 [0.941,1.000]
  len 8: 28/156 = 0.179 [0.127,0.247]
  len 9: 17/386 = 0.044 [0.028,0.069]
  len 12: 1/3 = 0.333 [0.061,0.792]
  written hist {7: 964, 8: 440, 9: 252}
  pruned hist {7: 1002, 8: 402, 9: 252}
  frontier written 9 pruned 9
  reasons [('rule check failed: IMPE', 3625), ('rule check failed: IMPI', 2614), ('rule check failed: ANDI', 1608), ('rule check failed: ANDE2', 1188), ('bad line cite', 940), ('final formula is not the conclusion', 840)]
[p2/ei_reductio_f0_s4_t2_ivS r8] targets (cumulative 256 attempts) SOLVED 107/606 = 0.177 [0.148,0.209]
  len 7: 61/61 = 1.000 [0.941,1.000]
  len 8: 28/156 = 0.179 [0.127,0.247]
  len 9: 17/386 = 0.044 [0.028,0.069]
  len 12: 1/3 = 0.333 [0.061,0.792]
  written hist {7: 2146, 8: 647, 9: 417}
  pruned hist {7: 2244, 8: 549, 9: 417}
  frontier written 9 pruned 9
  reasons []
[p2/ei_reductio_f0_s4_t2_ivS r8] transfer (this round, pass@32) SOLVED 50/300 = 0.167 [0.129,0.213]
  len 7: 30/30 = 1.000 [0.886,1.000]
  len 8: 14/75 = 0.187 [0.115,0.289]
  len 9: 6/195 = 0.031 [0.014,0.065]
  written hist {7: 481, 8: 206, 9: 86}
  pruned hist {7: 481, 8: 206, 9: 86}
  frontier written 9 pruned 9
  reasons [('rule check failed: IMPE', 2033), ('rule check failed: IMPI', 1047), ('rule check failed: ANDI', 769), ('rule check failed: ANDE2', 723), ('bad line cite', 515), ('rule check failed: ORI2', 445)]
[p2/ei_reductio_f0_s4_t2_ivS r8] transfer (cumulative 256 attempts) SOLVED 50/300 = 0.167 [0.129,0.213]
  len 7: 30/30 = 1.000 [0.886,1.000]
  len 8: 14/75 = 0.187 [0.115,0.289]
  len 9: 6/195 = 0.031 [0.014,0.065]
  written hist {7: 1054, 8: 344, 9: 137}
  pruned hist {7: 1054, 8: 344, 9: 137}
  frontier written 9 pruned 9
  reasons []
[p2/ei_reductio_f0_s4_t2_ivS r8] transfer greedy SOLVED 47/300 = 0.157 [0.120,0.202]
  len 7: 30/30 = 1.000 [0.886,1.000]
  len 8: 11/75 = 0.147 [0.084,0.244]
  len 9: 6/195 = 0.031 [0.014,0.065]
  written hist {7: 30, 8: 11, 9: 6}
  pruned hist {7: 30, 8: 11, 9: 6}
  frontier written 9 pruned 9
  reasons [('rule check failed: IMPE', 59), ('rule check failed: IMPI', 36), ('rule check failed: ANDE2', 27), ('rule check failed: ANDI', 23), ('rule check failed: ORI2', 15), ('final formula is not the conclusion', 15)]
[p2/ei_reductio_f0_s4_t2_ivS r8] heldout greedy SOLVED 4608/5000 = 0.922 [0.914,0.929]
  len 2: 1000/1000 = 1.000 [0.996,1.000]
  len 3: 996/1000 = 0.996 [0.990,0.998]
  len 4: 979/1000 = 0.979 [0.968,0.986]
  len 5: 706/1000 = 0.706 [0.677,0.733]
  len 6: 927/1000 = 0.927 [0.909,0.942]
  written hist {2: 1070, 3: 992, 4: 1033, 5: 720, 6: 793}
  pruned hist {2: 1071, 3: 994, 4: 1038, 5: 717, 6: 788}
  frontier written 6 pruned 6
  reasons [('rule check failed: IMPE', 66), ('rule check failed: DN', 44), ('final formula is not the conclusion', 40), ('rule check failed: IMPI', 38), ('rule check failed: ANDI', 36), ('rule check failed: NEGE', 34)]
python3 train.py --data artifacts/p2/ei_reductio_f0_s4_t2_ivS/mix_8.jsonl --init ckpts/p2/ei_reductio_f0_s4_t2_ivS_r7.pt --steps 600 --lr 0.0003 --min_lr 2.9999999999999997e-05 --warmup 50 --cap 0 --out ckpts/p2/ei_reductio_f0_s4_t2_ivS_r8.pt --seed 4008 --log_every 200
params 3210240 mode abs shift True
train records 21696 max len 475
step 200 loss 0.0586 lr 2.53e-04 10s
step 400 loss 0.0560 lr 1.09e-04 19s
step 600 loss 0.0538 lr 3.00e-05 29s
saved ckpts/p2/ei_reductio_f0_s4_t2_ivS_r8.pt
=== round 8 done in 229s; new proofs 612; cum targets solved 107
