resumed 0 target proofs, 0 transfer proofs
[p2/ei_reductio_f0_s3_t2_ivK r5] targets (this round, pass@128) SOLVED 2/606 = 0.003 [0.001,0.012]
  len 7: 2/61 = 0.033 [0.009,0.112]
  len 8: 0/156 = 0.000 [0.000,0.024]
  len 9: 0/386 = 0.000 [0.000,0.010]
  len 12: 0/3 = 0.000 [0.000,0.562]
  written hist {7: 3}
  pruned hist {7: 3}
  frontier written 0 pruned 0
  reasons [('rule check failed: IMPE', 24885), ('rule check failed: IMPI', 15441), ('rule check failed: ANDI', 10177), ('rule check failed: ORI1', 5618), ('final formula is not the conclusion', 3137), ('bad line cite', 3002)]
[p2/ei_reductio_f0_s3_t2_ivK r5] targets (cumulative 640 attempts) SOLVED 2/606 = 0.003 [0.001,0.012]
  len 7: 2/61 = 0.033 [0.009,0.112]
  len 8: 0/156 = 0.000 [0.000,0.024]
  len 9: 0/386 = 0.000 [0.000,0.010]
  len 12: 0/3 = 0.000 [0.000,0.562]
  written hist {7: 3}
  pruned hist {7: 3}
  frontier written 0 pruned 0
  reasons []
[p2/ei_reductio_f0_s3_t2_ivK r5] transfer (this round, pass@128) SOLVED 0/300 = 0.000 [0.000,0.013]
  len 7: 0/30 = 0.000 [0.000,0.114]
  len 8: 0/75 = 0.000 [0.000,0.049]
  len 9: 0/195 = 0.000 [0.000,0.019]
  written hist {}
  pruned hist {}
  frontier written 0 pruned 0
  reasons [('rule check failed: IMPE', 12603), ('rule check failed: IMPI', 7074), ('rule check failed: ANDI', 4827), ('rule check failed: ORI1', 2572), ('bad line cite', 1953), ('rule check failed: ORI2', 1924)]
[p2/ei_reductio_f0_s3_t2_ivK r5] transfer (cumulative 640 attempts) SOLVED 0/300 = 0.000 [0.000,0.013]
  len 7: 0/30 = 0.000 [0.000,0.114]
  len 8: 0/75 = 0.000 [0.000,0.049]
  len 9: 0/195 = 0.000 [0.000,0.019]
  written hist {}
  pruned hist {}
  frontier written 0 pruned 0
  reasons []
[p2/ei_reductio_f0_s3_t2_ivK r5] transfer greedy SOLVED 0/300 = 0.000 [0.000,0.013]
  len 7: 0/30 = 0.000 [0.000,0.114]
  len 8: 0/75 = 0.000 [0.000,0.049]
  len 9: 0/195 = 0.000 [0.000,0.019]
  written hist {}
  pruned hist {}
  frontier written 0 pruned 0
  reasons [('rule check failed: IMPE', 104), ('rule check failed: IMPI', 48), ('rule check failed: ANDI', 46), ('rule check failed: ORI1', 21), ('bad line cite', 20), ('rule check failed: ORI2', 13)]
[p2/ei_reductio_f0_s3_t2_ivK r5] heldout greedy SOLVED 4304/5000 = 0.861 [0.851,0.870]
  len 2: 995/1000 = 0.995 [0.988,0.998]
  len 3: 988/1000 = 0.988 [0.979,0.993]
  len 4: 941/1000 = 0.941 [0.925,0.954]
  len 5: 514/1000 = 0.514 [0.483,0.545]
  len 6: 866/1000 = 0.866 [0.843,0.886]
  written hist {2: 1031, 3: 971, 4: 979, 5: 558, 6: 764, 7: 1}
  pruned hist {2: 1031, 3: 974, 4: 980, 5: 557, 6: 761, 7: 1}
  frontier written 6 pruned 6
  reasons [('rule check failed: ANDI', 128), ('rule check failed: IMPE', 104), ('rule check failed: IMPI', 81), ('rule check failed: ORI2', 65), ('rule check failed: ORI1', 57), ('rule check failed: NEGE', 53)]
python3 train.py --data artifacts/p2/ei_reductio_f0_s3_t2_ivK/mix_5.jsonl --init ckpts/p2/stage1_reductio_f0_s3.pt --steps 600 --lr 0.0003 --min_lr 2.9999999999999997e-05 --warmup 50 --cap 0 --out ckpts/p2/ei_reductio_f0_s3_t2_ivK_r5.pt --seed 3005 --log_every 200
params 3210240 mode abs shift True
train records 20012 max len 602
step 200 loss 0.0616 lr 2.53e-04 18s
step 400 loss 0.0580 lr 1.09e-04 32s
step 600 loss 0.0603 lr 3.00e-05 48s
saved ckpts/p2/ei_reductio_f0_s3_t2_ivK_r5.pt
=== round 5 done in 938s; new proofs 3; cum targets solved 2
