s0: stage A k {16384: 57}; A' k {16384: 29}; B k {49152: 30}; cal k {4096: 30}
  Q2 stage A (exec J2 set, 57): >=1 base success 27/57 = 0.474;  my J2 set (60; extra theorems were sampled in A'): 27/60 = 0.450
  A' (exec: H - J2, 29): >=1 base success 0/29  [];  on my H-J2 (26): 0
  B: stage-A zeros 30; sampled in B 30; still 0 / 65536 after B: 23 (0.77); B successes on ['la_transfer_15', 'la_transfer_1648', 'la_transfer_1959', 'la_transfer_2239', 'la_transfer_475', 'la_transfer_595', 'la_transfer_975']
  truncation stage A (J2) : 2504/933888 = 0.268 %  theorems > 0.1 %: 4/57  max 11.51 % (la_transfer_1959)
  truncation calibration  : 2281/122880 = 1.856 %  theorems > 0.1 %: 4/30  max 48.75 % (la_transfer_465)
  truncation A'           : 177/475136 = 0.037 %  theorems > 0.1 %: 1/29  max 0.73 % (la_transfer_1572)
  truncation B            : 6987/1474560 = 0.474 %  theorems > 0.1 %: 2/30  max 11.33 % (la_transfer_1959)
  t (doubled caps, 16,384): theorems 2: la_transfer_2066 0/16384 trunc 2.429%, la_transfer_1959 0/16384 trunc 9.265%
  stage-A zeros with > 0.1 % cut off: 2 ['la_transfer_1959', 'la_transfer_2066']  == t set: True
s1: stage A k {16384: 59}; A' k {16384: 18}; B k {49152: 37}; cal k {4096: 30}
  Q2 stage A (exec J2 set, 59): >=1 base success 22/59 = 0.373;  my J2 set (59; extra theorems were sampled in A'): 22/59 = 0.373
  A' (exec: H - J2, 18): >=1 base success 1/18  ['la_transfer_2071'];  on my H-J2 (18): 1
  B: stage-A zeros 37; sampled in B 37; still 0 / 65536 after B: 31 (0.84); B successes on ['la_transfer_1208', 'la_transfer_2208', 'la_transfer_975', 'textbook_418e4b67e7e59d93fa6b', 'textbook_98cdc8d06ea0d36428a2', 'textbook_dd8d30b16bfb0b99a5d7']
  truncation stage A (J2) : 294/966656 = 0.030 %  theorems > 0.1 %: 2/59  max 0.86 % (la_transfer_1398)
  truncation calibration  : 1424/122880 = 1.159 %  theorems > 0.1 %: 3/30  max 31.40 % (la_transfer_452)
  truncation A'           : 50/294912 = 0.017 %  theorems > 0.1 %: 0/18  max 0.07 % (textbook_35e75d37fcd6e6fc7dfe)
  truncation B            : 383/1818624 = 0.021 %  theorems > 0.1 %: 1/37  max 0.55 % (la_transfer_2066)
  t (doubled caps, 16,384): theorems 1: la_transfer_2066 0/16384 trunc 0.305%
  stage-A zeros with > 0.1 % cut off: 1 ['la_transfer_2066']  == t set: True
s2: stage A k {16384: 55}; A' k {16384: 22}; B k {49152: 21}; cal k {4096: 30}
  Q2 stage A (exec J2 set, 55): >=1 base success 34/55 = 0.618;  my J2 set (57; extra theorems were sampled in A'): 34/57 = 0.596
  A' (exec: H - J2, 22): >=1 base success 0/22  [];  on my H-J2 (20): 0
  B: stage-A zeros 21; sampled in B 21; still 0 / 65536 after B: 14 (0.67); B successes on ['la_transfer_1217', 'la_transfer_1633', 'la_transfer_706', 'la_transfer_782', 'textbook_5758428c8c74f96345ad', 'textbook_6997656e16fb567550a6', 'textbook_936ceade34df08c26377']
  truncation stage A (J2) : 1162/901120 = 0.129 %  theorems > 0.1 %: 8/55  max 3.96 % (la_transfer_1959)
  truncation calibration  : 283/122880 = 0.230 %  theorems > 0.1 %: 4/30  max 2.59 % (la_transfer_777)
  truncation A'           : 1478/360448 = 0.410 %  theorems > 0.1 %: 5/22  max 7.59 % (textbook_54e1d81ad54a80f1f835)
  truncation B            : 922/1032192 = 0.089 %  theorems > 0.1 %: 3/21  max 0.76 % (textbook_6997656e16fb567550a6)
  t (doubled caps, 16,384): theorems 3: la_transfer_1648 0/16384 trunc 0.226%, la_transfer_1833 0/16384 trunc 0.507%, textbook_6997656e16fb567550a6 2/16384 trunc 0.726%
  stage-A zeros with > 0.1 % cut off: 3 ['la_transfer_1648', 'la_transfer_1833', 'textbook_6997656e16fb567550a6']  == t set: True
