s0: H 86  J2 60  H-J2 26  cal pool (pend 3..100 of 512) 83
s1: H 77  J2 59  H-J2 18  cal pool (pend 3..100 of 512) 93
s2: H 77  J2 57  H-J2 20  cal pool (pend 3..100 of 512) 71
s0: executor H equal: True, J2 equal: False, CAL subset of my cal pool: True, cal pool size exec 83 mine 83
   J2 exec-mine [] mine-exec ['textbook_03549baa1134033548d6', 'textbook_58b532c9c8cc1819378b', 'textbook_9fa52f90369a7b6286f7']
s1: executor H equal: True, J2 equal: True, CAL subset of my cal pool: True, cal pool size exec 93 mine 93
s2: executor H equal: True, J2 equal: False, CAL subset of my cal pool: True, cal pool size exec 71 mine 71
   J2 exec-mine [] mine-exec ['la_transfer_205', 'textbook_fef8f88a0e6c1c196603']

Q1 equal-k created set (pend 0/256 and RL >=1/256, same draw); Q9 rel (p_pend<0.05, p_RL>=0.5)
  s0 r8 x0: eqk  54  rel  71  rel/eqk 1.31   RL solved 286  pend solved 232
  s0 r8 x1: eqk  58  rel  71  rel/eqk 1.22   RL solved 288  pend solved 230
  s0 r16 x1: eqk  61  rel  75  rel/eqk 1.23   RL solved 291  pend solved 230
  s0 r16 x0: eqk  60  rel  74  rel/eqk 1.23   RL solved 292  pend solved 232
  s0 r12 x1: eqk  60  rel  72  rel/eqk 1.20   RL solved 290  pend solved 230
  s1 r8 x0: eqk  51  rel  62  rel/eqk 1.22   RL solved 286  pend solved 236
  s1 r8 x1: eqk  46  rel  67  rel/eqk 1.46   RL solved 284  pend solved 238
  s1 r16 x1: eqk  65  rel  80  rel/eqk 1.23   RL solved 303  pend solved 238
  s1 r16 x0: eqk  67  rel  75  rel/eqk 1.12   RL solved 302  pend solved 236
  s1 r12 x1: eqk  55  rel  74  rel/eqk 1.35   RL solved 293  pend solved 238
  s2 r8 x0: eqk  60  rel  60  rel/eqk 1.00   RL solved 293  pend solved 234
  s2 r8 x1: eqk  54  rel  61  rel/eqk 1.13   RL solved 290  pend solved 236
  s2 r16 x1: eqk  61  rel  61  rel/eqk 1.00   RL solved 295  pend solved 236
  s2 r16 x0: eqk  65  rel  61  rel/eqk 0.94   RL solved 298  pend solved 234
  s2 r12 x1: eqk  61  rel  61  rel/eqk 1.00   RL solved 297  pend solved 236
  s0 redraw Jaccard eqk r8 x0 vs x1: 0.778;  r16 x1 vs x0: 0.779;  rel r8 x0 vs x1 0.919
  s1 redraw Jaccard eqk r8 x0 vs x1: 0.702;  r16 x1 vs x0: 0.784;  rel r8 x0 vs x1 0.843
  s2 redraw Jaccard eqk r8 x0 vs x1: 0.676;  r16 x1 vs x0: 0.680;  rel r8 x0 vs x1 0.862
  seed Jaccard eqk r8 x0: 0.35 0.39 0.34
  cap-6 s0 h250 x1 solved: r16 232  r8 225
  cap-6 s1 h250 x1 solved: r16 233  r8 226
  cap-6 s2 h250 x1 solved: r16 232  r8 221
