2026-09-29T16:38:17Z START b1 W=6 tries=4000000 seed=35001 len=32-90
generator knobs: None
{
 "total": {
  "n_out": 8775,
  "pat_derived_ore": 8164,
  "pat_reductio": 5078,
  "pat_depth3": 5383,
  "tries": 24000000,
  "fail": 17907009,
  "len_out": 6074882,
  "contra": 9334
 },
 "secs": 353.2095959186554
}
{
 "files": 6,
 "stats": {
  "read": 8775,
  "written": 8772,
  "dup_class": 3
 }
}
len 32: n    1968 none      26 derived_ore   1793 (91.1077%) reductio   1017 (51.6768%) depth3   1166 (59.2480%) derived_ore_strict   1743 (88.5671%)
len 33: n    1548 none      22 derived_ore   1406 (90.8269%) reductio    825 (53.2946%) depth3    940 (60.7235%) derived_ore_strict   1372 (88.6305%)
len 34: n    1147 none      11 derived_ore   1047 (91.2816%) reductio    629 (54.8387%) depth3    671 (58.5004%) derived_ore_strict   1029 (89.7123%)
len 35: n     873 none       5 derived_ore    813 (93.1271%) reductio    501 (57.3883%) depth3    532 (60.9393%) derived_ore_strict    786 (90.0344%)
len 36: n     716 none       5 derived_ore    680 (94.9721%) reductio    413 (57.6816%) depth3    443 (61.8715%) derived_ore_strict    671 (93.7151%)
len 37: n     566 none       1 derived_ore    538 (95.0530%) reductio    358 (63.2509%) depth3    355 (62.7208%) derived_ore_strict    526 (92.9329%)
len 38: n     423 none       3 derived_ore    407 (96.2175%) reductio    252 (59.5745%) depth3    261 (61.7021%) derived_ore_strict    395 (93.3806%)
len 39: n     344 none       0 derived_ore    331 (96.2209%) reductio    228 (66.2791%) depth3    224 (65.1163%) derived_ore_strict    327 (95.0581%)
len 40: n     281 none       0 derived_ore    272 (96.7972%) reductio    191 (67.9715%) depth3    182 (64.7687%) derived_ore_strict    268 (95.3737%)
len 41: n     181 none       2 derived_ore    174 (96.1326%) reductio    126 (69.6133%) depth3    123 (67.9558%) derived_ore_strict    171 (94.4751%)
len 42: n     170 none       0 derived_ore    166 (97.6471%) reductio    119 (70.0000%) depth3    112 (65.8824%) derived_ore_strict    164 (96.4706%)
len 43: n     133 none       0 derived_ore    126 (94.7368%) reductio    107 (80.4511%) depth3     90 (67.6692%) derived_ore_strict    124 (93.2331%)
len 44: n     109 none       0 derived_ore    105 (96.3303%) reductio     73 (66.9725%) depth3     71 (65.1376%) derived_ore_strict    105 (96.3303%)
len 45: n      72 none       0 derived_ore     69 (95.8333%) reductio     51 (70.8333%) depth3     48 (66.6667%) derived_ore_strict     68 (94.4444%)
len 46: n      58 none       0 derived_ore     57 (98.2759%) reductio     38 (65.5172%) depth3     40 (68.9655%) derived_ore_strict     57 (98.2759%)
len 47: n      41 none       1 derived_ore     39 (95.1220%) reductio     31 (75.6098%) depth3     30 (73.1707%) derived_ore_strict     39 (95.1220%)
len 48: n      32 none       0 derived_ore     31 (96.8750%) reductio     29 (90.6250%) depth3     20 (62.5000%) derived_ore_strict     31 (96.8750%)
len 49: n      19 none       0 derived_ore     19 (100.0000%) reductio     15 (78.9474%) depth3     14 (73.6842%) derived_ore_strict     19 (100.0000%)
len 50: n      23 none       0 derived_ore     22 (95.6522%) reductio     17 (73.9130%) depth3     12 (52.1739%) derived_ore_strict     22 (95.6522%)
len 51: n      15 none       0 derived_ore     15 (100.0000%) reductio      9 (60.0000%) depth3     11 (73.3333%) derived_ore_strict     15 (100.0000%)
len 52: n      19 none       0 derived_ore     18 (94.7368%) reductio     14 (73.6842%) depth3     17 (89.4737%) derived_ore_strict     18 (94.7368%)
len 53: n       8 none       0 derived_ore      8 (100.0000%) reductio      8 (100.0000%) depth3      5 (62.5000%) derived_ore_strict      8 (100.0000%)
len 54: n       8 none       0 derived_ore      8 (100.0000%) reductio      7 (87.5000%) depth3      3 (37.5000%) derived_ore_strict      8 (100.0000%)
len 55: n       2 none       0 derived_ore      2 (100.0000%) reductio      2 (100.0000%) depth3      1 (50.0000%) derived_ore_strict      2 (100.0000%)
len 56: n       3 none       0 derived_ore      3 (100.0000%) reductio      3 (100.0000%) depth3      0 (0.0000%) derived_ore_strict      3 (100.0000%)
len 57: n       2 none       0 derived_ore      2 (100.0000%) reductio      1 (50.0000%) depth3      2 (100.0000%) derived_ore_strict      2 (100.0000%)
len 58: n       6 none       0 derived_ore      5 (83.3333%) reductio      6 (100.0000%) depth3      5 (83.3333%) derived_ore_strict      5 (83.3333%)
len 60: n       1 none       0 derived_ore      1 (100.0000%) reductio      1 (100.0000%) depth3      1 (100.0000%) derived_ore_strict      1 (100.0000%)
len 61: n       1 none       0 derived_ore      1 (100.0000%) reductio      1 (100.0000%) depth3      1 (100.0000%) derived_ore_strict      1 (100.0000%)
len 62: n       1 none       0 derived_ore      1 (100.0000%) reductio      1 (100.0000%) depth3      1 (100.0000%) derived_ore_strict      1 (100.0000%)
len 63: n       1 none       0 derived_ore      1 (100.0000%) reductio      1 (100.0000%) depth3      0 (0.0000%) derived_ore_strict      1 (100.0000%)
len 66: n       1 none       0 derived_ore      1 (100.0000%) reductio      1 (100.0000%) depth3      1 (100.0000%) derived_ore_strict      1 (100.0000%)
2026-09-29T16:44:11Z GEN_DONE 8772
200/8772 4s
400/8772 5s
600/8772 8s
800/8772 10s
1000/8772 12s
1200/8772 17s
1400/8772 17s
1600/8772 21s
1800/8772 23s
2000/8772 28s
2200/8772 31s
2400/8772 36s
2600/8772 36s
2800/8772 39s
3000/8772 40s
3200/8772 43s
3400/8772 47s
3600/8772 49s
3800/8772 52s
4000/8772 53s
4200/8772 56s
4400/8772 58s
4600/8772 65s
4800/8772 65s
5000/8772 66s
5200/8772 69s
5400/8772 74s
5600/8772 74s
5800/8772 76s
6000/8772 78s
6200/8772 80s
6400/8772 85s
6600/8772 85s
6800/8772 88s
7000/8772 90s
7200/8772 93s
7400/8772 98s
7600/8772 99s
7800/8772 104s
8000/8772 109s
8200/8772 110s
8400/8772 113s
8600/8772 117s
8772 theorems; labelled 8360; timeouts 3; errors 0
min_lines_ub hist {2: 1, 3: 46, 4: 321, 5: 698, 6: 2818, 7: 2320, 8: 1100, 9: 695, 10: 361}
by generating length: (gen_lines, has <=6 proof) -> {(32, False): 1085, (32, True): 883, (33, False): 847, (33, True): 701, (34, False): 631, (34, True): 516, (35, False): 482, (35, True): 391, (36, False): 424, (36, True): 292, (37, False): 318, (37, True): 248, (38, False): 238, (38, True): 185, (39, False): 176, (39, True): 168, (40, False): 160, (40, True): 121, (41, False): 99, (41, True): 82, (42, False): 99, (42, True): 71, (43, False): 78, (43, True): 55, (44, False): 65, (44, True): 44, (45, False): 40, (45, True): 32, (46, False): 40, (46, True): 18, (47, False): 27, (47, True): 14, (48, False): 20, (48, True): 12, (49, False): 11, (49, True): 8, (50, False): 12, (50, True): 11, (51, False): 7, (51, True): 8, (52, False): 14, (52, True): 5, (53, False): 4, (53, True): 4, (54, False): 3, (54, True): 5, (55, True): 2, (56, False): 1, (56, True): 2, (57, False): 1, (57, True): 1, (58, False): 4, (58, True): 2, (60, False): 1, (61, False): 1, (62, True): 1, (63, True): 1, (66, True): 1}
stage data/lp2/b1_ml10.jsonl None-without-timeout -> 409
2026-09-29T16:46:12Z STAGE_A_DONE 409
200/409 151s
400/409 304s
409 theorems; labelled 313; timeouts 6; errors 0
min_lines_ub hist {11: 196, 12: 117}
by generating length: (gen_lines, has <=6 proof) -> {(32, False): 77, (33, False): 69, (34, False): 50, (35, False): 44, (36, False): 42, (37, False): 28, (38, False): 17, (39, False): 12, (40, False): 13, (41, False): 9, (42, False): 9, (43, False): 7, (44, False): 7, (45, False): 4, (46, False): 8, (47, False): 4, (48, False): 2, (50, False): 2, (52, False): 1, (53, False): 1, (56, False): 1, (58, False): 1, (61, False): 1}
stage data/lp2/b1_ml12.jsonl None-without-timeout -> 90
2026-09-29T16:51:22Z STAGE_B_DONE 90
90 theorems; labelled 77; timeouts 3; errors 0
min_lines_ub hist {13: 55, 14: 22}
by generating length: (gen_lines, has <=6 proof) -> {(32, False): 17, (33, False): 12, (34, False): 8, (35, False): 9, (36, False): 9, (37, False): 10, (38, False): 1, (39, False): 1, (40, False): 4, (41, False): 4, (42, False): 3, (43, False): 3, (44, False): 2, (45, False): 1, (46, False): 2, (47, False): 1, (50, False): 1, (56, False): 1, (61, False): 1}
stage data/lp2/b1_ml14.jsonl None-without-timeout -> 10
2026-09-29T17:00:18Z STAGE_C_DONE 10
10 theorems; labelled 9; timeouts 0; errors 0
min_lines_ub hist {15: 6, 16: 3}
by generating length: (gen_lines, has <=6 proof) -> {(32, False): 1, (33, False): 1, (35, False): 3, (39, False): 1, (41, False): 1, (42, False): 1, (44, False): 1, (56, False): 1}
stage data/lp2/b1_ml16.jsonl None-without-timeout -> 1
2026-09-29T17:14:56Z STAGE_D_DONE 1
1 theorems; labelled 1; timeouts 0; errors 0
min_lines_ub hist {17: 1}
by generating length: (gen_lines, has <=6 proof) -> {(32, False): 1}
2026-09-29T17:38:30Z LABEL_DONE b1
