2026-09-29T17:24:46Z START c2 W=6 tries=4000000 seed=36002 len=32-90
generator knobs: None
{
 "total": {
  "n_out": 8766,
  "pat_derived_ore": 8100,
  "pat_reductio": 5128,
  "pat_depth3": 5583,
  "tries": 24000000,
  "fail": 17907065,
  "len_out": 6074818,
  "contra": 9349,
  "dup": 2
 },
 "secs": 318.7361981868744
}
{
 "files": 6,
 "stats": {
  "read": 8766,
  "written": 8761,
  "dup_class": 5
 }
}
len 32: n    1880 none      32 derived_ore   1692 (90.0000%) reductio    971 (51.6489%) depth3   1157 (61.5426%) derived_ore_strict   1648 (87.6596%)
len 33: n    1459 none      15 derived_ore   1340 (91.8437%) reductio    824 (56.4770%) depth3    927 (63.5367%) derived_ore_strict   1299 (89.0336%)
len 34: n    1199 none      12 derived_ore   1083 (90.3253%) reductio    643 (53.6280%) depth3    765 (63.8032%) derived_ore_strict   1054 (87.9066%)
len 35: n     989 none       6 derived_ore    922 (93.2255%) reductio    579 (58.5440%) depth3    635 (64.2063%) derived_ore_strict    905 (91.5066%)
len 36: n     700 none       3 derived_ore    646 (92.2857%) reductio    420 (60.0000%) depth3    450 (64.2857%) derived_ore_strict    627 (89.5714%)
len 37: n     565 none       2 derived_ore    530 (93.8053%) reductio    356 (63.0088%) depth3    359 (63.5398%) derived_ore_strict    519 (91.8584%)
len 38: n     471 none       6 derived_ore    442 (93.8429%) reductio    302 (64.1189%) depth3    315 (66.8790%) derived_ore_strict    435 (92.3567%)
len 39: n     366 none       2 derived_ore    355 (96.9945%) reductio    226 (61.7486%) depth3    235 (64.2077%) derived_ore_strict    346 (94.5355%)
len 40: n     252 none       1 derived_ore    239 (94.8413%) reductio    164 (65.0794%) depth3    160 (63.4921%) derived_ore_strict    236 (93.6508%)
len 41: n     199 none       0 derived_ore    189 (94.9749%) reductio    136 (68.3417%) depth3    126 (63.3166%) derived_ore_strict    186 (93.4673%)
len 42: n     161 none       0 derived_ore    155 (96.2733%) reductio    104 (64.5963%) depth3    100 (62.1118%) derived_ore_strict    155 (96.2733%)
len 43: n     110 none       0 derived_ore    107 (97.2727%) reductio     76 (69.0909%) depth3     77 (70.0000%) derived_ore_strict    107 (97.2727%)
len 44: n     103 none       0 derived_ore     98 (95.1456%) reductio     82 (79.6117%) depth3     73 (70.8738%) derived_ore_strict     95 (92.2330%)
len 45: n      74 none       0 derived_ore     71 (95.9459%) reductio     60 (81.0811%) depth3     46 (62.1622%) derived_ore_strict     70 (94.5946%)
len 46: n      49 none       0 derived_ore     46 (93.8776%) reductio     36 (73.4694%) depth3     32 (65.3061%) derived_ore_strict     46 (93.8776%)
len 47: n      41 none       0 derived_ore     40 (97.5610%) reductio     34 (82.9268%) depth3     23 (56.0976%) derived_ore_strict     39 (95.1220%)
len 48: n      41 none       0 derived_ore     41 (100.0000%) reductio     32 (78.0488%) depth3     27 (65.8537%) derived_ore_strict     40 (97.5610%)
len 49: n      15 none       0 derived_ore     14 (93.3333%) reductio     11 (73.3333%) depth3     10 (66.6667%) derived_ore_strict     14 (93.3333%)
len 50: n      21 none       0 derived_ore     21 (100.0000%) reductio     13 (61.9048%) depth3     13 (61.9048%) derived_ore_strict     21 (100.0000%)
len 51: n      15 none       0 derived_ore     15 (100.0000%) reductio     10 (66.6667%) depth3     12 (80.0000%) derived_ore_strict     15 (100.0000%)
len 52: n      11 none       0 derived_ore     11 (100.0000%) reductio     10 (90.9091%) depth3      9 (81.8182%) derived_ore_strict     11 (100.0000%)
len 53: n      11 none       0 derived_ore     11 (100.0000%) reductio      9 (81.8182%) depth3     10 (90.9091%) derived_ore_strict     11 (100.0000%)
len 54: n       6 none       0 derived_ore      6 (100.0000%) reductio      5 (83.3333%) depth3      4 (66.6667%) derived_ore_strict      6 (100.0000%)
len 55: n       6 none       0 derived_ore      6 (100.0000%) reductio      3 (50.0000%) depth3      3 (50.0000%) derived_ore_strict      6 (100.0000%)
len 56: n       3 none       0 derived_ore      3 (100.0000%) reductio      3 (100.0000%) depth3      2 (66.6667%) derived_ore_strict      3 (100.0000%)
len 57: n       4 none       0 derived_ore      4 (100.0000%) reductio      4 (100.0000%) depth3      4 (100.0000%) derived_ore_strict      4 (100.0000%)
len 58: n       6 none       0 derived_ore      5 (83.3333%) reductio      6 (100.0000%) depth3      4 (66.6667%) derived_ore_strict      5 (83.3333%)
len 59: n       2 none       0 derived_ore      2 (100.0000%) reductio      2 (100.0000%) depth3      1 (50.0000%) derived_ore_strict      2 (100.0000%)
len 60: n       1 none       0 derived_ore      1 (100.0000%) reductio      1 (100.0000%) depth3      0 (0.0000%) derived_ore_strict      1 (100.0000%)
len 61: n       1 none       0 derived_ore      1 (100.0000%) reductio      1 (100.0000%) depth3      1 (100.0000%) derived_ore_strict      1 (100.0000%)
2026-09-29T17:30:05Z GEN_DONE 8761
200/8761 3s
400/8761 6s
600/8761 8s
800/8761 10s
1000/8761 16s
1200/8761 17s
1400/8761 18s
1600/8761 21s
1800/8761 22s
2000/8761 25s
2200/8761 26s
2400/8761 30s
2600/8761 32s
2800/8761 33s
3000/8761 36s
3200/8761 39s
3400/8761 42s
3600/8761 45s
3800/8761 47s
4000/8761 49s
4200/8761 51s
4400/8761 55s
4600/8761 56s
4800/8761 60s
5000/8761 63s
5200/8761 66s
5400/8761 68s
5600/8761 70s
5800/8761 74s
6000/8761 76s
6200/8761 79s
6400/8761 83s
6600/8761 85s
6800/8761 86s
7000/8761 91s
7200/8761 92s
7400/8761 94s
7600/8761 96s
7800/8761 102s
8000/8761 105s
8200/8761 106s
8400/8761 108s
8600/8761 111s
8761 theorems; labelled 8315; timeouts 2; errors 0
min_lines_ub hist {2: 1, 3: 43, 4: 279, 5: 775, 6: 2626, 7: 2351, 8: 1114, 9: 755, 10: 371}
by generating length: (gen_lines, has <=6 proof) -> {(32, False): 1039, (32, True): 841, (33, False): 804, (33, True): 655, (34, False): 696, (34, True): 503, (35, False): 581, (35, True): 408, (36, False): 413, (36, True): 287, (37, False): 322, (37, True): 243, (38, False): 277, (38, True): 194, (39, False): 230, (39, True): 136, (40, False): 151, (40, True): 101, (41, False): 106, (41, True): 93, (42, False): 107, (42, True): 54, (43, False): 71, (43, True): 39, (44, False): 57, (44, True): 46, (45, False): 40, (45, True): 34, (46, False): 29, (46, True): 20, (47, False): 25, (47, True): 16, (48, False): 28, (48, True): 13, (49, False): 7, (49, True): 8, (50, False): 17, (50, True): 4, (51, False): 10, (51, True): 5, (52, False): 6, (52, True): 5, (53, False): 6, (53, True): 5, (54, False): 5, (54, True): 1, (55, False): 2, (55, True): 4, (56, False): 1, (56, True): 2, (57, False): 2, (57, True): 2, (58, False): 4, (58, True): 2, (59, True): 2, (60, True): 1, (61, False): 1}
stage data/lp2/c2_ml10.jsonl None-without-timeout -> 444
2026-09-29T17:31:56Z STAGE_A_DONE 444
200/444 128s
400/444 269s
444 theorems; labelled 336; timeouts 3; errors 0
min_lines_ub hist {11: 208, 12: 128}
by generating length: (gen_lines, has <=6 proof) -> {(32, False): 86, (33, False): 70, (34, False): 57, (35, False): 50, (36, False): 37, (37, False): 33, (38, False): 20, (39, False): 21, (40, False): 15, (41, False): 8, (42, False): 8, (43, False): 6, (44, False): 13, (45, False): 4, (47, False): 5, (48, False): 4, (50, False): 1, (51, False): 2, (52, False): 1, (53, False): 1, (57, False): 1, (58, False): 1}
stage data/lp2/c2_ml12.jsonl None-without-timeout -> 105
2026-09-29T17:37:01Z STAGE_B_DONE 105
105 theorems; labelled 81; timeouts 13; errors 0
min_lines_ub hist {13: 50, 14: 31}
by generating length: (gen_lines, has <=6 proof) -> {(32, False): 16, (33, False): 18, (34, False): 12, (35, False): 11, (36, False): 13, (37, False): 10, (38, False): 2, (39, False): 8, (40, False): 1, (41, False): 1, (42, False): 1, (43, False): 1, (44, False): 3, (45, False): 3, (47, False): 2, (50, False): 1, (51, False): 1, (57, False): 1}
stage data/lp2/c2_ml14.jsonl None-without-timeout -> 11
2026-09-29T17:50:50Z STAGE_C_DONE 11
11 theorems; labelled 10; timeouts 0; errors 0
min_lines_ub hist {15: 9, 16: 1}
by generating length: (gen_lines, has <=6 proof) -> {(32, False): 2, (33, False): 1, (34, False): 1, (35, False): 1, (36, False): 2, (37, False): 1, (39, False): 1, (44, False): 1, (57, False): 1}
stage data/lp2/c2_ml16.jsonl None-without-timeout -> 1
2026-09-29T17:58:28Z STAGE_D_DONE 1
1 theorems; labelled 1; timeouts 0; errors 0
min_lines_ub hist {17: 1}
by generating length: (gen_lines, has <=6 proof) -> {(33, False): 1}
2026-09-29T18:02:36Z LABEL_DONE c2
