2026-09-29T20:27:31Z START c7 W=6 tries=4000000 seed=36007 len=32-90
generator knobs: None
{
 "total": {
  "n_out": 8753,
  "pat_derived_ore": 8119,
  "pat_reductio": 5028,
  "pat_depth3": 5559,
  "tries": 24000000,
  "fail": 17907600,
  "len_out": 6074322,
  "contra": 9323,
  "dup": 2
 },
 "secs": 316.4396517276764
}
{
 "files": 6,
 "stats": {
  "read": 8753,
  "written": 8751,
  "dup_class": 2
 }
}
len 32: n    1898 none      33 derived_ore   1719 (90.5690%) reductio    983 (51.7914%) depth3   1189 (62.6449%) derived_ore_strict   1676 (88.3035%)
len 33: n    1475 none      12 derived_ore   1345 (91.1864%) reductio    788 (53.4237%) depth3    940 (63.7288%) derived_ore_strict   1313 (89.0169%)
len 34: n    1200 none       9 derived_ore   1107 (92.2500%) reductio    664 (55.3333%) depth3    778 (64.8333%) derived_ore_strict   1075 (89.5833%)
len 35: n     937 none       4 derived_ore    873 (93.1697%) reductio    534 (56.9904%) depth3    595 (63.5005%) derived_ore_strict    859 (91.6756%)
len 36: n     764 none       5 derived_ore    714 (93.4555%) reductio    448 (58.6387%) depth3    470 (61.5183%) derived_ore_strict    696 (91.0995%)
len 37: n     567 none       1 derived_ore    533 (94.0035%) reductio    354 (62.4339%) depth3    348 (61.3757%) derived_ore_strict    523 (92.2399%)
len 38: n     443 none       1 derived_ore    420 (94.8081%) reductio    262 (59.1422%) depth3    281 (63.4312%) derived_ore_strict    417 (94.1309%)
len 39: n     329 none       2 derived_ore    309 (93.9210%) reductio    204 (62.0061%) depth3    204 (62.0061%) derived_ore_strict    306 (93.0091%)
len 40: n     241 none       0 derived_ore    234 (97.0954%) reductio    153 (63.4855%) depth3    147 (60.9959%) derived_ore_strict    231 (95.8506%)
len 41: n     212 none       1 derived_ore    201 (94.8113%) reductio    142 (66.9811%) depth3    144 (67.9245%) derived_ore_strict    199 (93.8679%)
len 42: n     153 none       0 derived_ore    147 (96.0784%) reductio    106 (69.2810%) depth3    104 (67.9739%) derived_ore_strict    146 (95.4248%)
len 43: n     111 none       0 derived_ore    104 (93.6937%) reductio     79 (71.1712%) depth3     73 (65.7658%) derived_ore_strict    103 (92.7928%)
len 44: n     109 none       0 derived_ore    106 (97.2477%) reductio     74 (67.8899%) depth3     75 (68.8073%) derived_ore_strict    105 (96.3303%)
len 45: n      82 none       0 derived_ore     80 (97.5610%) reductio     54 (65.8537%) depth3     49 (59.7561%) derived_ore_strict     78 (95.1220%)
len 46: n      50 none       0 derived_ore     50 (100.0000%) reductio     39 (78.0000%) depth3     37 (74.0000%) derived_ore_strict     49 (98.0000%)
len 47: n      44 none       0 derived_ore     42 (95.4545%) reductio     33 (75.0000%) depth3     36 (81.8182%) derived_ore_strict     41 (93.1818%)
len 48: n      34 none       0 derived_ore     34 (100.0000%) reductio     30 (88.2353%) depth3     22 (64.7059%) derived_ore_strict     34 (100.0000%)
len 49: n      25 none       0 derived_ore     24 (96.0000%) reductio     21 (84.0000%) depth3     12 (48.0000%) derived_ore_strict     24 (96.0000%)
len 50: n      25 none       0 derived_ore     24 (96.0000%) reductio     21 (84.0000%) depth3     19 (76.0000%) derived_ore_strict     24 (96.0000%)
len 51: n      12 none       0 derived_ore     12 (100.0000%) reductio     12 (100.0000%) depth3      6 (50.0000%) derived_ore_strict     12 (100.0000%)
len 52: n      12 none       0 derived_ore     12 (100.0000%) reductio      9 (75.0000%) depth3      9 (75.0000%) derived_ore_strict     11 (91.6667%)
len 53: n       9 none       0 derived_ore      9 (100.0000%) reductio      5 (55.5556%) depth3      8 (88.8889%) derived_ore_strict      9 (100.0000%)
len 54: n       2 none       0 derived_ore      2 (100.0000%) reductio      1 (50.0000%) depth3      1 (50.0000%) derived_ore_strict      2 (100.0000%)
len 55: n       2 none       0 derived_ore      2 (100.0000%) reductio      0 (0.0000%) depth3      1 (50.0000%) derived_ore_strict      2 (100.0000%)
len 56: n       7 none       0 derived_ore      7 (100.0000%) reductio      6 (85.7143%) depth3      6 (85.7143%) derived_ore_strict      7 (100.0000%)
len 57: n       2 none       0 derived_ore      2 (100.0000%) reductio      1 (50.0000%) depth3      2 (100.0000%) derived_ore_strict      2 (100.0000%)
len 58: n       3 none       0 derived_ore      2 (66.6667%) reductio      2 (66.6667%) depth3      1 (33.3333%) derived_ore_strict      2 (66.6667%)
len 59: n       1 none       0 derived_ore      1 (100.0000%) reductio      1 (100.0000%) depth3      0 (0.0000%) derived_ore_strict      1 (100.0000%)
len 62: n       1 none       0 derived_ore      1 (100.0000%) reductio      1 (100.0000%) depth3      1 (100.0000%) derived_ore_strict      1 (100.0000%)
len 64: n       1 none       0 derived_ore      1 (100.0000%) reductio      1 (100.0000%) depth3      1 (100.0000%) derived_ore_strict      1 (100.0000%)
2026-09-29T20:32:48Z GEN_DONE 8751
200/8751 3s
400/8751 4s
600/8751 8s
800/8751 12s
1000/8751 15s
1200/8751 18s
1400/8751 18s
1600/8751 20s
1800/8751 25s
2000/8751 30s
2200/8751 31s
2400/8751 35s
2600/8751 36s
2800/8751 41s
3000/8751 42s
3200/8751 45s
3400/8751 46s
3600/8751 48s
3800/8751 51s
4000/8751 53s
4200/8751 55s
4400/8751 60s
4600/8751 60s
4800/8751 61s
5000/8751 67s
5200/8751 72s
5400/8751 74s
5600/8751 74s
5800/8751 76s
6000/8751 77s
6200/8751 80s
6400/8751 82s
6600/8751 84s
6800/8751 88s
7000/8751 92s
7200/8751 93s
7400/8751 98s
7600/8751 100s
7800/8751 102s
8000/8751 104s
8200/8751 105s
8400/8751 107s
8600/8751 110s
8751 theorems; labelled 8304; timeouts 5; errors 0
min_lines_ub hist {2: 1, 3: 44, 4: 288, 5: 731, 6: 2679, 7: 2353, 8: 1056, 9: 798, 10: 354}
by generating length: (gen_lines, has <=6 proof) -> {(32, False): 1041, (32, True): 857, (33, False): 854, (33, True): 621, (34, False): 673, (34, True): 527, (35, False): 542, (35, True): 395, (36, False): 454, (36, True): 310, (37, False): 322, (37, True): 245, (38, False): 264, (38, True): 179, (39, False): 194, (39, True): 135, (40, False): 140, (40, True): 101, (41, False): 119, (41, True): 93, (42, False): 91, (42, True): 62, (43, False): 68, (43, True): 43, (44, False): 62, (44, True): 47, (45, False): 47, (45, True): 35, (46, False): 30, (46, True): 20, (47, False): 23, (47, True): 21, (48, False): 21, (48, True): 13, (49, False): 15, (49, True): 10, (50, False): 17, (50, True): 8, (51, False): 7, (51, True): 5, (52, False): 7, (52, True): 5, (53, False): 5, (53, True): 4, (54, False): 1, (54, True): 1, (55, False): 2, (56, False): 4, (56, True): 3, (57, False): 1, (57, True): 1, (58, False): 2, (58, True): 1, (59, False): 1, (62, False): 1, (64, True): 1}
stage data/lp2/c7_ml10.jsonl None-without-timeout -> 442
2026-09-29T20:34:39Z STAGE_A_DONE 442
200/442 152s
400/442 267s
442 theorems; labelled 336; timeouts 5; errors 0
min_lines_ub hist {11: 218, 12: 118}
by generating length: (gen_lines, has <=6 proof) -> {(32, False): 86, (33, False): 83, (34, False): 57, (35, False): 29, (36, False): 57, (37, False): 29, (38, False): 21, (39, False): 19, (40, False): 13, (41, False): 9, (42, False): 11, (43, False): 5, (44, False): 4, (45, False): 6, (46, False): 3, (47, False): 3, (49, False): 1, (50, False): 2, (51, False): 1, (53, False): 2, (58, False): 1}
stage data/lp2/c7_ml12.jsonl None-without-timeout -> 101
2026-09-29T20:39:18Z STAGE_B_DONE 101
101 theorems; labelled 83; timeouts 3; errors 0
min_lines_ub hist {13: 54, 14: 29}
by generating length: (gen_lines, has <=6 proof) -> {(32, False): 17, (33, False): 20, (34, False): 15, (35, False): 4, (36, False): 17, (37, False): 7, (38, False): 5, (39, False): 2, (40, False): 5, (41, False): 2, (42, False): 2, (43, False): 1, (45, False): 2, (47, False): 1, (50, False): 1}
stage data/lp2/c7_ml14.jsonl None-without-timeout -> 15
2026-09-29T20:47:39Z STAGE_C_DONE 15
15 theorems; labelled 15; timeouts 0; errors 0
min_lines_ub hist {15: 13, 16: 2}
by generating length: (gen_lines, has <=6 proof) -> {(32, False): 1, (33, False): 2, (34, False): 4, (35, False): 1, (36, False): 1, (37, False): 1, (38, False): 2, (40, False): 1, (41, False): 1, (42, False): 1}
stage data/lp2/c7_ml16.jsonl None-without-timeout -> 0
2026-09-29T20:56:12Z STAGE_D_DONE 0
2026-09-29T20:56:12Z LABEL_DONE c7
