2026-09-29T22:22:43Z START c9 W=6 tries=4000000 seed=36009 len=32-90
generator knobs: None
{
 "total": {
  "n_out": 8877,
  "pat_derived_ore": 8228,
  "pat_reductio": 5094,
  "pat_depth3": 5593,
  "tries": 24000000,
  "fail": 17906771,
  "len_out": 6075012,
  "contra": 9338,
  "dup": 2
 },
 "secs": 366.3981170654297
}
{
 "files": 6,
 "stats": {
  "read": 8877,
  "written": 8876,
  "dup_class": 1
 }
}
len 32: n    1923 none      33 derived_ore   1734 (90.1716%) reductio   1002 (52.1061%) depth3   1225 (63.7025%) derived_ore_strict   1683 (87.5195%)
len 33: n    1513 none      17 derived_ore   1373 (90.7469%) reductio    808 (53.4038%) depth3    943 (62.3265%) derived_ore_strict   1345 (88.8962%)
len 34: n    1227 none      12 derived_ore   1137 (92.6650%) reductio    690 (56.2347%) depth3    771 (62.8362%) derived_ore_strict   1110 (90.4645%)
len 35: n     958 none       6 derived_ore    886 (92.4843%) reductio    543 (56.6806%) depth3    591 (61.6910%) derived_ore_strict    872 (91.0230%)
len 36: n     789 none       6 derived_ore    744 (94.2966%) reductio    453 (57.4144%) depth3    458 (58.0482%) derived_ore_strict    732 (92.7757%)
len 37: n     566 none       2 derived_ore    534 (94.3463%) reductio    341 (60.2473%) depth3    360 (63.6042%) derived_ore_strict    525 (92.7562%)
len 38: n     450 none       1 derived_ore    430 (95.5556%) reductio    283 (62.8889%) depth3    285 (63.3333%) derived_ore_strict    424 (94.2222%)
len 39: n     323 none       2 derived_ore    307 (95.0464%) reductio    200 (61.9195%) depth3    210 (65.0155%) derived_ore_strict    307 (95.0464%)
len 40: n     251 none       2 derived_ore    239 (95.2191%) reductio    156 (62.1514%) depth3    153 (60.9562%) derived_ore_strict    237 (94.4223%)
len 41: n     205 none       1 derived_ore    194 (94.6341%) reductio    137 (66.8293%) depth3    147 (71.7073%) derived_ore_strict    191 (93.1707%)
len 42: n     159 none       1 derived_ore    153 (96.2264%) reductio    108 (67.9245%) depth3    105 (66.0377%) derived_ore_strict    152 (95.5975%)
len 43: n     127 none       1 derived_ore    119 (93.7008%) reductio     87 (68.5039%) depth3     81 (63.7795%) derived_ore_strict    117 (92.1260%)
len 44: n      98 none       0 derived_ore     95 (96.9388%) reductio     63 (64.2857%) depth3     64 (65.3061%) derived_ore_strict     93 (94.8980%)
len 45: n      71 none       0 derived_ore     69 (97.1831%) reductio     46 (64.7887%) depth3     48 (67.6056%) derived_ore_strict     67 (94.3662%)
len 46: n      52 none       0 derived_ore     52 (100.0000%) reductio     43 (82.6923%) depth3     37 (71.1538%) derived_ore_strict     51 (98.0769%)
len 47: n      48 none       0 derived_ore     47 (97.9167%) reductio     39 (81.2500%) depth3     39 (81.2500%) derived_ore_strict     45 (93.7500%)
len 48: n      24 none       0 derived_ore     24 (100.0000%) reductio     20 (83.3333%) depth3     18 (75.0000%) derived_ore_strict     24 (100.0000%)
len 49: n      27 none       0 derived_ore     27 (100.0000%) reductio     22 (81.4815%) depth3     14 (51.8519%) derived_ore_strict     27 (100.0000%)
len 50: n      21 none       0 derived_ore     20 (95.2381%) reductio     17 (80.9524%) depth3     17 (80.9524%) derived_ore_strict     20 (95.2381%)
len 51: n       6 none       0 derived_ore      6 (100.0000%) reductio      6 (100.0000%) depth3      3 (50.0000%) derived_ore_strict      6 (100.0000%)
len 52: n      11 none       0 derived_ore     10 (90.9091%) reductio      7 (63.6364%) depth3      9 (81.8182%) derived_ore_strict      9 (81.8182%)
len 53: n       6 none       0 derived_ore      6 (100.0000%) reductio      5 (83.3333%) depth3      3 (50.0000%) derived_ore_strict      6 (100.0000%)
len 54: n       6 none       0 derived_ore      6 (100.0000%) reductio      6 (100.0000%) depth3      4 (66.6667%) derived_ore_strict      6 (100.0000%)
len 55: n       4 none       0 derived_ore      4 (100.0000%) reductio      3 (75.0000%) depth3      2 (50.0000%) derived_ore_strict      4 (100.0000%)
len 56: n       4 none       0 derived_ore      4 (100.0000%) reductio      3 (75.0000%) depth3      4 (100.0000%) derived_ore_strict      4 (100.0000%)
len 57: n       1 none       0 derived_ore      1 (100.0000%) reductio      1 (100.0000%) depth3      0 (0.0000%) derived_ore_strict      1 (100.0000%)
len 58: n       3 none       0 derived_ore      3 (100.0000%) reductio      2 (66.6667%) depth3      0 (0.0000%) derived_ore_strict      3 (100.0000%)
len 59: n       1 none       0 derived_ore      1 (100.0000%) reductio      1 (100.0000%) depth3      0 (0.0000%) derived_ore_strict      1 (100.0000%)
len 60: n       1 none       0 derived_ore      1 (100.0000%) reductio      1 (100.0000%) depth3      1 (100.0000%) derived_ore_strict      1 (100.0000%)
len 64: n       1 none       0 derived_ore      1 (100.0000%) reductio      1 (100.0000%) depth3      1 (100.0000%) derived_ore_strict      1 (100.0000%)
2026-09-29T22:28:49Z GEN_DONE 8876
200/8876 0s
400/8876 0s
600/8876 0s
800/8876 0s
1000/8876 0s
1200/8876 1s
1400/8876 1s
1600/8876 1s
1800/8876 1s
2000/8876 1s
2200/8876 1s
2400/8876 1s
2600/8876 1s
2800/8876 1s
3000/8876 1s
3200/8876 1s
3400/8876 1s
3600/8876 2s
3800/8876 2s
4000/8876 2s
4200/8876 2s
4400/8876 2s
4600/8876 2s
4800/8876 2s
5000/8876 2s
5200/8876 2s
5400/8876 2s
5600/8876 2s
5800/8876 2s
6000/8876 2s
6200/8876 3s
6400/8876 3s
6600/8876 3s
6800/8876 3s
7000/8876 3s
7200/8876 3s
7400/8876 3s
7600/8876 3s
7800/8876 3s
8000/8876 3s
8200/8876 3s
8400/8876 3s
8600/8876 3s
8800/8876 3s
8876 theorems; labelled 8425; timeouts 5; errors 0
min_lines_ub hist {2: 1, 3: 46, 4: 291, 5: 727, 6: 2698, 7: 2392, 8: 1083, 9: 809, 10: 378}
by generating length: (gen_lines, has <=6 proof) -> {(32, False): 1072, (32, True): 851, (33, False): 862, (33, True): 651, (34, False): 705, (34, True): 522, (35, False): 549, (35, True): 409, (36, False): 449, (36, True): 340, (37, False): 322, (37, True): 244, (38, False): 267, (38, True): 183, (39, False): 207, (39, True): 116, (40, False): 156, (40, True): 95, (41, False): 121, (41, True): 84, (42, False): 92, (42, True): 67, (43, False): 81, (43, True): 46, (44, False): 58, (44, True): 40, (45, False): 40, (45, True): 31, (46, False): 30, (46, True): 22, (47, False): 28, (47, True): 20, (48, False): 18, (48, True): 6, (49, False): 14, (49, True): 13, (50, False): 15, (50, True): 6, (51, False): 2, (51, True): 4, (52, False): 7, (52, True): 4, (53, False): 5, (53, True): 1, (54, False): 4, (54, True): 2, (55, False): 3, (55, True): 1, (56, False): 2, (56, True): 2, (57, True): 1, (58, False): 2, (58, True): 1, (59, False): 1, (60, False): 1, (64, True): 1}
stage data/lp2/c9_ml10.jsonl None-without-timeout -> 446
2026-09-29T22:32:14Z STAGE_A_DONE 446
200/446 0s
400/446 0s
446 theorems; labelled 340; timeouts 5; errors 0
min_lines_ub hist {11: 216, 12: 124}
by generating length: (gen_lines, has <=6 proof) -> {(32, False): 84, (33, False): 78, (34, False): 58, (35, False): 39, (36, False): 57, (37, False): 24, (38, False): 25, (39, False): 17, (40, False): 16, (41, False): 10, (42, False): 12, (43, False): 4, (44, False): 5, (45, False): 4, (46, False): 2, (47, False): 4, (48, False): 1, (49, False): 2, (50, False): 1, (54, False): 1, (58, False): 2}
stage data/lp2/c9_ml12.jsonl None-without-timeout -> 101
2026-09-29T22:41:38Z STAGE_B_DONE 101
101 theorems; labelled 80; timeouts 3; errors 0
stage data/lp2/c9_ml14.jsonl None-without-timeout -> 18
2026-09-29T22:57:40Z STAGE_C_DONE 18
18 theorems; labelled 14; timeouts 1; errors 0
stage data/lp2/c9_ml16.jsonl None-without-timeout -> 3
2026-09-29T23:15:37Z STAGE_D_DONE 3
3 theorems; labelled 1; timeouts 0; errors 0
2026-09-29T23:26:02Z LABEL_DONE c9
