2026-09-29T18:06:46Z START d2 W=4 tries=6000000 seed=37002 len=32-90
generator knobs: None
{
 "total": {
  "n_out": 8749,
  "pat_reductio": 5078,
  "pat_depth3": 5429,
  "pat_derived_ore": 8117,
  "tries": 24000000,
  "fail": 17909517,
  "len_out": 6072317,
  "contra": 9416,
  "dup": 1
 },
 "secs": 514.4244184494019
}
{
 "files": 4,
 "stats": {
  "read": 8749,
  "written": 8745,
  "dup_class": 4
 }
}
len 32: n    1808 none      23 derived_ore   1624 (89.8230%) reductio    937 (51.8252%) depth3   1083 (59.9004%) derived_ore_strict   1588 (87.8319%)
len 33: n    1534 none      16 derived_ore   1419 (92.5033%) reductio    818 (53.3246%) depth3    924 (60.2347%) derived_ore_strict   1376 (89.7001%)
len 34: n    1212 none      11 derived_ore   1122 (92.5743%) reductio    672 (55.4455%) depth3    740 (61.0561%) derived_ore_strict   1101 (90.8416%)
len 35: n     944 none      11 derived_ore    864 (91.5254%) reductio    566 (59.9576%) depth3    598 (63.3475%) derived_ore_strict    848 (89.8305%)
len 36: n     752 none       3 derived_ore    704 (93.6170%) reductio    445 (59.1755%) depth3    483 (64.2287%) derived_ore_strict    694 (92.2872%)
len 37: n     527 none       2 derived_ore    498 (94.4972%) reductio    301 (57.1157%) depth3    324 (61.4801%) derived_ore_strict    490 (92.9791%)
len 38: n     445 none       0 derived_ore    422 (94.8315%) reductio    274 (61.5730%) depth3    268 (60.2247%) derived_ore_strict    413 (92.8090%)
len 39: n     324 none       1 derived_ore    307 (94.7531%) reductio    208 (64.1975%) depth3    220 (67.9012%) derived_ore_strict    302 (93.2099%)
len 40: n     286 none       3 derived_ore    271 (94.7552%) reductio    179 (62.5874%) depth3    181 (63.2867%) derived_ore_strict    268 (93.7063%)
len 41: n     204 none       0 derived_ore    198 (97.0588%) reductio    143 (70.0980%) depth3    131 (64.2157%) derived_ore_strict    195 (95.5882%)
len 42: n     176 none       0 derived_ore    171 (97.1591%) reductio    123 (69.8864%) depth3    117 (66.4773%) derived_ore_strict    169 (96.0227%)
len 43: n     132 none       0 derived_ore    124 (93.9394%) reductio    108 (81.8182%) depth3     86 (65.1515%) derived_ore_strict    122 (92.4242%)
len 44: n     103 none       0 derived_ore     97 (94.1748%) reductio     76 (73.7864%) depth3     70 (67.9612%) derived_ore_strict     97 (94.1748%)
len 45: n      86 none       0 derived_ore     83 (96.5116%) reductio     60 (69.7674%) depth3     58 (67.4419%) derived_ore_strict     82 (95.3488%)
len 46: n      47 none       0 derived_ore     46 (97.8723%) reductio     38 (80.8511%) depth3     32 (68.0851%) derived_ore_strict     46 (97.8723%)
len 47: n      38 none       0 derived_ore     36 (94.7368%) reductio     26 (68.4211%) depth3     33 (86.8421%) derived_ore_strict     36 (94.7368%)
len 48: n      31 none       0 derived_ore     31 (100.0000%) reductio     25 (80.6452%) depth3     20 (64.5161%) derived_ore_strict     31 (100.0000%)
len 49: n      28 none       0 derived_ore     28 (100.0000%) reductio     20 (71.4286%) depth3     20 (71.4286%) derived_ore_strict     28 (100.0000%)
len 50: n      22 none       0 derived_ore     22 (100.0000%) reductio     18 (81.8182%) depth3     10 (45.4545%) derived_ore_strict     22 (100.0000%)
len 51: n      13 none       0 derived_ore     13 (100.0000%) reductio      9 (69.2308%) depth3      7 (53.8462%) derived_ore_strict     13 (100.0000%)
len 52: n       4 none       0 derived_ore      4 (100.0000%) reductio      2 (50.0000%) depth3      2 (50.0000%) derived_ore_strict      4 (100.0000%)
len 53: n       8 none       0 derived_ore      8 (100.0000%) reductio      7 (87.5000%) depth3      6 (75.0000%) derived_ore_strict      8 (100.0000%)
len 54: n       7 none       0 derived_ore      7 (100.0000%) reductio      5 (71.4286%) depth3      4 (57.1429%) derived_ore_strict      7 (100.0000%)
len 55: n       4 none       0 derived_ore      4 (100.0000%) reductio      4 (100.0000%) depth3      2 (50.0000%) derived_ore_strict      4 (100.0000%)
len 56: n       4 none       0 derived_ore      4 (100.0000%) reductio      4 (100.0000%) depth3      3 (75.0000%) derived_ore_strict      4 (100.0000%)
len 57: n       2 none       0 derived_ore      2 (100.0000%) reductio      2 (100.0000%) depth3      2 (100.0000%) derived_ore_strict      2 (100.0000%)
len 59: n       1 none       0 derived_ore      1 (100.0000%) reductio      1 (100.0000%) depth3      1 (100.0000%) derived_ore_strict      1 (100.0000%)
len 62: n       2 none       0 derived_ore      2 (100.0000%) reductio      2 (100.0000%) depth3      1 (50.0000%) derived_ore_strict      2 (100.0000%)
len 63: n       1 none       0 derived_ore      1 (100.0000%) reductio      1 (100.0000%) depth3      1 (100.0000%) derived_ore_strict      1 (100.0000%)
2026-09-29T18:15:21Z GEN_DONE 8745
200/8745 3s
400/8745 6s
600/8745 10s
800/8745 15s
1000/8745 18s
1200/8745 21s
1400/8745 24s
1600/8745 27s
1800/8745 31s
2000/8745 37s
2200/8745 39s
2400/8745 43s
2600/8745 47s
2800/8745 50s
3000/8745 54s
3200/8745 57s
3400/8745 60s
3600/8745 63s
3800/8745 68s
4000/8745 70s
4200/8745 75s
4400/8745 81s
4600/8745 84s
4800/8745 86s
5000/8745 90s
5200/8745 94s
5400/8745 98s
5600/8745 102s
5800/8745 106s
6000/8745 109s
6200/8745 115s
6400/8745 117s
6600/8745 123s
6800/8745 126s
7000/8745 129s
7200/8745 133s
7400/8745 140s
7600/8745 142s
7800/8745 145s
8000/8745 148s
8200/8745 152s
8400/8745 156s
8600/8745 159s
8745 theorems; labelled 8319; timeouts 1; errors 0
min_lines_ub hist {3: 46, 4: 282, 5: 721, 6: 2682, 7: 2428, 8: 1060, 9: 749, 10: 351}
by generating length: (gen_lines, has <=6 proof) -> {(32, False): 990, (32, True): 818, (33, False): 853, (33, True): 681, (34, False): 701, (34, True): 511, (35, False): 543, (35, True): 401, (36, False): 425, (36, True): 327, (37, False): 318, (37, True): 209, (38, False): 271, (38, True): 174, (39, False): 189, (39, True): 135, (40, False): 169, (40, True): 117, (41, False): 122, (41, True): 82, (42, False): 113, (42, True): 63, (43, False): 80, (43, True): 52, (44, False): 65, (44, True): 38, (45, False): 48, (45, True): 38, (46, False): 26, (46, True): 21, (47, False): 22, (47, True): 16, (48, False): 18, (48, True): 13, (49, False): 18, (49, True): 10, (50, False): 13, (50, True): 9, (51, False): 11, (51, True): 2, (52, False): 1, (52, True): 3, (53, False): 7, (53, True): 1, (54, False): 5, (54, True): 2, (55, False): 1, (55, True): 3, (56, False): 3, (56, True): 1, (57, True): 2, (59, False): 1, (62, False): 1, (62, True): 1, (63, True): 1}
stage data/lp2/d2_ml10.jsonl None-without-timeout -> 425
2026-09-29T18:18:02Z STAGE_A_DONE 425
200/425 172s
400/425 324s
425 theorems; labelled 325; timeouts 3; errors 0
min_lines_ub hist {11: 230, 12: 95}
by generating length: (gen_lines, has <=6 proof) -> {(32, False): 71, (33, False): 64, (34, False): 60, (35, False): 43, (36, False): 39, (37, False): 20, (38, False): 26, (39, False): 21, (40, False): 18, (41, False): 9, (42, False): 17, (43, False): 6, (44, False): 11, (45, False): 5, (46, False): 3, (47, False): 4, (48, False): 1, (49, False): 3, (50, False): 1, (51, False): 2, (52, False): 1}
stage data/lp2/d2_ml12.jsonl None-without-timeout -> 97
2026-09-29T18:24:02Z STAGE_B_DONE 97
97 theorems; labelled 78; timeouts 2; errors 0
min_lines_ub hist {13: 55, 14: 23}
by generating length: (gen_lines, has <=6 proof) -> {(32, False): 11, (33, False): 18, (34, False): 14, (35, False): 12, (36, False): 13, (37, False): 4, (38, False): 5, (39, False): 1, (40, False): 4, (41, False): 4, (42, False): 2, (43, False): 3, (44, False): 4, (45, False): 2}
stage data/lp2/d2_ml14.jsonl None-without-timeout -> 17
2026-09-29T18:33:41Z STAGE_C_DONE 17
17 theorems; labelled 13; timeouts 0; errors 0
min_lines_ub hist {15: 7, 16: 6}
by generating length: (gen_lines, has <=6 proof) -> {(32, False): 3, (34, False): 3, (35, False): 4, (36, False): 1, (37, False): 1, (38, False): 1, (44, False): 3, (45, False): 1}
stage data/lp2/d2_ml16.jsonl None-without-timeout -> 4
2026-09-29T18:49:43Z STAGE_D_DONE 4
4 theorems; labelled 3; timeouts 0; errors 0
min_lines_ub hist {17: 3}
by generating length: (gen_lines, has <=6 proof) -> {(35, False): 1, (44, False): 2, (45, False): 1}
2026-09-29T19:17:23Z LABEL_DONE d2
