info: downloading installer
info: default toolchain set to 'leanprover/lean4:v4.34.0'
warning: could not canonicalize path: '/root/.elan/toolchains'
warning: could not canonicalize path: '/root/.elan/toolchains'
warning: could not canonicalize path: '/root/.elan/toolchains'
info: downloading https://releases.lean-lang.org/lean4/v4.34.0/lean-4.34.0-linux.tar.zst
info: installing /root/.elan/toolchains/leanprover--lean4---v4.34.0
Lean (version 4.34.0, x86_64-unknown-linux-gnu, commit 293d5d0c0c3f3dded4688b3ccd6a33939ac5102b, Release)
WARNING: Running pip as the 'root' user can result in broken permissions and conflicting behaviour with the system package manager, possibly rendering your system unusable. It is recommended to use a virtual environment instead: https://pip.pypa.io/warnings/venv. Use the --root-user-action option if you know what you are doing and want to suppress this warning.
[90mHint: The `hf-cli` skill is not installed. Run `hf skills add -g` to teach your AI agents how to use the `hf` CLI.[0m
[32m✓ Downloaded[0m
  src: hf://buckets/dan-pandori/nd-rl/state-cap12/ckpts/sc12/ladder/la_T1_SN12_s0_r8.pt
  dst: ckpts/sc12/ladder/la_T1_SN12_s0_r8.pt
[32m✓ Downloaded[0m
  src: hf://buckets/dan-pandori/nd-rl/state-cap12/ckpts/sc12/stage1_SN12_s0.pt
  dst: ckpts/sc12/stage1_SN12_s0.pt
[32m✓ Downloaded[0m
  src: hf://buckets/dan-pandori/nd-rl/state-cap12/ckpts/sc12/ladder/la_T1_SN12_s1_r8.pt
  dst: ckpts/sc12/ladder/la_T1_SN12_s1_r8.pt
[32m✓ Downloaded[0m
  src: hf://buckets/dan-pandori/nd-rl/state-cap12/ckpts/sc12/stage1_SN12_s1.pt
  dst: ckpts/sc12/stage1_SN12_s1.pt
[32m✓ Downloaded[0m
  src: hf://buckets/dan-pandori/nd-rl/state-cap12/ckpts/sc12/ladder/la_T1_SN12_s2_r8.pt
  dst: ckpts/sc12/ladder/la_T1_SN12_s2_r8.pt
[32m✓ Downloaded[0m
  src: hf://buckets/dan-pandori/nd-rl/state-cap12/ckpts/sc12/stage1_SN12_s2.pt
  dst: ckpts/sc12/stage1_SN12_s2.pt
[32m✓ Downloaded[0m
  src: hf://buckets/dan-pandori/nd-rl/state-cap12/ckpts/sc12/ladder/la_T1_SN12_s3_r8.pt
  dst: ckpts/sc12/ladder/la_T1_SN12_s3_r8.pt
[32m✓ Downloaded[0m
  src: hf://buckets/dan-pandori/nd-rl/state-cap12/ckpts/sc12/stage1_SN12_s3.pt
  dst: ckpts/sc12/stage1_SN12_s3.pt
[32m✓ Downloaded[0m
  src: hf://buckets/dan-pandori/nd-rl/state-cap12/ckpts/ladder/la_T1_K12_s0_r8.pt
  dst: ckpts/ladder/la_T1_K12_s0_r8.pt
[32m✓ Downloaded[0m
  src: hf://buckets/dan-pandori/nd-rl/state-env/ckpts/se/ladder/la_T1_SN_s0_r8.pt
  dst: ckpts/se/la_T1_SN_s0_r8.pt
[32m✓ Downloaded[0m
  src: hf://buckets/dan-pandori/nd-rl/state-cap12/ckpts/ladder/la_T1_K12_s1_r8.pt
  dst: ckpts/ladder/la_T1_K12_s1_r8.pt
[32m✓ Downloaded[0m
  src: hf://buckets/dan-pandori/nd-rl/state-env/ckpts/se/ladder/la_T1_SN_s1_r8.pt
  dst: ckpts/se/la_T1_SN_s1_r8.pt
ce124148d35b6673 ckpts/sc12/stage1_SN12_s0.pt
e0d8ad9c9c2e73cf ckpts/sc12/stage1_SN12_s1.pt
c6fa9e7241261a65 ckpts/sc12/stage1_SN12_s2.pt
520d61a7e0f364ce ckpts/sc12/stage1_SN12_s3.pt
1f52d93b381f8e89 ckpts/sc12/ladder/la_T1_SN12_s0_r8.pt
616dcec90c6940c4 ckpts/sc12/ladder/la_T1_SN12_s1_r8.pt
e9092fd5f90cc1e4 ckpts/sc12/ladder/la_T1_SN12_s2_r8.pt
42c2b6a9277b58bb ckpts/sc12/ladder/la_T1_SN12_s3_r8.pt
0ee67a296a1b4431 ckpts/ladder/la_T1_K12_s0_r8.pt
84aa6e27f43a23fd ckpts/ladder/la_T1_K12_s1_r8.pt
2ee1aa4e8c1ee284 ckpts/se/la_T1_SN_s0_r8.pt
43ce12c1d36a007e ckpts/se/la_T1_SN_s1_r8.pt
SETUP_DONE
