[lean_gate] 3200 samples, parse-fail 403, distinct checked 2573: lean ok 1671, lean rej 902; lean 7.5s wall (39.4s proc, 6 workers)
[lj/t5_ei r1] targets (this round, pass@16) SOLVED 173/200 = 0.865 [0.811,0.906]
  len 7: 151/166 = 0.910 [0.856,0.944]
  len 8: 22/34 = 0.647 [0.479,0.785]
  written hist {7: 187, 8: 40, 9: 1}
  pruned hist {7: 194, 8: 34}
  frontier written 8 pruned 8
  reasons [('lean rejected', 954), ('lean_seq parse: unbound', 276), ('lean_seq parse: expected )', 56), ('lean_seq parse: exact not last', 34), ('lean_seq parse: formula', 25), ('lean_seq parse: name', 9)]
[lj/t5_ei r1] targets (cumulative 16 attempts) SOLVED 173/200 = 0.865 [0.811,0.906]
  len 7: 151/166 = 0.910 [0.856,0.944]
  len 8: 22/34 = 0.647 [0.479,0.785]
  written hist {7: 187, 8: 40, 9: 1}
  pruned hist {7: 194, 8: 34}
  frontier written 8 pruned 8
  reasons []
[lean_gate] 800 samples, parse-fail 71, distinct checked 685: lean ok 443, lean rej 242; lean 2.6s wall (4.8s proc, 6 workers)
[lj/t5_ei r1] transfer (this round, pass@16) SOLVED 44/50 = 0.880 [0.762,0.944]
  len 7: 44/50 = 0.880 [0.762,0.944]
  written hist {7: 52, 8: 4}
  pruned hist {7: 54, 8: 2}
  frontier written 7 pruned 7
  reasons [('lean rejected', 251), ('lean_seq parse: unbound', 53), ('lean_seq parse: expected )', 13), ('lean_seq parse: exact not last', 3), ('lean_seq parse: expected :=', 1), ('lean_seq parse: formula', 1)]
[lj/t5_ei r1] transfer (cumulative 16 attempts) SOLVED 44/50 = 0.880 [0.762,0.944]
  len 7: 44/50 = 0.880 [0.762,0.944]
  written hist {7: 52, 8: 4}
  pruned hist {7: 54, 8: 2}
  frontier written 7 pruned 7
  reasons []
[lean_gate] 50 samples, parse-fail 2, distinct checked 48: lean ok 34, lean rej 14; lean 0.6s wall (0.6s proc, 6 workers)
[lj/t5_ei r1] transfer greedy SOLVED 34/50 = 0.680 [0.542,0.792]
  len 7: 34/50 = 0.680 [0.542,0.792]
  written hist {7: 34}
  pruned hist {7: 34}
  frontier written 7 pruned 7
  reasons [('lean rejected', 14), ('lean_seq parse: unbound', 1), ('lean_seq parse: expected )', 1)]
[lean_gate] 200 samples, parse-fail 0, distinct checked 200: lean ok 200, lean rej 0; lean 0.8s wall (0.8s proc, 6 workers)
[lj/t5_ei r1] heldout greedy SOLVED 200/200 = 1.000 [0.981,1.000]
  len 2: 200/200 = 1.000 [0.981,1.000]
  written hist {2: 197, 7: 3}
  pruned hist {2: 197, 7: 3}
  frontier written 2 pruned 2
  reasons []
python3 train.py --data artifacts/lj/t5_ei/mix_1.jsonl --init ckpts/stage1_a3_s0.pt --steps 50 --lr 0.0003 --min_lr 2.9999999999999997e-05 --warmup 50 --cap 0 --out ckpts/lj/t5_ei_r1.pt --seed 1 --log_every 200
params 3214336 mode lean_seq shift True
train records 3912 max len 385
step 50 loss 0.0458 lr 3.00e-04 3s
saved ckpts/lj/t5_ei_r1.pt
=== round 1 done in 31s; new proofs 228; cum targets solved 173
