frozen16_reductio_f0.1_s0_ss0 R 16 att 512 solved 75 acq 75 {'6': (45, 1, 1), '7': (30, 1, 1), '8': (0, None, None), '9': (0, None, None), '10': (0, None, None)} nopat 0 ver 76 fail 0 transfer acq 11
frozen16_reductio_f0.1_s0_ss1 R 16 att 512 solved 72 acq 72 {'6': (45, 1, 1), '7': (27, 1, 1), '8': (0, None, None), '9': (0, None, None), '10': (0, None, None)} nopat 0 ver 73 fail 0 transfer acq 12
frozen16_reductio_f0.1_s1_ss0 R 16 att 512 solved 72 acq 72 {'6': (45, 1, 1), '7': (27, 1, 1), '8': (0, None, None), '9': (0, None, None), '10': (0, None, None)} nopat 0 ver 73 fail 0 transfer acq 13
frozen16_reductio_f0.1_s1_ss1 R 16 att 512 solved 70 acq 70 {'6': (45, 1, 1), '7': (25, 1, 1), '8': (0, None, None), '9': (0, None, None), '10': (0, None, None)} nopat 0 ver 71 fail 0 transfer acq 13
frozen16_reductio_f0_s0_ss0 R 16 att 512 solved 29 acq 29 {'6': (25, 1, 1), '7': (4, 1, None), '8': (0, None, None), '9': (0, None, None), '10': (0, None, None)} nopat 0 ver 30 fail 0 transfer acq 3
frozen16_reductio_f0_s0_ss1 R 16 att 512 solved 29 acq 29 {'6': (26, 1, 1), '7': (3, 6, None), '8': (0, None, None), '9': (0, None, None), '10': (0, None, None)} nopat 0 ver 31 fail 0 transfer acq 2
frozen16_reductio_f0_s1_ss1 R 16 att 512 solved 1 acq 1 {'6': (1, 7, None), '7': (0, None, None), '8': (0, None, None), '9': (0, None, None), '10': (0, None, None)} nopat 0 ver 1 fail 0 transfer acq 0
frozen16_reductio_f0_s2_ss2 R 16 att 512 solved 9 acq 9 {'6': (8, 1, None), '7': (1, 11, None), '8': (0, None, None), '9': (0, None, None), '10': (0, None, None)} nopat 0 ver 10 fail 0 transfer acq 0
frozen8_reductio_f0_s1_ss1 R 8 att 256 solved 1 acq 1 {'6': (1, 7, None), '7': (0, None, None), '8': (0, None, None), '9': (0, None, None), '10': (0, None, None)} nopat 0 ver 1 fail 0 transfer acq 0
frozen8_reductio_f0_s2_ss2 R 8 att 256 solved 7 acq 7 {'6': (7, 1, None), '7': (0, None, None), '8': (0, None, None), '9': (0, None, None), '10': (0, None, None)} nopat 0 ver 8 fail 0 transfer acq 0
frozen_dore_f0.001_c8_s0 R 8 att 256 solved 16 acq 16 {'9': (14, 1, 3), '10': (2, 2, None)} nopat 0 ver 26 fail 0 transfer acq 7
frozen_dore_f0.001_c8_s1 R 8 att 256 solved 18 acq 18 {'9': (16, 1, 1), '10': (2, 2, None)} nopat 0 ver 27 fail 0 transfer acq 7
frozen_dore_f0_c8_s2 R 8 att 256 solved 14 acq 14 {'9': (12, 1, 3), '10': (2, 5, None)} nopat 0 ver 18 fail 0 transfer acq 4
frozen_dore_f0_c8_s3 R 8 att 256 solved 6 acq 6 {'9': (6, 1, None), '10': (0, None, None)} nopat 0 ver 9 fail 0 transfer acq 5
frozen_dore_f0_c8_s4 R 8 att 256 solved 7 acq 7 {'9': (7, 1, None), '10': (0, None, None)} nopat 0 ver 12 fail 0 transfer acq 6
frozen_dore_f0_c8_s5 R 8 att 256 solved 13 acq 13 {'9': (13, 1, 1), '10': (0, None, None)} nopat 0 ver 20 fail 0 transfer acq 6
cov6_reductio_f0_s0 {'n_targets': 45, 'n_tried': [10000], 'solved_any': 29, 'reach_pattern': 29, 'samples_with_pattern': 28993, 'proof_lists_incomplete': 0, 'verified': 38, 'verify_failures': 0, 'predicate_disagreements_with_executor_flag': 0}
cov6_reductio_f0_s1 {'n_targets': 45, 'n_tried': [10000], 'solved_any': 13, 'reach_pattern': 13, 'samples_with_pattern': 44, 'proof_lists_incomplete': 0, 'verified': 13, 'verify_failures': 0, 'predicate_disagreements_with_executor_flag': 0}
cov6_reductio_f0_s2 {'n_targets': 45, 'n_tried': [10000], 'solved_any': 26, 'reach_pattern': 26, 'samples_with_pattern': 2139, 'proof_lists_incomplete': 0, 'verified': 27, 'verify_failures': 0, 'predicate_disagreements_with_executor_flag': 0}
cov_dore_f0.001_c8_s0 {'n_targets': 300, 'n_tried': [10000], 'solved_any': 37, 'reach_pattern': 37, 'samples_with_pattern': 27580, 'proof_lists_incomplete': 0, 'verified': 56, 'verify_failures': 0, 'predicate_disagreements_with_executor_flag': 0}
cov_dore_f0.001_c8_s1 {'n_targets': 300, 'n_tried': [10000], 'solved_any': 34, 'reach_pattern': 34, 'samples_with_pattern': 23012, 'proof_lists_incomplete': 0, 'verified': 57, 'verify_failures': 0, 'predicate_disagreements_with_executor_flag': 0}
cov_dore_f0.01_c8_s0 {'n_targets': 300, 'n_tried': [10000], 'solved_any': 36, 'reach_pattern': 36, 'samples_with_pattern': 39184, 'proof_lists_incomplete': 0, 'verified': 52, 'verify_failures': 0, 'predicate_disagreements_with_executor_flag': 0}
cov_dore_f0.01_c8_s1 {'n_targets': 300, 'n_tried': [10000], 'solved_any': 43, 'reach_pattern': 43, 'samples_with_pattern': 62585, 'proof_lists_incomplete': 0, 'verified': 74, 'verify_failures': 0, 'predicate_disagreements_with_executor_flag': 0}
cov_dore_f0_c8_s2 {'n_targets': 300, 'n_tried': [10000], 'solved_any': 26, 'reach_pattern': 26, 'samples_with_pattern': 15118, 'proof_lists_incomplete': 0, 'verified': 40, 'verify_failures': 0, 'predicate_disagreements_with_executor_flag': 0}
cov_dore_f0_c8_s3 {'n_targets': 300, 'n_tried': [10000], 'solved_any': 9, 'reach_pattern': 9, 'samples_with_pattern': 3463, 'proof_lists_incomplete': 0, 'verified': 16, 'verify_failures': 0, 'predicate_disagreements_with_executor_flag': 0}
cov_dore_f0_c8_s4 {'n_targets': 300, 'n_tried': [10000], 'solved_any': 20, 'reach_pattern': 20, 'samples_with_pattern': 13866, 'proof_lists_incomplete': 0, 'verified': 34, 'verify_failures': 0, 'predicate_disagreements_with_executor_flag': 0}
cov_dore_f0_c8_s5 {'n_targets': 300, 'n_tried': [10000], 'solved_any': 27, 'reach_pattern': 27, 'samples_with_pattern': 33520, 'proof_lists_incomplete': 0, 'verified': 44, 'verify_failures': 0, 'predicate_disagreements_with_executor_flag': 0}
cov_derived_ore_strict_f0_c8_s0_req {'n_targets': 300, 'n_tried': [10000], 'solved_any': 27, 'reach_pattern': 27, 'samples_with_pattern': 17043, 'proof_lists_incomplete': 0, 'verified': 41, 'verify_failures': 0, 'predicate_disagreements_with_executor_flag': 0}
cov_derived_ore_strict_f0_c8_s1_req {'n_targets': 300, 'n_tried': [10000], 'solved_any': 27, 'reach_pattern': 27, 'samples_with_pattern': 16044, 'proof_lists_incomplete': 0, 'verified': 42, 'verify_failures': 0, 'predicate_disagreements_with_executor_flag': 0}
{
 "sizes": {
  "train_reductio_f0.jsonl": 155000,
  "train_reductio_f0.1.jsonl": 155000,
  "train_derived_ore_strict_f0_c8.jsonl": 154994,
  "train_derived_ore_strict_f0.001_c8.jsonl": 154994,
  "train_derived_ore_strict_f0.01_c8.jsonl": 154994,
  "pool345": 345,
  "six45": 45,
  "transfer_reductio_req": 150,
  "dore_targets_req": 300,
  "dore_transfer_req": 65,
  "heldout": 5000,
  "heldout_c8": 4998,
  "val36": 36,
  "test_short": 256,
  "test_long": 531
 },
 "train_vs_eval": {
  "train_reductio_f0.jsonl x pool345": 0,
  "train_reductio_f0.jsonl x six45": 0,
  "train_reductio_f0.jsonl x transfer_reductio_req": 0,
  "train_reductio_f0.jsonl x dore_targets_req": 0,
  "train_reductio_f0.jsonl x dore_transfer_req": 0,
  "train_reductio_f0.jsonl x heldout": 0,
  "train_reductio_f0.jsonl x heldout_c8": 122,
  "train_reductio_f0.jsonl x val36": 0,
  "train_reductio_f0.jsonl x test_short": 51,
  "train_reductio_f0.jsonl x test_long": 7,
  "train_reductio_f0.1.jsonl x pool345": 0,
  "train_reductio_f0.1.jsonl x six45": 0,
  "train_reductio_f0.1.jsonl x transfer_reductio_req": 0,
  "train_reductio_f0.1.jsonl x dore_targets_req": 0,
  "train_reductio_f0.1.jsonl x dore_transfer_req": 0,
  "train_reductio_f0.1.jsonl x heldout": 0,
  "train_reductio_f0.1.jsonl x heldout_c8": 118,
  "train_reductio_f0.1.jsonl x val36": 0,
  "train_reductio_f0.1.jsonl x test_short": 41,
  "train_reductio_f0.1.jsonl x test_long": 5,
  "train_derived_ore_strict_f0_c8.jsonl x pool345": 0,
  "train_derived_ore_strict_f0_c8.jsonl x six45": 0,
  "train_derived_ore_strict_f0_c8.jsonl x transfer_reductio_req": 0,
  "train_derived_ore_strict_f0_c8.jsonl x dore_targets_req": 0,
  "train_derived_ore_strict_f0_c8.jsonl x dore_transfer_req": 0,
  "train_derived_ore_strict_f0_c8.jsonl x heldout": 101,
  "train_derived_ore_strict_f0_c8.jsonl x heldout_c8": 0,
  "train_derived_ore_strict_f0_c8.jsonl x val36": 0,
  "train_derived_ore_strict_f0_c8.jsonl x test_short": 12,
  "train_derived_ore_strict_f0_c8.jsonl x test_long": 5,
  "train_derived_ore_strict_f0.001_c8.jsonl x pool345": 0,
  "train_derived_ore_strict_f0.001_c8.jsonl x six45": 0,
  "train_derived_ore_strict_f0.001_c8.jsonl x transfer_reductio_req": 0,
  "train_derived_ore_strict_f0.001_c8.jsonl x dore_targets_req": 0,
  "train_derived_ore_strict_f0.001_c8.jsonl x dore_transfer_req": 0,
  "train_derived_ore_strict_f0.001_c8.jsonl x heldout": 111,
  "train_derived_ore_strict_f0.001_c8.jsonl x heldout_c8": 0,
  "train_derived_ore_strict_f0.001_c8.jsonl x val36": 0,
  "train_derived_ore_strict_f0.001_c8.jsonl x test_short": 6,
  "train_derived_ore_strict_f0.001_c8.jsonl x test_long": 1,
  "train_derived_ore_strict_f0.01_c8.jsonl x pool345": 0,
  "train_derived_ore_strict_f0.01_c8.jsonl x six45": 0,
  "train_derived_ore_strict_f0.01_c8.jsonl x transfer_reductio_req": 0,
  "train_derived_ore_strict_f0.01_c8.jsonl x dore_targets_req": 0,
  "train_derived_ore_strict_f0.01_c8.jsonl x dore_transfer_req": 0,
  "train_derived_ore_strict_f0.01_c8.jsonl x heldout": 122,
  "train_derived_ore_strict_f0.01_c8.jsonl x heldout_c8": 0,
  "train_derived_ore_strict_f0.01_c8.jsonl x val36": 0,
  "train_derived_ore_strict_f0.01_c8.jsonl x test_short": 16,
  "train_derived_ore_strict_f0.01_c8.jsonl x test_long": 6
 },
 "eval_vs_eval": {
  "pool345 x six45": 45,
  "pool345 x transfer_reductio_req": 0,
  "pool345 x dore_targets_req": 0,
  "pool345 x dore_transfer_req": 0,
  "pool345 x heldout": 0,
  "pool345 x heldout_c8": 0,
  "pool345 x val36": 0,
  "pool345 x test_short": 0,
  "pool345 x test_long": 0,
  "six45 x transfer_reductio_req": 0,
  "six45 x dore_targets_req": 0,
  "six45 x dore_transfer_req": 0,
  "six45 x heldout": 0,
  "six45 x heldout_c8": 0,
  "six45 x val36": 0,
  "six45 x test_short": 0,
  "six45 x test_long": 0,
  "transfer_reductio_req x dore_targets_req": 0,
  "transfer_reductio_req x dore_transfer_req": 0,
  "transfer_reductio_req x heldout": 0,
  "transfer_reductio_req x heldout_c8": 0,
  "transfer_reductio_req x val36": 0,
  "transfer_reductio_req x test_short": 0,
  "transfer_reductio_req x test_long": 1,
  "dore_targets_req x dore_transfer_req": 0,
  "dore_targets_req x heldout": 0,
  "dore_targets_req x heldout_c8": 0,
  "dore_targets_req x val36": 0,
  "dore_targets_req x test_short": 0,
  "dore_targets_req x test_long": 0,
  "dore_transfer_req x heldout": 0,
  "dore_transfer_req x heldout_c8": 0,
  "dore_transfer_req x val36": 0,
  "dore_transfer_req x test_short": 0,
  "dore_transfer_req x test_long": 0,
  "heldout x heldout_c8": 5,
  "heldout x val36": 0,
  "heldout x test_short": 1,
  "heldout x test_long": 0,
  "heldout_c8 x val36": 0,
  "heldout_c8 x test_short": 0,
  "heldout_c8 x test_long": 0,
  "val36 x test_short": 0,
  "val36 x test_long": 1,
  "test_short x test_long": 1
 }
}
ei16_reductio_f0.1_s0_ss0 {'mix_rounds': [1, 16, 16], 'mix_1': {'n': 20844, 'in_rl_targets': 844, 'in_transfer_reductio_req': 0, 'in_dore_transfer_req': 0, 'in_heldout': 0, 'in_heldout_c8': 17, 'in_val36': 0, 'in_test_short': 6, 'in_test_long': 0}, 'mix_16': {'n': 22816, 'in_rl_targets': 2816, 'in_transfer_reductio_req': 0, 'in_dore_transfer_req': 0, 'in_heldout': 0, 'in_heldout_c8': 14, 'in_val36': 0, 'in_test_short': 3, 'in_test_long': 0}}
ei16_reductio_f0.1_s0_ss1 {'mix_rounds': [1, 16, 16], 'mix_1': {'n': 20876, 'in_rl_targets': 876, 'in_transfer_reductio_req': 0, 'in_dore_transfer_req': 0, 'in_heldout': 0, 'in_heldout_c8': 13, 'in_val36': 0, 'in_test_short': 5, 'in_test_long': 1}, 'mix_16': {'n': 21568, 'in_rl_targets': 1568, 'in_transfer_reductio_req': 0, 'in_dore_transfer_req': 0, 'in_heldout': 0, 'in_heldout_c8': 18, 'in_val36': 0, 'in_test_short': 8, 'in_test_long': 1}}
ei16_reductio_f0.1_s1_ss0 {'mix_rounds': [1, 16, 16], 'mix_1': {'n': 20856, 'in_rl_targets': 856, 'in_transfer_reductio_req': 0, 'in_dore_transfer_req': 0, 'in_heldout': 0, 'in_heldout_c8': 17, 'in_val36': 0, 'in_test_short': 6, 'in_test_long': 0}, 'mix_16': {'n': 21552, 'in_rl_targets': 1552, 'in_transfer_reductio_req': 0, 'in_dore_transfer_req': 0, 'in_heldout': 0, 'in_heldout_c8': 14, 'in_val36': 0, 'in_test_short': 3, 'in_test_long': 0}}
ei16_reductio_f0.1_s1_ss1 {'mix_rounds': [1, 16, 16], 'mix_1': {'n': 20832, 'in_rl_targets': 832, 'in_transfer_reductio_req': 0, 'in_dore_transfer_req': 0, 'in_heldout': 0, 'in_heldout_c8': 14, 'in_val36': 0, 'in_test_short': 5, 'in_test_long': 1}, 'mix_16': {'n': 21552, 'in_rl_targets': 1552, 'in_transfer_reductio_req': 0, 'in_dore_transfer_req': 0, 'in_heldout': 0, 'in_heldout_c8': 17, 'in_val36': 0, 'in_test_short': 5, 'in_test_long': 1}}
ei16_reductio_f0_s0_ss0 {'mix_rounds': [1, 16, 16], 'mix_1': {'n': 20152, 'in_rl_targets': 152, 'in_transfer_reductio_req': 0, 'in_dore_transfer_req': 0, 'in_heldout': 0, 'in_heldout_c8': 10, 'in_val36': 0, 'in_test_short': 9, 'in_test_long': 1}, 'mix_16': {'n': 21568, 'in_rl_targets': 1568, 'in_transfer_reductio_req': 0, 'in_dore_transfer_req': 0, 'in_heldout': 0, 'in_heldout_c8': 12, 'in_val36': 0, 'in_test_short': 6, 'in_test_long': 1}}
ei16_reductio_f0_s0_ss1 {'mix_rounds': [1, 16, 16], 'mix_1': {'n': 20172, 'in_rl_targets': 172, 'in_transfer_reductio_req': 0, 'in_dore_transfer_req': 0, 'in_heldout': 0, 'in_heldout_c8': 15, 'in_val36': 0, 'in_test_short': 5, 'in_test_long': 2}, 'mix_16': {'n': 21600, 'in_rl_targets': 1600, 'in_transfer_reductio_req': 0, 'in_dore_transfer_req': 0, 'in_heldout': 0, 'in_heldout_c8': 12, 'in_val36': 0, 'in_test_short': 4, 'in_test_long': 1}}
ei8_reductio_f0_s1_ss1 {'mix_rounds': [1, 16, 16], 'mix_1': {'n': 20000, 'in_rl_targets': 0, 'in_transfer_reductio_req': 0, 'in_dore_transfer_req': 0, 'in_heldout': 0, 'in_heldout_c8': 14, 'in_val36': 0, 'in_test_short': 5, 'in_test_long': 2}, 'mix_16': {'n': 21536, 'in_rl_targets': 1536, 'in_transfer_reductio_req': 0, 'in_dore_transfer_req': 0, 'in_heldout': 0, 'in_heldout_c8': 14, 'in_val36': 0, 'in_test_short': 5, 'in_test_long': 3}}
ei8_reductio_f0_s2_ss2 {'mix_rounds': [1, 16, 16], 'mix_1': {'n': 20028, 'in_rl_targets': 28, 'in_transfer_reductio_req': 0, 'in_dore_transfer_req': 0, 'in_heldout': 0, 'in_heldout_c8': 19, 'in_val36': 0, 'in_test_short': 4, 'in_test_long': 0}, 'mix_16': {'n': 22384, 'in_rl_targets': 2384, 'in_transfer_reductio_req': 0, 'in_dore_transfer_req': 0, 'in_heldout': 0, 'in_heldout_c8': 18, 'in_val36': 0, 'in_test_short': 8, 'in_test_long': 1}}
ei8k64_reductio_f0.1_s0_ss0 {'mix_rounds': [1, 8, 8], 'mix_1': {'n': 20924, 'in_rl_targets': 924, 'in_transfer_reductio_req': 0, 'in_dore_transfer_req': 0, 'in_heldout': 0, 'in_heldout_c8': 17, 'in_val36': 0, 'in_test_short': 6, 'in_test_long': 0}, 'mix_8': {'n': 21568, 'in_rl_targets': 1568, 'in_transfer_reductio_req': 0, 'in_dore_transfer_req': 0, 'in_heldout': 0, 'in_heldout_c8': 20, 'in_val36': 0, 'in_test_short': 5, 'in_test_long': 1}}
ei8k64_reductio_f0.1_s1_ss0 {'mix_rounds': [1, 8, 8], 'mix_1': {'n': 20908, 'in_rl_targets': 908, 'in_transfer_reductio_req': 0, 'in_dore_transfer_req': 0, 'in_heldout': 0, 'in_heldout_c8': 16, 'in_val36': 0, 'in_test_short': 6, 'in_test_long': 0}, 'mix_8': {'n': 21592, 'in_rl_targets': 1592, 'in_transfer_reductio_req': 0, 'in_dore_transfer_req': 0, 'in_heldout': 0, 'in_heldout_c8': 20, 'in_val36': 0, 'in_test_short': 4, 'in_test_long': 1}}
ei8k64_reductio_f0_s0_ss0 {'mix_rounds': [1, 8, 8], 'mix_1': {'n': 20216, 'in_rl_targets': 216, 'in_transfer_reductio_req': 0, 'in_dore_transfer_req': 0, 'in_heldout': 0, 'in_heldout_c8': 10, 'in_val36': 0, 'in_test_short': 9, 'in_test_long': 1}, 'mix_8': {'n': 21536, 'in_rl_targets': 1536, 'in_transfer_reductio_req': 0, 'in_dore_transfer_req': 0, 'in_heldout': 0, 'in_heldout_c8': 17, 'in_val36': 0, 'in_test_short': 3, 'in_test_long': 1}}
ei_dore_f0.001_c8_s0 {'mix_rounds': [1, 8, 8], 'mix_1': {'n': 20096, 'in_rl_targets': 96, 'in_transfer_reductio_req': 0, 'in_dore_transfer_req': 0, 'in_heldout': 7, 'in_heldout_c8': 0, 'in_val36': 0, 'in_test_short': 0, 'in_test_long': 0}, 'mix_8': {'n': 20628, 'in_rl_targets': 628, 'in_transfer_reductio_req': 0, 'in_dore_transfer_req': 0, 'in_heldout': 16, 'in_heldout_c8': 0, 'in_val36': 0, 'in_test_short': 1, 'in_test_long': 0}}
ei_dore_f0.001_c8_s1 {'mix_rounds': [1, 8, 8], 'mix_1': {'n': 20112, 'in_rl_targets': 112, 'in_transfer_reductio_req': 0, 'in_dore_transfer_req': 0, 'in_heldout': 16, 'in_heldout_c8': 0, 'in_val36': 0, 'in_test_short': 1, 'in_test_long': 0}, 'mix_8': {'n': 20632, 'in_rl_targets': 632, 'in_transfer_reductio_req': 0, 'in_dore_transfer_req': 0, 'in_heldout': 16, 'in_heldout_c8': 0, 'in_val36': 0, 'in_test_short': 0, 'in_test_long': 0}}
ei_dore_f0_c8_s2 {'mix_rounds': [1, 8, 8], 'mix_1': {'n': 20092, 'in_rl_targets': 92, 'in_transfer_reductio_req': 0, 'in_dore_transfer_req': 0, 'in_heldout': 12, 'in_heldout_c8': 0, 'in_val36': 0, 'in_test_short': 1, 'in_test_long': 1}, 'mix_8': {'n': 20576, 'in_rl_targets': 576, 'in_transfer_reductio_req': 0, 'in_dore_transfer_req': 0, 'in_heldout': 13, 'in_heldout_c8': 0, 'in_val36': 0, 'in_test_short': 1, 'in_test_long': 0}}
ei_dore_f0_c8_s3 {'mix_rounds': [1, 8, 8], 'mix_1': {'n': 20032, 'in_rl_targets': 32, 'in_transfer_reductio_req': 0, 'in_dore_transfer_req': 0, 'in_heldout': 11, 'in_heldout_c8': 0, 'in_val36': 0, 'in_test_short': 1, 'in_test_long': 0}, 'mix_8': {'n': 20112, 'in_rl_targets': 112, 'in_transfer_reductio_req': 0, 'in_dore_transfer_req': 0, 'in_heldout': 13, 'in_heldout_c8': 0, 'in_val36': 0, 'in_test_short': 1, 'in_test_long': 0}}
ei_dore_f0_c8_s4 {'mix_rounds': [1, 8, 8], 'mix_1': {'n': 20068, 'in_rl_targets': 68, 'in_transfer_reductio_req': 0, 'in_dore_transfer_req': 0, 'in_heldout': 7, 'in_heldout_c8': 0, 'in_val36': 0, 'in_test_short': 0, 'in_test_long': 2}, 'mix_8': {'n': 20656, 'in_rl_targets': 656, 'in_transfer_reductio_req': 0, 'in_dore_transfer_req': 0, 'in_heldout': 13, 'in_heldout_c8': 0, 'in_val36': 0, 'in_test_short': 0, 'in_test_long': 0}}
ei_dore_f0_c8_s5 {'mix_rounds': [1, 8, 8], 'mix_1': {'n': 20136, 'in_rl_targets': 136, 'in_transfer_reductio_req': 0, 'in_dore_transfer_req': 0, 'in_heldout': 16, 'in_heldout_c8': 0, 'in_val36': 0, 'in_test_short': 2, 'in_test_long': 2}, 'mix_8': {'n': 20720, 'in_rl_targets': 720, 'in_transfer_reductio_req': 0, 'in_dore_transfer_req': 0, 'in_heldout': 17, 'in_heldout_c8': 0, 'in_val36': 0, 'in_test_short': 0, 'in_test_long': 1}}
ei_derived_ore_strict_f0.01_c8_s0_req 48 {'9': [14, 23, 29, 29, 32, 35, 36, 36], '10': [0, 3, 4, 5, 5, 7, 8, 12]}
ei_derived_ore_strict_f0.01_c8_s1_req 63 {'9': [18, 23, 29, 30, 33, 34, 35, 36], '10': [2, 7, 8, 12, 19, 23, 26, 27]}
ei_derived_ore_strict_f0_c8_s0_req 26 {'9': [8, 11, 13, 16, 18, 20, 20, 20], '10': [0, 1, 3, 4, 4, 4, 5, 6]}
ei_derived_ore_strict_f0_c8_s1_req 24 {'9': [7, 10, 12, 13, 14, 14, 16, 16], '10': [0, 1, 1, 1, 2, 4, 5, 8]}
ei_reductio_f0.1_s0_req 53 {'7': [14, 39, 50, 52, 52, 52, 52, 52], '8': [0, 0, 1, 1, 1, 1, 1, 1], '9': [0, 0, 0, 0, 0, 0, 0, 0], '10': [0, 0, 0, 0, 0, 0, 0, 0]}
ei_reductio_f0.1_s1_req 52 {'7': [17, 40, 51, 52, 52, 52, 52, 52], '8': [0, 0, 0, 0, 0, 0, 0, 0], '9': [0, 0, 0, 0, 0, 0, 0, 0], '10': [0, 0, 0, 0, 0, 0, 0, 0]}
ei_reductio_f0_s0_req 51 {'7': [2, 11, 25, 47, 51, 51, 51, 51], '8': [0, 0, 0, 0, 0, 0, 0, 0], '9': [0, 0, 0, 0, 0, 0, 0, 0], '10': [0, 0, 0, 0, 0, 0, 0, 0]}
ei_reductio_f0_s1_req 0 {'7': [0, 0, 0, 0, 0, 0, 0, 0], '8': [0, 0, 0, 0, 0, 0, 0, 0], '9': [0, 0, 0, 0, 0, 0, 0, 0], '10': [0, 0, 0, 0, 0, 0, 0, 0]}
ei_reductio_f0_s2_req 0 {'7': [0, 0, 0, 0, 0, 0, 0, 0], '8': [0, 0, 0, 0, 0, 0, 0, 0], '9': [0, 0, 0, 0, 0, 0, 0, 0], '10': [0, 0, 0, 0, 0, 0, 0, 0]}
frozen_derived_ore_strict_f0.01_c8_s0_req 21 {'9': [14, 15, 16, 19, 20, 21, 21, 21], '10': [0, 0, 0, 0, 0, 0, 0, 0]}
frozen_derived_ore_strict_f0.01_c8_s1_req 28 {'9': [18, 19, 19, 20, 21, 22, 22, 23], '10': [2, 2, 2, 2, 2, 2, 4, 5]}
frozen_derived_ore_strict_f0_c8_s0_req 13 {'9': [8, 9, 10, 12, 12, 13, 13, 13], '10': [0, 0, 0, 0, 0, 0, 0, 0]}
frozen_derived_ore_strict_f0_c8_s1_req 11 {'9': [7, 10, 10, 10, 10, 11, 11, 11], '10': [0, 0, 0, 0, 0, 0, 0, 0]}
frozen_reductio_f0.1_s0_req 27 {'7': [14, 20, 22, 22, 22, 22, 25, 27], '8': [0, 0, 0, 0, 0, 0, 0, 0], '9': [0, 0, 0, 0, 0, 0, 0, 0], '10': [0, 0, 0, 0, 0, 0, 0, 0]}
frozen_reductio_f0.1_s1_req 21 {'7': [17, 17, 19, 21, 21, 21, 21, 21], '8': [0, 0, 0, 0, 0, 0, 0, 0], '9': [0, 0, 0, 0, 0, 0, 0, 0], '10': [0, 0, 0, 0, 0, 0, 0, 0]}
frozen_reductio_f0_s0_req 4 {'7': [2, 2, 2, 3, 3, 3, 3, 4], '8': [0, 0, 0, 0, 0, 0, 0, 0], '9': [0, 0, 0, 0, 0, 0, 0, 0], '10': [0, 0, 0, 0, 0, 0, 0, 0]}
frozen_reductio_f0_s1_req 0 {'7': [0, 0, 0, 0, 0, 0, 0, 0], '8': [0, 0, 0, 0, 0, 0, 0, 0], '9': [0, 0, 0, 0, 0, 0, 0, 0], '10': [0, 0, 0, 0, 0, 0, 0, 0]}
frozen_reductio_f0_s2_req 0 {'7': [0, 0, 0, 0, 0, 0, 0, 0], '8': [0, 0, 0, 0, 0, 0, 0, 0], '9': [0, 0, 0, 0, 0, 0, 0, 0], '10': [0, 0, 0, 0, 0, 0, 0, 0]}
