2026-09-28T23:37:07Z START state-env__la_T1_SN_s0_r8
2026-09-28T23:48:29Z END state-env__la_T1_SN_s0_r8 rc=0
2026-09-28T23:48:29Z START state-env__la_T1_SN_s1_r8
2026-09-28T23:58:48Z END state-env__la_T1_SN_s1_r8 rc=0
2026-09-28T23:58:48Z START state-env__la_T1_S_s0_r8
2026-09-29T00:08:44Z END state-env__la_T1_S_s0_r8 rc=0
2026-09-29T00:08:44Z START state-env__la_T1_S_s1_r8
2026-09-29T00:18:47Z END state-env__la_T1_S_s1_r8 rc=0
2026-09-29T00:18:47Z START ds-generator__la_T1_c0_s0_r8
2026-09-29T00:23:49Z END ds-generator__la_T1_c0_s0_r8 rc=0
2026-09-29T00:23:49Z START ds-generator__la_T1_c0_s1_r8
2026-09-29T00:28:47Z END ds-generator__la_T1_c0_s1_r8 rc=0
2026-09-29T00:28:47Z START cap-horizon__stage1_k14_s0
2026-09-29T00:36:47Z END cap-horizon__stage1_k14_s0 rc=0
2026-09-29T00:36:47Z START cap-horizon__stage1_k12_s0
2026-09-29T00:46:47Z END cap-horizon__stage1_k12_s0 rc=0
2026-09-29T00:46:47Z START state-env__stage1_SN_s0
2026-09-29T00:56:05Z END state-env__stage1_SN_s0 rc=0
2026-09-29T00:56:05Z START state-env__stage1_SN_s1
2026-09-29T01:05:01Z END state-env__stage1_SN_s1 rc=0
2026-09-29T01:05:01Z START state-env__stage1_S_s0
2026-09-29T01:14:03Z END state-env__stage1_S_s0 rc=0
2026-09-29T01:14:03Z START state-env__stage1_S_s1
2026-09-29T01:23:35Z END state-env__stage1_S_s1 rc=0
2026-09-29T01:23:35Z START lean-format__stage1_a1_seq_s0
2026-09-29T01:29:03Z END lean-format__stage1_a1_seq_s0 rc=0
2026-09-29T01:29:03Z START lean-format__stage1_a1_seq_s1
2026-09-29T01:34:33Z END lean-format__stage1_a1_seq_s1 rc=0
2026-09-29T01:34:33Z QUEUE DONE
