params 3214336 mode lean_seq shift True aug offset impl fast pack True cache hit
train records 155000  stream T 19456  useful tokens 106577005  computed 116736000 (waste 1.095x; legacy pad-to-max 1.980x)
captured the training step as one CUDA graph (8.0s incl. compile)
first step (incl. compile) 8.0s
step 200 loss 1.0126 lr 1.00e-03 11s val 0.9593
step 400 loss 0.2493 lr 9.97e-04 16s val 0.1815
step 600 loss 0.1323 lr 9.89e-04 19s val 0.1069
step 800 loss 0.1114 lr 9.76e-04 22s val 0.0935
step 1000 loss 0.1007 lr 9.58e-04 26s val 0.0889
step 1200 loss 0.0874 lr 9.36e-04 29s val 0.0869
step 1400 loss 0.0758 lr 9.08e-04 33s val 0.0816
step 1600 loss 0.0788 lr 8.77e-04 36s val 0.0797
step 1800 loss 0.0706 lr 8.41e-04 40s val 0.0787
step 2000 loss 0.0696 lr 8.03e-04 43s val 0.0773
step 2200 loss 0.0667 lr 7.61e-04 46s val 0.0768
step 2400 loss 0.0646 lr 7.17e-04 50s val 0.0761
step 2600 loss 0.0648 lr 6.70e-04 53s val 0.0755
step 2800 loss 0.0665 lr 6.23e-04 57s val 0.0759
step 3000 loss 0.0616 lr 5.74e-04 60s val 0.0748
step 3200 loss 0.0635 lr 5.26e-04 64s val 0.0749
step 3400 loss 0.0607 lr 4.77e-04 67s val 0.0740
step 3600 loss 0.0608 lr 4.30e-04 71s val 0.0745
step 3800 loss 0.0544 lr 3.83e-04 74s val 0.0743
step 4000 loss 0.0566 lr 3.39e-04 77s val 0.0739
step 4200 loss 0.0571 lr 2.97e-04 81s val 0.0734
step 4400 loss 0.0566 lr 2.59e-04 84s val 0.0731
step 4600 loss 0.0562 lr 2.23e-04 88s val 0.0731
step 4800 loss 0.0557 lr 1.92e-04 91s val 0.0731
step 5000 loss 0.0569 lr 1.64e-04 95s val 0.0730
step 5200 loss 0.0568 lr 1.42e-04 98s val 0.0727
step 5400 loss 0.0552 lr 1.24e-04 102s val 0.0728
step 5600 loss 0.0546 lr 1.11e-04 105s val 0.0725
step 5800 loss 0.0543 lr 1.03e-04 108s val 0.0724
step 6000 loss 0.0563 lr 1.00e-04 112s val 0.0725
uploaded ckpts/lm/stage1_i7_d106.pt -> hf://buckets/dan-pandori/nd-rl/lit-measures/ckpts/lm/stage1_i7_d106.pt (md5 263a11f8bfb631558a42539e1b4a18ad, 3.1s)
saved ckpts/lm/stage1_i7_d106.pt (112.0s total, 2.4s validation, first step 8.0s, setup 3.2s, peak 0.39 GiB, 972834 useful tok/s in training)
