params 3214336 mode lean_seq shift True aug offset impl fast pack True cache hit
train records 155000  stream T 19712  useful tokens 106573287  computed 118272000 (waste 1.110x; legacy pad-to-max 1.982x)
captured the training step as one CUDA graph (4.1s incl. compile)
first step (incl. compile) 4.1s
step 200 loss 1.0212 lr 1.00e-03 8s val 0.9878
step 400 loss 0.1884 lr 9.97e-04 12s val 0.1525
step 600 loss 0.1402 lr 9.89e-04 15s val 0.1061
step 800 loss 0.1156 lr 9.76e-04 19s val 0.0955
step 1000 loss 0.1059 lr 9.58e-04 22s val 0.0880
step 1200 loss 0.0856 lr 9.36e-04 26s val 0.0852
step 1400 loss 0.0798 lr 9.08e-04 29s val 0.0818
step 1600 loss 0.0727 lr 8.77e-04 33s val 0.0816
step 1800 loss 0.0687 lr 8.41e-04 37s val 0.0782
step 2000 loss 0.0762 lr 8.03e-04 40s val 0.0772
step 2200 loss 0.0674 lr 7.61e-04 44s val 0.0773
step 2400 loss 0.0711 lr 7.17e-04 47s val 0.0762
step 2600 loss 0.0652 lr 6.70e-04 51s val 0.0753
step 2800 loss 0.0680 lr 6.23e-04 54s val 0.0758
step 3000 loss 0.0625 lr 5.74e-04 58s val 0.0746
step 3200 loss 0.0631 lr 5.26e-04 62s val 0.0742
step 3400 loss 0.0607 lr 4.77e-04 65s val 0.0742
step 3600 loss 0.0553 lr 4.30e-04 69s val 0.0736
step 3800 loss 0.0604 lr 3.83e-04 72s val 0.0737
step 4000 loss 0.0598 lr 3.39e-04 76s val 0.0735
step 4200 loss 0.0541 lr 2.97e-04 80s val 0.0735
step 4400 loss 0.0559 lr 2.59e-04 83s val 0.0732
step 4600 loss 0.0556 lr 2.23e-04 87s val 0.0728
step 4800 loss 0.0562 lr 1.92e-04 90s val 0.0727
step 5000 loss 0.0499 lr 1.64e-04 94s val 0.0727
step 5200 loss 0.0561 lr 1.42e-04 97s val 0.0726
step 5400 loss 0.0558 lr 1.24e-04 101s val 0.0726
step 5600 loss 0.0546 lr 1.11e-04 105s val 0.0727
step 5800 loss 0.0527 lr 1.03e-04 108s val 0.0725
step 6000 loss 0.0530 lr 1.00e-04 112s val 0.0724
uploaded ckpts/lm/stage1_i0_d105.pt -> hf://buckets/dan-pandori/nd-rl/lit-measures/ckpts/lm/stage1_i0_d105.pt (md5 120516bf3d5997bb3a657fd70cd360c2, 1.6s)
saved ckpts/lm/stage1_i0_d105.pt (111.9s total, 2.0s validation, first step 4.1s, setup 1.5s, peak 0.39 GiB, 969854 useful tok/s in training)
