params 3214336 mode lean_seq shift True aug offset impl fast pack True cache hit
train records 155000  stream T 19456  useful tokens 106577005  computed 116736000 (waste 1.095x; legacy pad-to-max 1.980x)
captured the training step as one CUDA graph (4.0s incl. compile)
first step (incl. compile) 4.0s
step 200 loss 0.9714 lr 1.00e-03 7s val 0.9594
step 400 loss 0.2509 lr 9.97e-04 11s val 0.1810
step 600 loss 0.1314 lr 9.89e-04 15s val 0.1089
step 800 loss 0.1109 lr 9.76e-04 18s val 0.0911
step 1000 loss 0.1011 lr 9.58e-04 22s val 0.0872
step 1200 loss 0.0860 lr 9.36e-04 25s val 0.0837
step 1400 loss 0.0783 lr 9.08e-04 29s val 0.0816
step 1600 loss 0.0878 lr 8.77e-04 32s val 0.0807
step 1800 loss 0.0690 lr 8.41e-04 36s val 0.0783
step 2000 loss 0.0683 lr 8.03e-04 39s val 0.0778
step 2200 loss 0.0675 lr 7.61e-04 43s val 0.0776
step 2400 loss 0.0645 lr 7.17e-04 46s val 0.0758
step 2600 loss 0.0653 lr 6.70e-04 50s val 0.0757
step 2800 loss 0.0669 lr 6.23e-04 53s val 0.0753
step 3000 loss 0.0634 lr 5.74e-04 57s val 0.0746
step 3200 loss 0.0623 lr 5.26e-04 60s val 0.0744
step 3400 loss 0.0626 lr 4.77e-04 64s val 0.0738
step 3600 loss 0.0590 lr 4.30e-04 67s val 0.0736
step 3800 loss 0.0556 lr 3.83e-04 71s val 0.0738
step 4000 loss 0.0559 lr 3.39e-04 74s val 0.0735
step 4200 loss 0.0587 lr 2.97e-04 78s val 0.0733
step 4400 loss 0.0562 lr 2.59e-04 81s val 0.0734
step 4600 loss 0.0577 lr 2.23e-04 85s val 0.0726
step 4800 loss 0.0562 lr 1.92e-04 88s val 0.0728
step 5000 loss 0.0565 lr 1.64e-04 92s val 0.0727
step 5200 loss 0.0560 lr 1.42e-04 95s val 0.0727
step 5400 loss 0.0561 lr 1.24e-04 99s val 0.0727
step 5600 loss 0.0533 lr 1.11e-04 102s val 0.0724
step 5800 loss 0.0553 lr 1.03e-04 106s val 0.0724
step 6000 loss 0.0551 lr 1.00e-04 109s val 0.0723
uploaded ckpts/lm/stage1_i3_d106.pt -> hf://buckets/dan-pandori/nd-rl/lit-measures/ckpts/lm/stage1_i3_d106.pt (md5 a235a9c55ac6681b790f6a958e5e5999, 1.5s)
saved ckpts/lm/stage1_i3_d106.pt (109.2s total, 1.9s validation, first step 4.0s, setup 1.6s, peak 0.39 GiB, 992696 useful tok/s in training)
