params 3214336 mode lean_seq shift True aug offset impl fast pack True cache hit
train records 155000  stream T 19456  useful tokens 106577005  computed 116736000 (waste 1.095x; legacy pad-to-max 1.980x)
captured the training step as one CUDA graph (14.5s incl. compile)
first step (incl. compile) 14.5s
step 200 loss 0.9743 lr 1.00e-03 18s val 0.9279
step 400 loss 0.2071 lr 9.97e-04 27s val 0.1611
step 600 loss 0.1336 lr 9.89e-04 30s val 0.1143
step 800 loss 0.1104 lr 9.76e-04 34s val 0.0955
step 1000 loss 0.1036 lr 9.58e-04 37s val 0.0940
step 1200 loss 0.0861 lr 9.36e-04 41s val 0.0859
step 1400 loss 0.0761 lr 9.08e-04 44s val 0.0824
step 1600 loss 0.0769 lr 8.77e-04 47s val 0.0797
step 1800 loss 0.0723 lr 8.41e-04 51s val 0.0797
step 2000 loss 0.0672 lr 8.03e-04 54s val 0.0784
step 2200 loss 0.0649 lr 7.61e-04 58s val 0.0770
step 2400 loss 0.0687 lr 7.17e-04 61s val 0.0753
step 2600 loss 0.0654 lr 6.70e-04 64s val 0.0759
step 2800 loss 0.0631 lr 6.23e-04 68s val 0.0754
step 3000 loss 0.0622 lr 5.74e-04 71s val 0.0754
step 3200 loss 0.0636 lr 5.26e-04 75s val 0.0748
step 3400 loss 0.0615 lr 4.77e-04 78s val 0.0742
step 3600 loss 0.0594 lr 4.30e-04 81s val 0.0739
step 3800 loss 0.0560 lr 3.83e-04 85s val 0.0745
step 4000 loss 0.0575 lr 3.39e-04 88s val 0.0737
step 4200 loss 0.0581 lr 2.97e-04 92s val 0.0735
step 4400 loss 0.0560 lr 2.59e-04 95s val 0.0731
step 4600 loss 0.0568 lr 2.23e-04 99s val 0.0729
step 4800 loss 0.0564 lr 1.92e-04 102s val 0.0727
step 5000 loss 0.0555 lr 1.64e-04 105s val 0.0729
step 5200 loss 0.0556 lr 1.42e-04 109s val 0.0727
step 5400 loss 0.0557 lr 1.24e-04 112s val 0.0728
step 5600 loss 0.0545 lr 1.11e-04 116s val 0.0726
step 5800 loss 0.0537 lr 1.03e-04 119s val 0.0725
step 6000 loss 0.0573 lr 1.00e-04 122s val 0.0725
uploaded ckpts/lm/stage1_i0_d106.pt -> hf://buckets/dan-pandori/nd-rl/lit-measures/ckpts/lm/stage1_i0_d106.pt (md5 550f36a7a91086d94f5a8d3605920fcd, 3.2s)
saved ckpts/lm/stage1_i0_d106.pt (122.5s total, 7.4s validation, first step 14.5s, setup 3.3s, peak 0.39 GiB, 925550 useful tok/s in training)
