params 3214336 mode lean_seq shift True aug offset impl fast pack True cache hit
train records 155000  stream T 19712  useful tokens 106573486  computed 118272000 (waste 1.110x; legacy pad-to-max 1.980x)
captured the training step as one CUDA graph (8.1s incl. compile)
first step (incl. compile) 8.2s
step 200 loss 0.9494 lr 1.00e-03 12s val 0.9318
step 400 loss 0.2118 lr 9.97e-04 16s val 0.1606
step 600 loss 0.1390 lr 9.89e-04 19s val 0.1096
step 800 loss 0.0966 lr 9.76e-04 23s val 0.0977
step 1000 loss 0.1029 lr 9.58e-04 26s val 0.0868
step 1200 loss 0.0885 lr 9.36e-04 30s val 0.0836
step 1400 loss 0.0820 lr 9.08e-04 33s val 0.0829
step 1600 loss 0.0809 lr 8.77e-04 37s val 0.0811
step 1800 loss 0.0750 lr 8.41e-04 40s val 0.0810
step 2000 loss 0.0693 lr 8.03e-04 44s val 0.0766
step 2200 loss 0.0718 lr 7.61e-04 47s val 0.0763
step 2400 loss 0.0699 lr 7.17e-04 51s val 0.0759
step 2600 loss 0.0634 lr 6.70e-04 54s val 0.0748
step 2800 loss 0.0657 lr 6.23e-04 58s val 0.0745
step 3000 loss 0.0567 lr 5.74e-04 61s val 0.0755
step 3200 loss 0.0655 lr 5.26e-04 65s val 0.0743
step 3400 loss 0.0652 lr 4.77e-04 68s val 0.0739
step 3600 loss 0.0655 lr 4.30e-04 72s val 0.0736
step 3800 loss 0.0603 lr 3.83e-04 75s val 0.0736
step 4000 loss 0.0612 lr 3.39e-04 79s val 0.0733
step 4200 loss 0.0615 lr 2.97e-04 82s val 0.0730
step 4400 loss 0.0549 lr 2.59e-04 86s val 0.0730
step 4600 loss 0.0580 lr 2.23e-04 89s val 0.0731
step 4800 loss 0.0560 lr 1.92e-04 93s val 0.0729
step 5000 loss 0.0525 lr 1.64e-04 96s val 0.0727
step 5200 loss 0.0559 lr 1.42e-04 100s val 0.0726
step 5400 loss 0.0562 lr 1.24e-04 103s val 0.0724
step 5600 loss 0.0563 lr 1.11e-04 107s val 0.0722
step 5800 loss 0.0525 lr 1.03e-04 110s val 0.0722
step 6000 loss 0.0550 lr 1.00e-04 114s val 0.0723
uploaded ckpts/lm/stage1_i4_d100.pt -> hf://buckets/dan-pandori/nd-rl/lit-measures/ckpts/lm/stage1_i4_d100.pt (md5 ed0578e5cc6e9e89945831c3577db717, 3.2s)
saved ckpts/lm/stage1_i4_d100.pt (113.7s total, 2.5s validation, first step 8.2s, setup 3.5s, peak 0.39 GiB, 958542 useful tok/s in training)
