params 3214336 mode lean_seq shift True aug offset impl fast pack True cache hit
train records 155000  stream T 19712  useful tokens 106573486  computed 118272000 (waste 1.110x; legacy pad-to-max 1.980x)
captured the training step as one CUDA graph (8.1s incl. compile)
first step (incl. compile) 8.1s
step 200 loss 0.9774 lr 1.00e-03 11s val 0.9774
step 400 loss 0.2415 lr 9.97e-04 16s val 0.1619
step 600 loss 0.1382 lr 9.89e-04 19s val 0.1125
step 800 loss 0.0936 lr 9.76e-04 23s val 0.0940
step 1000 loss 0.1025 lr 9.58e-04 26s val 0.0882
step 1200 loss 0.0897 lr 9.36e-04 30s val 0.0847
step 1400 loss 0.0820 lr 9.08e-04 33s val 0.0823
step 1600 loss 0.0811 lr 8.77e-04 37s val 0.0807
step 1800 loss 0.0747 lr 8.41e-04 40s val 0.0816
step 2000 loss 0.0688 lr 8.03e-04 44s val 0.0961
step 2200 loss 0.0730 lr 7.61e-04 47s val 0.0764
step 2400 loss 0.0692 lr 7.17e-04 51s val 0.0765
step 2600 loss 0.0614 lr 6.70e-04 54s val 0.0754
step 2800 loss 0.0623 lr 6.23e-04 58s val 0.0748
step 3000 loss 0.0587 lr 5.74e-04 61s val 0.0750
step 3200 loss 0.0670 lr 5.26e-04 65s val 0.0741
step 3400 loss 0.0670 lr 4.77e-04 69s val 0.0738
step 3600 loss 0.0632 lr 4.30e-04 72s val 0.0742
step 3800 loss 0.0610 lr 3.83e-04 76s val 0.0739
step 4000 loss 0.0625 lr 3.39e-04 79s val 0.0735
step 4200 loss 0.0586 lr 2.97e-04 83s val 0.0730
step 4400 loss 0.0554 lr 2.59e-04 86s val 0.0733
step 4600 loss 0.0582 lr 2.23e-04 90s val 0.0729
step 4800 loss 0.0555 lr 1.92e-04 93s val 0.0728
step 5000 loss 0.0523 lr 1.64e-04 97s val 0.0728
step 5200 loss 0.0555 lr 1.42e-04 100s val 0.0728
step 5400 loss 0.0569 lr 1.24e-04 104s val 0.0727
step 5600 loss 0.0562 lr 1.11e-04 107s val 0.0724
step 5800 loss 0.0543 lr 1.03e-04 111s val 0.0724
step 6000 loss 0.0551 lr 1.00e-04 114s val 0.0723
uploaded ckpts/lm/stage1_i0_d100_r7.pt -> hf://buckets/dan-pandori/nd-rl/lit-measures/ckpts/lm/stage1_i0_d100_r7.pt (md5 8d43a39daa54d2fca4677be16711d75f, 3.1s)
saved ckpts/lm/stage1_i0_d100_r7.pt (114.4s total, 2.5s validation, first step 8.1s, setup 3.3s, peak 0.39 GiB, 952771 useful tok/s in training)
