params 3214336 mode lean_seq shift True aug offset impl fast pack True cache hit
train records 155000  stream T 19712  useful tokens 106572651  computed 118272000 (waste 1.110x; legacy pad-to-max 1.978x)
captured the training step as one CUDA graph (8.1s incl. compile)
first step (incl. compile) 8.1s
step 200 loss 0.9685 lr 1.00e-03 11s val 0.9757
step 400 loss 0.2524 lr 9.97e-04 16s val 0.1798
step 600 loss 0.1457 lr 9.89e-04 19s val 0.1115
step 800 loss 0.1048 lr 9.76e-04 23s val 0.0957
step 1000 loss 0.0949 lr 9.58e-04 26s val 0.0875
step 1200 loss 0.0905 lr 9.36e-04 30s val 0.0884
step 1400 loss 0.0832 lr 9.08e-04 33s val 0.0834
step 1600 loss 0.0791 lr 8.77e-04 37s val 0.0831
step 1800 loss 0.0833 lr 8.41e-04 40s val 0.0789
step 2000 loss 0.0713 lr 8.03e-04 44s val 0.0793
step 2200 loss 0.0682 lr 7.61e-04 47s val 0.0778
step 2400 loss 0.0674 lr 7.17e-04 51s val 0.0772
step 2600 loss 0.0703 lr 6.70e-04 54s val 0.0761
step 2800 loss 0.0616 lr 6.23e-04 58s val 0.0753
step 3000 loss 0.0626 lr 5.74e-04 61s val 0.0781
step 3200 loss 0.0571 lr 5.26e-04 65s val 0.0747
step 3400 loss 0.0615 lr 4.77e-04 68s val 0.0745
step 3600 loss 0.0574 lr 4.30e-04 72s val 0.0749
step 3800 loss 0.0561 lr 3.83e-04 75s val 0.0736
step 4000 loss 0.0559 lr 3.39e-04 79s val 0.0739
step 4200 loss 0.0598 lr 2.97e-04 82s val 0.0737
step 4400 loss 0.0527 lr 2.59e-04 86s val 0.0730
step 4600 loss 0.0526 lr 2.23e-04 89s val 0.0733
step 4800 loss 0.0563 lr 1.92e-04 93s val 0.0729
step 5000 loss 0.0563 lr 1.64e-04 96s val 0.0729
step 5200 loss 0.0564 lr 1.42e-04 100s val 0.0725
step 5400 loss 0.0536 lr 1.24e-04 103s val 0.0725
step 5600 loss 0.0551 lr 1.11e-04 107s val 0.0723
step 5800 loss 0.0522 lr 1.03e-04 110s val 0.0727
step 6000 loss 0.0560 lr 1.00e-04 114s val 0.0725
uploaded ckpts/lm/stage1_i5_d103.pt -> hf://buckets/dan-pandori/nd-rl/lit-measures/ckpts/lm/stage1_i5_d103.pt (md5 c21da1ecf24b4def9ed847ee621f7bf2, 3.2s)
saved ckpts/lm/stage1_i5_d103.pt (113.6s total, 2.5s validation, first step 8.1s, setup 3.5s, peak 0.39 GiB, 958971 useful tok/s in training)
