params 3214336 mode lean_seq shift True aug offset impl fast pack True cache hit
train records 155000  stream T 19712  useful tokens 106572651  computed 118272000 (waste 1.110x; legacy pad-to-max 1.978x)
captured the training step as one CUDA graph (8.9s incl. compile)
first step (incl. compile) 8.9s
step 200 loss 0.9483 lr 1.00e-03 12s val 0.9237
step 400 loss 0.2135 lr 9.97e-04 17s val 0.1624
step 600 loss 0.1442 lr 9.89e-04 20s val 0.1091
step 800 loss 0.1033 lr 9.76e-04 24s val 0.0935
step 1000 loss 0.0949 lr 9.58e-04 27s val 0.1129
step 1200 loss 0.0910 lr 9.36e-04 31s val 0.0857
step 1400 loss 0.0807 lr 9.08e-04 34s val 0.0831
step 1600 loss 0.0787 lr 8.77e-04 37s val 0.0818
step 1800 loss 0.0837 lr 8.41e-04 41s val 0.0795
step 2000 loss 0.0715 lr 8.03e-04 44s val 0.0783
step 2200 loss 0.0695 lr 7.61e-04 48s val 0.0769
step 2400 loss 0.0682 lr 7.17e-04 51s val 0.0763
step 2600 loss 0.0729 lr 6.70e-04 55s val 0.0759
step 2800 loss 0.0638 lr 6.23e-04 58s val 0.0749
step 3000 loss 0.0633 lr 5.74e-04 62s val 0.0757
step 3200 loss 0.0572 lr 5.26e-04 65s val 0.0742
step 3400 loss 0.0619 lr 4.77e-04 69s val 0.0749
step 3600 loss 0.0585 lr 4.30e-04 72s val 0.0747
step 3800 loss 0.0562 lr 3.83e-04 76s val 0.0736
step 4000 loss 0.0590 lr 3.39e-04 79s val 0.0735
step 4200 loss 0.0590 lr 2.97e-04 83s val 0.0735
step 4400 loss 0.0544 lr 2.59e-04 86s val 0.0729
step 4600 loss 0.0554 lr 2.23e-04 90s val 0.0735
step 4800 loss 0.0568 lr 1.92e-04 93s val 0.0727
step 5000 loss 0.0570 lr 1.64e-04 97s val 0.0727
step 5200 loss 0.0574 lr 1.42e-04 100s val 0.0725
step 5400 loss 0.0533 lr 1.24e-04 104s val 0.0725
step 5600 loss 0.0559 lr 1.11e-04 107s val 0.0724
step 5800 loss 0.0513 lr 1.03e-04 111s val 0.0726
step 6000 loss 0.0566 lr 1.00e-04 114s val 0.0724
uploaded ckpts/lm/stage1_i1_d103.pt -> hf://buckets/dan-pandori/nd-rl/lit-measures/ckpts/lm/stage1_i1_d103.pt (md5 f6c5aece47d474603acbd3e557600f5c, 3.1s)
saved ckpts/lm/stage1_i1_d103.pt (114.5s total, 2.5s validation, first step 8.9s, setup 3.6s, peak 0.39 GiB, 951563 useful tok/s in training)
