params 3214336 mode lean_seq shift True aug offset impl fast pack True cache hit
train records 155000  stream T 19456  useful tokens 106577005  computed 116736000 (waste 1.095x; legacy pad-to-max 1.980x)
captured the training step as one CUDA graph (15.5s incl. compile)
first step (incl. compile) 15.5s
step 200 loss 0.9703 lr 1.00e-03 19s val 0.9384
step 400 loss 0.2325 lr 9.97e-04 28s val 0.1607
step 600 loss 0.1327 lr 9.89e-04 32s val 0.1102
step 800 loss 0.1138 lr 9.76e-04 35s val 0.0941
step 1000 loss 0.1017 lr 9.58e-04 38s val 0.0898
step 1200 loss 0.0889 lr 9.36e-04 42s val 0.0840
step 1400 loss 0.0774 lr 9.08e-04 45s val 0.0825
step 1600 loss 0.0792 lr 8.77e-04 49s val 0.0790
step 1800 loss 0.0706 lr 8.41e-04 52s val 0.0800
step 2000 loss 0.0709 lr 8.03e-04 56s val 0.0777
step 2200 loss 0.0659 lr 7.61e-04 59s val 0.0761
step 2400 loss 0.0660 lr 7.17e-04 62s val 0.0758
step 2600 loss 0.0642 lr 6.70e-04 66s val 0.0753
step 2800 loss 0.0672 lr 6.23e-04 69s val 0.0745
step 3000 loss 0.0648 lr 5.74e-04 73s val 0.0755
step 3200 loss 0.0628 lr 5.26e-04 76s val 0.0749
step 3400 loss 0.0606 lr 4.77e-04 80s val 0.0738
step 3600 loss 0.0608 lr 4.30e-04 83s val 0.0740
step 3800 loss 0.0575 lr 3.83e-04 87s val 0.0743
step 4000 loss 0.0569 lr 3.39e-04 90s val 0.0734
step 4200 loss 0.0563 lr 2.97e-04 93s val 0.0733
step 4400 loss 0.0551 lr 2.59e-04 97s val 0.0729
step 4600 loss 0.0572 lr 2.23e-04 100s val 0.0726
step 4800 loss 0.0561 lr 1.92e-04 104s val 0.0727
step 5000 loss 0.0557 lr 1.64e-04 107s val 0.0729
step 5200 loss 0.0567 lr 1.42e-04 111s val 0.0726
step 5400 loss 0.0559 lr 1.24e-04 114s val 0.0726
step 5600 loss 0.0544 lr 1.11e-04 118s val 0.0725
step 5800 loss 0.0539 lr 1.03e-04 121s val 0.0724
step 6000 loss 0.0560 lr 1.00e-04 125s val 0.0723
uploaded ckpts/lm/stage1_i5_d106.pt -> hf://buckets/dan-pandori/nd-rl/lit-measures/ckpts/lm/stage1_i5_d106.pt (md5 d59f018ba62c09ac950676f89a67e623, 3.1s)
saved ckpts/lm/stage1_i5_d106.pt (124.6s total, 7.5s validation, first step 15.5s, setup 4.0s, peak 0.39 GiB, 910052 useful tok/s in training)
