params 3214336 mode lean_seq shift True aug offset impl fast pack True cache hit
train records 155000  stream T 19712  useful tokens 106573486  computed 118272000 (waste 1.110x; legacy pad-to-max 1.980x)
captured the training step as one CUDA graph (8.0s incl. compile)
first step (incl. compile) 8.0s
step 200 loss 0.9611 lr 1.00e-03 11s val 0.9618
step 400 loss 0.1898 lr 9.97e-04 16s val 0.1511
step 600 loss 0.1282 lr 9.89e-04 19s val 0.1037
step 800 loss 0.0937 lr 9.76e-04 23s val 0.0947
step 1000 loss 0.1022 lr 9.58e-04 26s val 0.0897
step 1200 loss 0.0886 lr 9.36e-04 30s val 0.0828
step 1400 loss 0.0837 lr 9.08e-04 33s val 0.0816
step 1600 loss 0.0794 lr 8.77e-04 37s val 0.0809
step 1800 loss 0.0997 lr 8.41e-04 40s val 0.0792
step 2000 loss 0.0670 lr 8.03e-04 44s val 0.0779
step 2200 loss 0.0685 lr 7.61e-04 47s val 0.0772
step 2400 loss 0.0736 lr 7.17e-04 51s val 0.0763
step 2600 loss 0.0635 lr 6.70e-04 54s val 0.0757
step 2800 loss 0.0665 lr 6.23e-04 58s val 0.0754
step 3000 loss 0.0584 lr 5.74e-04 61s val 0.0753
step 3200 loss 0.0657 lr 5.26e-04 65s val 0.0749
step 3400 loss 0.0674 lr 4.77e-04 68s val 0.0748
step 3600 loss 0.0629 lr 4.30e-04 72s val 0.0744
step 3800 loss 0.0606 lr 3.83e-04 75s val 0.0741
step 4000 loss 0.0648 lr 3.39e-04 79s val 0.0737
step 4200 loss 0.0618 lr 2.97e-04 82s val 0.0738
step 4400 loss 0.0573 lr 2.59e-04 86s val 0.0735
step 4600 loss 0.0598 lr 2.23e-04 89s val 0.0738
step 4800 loss 0.0575 lr 1.92e-04 93s val 0.0731
step 5000 loss 0.0523 lr 1.64e-04 96s val 0.0731
step 5200 loss 0.0566 lr 1.42e-04 100s val 0.0731
step 5400 loss 0.0567 lr 1.24e-04 104s val 0.0727
step 5600 loss 0.0566 lr 1.11e-04 107s val 0.0727
step 5800 loss 0.0550 lr 1.03e-04 111s val 0.0727
step 6000 loss 0.0558 lr 1.00e-04 114s val 0.0729
uploaded ckpts/lm/stage1_i0_d100_r4.pt -> hf://buckets/dan-pandori/nd-rl/lit-measures/ckpts/lm/stage1_i0_d100_r4.pt (md5 e32fb1f2a860a191ff5b42b90ed6eab6, 3.2s)
saved ckpts/lm/stage1_i0_d100_r4.pt (114.1s total, 2.5s validation, first step 8.0s, setup 3.2s, peak 0.39 GiB, 954433 useful tok/s in training)
