params 3214336 mode lean_seq shift True aug offset impl fast pack True cache hit
train records 155000  stream T 19456  useful tokens 106577005  computed 116736000 (waste 1.095x; legacy pad-to-max 1.980x)
captured the training step as one CUDA graph (8.1s incl. compile)
first step (incl. compile) 8.1s
step 200 loss 1.0071 lr 1.00e-03 11s val 0.9219
step 400 loss 0.2256 lr 9.97e-04 16s val 0.1529
step 600 loss 0.1268 lr 9.89e-04 19s val 0.1089
step 800 loss 0.1090 lr 9.76e-04 23s val 0.0939
step 1000 loss 0.1040 lr 9.58e-04 26s val 0.0909
step 1200 loss 0.0878 lr 9.36e-04 29s val 0.0832
step 1400 loss 0.0792 lr 9.08e-04 33s val 0.0832
step 1600 loss 0.0792 lr 8.77e-04 36s val 0.0806
step 1800 loss 0.0726 lr 8.41e-04 40s val 0.0805
step 2000 loss 0.0737 lr 8.03e-04 43s val 0.0784
step 2200 loss 0.0686 lr 7.61e-04 46s val 0.0771
step 2400 loss 0.0680 lr 7.17e-04 50s val 0.0769
step 2600 loss 0.0648 lr 6.70e-04 53s val 0.0753
step 2800 loss 0.0678 lr 6.23e-04 57s val 0.0752
step 3000 loss 0.0647 lr 5.74e-04 60s val 0.0748
step 3200 loss 0.0645 lr 5.26e-04 63s val 0.0742
step 3400 loss 0.0625 lr 4.77e-04 67s val 0.0738
step 3600 loss 0.0594 lr 4.30e-04 70s val 0.0736
step 3800 loss 0.0563 lr 3.83e-04 74s val 0.0745
step 4000 loss 0.0562 lr 3.39e-04 77s val 0.0736
step 4200 loss 0.0577 lr 2.97e-04 81s val 0.0736
step 4400 loss 0.0570 lr 2.59e-04 84s val 0.0729
step 4600 loss 0.0577 lr 2.23e-04 87s val 0.0728
step 4800 loss 0.0561 lr 1.92e-04 91s val 0.0729
step 5000 loss 0.0557 lr 1.64e-04 94s val 0.0728
step 5200 loss 0.0571 lr 1.42e-04 98s val 0.0725
step 5400 loss 0.0551 lr 1.24e-04 101s val 0.0724
step 5600 loss 0.0541 lr 1.11e-04 104s val 0.0725
step 5800 loss 0.0531 lr 1.03e-04 108s val 0.0725
step 6000 loss 0.0553 lr 1.00e-04 111s val 0.0723
uploaded ckpts/lm/stage1_i2_d106.pt -> hf://buckets/dan-pandori/nd-rl/lit-measures/ckpts/lm/stage1_i2_d106.pt (md5 3da2feee347ff29b89d7604a8b7fc7c0, 4.7s)
saved ckpts/lm/stage1_i2_d106.pt (111.4s total, 2.4s validation, first step 8.1s, setup 3.3s, peak 0.39 GiB, 978322 useful tok/s in training)
