params 3214336 mode lean_seq shift True aug offset impl fast pack True cache hit
train records 155000  stream T 19712  useful tokens 106570728  computed 118272000 (waste 1.110x; legacy pad-to-max 1.980x)
captured the training step as one CUDA graph (4.1s incl. compile)
first step (incl. compile) 4.1s
step 200 loss 0.9356 lr 1.00e-03 8s val 0.9148
step 400 loss 0.2497 lr 9.97e-04 12s val 0.1780
step 600 loss 0.1427 lr 9.89e-04 15s val 0.1094
step 800 loss 0.1056 lr 9.76e-04 19s val 0.0916
step 1000 loss 0.0844 lr 9.58e-04 22s val 0.0849
step 1200 loss 0.0829 lr 9.36e-04 26s val 0.0848
step 1400 loss 0.0819 lr 9.08e-04 29s val 0.0821
step 1600 loss 0.0736 lr 8.77e-04 33s val 0.0780
step 1800 loss 0.0699 lr 8.41e-04 36s val 0.0791
step 2000 loss 0.0679 lr 8.03e-04 40s val 0.0771
step 2200 loss 0.0586 lr 7.61e-04 44s val 0.0764
step 2400 loss 0.0614 lr 7.17e-04 47s val 0.0754
step 2600 loss 0.0588 lr 6.70e-04 51s val 0.0762
step 2800 loss 0.0608 lr 6.23e-04 54s val 0.0746
step 3000 loss 0.0555 lr 5.74e-04 58s val 0.0744
step 3200 loss 0.0599 lr 5.26e-04 61s val 0.0746
step 3400 loss 0.0628 lr 4.77e-04 65s val 0.0742
step 3600 loss 0.0575 lr 4.30e-04 69s val 0.0743
step 3800 loss 0.0506 lr 3.83e-04 72s val 0.0737
step 4000 loss 0.0535 lr 3.39e-04 76s val 0.0736
step 4200 loss 0.0550 lr 2.97e-04 79s val 0.0731
step 4400 loss 0.0570 lr 2.59e-04 83s val 0.0728
step 4600 loss 0.0561 lr 2.23e-04 86s val 0.0730
step 4800 loss 0.0534 lr 1.92e-04 90s val 0.0728
step 5000 loss 0.0551 lr 1.64e-04 94s val 0.0725
step 5200 loss 0.0544 lr 1.42e-04 97s val 0.0725
step 5400 loss 0.0523 lr 1.24e-04 101s val 0.0723
step 5600 loss 0.0537 lr 1.11e-04 104s val 0.0728
step 5800 loss 0.0546 lr 1.03e-04 108s val 0.0723
step 6000 loss 0.0504 lr 1.00e-04 111s val 0.0723
uploaded ckpts/lm/stage1_i3_d102.pt -> hf://buckets/dan-pandori/nd-rl/lit-measures/ckpts/lm/stage1_i3_d102.pt (md5 376898a05f0d069d8bdc7726d82b6bbb, 1.4s)
saved ckpts/lm/stage1_i3_d102.pt (111.5s total, 2.0s validation, first step 4.1s, setup 1.5s, peak 0.39 GiB, 972736 useful tok/s in training)
