params 3214336 mode lean_seq shift True aug offset impl fast pack True cache hit
train records 155000  stream T 19712  useful tokens 106570728  computed 118272000 (waste 1.110x; legacy pad-to-max 1.980x)
captured the training step as one CUDA graph (7.9s incl. compile)
first step (incl. compile) 7.9s
step 200 loss 0.9953 lr 1.00e-03 11s val 0.9491
step 400 loss 0.2365 lr 9.97e-04 16s val 0.1740
step 600 loss 0.1348 lr 9.89e-04 19s val 0.1097
step 800 loss 0.1047 lr 9.76e-04 23s val 0.1086
step 1000 loss 0.0886 lr 9.58e-04 26s val 0.0890
step 1200 loss 0.0868 lr 9.36e-04 30s val 0.0820
step 1400 loss 0.0832 lr 9.08e-04 33s val 0.0821
step 1600 loss 0.0804 lr 8.77e-04 37s val 0.0791
step 1800 loss 0.0729 lr 8.41e-04 40s val 0.0794
step 2000 loss 0.0699 lr 8.03e-04 44s val 0.0792
step 2200 loss 0.0668 lr 7.61e-04 47s val 0.0772
step 2400 loss 0.0684 lr 7.17e-04 51s val 0.0780
step 2600 loss 0.0599 lr 6.70e-04 54s val 0.0758
step 2800 loss 0.0674 lr 6.23e-04 58s val 0.0757
step 3000 loss 0.0587 lr 5.74e-04 61s val 0.0749
step 3200 loss 0.0591 lr 5.26e-04 65s val 0.0745
step 3400 loss 0.0639 lr 4.77e-04 68s val 0.0739
step 3600 loss 0.0561 lr 4.30e-04 72s val 0.0740
step 3800 loss 0.0513 lr 3.83e-04 75s val 0.0737
step 4000 loss 0.0538 lr 3.39e-04 79s val 0.0734
step 4200 loss 0.0554 lr 2.97e-04 82s val 0.0728
step 4400 loss 0.0566 lr 2.59e-04 86s val 0.0728
step 4600 loss 0.0550 lr 2.23e-04 89s val 0.0729
step 4800 loss 0.0528 lr 1.92e-04 93s val 0.0728
step 5000 loss 0.0559 lr 1.64e-04 96s val 0.0726
step 5200 loss 0.0547 lr 1.42e-04 100s val 0.0724
step 5400 loss 0.0508 lr 1.24e-04 104s val 0.0724
step 5600 loss 0.0544 lr 1.11e-04 107s val 0.0724
step 5800 loss 0.0544 lr 1.03e-04 111s val 0.0724
step 6000 loss 0.0510 lr 1.00e-04 114s val 0.0723
uploaded ckpts/lm/stage1_i5_d102.pt -> hf://buckets/dan-pandori/nd-rl/lit-measures/ckpts/lm/stage1_i5_d102.pt (md5 fe3be81dcfb360f1b99474645fc8c195, 3.5s)
saved ckpts/lm/stage1_i5_d102.pt (114.1s total, 2.5s validation, first step 7.9s, setup 3.3s, peak 0.39 GiB, 954517 useful tok/s in training)
