[r3_1/ei_depth3_s23_req r1] targets (this round, pass@32) SOLVED 0/300 = 0.000 [0.000,0.013]
  len 7: 0/6 = 0.000 [0.000,0.390]
  len 8: 0/294 = 0.000 [0.000,0.013]
  written hist {}
  pruned hist {}
  frontier written 0 pruned 0
  reasons [('rule check failed: IMPI', 1911), ('rule check failed: IMPE', 999), ('rule check failed: ORI2', 836), ('rule check failed: ANDI', 819), ('rule check failed: ANDE2', 688), ('rule check failed: DN', 672)]
[r3_1/ei_depth3_s23_req r1] targets (cumulative 32 attempts) SOLVED 0/300 = 0.000 [0.000,0.013]
  len 7: 0/6 = 0.000 [0.000,0.390]
  len 8: 0/294 = 0.000 [0.000,0.013]
  written hist {}
  pruned hist {}
  frontier written 0 pruned 0
  reasons []
[r3_1/ei_depth3_s23_req r1] transfer (this round, pass@32) SOLVED 0/100 = 0.000 [0.000,0.037]
  len 7: 0/6 = 0.000 [0.000,0.390]
  len 8: 0/94 = 0.000 [0.000,0.039]
  written hist {}
  pruned hist {}
  frontier written 0 pruned 0
  reasons [('rule check failed: IMPI', 634), ('rule check failed: ANDI', 409), ('bad box cite', 272), ('rule check failed: IMPE', 239), ('rule check failed: ORI2', 237), ('rule check failed: DN', 219)]
[r3_1/ei_depth3_s23_req r1] transfer (cumulative 32 attempts) SOLVED 0/100 = 0.000 [0.000,0.037]
  len 7: 0/6 = 0.000 [0.000,0.390]
  len 8: 0/94 = 0.000 [0.000,0.039]
  written hist {}
  pruned hist {}
  frontier written 0 pruned 0
  reasons []
[r3_1/ei_depth3_s23_req r1] transfer greedy SOLVED 0/100 = 0.000 [0.000,0.037]
  len 7: 0/6 = 0.000 [0.000,0.390]
  len 8: 0/94 = 0.000 [0.000,0.039]
  written hist {}
  pruned hist {}
  frontier written 0 pruned 0
  reasons [('rule check failed: IMPI', 20), ('rule check failed: ANDI', 14), ('bad box cite', 10), ('depth jump at line 42', 8), ('proof ends inside a subproof', 7), ('rule check failed: ORI2', 7)]
[r3_1/ei_depth3_s23_req r1] heldout greedy SOLVED 4418/5000 = 0.884 [0.874,0.892]
  len 2: 998/1000 = 0.998 [0.993,0.999]
  len 3: 993/1000 = 0.993 [0.986,0.997]
  len 4: 969/1000 = 0.969 [0.956,0.978]
  len 5: 956/1000 = 0.956 [0.941,0.967]
  len 6: 502/1000 = 0.502 [0.471,0.533]
  written hist {2: 1023, 3: 984, 4: 958, 5: 981, 6: 471, 7: 1}
  pruned hist {2: 1023, 3: 986, 4: 958, 5: 979, 6: 471, 7: 1}
  frontier written 6 pruned 6
  reasons [('depth jump at line 42', 191), ('rule check failed: DN', 74), ('rule check failed: NEGE', 48), ('rule check failed: IMPI', 38), ('bad box cite', 32), ('rule check failed: ANDI', 31)]
no accepted proofs: skipping training this round
=== round 1 done in 73s; new proofs 0; cum targets solved 0
[r3_1/ei_depth3_s23_req r2] targets (this round, pass@32) SOLVED 0/300 = 0.000 [0.000,0.013]
  len 7: 0/6 = 0.000 [0.000,0.390]
  len 8: 0/294 = 0.000 [0.000,0.013]
  written hist {}
  pruned hist {}
  frontier written 0 pruned 0
  reasons [('rule check failed: IMPI', 1894), ('rule check failed: IMPE', 997), ('rule check failed: ANDI', 866), ('rule check failed: ORI2', 863), ('rule check failed: ANDE2', 720), ('rule check failed: DN', 675)]
[r3_1/ei_depth3_s23_req r2] targets (cumulative 64 attempts) SOLVED 0/300 = 0.000 [0.000,0.013]
  len 7: 0/6 = 0.000 [0.000,0.390]
  len 8: 0/294 = 0.000 [0.000,0.013]
  written hist {}
  pruned hist {}
  frontier written 0 pruned 0
  reasons []
[r3_1/ei_depth3_s23_req r2] transfer (this round, pass@32) SOLVED 0/100 = 0.000 [0.000,0.037]
  len 7: 0/6 = 0.000 [0.000,0.390]
  len 8: 0/94 = 0.000 [0.000,0.039]
  written hist {}
  pruned hist {}
  frontier written 0 pruned 0
  reasons [('rule check failed: IMPI', 619), ('rule check failed: ANDI', 401), ('bad box cite', 253), ('rule check failed: IMPE', 241), ('rule check failed: ORI2', 222), ('rule check failed: DN', 216)]
[r3_1/ei_depth3_s23_req r2] transfer (cumulative 64 attempts) SOLVED 0/100 = 0.000 [0.000,0.037]
  len 7: 0/6 = 0.000 [0.000,0.390]
  len 8: 0/94 = 0.000 [0.000,0.039]
  written hist {}
  pruned hist {}
  frontier written 0 pruned 0
  reasons []
[r3_1/ei_depth3_s23_req r2] transfer greedy SOLVED 0/100 = 0.000 [0.000,0.037]
  len 7: 0/6 = 0.000 [0.000,0.390]
  len 8: 0/94 = 0.000 [0.000,0.039]
  written hist {}
  pruned hist {}
  frontier written 0 pruned 0
  reasons [('rule check failed: IMPI', 20), ('rule check failed: ANDI', 14), ('bad box cite', 10), ('depth jump at line 42', 8), ('proof ends inside a subproof', 7), ('rule check failed: ORI2', 7)]
[r3_1/ei_depth3_s23_req r2] heldout greedy SOLVED 4418/5000 = 0.884 [0.874,0.892]
  len 2: 998/1000 = 0.998 [0.993,0.999]
  len 3: 993/1000 = 0.993 [0.986,0.997]
  len 4: 969/1000 = 0.969 [0.956,0.978]
  len 5: 956/1000 = 0.956 [0.941,0.967]
  len 6: 502/1000 = 0.502 [0.471,0.533]
  written hist {2: 1023, 3: 984, 4: 958, 5: 981, 6: 471, 7: 1}
  pruned hist {2: 1023, 3: 986, 4: 958, 5: 979, 6: 471, 7: 1}
  frontier written 6 pruned 6
  reasons [('depth jump at line 42', 191), ('rule check failed: DN', 74), ('rule check failed: NEGE', 48), ('rule check failed: IMPI', 38), ('bad box cite', 32), ('rule check failed: ANDI', 31)]
no accepted proofs: skipping training this round
=== round 2 done in 74s; new proofs 0; cum targets solved 0
[r3_1/ei_depth3_s23_req r3] targets (this round, pass@32) SOLVED 0/300 = 0.000 [0.000,0.013]
  len 7: 0/6 = 0.000 [0.000,0.390]
  len 8: 0/294 = 0.000 [0.000,0.013]
  written hist {}
  pruned hist {}
  frontier written 0 pruned 0
  reasons [('rule check failed: IMPI', 1925), ('rule check failed: IMPE', 988), ('rule check failed: ORI2', 843), ('rule check failed: ANDI', 821), ('rule check failed: ANDE2', 715), ('rule check failed: DN', 673)]
[r3_1/ei_depth3_s23_req r3] targets (cumulative 96 attempts) SOLVED 0/300 = 0.000 [0.000,0.013]
  len 7: 0/6 = 0.000 [0.000,0.390]
  len 8: 0/294 = 0.000 [0.000,0.013]
  written hist {}
  pruned hist {}
  frontier written 0 pruned 0
  reasons []
[r3_1/ei_depth3_s23_req r3] transfer (this round, pass@32) SOLVED 0/100 = 0.000 [0.000,0.037]
  len 7: 0/6 = 0.000 [0.000,0.390]
  len 8: 0/94 = 0.000 [0.000,0.039]
  written hist {}
  pruned hist {}
  frontier written 0 pruned 0
  reasons [('rule check failed: IMPI', 644), ('rule check failed: ANDI', 393), ('bad box cite', 274), ('proof ends inside a subproof', 228), ('rule check failed: ORI2', 224), ('rule check failed: DN', 219)]
[r3_1/ei_depth3_s23_req r3] transfer (cumulative 96 attempts) SOLVED 0/100 = 0.000 [0.000,0.037]
  len 7: 0/6 = 0.000 [0.000,0.390]
  len 8: 0/94 = 0.000 [0.000,0.039]
  written hist {}
  pruned hist {}
  frontier written 0 pruned 0
  reasons []
[r3_1/ei_depth3_s23_req r3] transfer greedy SOLVED 0/100 = 0.000 [0.000,0.037]
  len 7: 0/6 = 0.000 [0.000,0.390]
  len 8: 0/94 = 0.000 [0.000,0.039]
  written hist {}
  pruned hist {}
  frontier written 0 pruned 0
  reasons [('rule check failed: IMPI', 20), ('rule check failed: ANDI', 14), ('bad box cite', 10), ('depth jump at line 42', 8), ('proof ends inside a subproof', 7), ('rule check failed: ORI2', 7)]
[r3_1/ei_depth3_s23_req r3] heldout greedy SOLVED 4418/5000 = 0.884 [0.874,0.892]
  len 2: 998/1000 = 0.998 [0.993,0.999]
  len 3: 993/1000 = 0.993 [0.986,0.997]
  len 4: 969/1000 = 0.969 [0.956,0.978]
  len 5: 956/1000 = 0.956 [0.941,0.967]
  len 6: 502/1000 = 0.502 [0.471,0.533]
  written hist {2: 1023, 3: 984, 4: 958, 5: 981, 6: 471, 7: 1}
  pruned hist {2: 1023, 3: 986, 4: 958, 5: 979, 6: 471, 7: 1}
  frontier written 6 pruned 6
  reasons [('depth jump at line 42', 191), ('rule check failed: DN', 74), ('rule check failed: NEGE', 48), ('rule check failed: IMPI', 38), ('bad box cite', 32), ('rule check failed: ANDI', 31)]
no accepted proofs: skipping training this round
=== round 3 done in 73s; new proofs 0; cum targets solved 0
[r3_1/ei_depth3_s23_req r4] targets (this round, pass@32) SOLVED 0/300 = 0.000 [0.000,0.013]
  len 7: 0/6 = 0.000 [0.000,0.390]
  len 8: 0/294 = 0.000 [0.000,0.013]
  written hist {}
  pruned hist {}
  frontier written 0 pruned 0
  reasons [('rule check failed: IMPI', 1943), ('rule check failed: IMPE', 988), ('rule check failed: ANDI', 867), ('rule check failed: ORI2', 829), ('rule check failed: ANDE2', 729), ('rule check failed: DN', 672)]
[r3_1/ei_depth3_s23_req r4] targets (cumulative 128 attempts) SOLVED 0/300 = 0.000 [0.000,0.013]
  len 7: 0/6 = 0.000 [0.000,0.390]
  len 8: 0/294 = 0.000 [0.000,0.013]
  written hist {}
  pruned hist {}
  frontier written 0 pruned 0
  reasons []
[r3_1/ei_depth3_s23_req r4] transfer (this round, pass@32) SOLVED 0/100 = 0.000 [0.000,0.037]
  len 7: 0/6 = 0.000 [0.000,0.390]
  len 8: 0/94 = 0.000 [0.000,0.039]
  written hist {}
  pruned hist {}
  frontier written 0 pruned 0
  reasons [('rule check failed: IMPI', 603), ('rule check failed: ANDI', 387), ('bad box cite', 266), ('proof ends inside a subproof', 237), ('rule check failed: ORI2', 232), ('rule check failed: IMPE', 229)]
[r3_1/ei_depth3_s23_req r4] transfer (cumulative 128 attempts) SOLVED 0/100 = 0.000 [0.000,0.037]
  len 7: 0/6 = 0.000 [0.000,0.390]
  len 8: 0/94 = 0.000 [0.000,0.039]
  written hist {}
  pruned hist {}
  frontier written 0 pruned 0
  reasons []
[r3_1/ei_depth3_s23_req r4] transfer greedy SOLVED 0/100 = 0.000 [0.000,0.037]
  len 7: 0/6 = 0.000 [0.000,0.390]
  len 8: 0/94 = 0.000 [0.000,0.039]
  written hist {}
  pruned hist {}
  frontier written 0 pruned 0
  reasons [('rule check failed: IMPI', 20), ('rule check failed: ANDI', 14), ('bad box cite', 10), ('depth jump at line 42', 8), ('proof ends inside a subproof', 7), ('rule check failed: ORI2', 7)]
[r3_1/ei_depth3_s23_req r4] heldout greedy SOLVED 4418/5000 = 0.884 [0.874,0.892]
  len 2: 998/1000 = 0.998 [0.993,0.999]
  len 3: 993/1000 = 0.993 [0.986,0.997]
  len 4: 969/1000 = 0.969 [0.956,0.978]
  len 5: 956/1000 = 0.956 [0.941,0.967]
  len 6: 502/1000 = 0.502 [0.471,0.533]
  written hist {2: 1023, 3: 984, 4: 958, 5: 981, 6: 471, 7: 1}
  pruned hist {2: 1023, 3: 986, 4: 958, 5: 979, 6: 471, 7: 1}
  frontier written 6 pruned 6
  reasons [('depth jump at line 42', 191), ('rule check failed: DN', 74), ('rule check failed: NEGE', 48), ('rule check failed: IMPI', 38), ('bad box cite', 32), ('rule check failed: ANDI', 31)]
no accepted proofs: skipping training this round
=== round 4 done in 77s; new proofs 0; cum targets solved 0
[r3_1/ei_depth3_s23_req r5] targets (this round, pass@32) SOLVED 0/300 = 0.000 [0.000,0.013]
  len 7: 0/6 = 0.000 [0.000,0.390]
  len 8: 0/294 = 0.000 [0.000,0.013]
  written hist {}
  pruned hist {}
  frontier written 0 pruned 0
  reasons [('rule check failed: IMPI', 1934), ('rule check failed: IMPE', 981), ('rule check failed: ORI2', 856), ('rule check failed: ANDI', 842), ('rule check failed: ANDE2', 712), ('rule check failed: DN', 658)]
[r3_1/ei_depth3_s23_req r5] targets (cumulative 160 attempts) SOLVED 0/300 = 0.000 [0.000,0.013]
  len 7: 0/6 = 0.000 [0.000,0.390]
  len 8: 0/294 = 0.000 [0.000,0.013]
  written hist {}
  pruned hist {}
  frontier written 0 pruned 0
  reasons []
[r3_1/ei_depth3_s23_req r5] transfer (this round, pass@32) SOLVED 0/100 = 0.000 [0.000,0.037]
  len 7: 0/6 = 0.000 [0.000,0.390]
  len 8: 0/94 = 0.000 [0.000,0.039]
  written hist {}
  pruned hist {}
  frontier written 0 pruned 0
  reasons [('rule check failed: IMPI', 641), ('rule check failed: ANDI', 409), ('bad box cite', 253), ('rule check failed: ORI2', 247), ('rule check failed: IMPE', 227), ('rule check failed: DN', 217)]
[r3_1/ei_depth3_s23_req r5] transfer (cumulative 160 attempts) SOLVED 0/100 = 0.000 [0.000,0.037]
  len 7: 0/6 = 0.000 [0.000,0.390]
  len 8: 0/94 = 0.000 [0.000,0.039]
  written hist {}
  pruned hist {}
  frontier written 0 pruned 0
  reasons []
[r3_1/ei_depth3_s23_req r5] transfer greedy SOLVED 0/100 = 0.000 [0.000,0.037]
  len 7: 0/6 = 0.000 [0.000,0.390]
  len 8: 0/94 = 0.000 [0.000,0.039]
  written hist {}
  pruned hist {}
  frontier written 0 pruned 0
  reasons [('rule check failed: IMPI', 20), ('rule check failed: ANDI', 14), ('bad box cite', 10), ('depth jump at line 42', 8), ('proof ends inside a subproof', 7), ('rule check failed: ORI2', 7)]
[r3_1/ei_depth3_s23_req r5] heldout greedy SOLVED 4418/5000 = 0.884 [0.874,0.892]
  len 2: 998/1000 = 0.998 [0.993,0.999]
  len 3: 993/1000 = 0.993 [0.986,0.997]
  len 4: 969/1000 = 0.969 [0.956,0.978]
  len 5: 956/1000 = 0.956 [0.941,0.967]
  len 6: 502/1000 = 0.502 [0.471,0.533]
  written hist {2: 1023, 3: 984, 4: 958, 5: 981, 6: 471, 7: 1}
  pruned hist {2: 1023, 3: 986, 4: 958, 5: 979, 6: 471, 7: 1}
  frontier written 6 pruned 6
  reasons [('depth jump at line 42', 191), ('rule check failed: DN', 74), ('rule check failed: NEGE', 48), ('rule check failed: IMPI', 38), ('bad box cite', 32), ('rule check failed: ANDI', 31)]
no accepted proofs: skipping training this round
=== round 5 done in 67s; new proofs 0; cum targets solved 0
[r3_1/ei_depth3_s23_req r6] targets (this round, pass@32) SOLVED 0/300 = 0.000 [0.000,0.013]
  len 7: 0/6 = 0.000 [0.000,0.390]
  len 8: 0/294 = 0.000 [0.000,0.013]
  written hist {}
  pruned hist {}
  frontier written 0 pruned 0
  reasons [('rule check failed: IMPI', 1923), ('rule check failed: IMPE', 967), ('rule check failed: ORI2', 878), ('rule check failed: ANDI', 845), ('rule check failed: ANDE2', 699), ('rule check failed: DN', 663)]
[r3_1/ei_depth3_s23_req r6] targets (cumulative 192 attempts) SOLVED 0/300 = 0.000 [0.000,0.013]
  len 7: 0/6 = 0.000 [0.000,0.390]
  len 8: 0/294 = 0.000 [0.000,0.013]
  written hist {}
  pruned hist {}
  frontier written 0 pruned 0
  reasons []
[r3_1/ei_depth3_s23_req r6] transfer (this round, pass@32) SOLVED 0/100 = 0.000 [0.000,0.037]
  len 7: 0/6 = 0.000 [0.000,0.390]
  len 8: 0/94 = 0.000 [0.000,0.039]
  written hist {}
  pruned hist {}
  frontier written 0 pruned 0
  reasons [('rule check failed: IMPI', 621), ('rule check failed: ANDI', 419), ('bad box cite', 266), ('rule check failed: ORI2', 240), ('rule check failed: IMPE', 239), ('rule check failed: DN', 225)]
[r3_1/ei_depth3_s23_req r6] transfer (cumulative 192 attempts) SOLVED 0/100 = 0.000 [0.000,0.037]
  len 7: 0/6 = 0.000 [0.000,0.390]
  len 8: 0/94 = 0.000 [0.000,0.039]
  written hist {}
  pruned hist {}
  frontier written 0 pruned 0
  reasons []
[r3_1/ei_depth3_s23_req r6] transfer greedy SOLVED 0/100 = 0.000 [0.000,0.037]
  len 7: 0/6 = 0.000 [0.000,0.390]
  len 8: 0/94 = 0.000 [0.000,0.039]
  written hist {}
  pruned hist {}
  frontier written 0 pruned 0
  reasons [('rule check failed: IMPI', 20), ('rule check failed: ANDI', 14), ('bad box cite', 10), ('depth jump at line 42', 8), ('proof ends inside a subproof', 7), ('rule check failed: ORI2', 7)]
[r3_1/ei_depth3_s23_req r6] heldout greedy SOLVED 4418/5000 = 0.884 [0.874,0.892]
  len 2: 998/1000 = 0.998 [0.993,0.999]
  len 3: 993/1000 = 0.993 [0.986,0.997]
  len 4: 969/1000 = 0.969 [0.956,0.978]
  len 5: 956/1000 = 0.956 [0.941,0.967]
  len 6: 502/1000 = 0.502 [0.471,0.533]
  written hist {2: 1023, 3: 984, 4: 958, 5: 981, 6: 471, 7: 1}
  pruned hist {2: 1023, 3: 986, 4: 958, 5: 979, 6: 471, 7: 1}
  frontier written 6 pruned 6
  reasons [('depth jump at line 42', 191), ('rule check failed: DN', 74), ('rule check failed: NEGE', 48), ('rule check failed: IMPI', 38), ('bad box cite', 32), ('rule check failed: ANDI', 31)]
no accepted proofs: skipping training this round
=== round 6 done in 78s; new proofs 0; cum targets solved 0
[r3_1/ei_depth3_s23_req r7] targets (this round, pass@32) SOLVED 0/300 = 0.000 [0.000,0.013]
  len 7: 0/6 = 0.000 [0.000,0.390]
  len 8: 0/294 = 0.000 [0.000,0.013]
  written hist {}
  pruned hist {}
  frontier written 0 pruned 0
  reasons [('rule check failed: IMPI', 1958), ('rule check failed: IMPE', 979), ('rule check failed: ANDI', 883), ('rule check failed: ORI2', 833), ('rule check failed: ANDE2', 745), ('rule check failed: DN', 698)]
[r3_1/ei_depth3_s23_req r7] targets (cumulative 224 attempts) SOLVED 0/300 = 0.000 [0.000,0.013]
  len 7: 0/6 = 0.000 [0.000,0.390]
  len 8: 0/294 = 0.000 [0.000,0.013]
  written hist {}
  pruned hist {}
  frontier written 0 pruned 0
  reasons []
[r3_1/ei_depth3_s23_req r7] transfer (this round, pass@32) SOLVED 0/100 = 0.000 [0.000,0.037]
  len 7: 0/6 = 0.000 [0.000,0.390]
  len 8: 0/94 = 0.000 [0.000,0.039]
  written hist {}
  pruned hist {}
  frontier written 0 pruned 0
  reasons [('rule check failed: IMPI', 654), ('rule check failed: ANDI', 393), ('bad box cite', 248), ('rule check failed: ORI2', 239), ('rule check failed: IMPE', 230), ('proof ends inside a subproof', 227)]
[r3_1/ei_depth3_s23_req r7] transfer (cumulative 224 attempts) SOLVED 0/100 = 0.000 [0.000,0.037]
  len 7: 0/6 = 0.000 [0.000,0.390]
  len 8: 0/94 = 0.000 [0.000,0.039]
  written hist {}
  pruned hist {}
  frontier written 0 pruned 0
  reasons []
[r3_1/ei_depth3_s23_req r7] transfer greedy SOLVED 0/100 = 0.000 [0.000,0.037]
  len 7: 0/6 = 0.000 [0.000,0.390]
  len 8: 0/94 = 0.000 [0.000,0.039]
  written hist {}
  pruned hist {}
  frontier written 0 pruned 0
  reasons [('rule check failed: IMPI', 20), ('rule check failed: ANDI', 14), ('bad box cite', 10), ('depth jump at line 42', 8), ('proof ends inside a subproof', 7), ('rule check failed: ORI2', 7)]
[r3_1/ei_depth3_s23_req r7] heldout greedy SOLVED 4418/5000 = 0.884 [0.874,0.892]
  len 2: 998/1000 = 0.998 [0.993,0.999]
  len 3: 993/1000 = 0.993 [0.986,0.997]
  len 4: 969/1000 = 0.969 [0.956,0.978]
  len 5: 956/1000 = 0.956 [0.941,0.967]
  len 6: 502/1000 = 0.502 [0.471,0.533]
  written hist {2: 1023, 3: 984, 4: 958, 5: 981, 6: 471, 7: 1}
  pruned hist {2: 1023, 3: 986, 4: 958, 5: 979, 6: 471, 7: 1}
  frontier written 6 pruned 6
  reasons [('depth jump at line 42', 191), ('rule check failed: DN', 74), ('rule check failed: NEGE', 48), ('rule check failed: IMPI', 38), ('bad box cite', 32), ('rule check failed: ANDI', 31)]
no accepted proofs: skipping training this round
=== round 7 done in 74s; new proofs 0; cum targets solved 0
[r3_1/ei_depth3_s23_req r8] targets (this round, pass@32) SOLVED 0/300 = 0.000 [0.000,0.013]
  len 7: 0/6 = 0.000 [0.000,0.390]
  len 8: 0/294 = 0.000 [0.000,0.013]
  written hist {}
  pruned hist {}
  frontier written 0 pruned 0
  reasons [('rule check failed: IMPI', 1925), ('rule check failed: IMPE', 984), ('rule check failed: ANDI', 856), ('rule check failed: ORI2', 837), ('rule check failed: ANDE2', 740), ('rule check failed: DN', 665)]
[r3_1/ei_depth3_s23_req r8] targets (cumulative 256 attempts) SOLVED 0/300 = 0.000 [0.000,0.013]
  len 7: 0/6 = 0.000 [0.000,0.390]
  len 8: 0/294 = 0.000 [0.000,0.013]
  written hist {}
  pruned hist {}
  frontier written 0 pruned 0
  reasons []
[r3_1/ei_depth3_s23_req r8] transfer (this round, pass@32) SOLVED 0/100 = 0.000 [0.000,0.037]
  len 7: 0/6 = 0.000 [0.000,0.390]
  len 8: 0/94 = 0.000 [0.000,0.039]
  written hist {}
  pruned hist {}
  frontier written 0 pruned 0
  reasons [('rule check failed: IMPI', 612), ('rule check failed: ANDI', 396), ('bad box cite', 264), ('rule check failed: ORI2', 241), ('proof ends inside a subproof', 229), ('rule check failed: IMPE', 223)]
[r3_1/ei_depth3_s23_req r8] transfer (cumulative 256 attempts) SOLVED 0/100 = 0.000 [0.000,0.037]
  len 7: 0/6 = 0.000 [0.000,0.390]
  len 8: 0/94 = 0.000 [0.000,0.039]
  written hist {}
  pruned hist {}
  frontier written 0 pruned 0
  reasons []
[r3_1/ei_depth3_s23_req r8] transfer greedy SOLVED 0/100 = 0.000 [0.000,0.037]
  len 7: 0/6 = 0.000 [0.000,0.390]
  len 8: 0/94 = 0.000 [0.000,0.039]
  written hist {}
  pruned hist {}
  frontier written 0 pruned 0
  reasons [('rule check failed: IMPI', 20), ('rule check failed: ANDI', 14), ('bad box cite', 10), ('depth jump at line 42', 8), ('proof ends inside a subproof', 7), ('rule check failed: ORI2', 7)]
[r3_1/ei_depth3_s23_req r8] heldout greedy SOLVED 4418/5000 = 0.884 [0.874,0.892]
  len 2: 998/1000 = 0.998 [0.993,0.999]
  len 3: 993/1000 = 0.993 [0.986,0.997]
  len 4: 969/1000 = 0.969 [0.956,0.978]
  len 5: 956/1000 = 0.956 [0.941,0.967]
  len 6: 502/1000 = 0.502 [0.471,0.533]
  written hist {2: 1023, 3: 984, 4: 958, 5: 981, 6: 471, 7: 1}
  pruned hist {2: 1023, 3: 986, 4: 958, 5: 979, 6: 471, 7: 1}
  frontier written 6 pruned 6
  reasons [('depth jump at line 42', 191), ('rule check failed: DN', 74), ('rule check failed: NEGE', 48), ('rule check failed: IMPI', 38), ('bad box cite', 32), ('rule check failed: ANDI', 31)]
no accepted proofs: skipping training this round
=== round 8 done in 74s; new proofs 0; cum targets solved 0
