[r3_1/ei_depth3_s25_drift r1] targets (this round, pass@32) SOLVED 70/300 = 0.233 [0.189,0.284]
  len 7: 70/250 = 0.280 [0.228,0.339]
  len 8: 0/50 = 0.000 [0.000,0.071]
  written hist {7: 951}
  pruned hist {5: 12, 6: 850, 7: 89}
  frontier written 7 pruned 7
  reasons [('rule check failed: IMPE', 1331), ('rule check failed: DN', 943), ('rule check failed: ANDI', 844), ('rule check failed: ORI2', 655), ('line index mismatch at position 7', 635), ('bad box cite', 617)]
[r3_1/ei_depth3_s25_drift r1] targets (cumulative 32 attempts) SOLVED 70/300 = 0.233 [0.189,0.284]
  len 7: 70/250 = 0.280 [0.228,0.339]
  len 8: 0/50 = 0.000 [0.000,0.071]
  written hist {7: 951}
  pruned hist {5: 12, 6: 850, 7: 89}
  frontier written 7 pruned 7
  reasons []
[r3_1/ei_depth3_s25_drift r1] transfer (this round, pass@32) SOLVED 0/100 = 0.000 [0.000,0.037]
  len 7: 0/6 = 0.000 [0.000,0.390]
  len 8: 0/94 = 0.000 [0.000,0.039]
  written hist {}
  pruned hist {}
  frontier written 0 pruned 0
  reasons [('rule check failed: ANDI', 485), ('rule check failed: ORI1', 369), ('final formula is not the conclusion', 354), ('rule check failed: IMPI', 328), ('rule check failed: IMPE', 279), ('bad box cite', 235)]
[r3_1/ei_depth3_s25_drift r1] transfer (cumulative 32 attempts) SOLVED 0/100 = 0.000 [0.000,0.037]
  len 7: 0/6 = 0.000 [0.000,0.390]
  len 8: 0/94 = 0.000 [0.000,0.039]
  written hist {}
  pruned hist {}
  frontier written 0 pruned 0
  reasons []
[r3_1/ei_depth3_s25_drift r1] transfer greedy SOLVED 0/100 = 0.000 [0.000,0.037]
  len 7: 0/6 = 0.000 [0.000,0.390]
  len 8: 0/94 = 0.000 [0.000,0.039]
  written hist {}
  pruned hist {}
  frontier written 0 pruned 0
  reasons [('rule check failed: ORI1', 15), ('rule check failed: ANDI', 15), ('rule check failed: IMPI', 12), ('final formula is not the conclusion', 11), ('rule check failed: DN', 9), ('bad box cite', 9)]
[r3_1/ei_depth3_s25_drift r1] heldout greedy SOLVED 4467/5000 = 0.893 [0.885,0.902]
  len 2: 997/1000 = 0.997 [0.991,0.999]
  len 3: 993/1000 = 0.993 [0.986,0.997]
  len 4: 970/1000 = 0.970 [0.957,0.979]
  len 5: 960/1000 = 0.960 [0.946,0.970]
  len 6: 547/1000 = 0.547 [0.516,0.578]
  written hist {2: 1025, 3: 981, 4: 957, 5: 1005, 6: 498, 7: 1}
  pruned hist {2: 1025, 3: 981, 4: 961, 5: 1003, 6: 496, 7: 1}
  frontier written 6 pruned 6
  reasons [('bad box cite', 92), ('rule check failed: DN', 83), ('rule check failed: ANDI', 48), ('rule check failed: IMPE', 47), ('rule check failed: IMPI', 45), ('rule check failed: ANDE2', 41)]
[r3_1/ei_depth3_s25_drift r1] exclude_pattern=depth3: dropped 0 proofs of 0 theorems from the mix
python3 train.py --data artifacts/r3_1/ei_depth3_s25_drift/mix_1.jsonl --init ckpts/r3_1/stage1_depth3_f0_a1_s25.pt --steps 600 --lr 0.0003 --min_lr 2.9999999999999997e-05 --warmup 50 --cap 0 --out ckpts/r3_1/ei_depth3_s25_drift_r1.pt --seed 25001 --log_every 200
params 3210240 mode abs shift True
train records 20972 max len 422
step 200 loss 0.0568 lr 2.53e-04 25s
step 400 loss 0.0567 lr 1.09e-04 49s
step 600 loss 0.0526 lr 3.00e-05 77s
saved ckpts/r3_1/ei_depth3_s25_drift_r1.pt
=== round 1 done in 157s; new proofs 951; cum targets solved 70
[r3_1/ei_depth3_s25_drift r2] targets (this round, pass@32) SOLVED 100/300 = 0.333 [0.282,0.388]
  len 7: 99/250 = 0.396 [0.337,0.458]
  len 8: 1/50 = 0.020 [0.004,0.105]
  written hist {7: 1832, 8: 13}
  pruned hist {5: 14, 6: 1570, 7: 261}
  frontier written 8 pruned 7
  reasons [('bad box cite', 989), ('rule check failed: ANDI', 833), ('rule check failed: DN', 722), ('rule check failed: IMPE', 603), ('rule check failed: ORI2', 603), ('final formula is not the conclusion', 530)]
[r3_1/ei_depth3_s25_drift r2] targets (cumulative 64 attempts) SOLVED 100/300 = 0.333 [0.282,0.388]
  len 7: 99/250 = 0.396 [0.337,0.458]
  len 8: 1/50 = 0.020 [0.004,0.105]
  written hist {7: 2473, 8: 13}
  pruned hist {5: 25, 6: 2138, 7: 323}
  frontier written 8 pruned 7
  reasons []
[r3_1/ei_depth3_s25_drift r2] transfer (this round, pass@32) SOLVED 0/100 = 0.000 [0.000,0.037]
  len 7: 0/6 = 0.000 [0.000,0.390]
  len 8: 0/94 = 0.000 [0.000,0.039]
  written hist {}
  pruned hist {}
  frontier written 0 pruned 0
  reasons [('rule check failed: IMPI', 605), ('rule check failed: ANDI', 472), ('final formula is not the conclusion', 383), ('bad box cite', 309), ('parse: missing )', 211), ('rule check failed: ORI1', 206)]
[r3_1/ei_depth3_s25_drift r2] transfer (cumulative 64 attempts) SOLVED 0/100 = 0.000 [0.000,0.037]
  len 7: 0/6 = 0.000 [0.000,0.390]
  len 8: 0/94 = 0.000 [0.000,0.039]
  written hist {}
  pruned hist {}
  frontier written 0 pruned 0
  reasons []
[r3_1/ei_depth3_s25_drift r2] transfer greedy SOLVED 0/100 = 0.000 [0.000,0.037]
  len 7: 0/6 = 0.000 [0.000,0.390]
  len 8: 0/94 = 0.000 [0.000,0.039]
  written hist {}
  pruned hist {}
  frontier written 0 pruned 0
  reasons [('rule check failed: IMPI', 20), ('rule check failed: ANDI', 14), ('final formula is not the conclusion', 13), ('bad box cite', 11), ('rule check failed: ORI1', 8), ('rule check failed: DN', 7)]
[r3_1/ei_depth3_s25_drift r2] heldout greedy SOLVED 4430/5000 = 0.886 [0.877,0.895]
  len 2: 997/1000 = 0.997 [0.991,0.999]
  len 3: 994/1000 = 0.994 [0.987,0.997]
  len 4: 964/1000 = 0.964 [0.951,0.974]
  len 5: 954/1000 = 0.954 [0.939,0.965]
  len 6: 521/1000 = 0.521 [0.490,0.552]
  written hist {2: 1020, 3: 985, 4: 937, 5: 993, 6: 495}
  pruned hist {2: 1020, 3: 985, 4: 946, 5: 986, 6: 493}
  frontier written 6 pruned 6
  reasons [('bad box cite', 110), ('rule check failed: DN', 68), ('rule check failed: IMPI', 60), ('rule check failed: ANDI', 48), ('rule check failed: IMPE', 46), ('final formula is not the conclusion', 43)]
[r3_1/ei_depth3_s25_drift r2] exclude_pattern=depth3: dropped 20 proofs of 2 theorems from the mix
python3 train.py --data artifacts/r3_1/ei_depth3_s25_drift/mix_2.jsonl --init ckpts/r3_1/ei_depth3_s25_drift_r1.pt --steps 600 --lr 0.0003 --min_lr 2.9999999999999997e-05 --warmup 50 --cap 0 --out ckpts/r3_1/ei_depth3_s25_drift_r2.pt --seed 25002 --log_every 200
params 3210240 mode abs shift True
train records 21556 max len 322
step 200 loss 0.0640 lr 2.53e-04 25s
step 400 loss 0.0547 lr 1.09e-04 49s
step 600 loss 0.0537 lr 3.00e-05 70s
saved ckpts/r3_1/ei_depth3_s25_drift_r2.pt
=== round 2 done in 157s; new proofs 1535; cum targets solved 100
[r3_1/ei_depth3_s25_drift r3] targets (this round, pass@32) SOLVED 105/300 = 0.350 [0.298,0.406]
  len 7: 103/250 = 0.412 [0.353,0.474]
  len 8: 2/50 = 0.040 [0.011,0.135]
  written hist {7: 1516, 8: 11}
  pruned hist {6: 1278, 7: 249}
  frontier written 8 pruned 7
  reasons [('rule check failed: DN', 802), ('rule check failed: ANDI', 727), ('final formula is not the conclusion', 657), ('bad box cite', 649), ('rule check failed: IMPI', 575), ('rule check failed: ORI2', 472)]
[r3_1/ei_depth3_s25_drift r3] targets (cumulative 96 attempts) SOLVED 107/300 = 0.357 [0.305,0.412]
  len 7: 105/250 = 0.420 [0.360,0.482]
  len 8: 2/50 = 0.040 [0.011,0.135]
  written hist {7: 3125, 8: 20}
  pruned hist {5: 25, 6: 2660, 7: 460}
  frontier written 8 pruned 7
  reasons []
[r3_1/ei_depth3_s25_drift r3] transfer (this round, pass@32) SOLVED 0/100 = 0.000 [0.000,0.037]
  len 7: 0/6 = 0.000 [0.000,0.390]
  len 8: 0/94 = 0.000 [0.000,0.039]
  written hist {}
  pruned hist {}
  frontier written 0 pruned 0
  reasons [('rule check failed: IMPI', 861), ('rule check failed: ANDI', 437), ('final formula is not the conclusion', 388), ('rule check failed: ORI1', 225), ('parse: missing )', 208), ('rule check failed: R', 181)]
[r3_1/ei_depth3_s25_drift r3] transfer (cumulative 96 attempts) SOLVED 0/100 = 0.000 [0.000,0.037]
  len 7: 0/6 = 0.000 [0.000,0.390]
  len 8: 0/94 = 0.000 [0.000,0.039]
  written hist {}
  pruned hist {}
  frontier written 0 pruned 0
  reasons []
[r3_1/ei_depth3_s25_drift r3] transfer greedy SOLVED 0/100 = 0.000 [0.000,0.037]
  len 7: 0/6 = 0.000 [0.000,0.390]
  len 8: 0/94 = 0.000 [0.000,0.039]
  written hist {}
  pruned hist {}
  frontier written 0 pruned 0
  reasons [('rule check failed: IMPI', 28), ('rule check failed: ANDI', 13), ('final formula is not the conclusion', 10), ('bad box cite', 7), ('rule check failed: ORI1', 7), ('parse: missing )', 7)]
[r3_1/ei_depth3_s25_drift r3] heldout greedy SOLVED 4438/5000 = 0.888 [0.879,0.896]
  len 2: 998/1000 = 0.998 [0.993,0.999]
  len 3: 994/1000 = 0.994 [0.987,0.997]
  len 4: 966/1000 = 0.966 [0.953,0.976]
  len 5: 959/1000 = 0.959 [0.945,0.970]
  len 6: 521/1000 = 0.521 [0.490,0.552]
  written hist {2: 1023, 3: 987, 4: 944, 5: 994, 6: 490}
  pruned hist {2: 1023, 3: 987, 4: 949, 5: 990, 6: 489}
  frontier written 6 pruned 6
  reasons [('bad box cite', 130), ('rule check failed: DN', 77), ('rule check failed: ANDI', 61), ('rule check failed: IMPI', 48), ('rule check failed: IMPE', 44), ('final formula is not the conclusion', 39)]
[r3_1/ei_depth3_s25_drift r3] exclude_pattern=depth3: dropped 20 proofs of 2 theorems from the mix
python3 train.py --data artifacts/r3_1/ei_depth3_s25_drift/mix_3.jsonl --init ckpts/r3_1/ei_depth3_s25_drift_r2.pt --steps 600 --lr 0.0003 --min_lr 2.9999999999999997e-05 --warmup 50 --cap 0 --out ckpts/r3_1/ei_depth3_s25_drift_r3.pt --seed 25003 --log_every 200
params 3210240 mode abs shift True
train records 21656 max len 328
step 200 loss 0.0547 lr 2.53e-04 25s
step 400 loss 0.0584 lr 1.09e-04 51s
step 600 loss 0.0531 lr 3.00e-05 72s
saved ckpts/r3_1/ei_depth3_s25_drift_r3.pt
=== round 3 done in 149s; new proofs 659; cum targets solved 107
[r3_1/ei_depth3_s25_drift r4] targets (this round, pass@32) SOLVED 106/300 = 0.353 [0.301,0.409]
  len 7: 104/250 = 0.416 [0.357,0.478]
  len 8: 2/50 = 0.040 [0.011,0.135]
  written hist {7: 1722, 8: 29}
  pruned hist {5: 11, 6: 1450, 7: 290}
  frontier written 8 pruned 7
  reasons [('rule check failed: ANDI', 830), ('bad box cite', 704), ('rule check failed: ORI2', 651), ('rule check failed: DN', 618), ('final formula is not the conclusion', 583), ('rule check failed: IMPI', 433)]
[r3_1/ei_depth3_s25_drift r4] targets (cumulative 128 attempts) SOLVED 108/300 = 0.360 [0.308,0.416]
  len 7: 106/250 = 0.424 [0.364,0.486]
  len 8: 2/50 = 0.040 [0.011,0.135]
  written hist {7: 3593, 8: 42}
  pruned hist {5: 30, 6: 3035, 7: 570}
  frontier written 8 pruned 7
  reasons []
[r3_1/ei_depth3_s25_drift r4] transfer (this round, pass@32) SOLVED 0/100 = 0.000 [0.000,0.037]
  len 7: 0/6 = 0.000 [0.000,0.390]
  len 8: 0/94 = 0.000 [0.000,0.039]
  written hist {}
  pruned hist {}
  frontier written 0 pruned 0
  reasons [('rule check failed: ANDI', 671), ('rule check failed: IMPI', 550), ('bad box cite', 332), ('final formula is not the conclusion', 317), ('rule check failed: ORI1', 264), ('rule check failed: R', 188)]
[r3_1/ei_depth3_s25_drift r4] transfer (cumulative 128 attempts) SOLVED 0/100 = 0.000 [0.000,0.037]
  len 7: 0/6 = 0.000 [0.000,0.390]
  len 8: 0/94 = 0.000 [0.000,0.039]
  written hist {}
  pruned hist {}
  frontier written 0 pruned 0
  reasons []
[r3_1/ei_depth3_s25_drift r4] transfer greedy SOLVED 0/100 = 0.000 [0.000,0.037]
  len 7: 0/6 = 0.000 [0.000,0.390]
  len 8: 0/94 = 0.000 [0.000,0.039]
  written hist {}
  pruned hist {}
  frontier written 0 pruned 0
  reasons [('rule check failed: ANDI', 20), ('rule check failed: IMPI', 14), ('bad box cite', 13), ('final formula is not the conclusion', 11), ('rule check failed: ORI1', 9), ('rule check failed: R', 8)]
[r3_1/ei_depth3_s25_drift r4] heldout greedy SOLVED 4431/5000 = 0.886 [0.877,0.895]
  len 2: 1000/1000 = 1.000 [0.996,1.000]
  len 3: 992/1000 = 0.992 [0.984,0.996]
  len 4: 969/1000 = 0.969 [0.956,0.978]
  len 5: 950/1000 = 0.950 [0.935,0.962]
  len 6: 520/1000 = 0.520 [0.489,0.551]
  written hist {2: 1024, 3: 985, 4: 969, 5: 985, 6: 468}
  pruned hist {2: 1024, 3: 985, 4: 972, 5: 985, 6: 465}
  frontier written 6 pruned 6
  reasons [('bad box cite', 103), ('rule check failed: ANDI', 66), ('rule check failed: DN', 62), ('final formula is not the conclusion', 60), ('rule check failed: IMPI', 49), ('rule check failed: IMPE', 46)]
[r3_1/ei_depth3_s25_drift r4] exclude_pattern=depth3: dropped 20 proofs of 2 theorems from the mix
python3 train.py --data artifacts/r3_1/ei_depth3_s25_drift/mix_4.jsonl --init ckpts/r3_1/ei_depth3_s25_drift_r3.pt --steps 600 --lr 0.0003 --min_lr 2.9999999999999997e-05 --warmup 50 --cap 0 --out ckpts/r3_1/ei_depth3_s25_drift_r4.pt --seed 25004 --log_every 200
params 3210240 mode abs shift True
train records 21692 max len 422
step 200 loss 0.0570 lr 2.53e-04 25s
step 400 loss 0.0539 lr 1.09e-04 52s
step 600 loss 0.0552 lr 3.00e-05 74s
saved ckpts/r3_1/ei_depth3_s25_drift_r4.pt
=== round 4 done in 153s; new proofs 490; cum targets solved 108
[r3_1/ei_depth3_s25_drift r5] targets (this round, pass@32) SOLVED 106/300 = 0.353 [0.301,0.409]
  len 7: 104/250 = 0.416 [0.357,0.478]
  len 8: 2/50 = 0.040 [0.011,0.135]
  written hist {7: 1797, 8: 33}
  pruned hist {6: 1500, 7: 330}
  frontier written 8 pruned 7
  reasons [('bad box cite', 803), ('rule check failed: DN', 724), ('rule check failed: ANDI', 674), ('rule check failed: ORI2', 655), ('rule check failed: IMPE', 607), ('final formula is not the conclusion', 501)]
[r3_1/ei_depth3_s25_drift r5] targets (cumulative 160 attempts) SOLVED 108/300 = 0.360 [0.308,0.416]
  len 7: 106/250 = 0.424 [0.364,0.486]
  len 8: 2/50 = 0.040 [0.011,0.135]
  written hist {7: 3931, 8: 55}
  pruned hist {5: 30, 6: 3307, 7: 649}
  frontier written 8 pruned 7
  reasons []
[r3_1/ei_depth3_s25_drift r5] transfer (this round, pass@32) SOLVED 0/100 = 0.000 [0.000,0.037]
  len 7: 0/6 = 0.000 [0.000,0.390]
  len 8: 0/94 = 0.000 [0.000,0.039]
  written hist {}
  pruned hist {}
  frontier written 0 pruned 0
  reasons [('rule check failed: IMPI', 692), ('rule check failed: ANDI', 522), ('rule check failed: ORI1', 287), ('bad box cite', 283), ('rule check failed: IMPE', 243), ('rule check failed: ORI2', 204)]
[r3_1/ei_depth3_s25_drift r5] transfer (cumulative 160 attempts) SOLVED 0/100 = 0.000 [0.000,0.037]
  len 7: 0/6 = 0.000 [0.000,0.390]
  len 8: 0/94 = 0.000 [0.000,0.039]
  written hist {}
  pruned hist {}
  frontier written 0 pruned 0
  reasons []
[r3_1/ei_depth3_s25_drift r5] transfer greedy SOLVED 0/100 = 0.000 [0.000,0.037]
  len 7: 0/6 = 0.000 [0.000,0.390]
  len 8: 0/94 = 0.000 [0.000,0.039]
  written hist {}
  pruned hist {}
  frontier written 0 pruned 0
  reasons [('rule check failed: IMPI', 23), ('rule check failed: ANDI', 16), ('bad box cite', 11), ('rule check failed: ORI1', 9), ('rule check failed: IMPE', 8), ('rule check failed: ORI2', 6)]
[r3_1/ei_depth3_s25_drift r5] heldout greedy SOLVED 4418/5000 = 0.884 [0.874,0.892]
  len 2: 999/1000 = 0.999 [0.994,1.000]
  len 3: 997/1000 = 0.997 [0.991,0.999]
  len 4: 967/1000 = 0.967 [0.954,0.976]
  len 5: 957/1000 = 0.957 [0.943,0.968]
  len 6: 498/1000 = 0.498 [0.467,0.529]
  written hist {2: 1019, 3: 989, 4: 963, 5: 997, 6: 450}
  pruned hist {2: 1020, 3: 989, 4: 968, 5: 996, 6: 445}
  frontier written 6 pruned 6
  reasons [('bad box cite', 131), ('rule check failed: DN', 74), ('rule check failed: ANDI', 63), ('rule check failed: IMPE', 63), ('rule check failed: IMPI', 52), ('rule check failed: ORI2', 26)]
[r3_1/ei_depth3_s25_drift r5] exclude_pattern=depth3: dropped 20 proofs of 2 theorems from the mix
python3 train.py --data artifacts/r3_1/ei_depth3_s25_drift/mix_5.jsonl --init ckpts/r3_1/ei_depth3_s25_drift_r4.pt --steps 600 --lr 0.0003 --min_lr 2.9999999999999997e-05 --warmup 50 --cap 0 --out ckpts/r3_1/ei_depth3_s25_drift_r5.pt --seed 25005 --log_every 200
params 3210240 mode abs shift True
train records 21696 max len 422
step 200 loss 0.0536 lr 2.53e-04 29s
step 400 loss 0.0512 lr 1.09e-04 53s
step 600 loss 0.0556 lr 3.00e-05 76s
saved ckpts/r3_1/ei_depth3_s25_drift_r5.pt
=== round 5 done in 155s; new proofs 351; cum targets solved 108
[r3_1/ei_depth3_s25_drift r6] targets (this round, pass@32) SOLVED 106/300 = 0.353 [0.301,0.409]
  len 7: 104/250 = 0.416 [0.357,0.478]
  len 8: 2/50 = 0.040 [0.011,0.135]
  written hist {7: 1797, 8: 31}
  pruned hist {6: 1525, 7: 303}
  frontier written 8 pruned 7
  reasons [('rule check failed: IMPE', 690), ('rule check failed: ANDI', 635), ('bad box cite', 602), ('rule check failed: DN', 599), ('rule check failed: IMPI', 583), ('final formula is not the conclusion', 580)]
[r3_1/ei_depth3_s25_drift r6] targets (cumulative 192 attempts) SOLVED 108/300 = 0.360 [0.308,0.416]
  len 7: 106/250 = 0.424 [0.364,0.486]
  len 8: 2/50 = 0.040 [0.011,0.135]
  written hist {7: 4157, 8: 59}
  pruned hist {5: 30, 6: 3501, 7: 685}
  frontier written 8 pruned 7
  reasons []
[r3_1/ei_depth3_s25_drift r6] transfer (this round, pass@32) SOLVED 0/100 = 0.000 [0.000,0.037]
  len 7: 0/6 = 0.000 [0.000,0.390]
  len 8: 0/94 = 0.000 [0.000,0.039]
  written hist {}
  pruned hist {}
  frontier written 0 pruned 0
  reasons [('rule check failed: IMPI', 742), ('rule check failed: ANDI', 411), ('rule check failed: ORI1', 338), ('final formula is not the conclusion', 321), ('rule check failed: IMPE', 241), ('rule check failed: DN', 216)]
[r3_1/ei_depth3_s25_drift r6] transfer (cumulative 192 attempts) SOLVED 0/100 = 0.000 [0.000,0.037]
  len 7: 0/6 = 0.000 [0.000,0.390]
  len 8: 0/94 = 0.000 [0.000,0.039]
  written hist {}
  pruned hist {}
  frontier written 0 pruned 0
  reasons []
[r3_1/ei_depth3_s25_drift r6] transfer greedy SOLVED 0/100 = 0.000 [0.000,0.037]
  len 7: 0/6 = 0.000 [0.000,0.390]
  len 8: 0/94 = 0.000 [0.000,0.039]
  written hist {}
  pruned hist {}
  frontier written 0 pruned 0
  reasons [('rule check failed: IMPI', 26), ('rule check failed: ANDI', 14), ('rule check failed: ORI1', 11), ('final formula is not the conclusion', 10), ('rule check failed: DN', 8), ('rule check failed: IMPE', 7)]
[r3_1/ei_depth3_s25_drift r6] heldout greedy SOLVED 4425/5000 = 0.885 [0.876,0.894]
  len 2: 998/1000 = 0.998 [0.993,0.999]
  len 3: 996/1000 = 0.996 [0.990,0.998]
  len 4: 974/1000 = 0.974 [0.962,0.982]
  len 5: 961/1000 = 0.961 [0.947,0.971]
  len 6: 496/1000 = 0.496 [0.465,0.527]
  written hist {2: 1020, 3: 991, 4: 957, 5: 995, 6: 462}
  pruned hist {2: 1021, 3: 991, 4: 962, 5: 992, 6: 459}
  frontier written 6 pruned 6
  reasons [('bad box cite', 121), ('rule check failed: IMPI', 84), ('rule check failed: DN', 64), ('rule check failed: IMPE', 54), ('rule check failed: ANDI', 47), ('rule check failed: BOTE', 40)]
[r3_1/ei_depth3_s25_drift r6] exclude_pattern=depth3: dropped 20 proofs of 2 theorems from the mix
python3 train.py --data artifacts/r3_1/ei_depth3_s25_drift/mix_6.jsonl --init ckpts/r3_1/ei_depth3_s25_drift_r5.pt --steps 600 --lr 0.0003 --min_lr 2.9999999999999997e-05 --warmup 50 --cap 0 --out ckpts/r3_1/ei_depth3_s25_drift_r6.pt --seed 25006 --log_every 200
params 3210240 mode abs shift True
train records 21696 max len 422
step 200 loss 0.0564 lr 2.53e-04 19s
step 400 loss 0.0557 lr 1.09e-04 39s
step 600 loss 0.0550 lr 3.00e-05 60s
saved ckpts/r3_1/ei_depth3_s25_drift_r6.pt
=== round 6 done in 116s; new proofs 230; cum targets solved 108
[r3_1/ei_depth3_s25_drift r7] targets (this round, pass@32) SOLVED 108/300 = 0.360 [0.308,0.416]
  len 7: 106/250 = 0.424 [0.364,0.486]
  len 8: 2/50 = 0.040 [0.011,0.135]
  written hist {7: 1770, 8: 24}
  pruned hist {5: 4, 6: 1502, 7: 288}
  frontier written 8 pruned 7
  reasons [('rule check failed: ORI2', 831), ('rule check failed: ANDI', 681), ('rule check failed: DN', 653), ('bad box cite', 629), ('final formula is not the conclusion', 554), ('rule check failed: IMPE', 477)]
[r3_1/ei_depth3_s25_drift r7] targets (cumulative 224 attempts) SOLVED 110/300 = 0.367 [0.314,0.423]
  len 7: 108/250 = 0.432 [0.372,0.494]
  len 8: 2/50 = 0.040 [0.011,0.135]
  written hist {7: 4344, 8: 61}
  pruned hist {5: 31, 6: 3665, 7: 709}
  frontier written 8 pruned 7
  reasons []
[r3_1/ei_depth3_s25_drift r7] transfer (this round, pass@32) SOLVED 0/100 = 0.000 [0.000,0.037]
  len 7: 0/6 = 0.000 [0.000,0.390]
  len 8: 0/94 = 0.000 [0.000,0.039]
  written hist {}
  pruned hist {}
  frontier written 0 pruned 0
  reasons [('rule check failed: IMPI', 594), ('rule check failed: ANDI', 461), ('bad box cite', 340), ('final formula is not the conclusion', 328), ('rule check failed: ORI1', 246), ('rule check failed: ORI2', 224)]
[r3_1/ei_depth3_s25_drift r7] transfer (cumulative 224 attempts) SOLVED 0/100 = 0.000 [0.000,0.037]
  len 7: 0/6 = 0.000 [0.000,0.390]
  len 8: 0/94 = 0.000 [0.000,0.039]
  written hist {}
  pruned hist {}
  frontier written 0 pruned 0
  reasons []
[r3_1/ei_depth3_s25_drift r7] transfer greedy SOLVED 0/100 = 0.000 [0.000,0.037]
  len 7: 0/6 = 0.000 [0.000,0.390]
  len 8: 0/94 = 0.000 [0.000,0.039]
  written hist {}
  pruned hist {}
  frontier written 0 pruned 0
  reasons [('rule check failed: IMPI', 19), ('rule check failed: ANDI', 15), ('bad box cite', 11), ('rule check failed: ORI2', 9), ('final formula is not the conclusion', 9), ('rule check failed: ORI1', 9)]
[r3_1/ei_depth3_s25_drift r7] heldout greedy SOLVED 4450/5000 = 0.890 [0.881,0.898]
  len 2: 997/1000 = 0.997 [0.991,0.999]
  len 3: 995/1000 = 0.995 [0.988,0.998]
  len 4: 972/1000 = 0.972 [0.960,0.981]
  len 5: 963/1000 = 0.963 [0.949,0.973]
  len 6: 523/1000 = 0.523 [0.492,0.554]
  written hist {2: 1018, 3: 987, 4: 960, 5: 1005, 6: 480}
  pruned hist {2: 1018, 3: 987, 4: 973, 5: 994, 6: 478}
  frontier written 6 pruned 6
  reasons [('rule check failed: ANDI', 66), ('rule check failed: DN', 63), ('bad box cite', 62), ('rule check failed: IMPI', 59), ('rule check failed: IMPE', 59), ('rule check failed: ORI2', 46)]
[r3_1/ei_depth3_s25_drift r7] exclude_pattern=depth3: dropped 20 proofs of 2 theorems from the mix
python3 train.py --data artifacts/r3_1/ei_depth3_s25_drift/mix_7.jsonl --init ckpts/r3_1/ei_depth3_s25_drift_r6.pt --steps 600 --lr 0.0003 --min_lr 2.9999999999999997e-05 --warmup 50 --cap 0 --out ckpts/r3_1/ei_depth3_s25_drift_r7.pt --seed 25007 --log_every 200
params 3210240 mode abs shift True
train records 21716 max len 444
step 200 loss 0.0550 lr 2.53e-04 17s
step 400 loss 0.0553 lr 1.09e-04 38s
step 600 loss 0.0524 lr 3.00e-05 59s
saved ckpts/r3_1/ei_depth3_s25_drift_r7.pt
=== round 7 done in 100s; new proofs 189; cum targets solved 110
[r3_1/ei_depth3_s25_drift r8] targets (this round, pass@32) SOLVED 109/300 = 0.363 [0.311,0.419]
  len 7: 107/250 = 0.428 [0.368,0.490]
  len 8: 2/50 = 0.040 [0.011,0.135]
  written hist {7: 1846, 8: 28}
  pruned hist {5: 9, 6: 1578, 7: 287}
  frontier written 8 pruned 7
  reasons [('rule check failed: DN', 779), ('rule check failed: ORI2', 678), ('bad box cite', 661), ('rule check failed: ANDI', 614), ('rule check failed: ORI1', 524), ('rule check failed: IMPI', 445)]
[r3_1/ei_depth3_s25_drift r8] targets (cumulative 256 attempts) SOLVED 111/300 = 0.370 [0.317,0.426]
  len 7: 109/250 = 0.436 [0.376,0.498]
  len 8: 2/50 = 0.040 [0.011,0.135]
  written hist {7: 4546, 8: 63}
  pruned hist {5: 33, 6: 3843, 7: 733}
  frontier written 8 pruned 7
  reasons []
[r3_1/ei_depth3_s25_drift r8] transfer (this round, pass@32) SOLVED 0/100 = 0.000 [0.000,0.037]
  len 7: 0/6 = 0.000 [0.000,0.390]
  len 8: 0/94 = 0.000 [0.000,0.039]
  written hist {}
  pruned hist {}
  frontier written 0 pruned 0
  reasons [('rule check failed: IMPI', 705), ('rule check failed: ANDI', 448), ('bad box cite', 301), ('rule check failed: ORI1', 227), ('parse: missing )', 204), ('rule check failed: DN', 186)]
[r3_1/ei_depth3_s25_drift r8] transfer (cumulative 256 attempts) SOLVED 0/100 = 0.000 [0.000,0.037]
  len 7: 0/6 = 0.000 [0.000,0.390]
  len 8: 0/94 = 0.000 [0.000,0.039]
  written hist {}
  pruned hist {}
  frontier written 0 pruned 0
  reasons []
[r3_1/ei_depth3_s25_drift r8] transfer greedy SOLVED 0/100 = 0.000 [0.000,0.037]
  len 7: 0/6 = 0.000 [0.000,0.390]
  len 8: 0/94 = 0.000 [0.000,0.039]
  written hist {}
  pruned hist {}
  frontier written 0 pruned 0
  reasons [('rule check failed: IMPI', 24), ('rule check failed: ANDI', 12), ('rule check failed: ORI1', 8), ('bad box cite', 8), ('parse: missing )', 7), ('rule check failed: DN', 6)]
[r3_1/ei_depth3_s25_drift r8] heldout greedy SOLVED 4410/5000 = 0.882 [0.873,0.891]
  len 2: 996/1000 = 0.996 [0.990,0.998]
  len 3: 989/1000 = 0.989 [0.980,0.994]
  len 4: 970/1000 = 0.970 [0.957,0.979]
  len 5: 965/1000 = 0.965 [0.952,0.975]
  len 6: 490/1000 = 0.490 [0.459,0.521]
  written hist {2: 1014, 3: 980, 4: 955, 5: 1010, 6: 451}
  pruned hist {2: 1014, 3: 982, 4: 961, 5: 1005, 6: 448}
  frontier written 6 pruned 6
  reasons [('bad box cite', 102), ('rule check failed: DN', 80), ('rule check failed: IMPI', 69), ('rule check failed: ORI2', 47), ('rule check failed: BOTE', 46), ('rule check failed: IMPE', 44)]
[r3_1/ei_depth3_s25_drift r8] exclude_pattern=depth3: dropped 20 proofs of 2 theorems from the mix
python3 train.py --data artifacts/r3_1/ei_depth3_s25_drift/mix_8.jsonl --init ckpts/r3_1/ei_depth3_s25_drift_r7.pt --steps 600 --lr 0.0003 --min_lr 2.9999999999999997e-05 --warmup 50 --cap 0 --out ckpts/r3_1/ei_depth3_s25_drift_r8.pt --seed 25008 --log_every 200
params 3210240 mode abs shift True
train records 21736 max len 422
step 200 loss 0.0565 lr 2.53e-04 16s
step 400 loss 0.0550 lr 1.09e-04 37s
step 600 loss 0.0513 lr 3.00e-05 58s
saved ckpts/r3_1/ei_depth3_s25_drift_r8.pt
=== round 8 done in 100s; new proofs 204; cum targets solved 111
