[r3_1/ei_depth3_s20_req r1] targets (this round, pass@32) SOLVED 0/300 = 0.000 [0.000,0.013]
  len 7: 0/6 = 0.000 [0.000,0.390]
  len 8: 0/294 = 0.000 [0.000,0.013]
  written hist {}
  pruned hist {}
  frontier written 0 pruned 0
  reasons [('bad box cite', 1200), ('rule check failed: ANDI', 1176), ('rule check failed: ORI1', 1047), ('rule check failed: ORI2', 954), ('rule check failed: IMPI', 822), ('final formula is not the conclusion', 611)]
[r3_1/ei_depth3_s20_req r1] targets (cumulative 32 attempts) SOLVED 0/300 = 0.000 [0.000,0.013]
  len 7: 0/6 = 0.000 [0.000,0.390]
  len 8: 0/294 = 0.000 [0.000,0.013]
  written hist {}
  pruned hist {}
  frontier written 0 pruned 0
  reasons []
[r3_1/ei_depth3_s20_req r1] transfer (this round, pass@32) SOLVED 0/100 = 0.000 [0.000,0.037]
  len 7: 0/6 = 0.000 [0.000,0.390]
  len 8: 0/94 = 0.000 [0.000,0.039]
  written hist {}
  pruned hist {}
  frontier written 0 pruned 0
  reasons [('rule check failed: ANDI', 553), ('bad box cite', 492), ('rule check failed: ORI1', 448), ('rule check failed: ORI2', 388), ('rule check failed: IMPI', 209), ('rule check failed: DN', 151)]
[r3_1/ei_depth3_s20_req r1] transfer (cumulative 32 attempts) SOLVED 0/100 = 0.000 [0.000,0.037]
  len 7: 0/6 = 0.000 [0.000,0.390]
  len 8: 0/94 = 0.000 [0.000,0.039]
  written hist {}
  pruned hist {}
  frontier written 0 pruned 0
  reasons []
[r3_1/ei_depth3_s20_req r1] transfer greedy SOLVED 0/100 = 0.000 [0.000,0.037]
  len 7: 0/6 = 0.000 [0.000,0.390]
  len 8: 0/94 = 0.000 [0.000,0.039]
  written hist {}
  pruned hist {}
  frontier written 0 pruned 0
  reasons [('rule check failed: ANDI', 18), ('bad box cite', 17), ('rule check failed: ORI2', 14), ('rule check failed: ORI1', 14), ('rule check failed: IMPI', 6), ('rule check failed: ANDE1', 5)]
[r3_1/ei_depth3_s20_req r1] heldout greedy SOLVED 4354/5000 = 0.871 [0.861,0.880]
  len 2: 997/1000 = 0.997 [0.991,0.999]
  len 3: 997/1000 = 0.997 [0.991,0.999]
  len 4: 956/1000 = 0.956 [0.941,0.967]
  len 5: 931/1000 = 0.931 [0.914,0.945]
  len 6: 473/1000 = 0.473 [0.442,0.504]
  written hist {2: 1021, 3: 989, 4: 934, 5: 982, 6: 428}
  pruned hist {2: 1022, 3: 989, 4: 938, 5: 978, 6: 427}
  frontier written 6 pruned 6
  reasons [('rule check failed: DN', 95), ('bad box cite', 86), ('rule check failed: ANDI', 81), ('rule check failed: NEGE', 62), ('rule check failed: ORI1', 60), ('final formula is not the conclusion', 47)]
no accepted proofs: skipping training this round
=== round 1 done in 286s; new proofs 0; cum targets solved 0
[r3_1/ei_depth3_s20_req r2] targets (this round, pass@32) SOLVED 0/300 = 0.000 [0.000,0.013]
  len 7: 0/6 = 0.000 [0.000,0.390]
  len 8: 0/294 = 0.000 [0.000,0.013]
  written hist {}
  pruned hist {}
  frontier written 0 pruned 0
  reasons [('bad box cite', 1232), ('rule check failed: ANDI', 1173), ('rule check failed: ORI2', 1019), ('rule check failed: ORI1', 988), ('rule check failed: IMPI', 831), ('final formula is not the conclusion', 630)]
[r3_1/ei_depth3_s20_req r2] targets (cumulative 64 attempts) SOLVED 0/300 = 0.000 [0.000,0.013]
  len 7: 0/6 = 0.000 [0.000,0.390]
  len 8: 0/294 = 0.000 [0.000,0.013]
  written hist {}
  pruned hist {}
  frontier written 0 pruned 0
  reasons []
[r3_1/ei_depth3_s20_req r2] transfer (this round, pass@32) SOLVED 0/100 = 0.000 [0.000,0.037]
  len 7: 0/6 = 0.000 [0.000,0.390]
  len 8: 0/94 = 0.000 [0.000,0.039]
  written hist {}
  pruned hist {}
  frontier written 0 pruned 0
  reasons [('rule check failed: ANDI', 538), ('bad box cite', 513), ('rule check failed: ORI1', 446), ('rule check failed: ORI2', 397), ('rule check failed: IMPI', 192), ('rule check failed: DN', 144)]
[r3_1/ei_depth3_s20_req r2] transfer (cumulative 64 attempts) SOLVED 0/100 = 0.000 [0.000,0.037]
  len 7: 0/6 = 0.000 [0.000,0.390]
  len 8: 0/94 = 0.000 [0.000,0.039]
  written hist {}
  pruned hist {}
  frontier written 0 pruned 0
  reasons []
[r3_1/ei_depth3_s20_req r2] transfer greedy SOLVED 0/100 = 0.000 [0.000,0.037]
  len 7: 0/6 = 0.000 [0.000,0.390]
  len 8: 0/94 = 0.000 [0.000,0.039]
  written hist {}
  pruned hist {}
  frontier written 0 pruned 0
  reasons [('rule check failed: ANDI', 18), ('bad box cite', 17), ('rule check failed: ORI2', 14), ('rule check failed: ORI1', 14), ('rule check failed: IMPI', 6), ('rule check failed: ANDE1', 5)]
[r3_1/ei_depth3_s20_req r2] heldout greedy SOLVED 4354/5000 = 0.871 [0.861,0.880]
  len 2: 997/1000 = 0.997 [0.991,0.999]
  len 3: 997/1000 = 0.997 [0.991,0.999]
  len 4: 956/1000 = 0.956 [0.941,0.967]
  len 5: 931/1000 = 0.931 [0.914,0.945]
  len 6: 473/1000 = 0.473 [0.442,0.504]
  written hist {2: 1021, 3: 989, 4: 934, 5: 982, 6: 428}
  pruned hist {2: 1022, 3: 989, 4: 938, 5: 978, 6: 427}
  frontier written 6 pruned 6
  reasons [('rule check failed: DN', 95), ('bad box cite', 86), ('rule check failed: ANDI', 81), ('rule check failed: NEGE', 62), ('rule check failed: ORI1', 60), ('final formula is not the conclusion', 47)]
no accepted proofs: skipping training this round
=== round 2 done in 281s; new proofs 0; cum targets solved 0
[r3_1/ei_depth3_s20_req r3] targets (this round, pass@32) SOLVED 0/300 = 0.000 [0.000,0.013]
  len 7: 0/6 = 0.000 [0.000,0.390]
  len 8: 0/294 = 0.000 [0.000,0.013]
  written hist {}
  pruned hist {}
  frontier written 0 pruned 0
  reasons [('bad box cite', 1223), ('rule check failed: ANDI', 1190), ('rule check failed: ORI1', 1005), ('rule check failed: ORI2', 970), ('rule check failed: IMPI', 855), ('final formula is not the conclusion', 617)]
[r3_1/ei_depth3_s20_req r3] targets (cumulative 96 attempts) SOLVED 0/300 = 0.000 [0.000,0.013]
  len 7: 0/6 = 0.000 [0.000,0.390]
  len 8: 0/294 = 0.000 [0.000,0.013]
  written hist {}
  pruned hist {}
  frontier written 0 pruned 0
  reasons []
[r3_1/ei_depth3_s20_req r3] transfer (this round, pass@32) SOLVED 0/100 = 0.000 [0.000,0.037]
  len 7: 0/6 = 0.000 [0.000,0.390]
  len 8: 0/94 = 0.000 [0.000,0.039]
  written hist {}
  pruned hist {}
  frontier written 0 pruned 0
  reasons [('rule check failed: ANDI', 564), ('bad box cite', 490), ('rule check failed: ORI1', 443), ('rule check failed: ORI2', 401), ('rule check failed: IMPI', 182), ('rule check failed: DN', 151)]
[r3_1/ei_depth3_s20_req r3] transfer (cumulative 96 attempts) SOLVED 0/100 = 0.000 [0.000,0.037]
  len 7: 0/6 = 0.000 [0.000,0.390]
  len 8: 0/94 = 0.000 [0.000,0.039]
  written hist {}
  pruned hist {}
  frontier written 0 pruned 0
  reasons []
[r3_1/ei_depth3_s20_req r3] transfer greedy SOLVED 0/100 = 0.000 [0.000,0.037]
  len 7: 0/6 = 0.000 [0.000,0.390]
  len 8: 0/94 = 0.000 [0.000,0.039]
  written hist {}
  pruned hist {}
  frontier written 0 pruned 0
  reasons [('rule check failed: ANDI', 18), ('bad box cite', 17), ('rule check failed: ORI2', 14), ('rule check failed: ORI1', 14), ('rule check failed: IMPI', 6), ('rule check failed: ANDE1', 5)]
[r3_1/ei_depth3_s20_req r3] heldout greedy SOLVED 4354/5000 = 0.871 [0.861,0.880]
  len 2: 997/1000 = 0.997 [0.991,0.999]
  len 3: 997/1000 = 0.997 [0.991,0.999]
  len 4: 956/1000 = 0.956 [0.941,0.967]
  len 5: 931/1000 = 0.931 [0.914,0.945]
  len 6: 473/1000 = 0.473 [0.442,0.504]
  written hist {2: 1021, 3: 989, 4: 934, 5: 982, 6: 428}
  pruned hist {2: 1022, 3: 989, 4: 938, 5: 978, 6: 427}
  frontier written 6 pruned 6
  reasons [('rule check failed: DN', 95), ('bad box cite', 86), ('rule check failed: ANDI', 81), ('rule check failed: NEGE', 62), ('rule check failed: ORI1', 60), ('final formula is not the conclusion', 47)]
no accepted proofs: skipping training this round
=== round 3 done in 277s; new proofs 0; cum targets solved 0
[r3_1/ei_depth3_s20_req r4] targets (this round, pass@32) SOLVED 0/300 = 0.000 [0.000,0.013]
  len 7: 0/6 = 0.000 [0.000,0.390]
  len 8: 0/294 = 0.000 [0.000,0.013]
  written hist {}
  pruned hist {}
  frontier written 0 pruned 0
  reasons [('bad box cite', 1257), ('rule check failed: ANDI', 1197), ('rule check failed: ORI1', 985), ('rule check failed: ORI2', 943), ('rule check failed: IMPI', 849), ('final formula is not the conclusion', 624)]
[r3_1/ei_depth3_s20_req r4] targets (cumulative 128 attempts) SOLVED 0/300 = 0.000 [0.000,0.013]
  len 7: 0/6 = 0.000 [0.000,0.390]
  len 8: 0/294 = 0.000 [0.000,0.013]
  written hist {}
  pruned hist {}
  frontier written 0 pruned 0
  reasons []
[r3_1/ei_depth3_s20_req r4] transfer (this round, pass@32) SOLVED 0/100 = 0.000 [0.000,0.037]
  len 7: 0/6 = 0.000 [0.000,0.390]
  len 8: 0/94 = 0.000 [0.000,0.039]
  written hist {}
  pruned hist {}
  frontier written 0 pruned 0
  reasons [('rule check failed: ANDI', 554), ('bad box cite', 490), ('rule check failed: ORI1', 449), ('rule check failed: ORI2', 410), ('rule check failed: IMPI', 184), ('rule check failed: ANDE1', 151)]
[r3_1/ei_depth3_s20_req r4] transfer (cumulative 128 attempts) SOLVED 0/100 = 0.000 [0.000,0.037]
  len 7: 0/6 = 0.000 [0.000,0.390]
  len 8: 0/94 = 0.000 [0.000,0.039]
  written hist {}
  pruned hist {}
  frontier written 0 pruned 0
  reasons []
[r3_1/ei_depth3_s20_req r4] transfer greedy SOLVED 0/100 = 0.000 [0.000,0.037]
  len 7: 0/6 = 0.000 [0.000,0.390]
  len 8: 0/94 = 0.000 [0.000,0.039]
  written hist {}
  pruned hist {}
  frontier written 0 pruned 0
  reasons [('rule check failed: ANDI', 18), ('bad box cite', 17), ('rule check failed: ORI2', 14), ('rule check failed: ORI1', 14), ('rule check failed: IMPI', 6), ('rule check failed: ANDE1', 5)]
[r3_1/ei_depth3_s20_req r4] heldout greedy SOLVED 4354/5000 = 0.871 [0.861,0.880]
  len 2: 997/1000 = 0.997 [0.991,0.999]
  len 3: 997/1000 = 0.997 [0.991,0.999]
  len 4: 956/1000 = 0.956 [0.941,0.967]
  len 5: 931/1000 = 0.931 [0.914,0.945]
  len 6: 473/1000 = 0.473 [0.442,0.504]
  written hist {2: 1021, 3: 989, 4: 934, 5: 982, 6: 428}
  pruned hist {2: 1022, 3: 989, 4: 938, 5: 978, 6: 427}
  frontier written 6 pruned 6
  reasons [('rule check failed: DN', 95), ('bad box cite', 86), ('rule check failed: ANDI', 81), ('rule check failed: NEGE', 62), ('rule check failed: ORI1', 60), ('final formula is not the conclusion', 47)]
no accepted proofs: skipping training this round
=== round 4 done in 217s; new proofs 0; cum targets solved 0
[r3_1/ei_depth3_s20_req r5] targets (this round, pass@32) SOLVED 0/300 = 0.000 [0.000,0.013]
  len 7: 0/6 = 0.000 [0.000,0.390]
  len 8: 0/294 = 0.000 [0.000,0.013]
  written hist {}
  pruned hist {}
  frontier written 0 pruned 0
  reasons [('bad box cite', 1220), ('rule check failed: ANDI', 1194), ('rule check failed: ORI1', 1017), ('rule check failed: ORI2', 971), ('rule check failed: IMPI', 837), ('final formula is not the conclusion', 601)]
[r3_1/ei_depth3_s20_req r5] targets (cumulative 160 attempts) SOLVED 0/300 = 0.000 [0.000,0.013]
  len 7: 0/6 = 0.000 [0.000,0.390]
  len 8: 0/294 = 0.000 [0.000,0.013]
  written hist {}
  pruned hist {}
  frontier written 0 pruned 0
  reasons []
[r3_1/ei_depth3_s20_req r5] transfer (this round, pass@32) SOLVED 0/100 = 0.000 [0.000,0.037]
  len 7: 0/6 = 0.000 [0.000,0.390]
  len 8: 0/94 = 0.000 [0.000,0.039]
  written hist {}
  pruned hist {}
  frontier written 0 pruned 0
  reasons [('rule check failed: ANDI', 550), ('bad box cite', 525), ('rule check failed: ORI1', 439), ('rule check failed: ORI2', 394), ('rule check failed: IMPI', 211), ('rule check failed: ANDE1', 148)]
[r3_1/ei_depth3_s20_req r5] transfer (cumulative 160 attempts) SOLVED 0/100 = 0.000 [0.000,0.037]
  len 7: 0/6 = 0.000 [0.000,0.390]
  len 8: 0/94 = 0.000 [0.000,0.039]
  written hist {}
  pruned hist {}
  frontier written 0 pruned 0
  reasons []
[r3_1/ei_depth3_s20_req r5] transfer greedy SOLVED 0/100 = 0.000 [0.000,0.037]
  len 7: 0/6 = 0.000 [0.000,0.390]
  len 8: 0/94 = 0.000 [0.000,0.039]
  written hist {}
  pruned hist {}
  frontier written 0 pruned 0
  reasons [('rule check failed: ANDI', 18), ('bad box cite', 17), ('rule check failed: ORI2', 14), ('rule check failed: ORI1', 14), ('rule check failed: IMPI', 6), ('rule check failed: ANDE1', 5)]
[r3_1/ei_depth3_s20_req r5] heldout greedy SOLVED 4354/5000 = 0.871 [0.861,0.880]
  len 2: 997/1000 = 0.997 [0.991,0.999]
  len 3: 997/1000 = 0.997 [0.991,0.999]
  len 4: 956/1000 = 0.956 [0.941,0.967]
  len 5: 931/1000 = 0.931 [0.914,0.945]
  len 6: 473/1000 = 0.473 [0.442,0.504]
  written hist {2: 1021, 3: 989, 4: 934, 5: 982, 6: 428}
  pruned hist {2: 1022, 3: 989, 4: 938, 5: 978, 6: 427}
  frontier written 6 pruned 6
  reasons [('rule check failed: DN', 95), ('bad box cite', 86), ('rule check failed: ANDI', 81), ('rule check failed: NEGE', 62), ('rule check failed: ORI1', 60), ('final formula is not the conclusion', 47)]
no accepted proofs: skipping training this round
=== round 5 done in 207s; new proofs 0; cum targets solved 0
[r3_1/ei_depth3_s20_req r6] targets (this round, pass@32) SOLVED 0/300 = 0.000 [0.000,0.013]
  len 7: 0/6 = 0.000 [0.000,0.390]
  len 8: 0/294 = 0.000 [0.000,0.013]
  written hist {}
  pruned hist {}
  frontier written 0 pruned 0
  reasons [('bad box cite', 1266), ('rule check failed: ANDI', 1174), ('rule check failed: ORI1', 1000), ('rule check failed: ORI2', 984), ('rule check failed: IMPI', 820), ('final formula is not the conclusion', 610)]
[r3_1/ei_depth3_s20_req r6] targets (cumulative 192 attempts) SOLVED 0/300 = 0.000 [0.000,0.013]
  len 7: 0/6 = 0.000 [0.000,0.390]
  len 8: 0/294 = 0.000 [0.000,0.013]
  written hist {}
  pruned hist {}
  frontier written 0 pruned 0
  reasons []
[r3_1/ei_depth3_s20_req r6] transfer (this round, pass@32) SOLVED 0/100 = 0.000 [0.000,0.037]
  len 7: 0/6 = 0.000 [0.000,0.390]
  len 8: 0/94 = 0.000 [0.000,0.039]
  written hist {}
  pruned hist {}
  frontier written 0 pruned 0
  reasons [('rule check failed: ANDI', 521), ('bad box cite', 498), ('rule check failed: ORI1', 447), ('rule check failed: ORI2', 398), ('rule check failed: IMPI', 183), ('final formula is not the conclusion', 147)]
[r3_1/ei_depth3_s20_req r6] transfer (cumulative 192 attempts) SOLVED 0/100 = 0.000 [0.000,0.037]
  len 7: 0/6 = 0.000 [0.000,0.390]
  len 8: 0/94 = 0.000 [0.000,0.039]
  written hist {}
  pruned hist {}
  frontier written 0 pruned 0
  reasons []
[r3_1/ei_depth3_s20_req r6] transfer greedy SOLVED 0/100 = 0.000 [0.000,0.037]
  len 7: 0/6 = 0.000 [0.000,0.390]
  len 8: 0/94 = 0.000 [0.000,0.039]
  written hist {}
  pruned hist {}
  frontier written 0 pruned 0
  reasons [('rule check failed: ANDI', 18), ('bad box cite', 17), ('rule check failed: ORI2', 14), ('rule check failed: ORI1', 14), ('rule check failed: IMPI', 6), ('rule check failed: ANDE1', 5)]
[r3_1/ei_depth3_s20_req r6] heldout greedy SOLVED 4354/5000 = 0.871 [0.861,0.880]
  len 2: 997/1000 = 0.997 [0.991,0.999]
  len 3: 997/1000 = 0.997 [0.991,0.999]
  len 4: 956/1000 = 0.956 [0.941,0.967]
  len 5: 931/1000 = 0.931 [0.914,0.945]
  len 6: 473/1000 = 0.473 [0.442,0.504]
  written hist {2: 1021, 3: 989, 4: 934, 5: 982, 6: 428}
  pruned hist {2: 1022, 3: 989, 4: 938, 5: 978, 6: 427}
  frontier written 6 pruned 6
  reasons [('rule check failed: DN', 95), ('bad box cite', 86), ('rule check failed: ANDI', 81), ('rule check failed: NEGE', 62), ('rule check failed: ORI1', 60), ('final formula is not the conclusion', 47)]
no accepted proofs: skipping training this round
=== round 6 done in 206s; new proofs 0; cum targets solved 0
[r3_1/ei_depth3_s20_req r7] targets (this round, pass@32) SOLVED 0/300 = 0.000 [0.000,0.013]
  len 7: 0/6 = 0.000 [0.000,0.390]
  len 8: 0/294 = 0.000 [0.000,0.013]
  written hist {}
  pruned hist {}
  frontier written 0 pruned 0
  reasons [('bad box cite', 1236), ('rule check failed: ANDI', 1156), ('rule check failed: ORI1', 973), ('rule check failed: ORI2', 960), ('rule check failed: IMPI', 831), ('final formula is not the conclusion', 632)]
[r3_1/ei_depth3_s20_req r7] targets (cumulative 224 attempts) SOLVED 0/300 = 0.000 [0.000,0.013]
  len 7: 0/6 = 0.000 [0.000,0.390]
  len 8: 0/294 = 0.000 [0.000,0.013]
  written hist {}
  pruned hist {}
  frontier written 0 pruned 0
  reasons []
[r3_1/ei_depth3_s20_req r7] transfer (this round, pass@32) SOLVED 0/100 = 0.000 [0.000,0.037]
  len 7: 0/6 = 0.000 [0.000,0.390]
  len 8: 0/94 = 0.000 [0.000,0.039]
  written hist {}
  pruned hist {}
  frontier written 0 pruned 0
  reasons [('rule check failed: ANDI', 561), ('bad box cite', 519), ('rule check failed: ORI1', 425), ('rule check failed: ORI2', 405), ('rule check failed: IMPI', 205), ('rule check failed: ANDE1', 148)]
[r3_1/ei_depth3_s20_req r7] transfer (cumulative 224 attempts) SOLVED 0/100 = 0.000 [0.000,0.037]
  len 7: 0/6 = 0.000 [0.000,0.390]
  len 8: 0/94 = 0.000 [0.000,0.039]
  written hist {}
  pruned hist {}
  frontier written 0 pruned 0
  reasons []
[r3_1/ei_depth3_s20_req r7] transfer greedy SOLVED 0/100 = 0.000 [0.000,0.037]
  len 7: 0/6 = 0.000 [0.000,0.390]
  len 8: 0/94 = 0.000 [0.000,0.039]
  written hist {}
  pruned hist {}
  frontier written 0 pruned 0
  reasons [('rule check failed: ANDI', 18), ('bad box cite', 17), ('rule check failed: ORI2', 14), ('rule check failed: ORI1', 14), ('rule check failed: IMPI', 6), ('rule check failed: ANDE1', 5)]
[r3_1/ei_depth3_s20_req r7] heldout greedy SOLVED 4354/5000 = 0.871 [0.861,0.880]
  len 2: 997/1000 = 0.997 [0.991,0.999]
  len 3: 997/1000 = 0.997 [0.991,0.999]
  len 4: 956/1000 = 0.956 [0.941,0.967]
  len 5: 931/1000 = 0.931 [0.914,0.945]
  len 6: 473/1000 = 0.473 [0.442,0.504]
  written hist {2: 1021, 3: 989, 4: 934, 5: 982, 6: 428}
  pruned hist {2: 1022, 3: 989, 4: 938, 5: 978, 6: 427}
  frontier written 6 pruned 6
  reasons [('rule check failed: DN', 95), ('bad box cite', 86), ('rule check failed: ANDI', 81), ('rule check failed: NEGE', 62), ('rule check failed: ORI1', 60), ('final formula is not the conclusion', 47)]
no accepted proofs: skipping training this round
=== round 7 done in 208s; new proofs 0; cum targets solved 0
[r3_1/ei_depth3_s20_req r8] targets (this round, pass@32) SOLVED 0/300 = 0.000 [0.000,0.013]
  len 7: 0/6 = 0.000 [0.000,0.390]
  len 8: 0/294 = 0.000 [0.000,0.013]
  written hist {}
  pruned hist {}
  frontier written 0 pruned 0
  reasons [('bad box cite', 1227), ('rule check failed: ANDI', 1198), ('rule check failed: ORI2', 1010), ('rule check failed: ORI1', 994), ('rule check failed: IMPI', 839), ('final formula is not the conclusion', 623)]
[r3_1/ei_depth3_s20_req r8] targets (cumulative 256 attempts) SOLVED 0/300 = 0.000 [0.000,0.013]
  len 7: 0/6 = 0.000 [0.000,0.390]
  len 8: 0/294 = 0.000 [0.000,0.013]
  written hist {}
  pruned hist {}
  frontier written 0 pruned 0
  reasons []
[r3_1/ei_depth3_s20_req r8] transfer (this round, pass@32) SOLVED 0/100 = 0.000 [0.000,0.037]
  len 7: 0/6 = 0.000 [0.000,0.390]
  len 8: 0/94 = 0.000 [0.000,0.039]
  written hist {}
  pruned hist {}
  frontier written 0 pruned 0
  reasons [('rule check failed: ANDI', 577), ('bad box cite', 499), ('rule check failed: ORI1', 419), ('rule check failed: ORI2', 407), ('rule check failed: IMPI', 200), ('rule check failed: ANDE1', 151)]
[r3_1/ei_depth3_s20_req r8] transfer (cumulative 256 attempts) SOLVED 0/100 = 0.000 [0.000,0.037]
  len 7: 0/6 = 0.000 [0.000,0.390]
  len 8: 0/94 = 0.000 [0.000,0.039]
  written hist {}
  pruned hist {}
  frontier written 0 pruned 0
  reasons []
[r3_1/ei_depth3_s20_req r8] transfer greedy SOLVED 0/100 = 0.000 [0.000,0.037]
  len 7: 0/6 = 0.000 [0.000,0.390]
  len 8: 0/94 = 0.000 [0.000,0.039]
  written hist {}
  pruned hist {}
  frontier written 0 pruned 0
  reasons [('rule check failed: ANDI', 18), ('bad box cite', 17), ('rule check failed: ORI2', 14), ('rule check failed: ORI1', 14), ('rule check failed: IMPI', 6), ('rule check failed: ANDE1', 5)]
[r3_1/ei_depth3_s20_req r8] heldout greedy SOLVED 4354/5000 = 0.871 [0.861,0.880]
  len 2: 997/1000 = 0.997 [0.991,0.999]
  len 3: 997/1000 = 0.997 [0.991,0.999]
  len 4: 956/1000 = 0.956 [0.941,0.967]
  len 5: 931/1000 = 0.931 [0.914,0.945]
  len 6: 473/1000 = 0.473 [0.442,0.504]
  written hist {2: 1021, 3: 989, 4: 934, 5: 982, 6: 428}
  pruned hist {2: 1022, 3: 989, 4: 938, 5: 978, 6: 427}
  frontier written 6 pruned 6
  reasons [('rule check failed: DN', 95), ('bad box cite', 86), ('rule check failed: ANDI', 81), ('rule check failed: NEGE', 62), ('rule check failed: ORI1', 60), ('final formula is not the conclusion', 47)]
no accepted proofs: skipping training this round
=== round 8 done in 181s; new proofs 0; cum targets solved 0
