[r3_1/ei_depth3_s24_req r1] targets (this round, pass@32) SOLVED 0/300 = 0.000 [0.000,0.013]
  len 7: 0/6 = 0.000 [0.000,0.390]
  len 8: 0/294 = 0.000 [0.000,0.013]
  written hist {}
  pruned hist {}
  frontier written 0 pruned 0
  reasons [('bad box cite', 1186), ('rule check failed: ANDI', 1012), ('rule check failed: IMPI', 886), ('rule check failed: ORI2', 781), ('rule check failed: IMPE', 772), ('final formula is not the conclusion', 745)]
[r3_1/ei_depth3_s24_req r1] targets (cumulative 32 attempts) SOLVED 0/300 = 0.000 [0.000,0.013]
  len 7: 0/6 = 0.000 [0.000,0.390]
  len 8: 0/294 = 0.000 [0.000,0.013]
  written hist {}
  pruned hist {}
  frontier written 0 pruned 0
  reasons []
[r3_1/ei_depth3_s24_req r1] transfer (this round, pass@32) SOLVED 0/100 = 0.000 [0.000,0.037]
  len 7: 0/6 = 0.000 [0.000,0.390]
  len 8: 0/94 = 0.000 [0.000,0.039]
  written hist {}
  pruned hist {}
  frontier written 0 pruned 0
  reasons [('rule check failed: ANDI', 413), ('rule check failed: IMPI', 408), ('bad box cite', 406), ('final formula is not the conclusion', 316), ('rule check failed: ORI2', 260), ('rule check failed: IMPE', 243)]
[r3_1/ei_depth3_s24_req r1] transfer (cumulative 32 attempts) SOLVED 0/100 = 0.000 [0.000,0.037]
  len 7: 0/6 = 0.000 [0.000,0.390]
  len 8: 0/94 = 0.000 [0.000,0.039]
  written hist {}
  pruned hist {}
  frontier written 0 pruned 0
  reasons []
[r3_1/ei_depth3_s24_req r1] transfer greedy SOLVED 0/100 = 0.000 [0.000,0.037]
  len 7: 0/6 = 0.000 [0.000,0.390]
  len 8: 0/94 = 0.000 [0.000,0.039]
  written hist {}
  pruned hist {}
  frontier written 0 pruned 0
  reasons [('bad box cite', 15), ('final formula is not the conclusion', 13), ('rule check failed: ANDI', 12), ('rule check failed: IMPI', 11), ('rule check failed: ORI2', 9), ('rule check failed: IMPE', 8)]
[r3_1/ei_depth3_s24_req r1] heldout greedy SOLVED 4383/5000 = 0.877 [0.867,0.885]
  len 2: 994/1000 = 0.994 [0.987,0.997]
  len 3: 987/1000 = 0.987 [0.978,0.992]
  len 4: 960/1000 = 0.960 [0.946,0.970]
  len 5: 936/1000 = 0.936 [0.919,0.950]
  len 6: 506/1000 = 0.506 [0.475,0.537]
  written hist {2: 1014, 3: 977, 4: 941, 5: 973, 6: 477, 7: 1}
  pruned hist {2: 1014, 3: 978, 4: 946, 5: 970, 6: 474, 7: 1}
  frontier written 6 pruned 6
  reasons [('rule check failed: DN', 126), ('bad box cite', 112), ('rule check failed: ANDI', 56), ('rule check failed: IMPE', 47), ('rule check failed: IMPI', 43), ('rule check failed: ANDE2', 41)]
no accepted proofs: skipping training this round
=== round 1 done in 75s; new proofs 0; cum targets solved 0
[r3_1/ei_depth3_s24_req r2] targets (this round, pass@32) SOLVED 1/300 = 0.003 [0.001,0.019]
  len 7: 1/6 = 0.167 [0.030,0.564]
  len 8: 0/294 = 0.000 [0.000,0.013]
  written hist {7: 1}
  pruned hist {7: 1}
  frontier written 0 pruned 0
  reasons [('bad box cite', 1139), ('rule check failed: ANDI', 1042), ('rule check failed: IMPI', 902), ('rule check failed: ORI2', 810), ('rule check failed: IMPE', 761), ('final formula is not the conclusion', 754)]
[r3_1/ei_depth3_s24_req r2] targets (cumulative 64 attempts) SOLVED 1/300 = 0.003 [0.001,0.019]
  len 7: 1/6 = 0.167 [0.030,0.564]
  len 8: 0/294 = 0.000 [0.000,0.013]
  written hist {7: 1}
  pruned hist {7: 1}
  frontier written 0 pruned 0
  reasons []
[r3_1/ei_depth3_s24_req r2] transfer (this round, pass@32) SOLVED 0/100 = 0.000 [0.000,0.037]
  len 7: 0/6 = 0.000 [0.000,0.390]
  len 8: 0/94 = 0.000 [0.000,0.039]
  written hist {}
  pruned hist {}
  frontier written 0 pruned 0
  reasons [('bad box cite', 416), ('rule check failed: IMPI', 404), ('rule check failed: ANDI', 396), ('final formula is not the conclusion', 321), ('rule check failed: IMPE', 250), ('rule check failed: ORI2', 249)]
[r3_1/ei_depth3_s24_req r2] transfer (cumulative 64 attempts) SOLVED 0/100 = 0.000 [0.000,0.037]
  len 7: 0/6 = 0.000 [0.000,0.390]
  len 8: 0/94 = 0.000 [0.000,0.039]
  written hist {}
  pruned hist {}
  frontier written 0 pruned 0
  reasons []
[r3_1/ei_depth3_s24_req r2] transfer greedy SOLVED 0/100 = 0.000 [0.000,0.037]
  len 7: 0/6 = 0.000 [0.000,0.390]
  len 8: 0/94 = 0.000 [0.000,0.039]
  written hist {}
  pruned hist {}
  frontier written 0 pruned 0
  reasons [('bad box cite', 15), ('final formula is not the conclusion', 13), ('rule check failed: ANDI', 12), ('rule check failed: IMPI', 11), ('rule check failed: ORI2', 9), ('rule check failed: IMPE', 8)]
[r3_1/ei_depth3_s24_req r2] heldout greedy SOLVED 4383/5000 = 0.877 [0.867,0.885]
  len 2: 994/1000 = 0.994 [0.987,0.997]
  len 3: 987/1000 = 0.987 [0.978,0.992]
  len 4: 960/1000 = 0.960 [0.946,0.970]
  len 5: 936/1000 = 0.936 [0.919,0.950]
  len 6: 506/1000 = 0.506 [0.475,0.537]
  written hist {2: 1014, 3: 977, 4: 941, 5: 973, 6: 477, 7: 1}
  pruned hist {2: 1014, 3: 978, 4: 946, 5: 970, 6: 474, 7: 1}
  frontier written 6 pruned 6
  reasons [('rule check failed: DN', 126), ('bad box cite', 112), ('rule check failed: ANDI', 56), ('rule check failed: IMPE', 47), ('rule check failed: IMPI', 43), ('rule check failed: ANDE2', 41)]
python3 train.py --data artifacts/r3_1/ei_depth3_s24_req/mix_2.jsonl --init ckpts/r3_1/stage1_depth3_f0_a1_s24.pt --steps 600 --lr 0.0003 --min_lr 2.9999999999999997e-05 --warmup 50 --cap 0 --out ckpts/r3_1/ei_depth3_s24_req_r2.pt --seed 24002 --log_every 200
params 3210240 mode abs shift True
train records 20004 max len 422
step 200 loss 0.0623 lr 2.53e-04 37s
step 400 loss 0.0548 lr 1.09e-04 72s
step 600 loss 0.0569 lr 3.00e-05 103s
saved ckpts/r3_1/ei_depth3_s24_req_r2.pt
=== round 2 done in 227s; new proofs 1; cum targets solved 1
[r3_1/ei_depth3_s24_req r3] targets (this round, pass@32) SOLVED 1/300 = 0.003 [0.001,0.019]
  len 7: 1/6 = 0.167 [0.030,0.564]
  len 8: 0/294 = 0.000 [0.000,0.013]
  written hist {7: 23}
  pruned hist {7: 23}
  frontier written 7 pruned 7
  reasons [('bad box cite', 1100), ('rule check failed: ANDI', 1043), ('rule check failed: IMPI', 1041), ('rule check failed: ORI2', 983), ('rule check failed: ANDE1', 655), ('rule check failed: R', 626)]
[r3_1/ei_depth3_s24_req r3] targets (cumulative 96 attempts) SOLVED 1/300 = 0.003 [0.001,0.019]
  len 7: 1/6 = 0.167 [0.030,0.564]
  len 8: 0/294 = 0.000 [0.000,0.013]
  written hist {7: 24}
  pruned hist {7: 24}
  frontier written 7 pruned 7
  reasons []
[r3_1/ei_depth3_s24_req r3] transfer (this round, pass@32) SOLVED 2/100 = 0.020 [0.006,0.070]
  len 7: 1/6 = 0.167 [0.030,0.564]
  len 8: 1/94 = 0.011 [0.002,0.058]
  written hist {7: 3, 8: 2}
  pruned hist {7: 3, 8: 2}
  frontier written 0 pruned 0
  reasons [('bad box cite', 520), ('rule check failed: ANDI', 449), ('rule check failed: IMPI', 390), ('rule check failed: ORI2', 264), ('rule check failed: DN', 191), ('rule check failed: ANDE1', 191)]
[r3_1/ei_depth3_s24_req r3] transfer (cumulative 96 attempts) SOLVED 2/100 = 0.020 [0.006,0.070]
  len 7: 1/6 = 0.167 [0.030,0.564]
  len 8: 1/94 = 0.011 [0.002,0.058]
  written hist {7: 3, 8: 2}
  pruned hist {7: 3, 8: 2}
  frontier written 0 pruned 0
  reasons []
[r3_1/ei_depth3_s24_req r3] transfer greedy SOLVED 1/100 = 0.010 [0.002,0.054]
  len 7: 0/6 = 0.000 [0.000,0.390]
  len 8: 1/94 = 0.011 [0.002,0.058]
  written hist {8: 1}
  pruned hist {8: 1}
  frontier written 0 pruned 0
  reasons [('bad box cite', 18), ('rule check failed: ANDI', 15), ('rule check failed: IMPI', 13), ('rule check failed: BOTE', 7), ('rule check failed: ORI2', 6), ('rule check failed: ANDE1', 6)]
[r3_1/ei_depth3_s24_req r3] heldout greedy SOLVED 4416/5000 = 0.883 [0.874,0.892]
  len 2: 996/1000 = 0.996 [0.990,0.998]
  len 3: 989/1000 = 0.989 [0.980,0.994]
  len 4: 962/1000 = 0.962 [0.948,0.972]
  len 5: 937/1000 = 0.937 [0.920,0.950]
  len 6: 532/1000 = 0.532 [0.501,0.563]
  written hist {2: 1015, 3: 981, 4: 943, 5: 986, 6: 491}
  pruned hist {2: 1016, 3: 981, 4: 949, 5: 981, 6: 489}
  frontier written 6 pruned 6
  reasons [('bad box cite', 111), ('rule check failed: DN', 86), ('rule check failed: ANDI', 60), ('rule check failed: IMPI', 58), ('rule check failed: NEGE', 45), ('rule check failed: ORI2', 41)]
python3 train.py --data artifacts/r3_1/ei_depth3_s24_req/mix_3.jsonl --init ckpts/r3_1/ei_depth3_s24_req_r2.pt --steps 600 --lr 0.0003 --min_lr 2.9999999999999997e-05 --warmup 50 --cap 0 --out ckpts/r3_1/ei_depth3_s24_req_r3.pt --seed 24003 --log_every 200
params 3210240 mode abs shift True
train records 20016 max len 444
step 200 loss 0.0607 lr 2.53e-04 37s
step 400 loss 0.0594 lr 1.09e-04 73s
step 600 loss 0.0555 lr 3.00e-05 107s
saved ckpts/r3_1/ei_depth3_s24_req_r3.pt
=== round 3 done in 228s; new proofs 23; cum targets solved 1
[r3_1/ei_depth3_s24_req r4] targets (this round, pass@32) SOLVED 2/300 = 0.007 [0.002,0.024]
  len 7: 2/6 = 0.333 [0.097,0.700]
  len 8: 0/294 = 0.000 [0.000,0.013]
  written hist {7: 27}
  pruned hist {7: 27}
  frontier written 7 pruned 7
  reasons [('bad box cite', 1588), ('rule check failed: IMPI', 1172), ('rule check failed: ANDI', 799), ('rule check failed: ORI2', 759), ('rule check failed: IMPE', 678), ('rule check failed: DN', 624)]
[r3_1/ei_depth3_s24_req r4] targets (cumulative 128 attempts) SOLVED 2/300 = 0.007 [0.002,0.024]
  len 7: 2/6 = 0.333 [0.097,0.700]
  len 8: 0/294 = 0.000 [0.000,0.013]
  written hist {7: 41}
  pruned hist {7: 41}
  frontier written 7 pruned 7
  reasons []
[r3_1/ei_depth3_s24_req r4] transfer (this round, pass@32) SOLVED 1/100 = 0.010 [0.002,0.054]
  len 7: 1/6 = 0.167 [0.030,0.564]
  len 8: 0/94 = 0.000 [0.000,0.039]
  written hist {7: 6}
  pruned hist {7: 6}
  frontier written 7 pruned 7
  reasons [('bad box cite', 625), ('rule check failed: IMPI', 550), ('rule check failed: ANDI', 389), ('rule check failed: ORI2', 271), ('rule check failed: DN', 261), ('rule check failed: IMPE', 159)]
[r3_1/ei_depth3_s24_req r4] transfer (cumulative 128 attempts) SOLVED 2/100 = 0.020 [0.006,0.070]
  len 7: 1/6 = 0.167 [0.030,0.564]
  len 8: 1/94 = 0.011 [0.002,0.058]
  written hist {7: 9, 8: 2}
  pruned hist {7: 9, 8: 2}
  frontier written 7 pruned 7
  reasons []
[r3_1/ei_depth3_s24_req r4] transfer greedy SOLVED 1/100 = 0.010 [0.002,0.054]
  len 7: 1/6 = 0.167 [0.030,0.564]
  len 8: 0/94 = 0.000 [0.000,0.039]
  written hist {7: 1}
  pruned hist {7: 1}
  frontier written 0 pruned 0
  reasons [('bad box cite', 21), ('rule check failed: IMPI', 17), ('rule check failed: DN', 10), ('rule check failed: ANDI', 10), ('rule check failed: ORI2', 9), ('rule check failed: IMPE', 5)]
[r3_1/ei_depth3_s24_req r4] heldout greedy SOLVED 4449/5000 = 0.890 [0.881,0.898]
  len 2: 997/1000 = 0.997 [0.991,0.999]
  len 3: 991/1000 = 0.991 [0.983,0.995]
  len 4: 965/1000 = 0.965 [0.952,0.975]
  len 5: 948/1000 = 0.948 [0.932,0.960]
  len 6: 548/1000 = 0.548 [0.517,0.579]
  written hist {2: 1022, 3: 983, 4: 957, 5: 977, 6: 508, 7: 2}
  pruned hist {2: 1022, 3: 983, 4: 959, 5: 977, 6: 506, 7: 2}
  frontier written 6 pruned 6
  reasons [('bad box cite', 96), ('rule check failed: DN', 86), ('rule check failed: IMPI', 66), ('rule check failed: ANDI', 50), ('rule check failed: ANDE2', 47), ('rule check failed: ORI2', 31)]
python3 train.py --data artifacts/r3_1/ei_depth3_s24_req/mix_4.jsonl --init ckpts/r3_1/ei_depth3_s24_req_r3.pt --steps 600 --lr 0.0003 --min_lr 2.9999999999999997e-05 --warmup 50 --cap 0 --out ckpts/r3_1/ei_depth3_s24_req_r4.pt --seed 24004 --log_every 200
params 3210240 mode abs shift True
train records 20020 max len 444
step 200 loss 0.0603 lr 2.53e-04 34s
step 400 loss 0.0577 lr 1.09e-04 70s
step 600 loss 0.0579 lr 3.00e-05 101s
saved ckpts/r3_1/ei_depth3_s24_req_r4.pt
=== round 4 done in 227s; new proofs 17; cum targets solved 2
[r3_1/ei_depth3_s24_req r5] targets (this round, pass@32) SOLVED 4/300 = 0.013 [0.005,0.034]
  len 7: 4/6 = 0.667 [0.300,0.903]
  len 8: 0/294 = 0.000 [0.000,0.013]
  written hist {7: 53}
  pruned hist {7: 53}
  frontier written 7 pruned 7
  reasons [('rule check failed: IMPI', 1380), ('rule check failed: ANDI', 1141), ('bad box cite', 1119), ('final formula is not the conclusion', 819), ('rule check failed: ORI2', 753), ('rule check failed: IMPE', 723)]
[r3_1/ei_depth3_s24_req r5] targets (cumulative 160 attempts) SOLVED 4/300 = 0.013 [0.005,0.034]
  len 7: 4/6 = 0.667 [0.300,0.903]
  len 8: 0/294 = 0.000 [0.000,0.013]
  written hist {7: 77}
  pruned hist {7: 77}
  frontier written 7 pruned 7
  reasons []
[r3_1/ei_depth3_s24_req r5] transfer (this round, pass@32) SOLVED 1/100 = 0.010 [0.002,0.054]
  len 7: 1/6 = 0.167 [0.030,0.564]
  len 8: 0/94 = 0.000 [0.000,0.039]
  written hist {7: 23}
  pruned hist {7: 23}
  frontier written 7 pruned 7
  reasons [('rule check failed: IMPI', 509), ('bad box cite', 466), ('rule check failed: ANDI', 413), ('rule check failed: ORI2', 250), ('final formula is not the conclusion', 211), ('parse: missing )', 208)]
[r3_1/ei_depth3_s24_req r5] transfer (cumulative 160 attempts) SOLVED 2/100 = 0.020 [0.006,0.070]
  len 7: 1/6 = 0.167 [0.030,0.564]
  len 8: 1/94 = 0.011 [0.002,0.058]
  written hist {7: 29, 8: 2}
  pruned hist {7: 29, 8: 2}
  frontier written 7 pruned 7
  reasons []
[r3_1/ei_depth3_s24_req r5] transfer greedy SOLVED 1/100 = 0.010 [0.002,0.054]
  len 7: 1/6 = 0.167 [0.030,0.564]
  len 8: 0/94 = 0.000 [0.000,0.039]
  written hist {7: 1}
  pruned hist {7: 1}
  frontier written 0 pruned 0
  reasons [('bad box cite', 14), ('rule check failed: IMPI', 14), ('rule check failed: ANDI', 11), ('parse: missing )', 9), ('rule check failed: ORI2', 8), ('rule check failed: IMPE', 7)]
[r3_1/ei_depth3_s24_req r5] heldout greedy SOLVED 4379/5000 = 0.876 [0.866,0.885]
  len 2: 996/1000 = 0.996 [0.990,0.998]
  len 3: 990/1000 = 0.990 [0.982,0.995]
  len 4: 957/1000 = 0.957 [0.943,0.968]
  len 5: 948/1000 = 0.948 [0.932,0.960]
  len 6: 488/1000 = 0.488 [0.457,0.519]
  written hist {2: 1019, 3: 983, 4: 940, 5: 986, 6: 451}
  pruned hist {2: 1019, 3: 983, 4: 945, 5: 983, 6: 449}
  frontier written 6 pruned 6
  reasons [('rule check failed: DN', 110), ('bad box cite', 103), ('rule check failed: ANDI', 65), ('rule check failed: IMPI', 57), ('rule check failed: ANDE2', 47), ('rule check failed: IMPE', 41)]
python3 train.py --data artifacts/r3_1/ei_depth3_s24_req/mix_5.jsonl --init ckpts/r3_1/ei_depth3_s24_req_r4.pt --steps 600 --lr 0.0003 --min_lr 2.9999999999999997e-05 --warmup 50 --cap 0 --out ckpts/r3_1/ei_depth3_s24_req_r5.pt --seed 24005 --log_every 200
params 3210240 mode abs shift True
train records 20048 max len 361
step 200 loss 0.0606 lr 2.53e-04 35s
step 400 loss 0.0622 lr 1.09e-04 72s
step 600 loss 0.0582 lr 3.00e-05 108s
saved ckpts/r3_1/ei_depth3_s24_req_r5.pt
=== round 5 done in 226s; new proofs 36; cum targets solved 4
[r3_1/ei_depth3_s24_req r6] targets (this round, pass@32) SOLVED 5/300 = 0.017 [0.007,0.038]
  len 7: 5/6 = 0.833 [0.436,0.970]
  len 8: 0/294 = 0.000 [0.000,0.013]
  written hist {7: 95}
  pruned hist {7: 95}
  frontier written 7 pruned 7
  reasons [('rule check failed: IMPI', 1199), ('rule check failed: ANDI', 1166), ('rule check failed: ORI2', 995), ('bad box cite', 986), ('final formula is not the conclusion', 685), ('rule check failed: DN', 623)]
[r3_1/ei_depth3_s24_req r6] targets (cumulative 192 attempts) SOLVED 5/300 = 0.017 [0.007,0.038]
  len 7: 5/6 = 0.833 [0.436,0.970]
  len 8: 0/294 = 0.000 [0.000,0.013]
  written hist {7: 139}
  pruned hist {7: 139}
  frontier written 7 pruned 7
  reasons []
[r3_1/ei_depth3_s24_req r6] transfer (this round, pass@32) SOLVED 1/100 = 0.010 [0.002,0.054]
  len 7: 1/6 = 0.167 [0.030,0.564]
  len 8: 0/94 = 0.000 [0.000,0.039]
  written hist {7: 23}
  pruned hist {7: 23}
  frontier written 7 pruned 7
  reasons [('rule check failed: IMPI', 494), ('rule check failed: ANDI', 485), ('bad box cite', 409), ('rule check failed: ORI2', 284), ('rule check failed: ORI1', 282), ('rule check failed: DN', 226)]
[r3_1/ei_depth3_s24_req r6] transfer (cumulative 192 attempts) SOLVED 2/100 = 0.020 [0.006,0.070]
  len 7: 1/6 = 0.167 [0.030,0.564]
  len 8: 1/94 = 0.011 [0.002,0.058]
  written hist {7: 41, 8: 2}
  pruned hist {7: 41, 8: 2}
  frontier written 7 pruned 7
  reasons []
[r3_1/ei_depth3_s24_req r6] transfer greedy SOLVED 1/100 = 0.010 [0.002,0.054]
  len 7: 1/6 = 0.167 [0.030,0.564]
  len 8: 0/94 = 0.000 [0.000,0.039]
  written hist {7: 1}
  pruned hist {7: 1}
  frontier written 0 pruned 0
  reasons [('rule check failed: ANDI', 16), ('rule check failed: IMPI', 16), ('bad box cite', 15), ('rule check failed: ORI1', 9), ('rule check failed: ORI2', 8), ('rule check failed: DN', 6)]
[r3_1/ei_depth3_s24_req r6] heldout greedy SOLVED 4413/5000 = 0.883 [0.873,0.891]
  len 2: 997/1000 = 0.997 [0.991,0.999]
  len 3: 993/1000 = 0.993 [0.986,0.997]
  len 4: 961/1000 = 0.961 [0.947,0.971]
  len 5: 933/1000 = 0.933 [0.916,0.947]
  len 6: 529/1000 = 0.529 [0.498,0.560]
  written hist {2: 1018, 3: 979, 4: 950, 5: 973, 6: 493}
  pruned hist {2: 1018, 3: 980, 4: 955, 5: 968, 6: 492}
  frontier written 6 pruned 6
  reasons [('bad box cite', 93), ('rule check failed: DN', 87), ('rule check failed: IMPI', 58), ('rule check failed: ANDI', 54), ('rule check failed: ANDE2', 52), ('rule check failed: NEGE', 41)]
python3 train.py --data artifacts/r3_1/ei_depth3_s24_req/mix_6.jsonl --init ckpts/r3_1/ei_depth3_s24_req_r5.pt --steps 600 --lr 0.0003 --min_lr 2.9999999999999997e-05 --warmup 50 --cap 0 --out ckpts/r3_1/ei_depth3_s24_req_r6.pt --seed 24006 --log_every 200
params 3210240 mode abs shift True
train records 20068 max len 349
step 200 loss 0.0579 lr 2.53e-04 33s
step 400 loss 0.0599 lr 1.09e-04 69s
step 600 loss 0.0598 lr 3.00e-05 103s
saved ckpts/r3_1/ei_depth3_s24_req_r6.pt
=== round 6 done in 206s; new proofs 62; cum targets solved 5
[r3_1/ei_depth3_s24_req r7] targets (this round, pass@32) SOLVED 5/300 = 0.017 [0.007,0.038]
  len 7: 5/6 = 0.833 [0.436,0.970]
  len 8: 0/294 = 0.000 [0.000,0.013]
  written hist {7: 117}
  pruned hist {7: 117}
  frontier written 7 pruned 7
  reasons [('bad box cite', 1590), ('rule check failed: ANDI', 1073), ('rule check failed: IMPE', 855), ('parse: missing )', 806), ('rule check failed: ORI2', 695), ('rule check failed: IMPI', 654)]
[r3_1/ei_depth3_s24_req r7] targets (cumulative 224 attempts) SOLVED 5/300 = 0.017 [0.007,0.038]
  len 7: 5/6 = 0.833 [0.436,0.970]
  len 8: 0/294 = 0.000 [0.000,0.013]
  written hist {7: 200}
  pruned hist {7: 200}
  frontier written 7 pruned 7
  reasons []
[r3_1/ei_depth3_s24_req r7] transfer (this round, pass@32) SOLVED 4/100 = 0.040 [0.016,0.098]
  len 7: 3/6 = 0.500 [0.188,0.812]
  len 8: 1/94 = 0.011 [0.002,0.058]
  written hist {7: 38, 8: 2}
  pruned hist {7: 38, 8: 2}
  frontier written 7 pruned 7
  reasons [('bad box cite', 740), ('rule check failed: ANDI', 352), ('rule check failed: ORI2', 256), ('parse: missing )', 239), ('final formula is not the conclusion', 237), ('rule check failed: IMPI', 214)]
[r3_1/ei_depth3_s24_req r7] transfer (cumulative 224 attempts) SOLVED 5/100 = 0.050 [0.022,0.112]
  len 7: 3/6 = 0.500 [0.188,0.812]
  len 8: 2/94 = 0.021 [0.006,0.074]
  written hist {7: 58, 8: 4}
  pruned hist {7: 58, 8: 4}
  frontier written 7 pruned 7
  reasons []
[r3_1/ei_depth3_s24_req r7] transfer greedy SOLVED 2/100 = 0.020 [0.006,0.070]
  len 7: 2/6 = 0.333 [0.097,0.700]
  len 8: 0/94 = 0.000 [0.000,0.039]
  written hist {7: 2}
  pruned hist {7: 2}
  frontier written 0 pruned 0
  reasons [('bad box cite', 22), ('rule check failed: ANDI', 10), ('rule check failed: ORI2', 9), ('final formula is not the conclusion', 9), ('parse: missing )', 8), ('rule check failed: IMPI', 7)]
[r3_1/ei_depth3_s24_req r7] heldout greedy SOLVED 4445/5000 = 0.889 [0.880,0.897]
  len 2: 997/1000 = 0.997 [0.991,0.999]
  len 3: 993/1000 = 0.993 [0.986,0.997]
  len 4: 965/1000 = 0.965 [0.952,0.975]
  len 5: 938/1000 = 0.938 [0.921,0.951]
  len 6: 552/1000 = 0.552 [0.521,0.583]
  written hist {2: 1017, 3: 981, 4: 954, 5: 992, 6: 501}
  pruned hist {2: 1017, 3: 983, 4: 956, 5: 991, 6: 498}
  frontier written 6 pruned 6
  reasons [('bad box cite', 94), ('rule check failed: DN', 75), ('rule check failed: IMPI', 60), ('rule check failed: ANDI', 50), ('rule check failed: ORI2', 41), ('rule check failed: ANDE2', 35)]
python3 train.py --data artifacts/r3_1/ei_depth3_s24_req/mix_7.jsonl --init ckpts/r3_1/ei_depth3_s24_req_r6.pt --steps 600 --lr 0.0003 --min_lr 2.9999999999999997e-05 --warmup 50 --cap 0 --out ckpts/r3_1/ei_depth3_s24_req_r7.pt --seed 24007 --log_every 200
params 3210240 mode abs shift True
train records 20080 max len 354
step 200 loss 0.0594 lr 2.53e-04 38s
step 400 loss 0.0563 lr 1.09e-04 76s
step 600 loss 0.0574 lr 3.00e-05 108s
saved ckpts/r3_1/ei_depth3_s24_req_r7.pt
=== round 7 done in 232s; new proofs 61; cum targets solved 5
[r3_1/ei_depth3_s24_req r8] targets (this round, pass@32) SOLVED 5/300 = 0.017 [0.007,0.038]
  len 7: 5/6 = 0.833 [0.436,0.970]
  len 8: 0/294 = 0.000 [0.000,0.013]
  written hist {7: 124}
  pruned hist {7: 124}
  frontier written 7 pruned 7
  reasons [('bad box cite', 1885), ('rule check failed: ANDI', 1106), ('rule check failed: IMPI', 931), ('rule check failed: IMPE', 885), ('rule check failed: ORI2', 814), ('final formula is not the conclusion', 639)]
[r3_1/ei_depth3_s24_req r8] targets (cumulative 256 attempts) SOLVED 5/300 = 0.017 [0.007,0.038]
  len 7: 5/6 = 0.833 [0.436,0.970]
  len 8: 0/294 = 0.000 [0.000,0.013]
  written hist {7: 243}
  pruned hist {7: 243}
  frontier written 7 pruned 7
  reasons []
[r3_1/ei_depth3_s24_req r8] transfer (this round, pass@32) SOLVED 1/100 = 0.010 [0.002,0.054]
  len 7: 1/6 = 0.167 [0.030,0.564]
  len 8: 0/94 = 0.000 [0.000,0.039]
  written hist {7: 22}
  pruned hist {7: 22}
  frontier written 7 pruned 7
  reasons [('bad box cite', 763), ('rule check failed: ANDI', 418), ('rule check failed: IMPI', 385), ('rule check failed: ORI2', 233), ('rule check failed: IMPE', 205), ('final formula is not the conclusion', 184)]
[r3_1/ei_depth3_s24_req r8] transfer (cumulative 256 attempts) SOLVED 5/100 = 0.050 [0.022,0.112]
  len 7: 3/6 = 0.500 [0.188,0.812]
  len 8: 2/94 = 0.021 [0.006,0.074]
  written hist {7: 63, 8: 4}
  pruned hist {7: 63, 8: 4}
  frontier written 7 pruned 7
  reasons []
[r3_1/ei_depth3_s24_req r8] transfer greedy SOLVED 1/100 = 0.010 [0.002,0.054]
  len 7: 1/6 = 0.167 [0.030,0.564]
  len 8: 0/94 = 0.000 [0.000,0.039]
  written hist {7: 1}
  pruned hist {7: 1}
  frontier written 0 pruned 0
  reasons [('bad box cite', 26), ('rule check failed: ANDI', 13), ('rule check failed: IMPI', 12), ('rule check failed: ORI2', 7), ('final formula is not the conclusion', 7), ('rule check failed: IMPE', 6)]
[r3_1/ei_depth3_s24_req r8] heldout greedy SOLVED 4488/5000 = 0.898 [0.889,0.906]
  len 2: 996/1000 = 0.996 [0.990,0.998]
  len 3: 993/1000 = 0.993 [0.986,0.997]
  len 4: 965/1000 = 0.965 [0.952,0.975]
  len 5: 947/1000 = 0.947 [0.931,0.959]
  len 6: 587/1000 = 0.587 [0.556,0.617]
  written hist {2: 1012, 3: 981, 4: 949, 5: 1004, 6: 542}
  pruned hist {2: 1012, 3: 983, 4: 954, 5: 999, 6: 540}
  frontier written 6 pruned 6
  reasons [('bad box cite', 109), ('rule check failed: DN', 78), ('rule check failed: ANDI', 52), ('rule check failed: IMPE', 41), ('rule check failed: ANDE2', 39), ('rule check failed: NEGE', 32)]
python3 train.py --data artifacts/r3_1/ei_depth3_s24_req/mix_8.jsonl --init ckpts/r3_1/ei_depth3_s24_req_r7.pt --steps 600 --lr 0.0003 --min_lr 2.9999999999999997e-05 --warmup 50 --cap 0 --out ckpts/r3_1/ei_depth3_s24_req_r8.pt --seed 24008 --log_every 200
params 3210240 mode abs shift True
train records 20080 max len 342
step 200 loss 0.0631 lr 2.53e-04 32s
step 400 loss 0.0569 lr 1.09e-04 68s
step 600 loss 0.0547 lr 3.00e-05 100s
saved ckpts/r3_1/ei_depth3_s24_req_r8.pt
=== round 8 done in 227s; new proofs 43; cum targets solved 5
