[r3_1/ei_depth3_s26_mix r1] targets (this round, pass@32) SOLVED 64/600 = 0.107 [0.084,0.134]
  len 7: 64/256 = 0.250 [0.201,0.306]
  len 8: 0/344 = 0.000 [0.000,0.011]
  written hist {7: 966}
  pruned hist {5: 12, 6: 811, 7: 143}
  frontier written 7 pruned 7
  reasons [('bad box cite', 2984), ('rule check failed: IMPE', 2023), ('rule check failed: ANDI', 1991), ('rule check failed: ORI2', 1735), ('rule check failed: DN', 1577), ('final formula is not the conclusion', 1452)]
[r3_1/ei_depth3_s26_mix r1] targets (cumulative 32 attempts) SOLVED 64/600 = 0.107 [0.084,0.134]
  len 7: 64/256 = 0.250 [0.201,0.306]
  len 8: 0/344 = 0.000 [0.000,0.011]
  written hist {7: 966}
  pruned hist {5: 12, 6: 811, 7: 143}
  frontier written 7 pruned 7
  reasons []
[r3_1/ei_depth3_s26_mix r1] transfer (this round, pass@32) SOLVED 0/100 = 0.000 [0.000,0.037]
  len 7: 0/6 = 0.000 [0.000,0.390]
  len 8: 0/94 = 0.000 [0.000,0.039]
  written hist {}
  pruned hist {}
  frontier written 0 pruned 0
  reasons [('bad box cite', 587), ('rule check failed: ANDI', 471), ('final formula is not the conclusion', 408), ('rule check failed: ORI2', 292), ('rule check failed: IMPE', 275), ('rule check failed: IMPI', 193)]
[r3_1/ei_depth3_s26_mix r1] transfer (cumulative 32 attempts) SOLVED 0/100 = 0.000 [0.000,0.037]
  len 7: 0/6 = 0.000 [0.000,0.390]
  len 8: 0/94 = 0.000 [0.000,0.039]
  written hist {}
  pruned hist {}
  frontier written 0 pruned 0
  reasons []
[r3_1/ei_depth3_s26_mix r1] transfer greedy SOLVED 0/100 = 0.000 [0.000,0.037]
  len 7: 0/6 = 0.000 [0.000,0.390]
  len 8: 0/94 = 0.000 [0.000,0.039]
  written hist {}
  pruned hist {}
  frontier written 0 pruned 0
  reasons [('bad box cite', 22), ('rule check failed: ANDI', 16), ('final formula is not the conclusion', 10), ('rule check failed: IMPE', 10), ('rule check failed: ORI2', 7), ('rule check failed: IMPI', 7)]
[r3_1/ei_depth3_s26_mix r1] heldout greedy SOLVED 4408/5000 = 0.882 [0.872,0.890]
  len 2: 999/1000 = 0.999 [0.994,1.000]
  len 3: 992/1000 = 0.992 [0.984,0.996]
  len 4: 974/1000 = 0.974 [0.962,0.982]
  len 5: 955/1000 = 0.955 [0.940,0.966]
  len 6: 488/1000 = 0.488 [0.457,0.519]
  written hist {2: 1026, 3: 987, 4: 965, 5: 988, 6: 442}
  pruned hist {2: 1026, 3: 989, 4: 968, 5: 985, 6: 440}
  frontier written 6 pruned 6
  reasons [('rule check failed: DN', 145), ('bad box cite', 126), ('rule check failed: ANDI', 65), ('rule check failed: ANDE2', 38), ('rule check failed: ORI2', 37), ('rule check failed: IMPE', 34)]
python3 train.py --data artifacts/r3_1/ei_depth3_s26_mix/mix_1.jsonl --init ckpts/r3_1/stage1_depth3_f0_a1_s26.pt --steps 600 --lr 0.0003 --min_lr 2.9999999999999997e-05 --warmup 50 --cap 0 --out ckpts/r3_1/ei_depth3_s26_mix_r1.pt --seed 26001 --log_every 200
params 3210240 mode abs shift True
train records 20916 max len 328
step 200 loss 0.0533 lr 2.53e-04 17s
step 400 loss 0.0569 lr 1.09e-04 37s
step 600 loss 0.0547 lr 3.00e-05 64s
saved ckpts/r3_1/ei_depth3_s26_mix_r1.pt
=== round 1 done in 213s; new proofs 966; cum targets solved 64
[r3_1/ei_depth3_s26_mix r2] targets (this round, pass@32) SOLVED 157/600 = 0.262 [0.228,0.298]
  len 7: 139/256 = 0.543 [0.482,0.603]
  len 8: 18/344 = 0.052 [0.033,0.081]
  written hist {7: 2288, 8: 121}
  pruned hist {5: 18, 6: 1432, 7: 851, 8: 108}
  frontier written 8 pruned 8
  reasons [('bad box cite', 3239), ('rule check failed: ORI2', 1672), ('rule check failed: DN', 1430), ('rule check failed: IMPE', 1397), ('rule check failed: ANDI', 1349), ('rule check failed: IMPI', 979)]
[r3_1/ei_depth3_s26_mix r2] targets (cumulative 64 attempts) SOLVED 157/600 = 0.262 [0.228,0.298]
  len 7: 139/256 = 0.543 [0.482,0.603]
  len 8: 18/344 = 0.052 [0.033,0.081]
  written hist {7: 2904, 8: 121}
  pruned hist {5: 29, 6: 1955, 7: 933, 8: 108}
  frontier written 8 pruned 8
  reasons []
[r3_1/ei_depth3_s26_mix r2] transfer (this round, pass@32) SOLVED 11/100 = 0.110 [0.063,0.186]
  len 7: 3/6 = 0.500 [0.188,0.812]
  len 8: 8/94 = 0.085 [0.044,0.159]
  written hist {7: 36, 8: 55}
  pruned hist {7: 36, 8: 55}
  frontier written 8 pruned 8
  reasons [('bad box cite', 766), ('rule check failed: ANDI', 404), ('final formula is not the conclusion', 273), ('rule check failed: IMPI', 272), ('rule check failed: DN', 179), ('rule check failed: IMPE', 165)]
[r3_1/ei_depth3_s26_mix r2] transfer (cumulative 64 attempts) SOLVED 11/100 = 0.110 [0.063,0.186]
  len 7: 3/6 = 0.500 [0.188,0.812]
  len 8: 8/94 = 0.085 [0.044,0.159]
  written hist {7: 36, 8: 55}
  pruned hist {7: 36, 8: 55}
  frontier written 8 pruned 8
  reasons []
[r3_1/ei_depth3_s26_mix r2] transfer greedy SOLVED 2/100 = 0.020 [0.006,0.070]
  len 7: 2/6 = 0.333 [0.097,0.700]
  len 8: 0/94 = 0.000 [0.000,0.039]
  written hist {7: 2}
  pruned hist {7: 2}
  frontier written 0 pruned 0
  reasons [('bad box cite', 24), ('rule check failed: ANDI', 17), ('final formula is not the conclusion', 9), ('rule check failed: IMPI', 9), ('rule check failed: ORI2', 5), ('rule check failed: DN', 5)]
[r3_1/ei_depth3_s26_mix r2] heldout greedy SOLVED 4576/5000 = 0.915 [0.907,0.923]
  len 2: 998/1000 = 0.998 [0.993,0.999]
  len 3: 990/1000 = 0.990 [0.982,0.995]
  len 4: 980/1000 = 0.980 [0.969,0.987]
  len 5: 958/1000 = 0.958 [0.944,0.969]
  len 6: 650/1000 = 0.650 [0.620,0.679]
  written hist {2: 1019, 3: 988, 4: 972, 5: 986, 6: 611}
  pruned hist {2: 1020, 3: 987, 4: 974, 5: 985, 6: 610}
  frontier written 6 pruned 6
  reasons [('bad box cite', 103), ('rule check failed: DN', 53), ('rule check failed: ANDI', 36), ('rule check failed: IMPE', 36), ('rule check failed: IMPI', 31), ('rule check failed: ANDE2', 26)]
python3 train.py --data artifacts/r3_1/ei_depth3_s26_mix/mix_2.jsonl --init ckpts/r3_1/ei_depth3_s26_mix_r1.pt --steps 600 --lr 0.0003 --min_lr 2.9999999999999997e-05 --warmup 50 --cap 0 --out ckpts/r3_1/ei_depth3_s26_mix_r2.pt --seed 26002 --log_every 200
params 3210240 mode abs shift True
train records 22264 max len 422
step 200 loss 0.0607 lr 2.53e-04 18s
step 400 loss 0.0539 lr 1.09e-04 41s
step 600 loss 0.0514 lr 3.00e-05 67s
saved ckpts/r3_1/ei_depth3_s26_mix_r2.pt
=== round 2 done in 173s; new proofs 2059; cum targets solved 157
[r3_1/ei_depth3_s26_mix r3] targets (this round, pass@32) SOLVED 357/600 = 0.595 [0.555,0.634]
  len 7: 187/256 = 0.730 [0.673,0.781]
  len 8: 170/344 = 0.494 [0.442,0.547]
  written hist {7: 2796, 8: 2172}
  pruned hist {5: 20, 6: 1252, 7: 1568, 8: 2128}
  frontier written 8 pruned 8
  reasons [('rule check failed: ANDI', 1269), ('bad box cite', 1160), ('rule check failed: DN', 1093), ('rule check failed: ORI2', 977), ('rule check failed: IMPE', 837), ('rule check failed: R', 680)]
[r3_1/ei_depth3_s26_mix r3] targets (cumulative 96 attempts) SOLVED 357/600 = 0.595 [0.555,0.634]
  len 7: 187/256 = 0.730 [0.673,0.781]
  len 8: 170/344 = 0.494 [0.442,0.547]
  written hist {7: 4674, 8: 2246}
  pruned hist {5: 40, 6: 2510, 7: 2177, 8: 2193}
  frontier written 8 pruned 8
  reasons []
[r3_1/ei_depth3_s26_mix r3] transfer (this round, pass@32) SOLVED 61/100 = 0.610 [0.512,0.700]
  len 7: 5/6 = 0.833 [0.436,0.970]
  len 8: 56/94 = 0.596 [0.495,0.689]
  written hist {7: 74, 8: 674}
  pruned hist {7: 96, 8: 652}
  frontier written 8 pruned 8
  reasons [('rule check failed: ANDI', 382), ('bad box cite', 234), ('rule check failed: IMPE', 183), ('line index mismatch at position 8', 165), ('rule check failed: DN', 142), ('final formula is not the conclusion', 124)]
[r3_1/ei_depth3_s26_mix r3] transfer (cumulative 96 attempts) SOLVED 61/100 = 0.610 [0.512,0.700]
  len 7: 5/6 = 0.833 [0.436,0.970]
  len 8: 56/94 = 0.596 [0.495,0.689]
  written hist {7: 101, 8: 706}
  pruned hist {7: 123, 8: 684}
  frontier written 8 pruned 8
  reasons []
[r3_1/ei_depth3_s26_mix r3] transfer greedy SOLVED 31/100 = 0.310 [0.228,0.406]
  len 7: 4/6 = 0.667 [0.300,0.903]
  len 8: 27/94 = 0.287 [0.206,0.386]
  written hist {7: 4, 8: 27}
  pruned hist {7: 6, 8: 25}
  frontier written 8 pruned 8
  reasons [('line index mismatch at position 8', 16), ('rule check failed: ANDI', 12), ('bad box cite', 6), ('rule check failed: IMPE', 6), ('rule check failed: DN', 5), ('rule check failed: IMPI', 4)]
[r3_1/ei_depth3_s26_mix r3] heldout greedy SOLVED 4774/5000 = 0.955 [0.949,0.960]
  len 2: 998/1000 = 0.998 [0.993,0.999]
  len 3: 992/1000 = 0.992 [0.984,0.996]
  len 4: 977/1000 = 0.977 [0.966,0.985]
  len 5: 961/1000 = 0.961 [0.947,0.971]
  len 6: 846/1000 = 0.846 [0.822,0.867]
  written hist {2: 1024, 3: 983, 4: 967, 5: 992, 6: 807, 7: 1}
  pruned hist {2: 1024, 3: 987, 4: 969, 5: 990, 6: 803, 7: 1}
  frontier written 6 pruned 6
  reasons [('rule check failed: ANDI', 30), ('rule check failed: DN', 25), ('rule check failed: ANDE2', 23), ('rule check failed: NEGE', 23), ('rule check failed: IMPE', 22), ('rule check failed: ORI2', 20)]
python3 train.py --data artifacts/r3_1/ei_depth3_s26_mix/mix_3.jsonl --init ckpts/r3_1/ei_depth3_s26_mix_r2.pt --steps 600 --lr 0.0003 --min_lr 2.9999999999999997e-05 --warmup 50 --cap 0 --out ckpts/r3_1/ei_depth3_s26_mix_r3.pt --seed 26003 --log_every 200
params 3210240 mode abs shift True
train records 25508 max len 422
step 200 loss 0.0423 lr 2.53e-04 26s
step 400 loss 0.0424 lr 1.09e-04 58s
step 600 loss 0.0427 lr 3.00e-05 90s
saved ckpts/r3_1/ei_depth3_s26_mix_r3.pt
=== round 3 done in 229s; new proofs 3895; cum targets solved 357
[r3_1/ei_depth3_s26_mix r4] targets (this round, pass@32) SOLVED 413/600 = 0.688 [0.650,0.724]
  len 7: 200/256 = 0.781 [0.727,0.828]
  len 8: 213/344 = 0.619 [0.567,0.669]
  written hist {7: 2871, 8: 2425, 9: 11}
  pruned hist {5: 12, 6: 1355, 7: 1595, 8: 2334, 9: 11}
  frontier written 9 pruned 9
  reasons [('rule check failed: ANDI', 1280), ('rule check failed: DN', 853), ('rule check failed: ORI2', 852), ('rule check failed: IMPE', 813), ('bad box cite', 582), ('rule check failed: R', 414)]
[r3_1/ei_depth3_s26_mix r4] targets (cumulative 128 attempts) SOLVED 413/600 = 0.688 [0.650,0.724]
  len 7: 200/256 = 0.781 [0.727,0.828]
  len 8: 213/344 = 0.619 [0.567,0.669]
  written hist {7: 5692, 8: 3484, 9: 11}
  pruned hist {5: 42, 6: 2876, 7: 2899, 8: 3359, 9: 11}
  frontier written 9 pruned 9
  reasons []
[r3_1/ei_depth3_s26_mix r4] transfer (this round, pass@32) SOLVED 79/100 = 0.790 [0.700,0.858]
  len 7: 6/6 = 1.000 [0.610,1.000]
  len 8: 73/94 = 0.777 [0.682,0.849]
  written hist {7: 91, 8: 749}
  pruned hist {7: 127, 8: 713}
  frontier written 8 pruned 8
  reasons [('rule check failed: ANDI', 383), ('rule check failed: IMPE', 142), ('bad box cite', 103), ('rule check failed: ORI1', 87), ('rule check failed: DN', 79), ('line index mismatch at position 8', 76)]
[r3_1/ei_depth3_s26_mix r4] transfer (cumulative 128 attempts) SOLVED 79/100 = 0.790 [0.700,0.858]
  len 7: 6/6 = 1.000 [0.610,1.000]
  len 8: 73/94 = 0.777 [0.682,0.849]
  written hist {7: 146, 8: 1123}
  pruned hist {7: 198, 8: 1071}
  frontier written 8 pruned 8
  reasons []
[r3_1/ei_depth3_s26_mix r4] transfer greedy SOLVED 63/100 = 0.630 [0.532,0.718]
  len 7: 5/6 = 0.833 [0.436,0.970]
  len 8: 58/94 = 0.617 [0.516,0.709]
  written hist {7: 5, 8: 58}
  pruned hist {7: 8, 8: 55}
  frontier written 8 pruned 8
  reasons [('rule check failed: ANDI', 13), ('rule check failed: IMPE', 5), ('rule check failed: ORI1', 3), ('bad box cite', 3), ('rule check failed: ORI2', 2), ('rule check failed: ANDE2', 2)]
[r3_1/ei_depth3_s26_mix r4] heldout greedy SOLVED 4526/5000 = 0.905 [0.897,0.913]
  len 2: 998/1000 = 0.998 [0.993,0.999]
  len 3: 990/1000 = 0.990 [0.982,0.995]
  len 4: 977/1000 = 0.977 [0.966,0.985]
  len 5: 958/1000 = 0.958 [0.944,0.969]
  len 6: 603/1000 = 0.603 [0.572,0.633]
  written hist {2: 1024, 3: 980, 4: 963, 5: 987, 6: 553, 7: 18, 8: 1}
  pruned hist {2: 1024, 3: 980, 4: 968, 5: 985, 6: 550, 7: 18, 8: 1}
  frontier written 7 pruned 7
  reasons [('rule check failed: ORI2', 104), ('rule check failed: DN', 89), ('rule check failed: IMPE', 58), ('rule check failed: ANDI', 56), ('rule check failed: ANDE2', 41), ('bad box cite', 37)]
python3 train.py --data artifacts/r3_1/ei_depth3_s26_mix/mix_4.jsonl --init ckpts/r3_1/ei_depth3_s26_mix_r3.pt --steps 600 --lr 0.0003 --min_lr 2.9999999999999997e-05 --warmup 50 --cap 0 --out ckpts/r3_1/ei_depth3_s26_mix_r4.pt --seed 26004 --log_every 200
params 3210240 mode abs shift True
train records 26460 max len 367
step 200 loss 0.0492 lr 2.53e-04 33s
step 400 loss 0.0409 lr 1.09e-04 67s
step 600 loss 0.0447 lr 3.00e-05 96s
saved ckpts/r3_1/ei_depth3_s26_mix_r4.pt
=== round 4 done in 264s; new proofs 2267; cum targets solved 413
[r3_1/ei_depth3_s26_mix r5] targets (this round, pass@32) SOLVED 437/600 = 0.728 [0.691,0.762]
  len 7: 204/256 = 0.797 [0.743,0.842]
  len 8: 233/344 = 0.677 [0.626,0.725]
  written hist {7: 3095, 8: 2745, 9: 42}
  pruned hist {5: 15, 6: 1529, 7: 1663, 8: 2640, 9: 35}
  frontier written 9 pruned 9
  reasons [('rule check failed: ANDI', 1092), ('rule check failed: DN', 947), ('rule check failed: ORI2', 819), ('rule check failed: IMPE', 530), ('rule check failed: R', 366), ('bad box cite', 357)]
[r3_1/ei_depth3_s26_mix r5] targets (cumulative 160 attempts) SOLVED 437/600 = 0.728 [0.691,0.762]
  len 7: 204/256 = 0.797 [0.743,0.842]
  len 8: 233/344 = 0.677 [0.626,0.725]
  written hist {7: 6491, 8: 4373, 9: 44}
  pruned hist {5: 48, 6: 3244, 7: 3374, 8: 4205, 9: 37}
  frontier written 9 pruned 9
  reasons []
[r3_1/ei_depth3_s26_mix r5] transfer (this round, pass@32) SOLVED 78/100 = 0.780 [0.689,0.850]
  len 7: 6/6 = 1.000 [0.610,1.000]
  len 8: 72/94 = 0.766 [0.671,0.840]
  written hist {7: 90, 8: 783, 9: 5}
  pruned hist {7: 103, 8: 770, 9: 5}
  frontier written 9 pruned 9
  reasons [('rule check failed: ANDI', 343), ('rule check failed: IMPE', 150), ('rule check failed: DN', 120), ('bad box cite', 97), ('rule check failed: ORI1', 92), ('line index mismatch at position 8', 65)]
[r3_1/ei_depth3_s26_mix r5] transfer (cumulative 160 attempts) SOLVED 82/100 = 0.820 [0.733,0.883]
  len 7: 6/6 = 1.000 [0.610,1.000]
  len 8: 76/94 = 0.809 [0.717,0.875]
  written hist {7: 167, 8: 1375, 9: 5}
  pruned hist {7: 220, 8: 1322, 9: 5}
  frontier written 9 pruned 9
  reasons []
[r3_1/ei_depth3_s26_mix r5] transfer greedy SOLVED 66/100 = 0.660 [0.563,0.745]
  len 7: 6/6 = 1.000 [0.610,1.000]
  len 8: 60/94 = 0.638 [0.538,0.728]
  written hist {7: 6, 8: 60}
  pruned hist {7: 7, 8: 59}
  frontier written 8 pruned 8
  reasons [('rule check failed: ANDI', 12), ('rule check failed: ORI1', 4), ('rule check failed: DN', 4), ('rule check failed: IMPE', 4), ('bad box cite', 3), ('rule check failed: ORI2', 2)]
[r3_1/ei_depth3_s26_mix r5] heldout greedy SOLVED 4456/5000 = 0.891 [0.882,0.900]
  len 2: 998/1000 = 0.998 [0.993,0.999]
  len 3: 994/1000 = 0.994 [0.987,0.997]
  len 4: 971/1000 = 0.971 [0.959,0.980]
  len 5: 959/1000 = 0.959 [0.945,0.970]
  len 6: 534/1000 = 0.534 [0.503,0.565]
  written hist {2: 1023, 3: 988, 4: 952, 5: 991, 6: 484, 7: 18}
  pruned hist {2: 1023, 3: 991, 4: 952, 5: 989, 6: 483, 7: 18}
  frontier written 7 pruned 7
  reasons [('rule check failed: ORI2', 135), ('bad box cite', 102), ('rule check failed: ANDI', 80), ('rule check failed: DN', 63), ('rule check failed: ANDE2', 49), ('rule check failed: IMPE', 43)]
python3 train.py --data artifacts/r3_1/ei_depth3_s26_mix/mix_5.jsonl --init ckpts/r3_1/ei_depth3_s26_mix_r4.pt --steps 600 --lr 0.0003 --min_lr 2.9999999999999997e-05 --warmup 50 --cap 0 --out ckpts/r3_1/ei_depth3_s26_mix_r5.pt --seed 26005 --log_every 200
params 3210240 mode abs shift True
train records 26912 max len 386
step 200 loss 0.0414 lr 2.53e-04 36s
step 400 loss 0.0404 lr 1.09e-04 65s
step 600 loss 0.0419 lr 3.00e-05 90s
saved ckpts/r3_1/ei_depth3_s26_mix_r5.pt
=== round 5 done in 272s; new proofs 1721; cum targets solved 437
[r3_1/ei_depth3_s26_mix r6] targets (this round, pass@32) SOLVED 453/600 = 0.755 [0.719,0.788]
  len 7: 208/256 = 0.812 [0.760,0.856]
  len 8: 245/344 = 0.712 [0.662,0.758]
  written hist {7: 2869, 8: 2677, 9: 65}
  pruned hist {5: 17, 6: 1478, 7: 1471, 8: 2597, 9: 48}
  frontier written 9 pruned 9
  reasons [('rule check failed: ANDI', 981), ('rule check failed: DN', 932), ('rule check failed: ORI2', 644), ('rule check failed: IMPE', 543), ('rule check failed: ANDE2', 339), ('rule check failed: R', 234)]
[r3_1/ei_depth3_s26_mix r6] targets (cumulative 192 attempts) SOLVED 453/600 = 0.755 [0.719,0.788]
  len 7: 208/256 = 0.812 [0.760,0.856]
  len 8: 245/344 = 0.712 [0.662,0.758]
  written hist {7: 6931, 8: 4871, 9: 75}
  pruned hist {5: 51, 6: 3478, 7: 3595, 8: 4695, 9: 58}
  frontier written 9 pruned 9
  reasons []
[r3_1/ei_depth3_s26_mix r6] transfer (this round, pass@32) SOLVED 81/100 = 0.810 [0.722,0.875]
  len 7: 6/6 = 1.000 [0.610,1.000]
  len 8: 75/94 = 0.798 [0.706,0.867]
  written hist {7: 76, 8: 750, 9: 6}
  pruned hist {7: 93, 8: 736, 9: 3}
  frontier written 9 pruned 8
  reasons [('rule check failed: ANDI', 288), ('rule check failed: DN', 119), ('rule check failed: IMPE', 108), ('bad box cite', 89), ('rule check failed: ORI2', 67), ('rule check failed: IMPI', 49)]
[r3_1/ei_depth3_s26_mix r6] transfer (cumulative 192 attempts) SOLVED 84/100 = 0.840 [0.756,0.899]
  len 7: 6/6 = 1.000 [0.610,1.000]
  len 8: 78/94 = 0.830 [0.741,0.892]
  written hist {7: 178, 8: 1525, 9: 9}
  pruned hist {7: 241, 8: 1465, 9: 6}
  frontier written 9 pruned 9
  reasons []
[r3_1/ei_depth3_s26_mix r6] transfer greedy SOLVED 70/100 = 0.700 [0.604,0.781]
  len 7: 5/6 = 0.833 [0.436,0.970]
  len 8: 65/94 = 0.691 [0.592,0.776]
  written hist {7: 5, 8: 65}
  pruned hist {7: 6, 8: 64}
  frontier written 8 pruned 8
  reasons [('rule check failed: ANDI', 9), ('rule check failed: DN', 4), ('bad box cite', 3), ('rule check failed: IMPE', 3), ('rule check failed: ORI2', 2), ('rule check failed: ORI1', 2)]
[r3_1/ei_depth3_s26_mix r6] heldout greedy SOLVED 4613/5000 = 0.923 [0.915,0.930]
  len 2: 998/1000 = 0.998 [0.993,0.999]
  len 3: 993/1000 = 0.993 [0.986,0.997]
  len 4: 979/1000 = 0.979 [0.968,0.986]
  len 5: 961/1000 = 0.961 [0.947,0.971]
  len 6: 682/1000 = 0.682 [0.652,0.710]
  written hist {2: 1021, 3: 989, 4: 959, 5: 1001, 6: 633, 7: 10}
  pruned hist {2: 1022, 3: 990, 4: 963, 5: 997, 6: 631, 7: 10}
  frontier written 7 pruned 7
  reasons [('rule check failed: DN', 77), ('rule check failed: ORI2', 66), ('rule check failed: ANDE2', 60), ('rule check failed: ANDI', 57), ('bad box cite', 37), ('rule check failed: IMPE', 35)]
python3 train.py --data artifacts/r3_1/ei_depth3_s26_mix/mix_6.jsonl --init ckpts/r3_1/ei_depth3_s26_mix_r5.pt --steps 600 --lr 0.0003 --min_lr 2.9999999999999997e-05 --warmup 50 --cap 0 --out ckpts/r3_1/ei_depth3_s26_mix_r6.pt --seed 26006 --log_every 200
params 3210240 mode abs shift True
train records 27168 max len 393
step 200 loss 0.0466 lr 2.53e-04 30s
step 400 loss 0.0376 lr 1.09e-04 57s
step 600 loss 0.0413 lr 3.00e-05 85s
saved ckpts/r3_1/ei_depth3_s26_mix_r6.pt
=== round 6 done in 268s; new proofs 969; cum targets solved 453
[r3_1/ei_depth3_s26_mix r7] targets (this round, pass@32) SOLVED 457/600 = 0.762 [0.726,0.794]
  len 7: 210/256 = 0.820 [0.769,0.862]
  len 8: 247/344 = 0.718 [0.668,0.763]
  written hist {7: 3209, 8: 2960, 9: 86}
  pruned hist {5: 32, 6: 1656, 7: 1642, 8: 2870, 9: 55}
  frontier written 9 pruned 9
  reasons [('rule check failed: DN', 958), ('rule check failed: ANDI', 898), ('rule check failed: ORI2', 631), ('rule check failed: IMPE', 421), ('rule check failed: ANDE2', 303), ('bad box cite', 298)]
[r3_1/ei_depth3_s26_mix r7] targets (cumulative 224 attempts) SOLVED 457/600 = 0.762 [0.726,0.794]
  len 7: 210/256 = 0.820 [0.769,0.862]
  len 8: 247/344 = 0.718 [0.668,0.763]
  written hist {7: 7404, 8: 5366, 9: 112}
  pruned hist {5: 59, 6: 3713, 7: 3859, 8: 5178, 9: 73}
  frontier written 9 pruned 9
  reasons []
[r3_1/ei_depth3_s26_mix r7] transfer (this round, pass@32) SOLVED 79/100 = 0.790 [0.700,0.858]
  len 7: 6/6 = 1.000 [0.610,1.000]
  len 8: 73/94 = 0.777 [0.682,0.849]
  written hist {7: 77, 8: 849}
  pruned hist {7: 103, 8: 823}
  frontier written 8 pruned 8
  reasons [('rule check failed: ANDI', 320), ('rule check failed: IMPE', 120), ('bad box cite', 111), ('rule check failed: DN', 99), ('rule check failed: ORI2', 65), ('rule check failed: ANDE1', 57)]
[r3_1/ei_depth3_s26_mix r7] transfer (cumulative 224 attempts) SOLVED 85/100 = 0.850 [0.767,0.907]
  len 7: 6/6 = 1.000 [0.610,1.000]
  len 8: 79/94 = 0.840 [0.753,0.901]
  written hist {7: 182, 8: 1694, 9: 9}
  pruned hist {7: 254, 8: 1625, 9: 6}
  frontier written 9 pruned 9
  reasons []
[r3_1/ei_depth3_s26_mix r7] transfer greedy SOLVED 70/100 = 0.700 [0.604,0.781]
  len 7: 5/6 = 0.833 [0.436,0.970]
  len 8: 65/94 = 0.691 [0.592,0.776]
  written hist {7: 5, 8: 65}
  pruned hist {7: 6, 8: 64}
  frontier written 8 pruned 8
  reasons [('rule check failed: ANDI', 12), ('bad box cite', 4), ('rule check failed: IMPE', 4), ('rule check failed: DN', 3), ('rule check failed: ORI2', 2), ('rule check failed: ORI1', 2)]
[r3_1/ei_depth3_s26_mix r7] heldout greedy SOLVED 4663/5000 = 0.933 [0.925,0.939]
  len 2: 996/1000 = 0.996 [0.990,0.998]
  len 3: 995/1000 = 0.995 [0.988,0.998]
  len 4: 973/1000 = 0.973 [0.961,0.981]
  len 5: 959/1000 = 0.959 [0.945,0.970]
  len 6: 740/1000 = 0.740 [0.712,0.766]
  written hist {2: 1017, 3: 991, 4: 950, 5: 991, 6: 705, 7: 9}
  pruned hist {2: 1017, 3: 992, 4: 953, 5: 989, 6: 703, 7: 9}
  frontier written 7 pruned 7
  reasons [('rule check failed: DN', 70), ('rule check failed: ANDE2', 48), ('rule check failed: ANDI', 41), ('bad box cite', 40), ('rule check failed: ORI2', 35), ('rule check failed: IMPE', 24)]
python3 train.py --data artifacts/r3_1/ei_depth3_s26_mix/mix_7.jsonl --init ckpts/r3_1/ei_depth3_s26_mix_r6.pt --steps 600 --lr 0.0003 --min_lr 2.9999999999999997e-05 --warmup 50 --cap 0 --out ckpts/r3_1/ei_depth3_s26_mix_r7.pt --seed 26007 --log_every 200
params 3210240 mode abs shift True
train records 27264 max len 422
step 200 loss 0.0401 lr 2.53e-04 31s
step 400 loss 0.0429 lr 1.09e-04 59s
step 600 loss 0.0422 lr 3.00e-05 86s
saved ckpts/r3_1/ei_depth3_s26_mix_r7.pt
=== round 7 done in 282s; new proofs 1005; cum targets solved 457
[r3_1/ei_depth3_s26_mix r8] targets (this round, pass@32) SOLVED 459/600 = 0.765 [0.729,0.797]
  len 7: 211/256 = 0.824 [0.773,0.866]
  len 8: 248/344 = 0.721 [0.671,0.766]
  written hist {7: 3274, 8: 3005, 9: 104}
  pruned hist {5: 16, 6: 1716, 7: 1685, 8: 2893, 9: 73}
  frontier written 9 pruned 9
  reasons [('rule check failed: DN', 913), ('rule check failed: ANDI', 906), ('rule check failed: ORI2', 560), ('rule check failed: IMPE', 384), ('bad box cite', 309), ('rule check failed: ANDE2', 243)]
[r3_1/ei_depth3_s26_mix r8] targets (cumulative 256 attempts) SOLVED 459/600 = 0.765 [0.729,0.797]
  len 7: 211/256 = 0.824 [0.773,0.866]
  len 8: 248/344 = 0.721 [0.671,0.766]
  written hist {7: 7808, 8: 5703, 9: 145}
  pruned hist {5: 61, 6: 3945, 7: 4057, 8: 5494, 9: 99}
  frontier written 9 pruned 9
  reasons []
[r3_1/ei_depth3_s26_mix r8] transfer (this round, pass@32) SOLVED 83/100 = 0.830 [0.745,0.891]
  len 7: 6/6 = 1.000 [0.610,1.000]
  len 8: 77/94 = 0.819 [0.729,0.884]
  written hist {7: 93, 8: 839, 9: 10}
  pruned hist {7: 123, 8: 810, 9: 9}
  frontier written 9 pruned 9
  reasons [('rule check failed: ANDI', 276), ('rule check failed: IMPE', 154), ('bad box cite', 88), ('rule check failed: DN', 81), ('rule check failed: ANDE1', 80), ('rule check failed: ORI1', 43)]
[r3_1/ei_depth3_s26_mix r8] transfer (cumulative 256 attempts) SOLVED 85/100 = 0.850 [0.767,0.907]
  len 7: 6/6 = 1.000 [0.610,1.000]
  len 8: 79/94 = 0.840 [0.753,0.901]
  written hist {7: 196, 8: 1810, 9: 19}
  pruned hist {7: 275, 8: 1735, 9: 15}
  frontier written 9 pruned 9
  reasons []
[r3_1/ei_depth3_s26_mix r8] transfer greedy SOLVED 74/100 = 0.740 [0.646,0.816]
  len 7: 6/6 = 1.000 [0.610,1.000]
  len 8: 68/94 = 0.723 [0.626,0.804]
  written hist {7: 6, 8: 68}
  pruned hist {7: 8, 8: 66}
  frontier written 8 pruned 8
  reasons [('rule check failed: ANDI', 7), ('rule check failed: IMPE', 5), ('rule check failed: ORI2', 2), ('rule check failed: ANDE1', 2), ('bad box cite', 2), ('rule check failed: DN', 2)]
[r3_1/ei_depth3_s26_mix r8] heldout greedy SOLVED 4631/5000 = 0.926 [0.919,0.933]
  len 2: 998/1000 = 0.998 [0.993,0.999]
  len 3: 992/1000 = 0.992 [0.984,0.996]
  len 4: 977/1000 = 0.977 [0.966,0.985]
  len 5: 956/1000 = 0.956 [0.941,0.967]
  len 6: 708/1000 = 0.708 [0.679,0.735]
  written hist {2: 1020, 3: 985, 4: 959, 5: 992, 6: 665, 7: 10}
  pruned hist {2: 1021, 3: 985, 4: 959, 5: 993, 6: 663, 7: 10}
  frontier written 7 pruned 7
  reasons [('rule check failed: DN', 63), ('bad box cite', 54), ('rule check failed: ANDI', 46), ('rule check failed: IMPE', 40), ('rule check failed: ANDE2', 39), ('rule check failed: ORI2', 38)]
python3 train.py --data artifacts/r3_1/ei_depth3_s26_mix/mix_8.jsonl --init ckpts/r3_1/ei_depth3_s26_mix_r7.pt --steps 600 --lr 0.0003 --min_lr 2.9999999999999997e-05 --warmup 50 --cap 0 --out ckpts/r3_1/ei_depth3_s26_mix_r8.pt --seed 26008 --log_every 200
params 3210240 mode abs shift True
train records 27324 max len 386
step 200 loss 0.0457 lr 2.53e-04 24s
step 400 loss 0.0390 lr 1.09e-04 48s
step 600 loss 0.0396 lr 3.00e-05 73s
saved ckpts/r3_1/ei_depth3_s26_mix_r8.pt
=== round 8 done in 266s; new proofs 774; cum targets solved 459
