[r3_1/ei_reductio_s26_req r1] targets (this round, pass@32) SOLVED 0/300 = 0.000 [0.000,0.013]
  len 7: 0/52 = 0.000 [0.000,0.069]
  len 8: 0/133 = 0.000 [0.000,0.028]
  len 9: 0/82 = 0.000 [0.000,0.045]
  len 10: 0/33 = 0.000 [0.000,0.104]
  written hist {}
  pruned hist {}
  frontier written 0 pruned 0
  reasons [('rule check failed: IMPE', 2943), ('rule check failed: ANDI', 1693), ('rule check failed: IMPI', 1327), ('rule check failed: DN', 911), ('bad line cite', 553), ('rule check failed: ORI2', 372)]
[r3_1/ei_reductio_s26_req r1] targets (cumulative 32 attempts) SOLVED 0/300 = 0.000 [0.000,0.013]
  len 7: 0/52 = 0.000 [0.000,0.069]
  len 8: 0/133 = 0.000 [0.000,0.028]
  len 9: 0/82 = 0.000 [0.000,0.045]
  len 10: 0/33 = 0.000 [0.000,0.104]
  written hist {}
  pruned hist {}
  frontier written 0 pruned 0
  reasons []
[r3_1/ei_reductio_s26_req r1] transfer (this round, pass@32) SOLVED 0/150 = 0.000 [0.000,0.025]
  len 7: 0/27 = 0.000 [0.000,0.125]
  len 8: 0/67 = 0.000 [0.000,0.054]
  len 9: 0/41 = 0.000 [0.000,0.086]
  len 10: 0/15 = 0.000 [0.000,0.204]
  written hist {}
  pruned hist {}
  frontier written 0 pruned 0
  reasons [('rule check failed: IMPE', 1574), ('rule check failed: ANDI', 911), ('rule check failed: IMPI', 676), ('rule check failed: DN', 305), ('bad line cite', 224), ('rule check failed: ORI2', 206)]
[r3_1/ei_reductio_s26_req r1] transfer (cumulative 32 attempts) SOLVED 0/150 = 0.000 [0.000,0.025]
  len 7: 0/27 = 0.000 [0.000,0.125]
  len 8: 0/67 = 0.000 [0.000,0.054]
  len 9: 0/41 = 0.000 [0.000,0.086]
  len 10: 0/15 = 0.000 [0.000,0.204]
  written hist {}
  pruned hist {}
  frontier written 0 pruned 0
  reasons []
[r3_1/ei_reductio_s26_req r1] transfer greedy SOLVED 0/150 = 0.000 [0.000,0.025]
  len 7: 0/27 = 0.000 [0.000,0.125]
  len 8: 0/67 = 0.000 [0.000,0.054]
  len 9: 0/41 = 0.000 [0.000,0.086]
  len 10: 0/15 = 0.000 [0.000,0.204]
  written hist {}
  pruned hist {}
  frontier written 0 pruned 0
  reasons [('rule check failed: IMPE', 52), ('rule check failed: ANDI', 31), ('rule check failed: IMPI', 23), ('rule check failed: DN', 11), ('final formula is not the conclusion', 5), ('rule check failed: ANDE2', 5)]
[r3_1/ei_reductio_s26_req r1] heldout greedy SOLVED 4386/5000 = 0.877 [0.868,0.886]
  len 2: 997/1000 = 0.997 [0.991,0.999]
  len 3: 994/1000 = 0.994 [0.987,0.997]
  len 4: 971/1000 = 0.971 [0.959,0.980]
  len 5: 539/1000 = 0.539 [0.508,0.570]
  len 6: 885/1000 = 0.885 [0.864,0.903]
  written hist {2: 1035, 3: 991, 4: 1047, 5: 577, 6: 736}
  pruned hist {2: 1038, 3: 990, 4: 1049, 5: 579, 6: 730}
  frontier written 6 pruned 6
  reasons [('rule check failed: ANDI', 130), ('rule check failed: IMPE', 107), ('rule check failed: NEGE', 63), ('rule check failed: ORI2', 45), ('rule check failed: IMPI', 45), ('rule check failed: NEGI', 42)]
no accepted proofs: skipping training this round
=== round 1 done in 164s; new proofs 0; cum targets solved 0
[r3_1/ei_reductio_s26_req r2] targets (this round, pass@32) SOLVED 0/300 = 0.000 [0.000,0.013]
  len 7: 0/52 = 0.000 [0.000,0.069]
  len 8: 0/133 = 0.000 [0.000,0.028]
  len 9: 0/82 = 0.000 [0.000,0.045]
  len 10: 0/33 = 0.000 [0.000,0.104]
  written hist {}
  pruned hist {}
  frontier written 0 pruned 0
  reasons [('rule check failed: IMPE', 2979), ('rule check failed: ANDI', 1739), ('rule check failed: IMPI', 1296), ('rule check failed: DN', 902), ('bad line cite', 553), ('rule check failed: ORI2', 366)]
[r3_1/ei_reductio_s26_req r2] targets (cumulative 64 attempts) SOLVED 0/300 = 0.000 [0.000,0.013]
  len 7: 0/52 = 0.000 [0.000,0.069]
  len 8: 0/133 = 0.000 [0.000,0.028]
  len 9: 0/82 = 0.000 [0.000,0.045]
  len 10: 0/33 = 0.000 [0.000,0.104]
  written hist {}
  pruned hist {}
  frontier written 0 pruned 0
  reasons []
[r3_1/ei_reductio_s26_req r2] transfer (this round, pass@32) SOLVED 0/150 = 0.000 [0.000,0.025]
  len 7: 0/27 = 0.000 [0.000,0.125]
  len 8: 0/67 = 0.000 [0.000,0.054]
  len 9: 0/41 = 0.000 [0.000,0.086]
  len 10: 0/15 = 0.000 [0.000,0.204]
  written hist {}
  pruned hist {}
  frontier written 0 pruned 0
  reasons [('rule check failed: IMPE', 1596), ('rule check failed: ANDI', 936), ('rule check failed: IMPI', 663), ('rule check failed: DN', 291), ('bad line cite', 230), ('rule check failed: ORI2', 193)]
[r3_1/ei_reductio_s26_req r2] transfer (cumulative 64 attempts) SOLVED 0/150 = 0.000 [0.000,0.025]
  len 7: 0/27 = 0.000 [0.000,0.125]
  len 8: 0/67 = 0.000 [0.000,0.054]
  len 9: 0/41 = 0.000 [0.000,0.086]
  len 10: 0/15 = 0.000 [0.000,0.204]
  written hist {}
  pruned hist {}
  frontier written 0 pruned 0
  reasons []
[r3_1/ei_reductio_s26_req r2] transfer greedy SOLVED 0/150 = 0.000 [0.000,0.025]
  len 7: 0/27 = 0.000 [0.000,0.125]
  len 8: 0/67 = 0.000 [0.000,0.054]
  len 9: 0/41 = 0.000 [0.000,0.086]
  len 10: 0/15 = 0.000 [0.000,0.204]
  written hist {}
  pruned hist {}
  frontier written 0 pruned 0
  reasons [('rule check failed: IMPE', 52), ('rule check failed: ANDI', 31), ('rule check failed: IMPI', 23), ('rule check failed: DN', 11), ('final formula is not the conclusion', 5), ('rule check failed: ANDE2', 5)]
[r3_1/ei_reductio_s26_req r2] heldout greedy SOLVED 4386/5000 = 0.877 [0.868,0.886]
  len 2: 997/1000 = 0.997 [0.991,0.999]
  len 3: 994/1000 = 0.994 [0.987,0.997]
  len 4: 971/1000 = 0.971 [0.959,0.980]
  len 5: 539/1000 = 0.539 [0.508,0.570]
  len 6: 885/1000 = 0.885 [0.864,0.903]
  written hist {2: 1035, 3: 991, 4: 1047, 5: 577, 6: 736}
  pruned hist {2: 1038, 3: 990, 4: 1049, 5: 579, 6: 730}
  frontier written 6 pruned 6
  reasons [('rule check failed: ANDI', 130), ('rule check failed: IMPE', 107), ('rule check failed: NEGE', 63), ('rule check failed: ORI2', 45), ('rule check failed: IMPI', 45), ('rule check failed: NEGI', 42)]
no accepted proofs: skipping training this round
=== round 2 done in 135s; new proofs 0; cum targets solved 0
[r3_1/ei_reductio_s26_req r3] targets (this round, pass@32) SOLVED 0/300 = 0.000 [0.000,0.013]
  len 7: 0/52 = 0.000 [0.000,0.069]
  len 8: 0/133 = 0.000 [0.000,0.028]
  len 9: 0/82 = 0.000 [0.000,0.045]
  len 10: 0/33 = 0.000 [0.000,0.104]
  written hist {}
  pruned hist {}
  frontier written 0 pruned 0
  reasons [('rule check failed: IMPE', 2903), ('rule check failed: ANDI', 1701), ('rule check failed: IMPI', 1280), ('rule check failed: DN', 886), ('bad line cite', 596), ('rule check failed: ORI2', 380)]
[r3_1/ei_reductio_s26_req r3] targets (cumulative 96 attempts) SOLVED 0/300 = 0.000 [0.000,0.013]
  len 7: 0/52 = 0.000 [0.000,0.069]
  len 8: 0/133 = 0.000 [0.000,0.028]
  len 9: 0/82 = 0.000 [0.000,0.045]
  len 10: 0/33 = 0.000 [0.000,0.104]
  written hist {}
  pruned hist {}
  frontier written 0 pruned 0
  reasons []
[r3_1/ei_reductio_s26_req r3] transfer (this round, pass@32) SOLVED 0/150 = 0.000 [0.000,0.025]
  len 7: 0/27 = 0.000 [0.000,0.125]
  len 8: 0/67 = 0.000 [0.000,0.054]
  len 9: 0/41 = 0.000 [0.000,0.086]
  len 10: 0/15 = 0.000 [0.000,0.204]
  written hist {}
  pruned hist {}
  frontier written 0 pruned 0
  reasons [('rule check failed: IMPE', 1581), ('rule check failed: ANDI', 904), ('rule check failed: IMPI', 681), ('rule check failed: DN', 318), ('bad line cite', 229), ('rule check failed: ORI2', 199)]
[r3_1/ei_reductio_s26_req r3] transfer (cumulative 96 attempts) SOLVED 0/150 = 0.000 [0.000,0.025]
  len 7: 0/27 = 0.000 [0.000,0.125]
  len 8: 0/67 = 0.000 [0.000,0.054]
  len 9: 0/41 = 0.000 [0.000,0.086]
  len 10: 0/15 = 0.000 [0.000,0.204]
  written hist {}
  pruned hist {}
  frontier written 0 pruned 0
  reasons []
[r3_1/ei_reductio_s26_req r3] transfer greedy SOLVED 0/150 = 0.000 [0.000,0.025]
  len 7: 0/27 = 0.000 [0.000,0.125]
  len 8: 0/67 = 0.000 [0.000,0.054]
  len 9: 0/41 = 0.000 [0.000,0.086]
  len 10: 0/15 = 0.000 [0.000,0.204]
  written hist {}
  pruned hist {}
  frontier written 0 pruned 0
  reasons [('rule check failed: IMPE', 52), ('rule check failed: ANDI', 31), ('rule check failed: IMPI', 23), ('rule check failed: DN', 11), ('final formula is not the conclusion', 5), ('rule check failed: ANDE2', 5)]
[r3_1/ei_reductio_s26_req r3] heldout greedy SOLVED 4386/5000 = 0.877 [0.868,0.886]
  len 2: 997/1000 = 0.997 [0.991,0.999]
  len 3: 994/1000 = 0.994 [0.987,0.997]
  len 4: 971/1000 = 0.971 [0.959,0.980]
  len 5: 539/1000 = 0.539 [0.508,0.570]
  len 6: 885/1000 = 0.885 [0.864,0.903]
  written hist {2: 1035, 3: 991, 4: 1047, 5: 577, 6: 736}
  pruned hist {2: 1038, 3: 990, 4: 1049, 5: 579, 6: 730}
  frontier written 6 pruned 6
  reasons [('rule check failed: ANDI', 130), ('rule check failed: IMPE', 107), ('rule check failed: NEGE', 63), ('rule check failed: ORI2', 45), ('rule check failed: IMPI', 45), ('rule check failed: NEGI', 42)]
no accepted proofs: skipping training this round
=== round 3 done in 127s; new proofs 0; cum targets solved 0
[r3_1/ei_reductio_s26_req r4] targets (this round, pass@32) SOLVED 0/300 = 0.000 [0.000,0.013]
  len 7: 0/52 = 0.000 [0.000,0.069]
  len 8: 0/133 = 0.000 [0.000,0.028]
  len 9: 0/82 = 0.000 [0.000,0.045]
  len 10: 0/33 = 0.000 [0.000,0.104]
  written hist {}
  pruned hist {}
  frontier written 0 pruned 0
  reasons [('rule check failed: IMPE', 2952), ('rule check failed: ANDI', 1736), ('rule check failed: IMPI', 1281), ('rule check failed: DN', 898), ('bad line cite', 583), ('rule check failed: ORI2', 355)]
[r3_1/ei_reductio_s26_req r4] targets (cumulative 128 attempts) SOLVED 0/300 = 0.000 [0.000,0.013]
  len 7: 0/52 = 0.000 [0.000,0.069]
  len 8: 0/133 = 0.000 [0.000,0.028]
  len 9: 0/82 = 0.000 [0.000,0.045]
  len 10: 0/33 = 0.000 [0.000,0.104]
  written hist {}
  pruned hist {}
  frontier written 0 pruned 0
  reasons []
[r3_1/ei_reductio_s26_req r4] transfer (this round, pass@32) SOLVED 0/150 = 0.000 [0.000,0.025]
  len 7: 0/27 = 0.000 [0.000,0.125]
  len 8: 0/67 = 0.000 [0.000,0.054]
  len 9: 0/41 = 0.000 [0.000,0.086]
  len 10: 0/15 = 0.000 [0.000,0.204]
  written hist {}
  pruned hist {}
  frontier written 0 pruned 0
  reasons [('rule check failed: IMPE', 1553), ('rule check failed: ANDI', 900), ('rule check failed: IMPI', 685), ('rule check failed: DN', 311), ('bad line cite', 219), ('rule check failed: ORI2', 193)]
[r3_1/ei_reductio_s26_req r4] transfer (cumulative 128 attempts) SOLVED 0/150 = 0.000 [0.000,0.025]
  len 7: 0/27 = 0.000 [0.000,0.125]
  len 8: 0/67 = 0.000 [0.000,0.054]
  len 9: 0/41 = 0.000 [0.000,0.086]
  len 10: 0/15 = 0.000 [0.000,0.204]
  written hist {}
  pruned hist {}
  frontier written 0 pruned 0
  reasons []
[r3_1/ei_reductio_s26_req r4] transfer greedy SOLVED 0/150 = 0.000 [0.000,0.025]
  len 7: 0/27 = 0.000 [0.000,0.125]
  len 8: 0/67 = 0.000 [0.000,0.054]
  len 9: 0/41 = 0.000 [0.000,0.086]
  len 10: 0/15 = 0.000 [0.000,0.204]
  written hist {}
  pruned hist {}
  frontier written 0 pruned 0
  reasons [('rule check failed: IMPE', 52), ('rule check failed: ANDI', 31), ('rule check failed: IMPI', 23), ('rule check failed: DN', 11), ('final formula is not the conclusion', 5), ('rule check failed: ANDE2', 5)]
[r3_1/ei_reductio_s26_req r4] heldout greedy SOLVED 4386/5000 = 0.877 [0.868,0.886]
  len 2: 997/1000 = 0.997 [0.991,0.999]
  len 3: 994/1000 = 0.994 [0.987,0.997]
  len 4: 971/1000 = 0.971 [0.959,0.980]
  len 5: 539/1000 = 0.539 [0.508,0.570]
  len 6: 885/1000 = 0.885 [0.864,0.903]
  written hist {2: 1035, 3: 991, 4: 1047, 5: 577, 6: 736}
  pruned hist {2: 1038, 3: 990, 4: 1049, 5: 579, 6: 730}
  frontier written 6 pruned 6
  reasons [('rule check failed: ANDI', 130), ('rule check failed: IMPE', 107), ('rule check failed: NEGE', 63), ('rule check failed: ORI2', 45), ('rule check failed: IMPI', 45), ('rule check failed: NEGI', 42)]
no accepted proofs: skipping training this round
=== round 4 done in 162s; new proofs 0; cum targets solved 0
[r3_1/ei_reductio_s26_req r5] targets (this round, pass@32) SOLVED 0/300 = 0.000 [0.000,0.013]
  len 7: 0/52 = 0.000 [0.000,0.069]
  len 8: 0/133 = 0.000 [0.000,0.028]
  len 9: 0/82 = 0.000 [0.000,0.045]
  len 10: 0/33 = 0.000 [0.000,0.104]
  written hist {}
  pruned hist {}
  frontier written 0 pruned 0
  reasons [('rule check failed: IMPE', 2944), ('rule check failed: ANDI', 1734), ('rule check failed: IMPI', 1293), ('rule check failed: DN', 919), ('bad line cite', 546), ('rule check failed: ORI2', 378)]
[r3_1/ei_reductio_s26_req r5] targets (cumulative 160 attempts) SOLVED 0/300 = 0.000 [0.000,0.013]
  len 7: 0/52 = 0.000 [0.000,0.069]
  len 8: 0/133 = 0.000 [0.000,0.028]
  len 9: 0/82 = 0.000 [0.000,0.045]
  len 10: 0/33 = 0.000 [0.000,0.104]
  written hist {}
  pruned hist {}
  frontier written 0 pruned 0
  reasons []
[r3_1/ei_reductio_s26_req r5] transfer (this round, pass@32) SOLVED 0/150 = 0.000 [0.000,0.025]
  len 7: 0/27 = 0.000 [0.000,0.125]
  len 8: 0/67 = 0.000 [0.000,0.054]
  len 9: 0/41 = 0.000 [0.000,0.086]
  len 10: 0/15 = 0.000 [0.000,0.204]
  written hist {}
  pruned hist {}
  frontier written 0 pruned 0
  reasons [('rule check failed: IMPE', 1615), ('rule check failed: ANDI', 900), ('rule check failed: IMPI', 644), ('rule check failed: DN', 356), ('bad line cite', 234), ('rule check failed: ORI2', 186)]
[r3_1/ei_reductio_s26_req r5] transfer (cumulative 160 attempts) SOLVED 0/150 = 0.000 [0.000,0.025]
  len 7: 0/27 = 0.000 [0.000,0.125]
  len 8: 0/67 = 0.000 [0.000,0.054]
  len 9: 0/41 = 0.000 [0.000,0.086]
  len 10: 0/15 = 0.000 [0.000,0.204]
  written hist {}
  pruned hist {}
  frontier written 0 pruned 0
  reasons []
[r3_1/ei_reductio_s26_req r5] transfer greedy SOLVED 0/150 = 0.000 [0.000,0.025]
  len 7: 0/27 = 0.000 [0.000,0.125]
  len 8: 0/67 = 0.000 [0.000,0.054]
  len 9: 0/41 = 0.000 [0.000,0.086]
  len 10: 0/15 = 0.000 [0.000,0.204]
  written hist {}
  pruned hist {}
  frontier written 0 pruned 0
  reasons [('rule check failed: IMPE', 52), ('rule check failed: ANDI', 31), ('rule check failed: IMPI', 23), ('rule check failed: DN', 11), ('final formula is not the conclusion', 5), ('rule check failed: ANDE2', 5)]
[r3_1/ei_reductio_s26_req r5] heldout greedy SOLVED 4386/5000 = 0.877 [0.868,0.886]
  len 2: 997/1000 = 0.997 [0.991,0.999]
  len 3: 994/1000 = 0.994 [0.987,0.997]
  len 4: 971/1000 = 0.971 [0.959,0.980]
  len 5: 539/1000 = 0.539 [0.508,0.570]
  len 6: 885/1000 = 0.885 [0.864,0.903]
  written hist {2: 1035, 3: 991, 4: 1047, 5: 577, 6: 736}
  pruned hist {2: 1038, 3: 990, 4: 1049, 5: 579, 6: 730}
  frontier written 6 pruned 6
  reasons [('rule check failed: ANDI', 130), ('rule check failed: IMPE', 107), ('rule check failed: NEGE', 63), ('rule check failed: ORI2', 45), ('rule check failed: IMPI', 45), ('rule check failed: NEGI', 42)]
no accepted proofs: skipping training this round
=== round 5 done in 139s; new proofs 0; cum targets solved 0
[r3_1/ei_reductio_s26_req r6] targets (this round, pass@32) SOLVED 1/300 = 0.003 [0.001,0.019]
  len 7: 1/52 = 0.019 [0.003,0.101]
  len 8: 0/133 = 0.000 [0.000,0.028]
  len 9: 0/82 = 0.000 [0.000,0.045]
  len 10: 0/33 = 0.000 [0.000,0.104]
  written hist {7: 1}
  pruned hist {7: 1}
  frontier written 0 pruned 0
  reasons [('rule check failed: IMPE', 2917), ('rule check failed: ANDI', 1726), ('rule check failed: IMPI', 1297), ('rule check failed: DN', 891), ('bad line cite', 569), ('rule check failed: ORI2', 389)]
[r3_1/ei_reductio_s26_req r6] targets (cumulative 192 attempts) SOLVED 1/300 = 0.003 [0.001,0.019]
  len 7: 1/52 = 0.019 [0.003,0.101]
  len 8: 0/133 = 0.000 [0.000,0.028]
  len 9: 0/82 = 0.000 [0.000,0.045]
  len 10: 0/33 = 0.000 [0.000,0.104]
  written hist {7: 1}
  pruned hist {7: 1}
  frontier written 0 pruned 0
  reasons []
[r3_1/ei_reductio_s26_req r6] transfer (this round, pass@32) SOLVED 0/150 = 0.000 [0.000,0.025]
  len 7: 0/27 = 0.000 [0.000,0.125]
  len 8: 0/67 = 0.000 [0.000,0.054]
  len 9: 0/41 = 0.000 [0.000,0.086]
  len 10: 0/15 = 0.000 [0.000,0.204]
  written hist {}
  pruned hist {}
  frontier written 0 pruned 0
  reasons [('rule check failed: IMPE', 1582), ('rule check failed: ANDI', 919), ('rule check failed: IMPI', 685), ('rule check failed: DN', 325), ('bad line cite', 239), ('rule check failed: ORI2', 187)]
[r3_1/ei_reductio_s26_req r6] transfer (cumulative 192 attempts) SOLVED 0/150 = 0.000 [0.000,0.025]
  len 7: 0/27 = 0.000 [0.000,0.125]
  len 8: 0/67 = 0.000 [0.000,0.054]
  len 9: 0/41 = 0.000 [0.000,0.086]
  len 10: 0/15 = 0.000 [0.000,0.204]
  written hist {}
  pruned hist {}
  frontier written 0 pruned 0
  reasons []
[r3_1/ei_reductio_s26_req r6] transfer greedy SOLVED 0/150 = 0.000 [0.000,0.025]
  len 7: 0/27 = 0.000 [0.000,0.125]
  len 8: 0/67 = 0.000 [0.000,0.054]
  len 9: 0/41 = 0.000 [0.000,0.086]
  len 10: 0/15 = 0.000 [0.000,0.204]
  written hist {}
  pruned hist {}
  frontier written 0 pruned 0
  reasons [('rule check failed: IMPE', 52), ('rule check failed: ANDI', 31), ('rule check failed: IMPI', 23), ('rule check failed: DN', 11), ('final formula is not the conclusion', 5), ('rule check failed: ANDE2', 5)]
[r3_1/ei_reductio_s26_req r6] heldout greedy SOLVED 4386/5000 = 0.877 [0.868,0.886]
  len 2: 997/1000 = 0.997 [0.991,0.999]
  len 3: 994/1000 = 0.994 [0.987,0.997]
  len 4: 971/1000 = 0.971 [0.959,0.980]
  len 5: 539/1000 = 0.539 [0.508,0.570]
  len 6: 885/1000 = 0.885 [0.864,0.903]
  written hist {2: 1035, 3: 991, 4: 1047, 5: 577, 6: 736}
  pruned hist {2: 1038, 3: 990, 4: 1049, 5: 579, 6: 730}
  frontier written 6 pruned 6
  reasons [('rule check failed: ANDI', 130), ('rule check failed: IMPE', 107), ('rule check failed: NEGE', 63), ('rule check failed: ORI2', 45), ('rule check failed: IMPI', 45), ('rule check failed: NEGI', 42)]
python3 train.py --data artifacts/r3_1/ei_reductio_s26_req/mix_6.jsonl --init ckpts/r3_1/stage1_reductio_f0_s26.pt --steps 600 --lr 0.0003 --min_lr 2.9999999999999997e-05 --warmup 50 --cap 0 --out ckpts/r3_1/ei_reductio_s26_req_r6.pt --seed 26006 --log_every 200
params 3210240 mode abs shift True
train records 20004 max len 537
step 200 loss 0.0592 lr 2.53e-04 24s
step 400 loss 0.0570 lr 1.09e-04 57s
step 600 loss 0.0557 lr 3.00e-05 98s
saved ckpts/r3_1/ei_reductio_s26_req_r6.pt
=== round 6 done in 241s; new proofs 1; cum targets solved 1
[r3_1/ei_reductio_s26_req r7] targets (this round, pass@32) SOLVED 13/300 = 0.043 [0.025,0.073]
  len 7: 13/52 = 0.250 [0.152,0.382]
  len 8: 0/133 = 0.000 [0.000,0.028]
  len 9: 0/82 = 0.000 [0.000,0.045]
  len 10: 0/33 = 0.000 [0.000,0.104]
  written hist {7: 82}
  pruned hist {7: 82}
  frontier written 7 pruned 7
  reasons [('rule check failed: IMPE', 3255), ('rule check failed: ANDI', 1788), ('rule check failed: IMPI', 1301), ('rule check failed: DN', 585), ('rule check failed: ORI2', 455), ('bad line cite', 382)]
[r3_1/ei_reductio_s26_req r7] targets (cumulative 224 attempts) SOLVED 13/300 = 0.043 [0.025,0.073]
  len 7: 13/52 = 0.250 [0.152,0.382]
  len 8: 0/133 = 0.000 [0.000,0.028]
  len 9: 0/82 = 0.000 [0.000,0.045]
  len 10: 0/33 = 0.000 [0.000,0.104]
  written hist {7: 82}
  pruned hist {7: 82}
  frontier written 7 pruned 7
  reasons []
[r3_1/ei_reductio_s26_req r7] transfer (this round, pass@32) SOLVED 3/150 = 0.020 [0.007,0.057]
  len 7: 3/27 = 0.111 [0.039,0.281]
  len 8: 0/67 = 0.000 [0.000,0.054]
  len 9: 0/41 = 0.000 [0.000,0.086]
  len 10: 0/15 = 0.000 [0.000,0.204]
  written hist {7: 6}
  pruned hist {7: 6}
  frontier written 7 pruned 7
  reasons [('rule check failed: IMPE', 1613), ('rule check failed: ANDI', 909), ('rule check failed: IMPI', 587), ('rule check failed: DN', 321), ('rule check failed: ORI2', 257), ('final formula is not the conclusion', 193)]
[r3_1/ei_reductio_s26_req r7] transfer (cumulative 224 attempts) SOLVED 3/150 = 0.020 [0.007,0.057]
  len 7: 3/27 = 0.111 [0.039,0.281]
  len 8: 0/67 = 0.000 [0.000,0.054]
  len 9: 0/41 = 0.000 [0.000,0.086]
  len 10: 0/15 = 0.000 [0.000,0.204]
  written hist {7: 6}
  pruned hist {7: 6}
  frontier written 7 pruned 7
  reasons []
[r3_1/ei_reductio_s26_req r7] transfer greedy SOLVED 0/150 = 0.000 [0.000,0.025]
  len 7: 0/27 = 0.000 [0.000,0.125]
  len 8: 0/67 = 0.000 [0.000,0.054]
  len 9: 0/41 = 0.000 [0.000,0.086]
  len 10: 0/15 = 0.000 [0.000,0.204]
  written hist {}
  pruned hist {}
  frontier written 0 pruned 0
  reasons [('rule check failed: IMPE', 52), ('rule check failed: ANDI', 30), ('rule check failed: IMPI', 18), ('final formula is not the conclusion', 9), ('rule check failed: DN', 9), ('rule check failed: ORI2', 8)]
[r3_1/ei_reductio_s26_req r7] heldout greedy SOLVED 4409/5000 = 0.882 [0.873,0.890]
  len 2: 999/1000 = 0.999 [0.994,1.000]
  len 3: 994/1000 = 0.994 [0.987,0.997]
  len 4: 969/1000 = 0.969 [0.956,0.978]
  len 5: 570/1000 = 0.570 [0.539,0.600]
  len 6: 877/1000 = 0.877 [0.855,0.896]
  written hist {2: 1071, 3: 987, 4: 1012, 5: 584, 6: 755}
  pruned hist {2: 1071, 3: 988, 4: 1018, 5: 580, 6: 752}
  frontier written 6 pruned 6
  reasons [('rule check failed: ANDI', 135), ('rule check failed: IMPE', 85), ('rule check failed: ORI2', 72), ('rule check failed: IMPI', 62), ('bad line cite', 45), ('rule check failed: NEGE', 36)]
python3 train.py --data artifacts/r3_1/ei_reductio_s26_req/mix_7.jsonl --init ckpts/r3_1/ei_reductio_s26_req_r6.pt --steps 600 --lr 0.0003 --min_lr 2.9999999999999997e-05 --warmup 50 --cap 0 --out ckpts/r3_1/ei_reductio_s26_req_r7.pt --seed 26007 --log_every 200
params 3210240 mode abs shift True
train records 20148 max len 476
step 200 loss 0.0627 lr 2.53e-04 23s
step 400 loss 0.0577 lr 1.09e-04 50s
step 600 loss 0.0564 lr 3.00e-05 82s
saved ckpts/r3_1/ei_reductio_s26_req_r7.pt
=== round 7 done in 214s; new proofs 81; cum targets solved 13
[r3_1/ei_reductio_s26_req r8] targets (this round, pass@32) SOLVED 33/300 = 0.110 [0.079,0.150]
  len 7: 33/52 = 0.635 [0.499,0.752]
  len 8: 0/133 = 0.000 [0.000,0.028]
  len 9: 0/82 = 0.000 [0.000,0.045]
  len 10: 0/33 = 0.000 [0.000,0.104]
  written hist {7: 592}
  pruned hist {7: 592}
  frontier written 7 pruned 7
  reasons [('rule check failed: IMPE', 2276), ('rule check failed: ANDI', 1463), ('rule check failed: IMPI', 1185), ('rule check failed: ORI2', 646), ('rule check failed: DN', 587), ('final formula is not the conclusion', 569)]
[r3_1/ei_reductio_s26_req r8] targets (cumulative 256 attempts) SOLVED 33/300 = 0.110 [0.079,0.150]
  len 7: 33/52 = 0.635 [0.499,0.752]
  len 8: 0/133 = 0.000 [0.000,0.028]
  len 9: 0/82 = 0.000 [0.000,0.045]
  len 10: 0/33 = 0.000 [0.000,0.104]
  written hist {7: 640}
  pruned hist {7: 640}
  frontier written 7 pruned 7
  reasons []
[r3_1/ei_reductio_s26_req r8] transfer (this round, pass@32) SOLVED 15/150 = 0.100 [0.062,0.158]
  len 7: 15/27 = 0.556 [0.373,0.724]
  len 8: 0/67 = 0.000 [0.000,0.054]
  len 9: 0/41 = 0.000 [0.000,0.086]
  len 10: 0/15 = 0.000 [0.000,0.204]
  written hist {7: 256}
  pruned hist {7: 256}
  frontier written 7 pruned 7
  reasons [('rule check failed: IMPE', 1147), ('rule check failed: ANDI', 794), ('rule check failed: IMPI', 667), ('final formula is not the conclusion', 264), ('rule check failed: DN', 263), ('rule check failed: ORI2', 262)]
[r3_1/ei_reductio_s26_req r8] transfer (cumulative 256 attempts) SOLVED 15/150 = 0.100 [0.062,0.158]
  len 7: 15/27 = 0.556 [0.373,0.724]
  len 8: 0/67 = 0.000 [0.000,0.054]
  len 9: 0/41 = 0.000 [0.000,0.086]
  len 10: 0/15 = 0.000 [0.000,0.204]
  written hist {7: 258}
  pruned hist {7: 258}
  frontier written 7 pruned 7
  reasons []
[r3_1/ei_reductio_s26_req r8] transfer greedy SOLVED 13/150 = 0.087 [0.051,0.143]
  len 7: 13/27 = 0.481 [0.307,0.660]
  len 8: 0/67 = 0.000 [0.000,0.054]
  len 9: 0/41 = 0.000 [0.000,0.086]
  len 10: 0/15 = 0.000 [0.000,0.204]
  written hist {7: 13}
  pruned hist {7: 13}
  frontier written 7 pruned 7
  reasons [('rule check failed: IMPE', 34), ('rule check failed: ANDI', 27), ('rule check failed: IMPI', 22), ('final formula is not the conclusion', 8), ('rule check failed: ORI2', 8), ('rule check failed: ORI1', 8)]
[r3_1/ei_reductio_s26_req r8] heldout greedy SOLVED 4410/5000 = 0.882 [0.873,0.891]
  len 2: 999/1000 = 0.999 [0.994,1.000]
  len 3: 993/1000 = 0.993 [0.986,0.997]
  len 4: 970/1000 = 0.970 [0.957,0.979]
  len 5: 570/1000 = 0.570 [0.539,0.600]
  len 6: 878/1000 = 0.878 [0.856,0.897]
  written hist {2: 1073, 3: 987, 4: 1017, 5: 584, 6: 749}
  pruned hist {2: 1075, 3: 985, 4: 1022, 5: 583, 6: 745}
  frontier written 6 pruned 6
  reasons [('rule check failed: ANDI', 128), ('rule check failed: IMPE', 105), ('rule check failed: ORI2', 61), ('rule check failed: NEGE', 43), ('rule check failed: DN', 36), ('rule check failed: NEGI', 35)]
python3 train.py --data artifacts/r3_1/ei_reductio_s26_req/mix_8.jsonl --init ckpts/r3_1/ei_reductio_s26_req_r7.pt --steps 600 --lr 0.0003 --min_lr 2.9999999999999997e-05 --warmup 50 --cap 0 --out ckpts/r3_1/ei_reductio_s26_req_r8.pt --seed 26008 --log_every 200
params 3210240 mode abs shift True
train records 20496 max len 537
step 200 loss 0.0597 lr 2.53e-04 19s
step 400 loss 0.0599 lr 1.09e-04 45s
step 600 loss 0.0574 lr 3.00e-05 69s
saved ckpts/r3_1/ei_reductio_s26_req_r8.pt
=== round 8 done in 209s; new proofs 558; cum targets solved 33
