[r3_1/ei_reductio_s22_mix r1] targets (this round, pass@32) SOLVED 69/600 = 0.115 [0.092,0.143]
  len 7: 67/264 = 0.254 [0.205,0.310]
  len 8: 2/221 = 0.009 [0.002,0.032]
  len 9: 0/82 = 0.000 [0.000,0.045]
  len 10: 0/33 = 0.000 [0.000,0.104]
  written hist {7: 522, 8: 9}
  pruned hist {5: 28, 6: 113, 7: 381, 8: 9}
  frontier written 8 pruned 8
  reasons [('rule check failed: IMPE', 4298), ('rule check failed: NEGE', 3195), ('rule check failed: ANDI', 2727), ('rule check failed: IMPI', 1788), ('rule check failed: ORI2', 1115), ('bad line cite', 1034)]
[r3_1/ei_reductio_s22_mix r1] targets (cumulative 32 attempts) SOLVED 69/600 = 0.115 [0.092,0.143]
  len 7: 67/264 = 0.254 [0.205,0.310]
  len 8: 2/221 = 0.009 [0.002,0.032]
  len 9: 0/82 = 0.000 [0.000,0.045]
  len 10: 0/33 = 0.000 [0.000,0.104]
  written hist {7: 522, 8: 9}
  pruned hist {5: 28, 6: 113, 7: 381, 8: 9}
  frontier written 8 pruned 8
  reasons []
[r3_1/ei_reductio_s22_mix r1] transfer (this round, pass@32) SOLVED 0/150 = 0.000 [0.000,0.025]
  len 7: 0/27 = 0.000 [0.000,0.125]
  len 8: 0/67 = 0.000 [0.000,0.054]
  len 9: 0/41 = 0.000 [0.000,0.086]
  len 10: 0/15 = 0.000 [0.000,0.204]
  written hist {}
  pruned hist {}
  frontier written 0 pruned 0
  reasons [('rule check failed: IMPE', 1722), ('rule check failed: ANDI', 886), ('rule check failed: IMPI', 545), ('rule check failed: ORI2', 384), ('rule check failed: ANDE2', 317), ('bad line cite', 240)]
[r3_1/ei_reductio_s22_mix r1] transfer (cumulative 32 attempts) SOLVED 0/150 = 0.000 [0.000,0.025]
  len 7: 0/27 = 0.000 [0.000,0.125]
  len 8: 0/67 = 0.000 [0.000,0.054]
  len 9: 0/41 = 0.000 [0.000,0.086]
  len 10: 0/15 = 0.000 [0.000,0.204]
  written hist {}
  pruned hist {}
  frontier written 0 pruned 0
  reasons []
[r3_1/ei_reductio_s22_mix r1] transfer greedy SOLVED 0/150 = 0.000 [0.000,0.025]
  len 7: 0/27 = 0.000 [0.000,0.125]
  len 8: 0/67 = 0.000 [0.000,0.054]
  len 9: 0/41 = 0.000 [0.000,0.086]
  len 10: 0/15 = 0.000 [0.000,0.204]
  written hist {}
  pruned hist {}
  frontier written 0 pruned 0
  reasons [('rule check failed: IMPE', 53), ('rule check failed: ANDI', 31), ('rule check failed: IMPI', 15), ('rule check failed: ORI2', 12), ('rule check failed: ANDE2', 11), ('line index mismatch at position 5', 7)]
[r3_1/ei_reductio_s22_mix r1] heldout greedy SOLVED 4432/5000 = 0.886 [0.877,0.895]
  len 2: 995/1000 = 0.995 [0.988,0.998]
  len 3: 1000/1000 = 1.000 [0.996,1.000]
  len 4: 976/1000 = 0.976 [0.965,0.984]
  len 5: 559/1000 = 0.559 [0.528,0.589]
  len 6: 902/1000 = 0.902 [0.882,0.919]
  written hist {2: 1056, 3: 998, 4: 1051, 5: 580, 6: 747}
  pruned hist {2: 1056, 3: 1000, 4: 1056, 5: 574, 6: 746}
  frontier written 6 pruned 6
  reasons [('rule check failed: IMPE', 128), ('rule check failed: ANDI', 117), ('rule check failed: DN', 60), ('rule check failed: NEGE', 41), ('final formula is not the conclusion', 32), ('rule check failed: ORI2', 31)]
python3 train.py --data artifacts/r3_1/ei_reductio_s22_mix/mix_1.jsonl --init ckpts/r3_1/stage1_reductio_f0_s22.pt --steps 600 --lr 0.0003 --min_lr 2.9999999999999997e-05 --warmup 50 --cap 0 --out ckpts/r3_1/ei_reductio_s22_mix_r1.pt --seed 22001 --log_every 200
params 3210240 mode abs shift True
train records 20848 max len 537
step 200 loss 0.0617 lr 2.53e-04 33s
step 400 loss 0.0574 lr 1.09e-04 66s
step 600 loss 0.0533 lr 3.00e-05 93s
saved ckpts/r3_1/ei_reductio_s22_mix_r1.pt
=== round 1 done in 191s; new proofs 531; cum targets solved 69
[r3_1/ei_reductio_s22_mix r2] targets (this round, pass@32) SOLVED 110/600 = 0.183 [0.154,0.216]
  len 7: 100/264 = 0.379 [0.322,0.439]
  len 8: 10/221 = 0.045 [0.025,0.081]
  len 9: 0/82 = 0.000 [0.000,0.045]
  len 10: 0/33 = 0.000 [0.000,0.104]
  written hist {7: 1693, 8: 138, 9: 2}
  pruned hist {5: 66, 6: 420, 7: 1249, 8: 96, 9: 2}
  frontier written 8 pruned 8
  reasons [('rule check failed: IMPE', 3258), ('rule check failed: NEGE', 2844), ('rule check failed: ANDI', 2150), ('rule check failed: IMPI', 1450), ('bad line cite', 1090), ('rule check failed: ORI2', 908)]
[r3_1/ei_reductio_s22_mix r2] targets (cumulative 64 attempts) SOLVED 110/600 = 0.183 [0.154,0.216]
  len 7: 100/264 = 0.379 [0.322,0.439]
  len 8: 10/221 = 0.045 [0.025,0.081]
  len 9: 0/82 = 0.000 [0.000,0.045]
  len 10: 0/33 = 0.000 [0.000,0.104]
  written hist {7: 2050, 8: 146, 9: 2}
  pruned hist {5: 83, 6: 500, 7: 1509, 8: 104, 9: 2}
  frontier written 8 pruned 8
  reasons []
[r3_1/ei_reductio_s22_mix r2] transfer (this round, pass@32) SOLVED 0/150 = 0.000 [0.000,0.025]
  len 7: 0/27 = 0.000 [0.000,0.125]
  len 8: 0/67 = 0.000 [0.000,0.054]
  len 9: 0/41 = 0.000 [0.000,0.086]
  len 10: 0/15 = 0.000 [0.000,0.204]
  written hist {}
  pruned hist {}
  frontier written 0 pruned 0
  reasons [('rule check failed: IMPE', 1519), ('rule check failed: ANDI', 702), ('rule check failed: IMPI', 485), ('rule check failed: ORI2', 327), ('rule check failed: ANDE2', 295), ('bad line cite', 276)]
[r3_1/ei_reductio_s22_mix r2] transfer (cumulative 64 attempts) SOLVED 0/150 = 0.000 [0.000,0.025]
  len 7: 0/27 = 0.000 [0.000,0.125]
  len 8: 0/67 = 0.000 [0.000,0.054]
  len 9: 0/41 = 0.000 [0.000,0.086]
  len 10: 0/15 = 0.000 [0.000,0.204]
  written hist {}
  pruned hist {}
  frontier written 0 pruned 0
  reasons []
[r3_1/ei_reductio_s22_mix r2] transfer greedy SOLVED 0/150 = 0.000 [0.000,0.025]
  len 7: 0/27 = 0.000 [0.000,0.125]
  len 8: 0/67 = 0.000 [0.000,0.054]
  len 9: 0/41 = 0.000 [0.000,0.086]
  len 10: 0/15 = 0.000 [0.000,0.204]
  written hist {}
  pruned hist {}
  frontier written 0 pruned 0
  reasons [('rule check failed: IMPE', 46), ('rule check failed: ANDI', 23), ('rule check failed: IMPI', 14), ('rule check failed: ORI2', 12), ('rule check failed: ANDE2', 9), ('line index mismatch at position 5', 7)]
[r3_1/ei_reductio_s22_mix r2] heldout greedy SOLVED 4396/5000 = 0.879 [0.870,0.888]
  len 2: 995/1000 = 0.995 [0.988,0.998]
  len 3: 996/1000 = 0.996 [0.990,0.998]
  len 4: 973/1000 = 0.973 [0.961,0.981]
  len 5: 534/1000 = 0.534 [0.503,0.565]
  len 6: 898/1000 = 0.898 [0.878,0.915]
  written hist {2: 1027, 3: 996, 4: 1039, 5: 576, 6: 758}
  pruned hist {2: 1027, 3: 999, 4: 1040, 5: 574, 6: 756}
  frontier written 6 pruned 6
  reasons [('rule check failed: IMPE', 118), ('rule check failed: ANDI', 103), ('rule check failed: DN', 65), ('rule check failed: NEGE', 60), ('final formula is not the conclusion', 45), ('parse: missing ) after ~', 32)]
python3 train.py --data artifacts/r3_1/ei_reductio_s22_mix/mix_2.jsonl --init ckpts/r3_1/ei_reductio_s22_mix_r1.pt --steps 600 --lr 0.0003 --min_lr 2.9999999999999997e-05 --warmup 50 --cap 0 --out ckpts/r3_1/ei_reductio_s22_mix_r2.pt --seed 22002 --log_every 200
params 3210240 mode abs shift True
train records 21684 max len 524
step 200 loss 0.0565 lr 2.53e-04 34s
step 400 loss 0.0549 lr 1.09e-04 67s
step 600 loss 0.0499 lr 3.00e-05 97s
saved ckpts/r3_1/ei_reductio_s22_mix_r2.pt
=== round 2 done in 188s; new proofs 1667; cum targets solved 110
[r3_1/ei_reductio_s22_mix r3] targets (this round, pass@32) SOLVED 132/600 = 0.220 [0.189,0.255]
  len 7: 119/264 = 0.451 [0.392,0.511]
  len 8: 13/221 = 0.059 [0.035,0.098]
  len 9: 0/82 = 0.000 [0.000,0.045]
  len 10: 0/33 = 0.000 [0.000,0.104]
  written hist {7: 1694, 8: 158, 9: 16}
  pruned hist {5: 69, 6: 436, 7: 1248, 8: 99, 9: 16}
  frontier written 9 pruned 9
  reasons [('rule check failed: IMPE', 3733), ('rule check failed: NEGE', 2667), ('rule check failed: ANDI', 2080), ('rule check failed: IMPI', 1446), ('rule check failed: DN', 898), ('bad line cite', 884)]
[r3_1/ei_reductio_s22_mix r3] targets (cumulative 96 attempts) SOLVED 132/600 = 0.220 [0.189,0.255]
  len 7: 119/264 = 0.451 [0.392,0.511]
  len 8: 13/221 = 0.059 [0.035,0.098]
  len 9: 0/82 = 0.000 [0.000,0.045]
  len 10: 0/33 = 0.000 [0.000,0.104]
  written hist {7: 2899, 8: 239, 9: 17}
  pruned hist {5: 114, 6: 742, 7: 2121, 8: 161, 9: 17}
  frontier written 9 pruned 9
  reasons []
[r3_1/ei_reductio_s22_mix r3] transfer (this round, pass@32) SOLVED 1/150 = 0.007 [0.001,0.037]
  len 7: 1/27 = 0.037 [0.007,0.183]
  len 8: 0/67 = 0.000 [0.000,0.054]
  len 9: 0/41 = 0.000 [0.000,0.086]
  len 10: 0/15 = 0.000 [0.000,0.204]
  written hist {7: 1}
  pruned hist {7: 1}
  frontier written 0 pruned 0
  reasons [('rule check failed: IMPE', 1822), ('rule check failed: ANDI', 854), ('rule check failed: IMPI', 505), ('bad line cite', 322), ('rule check failed: ORI2', 214), ('rule check failed: DN', 202)]
[r3_1/ei_reductio_s22_mix r3] transfer (cumulative 96 attempts) SOLVED 1/150 = 0.007 [0.001,0.037]
  len 7: 1/27 = 0.037 [0.007,0.183]
  len 8: 0/67 = 0.000 [0.000,0.054]
  len 9: 0/41 = 0.000 [0.000,0.086]
  len 10: 0/15 = 0.000 [0.000,0.204]
  written hist {7: 1}
  pruned hist {7: 1}
  frontier written 0 pruned 0
  reasons []
[r3_1/ei_reductio_s22_mix r3] transfer greedy SOLVED 0/150 = 0.000 [0.000,0.025]
  len 7: 0/27 = 0.000 [0.000,0.125]
  len 8: 0/67 = 0.000 [0.000,0.054]
  len 9: 0/41 = 0.000 [0.000,0.086]
  len 10: 0/15 = 0.000 [0.000,0.204]
  written hist {}
  pruned hist {}
  frontier written 0 pruned 0
  reasons [('rule check failed: IMPE', 60), ('rule check failed: ANDI', 28), ('rule check failed: IMPI', 14), ('bad line cite', 12), ('rule check failed: DN', 6), ('final formula is not the conclusion', 6)]
[r3_1/ei_reductio_s22_mix r3] heldout greedy SOLVED 4411/5000 = 0.882 [0.873,0.891]
  len 2: 996/1000 = 0.996 [0.990,0.998]
  len 3: 994/1000 = 0.994 [0.987,0.997]
  len 4: 974/1000 = 0.974 [0.962,0.982]
  len 5: 537/1000 = 0.537 [0.506,0.568]
  len 6: 910/1000 = 0.910 [0.891,0.926]
  written hist {2: 1022, 3: 994, 4: 1022, 5: 592, 6: 780, 7: 1}
  pruned hist {2: 1023, 3: 994, 4: 1026, 5: 588, 6: 779, 7: 1}
  frontier written 6 pruned 6
  reasons [('rule check failed: IMPE', 123), ('final formula is not the conclusion', 98), ('rule check failed: ANDI', 87), ('rule check failed: DN', 46), ('rule check failed: NEGE', 40), ('rule check failed: IMPI', 32)]
python3 train.py --data artifacts/r3_1/ei_reductio_s22_mix/mix_3.jsonl --init ckpts/r3_1/ei_reductio_s22_mix_r2.pt --steps 600 --lr 0.0003 --min_lr 2.9999999999999997e-05 --warmup 50 --cap 0 --out ckpts/r3_1/ei_reductio_s22_mix_r3.pt --seed 22003 --log_every 200
params 3210240 mode abs shift True
train records 22012 max len 516
step 200 loss 0.0508 lr 2.53e-04 34s
step 400 loss 0.0571 lr 1.09e-04 67s
step 600 loss 0.0540 lr 3.00e-05 96s
saved ckpts/r3_1/ei_reductio_s22_mix_r3.pt
=== round 3 done in 191s; new proofs 957; cum targets solved 132
[r3_1/ei_reductio_s22_mix r4] targets (this round, pass@32) SOLVED 154/600 = 0.257 [0.223,0.293]
  len 7: 133/264 = 0.504 [0.444,0.564]
  len 8: 21/221 = 0.095 [0.063,0.141]
  len 9: 0/82 = 0.000 [0.000,0.045]
  len 10: 0/33 = 0.000 [0.000,0.104]
  written hist {7: 1821, 8: 232, 9: 21}
  pruned hist {5: 103, 6: 408, 7: 1379, 8: 163, 9: 21}
  frontier written 9 pruned 9
  reasons [('rule check failed: IMPE', 3362), ('rule check failed: NEGE', 2462), ('rule check failed: ANDI', 1994), ('rule check failed: IMPI', 1481), ('rule check failed: DN', 1099), ('bad line cite', 867)]
[r3_1/ei_reductio_s22_mix r4] targets (cumulative 128 attempts) SOLVED 154/600 = 0.257 [0.223,0.293]
  len 7: 133/264 = 0.504 [0.444,0.564]
  len 8: 21/221 = 0.095 [0.063,0.141]
  len 9: 0/82 = 0.000 [0.000,0.045]
  len 10: 0/33 = 0.000 [0.000,0.104]
  written hist {7: 3540, 8: 357, 9: 26}
  pruned hist {5: 168, 6: 876, 7: 2602, 8: 251, 9: 26}
  frontier written 9 pruned 9
  reasons []
[r3_1/ei_reductio_s22_mix r4] transfer (this round, pass@32) SOLVED 0/150 = 0.000 [0.000,0.025]
  len 7: 0/27 = 0.000 [0.000,0.125]
  len 8: 0/67 = 0.000 [0.000,0.054]
  len 9: 0/41 = 0.000 [0.000,0.086]
  len 10: 0/15 = 0.000 [0.000,0.204]
  written hist {}
  pruned hist {}
  frontier written 0 pruned 0
  reasons [('rule check failed: IMPE', 1655), ('rule check failed: ANDI', 837), ('rule check failed: IMPI', 549), ('rule check failed: ORI2', 268), ('bad line cite', 242), ('bad box cite', 215)]
[r3_1/ei_reductio_s22_mix r4] transfer (cumulative 128 attempts) SOLVED 1/150 = 0.007 [0.001,0.037]
  len 7: 1/27 = 0.037 [0.007,0.183]
  len 8: 0/67 = 0.000 [0.000,0.054]
  len 9: 0/41 = 0.000 [0.000,0.086]
  len 10: 0/15 = 0.000 [0.000,0.204]
  written hist {7: 1}
  pruned hist {7: 1}
  frontier written 0 pruned 0
  reasons []
[r3_1/ei_reductio_s22_mix r4] transfer greedy SOLVED 0/150 = 0.000 [0.000,0.025]
  len 7: 0/27 = 0.000 [0.000,0.125]
  len 8: 0/67 = 0.000 [0.000,0.054]
  len 9: 0/41 = 0.000 [0.000,0.086]
  len 10: 0/15 = 0.000 [0.000,0.204]
  written hist {}
  pruned hist {}
  frontier written 0 pruned 0
  reasons [('rule check failed: IMPE', 54), ('rule check failed: ANDI', 27), ('rule check failed: IMPI', 18), ('bad line cite', 10), ('bad box cite', 7), ('rule check failed: ORI2', 7)]
[r3_1/ei_reductio_s22_mix r4] heldout greedy SOLVED 4389/5000 = 0.878 [0.868,0.887]
  len 2: 998/1000 = 0.998 [0.993,0.999]
  len 3: 992/1000 = 0.992 [0.984,0.996]
  len 4: 972/1000 = 0.972 [0.960,0.981]
  len 5: 524/1000 = 0.524 [0.493,0.555]
  len 6: 903/1000 = 0.903 [0.883,0.920]
  written hist {2: 1022, 3: 981, 4: 1047, 5: 584, 6: 755}
  pruned hist {2: 1023, 3: 982, 4: 1051, 5: 580, 6: 753}
  frontier written 6 pruned 6
  reasons [('rule check failed: IMPE', 148), ('rule check failed: ANDI', 86), ('rule check failed: DN', 69), ('rule check failed: NEGE', 61), ('final formula is not the conclusion', 47), ('rule check failed: ORI2', 31)]
python3 train.py --data artifacts/r3_1/ei_reductio_s22_mix/mix_4.jsonl --init ckpts/r3_1/ei_reductio_s22_mix_r3.pt --steps 600 --lr 0.0003 --min_lr 2.9999999999999997e-05 --warmup 50 --cap 0 --out ckpts/r3_1/ei_reductio_s22_mix_r4.pt --seed 22004 --log_every 200
params 3210240 mode abs shift True
train records 22408 max len 480
step 200 loss 0.0533 lr 2.53e-04 31s
step 400 loss 0.0538 lr 1.09e-04 64s
step 600 loss 0.0496 lr 3.00e-05 93s
saved ckpts/r3_1/ei_reductio_s22_mix_r4.pt
=== round 4 done in 183s; new proofs 768; cum targets solved 154
[r3_1/ei_reductio_s22_mix r5] targets (this round, pass@32) SOLVED 160/600 = 0.267 [0.233,0.303]
  len 7: 135/264 = 0.511 [0.451,0.571]
  len 8: 25/221 = 0.113 [0.078,0.162]
  len 9: 0/82 = 0.000 [0.000,0.045]
  len 10: 0/33 = 0.000 [0.000,0.104]
  written hist {7: 1845, 8: 318, 9: 44}
  pruned hist {5: 114, 6: 395, 7: 1396, 8: 258, 9: 44}
  frontier written 9 pruned 9
  reasons [('rule check failed: IMPE', 3029), ('rule check failed: NEGE', 2028), ('rule check failed: ANDI', 1650), ('rule check failed: DN', 1591), ('rule check failed: IMPI', 1323), ('bad line cite', 1143)]
[r3_1/ei_reductio_s22_mix r5] targets (cumulative 160 attempts) SOLVED 160/600 = 0.267 [0.233,0.303]
  len 7: 135/264 = 0.511 [0.451,0.571]
  len 8: 25/221 = 0.113 [0.078,0.162]
  len 9: 0/82 = 0.000 [0.000,0.045]
  len 10: 0/33 = 0.000 [0.000,0.104]
  written hist {7: 3945, 8: 499, 9: 55}
  pruned hist {5: 207, 6: 949, 7: 2907, 8: 381, 9: 55}
  frontier written 9 pruned 9
  reasons []
[r3_1/ei_reductio_s22_mix r5] transfer (this round, pass@32) SOLVED 0/150 = 0.000 [0.000,0.025]
  len 7: 0/27 = 0.000 [0.000,0.125]
  len 8: 0/67 = 0.000 [0.000,0.054]
  len 9: 0/41 = 0.000 [0.000,0.086]
  len 10: 0/15 = 0.000 [0.000,0.204]
  written hist {}
  pruned hist {}
  frontier written 0 pruned 0
  reasons [('rule check failed: IMPE', 1497), ('rule check failed: ANDI', 837), ('rule check failed: IMPI', 502), ('rule check failed: DN', 377), ('bad line cite', 332), ('rule check failed: ORI2', 313)]
[r3_1/ei_reductio_s22_mix r5] transfer (cumulative 160 attempts) SOLVED 1/150 = 0.007 [0.001,0.037]
  len 7: 1/27 = 0.037 [0.007,0.183]
  len 8: 0/67 = 0.000 [0.000,0.054]
  len 9: 0/41 = 0.000 [0.000,0.086]
  len 10: 0/15 = 0.000 [0.000,0.204]
  written hist {7: 1}
  pruned hist {7: 1}
  frontier written 0 pruned 0
  reasons []
[r3_1/ei_reductio_s22_mix r5] transfer greedy SOLVED 0/150 = 0.000 [0.000,0.025]
  len 7: 0/27 = 0.000 [0.000,0.125]
  len 8: 0/67 = 0.000 [0.000,0.054]
  len 9: 0/41 = 0.000 [0.000,0.086]
  len 10: 0/15 = 0.000 [0.000,0.204]
  written hist {}
  pruned hist {}
  frontier written 0 pruned 0
  reasons [('rule check failed: IMPE', 47), ('rule check failed: ANDI', 28), ('rule check failed: IMPI', 18), ('rule check failed: DN', 15), ('bad line cite', 12), ('rule check failed: ORI2', 9)]
[r3_1/ei_reductio_s22_mix r5] heldout greedy SOLVED 4400/5000 = 0.880 [0.871,0.889]
  len 2: 998/1000 = 0.998 [0.993,0.999]
  len 3: 995/1000 = 0.995 [0.988,0.998]
  len 4: 972/1000 = 0.972 [0.960,0.981]
  len 5: 542/1000 = 0.542 [0.511,0.573]
  len 6: 893/1000 = 0.893 [0.872,0.911]
  written hist {2: 1036, 3: 986, 4: 1019, 5: 594, 6: 764, 7: 1}
  pruned hist {2: 1037, 3: 987, 4: 1026, 5: 586, 6: 764}
  frontier written 6 pruned 6
  reasons [('rule check failed: IMPE', 118), ('rule check failed: DN', 92), ('rule check failed: ANDI', 86), ('final formula is not the conclusion', 72), ('rule check failed: NEGE', 46), ('rule check failed: ORI2', 35)]
python3 train.py --data artifacts/r3_1/ei_reductio_s22_mix/mix_5.jsonl --init ckpts/r3_1/ei_reductio_s22_mix_r4.pt --steps 600 --lr 0.0003 --min_lr 2.9999999999999997e-05 --warmup 50 --cap 0 --out ckpts/r3_1/ei_reductio_s22_mix_r5.pt --seed 22005 --log_every 200
params 3210240 mode abs shift True
train records 22532 max len 602
step 200 loss 0.0552 lr 2.53e-04 25s
step 400 loss 0.0519 lr 1.09e-04 59s
step 600 loss 0.0480 lr 3.00e-05 92s
saved ckpts/r3_1/ei_reductio_s22_mix_r5.pt
=== round 5 done in 189s; new proofs 576; cum targets solved 160
[r3_1/ei_reductio_s22_mix r6] targets (this round, pass@32) SOLVED 170/600 = 0.283 [0.249,0.321]
  len 7: 142/264 = 0.538 [0.478,0.597]
  len 8: 28/221 = 0.127 [0.089,0.177]
  len 9: 0/82 = 0.000 [0.000,0.045]
  len 10: 0/33 = 0.000 [0.000,0.104]
  written hist {7: 2058, 8: 387, 9: 47}
  pruned hist {5: 118, 6: 444, 7: 1577, 8: 306, 9: 47}
  frontier written 9 pruned 9
  reasons [('rule check failed: IMPE', 3618), ('rule check failed: NEGE', 2023), ('rule check failed: ANDI', 1760), ('rule check failed: DN', 1205), ('rule check failed: IMPI', 1186), ('bad line cite', 873)]
[r3_1/ei_reductio_s22_mix r6] targets (cumulative 192 attempts) SOLVED 170/600 = 0.283 [0.249,0.321]
  len 7: 142/264 = 0.538 [0.478,0.597]
  len 8: 28/221 = 0.127 [0.089,0.177]
  len 9: 0/82 = 0.000 [0.000,0.045]
  len 10: 0/33 = 0.000 [0.000,0.104]
  written hist {7: 4319, 8: 652, 9: 73}
  pruned hist {5: 230, 6: 1012, 7: 3223, 8: 506, 9: 73}
  frontier written 9 pruned 9
  reasons []
[r3_1/ei_reductio_s22_mix r6] transfer (this round, pass@32) SOLVED 0/150 = 0.000 [0.000,0.025]
  len 7: 0/27 = 0.000 [0.000,0.125]
  len 8: 0/67 = 0.000 [0.000,0.054]
  len 9: 0/41 = 0.000 [0.000,0.086]
  len 10: 0/15 = 0.000 [0.000,0.204]
  written hist {}
  pruned hist {}
  frontier written 0 pruned 0
  reasons [('rule check failed: IMPE', 1628), ('rule check failed: ANDI', 858), ('rule check failed: IMPI', 467), ('bad line cite', 335), ('rule check failed: ORI2', 309), ('rule check failed: DN', 263)]
[r3_1/ei_reductio_s22_mix r6] transfer (cumulative 192 attempts) SOLVED 1/150 = 0.007 [0.001,0.037]
  len 7: 1/27 = 0.037 [0.007,0.183]
  len 8: 0/67 = 0.000 [0.000,0.054]
  len 9: 0/41 = 0.000 [0.000,0.086]
  len 10: 0/15 = 0.000 [0.000,0.204]
  written hist {7: 1}
  pruned hist {7: 1}
  frontier written 0 pruned 0
  reasons []
[r3_1/ei_reductio_s22_mix r6] transfer greedy SOLVED 0/150 = 0.000 [0.000,0.025]
  len 7: 0/27 = 0.000 [0.000,0.125]
  len 8: 0/67 = 0.000 [0.000,0.054]
  len 9: 0/41 = 0.000 [0.000,0.086]
  len 10: 0/15 = 0.000 [0.000,0.204]
  written hist {}
  pruned hist {}
  frontier written 0 pruned 0
  reasons [('rule check failed: IMPE', 53), ('rule check failed: ANDI', 27), ('rule check failed: IMPI', 15), ('rule check failed: ORI2', 12), ('bad line cite', 10), ('rule check failed: ANDE2', 8)]
[r3_1/ei_reductio_s22_mix r6] heldout greedy SOLVED 4413/5000 = 0.883 [0.873,0.891]
  len 2: 999/1000 = 0.999 [0.994,1.000]
  len 3: 991/1000 = 0.991 [0.983,0.995]
  len 4: 976/1000 = 0.976 [0.965,0.984]
  len 5: 555/1000 = 0.555 [0.524,0.586]
  len 6: 892/1000 = 0.892 [0.871,0.910]
  written hist {2: 1042, 3: 977, 4: 1046, 5: 584, 6: 763, 7: 1}
  pruned hist {2: 1043, 3: 978, 4: 1051, 5: 579, 6: 761, 7: 1}
  frontier written 6 pruned 6
  reasons [('rule check failed: IMPE', 128), ('rule check failed: ANDI', 79), ('rule check failed: DN', 70), ('final formula is not the conclusion', 45), ('rule check failed: NEGE', 41), ('rule check failed: ORI2', 40)]
python3 train.py --data artifacts/r3_1/ei_reductio_s22_mix/mix_6.jsonl --init ckpts/r3_1/ei_reductio_s22_mix_r5.pt --steps 600 --lr 0.0003 --min_lr 2.9999999999999997e-05 --warmup 50 --cap 0 --out ckpts/r3_1/ei_reductio_s22_mix_r6.pt --seed 22006 --log_every 200
params 3210240 mode abs shift True
train records 22652 max len 476
step 200 loss 0.0515 lr 2.53e-04 34s
step 400 loss 0.0543 lr 1.09e-04 71s
step 600 loss 0.0483 lr 3.00e-05 108s
saved ckpts/r3_1/ei_reductio_s22_mix_r6.pt
=== round 6 done in 246s; new proofs 545; cum targets solved 170
[r3_1/ei_reductio_s22_mix r7] targets (this round, pass@32) SOLVED 176/600 = 0.293 [0.258,0.331]
  len 7: 147/264 = 0.557 [0.497,0.616]
  len 8: 29/221 = 0.131 [0.093,0.182]
  len 9: 0/82 = 0.000 [0.000,0.045]
  len 10: 0/33 = 0.000 [0.000,0.104]
  written hist {7: 2054, 8: 431, 9: 44}
  pruned hist {5: 89, 6: 461, 7: 1604, 8: 331, 9: 44}
  frontier written 9 pruned 9
  reasons [('rule check failed: IMPE', 3358), ('rule check failed: NEGE', 1804), ('rule check failed: ANDI', 1604), ('rule check failed: IMPI', 1371), ('rule check failed: DN', 1290), ('bad line cite', 828)]
[r3_1/ei_reductio_s22_mix r7] targets (cumulative 224 attempts) SOLVED 176/600 = 0.293 [0.258,0.331]
  len 7: 147/264 = 0.557 [0.497,0.616]
  len 8: 29/221 = 0.131 [0.093,0.182]
  len 9: 0/82 = 0.000 [0.000,0.045]
  len 10: 0/33 = 0.000 [0.000,0.104]
  written hist {7: 4647, 8: 774, 9: 85}
  pruned hist {5: 235, 6: 1117, 7: 3473, 8: 596, 9: 85}
  frontier written 9 pruned 9
  reasons []
[r3_1/ei_reductio_s22_mix r7] transfer (this round, pass@32) SOLVED 0/150 = 0.000 [0.000,0.025]
  len 7: 0/27 = 0.000 [0.000,0.125]
  len 8: 0/67 = 0.000 [0.000,0.054]
  len 9: 0/41 = 0.000 [0.000,0.086]
  len 10: 0/15 = 0.000 [0.000,0.204]
  written hist {}
  pruned hist {}
  frontier written 0 pruned 0
  reasons [('rule check failed: IMPE', 1522), ('rule check failed: ANDI', 829), ('rule check failed: IMPI', 524), ('rule check failed: ORI2', 336), ('bad line cite', 326), ('rule check failed: DN', 251)]
[r3_1/ei_reductio_s22_mix r7] transfer (cumulative 224 attempts) SOLVED 1/150 = 0.007 [0.001,0.037]
  len 7: 1/27 = 0.037 [0.007,0.183]
  len 8: 0/67 = 0.000 [0.000,0.054]
  len 9: 0/41 = 0.000 [0.000,0.086]
  len 10: 0/15 = 0.000 [0.000,0.204]
  written hist {7: 1}
  pruned hist {7: 1}
  frontier written 0 pruned 0
  reasons []
[r3_1/ei_reductio_s22_mix r7] transfer greedy SOLVED 0/150 = 0.000 [0.000,0.025]
  len 7: 0/27 = 0.000 [0.000,0.125]
  len 8: 0/67 = 0.000 [0.000,0.054]
  len 9: 0/41 = 0.000 [0.000,0.086]
  len 10: 0/15 = 0.000 [0.000,0.204]
  written hist {}
  pruned hist {}
  frontier written 0 pruned 0
  reasons [('rule check failed: IMPE', 46), ('rule check failed: ANDI', 25), ('rule check failed: IMPI', 17), ('rule check failed: ORI2', 13), ('rule check failed: DN', 9), ('bad box cite', 7)]
[r3_1/ei_reductio_s22_mix r7] heldout greedy SOLVED 4407/5000 = 0.881 [0.872,0.890]
  len 2: 998/1000 = 0.998 [0.993,0.999]
  len 3: 993/1000 = 0.993 [0.986,0.997]
  len 4: 975/1000 = 0.975 [0.963,0.983]
  len 5: 542/1000 = 0.542 [0.511,0.573]
  len 6: 899/1000 = 0.899 [0.879,0.916]
  written hist {2: 1031, 3: 984, 4: 1025, 5: 593, 6: 774}
  pruned hist {2: 1032, 3: 986, 4: 1029, 5: 589, 6: 771}
  frontier written 6 pruned 6
  reasons [('rule check failed: IMPE', 154), ('rule check failed: ANDI', 82), ('rule check failed: DN', 74), ('final formula is not the conclusion', 50), ('rule check failed: NEGE', 41), ('rule check failed: ORI2', 28)]
python3 train.py --data artifacts/r3_1/ei_reductio_s22_mix/mix_7.jsonl --init ckpts/r3_1/ei_reductio_s22_mix_r6.pt --steps 600 --lr 0.0003 --min_lr 2.9999999999999997e-05 --warmup 50 --cap 0 --out ckpts/r3_1/ei_reductio_s22_mix_r7.pt --seed 22007 --log_every 200
params 3210240 mode abs shift True
train records 22812 max len 516
step 200 loss 0.0520 lr 2.53e-04 30s
step 400 loss 0.0505 lr 1.09e-04 68s
step 600 loss 0.0534 lr 3.00e-05 105s
saved ckpts/r3_1/ei_reductio_s22_mix_r7.pt
=== round 7 done in 233s; new proofs 462; cum targets solved 176
[r3_1/ei_reductio_s22_mix r8] targets (this round, pass@32) SOLVED 182/600 = 0.303 [0.268,0.341]
  len 7: 153/264 = 0.580 [0.519,0.638]
  len 8: 29/221 = 0.131 [0.093,0.182]
  len 9: 0/82 = 0.000 [0.000,0.045]
  len 10: 0/33 = 0.000 [0.000,0.104]
  written hist {7: 2391, 8: 452, 9: 48}
  pruned hist {5: 126, 6: 546, 7: 1830, 8: 341, 9: 48}
  frontier written 9 pruned 9
  reasons [('rule check failed: IMPE', 3173), ('rule check failed: DN', 1683), ('rule check failed: ANDI', 1677), ('rule check failed: NEGE', 1582), ('rule check failed: IMPI', 1501), ('bad line cite', 968)]
[r3_1/ei_reductio_s22_mix r8] targets (cumulative 256 attempts) SOLVED 182/600 = 0.303 [0.268,0.341]
  len 7: 153/264 = 0.580 [0.519,0.638]
  len 8: 29/221 = 0.131 [0.093,0.182]
  len 9: 0/82 = 0.000 [0.000,0.045]
  len 10: 0/33 = 0.000 [0.000,0.104]
  written hist {7: 5024, 8: 871, 9: 96}
  pruned hist {5: 250, 6: 1219, 7: 3762, 8: 664, 9: 96}
  frontier written 9 pruned 9
  reasons []
[r3_1/ei_reductio_s22_mix r8] transfer (this round, pass@32) SOLVED 0/150 = 0.000 [0.000,0.025]
  len 7: 0/27 = 0.000 [0.000,0.125]
  len 8: 0/67 = 0.000 [0.000,0.054]
  len 9: 0/41 = 0.000 [0.000,0.086]
  len 10: 0/15 = 0.000 [0.000,0.204]
  written hist {}
  pruned hist {}
  frontier written 0 pruned 0
  reasons [('rule check failed: IMPE', 1545), ('rule check failed: ANDI', 819), ('rule check failed: IMPI', 576), ('bad line cite', 359), ('rule check failed: DN', 357), ('rule check failed: ORI2', 313)]
[r3_1/ei_reductio_s22_mix r8] transfer (cumulative 256 attempts) SOLVED 1/150 = 0.007 [0.001,0.037]
  len 7: 1/27 = 0.037 [0.007,0.183]
  len 8: 0/67 = 0.000 [0.000,0.054]
  len 9: 0/41 = 0.000 [0.000,0.086]
  len 10: 0/15 = 0.000 [0.000,0.204]
  written hist {7: 1}
  pruned hist {7: 1}
  frontier written 0 pruned 0
  reasons []
[r3_1/ei_reductio_s22_mix r8] transfer greedy SOLVED 0/150 = 0.000 [0.000,0.025]
  len 7: 0/27 = 0.000 [0.000,0.125]
  len 8: 0/67 = 0.000 [0.000,0.054]
  len 9: 0/41 = 0.000 [0.000,0.086]
  len 10: 0/15 = 0.000 [0.000,0.204]
  written hist {}
  pruned hist {}
  frontier written 0 pruned 0
  reasons [('rule check failed: IMPE', 51), ('rule check failed: ANDI', 26), ('rule check failed: IMPI', 19), ('rule check failed: DN', 12), ('bad line cite', 11), ('rule check failed: ORI2', 10)]
[r3_1/ei_reductio_s22_mix r8] heldout greedy SOLVED 4477/5000 = 0.895 [0.887,0.904]
  len 2: 1000/1000 = 1.000 [0.996,1.000]
  len 3: 994/1000 = 0.994 [0.987,0.997]
  len 4: 979/1000 = 0.979 [0.968,0.986]
  len 5: 588/1000 = 0.588 [0.557,0.618]
  len 6: 916/1000 = 0.916 [0.897,0.932]
  written hist {2: 1083, 3: 990, 4: 1054, 5: 588, 6: 762}
  pruned hist {2: 1083, 3: 994, 4: 1059, 5: 582, 6: 759}
  frontier written 6 pruned 6
  reasons [('rule check failed: IMPE', 112), ('rule check failed: DN', 60), ('rule check failed: ANDI', 54), ('final formula is not the conclusion', 46), ('bad line cite', 34), ('rule check failed: ORI2', 32)]
python3 train.py --data artifacts/r3_1/ei_reductio_s22_mix/mix_8.jsonl --init ckpts/r3_1/ei_reductio_s22_mix_r7.pt --steps 600 --lr 0.0003 --min_lr 2.9999999999999997e-05 --warmup 50 --cap 0 --out ckpts/r3_1/ei_reductio_s22_mix_r8.pt --seed 22008 --log_every 200
params 3210240 mode abs shift True
train records 22884 max len 516
step 200 loss 0.0500 lr 2.53e-04 27s
step 400 loss 0.0487 lr 1.09e-04 59s
step 600 loss 0.0519 lr 3.00e-05 97s
saved ckpts/r3_1/ei_reductio_s22_mix_r8.pt
=== round 8 done in 238s; new proofs 485; cum targets solved 182
