[r3_1/ei_reductio_s27_drift r1] targets (this round, pass@32) SOLVED 24/300 = 0.080 [0.054,0.116]
  len 7: 24/212 = 0.113 [0.077,0.163]
  len 8: 0/88 = 0.000 [0.000,0.042]
  written hist {7: 117}
  pruned hist {6: 24, 7: 93}
  frontier written 7 pruned 7
  reasons [('rule check failed: NEGE', 3687), ('rule check failed: ANDI', 1153), ('rule check failed: IMPE', 986), ('rule check failed: IMPI', 591), ('rule check failed: ORI2', 417), ('bad box cite', 411)]
[r3_1/ei_reductio_s27_drift r1] targets (cumulative 32 attempts) SOLVED 24/300 = 0.080 [0.054,0.116]
  len 7: 24/212 = 0.113 [0.077,0.163]
  len 8: 0/88 = 0.000 [0.000,0.042]
  written hist {7: 117}
  pruned hist {6: 24, 7: 93}
  frontier written 7 pruned 7
  reasons []
[r3_1/ei_reductio_s27_drift r1] transfer (this round, pass@32) SOLVED 0/150 = 0.000 [0.000,0.025]
  len 7: 0/27 = 0.000 [0.000,0.125]
  len 8: 0/67 = 0.000 [0.000,0.054]
  len 9: 0/41 = 0.000 [0.000,0.086]
  len 10: 0/15 = 0.000 [0.000,0.204]
  written hist {}
  pruned hist {}
  frontier written 0 pruned 0
  reasons [('rule check failed: IMPE', 1796), ('rule check failed: ANDI', 979), ('rule check failed: IMPI', 638), ('rule check failed: NEGE', 219), ('rule check failed: ORI2', 204), ('bad line cite', 178)]
[r3_1/ei_reductio_s27_drift r1] transfer (cumulative 32 attempts) SOLVED 0/150 = 0.000 [0.000,0.025]
  len 7: 0/27 = 0.000 [0.000,0.125]
  len 8: 0/67 = 0.000 [0.000,0.054]
  len 9: 0/41 = 0.000 [0.000,0.086]
  len 10: 0/15 = 0.000 [0.000,0.204]
  written hist {}
  pruned hist {}
  frontier written 0 pruned 0
  reasons []
[r3_1/ei_reductio_s27_drift r1] transfer greedy SOLVED 0/150 = 0.000 [0.000,0.025]
  len 7: 0/27 = 0.000 [0.000,0.125]
  len 8: 0/67 = 0.000 [0.000,0.054]
  len 9: 0/41 = 0.000 [0.000,0.086]
  len 10: 0/15 = 0.000 [0.000,0.204]
  written hist {}
  pruned hist {}
  frontier written 0 pruned 0
  reasons [('rule check failed: IMPE', 59), ('rule check failed: ANDI', 33), ('rule check failed: IMPI', 19), ('bad line cite', 7), ('rule check failed: NEGE', 6), ('rule check failed: ORI2', 6)]
[r3_1/ei_reductio_s27_drift r1] heldout greedy SOLVED 4257/5000 = 0.851 [0.841,0.861]
  len 2: 994/1000 = 0.994 [0.987,0.997]
  len 3: 981/1000 = 0.981 [0.971,0.988]
  len 4: 941/1000 = 0.941 [0.925,0.954]
  len 5: 487/1000 = 0.487 [0.456,0.518]
  len 6: 854/1000 = 0.854 [0.831,0.875]
  written hist {2: 1038, 3: 975, 4: 1004, 5: 521, 6: 719}
  pruned hist {2: 1038, 3: 975, 4: 1006, 5: 519, 6: 719}
  frontier written 6 pruned 6
  reasons [('rule check failed: ANDI', 180), ('rule check failed: IMPI', 76), ('rule check failed: IMPE', 63), ('rule check failed: ORI1', 58), ('final formula is not the conclusion', 54), ('rule check failed: ORI2', 51)]
[r3_1/ei_reductio_s27_drift r1] exclude_pattern=reductio: dropped 0 proofs of 0 theorems from the mix
python3 train.py --data artifacts/r3_1/ei_reductio_s27_drift/mix_1.jsonl --init ckpts/r3_1/stage1_reductio_f0_s27.pt --steps 600 --lr 0.0003 --min_lr 2.9999999999999997e-05 --warmup 50 --cap 0 --out ckpts/r3_1/ei_reductio_s27_drift_r1.pt --seed 27001 --log_every 200
params 3210240 mode abs shift True
train records 20272 max len 451
step 200 loss 0.0614 lr 2.53e-04 22s
step 400 loss 0.0536 lr 1.09e-04 43s
step 600 loss 0.0596 lr 3.00e-05 60s
saved ckpts/r3_1/ei_reductio_s27_drift_r1.pt
=== round 1 done in 110s; new proofs 117; cum targets solved 24
[r3_1/ei_reductio_s27_drift r2] targets (this round, pass@32) SOLVED 62/300 = 0.207 [0.165,0.256]
  len 7: 58/212 = 0.274 [0.218,0.337]
  len 8: 4/88 = 0.045 [0.018,0.111]
  written hist {7: 844, 8: 38}
  pruned hist {5: 1, 6: 77, 7: 779, 8: 25}
  frontier written 8 pruned 8
  reasons [('rule check failed: NEGE', 2809), ('rule check failed: ANDI', 994), ('rule check failed: IMPE', 844), ('rule check failed: IMPI', 604), ('rule check failed: ORI2', 524), ('bad box cite', 522)]
[r3_1/ei_reductio_s27_drift r2] targets (cumulative 64 attempts) SOLVED 62/300 = 0.207 [0.165,0.256]
  len 7: 58/212 = 0.274 [0.218,0.337]
  len 8: 4/88 = 0.045 [0.018,0.111]
  written hist {7: 919, 8: 38}
  pruned hist {5: 1, 6: 93, 7: 838, 8: 25}
  frontier written 8 pruned 8
  reasons []
[r3_1/ei_reductio_s27_drift r2] transfer (this round, pass@32) SOLVED 0/150 = 0.000 [0.000,0.025]
  len 7: 0/27 = 0.000 [0.000,0.125]
  len 8: 0/67 = 0.000 [0.000,0.054]
  len 9: 0/41 = 0.000 [0.000,0.086]
  len 10: 0/15 = 0.000 [0.000,0.204]
  written hist {}
  pruned hist {}
  frontier written 0 pruned 0
  reasons [('rule check failed: IMPE', 1666), ('rule check failed: ANDI', 850), ('rule check failed: IMPI', 586), ('rule check failed: ORI2', 248), ('bad box cite', 218), ('rule check failed: DN', 189)]
[r3_1/ei_reductio_s27_drift r2] transfer (cumulative 64 attempts) SOLVED 0/150 = 0.000 [0.000,0.025]
  len 7: 0/27 = 0.000 [0.000,0.125]
  len 8: 0/67 = 0.000 [0.000,0.054]
  len 9: 0/41 = 0.000 [0.000,0.086]
  len 10: 0/15 = 0.000 [0.000,0.204]
  written hist {}
  pruned hist {}
  frontier written 0 pruned 0
  reasons []
[r3_1/ei_reductio_s27_drift r2] transfer greedy SOLVED 0/150 = 0.000 [0.000,0.025]
  len 7: 0/27 = 0.000 [0.000,0.125]
  len 8: 0/67 = 0.000 [0.000,0.054]
  len 9: 0/41 = 0.000 [0.000,0.086]
  len 10: 0/15 = 0.000 [0.000,0.204]
  written hist {}
  pruned hist {}
  frontier written 0 pruned 0
  reasons [('rule check failed: IMPE', 57), ('rule check failed: ANDI', 24), ('rule check failed: IMPI', 20), ('rule check failed: ORI2', 8), ('bad box cite', 7), ('rule check failed: DN', 7)]
[r3_1/ei_reductio_s27_drift r2] heldout greedy SOLVED 4243/5000 = 0.849 [0.838,0.858]
  len 2: 991/1000 = 0.991 [0.983,0.995]
  len 3: 978/1000 = 0.978 [0.967,0.985]
  len 4: 925/1000 = 0.925 [0.907,0.940]
  len 5: 481/1000 = 0.481 [0.450,0.512]
  len 6: 868/1000 = 0.868 [0.846,0.888]
  written hist {2: 1017, 3: 970, 4: 975, 5: 535, 6: 746}
  pruned hist {2: 1017, 3: 972, 4: 976, 5: 532, 6: 746}
  frontier written 6 pruned 6
  reasons [('rule check failed: ANDI', 182), ('rule check failed: IMPE', 96), ('final formula is not the conclusion', 71), ('rule check failed: ORI2', 57), ('rule check failed: DN', 57), ('rule check failed: NEGE', 52)]
[r3_1/ei_reductio_s27_drift r2] exclude_pattern=reductio: dropped 0 proofs of 0 theorems from the mix
python3 train.py --data artifacts/r3_1/ei_reductio_s27_drift/mix_2.jsonl --init ckpts/r3_1/ei_reductio_s27_drift_r1.pt --steps 600 --lr 0.0003 --min_lr 2.9999999999999997e-05 --warmup 50 --cap 0 --out ckpts/r3_1/ei_reductio_s27_drift_r2.pt --seed 27002 --log_every 200
params 3210240 mode abs shift True
train records 20812 max len 452
step 200 loss 0.0620 lr 2.53e-04 22s
step 400 loss 0.0618 lr 1.09e-04 43s
step 600 loss 0.0564 lr 3.00e-05 62s
saved ckpts/r3_1/ei_reductio_s27_drift_r2.pt
=== round 2 done in 105s; new proofs 840; cum targets solved 62
[r3_1/ei_reductio_s27_drift r3] targets (this round, pass@32) SOLVED 92/300 = 0.307 [0.257,0.361]
  len 7: 85/212 = 0.401 [0.337,0.468]
  len 8: 7/88 = 0.080 [0.039,0.155]
  written hist {7: 1379, 8: 138}
  pruned hist {5: 21, 6: 265, 7: 1142, 8: 89}
  frontier written 8 pruned 8
  reasons [('rule check failed: NEGE', 1929), ('rule check failed: ANDI', 978), ('rule check failed: IMPE', 767), ('rule check failed: IMPI', 618), ('rule check failed: ORI2', 505), ('rule check failed: DN', 447)]
[r3_1/ei_reductio_s27_drift r3] targets (cumulative 96 attempts) SOLVED 92/300 = 0.307 [0.257,0.361]
  len 7: 85/212 = 0.401 [0.337,0.468]
  len 8: 7/88 = 0.080 [0.039,0.155]
  written hist {7: 1967, 8: 165}
  pruned hist {5: 22, 6: 333, 7: 1671, 8: 106}
  frontier written 8 pruned 8
  reasons []
[r3_1/ei_reductio_s27_drift r3] transfer (this round, pass@32) SOLVED 0/150 = 0.000 [0.000,0.025]
  len 7: 0/27 = 0.000 [0.000,0.125]
  len 8: 0/67 = 0.000 [0.000,0.054]
  len 9: 0/41 = 0.000 [0.000,0.086]
  len 10: 0/15 = 0.000 [0.000,0.204]
  written hist {}
  pruned hist {}
  frontier written 0 pruned 0
  reasons [('rule check failed: IMPE', 1731), ('rule check failed: ANDI', 989), ('rule check failed: IMPI', 594), ('rule check failed: DN', 218), ('rule check failed: ORI2', 187), ('bad line cite', 186)]
[r3_1/ei_reductio_s27_drift r3] transfer (cumulative 96 attempts) SOLVED 0/150 = 0.000 [0.000,0.025]
  len 7: 0/27 = 0.000 [0.000,0.125]
  len 8: 0/67 = 0.000 [0.000,0.054]
  len 9: 0/41 = 0.000 [0.000,0.086]
  len 10: 0/15 = 0.000 [0.000,0.204]
  written hist {}
  pruned hist {}
  frontier written 0 pruned 0
  reasons []
[r3_1/ei_reductio_s27_drift r3] transfer greedy SOLVED 0/150 = 0.000 [0.000,0.025]
  len 7: 0/27 = 0.000 [0.000,0.125]
  len 8: 0/67 = 0.000 [0.000,0.054]
  len 9: 0/41 = 0.000 [0.000,0.086]
  len 10: 0/15 = 0.000 [0.000,0.204]
  written hist {}
  pruned hist {}
  frontier written 0 pruned 0
  reasons [('rule check failed: IMPE', 55), ('rule check failed: ANDI', 32), ('rule check failed: IMPI', 19), ('rule check failed: DN', 7), ('rule check failed: ORI2', 6), ('bad box cite', 4)]
[r3_1/ei_reductio_s27_drift r3] heldout greedy SOLVED 4233/5000 = 0.847 [0.836,0.856]
  len 2: 992/1000 = 0.992 [0.984,0.996]
  len 3: 978/1000 = 0.978 [0.967,0.985]
  len 4: 939/1000 = 0.939 [0.922,0.952]
  len 5: 475/1000 = 0.475 [0.444,0.506]
  len 6: 849/1000 = 0.849 [0.825,0.870]
  written hist {2: 1013, 3: 972, 4: 991, 5: 532, 6: 725}
  pruned hist {2: 1014, 3: 973, 4: 993, 5: 528, 6: 725}
  frontier written 6 pruned 6
  reasons [('rule check failed: ANDI', 169), ('rule check failed: IMPE', 87), ('line index mismatch at position 5', 73), ('final formula is not the conclusion', 65), ('rule check failed: DN', 64), ('rule check failed: ORI2', 49)]
[r3_1/ei_reductio_s27_drift r3] exclude_pattern=reductio: dropped 0 proofs of 0 theorems from the mix
python3 train.py --data artifacts/r3_1/ei_reductio_s27_drift/mix_3.jsonl --init ckpts/r3_1/ei_reductio_s27_drift_r2.pt --steps 600 --lr 0.0003 --min_lr 2.9999999999999997e-05 --warmup 50 --cap 0 --out ckpts/r3_1/ei_reductio_s27_drift_r3.pt --seed 27003 --log_every 200
params 3210240 mode abs shift True
train records 21316 max len 494
step 200 loss 0.0552 lr 2.53e-04 22s
step 400 loss 0.0552 lr 1.09e-04 44s
step 600 loss 0.0547 lr 3.00e-05 62s
saved ckpts/r3_1/ei_reductio_s27_drift_r3.pt
=== round 3 done in 107s; new proofs 1175; cum targets solved 92
[r3_1/ei_reductio_s27_drift r4] targets (this round, pass@32) SOLVED 119/300 = 0.397 [0.343,0.453]
  len 7: 107/212 = 0.505 [0.438,0.571]
  len 8: 12/88 = 0.136 [0.080,0.223]
  written hist {7: 1687, 8: 162, 9: 8}
  pruned hist {5: 15, 6: 328, 7: 1385, 8: 121, 9: 8}
  frontier written 9 pruned 9
  reasons [('rule check failed: NEGE', 1601), ('rule check failed: IMPE', 868), ('rule check failed: ANDI', 693), ('rule check failed: DN', 562), ('rule check failed: IMPI', 520), ('rule check failed: ORI2', 420)]
[r3_1/ei_reductio_s27_drift r4] targets (cumulative 128 attempts) SOLVED 119/300 = 0.397 [0.343,0.453]
  len 7: 107/212 = 0.505 [0.438,0.571]
  len 8: 12/88 = 0.136 [0.080,0.223]
  written hist {7: 2954, 8: 255, 9: 8}
  pruned hist {5: 31, 6: 534, 7: 2466, 8: 178, 9: 8}
  frontier written 9 pruned 9
  reasons []
[r3_1/ei_reductio_s27_drift r4] transfer (this round, pass@32) SOLVED 0/150 = 0.000 [0.000,0.025]
  len 7: 0/27 = 0.000 [0.000,0.125]
  len 8: 0/67 = 0.000 [0.000,0.054]
  len 9: 0/41 = 0.000 [0.000,0.086]
  len 10: 0/15 = 0.000 [0.000,0.204]
  written hist {}
  pruned hist {}
  frontier written 0 pruned 0
  reasons [('rule check failed: IMPE', 1695), ('rule check failed: ANDI', 843), ('rule check failed: IMPI', 675), ('bad line cite', 247), ('rule check failed: ORI2', 185), ('rule check failed: NEGE', 175)]
[r3_1/ei_reductio_s27_drift r4] transfer (cumulative 128 attempts) SOLVED 0/150 = 0.000 [0.000,0.025]
  len 7: 0/27 = 0.000 [0.000,0.125]
  len 8: 0/67 = 0.000 [0.000,0.054]
  len 9: 0/41 = 0.000 [0.000,0.086]
  len 10: 0/15 = 0.000 [0.000,0.204]
  written hist {}
  pruned hist {}
  frontier written 0 pruned 0
  reasons []
[r3_1/ei_reductio_s27_drift r4] transfer greedy SOLVED 0/150 = 0.000 [0.000,0.025]
  len 7: 0/27 = 0.000 [0.000,0.125]
  len 8: 0/67 = 0.000 [0.000,0.054]
  len 9: 0/41 = 0.000 [0.000,0.086]
  len 10: 0/15 = 0.000 [0.000,0.204]
  written hist {}
  pruned hist {}
  frontier written 0 pruned 0
  reasons [('rule check failed: IMPE', 58), ('rule check failed: ANDI', 31), ('rule check failed: IMPI', 22), ('rule check failed: NEGE', 6), ('rule check failed: DN', 5), ('rule check failed: ORI2', 4)]
[r3_1/ei_reductio_s27_drift r4] heldout greedy SOLVED 4263/5000 = 0.853 [0.843,0.862]
  len 2: 993/1000 = 0.993 [0.986,0.997]
  len 3: 981/1000 = 0.981 [0.971,0.988]
  len 4: 944/1000 = 0.944 [0.928,0.957]
  len 5: 492/1000 = 0.492 [0.461,0.523]
  len 6: 853/1000 = 0.853 [0.830,0.874]
  written hist {2: 1032, 3: 973, 4: 991, 5: 547, 6: 720}
  pruned hist {2: 1032, 3: 973, 4: 998, 5: 541, 6: 719}
  frontier written 6 pruned 6
  reasons [('rule check failed: ANDI', 151), ('final formula is not the conclusion', 95), ('rule check failed: IMPE', 91), ('rule check failed: DN', 70), ('rule check failed: IMPI', 66), ('rule check failed: ORI1', 47)]
[r3_1/ei_reductio_s27_drift r4] exclude_pattern=reductio: dropped 0 proofs of 0 theorems from the mix
python3 train.py --data artifacts/r3_1/ei_reductio_s27_drift/mix_4.jsonl --init ckpts/r3_1/ei_reductio_s27_drift_r3.pt --steps 600 --lr 0.0003 --min_lr 2.9999999999999997e-05 --warmup 50 --cap 0 --out ckpts/r3_1/ei_reductio_s27_drift_r4.pt --seed 27004 --log_every 200
params 3210240 mode abs shift True
train records 21840 max len 480
step 200 loss 0.0584 lr 2.53e-04 22s
step 400 loss 0.0504 lr 1.09e-04 45s
step 600 loss 0.0524 lr 3.00e-05 64s
saved ckpts/r3_1/ei_reductio_s27_drift_r4.pt
=== round 4 done in 106s; new proofs 1085; cum targets solved 119
[r3_1/ei_reductio_s27_drift r5] targets (this round, pass@32) SOLVED 125/300 = 0.417 [0.362,0.473]
  len 7: 112/212 = 0.528 [0.461,0.594]
  len 8: 13/88 = 0.148 [0.088,0.237]
  written hist {7: 1706, 8: 203, 9: 29}
  pruned hist {5: 21, 6: 357, 7: 1394, 8: 137, 9: 29}
  frontier written 9 pruned 9
  reasons [('rule check failed: NEGE', 1744), ('rule check failed: ANDI', 670), ('rule check failed: IMPE', 552), ('rule check failed: DN', 493), ('bad box cite', 458), ('rule check failed: ORI2', 416)]
[r3_1/ei_reductio_s27_drift r5] targets (cumulative 160 attempts) SOLVED 125/300 = 0.417 [0.362,0.473]
  len 7: 112/212 = 0.528 [0.461,0.594]
  len 8: 13/88 = 0.148 [0.088,0.237]
  written hist {7: 3541, 8: 346, 9: 31}
  pruned hist {5: 35, 6: 684, 7: 2927, 8: 241, 9: 31}
  frontier written 9 pruned 9
  reasons []
[r3_1/ei_reductio_s27_drift r5] transfer (this round, pass@32) SOLVED 0/150 = 0.000 [0.000,0.025]
  len 7: 0/27 = 0.000 [0.000,0.125]
  len 8: 0/67 = 0.000 [0.000,0.054]
  len 9: 0/41 = 0.000 [0.000,0.086]
  len 10: 0/15 = 0.000 [0.000,0.204]
  written hist {}
  pruned hist {}
  frontier written 0 pruned 0
  reasons [('rule check failed: IMPE', 1665), ('rule check failed: ANDI', 1003), ('rule check failed: IMPI', 596), ('rule check failed: NEGE', 192), ('bad line cite', 174), ('rule check failed: DN', 166)]
[r3_1/ei_reductio_s27_drift r5] transfer (cumulative 160 attempts) SOLVED 0/150 = 0.000 [0.000,0.025]
  len 7: 0/27 = 0.000 [0.000,0.125]
  len 8: 0/67 = 0.000 [0.000,0.054]
  len 9: 0/41 = 0.000 [0.000,0.086]
  len 10: 0/15 = 0.000 [0.000,0.204]
  written hist {}
  pruned hist {}
  frontier written 0 pruned 0
  reasons []
[r3_1/ei_reductio_s27_drift r5] transfer greedy SOLVED 0/150 = 0.000 [0.000,0.025]
  len 7: 0/27 = 0.000 [0.000,0.125]
  len 8: 0/67 = 0.000 [0.000,0.054]
  len 9: 0/41 = 0.000 [0.000,0.086]
  len 10: 0/15 = 0.000 [0.000,0.204]
  written hist {}
  pruned hist {}
  frontier written 0 pruned 0
  reasons [('rule check failed: IMPE', 57), ('rule check failed: ANDI', 34), ('rule check failed: IMPI', 18), ('rule check failed: NEGE', 6), ('rule check failed: ORI2', 6), ('rule check failed: ANDE1', 5)]
[r3_1/ei_reductio_s27_drift r5] heldout greedy SOLVED 4262/5000 = 0.852 [0.842,0.862]
  len 2: 995/1000 = 0.995 [0.988,0.998]
  len 3: 981/1000 = 0.981 [0.971,0.988]
  len 4: 931/1000 = 0.931 [0.914,0.945]
  len 5: 492/1000 = 0.492 [0.461,0.523]
  len 6: 863/1000 = 0.863 [0.840,0.883]
  written hist {2: 1032, 3: 971, 4: 988, 5: 534, 6: 737}
  pruned hist {2: 1032, 3: 972, 4: 991, 5: 531, 6: 736}
  frontier written 6 pruned 6
  reasons [('rule check failed: ANDI', 152), ('rule check failed: IMPE', 115), ('rule check failed: IMPI', 76), ('final formula is not the conclusion', 66), ('rule check failed: ORI1', 54), ('rule check failed: ORI2', 44)]
[r3_1/ei_reductio_s27_drift r5] exclude_pattern=reductio: dropped 0 proofs of 0 theorems from the mix
python3 train.py --data artifacts/r3_1/ei_reductio_s27_drift/mix_5.jsonl --init ckpts/r3_1/ei_reductio_s27_drift_r4.pt --steps 600 --lr 0.0003 --min_lr 2.9999999999999997e-05 --warmup 50 --cap 0 --out ckpts/r3_1/ei_reductio_s27_drift_r5.pt --seed 27005 --log_every 200
params 3210240 mode abs shift True
train records 21956 max len 516
step 200 loss 0.0540 lr 2.53e-04 26s
step 400 loss 0.0587 lr 1.09e-04 52s
step 600 loss 0.0505 lr 3.00e-05 78s
saved ckpts/r3_1/ei_reductio_s27_drift_r5.pt
=== round 5 done in 148s; new proofs 701; cum targets solved 125
[r3_1/ei_reductio_s27_drift r6] targets (this round, pass@32) SOLVED 136/300 = 0.453 [0.398,0.510]
  len 7: 121/212 = 0.571 [0.503,0.636]
  len 8: 15/88 = 0.170 [0.106,0.262]
  written hist {7: 1879, 8: 235, 9: 36}
  pruned hist {5: 16, 6: 372, 7: 1549, 8: 177, 9: 36}
  frontier written 9 pruned 9
  reasons [('rule check failed: NEGE', 1659), ('rule check failed: ANDI', 651), ('rule check failed: DN', 455), ('rule check failed: IMPE', 435), ('bad box cite', 425), ('rule check failed: ORI2', 374)]
[r3_1/ei_reductio_s27_drift r6] targets (cumulative 192 attempts) SOLVED 136/300 = 0.453 [0.398,0.510]
  len 7: 121/212 = 0.571 [0.503,0.636]
  len 8: 15/88 = 0.170 [0.106,0.262]
  written hist {7: 4026, 8: 441, 9: 52}
  pruned hist {5: 37, 6: 801, 7: 3310, 8: 319, 9: 52}
  frontier written 9 pruned 9
  reasons []
[r3_1/ei_reductio_s27_drift r6] transfer (this round, pass@32) SOLVED 0/150 = 0.000 [0.000,0.025]
  len 7: 0/27 = 0.000 [0.000,0.125]
  len 8: 0/67 = 0.000 [0.000,0.054]
  len 9: 0/41 = 0.000 [0.000,0.086]
  len 10: 0/15 = 0.000 [0.000,0.204]
  written hist {}
  pruned hist {}
  frontier written 0 pruned 0
  reasons [('rule check failed: IMPE', 1778), ('rule check failed: ANDI', 867), ('rule check failed: IMPI', 578), ('rule check failed: NEGE', 331), ('bad line cite', 213), ('rule check failed: ORI2', 171)]
[r3_1/ei_reductio_s27_drift r6] transfer (cumulative 192 attempts) SOLVED 0/150 = 0.000 [0.000,0.025]
  len 7: 0/27 = 0.000 [0.000,0.125]
  len 8: 0/67 = 0.000 [0.000,0.054]
  len 9: 0/41 = 0.000 [0.000,0.086]
  len 10: 0/15 = 0.000 [0.000,0.204]
  written hist {}
  pruned hist {}
  frontier written 0 pruned 0
  reasons []
[r3_1/ei_reductio_s27_drift r6] transfer greedy SOLVED 0/150 = 0.000 [0.000,0.025]
  len 7: 0/27 = 0.000 [0.000,0.125]
  len 8: 0/67 = 0.000 [0.000,0.054]
  len 9: 0/41 = 0.000 [0.000,0.086]
  len 10: 0/15 = 0.000 [0.000,0.204]
  written hist {}
  pruned hist {}
  frontier written 0 pruned 0
  reasons [('rule check failed: IMPE', 60), ('rule check failed: ANDI', 29), ('rule check failed: IMPI', 16), ('rule check failed: NEGE', 11), ('rule check failed: ANDE2', 5), ('bad line cite', 5)]
[r3_1/ei_reductio_s27_drift r6] heldout greedy SOLVED 4305/5000 = 0.861 [0.851,0.870]
  len 2: 994/1000 = 0.994 [0.987,0.997]
  len 3: 985/1000 = 0.985 [0.975,0.991]
  len 4: 940/1000 = 0.940 [0.924,0.953]
  len 5: 525/1000 = 0.525 [0.494,0.556]
  len 6: 861/1000 = 0.861 [0.838,0.881]
  written hist {2: 1040, 3: 983, 4: 995, 5: 555, 6: 732}
  pruned hist {2: 1040, 3: 983, 4: 999, 5: 551, 6: 732}
  frontier written 6 pruned 6
  reasons [('rule check failed: ANDI', 151), ('rule check failed: IMPE', 84), ('rule check failed: IMPI', 83), ('rule check failed: ORI1', 56), ('final formula is not the conclusion', 54), ('rule check failed: ORI2', 46)]
[r3_1/ei_reductio_s27_drift r6] exclude_pattern=reductio: dropped 0 proofs of 0 theorems from the mix
python3 train.py --data artifacts/r3_1/ei_reductio_s27_drift/mix_6.jsonl --init ckpts/r3_1/ei_reductio_s27_drift_r5.pt --steps 600 --lr 0.0003 --min_lr 2.9999999999999997e-05 --warmup 50 --cap 0 --out ckpts/r3_1/ei_reductio_s27_drift_r6.pt --seed 27006 --log_every 200
params 3210240 mode abs shift True
train records 22112 max len 602
step 200 loss 0.0517 lr 2.53e-04 27s
step 400 loss 0.0579 lr 1.09e-04 54s
step 600 loss 0.0488 lr 3.00e-05 76s
saved ckpts/r3_1/ei_reductio_s27_drift_r6.pt
=== round 6 done in 147s; new proofs 601; cum targets solved 136
[r3_1/ei_reductio_s27_drift r7] targets (this round, pass@32) SOLVED 141/300 = 0.470 [0.414,0.527]
  len 7: 124/212 = 0.585 [0.518,0.649]
  len 8: 17/88 = 0.193 [0.124,0.288]
  written hist {7: 1709, 8: 259, 9: 32}
  pruned hist {5: 22, 6: 370, 7: 1378, 8: 198, 9: 32}
  frontier written 9 pruned 9
  reasons [('rule check failed: NEGE', 1678), ('rule check failed: ANDI', 575), ('rule check failed: DN', 418), ('rule check failed: IMPE', 384), ('rule check failed: ORI2', 378), ('bad box cite', 362)]
[r3_1/ei_reductio_s27_drift r7] targets (cumulative 224 attempts) SOLVED 141/300 = 0.470 [0.414,0.527]
  len 7: 124/212 = 0.585 [0.518,0.649]
  len 8: 17/88 = 0.193 [0.124,0.288]
  written hist {7: 4351, 8: 514, 9: 61}
  pruned hist {5: 42, 6: 897, 7: 3542, 8: 384, 9: 61}
  frontier written 9 pruned 9
  reasons []
[r3_1/ei_reductio_s27_drift r7] transfer (this round, pass@32) SOLVED 0/150 = 0.000 [0.000,0.025]
  len 7: 0/27 = 0.000 [0.000,0.125]
  len 8: 0/67 = 0.000 [0.000,0.054]
  len 9: 0/41 = 0.000 [0.000,0.086]
  len 10: 0/15 = 0.000 [0.000,0.204]
  written hist {}
  pruned hist {}
  frontier written 0 pruned 0
  reasons [('rule check failed: IMPE', 1689), ('rule check failed: ANDI', 901), ('rule check failed: IMPI', 526), ('bad box cite', 208), ('final formula is not the conclusion', 207), ('rule check failed: ORI2', 193)]
[r3_1/ei_reductio_s27_drift r7] transfer (cumulative 224 attempts) SOLVED 0/150 = 0.000 [0.000,0.025]
  len 7: 0/27 = 0.000 [0.000,0.125]
  len 8: 0/67 = 0.000 [0.000,0.054]
  len 9: 0/41 = 0.000 [0.000,0.086]
  len 10: 0/15 = 0.000 [0.000,0.204]
  written hist {}
  pruned hist {}
  frontier written 0 pruned 0
  reasons []
[r3_1/ei_reductio_s27_drift r7] transfer greedy SOLVED 0/150 = 0.000 [0.000,0.025]
  len 7: 0/27 = 0.000 [0.000,0.125]
  len 8: 0/67 = 0.000 [0.000,0.054]
  len 9: 0/41 = 0.000 [0.000,0.086]
  len 10: 0/15 = 0.000 [0.000,0.204]
  written hist {}
  pruned hist {}
  frontier written 0 pruned 0
  reasons [('rule check failed: IMPE', 55), ('rule check failed: ANDI', 30), ('rule check failed: IMPI', 19), ('final formula is not the conclusion', 8), ('bad box cite', 6), ('rule check failed: ANDE1', 6)]
[r3_1/ei_reductio_s27_drift r7] heldout greedy SOLVED 4266/5000 = 0.853 [0.843,0.863]
  len 2: 991/1000 = 0.991 [0.983,0.995]
  len 3: 977/1000 = 0.977 [0.966,0.985]
  len 4: 942/1000 = 0.942 [0.926,0.955]
  len 5: 506/1000 = 0.506 [0.475,0.537]
  len 6: 850/1000 = 0.850 [0.827,0.871]
  written hist {2: 1027, 3: 974, 4: 989, 5: 547, 6: 728, 7: 1}
  pruned hist {2: 1027, 3: 974, 4: 991, 5: 545, 6: 728, 7: 1}
  frontier written 6 pruned 6
  reasons [('rule check failed: ANDI', 164), ('final formula is not the conclusion', 81), ('rule check failed: IMPI', 76), ('rule check failed: IMPE', 76), ('rule check failed: ORI2', 52), ('rule check failed: ORI1', 42)]
[r3_1/ei_reductio_s27_drift r7] exclude_pattern=reductio: dropped 0 proofs of 0 theorems from the mix
python3 train.py --data artifacts/r3_1/ei_reductio_s27_drift/mix_7.jsonl --init ckpts/r3_1/ei_reductio_s27_drift_r6.pt --steps 600 --lr 0.0003 --min_lr 2.9999999999999997e-05 --warmup 50 --cap 0 --out ckpts/r3_1/ei_reductio_s27_drift_r7.pt --seed 27007 --log_every 200
params 3210240 mode abs shift True
train records 22232 max len 476
step 200 loss 0.0546 lr 2.53e-04 27s
step 400 loss 0.0541 lr 1.09e-04 54s
step 600 loss 0.0495 lr 3.00e-05 78s
saved ckpts/r3_1/ei_reductio_s27_drift_r7.pt
=== round 7 done in 149s; new proofs 407; cum targets solved 141
[r3_1/ei_reductio_s27_drift r8] targets (this round, pass@32) SOLVED 143/300 = 0.477 [0.421,0.533]
  len 7: 126/212 = 0.594 [0.527,0.658]
  len 8: 17/88 = 0.193 [0.124,0.288]
  written hist {7: 2007, 8: 298, 9: 33}
  pruned hist {5: 38, 6: 418, 7: 1607, 8: 242, 9: 33}
  frontier written 9 pruned 9
  reasons [('rule check failed: NEGE', 1537), ('rule check failed: ANDI', 646), ('rule check failed: IMPE', 459), ('rule check failed: DN', 457), ('rule check failed: IMPI', 385), ('rule check failed: ORI2', 380)]
[r3_1/ei_reductio_s27_drift r8] targets (cumulative 256 attempts) SOLVED 143/300 = 0.477 [0.421,0.533]
  len 7: 126/212 = 0.594 [0.527,0.658]
  len 8: 17/88 = 0.193 [0.124,0.288]
  written hist {7: 4664, 8: 582, 9: 68}
  pruned hist {5: 67, 6: 964, 7: 3768, 8: 447, 9: 68}
  frontier written 9 pruned 9
  reasons []
[r3_1/ei_reductio_s27_drift r8] transfer (this round, pass@32) SOLVED 0/150 = 0.000 [0.000,0.025]
  len 7: 0/27 = 0.000 [0.000,0.125]
  len 8: 0/67 = 0.000 [0.000,0.054]
  len 9: 0/41 = 0.000 [0.000,0.086]
  len 10: 0/15 = 0.000 [0.000,0.204]
  written hist {}
  pruned hist {}
  frontier written 0 pruned 0
  reasons [('rule check failed: IMPE', 1697), ('rule check failed: ANDI', 916), ('rule check failed: IMPI', 533), ('rule check failed: NEGE', 244), ('rule check failed: ORI2', 185), ('bad line cite', 178)]
[r3_1/ei_reductio_s27_drift r8] transfer (cumulative 256 attempts) SOLVED 0/150 = 0.000 [0.000,0.025]
  len 7: 0/27 = 0.000 [0.000,0.125]
  len 8: 0/67 = 0.000 [0.000,0.054]
  len 9: 0/41 = 0.000 [0.000,0.086]
  len 10: 0/15 = 0.000 [0.000,0.204]
  written hist {}
  pruned hist {}
  frontier written 0 pruned 0
  reasons []
[r3_1/ei_reductio_s27_drift r8] transfer greedy SOLVED 0/150 = 0.000 [0.000,0.025]
  len 7: 0/27 = 0.000 [0.000,0.125]
  len 8: 0/67 = 0.000 [0.000,0.054]
  len 9: 0/41 = 0.000 [0.000,0.086]
  len 10: 0/15 = 0.000 [0.000,0.204]
  written hist {}
  pruned hist {}
  frontier written 0 pruned 0
  reasons [('rule check failed: IMPE', 54), ('rule check failed: ANDI', 31), ('rule check failed: IMPI', 17), ('rule check failed: NEGE', 8), ('bad line cite', 6), ('rule check failed: ORI2', 6)]
[r3_1/ei_reductio_s27_drift r8] heldout greedy SOLVED 4292/5000 = 0.858 [0.848,0.868]
  len 2: 996/1000 = 0.996 [0.990,0.998]
  len 3: 986/1000 = 0.986 [0.977,0.992]
  len 4: 947/1000 = 0.947 [0.931,0.959]
  len 5: 496/1000 = 0.496 [0.465,0.527]
  len 6: 867/1000 = 0.867 [0.845,0.887]
  written hist {2: 1026, 3: 979, 4: 1003, 5: 552, 6: 732}
  pruned hist {2: 1026, 3: 980, 4: 1006, 5: 548, 6: 732}
  frontier written 6 pruned 6
  reasons [('rule check failed: ANDI', 160), ('final formula is not the conclusion', 73), ('rule check failed: IMPE', 69), ('rule check failed: IMPI', 62), ('rule check failed: ORI2', 61), ('rule check failed: DN', 53)]
[r3_1/ei_reductio_s27_drift r8] exclude_pattern=reductio: dropped 0 proofs of 0 theorems from the mix
python3 train.py --data artifacts/r3_1/ei_reductio_s27_drift/mix_8.jsonl --init ckpts/r3_1/ei_reductio_s27_drift_r7.pt --steps 600 --lr 0.0003 --min_lr 2.9999999999999997e-05 --warmup 50 --cap 0 --out ckpts/r3_1/ei_reductio_s27_drift_r8.pt --seed 27008 --log_every 200
params 3210240 mode abs shift True
train records 22276 max len 524
step 200 loss 0.0606 lr 2.53e-04 27s
step 400 loss 0.0550 lr 1.09e-04 53s
step 600 loss 0.0465 lr 3.00e-05 79s
saved ckpts/r3_1/ei_reductio_s27_drift_r8.pt
=== round 8 done in 150s; new proofs 388; cum targets solved 143
