[r3_1/ei_reductio_s26_drift r1] targets (this round, pass@32) SOLVED 41/300 = 0.137 [0.102,0.180]
  len 7: 40/212 = 0.189 [0.142,0.247]
  len 8: 1/88 = 0.011 [0.002,0.062]
  written hist {7: 209, 8: 4}
  pruned hist {5: 3, 6: 49, 7: 157, 8: 4}
  frontier written 7 pruned 7
  reasons [('rule check failed: NEGE', 3429), ('rule check failed: ANDI', 1250), ('rule check failed: IMPE', 715), ('rule check failed: ORI2', 493), ('rule check failed: DN', 438), ('rule check failed: IMPI', 402)]
[r3_1/ei_reductio_s26_drift r1] targets (cumulative 32 attempts) SOLVED 41/300 = 0.137 [0.102,0.180]
  len 7: 40/212 = 0.189 [0.142,0.247]
  len 8: 1/88 = 0.011 [0.002,0.062]
  written hist {7: 209, 8: 4}
  pruned hist {5: 3, 6: 49, 7: 157, 8: 4}
  frontier written 7 pruned 7
  reasons []
[r3_1/ei_reductio_s26_drift r1] transfer (this round, pass@32) SOLVED 0/150 = 0.000 [0.000,0.025]
  len 7: 0/27 = 0.000 [0.000,0.125]
  len 8: 0/67 = 0.000 [0.000,0.054]
  len 9: 0/41 = 0.000 [0.000,0.086]
  len 10: 0/15 = 0.000 [0.000,0.204]
  written hist {}
  pruned hist {}
  frontier written 0 pruned 0
  reasons [('rule check failed: IMPE', 1574), ('rule check failed: ANDI', 911), ('rule check failed: IMPI', 676), ('rule check failed: DN', 305), ('bad line cite', 224), ('rule check failed: ORI2', 206)]
[r3_1/ei_reductio_s26_drift r1] transfer (cumulative 32 attempts) SOLVED 0/150 = 0.000 [0.000,0.025]
  len 7: 0/27 = 0.000 [0.000,0.125]
  len 8: 0/67 = 0.000 [0.000,0.054]
  len 9: 0/41 = 0.000 [0.000,0.086]
  len 10: 0/15 = 0.000 [0.000,0.204]
  written hist {}
  pruned hist {}
  frontier written 0 pruned 0
  reasons []
[r3_1/ei_reductio_s26_drift r1] transfer greedy SOLVED 0/150 = 0.000 [0.000,0.025]
  len 7: 0/27 = 0.000 [0.000,0.125]
  len 8: 0/67 = 0.000 [0.000,0.054]
  len 9: 0/41 = 0.000 [0.000,0.086]
  len 10: 0/15 = 0.000 [0.000,0.204]
  written hist {}
  pruned hist {}
  frontier written 0 pruned 0
  reasons [('rule check failed: IMPE', 52), ('rule check failed: ANDI', 31), ('rule check failed: IMPI', 23), ('rule check failed: DN', 11), ('final formula is not the conclusion', 5), ('rule check failed: ANDE2', 5)]
[r3_1/ei_reductio_s26_drift r1] heldout greedy SOLVED 4386/5000 = 0.877 [0.868,0.886]
  len 2: 997/1000 = 0.997 [0.991,0.999]
  len 3: 994/1000 = 0.994 [0.987,0.997]
  len 4: 971/1000 = 0.971 [0.959,0.980]
  len 5: 539/1000 = 0.539 [0.508,0.570]
  len 6: 885/1000 = 0.885 [0.864,0.903]
  written hist {2: 1035, 3: 991, 4: 1047, 5: 577, 6: 736}
  pruned hist {2: 1038, 3: 990, 4: 1049, 5: 579, 6: 730}
  frontier written 6 pruned 6
  reasons [('rule check failed: ANDI', 130), ('rule check failed: IMPE', 107), ('rule check failed: NEGE', 63), ('rule check failed: ORI2', 45), ('rule check failed: IMPI', 45), ('rule check failed: NEGI', 42)]
[r3_1/ei_reductio_s26_drift r1] exclude_pattern=reductio: dropped 0 proofs of 0 theorems from the mix
python3 train.py --data artifacts/r3_1/ei_reductio_s26_drift/mix_1.jsonl --init ckpts/r3_1/stage1_reductio_f0_s26.pt --steps 600 --lr 0.0003 --min_lr 2.9999999999999997e-05 --warmup 50 --cap 0 --out ckpts/r3_1/ei_reductio_s26_drift_r1.pt --seed 26001 --log_every 200
params 3210240 mode abs shift True
train records 20444 max len 469
step 200 loss 0.0557 lr 2.53e-04 17s
step 400 loss 0.0591 lr 1.09e-04 39s
step 600 loss 0.0607 lr 3.00e-05 60s
saved ckpts/r3_1/ei_reductio_s26_drift_r1.pt
=== round 1 done in 109s; new proofs 213; cum targets solved 41
[r3_1/ei_reductio_s26_drift r2] targets (this round, pass@32) SOLVED 89/300 = 0.297 [0.248,0.351]
  len 7: 83/212 = 0.392 [0.328,0.459]
  len 8: 6/88 = 0.068 [0.032,0.141]
  written hist {7: 1398, 8: 110}
  pruned hist {5: 24, 6: 249, 7: 1171, 8: 64}
  frontier written 8 pruned 8
  reasons [('rule check failed: NEGE', 2551), ('rule check failed: ANDI', 966), ('rule check failed: IMPE', 616), ('rule check failed: ORI2', 477), ('rule check failed: DN', 470), ('rule check failed: IMPI', 368)]
[r3_1/ei_reductio_s26_drift r2] targets (cumulative 64 attempts) SOLVED 89/300 = 0.297 [0.248,0.351]
  len 7: 83/212 = 0.392 [0.328,0.459]
  len 8: 6/88 = 0.068 [0.032,0.141]
  written hist {7: 1522, 8: 112}
  pruned hist {5: 26, 6: 277, 7: 1265, 8: 66}
  frontier written 8 pruned 8
  reasons []
[r3_1/ei_reductio_s26_drift r2] transfer (this round, pass@32) SOLVED 0/150 = 0.000 [0.000,0.025]
  len 7: 0/27 = 0.000 [0.000,0.125]
  len 8: 0/67 = 0.000 [0.000,0.054]
  len 9: 0/41 = 0.000 [0.000,0.086]
  len 10: 0/15 = 0.000 [0.000,0.204]
  written hist {}
  pruned hist {}
  frontier written 0 pruned 0
  reasons [('rule check failed: IMPE', 1892), ('rule check failed: ANDI', 980), ('rule check failed: IMPI', 437), ('bad line cite', 272), ('rule check failed: DN', 184), ('rule check failed: ORI2', 183)]
[r3_1/ei_reductio_s26_drift r2] transfer (cumulative 64 attempts) SOLVED 0/150 = 0.000 [0.000,0.025]
  len 7: 0/27 = 0.000 [0.000,0.125]
  len 8: 0/67 = 0.000 [0.000,0.054]
  len 9: 0/41 = 0.000 [0.000,0.086]
  len 10: 0/15 = 0.000 [0.000,0.204]
  written hist {}
  pruned hist {}
  frontier written 0 pruned 0
  reasons []
[r3_1/ei_reductio_s26_drift r2] transfer greedy SOLVED 0/150 = 0.000 [0.000,0.025]
  len 7: 0/27 = 0.000 [0.000,0.125]
  len 8: 0/67 = 0.000 [0.000,0.054]
  len 9: 0/41 = 0.000 [0.000,0.086]
  len 10: 0/15 = 0.000 [0.000,0.204]
  written hist {}
  pruned hist {}
  frontier written 0 pruned 0
  reasons [('rule check failed: IMPE', 64), ('rule check failed: ANDI', 30), ('rule check failed: IMPI', 11), ('rule check failed: ORI2', 8), ('final formula is not the conclusion', 7), ('rule check failed: DN', 5)]
[r3_1/ei_reductio_s26_drift r2] heldout greedy SOLVED 4360/5000 = 0.872 [0.862,0.881]
  len 2: 998/1000 = 0.998 [0.993,0.999]
  len 3: 996/1000 = 0.996 [0.990,0.998]
  len 4: 963/1000 = 0.963 [0.949,0.973]
  len 5: 530/1000 = 0.530 [0.499,0.561]
  len 6: 873/1000 = 0.873 [0.851,0.892]
  written hist {2: 1026, 3: 992, 4: 1021, 5: 583, 6: 738}
  pruned hist {2: 1026, 3: 994, 4: 1025, 5: 584, 6: 731}
  frontier written 6 pruned 6
  reasons [('rule check failed: IMPE', 142), ('rule check failed: ANDI', 127), ('rule check failed: NEGE', 60), ('rule check failed: ORI2', 58), ('rule check failed: IMPI', 53), ('rule check failed: NEGI', 32)]
[r3_1/ei_reductio_s26_drift r2] exclude_pattern=reductio: dropped 0 proofs of 0 theorems from the mix
python3 train.py --data artifacts/r3_1/ei_reductio_s26_drift/mix_2.jsonl --init ckpts/r3_1/ei_reductio_s26_drift_r1.pt --steps 600 --lr 0.0003 --min_lr 2.9999999999999997e-05 --warmup 50 --cap 0 --out ckpts/r3_1/ei_reductio_s26_drift_r2.pt --seed 26002 --log_every 200
params 3210240 mode abs shift True
train records 21252 max len 537
step 200 loss 0.0545 lr 2.53e-04 18s
step 400 loss 0.0525 lr 1.09e-04 40s
step 600 loss 0.0548 lr 3.00e-05 62s
saved ckpts/r3_1/ei_reductio_s26_drift_r2.pt
=== round 2 done in 107s; new proofs 1421; cum targets solved 89
[r3_1/ei_reductio_s26_drift r3] targets (this round, pass@32) SOLVED 121/300 = 0.403 [0.349,0.460]
  len 7: 111/212 = 0.524 [0.457,0.590]
  len 8: 10/88 = 0.114 [0.063,0.197]
  written hist {7: 1869, 8: 124}
  pruned hist {5: 12, 6: 439, 7: 1446, 8: 96}
  frontier written 8 pruned 8
  reasons [('rule check failed: NEGE', 1712), ('rule check failed: ANDI', 783), ('rule check failed: DN', 638), ('rule check failed: IMPE', 429), ('rule check failed: IMPI', 386), ('bad box cite', 371)]
[r3_1/ei_reductio_s26_drift r3] targets (cumulative 96 attempts) SOLVED 121/300 = 0.403 [0.349,0.460]
  len 7: 111/212 = 0.524 [0.457,0.590]
  len 8: 10/88 = 0.114 [0.063,0.197]
  written hist {7: 2860, 8: 204}
  pruned hist {5: 33, 6: 603, 7: 2284, 8: 144}
  frontier written 8 pruned 8
  reasons []
[r3_1/ei_reductio_s26_drift r3] transfer (this round, pass@32) SOLVED 0/150 = 0.000 [0.000,0.025]
  len 7: 0/27 = 0.000 [0.000,0.125]
  len 8: 0/67 = 0.000 [0.000,0.054]
  len 9: 0/41 = 0.000 [0.000,0.086]
  len 10: 0/15 = 0.000 [0.000,0.204]
  written hist {}
  pruned hist {}
  frontier written 0 pruned 0
  reasons [('rule check failed: IMPE', 1790), ('rule check failed: ANDI', 916), ('rule check failed: IMPI', 572), ('rule check failed: DN', 330), ('rule check failed: ORI2', 311), ('final formula is not the conclusion', 130)]
[r3_1/ei_reductio_s26_drift r3] transfer (cumulative 96 attempts) SOLVED 0/150 = 0.000 [0.000,0.025]
  len 7: 0/27 = 0.000 [0.000,0.125]
  len 8: 0/67 = 0.000 [0.000,0.054]
  len 9: 0/41 = 0.000 [0.000,0.086]
  len 10: 0/15 = 0.000 [0.000,0.204]
  written hist {}
  pruned hist {}
  frontier written 0 pruned 0
  reasons []
[r3_1/ei_reductio_s26_drift r3] transfer greedy SOLVED 0/150 = 0.000 [0.000,0.025]
  len 7: 0/27 = 0.000 [0.000,0.125]
  len 8: 0/67 = 0.000 [0.000,0.054]
  len 9: 0/41 = 0.000 [0.000,0.086]
  len 10: 0/15 = 0.000 [0.000,0.204]
  written hist {}
  pruned hist {}
  frontier written 0 pruned 0
  reasons [('rule check failed: IMPE', 62), ('rule check failed: ANDI', 31), ('rule check failed: IMPI', 20), ('rule check failed: ORI2', 11), ('rule check failed: DN', 7), ('rule check failed: ORI1', 5)]
[r3_1/ei_reductio_s26_drift r3] heldout greedy SOLVED 4363/5000 = 0.873 [0.863,0.882]
  len 2: 998/1000 = 0.998 [0.993,0.999]
  len 3: 998/1000 = 0.998 [0.993,0.999]
  len 4: 968/1000 = 0.968 [0.955,0.977]
  len 5: 522/1000 = 0.522 [0.491,0.553]
  len 6: 877/1000 = 0.877 [0.855,0.896]
  written hist {2: 1024, 3: 985, 4: 1015, 5: 584, 6: 755}
  pruned hist {2: 1024, 3: 989, 4: 1021, 5: 577, 6: 752}
  frontier written 6 pruned 6
  reasons [('rule check failed: ANDI', 133), ('rule check failed: IMPE', 108), ('rule check failed: ORI2', 67), ('rule check failed: NEGE', 66), ('rule check failed: IMPI', 59), ('rule check failed: DN', 39)]
[r3_1/ei_reductio_s26_drift r3] exclude_pattern=reductio: dropped 0 proofs of 0 theorems from the mix
python3 train.py --data artifacts/r3_1/ei_reductio_s26_drift/mix_3.jsonl --init ckpts/r3_1/ei_reductio_s26_drift_r2.pt --steps 600 --lr 0.0003 --min_lr 2.9999999999999997e-05 --warmup 50 --cap 0 --out ckpts/r3_1/ei_reductio_s26_drift_r3.pt --seed 26003 --log_every 200
params 3210240 mode abs shift True
train records 21888 max len 537
step 200 loss 0.0589 lr 2.53e-04 18s
step 400 loss 0.0538 lr 1.09e-04 40s
step 600 loss 0.0563 lr 3.00e-05 62s
saved ckpts/r3_1/ei_reductio_s26_drift_r3.pt
=== round 3 done in 106s; new proofs 1430; cum targets solved 121
[r3_1/ei_reductio_s26_drift r4] targets (this round, pass@32) SOLVED 141/300 = 0.470 [0.414,0.527]
  len 7: 125/212 = 0.590 [0.522,0.654]
  len 8: 16/88 = 0.182 [0.115,0.275]
  written hist {7: 1977, 8: 206}
  pruned hist {5: 33, 6: 471, 7: 1524, 8: 155}
  frontier written 8 pruned 8
  reasons [('rule check failed: NEGE', 1534), ('rule check failed: ANDI', 595), ('rule check failed: IMPE', 547), ('rule check failed: DN', 531), ('rule check failed: IMPI', 350), ('bad box cite', 265)]
[r3_1/ei_reductio_s26_drift r4] targets (cumulative 128 attempts) SOLVED 141/300 = 0.470 [0.414,0.527]
  len 7: 125/212 = 0.590 [0.522,0.654]
  len 8: 16/88 = 0.182 [0.115,0.275]
  written hist {7: 3639, 8: 330}
  pruned hist {5: 51, 6: 803, 7: 2873, 8: 242}
  frontier written 8 pruned 8
  reasons []
[r3_1/ei_reductio_s26_drift r4] transfer (this round, pass@32) SOLVED 0/150 = 0.000 [0.000,0.025]
  len 7: 0/27 = 0.000 [0.000,0.125]
  len 8: 0/67 = 0.000 [0.000,0.054]
  len 9: 0/41 = 0.000 [0.000,0.086]
  len 10: 0/15 = 0.000 [0.000,0.204]
  written hist {}
  pruned hist {}
  frontier written 0 pruned 0
  reasons [('rule check failed: IMPE', 1788), ('rule check failed: ANDI', 853), ('rule check failed: IMPI', 506), ('rule check failed: ORI2', 313), ('bad line cite', 249), ('final formula is not the conclusion', 224)]
[r3_1/ei_reductio_s26_drift r4] transfer (cumulative 128 attempts) SOLVED 0/150 = 0.000 [0.000,0.025]
  len 7: 0/27 = 0.000 [0.000,0.125]
  len 8: 0/67 = 0.000 [0.000,0.054]
  len 9: 0/41 = 0.000 [0.000,0.086]
  len 10: 0/15 = 0.000 [0.000,0.204]
  written hist {}
  pruned hist {}
  frontier written 0 pruned 0
  reasons []
[r3_1/ei_reductio_s26_drift r4] transfer greedy SOLVED 0/150 = 0.000 [0.000,0.025]
  len 7: 0/27 = 0.000 [0.000,0.125]
  len 8: 0/67 = 0.000 [0.000,0.054]
  len 9: 0/41 = 0.000 [0.000,0.086]
  len 10: 0/15 = 0.000 [0.000,0.204]
  written hist {}
  pruned hist {}
  frontier written 0 pruned 0
  reasons [('rule check failed: IMPE', 59), ('rule check failed: ANDI', 25), ('rule check failed: IMPI', 15), ('bad line cite', 11), ('final formula is not the conclusion', 8), ('rule check failed: ORI2', 8)]
[r3_1/ei_reductio_s26_drift r4] heldout greedy SOLVED 4375/5000 = 0.875 [0.866,0.884]
  len 2: 1000/1000 = 1.000 [0.996,1.000]
  len 3: 997/1000 = 0.997 [0.991,0.999]
  len 4: 970/1000 = 0.970 [0.957,0.979]
  len 5: 528/1000 = 0.528 [0.497,0.559]
  len 6: 880/1000 = 0.880 [0.858,0.899]
  written hist {2: 1027, 3: 992, 4: 1023, 5: 583, 6: 750}
  pruned hist {2: 1027, 3: 994, 4: 1026, 5: 582, 6: 746}
  frontier written 6 pruned 6
  reasons [('rule check failed: ANDI', 139), ('rule check failed: IMPE', 79), ('rule check failed: IMPI', 66), ('rule check failed: NEGE', 55), ('rule check failed: ORI2', 51), ('rule check failed: DN', 37)]
[r3_1/ei_reductio_s26_drift r4] exclude_pattern=reductio: dropped 0 proofs of 0 theorems from the mix
python3 train.py --data artifacts/r3_1/ei_reductio_s26_drift/mix_4.jsonl --init ckpts/r3_1/ei_reductio_s26_drift_r3.pt --steps 600 --lr 0.0003 --min_lr 2.9999999999999997e-05 --warmup 50 --cap 0 --out ckpts/r3_1/ei_reductio_s26_drift_r4.pt --seed 26004 --log_every 200
params 3210240 mode abs shift True
train records 22164 max len 602
step 200 loss 0.0578 lr 2.53e-04 18s
step 400 loss 0.0546 lr 1.09e-04 40s
step 600 loss 0.0530 lr 3.00e-05 62s
saved ckpts/r3_1/ei_reductio_s26_drift_r4.pt
=== round 4 done in 104s; new proofs 905; cum targets solved 141
[r3_1/ei_reductio_s26_drift r5] targets (this round, pass@32) SOLVED 153/300 = 0.510 [0.454,0.566]
  len 7: 136/212 = 0.642 [0.575,0.703]
  len 8: 17/88 = 0.193 [0.124,0.288]
  written hist {7: 2172, 8: 295}
  pruned hist {5: 41, 6: 440, 7: 1768, 8: 218}
  frontier written 8 pruned 8
  reasons [('rule check failed: NEGE', 1351), ('rule check failed: ANDI', 539), ('rule check failed: DN', 494), ('rule check failed: IMPE', 378), ('bad box cite', 297), ('rule check failed: IMPI', 286)]
[r3_1/ei_reductio_s26_drift r5] targets (cumulative 160 attempts) SOLVED 153/300 = 0.510 [0.454,0.566]
  len 7: 136/212 = 0.642 [0.575,0.703]
  len 8: 17/88 = 0.193 [0.124,0.288]
  written hist {7: 4259, 8: 485}
  pruned hist {5: 74, 6: 920, 7: 3394, 8: 356}
  frontier written 8 pruned 8
  reasons []
[r3_1/ei_reductio_s26_drift r5] transfer (this round, pass@32) SOLVED 0/150 = 0.000 [0.000,0.025]
  len 7: 0/27 = 0.000 [0.000,0.125]
  len 8: 0/67 = 0.000 [0.000,0.054]
  len 9: 0/41 = 0.000 [0.000,0.086]
  len 10: 0/15 = 0.000 [0.000,0.204]
  written hist {}
  pruned hist {}
  frontier written 0 pruned 0
  reasons [('rule check failed: IMPE', 1727), ('rule check failed: ANDI', 992), ('rule check failed: IMPI', 700), ('rule check failed: ORI2', 252), ('bad line cite', 232), ('rule check failed: DN', 130)]
[r3_1/ei_reductio_s26_drift r5] transfer (cumulative 160 attempts) SOLVED 0/150 = 0.000 [0.000,0.025]
  len 7: 0/27 = 0.000 [0.000,0.125]
  len 8: 0/67 = 0.000 [0.000,0.054]
  len 9: 0/41 = 0.000 [0.000,0.086]
  len 10: 0/15 = 0.000 [0.000,0.204]
  written hist {}
  pruned hist {}
  frontier written 0 pruned 0
  reasons []
[r3_1/ei_reductio_s26_drift r5] transfer greedy SOLVED 0/150 = 0.000 [0.000,0.025]
  len 7: 0/27 = 0.000 [0.000,0.125]
  len 8: 0/67 = 0.000 [0.000,0.054]
  len 9: 0/41 = 0.000 [0.000,0.086]
  len 10: 0/15 = 0.000 [0.000,0.204]
  written hist {}
  pruned hist {}
  frontier written 0 pruned 0
  reasons [('rule check failed: IMPE', 56), ('rule check failed: ANDI', 28), ('rule check failed: IMPI', 23), ('rule check failed: ORI2', 10), ('bad line cite', 7), ('rule check failed: ORI1', 5)]
[r3_1/ei_reductio_s26_drift r5] heldout greedy SOLVED 4349/5000 = 0.870 [0.860,0.879]
  len 2: 996/1000 = 0.996 [0.990,0.998]
  len 3: 994/1000 = 0.994 [0.987,0.997]
  len 4: 964/1000 = 0.964 [0.951,0.974]
  len 5: 519/1000 = 0.519 [0.488,0.550]
  len 6: 876/1000 = 0.876 [0.854,0.895]
  written hist {2: 1021, 3: 992, 4: 1016, 5: 573, 6: 747}
  pruned hist {2: 1022, 3: 993, 4: 1016, 5: 574, 6: 744}
  frontier written 6 pruned 6
  reasons [('rule check failed: ANDI', 155), ('rule check failed: IMPE', 130), ('rule check failed: NEGE', 80), ('rule check failed: ORI2', 63), ('rule check failed: IMPI', 35), ('rule check failed: DN', 35)]
[r3_1/ei_reductio_s26_drift r5] exclude_pattern=reductio: dropped 0 proofs of 0 theorems from the mix
python3 train.py --data artifacts/r3_1/ei_reductio_s26_drift/mix_5.jsonl --init ckpts/r3_1/ei_reductio_s26_drift_r4.pt --steps 600 --lr 0.0003 --min_lr 2.9999999999999997e-05 --warmup 50 --cap 0 --out ckpts/r3_1/ei_reductio_s26_drift_r5.pt --seed 26005 --log_every 200
params 3210240 mode abs shift True
train records 22356 max len 537
step 200 loss 0.0555 lr 2.53e-04 24s
step 400 loss 0.0514 lr 1.09e-04 51s
step 600 loss 0.0509 lr 3.00e-05 79s
saved ckpts/r3_1/ei_reductio_s26_drift_r5.pt
=== round 5 done in 152s; new proofs 775; cum targets solved 153
[r3_1/ei_reductio_s26_drift r6] targets (this round, pass@32) SOLVED 170/300 = 0.567 [0.510,0.622]
  len 7: 147/212 = 0.693 [0.628,0.752]
  len 8: 23/88 = 0.261 [0.181,0.362]
  written hist {7: 2328, 8: 315}
  pruned hist {5: 62, 6: 494, 7: 1850, 8: 237}
  frontier written 8 pruned 8
  reasons [('rule check failed: NEGE', 1139), ('rule check failed: DN', 493), ('rule check failed: IMPE', 436), ('rule check failed: ANDI', 433), ('rule check failed: IMPI', 295), ('bad box cite', 279)]
[r3_1/ei_reductio_s26_drift r6] targets (cumulative 192 attempts) SOLVED 170/300 = 0.567 [0.510,0.622]
  len 7: 147/212 = 0.693 [0.628,0.752]
  len 8: 23/88 = 0.261 [0.181,0.362]
  written hist {7: 4823, 8: 597}
  pruned hist {5: 110, 6: 1049, 7: 3818, 8: 443}
  frontier written 8 pruned 8
  reasons []
[r3_1/ei_reductio_s26_drift r6] transfer (this round, pass@32) SOLVED 0/150 = 0.000 [0.000,0.025]
  len 7: 0/27 = 0.000 [0.000,0.125]
  len 8: 0/67 = 0.000 [0.000,0.054]
  len 9: 0/41 = 0.000 [0.000,0.086]
  len 10: 0/15 = 0.000 [0.000,0.204]
  written hist {}
  pruned hist {}
  frontier written 0 pruned 0
  reasons [('rule check failed: IMPE', 1844), ('rule check failed: ANDI', 877), ('rule check failed: IMPI', 649), ('rule check failed: DN', 274), ('bad line cite', 202), ('rule check failed: ORI2', 154)]
[r3_1/ei_reductio_s26_drift r6] transfer (cumulative 192 attempts) SOLVED 0/150 = 0.000 [0.000,0.025]
  len 7: 0/27 = 0.000 [0.000,0.125]
  len 8: 0/67 = 0.000 [0.000,0.054]
  len 9: 0/41 = 0.000 [0.000,0.086]
  len 10: 0/15 = 0.000 [0.000,0.204]
  written hist {}
  pruned hist {}
  frontier written 0 pruned 0
  reasons []
[r3_1/ei_reductio_s26_drift r6] transfer greedy SOLVED 0/150 = 0.000 [0.000,0.025]
  len 7: 0/27 = 0.000 [0.000,0.125]
  len 8: 0/67 = 0.000 [0.000,0.054]
  len 9: 0/41 = 0.000 [0.000,0.086]
  len 10: 0/15 = 0.000 [0.000,0.204]
  written hist {}
  pruned hist {}
  frontier written 0 pruned 0
  reasons [('rule check failed: IMPE', 60), ('rule check failed: ANDI', 30), ('rule check failed: IMPI', 21), ('rule check failed: DN', 9), ('bad line cite', 6), ('rule check failed: ORI2', 5)]
[r3_1/ei_reductio_s26_drift r6] heldout greedy SOLVED 4399/5000 = 0.880 [0.870,0.889]
  len 2: 998/1000 = 0.998 [0.993,0.999]
  len 3: 998/1000 = 0.998 [0.993,0.999]
  len 4: 966/1000 = 0.966 [0.953,0.976]
  len 5: 564/1000 = 0.564 [0.533,0.594]
  len 6: 873/1000 = 0.873 [0.851,0.892]
  written hist {2: 1060, 3: 997, 4: 1009, 5: 577, 6: 756}
  pruned hist {2: 1060, 3: 998, 4: 1012, 5: 573, 6: 756}
  frontier written 6 pruned 6
  reasons [('rule check failed: ANDI', 109), ('rule check failed: IMPE', 100), ('rule check failed: IMPI', 60), ('rule check failed: ORI2', 55), ('rule check failed: DN', 47), ('rule check failed: NEGE', 38)]
[r3_1/ei_reductio_s26_drift r6] exclude_pattern=reductio: dropped 0 proofs of 0 theorems from the mix
python3 train.py --data artifacts/r3_1/ei_reductio_s26_drift/mix_6.jsonl --init ckpts/r3_1/ei_reductio_s26_drift_r5.pt --steps 600 --lr 0.0003 --min_lr 2.9999999999999997e-05 --warmup 50 --cap 0 --out ckpts/r3_1/ei_reductio_s26_drift_r6.pt --seed 26006 --log_every 200
params 3210240 mode abs shift True
train records 22648 max len 476
step 200 loss 0.0566 lr 2.53e-04 23s
step 400 loss 0.0550 lr 1.09e-04 49s
step 600 loss 0.0515 lr 3.00e-05 76s
saved ckpts/r3_1/ei_reductio_s26_drift_r6.pt
=== round 6 done in 144s; new proofs 676; cum targets solved 170
[r3_1/ei_reductio_s26_drift r7] targets (this round, pass@32) SOLVED 175/300 = 0.583 [0.527,0.638]
  len 7: 152/212 = 0.717 [0.653,0.773]
  len 8: 23/88 = 0.261 [0.181,0.362]
  written hist {7: 2408, 8: 373}
  pruned hist {5: 85, 6: 505, 7: 1931, 8: 260}
  frontier written 8 pruned 8
  reasons [('rule check failed: NEGE', 934), ('rule check failed: DN', 472), ('rule check failed: ANDI', 403), ('rule check failed: IMPI', 363), ('rule check failed: IMPE', 329), ('rule check failed: NEGI', 242)]
[r3_1/ei_reductio_s26_drift r7] targets (cumulative 224 attempts) SOLVED 175/300 = 0.583 [0.527,0.638]
  len 7: 152/212 = 0.717 [0.653,0.773]
  len 8: 23/88 = 0.261 [0.181,0.362]
  written hist {7: 5238, 8: 720}
  pruned hist {5: 146, 6: 1134, 7: 4161, 8: 517}
  frontier written 8 pruned 8
  reasons []
[r3_1/ei_reductio_s26_drift r7] transfer (this round, pass@32) SOLVED 0/150 = 0.000 [0.000,0.025]
  len 7: 0/27 = 0.000 [0.000,0.125]
  len 8: 0/67 = 0.000 [0.000,0.054]
  len 9: 0/41 = 0.000 [0.000,0.086]
  len 10: 0/15 = 0.000 [0.000,0.204]
  written hist {}
  pruned hist {}
  frontier written 0 pruned 0
  reasons [('rule check failed: IMPE', 1682), ('rule check failed: ANDI', 858), ('rule check failed: IMPI', 731), ('bad line cite', 307), ('final formula is not the conclusion', 214), ('rule check failed: DN', 176)]
[r3_1/ei_reductio_s26_drift r7] transfer (cumulative 224 attempts) SOLVED 0/150 = 0.000 [0.000,0.025]
  len 7: 0/27 = 0.000 [0.000,0.125]
  len 8: 0/67 = 0.000 [0.000,0.054]
  len 9: 0/41 = 0.000 [0.000,0.086]
  len 10: 0/15 = 0.000 [0.000,0.204]
  written hist {}
  pruned hist {}
  frontier written 0 pruned 0
  reasons []
[r3_1/ei_reductio_s26_drift r7] transfer greedy SOLVED 0/150 = 0.000 [0.000,0.025]
  len 7: 0/27 = 0.000 [0.000,0.125]
  len 8: 0/67 = 0.000 [0.000,0.054]
  len 9: 0/41 = 0.000 [0.000,0.086]
  len 10: 0/15 = 0.000 [0.000,0.204]
  written hist {}
  pruned hist {}
  frontier written 0 pruned 0
  reasons [('rule check failed: IMPE', 56), ('rule check failed: ANDI', 26), ('rule check failed: IMPI', 24), ('bad line cite', 10), ('final formula is not the conclusion', 9), ('rule check failed: ORI1', 6)]
[r3_1/ei_reductio_s26_drift r7] heldout greedy SOLVED 4396/5000 = 0.879 [0.870,0.888]
  len 2: 997/1000 = 0.997 [0.991,0.999]
  len 3: 995/1000 = 0.995 [0.988,0.998]
  len 4: 974/1000 = 0.974 [0.962,0.982]
  len 5: 547/1000 = 0.547 [0.516,0.578]
  len 6: 883/1000 = 0.883 [0.862,0.901]
  written hist {2: 1042, 3: 992, 4: 1032, 5: 583, 6: 747}
  pruned hist {2: 1044, 3: 991, 4: 1034, 5: 582, 6: 745}
  frontier written 6 pruned 6
  reasons [('rule check failed: ANDI', 108), ('rule check failed: IMPE', 93), ('rule check failed: IMPI', 63), ('rule check failed: NEGE', 58), ('bad line cite', 56), ('rule check failed: ORI2', 45)]
[r3_1/ei_reductio_s26_drift r7] exclude_pattern=reductio: dropped 0 proofs of 0 theorems from the mix
python3 train.py --data artifacts/r3_1/ei_reductio_s26_drift/mix_7.jsonl --init ckpts/r3_1/ei_reductio_s26_drift_r6.pt --steps 600 --lr 0.0003 --min_lr 2.9999999999999997e-05 --warmup 50 --cap 0 --out ckpts/r3_1/ei_reductio_s26_drift_r7.pt --seed 26007 --log_every 200
params 3210240 mode abs shift True
train records 22752 max len 537
step 200 loss 0.0461 lr 2.53e-04 24s
step 400 loss 0.0510 lr 1.09e-04 51s
step 600 loss 0.0481 lr 3.00e-05 78s
saved ckpts/r3_1/ei_reductio_s26_drift_r7.pt
=== round 7 done in 150s; new proofs 538; cum targets solved 175
[r3_1/ei_reductio_s26_drift r8] targets (this round, pass@32) SOLVED 181/300 = 0.603 [0.547,0.657]
  len 7: 156/212 = 0.736 [0.673,0.791]
  len 8: 25/88 = 0.284 [0.200,0.386]
  written hist {7: 2507, 8: 383}
  pruned hist {5: 122, 6: 532, 7: 1976, 8: 260}
  frontier written 8 pruned 8
  reasons [('rule check failed: NEGE', 883), ('rule check failed: DN', 529), ('rule check failed: ANDI', 337), ('rule check failed: IMPE', 320), ('rule check failed: IMPI', 306), ('bad line cite', 211)]
[r3_1/ei_reductio_s26_drift r8] targets (cumulative 256 attempts) SOLVED 181/300 = 0.603 [0.547,0.657]
  len 7: 156/212 = 0.736 [0.673,0.791]
  len 8: 25/88 = 0.284 [0.200,0.386]
  written hist {7: 5620, 8: 786}
  pruned hist {5: 206, 6: 1218, 7: 4425, 8: 557}
  frontier written 8 pruned 8
  reasons []
[r3_1/ei_reductio_s26_drift r8] transfer (this round, pass@32) SOLVED 0/150 = 0.000 [0.000,0.025]
  len 7: 0/27 = 0.000 [0.000,0.125]
  len 8: 0/67 = 0.000 [0.000,0.054]
  len 9: 0/41 = 0.000 [0.000,0.086]
  len 10: 0/15 = 0.000 [0.000,0.204]
  written hist {}
  pruned hist {}
  frontier written 0 pruned 0
  reasons [('rule check failed: IMPE', 1567), ('rule check failed: ANDI', 877), ('rule check failed: IMPI', 663), ('bad line cite', 421), ('rule check failed: DN', 368), ('rule check failed: ORI2', 180)]
[r3_1/ei_reductio_s26_drift r8] transfer (cumulative 256 attempts) SOLVED 0/150 = 0.000 [0.000,0.025]
  len 7: 0/27 = 0.000 [0.000,0.125]
  len 8: 0/67 = 0.000 [0.000,0.054]
  len 9: 0/41 = 0.000 [0.000,0.086]
  len 10: 0/15 = 0.000 [0.000,0.204]
  written hist {}
  pruned hist {}
  frontier written 0 pruned 0
  reasons []
[r3_1/ei_reductio_s26_drift r8] transfer greedy SOLVED 0/150 = 0.000 [0.000,0.025]
  len 7: 0/27 = 0.000 [0.000,0.125]
  len 8: 0/67 = 0.000 [0.000,0.054]
  len 9: 0/41 = 0.000 [0.000,0.086]
  len 10: 0/15 = 0.000 [0.000,0.204]
  written hist {}
  pruned hist {}
  frontier written 0 pruned 0
  reasons [('rule check failed: IMPE', 50), ('rule check failed: ANDI', 30), ('rule check failed: IMPI', 21), ('bad line cite', 10), ('rule check failed: DN', 9), ('rule check failed: ORI2', 6)]
[r3_1/ei_reductio_s26_drift r8] heldout greedy SOLVED 4417/5000 = 0.883 [0.874,0.892]
  len 2: 998/1000 = 0.998 [0.993,0.999]
  len 3: 998/1000 = 0.998 [0.993,0.999]
  len 4: 976/1000 = 0.976 [0.965,0.984]
  len 5: 548/1000 = 0.548 [0.517,0.579]
  len 6: 897/1000 = 0.897 [0.877,0.914]
  written hist {2: 1045, 3: 995, 4: 1033, 5: 594, 6: 750}
  pruned hist {2: 1045, 3: 995, 4: 1039, 5: 589, 6: 749}
  frontier written 6 pruned 6
  reasons [('rule check failed: IMPE', 105), ('rule check failed: ANDI', 103), ('rule check failed: ORI2', 81), ('rule check failed: NEGE', 50), ('rule check failed: IMPI', 41), ('rule check failed: DN', 39)]
[r3_1/ei_reductio_s26_drift r8] exclude_pattern=reductio: dropped 0 proofs of 0 theorems from the mix
python3 train.py --data artifacts/r3_1/ei_reductio_s26_drift/mix_8.jsonl --init ckpts/r3_1/ei_reductio_s26_drift_r7.pt --steps 600 --lr 0.0003 --min_lr 2.9999999999999997e-05 --warmup 50 --cap 0 --out ckpts/r3_1/ei_reductio_s26_drift_r8.pt --seed 26008 --log_every 200
params 3210240 mode abs shift True
train records 22872 max len 537
step 200 loss 0.0552 lr 2.53e-04 26s
step 400 loss 0.0474 lr 1.09e-04 53s
step 600 loss 0.0535 lr 3.00e-05 79s
saved ckpts/r3_1/ei_reductio_s26_drift_r8.pt
=== round 8 done in 153s; new proofs 448; cum targets solved 181
