cap-12 groups {'0': {'A': 232, 'C': 36, 'B': 54}, '1': {'A': 236, 'C': 35, 'B': 51}, '2': {'A': 234, 'B': 60, 'C': 28}}
majority sets: A6 153 B6 113 C6 53 | A12 239 B12 51 C12 31 | B6&A12 75 A6&A12 152 B6&B12 37 C6&A12 9
--- item 3, B own
  s0: n 101 w1 p1600 -14.21 r0 -10.70 r8 -0.92  dRL 9.32 dPT 3.59  dRL>dPT True  paired med 5.97
  s1: n 132 w1 p1600 -11.54 r0 -10.03 r8 -0.97  dRL 8.58 dPT 1.11  dRL>dPT True  paired med 7.49
  s2: n 122 w1 p1600 -11.81 r0 -9.69 r8 -1.04  dRL 8.51 dPT 1.84  dRL>dPT True  paired med 7.20
  med dRL - med dPT per seed [5.73, 7.47, 6.68]  IQM(=mean) 6.63 [5.82, 7.65]  dRL>dPT in 3/3; IQM dRL 8.81 dPT 2.18
--- item 3, B ref
  s0: n 101 w1 p1600 -13.13 r0 -10.46 r8 -3.52  dRL 5.93 dPT 1.72  dRL>dPT True  paired med 4.13
  s1: n 132 w1 p1600 -10.69 r0 -9.93 r8 -2.98  dRL 4.98 dPT 1.48  dRL>dPT True  paired med 3.01
  s2: n 122 w1 p1600 -11.09 r0 -8.54 r8 -3.99  dRL 4.45 dPT 1.22  dRL>dPT True  paired med 3.27
  med dRL - med dPT per seed [4.2, 3.5, 3.22]  IQM(=mean) 3.64 [2.50, 4.62]  dRL>dPT in 3/3; IQM dRL 5.12 dPT 1.47
--- item 3, B cross
  s0: n 181 w1 p1600 -14.94 r0 -10.86 r8 -4.00  dRL 6.30 dPT 3.26  dRL>dPT True  paired med 3.25
  s1: n 242 w1 p1600 -11.45 r0 -10.50 r8 -3.04  dRL 6.22 dPT 1.24  dRL>dPT True  paired med 4.19
  s2: n 231 w1 p1600 -12.06 r0 -10.99 r8 -4.09  dRL 5.77 dPT 1.34  dRL>dPT True  paired med 3.97
  med dRL - med dPT per seed [3.03, 4.98, 4.43]  IQM(=mean) 4.15 [3.40, 4.81]  dRL>dPT in 3/3; IQM dRL 6.09 dPT 1.95
--- A own
  s0: n 167 w1 p1600 -7.93 r0 -2.90 r8 -0.70  dRL 2.09 dPT 4.79  dRL>dPT False  paired med -3.35
  s1: n 137 w1 p1600 -7.07 r0 -2.86 r8 -0.77  dRL 2.05 dPT 3.45  dRL>dPT False  paired med -1.71
  s2: n 140 w1 p1600 -7.36 r0 -3.33 r8 -0.70  dRL 2.52 dPT 4.25  dRL>dPT False  paired med -1.52
  med dRL - med dPT per seed [-2.7, -1.4, -1.73]  IQM(=mean) -1.94 [-2.57, -1.31]  dRL>dPT in 0/3; IQM dRL 2.22 dPT 4.16
s0 item5 totals {'A_pend': -3.97, 'A_r8': -1.37, 'B_pend': -24.29, 'B_r8': -1.92}  | item6 C ref n 46 (of C 52) med w1 r0..r8 [-16.49, -15.09, -12.03, -12.01, -12.57, -11.88, -12.71, -12.38, -13.02] max -11.88 dRL 2.16
s1 item5 totals {'A_pend': -4.31, 'A_r8': -1.2, 'B_pend': -20.49, 'B_r8': -2.0}  | item6 C ref n 46 (of C 52) med w1 r0..r8 [-12.6, -12.3, -12.61, -11.39, -11.91, -12.27, -11.97, -12.01, -12.08] max -11.39 dRL -0.93
s2 item5 totals {'A_pend': -4.21, 'A_r8': -1.07, 'B_pend': -20.72, 'B_r8': -1.8}  | item6 C ref n 54 (of C 60) med w1 r0..r8 [-10.93, -10.98, -11.75, -10.75, -9.89, -10.91, -10.73, -10.81, -11.46] max -9.89 dRL -0.16
4a: action count cap-6 eventual, B6&A12 med 12 (n 219) vs A6&A12 med 10.0 (n 456); diff 2.0 (pred >= 2)
4b: cap-12 eventual on B6&A12: med w1 under cap-6 pend -11.76 (n 672 pairs, pred <= -4); under cap-12 pend -2.81 (n 224, pred >= -3)
    per cap-6 seed s (all 3 cap-12 seeds' proofs): [-12.11, -11.71, -10.93]
4c: worst-step index >= 7 in 75/219 = 0.34 (pred >= 0.5); median index 5
4d: cap-12 eventual under cap-6 r8 med w1 -6.44 vs pend -11.76: diff of medians 5.32; paired median 4.41 (pred >= 2)
4e: cap-12 own eventual on B6&A12, w1 pend - p1600: paired median 4.72, diff of medians 5.19 (n 224; pred >= 3)
cross.jsonl == cap-6 eventual files: True  == trajectory eventual files: True
rev12 (cap-12 ckpts) re-scores of trajectory's own eventual proofs vs trajectory's scores: n 2595, max |step diff| 0
