b0_s0_la_T1_best6_s0_r8.jsonl: n 40 max |diff| 0.00003
b0_s0_stage1_best6_s0_b1200.jsonl: n 40 max |diff| 0.00008
b0_s0_stage1_best6_s0_b1200_step1600.jsonl: n 40 max |diff| 0.00007
b0_s1_la_T1_best6_s1_r8.jsonl: n 40 max |diff| 0.00003
b0_s1_stage1_best6_s1_b1200.jsonl: n 40 max |diff| 0.00006
b0_s1_stage1_best6_s1_b1200_step1600.jsonl: n 40 max |diff| 0.00005
b0_s2_la_T1_best6_s2_r8.jsonl: n 40 max |diff| 0.00007
b0_s2_stage1_best6_s2_b1200.jsonl: n 40 max |diff| 0.00003
b0_s2_stage1_best6_s2_b1200_step1600.jsonl: n 40 max |diff| 0.00008
b0cross_s0_la_T1_best6_s0_r8.jsonl: n 40 max |diff| 0.00004
b0cross_s0_stage1_best6_s0_b1200.jsonl: n 40 max |diff| 0.00008
b0cross_s1_la_T1_best6_s1_r8.jsonl: n 40 max |diff| 0.00017
b0cross_s1_stage1_best6_s1_b1200.jsonl: n 40 max |diff| 0.00004
b0cross_s2_la_T1_best6_s2_r8.jsonl: n 40 max |diff| 0.00006
b0cross_s2_stage1_best6_s2_b1200.jsonl: n 40 max |diff| 0.00007
full_s0_stage1_best6_s0_b1200.jsonl: n 4 max |diff| 0.00001
full_s1_stage1_best6_s1_b1200.jsonl: n 4 max |diff| 0.00001
full_s2_stage1_best6_s2_b1200.jsonl: n 4 max |diff| 0.00002
overall n 612 max 0.0001735058563099301 n>0.01 0
full-marginal targets 12 max |dtotal| 2.4405077112987783e-05 max |dw1| 1.4707859328666473e-05
