seed 0: groups {'B': 101, 'C': 52, 'A': 169}  tb72 {'B': 27, 'C': 28, 'A': 17} h250 {'C': 24, 'B': 74, 'A': 152}  A-lost 2
seed 1: groups {'A': 138, 'C': 52, 'B': 132}  tb72 {'A': 14, 'C': 31, 'B': 27} h250 {'C': 21, 'B': 105, 'A': 124}  A-lost 1
seed 2: groups {'A': 140, 'C': 60, 'B': 122}  tb72 {'A': 15, 'C': 34, 'B': 23} h250 {'C': 26, 'B': 99, 'A': 125}  A-lost 0
seed 0 tb72: r0 x0 17  r8 x0 43  r0 x1 18  r8 x1 43
seed 0 h250: r0 x0 152  r8 x0 225  r0 x1 153  r8 x1 225
seed 1 tb72: r0 x0 14  r8 x0 41  r0 x1 18  r8 x1 43
seed 1 h250: r0 x0 124  r8 x0 228  r0 x1 126  r8 x1 226
seed 2 tb72: r0 x0 15  r8 x0 38  r0 x1 15  r8 x1 39
seed 2 h250: r0 x0 125  r8 x0 224  r0 x1 128  r8 x1 221
missing []
inconsistent {}
reason vocab (cut-like) {'lean_seq parse: env: action truncated': 103332, 'lean_seq parse: env: step cap': 51}
reason vocab top [('lean rejected', 3030848), ('lean_seq parse: env: formula', 1208683), ('lean_seq parse: env: unbound', 771271), ('lean_seq parse: env: exact goal mismatch', 519008), ('lean_seq parse: env: action head', 503027), ('lean_seq parse: env: Or.elim on non-or', 469499), ('lean_seq parse: env: have name', 421626), ('lean_seq parse: env: binder mismatch', 268831), ('lean_seq parse: env: exact not last', 139754), ('lean_seq parse: env: PR position', 135772), ('lean_seq parse: env: assign', 130220), ('lean_seq parse: env: box on non-arrow', 129358)]
s0 p0     x1 A: 0.000/0.000/0.000/0.000  B: 0.000/0.000/0.000/0.000  C: 0.000/0.000/0.000/0.000
s0 p1600  x1 A: 0.026/0.058/0.119/0.183  B: 0.000/0.000/0.000/0.000  C: 0.000/0.000/0.000/0.000
s0 p8000  x1 A: 0.150/0.354/0.541/0.639  B: 0.003/0.018/0.062/0.109  C: 0.000/0.001/0.005/0.019
s0 pend   x1 A: 0.459/0.750/0.901/0.970  B: 0.000/0.003/0.022/0.069  C: 0.000/0.000/0.000/0.000
s0 r1     x1 A: 0.863/0.959/0.983/0.988  B: 0.146/0.253/0.381/0.485  C: 0.001/0.004/0.017/0.019
s0 r4     x1 A: 0.921/0.979/0.987/0.988  B: 0.525/0.712/0.802/0.861  C: 0.001/0.007/0.031/0.058
s0 r8     x1 A: 0.914/0.983/0.988/0.988  B: 0.653/0.844/0.933/0.960  C: 0.000/0.003/0.023/0.077
s1 p0     x1 A: 0.000/0.000/0.000/0.000  B: 0.000/0.000/0.000/0.000  C: 0.000/0.000/0.000/0.000
s1 p1600  x1 A: 0.048/0.135/0.251/0.333  B: 0.002/0.006/0.008/0.008  C: 0.000/0.000/0.000/0.000
s1 p8000  x1 A: 0.079/0.208/0.380/0.471  B: 0.006/0.009/0.017/0.030  C: 0.000/0.000/0.000/0.000
s1 pend   x1 A: 0.327/0.666/0.877/0.964  B: 0.000/0.003/0.025/0.083  C: 0.000/0.000/0.000/0.000
s1 r1     x1 A: 0.866/0.969/0.987/1.000  B: 0.230/0.372/0.505/0.583  C: 0.000/0.002/0.013/0.019
s1 r4     x1 A: 0.924/0.983/0.991/0.993  B: 0.544/0.747/0.852/0.886  C: 0.001/0.005/0.022/0.038
s1 r8     x1 A: 0.915/0.985/0.993/0.993  B: 0.630/0.859/0.948/0.985  C: 0.000/0.002/0.013/0.038
s2 p0     x1 A: 0.000/0.000/0.000/0.000  B: 0.000/0.000/0.000/0.000  C: 0.000/0.000/0.000/0.000
s2 p1600  x1 A: 0.037/0.102/0.193/0.250  B: 0.001/0.006/0.014/0.016  C: 0.000/0.000/0.000/0.000
s2 p8000  x1 A: 0.141/0.321/0.511/0.629  B: 0.015/0.054/0.105/0.123  C: 0.000/0.001/0.004/0.017
s2 pend   x1 A: 0.349/0.669/0.862/0.950  B: 0.000/0.003/0.022/0.074  C: 0.000/0.001/0.004/0.017
s2 r1     x1 A: 0.868/0.950/0.981/0.993  B: 0.217/0.341/0.437/0.516  C: 0.000/0.002/0.014/0.033
s2 r4     x1 A: 0.929/0.987/0.994/1.000  B: 0.450/0.645/0.763/0.844  C: 0.000/0.001/0.008/0.033
s2 r8     x1 A: 0.931/0.994/1.000/1.000  B: 0.586/0.858/0.938/0.959  C: 0.000/0.002/0.016/0.050
strata (pool:group) with cut-off > 0.1 %: 494 of 792
    s0_r6_x1 h250:C 14.24%
    s0_r6_x0 h250:C 13.93%
    s0_r7_x0 h250:C 11.67%
    s1_p0_x1 h250:C 11.66%
    s0_r7_x1 h250:C 10.87%
    s1_r8_x0 h250:C 10.77%
    s1_p0_x0 h250:C 10.70%
    s1_p0_x1 h250:B 10.69%
    s1_p0_x0 h250:B 10.68%
    s1_p0_x1 h250:A 10.32%
    s1_p0_x0 h250:A 10.29%
    s1_r5_x1 h250:C 10.06%
    s1_r5_x0 h250:C 9.97%
    s1_r8_x1 h250:C 9.95%
    s0_r8_x0 h250:C 9.20%
    s1_r6_x0 h250:C 8.91%
    s1_r6_x1 h250:C 8.82%
    s0_r8_x1 h250:C 8.77%
    s1_r4_x0 h250:C 8.37%
    s1_p0_x1 tb72:C 8.34%
    s1_p0_x0 tb72:C 8.00%
    s1_r4_x1 h250:C 7.46%
    s2_r8_x0 h250:C 7.17%
    s2_r8_x1 h250:C 7.11%
    s1_p0_x1 tb72:B 7.07%
trunc s0 pend x0 {'B': '0.000%', 'all': '0.005%', 'tb72:B': '0.000%', 'C': '0.015%', 'tb72:C': '0.028%', 'A': '0.005%', 'tb72:A': '0.023%', 'h250:C': '0.000%', 'h250:B': '0.000%', 'h250:A': '0.003%'}
trunc s0 r8 x0 {'B': '1.342%', 'all': '1.570%', 'tb72:B': '4.485%', 'C': '6.017%', 'tb72:C': '3.292%', 'A': '0.337%', 'tb72:A': '1.287%', 'h250:C': '9.196%', 'h250:B': '0.195%', 'h250:A': '0.231%'}
trunc s1 pend x0 {'A': '0.541%', 'all': '1.088%', 'tb72:A': '0.028%', 'C': '0.165%', 'tb72:C': '0.189%', 'B': '2.024%', 'tb72:B': '0.043%', 'h250:C': '0.130%', 'h250:B': '2.533%', 'h250:A': '0.599%'}
trunc s1 r8 x0 {'A': '0.192%', 'all': '1.512%', 'tb72:A': '0.530%', 'C': '4.883%', 'tb72:C': '0.895%', 'B': '1.562%', 'tb72:B': '3.921%', 'h250:C': '10.770%', 'h250:B': '0.956%', 'h250:A': '0.154%'}
trunc s2 pend x0 {'A': '0.000%', 'all': '0.002%', 'tb72:A': '0.000%', 'C': '0.007%', 'tb72:C': '0.011%', 'B': '0.003%', 'tb72:B': '0.017%', 'h250:C': '0.000%', 'h250:B': '0.000%', 'h250:A': '0.000%'}
trunc s2 r8 x0 {'A': '0.209%', 'all': '1.683%', 'tb72:A': '0.547%', 'C': '5.872%', 'tb72:C': '4.883%', 'B': '1.313%', 'tb72:B': '4.450%', 'h250:C': '7.166%', 'h250:B': '0.584%', 'h250:A': '0.169%'}
