[90mHint: The `hf-cli` skill is not installed. Run `hf skills add -g` to teach your AI agents how to use the `hf` CLI.[0m
=== k12fz_s0 tb72 2026-10-02T17:46:30Z
=== done k12fz_s0 tb72 2026-10-02T17:47:04Z "solved": 21
=== k12fz_s0 dev 2026-10-02T17:47:04Z
=== done k12fz_s0 dev 2026-10-02T17:49:27Z "solved": 415
=== k12fz_s0 h250 2026-10-02T17:49:27Z
=== done k12fz_s0 h250 2026-10-02T17:51:35Z "solved": 115
=== k12t1_s0 tb72 2026-10-02T17:51:37Z
=== done k12t1_s0 tb72 2026-10-02T17:52:12Z "solved": 25
=== k12t1_s0 dev 2026-10-02T17:52:12Z
=== done k12t1_s0 dev 2026-10-02T17:54:51Z "solved": 797
=== k12t1_s0 h250 2026-10-02T17:54:51Z
=== done k12t1_s0 h250 2026-10-02T17:57:00Z "solved": 181
=== k12fz_s1 tb72 2026-10-02T17:57:02Z
=== done k12fz_s1 tb72 2026-10-02T17:57:40Z "solved": 21
=== k12fz_s1 dev 2026-10-02T17:57:40Z
=== done k12fz_s1 dev 2026-10-02T17:59:59Z "solved": 384
=== k12fz_s1 h250 2026-10-02T17:59:59Z
=== done k12fz_s1 h250 2026-10-02T18:01:53Z "solved": 104
=== k12t1_s1 tb72 2026-10-02T18:01:55Z
=== done k12t1_s1 tb72 2026-10-02T18:02:36Z "solved": 22
=== k12t1_s1 dev 2026-10-02T18:02:36Z
=== done k12t1_s1 dev 2026-10-02T18:05:06Z "solved": 771
=== k12t1_s1 h250 2026-10-02T18:05:06Z
=== done k12t1_s1 h250 2026-10-02T18:06:53Z "solved": 177
