=== s0_r6 tb72 x0 2026-10-01T15:52:16Z
=== done s0_r6 tb72 x0 2026-10-01T15:55:39Z "solved": 50
=== s0_r6 h250 x0 2026-10-01T15:55:39Z
=== done s0_r6 h250 x0 2026-10-01T16:08:45Z "solved": 240
=== s1_r5 tb72 x0 2026-10-01T16:08:49Z
=== done s1_r5 tb72 x0 2026-10-01T16:12:37Z "solved": 47
=== s1_r5 h250 x0 2026-10-01T16:12:37Z
=== done s1_r5 h250 x0 2026-10-01T16:25:32Z "solved": 236
=== s2_r4 tb72 x0 2026-10-01T16:25:36Z
=== done s2_r4 tb72 x0 2026-10-01T16:28:35Z "solved": 55
=== s2_r4 h250 x0 2026-10-01T16:28:35Z
=== done s2_r4 h250 x0 2026-10-01T16:39:00Z "solved": 237
=== s2_p20000 tb72 x0 2026-10-01T16:39:04Z
=== done s2_p20000 tb72 x0 2026-10-01T16:40:08Z "solved": 27
=== s2_p20000 h250 x0 2026-10-01T16:40:08Z
=== done s2_p20000 h250 x0 2026-10-01T16:45:17Z "solved": 178
=== s2_p12000 tb72 x0 2026-10-01T16:45:21Z
=== done s2_p12000 tb72 x0 2026-10-01T16:46:55Z "solved": 22
=== s2_p12000 h250 x0 2026-10-01T16:46:55Z
=== done s2_p12000 h250 x0 2026-10-01T16:56:46Z "solved": 141
=== s2_p5000 tb72 x0 2026-10-01T16:56:50Z
=== done s2_p5000 tb72 x0 2026-10-01T16:57:49Z "solved": 19
=== s2_p5000 h250 x0 2026-10-01T16:57:49Z
=== done s2_p5000 h250 x0 2026-10-01T17:02:31Z "solved": 105
=== s2_p1600 tb72 x0 2026-10-01T17:02:36Z
=== done s2_p1600 tb72 x0 2026-10-01T17:04:05Z "solved": 14
=== s2_p1600 h250 x0 2026-10-01T17:04:05Z
=== done s2_p1600 h250 x0 2026-10-01T17:10:11Z "solved": 73
=== s2_p400 tb72 x0 2026-10-01T17:10:15Z
=== done s2_p400 tb72 x0 2026-10-01T17:11:24Z "solved": 7
=== s2_p400 h250 x0 2026-10-01T17:11:24Z
=== done s2_p400 h250 x0 2026-10-01T17:15:49Z "solved": 4
=== s2_p100 tb72 x0 2026-10-01T17:15:53Z
=== done s2_p100 tb72 x0 2026-10-01T17:16:08Z "solved": 0
=== s2_p100 h250 x0 2026-10-01T17:16:08Z
=== done s2_p100 h250 x0 2026-10-01T17:16:49Z "solved": 0
=== s2_p0 tb72 x0 2026-10-01T17:16:53Z
=== done s2_p0 tb72 x0 2026-10-01T17:17:19Z "solved": 0
=== s2_p0 h250 x0 2026-10-01T17:17:19Z
=== done s2_p0 h250 x0 2026-10-01T17:18:40Z "solved": 0
=== queue pod/tj/qD5.txt empty 2026-10-01T17:18:42Z
