info: downloading installer
info: default toolchain set to 'leanprover/lean4:v4.34.1'
warning: could not canonicalize path: '/root/.elan/toolchains'
warning: could not canonicalize path: '/root/.elan/toolchains'
warning: could not canonicalize path: '/root/.elan/toolchains'
info: downloading https://releases.lean-lang.org/lean4/v4.34.1/lean-4.34.1-linux.tar.zst
info: installing /root/.elan/toolchains/leanprover--lean4---v4.34.1
Lean (version 4.34.1, x86_64-unknown-linux-gnu, commit 5045d0056413266e57c625dcd7c365b10e377c52, Release)
8
NVIDIA A40, 46068 MiB
torch 2.8.0+cu128
WARNING: Running pip as the 'root' user can result in broken permissions and conflicting behaviour with the system package manager, possibly rendering your system unusable. It is recommended to use a virtual environment instead: https://pip.pypa.io/warnings/venv. Use the --root-user-action option if you know what you are doing and want to suppress this warning.
   1108 data/bs/dev1108.jsonl
    250 data/bs/holdout250.jsonl
     72 data/bs/textbook72.jsonl
    250 data/tj/ref_h250.jsonl
    307 data/tj/ref_targets.jsonl
     72 data/tj/tb72_all.jsonl
     72 data/tj/tb72_minlen.jsonl
      0 data/tj/tb72_minlen22.jsonl
     15 data/tj/tb72_miss15.jsonl
   2146 total
SETUP_DONE
