[p2/frozen_depth3_f0.1_b1_s1 r1] targets (this round, pass@32) SOLVED 124/1000 = 0.124 [0.105,0.146]
  len 7: 1/166 = 0.006 [0.001,0.033]
  len 8: 0/166 = 0.000 [0.000,0.023]
  len 9: 4/166 = 0.024 [0.009,0.060]
  len 10: 10/166 = 0.060 [0.033,0.107]
  len 11: 43/166 = 0.259 [0.198,0.331]
  len 12: 66/170 = 0.388 [0.318,0.463]
  written hist {7: 1585, 8: 20}
  pruned hist {5: 17, 6: 1442, 7: 146}
  frontier written 8 pruned 7
  reasons [('rule check failed: IMPI', 7611), ('rule check failed: ANDI', 3334), ('rule check failed: IMPE', 3300), ('bad box cite', 2667), ('rule check failed: ORI2', 1809), ('rule check failed: NEGE', 1749)]
[p2/frozen_depth3_f0.1_b1_s1 r1] targets (cumulative 32 attempts) SOLVED 124/1000 = 0.124 [0.105,0.146]
  len 7: 1/166 = 0.006 [0.001,0.033]
  len 8: 0/166 = 0.000 [0.000,0.023]
  len 9: 4/166 = 0.024 [0.009,0.060]
  len 10: 10/166 = 0.060 [0.033,0.107]
  len 11: 43/166 = 0.259 [0.198,0.331]
  len 12: 66/170 = 0.388 [0.318,0.463]
  written hist {7: 1585, 8: 20}
  pruned hist {5: 17, 6: 1442, 7: 146}
  frontier written 8 pruned 7
  reasons []
[p2/frozen_depth3_f0.1_b1_s1 r1] transfer (this round, pass@32) SOLVED 76/500 = 0.152 [0.123,0.186]
  len 7: 0/83 = 0.000 [0.000,0.044]
  len 8: 2/83 = 0.024 [0.007,0.084]
  len 9: 3/83 = 0.036 [0.012,0.101]
  len 10: 14/83 = 0.169 [0.103,0.263]
  len 11: 21/83 = 0.253 [0.172,0.356]
  len 12: 36/85 = 0.424 [0.324,0.530]
  written hist {7: 839, 8: 1}
  pruned hist {5: 5, 6: 746, 7: 89}
  frontier written 7 pruned 7
  reasons [('rule check failed: IMPI', 4081), ('rule check failed: IMPE', 1663), ('bad box cite', 1497), ('rule check failed: ANDI', 1273), ('rule check failed: ORI2', 975), ('rule check failed: NEGE', 959)]
[p2/frozen_depth3_f0.1_b1_s1 r1] transfer (cumulative 32 attempts) SOLVED 76/500 = 0.152 [0.123,0.186]
  len 7: 0/83 = 0.000 [0.000,0.044]
  len 8: 2/83 = 0.024 [0.007,0.084]
  len 9: 3/83 = 0.036 [0.012,0.101]
  len 10: 14/83 = 0.169 [0.103,0.263]
  len 11: 21/83 = 0.253 [0.172,0.356]
  len 12: 36/85 = 0.424 [0.324,0.530]
  written hist {7: 839, 8: 1}
  pruned hist {5: 5, 6: 746, 7: 89}
  frontier written 7 pruned 7
  reasons []
[p2/frozen_depth3_f0.1_b1_s1 r1] transfer greedy SOLVED 38/500 = 0.076 [0.056,0.103]
  len 7: 0/83 = 0.000 [0.000,0.044]
  len 8: 0/83 = 0.000 [0.000,0.044]
  len 9: 1/83 = 0.012 [0.002,0.065]
  len 10: 4/83 = 0.048 [0.019,0.117]
  len 11: 13/83 = 0.157 [0.094,0.250]
  len 12: 20/85 = 0.235 [0.158,0.336]
  written hist {7: 38}
  pruned hist {6: 35, 7: 3}
  frontier written 7 pruned 6
  reasons [('rule check failed: IMPI', 136), ('rule check failed: IMPE', 53), ('bad box cite', 52), ('rule check failed: ANDI', 40), ('rule check failed: ORI2', 33), ('rule check failed: NEGE', 30)]
[p2/frozen_depth3_f0.1_b1_s1 r1] heldout greedy SOLVED 4878/5000 = 0.976 [0.971,0.980]
  len 2: 998/1000 = 0.998 [0.993,0.999]
  len 3: 993/1000 = 0.993 [0.986,0.997]
  len 4: 976/1000 = 0.976 [0.965,0.984]
  len 5: 962/1000 = 0.962 [0.948,0.972]
  len 6: 949/1000 = 0.949 [0.934,0.961]
  written hist {2: 1026, 3: 986, 4: 953, 5: 974, 6: 939}
  pruned hist {2: 1027, 3: 986, 4: 954, 5: 975, 6: 936}
  frontier written 6 pruned 6
  reasons [('rule check failed: ANDI', 21), ('rule check failed: IMPE', 21), ('rule check failed: NEGE', 17), ('rule check failed: ORI2', 16), ('rule check failed: IMPI', 11), ('rule check failed: ANDE2', 8)]
=== round 1 done in 419s; new proofs 1605; cum targets solved 124
[p2/frozen_depth3_f0.1_b1_s1 r2] targets (this round, pass@32) SOLVED 134/1000 = 0.134 [0.114,0.157]
  len 7: 1/166 = 0.006 [0.001,0.033]
  len 8: 0/166 = 0.000 [0.000,0.023]
  len 9: 5/166 = 0.030 [0.013,0.069]
  len 10: 15/166 = 0.090 [0.056,0.144]
  len 11: 47/166 = 0.283 [0.220,0.356]
  len 12: 66/170 = 0.388 [0.318,0.463]
  written hist {7: 1594, 8: 17}
  pruned hist {5: 20, 6: 1450, 7: 141}
  frontier written 8 pruned 7
  reasons [('rule check failed: IMPI', 7651), ('rule check failed: ANDI', 3403), ('rule check failed: IMPE', 3229), ('bad box cite', 2641), ('rule check failed: ORI2', 1856), ('rule check failed: NEGE', 1775)]
[p2/frozen_depth3_f0.1_b1_s1 r2] targets (cumulative 64 attempts) SOLVED 140/1000 = 0.140 [0.120,0.163]
  len 7: 1/166 = 0.006 [0.001,0.033]
  len 8: 0/166 = 0.000 [0.000,0.023]
  len 9: 5/166 = 0.030 [0.013,0.069]
  len 10: 15/166 = 0.090 [0.056,0.144]
  len 11: 49/166 = 0.295 [0.231,0.369]
  len 12: 70/170 = 0.412 [0.341,0.487]
  written hist {7: 2692, 8: 30}
  pruned hist {5: 34, 6: 2439, 7: 249}
  frontier written 8 pruned 7
  reasons []
[p2/frozen_depth3_f0.1_b1_s1 r2] transfer (this round, pass@32) SOLVED 71/500 = 0.142 [0.114,0.175]
  len 7: 0/83 = 0.000 [0.000,0.044]
  len 8: 1/83 = 0.012 [0.002,0.065]
  len 9: 4/83 = 0.048 [0.019,0.117]
  len 10: 11/83 = 0.133 [0.076,0.222]
  len 11: 20/83 = 0.241 [0.162,0.343]
  len 12: 35/85 = 0.412 [0.313,0.518]
  written hist {7: 818}
  pruned hist {5: 8, 6: 709, 7: 101}
  frontier written 7 pruned 7
  reasons [('rule check failed: IMPI', 4031), ('rule check failed: IMPE', 1677), ('bad box cite', 1458), ('rule check failed: ANDI', 1325), ('rule check failed: ORI2', 981), ('rule check failed: NEGE', 934)]
[p2/frozen_depth3_f0.1_b1_s1 r2] transfer (cumulative 64 attempts) SOLVED 79/500 = 0.158 [0.129,0.193]
  len 7: 0/83 = 0.000 [0.000,0.044]
  len 8: 2/83 = 0.024 [0.007,0.084]
  len 9: 4/83 = 0.048 [0.019,0.117]
  len 10: 16/83 = 0.193 [0.122,0.290]
  len 11: 21/83 = 0.253 [0.172,0.356]
  len 12: 36/85 = 0.424 [0.324,0.530]
  written hist {7: 1387, 8: 1}
  pruned hist {5: 12, 6: 1220, 7: 156}
  frontier written 7 pruned 7
  reasons []
[p2/frozen_depth3_f0.1_b1_s1 r2] transfer greedy SOLVED 38/500 = 0.076 [0.056,0.103]
  len 7: 0/83 = 0.000 [0.000,0.044]
  len 8: 0/83 = 0.000 [0.000,0.044]
  len 9: 1/83 = 0.012 [0.002,0.065]
  len 10: 4/83 = 0.048 [0.019,0.117]
  len 11: 13/83 = 0.157 [0.094,0.250]
  len 12: 20/85 = 0.235 [0.158,0.336]
  written hist {7: 38}
  pruned hist {6: 35, 7: 3}
  frontier written 7 pruned 6
  reasons [('rule check failed: IMPI', 136), ('rule check failed: IMPE', 53), ('bad box cite', 52), ('rule check failed: ANDI', 40), ('rule check failed: ORI2', 33), ('rule check failed: NEGE', 30)]
[p2/frozen_depth3_f0.1_b1_s1 r2] heldout greedy SOLVED 4878/5000 = 0.976 [0.971,0.980]
  len 2: 998/1000 = 0.998 [0.993,0.999]
  len 3: 993/1000 = 0.993 [0.986,0.997]
  len 4: 976/1000 = 0.976 [0.965,0.984]
  len 5: 962/1000 = 0.962 [0.948,0.972]
  len 6: 949/1000 = 0.949 [0.934,0.961]
  written hist {2: 1026, 3: 986, 4: 953, 5: 974, 6: 939}
  pruned hist {2: 1027, 3: 986, 4: 954, 5: 975, 6: 936}
  frontier written 6 pruned 6
  reasons [('rule check failed: ANDI', 21), ('rule check failed: IMPE', 21), ('rule check failed: NEGE', 17), ('rule check failed: ORI2', 16), ('rule check failed: IMPI', 11), ('rule check failed: ANDE2', 8)]
=== round 2 done in 308s; new proofs 1117; cum targets solved 140
[p2/frozen_depth3_f0.1_b1_s1 r3] targets (this round, pass@32) SOLVED 129/1000 = 0.129 [0.110,0.151]
  len 7: 2/166 = 0.012 [0.003,0.043]
  len 8: 0/166 = 0.000 [0.000,0.023]
  len 9: 5/166 = 0.030 [0.013,0.069]
  len 10: 13/166 = 0.078 [0.046,0.129]
  len 11: 44/166 = 0.265 [0.204,0.337]
  len 12: 65/170 = 0.382 [0.313,0.457]
  written hist {7: 1649, 8: 15}
  pruned hist {5: 18, 6: 1506, 7: 140}
  frontier written 8 pruned 7
  reasons [('rule check failed: IMPI', 7632), ('rule check failed: ANDI', 3376), ('rule check failed: IMPE', 3298), ('bad box cite', 2639), ('rule check failed: ORI2', 1884), ('rule check failed: NEGE', 1731)]
[p2/frozen_depth3_f0.1_b1_s1 r3] targets (cumulative 96 attempts) SOLVED 145/1000 = 0.145 [0.125,0.168]
  len 7: 2/166 = 0.012 [0.003,0.043]
  len 8: 0/166 = 0.000 [0.000,0.023]
  len 9: 6/166 = 0.036 [0.017,0.077]
  len 10: 16/166 = 0.096 [0.060,0.151]
  len 11: 50/166 = 0.301 [0.237,0.375]
  len 12: 71/170 = 0.418 [0.346,0.493]
  written hist {7: 3470, 8: 33}
  pruned hist {5: 49, 6: 3138, 7: 316}
  frontier written 8 pruned 7
  reasons []
[p2/frozen_depth3_f0.1_b1_s1 r3] transfer (this round, pass@32) SOLVED 69/500 = 0.138 [0.111,0.171]
  len 7: 0/83 = 0.000 [0.000,0.044]
  len 8: 0/83 = 0.000 [0.000,0.044]
  len 9: 4/83 = 0.048 [0.019,0.117]
  len 10: 10/83 = 0.120 [0.067,0.208]
  len 11: 21/83 = 0.253 [0.172,0.356]
  len 12: 34/85 = 0.400 [0.302,0.506]
  written hist {7: 861}
  pruned hist {5: 11, 6: 756, 7: 94}
  frontier written 7 pruned 7
  reasons [('rule check failed: IMPI', 4044), ('rule check failed: IMPE', 1654), ('bad box cite', 1532), ('rule check failed: ANDI', 1304), ('rule check failed: ORI2', 979), ('rule check failed: NEGE', 963)]
[p2/frozen_depth3_f0.1_b1_s1 r3] transfer (cumulative 96 attempts) SOLVED 80/500 = 0.160 [0.130,0.195]
  len 7: 0/83 = 0.000 [0.000,0.044]
  len 8: 2/83 = 0.024 [0.007,0.084]
  len 9: 5/83 = 0.060 [0.026,0.133]
  len 10: 16/83 = 0.193 [0.122,0.290]
  len 11: 21/83 = 0.253 [0.172,0.356]
  len 12: 36/85 = 0.424 [0.324,0.530]
  written hist {7: 1803, 8: 1}
  pruned hist {5: 21, 6: 1577, 7: 206}
  frontier written 7 pruned 7
  reasons []
[p2/frozen_depth3_f0.1_b1_s1 r3] transfer greedy SOLVED 38/500 = 0.076 [0.056,0.103]
  len 7: 0/83 = 0.000 [0.000,0.044]
  len 8: 0/83 = 0.000 [0.000,0.044]
  len 9: 1/83 = 0.012 [0.002,0.065]
  len 10: 4/83 = 0.048 [0.019,0.117]
  len 11: 13/83 = 0.157 [0.094,0.250]
  len 12: 20/85 = 0.235 [0.158,0.336]
  written hist {7: 38}
  pruned hist {6: 35, 7: 3}
  frontier written 7 pruned 6
  reasons [('rule check failed: IMPI', 136), ('rule check failed: IMPE', 53), ('bad box cite', 52), ('rule check failed: ANDI', 40), ('rule check failed: ORI2', 33), ('rule check failed: NEGE', 30)]
[p2/frozen_depth3_f0.1_b1_s1 r3] heldout greedy SOLVED 4878/5000 = 0.976 [0.971,0.980]
  len 2: 998/1000 = 0.998 [0.993,0.999]
  len 3: 993/1000 = 0.993 [0.986,0.997]
  len 4: 976/1000 = 0.976 [0.965,0.984]
  len 5: 962/1000 = 0.962 [0.948,0.972]
  len 6: 949/1000 = 0.949 [0.934,0.961]
  written hist {2: 1026, 3: 986, 4: 953, 5: 974, 6: 939}
  pruned hist {2: 1027, 3: 986, 4: 954, 5: 975, 6: 936}
  frontier written 6 pruned 6
  reasons [('rule check failed: ANDI', 21), ('rule check failed: IMPE', 21), ('rule check failed: NEGE', 17), ('rule check failed: ORI2', 16), ('rule check failed: IMPI', 11), ('rule check failed: ANDE2', 8)]
=== round 3 done in 261s; new proofs 781; cum targets solved 145
[p2/frozen_depth3_f0.1_b1_s1 r4] targets (this round, pass@32) SOLVED 130/1000 = 0.130 [0.111,0.152]
  len 7: 1/166 = 0.006 [0.001,0.033]
  len 8: 1/166 = 0.006 [0.001,0.033]
  len 9: 5/166 = 0.030 [0.013,0.069]
  len 10: 12/166 = 0.072 [0.042,0.122]
  len 11: 43/166 = 0.259 [0.198,0.331]
  len 12: 68/170 = 0.400 [0.329,0.475]
  written hist {7: 1618, 8: 17}
  pruned hist {5: 16, 6: 1463, 7: 156}
  frontier written 8 pruned 7
  reasons [('rule check failed: IMPI', 7617), ('rule check failed: ANDI', 3373), ('rule check failed: IMPE', 3215), ('bad box cite', 2636), ('rule check failed: ORI2', 1895), ('rule check failed: NEGE', 1743)]
[p2/frozen_depth3_f0.1_b1_s1 r4] targets (cumulative 128 attempts) SOLVED 149/1000 = 0.149 [0.128,0.172]
  len 7: 2/166 = 0.012 [0.003,0.043]
  len 8: 1/166 = 0.006 [0.001,0.033]
  len 9: 6/166 = 0.036 [0.017,0.077]
  len 10: 17/166 = 0.102 [0.065,0.158]
  len 11: 50/166 = 0.301 [0.237,0.375]
  len 12: 73/170 = 0.429 [0.357,0.505]
  written hist {7: 4018, 8: 38}
  pruned hist {5: 59, 6: 3632, 7: 365}
  frontier written 8 pruned 7
  reasons []
[p2/frozen_depth3_f0.1_b1_s1 r4] transfer (this round, pass@32) SOLVED 70/500 = 0.140 [0.112,0.173]
  len 7: 0/83 = 0.000 [0.000,0.044]
  len 8: 2/83 = 0.024 [0.007,0.084]
  len 9: 2/83 = 0.024 [0.007,0.084]
  len 10: 11/83 = 0.133 [0.076,0.222]
  len 11: 22/83 = 0.265 [0.182,0.369]
  len 12: 33/85 = 0.388 [0.292,0.495]
  written hist {7: 808}
  pruned hist {5: 8, 6: 723, 7: 77}
  frontier written 7 pruned 7
  reasons [('rule check failed: IMPI', 4062), ('rule check failed: IMPE', 1636), ('bad box cite', 1460), ('rule check failed: ANDI', 1349), ('rule check failed: ORI2', 984), ('rule check failed: NEGE', 945)]
[p2/frozen_depth3_f0.1_b1_s1 r4] transfer (cumulative 128 attempts) SOLVED 84/500 = 0.168 [0.138,0.203]
  len 7: 0/83 = 0.000 [0.000,0.044]
  len 8: 3/83 = 0.036 [0.012,0.101]
  len 9: 5/83 = 0.060 [0.026,0.133]
  len 10: 18/83 = 0.217 [0.142,0.317]
  len 11: 22/83 = 0.265 [0.182,0.369]
  len 12: 36/85 = 0.424 [0.324,0.530]
  written hist {7: 2071, 8: 1}
  pruned hist {5: 27, 6: 1811, 7: 234}
  frontier written 7 pruned 7
  reasons []
[p2/frozen_depth3_f0.1_b1_s1 r4] transfer greedy SOLVED 38/500 = 0.076 [0.056,0.103]
  len 7: 0/83 = 0.000 [0.000,0.044]
  len 8: 0/83 = 0.000 [0.000,0.044]
  len 9: 1/83 = 0.012 [0.002,0.065]
  len 10: 4/83 = 0.048 [0.019,0.117]
  len 11: 13/83 = 0.157 [0.094,0.250]
  len 12: 20/85 = 0.235 [0.158,0.336]
  written hist {7: 38}
  pruned hist {6: 35, 7: 3}
  frontier written 7 pruned 6
  reasons [('rule check failed: IMPI', 136), ('rule check failed: IMPE', 53), ('bad box cite', 52), ('rule check failed: ANDI', 40), ('rule check failed: ORI2', 33), ('rule check failed: NEGE', 30)]
[p2/frozen_depth3_f0.1_b1_s1 r4] heldout greedy SOLVED 4878/5000 = 0.976 [0.971,0.980]
  len 2: 998/1000 = 0.998 [0.993,0.999]
  len 3: 993/1000 = 0.993 [0.986,0.997]
  len 4: 976/1000 = 0.976 [0.965,0.984]
  len 5: 962/1000 = 0.962 [0.948,0.972]
  len 6: 949/1000 = 0.949 [0.934,0.961]
  written hist {2: 1026, 3: 986, 4: 953, 5: 974, 6: 939}
  pruned hist {2: 1027, 3: 986, 4: 954, 5: 975, 6: 936}
  frontier written 6 pruned 6
  reasons [('rule check failed: ANDI', 21), ('rule check failed: IMPE', 21), ('rule check failed: NEGE', 17), ('rule check failed: ORI2', 16), ('rule check failed: IMPI', 11), ('rule check failed: ANDE2', 8)]
=== round 4 done in 259s; new proofs 553; cum targets solved 149
[p2/frozen_depth3_f0.1_b1_s1 r5] targets (this round, pass@32) SOLVED 129/1000 = 0.129 [0.110,0.151]
  len 7: 1/166 = 0.006 [0.001,0.033]
  len 8: 1/166 = 0.006 [0.001,0.033]
  len 9: 5/166 = 0.030 [0.013,0.069]
  len 10: 15/166 = 0.090 [0.056,0.144]
  len 11: 42/166 = 0.253 [0.193,0.324]
  len 12: 65/170 = 0.382 [0.313,0.457]
  written hist {7: 1612, 8: 17}
  pruned hist {5: 17, 6: 1474, 7: 138}
  frontier written 8 pruned 7
  reasons [('rule check failed: IMPI', 7662), ('rule check failed: IMPE', 3289), ('rule check failed: ANDI', 3279), ('bad box cite', 2634), ('rule check failed: ORI2', 1876), ('rule check failed: NEGE', 1751)]
[p2/frozen_depth3_f0.1_b1_s1 r5] targets (cumulative 160 attempts) SOLVED 154/1000 = 0.154 [0.133,0.178]
  len 7: 2/166 = 0.012 [0.003,0.043]
  len 8: 2/166 = 0.012 [0.003,0.043]
  len 9: 6/166 = 0.036 [0.017,0.077]
  len 10: 20/166 = 0.120 [0.079,0.179]
  len 11: 51/166 = 0.307 [0.242,0.381]
  len 12: 73/170 = 0.429 [0.357,0.505]
  written hist {7: 4431, 8: 43}
  pruned hist {5: 70, 6: 4004, 7: 400}
  frontier written 8 pruned 7
  reasons []
[p2/frozen_depth3_f0.1_b1_s1 r5] transfer (this round, pass@32) SOLVED 72/500 = 0.144 [0.116,0.177]
  len 7: 0/83 = 0.000 [0.000,0.044]
  len 8: 2/83 = 0.024 [0.007,0.084]
  len 9: 1/83 = 0.012 [0.002,0.065]
  len 10: 10/83 = 0.120 [0.067,0.208]
  len 11: 22/83 = 0.265 [0.182,0.369]
  len 12: 37/85 = 0.435 [0.335,0.541]
  written hist {7: 829}
  pruned hist {5: 7, 6: 741, 7: 81}
  frontier written 7 pruned 7
  reasons [('rule check failed: IMPI', 4053), ('rule check failed: IMPE', 1666), ('bad box cite', 1472), ('rule check failed: ANDI', 1305), ('rule check failed: ORI2', 976), ('rule check failed: NEGE', 976)]
[p2/frozen_depth3_f0.1_b1_s1 r5] transfer (cumulative 160 attempts) SOLVED 88/500 = 0.176 [0.145,0.212]
  len 7: 0/83 = 0.000 [0.000,0.044]
  len 8: 4/83 = 0.048 [0.019,0.117]
  len 9: 5/83 = 0.060 [0.026,0.133]
  len 10: 18/83 = 0.217 [0.142,0.317]
  len 11: 23/83 = 0.277 [0.192,0.382]
  len 12: 38/85 = 0.447 [0.346,0.553]
  written hist {7: 2269, 8: 1}
  pruned hist {5: 28, 6: 1978, 7: 264}
  frontier written 7 pruned 7
  reasons []
[p2/frozen_depth3_f0.1_b1_s1 r5] transfer greedy SOLVED 38/500 = 0.076 [0.056,0.103]
  len 7: 0/83 = 0.000 [0.000,0.044]
  len 8: 0/83 = 0.000 [0.000,0.044]
  len 9: 1/83 = 0.012 [0.002,0.065]
  len 10: 4/83 = 0.048 [0.019,0.117]
  len 11: 13/83 = 0.157 [0.094,0.250]
  len 12: 20/85 = 0.235 [0.158,0.336]
  written hist {7: 38}
  pruned hist {6: 35, 7: 3}
  frontier written 7 pruned 6
  reasons [('rule check failed: IMPI', 136), ('rule check failed: IMPE', 53), ('bad box cite', 52), ('rule check failed: ANDI', 40), ('rule check failed: ORI2', 33), ('rule check failed: NEGE', 30)]
[p2/frozen_depth3_f0.1_b1_s1 r5] heldout greedy SOLVED 4878/5000 = 0.976 [0.971,0.980]
  len 2: 998/1000 = 0.998 [0.993,0.999]
  len 3: 993/1000 = 0.993 [0.986,0.997]
  len 4: 976/1000 = 0.976 [0.965,0.984]
  len 5: 962/1000 = 0.962 [0.948,0.972]
  len 6: 949/1000 = 0.949 [0.934,0.961]
  written hist {2: 1026, 3: 986, 4: 953, 5: 974, 6: 939}
  pruned hist {2: 1027, 3: 986, 4: 954, 5: 975, 6: 936}
  frontier written 6 pruned 6
  reasons [('rule check failed: ANDI', 21), ('rule check failed: IMPE', 21), ('rule check failed: NEGE', 17), ('rule check failed: ORI2', 16), ('rule check failed: IMPI', 11), ('rule check failed: ANDE2', 8)]
=== round 5 done in 256s; new proofs 418; cum targets solved 154
[p2/frozen_depth3_f0.1_b1_s1 r6] targets (this round, pass@32) SOLVED 129/1000 = 0.129 [0.110,0.151]
  len 7: 1/166 = 0.006 [0.001,0.033]
  len 8: 0/166 = 0.000 [0.000,0.023]
  len 9: 5/166 = 0.030 [0.013,0.069]
  len 10: 16/166 = 0.096 [0.060,0.151]
  len 11: 43/166 = 0.259 [0.198,0.331]
  len 12: 64/170 = 0.376 [0.307,0.451]
  written hist {7: 1611, 8: 15}
  pruned hist {5: 21, 6: 1460, 7: 145}
  frontier written 8 pruned 7
  reasons [('rule check failed: IMPI', 7649), ('rule check failed: ANDI', 3369), ('rule check failed: IMPE', 3309), ('bad box cite', 2558), ('rule check failed: ORI2', 1870), ('rule check failed: NEGE', 1776)]
[p2/frozen_depth3_f0.1_b1_s1 r6] targets (cumulative 192 attempts) SOLVED 157/1000 = 0.157 [0.136,0.181]
  len 7: 2/166 = 0.012 [0.003,0.043]
  len 8: 2/166 = 0.012 [0.003,0.043]
  len 9: 6/166 = 0.036 [0.017,0.077]
  len 10: 22/166 = 0.133 [0.089,0.193]
  len 11: 52/166 = 0.313 [0.248,0.387]
  len 12: 73/170 = 0.429 [0.357,0.505]
  written hist {7: 4764, 8: 44}
  pruned hist {5: 84, 6: 4294, 7: 430}
  frontier written 8 pruned 7
  reasons []
[p2/frozen_depth3_f0.1_b1_s1 r6] transfer (this round, pass@32) SOLVED 74/500 = 0.148 [0.120,0.182]
  len 7: 0/83 = 0.000 [0.000,0.044]
  len 8: 0/83 = 0.000 [0.000,0.044]
  len 9: 2/83 = 0.024 [0.007,0.084]
  len 10: 12/83 = 0.145 [0.085,0.236]
  len 11: 22/83 = 0.265 [0.182,0.369]
  len 12: 38/85 = 0.447 [0.346,0.553]
  written hist {7: 843, 8: 1}
  pruned hist {5: 8, 6: 748, 7: 87, 8: 1}
  frontier written 7 pruned 7
  reasons [('rule check failed: IMPI', 3997), ('rule check failed: IMPE', 1713), ('bad box cite', 1491), ('rule check failed: ANDI', 1332), ('rule check failed: ORI2', 985), ('rule check failed: NEGE', 946)]
[p2/frozen_depth3_f0.1_b1_s1 r6] transfer (cumulative 192 attempts) SOLVED 91/500 = 0.182 [0.151,0.218]
  len 7: 0/83 = 0.000 [0.000,0.044]
  len 8: 4/83 = 0.048 [0.019,0.117]
  len 9: 5/83 = 0.060 [0.026,0.133]
  len 10: 18/83 = 0.217 [0.142,0.317]
  len 11: 24/83 = 0.289 [0.203,0.394]
  len 12: 40/85 = 0.471 [0.368,0.576]
  written hist {7: 2427, 8: 2}
  pruned hist {5: 30, 6: 2113, 7: 285, 8: 1}
  frontier written 7 pruned 7
  reasons []
[p2/frozen_depth3_f0.1_b1_s1 r6] transfer greedy SOLVED 38/500 = 0.076 [0.056,0.103]
  len 7: 0/83 = 0.000 [0.000,0.044]
  len 8: 0/83 = 0.000 [0.000,0.044]
  len 9: 1/83 = 0.012 [0.002,0.065]
  len 10: 4/83 = 0.048 [0.019,0.117]
  len 11: 13/83 = 0.157 [0.094,0.250]
  len 12: 20/85 = 0.235 [0.158,0.336]
  written hist {7: 38}
  pruned hist {6: 35, 7: 3}
  frontier written 7 pruned 6
  reasons [('rule check failed: IMPI', 136), ('rule check failed: IMPE', 53), ('bad box cite', 52), ('rule check failed: ANDI', 40), ('rule check failed: ORI2', 33), ('rule check failed: NEGE', 30)]
[p2/frozen_depth3_f0.1_b1_s1 r6] heldout greedy SOLVED 4878/5000 = 0.976 [0.971,0.980]
  len 2: 998/1000 = 0.998 [0.993,0.999]
  len 3: 993/1000 = 0.993 [0.986,0.997]
  len 4: 976/1000 = 0.976 [0.965,0.984]
  len 5: 962/1000 = 0.962 [0.948,0.972]
  len 6: 949/1000 = 0.949 [0.934,0.961]
  written hist {2: 1026, 3: 986, 4: 953, 5: 974, 6: 939}
  pruned hist {2: 1027, 3: 986, 4: 954, 5: 975, 6: 936}
  frontier written 6 pruned 6
  reasons [('rule check failed: ANDI', 21), ('rule check failed: IMPE', 21), ('rule check failed: NEGE', 17), ('rule check failed: ORI2', 16), ('rule check failed: IMPI', 11), ('rule check failed: ANDE2', 8)]
=== round 6 done in 254s; new proofs 334; cum targets solved 157
[p2/frozen_depth3_f0.1_b1_s1 r7] targets (this round, pass@32) SOLVED 130/1000 = 0.130 [0.111,0.152]
  len 7: 1/166 = 0.006 [0.001,0.033]
  len 8: 0/166 = 0.000 [0.000,0.023]
  len 9: 5/166 = 0.030 [0.013,0.069]
  len 10: 14/166 = 0.084 [0.051,0.137]
  len 11: 44/166 = 0.265 [0.204,0.337]
  len 12: 66/170 = 0.388 [0.318,0.463]
  written hist {7: 1588, 8: 17}
  pruned hist {5: 18, 6: 1442, 7: 145}
  frontier written 8 pruned 7
  reasons [('rule check failed: IMPI', 7660), ('rule check failed: ANDI', 3309), ('rule check failed: IMPE', 3303), ('bad box cite', 2604), ('rule check failed: ORI2', 1873), ('rule check failed: NEGE', 1733)]
[p2/frozen_depth3_f0.1_b1_s1 r7] targets (cumulative 224 attempts) SOLVED 159/1000 = 0.159 [0.138,0.183]
  len 7: 2/166 = 0.012 [0.003,0.043]
  len 8: 2/166 = 0.012 [0.003,0.043]
  len 9: 6/166 = 0.036 [0.017,0.077]
  len 10: 23/166 = 0.139 [0.094,0.199]
  len 11: 52/166 = 0.313 [0.248,0.387]
  len 12: 74/170 = 0.435 [0.363,0.510]
  written hist {7: 4992, 8: 44}
  pruned hist {5: 95, 6: 4496, 7: 445}
  frontier written 8 pruned 7
  reasons []
[p2/frozen_depth3_f0.1_b1_s1 r7] transfer (this round, pass@32) SOLVED 73/500 = 0.146 [0.118,0.180]
  len 7: 0/83 = 0.000 [0.000,0.044]
  len 8: 0/83 = 0.000 [0.000,0.044]
  len 9: 4/83 = 0.048 [0.019,0.117]
  len 10: 11/83 = 0.133 [0.076,0.222]
  len 11: 21/83 = 0.253 [0.172,0.356]
  len 12: 37/85 = 0.435 [0.335,0.541]
  written hist {7: 810}
  pruned hist {5: 12, 6: 712, 7: 86}
  frontier written 7 pruned 7
  reasons [('rule check failed: IMPI', 4040), ('rule check failed: IMPE', 1662), ('bad box cite', 1496), ('rule check failed: ANDI', 1318), ('rule check failed: ORI2', 1009), ('rule check failed: NEGE', 968)]
[p2/frozen_depth3_f0.1_b1_s1 r7] transfer (cumulative 224 attempts) SOLVED 93/500 = 0.186 [0.154,0.222]
  len 7: 0/83 = 0.000 [0.000,0.044]
  len 8: 4/83 = 0.048 [0.019,0.117]
  len 9: 5/83 = 0.060 [0.026,0.133]
  len 10: 19/83 = 0.229 [0.152,0.330]
  len 11: 24/83 = 0.289 [0.203,0.394]
  len 12: 41/85 = 0.482 [0.379,0.587]
  written hist {7: 2549, 8: 2}
  pruned hist {5: 36, 6: 2209, 7: 305, 8: 1}
  frontier written 7 pruned 7
  reasons []
[p2/frozen_depth3_f0.1_b1_s1 r7] transfer greedy SOLVED 38/500 = 0.076 [0.056,0.103]
  len 7: 0/83 = 0.000 [0.000,0.044]
  len 8: 0/83 = 0.000 [0.000,0.044]
  len 9: 1/83 = 0.012 [0.002,0.065]
  len 10: 4/83 = 0.048 [0.019,0.117]
  len 11: 13/83 = 0.157 [0.094,0.250]
  len 12: 20/85 = 0.235 [0.158,0.336]
  written hist {7: 38}
  pruned hist {6: 35, 7: 3}
  frontier written 7 pruned 6
  reasons [('rule check failed: IMPI', 136), ('rule check failed: IMPE', 53), ('bad box cite', 52), ('rule check failed: ANDI', 40), ('rule check failed: ORI2', 33), ('rule check failed: NEGE', 30)]
[p2/frozen_depth3_f0.1_b1_s1 r7] heldout greedy SOLVED 4878/5000 = 0.976 [0.971,0.980]
  len 2: 998/1000 = 0.998 [0.993,0.999]
  len 3: 993/1000 = 0.993 [0.986,0.997]
  len 4: 976/1000 = 0.976 [0.965,0.984]
  len 5: 962/1000 = 0.962 [0.948,0.972]
  len 6: 949/1000 = 0.949 [0.934,0.961]
  written hist {2: 1026, 3: 986, 4: 953, 5: 974, 6: 939}
  pruned hist {2: 1027, 3: 986, 4: 954, 5: 975, 6: 936}
  frontier written 6 pruned 6
  reasons [('rule check failed: ANDI', 21), ('rule check failed: IMPE', 21), ('rule check failed: NEGE', 17), ('rule check failed: ORI2', 16), ('rule check failed: IMPI', 11), ('rule check failed: ANDE2', 8)]
=== round 7 done in 202s; new proofs 228; cum targets solved 159
[p2/frozen_depth3_f0.1_b1_s1 r8] targets (this round, pass@32) SOLVED 136/1000 = 0.136 [0.116,0.159]
  len 7: 2/166 = 0.012 [0.003,0.043]
  len 8: 0/166 = 0.000 [0.000,0.023]
  len 9: 6/166 = 0.036 [0.017,0.077]
  len 10: 14/166 = 0.084 [0.051,0.137]
  len 11: 47/166 = 0.283 [0.220,0.356]
  len 12: 67/170 = 0.394 [0.324,0.469]
  written hist {7: 1656, 8: 16}
  pruned hist {5: 17, 6: 1499, 7: 156}
  frontier written 8 pruned 7
  reasons [('rule check failed: IMPI', 7676), ('rule check failed: ANDI', 3385), ('rule check failed: IMPE', 3273), ('bad box cite', 2668), ('rule check failed: ORI2', 1774), ('rule check failed: NEGE', 1750)]
[p2/frozen_depth3_f0.1_b1_s1 r8] targets (cumulative 256 attempts) SOLVED 165/1000 = 0.165 [0.143,0.189]
  len 7: 2/166 = 0.012 [0.003,0.043]
  len 8: 2/166 = 0.012 [0.003,0.043]
  len 9: 6/166 = 0.036 [0.017,0.077]
  len 10: 25/166 = 0.151 [0.104,0.213]
  len 11: 55/166 = 0.331 [0.264,0.406]
  len 12: 75/170 = 0.441 [0.369,0.516]
  written hist {7: 5174, 8: 47}
  pruned hist {5: 103, 6: 4648, 7: 470}
  frontier written 8 pruned 7
  reasons []
[p2/frozen_depth3_f0.1_b1_s1 r8] transfer (this round, pass@32) SOLVED 70/500 = 0.140 [0.112,0.173]
  len 7: 0/83 = 0.000 [0.000,0.044]
  len 8: 0/83 = 0.000 [0.000,0.044]
  len 9: 3/83 = 0.036 [0.012,0.101]
  len 10: 11/83 = 0.133 [0.076,0.222]
  len 11: 20/83 = 0.241 [0.162,0.343]
  len 12: 36/85 = 0.424 [0.324,0.530]
  written hist {7: 818, 8: 1}
  pruned hist {5: 12, 6: 716, 7: 90, 8: 1}
  frontier written 7 pruned 7
  reasons [('rule check failed: IMPI', 4069), ('rule check failed: IMPE', 1650), ('bad box cite', 1468), ('rule check failed: ANDI', 1321), ('rule check failed: ORI2', 991), ('rule check failed: NEGE', 977)]
[p2/frozen_depth3_f0.1_b1_s1 r8] transfer (cumulative 256 attempts) SOLVED 93/500 = 0.186 [0.154,0.222]
  len 7: 0/83 = 0.000 [0.000,0.044]
  len 8: 4/83 = 0.048 [0.019,0.117]
  len 9: 5/83 = 0.060 [0.026,0.133]
  len 10: 19/83 = 0.229 [0.152,0.330]
  len 11: 24/83 = 0.289 [0.203,0.394]
  len 12: 41/85 = 0.482 [0.379,0.587]
  written hist {7: 2643, 8: 3}
  pruned hist {5: 40, 6: 2283, 7: 321, 8: 2}
  frontier written 7 pruned 7
  reasons []
[p2/frozen_depth3_f0.1_b1_s1 r8] transfer greedy SOLVED 38/500 = 0.076 [0.056,0.103]
  len 7: 0/83 = 0.000 [0.000,0.044]
  len 8: 0/83 = 0.000 [0.000,0.044]
  len 9: 1/83 = 0.012 [0.002,0.065]
  len 10: 4/83 = 0.048 [0.019,0.117]
  len 11: 13/83 = 0.157 [0.094,0.250]
  len 12: 20/85 = 0.235 [0.158,0.336]
  written hist {7: 38}
  pruned hist {6: 35, 7: 3}
  frontier written 7 pruned 6
  reasons [('rule check failed: IMPI', 136), ('rule check failed: IMPE', 53), ('bad box cite', 52), ('rule check failed: ANDI', 40), ('rule check failed: ORI2', 33), ('rule check failed: NEGE', 30)]
[p2/frozen_depth3_f0.1_b1_s1 r8] heldout greedy SOLVED 4878/5000 = 0.976 [0.971,0.980]
  len 2: 998/1000 = 0.998 [0.993,0.999]
  len 3: 993/1000 = 0.993 [0.986,0.997]
  len 4: 976/1000 = 0.976 [0.965,0.984]
  len 5: 962/1000 = 0.962 [0.948,0.972]
  len 6: 949/1000 = 0.949 [0.934,0.961]
  written hist {2: 1026, 3: 986, 4: 953, 5: 974, 6: 939}
  pruned hist {2: 1027, 3: 986, 4: 954, 5: 975, 6: 936}
  frontier written 6 pruned 6
  reasons [('rule check failed: ANDI', 21), ('rule check failed: IMPE', 21), ('rule check failed: NEGE', 17), ('rule check failed: ORI2', 16), ('rule check failed: IMPI', 11), ('rule check failed: ANDE2', 8)]
=== round 8 done in 144s; new proofs 185; cum targets solved 165
