[p2/frozen_depth3_f0_a3_s0 r1] targets (this round, pass@32) SOLVED 76/1000 = 0.076 [0.061,0.094]
  len 7: 2/166 = 0.012 [0.003,0.043]
  len 8: 0/166 = 0.000 [0.000,0.023]
  len 9: 1/166 = 0.006 [0.001,0.033]
  len 10: 8/166 = 0.048 [0.025,0.092]
  len 11: 27/166 = 0.163 [0.114,0.226]
  len 12: 38/170 = 0.224 [0.167,0.292]
  written hist {7: 853}
  pruned hist {5: 19, 6: 778, 7: 56}
  frontier written 7 pruned 7
  reasons [('rule check failed: ANDI', 6884), ('bad box cite', 3013), ('rule check failed: IMPE', 3005), ('rule check failed: ORI2', 2678), ('rule check failed: ORI1', 2329), ('rule check failed: IMPI', 2019)]
[p2/frozen_depth3_f0_a3_s0 r1] targets (cumulative 32 attempts) SOLVED 76/1000 = 0.076 [0.061,0.094]
  len 7: 2/166 = 0.012 [0.003,0.043]
  len 8: 0/166 = 0.000 [0.000,0.023]
  len 9: 1/166 = 0.006 [0.001,0.033]
  len 10: 8/166 = 0.048 [0.025,0.092]
  len 11: 27/166 = 0.163 [0.114,0.226]
  len 12: 38/170 = 0.224 [0.167,0.292]
  written hist {7: 853}
  pruned hist {5: 19, 6: 778, 7: 56}
  frontier written 7 pruned 7
  reasons []
[p2/frozen_depth3_f0_a3_s0 r1] transfer (this round, pass@32) SOLVED 42/500 = 0.084 [0.063,0.112]
  len 7: 0/83 = 0.000 [0.000,0.044]
  len 8: 0/83 = 0.000 [0.000,0.044]
  len 9: 1/83 = 0.012 [0.002,0.065]
  len 10: 4/83 = 0.048 [0.019,0.117]
  len 11: 10/83 = 0.120 [0.067,0.208]
  len 12: 27/85 = 0.318 [0.228,0.423]
  written hist {7: 398}
  pruned hist {6: 340, 7: 58}
  frontier written 7 pruned 7
  reasons [('rule check failed: ANDI', 3346), ('bad box cite', 1854), ('rule check failed: IMPE', 1742), ('rule check failed: ORI2', 1456), ('rule check failed: ORI1', 1229), ('rule check failed: DN', 947)]
[p2/frozen_depth3_f0_a3_s0 r1] transfer (cumulative 32 attempts) SOLVED 42/500 = 0.084 [0.063,0.112]
  len 7: 0/83 = 0.000 [0.000,0.044]
  len 8: 0/83 = 0.000 [0.000,0.044]
  len 9: 1/83 = 0.012 [0.002,0.065]
  len 10: 4/83 = 0.048 [0.019,0.117]
  len 11: 10/83 = 0.120 [0.067,0.208]
  len 12: 27/85 = 0.318 [0.228,0.423]
  written hist {7: 398}
  pruned hist {6: 340, 7: 58}
  frontier written 7 pruned 7
  reasons []
[p2/frozen_depth3_f0_a3_s0 r1] transfer greedy SOLVED 0/500 = 0.000 [0.000,0.008]
  len 7: 0/83 = 0.000 [0.000,0.044]
  len 8: 0/83 = 0.000 [0.000,0.044]
  len 9: 0/83 = 0.000 [0.000,0.044]
  len 10: 0/83 = 0.000 [0.000,0.044]
  len 11: 0/83 = 0.000 [0.000,0.044]
  len 12: 0/85 = 0.000 [0.000,0.043]
  written hist {}
  pruned hist {}
  frontier written 0 pruned 0
  reasons [('rule check failed: ANDI', 94), ('line index mismatch at position 7', 81), ('bad box cite', 64), ('rule check failed: ORI1', 43), ('rule check failed: IMPE', 42), ('rule check failed: ORI2', 37)]
[p2/frozen_depth3_f0_a3_s0 r1] heldout greedy SOLVED 4370/5000 = 0.874 [0.865,0.883]
  len 2: 999/1000 = 0.999 [0.994,1.000]
  len 3: 993/1000 = 0.993 [0.986,0.997]
  len 4: 967/1000 = 0.967 [0.954,0.976]
  len 5: 948/1000 = 0.948 [0.932,0.960]
  len 6: 463/1000 = 0.463 [0.432,0.494]
  written hist {2: 1021, 3: 986, 4: 952, 5: 982, 6: 429}
  pruned hist {2: 1021, 3: 987, 4: 955, 5: 981, 6: 426}
  frontier written 6 pruned 6
  reasons [('bad box cite', 113), ('rule check failed: DN', 106), ('rule check failed: ANDI', 68), ('rule check failed: ORI2', 57), ('final formula is not the conclusion', 44), ('rule check failed: IMPI', 36)]
=== round 1 done in 471s; new proofs 853; cum targets solved 76
[p2/frozen_depth3_f0_a3_s0 r2] targets (this round, pass@32) SOLVED 73/1000 = 0.073 [0.058,0.091]
  len 7: 1/166 = 0.006 [0.001,0.033]
  len 8: 0/166 = 0.000 [0.000,0.023]
  len 9: 1/166 = 0.006 [0.001,0.033]
  len 10: 7/166 = 0.042 [0.021,0.084]
  len 11: 25/166 = 0.151 [0.104,0.213]
  len 12: 39/170 = 0.229 [0.173,0.298]
  written hist {7: 865}
  pruned hist {5: 19, 6: 786, 7: 60}
  frontier written 7 pruned 7
  reasons [('rule check failed: ANDI', 6860), ('rule check failed: IMPE', 2995), ('bad box cite', 2993), ('rule check failed: ORI2', 2726), ('rule check failed: ORI1', 2360), ('final formula is not the conclusion', 2015)]
[p2/frozen_depth3_f0_a3_s0 r2] targets (cumulative 64 attempts) SOLVED 82/1000 = 0.082 [0.067,0.101]
  len 7: 2/166 = 0.012 [0.003,0.043]
  len 8: 0/166 = 0.000 [0.000,0.023]
  len 9: 2/166 = 0.012 [0.003,0.043]
  len 10: 9/166 = 0.054 [0.029,0.100]
  len 11: 28/166 = 0.169 [0.119,0.233]
  len 12: 41/170 = 0.241 [0.183,0.311]
  written hist {7: 1477}
  pruned hist {5: 35, 6: 1340, 7: 102}
  frontier written 7 pruned 7
  reasons []
[p2/frozen_depth3_f0_a3_s0 r2] transfer (this round, pass@32) SOLVED 40/500 = 0.080 [0.059,0.107]
  len 7: 0/83 = 0.000 [0.000,0.044]
  len 8: 0/83 = 0.000 [0.000,0.044]
  len 9: 1/83 = 0.012 [0.002,0.065]
  len 10: 5/83 = 0.060 [0.026,0.133]
  len 11: 8/83 = 0.096 [0.050,0.179]
  len 12: 26/85 = 0.306 [0.218,0.410]
  written hist {7: 379}
  pruned hist {6: 323, 7: 56}
  frontier written 7 pruned 7
  reasons [('rule check failed: ANDI', 3297), ('bad box cite', 1839), ('rule check failed: IMPE', 1675), ('rule check failed: ORI2', 1439), ('rule check failed: ORI1', 1247), ('rule check failed: DN', 963)]
[p2/frozen_depth3_f0_a3_s0 r2] transfer (cumulative 64 attempts) SOLVED 47/500 = 0.094 [0.071,0.123]
  len 7: 0/83 = 0.000 [0.000,0.044]
  len 8: 0/83 = 0.000 [0.000,0.044]
  len 9: 1/83 = 0.012 [0.002,0.065]
  len 10: 6/83 = 0.072 [0.034,0.149]
  len 11: 11/83 = 0.133 [0.076,0.222]
  len 12: 29/85 = 0.341 [0.249,0.447]
  written hist {7: 645}
  pruned hist {6: 548, 7: 97}
  frontier written 7 pruned 7
  reasons []
[p2/frozen_depth3_f0_a3_s0 r2] transfer greedy SOLVED 0/500 = 0.000 [0.000,0.008]
  len 7: 0/83 = 0.000 [0.000,0.044]
  len 8: 0/83 = 0.000 [0.000,0.044]
  len 9: 0/83 = 0.000 [0.000,0.044]
  len 10: 0/83 = 0.000 [0.000,0.044]
  len 11: 0/83 = 0.000 [0.000,0.044]
  len 12: 0/85 = 0.000 [0.000,0.043]
  written hist {}
  pruned hist {}
  frontier written 0 pruned 0
  reasons [('rule check failed: ANDI', 94), ('line index mismatch at position 7', 81), ('bad box cite', 64), ('rule check failed: ORI1', 43), ('rule check failed: IMPE', 42), ('rule check failed: ORI2', 37)]
[p2/frozen_depth3_f0_a3_s0 r2] heldout greedy SOLVED 4370/5000 = 0.874 [0.865,0.883]
  len 2: 999/1000 = 0.999 [0.994,1.000]
  len 3: 993/1000 = 0.993 [0.986,0.997]
  len 4: 967/1000 = 0.967 [0.954,0.976]
  len 5: 948/1000 = 0.948 [0.932,0.960]
  len 6: 463/1000 = 0.463 [0.432,0.494]
  written hist {2: 1021, 3: 986, 4: 952, 5: 982, 6: 429}
  pruned hist {2: 1021, 3: 987, 4: 955, 5: 981, 6: 426}
  frontier written 6 pruned 6
  reasons [('bad box cite', 113), ('rule check failed: DN', 106), ('rule check failed: ANDI', 68), ('rule check failed: ORI2', 57), ('final formula is not the conclusion', 44), ('rule check failed: IMPI', 36)]
=== round 2 done in 462s; new proofs 624; cum targets solved 82
[p2/frozen_depth3_f0_a3_s0 r3] targets (this round, pass@32) SOLVED 74/1000 = 0.074 [0.059,0.092]
  len 7: 2/166 = 0.012 [0.003,0.043]
  len 8: 0/166 = 0.000 [0.000,0.023]
  len 9: 1/166 = 0.006 [0.001,0.033]
  len 10: 6/166 = 0.036 [0.017,0.077]
  len 11: 24/166 = 0.145 [0.099,0.206]
  len 12: 41/170 = 0.241 [0.183,0.311]
  written hist {7: 916}
  pruned hist {5: 20, 6: 841, 7: 55}
  frontier written 7 pruned 7
  reasons [('rule check failed: ANDI', 6876), ('bad box cite', 3021), ('rule check failed: IMPE', 3001), ('rule check failed: ORI2', 2739), ('rule check failed: ORI1', 2330), ('rule check failed: IMPI', 1993)]
[p2/frozen_depth3_f0_a3_s0 r3] targets (cumulative 96 attempts) SOLVED 87/1000 = 0.087 [0.071,0.106]
  len 7: 2/166 = 0.012 [0.003,0.043]
  len 8: 0/166 = 0.000 [0.000,0.023]
  len 9: 3/166 = 0.018 [0.006,0.052]
  len 10: 9/166 = 0.054 [0.029,0.100]
  len 11: 29/166 = 0.175 [0.124,0.240]
  len 12: 44/170 = 0.259 [0.199,0.329]
  written hist {7: 1932}
  pruned hist {5: 42, 6: 1758, 7: 132}
  frontier written 7 pruned 7
  reasons []
[p2/frozen_depth3_f0_a3_s0 r3] transfer (this round, pass@32) SOLVED 40/500 = 0.080 [0.059,0.107]
  len 7: 0/83 = 0.000 [0.000,0.044]
  len 8: 0/83 = 0.000 [0.000,0.044]
  len 9: 1/83 = 0.012 [0.002,0.065]
  len 10: 4/83 = 0.048 [0.019,0.117]
  len 11: 9/83 = 0.108 [0.058,0.193]
  len 12: 26/85 = 0.306 [0.218,0.410]
  written hist {7: 398}
  pruned hist {6: 342, 7: 56}
  frontier written 7 pruned 7
  reasons [('rule check failed: ANDI', 3288), ('bad box cite', 1846), ('rule check failed: IMPE', 1703), ('rule check failed: ORI2', 1432), ('rule check failed: ORI1', 1280), ('rule check failed: DN', 993)]
[p2/frozen_depth3_f0_a3_s0 r3] transfer (cumulative 96 attempts) SOLVED 50/500 = 0.100 [0.077,0.129]
  len 7: 0/83 = 0.000 [0.000,0.044]
  len 8: 0/83 = 0.000 [0.000,0.044]
  len 9: 1/83 = 0.012 [0.002,0.065]
  len 10: 6/83 = 0.072 [0.034,0.149]
  len 11: 12/83 = 0.145 [0.085,0.236]
  len 12: 31/85 = 0.365 [0.270,0.471]
  written hist {7: 855}
  pruned hist {6: 725, 7: 130}
  frontier written 7 pruned 7
  reasons []
[p2/frozen_depth3_f0_a3_s0 r3] transfer greedy SOLVED 0/500 = 0.000 [0.000,0.008]
  len 7: 0/83 = 0.000 [0.000,0.044]
  len 8: 0/83 = 0.000 [0.000,0.044]
  len 9: 0/83 = 0.000 [0.000,0.044]
  len 10: 0/83 = 0.000 [0.000,0.044]
  len 11: 0/83 = 0.000 [0.000,0.044]
  len 12: 0/85 = 0.000 [0.000,0.043]
  written hist {}
  pruned hist {}
  frontier written 0 pruned 0
  reasons [('rule check failed: ANDI', 94), ('line index mismatch at position 7', 81), ('bad box cite', 64), ('rule check failed: ORI1', 43), ('rule check failed: IMPE', 42), ('rule check failed: ORI2', 37)]
[p2/frozen_depth3_f0_a3_s0 r3] heldout greedy SOLVED 4370/5000 = 0.874 [0.865,0.883]
  len 2: 999/1000 = 0.999 [0.994,1.000]
  len 3: 993/1000 = 0.993 [0.986,0.997]
  len 4: 967/1000 = 0.967 [0.954,0.976]
  len 5: 948/1000 = 0.948 [0.932,0.960]
  len 6: 463/1000 = 0.463 [0.432,0.494]
  written hist {2: 1021, 3: 986, 4: 952, 5: 982, 6: 429}
  pruned hist {2: 1021, 3: 987, 4: 955, 5: 981, 6: 426}
  frontier written 6 pruned 6
  reasons [('bad box cite', 113), ('rule check failed: DN', 106), ('rule check failed: ANDI', 68), ('rule check failed: ORI2', 57), ('final formula is not the conclusion', 44), ('rule check failed: IMPI', 36)]
=== round 3 done in 399s; new proofs 455; cum targets solved 87
[p2/frozen_depth3_f0_a3_s0 r4] targets (this round, pass@32) SOLVED 71/1000 = 0.071 [0.057,0.089]
  len 7: 1/166 = 0.006 [0.001,0.033]
  len 8: 0/166 = 0.000 [0.000,0.023]
  len 9: 0/166 = 0.000 [0.000,0.023]
  len 10: 7/166 = 0.042 [0.021,0.084]
  len 11: 26/166 = 0.157 [0.109,0.220]
  len 12: 37/170 = 0.218 [0.162,0.286]
  written hist {7: 877}
  pruned hist {5: 15, 6: 807, 7: 55}
  frontier written 7 pruned 7
  reasons [('rule check failed: ANDI', 6925), ('bad box cite', 3011), ('rule check failed: IMPE', 2964), ('rule check failed: ORI2', 2770), ('rule check failed: ORI1', 2367), ('rule check failed: IMPI', 1999)]
[p2/frozen_depth3_f0_a3_s0 r4] targets (cumulative 128 attempts) SOLVED 89/1000 = 0.089 [0.073,0.108]
  len 7: 2/166 = 0.012 [0.003,0.043]
  len 8: 0/166 = 0.000 [0.000,0.023]
  len 9: 3/166 = 0.018 [0.006,0.052]
  len 10: 10/166 = 0.060 [0.033,0.107]
  len 11: 30/166 = 0.181 [0.130,0.246]
  len 12: 44/170 = 0.259 [0.199,0.329]
  written hist {7: 2220}
  pruned hist {5: 49, 6: 2012, 7: 159}
  frontier written 7 pruned 7
  reasons []
[p2/frozen_depth3_f0_a3_s0 r4] transfer (this round, pass@32) SOLVED 44/500 = 0.088 [0.066,0.116]
  len 7: 0/83 = 0.000 [0.000,0.044]
  len 8: 0/83 = 0.000 [0.000,0.044]
  len 9: 3/83 = 0.036 [0.012,0.101]
  len 10: 5/83 = 0.060 [0.026,0.133]
  len 11: 11/83 = 0.133 [0.076,0.222]
  len 12: 25/85 = 0.294 [0.208,0.398]
  written hist {7: 399}
  pruned hist {6: 342, 7: 57}
  frontier written 7 pruned 7
  reasons [('rule check failed: ANDI', 3332), ('bad box cite', 1835), ('rule check failed: IMPE', 1714), ('rule check failed: ORI2', 1446), ('rule check failed: ORI1', 1266), ('rule check failed: DN', 977)]
[p2/frozen_depth3_f0_a3_s0 r4] transfer (cumulative 128 attempts) SOLVED 54/500 = 0.108 [0.084,0.138]
  len 7: 0/83 = 0.000 [0.000,0.044]
  len 8: 0/83 = 0.000 [0.000,0.044]
  len 9: 3/83 = 0.036 [0.012,0.101]
  len 10: 7/83 = 0.084 [0.041,0.164]
  len 11: 13/83 = 0.157 [0.094,0.250]
  len 12: 31/85 = 0.365 [0.270,0.471]
  written hist {7: 1011}
  pruned hist {6: 854, 7: 157}
  frontier written 7 pruned 7
  reasons []
[p2/frozen_depth3_f0_a3_s0 r4] transfer greedy SOLVED 0/500 = 0.000 [0.000,0.008]
  len 7: 0/83 = 0.000 [0.000,0.044]
  len 8: 0/83 = 0.000 [0.000,0.044]
  len 9: 0/83 = 0.000 [0.000,0.044]
  len 10: 0/83 = 0.000 [0.000,0.044]
  len 11: 0/83 = 0.000 [0.000,0.044]
  len 12: 0/85 = 0.000 [0.000,0.043]
  written hist {}
  pruned hist {}
  frontier written 0 pruned 0
  reasons [('rule check failed: ANDI', 94), ('line index mismatch at position 7', 81), ('bad box cite', 64), ('rule check failed: ORI1', 43), ('rule check failed: IMPE', 42), ('rule check failed: ORI2', 37)]
[p2/frozen_depth3_f0_a3_s0 r4] heldout greedy SOLVED 4370/5000 = 0.874 [0.865,0.883]
  len 2: 999/1000 = 0.999 [0.994,1.000]
  len 3: 993/1000 = 0.993 [0.986,0.997]
  len 4: 967/1000 = 0.967 [0.954,0.976]
  len 5: 948/1000 = 0.948 [0.932,0.960]
  len 6: 463/1000 = 0.463 [0.432,0.494]
  written hist {2: 1021, 3: 986, 4: 952, 5: 982, 6: 429}
  pruned hist {2: 1021, 3: 987, 4: 955, 5: 981, 6: 426}
  frontier written 6 pruned 6
  reasons [('bad box cite', 113), ('rule check failed: DN', 106), ('rule check failed: ANDI', 68), ('rule check failed: ORI2', 57), ('final formula is not the conclusion', 44), ('rule check failed: IMPI', 36)]
=== round 4 done in 396s; new proofs 288; cum targets solved 89
[p2/frozen_depth3_f0_a3_s0 r5] targets (this round, pass@32) SOLVED 77/1000 = 0.077 [0.062,0.095]
  len 7: 1/166 = 0.006 [0.001,0.033]
  len 8: 0/166 = 0.000 [0.000,0.023]
  len 9: 1/166 = 0.006 [0.001,0.033]
  len 10: 6/166 = 0.036 [0.017,0.077]
  len 11: 30/166 = 0.181 [0.130,0.246]
  len 12: 39/170 = 0.229 [0.173,0.298]
  written hist {7: 871}
  pruned hist {5: 14, 6: 804, 7: 53}
  frontier written 7 pruned 7
  reasons [('rule check failed: ANDI', 6850), ('bad box cite', 3033), ('rule check failed: IMPE', 3025), ('rule check failed: ORI2', 2728), ('rule check failed: ORI1', 2291), ('rule check failed: IMPI', 1983)]
[p2/frozen_depth3_f0_a3_s0 r5] targets (cumulative 160 attempts) SOLVED 93/1000 = 0.093 [0.077,0.113]
  len 7: 2/166 = 0.012 [0.003,0.043]
  len 8: 0/166 = 0.000 [0.000,0.023]
  len 9: 3/166 = 0.018 [0.006,0.052]
  len 10: 10/166 = 0.060 [0.033,0.107]
  len 11: 32/166 = 0.193 [0.140,0.259]
  len 12: 46/170 = 0.271 [0.209,0.342]
  written hist {7: 2444}
  pruned hist {5: 57, 6: 2211, 7: 176}
  frontier written 7 pruned 7
  reasons []
[p2/frozen_depth3_f0_a3_s0 r5] transfer (this round, pass@32) SOLVED 41/500 = 0.082 [0.061,0.109]
  len 7: 0/83 = 0.000 [0.000,0.044]
  len 8: 0/83 = 0.000 [0.000,0.044]
  len 9: 0/83 = 0.000 [0.000,0.044]
  len 10: 5/83 = 0.060 [0.026,0.133]
  len 11: 8/83 = 0.096 [0.050,0.179]
  len 12: 28/85 = 0.329 [0.239,0.435]
  written hist {7: 407}
  pruned hist {6: 345, 7: 62}
  frontier written 7 pruned 7
  reasons [('rule check failed: ANDI', 3223), ('bad box cite', 1862), ('rule check failed: IMPE', 1746), ('rule check failed: ORI2', 1474), ('rule check failed: ORI1', 1243), ('rule check failed: DN', 990)]
[p2/frozen_depth3_f0_a3_s0 r5] transfer (cumulative 160 attempts) SOLVED 54/500 = 0.108 [0.084,0.138]
  len 7: 0/83 = 0.000 [0.000,0.044]
  len 8: 0/83 = 0.000 [0.000,0.044]
  len 9: 3/83 = 0.036 [0.012,0.101]
  len 10: 7/83 = 0.084 [0.041,0.164]
  len 11: 13/83 = 0.157 [0.094,0.250]
  len 12: 31/85 = 0.365 [0.270,0.471]
  written hist {7: 1129}
  pruned hist {6: 948, 7: 181}
  frontier written 7 pruned 7
  reasons []
[p2/frozen_depth3_f0_a3_s0 r5] transfer greedy SOLVED 0/500 = 0.000 [0.000,0.008]
  len 7: 0/83 = 0.000 [0.000,0.044]
  len 8: 0/83 = 0.000 [0.000,0.044]
  len 9: 0/83 = 0.000 [0.000,0.044]
  len 10: 0/83 = 0.000 [0.000,0.044]
  len 11: 0/83 = 0.000 [0.000,0.044]
  len 12: 0/85 = 0.000 [0.000,0.043]
  written hist {}
  pruned hist {}
  frontier written 0 pruned 0
  reasons [('rule check failed: ANDI', 94), ('line index mismatch at position 7', 81), ('bad box cite', 64), ('rule check failed: ORI1', 43), ('rule check failed: IMPE', 42), ('rule check failed: ORI2', 37)]
[p2/frozen_depth3_f0_a3_s0 r5] heldout greedy SOLVED 4370/5000 = 0.874 [0.865,0.883]
  len 2: 999/1000 = 0.999 [0.994,1.000]
  len 3: 993/1000 = 0.993 [0.986,0.997]
  len 4: 967/1000 = 0.967 [0.954,0.976]
  len 5: 948/1000 = 0.948 [0.932,0.960]
  len 6: 463/1000 = 0.463 [0.432,0.494]
  written hist {2: 1021, 3: 986, 4: 952, 5: 982, 6: 429}
  pruned hist {2: 1021, 3: 987, 4: 955, 5: 981, 6: 426}
  frontier written 6 pruned 6
  reasons [('bad box cite', 113), ('rule check failed: DN', 106), ('rule check failed: ANDI', 68), ('rule check failed: ORI2', 57), ('final formula is not the conclusion', 44), ('rule check failed: IMPI', 36)]
=== round 5 done in 426s; new proofs 224; cum targets solved 93
[p2/frozen_depth3_f0_a3_s0 r6] targets (this round, pass@32) SOLVED 74/1000 = 0.074 [0.059,0.092]
  len 7: 1/166 = 0.006 [0.001,0.033]
  len 8: 0/166 = 0.000 [0.000,0.023]
  len 9: 2/166 = 0.012 [0.003,0.043]
  len 10: 6/166 = 0.036 [0.017,0.077]
  len 11: 24/166 = 0.145 [0.099,0.206]
  len 12: 41/170 = 0.241 [0.183,0.311]
  written hist {7: 873}
  pruned hist {5: 15, 6: 805, 7: 53}
  frontier written 7 pruned 7
  reasons [('rule check failed: ANDI', 6927), ('bad box cite', 3018), ('rule check failed: IMPE', 2972), ('rule check failed: ORI2', 2726), ('rule check failed: ORI1', 2296), ('rule check failed: IMPI', 1975)]
[p2/frozen_depth3_f0_a3_s0 r6] targets (cumulative 192 attempts) SOLVED 94/1000 = 0.094 [0.077,0.114]
  len 7: 2/166 = 0.012 [0.003,0.043]
  len 8: 0/166 = 0.000 [0.000,0.023]
  len 9: 3/166 = 0.018 [0.006,0.052]
  len 10: 10/166 = 0.060 [0.033,0.107]
  len 11: 32/166 = 0.193 [0.140,0.259]
  len 12: 47/170 = 0.276 [0.215,0.348]
  written hist {7: 2608}
  pruned hist {5: 61, 6: 2358, 7: 189}
  frontier written 7 pruned 7
  reasons []
[p2/frozen_depth3_f0_a3_s0 r6] transfer (this round, pass@32) SOLVED 43/500 = 0.086 [0.064,0.114]
  len 7: 0/83 = 0.000 [0.000,0.044]
  len 8: 1/83 = 0.012 [0.002,0.065]
  len 9: 2/83 = 0.024 [0.007,0.084]
  len 10: 5/83 = 0.060 [0.026,0.133]
  len 11: 9/83 = 0.108 [0.058,0.193]
  len 12: 26/85 = 0.306 [0.218,0.410]
  written hist {7: 405}
  pruned hist {6: 343, 7: 62}
  frontier written 7 pruned 7
  reasons [('rule check failed: ANDI', 3338), ('bad box cite', 1869), ('rule check failed: IMPE', 1671), ('rule check failed: ORI2', 1459), ('rule check failed: ORI1', 1257), ('rule check failed: DN', 978)]
[p2/frozen_depth3_f0_a3_s0 r6] transfer (cumulative 192 attempts) SOLVED 55/500 = 0.110 [0.085,0.140]
  len 7: 0/83 = 0.000 [0.000,0.044]
  len 8: 1/83 = 0.012 [0.002,0.065]
  len 9: 3/83 = 0.036 [0.012,0.101]
  len 10: 7/83 = 0.084 [0.041,0.164]
  len 11: 13/83 = 0.157 [0.094,0.250]
  len 12: 31/85 = 0.365 [0.270,0.471]
  written hist {7: 1238}
  pruned hist {6: 1028, 7: 210}
  frontier written 7 pruned 7
  reasons []
[p2/frozen_depth3_f0_a3_s0 r6] transfer greedy SOLVED 0/500 = 0.000 [0.000,0.008]
  len 7: 0/83 = 0.000 [0.000,0.044]
  len 8: 0/83 = 0.000 [0.000,0.044]
  len 9: 0/83 = 0.000 [0.000,0.044]
  len 10: 0/83 = 0.000 [0.000,0.044]
  len 11: 0/83 = 0.000 [0.000,0.044]
  len 12: 0/85 = 0.000 [0.000,0.043]
  written hist {}
  pruned hist {}
  frontier written 0 pruned 0
  reasons [('rule check failed: ANDI', 94), ('line index mismatch at position 7', 81), ('bad box cite', 64), ('rule check failed: ORI1', 43), ('rule check failed: IMPE', 42), ('rule check failed: ORI2', 37)]
[p2/frozen_depth3_f0_a3_s0 r6] heldout greedy SOLVED 4370/5000 = 0.874 [0.865,0.883]
  len 2: 999/1000 = 0.999 [0.994,1.000]
  len 3: 993/1000 = 0.993 [0.986,0.997]
  len 4: 967/1000 = 0.967 [0.954,0.976]
  len 5: 948/1000 = 0.948 [0.932,0.960]
  len 6: 463/1000 = 0.463 [0.432,0.494]
  written hist {2: 1021, 3: 986, 4: 952, 5: 982, 6: 429}
  pruned hist {2: 1021, 3: 987, 4: 955, 5: 981, 6: 426}
  frontier written 6 pruned 6
  reasons [('bad box cite', 113), ('rule check failed: DN', 106), ('rule check failed: ANDI', 68), ('rule check failed: ORI2', 57), ('final formula is not the conclusion', 44), ('rule check failed: IMPI', 36)]
=== round 6 done in 432s; new proofs 164; cum targets solved 94
[p2/frozen_depth3_f0_a3_s0 r7] targets (this round, pass@32) SOLVED 76/1000 = 0.076 [0.061,0.094]
  len 7: 1/166 = 0.006 [0.001,0.033]
  len 8: 0/166 = 0.000 [0.000,0.023]
  len 9: 1/166 = 0.006 [0.001,0.033]
  len 10: 7/166 = 0.042 [0.021,0.084]
  len 11: 25/166 = 0.151 [0.104,0.213]
  len 12: 42/170 = 0.247 [0.188,0.317]
  written hist {7: 881}
  pruned hist {5: 15, 6: 817, 7: 49}
  frontier written 7 pruned 7
  reasons [('rule check failed: ANDI', 6853), ('rule check failed: IMPE', 2999), ('bad box cite', 2993), ('rule check failed: ORI2', 2683), ('rule check failed: ORI1', 2302), ('rule check failed: IMPI', 1999)]
[p2/frozen_depth3_f0_a3_s0 r7] targets (cumulative 224 attempts) SOLVED 97/1000 = 0.097 [0.080,0.117]
  len 7: 2/166 = 0.012 [0.003,0.043]
  len 8: 0/166 = 0.000 [0.000,0.023]
  len 9: 3/166 = 0.018 [0.006,0.052]
  len 10: 11/166 = 0.066 [0.037,0.115]
  len 11: 32/166 = 0.193 [0.140,0.259]
  len 12: 49/170 = 0.288 [0.225,0.360]
  written hist {7: 2740}
  pruned hist {5: 66, 6: 2476, 7: 198}
  frontier written 7 pruned 7
  reasons []
[p2/frozen_depth3_f0_a3_s0 r7] transfer (this round, pass@32) SOLVED 41/500 = 0.082 [0.061,0.109]
  len 7: 1/83 = 0.012 [0.002,0.065]
  len 8: 1/83 = 0.012 [0.002,0.065]
  len 9: 2/83 = 0.024 [0.007,0.084]
  len 10: 4/83 = 0.048 [0.019,0.117]
  len 11: 9/83 = 0.108 [0.058,0.193]
  len 12: 24/85 = 0.282 [0.198,0.386]
  written hist {7: 390}
  pruned hist {6: 336, 7: 54}
  frontier written 7 pruned 7
  reasons [('rule check failed: ANDI', 3279), ('bad box cite', 1857), ('rule check failed: IMPE', 1730), ('rule check failed: ORI2', 1437), ('rule check failed: ORI1', 1259), ('rule check failed: DN', 1010)]
[p2/frozen_depth3_f0_a3_s0 r7] transfer (cumulative 224 attempts) SOLVED 57/500 = 0.114 [0.089,0.145]
  len 7: 1/83 = 0.012 [0.002,0.065]
  len 8: 2/83 = 0.024 [0.007,0.084]
  len 9: 3/83 = 0.036 [0.012,0.101]
  len 10: 7/83 = 0.084 [0.041,0.164]
  len 11: 13/83 = 0.157 [0.094,0.250]
  len 12: 31/85 = 0.365 [0.270,0.471]
  written hist {7: 1315}
  pruned hist {6: 1090, 7: 225}
  frontier written 7 pruned 7
  reasons []
[p2/frozen_depth3_f0_a3_s0 r7] transfer greedy SOLVED 0/500 = 0.000 [0.000,0.008]
  len 7: 0/83 = 0.000 [0.000,0.044]
  len 8: 0/83 = 0.000 [0.000,0.044]
  len 9: 0/83 = 0.000 [0.000,0.044]
  len 10: 0/83 = 0.000 [0.000,0.044]
  len 11: 0/83 = 0.000 [0.000,0.044]
  len 12: 0/85 = 0.000 [0.000,0.043]
  written hist {}
  pruned hist {}
  frontier written 0 pruned 0
  reasons [('rule check failed: ANDI', 94), ('line index mismatch at position 7', 81), ('bad box cite', 64), ('rule check failed: ORI1', 43), ('rule check failed: IMPE', 42), ('rule check failed: ORI2', 37)]
[p2/frozen_depth3_f0_a3_s0 r7] heldout greedy SOLVED 4370/5000 = 0.874 [0.865,0.883]
  len 2: 999/1000 = 0.999 [0.994,1.000]
  len 3: 993/1000 = 0.993 [0.986,0.997]
  len 4: 967/1000 = 0.967 [0.954,0.976]
  len 5: 948/1000 = 0.948 [0.932,0.960]
  len 6: 463/1000 = 0.463 [0.432,0.494]
  written hist {2: 1021, 3: 986, 4: 952, 5: 982, 6: 429}
  pruned hist {2: 1021, 3: 987, 4: 955, 5: 981, 6: 426}
  frontier written 6 pruned 6
  reasons [('bad box cite', 113), ('rule check failed: DN', 106), ('rule check failed: ANDI', 68), ('rule check failed: ORI2', 57), ('final formula is not the conclusion', 44), ('rule check failed: IMPI', 36)]
=== round 7 done in 403s; new proofs 132; cum targets solved 97
[p2/frozen_depth3_f0_a3_s0 r8] targets (this round, pass@32) SOLVED 81/1000 = 0.081 [0.066,0.100]
  len 7: 1/166 = 0.006 [0.001,0.033]
  len 8: 0/166 = 0.000 [0.000,0.023]
  len 9: 2/166 = 0.012 [0.003,0.043]
  len 10: 8/166 = 0.048 [0.025,0.092]
  len 11: 28/166 = 0.169 [0.119,0.233]
  len 12: 42/170 = 0.247 [0.188,0.317]
  written hist {7: 870}
  pruned hist {5: 16, 6: 803, 7: 51}
  frontier written 7 pruned 7
  reasons [('rule check failed: ANDI', 6850), ('bad box cite', 3054), ('rule check failed: IMPE', 3012), ('rule check failed: ORI2', 2694), ('rule check failed: ORI1', 2365), ('rule check failed: IMPI', 1979)]
[p2/frozen_depth3_f0_a3_s0 r8] targets (cumulative 256 attempts) SOLVED 98/1000 = 0.098 [0.081,0.118]
  len 7: 2/166 = 0.012 [0.003,0.043]
  len 8: 0/166 = 0.000 [0.000,0.023]
  len 9: 3/166 = 0.018 [0.006,0.052]
  len 10: 12/166 = 0.072 [0.042,0.122]
  len 11: 32/166 = 0.193 [0.140,0.259]
  len 12: 49/170 = 0.288 [0.225,0.360]
  written hist {7: 2859}
  pruned hist {5: 69, 6: 2573, 7: 217}
  frontier written 7 pruned 7
  reasons []
[p2/frozen_depth3_f0_a3_s0 r8] transfer (this round, pass@32) SOLVED 44/500 = 0.088 [0.066,0.116]
  len 7: 0/83 = 0.000 [0.000,0.044]
  len 8: 0/83 = 0.000 [0.000,0.044]
  len 9: 1/83 = 0.012 [0.002,0.065]
  len 10: 5/83 = 0.060 [0.026,0.133]
  len 11: 9/83 = 0.108 [0.058,0.193]
  len 12: 29/85 = 0.341 [0.249,0.447]
  written hist {7: 402}
  pruned hist {6: 348, 7: 54}
  frontier written 7 pruned 7
  reasons [('rule check failed: ANDI', 3308), ('bad box cite', 1836), ('rule check failed: IMPE', 1727), ('rule check failed: ORI2', 1457), ('rule check failed: ORI1', 1255), ('rule check failed: DN', 1004)]
[p2/frozen_depth3_f0_a3_s0 r8] transfer (cumulative 256 attempts) SOLVED 58/500 = 0.116 [0.091,0.147]
  len 7: 1/83 = 0.012 [0.002,0.065]
  len 8: 2/83 = 0.024 [0.007,0.084]
  len 9: 3/83 = 0.036 [0.012,0.101]
  len 10: 7/83 = 0.084 [0.041,0.164]
  len 11: 13/83 = 0.157 [0.094,0.250]
  len 12: 32/85 = 0.376 [0.281,0.483]
  written hist {7: 1372}
  pruned hist {6: 1137, 7: 235}
  frontier written 7 pruned 7
  reasons []
[p2/frozen_depth3_f0_a3_s0 r8] transfer greedy SOLVED 0/500 = 0.000 [0.000,0.008]
  len 7: 0/83 = 0.000 [0.000,0.044]
  len 8: 0/83 = 0.000 [0.000,0.044]
  len 9: 0/83 = 0.000 [0.000,0.044]
  len 10: 0/83 = 0.000 [0.000,0.044]
  len 11: 0/83 = 0.000 [0.000,0.044]
  len 12: 0/85 = 0.000 [0.000,0.043]
  written hist {}
  pruned hist {}
  frontier written 0 pruned 0
  reasons [('rule check failed: ANDI', 94), ('line index mismatch at position 7', 81), ('bad box cite', 64), ('rule check failed: ORI1', 43), ('rule check failed: IMPE', 42), ('rule check failed: ORI2', 37)]
[p2/frozen_depth3_f0_a3_s0 r8] heldout greedy SOLVED 4370/5000 = 0.874 [0.865,0.883]
  len 2: 999/1000 = 0.999 [0.994,1.000]
  len 3: 993/1000 = 0.993 [0.986,0.997]
  len 4: 967/1000 = 0.967 [0.954,0.976]
  len 5: 948/1000 = 0.948 [0.932,0.960]
  len 6: 463/1000 = 0.463 [0.432,0.494]
  written hist {2: 1021, 3: 986, 4: 952, 5: 982, 6: 429}
  pruned hist {2: 1021, 3: 987, 4: 955, 5: 981, 6: 426}
  frontier written 6 pruned 6
  reasons [('bad box cite', 113), ('rule check failed: DN', 106), ('rule check failed: ANDI', 68), ('rule check failed: ORI2', 57), ('final formula is not the conclusion', 44), ('rule check failed: IMPI', 36)]
=== round 8 done in 415s; new proofs 119; cum targets solved 98
