=== s0_r1 tb72 x0 2026-10-01T15:58:52Z
=== done s0_r1 tb72 x0 2026-10-01T16:00:42Z "solved": 38
=== s0_r1 h250 x0 2026-10-01T16:00:42Z
=== done s0_r1 h250 x0 2026-10-01T16:08:16Z "solved": 224
=== s0_r7 tb72 x0 2026-10-01T16:08:20Z
=== done s0_r7 tb72 x0 2026-10-01T16:11:36Z "solved": 50
=== s0_r7 h250 x0 2026-10-01T16:11:36Z
=== done s0_r7 h250 x0 2026-10-01T16:23:00Z "solved": 239
=== s1_r6 tb72 x0 2026-10-01T16:23:07Z
=== done s1_r6 tb72 x0 2026-10-01T16:26:26Z "solved": 46
=== s1_r6 h250 x0 2026-10-01T16:26:26Z
=== done s1_r6 h250 x0 2026-10-01T16:38:02Z "solved": 238
=== s2_r5 tb72 x0 2026-10-01T16:38:07Z
=== done s2_r5 tb72 x0 2026-10-01T16:41:15Z "solved": 54
=== s2_r5 h250 x0 2026-10-01T16:41:15Z
=== done s2_r5 h250 x0 2026-10-01T16:52:15Z "solved": 237
=== s0_p16000 tb72 x0 2026-10-01T16:52:19Z
=== done s0_p16000 tb72 x0 2026-10-01T16:54:36Z "solved": 28
=== s0_p16000 h250 x0 2026-10-01T16:54:36Z
=== done s0_p16000 h250 x0 2026-10-01T17:03:11Z "solved": 181
=== s0_p8000 tb72 x0 2026-10-01T17:03:15Z
=== done s0_p8000 tb72 x0 2026-10-01T17:04:33Z "solved": 22
=== s0_p8000 h250 x0 2026-10-01T17:04:33Z
=== done s0_p8000 h250 x0 2026-10-01T17:11:29Z "solved": 150
=== s0_p3000 tb72 x0 2026-10-01T17:11:34Z
=== done s0_p3000 tb72 x0 2026-10-01T17:12:26Z "solved": 15
=== s0_p3000 h250 x0 2026-10-01T17:12:26Z
=== done s0_p3000 h250 x0 2026-10-01T17:16:31Z "solved": 101
=== s0_p800 tb72 x0 2026-10-01T17:16:35Z
=== done s0_p800 tb72 x0 2026-10-01T17:17:48Z "solved": 10
=== s0_p800 h250 x0 2026-10-01T17:17:48Z
=== done s0_p800 h250 x0 2026-10-01T17:25:38Z "solved": 22
=== s0_p200 tb72 x0 2026-10-01T17:25:43Z
=== done s0_p200 tb72 x0 2026-10-01T17:26:07Z "solved": 1
=== s0_p200 h250 x0 2026-10-01T17:26:07Z
=== done s0_p200 h250 x0 2026-10-01T17:27:31Z "solved": 0
=== s0_p50 tb72 x0 2026-10-01T17:27:36Z
=== done s0_p50 tb72 x0 2026-10-01T17:27:49Z "solved": 0
=== s0_p50 h250 x0 2026-10-01T17:27:49Z
=== done s0_p50 h250 x0 2026-10-01T17:28:15Z "solved": 0
=== queue pod/tj/qD0.txt empty 2026-10-01T17:28:20Z
