[lean_gate] 18432 samples, parse-fail 4519 (no-eos 8, 0.043 %), distinct 9790: ok 1453, rej 8337 (filter 8337, prefilter=on); lean on 1453 texts in 8 procs, 9.3s proc, exposed 1.1s, tail 0.7s, 12 workers
generated 18432 proofs in 33s
k12t1_s1.pt on textbook72.jsonl k=256 SOLVED 22/72 = 0.306 [0.211,0.420]
  len 1: 1/1 = 1.000 [0.207,1.000]
  len 2: 2/2 = 1.000 [0.342,1.000]
  len 3: 1/1 = 1.000 [0.207,1.000]
  len 5: 1/1 = 1.000 [0.207,1.000]
  len 6: 5/10 = 0.500 [0.237,0.763]
  len 7: 3/4 = 0.750 [0.301,0.954]
  len 8: 0/2 = 0.000 [0.000,0.658]
  len 9: 1/3 = 0.333 [0.061,0.792]
  len 10: 2/5 = 0.400 [0.118,0.769]
  len 11: 0/4 = 0.000 [0.000,0.490]
  len 12: 0/2 = 0.000 [0.000,0.658]
  len 13: 0/3 = 0.000 [0.000,0.562]
  len 14: 0/3 = 0.000 [0.000,0.562]
  len 15: 0/4 = 0.000 [0.000,0.490]
  len 16: 0/2 = 0.000 [0.000,0.658]
  len 18: 0/4 = 0.000 [0.000,0.490]
  len 20: 0/3 = 0.000 [0.000,0.562]
  len 22: 0/1 = 0.000 [0.000,0.793]
  len 25: 0/1 = 0.000 [0.000,0.793]
  len 29: 0/1 = 0.000 [0.000,0.793]
  len 33: 0/1 = 0.000 [0.000,0.793]
  len None: 6/14 = 0.429 [0.214,0.674]
  written hist {2: 4, 3: 2, 4: 4, 5: 6, 6: 32, 7: 116, 8: 137, 9: 71, 10: 33, 11: 40, 12: 16, 13: 5, 14: 2}
  pruned hist {2: 6, 3: 2, 4: 6, 5: 21, 6: 29, 7: 120, 8: 129, 9: 72, 10: 30, 11: 35, 12: 12, 13: 5, 14: 1}
  frontier written 13 pruned 13
  reasons [('lean rejected', 11410), ('lean_seq parse: unbound', 3884), ('lean_seq parse: formula', 217), ('lean_seq parse: expected fun', 193), ('lean_seq parse: name', 94), ('lean_seq parse: expected (', 47)]
genstats {"steps": 3600, "rows": 18432, "rowsteps": 2518736, "prompt_len_max": 83, "chunks": 9, "stop_eos": 18424, "stop_exact": 0, "stop_goal": 0, "sample_wall_s": 31.91430950164795, "peak_alloc_gb": 8.007687091827393, "peak_reserved_gb": 8.30859375, "max_new": 512, "declen_max": 512, "declen_ge_max_new": 8, "declen_by_prompt_max": 512, "declen_by_prompt_ge_max_new": 8, "truncated": 8}
