=== done best12_s2_b1200 2026-09-30T17:01:24Z
=== ladder T1 best12 s2 2026-09-30T17:01:24Z
[lean_gate] 143840 samples, parse-fail 41560 (no-eos 0, 0.000 %), distinct 86585: ok 52943, rej 33642 (filter 33642, prefilter=on); lean on 52943 texts in 133 procs, 4289.0s proc, exposed 146.7s, tail 141.9s, 32 workers
[la_T1_best12_s2 r1] targets (this round) SOLVED 3380/4495 = 0.752 [0.739,0.764]
  len 7: 1504/1800 = 0.836 [0.818,0.852]
  len 8: 819/1000 = 0.819 [0.794,0.842]
  len 9: 760/1004 = 0.757 [0.729,0.782]
  len 10: 243/456 = 0.533 [0.487,0.578]
  len 11: 38/99 = 0.384 [0.294,0.482]
  len 12: 12/106 = 0.113 [0.066,0.188]
  len 13: 3/16 = 0.188 [0.066,0.430]
  len 14: 1/14 = 0.071 [0.013,0.315]
  written hist {7: 1695, 8: 2144, 9: 2367, 10: 1851, 11: 1255, 12: 947, 13: 824, 14: 535, 15: 302, 16: 180, 17: 143, 18: 64, 19: 35, 20: 21, 21: 19, 22: 6, 23: 4, 24: 5, 25: 1, 26: 2, 27: 1, 28: 1}
  pruned hist {4: 3, 5: 197, 6: 675, 7: 2405, 8: 2303, 9: 2048, 10: 1448, 11: 931, 12: 806, 13: 646, 14: 389, 15: 225, 16: 137, 17: 88, 18: 51, 19: 23, 20: 10, 21: 5, 22: 6, 23: 2, 24: 2, 25: 1, 27: 1}
  frontier written 24 pruned 22
  reasons [('lean rejected', 36136), ('lean_seq parse: env: formula', 14012), ('lean_seq parse: env: exact goal mismatch', 11279), ('lean_seq parse: env: unbound', 6958), ('lean_seq parse: env: binder mismatch', 2574), ('lean_seq parse: env: box on non-arrow', 1695)]
[lean_gate] 73120 samples, parse-fail 23978 (no-eos 0, 0.000 %), distinct 43353: ok 19927, rej 23426 (filter 23426, prefilter=on); lean on 19927 texts in 50 procs, 1515.7s proc, exposed 58.0s, tail 55.3s, 32 workers
[la_T1_best12_s2 r1] transfer (this round, pass@32) SOLVED 1456/2285 = 0.637 [0.617,0.657]
  len 7: 200/300 = 0.667 [0.612,0.718]
  len 8: 242/300 = 0.807 [0.758,0.847]
  len 9: 725/1010 = 0.718 [0.689,0.745]
  len 10: 226/451 = 0.501 [0.455,0.547]
  len 11: 43/99 = 0.434 [0.341,0.533]
  len 12: 18/102 = 0.176 [0.115,0.262]
  len 13: 1/13 = 0.077 [0.014,0.333]
  len 14: 1/10 = 0.100 [0.018,0.404]
  written hist {7: 220, 8: 402, 9: 1375, 10: 1233, 11: 637, 12: 418, 13: 354, 14: 280, 15: 204, 16: 104, 17: 50, 18: 39, 19: 19, 20: 13, 21: 4, 22: 4, 23: 2, 27: 2}
  pruned hist {5: 19, 6: 42, 7: 464, 8: 889, 9: 1555, 10: 781, 11: 433, 12: 339, 13: 299, 14: 206, 15: 157, 16: 82, 17: 32, 18: 32, 19: 16, 20: 9, 21: 3, 22: 2}
  frontier written 20 pruned 20
  reasons [('lean rejected', 25142), ('lean_seq parse: env: formula', 6824), ('lean_seq parse: env: exact goal mismatch', 5548), ('lean_seq parse: env: unbound', 4807), ('lean_seq parse: env: binder mismatch', 1856), ('lean_seq parse: env: box on non-arrow', 1531)]
[lean_gate] 2285 samples, parse-fail 568 (no-eos 0, 0.000 %), distinct 1717: ok 896, rej 821 (filter 821, prefilter=on); lean on 896 texts in 3 procs, 7.1s proc, exposed 3.4s, tail 3.2s, 32 workers
[la_T1_best12_s2 r1] transfer greedy SOLVED 896/2285 = 0.392 [0.372,0.412]
  len 7: 145/300 = 0.483 [0.427,0.540]
  len 8: 170/300 = 0.567 [0.510,0.622]
  len 9: 444/1010 = 0.440 [0.409,0.470]
  len 10: 111/451 = 0.246 [0.209,0.288]
  len 11: 20/99 = 0.202 [0.135,0.292]
  len 12: 6/102 = 0.059 [0.027,0.122]
  len 13: 0/13 = 0.000 [0.000,0.228]
  len 14: 0/10 = 0.000 [0.000,0.278]
  written hist {7: 122, 8: 144, 9: 347, 10: 147, 11: 63, 12: 36, 13: 19, 14: 7, 15: 3, 16: 3, 17: 4, 18: 1}
  pruned hist {5: 5, 6: 5, 7: 149, 8: 213, 9: 295, 10: 113, 11: 56, 12: 32, 13: 13, 14: 5, 15: 3, 16: 3, 17: 3, 18: 1}
  frontier written 14 pruned 14
  reasons [('lean rejected', 821), ('lean_seq parse: env: formula', 197), ('lean_seq parse: env: exact goal mismatch', 165), ('lean_seq parse: env: unbound', 45), ('lean_seq parse: env: box on non-arrow', 39), ('lean_seq parse: env: binder mismatch', 34)]
[lean_gate] 5000 samples, parse-fail 390 (no-eos 0, 0.000 %), distinct 4610: ok 4515, rej 95 (filter 95, prefilter=on); lean on 4515 texts in 12 procs, 41.1s proc, exposed 5.1s, tail 4.8s, 32 workers
[la_T1_best12_s2 r1] heldout greedy SOLVED 4515/5000 = 0.903 [0.894,0.911]
  len 2: 968/1000 = 0.968 [0.955,0.977]
  len 3: 988/1000 = 0.988 [0.979,0.993]
  len 4: 961/1000 = 0.961 [0.947,0.971]
  len 5: 864/1000 = 0.864 [0.841,0.884]
  len 6: 734/1000 = 0.734 [0.706,0.760]
  written hist {2: 997, 3: 992, 4: 929, 5: 865, 6: 603, 7: 44, 8: 38, 9: 21, 10: 9, 11: 14, 14: 1, 15: 1, 16: 1}
  pruned hist {2: 1006, 3: 998, 4: 931, 5: 862, 6: 591, 7: 45, 8: 37, 9: 20, 10: 9, 11: 14, 14: 1, 16: 1}
  frontier written 11 pruned 11
  reasons [('lean_seq parse: env: formula', 229), ('lean_seq parse: env: box head', 113), ('lean rejected', 95), ('lean_seq parse: env: exact goal mismatch', 25), ('lean_seq parse: env: unbound', 7), ('lean_seq parse: env: box on non-arrow', 4)]
[la_T1_best12_s2 r1] targets cumulative: solved 3380/4495 L*=12 ge={7: 3380, 8: 1876, 9: 1057, 10: 297, 11: 54, 12: 16}
[la_T1_best12_s2 r1] transfer cumulative: solved 1456/2285 L*=12 ge={7: 1456, 8: 1256, 9: 1014, 10: 289, 11: 63, 12: 20}
python3 state_train.py --data artifacts/bs/la_T1_best12_s2/mix_1.jsonl --init ckpts/bs/stage1_best12_s2_b1200.pt --steps 600 --lr 0.0003 --min_lr 2.9999999999999997e-05 --warmup 50 --cap 0 --out ckpts/bs/ladder/la_T1_best12_s2_r1.pt --seed 2001 --log_every 200 --recs 128
params 9560832 mode lean_staten
train records 57424 (skipped 0); pairs 566373; mean 9.863 per proof; max pair len 350; load 28s
/workspace/nd-takehome/state_train.py:166: UserWarning: Converting a tensor with requires_grad=True to a scalar may lead to unexpected behavior.
Consider using tensor.detach() first. (Triggered internally at /pytorch/torch/csrc/autograd/generated/python_variable_methods.cpp:835.)
  loss_sum += float(lb)
step 200 loss 0.0425 lr 2.53e-04 pairs/batch 1263 156s
step 400 loss 0.0463 lr 1.09e-04 pairs/batch 1261 310s
step 600 loss 0.0424 lr 3.00e-05 pairs/batch 1262 464s
uploaded ckpts/bs/ladder/la_T1_best12_s2_r1.pt -> hf://buckets/dan-pandori/nd-rl/best-state/ckpts/bs/ladder/la_T1_best12_s2_r1.pt (md5 bfb9ec8630fe37e33c5bca375cd543c8, 4.5s)
saved ckpts/bs/ladder/la_T1_best12_s2_r1.pt
=== round 1 done in 2062s; new proofs 12402; cum targets solved 3380 L*=12; transfer L*=12
[lean_gate] 143840 samples, parse-fail 10925 (no-eos 0, 0.000 %), distinct 113551: ok 95192, rej 18359 (filter 18359, prefilter=on); lean on 95192 texts in 238 procs, 8468.4s proc, exposed 281.1s, tail 273.8s, 32 workers
[la_T1_best12_s2 r2] targets (this round) SOLVED 4122/4495 = 0.917 [0.909,0.925]
  len 7: 1742/1800 = 0.968 [0.959,0.975]
  len 8: 977/1000 = 0.977 [0.966,0.985]
  len 9: 934/1004 = 0.930 [0.913,0.944]
  len 10: 330/456 = 0.724 [0.681,0.763]
  len 11: 72/99 = 0.727 [0.632,0.805]
  len 12: 61/106 = 0.575 [0.480,0.665]
  len 13: 4/16 = 0.250 [0.102,0.495]
  len 14: 2/14 = 0.143 [0.040,0.399]
  written hist {7: 2048, 8: 3857, 9: 4663, 10: 3799, 11: 2868, 12: 2335, 13: 2220, 14: 1621, 15: 1105, 16: 741, 17: 579, 18: 396, 19: 243, 20: 165, 21: 130, 22: 96, 23: 76, 24: 49, 25: 28, 26: 25, 27: 22, 28: 15, 29: 5, 30: 12, 31: 8, 32: 2, 33: 3, 34: 1, 35: 1, 39: 1, 47: 1}
  pruned hist {4: 7, 5: 219, 6: 956, 7: 4404, 8: 4395, 9: 4288, 10: 2878, 11: 2199, 12: 1969, 13: 1756, 14: 1317, 15: 862, 16: 575, 17: 413, 18: 294, 19: 175, 20: 107, 21: 75, 22: 76, 23: 44, 24: 29, 25: 16, 26: 15, 27: 11, 28: 11, 29: 3, 30: 8, 31: 7, 32: 2, 33: 2, 34: 1, 39: 1}
  frontier written 31 pruned 31
  reasons [('lean rejected', 19192), ('lean_seq parse: env: unbound', 3635), ('lean_seq parse: env: binder mismatch', 2410), ('lean_seq parse: env: exact goal mismatch', 1580), ('lean_seq parse: env: box on non-arrow', 976), ('lean_seq parse: env: formula', 701)]
[lean_gate] 73120 samples, parse-fail 9072 (no-eos 0, 0.000 %), distinct 56394: ok 40061, rej 16333 (filter 16333, prefilter=on); lean on 40061 texts in 101 procs, 2052.6s proc, exposed 74.4s, tail 69.3s, 32 workers
[la_T1_best12_s2 r2] transfer (this round, pass@32) SOLVED 1918/2285 = 0.839 [0.824,0.854]
  len 7: 249/300 = 0.830 [0.783,0.868]
  len 8: 285/300 = 0.950 [0.919,0.969]
  len 9: 922/1010 = 0.913 [0.894,0.929]
  len 10: 325/451 = 0.721 [0.677,0.760]
  len 11: 71/99 = 0.717 [0.622,0.796]
  len 12: 59/102 = 0.578 [0.481,0.670]
  len 13: 5/13 = 0.385 [0.177,0.645]
  len 14: 2/10 = 0.200 [0.057,0.510]
  written hist {7: 275, 8: 578, 9: 2326, 10: 2522, 11: 1425, 12: 1036, 13: 957, 14: 898, 15: 640, 16: 430, 17: 341, 18: 244, 19: 209, 20: 126, 21: 84, 22: 82, 23: 56, 24: 54, 25: 31, 26: 22, 27: 12, 28: 14, 29: 7, 30: 7, 31: 6, 32: 6, 33: 9, 34: 1, 38: 1, 39: 2, 41: 1}
  pruned hist {5: 27, 6: 50, 7: 758, 8: 1483, 9: 3097, 10: 1652, 11: 1044, 12: 923, 13: 807, 14: 711, 15: 513, 16: 348, 17: 250, 18: 184, 19: 186, 20: 94, 21: 67, 22: 64, 23: 41, 24: 38, 25: 13, 26: 13, 27: 7, 28: 10, 29: 3, 30: 6, 31: 6, 32: 4, 33: 2, 41: 1}
  frontier written 33 pruned 31
  reasons [('lean rejected', 17097), ('lean_seq parse: env: unbound', 3030), ('lean_seq parse: env: binder mismatch', 1978), ('lean_seq parse: env: box on non-arrow', 992), ('lean_seq parse: env: exact goal mismatch', 903), ('lean_seq parse: env: formula', 712)]
[lean_gate] 2285 samples, parse-fail 205 (no-eos 0, 0.000 %), distinct 2080: ok 1580, rej 500 (filter 500, prefilter=on); lean on 1580 texts in 4 procs, 14.1s proc, exposed 4.1s, tail 3.9s, 32 workers
[la_T1_best12_s2 r2] transfer greedy SOLVED 1580/2285 = 0.691 [0.672,0.710]
  len 7: 192/300 = 0.640 [0.584,0.692]
  len 8: 260/300 = 0.867 [0.824,0.901]
  len 9: 804/1010 = 0.796 [0.770,0.820]
  len 10: 243/451 = 0.539 [0.493,0.584]
  len 11: 49/99 = 0.495 [0.399,0.592]
  len 12: 28/102 = 0.275 [0.197,0.368]
  len 13: 2/13 = 0.154 [0.043,0.422]
  len 14: 2/10 = 0.200 [0.057,0.510]
  written hist {7: 148, 8: 194, 9: 585, 10: 279, 11: 130, 12: 71, 13: 47, 14: 45, 15: 21, 16: 22, 17: 10, 18: 4, 19: 8, 20: 5, 22: 5, 23: 1, 24: 2, 27: 2, 31: 1}
  pruned hist {5: 3, 6: 6, 7: 193, 8: 300, 9: 521, 10: 239, 11: 113, 12: 64, 13: 35, 14: 35, 15: 19, 16: 15, 17: 11, 18: 4, 19: 8, 20: 3, 22: 5, 23: 1, 24: 2, 26: 1, 27: 2}
  frontier written 22 pruned 22
  reasons [('lean rejected', 500), ('lean_seq parse: env: binder mismatch', 47), ('lean_seq parse: env: unbound', 28), ('lean_seq parse: env: box on non-arrow', 27), ('lean_seq parse: env: Or.elim on non-or', 20), ('lean_seq parse: env: exact not last', 17)]
[lean_gate] 5000 samples, parse-fail 19 (no-eos 0, 0.000 %), distinct 4981: ok 4949, rej 32 (filter 32, prefilter=on); lean on 4949 texts in 13 procs, 75.0s proc, exposed 7.5s, tail 7.2s, 32 workers
[la_T1_best12_s2 r2] heldout greedy SOLVED 4949/5000 = 0.990 [0.987,0.992]
  len 2: 998/1000 = 0.998 [0.993,0.999]
  len 3: 998/1000 = 0.998 [0.993,0.999]
  len 4: 993/1000 = 0.993 [0.986,0.997]
  len 5: 987/1000 = 0.987 [0.978,0.992]
  len 6: 973/1000 = 0.973 [0.961,0.981]
  written hist {2: 1019, 3: 961, 4: 911, 5: 972, 6: 857, 7: 46, 8: 56, 9: 67, 10: 25, 11: 30, 12: 1, 13: 1, 14: 2, 15: 1}
  pruned hist {2: 1024, 3: 970, 4: 914, 5: 971, 6: 860, 7: 40, 8: 48, 9: 67, 10: 21, 11: 29, 12: 1, 13: 1, 14: 2, 15: 1}
  frontier written 11 pruned 11
  reasons [('lean rejected', 32), ('lean_seq parse: env: formula', 6), ('lean_seq parse: env: action truncated', 4), ('lean_seq parse: env: exact goal mismatch', 4), ('lean_seq parse: env: step cap', 2), ('lean_seq parse: env: have name', 1)]
[la_T1_best12_s2 r2] targets cumulative: solved 4123/4495 L*=13 ge={7: 4123, 8: 2381, 9: 1404, 10: 470, 11: 140, 12: 67}
[la_T1_best12_s2 r2] transfer cumulative: solved 1924/2285 L*=13 ge={7: 1924, 8: 1673, 9: 1388, 10: 463, 11: 137, 12: 66}
python3 state_train.py --data artifacts/bs/la_T1_best12_s2/mix_2.jsonl --init ckpts/bs/ladder/la_T1_best12_s2_r1.pt --steps 600 --lr 0.0003 --min_lr 2.9999999999999997e-05 --warmup 50 --cap 0 --out ckpts/bs/ladder/la_T1_best12_s2_r2.pt --seed 2002 --log_every 200 --recs 128
params 9560832 mode lean_staten
train records 79180 (skipped 0); pairs 854653; mean 10.794 per proof; max pair len 362; load 46s
/workspace/nd-takehome/state_train.py:166: UserWarning: Converting a tensor with requires_grad=True to a scalar may lead to unexpected behavior.
Consider using tensor.detach() first. (Triggered internally at /pytorch/torch/csrc/autograd/generated/python_variable_methods.cpp:835.)
  loss_sum += float(lb)
step 200 loss 0.0443 lr 2.53e-04 pairs/batch 1382 178s
step 400 loss 0.0385 lr 1.09e-04 pairs/batch 1383 354s
step 600 loss 0.0427 lr 3.00e-05 pairs/batch 1380 528s
uploaded ckpts/bs/ladder/la_T1_best12_s2_r2.pt -> hf://buckets/dan-pandori/nd-rl/best-state/ckpts/bs/ladder/la_T1_best12_s2_r2.pt (md5 27dd5d102ee0756657905f67ac0561f0, 4.5s)
saved ckpts/bs/ladder/la_T1_best12_s2_r2.pt
=== round 2 done in 3389s; new proofs 18669; cum targets solved 4123 L*=13; transfer L*=13
[lean_gate] 143840 samples, parse-fail 10021 (no-eos 0, 0.000 %), distinct 120344: ok 109148, rej 11196 (filter 11196, prefilter=on); lean on 109148 texts in 273 procs, 8247.7s proc, exposed 276.0s, tail 267.6s, 32 workers
[la_T1_best12_s2 r3] targets (this round) SOLVED 4239/4495 = 0.943 [0.936,0.949]
  len 7: 1771/1800 = 0.984 [0.977,0.989]
  len 8: 986/1000 = 0.986 [0.977,0.992]
  len 9: 946/1004 = 0.942 [0.926,0.955]
  len 10: 372/456 = 0.816 [0.778,0.849]
  len 11: 75/99 = 0.758 [0.665,0.831]
  len 12: 83/106 = 0.783 [0.695,0.851]
  len 13: 4/16 = 0.250 [0.102,0.495]
  len 14: 2/14 = 0.143 [0.040,0.399]
  written hist {7: 2069, 8: 6613, 9: 7057, 10: 5737, 11: 4069, 12: 3681, 13: 3436, 14: 2721, 15: 1846, 16: 1253, 17: 964, 18: 679, 19: 527, 20: 374, 21: 261, 22: 237, 23: 179, 24: 121, 25: 86, 26: 50, 27: 64, 28: 38, 29: 27, 30: 23, 31: 19, 32: 12, 33: 9, 34: 6, 35: 6, 36: 1, 37: 3, 38: 3, 39: 2, 40: 2, 42: 1, 43: 1, 44: 1, 45: 1}
  pruned hist {4: 9, 5: 251, 6: 1228, 7: 7595, 8: 6817, 9: 6091, 10: 3977, 11: 3118, 12: 3140, 13: 2712, 14: 2209, 15: 1451, 16: 975, 17: 685, 18: 503, 19: 384, 20: 261, 21: 179, 22: 165, 23: 117, 24: 87, 25: 52, 26: 46, 27: 26, 28: 27, 29: 16, 30: 16, 31: 12, 32: 8, 33: 6, 34: 5, 35: 2, 37: 3, 38: 1, 39: 3, 41: 1, 45: 1}
  frontier written 35 pruned 34
  reasons [('lean rejected', 11567), ('lean_seq parse: env: unbound', 2991), ('lean_seq parse: env: binder mismatch', 2742), ('lean_seq parse: env: Or.elim on non-or', 807), ('lean_seq parse: env: formula', 736), ('lean_seq parse: env: exact goal mismatch', 613)]
[lean_gate] 73120 samples, parse-fail 9467 (no-eos 0, 0.000 %), distinct 57589: ok 46279, rej 11310 (filter 11310, prefilter=on); lean on 46279 texts in 116 procs, 4604.3s proc, exposed 158.3s, tail 153.7s, 32 workers
[la_T1_best12_s2 r3] transfer (this round, pass@32) SOLVED 2017/2285 = 0.883 [0.869,0.895]
  len 7: 271/300 = 0.903 [0.865,0.932]
  len 8: 289/300 = 0.963 [0.936,0.979]
  len 9: 945/1010 = 0.936 [0.919,0.949]
  len 10: 356/451 = 0.789 [0.749,0.824]
  len 11: 75/99 = 0.758 [0.665,0.831]
  len 12: 76/102 = 0.745 [0.653,0.820]
  len 13: 3/13 = 0.231 [0.082,0.503]
  len 14: 2/10 = 0.200 [0.057,0.510]
  written hist {7: 308, 8: 818, 9: 2826, 10: 3758, 11: 1962, 12: 1550, 13: 1369, 14: 1281, 15: 1083, 16: 748, 17: 535, 18: 388, 19: 385, 20: 287, 21: 197, 22: 156, 23: 115, 24: 86, 25: 72, 26: 38, 27: 53, 28: 31, 29: 34, 30: 7, 31: 7, 32: 7, 33: 9, 34: 3, 35: 10, 36: 6, 37: 5, 40: 1, 41: 3, 43: 1}
  pruned hist {5: 36, 6: 68, 7: 1251, 8: 2094, 9: 4167, 10: 2232, 11: 1398, 12: 1334, 13: 1133, 14: 1056, 15: 918, 16: 584, 17: 428, 18: 304, 19: 328, 20: 212, 21: 142, 22: 124, 23: 92, 24: 76, 25: 36, 26: 28, 27: 25, 28: 28, 29: 13, 30: 5, 31: 3, 32: 4, 33: 3, 34: 6, 35: 3, 36: 4, 37: 2, 41: 2}
  frontier written 37 pruned 34
  reasons [('lean rejected', 11726), ('lean_seq parse: env: unbound', 2800), ('lean_seq parse: env: binder mismatch', 2459), ('lean_seq parse: env: formula', 884), ('lean_seq parse: env: Or.elim on non-or', 848), ('lean_seq parse: env: box on non-arrow', 609)]
[lean_gate] 2285 samples, parse-fail 254 (no-eos 0, 0.000 %), distinct 2031: ok 1714, rej 317 (filter 317, prefilter=on); lean on 1714 texts in 5 procs, 16.1s proc, exposed 4.4s, tail 4.1s, 32 workers
[la_T1_best12_s2 r3] transfer greedy SOLVED 1714/2285 = 0.750 [0.732,0.767]
  len 7: 211/300 = 0.703 [0.649,0.752]
  len 8: 262/300 = 0.873 [0.831,0.906]
  len 9: 852/1010 = 0.844 [0.820,0.865]
  len 10: 279/451 = 0.619 [0.573,0.662]
  len 11: 59/99 = 0.596 [0.497,0.687]
  len 12: 46/102 = 0.451 [0.358,0.548]
  len 13: 3/13 = 0.231 [0.082,0.503]
  len 14: 2/10 = 0.200 [0.057,0.510]
  written hist {7: 145, 8: 175, 9: 563, 10: 312, 11: 163, 12: 104, 13: 61, 14: 57, 15: 37, 16: 25, 17: 20, 18: 12, 19: 16, 20: 7, 21: 3, 22: 5, 23: 2, 24: 4, 25: 1, 27: 1, 28: 1}
  pruned hist {5: 2, 6: 6, 7: 198, 8: 295, 9: 520, 10: 254, 11: 138, 12: 95, 13: 51, 14: 46, 15: 28, 16: 19, 17: 18, 18: 10, 19: 14, 20: 5, 21: 4, 22: 5, 23: 2, 24: 3, 28: 1}
  frontier written 22 pruned 22
  reasons [('lean rejected', 317), ('lean_seq parse: env: binder mismatch', 65), ('lean_seq parse: env: exact not last', 34), ('lean_seq parse: env: Or.elim on non-or', 27), ('lean_seq parse: env: step cap', 27), ('lean_seq parse: env: box on non-arrow', 21)]
[lean_gate] 5000 samples, parse-fail 16 (no-eos 0, 0.000 %), distinct 4984: ok 4956, rej 28 (filter 28, prefilter=on); lean on 4956 texts in 13 procs, 56.6s proc, exposed 6.2s, tail 5.9s, 32 workers
[la_T1_best12_s2 r3] heldout greedy SOLVED 4956/5000 = 0.991 [0.988,0.993]
  len 2: 1000/1000 = 1.000 [0.996,1.000]
  len 3: 997/1000 = 0.997 [0.991,0.999]
  len 4: 993/1000 = 0.993 [0.986,0.997]
  len 5: 989/1000 = 0.989 [0.980,0.994]
  len 6: 977/1000 = 0.977 [0.966,0.985]
  written hist {2: 1029, 3: 953, 4: 883, 5: 938, 6: 801, 7: 109, 8: 80, 9: 71, 10: 43, 11: 36, 12: 5, 13: 3, 14: 2, 16: 1, 18: 1, 21: 1}
  pruned hist {2: 1034, 3: 965, 4: 889, 5: 947, 6: 869, 7: 47, 8: 53, 9: 66, 10: 39, 11: 35, 12: 5, 13: 3, 14: 2, 16: 1, 18: 1}
  frontier written 12 pruned 12
  reasons [('lean rejected', 28), ('lean_seq parse: env: step cap', 3), ('lean_seq parse: env: exact not last', 3), ('lean_seq parse: env: binder mismatch', 2), ('lean_seq parse: env: formula', 1), ('lean_seq parse: env: unbound', 1)]
[la_T1_best12_s2 r3] targets cumulative: solved 4244/4495 L*=13 ge={7: 4244, 8: 2473, 9: 1487, 10: 540, 11: 166, 12: 90}
[la_T1_best12_s2 r3] transfer cumulative: solved 2033/2285 L*=13 ge={7: 2033, 8: 1758, 9: 1466, 10: 518, 11: 159, 12: 84}
python3 state_train.py --data artifacts/bs/la_T1_best12_s2/mix_3.jsonl --init ckpts/bs/ladder/la_T1_best12_s2_r2.pt --steps 600 --lr 0.0003 --min_lr 2.9999999999999997e-05 --warmup 50 --cap 0 --out ckpts/bs/ladder/la_T1_best12_s2_r3.pt --seed 2003 --log_every 200 --recs 128
params 9560832 mode lean_staten
train records 85864 (skipped 0); pairs 970467; mean 11.302 per proof; max pair len 412; load 50s
/workspace/nd-takehome/state_train.py:166: UserWarning: Converting a tensor with requires_grad=True to a scalar may lead to unexpected behavior.
Consider using tensor.detach() first. (Triggered internally at /pytorch/torch/csrc/autograd/generated/python_variable_methods.cpp:835.)
  loss_sum += float(lb)
step 200 loss 0.0406 lr 2.53e-04 pairs/batch 1444 192s
step 400 loss 0.0433 lr 1.09e-04 pairs/batch 1446 385s
step 600 loss 0.0397 lr 3.00e-05 pairs/batch 1448 578s
uploaded ckpts/bs/ladder/la_T1_best12_s2_r3.pt -> hf://buckets/dan-pandori/nd-rl/best-state/ckpts/bs/ladder/la_T1_best12_s2_r3.pt (md5 f3c862b28800fde0546a0d7a020e9f5d, 4.7s)
saved ckpts/bs/ladder/la_T1_best12_s2_r3.pt
=== round 3 done in 3549s; new proofs 25967; cum targets solved 4244 L*=13; transfer L*=13
[lean_gate] 143840 samples, parse-fail 9487 (no-eos 0, 0.000 %), distinct 124532: ok 116414, rej 8118 (filter 8118, prefilter=on); lean on 116414 texts in 292 procs, 9438.7s proc, exposed 314.0s, tail 304.7s, 32 workers
[la_T1_best12_s2 r4] targets (this round) SOLVED 4299/4495 = 0.956 [0.950,0.962]
  len 7: 1788/1800 = 0.993 [0.988,0.996]
  len 8: 989/1000 = 0.989 [0.980,0.994]
  len 9: 956/1004 = 0.952 [0.937,0.964]
  len 10: 389/456 = 0.853 [0.818,0.883]
  len 11: 77/99 = 0.778 [0.686,0.848]
  len 12: 94/106 = 0.887 [0.812,0.934]
  len 13: 4/16 = 0.250 [0.102,0.495]
  len 14: 2/14 = 0.143 [0.040,0.399]
  written hist {7: 2001, 8: 8995, 9: 9065, 10: 7018, 11: 4954, 12: 4475, 13: 4021, 14: 3249, 15: 2320, 16: 1647, 17: 1329, 18: 905, 19: 737, 20: 489, 21: 421, 22: 316, 23: 253, 24: 164, 25: 134, 26: 87, 27: 85, 28: 82, 29: 54, 30: 30, 31: 15, 32: 16, 33: 16, 34: 12, 35: 5, 36: 8, 37: 6, 38: 2, 39: 4, 40: 4, 41: 3, 42: 3, 43: 4, 45: 1, 46: 1}
  pruned hist {4: 8, 5: 299, 6: 1457, 7: 10300, 8: 8901, 9: 7211, 10: 4745, 11: 3667, 12: 3715, 13: 3195, 14: 2627, 15: 1834, 16: 1273, 17: 963, 18: 715, 19: 549, 20: 360, 21: 286, 22: 224, 23: 165, 24: 104, 25: 72, 26: 50, 27: 58, 28: 45, 29: 25, 30: 23, 31: 10, 32: 9, 33: 8, 34: 9, 35: 7, 36: 6, 37: 3, 38: 1, 40: 2, 41: 1, 43: 2, 44: 1, 46: 1}
  frontier written 37 pruned 36
  reasons [('lean rejected', 8313), ('lean_seq parse: env: binder mismatch', 2967), ('lean_seq parse: env: unbound', 2854), ('lean_seq parse: env: Or.elim on non-or', 1255), ('lean_seq parse: env: formula', 434), ('lean_seq parse: env: exact goal mismatch', 363)]
[lean_gate] 73120 samples, parse-fail 9524 (no-eos 0, 0.000 %), distinct 58744: ok 49320, rej 9424 (filter 9424, prefilter=on); lean on 49320 texts in 124 procs, 4126.5s proc, exposed 141.9s, tail 137.4s, 32 workers
[la_T1_best12_s2 r4] transfer (this round, pass@32) SOLVED 2069/2285 = 0.905 [0.893,0.917]
  len 7: 282/300 = 0.940 [0.907,0.962]
  len 8: 288/300 = 0.960 [0.931,0.977]
  len 9: 950/1010 = 0.941 [0.924,0.954]
  len 10: 383/451 = 0.849 [0.813,0.879]
  len 11: 79/99 = 0.798 [0.708,0.865]
  len 12: 82/102 = 0.804 [0.716,0.869]
  len 13: 3/13 = 0.231 [0.082,0.503]
  len 14: 2/10 = 0.200 [0.057,0.510]
  written hist {7: 321, 8: 1023, 9: 3248, 10: 4865, 11: 2430, 12: 1794, 13: 1642, 14: 1509, 15: 1293, 16: 890, 17: 673, 18: 558, 19: 455, 20: 335, 21: 225, 22: 207, 23: 156, 24: 156, 25: 68, 26: 60, 27: 63, 28: 35, 29: 37, 30: 18, 31: 14, 32: 17, 33: 7, 34: 10, 35: 11, 36: 5, 37: 4, 38: 2, 39: 1, 40: 7, 41: 1, 42: 2, 43: 1}
  pruned hist {5: 36, 6: 62, 7: 1572, 8: 2858, 9: 5133, 10: 2626, 11: 1649, 12: 1452, 13: 1312, 14: 1265, 15: 1031, 16: 776, 17: 512, 18: 420, 19: 375, 20: 248, 21: 180, 22: 166, 23: 143, 24: 94, 25: 41, 26: 47, 27: 37, 28: 25, 29: 23, 30: 14, 31: 10, 32: 11, 33: 4, 34: 9, 35: 4, 36: 2, 37: 1, 38: 1, 39: 2, 41: 1, 43: 1}
  frontier written 40 pruned 34
  reasons [('lean rejected', 9729), ('lean_seq parse: env: binder mismatch', 2975), ('lean_seq parse: env: unbound', 2796), ('lean_seq parse: env: Or.elim on non-or', 1366), ('lean_seq parse: env: formula', 464), ('lean_seq parse: env: exact goal mismatch', 325)]
[lean_gate] 2285 samples, parse-fail 259 (no-eos 0, 0.000 %), distinct 2026: ok 1754, rej 272 (filter 272, prefilter=on); lean on 1754 texts in 5 procs, 15.6s proc, exposed 4.0s, tail 3.7s, 32 workers
[la_T1_best12_s2 r4] transfer greedy SOLVED 1754/2285 = 0.768 [0.750,0.784]
  len 7: 224/300 = 0.747 [0.695,0.793]
  len 8: 261/300 = 0.870 [0.827,0.903]
  len 9: 847/1010 = 0.839 [0.815,0.860]
  len 10: 299/451 = 0.663 [0.618,0.705]
  len 11: 60/99 = 0.606 [0.508,0.697]
  len 12: 58/102 = 0.569 [0.472,0.661]
  len 13: 3/13 = 0.231 [0.082,0.503]
  len 14: 2/10 = 0.200 [0.057,0.510]
  written hist {7: 127, 8: 132, 9: 520, 10: 365, 11: 176, 12: 103, 13: 83, 14: 82, 15: 48, 16: 26, 17: 17, 18: 12, 19: 22, 20: 10, 21: 6, 22: 5, 23: 4, 24: 6, 26: 3, 27: 2, 28: 2, 29: 2, 31: 1}
  pruned hist {5: 4, 6: 4, 7: 196, 8: 258, 9: 531, 10: 264, 11: 139, 12: 85, 13: 70, 14: 60, 15: 37, 16: 24, 17: 17, 18: 10, 19: 22, 20: 7, 21: 6, 22: 5, 23: 3, 24: 5, 26: 3, 27: 1, 28: 1, 29: 1, 30: 1}
  frontier written 24 pruned 24
  reasons [('lean rejected', 272), ('lean_seq parse: env: binder mismatch', 82), ('lean_seq parse: env: Or.elim on non-or', 45), ('lean_seq parse: env: step cap', 34), ('lean_seq parse: env: unbound', 23), ('lean_seq parse: env: exact not last', 20)]
[lean_gate] 5000 samples, parse-fail 9 (no-eos 0, 0.000 %), distinct 4991: ok 4966, rej 25 (filter 25, prefilter=on); lean on 4966 texts in 13 procs, 55.6s proc, exposed 6.2s, tail 6.0s, 32 workers
[la_T1_best12_s2 r4] heldout greedy SOLVED 4966/5000 = 0.993 [0.991,0.995]
  len 2: 1000/1000 = 1.000 [0.996,1.000]
  len 3: 999/1000 = 0.999 [0.994,1.000]
  len 4: 993/1000 = 0.993 [0.986,0.997]
  len 5: 993/1000 = 0.993 [0.986,0.997]
  len 6: 981/1000 = 0.981 [0.971,0.988]
  written hist {2: 1029, 3: 957, 4: 890, 5: 941, 6: 703, 7: 184, 8: 92, 9: 73, 10: 41, 11: 36, 12: 14, 13: 5, 15: 1}
  pruned hist {2: 1034, 3: 969, 4: 904, 5: 958, 6: 847, 7: 41, 8: 52, 9: 71, 10: 38, 11: 37, 12: 11, 13: 4}
  frontier written 13 pruned 12
  reasons [('lean rejected', 25), ('lean_seq parse: env: exact goal mismatch', 3), ('lean_seq parse: env: binder mismatch', 2), ('lean_seq parse: env: have name', 1), ('lean_seq parse: env: unbound', 1), ('lean_seq parse: env: malformed', 1)]
[la_T1_best12_s2 r4] targets cumulative: solved 4304/4495 L*=13 ge={7: 4304, 8: 2515, 9: 1526, 10: 570, 11: 178, 12: 100}
[la_T1_best12_s2 r4] transfer cumulative: solved 2091/2285 L*=13 ge={7: 2091, 8: 1803, 9: 1510, 10: 556, 11: 171, 12: 92}
python3 state_train.py --data artifacts/bs/la_T1_best12_s2/mix_4.jsonl --init ckpts/bs/ladder/la_T1_best12_s2_r3.pt --steps 600 --lr 0.0003 --min_lr 2.9999999999999997e-05 --warmup 50 --cap 0 --out ckpts/bs/ladder/la_T1_best12_s2_r4.pt --seed 2004 --log_every 200 --recs 128
params 9560832 mode lean_staten
train records 87820 (skipped 0); pairs 1018876; mean 11.602 per proof; max pair len 451; load 51s
/workspace/nd-takehome/state_train.py:166: UserWarning: Converting a tensor with requires_grad=True to a scalar may lead to unexpected behavior.
Consider using tensor.detach() first. (Triggered internally at /pytorch/torch/csrc/autograd/generated/python_variable_methods.cpp:835.)
  loss_sum += float(lb)
step 200 loss 0.0434 lr 2.53e-04 pairs/batch 1487 203s
step 400 loss 0.0424 lr 1.09e-04 pairs/batch 1485 408s
step 600 loss 0.0451 lr 3.00e-05 pairs/batch 1481 605s
uploaded ckpts/bs/ladder/la_T1_best12_s2_r4.pt -> hf://buckets/dan-pandori/nd-rl/best-state/ckpts/bs/ladder/la_T1_best12_s2_r4.pt (md5 902745d8f15ceb66a50fc63c767bc3e4, 4.5s)
saved ckpts/bs/ladder/la_T1_best12_s2_r4.pt
=== round 4 done in 3528s; new proofs 30590; cum targets solved 4304 L*=13; transfer L*=13
[lean_gate] 143840 samples, parse-fail 9194 (no-eos 0, 0.000 %), distinct 126964: ok 121068, rej 5896 (filter 5896, prefilter=on); lean on 121068 texts in 303 procs, 9947.2s proc, exposed 330.8s, tail 320.9s, 32 workers
[la_T1_best12_s2 r5] targets (this round) SOLVED 4346/4495 = 0.967 [0.961,0.972]
  len 7: 1794/1800 = 0.997 [0.993,0.998]
  len 8: 992/1000 = 0.992 [0.984,0.996]
  len 9: 960/1004 = 0.956 [0.942,0.967]
  len 10: 412/456 = 0.904 [0.873,0.927]
  len 11: 82/99 = 0.828 [0.742,0.890]
  len 12: 98/106 = 0.925 [0.858,0.961]
  len 13: 6/16 = 0.375 [0.185,0.614]
  len 14: 2/14 = 0.143 [0.040,0.399]
  written hist {7: 1864, 8: 10970, 9: 10638, 10: 8153, 11: 5669, 12: 5286, 13: 4948, 14: 3911, 15: 2853, 16: 2037, 17: 1644, 18: 1256, 19: 997, 20: 691, 21: 512, 22: 416, 23: 371, 24: 223, 25: 173, 26: 145, 27: 139, 28: 95, 29: 62, 30: 41, 31: 47, 32: 26, 33: 22, 34: 22, 35: 11, 36: 12, 37: 9, 38: 3, 39: 4, 40: 7, 41: 1, 42: 2, 43: 1, 44: 5, 45: 1, 46: 1, 47: 1}
  pruned hist {4: 7, 5: 327, 6: 1630, 7: 12602, 8: 10788, 9: 8258, 10: 5458, 11: 4202, 12: 4510, 13: 3858, 14: 3203, 15: 2175, 16: 1588, 17: 1102, 18: 924, 19: 698, 20: 426, 21: 332, 22: 305, 23: 228, 24: 172, 25: 98, 26: 86, 27: 79, 28: 62, 29: 31, 30: 28, 31: 26, 32: 12, 33: 9, 34: 15, 35: 6, 36: 5, 37: 4, 39: 6, 40: 3, 42: 1, 43: 2, 44: 1, 45: 1, 47: 1}
  frontier written 44 pruned 39
  reasons [('lean rejected', 6021), ('lean_seq parse: env: binder mismatch', 3188), ('lean_seq parse: env: unbound', 2479), ('lean_seq parse: env: Or.elim on non-or', 1244), ('lean_seq parse: env: formula', 388), ('lean_seq parse: env: exact goal mismatch', 368)]
[lean_gate] 73120 samples, parse-fail 10035 (no-eos 0, 0.000 %), distinct 59161: ok 51836, rej 7325 (filter 7325, prefilter=on); lean on 51836 texts in 130 procs, 4297.0s proc, exposed 148.8s, tail 143.6s, 32 workers
[la_T1_best12_s2 r5] transfer (this round, pass@32) SOLVED 2107/2285 = 0.922 [0.910,0.932]
  len 7: 287/300 = 0.957 [0.927,0.975]
  len 8: 295/300 = 0.983 [0.962,0.993]
  len 9: 957/1010 = 0.948 [0.932,0.960]
  len 10: 391/451 = 0.867 [0.832,0.895]
  len 11: 82/99 = 0.828 [0.742,0.890]
  len 12: 89/102 = 0.873 [0.794,0.924]
  len 13: 4/13 = 0.308 [0.127,0.576]
  len 14: 2/10 = 0.200 [0.057,0.510]
  written hist {7: 287, 8: 1215, 9: 3451, 10: 5849, 11: 2867, 12: 2132, 13: 1877, 14: 1798, 15: 1456, 16: 1041, 17: 861, 18: 723, 19: 621, 20: 409, 21: 285, 22: 302, 23: 249, 24: 184, 25: 111, 26: 76, 27: 72, 28: 64, 29: 38, 30: 26, 31: 19, 32: 26, 33: 20, 34: 18, 35: 12, 36: 9, 37: 4, 38: 7, 39: 4, 40: 5, 41: 2, 42: 2, 47: 3}
  pruned hist {5: 44, 6: 82, 7: 1955, 8: 3331, 9: 6045, 10: 3076, 11: 1880, 12: 1728, 13: 1549, 14: 1461, 15: 1141, 16: 857, 17: 630, 18: 557, 19: 440, 20: 314, 21: 195, 22: 222, 23: 185, 24: 119, 25: 60, 26: 57, 27: 46, 28: 37, 29: 25, 30: 16, 31: 12, 32: 14, 33: 11, 34: 12, 35: 7, 36: 4, 37: 1, 38: 2, 39: 3, 40: 3, 41: 1, 42: 1, 45: 1, 47: 1}
  frontier written 40 pruned 35
  reasons [('lean rejected', 7525), ('lean_seq parse: env: binder mismatch', 3475), ('lean_seq parse: env: unbound', 2653), ('lean_seq parse: env: Or.elim on non-or', 1481), ('lean_seq parse: env: formula', 506), ('lean_seq parse: env: exact goal mismatch', 336)]
[lean_gate] 2285 samples, parse-fail 292 (no-eos 0, 0.000 %), distinct 1993: ok 1801, rej 192 (filter 192, prefilter=on); lean on 1801 texts in 5 procs, 17.3s proc, exposed 4.4s, tail 4.2s, 32 workers
[la_T1_best12_s2 r5] transfer greedy SOLVED 1801/2285 = 0.788 [0.771,0.804]
  len 7: 232/300 = 0.773 [0.723,0.817]
  len 8: 263/300 = 0.877 [0.835,0.909]
  len 9: 862/1010 = 0.853 [0.830,0.874]
  len 10: 312/451 = 0.692 [0.648,0.733]
  len 11: 62/99 = 0.626 [0.528,0.715]
  len 12: 65/102 = 0.637 [0.541,0.724]
  len 13: 3/13 = 0.231 [0.082,0.503]
  len 14: 2/10 = 0.200 [0.057,0.510]
  written hist {7: 95, 8: 109, 9: 447, 10: 423, 11: 186, 12: 147, 13: 92, 14: 89, 15: 52, 16: 33, 17: 29, 18: 18, 19: 29, 20: 12, 21: 9, 22: 11, 23: 5, 24: 3, 25: 4, 26: 1, 27: 1, 28: 2, 29: 1, 32: 1, 35: 1, 37: 1}
  pruned hist {5: 4, 6: 7, 7: 176, 8: 252, 9: 512, 10: 275, 11: 144, 12: 116, 13: 74, 14: 68, 15: 44, 16: 25, 17: 26, 18: 14, 19: 23, 20: 10, 21: 8, 22: 10, 23: 3, 24: 4, 25: 3, 26: 1, 29: 1, 32: 1}
  frontier written 23 pruned 22
  reasons [('lean rejected', 192), ('lean_seq parse: env: binder mismatch', 101), ('lean_seq parse: env: Or.elim on non-or', 48), ('lean_seq parse: env: step cap', 37), ('lean_seq parse: env: names exhausted', 24), ('lean_seq parse: env: unbound', 23)]
[lean_gate] 5000 samples, parse-fail 15 (no-eos 0, 0.000 %), distinct 4985: ok 4965, rej 20 (filter 20, prefilter=on); lean on 4965 texts in 13 procs, 64.0s proc, exposed 6.7s, tail 6.3s, 32 workers
[la_T1_best12_s2 r5] heldout greedy SOLVED 4965/5000 = 0.993 [0.990,0.995]
  len 2: 1000/1000 = 1.000 [0.996,1.000]
  len 3: 998/1000 = 0.998 [0.993,0.999]
  len 4: 993/1000 = 0.993 [0.986,0.997]
  len 5: 992/1000 = 0.992 [0.984,0.996]
  len 6: 982/1000 = 0.982 [0.972,0.989]
  written hist {2: 1029, 3: 975, 4: 887, 5: 930, 6: 651, 7: 237, 8: 113, 9: 49, 10: 45, 11: 28, 12: 12, 13: 5, 14: 1, 16: 1, 17: 1, 34: 1}
  pruned hist {2: 1034, 3: 983, 4: 899, 5: 963, 6: 856, 7: 39, 8: 57, 9: 50, 10: 41, 11: 28, 12: 8, 13: 4, 14: 1, 16: 1, 17: 1}
  frontier written 13 pruned 12
  reasons [('lean rejected', 20), ('lean_seq parse: env: binder mismatch', 4), ('lean_seq parse: env: exact goal mismatch', 3), ('lean_seq parse: env: step cap', 2), ('lean_seq parse: env: Or.elim on non-or', 2), ('lean_seq parse: env: exact not last', 1)]
[la_T1_best12_s2 r5] targets cumulative: solved 4348/4495 L*=13 ge={7: 4348, 8: 2554, 9: 1562, 10: 602, 11: 188, 12: 106}
[la_T1_best12_s2 r5] transfer cumulative: solved 2134/2285 L*=13 ge={7: 2134, 8: 1841, 9: 1544, 10: 584, 11: 184, 12: 101}
python3 state_train.py --data artifacts/bs/la_T1_best12_s2/mix_5.jsonl --init ckpts/bs/ladder/la_T1_best12_s2_r4.pt --steps 600 --lr 0.0003 --min_lr 2.9999999999999997e-05 --warmup 50 --cap 0 --out ckpts/bs/ladder/la_T1_best12_s2_r5.pt --seed 2005 --log_every 200 --recs 128
params 9560832 mode lean_staten
train records 88876 (skipped 0); pairs 1049992; mean 11.814 per proof; max pair len 451; load 53s
/workspace/nd-takehome/state_train.py:166: UserWarning: Converting a tensor with requires_grad=True to a scalar may lead to unexpected behavior.
Consider using tensor.detach() first. (Triggered internally at /pytorch/torch/csrc/autograd/generated/python_variable_methods.cpp:835.)
  loss_sum += float(lb)
step 200 loss 0.0440 lr 2.53e-04 pairs/batch 1510 205s
step 400 loss 0.0428 lr 1.09e-04 pairs/batch 1513 412s
step 600 loss 0.0404 lr 3.00e-05 pairs/batch 1510 624s
uploaded ckpts/bs/ladder/la_T1_best12_s2_r5.pt -> hf://buckets/dan-pandori/nd-rl/best-state/ckpts/bs/ladder/la_T1_best12_s2_r5.pt (md5 eb3a6a11f92a6963c83dda1d748b9c3d, 4.3s)
saved ckpts/bs/ladder/la_T1_best12_s2_r5.pt
=== round 5 done in 3752s; new proofs 36010; cum targets solved 4348 L*=13; transfer L*=13
[lean_gate] 143840 samples, parse-fail 8502 (no-eos 0, 0.000 %), distinct 129457: ok 124867, rej 4590 (filter 4590, prefilter=on); lean on 124867 texts in 313 procs, 12670.6s proc, exposed 418.3s, tail 408.2s, 32 workers
[la_T1_best12_s2 r6] targets (this round) SOLVED 4364/4495 = 0.971 [0.966,0.975]
  len 7: 1795/1800 = 0.997 [0.994,0.999]
  len 8: 991/1000 = 0.991 [0.983,0.995]
  len 9: 963/1004 = 0.959 [0.945,0.970]
  len 10: 420/456 = 0.921 [0.893,0.942]
  len 11: 85/99 = 0.859 [0.777,0.914]
  len 12: 100/106 = 0.943 [0.882,0.974]
  len 13: 8/16 = 0.500 [0.280,0.720]
  len 14: 2/14 = 0.143 [0.040,0.399]
  written hist {7: 1705, 8: 12397, 9: 11885, 10: 9209, 11: 6142, 12: 6105, 13: 5674, 14: 4753, 15: 3456, 16: 2707, 17: 2141, 18: 1570, 19: 1281, 20: 895, 21: 718, 22: 521, 23: 470, 24: 303, 25: 242, 26: 154, 27: 151, 28: 134, 29: 105, 30: 65, 31: 49, 32: 47, 33: 34, 34: 22, 35: 12, 36: 26, 37: 18, 38: 8, 39: 7, 40: 10, 41: 4, 42: 6, 43: 4, 44: 4, 45: 4, 46: 4, 47: 3}
  pruned hist {4: 7, 5: 337, 6: 1753, 7: 14406, 8: 12133, 9: 9273, 10: 5953, 11: 4532, 12: 5038, 13: 4804, 14: 3836, 15: 2651, 16: 2132, 17: 1487, 18: 1152, 19: 873, 20: 638, 21: 474, 22: 363, 23: 331, 24: 200, 25: 147, 26: 104, 27: 98, 28: 82, 29: 55, 30: 41, 31: 29, 32: 18, 33: 17, 34: 12, 35: 7, 36: 20, 37: 11, 38: 6, 39: 5, 40: 7, 41: 3, 42: 2, 43: 1, 44: 2, 46: 4, 47: 1}
  frontier written 42 pruned 40
  reasons [('lean rejected', 4683), ('lean_seq parse: env: binder mismatch', 3172), ('lean_seq parse: env: unbound', 2088), ('lean_seq parse: env: Or.elim on non-or', 955), ('lean_seq parse: env: formula', 323), ('lean_seq parse: env: term', 294)]
[lean_gate] 73120 samples, parse-fail 10076 (no-eos 0, 0.000 %), distinct 59790: ok 53701, rej 6089 (filter 6089, prefilter=on); lean on 53701 texts in 135 procs, 5405.3s proc, exposed 184.1s, tail 179.2s, 32 workers
[la_T1_best12_s2 r6] transfer (this round, pass@32) SOLVED 2126/2285 = 0.930 [0.919,0.940]
  len 7: 290/300 = 0.967 [0.940,0.982]
  len 8: 294/300 = 0.980 [0.957,0.991]
  len 9: 960/1010 = 0.950 [0.935,0.962]
  len 10: 402/451 = 0.891 [0.859,0.917]
  len 11: 82/99 = 0.828 [0.742,0.890]
  len 12: 91/102 = 0.892 [0.817,0.939]
  len 13: 5/13 = 0.385 [0.177,0.645]
  len 14: 2/10 = 0.200 [0.057,0.510]
  written hist {7: 281, 8: 1347, 9: 3508, 10: 6653, 11: 2917, 12: 2440, 13: 2246, 14: 2066, 15: 1812, 16: 1326, 17: 1073, 18: 820, 19: 783, 20: 584, 21: 339, 22: 341, 23: 289, 24: 242, 25: 159, 26: 112, 27: 95, 28: 91, 29: 57, 30: 29, 31: 26, 32: 32, 33: 22, 34: 24, 35: 10, 36: 4, 37: 5, 38: 7, 39: 3, 40: 3, 41: 1, 42: 2, 43: 2, 44: 2, 45: 1, 47: 2}
  pruned hist {5: 36, 6: 77, 7: 2113, 8: 3714, 9: 6663, 10: 3336, 11: 1925, 12: 1942, 13: 1891, 14: 1710, 15: 1416, 16: 1160, 17: 803, 18: 617, 19: 606, 20: 446, 21: 255, 22: 261, 23: 209, 24: 159, 25: 82, 26: 66, 27: 71, 28: 53, 29: 43, 30: 17, 31: 22, 32: 14, 33: 15, 34: 16, 35: 4, 37: 2, 38: 5, 39: 3, 40: 1, 41: 2, 45: 1}
  frontier written 38 pruned 38
  reasons [('lean rejected', 6248), ('lean_seq parse: env: binder mismatch', 3627), ('lean_seq parse: env: unbound', 2334), ('lean_seq parse: env: Or.elim on non-or', 1409), ('lean_seq parse: env: formula', 407), ('lean_seq parse: env: term', 338)]
[lean_gate] 2285 samples, parse-fail 270 (no-eos 0, 0.000 %), distinct 2015: ok 1856, rej 159 (filter 159, prefilter=on); lean on 1856 texts in 5 procs, 17.9s proc, exposed 4.3s, tail 4.1s, 32 workers
[la_T1_best12_s2 r6] transfer greedy SOLVED 1856/2285 = 0.812 [0.796,0.828]
  len 7: 249/300 = 0.830 [0.783,0.868]
  len 8: 262/300 = 0.873 [0.831,0.906]
  len 9: 869/1010 = 0.860 [0.838,0.880]
  len 10: 334/451 = 0.741 [0.698,0.779]
  len 11: 65/99 = 0.657 [0.559,0.743]
  len 12: 72/102 = 0.706 [0.611,0.786]
  len 13: 3/13 = 0.231 [0.082,0.503]
  len 14: 2/10 = 0.200 [0.057,0.510]
  written hist {7: 80, 8: 97, 9: 389, 10: 449, 11: 156, 12: 160, 13: 114, 14: 119, 15: 69, 16: 67, 17: 42, 18: 28, 19: 37, 20: 13, 21: 5, 22: 12, 23: 3, 24: 3, 25: 4, 26: 2, 27: 3, 28: 1, 29: 1, 31: 1, 32: 1}
  pruned hist {5: 4, 6: 5, 7: 177, 8: 251, 9: 469, 10: 274, 11: 128, 12: 136, 13: 98, 14: 88, 15: 53, 16: 48, 17: 30, 18: 23, 19: 33, 20: 9, 21: 6, 22: 11, 23: 3, 24: 5, 25: 1, 26: 1, 27: 1, 29: 1, 32: 1}
  frontier written 22 pruned 24
  reasons [('lean rejected', 159), ('lean_seq parse: env: binder mismatch', 103), ('lean_seq parse: env: Or.elim on non-or', 35), ('lean_seq parse: env: step cap', 24), ('lean_seq parse: env: unbound', 20), ('lean_seq parse: env: exact not last', 16)]
[lean_gate] 5000 samples, parse-fail 15 (no-eos 0, 0.000 %), distinct 4985: ok 4969, rej 16 (filter 16, prefilter=on); lean on 4969 texts in 13 procs, 60.3s proc, exposed 6.5s, tail 6.2s, 32 workers
[la_T1_best12_s2 r6] heldout greedy SOLVED 4969/5000 = 0.994 [0.991,0.996]
  len 2: 1000/1000 = 1.000 [0.996,1.000]
  len 3: 999/1000 = 0.999 [0.994,1.000]
  len 4: 994/1000 = 0.994 [0.987,0.997]
  len 5: 993/1000 = 0.993 [0.986,0.997]
  len 6: 983/1000 = 0.983 [0.973,0.989]
  written hist {2: 1028, 3: 974, 4: 852, 5: 938, 6: 599, 7: 296, 8: 105, 9: 61, 10: 53, 11: 46, 12: 11, 13: 5, 17: 1}
  pruned hist {2: 1033, 3: 982, 4: 879, 5: 957, 6: 833, 7: 53, 8: 64, 9: 61, 10: 49, 11: 45, 12: 8, 13: 4, 17: 1}
  frontier written 13 pruned 12
  reasons [('lean rejected', 16), ('lean_seq parse: env: binder mismatch', 4), ('lean_seq parse: env: step cap', 3), ('lean_seq parse: env: Or.elim on non-or', 2), ('lean_seq parse: env: no semicolon', 2), ('lean_seq parse: env: exact goal mismatch', 2)]
[la_T1_best12_s2 r6] targets cumulative: solved 4369/4495 L*=13 ge={7: 4369, 8: 2573, 9: 1581, 10: 618, 11: 196, 12: 110}
[la_T1_best12_s2 r6] transfer cumulative: solved 2160/2285 L*=13 ge={7: 2160, 8: 1864, 9: 1566, 10: 600, 11: 188, 12: 104}
python3 state_train.py --data artifacts/bs/la_T1_best12_s2/mix_6.jsonl --init ckpts/bs/ladder/la_T1_best12_s2_r5.pt --steps 600 --lr 0.0003 --min_lr 2.9999999999999997e-05 --warmup 50 --cap 0 --out ckpts/bs/ladder/la_T1_best12_s2_r6.pt --seed 2006 --log_every 200 --recs 128
params 9560832 mode lean_staten
train records 89520 (skipped 0); pairs 1080847; mean 12.074 per proof; max pair len 471; load 54s
/workspace/nd-takehome/state_train.py:166: UserWarning: Converting a tensor with requires_grad=True to a scalar may lead to unexpected behavior.
Consider using tensor.detach() first. (Triggered internally at /pytorch/torch/csrc/autograd/generated/python_variable_methods.cpp:835.)
  loss_sum += float(lb)
step 200 loss 0.0477 lr 2.53e-04 pairs/batch 1547 217s
step 400 loss 0.0440 lr 1.09e-04 pairs/batch 1543 437s
step 600 loss 0.0410 lr 3.00e-05 pairs/batch 1550 650s
uploaded ckpts/bs/ladder/la_T1_best12_s2_r6.pt -> hf://buckets/dan-pandori/nd-rl/best-state/ckpts/bs/ladder/la_T1_best12_s2_r6.pt (md5 e822236bf2a9a04240b17fba8993b893, 4.3s)
saved ckpts/bs/ladder/la_T1_best12_s2_r6.pt
=== round 6 done in 4119s; new proofs 41474; cum targets solved 4369 L*=13; transfer L*=13
[lean_gate] 143840 samples, parse-fail 8068 (no-eos 0, 0.000 %), distinct 131093: ok 127126, rej 3967 (filter 3967, prefilter=on); lean on 127126 texts in 318 procs, 12783.0s proc, exposed 424.4s, tail 413.7s, 32 workers
[la_T1_best12_s2 r7] targets (this round) SOLVED 4376/4495 = 0.974 [0.968,0.978]
  len 7: 1795/1800 = 0.997 [0.994,0.999]
  len 8: 993/1000 = 0.993 [0.986,0.997]
  len 9: 961/1004 = 0.957 [0.943,0.968]
  len 10: 427/456 = 0.936 [0.910,0.955]
  len 11: 87/99 = 0.879 [0.800,0.929]
  len 12: 101/106 = 0.953 [0.894,0.980]
  len 13: 10/16 = 0.625 [0.386,0.815]
  len 14: 2/14 = 0.143 [0.040,0.399]
  written hist {7: 1597, 8: 13395, 9: 13029, 10: 9852, 11: 6506, 12: 6627, 13: 6113, 14: 5287, 15: 3987, 16: 3070, 17: 2480, 18: 1783, 19: 1500, 20: 1119, 21: 865, 22: 694, 23: 539, 24: 424, 25: 321, 26: 198, 27: 175, 28: 168, 29: 125, 30: 81, 31: 74, 32: 65, 33: 40, 34: 41, 35: 33, 36: 34, 37: 28, 38: 19, 39: 16, 40: 13, 41: 7, 42: 9, 43: 7, 44: 4, 45: 3, 46: 3, 47: 3}
  pruned hist {4: 14, 5: 327, 6: 1926, 7: 15647, 8: 13418, 9: 9946, 10: 6293, 11: 4845, 12: 5492, 13: 5026, 14: 4433, 15: 3105, 16: 2396, 17: 1767, 18: 1332, 19: 1049, 20: 774, 21: 604, 22: 456, 23: 361, 24: 287, 25: 174, 26: 122, 27: 112, 28: 84, 29: 61, 30: 45, 31: 41, 32: 45, 33: 23, 34: 27, 35: 23, 36: 21, 37: 15, 38: 9, 39: 9, 40: 5, 41: 1, 42: 5, 43: 6, 44: 4, 45: 2, 46: 2}
  frontier written 43 pruned 43
  reasons [('lean rejected', 4036), ('lean_seq parse: env: binder mismatch', 3198), ('lean_seq parse: env: unbound', 1925), ('lean_seq parse: env: Or.elim on non-or', 867), ('lean_seq parse: env: formula', 359), ('lean_seq parse: env: term', 281)]
[lean_gate] 73120 samples, parse-fail 10176 (no-eos 0, 0.000 %), distinct 60282: ok 54663, rej 5619 (filter 5619, prefilter=on); lean on 54663 texts in 137 procs, 5414.1s proc, exposed 185.2s, tail 180.1s, 32 workers
[la_T1_best12_s2 r7] transfer (this round, pass@32) SOLVED 2143/2285 = 0.938 [0.927,0.947]
  len 7: 293/300 = 0.977 [0.953,0.989]
  len 8: 296/300 = 0.987 [0.966,0.995]
  len 9: 957/1010 = 0.948 [0.932,0.960]
  len 10: 409/451 = 0.907 [0.877,0.930]
  len 11: 85/99 = 0.859 [0.777,0.914]
  len 12: 93/102 = 0.912 [0.841,0.953]
  len 13: 8/13 = 0.615 [0.355,0.823]
  len 14: 2/10 = 0.200 [0.057,0.510]
  written hist {7: 262, 8: 1437, 9: 3704, 10: 7186, 11: 3233, 12: 2575, 13: 2362, 14: 2245, 15: 1956, 16: 1508, 17: 1233, 18: 996, 19: 896, 20: 680, 21: 449, 22: 428, 23: 334, 24: 267, 25: 176, 26: 131, 27: 96, 28: 97, 29: 100, 30: 57, 31: 48, 32: 43, 33: 29, 34: 37, 35: 22, 36: 9, 37: 5, 38: 13, 39: 7, 40: 6, 41: 1, 42: 11, 43: 7, 44: 2, 45: 5, 46: 3, 47: 2}
  pruned hist {5: 42, 6: 96, 7: 2249, 8: 4213, 9: 7095, 10: 3620, 11: 2034, 12: 2020, 13: 2059, 14: 1900, 15: 1533, 16: 1249, 17: 971, 18: 732, 19: 696, 20: 498, 21: 323, 22: 342, 23: 241, 24: 205, 25: 99, 26: 87, 27: 64, 28: 66, 29: 55, 30: 35, 31: 21, 32: 22, 33: 18, 34: 26, 35: 8, 36: 6, 37: 3, 38: 10, 39: 5, 40: 4, 41: 1, 42: 3, 44: 2, 45: 3, 46: 1, 47: 1}
  frontier written 45 pruned 39
  reasons [('lean rejected', 5737), ('lean_seq parse: env: binder mismatch', 4002), ('lean_seq parse: env: unbound', 2325), ('lean_seq parse: env: Or.elim on non-or', 1272), ('lean_seq parse: env: formula', 474), ('lean_seq parse: env: term', 369)]
[lean_gate] 2285 samples, parse-fail 270 (no-eos 0, 0.000 %), distinct 2015: ok 1875, rej 140 (filter 140, prefilter=on); lean on 1875 texts in 5 procs, 17.5s proc, exposed 4.4s, tail 4.1s, 32 workers
[la_T1_best12_s2 r7] transfer greedy SOLVED 1875/2285 = 0.821 [0.804,0.836]
  len 7: 253/300 = 0.843 [0.798,0.880]
  len 8: 265/300 = 0.883 [0.842,0.915]
  len 9: 882/1010 = 0.873 [0.851,0.892]
  len 10: 339/451 = 0.752 [0.710,0.789]
  len 11: 56/99 = 0.566 [0.467,0.659]
  len 12: 75/102 = 0.735 [0.642,0.811]
  len 13: 3/13 = 0.231 [0.082,0.503]
  len 14: 2/10 = 0.200 [0.057,0.510]
  written hist {7: 72, 8: 94, 9: 362, 10: 480, 11: 155, 12: 167, 13: 106, 14: 110, 15: 75, 16: 58, 17: 44, 18: 28, 19: 52, 20: 13, 21: 9, 22: 19, 23: 6, 24: 4, 25: 3, 26: 4, 27: 1, 28: 4, 29: 1, 30: 2, 31: 2, 33: 1, 34: 1, 41: 1, 43: 1}
  pruned hist {5: 2, 6: 4, 7: 183, 8: 262, 9: 463, 10: 277, 11: 112, 12: 136, 13: 86, 14: 89, 15: 61, 16: 51, 17: 38, 18: 26, 19: 36, 20: 10, 21: 4, 22: 18, 23: 2, 24: 4, 27: 2, 28: 2, 29: 1, 30: 2, 32: 1, 34: 1, 37: 1, 39: 1}
  frontier written 23 pruned 22
  reasons [('lean rejected', 140), ('lean_seq parse: env: binder mismatch', 109), ('lean_seq parse: env: step cap', 35), ('lean_seq parse: env: Or.elim on non-or', 34), ('lean_seq parse: env: unbound', 24), ('lean_seq parse: env: names exhausted', 23)]
[lean_gate] 5000 samples, parse-fail 12 (no-eos 0, 0.000 %), distinct 4988: ok 4966, rej 22 (filter 22, prefilter=on); lean on 4966 texts in 13 procs, 48.0s proc, exposed 5.5s, tail 5.2s, 32 workers
[la_T1_best12_s2 r7] heldout greedy SOLVED 4966/5000 = 0.993 [0.991,0.995]
  len 2: 1000/1000 = 1.000 [0.996,1.000]
  len 3: 1000/1000 = 1.000 [0.996,1.000]
  len 4: 992/1000 = 0.992 [0.984,0.996]
  len 5: 992/1000 = 0.992 [0.984,0.996]
  len 6: 982/1000 = 0.982 [0.972,0.989]
  written hist {2: 1029, 3: 981, 4: 871, 5: 922, 6: 570, 7: 328, 8: 100, 9: 49, 10: 53, 11: 44, 12: 11, 13: 4, 14: 4}
  pruned hist {2: 1034, 3: 988, 4: 894, 5: 953, 6: 843, 7: 41, 8: 61, 9: 49, 10: 47, 11: 43, 12: 8, 13: 3, 14: 2}
  frontier written 12 pruned 12
  reasons [('lean rejected', 22), ('lean_seq parse: env: exact goal mismatch', 4), ('lean_seq parse: env: binder mismatch', 2), ('lean_seq parse: env: step cap', 1), ('lean_seq parse: env: action truncated', 1), ('lean_seq parse: env: Or.elim on non-or', 1)]
[la_T1_best12_s2 r7] targets cumulative: solved 4383/4495 L*=13 ge={7: 4383, 8: 2587, 9: 1594, 10: 631, 11: 202, 12: 114}
[la_T1_best12_s2 r7] transfer cumulative: solved 2180/2285 L*=13 ge={7: 2180, 8: 1884, 9: 1585, 10: 617, 11: 196, 12: 108}
python3 state_train.py --data artifacts/bs/la_T1_best12_s2/mix_7.jsonl --init ckpts/bs/ladder/la_T1_best12_s2_r6.pt --steps 600 --lr 0.0003 --min_lr 2.9999999999999997e-05 --warmup 50 --cap 0 --out ckpts/bs/ladder/la_T1_best12_s2_r7.pt --seed 2007 --log_every 200 --recs 128
params 9560832 mode lean_staten
train records 89880 (skipped 0); pairs 1097669; mean 12.213 per proof; max pair len 587; load 55s
/workspace/nd-takehome/state_train.py:166: UserWarning: Converting a tensor with requires_grad=True to a scalar may lead to unexpected behavior.
Consider using tensor.detach() first. (Triggered internally at /pytorch/torch/csrc/autograd/generated/python_variable_methods.cpp:835.)
  loss_sum += float(lb)
step 200 loss 0.0482 lr 2.53e-04 pairs/batch 1566 222s
step 400 loss 0.0446 lr 1.09e-04 pairs/batch 1558 436s
step 600 loss 0.0414 lr 3.00e-05 pairs/batch 1566 664s
uploaded ckpts/bs/ladder/la_T1_best12_s2_r7.pt -> hf://buckets/dan-pandori/nd-rl/best-state/ckpts/bs/ladder/la_T1_best12_s2_r7.pt (md5 918a63cbac5cffb2243b2258f406e755, 4.3s)
saved ckpts/bs/ladder/la_T1_best12_s2_r7.pt
=== round 7 done in 4263s; new proofs 45553; cum targets solved 4383 L*=13; transfer L*=13
[lean_gate] 143840 samples, parse-fail 7636 (no-eos 0, 0.000 %), distinct 131894: ok 128821, rej 3073 (filter 3073, prefilter=on); lean on 128821 texts in 323 procs, 11847.0s proc, exposed 394.9s, tail 384.1s, 32 workers
[la_T1_best12_s2 r8] targets (this round) SOLVED 4392/4495 = 0.977 [0.972,0.981]
  len 7: 1796/1800 = 0.998 [0.994,0.999]
  len 8: 995/1000 = 0.995 [0.988,0.998]
  len 9: 963/1004 = 0.959 [0.945,0.970]
  len 10: 435/456 = 0.954 [0.931,0.970]
  len 11: 88/99 = 0.889 [0.812,0.937]
  len 12: 102/106 = 0.962 [0.907,0.985]
  len 13: 11/16 = 0.688 [0.444,0.858]
  len 14: 2/14 = 0.143 [0.040,0.399]
  written hist {7: 1488, 8: 14104, 9: 13646, 10: 10297, 11: 6711, 12: 6620, 13: 6433, 14: 5334, 15: 4155, 16: 3215, 17: 2549, 18: 1999, 19: 1628, 20: 1189, 21: 905, 22: 699, 23: 622, 24: 471, 25: 324, 26: 224, 27: 261, 28: 194, 29: 158, 30: 104, 31: 106, 32: 86, 33: 52, 34: 39, 35: 36, 36: 39, 37: 32, 38: 18, 39: 11, 40: 19, 41: 9, 42: 10, 43: 4, 44: 8, 45: 5, 46: 5, 47: 3}
  pruned hist {4: 10, 5: 339, 6: 2025, 7: 16329, 8: 13961, 9: 10508, 10: 6463, 11: 4818, 12: 5662, 13: 5385, 14: 4556, 15: 3201, 16: 2463, 17: 1777, 18: 1477, 19: 1207, 20: 784, 21: 610, 22: 474, 23: 412, 24: 308, 25: 215, 26: 147, 27: 134, 28: 113, 29: 87, 30: 62, 31: 67, 32: 39, 33: 34, 34: 23, 35: 22, 36: 26, 37: 22, 38: 6, 39: 11, 40: 11, 41: 3, 42: 5, 43: 3, 44: 5, 45: 4, 46: 4}
  frontier written 46 pruned 44
  reasons [('lean rejected', 3107), ('lean_seq parse: env: binder mismatch', 2983), ('lean_seq parse: env: unbound', 1807), ('lean_seq parse: env: Or.elim on non-or', 1098), ('lean_seq parse: env: formula', 317), ('lean_seq parse: env: step cap', 236)]
[lean_gate] 73120 samples, parse-fail 10345 (no-eos 0, 0.000 %), distinct 60125: ok 55479, rej 4646 (filter 4646, prefilter=on); lean on 55479 texts in 139 procs, 5688.0s proc, exposed 193.0s, tail 188.0s, 32 workers
[la_T1_best12_s2 r8] transfer (this round, pass@32) SOLVED 2160/2285 = 0.945 [0.935,0.954]
  len 7: 294/300 = 0.980 [0.957,0.991]
  len 8: 298/300 = 0.993 [0.976,0.998]
  len 9: 960/1010 = 0.950 [0.935,0.962]
  len 10: 418/451 = 0.927 [0.899,0.947]
  len 11: 84/99 = 0.848 [0.765,0.906]
  len 12: 95/102 = 0.931 [0.865,0.966]
  len 13: 9/13 = 0.692 [0.424,0.873]
  len 14: 2/10 = 0.200 [0.057,0.510]
  written hist {7: 271, 8: 1483, 9: 3706, 10: 7624, 11: 3222, 12: 2683, 13: 2322, 14: 2325, 15: 2084, 16: 1570, 17: 1249, 18: 1037, 19: 899, 20: 717, 21: 452, 22: 404, 23: 371, 24: 296, 25: 199, 26: 120, 27: 118, 28: 122, 29: 99, 30: 59, 31: 51, 32: 51, 33: 34, 34: 40, 35: 23, 36: 30, 37: 13, 38: 9, 39: 13, 40: 11, 41: 10, 42: 6, 43: 2, 44: 4, 45: 5, 47: 3}
  pruned hist {5: 38, 6: 88, 7: 2348, 8: 4308, 9: 7501, 10: 3605, 11: 2163, 12: 2150, 13: 1963, 14: 1942, 15: 1557, 16: 1279, 17: 970, 18: 801, 19: 719, 20: 520, 21: 313, 22: 315, 23: 287, 24: 223, 25: 118, 26: 87, 27: 86, 28: 72, 29: 67, 30: 32, 31: 40, 32: 26, 33: 21, 34: 33, 35: 15, 36: 17, 37: 7, 38: 7, 39: 6, 40: 4, 41: 5, 42: 2, 43: 1, 45: 1}
  frontier written 45 pruned 41
  reasons [('lean rejected', 4731), ('lean_seq parse: env: binder mismatch', 3997), ('lean_seq parse: env: unbound', 2355), ('lean_seq parse: env: Or.elim on non-or', 1573), ('lean_seq parse: env: formula', 492), ('lean_seq parse: env: exact goal mismatch', 287)]
[lean_gate] 2285 samples, parse-fail 273 (no-eos 0, 0.000 %), distinct 2012: ok 1888, rej 124 (filter 124, prefilter=on); lean on 1888 texts in 5 procs, 19.5s proc, exposed 4.7s, tail 4.4s, 32 workers
[la_T1_best12_s2 r8] transfer greedy SOLVED 1888/2285 = 0.826 [0.810,0.841]
  len 7: 256/300 = 0.853 [0.809,0.889]
  len 8: 263/300 = 0.877 [0.835,0.909]
  len 9: 885/1010 = 0.876 [0.854,0.895]
  len 10: 337/451 = 0.747 [0.705,0.785]
  len 11: 61/99 = 0.616 [0.518,0.706]
  len 12: 77/102 = 0.755 [0.663,0.828]
  len 13: 7/13 = 0.538 [0.291,0.768]
  len 14: 2/10 = 0.200 [0.057,0.510]
  written hist {7: 56, 8: 84, 9: 332, 10: 484, 11: 180, 12: 165, 13: 120, 14: 116, 15: 90, 16: 65, 17: 51, 18: 30, 19: 46, 20: 13, 21: 11, 22: 18, 23: 5, 24: 4, 25: 3, 26: 2, 27: 3, 28: 3, 29: 3, 30: 2, 32: 1, 37: 1}
  pruned hist {5: 4, 6: 5, 7: 159, 8: 249, 9: 462, 10: 278, 11: 133, 12: 136, 13: 86, 14: 99, 15: 70, 16: 55, 17: 44, 18: 23, 19: 38, 20: 9, 21: 6, 22: 14, 23: 3, 24: 4, 25: 1, 26: 2, 27: 3, 28: 1, 29: 2, 31: 1, 36: 1}
  frontier written 23 pruned 22
  reasons [('lean rejected', 124), ('lean_seq parse: env: binder mismatch', 104), ('lean_seq parse: env: Or.elim on non-or', 44), ('lean_seq parse: env: step cap', 34), ('lean_seq parse: env: names exhausted', 30), ('lean_seq parse: env: unbound', 13)]
[lean_gate] 5000 samples, parse-fail 26 (no-eos 0, 0.000 %), distinct 4974: ok 4961, rej 13 (filter 13, prefilter=on); lean on 4961 texts in 13 procs, 84.5s proc, exposed 8.3s, tail 8.0s, 32 workers
[la_T1_best12_s2 r8] heldout greedy SOLVED 4961/5000 = 0.992 [0.989,0.994]
  len 2: 1000/1000 = 1.000 [0.996,1.000]
  len 3: 1000/1000 = 1.000 [0.996,1.000]
  len 4: 990/1000 = 0.990 [0.982,0.995]
  len 5: 992/1000 = 0.992 [0.984,0.996]
  len 6: 979/1000 = 0.979 [0.968,0.986]
  written hist {2: 1029, 3: 980, 4: 889, 5: 931, 6: 589, 7: 309, 8: 77, 9: 48, 10: 44, 11: 37, 12: 16, 13: 4, 14: 2, 16: 3, 22: 1, 23: 1, 24: 1}
  pruned hist {2: 1034, 3: 990, 4: 902, 5: 959, 6: 854, 7: 35, 8: 39, 9: 46, 10: 41, 11: 38, 12: 14, 13: 3, 14: 1, 15: 2, 16: 2, 23: 1}
  frontier written 12 pruned 12
  reasons [('lean rejected', 13), ('lean_seq parse: env: Or.elim on non-or', 9), ('lean_seq parse: env: binder mismatch', 4), ('lean_seq parse: env: exact goal mismatch', 4), ('lean_seq parse: env: formula', 3), ('lean_seq parse: env: names exhausted', 2)]
[la_T1_best12_s2 r8] targets cumulative: solved 4392/4495 L*=13 ge={7: 4392, 8: 2596, 9: 1601, 10: 638, 11: 203, 12: 115}
[la_T1_best12_s2 r8] transfer cumulative: solved 2192/2285 L*=13 ge={7: 2192, 8: 1894, 9: 1595, 10: 626, 11: 198, 12: 110}
python3 state_train.py --data artifacts/bs/la_T1_best12_s2/mix_8.jsonl --init ckpts/bs/ladder/la_T1_best12_s2_r7.pt --steps 600 --lr 0.0003 --min_lr 2.9999999999999997e-05 --warmup 50 --cap 0 --out ckpts/bs/ladder/la_T1_best12_s2_r8.pt --seed 2008 --log_every 200 --recs 128
params 9560832 mode lean_staten
train records 90092 (skipped 0); pairs 1114033; mean 12.366 per proof; max pair len 591; load 59s
/workspace/nd-takehome/state_train.py:166: UserWarning: Converting a tensor with requires_grad=True to a scalar may lead to unexpected behavior.
Consider using tensor.detach() first. (Triggered internally at /pytorch/torch/csrc/autograd/generated/python_variable_methods.cpp:835.)
  loss_sum += float(lb)
step 200 loss 0.0460 lr 2.53e-04 pairs/batch 1586 236s
step 400 loss 0.0456 lr 1.09e-04 pairs/batch 1582 467s
step 600 loss 0.0468 lr 3.00e-05 pairs/batch 1582 693s
uploaded ckpts/bs/ladder/la_T1_best12_s2_r8.pt -> hf://buckets/dan-pandori/nd-rl/best-state/ckpts/bs/ladder/la_T1_best12_s2_r8.pt (md5 d43c0381e87f83bab0578d5a94316b2e, 4.3s)
saved ckpts/bs/ladder/la_T1_best12_s2_r8.pt
=== round 8 done in 4101s; new proofs 46248; cum targets solved 4392 L*=13; transfer L*=13
=== seed done best12 s2 2026-10-01T01:01:50Z
