=== done best6_s1_b1200 2026-09-30T16:59:20Z
=== ladder T1 best6 s1 2026-09-30T16:59:21Z
[lean_gate] 143840 samples, parse-fail 31229 (no-eos 0, 0.000 %), distinct 89187: ok 37287, rej 51900 (filter 51900, prefilter=on); lean on 37287 texts in 94 procs, 1923.3s proc, exposed 71.3s, tail 65.6s, 32 workers
[la_T1_best6_s1 r1] targets (this round) SOLVED 2801/4495 = 0.623 [0.609,0.637]
  len 7: 1406/1800 = 0.781 [0.761,0.800]
  len 8: 742/1000 = 0.742 [0.714,0.768]
  len 9: 528/1004 = 0.526 [0.495,0.557]
  len 10: 115/456 = 0.252 [0.215,0.294]
  len 11: 10/99 = 0.101 [0.056,0.176]
  len 12: 0/106 = 0.000 [0.000,0.035]
  len 13: 0/16 = 0.000 [0.000,0.194]
  len 14: 0/14 = 0.000 [0.000,0.215]
  written hist {7: 1525, 8: 1202, 9: 860, 10: 310, 11: 69, 12: 26, 13: 10, 14: 4, 15: 4, 16: 2}
  pruned hist {4: 1, 5: 66, 6: 357, 7: 1427, 8: 1132, 9: 701, 10: 226, 11: 62, 12: 21, 13: 10, 14: 4, 15: 3, 16: 2}
  frontier written 13 pruned 13
  reasons [('lean rejected', 60856), ('lean_seq parse: env: unbound', 8799), ('lean_seq parse: env: exact goal mismatch', 5979), ('lean_seq parse: env: PR position', 3947), ('lean_seq parse: env: formula', 2538), ('lean_seq parse: env: binder mismatch', 1932)]
[lean_gate] 73120 samples, parse-fail 19535 (no-eos 0, 0.000 %), distinct 44285: ok 9317, rej 34968 (filter 34968, prefilter=on); lean on 9317 texts in 24 procs, 369.5s proc, exposed 20.6s, tail 18.0s, 32 workers
[la_T1_best6_s1 r1] transfer (this round, pass@32) SOLVED 896/2285 = 0.392 [0.372,0.412]
  len 7: 153/300 = 0.510 [0.454,0.566]
  len 8: 160/300 = 0.533 [0.477,0.589]
  len 9: 485/1010 = 0.480 [0.450,0.511]
  len 10: 90/451 = 0.200 [0.165,0.239]
  len 11: 6/99 = 0.061 [0.028,0.126]
  len 12: 2/102 = 0.020 [0.005,0.069]
  len 13: 0/13 = 0.000 [0.000,0.228]
  len 14: 0/10 = 0.000 [0.000,0.278]
  written hist {7: 168, 8: 212, 9: 673, 10: 197, 11: 41, 12: 17, 13: 1, 15: 2}
  pruned hist {5: 6, 6: 17, 7: 218, 8: 327, 9: 567, 10: 129, 11: 33, 12: 12, 15: 2}
  frontier written 12 pruned 12
  reasons [('lean rejected', 41018), ('lean_seq parse: env: unbound', 5818), ('lean_seq parse: env: exact goal mismatch', 3031), ('lean_seq parse: env: formula', 1850), ('lean_seq parse: env: PR position', 1786), ('lean_seq parse: env: binder mismatch', 1551)]
[lean_gate] 2285 samples, parse-fail 388 (no-eos 0, 0.000 %), distinct 1897: ok 460, rej 1437 (filter 1437, prefilter=on); lean on 460 texts in 2 procs, 3.6s proc, exposed 3.0s, tail 2.9s, 32 workers
[la_T1_best6_s1 r1] transfer greedy SOLVED 460/2285 = 0.201 [0.185,0.218]
  len 7: 91/300 = 0.303 [0.254,0.358]
  len 8: 99/300 = 0.330 [0.279,0.385]
  len 9: 241/1010 = 0.239 [0.213,0.266]
  len 10: 28/451 = 0.062 [0.043,0.088]
  len 11: 1/99 = 0.010 [0.002,0.055]
  len 12: 0/102 = 0.000 [0.000,0.036]
  len 13: 0/13 = 0.000 [0.000,0.228]
  len 14: 0/10 = 0.000 [0.000,0.278]
  written hist {7: 81, 8: 98, 9: 244, 10: 32, 11: 4, 12: 1}
  pruned hist {5: 2, 6: 5, 7: 86, 8: 140, 9: 204, 10: 20, 11: 2, 12: 1}
  frontier written 10 pruned 10
  reasons [('lean rejected', 1437), ('lean_seq parse: env: exact goal mismatch', 83), ('lean_seq parse: env: unbound', 61), ('lean_seq parse: env: PR position', 57), ('lean_seq parse: env: binder mismatch', 44), ('lean_seq parse: env: formula', 32)]
[lean_gate] 5000 samples, parse-fail 63 (no-eos 0, 0.000 %), distinct 4937: ok 4835, rej 102 (filter 102, prefilter=on); lean on 4835 texts in 13 procs, 54.1s proc, exposed 6.0s, tail 5.6s, 32 workers
[la_T1_best6_s1 r1] heldout greedy SOLVED 4835/5000 = 0.967 [0.962,0.972]
  len 2: 994/1000 = 0.994 [0.987,0.997]
  len 3: 993/1000 = 0.993 [0.986,0.997]
  len 4: 980/1000 = 0.980 [0.969,0.987]
  len 5: 945/1000 = 0.945 [0.929,0.958]
  len 6: 923/1000 = 0.923 [0.905,0.938]
  written hist {2: 1021, 3: 991, 4: 957, 5: 971, 6: 882, 7: 8, 8: 3, 9: 2}
  pruned hist {2: 1028, 3: 991, 4: 956, 5: 971, 6: 878, 7: 7, 8: 2, 9: 2}
  frontier written 7 pruned 7
  reasons [('lean rejected', 102), ('lean_seq parse: env: action truncated', 24), ('lean_seq parse: env: formula', 12), ('lean_seq parse: env: term', 10), ('lean_seq parse: env: exact goal mismatch', 8), ('lean_seq parse: env: box head', 2)]
[la_T1_best6_s1 r1] targets cumulative: solved 2801/4495 L*=11 ge={7: 2801, 8: 1395, 9: 653, 10: 125, 11: 10, 12: 0}
[la_T1_best6_s1 r1] transfer cumulative: solved 896/2285 L*=11 ge={7: 896, 8: 743, 9: 583, 10: 98, 11: 8, 12: 2}
python3 state_train.py --data artifacts/bs/la_T1_best6_s1/mix_1.jsonl --init ckpts/bs/stage1_best6_s1_b1200.pt --steps 600 --lr 0.0003 --min_lr 2.9999999999999997e-05 --warmup 50 --cap 0 --out ckpts/bs/ladder/la_T1_best6_s1_r1.pt --seed 1001 --log_every 200 --recs 128
params 9560832 mode lean_staten
train records 35832 (skipped 0); pairs 243842; mean 6.805 per proof; max pair len 322; load 17s
/workspace/nd-takehome/state_train.py:166: UserWarning: Converting a tensor with requires_grad=True to a scalar may lead to unexpected behavior.
Consider using tensor.detach() first. (Triggered internally at /pytorch/torch/csrc/autograd/generated/python_variable_methods.cpp:835.)
  loss_sum += float(lb)
step 200 loss 0.0424 lr 2.53e-04 pairs/batch 872 94s
step 400 loss 0.0372 lr 1.09e-04 pairs/batch 871 187s
step 600 loss 0.0392 lr 3.00e-05 pairs/batch 869 281s
uploaded ckpts/bs/ladder/la_T1_best6_s1_r1.pt -> hf://buckets/dan-pandori/nd-rl/best-state/ckpts/bs/ladder/la_T1_best6_s1_r1.pt (md5 4faadc39a79131ec46dc0066d0699617, 4.3s)
saved ckpts/bs/ladder/la_T1_best6_s1_r1.pt
=== round 1 done in 1488s; new proofs 4012; cum targets solved 2801 L*=11; transfer L*=11
[lean_gate] 143840 samples, parse-fail 8772 (no-eos 0, 0.000 %), distinct 100286: ok 74048, rej 26238 (filter 26238, prefilter=on); lean on 74048 texts in 186 procs, 4483.2s proc, exposed 155.3s, tail 149.7s, 32 workers
[la_T1_best6_s1 r2] targets (this round) SOLVED 3660/4495 = 0.814 [0.803,0.825]
  len 7: 1654/1800 = 0.919 [0.905,0.931]
  len 8: 895/1000 = 0.895 [0.874,0.913]
  len 9: 808/1004 = 0.805 [0.779,0.828]
  len 10: 244/456 = 0.535 [0.489,0.580]
  len 11: 43/99 = 0.434 [0.341,0.533]
  len 12: 14/106 = 0.132 [0.080,0.210]
  len 13: 1/16 = 0.062 [0.011,0.283]
  len 14: 1/14 = 0.071 [0.013,0.315]
  written hist {7: 1919, 8: 1678, 9: 1590, 10: 873, 11: 307, 12: 199, 13: 86, 14: 46, 15: 41, 16: 26, 17: 4, 18: 4, 19: 2, 20: 2}
  pruned hist {5: 121, 6: 514, 7: 1896, 8: 1651, 9: 1339, 10: 645, 11: 243, 12: 169, 13: 91, 14: 41, 15: 37, 16: 19, 17: 4, 18: 3, 19: 2, 20: 2}
  frontier written 16 pruned 16
  reasons [('lean rejected', 30766), ('lean_seq parse: env: Or.elim on non-or', 2919), ('lean_seq parse: env: binder mismatch', 1541), ('lean_seq parse: env: exact goal mismatch', 1204), ('lean_seq parse: env: unbound', 1151), ('lean_seq parse: env: box on non-arrow', 1085)]
[lean_gate] 73120 samples, parse-fail 7570 (no-eos 0, 0.000 %), distinct 50667: ok 27952, rej 22715 (filter 22715, prefilter=on); lean on 27952 texts in 70 procs, 1871.7s proc, exposed 69.3s, tail 65.7s, 32 workers
[la_T1_best6_s1 r2] transfer (this round, pass@32) SOLVED 1519/2285 = 0.665 [0.645,0.684]
  len 7: 208/300 = 0.693 [0.639,0.743]
  len 8: 219/300 = 0.730 [0.677,0.777]
  len 9: 804/1010 = 0.796 [0.770,0.820]
  len 10: 224/451 = 0.497 [0.451,0.543]
  len 11: 44/99 = 0.444 [0.350,0.543]
  len 12: 16/102 = 0.157 [0.099,0.240]
  len 13: 3/13 = 0.231 [0.082,0.503]
  len 14: 1/10 = 0.100 [0.018,0.404]
  written hist {7: 236, 8: 320, 9: 1294, 10: 645, 11: 253, 12: 149, 13: 58, 14: 31, 15: 32, 16: 6, 17: 11, 18: 9, 19: 1, 21: 1}
  pruned hist {5: 11, 6: 29, 7: 322, 8: 605, 9: 1136, 10: 477, 11: 199, 12: 125, 13: 57, 14: 29, 15: 31, 16: 5, 17: 9, 18: 10, 21: 1}
  frontier written 18 pruned 18
  reasons [('lean rejected', 26929), ('lean_seq parse: env: Or.elim on non-or', 2348), ('lean_seq parse: env: binder mismatch', 1230), ('lean_seq parse: env: exact goal mismatch', 1205), ('lean_seq parse: env: box on non-arrow', 1011), ('lean_seq parse: env: unbound', 858)]
[lean_gate] 2285 samples, parse-fail 198 (no-eos 0, 0.000 %), distinct 2087: ok 1246, rej 841 (filter 841, prefilter=on); lean on 1246 texts in 4 procs, 10.7s proc, exposed 4.0s, tail 3.7s, 32 workers
[la_T1_best6_s1 r2] transfer greedy SOLVED 1246/2285 = 0.545 [0.525,0.566]
  len 7: 188/300 = 0.627 [0.571,0.679]
  len 8: 195/300 = 0.650 [0.594,0.702]
  len 9: 658/1010 = 0.651 [0.622,0.680]
  len 10: 172/451 = 0.381 [0.338,0.427]
  len 11: 22/99 = 0.222 [0.152,0.314]
  len 12: 9/102 = 0.088 [0.047,0.159]
  len 13: 2/13 = 0.154 [0.043,0.422]
  len 14: 0/10 = 0.000 [0.000,0.278]
  written hist {7: 175, 8: 171, 9: 610, 10: 205, 11: 44, 12: 27, 13: 8, 14: 5, 15: 1}
  pruned hist {5: 5, 6: 14, 7: 202, 8: 267, 9: 538, 10: 148, 11: 39, 12: 19, 13: 8, 14: 5, 15: 1}
  frontier written 14 pruned 14
  reasons [('lean rejected', 841), ('lean_seq parse: env: Or.elim on non-or', 66), ('lean_seq parse: env: binder mismatch', 44), ('lean_seq parse: env: exact goal mismatch', 37), ('lean_seq parse: env: box on non-arrow', 26), ('lean_seq parse: env: formula', 5)]
[lean_gate] 5000 samples, parse-fail 6 (no-eos 0, 0.000 %), distinct 4994: ok 4977, rej 17 (filter 17, prefilter=on); lean on 4977 texts in 13 procs, 56.5s proc, exposed 6.6s, tail 6.2s, 32 workers
[la_T1_best6_s1 r2] heldout greedy SOLVED 4977/5000 = 0.995 [0.993,0.997]
  len 2: 1000/1000 = 1.000 [0.996,1.000]
  len 3: 999/1000 = 0.999 [0.994,1.000]
  len 4: 995/1000 = 0.995 [0.988,0.998]
  len 5: 990/1000 = 0.990 [0.982,0.995]
  len 6: 993/1000 = 0.993 [0.986,0.997]
  written hist {2: 1029, 3: 1000, 4: 978, 5: 1016, 6: 945, 7: 4, 9: 3, 12: 2}
  pruned hist {2: 1033, 3: 1002, 4: 975, 5: 1014, 6: 946, 7: 3, 9: 2, 12: 2}
  frontier written 6 pruned 6
  reasons [('lean rejected', 17), ('lean_seq parse: env: Or.elim on non-or', 3), ('lean_seq parse: env: exact goal mismatch', 1), ('lean_seq parse: env: box on non-arrow', 1), ('lean_seq parse: env: action truncated', 1)]
[la_T1_best6_s1 r2] targets cumulative: solved 3660/4495 L*=12 ge={7: 3660, 8: 2006, 9: 1111, 10: 303, 11: 59, 12: 16}
[la_T1_best6_s1 r2] transfer cumulative: solved 1524/2285 L*=12 ge={7: 1524, 8: 1315, 9: 1096, 10: 290, 11: 64, 12: 20}
python3 state_train.py --data artifacts/bs/la_T1_best6_s1/mix_2.jsonl --init ckpts/bs/ladder/la_T1_best6_s1_r1.pt --steps 600 --lr 0.0003 --min_lr 2.9999999999999997e-05 --warmup 50 --cap 0 --out ckpts/bs/ladder/la_T1_best6_s1_r2.pt --seed 1002 --log_every 200 --recs 128
params 9560832 mode lean_staten
train records 45912 (skipped 0); pairs 349023; mean 7.602 per proof; max pair len 307; load 23s
/workspace/nd-takehome/state_train.py:166: UserWarning: Converting a tensor with requires_grad=True to a scalar may lead to unexpected behavior.
Consider using tensor.detach() first. (Triggered internally at /pytorch/torch/csrc/autograd/generated/python_variable_methods.cpp:835.)
  loss_sum += float(lb)
step 200 loss 0.0358 lr 2.53e-04 pairs/batch 971 107s
step 400 loss 0.0361 lr 1.09e-04 pairs/batch 975 215s
step 600 loss 0.0329 lr 3.00e-05 pairs/batch 973 322s
uploaded ckpts/bs/ladder/la_T1_best6_s1_r2.pt -> hf://buckets/dan-pandori/nd-rl/best-state/ckpts/bs/ladder/la_T1_best6_s1_r2.pt (md5 9034c1650ae7941753442bc8a977c196, 4.5s)
saved ckpts/bs/ladder/la_T1_best6_s1_r2.pt
=== round 2 done in 1789s; new proofs 2861; cum targets solved 3660 L*=12; transfer L*=12
[lean_gate] 143840 samples, parse-fail 8727 (no-eos 0, 0.000 %), distinct 102071: ok 85691, rej 16380 (filter 16380, prefilter=on); lean on 85691 texts in 215 procs, 5164.2s proc, exposed 177.0s, tail 169.9s, 32 workers
[la_T1_best6_s1 r3] targets (this round) SOLVED 3908/4495 = 0.869 [0.859,0.879]
  len 7: 1716/1800 = 0.953 [0.943,0.962]
  len 8: 930/1000 = 0.930 [0.912,0.944]
  len 9: 878/1004 = 0.875 [0.853,0.894]
  len 10: 291/456 = 0.638 [0.593,0.681]
  len 11: 59/99 = 0.596 [0.497,0.687]
  len 12: 29/106 = 0.274 [0.198,0.365]
  len 13: 4/16 = 0.250 [0.102,0.495]
  len 14: 1/14 = 0.071 [0.013,0.315]
  written hist {7: 2112, 8: 1972, 9: 2012, 10: 1347, 11: 585, 12: 417, 13: 245, 14: 138, 15: 122, 16: 87, 17: 43, 18: 20, 19: 18, 20: 12, 21: 3, 22: 8, 24: 3}
  pruned hist {5: 135, 6: 615, 7: 2218, 8: 2037, 9: 1680, 10: 1033, 11: 443, 12: 369, 13: 204, 14: 123, 15: 115, 16: 82, 17: 34, 18: 18, 19: 16, 20: 8, 21: 3, 22: 8, 24: 3}
  frontier written 22 pruned 22
  reasons [('lean rejected', 18638), ('lean_seq parse: env: Or.elim on non-or', 3651), ('lean_seq parse: env: binder mismatch', 1600), ('lean_seq parse: env: unbound', 1193), ('lean_seq parse: env: exact goal mismatch', 821), ('lean_seq parse: env: box on non-arrow', 562)]
[lean_gate] 73120 samples, parse-fail 8380 (no-eos 0, 0.000 %), distinct 50498: ok 33791, rej 16707 (filter 16707, prefilter=on); lean on 33791 texts in 85 procs, 2060.7s proc, exposed 76.1s, tail 71.9s, 32 workers
[la_T1_best6_s1 r3] transfer (this round, pass@32) SOLVED 1711/2285 = 0.749 [0.731,0.766]
  len 7: 240/300 = 0.800 [0.751,0.841]
  len 8: 236/300 = 0.787 [0.737,0.829]
  len 9: 871/1010 = 0.862 [0.840,0.882]
  len 10: 271/451 = 0.601 [0.555,0.645]
  len 11: 60/99 = 0.606 [0.508,0.697]
  len 12: 29/102 = 0.284 [0.206,0.378]
  len 13: 3/13 = 0.231 [0.082,0.503]
  len 14: 1/10 = 0.100 [0.018,0.404]
  written hist {7: 283, 8: 363, 9: 1546, 10: 919, 11: 418, 12: 284, 13: 142, 14: 110, 15: 68, 16: 42, 17: 36, 18: 37, 19: 5, 20: 9, 21: 7, 22: 17, 23: 1, 26: 1, 27: 1, 28: 1}
  pruned hist {5: 13, 6: 37, 7: 417, 8: 723, 9: 1417, 10: 692, 11: 304, 12: 247, 13: 128, 14: 110, 15: 61, 16: 34, 17: 33, 18: 37, 19: 3, 20: 8, 21: 6, 22: 17, 26: 1, 27: 1, 28: 1}
  frontier written 22 pruned 22
  reasons [('lean rejected', 19218), ('lean_seq parse: env: Or.elim on non-or', 3229), ('lean_seq parse: env: binder mismatch', 1582), ('lean_seq parse: env: unbound', 1295), ('lean_seq parse: env: exact goal mismatch', 755), ('lean_seq parse: env: box on non-arrow', 534)]
[lean_gate] 2285 samples, parse-fail 214 (no-eos 0, 0.000 %), distinct 2071: ok 1470, rej 601 (filter 601, prefilter=on); lean on 1470 texts in 4 procs, 15.3s proc, exposed 4.6s, tail 4.4s, 32 workers
[la_T1_best6_s1 r3] transfer greedy SOLVED 1470/2285 = 0.643 [0.623,0.663]
  len 7: 210/300 = 0.700 [0.646,0.749]
  len 8: 216/300 = 0.720 [0.667,0.768]
  len 9: 774/1010 = 0.766 [0.739,0.791]
  len 10: 214/451 = 0.475 [0.429,0.521]
  len 11: 37/99 = 0.374 [0.285,0.472]
  len 12: 15/102 = 0.147 [0.091,0.229]
  len 13: 3/13 = 0.231 [0.082,0.503]
  len 14: 1/10 = 0.100 [0.018,0.404]
  written hist {7: 195, 8: 179, 9: 684, 10: 250, 11: 84, 12: 38, 13: 15, 14: 10, 15: 5, 16: 3, 17: 2, 18: 3, 21: 1, 22: 1}
  pruned hist {5: 5, 6: 13, 7: 240, 8: 292, 9: 587, 10: 191, 11: 71, 12: 31, 13: 15, 14: 12, 15: 4, 16: 2, 17: 2, 18: 3, 21: 1, 22: 1}
  frontier written 15 pruned 14
  reasons [('lean rejected', 601), ('lean_seq parse: env: Or.elim on non-or', 101), ('lean_seq parse: env: binder mismatch', 50), ('lean_seq parse: env: exact goal mismatch', 21), ('lean_seq parse: env: box on non-arrow', 12), ('lean_seq parse: env: unbound', 11)]
[lean_gate] 5000 samples, parse-fail 4 (no-eos 0, 0.000 %), distinct 4996: ok 4983, rej 13 (filter 13, prefilter=on); lean on 4983 texts in 13 procs, 62.4s proc, exposed 7.1s, tail 6.7s, 32 workers
[la_T1_best6_s1 r3] heldout greedy SOLVED 4983/5000 = 0.997 [0.995,0.998]
  len 2: 1000/1000 = 1.000 [0.996,1.000]
  len 3: 998/1000 = 0.998 [0.993,0.999]
  len 4: 996/1000 = 0.996 [0.990,0.998]
  len 5: 994/1000 = 0.994 [0.987,0.997]
  len 6: 995/1000 = 0.995 [0.988,0.998]
  written hist {2: 1029, 3: 997, 4: 981, 5: 1013, 6: 942, 7: 14, 8: 2, 9: 2, 12: 1, 13: 1, 15: 1}
  pruned hist {2: 1033, 3: 998, 4: 979, 5: 1012, 6: 951, 7: 3, 8: 2, 9: 2, 12: 1, 13: 1, 15: 1}
  frontier written 7 pruned 6
  reasons [('lean rejected', 13), ('lean_seq parse: env: Or.elim on non-or', 4)]
[la_T1_best6_s1 r3] targets cumulative: solved 3909/4495 L*=13 ge={7: 3909, 8: 2193, 9: 1263, 10: 385, 11: 93, 12: 34}
[la_T1_best6_s1 r3] transfer cumulative: solved 1731/2285 L*=12 ge={7: 1731, 8: 1488, 9: 1249, 10: 371, 11: 95, 12: 34}
python3 state_train.py --data artifacts/bs/la_T1_best6_s1/mix_3.jsonl --init ckpts/bs/ladder/la_T1_best6_s1_r2.pt --steps 600 --lr 0.0003 --min_lr 2.9999999999999997e-05 --warmup 50 --cap 0 --out ckpts/bs/ladder/la_T1_best6_s1_r3.pt --seed 1003 --log_every 200 --recs 128
params 9560832 mode lean_staten
train records 53328 (skipped 0); pairs 435763; mean 8.171 per proof; max pair len 307; load 25s
/workspace/nd-takehome/state_train.py:166: UserWarning: Converting a tensor with requires_grad=True to a scalar may lead to unexpected behavior.
Consider using tensor.detach() first. (Triggered internally at /pytorch/torch/csrc/autograd/generated/python_variable_methods.cpp:835.)
  loss_sum += float(lb)
step 200 loss 0.0339 lr 2.53e-04 pairs/batch 1046 124s
step 400 loss 0.0363 lr 1.09e-04 pairs/batch 1047 246s
step 600 loss 0.0333 lr 3.00e-05 pairs/batch 1045 368s
uploaded ckpts/bs/ladder/la_T1_best6_s1_r3.pt -> hf://buckets/dan-pandori/nd-rl/best-state/ckpts/bs/ladder/la_T1_best6_s1_r3.pt (md5 3768590b7cca831b7a879f385581d98c, 4.4s)
saved ckpts/bs/ladder/la_T1_best6_s1_r3.pt
=== round 3 done in 1891s; new proofs 2606; cum targets solved 3909 L*=13; transfer L*=12
[lean_gate] 143840 samples, parse-fail 8711 (no-eos 0, 0.000 %), distinct 104904: ok 93440, rej 11464 (filter 11464, prefilter=on); lean on 93440 texts in 234 procs, 6001.7s proc, exposed 205.0s, tail 197.5s, 32 workers
[la_T1_best6_s1 r4] targets (this round) SOLVED 4044/4495 = 0.900 [0.891,0.908]
  len 7: 1739/1800 = 0.966 [0.957,0.974]
  len 8: 947/1000 = 0.947 [0.931,0.959]
  len 9: 909/1004 = 0.905 [0.886,0.922]
  len 10: 326/456 = 0.715 [0.672,0.754]
  len 11: 63/99 = 0.636 [0.538,0.724]
  len 12: 55/106 = 0.519 [0.425,0.612]
  len 13: 4/16 = 0.250 [0.102,0.495]
  len 14: 1/14 = 0.071 [0.013,0.315]
  written hist {7: 2217, 8: 2263, 9: 2491, 10: 1864, 11: 870, 12: 716, 13: 522, 14: 308, 15: 282, 16: 184, 17: 147, 18: 72, 19: 57, 20: 39, 21: 25, 22: 108, 23: 8, 24: 6, 25: 8, 26: 7, 27: 4, 28: 2, 29: 1, 34: 2, 43: 1}
  pruned hist {5: 163, 6: 735, 7: 2514, 8: 2375, 9: 2077, 10: 1463, 11: 657, 12: 654, 13: 435, 14: 269, 15: 250, 16: 174, 17: 130, 18: 67, 19: 50, 20: 28, 21: 23, 22: 106, 23: 7, 24: 5, 25: 10, 26: 6, 27: 1, 28: 1, 29: 1, 34: 2, 43: 1}
  frontier written 26 pruned 26
  reasons [('lean rejected', 12816), ('lean_seq parse: env: Or.elim on non-or', 4329), ('lean_seq parse: env: binder mismatch', 1465), ('lean_seq parse: env: unbound', 1291), ('lean_seq parse: env: exact goal mismatch', 665), ('lean_seq parse: env: exact not last', 274)]
[lean_gate] 73120 samples, parse-fail 9296 (no-eos 0, 0.000 %), distinct 51032: ok 38291, rej 12741 (filter 12741, prefilter=on); lean on 38291 texts in 96 procs, 2437.2s proc, exposed 87.6s, tail 83.5s, 32 workers
[la_T1_best6_s1 r4] transfer (this round, pass@32) SOLVED 1846/2285 = 0.808 [0.791,0.824]
  len 7: 252/300 = 0.840 [0.794,0.877]
  len 8: 247/300 = 0.823 [0.776,0.862]
  len 9: 911/1010 = 0.902 [0.882,0.919]
  len 10: 312/451 = 0.692 [0.648,0.733]
  len 11: 66/99 = 0.667 [0.569,0.752]
  len 12: 53/102 = 0.520 [0.424,0.614]
  len 13: 3/13 = 0.231 [0.082,0.503]
  len 14: 2/10 = 0.200 [0.057,0.510]
  written hist {7: 306, 8: 414, 9: 1744, 10: 1265, 11: 554, 12: 536, 13: 318, 14: 198, 15: 190, 16: 108, 17: 117, 18: 64, 19: 40, 20: 18, 21: 25, 22: 118, 23: 11, 24: 9, 25: 10, 26: 7, 27: 8, 28: 2, 29: 1, 30: 2, 33: 1, 34: 1, 35: 1}
  pruned hist {5: 17, 6: 46, 7: 501, 8: 871, 9: 1656, 10: 936, 11: 427, 12: 468, 13: 276, 14: 194, 15: 182, 16: 96, 17: 96, 18: 64, 19: 31, 20: 15, 21: 24, 22: 119, 23: 11, 24: 8, 25: 11, 26: 6, 27: 7, 28: 1, 29: 1, 30: 1, 33: 1, 34: 1, 35: 1}
  frontier written 27 pruned 27
  reasons [('lean rejected', 14296), ('lean_seq parse: env: Or.elim on non-or', 4276), ('lean_seq parse: env: binder mismatch', 1871), ('lean_seq parse: env: unbound', 1363), ('lean_seq parse: env: exact goal mismatch', 777), ('lean_seq parse: env: exact not last', 193)]
[lean_gate] 2285 samples, parse-fail 256 (no-eos 0, 0.000 %), distinct 2029: ok 1604, rej 425 (filter 425, prefilter=on); lean on 1604 texts in 5 procs, 17.3s proc, exposed 4.7s, tail 4.4s, 32 workers
[la_T1_best6_s1 r4] transfer greedy SOLVED 1604/2285 = 0.702 [0.683,0.720]
  len 7: 221/300 = 0.737 [0.684,0.783]
  len 8: 227/300 = 0.757 [0.705,0.802]
  len 9: 822/1010 = 0.814 [0.789,0.837]
  len 10: 249/451 = 0.552 [0.506,0.597]
  len 11: 47/99 = 0.475 [0.379,0.572]
  len 12: 34/102 = 0.333 [0.249,0.429]
  len 13: 3/13 = 0.231 [0.082,0.503]
  len 14: 1/10 = 0.100 [0.018,0.404]
  written hist {7: 171, 8: 180, 9: 689, 10: 304, 11: 94, 12: 72, 13: 24, 14: 21, 15: 7, 16: 7, 17: 10, 18: 7, 19: 1, 20: 1, 21: 1, 22: 14, 25: 1}
  pruned hist {5: 6, 6: 11, 7: 213, 8: 304, 9: 600, 10: 239, 11: 73, 12: 66, 13: 27, 14: 19, 15: 7, 16: 6, 17: 8, 18: 7, 19: 1, 20: 1, 21: 1, 22: 14, 25: 1}
  frontier written 22 pruned 22
  reasons [('lean rejected', 425), ('lean_seq parse: env: Or.elim on non-or', 134), ('lean_seq parse: env: binder mismatch', 56), ('lean_seq parse: env: exact goal mismatch', 23), ('lean_seq parse: env: unbound', 17), ('lean_seq parse: env: exact not last', 7)]
[lean_gate] 5000 samples, parse-fail 6 (no-eos 0, 0.000 %), distinct 4994: ok 4983, rej 11 (filter 11, prefilter=on); lean on 4983 texts in 13 procs, 66.1s proc, exposed 6.4s, tail 6.0s, 32 workers
[la_T1_best6_s1 r4] heldout greedy SOLVED 4983/5000 = 0.997 [0.995,0.998]
  len 2: 1000/1000 = 1.000 [0.996,1.000]
  len 3: 999/1000 = 0.999 [0.994,1.000]
  len 4: 995/1000 = 0.995 [0.988,0.998]
  len 5: 993/1000 = 0.993 [0.986,0.997]
  len 6: 996/1000 = 0.996 [0.990,0.998]
  written hist {2: 1029, 3: 992, 4: 980, 5: 1020, 6: 935, 7: 15, 8: 2, 9: 6, 11: 1, 12: 2, 13: 1}
  pruned hist {2: 1033, 3: 995, 4: 978, 5: 1021, 6: 937, 7: 8, 8: 2, 9: 6, 12: 2, 13: 1}
  frontier written 9 pruned 9
  reasons [('lean rejected', 11), ('lean_seq parse: env: Or.elim on non-or', 5), ('lean_seq parse: env: unbound', 1)]
[la_T1_best6_s1 r4] targets cumulative: solved 4044/4495 L*=13 ge={7: 4044, 8: 2305, 9: 1358, 10: 449, 11: 123, 12: 60}
[la_T1_best6_s1 r4] transfer cumulative: solved 1868/2285 L*=13 ge={7: 1868, 8: 1612, 9: 1362, 10: 445, 11: 126, 12: 58}
python3 state_train.py --data artifacts/bs/la_T1_best6_s1/mix_4.jsonl --init ckpts/bs/ladder/la_T1_best6_s1_r3.pt --steps 600 --lr 0.0003 --min_lr 2.9999999999999997e-05 --warmup 50 --cap 0 --out ckpts/bs/ladder/la_T1_best6_s1_r4.pt --seed 1004 --log_every 200 --recs 128
params 9560832 mode lean_staten
train records 61384 (skipped 0); pairs 539082; mean 8.782 per proof; max pair len 334; load 33s
/workspace/nd-takehome/state_train.py:166: UserWarning: Converting a tensor with requires_grad=True to a scalar may lead to unexpected behavior.
Consider using tensor.detach() first. (Triggered internally at /pytorch/torch/csrc/autograd/generated/python_variable_methods.cpp:835.)
  loss_sum += float(lb)
step 200 loss 0.0378 lr 2.53e-04 pairs/batch 1123 132s
step 400 loss 0.0335 lr 1.09e-04 pairs/batch 1122 266s
step 600 loss 0.0335 lr 3.00e-05 pairs/batch 1128 402s
uploaded ckpts/bs/ladder/la_T1_best6_s1_r4.pt -> hf://buckets/dan-pandori/nd-rl/best-state/ckpts/bs/ladder/la_T1_best6_s1_r4.pt (md5 d4d9794e30fbf553aa63265956acc2df, 4.5s)
saved ckpts/bs/ladder/la_T1_best6_s1_r4.pt
=== round 4 done in 1981s; new proofs 3539; cum targets solved 4044 L*=13; transfer L*=13
[lean_gate] 143840 samples, parse-fail 9319 (no-eos 0, 0.000 %), distinct 107763: ok 99997, rej 7766 (filter 7766, prefilter=on); lean on 99997 texts in 250 procs, 6318.6s proc, exposed 213.8s, tail 206.0s, 32 workers
[la_T1_best6_s1 r5] targets (this round) SOLVED 4123/4495 = 0.917 [0.909,0.925]
  len 7: 1761/1800 = 0.978 [0.971,0.984]
  len 8: 951/1000 = 0.951 [0.936,0.963]
  len 9: 924/1004 = 0.920 [0.902,0.936]
  len 10: 345/456 = 0.757 [0.715,0.794]
  len 11: 66/99 = 0.667 [0.569,0.752]
  len 12: 71/106 = 0.670 [0.576,0.752]
  len 13: 4/16 = 0.250 [0.102,0.495]
  len 14: 1/14 = 0.071 [0.013,0.315]
  written hist {7: 2278, 8: 2564, 9: 2817, 10: 2582, 11: 1314, 12: 1044, 13: 849, 14: 539, 15: 508, 16: 316, 17: 246, 18: 163, 19: 153, 20: 82, 21: 58, 22: 190, 23: 30, 24: 20, 25: 19, 26: 33, 27: 7, 28: 10, 29: 3, 30: 8, 31: 7, 32: 2, 34: 3, 35: 1, 37: 2, 39: 1, 40: 1, 43: 3}
  pruned hist {5: 183, 6: 863, 7: 2779, 8: 2744, 9: 2412, 10: 2069, 11: 981, 12: 982, 13: 719, 14: 466, 15: 441, 16: 283, 17: 216, 18: 152, 19: 128, 20: 62, 21: 50, 22: 187, 23: 23, 24: 16, 25: 21, 26: 32, 27: 3, 28: 10, 29: 3, 30: 9, 31: 6, 32: 2, 34: 4, 37: 2, 39: 1, 40: 1, 43: 3}
  frontier written 31 pruned 31
  reasons [('lean rejected', 8581), ('lean_seq parse: env: Or.elim on non-or', 4423), ('lean_seq parse: env: binder mismatch', 1546), ('lean_seq parse: env: unbound', 1291), ('lean_seq parse: env: exact goal mismatch', 968), ('lean_seq parse: env: exact not last', 257)]
[lean_gate] 73120 samples, parse-fail 10355 (no-eos 0, 0.000 %), distinct 51201: ok 41056, rej 10145 (filter 10145, prefilter=on); lean on 41056 texts in 103 procs, 2474.6s proc, exposed 88.2s, tail 84.7s, 32 workers
[la_T1_best6_s1 r5] transfer (this round, pass@32) SOLVED 1910/2285 = 0.836 [0.820,0.851]
  len 7: 266/300 = 0.887 [0.846,0.918]
  len 8: 253/300 = 0.843 [0.798,0.880]
  len 9: 915/1010 = 0.906 [0.886,0.922]
  len 10: 331/451 = 0.734 [0.691,0.773]
  len 11: 75/99 = 0.758 [0.665,0.831]
  len 12: 65/102 = 0.637 [0.541,0.724]
  len 13: 3/13 = 0.231 [0.082,0.503]
  len 14: 2/10 = 0.200 [0.057,0.510]
  written hist {7: 317, 8: 452, 9: 1860, 10: 1509, 11: 703, 12: 771, 13: 519, 14: 312, 15: 321, 16: 196, 17: 168, 18: 110, 19: 62, 20: 37, 21: 39, 22: 236, 23: 10, 24: 19, 25: 12, 26: 25, 27: 6, 28: 2, 29: 5, 30: 8, 31: 3, 33: 3, 34: 4, 43: 1}
  pruned hist {5: 22, 6: 50, 7: 558, 8: 1007, 9: 1781, 10: 1146, 11: 538, 12: 710, 13: 444, 14: 299, 15: 296, 16: 165, 17: 147, 18: 109, 19: 59, 20: 20, 21: 38, 22: 240, 23: 5, 24: 14, 25: 16, 26: 22, 27: 5, 28: 1, 29: 3, 30: 8, 31: 2, 34: 4, 43: 1}
  frontier written 30 pruned 30
  reasons [('lean rejected', 11300), ('lean_seq parse: env: Or.elim on non-or', 4677), ('lean_seq parse: env: binder mismatch', 2026), ('lean_seq parse: env: unbound', 1346), ('lean_seq parse: env: exact goal mismatch', 1059), ('lean_seq parse: env: exact not last', 242)]
[lean_gate] 2285 samples, parse-fail 286 (no-eos 0, 0.000 %), distinct 1999: ok 1675, rej 324 (filter 324, prefilter=on); lean on 1675 texts in 5 procs, 15.3s proc, exposed 4.4s, tail 4.2s, 32 workers
[la_T1_best6_s1 r5] transfer greedy SOLVED 1675/2285 = 0.733 [0.715,0.751]
  len 7: 236/300 = 0.787 [0.737,0.829]
  len 8: 229/300 = 0.763 [0.712,0.808]
  len 9: 838/1010 = 0.830 [0.805,0.852]
  len 10: 273/451 = 0.605 [0.560,0.649]
  len 11: 46/99 = 0.465 [0.370,0.562]
  len 12: 49/102 = 0.480 [0.386,0.576]
  len 13: 3/13 = 0.231 [0.082,0.503]
  len 14: 1/10 = 0.100 [0.018,0.404]
  written hist {7: 173, 8: 173, 9: 654, 10: 318, 11: 104, 12: 98, 13: 46, 14: 23, 15: 18, 16: 12, 17: 11, 18: 10, 19: 2, 21: 2, 22: 27, 23: 1, 25: 1, 26: 2}
  pruned hist {5: 5, 6: 17, 7: 217, 8: 301, 9: 564, 10: 251, 11: 84, 12: 89, 13: 41, 14: 23, 15: 20, 16: 10, 17: 8, 18: 10, 19: 2, 21: 2, 22: 27, 23: 1, 25: 1, 26: 2}
  frontier written 22 pruned 22
  reasons [('lean rejected', 324), ('lean_seq parse: env: Or.elim on non-or', 151), ('lean_seq parse: env: binder mismatch', 59), ('lean_seq parse: env: exact goal mismatch', 34), ('lean_seq parse: env: unbound', 9), ('lean_seq parse: env: exact not last', 7)]
[lean_gate] 5000 samples, parse-fail 10 (no-eos 0, 0.000 %), distinct 4990: ok 4977, rej 13 (filter 13, prefilter=on); lean on 4977 texts in 13 procs, 47.9s proc, exposed 4.7s, tail 4.4s, 32 workers
[la_T1_best6_s1 r5] heldout greedy SOLVED 4977/5000 = 0.995 [0.993,0.997]
  len 2: 1000/1000 = 1.000 [0.996,1.000]
  len 3: 999/1000 = 0.999 [0.994,1.000]
  len 4: 997/1000 = 0.997 [0.991,0.999]
  len 5: 987/1000 = 0.987 [0.978,0.992]
  len 6: 994/1000 = 0.994 [0.987,0.997]
  written hist {2: 1029, 3: 991, 4: 984, 5: 1018, 6: 867, 7: 27, 8: 4, 9: 47, 10: 3, 11: 3, 12: 2, 15: 1, 16: 1}
  pruned hist {2: 1033, 3: 1000, 4: 976, 5: 1018, 6: 881, 7: 8, 8: 4, 9: 48, 10: 2, 11: 3, 12: 2, 15: 1, 16: 1}
  frontier written 9 pruned 9
  reasons [('lean rejected', 13), ('lean_seq parse: env: Or.elim on non-or', 7), ('lean_seq parse: env: Or.elim name', 1), ('lean_seq parse: env: assign', 1), ('lean_seq parse: env: formula', 1)]
[la_T1_best6_s1 r5] targets cumulative: solved 4124/4495 L*=13 ge={7: 4124, 8: 2363, 9: 1412, 10: 488, 11: 142, 12: 76}
[la_T1_best6_s1 r5] transfer cumulative: solved 1941/2285 L*=13 ge={7: 1941, 8: 1669, 9: 1414, 10: 483, 11: 145, 12: 70}
python3 state_train.py --data artifacts/bs/la_T1_best6_s1/mix_5.jsonl --init ckpts/bs/ladder/la_T1_best6_s1_r4.pt --steps 600 --lr 0.0003 --min_lr 2.9999999999999997e-05 --warmup 50 --cap 0 --out ckpts/bs/ladder/la_T1_best6_s1_r5.pt --seed 1005 --log_every 200 --recs 128
params 9560832 mode lean_staten
train records 68452 (skipped 0); pairs 635231; mean 9.280 per proof; max pair len 334; load 40s
/workspace/nd-takehome/state_train.py:166: UserWarning: Converting a tensor with requires_grad=True to a scalar may lead to unexpected behavior.
Consider using tensor.detach() first. (Triggered internally at /pytorch/torch/csrc/autograd/generated/python_variable_methods.cpp:835.)
  loss_sum += float(lb)
step 200 loss 0.0355 lr 2.53e-04 pairs/batch 1189 145s
step 400 loss 0.0352 lr 1.09e-04 pairs/batch 1187 282s
step 600 loss 0.0333 lr 3.00e-05 pairs/batch 1185 424s
uploaded ckpts/bs/ladder/la_T1_best6_s1_r5.pt -> hf://buckets/dan-pandori/nd-rl/best-state/ckpts/bs/ladder/la_T1_best6_s1_r5.pt (md5 cacbc1c557d7f0d6f9607ab683a41bfa, 4.6s)
saved ckpts/bs/ladder/la_T1_best6_s1_r5.pt
=== round 5 done in 2177s; new proofs 4717; cum targets solved 4124 L*=13; transfer L*=13
[lean_gate] 143840 samples, parse-fail 9409 (no-eos 0, 0.000 %), distinct 111528: ok 105425, rej 6103 (filter 6103, prefilter=on); lean on 105425 texts in 264 procs, 6700.0s proc, exposed 228.3s, tail 219.0s, 32 workers
[la_T1_best6_s1 r6] targets (this round) SOLVED 4167/4495 = 0.927 [0.919,0.934]
  len 7: 1770/1800 = 0.983 [0.976,0.988]
  len 8: 957/1000 = 0.957 [0.943,0.968]
  len 9: 927/1004 = 0.923 [0.905,0.938]
  len 10: 363/456 = 0.796 [0.757,0.830]
  len 11: 71/99 = 0.717 [0.622,0.796]
  len 12: 74/106 = 0.698 [0.605,0.777]
  len 13: 4/16 = 0.250 [0.102,0.495]
  len 14: 1/14 = 0.071 [0.013,0.315]
  written hist {7: 2294, 8: 2809, 9: 3240, 10: 3247, 11: 1913, 12: 1542, 13: 1255, 14: 844, 15: 808, 16: 594, 17: 438, 18: 396, 19: 231, 20: 149, 21: 122, 22: 280, 23: 61, 24: 42, 25: 54, 26: 49, 27: 25, 28: 12, 29: 13, 30: 10, 31: 4, 32: 5, 33: 1, 34: 14, 35: 1, 36: 2, 37: 4, 38: 2, 39: 2, 42: 1, 43: 2}
  pruned hist {5: 208, 6: 999, 7: 3070, 8: 3137, 9: 2803, 10: 2680, 11: 1519, 12: 1381, 13: 1088, 14: 711, 15: 711, 16: 503, 17: 355, 18: 351, 19: 207, 20: 101, 21: 106, 22: 276, 23: 48, 24: 37, 25: 50, 26: 45, 27: 17, 28: 10, 29: 12, 30: 8, 31: 5, 32: 2, 34: 13, 36: 2, 37: 5, 38: 2, 39: 1, 42: 1, 43: 2}
  frontier written 34 pruned 37
  reasons [('lean rejected', 6628), ('lean_seq parse: env: Or.elim on non-or', 4703), ('lean_seq parse: env: unbound', 1512), ('lean_seq parse: env: binder mismatch', 1244), ('lean_seq parse: env: exact goal mismatch', 619), ('lean_seq parse: env: box head', 245)]
[lean_gate] 73120 samples, parse-fail 11013 (no-eos 0, 0.000 %), distinct 51809: ok 43904, rej 7905 (filter 7905, prefilter=on); lean on 43904 texts in 110 procs, 2993.0s proc, exposed 106.3s, tail 101.7s, 32 workers
[la_T1_best6_s1 r6] transfer (this round, pass@32) SOLVED 1945/2285 = 0.851 [0.836,0.865]
  len 7: 277/300 = 0.923 [0.888,0.948]
  len 8: 250/300 = 0.833 [0.787,0.871]
  len 9: 926/1010 = 0.917 [0.898,0.932]
  len 10: 344/451 = 0.763 [0.721,0.800]
  len 11: 76/99 = 0.768 [0.675,0.840]
  len 12: 67/102 = 0.657 [0.561,0.742]
  len 13: 3/13 = 0.231 [0.082,0.503]
  len 14: 2/10 = 0.200 [0.057,0.510]
  written hist {7: 320, 8: 463, 9: 1900, 10: 1756, 11: 1012, 12: 1033, 13: 738, 14: 440, 15: 441, 16: 339, 17: 238, 18: 221, 19: 118, 20: 61, 21: 95, 22: 286, 23: 23, 24: 39, 25: 36, 26: 38, 27: 20, 28: 2, 29: 20, 30: 15, 31: 7, 32: 3, 33: 4, 34: 10, 38: 1, 40: 1, 43: 1, 45: 1}
  pruned hist {5: 26, 6: 53, 7: 618, 8: 1072, 9: 1943, 10: 1352, 11: 764, 12: 1009, 13: 617, 14: 409, 15: 425, 16: 279, 17: 215, 18: 193, 19: 95, 20: 57, 21: 84, 22: 269, 23: 22, 24: 36, 25: 38, 26: 37, 27: 18, 28: 5, 29: 13, 30: 14, 31: 3, 33: 2, 34: 10, 36: 1, 38: 1, 40: 1, 43: 1}
  frontier written 34 pruned 34
  reasons [('lean rejected', 8687), ('lean_seq parse: env: Or.elim on non-or', 4829), ('lean_seq parse: env: binder mismatch', 1991), ('lean_seq parse: env: unbound', 1752), ('lean_seq parse: env: exact goal mismatch', 848), ('lean_seq parse: env: box head', 296)]
[lean_gate] 2285 samples, parse-fail 303 (no-eos 0, 0.000 %), distinct 1982: ok 1733, rej 249 (filter 249, prefilter=on); lean on 1733 texts in 5 procs, 19.7s proc, exposed 5.5s, tail 5.2s, 32 workers
[la_T1_best6_s1 r6] transfer greedy SOLVED 1733/2285 = 0.758 [0.740,0.776]
  len 7: 244/300 = 0.813 [0.765,0.853]
  len 8: 232/300 = 0.773 [0.723,0.817]
  len 9: 848/1010 = 0.840 [0.816,0.861]
  len 10: 287/451 = 0.636 [0.591,0.679]
  len 11: 60/99 = 0.606 [0.508,0.697]
  len 12: 57/102 = 0.559 [0.462,0.651]
  len 13: 3/13 = 0.231 [0.082,0.503]
  len 14: 2/10 = 0.200 [0.057,0.510]
  written hist {7: 166, 8: 160, 9: 605, 10: 324, 11: 119, 12: 134, 13: 61, 14: 48, 15: 38, 16: 19, 17: 8, 18: 8, 19: 3, 20: 1, 21: 4, 22: 29, 25: 2, 26: 1, 27: 1, 29: 1, 30: 1}
  pruned hist {5: 6, 6: 16, 7: 214, 8: 296, 9: 524, 10: 251, 11: 97, 12: 117, 13: 58, 14: 44, 15: 35, 16: 16, 17: 9, 18: 8, 19: 2, 20: 1, 21: 4, 22: 29, 25: 3, 26: 1, 27: 2}
  frontier written 22 pruned 22
  reasons [('lean rejected', 249), ('lean_seq parse: env: Or.elim on non-or', 145), ('lean_seq parse: env: binder mismatch', 58), ('lean_seq parse: env: exact goal mismatch', 26), ('lean_seq parse: env: unbound', 23), ('lean_seq parse: env: box head', 17)]
[lean_gate] 5000 samples, parse-fail 6 (no-eos 0, 0.000 %), distinct 4994: ok 4983, rej 11 (filter 11, prefilter=on); lean on 4983 texts in 13 procs, 62.2s proc, exposed 6.8s, tail 6.4s, 32 workers
[la_T1_best6_s1 r6] heldout greedy SOLVED 4983/5000 = 0.997 [0.995,0.998]
  len 2: 1000/1000 = 1.000 [0.996,1.000]
  len 3: 1000/1000 = 1.000 [0.996,1.000]
  len 4: 995/1000 = 0.995 [0.988,0.998]
  len 5: 992/1000 = 0.992 [0.984,0.996]
  len 6: 996/1000 = 0.996 [0.990,0.998]
  written hist {2: 1029, 3: 992, 4: 975, 5: 1009, 6: 844, 7: 39, 8: 12, 9: 66, 10: 3, 11: 2, 12: 9, 13: 2, 15: 1}
  pruned hist {2: 1033, 3: 999, 4: 970, 5: 1009, 6: 860, 7: 20, 8: 10, 9: 68, 10: 1, 11: 2, 12: 8, 13: 2, 15: 1}
  frontier written 12 pruned 12
  reasons [('lean rejected', 11), ('lean_seq parse: env: Or.elim on non-or', 3), ('lean_seq parse: env: unbound', 1), ('lean_seq parse: env: Or.elim name', 1), ('lean_seq parse: env: formula', 1)]
[la_T1_best6_s1 r6] targets cumulative: solved 4170/4495 L*=13 ge={7: 4170, 8: 2400, 9: 1443, 10: 514, 11: 150, 12: 79}
[la_T1_best6_s1 r6] transfer cumulative: solved 1990/2285 L*=13 ge={7: 1990, 8: 1705, 9: 1447, 10: 508, 11: 153, 12: 75}
python3 state_train.py --data artifacts/bs/la_T1_best6_s1/mix_6.jsonl --init ckpts/bs/ladder/la_T1_best6_s1_r5.pt --steps 600 --lr 0.0003 --min_lr 2.9999999999999997e-05 --warmup 50 --cap 0 --out ckpts/bs/ladder/la_T1_best6_s1_r6.pt --seed 1006 --log_every 200 --recs 128
params 9560832 mode lean_staten
train records 74552 (skipped 0); pairs 727206; mean 9.754 per proof; max pair len 351; load 38s
/workspace/nd-takehome/state_train.py:166: UserWarning: Converting a tensor with requires_grad=True to a scalar may lead to unexpected behavior.
Consider using tensor.detach() first. (Triggered internally at /pytorch/torch/csrc/autograd/generated/python_variable_methods.cpp:835.)
  loss_sum += float(lb)
step 200 loss 0.0355 lr 2.53e-04 pairs/batch 1247 151s
step 400 loss 0.0336 lr 1.09e-04 pairs/batch 1247 302s
step 600 loss 0.0309 lr 3.00e-05 pairs/batch 1253 457s
uploaded ckpts/bs/ladder/la_T1_best6_s1_r6.pt -> hf://buckets/dan-pandori/nd-rl/best-state/ckpts/bs/ladder/la_T1_best6_s1_r6.pt (md5 da96f9270d112b1605d843e6dc124428, 4.6s)
saved ckpts/bs/ladder/la_T1_best6_s1_r6.pt
=== round 6 done in 2310s; new proofs 6418; cum targets solved 4170 L*=13; transfer L*=13
[lean_gate] 143840 samples, parse-fail 9042 (no-eos 0, 0.000 %), distinct 115979: ok 110453, rej 5526 (filter 5526, prefilter=on); lean on 110453 texts in 277 procs, 7975.6s proc, exposed 269.4s, tail 259.1s, 32 workers
[la_T1_best6_s1 r7] targets (this round) SOLVED 4197/4495 = 0.934 [0.926,0.941]
  len 7: 1775/1800 = 0.986 [0.980,0.991]
  len 8: 959/1000 = 0.959 [0.945,0.970]
  len 9: 934/1004 = 0.930 [0.913,0.944]
  len 10: 375/456 = 0.822 [0.785,0.855]
  len 11: 71/99 = 0.717 [0.622,0.796]
  len 12: 77/106 = 0.726 [0.635,0.802]
  len 13: 4/16 = 0.250 [0.102,0.495]
  len 14: 2/14 = 0.143 [0.040,0.399]
  written hist {7: 2327, 8: 3168, 9: 3631, 10: 4019, 11: 2704, 12: 2196, 13: 1822, 14: 1249, 15: 1139, 16: 928, 17: 625, 18: 599, 19: 363, 20: 283, 21: 237, 22: 325, 23: 108, 24: 91, 25: 80, 26: 92, 27: 36, 28: 35, 29: 26, 30: 25, 31: 8, 32: 3, 33: 8, 34: 26, 35: 3, 36: 2, 37: 5, 38: 6, 39: 2, 40: 1, 41: 1, 42: 4, 43: 6}
  pruned hist {5: 246, 6: 1181, 7: 3477, 8: 3621, 9: 3343, 10: 3446, 11: 2178, 12: 1963, 13: 1530, 14: 957, 15: 986, 16: 747, 17: 485, 18: 512, 19: 310, 20: 206, 21: 198, 22: 305, 23: 82, 24: 80, 25: 74, 26: 82, 27: 29, 28: 33, 29: 22, 30: 20, 31: 8, 32: 3, 33: 7, 34: 23, 35: 3, 36: 1, 37: 7, 38: 5, 39: 1, 40: 1, 41: 1, 42: 4, 43: 6}
  frontier written 43 pruned 43
  reasons [('lean rejected', 5802), ('lean_seq parse: env: Or.elim on non-or', 4398), ('lean_seq parse: env: unbound', 1568), ('lean_seq parse: env: binder mismatch', 1271), ('lean_seq parse: env: exact goal mismatch', 486), ('lean_seq parse: env: exact not last', 239)]
[lean_gate] 73120 samples, parse-fail 10665 (no-eos 0, 0.000 %), distinct 53965: ok 46269, rej 7696 (filter 7696, prefilter=on); lean on 46269 texts in 116 procs, 3606.7s proc, exposed 126.4s, tail 121.9s, 32 workers
[la_T1_best6_s1 r7] transfer (this round, pass@32) SOLVED 1975/2285 = 0.864 [0.850,0.878]
  len 7: 284/300 = 0.947 [0.915,0.967]
  len 8: 254/300 = 0.847 [0.802,0.883]
  len 9: 927/1010 = 0.918 [0.899,0.933]
  len 10: 360/451 = 0.798 [0.759,0.833]
  len 11: 76/99 = 0.768 [0.675,0.840]
  len 12: 69/102 = 0.676 [0.581,0.759]
  len 13: 3/13 = 0.231 [0.082,0.503]
  len 14: 2/10 = 0.200 [0.057,0.510]
  written hist {7: 335, 8: 503, 9: 2008, 10: 2097, 11: 1215, 12: 1327, 13: 1023, 14: 665, 15: 724, 16: 487, 17: 328, 18: 399, 19: 208, 20: 120, 21: 152, 22: 311, 23: 43, 24: 47, 25: 40, 26: 102, 27: 31, 28: 13, 29: 18, 30: 25, 31: 7, 32: 10, 33: 11, 34: 17, 35: 3, 36: 1, 37: 2, 38: 1, 39: 2, 41: 1, 42: 1}
  pruned hist {5: 28, 6: 58, 7: 695, 8: 1249, 9: 2155, 10: 1650, 11: 970, 12: 1266, 13: 865, 14: 620, 15: 685, 16: 393, 17: 297, 18: 343, 19: 186, 20: 87, 21: 114, 22: 301, 23: 27, 24: 35, 25: 41, 26: 97, 27: 26, 28: 12, 29: 18, 30: 20, 31: 5, 32: 3, 33: 6, 34: 17, 35: 1, 36: 2, 37: 2, 38: 3}
  frontier written 34 pruned 34
  reasons [('lean rejected', 8150), ('lean_seq parse: env: Or.elim on non-or', 4566), ('lean_seq parse: env: binder mismatch', 1968), ('lean_seq parse: env: unbound', 1659), ('lean_seq parse: env: exact goal mismatch', 750), ('lean_seq parse: env: box head', 341)]
[lean_gate] 2285 samples, parse-fail 308 (no-eos 0, 0.000 %), distinct 1977: ok 1761, rej 216 (filter 216, prefilter=on); lean on 1761 texts in 5 procs, 16.3s proc, exposed 4.2s, tail 4.0s, 32 workers
[la_T1_best6_s1 r7] transfer greedy SOLVED 1761/2285 = 0.771 [0.753,0.787]
  len 7: 251/300 = 0.837 [0.791,0.874]
  len 8: 233/300 = 0.777 [0.726,0.820]
  len 9: 853/1010 = 0.845 [0.821,0.866]
  len 10: 303/451 = 0.672 [0.627,0.714]
  len 11: 56/99 = 0.566 [0.467,0.659]
  len 12: 60/102 = 0.588 [0.491,0.679]
  len 13: 3/13 = 0.231 [0.082,0.503]
  len 14: 2/10 = 0.200 [0.057,0.510]
  written hist {7: 156, 8: 147, 9: 556, 10: 342, 11: 137, 12: 137, 13: 78, 14: 57, 15: 38, 16: 26, 17: 13, 18: 17, 19: 5, 20: 4, 21: 9, 22: 31, 24: 1, 25: 1, 26: 4, 29: 1, 34: 1}
  pruned hist {5: 5, 6: 14, 7: 210, 8: 286, 9: 487, 10: 266, 11: 107, 12: 125, 13: 66, 14: 55, 15: 40, 16: 20, 17: 11, 18: 13, 19: 6, 20: 3, 21: 8, 22: 31, 23: 1, 25: 2, 26: 4, 34: 1}
  frontier written 22 pruned 22
  reasons [('lean rejected', 216), ('lean_seq parse: env: Or.elim on non-or', 132), ('lean_seq parse: env: binder mismatch', 63), ('lean_seq parse: env: unbound', 27), ('lean_seq parse: env: exact goal mismatch', 20), ('lean_seq parse: env: exact not last', 14)]
[lean_gate] 5000 samples, parse-fail 9 (no-eos 0, 0.000 %), distinct 4991: ok 4978, rej 13 (filter 13, prefilter=on); lean on 4978 texts in 13 procs, 55.5s proc, exposed 6.0s, tail 5.7s, 32 workers
[la_T1_best6_s1 r7] heldout greedy SOLVED 4978/5000 = 0.996 [0.993,0.997]
  len 2: 1000/1000 = 1.000 [0.996,1.000]
  len 3: 1000/1000 = 1.000 [0.996,1.000]
  len 4: 995/1000 = 0.995 [0.988,0.998]
  len 5: 992/1000 = 0.992 [0.984,0.996]
  len 6: 991/1000 = 0.991 [0.983,0.995]
  written hist {2: 1029, 3: 995, 4: 974, 5: 1007, 6: 771, 7: 48, 8: 15, 9: 116, 10: 7, 11: 1, 12: 14, 15: 1}
  pruned hist {2: 1032, 3: 1003, 4: 968, 5: 1011, 6: 788, 7: 23, 8: 15, 9: 119, 10: 4, 11: 1, 12: 13, 15: 1}
  frontier written 12 pruned 12
  reasons [('lean rejected', 13), ('lean_seq parse: env: Or.elim on non-or', 6), ('lean_seq parse: env: binder mismatch', 1), ('lean_seq parse: env: assign', 1), ('lean_seq parse: env: formula', 1)]
[la_T1_best6_s1 r7] targets cumulative: solved 4200/4495 L*=13 ge={7: 4200, 8: 2424, 9: 1465, 10: 531, 11: 154, 12: 83}
[la_T1_best6_s1 r7] transfer cumulative: solved 2022/2285 L*=13 ge={7: 2022, 8: 1731, 9: 1471, 10: 527, 11: 157, 12: 77}
python3 state_train.py --data artifacts/bs/la_T1_best6_s1/mix_7.jsonl --init ckpts/bs/ladder/la_T1_best6_s1_r6.pt --steps 600 --lr 0.0003 --min_lr 2.9999999999999997e-05 --warmup 50 --cap 0 --out ckpts/bs/ladder/la_T1_best6_s1_r7.pt --seed 1007 --log_every 200 --recs 128
params 9560832 mode lean_staten
train records 79484 (skipped 0); pairs 810429; mean 10.196 per proof; max pair len 351; load 42s
/workspace/nd-takehome/state_train.py:166: UserWarning: Converting a tensor with requires_grad=True to a scalar may lead to unexpected behavior.
Consider using tensor.detach() first. (Triggered internally at /pytorch/torch/csrc/autograd/generated/python_variable_methods.cpp:835.)
  loss_sum += float(lb)
step 200 loss 0.0374 lr 2.53e-04 pairs/batch 1304 164s
step 400 loss 0.0331 lr 1.09e-04 pairs/batch 1303 330s
step 600 loss 0.0326 lr 3.00e-05 pairs/batch 1308 499s
uploaded ckpts/bs/ladder/la_T1_best6_s1_r7.pt -> hf://buckets/dan-pandori/nd-rl/best-state/ckpts/bs/ladder/la_T1_best6_s1_r7.pt (md5 7bdcbf9abacb258d8bb482c0ee9002ff, 4.6s)
saved ckpts/bs/ladder/la_T1_best6_s1_r7.pt
=== round 7 done in 2608s; new proofs 8713; cum targets solved 4200 L*=13; transfer L*=13
[lean_gate] 143840 samples, parse-fail 8935 (no-eos 0, 0.000 %), distinct 119105: ok 113865, rej 5240 (filter 5240, prefilter=on); lean on 113865 texts in 285 procs, 8403.0s proc, exposed 281.1s, tail 272.5s, 32 workers
[la_T1_best6_s1 r8] targets (this round) SOLVED 4220/4495 = 0.939 [0.931,0.945]
  len 7: 1782/1800 = 0.990 [0.984,0.994]
  len 8: 960/1000 = 0.960 [0.946,0.970]
  len 9: 936/1004 = 0.932 [0.915,0.946]
  len 10: 382/456 = 0.838 [0.801,0.869]
  len 11: 74/99 = 0.747 [0.654,0.823]
  len 12: 80/106 = 0.755 [0.665,0.827]
  len 13: 4/16 = 0.250 [0.102,0.495]
  len 14: 2/14 = 0.143 [0.040,0.399]
  written hist {7: 2302, 8: 3363, 9: 3814, 10: 4469, 11: 3393, 12: 2952, 13: 2459, 14: 1879, 15: 1636, 16: 1413, 17: 957, 18: 954, 19: 677, 20: 476, 21: 409, 22: 535, 23: 216, 24: 158, 25: 166, 26: 192, 27: 72, 28: 69, 29: 56, 30: 44, 31: 23, 32: 24, 33: 17, 34: 51, 35: 13, 36: 6, 37: 16, 38: 15, 39: 8, 40: 5, 41: 4, 42: 5, 43: 5, 44: 2, 45: 2, 46: 5, 47: 2}
  pruned hist {5: 267, 6: 1340, 7: 3751, 8: 4047, 9: 3716, 10: 4026, 11: 2880, 12: 2538, 13: 2156, 14: 1408, 15: 1391, 16: 1134, 17: 745, 18: 811, 19: 541, 20: 352, 21: 333, 22: 487, 23: 158, 24: 124, 25: 139, 26: 157, 27: 56, 28: 53, 29: 42, 30: 39, 31: 20, 32: 18, 33: 16, 34: 49, 35: 8, 36: 5, 37: 17, 38: 12, 39: 5, 40: 4, 41: 2, 42: 4, 43: 5, 44: 1, 46: 5, 47: 2}
  frontier written 46 pruned 46
  reasons [('lean rejected', 5421), ('lean_seq parse: env: Or.elim on non-or', 4146), ('lean_seq parse: env: unbound', 1624), ('lean_seq parse: env: binder mismatch', 1520), ('lean_seq parse: env: exact goal mismatch', 393), ('lean_seq parse: env: box head', 295)]
[lean_gate] 73120 samples, parse-fail 10798 (no-eos 0, 0.000 %), distinct 55084: ok 47796, rej 7288 (filter 7288, prefilter=on); lean on 47796 texts in 120 procs, 3396.5s proc, exposed 120.8s, tail 115.4s, 32 workers
[la_T1_best6_s1 r8] transfer (this round, pass@32) SOLVED 2002/2285 = 0.876 [0.862,0.889]
  len 7: 284/300 = 0.947 [0.915,0.967]
  len 8: 255/300 = 0.850 [0.805,0.886]
  len 9: 935/1010 = 0.926 [0.908,0.940]
  len 10: 374/451 = 0.829 [0.792,0.861]
  len 11: 78/99 = 0.788 [0.697,0.857]
  len 12: 71/102 = 0.696 [0.601,0.777]
  len 13: 3/13 = 0.231 [0.082,0.503]
  len 14: 2/10 = 0.200 [0.057,0.510]
  written hist {7: 337, 8: 509, 9: 1995, 10: 2256, 11: 1362, 12: 1755, 13: 1362, 14: 879, 15: 996, 16: 725, 17: 477, 18: 599, 19: 342, 20: 192, 21: 206, 22: 396, 23: 96, 24: 118, 25: 72, 26: 147, 27: 46, 28: 22, 29: 40, 30: 41, 31: 14, 32: 12, 33: 16, 34: 32, 35: 10, 36: 4, 37: 5, 38: 5, 39: 2, 40: 1, 41: 6, 42: 2, 44: 1, 45: 1, 46: 4}
  pruned hist {5: 28, 6: 63, 7: 758, 8: 1323, 9: 2318, 10: 1820, 11: 1176, 12: 1662, 13: 1133, 14: 792, 15: 881, 16: 621, 17: 448, 18: 506, 19: 293, 20: 154, 21: 150, 22: 385, 23: 79, 24: 78, 25: 64, 26: 138, 27: 38, 28: 24, 29: 29, 30: 30, 31: 12, 32: 7, 33: 11, 34: 33, 35: 4, 36: 4, 37: 5, 38: 6, 39: 1, 40: 1, 41: 4, 42: 1, 44: 1, 45: 1, 46: 3}
  frontier written 41 pruned 38
  reasons [('lean rejected', 7591), ('lean_seq parse: env: Or.elim on non-or', 4708), ('lean_seq parse: env: binder mismatch', 2095), ('lean_seq parse: env: unbound', 1799), ('lean_seq parse: env: exact goal mismatch', 551), ('lean_seq parse: env: box head', 542)]
[lean_gate] 2285 samples, parse-fail 307 (no-eos 0, 0.000 %), distinct 1978: ok 1785, rej 193 (filter 193, prefilter=on); lean on 1785 texts in 5 procs, 20.9s proc, exposed 5.2s, tail 4.9s, 32 workers
[la_T1_best6_s1 r8] transfer greedy SOLVED 1785/2285 = 0.781 [0.764,0.798]
  len 7: 249/300 = 0.830 [0.783,0.868]
  len 8: 235/300 = 0.783 [0.733,0.826]
  len 9: 863/1010 = 0.854 [0.831,0.875]
  len 10: 315/451 = 0.698 [0.655,0.739]
  len 11: 60/99 = 0.606 [0.508,0.697]
  len 12: 59/102 = 0.578 [0.481,0.670]
  len 13: 3/13 = 0.231 [0.082,0.503]
  len 14: 1/10 = 0.100 [0.018,0.404]
  written hist {7: 132, 8: 135, 9: 493, 10: 301, 11: 161, 12: 153, 13: 113, 14: 66, 15: 70, 16: 30, 17: 23, 18: 31, 19: 11, 20: 5, 21: 9, 22: 37, 23: 1, 24: 3, 26: 6, 31: 1, 33: 2, 34: 2}
  pruned hist {5: 6, 6: 12, 7: 194, 8: 251, 9: 446, 10: 248, 11: 108, 12: 152, 13: 100, 14: 59, 15: 61, 16: 27, 17: 21, 18: 27, 19: 9, 20: 7, 21: 8, 22: 35, 23: 1, 24: 2, 25: 1, 26: 6, 31: 1, 33: 1, 34: 2}
  frontier written 26 pruned 26
  reasons [('lean rejected', 193), ('lean_seq parse: env: Or.elim on non-or', 149), ('lean_seq parse: env: binder mismatch', 72), ('lean_seq parse: env: box head', 24), ('lean_seq parse: env: unbound', 21), ('lean_seq parse: env: exact goal mismatch', 13)]
[lean_gate] 5000 samples, parse-fail 7 (no-eos 0, 0.000 %), distinct 4993: ok 4974, rej 19 (filter 19, prefilter=on); lean on 4974 texts in 13 procs, 64.4s proc, exposed 7.1s, tail 6.8s, 32 workers
[la_T1_best6_s1 r8] heldout greedy SOLVED 4974/5000 = 0.995 [0.992,0.996]
  len 2: 1000/1000 = 1.000 [0.996,1.000]
  len 3: 1000/1000 = 1.000 [0.996,1.000]
  len 4: 996/1000 = 0.996 [0.990,0.998]
  len 5: 989/1000 = 0.989 [0.980,0.994]
  len 6: 989/1000 = 0.989 [0.980,0.994]
  written hist {2: 1029, 3: 997, 4: 972, 5: 1005, 6: 706, 7: 61, 8: 18, 9: 145, 10: 6, 11: 1, 12: 32, 15: 2}
  pruned hist {2: 1033, 3: 1004, 4: 965, 5: 1009, 6: 719, 7: 45, 8: 14, 9: 147, 10: 4, 11: 1, 12: 31, 15: 2}
  frontier written 12 pruned 12
  reasons [('lean rejected', 19), ('lean_seq parse: env: Or.elim on non-or', 4), ('lean_seq parse: env: unbound', 1), ('lean_seq parse: env: formula', 1), ('lean_seq parse: env: assign', 1)]
[la_T1_best6_s1 r8] targets cumulative: solved 4221/4495 L*=13 ge={7: 4221, 8: 2438, 9: 1478, 10: 542, 11: 160, 12: 86}
[la_T1_best6_s1 r8] transfer cumulative: solved 2048/2285 L*=13 ge={7: 2048, 8: 1754, 9: 1493, 10: 543, 11: 161, 12: 79}
python3 state_train.py --data artifacts/bs/la_T1_best6_s1/mix_8.jsonl --init ckpts/bs/ladder/la_T1_best6_s1_r7.pt --steps 600 --lr 0.0003 --min_lr 2.9999999999999997e-05 --warmup 50 --cap 0 --out ckpts/bs/ladder/la_T1_best6_s1_r8.pt --seed 1008 --log_every 200 --recs 128
params 9560832 mode lean_staten
train records 82752 (skipped 0); pairs 880856; mean 10.645 per proof; max pair len 432; load 56s
/workspace/nd-takehome/state_train.py:166: UserWarning: Converting a tensor with requires_grad=True to a scalar may lead to unexpected behavior.
Consider using tensor.detach() first. (Triggered internally at /pytorch/torch/csrc/autograd/generated/python_variable_methods.cpp:835.)
  loss_sum += float(lb)
step 200 loss 0.0353 lr 2.53e-04 pairs/batch 1366 179s
step 400 loss 0.0351 lr 1.09e-04 pairs/batch 1358 355s
step 600 loss 0.0339 lr 3.00e-05 pairs/batch 1365 530s
uploaded ckpts/bs/ladder/la_T1_best6_s1_r8.pt -> hf://buckets/dan-pandori/nd-rl/best-state/ckpts/bs/ladder/la_T1_best6_s1_r8.pt (md5 e4e4e10f1456a9de0d3c22f2a0d37f3f, 4.5s)
saved ckpts/bs/ladder/la_T1_best6_s1_r8.pt
=== round 8 done in 2642s; new proofs 11777; cum targets solved 4221 L*=13; transfer L*=13
=== seed done best6 s1 2026-09-30T21:41:42Z
