START 2026-09-27T18:33:34Z
[artifacts/sc/s1_base_T08_s0 s0/2] 192 theorems, 0 done, 192 to do; model=base ckpt=stage1_a1_seq_s0.pt md5=9bde44c0 k=10000 stop_at=50 T=0.8 batch=2048 max_new=400 seed=0
  [1/192] la_transfer_1035 L7 n=10000 ok=0 distinct_ok=0 | 380 samp/s (gen 64%, lean 36%) | 0.4 min, 10000 samples
  [6/192] la_transfer_119 L7 n=10000 ok=0 distinct_ok=0 | 488 samp/s (gen 76%, lean 24%) | 2.0 min, 60000 samples
  [11/192] la_transfer_1461 L7 n=10000 ok=0 distinct_ok=0 | 581 samp/s (gen 80%, lean 20%) | 3.2 min, 110000 samples
  [16/192] la_transfer_1795 L7 n=10000 ok=0 distinct_ok=0 | 569 samp/s (gen 83%, lean 17%) | 4.5 min, 152048 samples
  [21/192] la_transfer_2211 L7 n=10000 ok=0 distinct_ok=0 | 565 samp/s (gen 82%, lean 18%) | 5.5 min, 186144 samples
  [26/192] la_transfer_644 L7 n=10000 ok=0 distinct_ok=0 | 537 samp/s (gen 78%, lean 22%) | 7.3 min, 236144 samples
  [31/192] la_transfer_1019 L8 n=10000 ok=0 distinct_ok=0 | 535 samp/s (gen 77%, lean 23%) | 8.9 min, 286144 samples
  [36/192] la_transfer_1543 L8 n=10000 ok=0 distinct_ok=0 | 519 samp/s (gen 79%, lean 21%) | 10.5 min, 328192 samples
  [41/192] la_transfer_1993 L8 n=10000 ok=0 distinct_ok=0 | 533 samp/s (gen 80%, lean 20%) | 11.8 min, 378192 samples
  [46/192] la_transfer_296 L8 n=10000 ok=0 distinct_ok=0 | 546 samp/s (gen 81%, lean 19%) | 13.1 min, 428192 samples
  [51/192] la_transfer_528 L8 n=10000 ok=0 distinct_ok=0 | 551 samp/s (gen 82%, lean 18%) | 14.2 min, 470240 samples
  [56/192] la_transfer_711 L8 n=10000 ok=0 distinct_ok=0 | 554 samp/s (gen 83%, lean 17%) | 15.7 min, 520240 samples
  [61/192] la_transfer_1013 L9 n=10000 ok=0 distinct_ok=0 | 548 samp/s (gen 83%, lean 17%) | 17.3 min, 570240 samples
  [66/192] la_transfer_1314 L9 n=10000 ok=0 distinct_ok=0 | 532 samp/s (gen 81%, lean 19%) | 19.4 min, 620240 samples
  [71/192] la_transfer_170 L9 n=10000 ok=0 distinct_ok=0 | 531 samp/s (gen 80%, lean 20%) | 21.0 min, 670240 samples
  [76/192] la_transfer_2089 L9 n=10000 ok=0 distinct_ok=0 | 524 samp/s (gen 80%, lean 20%) | 22.9 min, 720240 samples
  [81/192] la_transfer_288 L9 n=10000 ok=0 distinct_ok=0 | 522 samp/s (gen 80%, lean 20%) | 24.6 min, 770240 samples
  [86/192] la_transfer_717 L9 n=10000 ok=0 distinct_ok=0 | 526 samp/s (gen 81%, lean 19%) | 26.0 min, 820240 samples
  [91/192] la_transfer_100 L10 n=10000 ok=0 distinct_ok=0 | 513 samp/s (gen 81%, lean 19%) | 28.3 min, 870240 samples
  [96/192] la_transfer_1352 L10 n=10000 ok=0 distinct_ok=0 | 503 samp/s (gen 81%, lean 19%) | 30.5 min, 920240 samples
  [101/192] la_transfer_1645 L10 n=10000 ok=0 distinct_ok=0 | 504 samp/s (gen 81%, lean 19%) | 32.1 min, 970240 samples
  [106/192] la_transfer_1957 L10 n=10000 ok=0 distinct_ok=0 | 502 samp/s (gen 81%, lean 19%) | 33.9 min, 1020240 samples
  [111/192] la_transfer_2255 L10 n=10000 ok=0 distinct_ok=0 | 506 samp/s (gen 81%, lean 19%) | 35.2 min, 1070240 samples
  [116/192] la_transfer_560 L10 n=10000 ok=0 distinct_ok=0 | 511 samp/s (gen 81%, lean 19%) | 36.5 min, 1120240 samples
  [121/192] la_transfer_1031 L11 n=10000 ok=0 distinct_ok=0 | 508 samp/s (gen 82%, lean 18%) | 38.4 min, 1170240 samples
  [126/192] la_transfer_1442 L11 n=10000 ok=0 distinct_ok=0 | 506 samp/s (gen 82%, lean 18%) | 40.2 min, 1220240 samples
  [131/192] la_transfer_1879 L11 n=10000 ok=0 distinct_ok=0 | 503 samp/s (gen 82%, lean 18%) | 42.1 min, 1270240 samples
  [136/192] la_transfer_207 L11 n=10000 ok=0 distinct_ok=0 | 498 samp/s (gen 82%, lean 18%) | 44.2 min, 1320240 samples
  [141/192] la_transfer_24 L11 n=10000 ok=0 distinct_ok=0 | 496 samp/s (gen 81%, lean 19%) | 46.0 min, 1370240 samples
  [146/192] la_transfer_564 L11 n=10000 ok=0 distinct_ok=0 | 495 samp/s (gen 81%, lean 19%) | 47.8 min, 1420240 samples
  [151/192] la_transfer_1010 L12 n=10000 ok=0 distinct_ok=0 | 496 samp/s (gen 81%, lean 19%) | 49.4 min, 1470240 samples
  [156/192] la_transfer_1368 L12 n=10000 ok=0 distinct_ok=0 | 500 samp/s (gen 81%, lean 19%) | 50.7 min, 1520240 samples
  [161/192] la_transfer_166 L12 n=10000 ok=0 distinct_ok=0 | 495 samp/s (gen 81%, lean 19%) | 52.8 min, 1570240 samples
  [166/192] la_transfer_1923 L12 n=10000 ok=0 distinct_ok=0 | 492 samp/s (gen 80%, lean 20%) | 54.9 min, 1620240 samples
  [171/192] la_transfer_257 L12 n=10000 ok=0 distinct_ok=0 | 488 samp/s (gen 80%, lean 20%) | 57.0 min, 1670240 samples
  [176/192] la_transfer_49 L12 n=10000 ok=0 distinct_ok=0 | 491 samp/s (gen 81%, lean 19%) | 58.4 min, 1720240 samples
  [181/192] la_transfer_1126 L13 n=10000 ok=0 distinct_ok=0 | 493 samp/s (gen 81%, lean 19%) | 59.9 min, 1770240 samples
  [186/192] la_transfer_54 L13 n=10000 ok=0 distinct_ok=0 | 497 samp/s (gen 81%, lean 19%) | 61.1 min, 1820240 samples
  [191/192] la_transfer_401 L14 n=10000 ok=0 distinct_ok=0 | 500 samp/s (gen 81%, lean 19%) | 62.4 min, 1870240 samples
  [192/192] la_transfer_978 L14 n=10000 ok=0 distinct_ok=0 | 499 samp/s (gen 81%, lean 19%) | 62.7 min, 1880240 samples
DONE artifacts/sc/s1_base_T08_s0.s0.jsonl: 192 theorems, 1880240 samples in 62.7 min = 499 samples/s = 1797944 samples/pod-hour-equiv (gen 81%, lean 19%)
EXIT 0 2026-09-27T19:36:25Z
