START 2026-09-27T22:03:42Z
[artifacts/sc/s2_ei_T10_s0 s0/1] 82 theorems, 0 done, 82 to do; model=ei ckpt=la_T1_sc_s0_r8.pt md5=5cebd7ec k=10000 stop_at=50 T=1.0 batch=2048 max_new=400 seed=30 model_seed=0
  [1/82] la_transfer_1108 L7 n=10000 ok=10 distinct_ok=1 | 470 samp/s (gen 91%, lean 9%) | 0.4 min, 10000 samples
  [6/82] la_transfer_1506 L7 n=2048 ok=60 distinct_ok=1 | 552 samp/s (gen 90%, lean 10%) | 1.0 min, 32288 samples
  [11/82] la_transfer_1543 L8 n=2048 ok=1919 distinct_ok=2 | 522 samp/s (gen 90%, lean 10%) | 1.6 min, 50480 samples
  [16/82] la_transfer_296 L8 n=2048 ok=476 distinct_ok=3 | 480 samp/s (gen 91%, lean 9%) | 2.4 min, 68672 samples
  [21/82] la_transfer_977 L8 n=10000 ok=0 distinct_ok=0 | 416 samp/s (gen 86%, lean 14%) | 3.8 min, 94816 samples
  [26/82] la_transfer_1262 L9 n=2048 ok=1937 distinct_ok=8 | 386 samp/s (gen 83%, lean 17%) | 4.9 min, 113008 samples
  [31/82] la_transfer_1489 L9 n=10000 ok=2 distinct_ok=1 | 368 samp/s (gen 83%, lean 16%) | 5.9 min, 131200 samples
  [36/82] la_transfer_1905 L9 n=2048 ok=188 distinct_ok=2 | 354 samp/s (gen 85%, lean 15%) | 6.7 min, 141440 samples
  [41/82] la_transfer_2197 L9 n=2048 ok=971 distinct_ok=3 | 346 samp/s (gen 85%, lean 15%) | 7.3 min, 151680 samples
  [46/82] la_transfer_381 L9 n=2048 ok=1115 distinct_ok=1 | 341 samp/s (gen 87%, lean 13%) | 8.2 min, 168064 samples
  [51/82] la_transfer_888 L9 n=2048 ok=2019 distinct_ok=8 | 337 samp/s (gen 87%, lean 13%) | 8.8 min, 178304 samples
  [56/82] la_transfer_1176 L10 n=10000 ok=4 distinct_ok=1 | 328 samp/s (gen 88%, lean 12%) | 10.0 min, 196496 samples
  [61/82] la_transfer_1729 L10 n=2048 ok=1058 distinct_ok=3 | 321 samp/s (gen 89%, lean 11%) | 11.1 min, 214688 samples
  [66/82] la_transfer_2271 L10 n=10000 ok=15 distinct_ok=3 | 307 samp/s (gen 90%, lean 10%) | 13.9 min, 256736 samples
  [71/82] la_transfer_1834 L11 n=10000 ok=22 distinct_ok=2 | 302 samp/s (gen 90%, lean 10%) | 15.8 min, 286976 samples
  [76/82] la_transfer_564 L11 n=10000 ok=0 distinct_ok=0 | 301 samp/s (gen 90%, lean 10%) | 16.9 min, 305168 samples
  [81/82] la_transfer_454 L12 n=2048 ok=1670 distinct_ok=2 | 301 samp/s (gen 91%, lean 9%) | 18.8 min, 339264 samples
  [82/82] la_transfer_1126 L13 n=10000 ok=2 distinct_ok=1 | 299 samp/s (gen 91%, lean 9%) | 19.4 min, 349264 samples
DONE artifacts/sc/s2_ei_T10_s0.s0.jsonl: 82 theorems, 349264 samples in 19.4 min = 299 samples/s = 1078128 samples/pod-hour-equiv (gen 91%, lean 9%)
EXIT 0 2026-09-27T22:23:11Z
