START 2026-09-27T21:32:42Z
[artifacts/sc/s2a_base_T10_s0 s3/4] 84 theorems, 0 done, 84 to do; model=base ckpt=stage1_a1_seq_s0.pt md5=9bde44c0 k=10000 stop_at=5 T=1.0 batch=2048 max_new=400 seed=10 model_seed=0
  [1/84] la_transfer_1103 L7 n=10000 ok=0 distinct_ok=0 | 842 samp/s (gen 85%, lean 15%) | 0.2 min, 10000 samples
  [6/84] la_transfer_1772 L7 n=10000 ok=0 distinct_ok=0 | 853 samp/s (gen 84%, lean 16%) | 1.2 min, 60000 samples
  [11/84] la_transfer_1246 L8 n=10000 ok=0 distinct_ok=0 | 842 samp/s (gen 84%, lean 16%) | 2.2 min, 110000 samples
  [16/84] la_transfer_528 L8 n=10000 ok=0 distinct_ok=0 | 813 samp/s (gen 84%, lean 16%) | 3.3 min, 160000 samples
  [21/84] la_transfer_1256 L9 n=10000 ok=0 distinct_ok=0 | 729 samp/s (gen 86%, lean 14%) | 4.8 min, 210000 samples
  [26/84] la_transfer_2016 L9 n=10000 ok=0 distinct_ok=0 | 727 samp/s (gen 86%, lean 14%) | 6.0 min, 260000 samples
  [31/84] la_transfer_543 L9 n=10000 ok=0 distinct_ok=0 | 699 samp/s (gen 86%, lean 14%) | 7.4 min, 310000 samples
  [36/84] la_transfer_1236 L10 n=10000 ok=0 distinct_ok=0 | 689 samp/s (gen 87%, lean 13%) | 8.7 min, 360000 samples
  [41/84] la_transfer_1903 L10 n=10000 ok=0 distinct_ok=0 | 687 samp/s (gen 87%, lean 13%) | 9.9 min, 410000 samples
  [46/84] la_transfer_521 L10 n=10000 ok=0 distinct_ok=0 | 675 samp/s (gen 87%, lean 13%) | 11.4 min, 460000 samples
  [51/84] la_transfer_1353 L11 n=10000 ok=0 distinct_ok=0 | 660 samp/s (gen 87%, lean 13%) | 12.9 min, 510000 samples
  [56/84] la_transfer_2048 L11 n=10000 ok=0 distinct_ok=0 | 652 samp/s (gen 87%, lean 13%) | 14.3 min, 560000 samples
  [61/84] la_transfer_483 L11 n=10000 ok=0 distinct_ok=0 | 636 samp/s (gen 87%, lean 13%) | 16.0 min, 610000 samples
  [66/84] la_transfer_1355 L12 n=10000 ok=0 distinct_ok=0 | 639 samp/s (gen 86%, lean 14%) | 17.2 min, 660000 samples
  [71/84] la_transfer_1914 L12 n=10000 ok=0 distinct_ok=0 | 634 samp/s (gen 86%, lean 14%) | 18.7 min, 710000 samples
  [76/84] la_transfer_437 L12 n=10000 ok=0 distinct_ok=0 | 636 samp/s (gen 86%, lean 14%) | 19.9 min, 760000 samples
  [81/84] la_transfer_2265 L13 n=10000 ok=0 distinct_ok=0 | 646 samp/s (gen 86%, lean 14%) | 20.9 min, 810000 samples
  [84/84] la_transfer_401 L14 n=10000 ok=0 distinct_ok=0 | 654 samp/s (gen 86%, lean 14%) | 21.4 min, 840000 samples
DONE artifacts/sc/s2a_base_T10_s0.s3.jsonl: 84 theorems, 840000 samples in 21.4 min = 654 samples/s = 2355197 samples/pod-hour-equiv (gen 86%, lean 14%)
EXIT 0 2026-09-27T21:54:08Z
