START 2026-09-27T23:02:15Z
[artifacts/sc/s2c_base_T08_s0 s1/2] 29 theorems, 0 done, 29 to do; model=base ckpt=stage1_a1_seq_s0.pt md5=9bde44c0 k=150000 stop_at=5 T=0.8 batch=2048 max_new=400 seed=21 model_seed=0
  [1/29] la_transfer_1464 L7 n=75776 ok=6 distinct_ok=1 | 646 samp/s (gen 91%, lean 9%) | 2.0 min, 75776 samples
  [6/29] la_transfer_696 L8 n=150000 ok=2 distinct_ok=1 | 358 samp/s (gen 97%, lean 3%) | 38.5 min, 825776 samples
Traceback (most recent call last):
  File "/workspace/nd-takehome/support.py", line 199, in <module>
    main()
  File "/workspace/nd-takehome/support.py", line 142, in main
    outs = generate_ids_fast(model, tok, [pid] * b, greedy=False, temperature=a.temperature,
           ^^^^^^^^^^^^^^^^^^^^^^^^^^^^^^^^^^^^^^^^^^^^^^^^^^^^^^^^^^^^^^^^^^^^^^^^^^^^^^^^^
  File "/usr/local/lib/python3.12/dist-packages/torch/utils/_contextlib.py", line 120, in decorate_context
    return func(*args, **kwargs)
           ^^^^^^^^^^^^^^^^^^^^^
  File "/workspace/nd-takehome/sample.py", line 146, in generate_ids_fast
    logits = model(idx, pos=pos, mask=mask, caches=caches)[:, -1]
             ^^^^^^^^^^^^^^^^^^^^^^^^^^^^^^^^^^^^^^^^^^^^^
  File "/usr/local/lib/python3.12/dist-packages/torch/nn/modules/module.py", line 1773, in _wrapped_call_impl
    return self._call_impl(*args, **kwargs)
           ^^^^^^^^^^^^^^^^^^^^^^^^^^^^^^^^
  File "/usr/local/lib/python3.12/dist-packages/torch/nn/modules/module.py", line 1784, in _call_impl
    return forward_call(*args, **kwargs)
           ^^^^^^^^^^^^^^^^^^^^^^^^^^^^^
  File "/workspace/nd-takehome/model.py", line 115, in forward
    x = b(x, cos, sin, mask, None if caches is None else caches[i])
        ^^^^^^^^^^^^^^^^^^^^^^^^^^^^^^^^^^^^^^^^^^^^^^^^^^^^^^^^^^^
  File "/usr/local/lib/python3.12/dist-packages/torch/nn/modules/module.py", line 1773, in _wrapped_call_impl
    return self._call_impl(*args, **kwargs)
           ^^^^^^^^^^^^^^^^^^^^^^^^^^^^^^^^
  File "/usr/local/lib/python3.12/dist-packages/torch/nn/modules/module.py", line 1784, in _call_impl
    return forward_call(*args, **kwargs)
           ^^^^^^^^^^^^^^^^^^^^^^^^^^^^^
  File "/workspace/nd-takehome/model.py", line 78, in forward
    x = x + self.attn(self.ln1(x), cos, sin, mask, cache)
            ^^^^^^^^^^^^^^^^^^^^^^^^^^^^^^^^^^^^^^^^^^^^^
  File "/workspace/nd-takehome/model.py", line 65, in attn
    cache['v'] = v.new_empty(B, self.h, cache['max'], D // self.h)
                 ^^^^^^^^^^^^^^^^^^^^^^^^^^^^^^^^^^^^^^^^^^^^^^^^^
torch.OutOfMemoryError: CUDA out of memory. Tried to allocate 498.00 MiB. GPU 0 has a total capacity of 44.42 GiB of which 453.81 MiB is free. Process 148535 has 10.92 GiB memory in use. Process 148651 has 7.46 GiB memory in use. Process 149519 has 17.93 GiB memory in use. Including non-PyTorch memory, this process has 7.64 GiB memory in use. Of the allocated memory 6.45 GiB is allocated by PyTorch, and 892.87 MiB is reserved by PyTorch but unallocated. If reserved but unallocated memory is large try setting PYTORCH_CUDA_ALLOC_CONF=expandable_segments:True to avoid fragmentation.  See documentation for Memory Management  (https://pytorch.org/docs/stable/notes/cuda.html#environment-variables)
EXIT 1 2026-09-28T00:03:06Z
