START 2026-09-27T19:41:25Z
[artifacts/sc/s3_base_T08_s1 s0/2] 192 theorems, 0 done, 192 to do; model=base ckpt=stage1_a1_seq_s1.pt md5=fc27e52d k=10000 stop_at=50 T=0.8 batch=2048 max_new=400 seed=1
  [1/192] la_transfer_1035 L7 n=10000 ok=0 distinct_ok=0 | 462 samp/s (gen 69%, lean 31%) | 0.4 min, 10000 samples
  [6/192] la_transfer_119 L7 n=10000 ok=0 distinct_ok=0 | 498 samp/s (gen 71%, lean 29%) | 2.0 min, 60000 samples
  [11/192] la_transfer_1461 L7 n=10000 ok=0 distinct_ok=0 | 607 samp/s (gen 76%, lean 24%) | 3.0 min, 110000 samples
  [16/192] la_transfer_1795 L7 n=10000 ok=0 distinct_ok=0 | 593 samp/s (gen 81%, lean 19%) | 4.5 min, 160000 samples
  [21/192] la_transfer_2211 L7 n=10000 ok=0 distinct_ok=0 | 607 samp/s (gen 82%, lean 18%) | 5.3 min, 194096 samples
  [26/192] la_transfer_644 L7 n=10000 ok=0 distinct_ok=0 | 587 samp/s (gen 80%, lean 20%) | 6.7 min, 236144 samples
  [31/192] la_transfer_1019 L8 n=10000 ok=0 distinct_ok=0 | 563 samp/s (gen 77%, lean 23%) | 8.5 min, 286144 samples
  [36/192] la_transfer_1543 L8 n=10000 ok=1 distinct_ok=1 | 539 samp/s (gen 77%, lean 23%) | 10.4 min, 336144 samples
  [41/192] la_transfer_1993 L8 n=10000 ok=0 distinct_ok=0 | 526 samp/s (gen 78%, lean 22%) | 12.2 min, 386144 samples
  [46/192] la_transfer_296 L8 n=10000 ok=0 distinct_ok=0 | 540 samp/s (gen 80%, lean 20%) | 13.5 min, 436144 samples
  [51/192] la_transfer_528 L8 n=10000 ok=0 distinct_ok=0 | 545 samp/s (gen 81%, lean 19%) | 14.9 min, 486144 samples
  [56/192] la_transfer_711 L8 n=10000 ok=0 distinct_ok=0 | 553 samp/s (gen 82%, lean 18%) | 16.1 min, 536144 samples
  [61/192] la_transfer_1013 L9 n=10000 ok=0 distinct_ok=0 | 556 samp/s (gen 82%, lean 18%) | 17.6 min, 586144 samples
  [66/192] la_transfer_1314 L9 n=10000 ok=0 distinct_ok=0 | 549 samp/s (gen 82%, lean 18%) | 19.3 min, 636144 samples
  [71/192] la_transfer_170 L9 n=10000 ok=0 distinct_ok=0 | 540 samp/s (gen 81%, lean 19%) | 21.2 min, 686144 samples
  [76/192] la_transfer_2089 L9 n=10000 ok=0 distinct_ok=0 | 532 samp/s (gen 80%, lean 20%) | 23.1 min, 736144 samples
  [81/192] la_transfer_288 L9 n=10000 ok=0 distinct_ok=0 | 527 samp/s (gen 80%, lean 20%) | 24.9 min, 786144 samples
  [86/192] la_transfer_717 L9 n=10000 ok=0 distinct_ok=0 | 533 samp/s (gen 80%, lean 20%) | 26.1 min, 836144 samples
  [91/192] la_transfer_100 L10 n=10000 ok=0 distinct_ok=0 | 523 samp/s (gen 81%, lean 19%) | 28.2 min, 886144 samples
  [96/192] la_transfer_1352 L10 n=10000 ok=0 distinct_ok=0 | 511 samp/s (gen 81%, lean 19%) | 30.5 min, 936144 samples
  [101/192] la_transfer_1645 L10 n=10000 ok=1 distinct_ok=1 | 505 samp/s (gen 80%, lean 20%) | 32.5 min, 986144 samples
  [106/192] la_transfer_1957 L10 n=10000 ok=0 distinct_ok=0 | 500 samp/s (gen 81%, lean 19%) | 34.5 min, 1036144 samples
  [111/192] la_transfer_2255 L10 n=10000 ok=0 distinct_ok=0 | 504 samp/s (gen 81%, lean 19%) | 35.9 min, 1086144 samples
  [116/192] la_transfer_560 L10 n=10000 ok=0 distinct_ok=0 | 510 samp/s (gen 81%, lean 19%) | 37.1 min, 1136144 samples
  [121/192] la_transfer_1031 L11 n=10000 ok=0 distinct_ok=0 | 506 samp/s (gen 82%, lean 18%) | 39.1 min, 1186144 samples
  [126/192] la_transfer_1442 L11 n=10000 ok=0 distinct_ok=0 | 504 samp/s (gen 82%, lean 18%) | 40.9 min, 1236144 samples
  [131/192] la_transfer_1879 L11 n=10000 ok=0 distinct_ok=0 | 502 samp/s (gen 82%, lean 18%) | 42.7 min, 1286144 samples
  [136/192] la_transfer_207 L11 n=10000 ok=0 distinct_ok=0 | 498 samp/s (gen 82%, lean 18%) | 44.7 min, 1336144 samples
  [141/192] la_transfer_24 L11 n=10000 ok=0 distinct_ok=0 | 496 samp/s (gen 81%, lean 19%) | 46.6 min, 1386144 samples
  [146/192] la_transfer_564 L11 n=10000 ok=0 distinct_ok=0 | 495 samp/s (gen 81%, lean 19%) | 48.3 min, 1436144 samples
  [151/192] la_transfer_1010 L12 n=10000 ok=0 distinct_ok=0 | 499 samp/s (gen 81%, lean 19%) | 49.6 min, 1486144 samples
  [156/192] la_transfer_1368 L12 n=10000 ok=0 distinct_ok=0 | 504 samp/s (gen 81%, lean 19%) | 50.8 min, 1536144 samples
  [161/192] la_transfer_166 L12 n=10000 ok=0 distinct_ok=0 | 504 samp/s (gen 81%, lean 19%) | 52.5 min, 1586144 samples
  [166/192] la_transfer_1923 L12 n=10000 ok=0 distinct_ok=0 | 501 samp/s (gen 81%, lean 19%) | 54.4 min, 1636144 samples
  [171/192] la_transfer_257 L12 n=10000 ok=0 distinct_ok=0 | 498 samp/s (gen 80%, lean 20%) | 56.4 min, 1686144 samples
  [176/192] la_transfer_49 L12 n=10000 ok=0 distinct_ok=0 | 497 samp/s (gen 80%, lean 20%) | 58.3 min, 1736144 samples
  [181/192] la_transfer_1126 L13 n=10000 ok=0 distinct_ok=0 | 499 samp/s (gen 81%, lean 19%) | 59.7 min, 1786144 samples
  [186/192] la_transfer_54 L13 n=10000 ok=0 distinct_ok=0 | 504 samp/s (gen 81%, lean 19%) | 60.7 min, 1836144 samples
  [191/192] la_transfer_401 L14 n=10000 ok=0 distinct_ok=0 | 508 samp/s (gen 81%, lean 19%) | 61.9 min, 1886144 samples
  [192/192] la_transfer_978 L14 n=10000 ok=0 distinct_ok=0 | 508 samp/s (gen 81%, lean 19%) | 62.2 min, 1896144 samples
DONE artifacts/sc/s3_base_T08_s1.s0.jsonl: 192 theorems, 1896144 samples in 62.2 min = 508 samples/s = 1829600 samples/pod-hour-equiv (gen 81%, lean 19%)
EXIT 0 2026-09-27T20:43:41Z
