=== start la_T1_best12_s0_p0 from ckpts/tj/stage1_best12_s0_b1200_step0.pt md5 d4dcc2db 2026-10-02T01:48:30Z
[lean_gate] 143840 samples, parse-fail 143840 (no-eos 0, 0.000 %), distinct 0: ok 0, rej 0 (filter 0, prefilter=on); lean on 0 texts in 0 procs, 0.0s proc, exposed 0.0s, tail 0.0s, 32 workers
[la_T1_best12_s0_p0 r1] targets (this round) SOLVED 0/4495 = 0.000 [0.000,0.001]
  len 7: 0/1800 = 0.000 [0.000,0.002]
  len 8: 0/1000 = 0.000 [0.000,0.004]
  len 9: 0/1004 = 0.000 [0.000,0.004]
  len 10: 0/456 = 0.000 [0.000,0.008]
  len 11: 0/99 = 0.000 [0.000,0.037]
  len 12: 0/106 = 0.000 [0.000,0.035]
  len 13: 0/16 = 0.000 [0.000,0.194]
  len 14: 0/14 = 0.000 [0.000,0.215]
  written hist {}
  pruned hist {}
  frontier written 0 pruned 0
  reasons [('lean_seq parse: env: action head', 123659), ('lean_seq parse: env: action truncated', 16687), ('lean_seq parse: env: empty action', 1324), ('lean_seq parse: env: colon', 842), ('lean_seq parse: env: exact form', 707), ('lean_seq parse: env: have name', 606)]
[lean_gate] 73120 samples, parse-fail 73120 (no-eos 0, 0.000 %), distinct 0: ok 0, rej 0 (filter 0, prefilter=on); lean on 0 texts in 0 procs, 0.0s proc, exposed 0.0s, tail 0.0s, 32 workers
[la_T1_best12_s0_p0 r1] transfer (this round, pass@32) SOLVED 0/2285 = 0.000 [0.000,0.002]
  len 7: 0/300 = 0.000 [0.000,0.013]
  len 8: 0/300 = 0.000 [0.000,0.013]
  len 9: 0/1010 = 0.000 [0.000,0.004]
  len 10: 0/451 = 0.000 [0.000,0.008]
  len 11: 0/99 = 0.000 [0.000,0.037]
  len 12: 0/102 = 0.000 [0.000,0.036]
  len 13: 0/13 = 0.000 [0.000,0.228]
  len 14: 0/10 = 0.000 [0.000,0.278]
  written hist {}
  pruned hist {}
  frontier written 0 pruned 0
  reasons [('lean_seq parse: env: action head', 63006), ('lean_seq parse: env: action truncated', 8362), ('lean_seq parse: env: empty action', 626), ('lean_seq parse: env: colon', 452), ('lean_seq parse: env: exact form', 372), ('lean_seq parse: env: have name', 296)]
[lean_gate] 2285 samples, parse-fail 2285 (no-eos 0, 0.000 %), distinct 0: ok 0, rej 0 (filter 0, prefilter=on); lean on 0 texts in 0 procs, 0.0s proc, exposed 0.0s, tail 0.0s, 32 workers
[la_T1_best12_s0_p0 r1] transfer greedy SOLVED 0/2285 = 0.000 [0.000,0.002]
  len 7: 0/300 = 0.000 [0.000,0.013]
  len 8: 0/300 = 0.000 [0.000,0.013]
  len 9: 0/1010 = 0.000 [0.000,0.004]
  len 10: 0/451 = 0.000 [0.000,0.008]
  len 11: 0/99 = 0.000 [0.000,0.037]
  len 12: 0/102 = 0.000 [0.000,0.036]
  len 13: 0/13 = 0.000 [0.000,0.228]
  len 14: 0/10 = 0.000 [0.000,0.278]
  written hist {}
  pruned hist {}
  frontier written 0 pruned 0
  reasons [('lean_seq parse: env: action truncated', 2271), ('lean_seq parse: env: action head', 14)]
[lean_gate] 5000 samples, parse-fail 5000 (no-eos 0, 0.000 %), distinct 0: ok 0, rej 0 (filter 0, prefilter=on); lean on 0 texts in 0 procs, 0.0s proc, exposed 0.0s, tail 0.0s, 32 workers
[la_T1_best12_s0_p0 r1] heldout greedy SOLVED 0/5000 = 0.000 [0.000,0.001]
  len 2: 0/1000 = 0.000 [0.000,0.004]
  len 3: 0/1000 = 0.000 [0.000,0.004]
  len 4: 0/1000 = 0.000 [0.000,0.004]
  len 5: 0/1000 = 0.000 [0.000,0.004]
  len 6: 0/1000 = 0.000 [0.000,0.004]
  written hist {}
  pruned hist {}
  frontier written 0 pruned 0
  reasons [('lean_seq parse: env: action truncated', 4883), ('lean_seq parse: env: action head', 117)]
[la_T1_best12_s0_p0 r1] targets cumulative: solved 0/4495 L*=0 ge={7: 0, 8: 0, 9: 0, 10: 0, 11: 0, 12: 0}
[la_T1_best12_s0_p0 r1] transfer cumulative: solved 0/2285 L*=0 ge={7: 0, 8: 0, 9: 0, 10: 0, 11: 0, 12: 0}
no accepted proofs: skipping training this round
=== round 1 done in 177s; new proofs 0; cum targets solved 0 L*=0; transfer L*=0
[lean_gate] 143840 samples, parse-fail 143840 (no-eos 0, 0.000 %), distinct 0: ok 0, rej 0 (filter 0, prefilter=on); lean on 0 texts in 0 procs, 0.0s proc, exposed 0.0s, tail 0.0s, 32 workers
[la_T1_best12_s0_p0 r2] targets (this round) SOLVED 0/4495 = 0.000 [0.000,0.001]
  len 7: 0/1800 = 0.000 [0.000,0.002]
  len 8: 0/1000 = 0.000 [0.000,0.004]
  len 9: 0/1004 = 0.000 [0.000,0.004]
  len 10: 0/456 = 0.000 [0.000,0.008]
  len 11: 0/99 = 0.000 [0.000,0.037]
  len 12: 0/106 = 0.000 [0.000,0.035]
  len 13: 0/16 = 0.000 [0.000,0.194]
  len 14: 0/14 = 0.000 [0.000,0.215]
  written hist {}
  pruned hist {}
  frontier written 0 pruned 0
  reasons [('lean_seq parse: env: action head', 123571), ('lean_seq parse: env: action truncated', 16790), ('lean_seq parse: env: empty action', 1324), ('lean_seq parse: env: colon', 853), ('lean_seq parse: env: exact form', 707), ('lean_seq parse: env: have name', 588)]
[lean_gate] 73120 samples, parse-fail 73120 (no-eos 0, 0.000 %), distinct 0: ok 0, rej 0 (filter 0, prefilter=on); lean on 0 texts in 0 procs, 0.0s proc, exposed 0.0s, tail 0.0s, 32 workers
[la_T1_best12_s0_p0 r2] transfer (this round, pass@32) SOLVED 0/2285 = 0.000 [0.000,0.002]
  len 7: 0/300 = 0.000 [0.000,0.013]
  len 8: 0/300 = 0.000 [0.000,0.013]
  len 9: 0/1010 = 0.000 [0.000,0.004]
  len 10: 0/451 = 0.000 [0.000,0.008]
  len 11: 0/99 = 0.000 [0.000,0.037]
  len 12: 0/102 = 0.000 [0.000,0.036]
  len 13: 0/13 = 0.000 [0.000,0.228]
  len 14: 0/10 = 0.000 [0.000,0.278]
  written hist {}
  pruned hist {}
  frontier written 0 pruned 0
  reasons [('lean_seq parse: env: action head', 62676), ('lean_seq parse: env: action truncated', 8698), ('lean_seq parse: env: empty action', 670), ('lean_seq parse: env: colon', 422), ('lean_seq parse: env: have name', 322), ('lean_seq parse: env: exact form', 322)]
[lean_gate] 2285 samples, parse-fail 2285 (no-eos 0, 0.000 %), distinct 0: ok 0, rej 0 (filter 0, prefilter=on); lean on 0 texts in 0 procs, 0.0s proc, exposed 0.0s, tail 0.0s, 32 workers
[la_T1_best12_s0_p0 r2] transfer greedy SOLVED 0/2285 = 0.000 [0.000,0.002]
  len 7: 0/300 = 0.000 [0.000,0.013]
  len 8: 0/300 = 0.000 [0.000,0.013]
  len 9: 0/1010 = 0.000 [0.000,0.004]
  len 10: 0/451 = 0.000 [0.000,0.008]
  len 11: 0/99 = 0.000 [0.000,0.037]
  len 12: 0/102 = 0.000 [0.000,0.036]
  len 13: 0/13 = 0.000 [0.000,0.228]
  len 14: 0/10 = 0.000 [0.000,0.278]
  written hist {}
  pruned hist {}
  frontier written 0 pruned 0
  reasons [('lean_seq parse: env: action truncated', 2271), ('lean_seq parse: env: action head', 14)]
[lean_gate] 5000 samples, parse-fail 5000 (no-eos 0, 0.000 %), distinct 0: ok 0, rej 0 (filter 0, prefilter=on); lean on 0 texts in 0 procs, 0.0s proc, exposed 0.0s, tail 0.0s, 32 workers
[la_T1_best12_s0_p0 r2] heldout greedy SOLVED 0/5000 = 0.000 [0.000,0.001]
  len 2: 0/1000 = 0.000 [0.000,0.004]
  len 3: 0/1000 = 0.000 [0.000,0.004]
  len 4: 0/1000 = 0.000 [0.000,0.004]
  len 5: 0/1000 = 0.000 [0.000,0.004]
  len 6: 0/1000 = 0.000 [0.000,0.004]
  written hist {}
  pruned hist {}
  frontier written 0 pruned 0
  reasons [('lean_seq parse: env: action truncated', 4883), ('lean_seq parse: env: action head', 117)]
[la_T1_best12_s0_p0 r2] targets cumulative: solved 0/4495 L*=0 ge={7: 0, 8: 0, 9: 0, 10: 0, 11: 0, 12: 0}
[la_T1_best12_s0_p0 r2] transfer cumulative: solved 0/2285 L*=0 ge={7: 0, 8: 0, 9: 0, 10: 0, 11: 0, 12: 0}
no accepted proofs: skipping training this round
=== round 2 done in 177s; new proofs 0; cum targets solved 0 L*=0; transfer L*=0
=== p0 stop-rule check: target solves in rounds 1+2 = 0
=== STOP RULE: no accepted proof in rounds 1-2; ladder stopped
