=== start la_T1_best12_s2_p0 from ckpts/tj/stage1_best12_s2_b1200_step0.pt md5 fee643b2 2026-10-02T01:50:57Z
[lean_gate] 143840 samples, parse-fail 143840 (no-eos 0, 0.000 %), distinct 0: ok 0, rej 0 (filter 0, prefilter=on); lean on 0 texts in 0 procs, 0.0s proc, exposed 0.0s, tail 0.0s, 32 workers
[la_T1_best12_s2_p0 r1] targets (this round) SOLVED 0/4495 = 0.000 [0.000,0.001]
  len 7: 0/1800 = 0.000 [0.000,0.002]
  len 8: 0/1000 = 0.000 [0.000,0.004]
  len 9: 0/1004 = 0.000 [0.000,0.004]
  len 10: 0/456 = 0.000 [0.000,0.008]
  len 11: 0/99 = 0.000 [0.000,0.037]
  len 12: 0/106 = 0.000 [0.000,0.035]
  len 13: 0/16 = 0.000 [0.000,0.194]
  len 14: 0/14 = 0.000 [0.000,0.215]
  written hist {}
  pruned hist {}
  frontier written 0 pruned 0
  reasons [('lean_seq parse: env: action head', 116563), ('lean_seq parse: env: action truncated', 25100), ('lean_seq parse: env: empty action', 947), ('lean_seq parse: env: exact form', 737), ('lean_seq parse: env: colon', 311), ('lean_seq parse: env: have name', 178)]
[lean_gate] 73120 samples, parse-fail 73120 (no-eos 0, 0.000 %), distinct 0: ok 0, rej 0 (filter 0, prefilter=on); lean on 0 texts in 0 procs, 0.0s proc, exposed 0.0s, tail 0.0s, 32 workers
[la_T1_best12_s2_p0 r1] transfer (this round, pass@32) SOLVED 0/2285 = 0.000 [0.000,0.002]
  len 7: 0/300 = 0.000 [0.000,0.013]
  len 8: 0/300 = 0.000 [0.000,0.013]
  len 9: 0/1010 = 0.000 [0.000,0.004]
  len 10: 0/451 = 0.000 [0.000,0.008]
  len 11: 0/99 = 0.000 [0.000,0.037]
  len 12: 0/102 = 0.000 [0.000,0.036]
  len 13: 0/13 = 0.000 [0.000,0.228]
  len 14: 0/10 = 0.000 [0.000,0.278]
  written hist {}
  pruned hist {}
  frontier written 0 pruned 0
  reasons [('lean_seq parse: env: action head', 58880), ('lean_seq parse: env: action truncated', 13181), ('lean_seq parse: env: empty action', 468), ('lean_seq parse: env: exact form', 358), ('lean_seq parse: env: colon', 162), ('lean_seq parse: env: have name', 69)]
[lean_gate] 2285 samples, parse-fail 2285 (no-eos 0, 0.000 %), distinct 0: ok 0, rej 0 (filter 0, prefilter=on); lean on 0 texts in 0 procs, 0.0s proc, exposed 0.0s, tail 0.0s, 32 workers
[la_T1_best12_s2_p0 r1] transfer greedy SOLVED 0/2285 = 0.000 [0.000,0.002]
  len 7: 0/300 = 0.000 [0.000,0.013]
  len 8: 0/300 = 0.000 [0.000,0.013]
  len 9: 0/1010 = 0.000 [0.000,0.004]
  len 10: 0/451 = 0.000 [0.000,0.008]
  len 11: 0/99 = 0.000 [0.000,0.037]
  len 12: 0/102 = 0.000 [0.000,0.036]
  len 13: 0/13 = 0.000 [0.000,0.228]
  len 14: 0/10 = 0.000 [0.000,0.278]
  written hist {}
  pruned hist {}
  frontier written 0 pruned 0
  reasons [('lean_seq parse: env: action truncated', 2240), ('lean_seq parse: env: action head', 45)]
[lean_gate] 5000 samples, parse-fail 5000 (no-eos 0, 0.000 %), distinct 0: ok 0, rej 0 (filter 0, prefilter=on); lean on 0 texts in 0 procs, 0.0s proc, exposed 0.0s, tail 0.0s, 32 workers
[la_T1_best12_s2_p0 r1] heldout greedy SOLVED 0/5000 = 0.000 [0.000,0.001]
  len 2: 0/1000 = 0.000 [0.000,0.004]
  len 3: 0/1000 = 0.000 [0.000,0.004]
  len 4: 0/1000 = 0.000 [0.000,0.004]
  len 5: 0/1000 = 0.000 [0.000,0.004]
  len 6: 0/1000 = 0.000 [0.000,0.004]
  written hist {}
  pruned hist {}
  frontier written 0 pruned 0
  reasons [('lean_seq parse: env: action truncated', 4840), ('lean_seq parse: env: action head', 160)]
[la_T1_best12_s2_p0 r1] targets cumulative: solved 0/4495 L*=0 ge={7: 0, 8: 0, 9: 0, 10: 0, 11: 0, 12: 0}
[la_T1_best12_s2_p0 r1] transfer cumulative: solved 0/2285 L*=0 ge={7: 0, 8: 0, 9: 0, 10: 0, 11: 0, 12: 0}
no accepted proofs: skipping training this round
=== round 1 done in 200s; new proofs 0; cum targets solved 0 L*=0; transfer L*=0
[lean_gate] 143840 samples, parse-fail 143840 (no-eos 0, 0.000 %), distinct 0: ok 0, rej 0 (filter 0, prefilter=on); lean on 0 texts in 0 procs, 0.0s proc, exposed 0.0s, tail 0.0s, 32 workers
[la_T1_best12_s2_p0 r2] targets (this round) SOLVED 0/4495 = 0.000 [0.000,0.001]
  len 7: 0/1800 = 0.000 [0.000,0.002]
  len 8: 0/1000 = 0.000 [0.000,0.004]
  len 9: 0/1004 = 0.000 [0.000,0.004]
  len 10: 0/456 = 0.000 [0.000,0.008]
  len 11: 0/99 = 0.000 [0.000,0.037]
  len 12: 0/106 = 0.000 [0.000,0.035]
  len 13: 0/16 = 0.000 [0.000,0.194]
  len 14: 0/14 = 0.000 [0.000,0.215]
  written hist {}
  pruned hist {}
  frontier written 0 pruned 0
  reasons [('lean_seq parse: env: action head', 116555), ('lean_seq parse: env: action truncated', 25113), ('lean_seq parse: env: empty action', 948), ('lean_seq parse: env: exact form', 744), ('lean_seq parse: env: colon', 305), ('lean_seq parse: env: have name', 167)]
[lean_gate] 73120 samples, parse-fail 73120 (no-eos 0, 0.000 %), distinct 0: ok 0, rej 0 (filter 0, prefilter=on); lean on 0 texts in 0 procs, 0.0s proc, exposed 0.0s, tail 0.0s, 32 workers
[la_T1_best12_s2_p0 r2] transfer (this round, pass@32) SOLVED 0/2285 = 0.000 [0.000,0.002]
  len 7: 0/300 = 0.000 [0.000,0.013]
  len 8: 0/300 = 0.000 [0.000,0.013]
  len 9: 0/1010 = 0.000 [0.000,0.004]
  len 10: 0/451 = 0.000 [0.000,0.008]
  len 11: 0/99 = 0.000 [0.000,0.037]
  len 12: 0/102 = 0.000 [0.000,0.036]
  len 13: 0/13 = 0.000 [0.000,0.228]
  len 14: 0/10 = 0.000 [0.000,0.278]
  written hist {}
  pruned hist {}
  frontier written 0 pruned 0
  reasons [('lean_seq parse: env: action head', 58895), ('lean_seq parse: env: action truncated', 13152), ('lean_seq parse: env: empty action', 470), ('lean_seq parse: env: exact form', 360), ('lean_seq parse: env: colon', 147), ('lean_seq parse: env: have name', 91)]
[lean_gate] 2285 samples, parse-fail 2285 (no-eos 0, 0.000 %), distinct 0: ok 0, rej 0 (filter 0, prefilter=on); lean on 0 texts in 0 procs, 0.0s proc, exposed 0.0s, tail 0.0s, 32 workers
[la_T1_best12_s2_p0 r2] transfer greedy SOLVED 0/2285 = 0.000 [0.000,0.002]
  len 7: 0/300 = 0.000 [0.000,0.013]
  len 8: 0/300 = 0.000 [0.000,0.013]
  len 9: 0/1010 = 0.000 [0.000,0.004]
  len 10: 0/451 = 0.000 [0.000,0.008]
  len 11: 0/99 = 0.000 [0.000,0.037]
  len 12: 0/102 = 0.000 [0.000,0.036]
  len 13: 0/13 = 0.000 [0.000,0.228]
  len 14: 0/10 = 0.000 [0.000,0.278]
  written hist {}
  pruned hist {}
  frontier written 0 pruned 0
  reasons [('lean_seq parse: env: action truncated', 2240), ('lean_seq parse: env: action head', 45)]
[lean_gate] 5000 samples, parse-fail 5000 (no-eos 0, 0.000 %), distinct 0: ok 0, rej 0 (filter 0, prefilter=on); lean on 0 texts in 0 procs, 0.0s proc, exposed 0.0s, tail 0.0s, 32 workers
[la_T1_best12_s2_p0 r2] heldout greedy SOLVED 0/5000 = 0.000 [0.000,0.001]
  len 2: 0/1000 = 0.000 [0.000,0.004]
  len 3: 0/1000 = 0.000 [0.000,0.004]
  len 4: 0/1000 = 0.000 [0.000,0.004]
  len 5: 0/1000 = 0.000 [0.000,0.004]
  len 6: 0/1000 = 0.000 [0.000,0.004]
  written hist {}
  pruned hist {}
  frontier written 0 pruned 0
  reasons [('lean_seq parse: env: action truncated', 4840), ('lean_seq parse: env: action head', 160)]
[la_T1_best12_s2_p0 r2] targets cumulative: solved 0/4495 L*=0 ge={7: 0, 8: 0, 9: 0, 10: 0, 11: 0, 12: 0}
[la_T1_best12_s2_p0 r2] transfer cumulative: solved 0/2285 L*=0 ge={7: 0, 8: 0, 9: 0, 10: 0, 11: 0, 12: 0}
no accepted proofs: skipping training this round
=== round 2 done in 201s; new proofs 0; cum targets solved 0 L*=0; transfer L*=0
=== p0 stop-rule check: target solves in rounds 1+2 = 0
=== STOP RULE: no accepted proof in rounds 1-2; ladder stopped
