=== s0_p1600_r8 tb72 x1 2026-10-02T07:56:49Z
=== done s0_p1600_r8 tb72 x1 2026-10-02T07:59:04Z "solved": 38
=== s0_p1600_r8 h250 x1 2026-10-02T07:59:04Z
=== done s0_p1600_r8 h250 x1 2026-10-02T08:10:00Z "solved": 223
=== s0_p1600_r8 tb72 x0 2026-10-02T08:10:05Z
=== done s0_p1600_r8 tb72 x0 2026-10-02T08:12:20Z "solved": 37
=== s0_p1600_r8 h250 x0 2026-10-02T08:12:20Z
=== done s0_p1600_r8 h250 x0 2026-10-02T08:23:42Z "solved": 225
s0_p1600: 12232 candidate proofs for 262 solved theorems
targets 12232: replay ok 12232, failed 0; 2063754 distinct (state, action) sequences; 229s
  sanity cand:textbook_c18068b3bc4dc6b6894a:0: batched -7.0859 direct -7.0859 |diff| 0.0000
  sanity cand:textbook_c18068b3bc4dc6b6894a:1: batched -8.1982 direct -8.1982 |diff| 0.0000
  sanity cand:textbook_c18068b3bc4dc6b6894a:2: batched -8.2639 direct -8.2639 |diff| 0.0000
s0_p1600_r8: 12232 targets, 506.2s
s0_p1600: eventual proofs for 262 theorems; candidate replay failures 0; solved theorems with no scorable candidate: 0 []
targets 577: replay ok 577, failed 0; 155991 distinct (state, action) sequences; 8s
lean: 577/577 accepted
  sanity ref:textbook_c18068b3bc4dc6b6894a: batched -6.5359 direct -6.5359 |diff| 0.0000
  sanity ref:textbook_0713eb0885a366161011: batched -16.8531 direct -16.8531 |diff| 0.0000
  sanity ref:textbook_5758428c8c74f96345ad: batched -38.4749 direct -38.4749 |diff| 0.0000
s0_p1600_r0: 577 targets, 34.5s
  sanity ref:textbook_c18068b3bc4dc6b6894a: batched -5.8169 direct -5.8169 |diff| 0.0000
  sanity ref:textbook_0713eb0885a366161011: batched -12.8933 direct -12.8933 |diff| 0.0000
  sanity ref:textbook_5758428c8c74f96345ad: batched -28.1401 direct -28.1401 |diff| 0.0000
s0_p1600_r2: 577 targets, 34.4s
  sanity ref:textbook_c18068b3bc4dc6b6894a: batched -6.1024 direct -6.1024 |diff| 0.0000
  sanity ref:textbook_0713eb0885a366161011: batched -13.6609 direct -13.6609 |diff| 0.0000
  sanity ref:textbook_5758428c8c74f96345ad: batched -24.4563 direct -24.4563 |diff| 0.0000
s0_p1600_r4: 577 targets, 34.3s
  sanity ref:textbook_c18068b3bc4dc6b6894a: batched -7.0859 direct -7.0859 |diff| 0.0000
  sanity ref:textbook_0713eb0885a366161011: batched -10.4443 direct -10.4443 |diff| 0.0000
  sanity ref:textbook_5758428c8c74f96345ad: batched -23.8540 direct -23.8540 |diff| 0.0000
s0_p1600_r8: 577 targets, 34.2s
  sanity ref:textbook_c18068b3bc4dc6b6894a: batched -5.0226 direct -5.0226 |diff| 0.0000
  sanity ref:textbook_0713eb0885a366161011: batched -12.8578 direct -12.8578 |diff| 0.0000
  sanity ref:textbook_5758428c8c74f96345ad: batched -29.8725 direct -29.8725 |diff| 0.0000
s0_p1600_c8: 577 targets, 34.1s
=== post s0_p1600 done 2026-10-02T08:39:31Z
