=== s0_p5000_r8 tb72 x1 2026-10-02T08:48:16Z
=== done s0_p5000_r8 tb72 x1 2026-10-02T08:51:18Z "solved": 48
=== s0_p5000_r8 h250 x1 2026-10-02T08:51:18Z
=== done s0_p5000_r8 h250 x1 2026-10-02T09:05:45Z "solved": 234
=== s0_p5000_r8 tb72 x0 2026-10-02T09:05:52Z
=== done s0_p5000_r8 tb72 x0 2026-10-02T09:08:56Z "solved": 51
=== s0_p5000_r8 h250 x0 2026-10-02T09:08:56Z
=== done s0_p5000_r8 h250 x0 2026-10-02T09:23:39Z "solved": 234
s0_p5000: 17897 candidate proofs for 285 solved theorems
targets 17897: replay ok 17897, failed 0; 3542187 distinct (state, action) sequences; 385s
  sanity cand:textbook_c18068b3bc4dc6b6894a:0: batched -12.4297 direct -12.4297 |diff| 0.0000
  sanity cand:textbook_c18068b3bc4dc6b6894a:1: batched -16.0452 direct -16.0452 |diff| 0.0000
  sanity cand:textbook_c18068b3bc4dc6b6894a:2: batched -27.9317 direct -27.9317 |diff| 0.0000
s0_p5000_r8: 17897 targets, 909.9s
s0_p5000: eventual proofs for 285 theorems; candidate replay failures 0; solved theorems with no scorable candidate: 0 []
targets 600: replay ok 600, failed 0; 174504 distinct (state, action) sequences; 8s
lean: 600/600 accepted
  sanity ref:textbook_c18068b3bc4dc6b6894a: batched -5.5689 direct -5.5689 |diff| 0.0000
  sanity ref:textbook_0713eb0885a366161011: batched -17.8329 direct -17.8329 |diff| 0.0000
  sanity ref:textbook_5758428c8c74f96345ad: batched -28.3633 direct -28.3633 |diff| 0.0000
s0_p5000_r0: 600 targets, 39.4s
  sanity ref:textbook_c18068b3bc4dc6b6894a: batched -5.1161 direct -5.1161 |diff| 0.0000
  sanity ref:textbook_0713eb0885a366161011: batched -12.1523 direct -12.1523 |diff| 0.0000
  sanity ref:textbook_5758428c8c74f96345ad: batched -20.2925 direct -20.2925 |diff| 0.0000
s0_p5000_r2: 600 targets, 39.2s
  sanity ref:textbook_c18068b3bc4dc6b6894a: batched -5.3762 direct -5.3762 |diff| 0.0000
  sanity ref:textbook_0713eb0885a366161011: batched -9.8719 direct -9.8719 |diff| 0.0000
  sanity ref:textbook_5758428c8c74f96345ad: batched -20.6746 direct -20.6746 |diff| 0.0000
s0_p5000_r4: 600 targets, 39.2s
  sanity ref:textbook_c18068b3bc4dc6b6894a: batched -6.4537 direct -6.4537 |diff| 0.0000
  sanity ref:textbook_0713eb0885a366161011: batched -8.8197 direct -8.8197 |diff| 0.0000
  sanity ref:textbook_5758428c8c74f96345ad: batched -23.2301 direct -23.2301 |diff| 0.0000
s0_p5000_r8: 600 targets, 39.2s
  sanity ref:textbook_c18068b3bc4dc6b6894a: batched -5.8169 direct -5.8169 |diff| 0.0000
  sanity ref:textbook_0713eb0885a366161011: batched -14.9046 direct -14.9046 |diff| 0.0000
  sanity ref:textbook_5758428c8c74f96345ad: batched -20.1963 direct -20.1962 |diff| 0.0000
s0_p5000_c8: 600 targets, 39.2s
=== post s0_p5000 done 2026-10-02T09:49:09Z
