=== s0_p16000_r8 tb72 x1 2026-10-02T09:22:55Z
=== done s0_p16000_r8 tb72 x1 2026-10-02T09:26:37Z "solved": 49
=== s0_p16000_r8 h250 x1 2026-10-02T09:26:37Z
=== done s0_p16000_r8 h250 x1 2026-10-02T09:39:48Z "solved": 235
=== s0_p16000_r8 tb72 x0 2026-10-02T09:39:53Z
=== done s0_p16000_r8 tb72 x0 2026-10-02T09:43:28Z "solved": 50
=== s0_p16000_r8 h250 x0 2026-10-02T09:43:28Z
=== done s0_p16000_r8 h250 x0 2026-10-02T09:56:30Z "solved": 235
s0_p16000: 23702 candidate proofs for 285 solved theorems
targets 23702: replay ok 23692, failed 10; 4664682 distinct (state, action) sequences; 441s
  sanity cand:textbook_c18068b3bc4dc6b6894a:0: batched -12.0881 direct -12.0881 |diff| 0.0000
  sanity cand:textbook_c18068b3bc4dc6b6894a:1: batched -5.6105 direct -5.6105 |diff| 0.0000
  sanity cand:textbook_c18068b3bc4dc6b6894a:2: batched -9.1641 direct -9.1641 |diff| 0.0000
s0_p16000_r8: 23692 targets, 1194.4s
s0_p16000: eventual proofs for 285 theorems; candidate replay failures 10; solved theorems with no scorable candidate: 0 []
targets 600: replay ok 600, failed 0; 179619 distinct (state, action) sequences; 9s
lean: 600/600 accepted
  sanity ref:textbook_c18068b3bc4dc6b6894a: batched -6.0025 direct -6.0025 |diff| 0.0000
  sanity ref:textbook_0713eb0885a366161011: batched -16.6412 direct -16.6412 |diff| 0.0000
  sanity ref:textbook_5758428c8c74f96345ad: batched -25.7060 direct -25.7060 |diff| 0.0000
s0_p16000_r0: 600 targets, 41.5s
  sanity ref:textbook_c18068b3bc4dc6b6894a: batched -5.0840 direct -5.0840 |diff| 0.0000
  sanity ref:textbook_0713eb0885a366161011: batched -13.0645 direct -13.0645 |diff| 0.0000
  sanity ref:textbook_5758428c8c74f96345ad: batched -18.5653 direct -18.5653 |diff| 0.0000
s0_p16000_r2: 600 targets, 40.8s
  sanity ref:textbook_c18068b3bc4dc6b6894a: batched -5.1444 direct -5.1444 |diff| 0.0000
  sanity ref:textbook_0713eb0885a366161011: batched -11.5273 direct -11.5273 |diff| 0.0000
  sanity ref:textbook_5758428c8c74f96345ad: batched -16.7439 direct -16.7439 |diff| 0.0000
s0_p16000_r4: 600 targets, 40.5s
  sanity ref:textbook_c18068b3bc4dc6b6894a: batched -5.6105 direct -5.6105 |diff| 0.0000
  sanity ref:textbook_0713eb0885a366161011: batched -11.8594 direct -11.8594 |diff| 0.0000
  sanity ref:textbook_5758428c8c74f96345ad: batched -17.4030 direct -17.4030 |diff| 0.0000
s0_p16000_r8: 600 targets, 40.6s
  sanity ref:textbook_c18068b3bc4dc6b6894a: batched -5.8186 direct -5.8187 |diff| 0.0000
  sanity ref:textbook_0713eb0885a366161011: batched -17.6066 direct -17.6066 |diff| 0.0000
  sanity ref:textbook_5758428c8c74f96345ad: batched -18.6379 direct -18.6379 |diff| 0.0000
s0_p16000_c8: 600 targets, 40.7s
=== post s0_p16000 done 2026-10-02T10:27:53Z
