=== s1_p1600_r4 tb72 x1 2026-10-02T06:23:52Z
=== done s1_p1600_r4 tb72 x1 2026-10-02T06:25:34Z "solved": 29
=== s1_p1600_r4 h250 x1 2026-10-02T06:25:34Z
=== done s1_p1600_r4 h250 x1 2026-10-02T06:33:40Z "solved": 193
=== s1_p5000_r4 tb72 x1 2026-10-02T06:33:47Z
=== done s1_p5000_r4 tb72 x1 2026-10-02T06:36:25Z "solved": 37
=== s1_p5000_r4 h250 x1 2026-10-02T06:36:25Z
=== done s1_p5000_r4 h250 x1 2026-10-02T06:47:28Z "solved": 217
=== s1_p12000_r4 tb72 x1 2026-10-02T06:47:35Z
=== done s1_p12000_r4 tb72 x1 2026-10-02T06:50:40Z "solved": 44
=== s1_p12000_r4 h250 x1 2026-10-02T06:50:40Z
=== done s1_p12000_r4 h250 x1 2026-10-02T07:01:25Z "solved": 229
=== s1_p16000_r4 tb72 x1 2026-10-02T07:01:33Z
=== done s1_p16000_r4 tb72 x1 2026-10-02T07:06:00Z "solved": 46
=== s1_p16000_r4 h250 x1 2026-10-02T07:06:00Z
=== done s1_p16000_r4 h250 x1 2026-10-02T07:18:26Z "solved": 233
=== s1_p1600_r4 tb72 x0 2026-10-02T07:18:31Z
=== done s1_p1600_r4 tb72 x0 2026-10-02T07:20:21Z "solved": 32
=== s1_p1600_r4 h250 x0 2026-10-02T07:20:21Z
=== done s1_p1600_r4 h250 x0 2026-10-02T07:28:27Z "solved": 194
=== s1_p5000_r4 tb72 x0 2026-10-02T07:28:31Z
=== done s1_p5000_r4 tb72 x0 2026-10-02T07:31:08Z "solved": 37
=== s1_p5000_r4 h250 x0 2026-10-02T07:31:08Z
=== done s1_p5000_r4 h250 x0 2026-10-02T07:42:09Z "solved": 219
=== s1_p12000_r4 tb72 x0 2026-10-02T07:42:13Z
=== done s1_p12000_r4 tb72 x0 2026-10-02T07:44:49Z "solved": 44
=== s1_p12000_r4 h250 x0 2026-10-02T07:44:49Z
=== done s1_p12000_r4 h250 x0 2026-10-02T07:55:32Z "solved": 229
=== s1_p16000_r4 tb72 x0 2026-10-02T07:55:37Z
=== done s1_p16000_r4 tb72 x0 2026-10-02T07:59:42Z "solved": 43
=== s1_p16000_r4 h250 x0 2026-10-02T07:59:42Z
=== done s1_p16000_r4 h250 x0 2026-10-02T08:12:14Z "solved": 231
=== queue pod/rfc/q1.txt empty 2026-10-02T08:12:19Z
