=== s2_p1600_r4 tb72 x1 2026-10-02T06:21:19Z
=== done s2_p1600_r4 tb72 x1 2026-10-02T06:23:36Z "solved": 34
=== s2_p1600_r4 h250 x1 2026-10-02T06:23:36Z
=== done s2_p1600_r4 h250 x1 2026-10-02T06:34:18Z "solved": 205
=== s2_p5000_r4 tb72 x1 2026-10-02T06:34:25Z
=== done s2_p5000_r4 tb72 x1 2026-10-02T06:38:36Z "solved": 41
=== s2_p5000_r4 h250 x1 2026-10-02T06:38:36Z
=== done s2_p5000_r4 h250 x1 2026-10-02T06:48:42Z "solved": 224
=== s2_p12000_r4 tb72 x1 2026-10-02T06:48:50Z
=== done s2_p12000_r4 tb72 x1 2026-10-02T06:51:33Z "solved": 45
=== s2_p12000_r4 h250 x1 2026-10-02T06:51:33Z
=== done s2_p12000_r4 h250 x1 2026-10-02T07:03:34Z "solved": 226
=== s2_p16000_r4 tb72 x1 2026-10-02T07:03:41Z
=== done s2_p16000_r4 tb72 x1 2026-10-02T07:06:56Z "solved": 47
=== s2_p16000_r4 h250 x1 2026-10-02T07:06:56Z
=== done s2_p16000_r4 h250 x1 2026-10-02T07:18:17Z "solved": 230
=== s2_p1600_r4 tb72 x0 2026-10-02T07:18:21Z
=== done s2_p1600_r4 tb72 x0 2026-10-02T07:20:28Z "solved": 33
=== s2_p1600_r4 h250 x0 2026-10-02T07:20:28Z
=== done s2_p1600_r4 h250 x0 2026-10-02T07:30:26Z "solved": 201
=== s2_p5000_r4 tb72 x0 2026-10-02T07:30:31Z
=== done s2_p5000_r4 tb72 x0 2026-10-02T07:34:22Z "solved": 40
=== s2_p5000_r4 h250 x0 2026-10-02T07:34:22Z
=== done s2_p5000_r4 h250 x0 2026-10-02T07:44:36Z "solved": 223
=== s2_p12000_r4 tb72 x0 2026-10-02T07:44:40Z
=== done s2_p12000_r4 tb72 x0 2026-10-02T07:47:25Z "solved": 42
=== s2_p12000_r4 h250 x0 2026-10-02T07:47:25Z
=== done s2_p12000_r4 h250 x0 2026-10-02T07:59:51Z "solved": 226
=== s2_p16000_r4 tb72 x0 2026-10-02T07:59:55Z
=== done s2_p16000_r4 tb72 x0 2026-10-02T08:02:55Z "solved": 46
=== s2_p16000_r4 h250 x0 2026-10-02T08:02:55Z
=== done s2_p16000_r4 h250 x0 2026-10-02T08:14:28Z "solved": 229
=== queue pod/rfc/q2.txt empty 2026-10-02T08:14:39Z
