[r3_4a/ei_m25_s1 r1] targets (this round, pass@32) SOLVED 4/300 = 0.013 [0.005,0.034]
  len 7: 4/52 = 0.077 [0.030,0.182]
  len 8: 0/133 = 0.000 [0.000,0.028]
  len 9: 0/82 = 0.000 [0.000,0.045]
  len 10: 0/33 = 0.000 [0.000,0.104]
  written hist {7: 11}
  pruned hist {7: 11}
  frontier written 7 pruned 7
  reasons [('rule check failed: IMPE', 1987), ('rule check failed: IMPI', 1501), ('rule check failed: ANDI', 1435), ('rule check failed: NEGE', 964), ('rule check failed: DN', 738), ('bad line cite', 556)]
[r3_4a/ei_m25_s1 r1] targets (cumulative 32 attempts) SOLVED 4/300 = 0.013 [0.005,0.034]
  len 7: 4/52 = 0.077 [0.030,0.182]
  len 8: 0/133 = 0.000 [0.000,0.028]
  len 9: 0/82 = 0.000 [0.000,0.045]
  len 10: 0/33 = 0.000 [0.000,0.104]
  written hist {7: 11}
  pruned hist {7: 11}
  frontier written 7 pruned 7
  reasons []
[r3_4a/ei_m25_s1 r1] transfer (this round, pass@32) SOLVED 3/150 = 0.020 [0.007,0.057]
  len 7: 3/27 = 0.111 [0.039,0.281]
  len 8: 0/67 = 0.000 [0.000,0.054]
  len 9: 0/41 = 0.000 [0.000,0.086]
  len 10: 0/15 = 0.000 [0.000,0.204]
  written hist {7: 16}
  pruned hist {7: 16}
  frontier written 7 pruned 7
  reasons [('rule check failed: IMPE', 970), ('rule check failed: IMPI', 743), ('rule check failed: ANDI', 743), ('rule check failed: DN', 528), ('rule check failed: NEGE', 378), ('bad line cite', 288)]
[r3_4a/ei_m25_s1 r1] transfer (cumulative 32 attempts) SOLVED 3/150 = 0.020 [0.007,0.057]
  len 7: 3/27 = 0.111 [0.039,0.281]
  len 8: 0/67 = 0.000 [0.000,0.054]
  len 9: 0/41 = 0.000 [0.000,0.086]
  len 10: 0/15 = 0.000 [0.000,0.204]
  written hist {7: 16}
  pruned hist {7: 16}
  frontier written 7 pruned 7
  reasons []
[r3_4a/ei_m25_s1 r1] transfer greedy SOLVED 1/150 = 0.007 [0.001,0.037]
  len 7: 1/27 = 0.037 [0.007,0.183]
  len 8: 0/67 = 0.000 [0.000,0.054]
  len 9: 0/41 = 0.000 [0.000,0.086]
  len 10: 0/15 = 0.000 [0.000,0.204]
  written hist {7: 1}
  pruned hist {7: 1}
  frontier written 0 pruned 0
  reasons [('rule check failed: IMPE', 30), ('rule check failed: ANDI', 24), ('rule check failed: IMPI', 22), ('rule check failed: DN', 13), ('rule check failed: NEGE', 10), ('line index mismatch at position 3', 9)]
[r3_4a/ei_m25_s1 r1] heldout greedy SOLVED 4486/5000 = 0.897 [0.888,0.905]
  len 2: 996/1000 = 0.996 [0.990,0.998]
  len 3: 992/1000 = 0.992 [0.984,0.996]
  len 4: 987/1000 = 0.987 [0.978,0.992]
  len 5: 587/1000 = 0.587 [0.556,0.617]
  len 6: 924/1000 = 0.924 [0.906,0.939]
  written hist {2: 1040, 3: 978, 4: 1044, 5: 627, 6: 796, 7: 1}
  pruned hist {2: 1043, 3: 979, 4: 1045, 5: 625, 6: 793, 7: 1}
  frontier written 6 pruned 6
  reasons [('rule check failed: IMPE', 126), ('rule check failed: ANDI', 62), ('rule check failed: DN', 60), ('rule check failed: ORI2', 39), ('final formula is not the conclusion', 38), ('rule check failed: NEGE', 38)]
python3 train.py --data artifacts/r3_4a/ei_m25_s1/mix_1.jsonl --init ckpts/r3_4a/stage1_reductio_f0_b1_m25_s1.pt --steps 600 --lr 0.0001 --min_lr 1e-05 --warmup 50 --cap 0 --out ckpts/r3_4a/ei_m25_s1_r1.pt --seed 1001 --log_every 200
params 25321472 mode abs shift True
train records 20028 max len 487
step 200 loss 0.0602 lr 8.45e-05 56s
step 400 loss 0.0548 lr 3.63e-05 115s
step 600 loss 0.0519 lr 1.00e-05 180s
saved ckpts/r3_4a/ei_m25_s1_r1.pt
=== round 1 done in 419s; new proofs 11; cum targets solved 4
[r3_4a/ei_m25_s1 r2] targets (this round, pass@32) SOLVED 20/300 = 0.067 [0.044,0.101]
  len 7: 20/52 = 0.385 [0.265,0.520]
  len 8: 0/133 = 0.000 [0.000,0.028]
  len 9: 0/82 = 0.000 [0.000,0.045]
  len 10: 0/33 = 0.000 [0.000,0.104]
  written hist {7: 316}
  pruned hist {7: 316}
  frontier written 7 pruned 7
  reasons [('rule check failed: ANDI', 1943), ('rule check failed: IMPE', 1904), ('rule check failed: IMPI', 1298), ('rule check failed: NEGE', 1116), ('bad line cite', 517), ('rule check failed: DN', 505)]
[r3_4a/ei_m25_s1 r2] targets (cumulative 64 attempts) SOLVED 20/300 = 0.067 [0.044,0.101]
  len 7: 20/52 = 0.385 [0.265,0.520]
  len 8: 0/133 = 0.000 [0.000,0.028]
  len 9: 0/82 = 0.000 [0.000,0.045]
  len 10: 0/33 = 0.000 [0.000,0.104]
  written hist {7: 321}
  pruned hist {7: 321}
  frontier written 7 pruned 7
  reasons []
[r3_4a/ei_m25_s1 r2] transfer (this round, pass@32) SOLVED 9/150 = 0.060 [0.032,0.110]
  len 7: 9/27 = 0.333 [0.186,0.522]
  len 8: 0/67 = 0.000 [0.000,0.054]
  len 9: 0/41 = 0.000 [0.000,0.086]
  len 10: 0/15 = 0.000 [0.000,0.204]
  written hist {7: 130}
  pruned hist {7: 130}
  frontier written 7 pruned 7
  reasons [('rule check failed: IMPE', 1233), ('rule check failed: ANDI', 881), ('rule check failed: IMPI', 562), ('rule check failed: NEGE', 445), ('rule check failed: DN', 391), ('bad line cite', 285)]
[r3_4a/ei_m25_s1 r2] transfer (cumulative 64 attempts) SOLVED 9/150 = 0.060 [0.032,0.110]
  len 7: 9/27 = 0.333 [0.186,0.522]
  len 8: 0/67 = 0.000 [0.000,0.054]
  len 9: 0/41 = 0.000 [0.000,0.086]
  len 10: 0/15 = 0.000 [0.000,0.204]
  written hist {7: 135}
  pruned hist {7: 135}
  frontier written 7 pruned 7
  reasons []
[r3_4a/ei_m25_s1 r2] transfer greedy SOLVED 6/150 = 0.040 [0.018,0.085]
  len 7: 6/27 = 0.222 [0.106,0.408]
  len 8: 0/67 = 0.000 [0.000,0.054]
  len 9: 0/41 = 0.000 [0.000,0.086]
  len 10: 0/15 = 0.000 [0.000,0.204]
  written hist {7: 6}
  pruned hist {7: 6}
  frontier written 7 pruned 7
  reasons [('rule check failed: IMPE', 38), ('rule check failed: ANDI', 27), ('rule check failed: IMPI', 16), ('rule check failed: DN', 14), ('rule check failed: NEGE', 12), ('bad line cite', 6)]
[r3_4a/ei_m25_s1 r2] heldout greedy SOLVED 4547/5000 = 0.909 [0.901,0.917]
  len 2: 998/1000 = 0.998 [0.993,0.999]
  len 3: 995/1000 = 0.995 [0.988,0.998]
  len 4: 992/1000 = 0.992 [0.984,0.996]
  len 5: 634/1000 = 0.634 [0.604,0.663]
  len 6: 928/1000 = 0.928 [0.910,0.942]
  written hist {2: 1086, 3: 1003, 4: 1064, 5: 629, 6: 764, 7: 1}
  pruned hist {2: 1088, 3: 1004, 4: 1064, 5: 626, 6: 764, 7: 1}
  frontier written 6 pruned 6
  reasons [('rule check failed: IMPE', 119), ('rule check failed: DN', 67), ('parse: missing ) after ~', 50), ('rule check failed: ANDI', 49), ('rule check failed: IMPI', 27), ('bad box cite', 21)]
python3 train.py --data artifacts/r3_4a/ei_m25_s1/mix_2.jsonl --init ckpts/r3_4a/ei_m25_s1_r1.pt --steps 600 --lr 0.0001 --min_lr 1e-05 --warmup 50 --cap 0 --out ckpts/r3_4a/ei_m25_s1_r2.pt --seed 1002 --log_every 200
params 25321472 mode abs shift True
train records 20268 max len 585
step 200 loss 0.0581 lr 8.45e-05 51s
step 400 loss 0.0512 lr 3.63e-05 102s
step 600 loss 0.0503 lr 1.00e-05 147s
saved ckpts/r3_4a/ei_m25_s1_r2.pt
=== round 2 done in 374s; new proofs 310; cum targets solved 20
[r3_4a/ei_m25_s1 r3] targets (this round, pass@32) SOLVED 37/300 = 0.123 [0.091,0.165]
  len 7: 37/52 = 0.712 [0.577,0.817]
  len 8: 0/133 = 0.000 [0.000,0.028]
  len 9: 0/82 = 0.000 [0.000,0.045]
  len 10: 0/33 = 0.000 [0.000,0.104]
  written hist {7: 701, 8: 5}
  pruned hist {7: 701, 8: 5}
  frontier written 8 pruned 8
  reasons [('rule check failed: IMPE', 1998), ('rule check failed: ANDI', 1375), ('rule check failed: IMPI', 1343), ('rule check failed: DN', 764), ('final formula is not the conclusion', 680), ('rule check failed: NEGE', 583)]
[r3_4a/ei_m25_s1 r3] targets (cumulative 96 attempts) SOLVED 37/300 = 0.123 [0.091,0.165]
  len 7: 37/52 = 0.712 [0.577,0.817]
  len 8: 0/133 = 0.000 [0.000,0.028]
  len 9: 0/82 = 0.000 [0.000,0.045]
  len 10: 0/33 = 0.000 [0.000,0.104]
  written hist {7: 890, 8: 5}
  pruned hist {7: 890, 8: 5}
  frontier written 8 pruned 8
  reasons []
[r3_4a/ei_m25_s1 r3] transfer (this round, pass@32) SOLVED 15/150 = 0.100 [0.062,0.158]
  len 7: 15/27 = 0.556 [0.373,0.724]
  len 8: 0/67 = 0.000 [0.000,0.054]
  len 9: 0/41 = 0.000 [0.000,0.086]
  len 10: 0/15 = 0.000 [0.000,0.204]
  written hist {7: 266}
  pruned hist {7: 266}
  frontier written 7 pruned 7
  reasons [('rule check failed: IMPE', 1067), ('rule check failed: ANDI', 731), ('rule check failed: IMPI', 639), ('rule check failed: DN', 593), ('final formula is not the conclusion', 281), ('bad line cite', 218)]
[r3_4a/ei_m25_s1 r3] transfer (cumulative 96 attempts) SOLVED 15/150 = 0.100 [0.062,0.158]
  len 7: 15/27 = 0.556 [0.373,0.724]
  len 8: 0/67 = 0.000 [0.000,0.054]
  len 9: 0/41 = 0.000 [0.000,0.086]
  len 10: 0/15 = 0.000 [0.000,0.204]
  written hist {7: 343}
  pruned hist {7: 343}
  frontier written 7 pruned 7
  reasons []
[r3_4a/ei_m25_s1 r3] transfer greedy SOLVED 11/150 = 0.073 [0.041,0.127]
  len 7: 11/27 = 0.407 [0.245,0.593]
  len 8: 0/67 = 0.000 [0.000,0.054]
  len 9: 0/41 = 0.000 [0.000,0.086]
  len 10: 0/15 = 0.000 [0.000,0.204]
  written hist {7: 11}
  pruned hist {7: 11}
  frontier written 7 pruned 7
  reasons [('rule check failed: IMPE', 33), ('rule check failed: ANDI', 24), ('rule check failed: DN', 23), ('rule check failed: IMPI', 17), ('bad line cite', 8), ('final formula is not the conclusion', 7)]
[r3_4a/ei_m25_s1 r3] heldout greedy SOLVED 4558/5000 = 0.912 [0.903,0.919]
  len 2: 999/1000 = 0.999 [0.994,1.000]
  len 3: 995/1000 = 0.995 [0.988,0.998]
  len 4: 987/1000 = 0.987 [0.978,0.992]
  len 5: 656/1000 = 0.656 [0.626,0.685]
  len 6: 921/1000 = 0.921 [0.903,0.936]
  written hist {2: 1087, 3: 997, 4: 1064, 5: 653, 6: 757}
  pruned hist {2: 1088, 3: 997, 4: 1066, 5: 650, 6: 757}
  frontier written 6 pruned 6
  reasons [('rule check failed: IMPE', 106), ('rule check failed: DN', 53), ('rule check failed: ANDI', 40), ('final formula is not the conclusion', 34), ('rule check failed: IMPI', 33), ('bad line cite', 24)]
python3 train.py --data artifacts/r3_4a/ei_m25_s1/mix_3.jsonl --init ckpts/r3_4a/ei_m25_s1_r2.pt --steps 600 --lr 0.0001 --min_lr 1e-05 --warmup 50 --cap 0 --out ckpts/r3_4a/ei_m25_s1_r3.pt --seed 1003 --log_every 200
params 25321472 mode abs shift True
train records 20548 max len 558
step 200 loss 0.0552 lr 8.45e-05 49s
step 400 loss 0.0572 lr 3.63e-05 87s
step 600 loss 0.0569 lr 1.00e-05 124s
saved ckpts/r3_4a/ei_m25_s1_r3.pt
=== round 3 done in 239s; new proofs 574; cum targets solved 37
[r3_4a/ei_m25_s1 r4] targets (this round, pass@32) SOLVED 49/300 = 0.163 [0.126,0.209]
  len 7: 49/52 = 0.942 [0.844,0.980]
  len 8: 0/133 = 0.000 [0.000,0.028]
  len 9: 0/82 = 0.000 [0.000,0.045]
  len 10: 0/33 = 0.000 [0.000,0.104]
  written hist {7: 879, 8: 4}
  pruned hist {7: 879, 8: 4}
  frontier written 7 pruned 7
  reasons [('rule check failed: IMPE', 1866), ('rule check failed: IMPI', 1528), ('rule check failed: ANDI', 1273), ('final formula is not the conclusion', 587), ('rule check failed: DN', 566), ('rule check failed: NEGE', 537)]
[r3_4a/ei_m25_s1 r4] targets (cumulative 128 attempts) SOLVED 49/300 = 0.163 [0.126,0.209]
  len 7: 49/52 = 0.942 [0.844,0.980]
  len 8: 0/133 = 0.000 [0.000,0.028]
  len 9: 0/82 = 0.000 [0.000,0.045]
  len 10: 0/33 = 0.000 [0.000,0.104]
  written hist {7: 1485, 8: 9}
  pruned hist {7: 1485, 8: 9}
  frontier written 8 pruned 8
  reasons []
[r3_4a/ei_m25_s1 r4] transfer (this round, pass@32) SOLVED 25/150 = 0.167 [0.116,0.234]
  len 7: 25/27 = 0.926 [0.766,0.979]
  len 8: 0/67 = 0.000 [0.000,0.054]
  len 9: 0/41 = 0.000 [0.000,0.086]
  len 10: 0/15 = 0.000 [0.000,0.204]
  written hist {7: 479}
  pruned hist {7: 479}
  frontier written 7 pruned 7
  reasons [('rule check failed: IMPE', 1039), ('rule check failed: IMPI', 786), ('rule check failed: ANDI', 621), ('rule check failed: DN', 360), ('final formula is not the conclusion', 248), ('rule check failed: NEGE', 223)]
[r3_4a/ei_m25_s1 r4] transfer (cumulative 128 attempts) SOLVED 25/150 = 0.167 [0.116,0.234]
  len 7: 25/27 = 0.926 [0.766,0.979]
  len 8: 0/67 = 0.000 [0.000,0.054]
  len 9: 0/41 = 0.000 [0.000,0.086]
  len 10: 0/15 = 0.000 [0.000,0.204]
  written hist {7: 699}
  pruned hist {7: 699}
  frontier written 7 pruned 7
  reasons []
[r3_4a/ei_m25_s1 r4] transfer greedy SOLVED 23/150 = 0.153 [0.104,0.220]
  len 7: 23/27 = 0.852 [0.675,0.941]
  len 8: 0/67 = 0.000 [0.000,0.054]
  len 9: 0/41 = 0.000 [0.000,0.086]
  len 10: 0/15 = 0.000 [0.000,0.204]
  written hist {7: 23}
  pruned hist {7: 23}
  frontier written 7 pruned 7
  reasons [('rule check failed: IMPE', 34), ('rule check failed: IMPI', 21), ('rule check failed: ANDI', 17), ('rule check failed: DN', 13), ('line index mismatch at position 3', 9), ('final formula is not the conclusion', 7)]
[r3_4a/ei_m25_s1 r4] heldout greedy SOLVED 4545/5000 = 0.909 [0.901,0.917]
  len 2: 1000/1000 = 1.000 [0.996,1.000]
  len 3: 997/1000 = 0.997 [0.991,0.999]
  len 4: 991/1000 = 0.991 [0.983,0.995]
  len 5: 640/1000 = 0.640 [0.610,0.669]
  len 6: 917/1000 = 0.917 [0.898,0.933]
  written hist {2: 1050, 3: 1001, 4: 1043, 5: 675, 6: 775, 7: 1}
  pruned hist {2: 1051, 3: 1001, 4: 1046, 5: 672, 6: 775}
  frontier written 6 pruned 6
  reasons [('rule check failed: IMPE', 106), ('rule check failed: ANDI', 70), ('rule check failed: DN', 33), ('rule check failed: NEGE', 32), ('final formula is not the conclusion', 31), ('parse: missing ) after ~', 26)]
python3 train.py --data artifacts/r3_4a/ei_m25_s1/mix_4.jsonl --init ckpts/r3_4a/ei_m25_s1_r3.pt --steps 600 --lr 0.0001 --min_lr 1e-05 --warmup 50 --cap 0 --out ckpts/r3_4a/ei_m25_s1_r4.pt --seed 1004 --log_every 200
params 25321472 mode abs shift True
train records 20772 max len 455
step 200 loss 0.0568 lr 8.45e-05 38s
step 400 loss 0.0561 lr 3.63e-05 83s
step 600 loss 0.0534 lr 1.00e-05 127s
saved ckpts/r3_4a/ei_m25_s1_r4.pt
=== round 4 done in 290s; new proofs 599; cum targets solved 49
[r3_4a/ei_m25_s1 r5] targets (this round, pass@32) SOLVED 52/300 = 0.173 [0.135,0.220]
  len 7: 52/52 = 1.000 [0.931,1.000]
  len 8: 0/133 = 0.000 [0.000,0.028]
  len 9: 0/82 = 0.000 [0.000,0.045]
  len 10: 0/33 = 0.000 [0.000,0.104]
  written hist {7: 887, 8: 1}
  pruned hist {7: 887, 8: 1}
  frontier written 7 pruned 7
  reasons [('rule check failed: IMPE', 1849), ('rule check failed: IMPI', 1380), ('rule check failed: ANDI', 1292), ('final formula is not the conclusion', 668), ('rule check failed: DN', 606), ('rule check failed: NEGE', 586)]
[r3_4a/ei_m25_s1 r5] targets (cumulative 160 attempts) SOLVED 52/300 = 0.173 [0.135,0.220]
  len 7: 52/52 = 1.000 [0.931,1.000]
  len 8: 0/133 = 0.000 [0.000,0.028]
  len 9: 0/82 = 0.000 [0.000,0.045]
  len 10: 0/33 = 0.000 [0.000,0.104]
  written hist {7: 1805, 8: 9}
  pruned hist {7: 1805, 8: 9}
  frontier written 8 pruned 8
  reasons []
[r3_4a/ei_m25_s1 r5] transfer (this round, pass@32) SOLVED 25/150 = 0.167 [0.116,0.234]
  len 7: 25/27 = 0.926 [0.766,0.979]
  len 8: 0/67 = 0.000 [0.000,0.054]
  len 9: 0/41 = 0.000 [0.000,0.086]
  len 10: 0/15 = 0.000 [0.000,0.204]
  written hist {7: 429}
  pruned hist {7: 429}
  frontier written 7 pruned 7
  reasons [('rule check failed: IMPE', 1056), ('rule check failed: IMPI', 683), ('rule check failed: ANDI', 646), ('rule check failed: DN', 465), ('final formula is not the conclusion', 225), ('rule check failed: NEGE', 208)]
[r3_4a/ei_m25_s1 r5] transfer (cumulative 160 attempts) SOLVED 25/150 = 0.167 [0.116,0.234]
  len 7: 25/27 = 0.926 [0.766,0.979]
  len 8: 0/67 = 0.000 [0.000,0.054]
  len 9: 0/41 = 0.000 [0.000,0.086]
  len 10: 0/15 = 0.000 [0.000,0.204]
  written hist {7: 857}
  pruned hist {7: 857}
  frontier written 7 pruned 7
  reasons []
[r3_4a/ei_m25_s1 r5] transfer greedy SOLVED 23/150 = 0.153 [0.104,0.220]
  len 7: 23/27 = 0.852 [0.675,0.941]
  len 8: 0/67 = 0.000 [0.000,0.054]
  len 9: 0/41 = 0.000 [0.000,0.086]
  len 10: 0/15 = 0.000 [0.000,0.204]
  written hist {7: 23}
  pruned hist {7: 23}
  frontier written 7 pruned 7
  reasons [('rule check failed: IMPE', 34), ('rule check failed: ANDI', 21), ('rule check failed: IMPI', 20), ('rule check failed: DN', 14), ('line index mismatch at position 3', 9), ('final formula is not the conclusion', 8)]
[r3_4a/ei_m25_s1 r5] heldout greedy SOLVED 4498/5000 = 0.900 [0.891,0.908]
  len 2: 998/1000 = 0.998 [0.993,0.999]
  len 3: 997/1000 = 0.997 [0.991,0.999]
  len 4: 984/1000 = 0.984 [0.974,0.990]
  len 5: 600/1000 = 0.600 [0.569,0.630]
  len 6: 919/1000 = 0.919 [0.900,0.934]
  written hist {2: 1040, 3: 992, 4: 1040, 5: 641, 6: 784, 7: 1}
  pruned hist {2: 1041, 3: 995, 4: 1038, 5: 642, 6: 781, 7: 1}
  frontier written 6 pruned 6
  reasons [('rule check failed: IMPE', 132), ('rule check failed: ANDI', 104), ('bad box cite', 41), ('rule check failed: DN', 34), ('rule check failed: NEGE', 34), ('rule check failed: ORI2', 27)]
python3 train.py --data artifacts/r3_4a/ei_m25_s1/mix_5.jsonl --init ckpts/r3_4a/ei_m25_s1_r4.pt --steps 600 --lr 0.0001 --min_lr 1e-05 --warmup 50 --cap 0 --out ckpts/r3_4a/ei_m25_s1_r5.pt --seed 1005 --log_every 200
params 25321472 mode abs shift True
train records 20832 max len 449
step 200 loss 0.0555 lr 8.45e-05 42s
step 400 loss 0.0560 lr 3.63e-05 81s
step 600 loss 0.0555 lr 1.00e-05 120s
saved ckpts/r3_4a/ei_m25_s1_r5.pt
=== round 5 done in 284s; new proofs 320; cum targets solved 52
[r3_4a/ei_m25_s1 r6] targets (this round, pass@32) SOLVED 52/300 = 0.173 [0.135,0.220]
  len 7: 52/52 = 1.000 [0.931,1.000]
  len 8: 0/133 = 0.000 [0.000,0.028]
  len 9: 0/82 = 0.000 [0.000,0.045]
  len 10: 0/33 = 0.000 [0.000,0.104]
  written hist {7: 899}
  pruned hist {7: 899}
  frontier written 7 pruned 7
  reasons [('rule check failed: IMPE', 2124), ('rule check failed: ANDI', 1337), ('rule check failed: IMPI', 1064), ('final formula is not the conclusion', 588), ('rule check failed: DN', 520), ('rule check failed: NEGE', 517)]
[r3_4a/ei_m25_s1 r6] targets (cumulative 192 attempts) SOLVED 52/300 = 0.173 [0.135,0.220]
  len 7: 52/52 = 1.000 [0.931,1.000]
  len 8: 0/133 = 0.000 [0.000,0.028]
  len 9: 0/82 = 0.000 [0.000,0.045]
  len 10: 0/33 = 0.000 [0.000,0.104]
  written hist {7: 2007, 8: 9}
  pruned hist {7: 2007, 8: 9}
  frontier written 8 pruned 8
  reasons []
[r3_4a/ei_m25_s1 r6] transfer (this round, pass@32) SOLVED 25/150 = 0.167 [0.116,0.234]
  len 7: 25/27 = 0.926 [0.766,0.979]
  len 8: 0/67 = 0.000 [0.000,0.054]
  len 9: 0/41 = 0.000 [0.000,0.086]
  len 10: 0/15 = 0.000 [0.000,0.204]
  written hist {7: 452}
  pruned hist {7: 452}
  frontier written 7 pruned 7
  reasons [('rule check failed: IMPE', 917), ('rule check failed: ANDI', 588), ('rule check failed: DN', 532), ('rule check failed: IMPI', 495), ('final formula is not the conclusion', 260), ('rule check failed: NEGE', 223)]
[r3_4a/ei_m25_s1 r6] transfer (cumulative 192 attempts) SOLVED 25/150 = 0.167 [0.116,0.234]
  len 7: 25/27 = 0.926 [0.766,0.979]
  len 8: 0/67 = 0.000 [0.000,0.054]
  len 9: 0/41 = 0.000 [0.000,0.086]
  len 10: 0/15 = 0.000 [0.000,0.204]
  written hist {7: 966}
  pruned hist {7: 966}
  frontier written 7 pruned 7
  reasons []
[r3_4a/ei_m25_s1 r6] transfer greedy SOLVED 25/150 = 0.167 [0.116,0.234]
  len 7: 25/27 = 0.926 [0.766,0.979]
  len 8: 0/67 = 0.000 [0.000,0.054]
  len 9: 0/41 = 0.000 [0.000,0.086]
  len 10: 0/15 = 0.000 [0.000,0.204]
  written hist {7: 25}
  pruned hist {7: 25}
  frontier written 7 pruned 7
  reasons [('rule check failed: IMPE', 29), ('rule check failed: ANDI', 19), ('rule check failed: DN', 15), ('rule check failed: IMPI', 15), ('final formula is not the conclusion', 8), ('bad box cite', 8)]
[r3_4a/ei_m25_s1 r6] heldout greedy SOLVED 4510/5000 = 0.902 [0.893,0.910]
  len 2: 999/1000 = 0.999 [0.994,1.000]
  len 3: 993/1000 = 0.993 [0.986,0.997]
  len 4: 989/1000 = 0.989 [0.980,0.994]
  len 5: 598/1000 = 0.598 [0.567,0.628]
  len 6: 931/1000 = 0.931 [0.914,0.945]
  written hist {2: 1038, 3: 994, 4: 1045, 5: 645, 6: 788}
  pruned hist {2: 1039, 3: 996, 4: 1044, 5: 643, 6: 788}
  frontier written 6 pruned 6
  reasons [('rule check failed: IMPE', 153), ('rule check failed: ANDI', 77), ('rule check failed: NEGE', 48), ('rule check failed: DN', 47), ('rule check failed: ORI2', 26), ('rule check failed: ORI1', 22)]
python3 train.py --data artifacts/r3_4a/ei_m25_s1/mix_6.jsonl --init ckpts/r3_4a/ei_m25_s1_r5.pt --steps 600 --lr 0.0001 --min_lr 1e-05 --warmup 50 --cap 0 --out ckpts/r3_4a/ei_m25_s1_r6.pt --seed 1006 --log_every 200
params 25321472 mode abs shift True
train records 20832 max len 487
step 200 loss 0.0557 lr 8.45e-05 48s
step 400 loss 0.0565 lr 3.63e-05 83s
step 600 loss 0.0567 lr 1.00e-05 122s
saved ckpts/r3_4a/ei_m25_s1_r6.pt
=== round 6 done in 283s; new proofs 202; cum targets solved 52
[r3_4a/ei_m25_s1 r7] targets (this round, pass@32) SOLVED 52/300 = 0.173 [0.135,0.220]
  len 7: 52/52 = 1.000 [0.931,1.000]
  len 8: 0/133 = 0.000 [0.000,0.028]
  len 9: 0/82 = 0.000 [0.000,0.045]
  len 10: 0/33 = 0.000 [0.000,0.104]
  written hist {7: 914, 8: 6}
  pruned hist {7: 914, 8: 6}
  frontier written 8 pruned 8
  reasons [('rule check failed: IMPI', 1859), ('rule check failed: IMPE', 1846), ('rule check failed: ANDI', 1001), ('final formula is not the conclusion', 693), ('rule check failed: NEGE', 571), ('rule check failed: DN', 546)]
[r3_4a/ei_m25_s1 r7] targets (cumulative 224 attempts) SOLVED 52/300 = 0.173 [0.135,0.220]
  len 7: 52/52 = 1.000 [0.931,1.000]
  len 8: 0/133 = 0.000 [0.000,0.028]
  len 9: 0/82 = 0.000 [0.000,0.045]
  len 10: 0/33 = 0.000 [0.000,0.104]
  written hist {7: 2146, 8: 13}
  pruned hist {7: 2146, 8: 13}
  frontier written 8 pruned 8
  reasons []
[r3_4a/ei_m25_s1 r7] transfer (this round, pass@32) SOLVED 25/150 = 0.167 [0.116,0.234]
  len 7: 25/27 = 0.926 [0.766,0.979]
  len 8: 0/67 = 0.000 [0.000,0.054]
  len 9: 0/41 = 0.000 [0.000,0.086]
  len 10: 0/15 = 0.000 [0.000,0.204]
  written hist {7: 474}
  pruned hist {7: 474}
  frontier written 7 pruned 7
  reasons [('rule check failed: IMPI', 975), ('rule check failed: IMPE', 882), ('rule check failed: ANDI', 579), ('rule check failed: DN', 291), ('final formula is not the conclusion', 275), ('rule check failed: NEGE', 255)]
[r3_4a/ei_m25_s1 r7] transfer (cumulative 224 attempts) SOLVED 25/150 = 0.167 [0.116,0.234]
  len 7: 25/27 = 0.926 [0.766,0.979]
  len 8: 0/67 = 0.000 [0.000,0.054]
  len 9: 0/41 = 0.000 [0.000,0.086]
  len 10: 0/15 = 0.000 [0.000,0.204]
  written hist {7: 1058}
  pruned hist {7: 1058}
  frontier written 7 pruned 7
  reasons []
[r3_4a/ei_m25_s1 r7] transfer greedy SOLVED 25/150 = 0.167 [0.116,0.234]
  len 7: 25/27 = 0.926 [0.766,0.979]
  len 8: 0/67 = 0.000 [0.000,0.054]
  len 9: 0/41 = 0.000 [0.000,0.086]
  len 10: 0/15 = 0.000 [0.000,0.204]
  written hist {7: 25}
  pruned hist {7: 25}
  frontier written 7 pruned 7
  reasons [('rule check failed: IMPE', 34), ('rule check failed: IMPI', 31), ('rule check failed: ANDI', 19), ('rule check failed: DN', 8), ('final formula is not the conclusion', 7), ('rule check failed: ANDE2', 6)]
[r3_4a/ei_m25_s1 r7] heldout greedy SOLVED 4520/5000 = 0.904 [0.896,0.912]
  len 2: 998/1000 = 0.998 [0.993,0.999]
  len 3: 995/1000 = 0.995 [0.988,0.998]
  len 4: 989/1000 = 0.989 [0.980,0.994]
  len 5: 609/1000 = 0.609 [0.578,0.639]
  len 6: 929/1000 = 0.929 [0.911,0.943]
  written hist {2: 1043, 3: 992, 4: 1076, 5: 652, 6: 755, 7: 2}
  pruned hist {2: 1043, 3: 995, 4: 1077, 5: 649, 6: 754, 7: 2}
  frontier written 6 pruned 6
  reasons [('rule check failed: IMPE', 106), ('rule check failed: ANDI', 61), ('final formula is not the conclusion', 49), ('rule check failed: DN', 44), ('rule check failed: NEGE', 37), ('rule check failed: ORI1', 27)]
python3 train.py --data artifacts/r3_4a/ei_m25_s1/mix_7.jsonl --init ckpts/r3_4a/ei_m25_s1_r6.pt --steps 600 --lr 0.0001 --min_lr 1e-05 --warmup 50 --cap 0 --out ckpts/r3_4a/ei_m25_s1_r7.pt --seed 1007 --log_every 200
params 25321472 mode abs shift True
train records 20832 max len 558
step 200 loss 0.0552 lr 8.45e-05 37s
step 400 loss 0.0594 lr 3.63e-05 75s
step 600 loss 0.0521 lr 1.00e-05 112s
saved ckpts/r3_4a/ei_m25_s1_r7.pt
=== round 7 done in 253s; new proofs 143; cum targets solved 52
[r3_4a/ei_m25_s1 r8] targets (this round, pass@32) SOLVED 52/300 = 0.173 [0.135,0.220]
  len 7: 52/52 = 1.000 [0.931,1.000]
  len 8: 0/133 = 0.000 [0.000,0.028]
  len 9: 0/82 = 0.000 [0.000,0.045]
  len 10: 0/33 = 0.000 [0.000,0.104]
  written hist {7: 863}
  pruned hist {7: 863}
  frontier written 7 pruned 7
  reasons [('rule check failed: IMPE', 1818), ('rule check failed: IMPI', 1538), ('rule check failed: ANDI', 1258), ('final formula is not the conclusion', 660), ('rule check failed: NEGE', 621), ('rule check failed: DN', 582)]
[r3_4a/ei_m25_s1 r8] targets (cumulative 256 attempts) SOLVED 52/300 = 0.173 [0.135,0.220]
  len 7: 52/52 = 1.000 [0.931,1.000]
  len 8: 0/133 = 0.000 [0.000,0.028]
  len 9: 0/82 = 0.000 [0.000,0.045]
  len 10: 0/33 = 0.000 [0.000,0.104]
  written hist {7: 2216, 8: 13}
  pruned hist {7: 2216, 8: 13}
  frontier written 8 pruned 8
  reasons []
[r3_4a/ei_m25_s1 r8] transfer (this round, pass@32) SOLVED 25/150 = 0.167 [0.116,0.234]
  len 7: 25/27 = 0.926 [0.766,0.979]
  len 8: 0/67 = 0.000 [0.000,0.054]
  len 9: 0/41 = 0.000 [0.000,0.086]
  len 10: 0/15 = 0.000 [0.000,0.204]
  written hist {7: 460}
  pruned hist {7: 460}
  frontier written 7 pruned 7
  reasons [('rule check failed: IMPI', 878), ('rule check failed: IMPE', 820), ('rule check failed: ANDI', 702), ('rule check failed: NEGE', 375), ('final formula is not the conclusion', 262), ('rule check failed: DN', 198)]
[r3_4a/ei_m25_s1 r8] transfer (cumulative 256 attempts) SOLVED 25/150 = 0.167 [0.116,0.234]
  len 7: 25/27 = 0.926 [0.766,0.979]
  len 8: 0/67 = 0.000 [0.000,0.054]
  len 9: 0/41 = 0.000 [0.000,0.086]
  len 10: 0/15 = 0.000 [0.000,0.204]
  written hist {7: 1123}
  pruned hist {7: 1123}
  frontier written 7 pruned 7
  reasons []
[r3_4a/ei_m25_s1 r8] transfer greedy SOLVED 25/150 = 0.167 [0.116,0.234]
  len 7: 25/27 = 0.926 [0.766,0.979]
  len 8: 0/67 = 0.000 [0.000,0.054]
  len 9: 0/41 = 0.000 [0.000,0.086]
  len 10: 0/15 = 0.000 [0.000,0.204]
  written hist {7: 25}
  pruned hist {7: 25}
  frontier written 7 pruned 7
  reasons [('rule check failed: IMPI', 30), ('rule check failed: IMPE', 24), ('rule check failed: ANDI', 22), ('rule check failed: NEGE', 10), ('final formula is not the conclusion', 9), ('line index mismatch at position 3', 7)]
[r3_4a/ei_m25_s1 r8] heldout greedy SOLVED 4513/5000 = 0.903 [0.894,0.911]
  len 2: 999/1000 = 0.999 [0.994,1.000]
  len 3: 994/1000 = 0.994 [0.987,0.997]
  len 4: 985/1000 = 0.985 [0.975,0.991]
  len 5: 597/1000 = 0.597 [0.566,0.627]
  len 6: 938/1000 = 0.938 [0.921,0.951]
  written hist {2: 1027, 3: 999, 4: 1066, 5: 643, 6: 778}
  pruned hist {2: 1029, 3: 999, 4: 1069, 5: 638, 6: 778}
  frontier written 6 pruned 6
  reasons [('rule check failed: IMPE', 111), ('rule check failed: ANDI', 82), ('rule check failed: NEGE', 48), ('rule check failed: IMPI', 39), ('final formula is not the conclusion', 38), ('rule check failed: DN', 32)]
python3 train.py --data artifacts/r3_4a/ei_m25_s1/mix_8.jsonl --init ckpts/r3_4a/ei_m25_s1_r7.pt --steps 600 --lr 0.0001 --min_lr 1e-05 --warmup 50 --cap 0 --out ckpts/r3_4a/ei_m25_s1_r8.pt --seed 1008 --log_every 200
params 25321472 mode abs shift True
train records 20832 max len 486
step 200 loss 0.0540 lr 8.45e-05 32s
step 400 loss 0.0600 lr 3.63e-05 63s
step 600 loss 0.0579 lr 1.00e-05 104s
saved ckpts/r3_4a/ei_m25_s1_r8.pt
=== round 8 done in 239s; new proofs 70; cum targets solved 52
