[r3_4a/ei_m85_s2 r1] targets (this round, pass@32) SOLVED 0/300 = 0.000 [0.000,0.013]
  len 7: 0/52 = 0.000 [0.000,0.069]
  len 8: 0/133 = 0.000 [0.000,0.028]
  len 9: 0/82 = 0.000 [0.000,0.045]
  len 10: 0/33 = 0.000 [0.000,0.104]
  written hist {}
  pruned hist {}
  frontier written 0 pruned 0
  reasons [('rule check failed: IMPE', 3534), ('rule check failed: ANDI', 1116), ('rule check failed: IMPI', 1007), ('bad line cite', 668), ('rule check failed: DN', 623), ('rule check failed: ANDE2', 464)]
[r3_4a/ei_m85_s2 r1] targets (cumulative 32 attempts) SOLVED 0/300 = 0.000 [0.000,0.013]
  len 7: 0/52 = 0.000 [0.000,0.069]
  len 8: 0/133 = 0.000 [0.000,0.028]
  len 9: 0/82 = 0.000 [0.000,0.045]
  len 10: 0/33 = 0.000 [0.000,0.104]
  written hist {}
  pruned hist {}
  frontier written 0 pruned 0
  reasons []
[r3_4a/ei_m85_s2 r1] transfer (this round, pass@32) SOLVED 0/150 = 0.000 [0.000,0.025]
  len 7: 0/27 = 0.000 [0.000,0.125]
  len 8: 0/67 = 0.000 [0.000,0.054]
  len 9: 0/41 = 0.000 [0.000,0.086]
  len 10: 0/15 = 0.000 [0.000,0.204]
  written hist {}
  pruned hist {}
  frontier written 0 pruned 0
  reasons [('rule check failed: IMPE', 1751), ('rule check failed: ANDI', 694), ('rule check failed: IMPI', 420), ('rule check failed: DN', 377), ('bad line cite', 257), ('final formula is not the conclusion', 181)]
[r3_4a/ei_m85_s2 r1] transfer (cumulative 32 attempts) SOLVED 0/150 = 0.000 [0.000,0.025]
  len 7: 0/27 = 0.000 [0.000,0.125]
  len 8: 0/67 = 0.000 [0.000,0.054]
  len 9: 0/41 = 0.000 [0.000,0.086]
  len 10: 0/15 = 0.000 [0.000,0.204]
  written hist {}
  pruned hist {}
  frontier written 0 pruned 0
  reasons []
[r3_4a/ei_m85_s2 r1] transfer greedy SOLVED 0/150 = 0.000 [0.000,0.025]
  len 7: 0/27 = 0.000 [0.000,0.125]
  len 8: 0/67 = 0.000 [0.000,0.054]
  len 9: 0/41 = 0.000 [0.000,0.086]
  len 10: 0/15 = 0.000 [0.000,0.204]
  written hist {}
  pruned hist {}
  frontier written 0 pruned 0
  reasons [('rule check failed: IMPE', 56), ('rule check failed: ANDI', 24), ('rule check failed: IMPI', 14), ('rule check failed: DN', 11), ('bad line cite', 8), ('bad box cite', 7)]
[r3_4a/ei_m85_s2 r1] heldout greedy SOLVED 4470/5000 = 0.894 [0.885,0.902]
  len 2: 1000/1000 = 1.000 [0.996,1.000]
  len 3: 994/1000 = 0.994 [0.987,0.997]
  len 4: 987/1000 = 0.987 [0.978,0.992]
  len 5: 568/1000 = 0.568 [0.537,0.598]
  len 6: 921/1000 = 0.921 [0.903,0.936]
  written hist {2: 1037, 3: 992, 4: 1051, 5: 615, 6: 774, 7: 1}
  pruned hist {2: 1037, 3: 996, 4: 1050, 5: 614, 6: 772, 7: 1}
  frontier written 6 pruned 6
  reasons [('rule check failed: IMPE', 151), ('rule check failed: ANDI', 71), ('rule check failed: NEGE', 58), ('rule check failed: DN', 42), ('bad line cite', 40), ('final formula is not the conclusion', 31)]
no accepted proofs: skipping training this round
=== round 1 done in 131s; new proofs 0; cum targets solved 0
[r3_4a/ei_m85_s2 r2] targets (this round, pass@32) SOLVED 0/300 = 0.000 [0.000,0.013]
  len 7: 0/52 = 0.000 [0.000,0.069]
  len 8: 0/133 = 0.000 [0.000,0.028]
  len 9: 0/82 = 0.000 [0.000,0.045]
  len 10: 0/33 = 0.000 [0.000,0.104]
  written hist {}
  pruned hist {}
  frontier written 0 pruned 0
  reasons [('rule check failed: IMPE', 3565), ('rule check failed: ANDI', 1167), ('rule check failed: IMPI', 1039), ('bad line cite', 632), ('rule check failed: DN', 612), ('rule check failed: ANDE2', 416)]
[r3_4a/ei_m85_s2 r2] targets (cumulative 64 attempts) SOLVED 0/300 = 0.000 [0.000,0.013]
  len 7: 0/52 = 0.000 [0.000,0.069]
  len 8: 0/133 = 0.000 [0.000,0.028]
  len 9: 0/82 = 0.000 [0.000,0.045]
  len 10: 0/33 = 0.000 [0.000,0.104]
  written hist {}
  pruned hist {}
  frontier written 0 pruned 0
  reasons []
[r3_4a/ei_m85_s2 r2] transfer (this round, pass@32) SOLVED 0/150 = 0.000 [0.000,0.025]
  len 7: 0/27 = 0.000 [0.000,0.125]
  len 8: 0/67 = 0.000 [0.000,0.054]
  len 9: 0/41 = 0.000 [0.000,0.086]
  len 10: 0/15 = 0.000 [0.000,0.204]
  written hist {}
  pruned hist {}
  frontier written 0 pruned 0
  reasons [('rule check failed: IMPE', 1715), ('rule check failed: ANDI', 679), ('rule check failed: IMPI', 432), ('rule check failed: DN', 377), ('bad line cite', 293), ('bad box cite', 177)]
[r3_4a/ei_m85_s2 r2] transfer (cumulative 64 attempts) SOLVED 0/150 = 0.000 [0.000,0.025]
  len 7: 0/27 = 0.000 [0.000,0.125]
  len 8: 0/67 = 0.000 [0.000,0.054]
  len 9: 0/41 = 0.000 [0.000,0.086]
  len 10: 0/15 = 0.000 [0.000,0.204]
  written hist {}
  pruned hist {}
  frontier written 0 pruned 0
  reasons []
[r3_4a/ei_m85_s2 r2] transfer greedy SOLVED 0/150 = 0.000 [0.000,0.025]
  len 7: 0/27 = 0.000 [0.000,0.125]
  len 8: 0/67 = 0.000 [0.000,0.054]
  len 9: 0/41 = 0.000 [0.000,0.086]
  len 10: 0/15 = 0.000 [0.000,0.204]
  written hist {}
  pruned hist {}
  frontier written 0 pruned 0
  reasons [('rule check failed: IMPE', 56), ('rule check failed: ANDI', 24), ('rule check failed: IMPI', 14), ('rule check failed: DN', 11), ('bad line cite', 8), ('bad box cite', 7)]
[r3_4a/ei_m85_s2 r2] heldout greedy SOLVED 4470/5000 = 0.894 [0.885,0.902]
  len 2: 1000/1000 = 1.000 [0.996,1.000]
  len 3: 994/1000 = 0.994 [0.987,0.997]
  len 4: 987/1000 = 0.987 [0.978,0.992]
  len 5: 568/1000 = 0.568 [0.537,0.598]
  len 6: 921/1000 = 0.921 [0.903,0.936]
  written hist {2: 1037, 3: 992, 4: 1051, 5: 615, 6: 774, 7: 1}
  pruned hist {2: 1037, 3: 996, 4: 1050, 5: 614, 6: 772, 7: 1}
  frontier written 6 pruned 6
  reasons [('rule check failed: IMPE', 151), ('rule check failed: ANDI', 71), ('rule check failed: NEGE', 58), ('rule check failed: DN', 42), ('bad line cite', 40), ('final formula is not the conclusion', 31)]
no accepted proofs: skipping training this round
=== round 2 done in 165s; new proofs 0; cum targets solved 0
[r3_4a/ei_m85_s2 r3] targets (this round, pass@32) SOLVED 0/300 = 0.000 [0.000,0.013]
  len 7: 0/52 = 0.000 [0.000,0.069]
  len 8: 0/133 = 0.000 [0.000,0.028]
  len 9: 0/82 = 0.000 [0.000,0.045]
  len 10: 0/33 = 0.000 [0.000,0.104]
  written hist {}
  pruned hist {}
  frontier written 0 pruned 0
  reasons [('rule check failed: IMPE', 3507), ('rule check failed: ANDI', 1144), ('rule check failed: IMPI', 1032), ('bad line cite', 642), ('rule check failed: DN', 598), ('rule check failed: ANDE2', 441)]
[r3_4a/ei_m85_s2 r3] targets (cumulative 96 attempts) SOLVED 0/300 = 0.000 [0.000,0.013]
  len 7: 0/52 = 0.000 [0.000,0.069]
  len 8: 0/133 = 0.000 [0.000,0.028]
  len 9: 0/82 = 0.000 [0.000,0.045]
  len 10: 0/33 = 0.000 [0.000,0.104]
  written hist {}
  pruned hist {}
  frontier written 0 pruned 0
  reasons []
[r3_4a/ei_m85_s2 r3] transfer (this round, pass@32) SOLVED 0/150 = 0.000 [0.000,0.025]
  len 7: 0/27 = 0.000 [0.000,0.125]
  len 8: 0/67 = 0.000 [0.000,0.054]
  len 9: 0/41 = 0.000 [0.000,0.086]
  len 10: 0/15 = 0.000 [0.000,0.204]
  written hist {}
  pruned hist {}
  frontier written 0 pruned 0
  reasons [('rule check failed: IMPE', 1713), ('rule check failed: ANDI', 658), ('rule check failed: IMPI', 445), ('rule check failed: DN', 385), ('bad line cite', 317), ('final formula is not the conclusion', 179)]
[r3_4a/ei_m85_s2 r3] transfer (cumulative 96 attempts) SOLVED 0/150 = 0.000 [0.000,0.025]
  len 7: 0/27 = 0.000 [0.000,0.125]
  len 8: 0/67 = 0.000 [0.000,0.054]
  len 9: 0/41 = 0.000 [0.000,0.086]
  len 10: 0/15 = 0.000 [0.000,0.204]
  written hist {}
  pruned hist {}
  frontier written 0 pruned 0
  reasons []
[r3_4a/ei_m85_s2 r3] transfer greedy SOLVED 0/150 = 0.000 [0.000,0.025]
  len 7: 0/27 = 0.000 [0.000,0.125]
  len 8: 0/67 = 0.000 [0.000,0.054]
  len 9: 0/41 = 0.000 [0.000,0.086]
  len 10: 0/15 = 0.000 [0.000,0.204]
  written hist {}
  pruned hist {}
  frontier written 0 pruned 0
  reasons [('rule check failed: IMPE', 56), ('rule check failed: ANDI', 24), ('rule check failed: IMPI', 14), ('rule check failed: DN', 11), ('bad line cite', 8), ('bad box cite', 7)]
[r3_4a/ei_m85_s2 r3] heldout greedy SOLVED 4470/5000 = 0.894 [0.885,0.902]
  len 2: 1000/1000 = 1.000 [0.996,1.000]
  len 3: 994/1000 = 0.994 [0.987,0.997]
  len 4: 987/1000 = 0.987 [0.978,0.992]
  len 5: 568/1000 = 0.568 [0.537,0.598]
  len 6: 921/1000 = 0.921 [0.903,0.936]
  written hist {2: 1037, 3: 992, 4: 1051, 5: 615, 6: 774, 7: 1}
  pruned hist {2: 1037, 3: 996, 4: 1050, 5: 614, 6: 772, 7: 1}
  frontier written 6 pruned 6
  reasons [('rule check failed: IMPE', 151), ('rule check failed: ANDI', 71), ('rule check failed: NEGE', 58), ('rule check failed: DN', 42), ('bad line cite', 40), ('final formula is not the conclusion', 31)]
no accepted proofs: skipping training this round
=== round 3 done in 155s; new proofs 0; cum targets solved 0
[r3_4a/ei_m85_s2 r4] targets (this round, pass@32) SOLVED 0/300 = 0.000 [0.000,0.013]
  len 7: 0/52 = 0.000 [0.000,0.069]
  len 8: 0/133 = 0.000 [0.000,0.028]
  len 9: 0/82 = 0.000 [0.000,0.045]
  len 10: 0/33 = 0.000 [0.000,0.104]
  written hist {}
  pruned hist {}
  frontier written 0 pruned 0
  reasons [('rule check failed: IMPE', 3548), ('rule check failed: ANDI', 1101), ('rule check failed: IMPI', 1035), ('bad line cite', 618), ('rule check failed: DN', 608), ('rule check failed: ANDE2', 424)]
[r3_4a/ei_m85_s2 r4] targets (cumulative 128 attempts) SOLVED 0/300 = 0.000 [0.000,0.013]
  len 7: 0/52 = 0.000 [0.000,0.069]
  len 8: 0/133 = 0.000 [0.000,0.028]
  len 9: 0/82 = 0.000 [0.000,0.045]
  len 10: 0/33 = 0.000 [0.000,0.104]
  written hist {}
  pruned hist {}
  frontier written 0 pruned 0
  reasons []
[r3_4a/ei_m85_s2 r4] transfer (this round, pass@32) SOLVED 0/150 = 0.000 [0.000,0.025]
  len 7: 0/27 = 0.000 [0.000,0.125]
  len 8: 0/67 = 0.000 [0.000,0.054]
  len 9: 0/41 = 0.000 [0.000,0.086]
  len 10: 0/15 = 0.000 [0.000,0.204]
  written hist {}
  pruned hist {}
  frontier written 0 pruned 0
  reasons [('rule check failed: IMPE', 1722), ('rule check failed: ANDI', 676), ('rule check failed: IMPI', 448), ('rule check failed: DN', 410), ('bad line cite', 273), ('bad box cite', 172)]
[r3_4a/ei_m85_s2 r4] transfer (cumulative 128 attempts) SOLVED 0/150 = 0.000 [0.000,0.025]
  len 7: 0/27 = 0.000 [0.000,0.125]
  len 8: 0/67 = 0.000 [0.000,0.054]
  len 9: 0/41 = 0.000 [0.000,0.086]
  len 10: 0/15 = 0.000 [0.000,0.204]
  written hist {}
  pruned hist {}
  frontier written 0 pruned 0
  reasons []
[r3_4a/ei_m85_s2 r4] transfer greedy SOLVED 0/150 = 0.000 [0.000,0.025]
  len 7: 0/27 = 0.000 [0.000,0.125]
  len 8: 0/67 = 0.000 [0.000,0.054]
  len 9: 0/41 = 0.000 [0.000,0.086]
  len 10: 0/15 = 0.000 [0.000,0.204]
  written hist {}
  pruned hist {}
  frontier written 0 pruned 0
  reasons [('rule check failed: IMPE', 56), ('rule check failed: ANDI', 24), ('rule check failed: IMPI', 14), ('rule check failed: DN', 11), ('bad line cite', 8), ('bad box cite', 7)]
[r3_4a/ei_m85_s2 r4] heldout greedy SOLVED 4470/5000 = 0.894 [0.885,0.902]
  len 2: 1000/1000 = 1.000 [0.996,1.000]
  len 3: 994/1000 = 0.994 [0.987,0.997]
  len 4: 987/1000 = 0.987 [0.978,0.992]
  len 5: 568/1000 = 0.568 [0.537,0.598]
  len 6: 921/1000 = 0.921 [0.903,0.936]
  written hist {2: 1037, 3: 992, 4: 1051, 5: 615, 6: 774, 7: 1}
  pruned hist {2: 1037, 3: 996, 4: 1050, 5: 614, 6: 772, 7: 1}
  frontier written 6 pruned 6
  reasons [('rule check failed: IMPE', 151), ('rule check failed: ANDI', 71), ('rule check failed: NEGE', 58), ('rule check failed: DN', 42), ('bad line cite', 40), ('final formula is not the conclusion', 31)]
no accepted proofs: skipping training this round
=== round 4 done in 130s; new proofs 0; cum targets solved 0
[r3_4a/ei_m85_s2 r5] targets (this round, pass@32) SOLVED 0/300 = 0.000 [0.000,0.013]
  len 7: 0/52 = 0.000 [0.000,0.069]
  len 8: 0/133 = 0.000 [0.000,0.028]
  len 9: 0/82 = 0.000 [0.000,0.045]
  len 10: 0/33 = 0.000 [0.000,0.104]
  written hist {}
  pruned hist {}
  frontier written 0 pruned 0
  reasons [('rule check failed: IMPE', 3484), ('rule check failed: ANDI', 1127), ('rule check failed: IMPI', 1015), ('rule check failed: DN', 658), ('bad line cite', 644), ('rule check failed: ANDE2', 445)]
[r3_4a/ei_m85_s2 r5] targets (cumulative 160 attempts) SOLVED 0/300 = 0.000 [0.000,0.013]
  len 7: 0/52 = 0.000 [0.000,0.069]
  len 8: 0/133 = 0.000 [0.000,0.028]
  len 9: 0/82 = 0.000 [0.000,0.045]
  len 10: 0/33 = 0.000 [0.000,0.104]
  written hist {}
  pruned hist {}
  frontier written 0 pruned 0
  reasons []
[r3_4a/ei_m85_s2 r5] transfer (this round, pass@32) SOLVED 0/150 = 0.000 [0.000,0.025]
  len 7: 0/27 = 0.000 [0.000,0.125]
  len 8: 0/67 = 0.000 [0.000,0.054]
  len 9: 0/41 = 0.000 [0.000,0.086]
  len 10: 0/15 = 0.000 [0.000,0.204]
  written hist {}
  pruned hist {}
  frontier written 0 pruned 0
  reasons [('rule check failed: IMPE', 1734), ('rule check failed: ANDI', 677), ('rule check failed: IMPI', 428), ('rule check failed: DN', 394), ('bad line cite', 258), ('final formula is not the conclusion', 184)]
[r3_4a/ei_m85_s2 r5] transfer (cumulative 160 attempts) SOLVED 0/150 = 0.000 [0.000,0.025]
  len 7: 0/27 = 0.000 [0.000,0.125]
  len 8: 0/67 = 0.000 [0.000,0.054]
  len 9: 0/41 = 0.000 [0.000,0.086]
  len 10: 0/15 = 0.000 [0.000,0.204]
  written hist {}
  pruned hist {}
  frontier written 0 pruned 0
  reasons []
[r3_4a/ei_m85_s2 r5] transfer greedy SOLVED 0/150 = 0.000 [0.000,0.025]
  len 7: 0/27 = 0.000 [0.000,0.125]
  len 8: 0/67 = 0.000 [0.000,0.054]
  len 9: 0/41 = 0.000 [0.000,0.086]
  len 10: 0/15 = 0.000 [0.000,0.204]
  written hist {}
  pruned hist {}
  frontier written 0 pruned 0
  reasons [('rule check failed: IMPE', 56), ('rule check failed: ANDI', 24), ('rule check failed: IMPI', 14), ('rule check failed: DN', 11), ('bad line cite', 8), ('bad box cite', 7)]
[r3_4a/ei_m85_s2 r5] heldout greedy SOLVED 4470/5000 = 0.894 [0.885,0.902]
  len 2: 1000/1000 = 1.000 [0.996,1.000]
  len 3: 994/1000 = 0.994 [0.987,0.997]
  len 4: 987/1000 = 0.987 [0.978,0.992]
  len 5: 568/1000 = 0.568 [0.537,0.598]
  len 6: 921/1000 = 0.921 [0.903,0.936]
  written hist {2: 1037, 3: 992, 4: 1051, 5: 615, 6: 774, 7: 1}
  pruned hist {2: 1037, 3: 996, 4: 1050, 5: 614, 6: 772, 7: 1}
  frontier written 6 pruned 6
  reasons [('rule check failed: IMPE', 151), ('rule check failed: ANDI', 71), ('rule check failed: NEGE', 58), ('rule check failed: DN', 42), ('bad line cite', 40), ('final formula is not the conclusion', 31)]
no accepted proofs: skipping training this round
=== round 5 done in 143s; new proofs 0; cum targets solved 0
[r3_4a/ei_m85_s2 r6] targets (this round, pass@32) SOLVED 0/300 = 0.000 [0.000,0.013]
  len 7: 0/52 = 0.000 [0.000,0.069]
  len 8: 0/133 = 0.000 [0.000,0.028]
  len 9: 0/82 = 0.000 [0.000,0.045]
  len 10: 0/33 = 0.000 [0.000,0.104]
  written hist {}
  pruned hist {}
  frontier written 0 pruned 0
  reasons [('rule check failed: IMPE', 3506), ('rule check failed: ANDI', 1130), ('rule check failed: IMPI', 1049), ('bad line cite', 649), ('rule check failed: DN', 628), ('rule check failed: ANDE2', 424)]
[r3_4a/ei_m85_s2 r6] targets (cumulative 192 attempts) SOLVED 0/300 = 0.000 [0.000,0.013]
  len 7: 0/52 = 0.000 [0.000,0.069]
  len 8: 0/133 = 0.000 [0.000,0.028]
  len 9: 0/82 = 0.000 [0.000,0.045]
  len 10: 0/33 = 0.000 [0.000,0.104]
  written hist {}
  pruned hist {}
  frontier written 0 pruned 0
  reasons []
[r3_4a/ei_m85_s2 r6] transfer (this round, pass@32) SOLVED 0/150 = 0.000 [0.000,0.025]
  len 7: 0/27 = 0.000 [0.000,0.125]
  len 8: 0/67 = 0.000 [0.000,0.054]
  len 9: 0/41 = 0.000 [0.000,0.086]
  len 10: 0/15 = 0.000 [0.000,0.204]
  written hist {}
  pruned hist {}
  frontier written 0 pruned 0
  reasons [('rule check failed: IMPE', 1709), ('rule check failed: ANDI', 691), ('rule check failed: IMPI', 442), ('rule check failed: DN', 377), ('bad line cite', 284), ('final formula is not the conclusion', 191)]
[r3_4a/ei_m85_s2 r6] transfer (cumulative 192 attempts) SOLVED 0/150 = 0.000 [0.000,0.025]
  len 7: 0/27 = 0.000 [0.000,0.125]
  len 8: 0/67 = 0.000 [0.000,0.054]
  len 9: 0/41 = 0.000 [0.000,0.086]
  len 10: 0/15 = 0.000 [0.000,0.204]
  written hist {}
  pruned hist {}
  frontier written 0 pruned 0
  reasons []
[r3_4a/ei_m85_s2 r6] transfer greedy SOLVED 0/150 = 0.000 [0.000,0.025]
  len 7: 0/27 = 0.000 [0.000,0.125]
  len 8: 0/67 = 0.000 [0.000,0.054]
  len 9: 0/41 = 0.000 [0.000,0.086]
  len 10: 0/15 = 0.000 [0.000,0.204]
  written hist {}
  pruned hist {}
  frontier written 0 pruned 0
  reasons [('rule check failed: IMPE', 56), ('rule check failed: ANDI', 24), ('rule check failed: IMPI', 14), ('rule check failed: DN', 11), ('bad line cite', 8), ('bad box cite', 7)]
[r3_4a/ei_m85_s2 r6] heldout greedy SOLVED 4470/5000 = 0.894 [0.885,0.902]
  len 2: 1000/1000 = 1.000 [0.996,1.000]
  len 3: 994/1000 = 0.994 [0.987,0.997]
  len 4: 987/1000 = 0.987 [0.978,0.992]
  len 5: 568/1000 = 0.568 [0.537,0.598]
  len 6: 921/1000 = 0.921 [0.903,0.936]
  written hist {2: 1037, 3: 992, 4: 1051, 5: 615, 6: 774, 7: 1}
  pruned hist {2: 1037, 3: 996, 4: 1050, 5: 614, 6: 772, 7: 1}
  frontier written 6 pruned 6
  reasons [('rule check failed: IMPE', 151), ('rule check failed: ANDI', 71), ('rule check failed: NEGE', 58), ('rule check failed: DN', 42), ('bad line cite', 40), ('final formula is not the conclusion', 31)]
no accepted proofs: skipping training this round
=== round 6 done in 128s; new proofs 0; cum targets solved 0
[r3_4a/ei_m85_s2 r7] targets (this round, pass@32) SOLVED 0/300 = 0.000 [0.000,0.013]
  len 7: 0/52 = 0.000 [0.000,0.069]
  len 8: 0/133 = 0.000 [0.000,0.028]
  len 9: 0/82 = 0.000 [0.000,0.045]
  len 10: 0/33 = 0.000 [0.000,0.104]
  written hist {}
  pruned hist {}
  frontier written 0 pruned 0
  reasons [('rule check failed: IMPE', 3574), ('rule check failed: ANDI', 1162), ('rule check failed: IMPI', 1016), ('bad line cite', 606), ('rule check failed: DN', 590), ('rule check failed: ANDE2', 431)]
[r3_4a/ei_m85_s2 r7] targets (cumulative 224 attempts) SOLVED 0/300 = 0.000 [0.000,0.013]
  len 7: 0/52 = 0.000 [0.000,0.069]
  len 8: 0/133 = 0.000 [0.000,0.028]
  len 9: 0/82 = 0.000 [0.000,0.045]
  len 10: 0/33 = 0.000 [0.000,0.104]
  written hist {}
  pruned hist {}
  frontier written 0 pruned 0
  reasons []
[r3_4a/ei_m85_s2 r7] transfer (this round, pass@32) SOLVED 0/150 = 0.000 [0.000,0.025]
  len 7: 0/27 = 0.000 [0.000,0.125]
  len 8: 0/67 = 0.000 [0.000,0.054]
  len 9: 0/41 = 0.000 [0.000,0.086]
  len 10: 0/15 = 0.000 [0.000,0.204]
  written hist {}
  pruned hist {}
  frontier written 0 pruned 0
  reasons [('rule check failed: IMPE', 1717), ('rule check failed: ANDI', 669), ('rule check failed: IMPI', 418), ('rule check failed: DN', 400), ('bad line cite', 287), ('final formula is not the conclusion', 175)]
[r3_4a/ei_m85_s2 r7] transfer (cumulative 224 attempts) SOLVED 0/150 = 0.000 [0.000,0.025]
  len 7: 0/27 = 0.000 [0.000,0.125]
  len 8: 0/67 = 0.000 [0.000,0.054]
  len 9: 0/41 = 0.000 [0.000,0.086]
  len 10: 0/15 = 0.000 [0.000,0.204]
  written hist {}
  pruned hist {}
  frontier written 0 pruned 0
  reasons []
[r3_4a/ei_m85_s2 r7] transfer greedy SOLVED 0/150 = 0.000 [0.000,0.025]
  len 7: 0/27 = 0.000 [0.000,0.125]
  len 8: 0/67 = 0.000 [0.000,0.054]
  len 9: 0/41 = 0.000 [0.000,0.086]
  len 10: 0/15 = 0.000 [0.000,0.204]
  written hist {}
  pruned hist {}
  frontier written 0 pruned 0
  reasons [('rule check failed: IMPE', 56), ('rule check failed: ANDI', 24), ('rule check failed: IMPI', 14), ('rule check failed: DN', 11), ('bad line cite', 8), ('bad box cite', 7)]
[r3_4a/ei_m85_s2 r7] heldout greedy SOLVED 4470/5000 = 0.894 [0.885,0.902]
  len 2: 1000/1000 = 1.000 [0.996,1.000]
  len 3: 994/1000 = 0.994 [0.987,0.997]
  len 4: 987/1000 = 0.987 [0.978,0.992]
  len 5: 568/1000 = 0.568 [0.537,0.598]
  len 6: 921/1000 = 0.921 [0.903,0.936]
  written hist {2: 1037, 3: 992, 4: 1051, 5: 615, 6: 774, 7: 1}
  pruned hist {2: 1037, 3: 996, 4: 1050, 5: 614, 6: 772, 7: 1}
  frontier written 6 pruned 6
  reasons [('rule check failed: IMPE', 151), ('rule check failed: ANDI', 71), ('rule check failed: NEGE', 58), ('rule check failed: DN', 42), ('bad line cite', 40), ('final formula is not the conclusion', 31)]
no accepted proofs: skipping training this round
=== round 7 done in 114s; new proofs 0; cum targets solved 0
[r3_4a/ei_m85_s2 r8] targets (this round, pass@32) SOLVED 0/300 = 0.000 [0.000,0.013]
  len 7: 0/52 = 0.000 [0.000,0.069]
  len 8: 0/133 = 0.000 [0.000,0.028]
  len 9: 0/82 = 0.000 [0.000,0.045]
  len 10: 0/33 = 0.000 [0.000,0.104]
  written hist {}
  pruned hist {}
  frontier written 0 pruned 0
  reasons [('rule check failed: IMPE', 3477), ('rule check failed: ANDI', 1113), ('rule check failed: IMPI', 1054), ('bad line cite', 644), ('rule check failed: DN', 615), ('rule check failed: ANDE2', 433)]
[r3_4a/ei_m85_s2 r8] targets (cumulative 256 attempts) SOLVED 0/300 = 0.000 [0.000,0.013]
  len 7: 0/52 = 0.000 [0.000,0.069]
  len 8: 0/133 = 0.000 [0.000,0.028]
  len 9: 0/82 = 0.000 [0.000,0.045]
  len 10: 0/33 = 0.000 [0.000,0.104]
  written hist {}
  pruned hist {}
  frontier written 0 pruned 0
  reasons []
[r3_4a/ei_m85_s2 r8] transfer (this round, pass@32) SOLVED 0/150 = 0.000 [0.000,0.025]
  len 7: 0/27 = 0.000 [0.000,0.125]
  len 8: 0/67 = 0.000 [0.000,0.054]
  len 9: 0/41 = 0.000 [0.000,0.086]
  len 10: 0/15 = 0.000 [0.000,0.204]
  written hist {}
  pruned hist {}
  frontier written 0 pruned 0
  reasons [('rule check failed: IMPE', 1711), ('rule check failed: ANDI', 691), ('rule check failed: IMPI', 421), ('rule check failed: DN', 413), ('bad line cite', 283), ('final formula is not the conclusion', 182)]
[r3_4a/ei_m85_s2 r8] transfer (cumulative 256 attempts) SOLVED 0/150 = 0.000 [0.000,0.025]
  len 7: 0/27 = 0.000 [0.000,0.125]
  len 8: 0/67 = 0.000 [0.000,0.054]
  len 9: 0/41 = 0.000 [0.000,0.086]
  len 10: 0/15 = 0.000 [0.000,0.204]
  written hist {}
  pruned hist {}
  frontier written 0 pruned 0
  reasons []
[r3_4a/ei_m85_s2 r8] transfer greedy SOLVED 0/150 = 0.000 [0.000,0.025]
  len 7: 0/27 = 0.000 [0.000,0.125]
  len 8: 0/67 = 0.000 [0.000,0.054]
  len 9: 0/41 = 0.000 [0.000,0.086]
  len 10: 0/15 = 0.000 [0.000,0.204]
  written hist {}
  pruned hist {}
  frontier written 0 pruned 0
  reasons [('rule check failed: IMPE', 56), ('rule check failed: ANDI', 24), ('rule check failed: IMPI', 14), ('rule check failed: DN', 11), ('bad line cite', 8), ('bad box cite', 7)]
[r3_4a/ei_m85_s2 r8] heldout greedy SOLVED 4470/5000 = 0.894 [0.885,0.902]
  len 2: 1000/1000 = 1.000 [0.996,1.000]
  len 3: 994/1000 = 0.994 [0.987,0.997]
  len 4: 987/1000 = 0.987 [0.978,0.992]
  len 5: 568/1000 = 0.568 [0.537,0.598]
  len 6: 921/1000 = 0.921 [0.903,0.936]
  written hist {2: 1037, 3: 992, 4: 1051, 5: 615, 6: 774, 7: 1}
  pruned hist {2: 1037, 3: 996, 4: 1050, 5: 614, 6: 772, 7: 1}
  frontier written 6 pruned 6
  reasons [('rule check failed: IMPE', 151), ('rule check failed: ANDI', 71), ('rule check failed: NEGE', 58), ('rule check failed: DN', 42), ('bad line cite', 40), ('final formula is not the conclusion', 31)]
no accepted proofs: skipping training this round
=== round 8 done in 147s; new proofs 0; cum targets solved 0
