[r3_4a/frozen_m85_s1 r1] targets (this round, pass@32) SOLVED 1/300 = 0.003 [0.001,0.019]
  len 7: 1/52 = 0.019 [0.003,0.101]
  len 8: 0/133 = 0.000 [0.000,0.028]
  len 9: 0/82 = 0.000 [0.000,0.045]
  len 10: 0/33 = 0.000 [0.000,0.104]
  written hist {7: 1}
  pruned hist {7: 1}
  frontier written 0 pruned 0
  reasons [('rule check failed: IMPE', 3080), ('rule check failed: ANDI', 1147), ('rule check failed: IMPI', 1110), ('rule check failed: DN', 1058), ('rule check failed: NEGE', 679), ('bad line cite', 489)]
[r3_4a/frozen_m85_s1 r1] targets (cumulative 32 attempts) SOLVED 1/300 = 0.003 [0.001,0.019]
  len 7: 1/52 = 0.019 [0.003,0.101]
  len 8: 0/133 = 0.000 [0.000,0.028]
  len 9: 0/82 = 0.000 [0.000,0.045]
  len 10: 0/33 = 0.000 [0.000,0.104]
  written hist {7: 1}
  pruned hist {7: 1}
  frontier written 0 pruned 0
  reasons []
[r3_4a/frozen_m85_s1 r1] transfer (this round, pass@32) SOLVED 2/150 = 0.013 [0.004,0.047]
  len 7: 2/27 = 0.074 [0.021,0.234]
  len 8: 0/67 = 0.000 [0.000,0.054]
  len 9: 0/41 = 0.000 [0.000,0.086]
  len 10: 0/15 = 0.000 [0.000,0.204]
  written hist {7: 2}
  pruned hist {7: 2}
  frontier written 0 pruned 0
  reasons [('rule check failed: IMPE', 1801), ('rule check failed: ANDI', 683), ('rule check failed: IMPI', 549), ('rule check failed: DN', 322), ('bad line cite', 219), ('bad box cite', 180)]
[r3_4a/frozen_m85_s1 r1] transfer (cumulative 32 attempts) SOLVED 2/150 = 0.013 [0.004,0.047]
  len 7: 2/27 = 0.074 [0.021,0.234]
  len 8: 0/67 = 0.000 [0.000,0.054]
  len 9: 0/41 = 0.000 [0.000,0.086]
  len 10: 0/15 = 0.000 [0.000,0.204]
  written hist {7: 2}
  pruned hist {7: 2}
  frontier written 0 pruned 0
  reasons []
[r3_4a/frozen_m85_s1 r1] transfer greedy SOLVED 0/150 = 0.000 [0.000,0.025]
  len 7: 0/27 = 0.000 [0.000,0.125]
  len 8: 0/67 = 0.000 [0.000,0.054]
  len 9: 0/41 = 0.000 [0.000,0.086]
  len 10: 0/15 = 0.000 [0.000,0.204]
  written hist {}
  pruned hist {}
  frontier written 0 pruned 0
  reasons [('rule check failed: IMPE', 58), ('rule check failed: ANDI', 25), ('rule check failed: IMPI', 16), ('line index mismatch at position 3', 11), ('bad box cite', 6), ('rule check failed: ANDE2', 6)]
[r3_4a/frozen_m85_s1 r1] heldout greedy SOLVED 4567/5000 = 0.913 [0.905,0.921]
  len 2: 999/1000 = 0.999 [0.994,1.000]
  len 3: 998/1000 = 0.998 [0.993,0.999]
  len 4: 979/1000 = 0.979 [0.968,0.986]
  len 5: 647/1000 = 0.647 [0.617,0.676]
  len 6: 944/1000 = 0.944 [0.928,0.957]
  written hist {2: 1108, 3: 991, 4: 1060, 5: 624, 6: 783, 7: 1}
  pruned hist {2: 1109, 3: 992, 4: 1061, 5: 623, 6: 781, 7: 1}
  frontier written 6 pruned 6
  reasons [('rule check failed: IMPE', 103), ('rule check failed: DN', 42), ('rule check failed: ANDI', 38), ('final formula is not the conclusion', 31), ('rule check failed: IMPI', 28), ('parse: missing ) after ~', 28)]
=== round 1 done in 86s; new proofs 1; cum targets solved 1
[r3_4a/frozen_m85_s1 r2] targets (this round, pass@32) SOLVED 2/300 = 0.007 [0.002,0.024]
  len 7: 2/52 = 0.038 [0.011,0.130]
  len 8: 0/133 = 0.000 [0.000,0.028]
  len 9: 0/82 = 0.000 [0.000,0.045]
  len 10: 0/33 = 0.000 [0.000,0.104]
  written hist {7: 4}
  pruned hist {7: 4}
  frontier written 0 pruned 0
  reasons [('rule check failed: IMPE', 3076), ('rule check failed: ANDI', 1178), ('rule check failed: IMPI', 1129), ('rule check failed: DN', 1015), ('rule check failed: NEGE', 655), ('bad line cite', 526)]
[r3_4a/frozen_m85_s1 r2] targets (cumulative 64 attempts) SOLVED 2/300 = 0.007 [0.002,0.024]
  len 7: 2/52 = 0.038 [0.011,0.130]
  len 8: 0/133 = 0.000 [0.000,0.028]
  len 9: 0/82 = 0.000 [0.000,0.045]
  len 10: 0/33 = 0.000 [0.000,0.104]
  written hist {7: 5}
  pruned hist {7: 5}
  frontier written 7 pruned 7
  reasons []
[r3_4a/frozen_m85_s1 r2] transfer (this round, pass@32) SOLVED 1/150 = 0.007 [0.001,0.037]
  len 7: 1/27 = 0.037 [0.007,0.183]
  len 8: 0/67 = 0.000 [0.000,0.054]
  len 9: 0/41 = 0.000 [0.000,0.086]
  len 10: 0/15 = 0.000 [0.000,0.204]
  written hist {7: 3}
  pruned hist {7: 3}
  frontier written 0 pruned 0
  reasons [('rule check failed: IMPE', 1757), ('rule check failed: ANDI', 656), ('rule check failed: IMPI', 560), ('rule check failed: DN', 327), ('bad line cite', 235), ('rule check failed: ANDE2', 180)]
[r3_4a/frozen_m85_s1 r2] transfer (cumulative 64 attempts) SOLVED 2/150 = 0.013 [0.004,0.047]
  len 7: 2/27 = 0.074 [0.021,0.234]
  len 8: 0/67 = 0.000 [0.000,0.054]
  len 9: 0/41 = 0.000 [0.000,0.086]
  len 10: 0/15 = 0.000 [0.000,0.204]
  written hist {7: 5}
  pruned hist {7: 5}
  frontier written 7 pruned 7
  reasons []
[r3_4a/frozen_m85_s1 r2] transfer greedy SOLVED 0/150 = 0.000 [0.000,0.025]
  len 7: 0/27 = 0.000 [0.000,0.125]
  len 8: 0/67 = 0.000 [0.000,0.054]
  len 9: 0/41 = 0.000 [0.000,0.086]
  len 10: 0/15 = 0.000 [0.000,0.204]
  written hist {}
  pruned hist {}
  frontier written 0 pruned 0
  reasons [('rule check failed: IMPE', 58), ('rule check failed: ANDI', 25), ('rule check failed: IMPI', 16), ('line index mismatch at position 3', 11), ('bad box cite', 6), ('rule check failed: ANDE2', 6)]
[r3_4a/frozen_m85_s1 r2] heldout greedy SOLVED 4567/5000 = 0.913 [0.905,0.921]
  len 2: 999/1000 = 0.999 [0.994,1.000]
  len 3: 998/1000 = 0.998 [0.993,0.999]
  len 4: 979/1000 = 0.979 [0.968,0.986]
  len 5: 647/1000 = 0.647 [0.617,0.676]
  len 6: 944/1000 = 0.944 [0.928,0.957]
  written hist {2: 1108, 3: 991, 4: 1060, 5: 624, 6: 783, 7: 1}
  pruned hist {2: 1109, 3: 992, 4: 1061, 5: 623, 6: 781, 7: 1}
  frontier written 6 pruned 6
  reasons [('rule check failed: IMPE', 103), ('rule check failed: DN', 42), ('rule check failed: ANDI', 38), ('final formula is not the conclusion', 31), ('rule check failed: IMPI', 28), ('parse: missing ) after ~', 28)]
=== round 2 done in 84s; new proofs 4; cum targets solved 2
[r3_4a/frozen_m85_s1 r3] targets (this round, pass@32) SOLVED 1/300 = 0.003 [0.001,0.019]
  len 7: 1/52 = 0.019 [0.003,0.101]
  len 8: 0/133 = 0.000 [0.000,0.028]
  len 9: 0/82 = 0.000 [0.000,0.045]
  len 10: 0/33 = 0.000 [0.000,0.104]
  written hist {7: 2}
  pruned hist {7: 2}
  frontier written 0 pruned 0
  reasons [('rule check failed: IMPE', 3087), ('rule check failed: ANDI', 1187), ('rule check failed: IMPI', 1102), ('rule check failed: DN', 1022), ('rule check failed: NEGE', 666), ('bad line cite', 541)]
[r3_4a/frozen_m85_s1 r3] targets (cumulative 96 attempts) SOLVED 2/300 = 0.007 [0.002,0.024]
  len 7: 2/52 = 0.038 [0.011,0.130]
  len 8: 0/133 = 0.000 [0.000,0.028]
  len 9: 0/82 = 0.000 [0.000,0.045]
  len 10: 0/33 = 0.000 [0.000,0.104]
  written hist {7: 6}
  pruned hist {7: 6}
  frontier written 7 pruned 7
  reasons []
[r3_4a/frozen_m85_s1 r3] transfer (this round, pass@32) SOLVED 1/150 = 0.007 [0.001,0.037]
  len 7: 1/27 = 0.037 [0.007,0.183]
  len 8: 0/67 = 0.000 [0.000,0.054]
  len 9: 0/41 = 0.000 [0.000,0.086]
  len 10: 0/15 = 0.000 [0.000,0.204]
  written hist {7: 3}
  pruned hist {7: 3}
  frontier written 0 pruned 0
  reasons [('rule check failed: IMPE', 1750), ('rule check failed: ANDI', 636), ('rule check failed: IMPI', 547), ('rule check failed: DN', 332), ('bad line cite', 223), ('rule check failed: NEGE', 195)]
[r3_4a/frozen_m85_s1 r3] transfer (cumulative 96 attempts) SOLVED 2/150 = 0.013 [0.004,0.047]
  len 7: 2/27 = 0.074 [0.021,0.234]
  len 8: 0/67 = 0.000 [0.000,0.054]
  len 9: 0/41 = 0.000 [0.000,0.086]
  len 10: 0/15 = 0.000 [0.000,0.204]
  written hist {7: 8}
  pruned hist {7: 8}
  frontier written 7 pruned 7
  reasons []
[r3_4a/frozen_m85_s1 r3] transfer greedy SOLVED 0/150 = 0.000 [0.000,0.025]
  len 7: 0/27 = 0.000 [0.000,0.125]
  len 8: 0/67 = 0.000 [0.000,0.054]
  len 9: 0/41 = 0.000 [0.000,0.086]
  len 10: 0/15 = 0.000 [0.000,0.204]
  written hist {}
  pruned hist {}
  frontier written 0 pruned 0
  reasons [('rule check failed: IMPE', 58), ('rule check failed: ANDI', 25), ('rule check failed: IMPI', 16), ('line index mismatch at position 3', 11), ('bad box cite', 6), ('rule check failed: ANDE2', 6)]
[r3_4a/frozen_m85_s1 r3] heldout greedy SOLVED 4567/5000 = 0.913 [0.905,0.921]
  len 2: 999/1000 = 0.999 [0.994,1.000]
  len 3: 998/1000 = 0.998 [0.993,0.999]
  len 4: 979/1000 = 0.979 [0.968,0.986]
  len 5: 647/1000 = 0.647 [0.617,0.676]
  len 6: 944/1000 = 0.944 [0.928,0.957]
  written hist {2: 1108, 3: 991, 4: 1060, 5: 624, 6: 783, 7: 1}
  pruned hist {2: 1109, 3: 992, 4: 1061, 5: 623, 6: 781, 7: 1}
  frontier written 6 pruned 6
  reasons [('rule check failed: IMPE', 103), ('rule check failed: DN', 42), ('rule check failed: ANDI', 38), ('final formula is not the conclusion', 31), ('rule check failed: IMPI', 28), ('parse: missing ) after ~', 28)]
=== round 3 done in 79s; new proofs 1; cum targets solved 2
[r3_4a/frozen_m85_s1 r4] targets (this round, pass@32) SOLVED 1/300 = 0.003 [0.001,0.019]
  len 7: 1/52 = 0.019 [0.003,0.101]
  len 8: 0/133 = 0.000 [0.000,0.028]
  len 9: 0/82 = 0.000 [0.000,0.045]
  len 10: 0/33 = 0.000 [0.000,0.104]
  written hist {7: 1}
  pruned hist {7: 1}
  frontier written 0 pruned 0
  reasons [('rule check failed: IMPE', 3051), ('rule check failed: ANDI', 1191), ('rule check failed: IMPI', 1121), ('rule check failed: DN', 1059), ('rule check failed: NEGE', 676), ('bad line cite', 492)]
[r3_4a/frozen_m85_s1 r4] targets (cumulative 128 attempts) SOLVED 2/300 = 0.007 [0.002,0.024]
  len 7: 2/52 = 0.038 [0.011,0.130]
  len 8: 0/133 = 0.000 [0.000,0.028]
  len 9: 0/82 = 0.000 [0.000,0.045]
  len 10: 0/33 = 0.000 [0.000,0.104]
  written hist {7: 7}
  pruned hist {7: 7}
  frontier written 7 pruned 7
  reasons []
[r3_4a/frozen_m85_s1 r4] transfer (this round, pass@32) SOLVED 1/150 = 0.007 [0.001,0.037]
  len 7: 1/27 = 0.037 [0.007,0.183]
  len 8: 0/67 = 0.000 [0.000,0.054]
  len 9: 0/41 = 0.000 [0.000,0.086]
  len 10: 0/15 = 0.000 [0.000,0.204]
  written hist {7: 2}
  pruned hist {7: 2}
  frontier written 0 pruned 0
  reasons [('rule check failed: IMPE', 1792), ('rule check failed: ANDI', 685), ('rule check failed: IMPI', 535), ('rule check failed: DN', 300), ('bad line cite', 220), ('rule check failed: NEGE', 180)]
[r3_4a/frozen_m85_s1 r4] transfer (cumulative 128 attempts) SOLVED 2/150 = 0.013 [0.004,0.047]
  len 7: 2/27 = 0.074 [0.021,0.234]
  len 8: 0/67 = 0.000 [0.000,0.054]
  len 9: 0/41 = 0.000 [0.000,0.086]
  len 10: 0/15 = 0.000 [0.000,0.204]
  written hist {7: 10}
  pruned hist {7: 10}
  frontier written 7 pruned 7
  reasons []
[r3_4a/frozen_m85_s1 r4] transfer greedy SOLVED 0/150 = 0.000 [0.000,0.025]
  len 7: 0/27 = 0.000 [0.000,0.125]
  len 8: 0/67 = 0.000 [0.000,0.054]
  len 9: 0/41 = 0.000 [0.000,0.086]
  len 10: 0/15 = 0.000 [0.000,0.204]
  written hist {}
  pruned hist {}
  frontier written 0 pruned 0
  reasons [('rule check failed: IMPE', 58), ('rule check failed: ANDI', 25), ('rule check failed: IMPI', 16), ('line index mismatch at position 3', 11), ('bad box cite', 6), ('rule check failed: ANDE2', 6)]
[r3_4a/frozen_m85_s1 r4] heldout greedy SOLVED 4567/5000 = 0.913 [0.905,0.921]
  len 2: 999/1000 = 0.999 [0.994,1.000]
  len 3: 998/1000 = 0.998 [0.993,0.999]
  len 4: 979/1000 = 0.979 [0.968,0.986]
  len 5: 647/1000 = 0.647 [0.617,0.676]
  len 6: 944/1000 = 0.944 [0.928,0.957]
  written hist {2: 1108, 3: 991, 4: 1060, 5: 624, 6: 783, 7: 1}
  pruned hist {2: 1109, 3: 992, 4: 1061, 5: 623, 6: 781, 7: 1}
  frontier written 6 pruned 6
  reasons [('rule check failed: IMPE', 103), ('rule check failed: DN', 42), ('rule check failed: ANDI', 38), ('final formula is not the conclusion', 31), ('rule check failed: IMPI', 28), ('parse: missing ) after ~', 28)]
=== round 4 done in 85s; new proofs 1; cum targets solved 2
[r3_4a/frozen_m85_s1 r5] targets (this round, pass@32) SOLVED 1/300 = 0.003 [0.001,0.019]
  len 7: 1/52 = 0.019 [0.003,0.101]
  len 8: 0/133 = 0.000 [0.000,0.028]
  len 9: 0/82 = 0.000 [0.000,0.045]
  len 10: 0/33 = 0.000 [0.000,0.104]
  written hist {7: 1}
  pruned hist {7: 1}
  frontier written 0 pruned 0
  reasons [('rule check failed: IMPE', 3055), ('rule check failed: ANDI', 1150), ('rule check failed: IMPI', 1143), ('rule check failed: DN', 1039), ('rule check failed: NEGE', 639), ('bad line cite', 545)]
[r3_4a/frozen_m85_s1 r5] targets (cumulative 160 attempts) SOLVED 2/300 = 0.007 [0.002,0.024]
  len 7: 2/52 = 0.038 [0.011,0.130]
  len 8: 0/133 = 0.000 [0.000,0.028]
  len 9: 0/82 = 0.000 [0.000,0.045]
  len 10: 0/33 = 0.000 [0.000,0.104]
  written hist {7: 8}
  pruned hist {7: 8}
  frontier written 7 pruned 7
  reasons []
[r3_4a/frozen_m85_s1 r5] transfer (this round, pass@32) SOLVED 1/150 = 0.007 [0.001,0.037]
  len 7: 1/27 = 0.037 [0.007,0.183]
  len 8: 0/67 = 0.000 [0.000,0.054]
  len 9: 0/41 = 0.000 [0.000,0.086]
  len 10: 0/15 = 0.000 [0.000,0.204]
  written hist {7: 1}
  pruned hist {7: 1}
  frontier written 0 pruned 0
  reasons [('rule check failed: IMPE', 1779), ('rule check failed: ANDI', 649), ('rule check failed: IMPI', 542), ('rule check failed: DN', 340), ('bad line cite', 217), ('rule check failed: NEGE', 180)]
[r3_4a/frozen_m85_s1 r5] transfer (cumulative 160 attempts) SOLVED 2/150 = 0.013 [0.004,0.047]
  len 7: 2/27 = 0.074 [0.021,0.234]
  len 8: 0/67 = 0.000 [0.000,0.054]
  len 9: 0/41 = 0.000 [0.000,0.086]
  len 10: 0/15 = 0.000 [0.000,0.204]
  written hist {7: 11}
  pruned hist {7: 11}
  frontier written 7 pruned 7
  reasons []
[r3_4a/frozen_m85_s1 r5] transfer greedy SOLVED 0/150 = 0.000 [0.000,0.025]
  len 7: 0/27 = 0.000 [0.000,0.125]
  len 8: 0/67 = 0.000 [0.000,0.054]
  len 9: 0/41 = 0.000 [0.000,0.086]
  len 10: 0/15 = 0.000 [0.000,0.204]
  written hist {}
  pruned hist {}
  frontier written 0 pruned 0
  reasons [('rule check failed: IMPE', 58), ('rule check failed: ANDI', 25), ('rule check failed: IMPI', 16), ('line index mismatch at position 3', 11), ('bad box cite', 6), ('rule check failed: ANDE2', 6)]
[r3_4a/frozen_m85_s1 r5] heldout greedy SOLVED 4567/5000 = 0.913 [0.905,0.921]
  len 2: 999/1000 = 0.999 [0.994,1.000]
  len 3: 998/1000 = 0.998 [0.993,0.999]
  len 4: 979/1000 = 0.979 [0.968,0.986]
  len 5: 647/1000 = 0.647 [0.617,0.676]
  len 6: 944/1000 = 0.944 [0.928,0.957]
  written hist {2: 1108, 3: 991, 4: 1060, 5: 624, 6: 783, 7: 1}
  pruned hist {2: 1109, 3: 992, 4: 1061, 5: 623, 6: 781, 7: 1}
  frontier written 6 pruned 6
  reasons [('rule check failed: IMPE', 103), ('rule check failed: DN', 42), ('rule check failed: ANDI', 38), ('final formula is not the conclusion', 31), ('rule check failed: IMPI', 28), ('parse: missing ) after ~', 28)]
=== round 5 done in 92s; new proofs 1; cum targets solved 2
[r3_4a/frozen_m85_s1 r6] targets (this round, pass@32) SOLVED 1/300 = 0.003 [0.001,0.019]
  len 7: 1/52 = 0.019 [0.003,0.101]
  len 8: 0/133 = 0.000 [0.000,0.028]
  len 9: 0/82 = 0.000 [0.000,0.045]
  len 10: 0/33 = 0.000 [0.000,0.104]
  written hist {7: 1}
  pruned hist {7: 1}
  frontier written 0 pruned 0
  reasons [('rule check failed: IMPE', 3072), ('rule check failed: ANDI', 1171), ('rule check failed: IMPI', 1133), ('rule check failed: DN', 1031), ('rule check failed: NEGE', 677), ('bad line cite', 502)]
[r3_4a/frozen_m85_s1 r6] targets (cumulative 192 attempts) SOLVED 2/300 = 0.007 [0.002,0.024]
  len 7: 2/52 = 0.038 [0.011,0.130]
  len 8: 0/133 = 0.000 [0.000,0.028]
  len 9: 0/82 = 0.000 [0.000,0.045]
  len 10: 0/33 = 0.000 [0.000,0.104]
  written hist {7: 9}
  pruned hist {7: 9}
  frontier written 7 pruned 7
  reasons []
[r3_4a/frozen_m85_s1 r6] transfer (this round, pass@32) SOLVED 1/150 = 0.007 [0.001,0.037]
  len 7: 1/27 = 0.037 [0.007,0.183]
  len 8: 0/67 = 0.000 [0.000,0.054]
  len 9: 0/41 = 0.000 [0.000,0.086]
  len 10: 0/15 = 0.000 [0.000,0.204]
  written hist {7: 3}
  pruned hist {7: 3}
  frontier written 0 pruned 0
  reasons [('rule check failed: IMPE', 1741), ('rule check failed: ANDI', 663), ('rule check failed: IMPI', 541), ('rule check failed: DN', 330), ('bad line cite', 246), ('rule check failed: NEGE', 189)]
[r3_4a/frozen_m85_s1 r6] transfer (cumulative 192 attempts) SOLVED 2/150 = 0.013 [0.004,0.047]
  len 7: 2/27 = 0.074 [0.021,0.234]
  len 8: 0/67 = 0.000 [0.000,0.054]
  len 9: 0/41 = 0.000 [0.000,0.086]
  len 10: 0/15 = 0.000 [0.000,0.204]
  written hist {7: 13}
  pruned hist {7: 13}
  frontier written 7 pruned 7
  reasons []
[r3_4a/frozen_m85_s1 r6] transfer greedy SOLVED 0/150 = 0.000 [0.000,0.025]
  len 7: 0/27 = 0.000 [0.000,0.125]
  len 8: 0/67 = 0.000 [0.000,0.054]
  len 9: 0/41 = 0.000 [0.000,0.086]
  len 10: 0/15 = 0.000 [0.000,0.204]
  written hist {}
  pruned hist {}
  frontier written 0 pruned 0
  reasons [('rule check failed: IMPE', 58), ('rule check failed: ANDI', 25), ('rule check failed: IMPI', 16), ('line index mismatch at position 3', 11), ('bad box cite', 6), ('rule check failed: ANDE2', 6)]
[r3_4a/frozen_m85_s1 r6] heldout greedy SOLVED 4567/5000 = 0.913 [0.905,0.921]
  len 2: 999/1000 = 0.999 [0.994,1.000]
  len 3: 998/1000 = 0.998 [0.993,0.999]
  len 4: 979/1000 = 0.979 [0.968,0.986]
  len 5: 647/1000 = 0.647 [0.617,0.676]
  len 6: 944/1000 = 0.944 [0.928,0.957]
  written hist {2: 1108, 3: 991, 4: 1060, 5: 624, 6: 783, 7: 1}
  pruned hist {2: 1109, 3: 992, 4: 1061, 5: 623, 6: 781, 7: 1}
  frontier written 6 pruned 6
  reasons [('rule check failed: IMPE', 103), ('rule check failed: DN', 42), ('rule check failed: ANDI', 38), ('final formula is not the conclusion', 31), ('rule check failed: IMPI', 28), ('parse: missing ) after ~', 28)]
=== round 6 done in 94s; new proofs 1; cum targets solved 2
[r3_4a/frozen_m85_s1 r7] targets (this round, pass@32) SOLVED 0/300 = 0.000 [0.000,0.013]
  len 7: 0/52 = 0.000 [0.000,0.069]
  len 8: 0/133 = 0.000 [0.000,0.028]
  len 9: 0/82 = 0.000 [0.000,0.045]
  len 10: 0/33 = 0.000 [0.000,0.104]
  written hist {}
  pruned hist {}
  frontier written 0 pruned 0
  reasons [('rule check failed: IMPE', 3078), ('rule check failed: ANDI', 1204), ('rule check failed: IMPI', 1136), ('rule check failed: DN', 1010), ('rule check failed: NEGE', 690), ('bad line cite', 493)]
[r3_4a/frozen_m85_s1 r7] targets (cumulative 224 attempts) SOLVED 2/300 = 0.007 [0.002,0.024]
  len 7: 2/52 = 0.038 [0.011,0.130]
  len 8: 0/133 = 0.000 [0.000,0.028]
  len 9: 0/82 = 0.000 [0.000,0.045]
  len 10: 0/33 = 0.000 [0.000,0.104]
  written hist {7: 9}
  pruned hist {7: 9}
  frontier written 7 pruned 7
  reasons []
[r3_4a/frozen_m85_s1 r7] transfer (this round, pass@32) SOLVED 1/150 = 0.007 [0.001,0.037]
  len 7: 1/27 = 0.037 [0.007,0.183]
  len 8: 0/67 = 0.000 [0.000,0.054]
  len 9: 0/41 = 0.000 [0.000,0.086]
  len 10: 0/15 = 0.000 [0.000,0.204]
  written hist {7: 3}
  pruned hist {7: 3}
  frontier written 0 pruned 0
  reasons [('rule check failed: IMPE', 1801), ('rule check failed: ANDI', 670), ('rule check failed: IMPI', 527), ('rule check failed: DN', 318), ('bad line cite', 219), ('rule check failed: NEGE', 179)]
[r3_4a/frozen_m85_s1 r7] transfer (cumulative 224 attempts) SOLVED 2/150 = 0.013 [0.004,0.047]
  len 7: 2/27 = 0.074 [0.021,0.234]
  len 8: 0/67 = 0.000 [0.000,0.054]
  len 9: 0/41 = 0.000 [0.000,0.086]
  len 10: 0/15 = 0.000 [0.000,0.204]
  written hist {7: 14}
  pruned hist {7: 14}
  frontier written 7 pruned 7
  reasons []
[r3_4a/frozen_m85_s1 r7] transfer greedy SOLVED 0/150 = 0.000 [0.000,0.025]
  len 7: 0/27 = 0.000 [0.000,0.125]
  len 8: 0/67 = 0.000 [0.000,0.054]
  len 9: 0/41 = 0.000 [0.000,0.086]
  len 10: 0/15 = 0.000 [0.000,0.204]
  written hist {}
  pruned hist {}
  frontier written 0 pruned 0
  reasons [('rule check failed: IMPE', 58), ('rule check failed: ANDI', 25), ('rule check failed: IMPI', 16), ('line index mismatch at position 3', 11), ('bad box cite', 6), ('rule check failed: ANDE2', 6)]
[r3_4a/frozen_m85_s1 r7] heldout greedy SOLVED 4567/5000 = 0.913 [0.905,0.921]
  len 2: 999/1000 = 0.999 [0.994,1.000]
  len 3: 998/1000 = 0.998 [0.993,0.999]
  len 4: 979/1000 = 0.979 [0.968,0.986]
  len 5: 647/1000 = 0.647 [0.617,0.676]
  len 6: 944/1000 = 0.944 [0.928,0.957]
  written hist {2: 1108, 3: 991, 4: 1060, 5: 624, 6: 783, 7: 1}
  pruned hist {2: 1109, 3: 992, 4: 1061, 5: 623, 6: 781, 7: 1}
  frontier written 6 pruned 6
  reasons [('rule check failed: IMPE', 103), ('rule check failed: DN', 42), ('rule check failed: ANDI', 38), ('final formula is not the conclusion', 31), ('rule check failed: IMPI', 28), ('parse: missing ) after ~', 28)]
=== round 7 done in 85s; new proofs 0; cum targets solved 2
[r3_4a/frozen_m85_s1 r8] targets (this round, pass@32) SOLVED 0/300 = 0.000 [0.000,0.013]
  len 7: 0/52 = 0.000 [0.000,0.069]
  len 8: 0/133 = 0.000 [0.000,0.028]
  len 9: 0/82 = 0.000 [0.000,0.045]
  len 10: 0/33 = 0.000 [0.000,0.104]
  written hist {}
  pruned hist {}
  frontier written 0 pruned 0
  reasons [('rule check failed: IMPE', 3015), ('rule check failed: ANDI', 1155), ('rule check failed: IMPI', 1120), ('rule check failed: DN', 1042), ('rule check failed: NEGE', 686), ('bad line cite', 498)]
[r3_4a/frozen_m85_s1 r8] targets (cumulative 256 attempts) SOLVED 2/300 = 0.007 [0.002,0.024]
  len 7: 2/52 = 0.038 [0.011,0.130]
  len 8: 0/133 = 0.000 [0.000,0.028]
  len 9: 0/82 = 0.000 [0.000,0.045]
  len 10: 0/33 = 0.000 [0.000,0.104]
  written hist {7: 9}
  pruned hist {7: 9}
  frontier written 7 pruned 7
  reasons []
[r3_4a/frozen_m85_s1 r8] transfer (this round, pass@32) SOLVED 1/150 = 0.007 [0.001,0.037]
  len 7: 1/27 = 0.037 [0.007,0.183]
  len 8: 0/67 = 0.000 [0.000,0.054]
  len 9: 0/41 = 0.000 [0.000,0.086]
  len 10: 0/15 = 0.000 [0.000,0.204]
  written hist {7: 4}
  pruned hist {7: 4}
  frontier written 0 pruned 0
  reasons [('rule check failed: IMPE', 1792), ('rule check failed: ANDI', 635), ('rule check failed: IMPI', 531), ('rule check failed: DN', 314), ('bad line cite', 224), ('rule check failed: NEGE', 189)]
[r3_4a/frozen_m85_s1 r8] transfer (cumulative 256 attempts) SOLVED 2/150 = 0.013 [0.004,0.047]
  len 7: 2/27 = 0.074 [0.021,0.234]
  len 8: 0/67 = 0.000 [0.000,0.054]
  len 9: 0/41 = 0.000 [0.000,0.086]
  len 10: 0/15 = 0.000 [0.000,0.204]
  written hist {7: 16}
  pruned hist {7: 16}
  frontier written 7 pruned 7
  reasons []
[r3_4a/frozen_m85_s1 r8] transfer greedy SOLVED 0/150 = 0.000 [0.000,0.025]
  len 7: 0/27 = 0.000 [0.000,0.125]
  len 8: 0/67 = 0.000 [0.000,0.054]
  len 9: 0/41 = 0.000 [0.000,0.086]
  len 10: 0/15 = 0.000 [0.000,0.204]
  written hist {}
  pruned hist {}
  frontier written 0 pruned 0
  reasons [('rule check failed: IMPE', 58), ('rule check failed: ANDI', 25), ('rule check failed: IMPI', 16), ('line index mismatch at position 3', 11), ('bad box cite', 6), ('rule check failed: ANDE2', 6)]
[r3_4a/frozen_m85_s1 r8] heldout greedy SOLVED 4567/5000 = 0.913 [0.905,0.921]
  len 2: 999/1000 = 0.999 [0.994,1.000]
  len 3: 998/1000 = 0.998 [0.993,0.999]
  len 4: 979/1000 = 0.979 [0.968,0.986]
  len 5: 647/1000 = 0.647 [0.617,0.676]
  len 6: 944/1000 = 0.944 [0.928,0.957]
  written hist {2: 1108, 3: 991, 4: 1060, 5: 624, 6: 783, 7: 1}
  pruned hist {2: 1109, 3: 992, 4: 1061, 5: 623, 6: 781, 7: 1}
  frontier written 6 pruned 6
  reasons [('rule check failed: IMPE', 103), ('rule check failed: DN', 42), ('rule check failed: ANDI', 38), ('final formula is not the conclusion', 31), ('rule check failed: IMPI', 28), ('parse: missing ) after ~', 28)]
=== round 8 done in 79s; new proofs 0; cum targets solved 2
