[r3_4a/frozen_m85_s0 r1] targets (this round, pass@32) SOLVED 1/300 = 0.003 [0.001,0.019]
  len 7: 1/52 = 0.019 [0.003,0.101]
  len 8: 0/133 = 0.000 [0.000,0.028]
  len 9: 0/82 = 0.000 [0.000,0.045]
  len 10: 0/33 = 0.000 [0.000,0.104]
  written hist {7: 1}
  pruned hist {7: 1}
  frontier written 0 pruned 0
  reasons [('rule check failed: IMPE', 3533), ('rule check failed: ANDI', 1130), ('rule check failed: IMPI', 997), ('bad line cite', 908), ('rule check failed: NEGE', 589), ('rule check failed: DN', 565)]
[r3_4a/frozen_m85_s0 r1] targets (cumulative 32 attempts) SOLVED 1/300 = 0.003 [0.001,0.019]
  len 7: 1/52 = 0.019 [0.003,0.101]
  len 8: 0/133 = 0.000 [0.000,0.028]
  len 9: 0/82 = 0.000 [0.000,0.045]
  len 10: 0/33 = 0.000 [0.000,0.104]
  written hist {7: 1}
  pruned hist {7: 1}
  frontier written 0 pruned 0
  reasons []
[r3_4a/frozen_m85_s0 r1] transfer (this round, pass@32) SOLVED 0/150 = 0.000 [0.000,0.025]
  len 7: 0/27 = 0.000 [0.000,0.125]
  len 8: 0/67 = 0.000 [0.000,0.054]
  len 9: 0/41 = 0.000 [0.000,0.086]
  len 10: 0/15 = 0.000 [0.000,0.204]
  written hist {}
  pruned hist {}
  frontier written 0 pruned 0
  reasons [('rule check failed: IMPE', 1560), ('rule check failed: ANDI', 677), ('rule check failed: IMPI', 532), ('rule check failed: DN', 430), ('bad line cite', 423), ('rule check failed: NEGE', 234)]
[r3_4a/frozen_m85_s0 r1] transfer (cumulative 32 attempts) SOLVED 0/150 = 0.000 [0.000,0.025]
  len 7: 0/27 = 0.000 [0.000,0.125]
  len 8: 0/67 = 0.000 [0.000,0.054]
  len 9: 0/41 = 0.000 [0.000,0.086]
  len 10: 0/15 = 0.000 [0.000,0.204]
  written hist {}
  pruned hist {}
  frontier written 0 pruned 0
  reasons []
[r3_4a/frozen_m85_s0 r1] transfer greedy SOLVED 0/150 = 0.000 [0.000,0.025]
  len 7: 0/27 = 0.000 [0.000,0.125]
  len 8: 0/67 = 0.000 [0.000,0.054]
  len 9: 0/41 = 0.000 [0.000,0.086]
  len 10: 0/15 = 0.000 [0.000,0.204]
  written hist {}
  pruned hist {}
  frontier written 0 pruned 0
  reasons [('rule check failed: IMPE', 48), ('rule check failed: ANDI', 25), ('rule check failed: IMPI', 19), ('rule check failed: DN', 12), ('bad line cite', 11), ('rule check failed: NEGE', 8)]
[r3_4a/frozen_m85_s0 r1] heldout greedy SOLVED 4494/5000 = 0.899 [0.890,0.907]
  len 2: 1000/1000 = 1.000 [0.996,1.000]
  len 3: 997/1000 = 0.997 [0.991,0.999]
  len 4: 991/1000 = 0.991 [0.983,0.995]
  len 5: 574/1000 = 0.574 [0.543,0.604]
  len 6: 932/1000 = 0.932 [0.915,0.946]
  written hist {2: 1041, 3: 993, 4: 1060, 5: 623, 6: 777}
  pruned hist {2: 1042, 3: 999, 4: 1061, 5: 620, 6: 772}
  frontier written 6 pruned 6
  reasons [('rule check failed: IMPE', 177), ('rule check failed: ANDI', 70), ('rule check failed: NEGE', 44), ('final formula is not the conclusion', 41), ('rule check failed: DN', 39), ('bad box cite', 20)]
=== round 1 done in 85s; new proofs 1; cum targets solved 1
[r3_4a/frozen_m85_s0 r2] targets (this round, pass@32) SOLVED 0/300 = 0.000 [0.000,0.013]
  len 7: 0/52 = 0.000 [0.000,0.069]
  len 8: 0/133 = 0.000 [0.000,0.028]
  len 9: 0/82 = 0.000 [0.000,0.045]
  len 10: 0/33 = 0.000 [0.000,0.104]
  written hist {}
  pruned hist {}
  frontier written 0 pruned 0
  reasons [('rule check failed: IMPE', 3551), ('rule check failed: ANDI', 1137), ('rule check failed: IMPI', 1015), ('bad line cite', 868), ('rule check failed: NEGE', 589), ('rule check failed: DN', 574)]
[r3_4a/frozen_m85_s0 r2] targets (cumulative 64 attempts) SOLVED 1/300 = 0.003 [0.001,0.019]
  len 7: 1/52 = 0.019 [0.003,0.101]
  len 8: 0/133 = 0.000 [0.000,0.028]
  len 9: 0/82 = 0.000 [0.000,0.045]
  len 10: 0/33 = 0.000 [0.000,0.104]
  written hist {7: 1}
  pruned hist {7: 1}
  frontier written 0 pruned 0
  reasons []
[r3_4a/frozen_m85_s0 r2] transfer (this round, pass@32) SOLVED 0/150 = 0.000 [0.000,0.025]
  len 7: 0/27 = 0.000 [0.000,0.125]
  len 8: 0/67 = 0.000 [0.000,0.054]
  len 9: 0/41 = 0.000 [0.000,0.086]
  len 10: 0/15 = 0.000 [0.000,0.204]
  written hist {}
  pruned hist {}
  frontier written 0 pruned 0
  reasons [('rule check failed: IMPE', 1582), ('rule check failed: ANDI', 676), ('rule check failed: IMPI', 517), ('bad line cite', 422), ('rule check failed: DN', 391), ('rule check failed: NEGE', 254)]
[r3_4a/frozen_m85_s0 r2] transfer (cumulative 64 attempts) SOLVED 0/150 = 0.000 [0.000,0.025]
  len 7: 0/27 = 0.000 [0.000,0.125]
  len 8: 0/67 = 0.000 [0.000,0.054]
  len 9: 0/41 = 0.000 [0.000,0.086]
  len 10: 0/15 = 0.000 [0.000,0.204]
  written hist {}
  pruned hist {}
  frontier written 0 pruned 0
  reasons []
[r3_4a/frozen_m85_s0 r2] transfer greedy SOLVED 0/150 = 0.000 [0.000,0.025]
  len 7: 0/27 = 0.000 [0.000,0.125]
  len 8: 0/67 = 0.000 [0.000,0.054]
  len 9: 0/41 = 0.000 [0.000,0.086]
  len 10: 0/15 = 0.000 [0.000,0.204]
  written hist {}
  pruned hist {}
  frontier written 0 pruned 0
  reasons [('rule check failed: IMPE', 48), ('rule check failed: ANDI', 25), ('rule check failed: IMPI', 19), ('rule check failed: DN', 12), ('bad line cite', 11), ('rule check failed: NEGE', 8)]
[r3_4a/frozen_m85_s0 r2] heldout greedy SOLVED 4494/5000 = 0.899 [0.890,0.907]
  len 2: 1000/1000 = 1.000 [0.996,1.000]
  len 3: 997/1000 = 0.997 [0.991,0.999]
  len 4: 991/1000 = 0.991 [0.983,0.995]
  len 5: 574/1000 = 0.574 [0.543,0.604]
  len 6: 932/1000 = 0.932 [0.915,0.946]
  written hist {2: 1041, 3: 993, 4: 1060, 5: 623, 6: 777}
  pruned hist {2: 1042, 3: 999, 4: 1061, 5: 620, 6: 772}
  frontier written 6 pruned 6
  reasons [('rule check failed: IMPE', 177), ('rule check failed: ANDI', 70), ('rule check failed: NEGE', 44), ('final formula is not the conclusion', 41), ('rule check failed: DN', 39), ('bad box cite', 20)]
=== round 2 done in 97s; new proofs 0; cum targets solved 1
[r3_4a/frozen_m85_s0 r3] targets (this round, pass@32) SOLVED 0/300 = 0.000 [0.000,0.013]
  len 7: 0/52 = 0.000 [0.000,0.069]
  len 8: 0/133 = 0.000 [0.000,0.028]
  len 9: 0/82 = 0.000 [0.000,0.045]
  len 10: 0/33 = 0.000 [0.000,0.104]
  written hist {}
  pruned hist {}
  frontier written 0 pruned 0
  reasons [('rule check failed: IMPE', 3549), ('rule check failed: ANDI', 1112), ('rule check failed: IMPI', 965), ('bad line cite', 867), ('rule check failed: NEGE', 613), ('rule check failed: DN', 602)]
[r3_4a/frozen_m85_s0 r3] targets (cumulative 96 attempts) SOLVED 1/300 = 0.003 [0.001,0.019]
  len 7: 1/52 = 0.019 [0.003,0.101]
  len 8: 0/133 = 0.000 [0.000,0.028]
  len 9: 0/82 = 0.000 [0.000,0.045]
  len 10: 0/33 = 0.000 [0.000,0.104]
  written hist {7: 1}
  pruned hist {7: 1}
  frontier written 0 pruned 0
  reasons []
[r3_4a/frozen_m85_s0 r3] transfer (this round, pass@32) SOLVED 0/150 = 0.000 [0.000,0.025]
  len 7: 0/27 = 0.000 [0.000,0.125]
  len 8: 0/67 = 0.000 [0.000,0.054]
  len 9: 0/41 = 0.000 [0.000,0.086]
  len 10: 0/15 = 0.000 [0.000,0.204]
  written hist {}
  pruned hist {}
  frontier written 0 pruned 0
  reasons [('rule check failed: IMPE', 1589), ('rule check failed: ANDI', 659), ('rule check failed: IMPI', 502), ('bad line cite', 437), ('rule check failed: DN', 432), ('rule check failed: NEGE', 226)]
[r3_4a/frozen_m85_s0 r3] transfer (cumulative 96 attempts) SOLVED 0/150 = 0.000 [0.000,0.025]
  len 7: 0/27 = 0.000 [0.000,0.125]
  len 8: 0/67 = 0.000 [0.000,0.054]
  len 9: 0/41 = 0.000 [0.000,0.086]
  len 10: 0/15 = 0.000 [0.000,0.204]
  written hist {}
  pruned hist {}
  frontier written 0 pruned 0
  reasons []
[r3_4a/frozen_m85_s0 r3] transfer greedy SOLVED 0/150 = 0.000 [0.000,0.025]
  len 7: 0/27 = 0.000 [0.000,0.125]
  len 8: 0/67 = 0.000 [0.000,0.054]
  len 9: 0/41 = 0.000 [0.000,0.086]
  len 10: 0/15 = 0.000 [0.000,0.204]
  written hist {}
  pruned hist {}
  frontier written 0 pruned 0
  reasons [('rule check failed: IMPE', 48), ('rule check failed: ANDI', 25), ('rule check failed: IMPI', 19), ('rule check failed: DN', 12), ('bad line cite', 11), ('rule check failed: NEGE', 8)]
[r3_4a/frozen_m85_s0 r3] heldout greedy SOLVED 4494/5000 = 0.899 [0.890,0.907]
  len 2: 1000/1000 = 1.000 [0.996,1.000]
  len 3: 997/1000 = 0.997 [0.991,0.999]
  len 4: 991/1000 = 0.991 [0.983,0.995]
  len 5: 574/1000 = 0.574 [0.543,0.604]
  len 6: 932/1000 = 0.932 [0.915,0.946]
  written hist {2: 1041, 3: 993, 4: 1060, 5: 623, 6: 777}
  pruned hist {2: 1042, 3: 999, 4: 1061, 5: 620, 6: 772}
  frontier written 6 pruned 6
  reasons [('rule check failed: IMPE', 177), ('rule check failed: ANDI', 70), ('rule check failed: NEGE', 44), ('final formula is not the conclusion', 41), ('rule check failed: DN', 39), ('bad box cite', 20)]
=== round 3 done in 112s; new proofs 0; cum targets solved 1
[r3_4a/frozen_m85_s0 r4] targets (this round, pass@32) SOLVED 0/300 = 0.000 [0.000,0.013]
  len 7: 0/52 = 0.000 [0.000,0.069]
  len 8: 0/133 = 0.000 [0.000,0.028]
  len 9: 0/82 = 0.000 [0.000,0.045]
  len 10: 0/33 = 0.000 [0.000,0.104]
  written hist {}
  pruned hist {}
  frontier written 0 pruned 0
  reasons [('rule check failed: IMPE', 3587), ('rule check failed: ANDI', 1151), ('rule check failed: IMPI', 995), ('bad line cite', 841), ('rule check failed: DN', 585), ('rule check failed: NEGE', 583)]
[r3_4a/frozen_m85_s0 r4] targets (cumulative 128 attempts) SOLVED 1/300 = 0.003 [0.001,0.019]
  len 7: 1/52 = 0.019 [0.003,0.101]
  len 8: 0/133 = 0.000 [0.000,0.028]
  len 9: 0/82 = 0.000 [0.000,0.045]
  len 10: 0/33 = 0.000 [0.000,0.104]
  written hist {7: 1}
  pruned hist {7: 1}
  frontier written 0 pruned 0
  reasons []
[r3_4a/frozen_m85_s0 r4] transfer (this round, pass@32) SOLVED 0/150 = 0.000 [0.000,0.025]
  len 7: 0/27 = 0.000 [0.000,0.125]
  len 8: 0/67 = 0.000 [0.000,0.054]
  len 9: 0/41 = 0.000 [0.000,0.086]
  len 10: 0/15 = 0.000 [0.000,0.204]
  written hist {}
  pruned hist {}
  frontier written 0 pruned 0
  reasons [('rule check failed: IMPE', 1599), ('rule check failed: ANDI', 670), ('rule check failed: IMPI', 522), ('bad line cite', 450), ('rule check failed: DN', 428), ('rule check failed: NEGE', 238)]
[r3_4a/frozen_m85_s0 r4] transfer (cumulative 128 attempts) SOLVED 0/150 = 0.000 [0.000,0.025]
  len 7: 0/27 = 0.000 [0.000,0.125]
  len 8: 0/67 = 0.000 [0.000,0.054]
  len 9: 0/41 = 0.000 [0.000,0.086]
  len 10: 0/15 = 0.000 [0.000,0.204]
  written hist {}
  pruned hist {}
  frontier written 0 pruned 0
  reasons []
[r3_4a/frozen_m85_s0 r4] transfer greedy SOLVED 0/150 = 0.000 [0.000,0.025]
  len 7: 0/27 = 0.000 [0.000,0.125]
  len 8: 0/67 = 0.000 [0.000,0.054]
  len 9: 0/41 = 0.000 [0.000,0.086]
  len 10: 0/15 = 0.000 [0.000,0.204]
  written hist {}
  pruned hist {}
  frontier written 0 pruned 0
  reasons [('rule check failed: IMPE', 48), ('rule check failed: ANDI', 25), ('rule check failed: IMPI', 19), ('rule check failed: DN', 12), ('bad line cite', 11), ('rule check failed: NEGE', 8)]
[r3_4a/frozen_m85_s0 r4] heldout greedy SOLVED 4494/5000 = 0.899 [0.890,0.907]
  len 2: 1000/1000 = 1.000 [0.996,1.000]
  len 3: 997/1000 = 0.997 [0.991,0.999]
  len 4: 991/1000 = 0.991 [0.983,0.995]
  len 5: 574/1000 = 0.574 [0.543,0.604]
  len 6: 932/1000 = 0.932 [0.915,0.946]
  written hist {2: 1041, 3: 993, 4: 1060, 5: 623, 6: 777}
  pruned hist {2: 1042, 3: 999, 4: 1061, 5: 620, 6: 772}
  frontier written 6 pruned 6
  reasons [('rule check failed: IMPE', 177), ('rule check failed: ANDI', 70), ('rule check failed: NEGE', 44), ('final formula is not the conclusion', 41), ('rule check failed: DN', 39), ('bad box cite', 20)]
=== round 4 done in 83s; new proofs 0; cum targets solved 1
[r3_4a/frozen_m85_s0 r5] targets (this round, pass@32) SOLVED 0/300 = 0.000 [0.000,0.013]
  len 7: 0/52 = 0.000 [0.000,0.069]
  len 8: 0/133 = 0.000 [0.000,0.028]
  len 9: 0/82 = 0.000 [0.000,0.045]
  len 10: 0/33 = 0.000 [0.000,0.104]
  written hist {}
  pruned hist {}
  frontier written 0 pruned 0
  reasons [('rule check failed: IMPE', 3534), ('rule check failed: ANDI', 1158), ('rule check failed: IMPI', 979), ('bad line cite', 845), ('rule check failed: DN', 601), ('rule check failed: NEGE', 600)]
[r3_4a/frozen_m85_s0 r5] targets (cumulative 160 attempts) SOLVED 1/300 = 0.003 [0.001,0.019]
  len 7: 1/52 = 0.019 [0.003,0.101]
  len 8: 0/133 = 0.000 [0.000,0.028]
  len 9: 0/82 = 0.000 [0.000,0.045]
  len 10: 0/33 = 0.000 [0.000,0.104]
  written hist {7: 1}
  pruned hist {7: 1}
  frontier written 0 pruned 0
  reasons []
[r3_4a/frozen_m85_s0 r5] transfer (this round, pass@32) SOLVED 0/150 = 0.000 [0.000,0.025]
  len 7: 0/27 = 0.000 [0.000,0.125]
  len 8: 0/67 = 0.000 [0.000,0.054]
  len 9: 0/41 = 0.000 [0.000,0.086]
  len 10: 0/15 = 0.000 [0.000,0.204]
  written hist {}
  pruned hist {}
  frontier written 0 pruned 0
  reasons [('rule check failed: IMPE', 1599), ('rule check failed: ANDI', 680), ('rule check failed: IMPI', 526), ('bad line cite', 426), ('rule check failed: DN', 408), ('rule check failed: NEGE', 237)]
[r3_4a/frozen_m85_s0 r5] transfer (cumulative 160 attempts) SOLVED 0/150 = 0.000 [0.000,0.025]
  len 7: 0/27 = 0.000 [0.000,0.125]
  len 8: 0/67 = 0.000 [0.000,0.054]
  len 9: 0/41 = 0.000 [0.000,0.086]
  len 10: 0/15 = 0.000 [0.000,0.204]
  written hist {}
  pruned hist {}
  frontier written 0 pruned 0
  reasons []
[r3_4a/frozen_m85_s0 r5] transfer greedy SOLVED 0/150 = 0.000 [0.000,0.025]
  len 7: 0/27 = 0.000 [0.000,0.125]
  len 8: 0/67 = 0.000 [0.000,0.054]
  len 9: 0/41 = 0.000 [0.000,0.086]
  len 10: 0/15 = 0.000 [0.000,0.204]
  written hist {}
  pruned hist {}
  frontier written 0 pruned 0
  reasons [('rule check failed: IMPE', 48), ('rule check failed: ANDI', 25), ('rule check failed: IMPI', 19), ('rule check failed: DN', 12), ('bad line cite', 11), ('rule check failed: NEGE', 8)]
[r3_4a/frozen_m85_s0 r5] heldout greedy SOLVED 4494/5000 = 0.899 [0.890,0.907]
  len 2: 1000/1000 = 1.000 [0.996,1.000]
  len 3: 997/1000 = 0.997 [0.991,0.999]
  len 4: 991/1000 = 0.991 [0.983,0.995]
  len 5: 574/1000 = 0.574 [0.543,0.604]
  len 6: 932/1000 = 0.932 [0.915,0.946]
  written hist {2: 1041, 3: 993, 4: 1060, 5: 623, 6: 777}
  pruned hist {2: 1042, 3: 999, 4: 1061, 5: 620, 6: 772}
  frontier written 6 pruned 6
  reasons [('rule check failed: IMPE', 177), ('rule check failed: ANDI', 70), ('rule check failed: NEGE', 44), ('final formula is not the conclusion', 41), ('rule check failed: DN', 39), ('bad box cite', 20)]
=== round 5 done in 104s; new proofs 0; cum targets solved 1
[r3_4a/frozen_m85_s0 r6] targets (this round, pass@32) SOLVED 0/300 = 0.000 [0.000,0.013]
  len 7: 0/52 = 0.000 [0.000,0.069]
  len 8: 0/133 = 0.000 [0.000,0.028]
  len 9: 0/82 = 0.000 [0.000,0.045]
  len 10: 0/33 = 0.000 [0.000,0.104]
  written hist {}
  pruned hist {}
  frontier written 0 pruned 0
  reasons [('rule check failed: IMPE', 3489), ('rule check failed: ANDI', 1127), ('rule check failed: IMPI', 1006), ('bad line cite', 901), ('rule check failed: NEGE', 598), ('rule check failed: DN', 593)]
[r3_4a/frozen_m85_s0 r6] targets (cumulative 192 attempts) SOLVED 1/300 = 0.003 [0.001,0.019]
  len 7: 1/52 = 0.019 [0.003,0.101]
  len 8: 0/133 = 0.000 [0.000,0.028]
  len 9: 0/82 = 0.000 [0.000,0.045]
  len 10: 0/33 = 0.000 [0.000,0.104]
  written hist {7: 1}
  pruned hist {7: 1}
  frontier written 0 pruned 0
  reasons []
[r3_4a/frozen_m85_s0 r6] transfer (this round, pass@32) SOLVED 0/150 = 0.000 [0.000,0.025]
  len 7: 0/27 = 0.000 [0.000,0.125]
  len 8: 0/67 = 0.000 [0.000,0.054]
  len 9: 0/41 = 0.000 [0.000,0.086]
  len 10: 0/15 = 0.000 [0.000,0.204]
  written hist {}
  pruned hist {}
  frontier written 0 pruned 0
  reasons [('rule check failed: IMPE', 1577), ('rule check failed: ANDI', 681), ('rule check failed: IMPI', 514), ('bad line cite', 430), ('rule check failed: DN', 412), ('rule check failed: NEGE', 242)]
[r3_4a/frozen_m85_s0 r6] transfer (cumulative 192 attempts) SOLVED 0/150 = 0.000 [0.000,0.025]
  len 7: 0/27 = 0.000 [0.000,0.125]
  len 8: 0/67 = 0.000 [0.000,0.054]
  len 9: 0/41 = 0.000 [0.000,0.086]
  len 10: 0/15 = 0.000 [0.000,0.204]
  written hist {}
  pruned hist {}
  frontier written 0 pruned 0
  reasons []
[r3_4a/frozen_m85_s0 r6] transfer greedy SOLVED 0/150 = 0.000 [0.000,0.025]
  len 7: 0/27 = 0.000 [0.000,0.125]
  len 8: 0/67 = 0.000 [0.000,0.054]
  len 9: 0/41 = 0.000 [0.000,0.086]
  len 10: 0/15 = 0.000 [0.000,0.204]
  written hist {}
  pruned hist {}
  frontier written 0 pruned 0
  reasons [('rule check failed: IMPE', 48), ('rule check failed: ANDI', 25), ('rule check failed: IMPI', 19), ('rule check failed: DN', 12), ('bad line cite', 11), ('rule check failed: NEGE', 8)]
[r3_4a/frozen_m85_s0 r6] heldout greedy SOLVED 4494/5000 = 0.899 [0.890,0.907]
  len 2: 1000/1000 = 1.000 [0.996,1.000]
  len 3: 997/1000 = 0.997 [0.991,0.999]
  len 4: 991/1000 = 0.991 [0.983,0.995]
  len 5: 574/1000 = 0.574 [0.543,0.604]
  len 6: 932/1000 = 0.932 [0.915,0.946]
  written hist {2: 1041, 3: 993, 4: 1060, 5: 623, 6: 777}
  pruned hist {2: 1042, 3: 999, 4: 1061, 5: 620, 6: 772}
  frontier written 6 pruned 6
  reasons [('rule check failed: IMPE', 177), ('rule check failed: ANDI', 70), ('rule check failed: NEGE', 44), ('final formula is not the conclusion', 41), ('rule check failed: DN', 39), ('bad box cite', 20)]
=== round 6 done in 90s; new proofs 0; cum targets solved 1
[r3_4a/frozen_m85_s0 r7] targets (this round, pass@32) SOLVED 1/300 = 0.003 [0.001,0.019]
  len 7: 1/52 = 0.019 [0.003,0.101]
  len 8: 0/133 = 0.000 [0.000,0.028]
  len 9: 0/82 = 0.000 [0.000,0.045]
  len 10: 0/33 = 0.000 [0.000,0.104]
  written hist {7: 1}
  pruned hist {7: 1}
  frontier written 0 pruned 0
  reasons [('rule check failed: IMPE', 3610), ('rule check failed: ANDI', 1159), ('rule check failed: IMPI', 990), ('bad line cite', 857), ('rule check failed: DN', 577), ('rule check failed: NEGE', 571)]
[r3_4a/frozen_m85_s0 r7] targets (cumulative 224 attempts) SOLVED 2/300 = 0.007 [0.002,0.024]
  len 7: 2/52 = 0.038 [0.011,0.130]
  len 8: 0/133 = 0.000 [0.000,0.028]
  len 9: 0/82 = 0.000 [0.000,0.045]
  len 10: 0/33 = 0.000 [0.000,0.104]
  written hist {7: 2}
  pruned hist {7: 2}
  frontier written 0 pruned 0
  reasons []
[r3_4a/frozen_m85_s0 r7] transfer (this round, pass@32) SOLVED 0/150 = 0.000 [0.000,0.025]
  len 7: 0/27 = 0.000 [0.000,0.125]
  len 8: 0/67 = 0.000 [0.000,0.054]
  len 9: 0/41 = 0.000 [0.000,0.086]
  len 10: 0/15 = 0.000 [0.000,0.204]
  written hist {}
  pruned hist {}
  frontier written 0 pruned 0
  reasons [('rule check failed: IMPE', 1560), ('rule check failed: ANDI', 695), ('rule check failed: IMPI', 496), ('rule check failed: DN', 443), ('bad line cite', 428), ('rule check failed: NEGE', 254)]
[r3_4a/frozen_m85_s0 r7] transfer (cumulative 224 attempts) SOLVED 0/150 = 0.000 [0.000,0.025]
  len 7: 0/27 = 0.000 [0.000,0.125]
  len 8: 0/67 = 0.000 [0.000,0.054]
  len 9: 0/41 = 0.000 [0.000,0.086]
  len 10: 0/15 = 0.000 [0.000,0.204]
  written hist {}
  pruned hist {}
  frontier written 0 pruned 0
  reasons []
[r3_4a/frozen_m85_s0 r7] transfer greedy SOLVED 0/150 = 0.000 [0.000,0.025]
  len 7: 0/27 = 0.000 [0.000,0.125]
  len 8: 0/67 = 0.000 [0.000,0.054]
  len 9: 0/41 = 0.000 [0.000,0.086]
  len 10: 0/15 = 0.000 [0.000,0.204]
  written hist {}
  pruned hist {}
  frontier written 0 pruned 0
  reasons [('rule check failed: IMPE', 48), ('rule check failed: ANDI', 25), ('rule check failed: IMPI', 19), ('rule check failed: DN', 12), ('bad line cite', 11), ('rule check failed: NEGE', 8)]
[r3_4a/frozen_m85_s0 r7] heldout greedy SOLVED 4494/5000 = 0.899 [0.890,0.907]
  len 2: 1000/1000 = 1.000 [0.996,1.000]
  len 3: 997/1000 = 0.997 [0.991,0.999]
  len 4: 991/1000 = 0.991 [0.983,0.995]
  len 5: 574/1000 = 0.574 [0.543,0.604]
  len 6: 932/1000 = 0.932 [0.915,0.946]
  written hist {2: 1041, 3: 993, 4: 1060, 5: 623, 6: 777}
  pruned hist {2: 1042, 3: 999, 4: 1061, 5: 620, 6: 772}
  frontier written 6 pruned 6
  reasons [('rule check failed: IMPE', 177), ('rule check failed: ANDI', 70), ('rule check failed: NEGE', 44), ('final formula is not the conclusion', 41), ('rule check failed: DN', 39), ('bad box cite', 20)]
=== round 7 done in 67s; new proofs 1; cum targets solved 2
[r3_4a/frozen_m85_s0 r8] targets (this round, pass@32) SOLVED 0/300 = 0.000 [0.000,0.013]
  len 7: 0/52 = 0.000 [0.000,0.069]
  len 8: 0/133 = 0.000 [0.000,0.028]
  len 9: 0/82 = 0.000 [0.000,0.045]
  len 10: 0/33 = 0.000 [0.000,0.104]
  written hist {}
  pruned hist {}
  frontier written 0 pruned 0
  reasons [('rule check failed: IMPE', 3541), ('rule check failed: ANDI', 1173), ('rule check failed: IMPI', 1010), ('bad line cite', 850), ('rule check failed: NEGE', 603), ('rule check failed: DN', 602)]
[r3_4a/frozen_m85_s0 r8] targets (cumulative 256 attempts) SOLVED 2/300 = 0.007 [0.002,0.024]
  len 7: 2/52 = 0.038 [0.011,0.130]
  len 8: 0/133 = 0.000 [0.000,0.028]
  len 9: 0/82 = 0.000 [0.000,0.045]
  len 10: 0/33 = 0.000 [0.000,0.104]
  written hist {7: 2}
  pruned hist {7: 2}
  frontier written 0 pruned 0
  reasons []
[r3_4a/frozen_m85_s0 r8] transfer (this round, pass@32) SOLVED 0/150 = 0.000 [0.000,0.025]
  len 7: 0/27 = 0.000 [0.000,0.125]
  len 8: 0/67 = 0.000 [0.000,0.054]
  len 9: 0/41 = 0.000 [0.000,0.086]
  len 10: 0/15 = 0.000 [0.000,0.204]
  written hist {}
  pruned hist {}
  frontier written 0 pruned 0
  reasons [('rule check failed: IMPE', 1587), ('rule check failed: ANDI', 667), ('rule check failed: IMPI', 520), ('bad line cite', 437), ('rule check failed: DN', 419), ('rule check failed: NEGE', 246)]
[r3_4a/frozen_m85_s0 r8] transfer (cumulative 256 attempts) SOLVED 0/150 = 0.000 [0.000,0.025]
  len 7: 0/27 = 0.000 [0.000,0.125]
  len 8: 0/67 = 0.000 [0.000,0.054]
  len 9: 0/41 = 0.000 [0.000,0.086]
  len 10: 0/15 = 0.000 [0.000,0.204]
  written hist {}
  pruned hist {}
  frontier written 0 pruned 0
  reasons []
[r3_4a/frozen_m85_s0 r8] transfer greedy SOLVED 0/150 = 0.000 [0.000,0.025]
  len 7: 0/27 = 0.000 [0.000,0.125]
  len 8: 0/67 = 0.000 [0.000,0.054]
  len 9: 0/41 = 0.000 [0.000,0.086]
  len 10: 0/15 = 0.000 [0.000,0.204]
  written hist {}
  pruned hist {}
  frontier written 0 pruned 0
  reasons [('rule check failed: IMPE', 48), ('rule check failed: ANDI', 25), ('rule check failed: IMPI', 19), ('rule check failed: DN', 12), ('bad line cite', 11), ('rule check failed: NEGE', 8)]
[r3_4a/frozen_m85_s0 r8] heldout greedy SOLVED 4494/5000 = 0.899 [0.890,0.907]
  len 2: 1000/1000 = 1.000 [0.996,1.000]
  len 3: 997/1000 = 0.997 [0.991,0.999]
  len 4: 991/1000 = 0.991 [0.983,0.995]
  len 5: 574/1000 = 0.574 [0.543,0.604]
  len 6: 932/1000 = 0.932 [0.915,0.946]
  written hist {2: 1041, 3: 993, 4: 1060, 5: 623, 6: 777}
  pruned hist {2: 1042, 3: 999, 4: 1061, 5: 620, 6: 772}
  frontier written 6 pruned 6
  reasons [('rule check failed: IMPE', 177), ('rule check failed: ANDI', 70), ('rule check failed: NEGE', 44), ('final formula is not the conclusion', 41), ('rule check failed: DN', 39), ('bad box cite', 20)]
=== round 8 done in 83s; new proofs 0; cum targets solved 2
