[r3_4a/x_ei_m85_s0_lr3e-5 r1] targets (this round, pass@32) SOLVED 1/300 = 0.003 [0.001,0.019]
  len 7: 1/52 = 0.019 [0.003,0.101]
  len 8: 0/133 = 0.000 [0.000,0.028]
  len 9: 0/82 = 0.000 [0.000,0.045]
  len 10: 0/33 = 0.000 [0.000,0.104]
  written hist {7: 1}
  pruned hist {7: 1}
  frontier written 0 pruned 0
  reasons [('rule check failed: IMPE', 3533), ('rule check failed: ANDI', 1130), ('rule check failed: IMPI', 997), ('bad line cite', 908), ('rule check failed: NEGE', 589), ('rule check failed: DN', 565)]
[r3_4a/x_ei_m85_s0_lr3e-5 r1] targets (cumulative 32 attempts) SOLVED 1/300 = 0.003 [0.001,0.019]
  len 7: 1/52 = 0.019 [0.003,0.101]
  len 8: 0/133 = 0.000 [0.000,0.028]
  len 9: 0/82 = 0.000 [0.000,0.045]
  len 10: 0/33 = 0.000 [0.000,0.104]
  written hist {7: 1}
  pruned hist {7: 1}
  frontier written 0 pruned 0
  reasons []
[r3_4a/x_ei_m85_s0_lr3e-5 r1] transfer (this round, pass@32) SOLVED 0/150 = 0.000 [0.000,0.025]
  len 7: 0/27 = 0.000 [0.000,0.125]
  len 8: 0/67 = 0.000 [0.000,0.054]
  len 9: 0/41 = 0.000 [0.000,0.086]
  len 10: 0/15 = 0.000 [0.000,0.204]
  written hist {}
  pruned hist {}
  frontier written 0 pruned 0
  reasons [('rule check failed: IMPE', 1560), ('rule check failed: ANDI', 677), ('rule check failed: IMPI', 532), ('rule check failed: DN', 430), ('bad line cite', 423), ('rule check failed: NEGE', 234)]
[r3_4a/x_ei_m85_s0_lr3e-5 r1] transfer (cumulative 32 attempts) SOLVED 0/150 = 0.000 [0.000,0.025]
  len 7: 0/27 = 0.000 [0.000,0.125]
  len 8: 0/67 = 0.000 [0.000,0.054]
  len 9: 0/41 = 0.000 [0.000,0.086]
  len 10: 0/15 = 0.000 [0.000,0.204]
  written hist {}
  pruned hist {}
  frontier written 0 pruned 0
  reasons []
[r3_4a/x_ei_m85_s0_lr3e-5 r1] transfer greedy SOLVED 0/150 = 0.000 [0.000,0.025]
  len 7: 0/27 = 0.000 [0.000,0.125]
  len 8: 0/67 = 0.000 [0.000,0.054]
  len 9: 0/41 = 0.000 [0.000,0.086]
  len 10: 0/15 = 0.000 [0.000,0.204]
  written hist {}
  pruned hist {}
  frontier written 0 pruned 0
  reasons [('rule check failed: IMPE', 48), ('rule check failed: ANDI', 25), ('rule check failed: IMPI', 19), ('rule check failed: DN', 12), ('bad line cite', 11), ('rule check failed: NEGE', 8)]
[r3_4a/x_ei_m85_s0_lr3e-5 r1] heldout greedy SOLVED 4494/5000 = 0.899 [0.890,0.907]
  len 2: 1000/1000 = 1.000 [0.996,1.000]
  len 3: 997/1000 = 0.997 [0.991,0.999]
  len 4: 991/1000 = 0.991 [0.983,0.995]
  len 5: 574/1000 = 0.574 [0.543,0.604]
  len 6: 932/1000 = 0.932 [0.915,0.946]
  written hist {2: 1041, 3: 993, 4: 1060, 5: 623, 6: 777}
  pruned hist {2: 1042, 3: 999, 4: 1061, 5: 620, 6: 772}
  frontier written 6 pruned 6
  reasons [('rule check failed: IMPE', 177), ('rule check failed: ANDI', 70), ('rule check failed: NEGE', 44), ('final formula is not the conclusion', 41), ('rule check failed: DN', 39), ('bad box cite', 20)]
python3 train.py --data artifacts/r3_4a/x_ei_m85_s0_lr3e-5/mix_1.jsonl --init ckpts/r3_4a/stage1_reductio_f0_b1_m85_s0.pt --steps 600 --lr 3e-05 --min_lr 3e-06 --warmup 50 --cap 0 --out ckpts/r3_4a/x_ei_m85_s0_lr3e-5_r1.pt --seed 1 --log_every 200
params 85208064 mode abs shift True
train records 20004 max len 502
step 200 loss 0.0577 lr 2.53e-05 43s
step 400 loss 0.0556 lr 1.09e-05 86s
step 600 loss 0.0594 lr 3.00e-06 128s
saved ckpts/r3_4a/x_ei_m85_s0_lr3e-5_r1.pt
=== round 1 done in 219s; new proofs 1; cum targets solved 1
[r3_4a/x_ei_m85_s0_lr3e-5 r2] targets (this round, pass@32) SOLVED 9/300 = 0.030 [0.016,0.056]
  len 7: 9/52 = 0.173 [0.094,0.297]
  len 8: 0/133 = 0.000 [0.000,0.028]
  len 9: 0/82 = 0.000 [0.000,0.045]
  len 10: 0/33 = 0.000 [0.000,0.104]
  written hist {7: 75}
  pruned hist {7: 75}
  frontier written 7 pruned 7
  reasons [('rule check failed: IMPE', 3092), ('rule check failed: ANDI', 1197), ('bad line cite', 910), ('rule check failed: NEGE', 869), ('rule check failed: IMPI', 834), ('rule check failed: DN', 592)]
[r3_4a/x_ei_m85_s0_lr3e-5 r2] targets (cumulative 64 attempts) SOLVED 9/300 = 0.030 [0.016,0.056]
  len 7: 9/52 = 0.173 [0.094,0.297]
  len 8: 0/133 = 0.000 [0.000,0.028]
  len 9: 0/82 = 0.000 [0.000,0.045]
  len 10: 0/33 = 0.000 [0.000,0.104]
  written hist {7: 76}
  pruned hist {7: 76}
  frontier written 7 pruned 7
  reasons []
[r3_4a/x_ei_m85_s0_lr3e-5 r2] transfer (this round, pass@32) SOLVED 4/150 = 0.027 [0.010,0.067]
  len 7: 4/27 = 0.148 [0.059,0.325]
  len 8: 0/67 = 0.000 [0.000,0.054]
  len 9: 0/41 = 0.000 [0.000,0.086]
  len 10: 0/15 = 0.000 [0.000,0.204]
  written hist {7: 37}
  pruned hist {7: 37}
  frontier written 7 pruned 7
  reasons [('rule check failed: IMPE', 1348), ('rule check failed: ANDI', 668), ('rule check failed: IMPI', 512), ('rule check failed: DN', 464), ('bad line cite', 387), ('rule check failed: NEGE', 363)]
[r3_4a/x_ei_m85_s0_lr3e-5 r2] transfer (cumulative 64 attempts) SOLVED 4/150 = 0.027 [0.010,0.067]
  len 7: 4/27 = 0.148 [0.059,0.325]
  len 8: 0/67 = 0.000 [0.000,0.054]
  len 9: 0/41 = 0.000 [0.000,0.086]
  len 10: 0/15 = 0.000 [0.000,0.204]
  written hist {7: 37}
  pruned hist {7: 37}
  frontier written 7 pruned 7
  reasons []
[r3_4a/x_ei_m85_s0_lr3e-5 r2] transfer greedy SOLVED 2/150 = 0.013 [0.004,0.047]
  len 7: 2/27 = 0.074 [0.021,0.234]
  len 8: 0/67 = 0.000 [0.000,0.054]
  len 9: 0/41 = 0.000 [0.000,0.086]
  len 10: 0/15 = 0.000 [0.000,0.204]
  written hist {7: 2}
  pruned hist {7: 2}
  frontier written 0 pruned 0
  reasons [('rule check failed: IMPE', 46), ('rule check failed: ANDI', 22), ('rule check failed: IMPI', 19), ('rule check failed: DN', 15), ('rule check failed: NEGE', 11), ('bad line cite', 9)]
[r3_4a/x_ei_m85_s0_lr3e-5 r2] heldout greedy SOLVED 4511/5000 = 0.902 [0.894,0.910]
  len 2: 999/1000 = 0.999 [0.994,1.000]
  len 3: 999/1000 = 0.999 [0.994,1.000]
  len 4: 989/1000 = 0.989 [0.980,0.994]
  len 5: 593/1000 = 0.593 [0.562,0.623]
  len 6: 931/1000 = 0.931 [0.914,0.945]
  written hist {2: 1049, 3: 994, 4: 1057, 5: 629, 6: 781, 7: 1}
  pruned hist {2: 1049, 3: 997, 4: 1056, 5: 630, 6: 779}
  frontier written 6 pruned 6
  reasons [('rule check failed: IMPE', 150), ('rule check failed: ANDI', 66), ('rule check failed: DN', 48), ('final formula is not the conclusion', 44), ('rule check failed: NEGE', 34), ('bad box cite', 22)]
python3 train.py --data artifacts/r3_4a/x_ei_m85_s0_lr3e-5/mix_2.jsonl --init ckpts/r3_4a/x_ei_m85_s0_lr3e-5_r1.pt --steps 600 --lr 3e-05 --min_lr 3e-06 --warmup 50 --cap 0 --out ckpts/r3_4a/x_ei_m85_s0_lr3e-5_r2.pt --seed 2 --log_every 200
params 85208064 mode abs shift True
train records 20100 max len 558
step 200 loss 0.0559 lr 2.53e-05 43s
step 400 loss 0.0563 lr 1.09e-05 85s
step 600 loss 0.0538 lr 3.00e-06 127s
saved ckpts/r3_4a/x_ei_m85_s0_lr3e-5_r2.pt
=== round 2 done in 204s; new proofs 75; cum targets solved 9
