[p2/ei_reductio_f0_s0_t2 r1] targets (this round, pass@32) SOLVED 0/606 = 0.000 [0.000,0.006]
  len 7: 0/61 = 0.000 [0.000,0.059]
  len 8: 0/156 = 0.000 [0.000,0.024]
  len 9: 0/386 = 0.000 [0.000,0.010]
  len 12: 0/3 = 0.000 [0.000,0.562]
  written hist {}
  pruned hist {}
  frontier written 0 pruned 0
  reasons [('rule check failed: IMPE', 5781), ('bad line cite', 2341), ('rule check failed: IMPI', 2108), ('rule check failed: ANDI', 2061), ('rule check failed: ORI2', 1336), ('rule check failed: DN', 1109)]
[p2/ei_reductio_f0_s0_t2 r1] targets (cumulative 32 attempts) SOLVED 0/606 = 0.000 [0.000,0.006]
  len 7: 0/61 = 0.000 [0.000,0.059]
  len 8: 0/156 = 0.000 [0.000,0.024]
  len 9: 0/386 = 0.000 [0.000,0.010]
  len 12: 0/3 = 0.000 [0.000,0.562]
  written hist {}
  pruned hist {}
  frontier written 0 pruned 0
  reasons []
[p2/ei_reductio_f0_s0_t2 r1] transfer (this round, pass@32) SOLVED 0/300 = 0.000 [0.000,0.013]
  len 7: 0/30 = 0.000 [0.000,0.114]
  len 8: 0/75 = 0.000 [0.000,0.049]
  len 9: 0/195 = 0.000 [0.000,0.019]
  written hist {}
  pruned hist {}
  frontier written 0 pruned 0
  reasons [('rule check failed: IMPE', 2974), ('bad line cite', 1040), ('rule check failed: ANDI', 965), ('rule check failed: IMPI', 912), ('rule check failed: ORI2', 729), ('rule check failed: DN', 588)]
[p2/ei_reductio_f0_s0_t2 r1] transfer (cumulative 32 attempts) SOLVED 0/300 = 0.000 [0.000,0.013]
  len 7: 0/30 = 0.000 [0.000,0.114]
  len 8: 0/75 = 0.000 [0.000,0.049]
  len 9: 0/195 = 0.000 [0.000,0.019]
  written hist {}
  pruned hist {}
  frontier written 0 pruned 0
  reasons []
[p2/ei_reductio_f0_s0_t2 r1] transfer greedy SOLVED 0/300 = 0.000 [0.000,0.013]
  len 7: 0/30 = 0.000 [0.000,0.114]
  len 8: 0/75 = 0.000 [0.000,0.049]
  len 9: 0/195 = 0.000 [0.000,0.019]
  written hist {}
  pruned hist {}
  frontier written 0 pruned 0
  reasons [('rule check failed: IMPE', 92), ('bad line cite', 35), ('rule check failed: IMPI', 31), ('rule check failed: ANDI', 31), ('rule check failed: ORI2', 23), ('rule check failed: DN', 19)]
[p2/ei_reductio_f0_s0_t2 r1] heldout greedy SOLVED 4430/5000 = 0.886 [0.877,0.895]
  len 2: 998/1000 = 0.998 [0.993,0.999]
  len 3: 995/1000 = 0.995 [0.988,0.998]
  len 4: 976/1000 = 0.976 [0.965,0.984]
  len 5: 565/1000 = 0.565 [0.534,0.595]
  len 6: 896/1000 = 0.896 [0.876,0.913]
  written hist {2: 1062, 3: 987, 4: 1014, 5: 587, 6: 779, 7: 1}
  pruned hist {2: 1063, 3: 990, 4: 1018, 5: 582, 6: 777}
  frontier written 6 pruned 6
  reasons [('rule check failed: IMPE', 92), ('rule check failed: ANDI', 89), ('rule check failed: ORI2', 53), ('rule check failed: DN', 44), ('parse: missing ) after ~', 35), ('bad line cite', 35)]
no accepted proofs: skipping training this round
=== round 1 done in 371s; new proofs 0; cum targets solved 0
[p2/ei_reductio_f0_s0_t2 r2] targets (this round, pass@32) SOLVED 1/606 = 0.002 [0.000,0.009]
  len 7: 1/61 = 0.016 [0.003,0.087]
  len 8: 0/156 = 0.000 [0.000,0.024]
  len 9: 0/386 = 0.000 [0.000,0.010]
  len 12: 0/3 = 0.000 [0.000,0.562]
  written hist {7: 1}
  pruned hist {7: 1}
  frontier written 0 pruned 0
  reasons [('rule check failed: IMPE', 5683), ('bad line cite', 2354), ('rule check failed: IMPI', 2105), ('rule check failed: ANDI', 2038), ('rule check failed: ORI2', 1321), ('rule check failed: DN', 1141)]
[p2/ei_reductio_f0_s0_t2 r2] targets (cumulative 64 attempts) SOLVED 1/606 = 0.002 [0.000,0.009]
  len 7: 1/61 = 0.016 [0.003,0.087]
  len 8: 0/156 = 0.000 [0.000,0.024]
  len 9: 0/386 = 0.000 [0.000,0.010]
  len 12: 0/3 = 0.000 [0.000,0.562]
  written hist {7: 1}
  pruned hist {7: 1}
  frontier written 0 pruned 0
  reasons []
[p2/ei_reductio_f0_s0_t2 r2] transfer (this round, pass@32) SOLVED 0/300 = 0.000 [0.000,0.013]
  len 7: 0/30 = 0.000 [0.000,0.114]
  len 8: 0/75 = 0.000 [0.000,0.049]
  len 9: 0/195 = 0.000 [0.000,0.019]
  written hist {}
  pruned hist {}
  frontier written 0 pruned 0
  reasons [('rule check failed: IMPE', 2947), ('bad line cite', 1067), ('rule check failed: ANDI', 1002), ('rule check failed: IMPI', 918), ('rule check failed: ORI2', 730), ('rule check failed: DN', 567)]
[p2/ei_reductio_f0_s0_t2 r2] transfer (cumulative 64 attempts) SOLVED 0/300 = 0.000 [0.000,0.013]
  len 7: 0/30 = 0.000 [0.000,0.114]
  len 8: 0/75 = 0.000 [0.000,0.049]
  len 9: 0/195 = 0.000 [0.000,0.019]
  written hist {}
  pruned hist {}
  frontier written 0 pruned 0
  reasons []
[p2/ei_reductio_f0_s0_t2 r2] transfer greedy SOLVED 0/300 = 0.000 [0.000,0.013]
  len 7: 0/30 = 0.000 [0.000,0.114]
  len 8: 0/75 = 0.000 [0.000,0.049]
  len 9: 0/195 = 0.000 [0.000,0.019]
  written hist {}
  pruned hist {}
  frontier written 0 pruned 0
  reasons [('rule check failed: IMPE', 92), ('bad line cite', 35), ('rule check failed: IMPI', 31), ('rule check failed: ANDI', 31), ('rule check failed: ORI2', 23), ('rule check failed: DN', 19)]
[p2/ei_reductio_f0_s0_t2 r2] heldout greedy SOLVED 4430/5000 = 0.886 [0.877,0.895]
  len 2: 998/1000 = 0.998 [0.993,0.999]
  len 3: 995/1000 = 0.995 [0.988,0.998]
  len 4: 976/1000 = 0.976 [0.965,0.984]
  len 5: 565/1000 = 0.565 [0.534,0.595]
  len 6: 896/1000 = 0.896 [0.876,0.913]
  written hist {2: 1062, 3: 987, 4: 1014, 5: 587, 6: 779, 7: 1}
  pruned hist {2: 1063, 3: 990, 4: 1018, 5: 582, 6: 777}
  frontier written 6 pruned 6
  reasons [('rule check failed: IMPE', 92), ('rule check failed: ANDI', 89), ('rule check failed: ORI2', 53), ('rule check failed: DN', 44), ('parse: missing ) after ~', 35), ('bad line cite', 35)]
python3 train.py --data artifacts/p2/ei_reductio_f0_s0_t2/mix_2.jsonl --init ckpts/p2/stage1_reductio_f0_s0.pt --steps 600 --lr 0.0003 --min_lr 2.9999999999999997e-05 --warmup 50 --cap 0 --out ckpts/p2/ei_reductio_f0_s0_t2_r2.pt --seed 2 --log_every 200
params 3210240 mode abs shift True
train records 20004 max len 602
step 200 loss 0.0580 lr 2.53e-04 22s
step 400 loss 0.0556 lr 1.09e-04 44s
step 600 loss 0.0548 lr 3.00e-05 66s
saved ckpts/p2/ei_reductio_f0_s0_t2_r2.pt
=== round 2 done in 456s; new proofs 1; cum targets solved 1
[p2/ei_reductio_f0_s0_t2 r3] targets (this round, pass@32) SOLVED 11/606 = 0.018 [0.010,0.032]
  len 7: 11/61 = 0.180 [0.104,0.295]
  len 8: 0/156 = 0.000 [0.000,0.024]
  len 9: 0/386 = 0.000 [0.000,0.010]
  len 12: 0/3 = 0.000 [0.000,0.562]
  written hist {7: 64}
  pruned hist {7: 64}
  frontier written 7 pruned 7
  reasons [('rule check failed: IMPE', 5871), ('rule check failed: ANDI', 2652), ('bad line cite', 2159), ('rule check failed: IMPI', 1823), ('rule check failed: ORI2', 1245), ('rule check failed: DN', 1042)]
[p2/ei_reductio_f0_s0_t2 r3] targets (cumulative 96 attempts) SOLVED 11/606 = 0.018 [0.010,0.032]
  len 7: 11/61 = 0.180 [0.104,0.295]
  len 8: 0/156 = 0.000 [0.000,0.024]
  len 9: 0/386 = 0.000 [0.000,0.010]
  len 12: 0/3 = 0.000 [0.000,0.562]
  written hist {7: 65}
  pruned hist {7: 65}
  frontier written 7 pruned 7
  reasons []
[p2/ei_reductio_f0_s0_t2 r3] transfer (this round, pass@32) SOLVED 5/300 = 0.017 [0.007,0.038]
  len 7: 5/30 = 0.167 [0.073,0.336]
  len 8: 0/75 = 0.000 [0.000,0.049]
  len 9: 0/195 = 0.000 [0.000,0.019]
  written hist {7: 22}
  pruned hist {7: 22}
  frontier written 7 pruned 7
  reasons [('rule check failed: IMPE', 3066), ('rule check failed: ANDI', 1311), ('rule check failed: IMPI', 892), ('bad line cite', 871), ('rule check failed: ORI2', 849), ('rule check failed: DN', 544)]
[p2/ei_reductio_f0_s0_t2 r3] transfer (cumulative 96 attempts) SOLVED 5/300 = 0.017 [0.007,0.038]
  len 7: 5/30 = 0.167 [0.073,0.336]
  len 8: 0/75 = 0.000 [0.000,0.049]
  len 9: 0/195 = 0.000 [0.000,0.019]
  written hist {7: 22}
  pruned hist {7: 22}
  frontier written 7 pruned 7
  reasons []
[p2/ei_reductio_f0_s0_t2 r3] transfer greedy SOLVED 2/300 = 0.007 [0.002,0.024]
  len 7: 2/30 = 0.067 [0.018,0.213]
  len 8: 0/75 = 0.000 [0.000,0.049]
  len 9: 0/195 = 0.000 [0.000,0.019]
  written hist {7: 2}
  pruned hist {7: 2}
  frontier written 0 pruned 0
  reasons [('rule check failed: IMPE', 98), ('rule check failed: ORI2', 32), ('rule check failed: ANDI', 31), ('rule check failed: IMPI', 25), ('bad line cite', 24), ('line index mismatch at position 5', 19)]
[p2/ei_reductio_f0_s0_t2 r3] heldout greedy SOLVED 4412/5000 = 0.882 [0.873,0.891]
  len 2: 997/1000 = 0.997 [0.991,0.999]
  len 3: 997/1000 = 0.997 [0.991,0.999]
  len 4: 974/1000 = 0.974 [0.962,0.982]
  len 5: 555/1000 = 0.555 [0.524,0.586]
  len 6: 889/1000 = 0.889 [0.868,0.907]
  written hist {2: 1037, 3: 997, 4: 1015, 5: 602, 6: 760, 7: 1}
  pruned hist {2: 1037, 3: 999, 4: 1020, 5: 596, 6: 759, 7: 1}
  frontier written 6 pruned 6
  reasons [('rule check failed: ANDI', 95), ('line index mismatch at position 5', 93), ('rule check failed: IMPE', 85), ('rule check failed: DN', 49), ('rule check failed: ORI2', 41), ('final formula is not the conclusion', 27)]
python3 train.py --data artifacts/p2/ei_reductio_f0_s0_t2/mix_3.jsonl --init ckpts/p2/ei_reductio_f0_s0_t2_r2.pt --steps 600 --lr 0.0003 --min_lr 2.9999999999999997e-05 --warmup 50 --cap 0 --out ckpts/p2/ei_reductio_f0_s0_t2_r3.pt --seed 3 --log_every 200
params 3210240 mode abs shift True
train records 20108 max len 479
step 200 loss 0.0578 lr 2.53e-04 27s
step 400 loss 0.0583 lr 1.09e-04 50s
step 600 loss 0.0582 lr 3.00e-05 74s
saved ckpts/p2/ei_reductio_f0_s0_t2_r3.pt
=== round 3 done in 337s; new proofs 64; cum targets solved 11
[p2/ei_reductio_f0_s0_t2 r4] targets (this round, pass@32) SOLVED 24/606 = 0.040 [0.027,0.058]
  len 7: 23/61 = 0.377 [0.266,0.503]
  len 8: 0/156 = 0.000 [0.000,0.024]
  len 9: 0/386 = 0.000 [0.000,0.010]
  len 12: 1/3 = 0.333 [0.061,0.792]
  written hist {7: 394, 8: 1}
  pruned hist {7: 395}
  frontier written 7 pruned 7
  reasons [('rule check failed: IMPE', 5174), ('rule check failed: ANDI', 2396), ('rule check failed: IMPI', 2359), ('bad line cite', 2105), ('rule check failed: DN', 1422), ('rule check failed: ORI2', 1070)]
[p2/ei_reductio_f0_s0_t2 r4] targets (cumulative 128 attempts) SOLVED 24/606 = 0.040 [0.027,0.058]
  len 7: 23/61 = 0.377 [0.266,0.503]
  len 8: 0/156 = 0.000 [0.000,0.024]
  len 9: 0/386 = 0.000 [0.000,0.010]
  len 12: 1/3 = 0.333 [0.061,0.792]
  written hist {7: 437, 8: 1}
  pruned hist {7: 438}
  frontier written 7 pruned 7
  reasons []
[p2/ei_reductio_f0_s0_t2 r4] transfer (this round, pass@32) SOLVED 13/300 = 0.043 [0.025,0.073]
  len 7: 13/30 = 0.433 [0.274,0.608]
  len 8: 0/75 = 0.000 [0.000,0.049]
  len 9: 0/195 = 0.000 [0.000,0.019]
  written hist {7: 224}
  pruned hist {7: 224}
  frontier written 7 pruned 7
  reasons [('rule check failed: IMPE', 2660), ('rule check failed: ANDI', 1101), ('rule check failed: IMPI', 1079), ('bad line cite', 1042), ('rule check failed: DN', 741), ('rule check failed: ORI2', 627)]
[p2/ei_reductio_f0_s0_t2 r4] transfer (cumulative 128 attempts) SOLVED 13/300 = 0.043 [0.025,0.073]
  len 7: 13/30 = 0.433 [0.274,0.608]
  len 8: 0/75 = 0.000 [0.000,0.049]
  len 9: 0/195 = 0.000 [0.000,0.019]
  written hist {7: 237}
  pruned hist {7: 237}
  frontier written 7 pruned 7
  reasons []
[p2/ei_reductio_f0_s0_t2 r4] transfer greedy SOLVED 9/300 = 0.030 [0.016,0.056]
  len 7: 9/30 = 0.300 [0.167,0.479]
  len 8: 0/75 = 0.000 [0.000,0.049]
  len 9: 0/195 = 0.000 [0.000,0.019]
  written hist {7: 9}
  pruned hist {7: 9}
  frontier written 7 pruned 7
  reasons [('rule check failed: IMPE', 88), ('rule check failed: ANDI', 35), ('rule check failed: IMPI', 34), ('bad line cite', 30), ('rule check failed: DN', 29), ('rule check failed: ORI2', 19)]
[p2/ei_reductio_f0_s0_t2 r4] heldout greedy SOLVED 4417/5000 = 0.883 [0.874,0.892]
  len 2: 995/1000 = 0.995 [0.988,0.998]
  len 3: 995/1000 = 0.995 [0.988,0.998]
  len 4: 978/1000 = 0.978 [0.967,0.985]
  len 5: 570/1000 = 0.570 [0.539,0.600]
  len 6: 879/1000 = 0.879 [0.857,0.898]
  written hist {2: 1054, 3: 989, 4: 1028, 5: 600, 6: 745, 7: 1}
  pruned hist {2: 1055, 3: 991, 4: 1033, 5: 595, 6: 742, 7: 1}
  frontier written 6 pruned 6
  reasons [('rule check failed: IMPE', 137), ('rule check failed: ANDI', 115), ('rule check failed: DN', 54), ('bad box cite', 49), ('rule check failed: ORI2', 32), ('bad line cite', 29)]
python3 train.py --data artifacts/p2/ei_reductio_f0_s0_t2/mix_4.jsonl --init ckpts/p2/ei_reductio_f0_s0_t2_r3.pt --steps 600 --lr 0.0003 --min_lr 2.9999999999999997e-05 --warmup 50 --cap 0 --out ckpts/p2/ei_reductio_f0_s0_t2_r4.pt --seed 4 --log_every 200
params 3210240 mode abs shift True
train records 20336 max len 475
step 200 loss 0.0615 lr 2.53e-04 32s
step 400 loss 0.0525 lr 1.09e-04 67s
step 600 loss 0.0581 lr 3.00e-05 101s
saved ckpts/p2/ei_reductio_f0_s0_t2_r4.pt
=== round 4 done in 294s; new proofs 373; cum targets solved 24
[p2/ei_reductio_f0_s0_t2 r5] targets (this round, pass@32) SOLVED 36/606 = 0.059 [0.043,0.081]
  len 7: 35/61 = 0.574 [0.449,0.690]
  len 8: 0/156 = 0.000 [0.000,0.024]
  len 9: 0/386 = 0.000 [0.000,0.010]
  len 12: 1/3 = 0.333 [0.061,0.792]
  written hist {7: 705}
  pruned hist {7: 705}
  frontier written 7 pruned 7
  reasons [('rule check failed: IMPE', 6047), ('rule check failed: ANDI', 2475), ('rule check failed: IMPI', 1753), ('bad line cite', 1629), ('rule check failed: DN', 1334), ('rule check failed: ORI2', 1025)]
[p2/ei_reductio_f0_s0_t2 r5] targets (cumulative 160 attempts) SOLVED 36/606 = 0.059 [0.043,0.081]
  len 7: 35/61 = 0.574 [0.449,0.690]
  len 8: 0/156 = 0.000 [0.000,0.024]
  len 9: 0/386 = 0.000 [0.000,0.010]
  len 12: 1/3 = 0.333 [0.061,0.792]
  written hist {7: 955, 8: 1}
  pruned hist {7: 956}
  frontier written 7 pruned 7
  reasons []
[p2/ei_reductio_f0_s0_t2 r5] transfer (this round, pass@32) SOLVED 16/300 = 0.053 [0.033,0.085]
  len 7: 16/30 = 0.533 [0.361,0.698]
  len 8: 0/75 = 0.000 [0.000,0.049]
  len 9: 0/195 = 0.000 [0.000,0.019]
  written hist {7: 325, 8: 1}
  pruned hist {7: 326}
  frontier written 7 pruned 7
  reasons [('rule check failed: IMPE', 3118), ('rule check failed: ANDI', 1244), ('rule check failed: DN', 848), ('rule check failed: IMPI', 783), ('bad line cite', 713), ('rule check failed: ORI2', 686)]
[p2/ei_reductio_f0_s0_t2 r5] transfer (cumulative 160 attempts) SOLVED 17/300 = 0.057 [0.036,0.089]
  len 7: 17/30 = 0.567 [0.392,0.726]
  len 8: 0/75 = 0.000 [0.000,0.049]
  len 9: 0/195 = 0.000 [0.000,0.019]
  written hist {7: 465, 8: 1}
  pruned hist {7: 466}
  frontier written 7 pruned 7
  reasons []
[p2/ei_reductio_f0_s0_t2 r5] transfer greedy SOLVED 14/300 = 0.047 [0.028,0.077]
  len 7: 14/30 = 0.467 [0.302,0.639]
  len 8: 0/75 = 0.000 [0.000,0.049]
  len 9: 0/195 = 0.000 [0.000,0.019]
  written hist {7: 14}
  pruned hist {7: 14}
  frontier written 7 pruned 7
  reasons [('rule check failed: IMPE', 95), ('rule check failed: ANDI', 33), ('rule check failed: DN', 30), ('rule check failed: IMPI', 28), ('rule check failed: ORI2', 23), ('bad line cite', 19)]
[p2/ei_reductio_f0_s0_t2 r5] heldout greedy SOLVED 4403/5000 = 0.881 [0.871,0.889]
  len 2: 997/1000 = 0.997 [0.991,0.999]
  len 3: 996/1000 = 0.996 [0.990,0.998]
  len 4: 980/1000 = 0.980 [0.969,0.987]
  len 5: 541/1000 = 0.541 [0.510,0.572]
  len 6: 889/1000 = 0.889 [0.868,0.907]
  written hist {2: 1031, 3: 986, 4: 1043, 5: 591, 6: 752}
  pruned hist {2: 1031, 3: 988, 4: 1048, 5: 585, 6: 751}
  frontier written 6 pruned 6
  reasons [('rule check failed: IMPE', 120), ('rule check failed: ANDI', 100), ('line index mismatch at position 5', 57), ('rule check failed: DN', 53), ('rule check failed: NEGE', 48), ('final formula is not the conclusion', 43)]
python3 train.py --data artifacts/p2/ei_reductio_f0_s0_t2/mix_5.jsonl --init ckpts/p2/ei_reductio_f0_s0_t2_r4.pt --steps 600 --lr 0.0003 --min_lr 2.9999999999999997e-05 --warmup 50 --cap 0 --out ckpts/p2/ei_reductio_f0_s0_t2_r5.pt --seed 5 --log_every 200
params 3210240 mode abs shift True
train records 20508 max len 537
step 200 loss 0.0583 lr 2.53e-04 25s
step 400 loss 0.0572 lr 1.09e-04 49s
step 600 loss 0.0568 lr 3.00e-05 74s
saved ckpts/p2/ei_reductio_f0_s0_t2_r5.pt
=== round 5 done in 301s; new proofs 518; cum targets solved 36
[p2/ei_reductio_f0_s0_t2 r6] targets (this round, pass@32) SOLVED 55/606 = 0.091 [0.070,0.116]
  len 7: 54/61 = 0.885 [0.782,0.943]
  len 8: 0/156 = 0.000 [0.000,0.024]
  len 9: 0/386 = 0.000 [0.000,0.010]
  len 12: 1/3 = 0.333 [0.061,0.792]
  written hist {7: 1106, 8: 3}
  pruned hist {7: 1109}
  frontier written 7 pruned 7
  reasons [('rule check failed: IMPE', 4907), ('rule check failed: ANDI', 2360), ('rule check failed: IMPI', 2041), ('bad line cite', 1996), ('rule check failed: ORI2', 1128), ('rule check failed: DN', 1118)]
[p2/ei_reductio_f0_s0_t2 r6] targets (cumulative 192 attempts) SOLVED 55/606 = 0.091 [0.070,0.116]
  len 7: 54/61 = 0.885 [0.782,0.943]
  len 8: 0/156 = 0.000 [0.000,0.024]
  len 9: 0/386 = 0.000 [0.000,0.010]
  len 12: 1/3 = 0.333 [0.061,0.792]
  written hist {7: 1698, 8: 4}
  pruned hist {7: 1702}
  frontier written 7 pruned 7
  reasons []
[p2/ei_reductio_f0_s0_t2 r6] transfer (this round, pass@32) SOLVED 27/300 = 0.090 [0.063,0.128]
  len 7: 27/30 = 0.900 [0.744,0.965]
  len 8: 0/75 = 0.000 [0.000,0.049]
  len 9: 0/195 = 0.000 [0.000,0.019]
  written hist {7: 486}
  pruned hist {7: 486}
  frontier written 7 pruned 7
  reasons [('rule check failed: IMPE', 2488), ('rule check failed: ANDI', 1327), ('rule check failed: IMPI', 913), ('bad line cite', 838), ('rule check failed: ORI2', 688), ('rule check failed: DN', 661)]
[p2/ei_reductio_f0_s0_t2 r6] transfer (cumulative 192 attempts) SOLVED 27/300 = 0.090 [0.063,0.128]
  len 7: 27/30 = 0.900 [0.744,0.965]
  len 8: 0/75 = 0.000 [0.000,0.049]
  len 9: 0/195 = 0.000 [0.000,0.019]
  written hist {7: 781, 8: 1}
  pruned hist {7: 782}
  frontier written 7 pruned 7
  reasons []
[p2/ei_reductio_f0_s0_t2 r6] transfer greedy SOLVED 21/300 = 0.070 [0.046,0.105]
  len 7: 21/30 = 0.700 [0.521,0.833]
  len 8: 0/75 = 0.000 [0.000,0.049]
  len 9: 0/195 = 0.000 [0.000,0.019]
  written hist {7: 21}
  pruned hist {7: 21}
  frontier written 7 pruned 7
  reasons [('rule check failed: IMPE', 82), ('rule check failed: ANDI', 46), ('bad line cite', 24), ('rule check failed: IMPI', 23), ('rule check failed: DN', 23), ('rule check failed: ORI2', 21)]
[p2/ei_reductio_f0_s0_t2 r6] heldout greedy SOLVED 4424/5000 = 0.885 [0.876,0.893]
  len 2: 997/1000 = 0.997 [0.991,0.999]
  len 3: 996/1000 = 0.996 [0.990,0.998]
  len 4: 979/1000 = 0.979 [0.968,0.986]
  len 5: 546/1000 = 0.546 [0.515,0.577]
  len 6: 906/1000 = 0.906 [0.886,0.923]
  written hist {2: 1023, 3: 995, 4: 1050, 5: 603, 6: 753}
  pruned hist {2: 1025, 3: 997, 4: 1053, 5: 599, 6: 750}
  frontier written 6 pruned 6
  reasons [('rule check failed: IMPE', 140), ('rule check failed: ANDI', 90), ('rule check failed: DN', 57), ('final formula is not the conclusion', 52), ('rule check failed: NEGE', 46), ('parse: missing ) after ~', 25)]
python3 train.py --data artifacts/p2/ei_reductio_f0_s0_t2/mix_6.jsonl --init ckpts/p2/ei_reductio_f0_s0_t2_r5.pt --steps 600 --lr 0.0003 --min_lr 2.9999999999999997e-05 --warmup 50 --cap 0 --out ckpts/p2/ei_reductio_f0_s0_t2_r6.pt --seed 6 --log_every 200
params 3210240 mode abs shift True
train records 20848 max len 524
step 200 loss 0.0588 lr 2.53e-04 34s
step 400 loss 0.0566 lr 1.09e-04 69s
step 600 loss 0.0547 lr 3.00e-05 102s
saved ckpts/p2/ei_reductio_f0_s0_t2_r6.pt
=== round 6 done in 329s; new proofs 746; cum targets solved 55
[p2/ei_reductio_f0_s0_t2 r7] targets (this round, pass@32) SOLVED 58/606 = 0.096 [0.075,0.122]
  len 7: 56/61 = 0.918 [0.822,0.964]
  len 8: 0/156 = 0.000 [0.000,0.024]
  len 9: 0/386 = 0.000 [0.000,0.010]
  len 12: 2/3 = 0.667 [0.208,0.939]
  written hist {7: 1099, 8: 6}
  pruned hist {7: 1105}
  frontier written 8 pruned 7
  reasons [('rule check failed: IMPE', 4907), ('rule check failed: ANDI', 2337), ('rule check failed: IMPI', 1898), ('bad line cite', 1848), ('rule check failed: ORI2', 1194), ('rule check failed: DN', 1068)]
[p2/ei_reductio_f0_s0_t2 r7] targets (cumulative 224 attempts) SOLVED 58/606 = 0.096 [0.075,0.122]
  len 7: 56/61 = 0.918 [0.822,0.964]
  len 8: 0/156 = 0.000 [0.000,0.024]
  len 9: 0/386 = 0.000 [0.000,0.010]
  len 12: 2/3 = 0.667 [0.208,0.939]
  written hist {7: 2161, 8: 10}
  pruned hist {7: 2171}
  frontier written 8 pruned 7
  reasons []
[p2/ei_reductio_f0_s0_t2 r7] transfer (this round, pass@32) SOLVED 30/300 = 0.100 [0.071,0.139]
  len 7: 30/30 = 1.000 [0.886,1.000]
  len 8: 0/75 = 0.000 [0.000,0.049]
  len 9: 0/195 = 0.000 [0.000,0.019]
  written hist {7: 558}
  pruned hist {7: 558}
  frontier written 7 pruned 7
  reasons [('rule check failed: IMPE', 2561), ('rule check failed: ANDI', 1099), ('bad line cite', 785), ('rule check failed: ORI2', 762), ('rule check failed: IMPI', 712), ('rule check failed: DN', 712)]
[p2/ei_reductio_f0_s0_t2 r7] transfer (cumulative 224 attempts) SOLVED 30/300 = 0.100 [0.071,0.139]
  len 7: 30/30 = 1.000 [0.886,1.000]
  len 8: 0/75 = 0.000 [0.000,0.049]
  len 9: 0/195 = 0.000 [0.000,0.019]
  written hist {7: 1053, 8: 1}
  pruned hist {7: 1054}
  frontier written 7 pruned 7
  reasons []
[p2/ei_reductio_f0_s0_t2 r7] transfer greedy SOLVED 29/300 = 0.097 [0.068,0.135]
  len 7: 29/30 = 0.967 [0.833,0.994]
  len 8: 0/75 = 0.000 [0.000,0.049]
  len 9: 0/195 = 0.000 [0.000,0.019]
  written hist {7: 29}
  pruned hist {7: 29}
  frontier written 7 pruned 7
  reasons [('rule check failed: IMPE', 88), ('rule check failed: ANDI', 34), ('rule check failed: DN', 25), ('bad line cite', 25), ('rule check failed: ORI2', 22), ('rule check failed: IMPI', 16)]
[p2/ei_reductio_f0_s0_t2 r7] heldout greedy SOLVED 4424/5000 = 0.885 [0.876,0.893]
  len 2: 997/1000 = 0.997 [0.991,0.999]
  len 3: 996/1000 = 0.996 [0.990,0.998]
  len 4: 976/1000 = 0.976 [0.965,0.984]
  len 5: 564/1000 = 0.564 [0.533,0.594]
  len 6: 891/1000 = 0.891 [0.870,0.909]
  written hist {2: 1042, 3: 994, 4: 1035, 5: 602, 6: 751}
  pruned hist {2: 1044, 3: 998, 4: 1034, 5: 598, 6: 750}
  frontier written 6 pruned 6
  reasons [('rule check failed: IMPE', 117), ('rule check failed: ANDI', 84), ('rule check failed: DN', 73), ('final formula is not the conclusion', 71), ('rule check failed: NEGE', 44), ('rule check failed: ORI2', 29)]
python3 train.py --data artifacts/p2/ei_reductio_f0_s0_t2/mix_7.jsonl --init ckpts/p2/ei_reductio_f0_s0_t2_r6.pt --steps 600 --lr 0.0003 --min_lr 2.9999999999999997e-05 --warmup 50 --cap 0 --out ckpts/p2/ei_reductio_f0_s0_t2_r7.pt --seed 7 --log_every 200
params 3210240 mode abs shift True
train records 20916 max len 494
step 200 loss 0.0602 lr 2.53e-04 29s
step 400 loss 0.0557 lr 1.09e-04 53s
step 600 loss 0.0553 lr 3.00e-05 76s
saved ckpts/p2/ei_reductio_f0_s0_t2_r7.pt
=== round 7 done in 273s; new proofs 469; cum targets solved 58
[p2/ei_reductio_f0_s0_t2 r8] targets (this round, pass@32) SOLVED 58/606 = 0.096 [0.075,0.122]
  len 7: 56/61 = 0.918 [0.822,0.964]
  len 8: 0/156 = 0.000 [0.000,0.024]
  len 9: 0/386 = 0.000 [0.000,0.010]
  len 12: 2/3 = 0.667 [0.208,0.939]
  written hist {7: 976, 8: 13, 9: 1}
  pruned hist {7: 990}
  frontier written 8 pruned 7
  reasons [('rule check failed: IMPE', 4402), ('rule check failed: ANDI', 2276), ('bad line cite', 2014), ('rule check failed: IMPI', 1830), ('rule check failed: ORI2', 1392), ('rule check failed: DN', 1154)]
[p2/ei_reductio_f0_s0_t2 r8] targets (cumulative 256 attempts) SOLVED 58/606 = 0.096 [0.075,0.122]
  len 7: 56/61 = 0.918 [0.822,0.964]
  len 8: 0/156 = 0.000 [0.000,0.024]
  len 9: 0/386 = 0.000 [0.000,0.010]
  len 12: 2/3 = 0.667 [0.208,0.939]
  written hist {7: 2353, 8: 19, 9: 1}
  pruned hist {7: 2373}
  frontier written 8 pruned 7
  reasons []
[p2/ei_reductio_f0_s0_t2 r8] transfer (this round, pass@32) SOLVED 30/300 = 0.100 [0.071,0.139]
  len 7: 30/30 = 1.000 [0.886,1.000]
  len 8: 0/75 = 0.000 [0.000,0.049]
  len 9: 0/195 = 0.000 [0.000,0.019]
  written hist {7: 495}
  pruned hist {7: 495}
  frontier written 7 pruned 7
  reasons [('rule check failed: IMPE', 2300), ('rule check failed: ANDI', 1216), ('bad line cite', 878), ('rule check failed: IMPI', 812), ('rule check failed: ORI2', 791), ('rule check failed: DN', 734)]
[p2/ei_reductio_f0_s0_t2 r8] transfer (cumulative 256 attempts) SOLVED 30/300 = 0.100 [0.071,0.139]
  len 7: 30/30 = 1.000 [0.886,1.000]
  len 8: 0/75 = 0.000 [0.000,0.049]
  len 9: 0/195 = 0.000 [0.000,0.019]
  written hist {7: 1161, 8: 1}
  pruned hist {7: 1162}
  frontier written 7 pruned 7
  reasons []
[p2/ei_reductio_f0_s0_t2 r8] transfer greedy SOLVED 29/300 = 0.097 [0.068,0.135]
  len 7: 29/30 = 0.967 [0.833,0.994]
  len 8: 0/75 = 0.000 [0.000,0.049]
  len 9: 0/195 = 0.000 [0.000,0.019]
  written hist {7: 29}
  pruned hist {7: 29}
  frontier written 7 pruned 7
  reasons [('rule check failed: IMPE', 71), ('rule check failed: ANDI', 39), ('rule check failed: DN', 27), ('bad line cite', 27), ('rule check failed: ORI2', 26), ('rule check failed: IMPI', 25)]
[p2/ei_reductio_f0_s0_t2 r8] heldout greedy SOLVED 4467/5000 = 0.893 [0.885,0.902]
  len 2: 998/1000 = 0.998 [0.993,0.999]
  len 3: 992/1000 = 0.992 [0.984,0.996]
  len 4: 977/1000 = 0.977 [0.966,0.985]
  len 5: 592/1000 = 0.592 [0.561,0.622]
  len 6: 908/1000 = 0.908 [0.888,0.924]
  written hist {2: 1050, 3: 986, 4: 1045, 5: 628, 6: 758}
  pruned hist {2: 1050, 3: 990, 4: 1045, 5: 627, 6: 755}
  frontier written 6 pruned 6
  reasons [('rule check failed: IMPE', 93), ('rule check failed: ANDI', 92), ('rule check failed: DN', 69), ('rule check failed: ORI2', 37), ('parse: missing ) after ~', 32), ('final formula is not the conclusion', 31)]
python3 train.py --data artifacts/p2/ei_reductio_f0_s0_t2/mix_8.jsonl --init ckpts/p2/ei_reductio_f0_s0_t2_r7.pt --steps 600 --lr 0.0003 --min_lr 2.9999999999999997e-05 --warmup 50 --cap 0 --out ckpts/p2/ei_reductio_f0_s0_t2_r8.pt --seed 8 --log_every 200
params 3210240 mode abs shift True
train records 20928 max len 516
step 200 loss 0.0556 lr 2.53e-04 26s
step 400 loss 0.0546 lr 1.09e-04 51s
step 600 loss 0.0515 lr 3.00e-05 77s
saved ckpts/p2/ei_reductio_f0_s0_t2_r8.pt
=== round 8 done in 349s; new proofs 202; cum targets solved 58
