[p2/frozen_reductio_f0.1_s0_t2 r1] targets (this round, pass@32) SOLVED 15/606 = 0.025 [0.015,0.040]
  len 7: 15/61 = 0.246 [0.155,0.367]
  len 8: 0/156 = 0.000 [0.000,0.024]
  len 9: 0/386 = 0.000 [0.000,0.010]
  len 12: 0/3 = 0.000 [0.000,0.562]
  written hist {7: 55, 8: 1}
  pruned hist {7: 56}
  frontier written 7 pruned 7
  reasons [('rule check failed: IMPE', 7408), ('rule check failed: ANDI', 2877), ('rule check failed: IMPI', 1288), ('bad line cite', 1116), ('rule check failed: NEGE', 964), ('rule check failed: ORI1', 902)]
[p2/frozen_reductio_f0.1_s0_t2 r1] targets (cumulative 32 attempts) SOLVED 15/606 = 0.025 [0.015,0.040]
  len 7: 15/61 = 0.246 [0.155,0.367]
  len 8: 0/156 = 0.000 [0.000,0.024]
  len 9: 0/386 = 0.000 [0.000,0.010]
  len 12: 0/3 = 0.000 [0.000,0.562]
  written hist {7: 55, 8: 1}
  pruned hist {7: 56}
  frontier written 7 pruned 7
  reasons []
[p2/frozen_reductio_f0.1_s0_t2 r1] transfer (this round, pass@32) SOLVED 6/300 = 0.020 [0.009,0.043]
  len 7: 6/30 = 0.200 [0.095,0.373]
  len 8: 0/75 = 0.000 [0.000,0.049]
  len 9: 0/195 = 0.000 [0.000,0.019]
  written hist {7: 58}
  pruned hist {7: 58}
  frontier written 7 pruned 7
  reasons [('rule check failed: IMPE', 3527), ('rule check failed: ANDI', 1464), ('rule check failed: IMPI', 653), ('bad line cite', 527), ('rule check failed: ORI2', 520), ('rule check failed: ORI1', 485)]
[p2/frozen_reductio_f0.1_s0_t2 r1] transfer (cumulative 32 attempts) SOLVED 6/300 = 0.020 [0.009,0.043]
  len 7: 6/30 = 0.200 [0.095,0.373]
  len 8: 0/75 = 0.000 [0.000,0.049]
  len 9: 0/195 = 0.000 [0.000,0.019]
  written hist {7: 58}
  pruned hist {7: 58}
  frontier written 7 pruned 7
  reasons []
[p2/frozen_reductio_f0.1_s0_t2 r1] transfer greedy SOLVED 1/300 = 0.003 [0.001,0.019]
  len 7: 1/30 = 0.033 [0.006,0.167]
  len 8: 0/75 = 0.000 [0.000,0.049]
  len 9: 0/195 = 0.000 [0.000,0.019]
  written hist {7: 1}
  pruned hist {7: 1}
  frontier written 0 pruned 0
  reasons [('rule check failed: IMPE', 113), ('rule check failed: ANDI', 55), ('bad line cite', 18), ('rule check failed: ORI2', 16), ('rule check failed: IMPI', 16), ('final formula is not the conclusion', 13)]
[p2/frozen_reductio_f0.1_s0_t2 r1] heldout greedy SOLVED 4840/5000 = 0.968 [0.963,0.973]
  len 2: 997/1000 = 0.997 [0.991,0.999]
  len 3: 993/1000 = 0.993 [0.986,0.997]
  len 4: 969/1000 = 0.969 [0.956,0.978]
  len 5: 940/1000 = 0.940 [0.924,0.953]
  len 6: 941/1000 = 0.941 [0.925,0.954]
  written hist {2: 1025, 3: 988, 4: 943, 5: 962, 6: 922}
  pruned hist {2: 1025, 3: 988, 4: 947, 5: 958, 6: 922}
  frontier written 6 pruned 6
  reasons [('rule check failed: ANDI', 42), ('rule check failed: ORI1', 22), ('rule check failed: IMPE', 16), ('rule check failed: ORI2', 13), ('rule check failed: NEGE', 12), ('rule check failed: IMPI', 9)]
=== round 1 done in 131s; new proofs 56; cum targets solved 15
[p2/frozen_reductio_f0.1_s0_t2 r2] targets (this round, pass@32) SOLVED 22/606 = 0.036 [0.024,0.054]
  len 7: 22/61 = 0.361 [0.252,0.486]
  len 8: 0/156 = 0.000 [0.000,0.024]
  len 9: 0/386 = 0.000 [0.000,0.010]
  len 12: 0/3 = 0.000 [0.000,0.562]
  written hist {7: 58}
  pruned hist {7: 58}
  frontier written 7 pruned 7
  reasons [('rule check failed: IMPE', 7434), ('rule check failed: ANDI', 2942), ('rule check failed: IMPI', 1275), ('bad line cite', 1191), ('rule check failed: NEGE', 917), ('rule check failed: ORI1', 912)]
[p2/frozen_reductio_f0.1_s0_t2 r2] targets (cumulative 64 attempts) SOLVED 23/606 = 0.038 [0.025,0.056]
  len 7: 23/61 = 0.377 [0.266,0.503]
  len 8: 0/156 = 0.000 [0.000,0.024]
  len 9: 0/386 = 0.000 [0.000,0.010]
  len 12: 0/3 = 0.000 [0.000,0.562]
  written hist {7: 109, 8: 1}
  pruned hist {7: 110}
  frontier written 7 pruned 7
  reasons []
[p2/frozen_reductio_f0.1_s0_t2 r2] transfer (this round, pass@32) SOLVED 8/300 = 0.027 [0.014,0.052]
  len 7: 8/30 = 0.267 [0.142,0.444]
  len 8: 0/75 = 0.000 [0.000,0.049]
  len 9: 0/195 = 0.000 [0.000,0.019]
  written hist {7: 54}
  pruned hist {7: 54}
  frontier written 7 pruned 7
  reasons [('rule check failed: IMPE', 3504), ('rule check failed: ANDI', 1447), ('rule check failed: IMPI', 660), ('bad line cite', 556), ('rule check failed: ORI2', 503), ('rule check failed: ORI1', 490)]
[p2/frozen_reductio_f0.1_s0_t2 r2] transfer (cumulative 64 attempts) SOLVED 8/300 = 0.027 [0.014,0.052]
  len 7: 8/30 = 0.267 [0.142,0.444]
  len 8: 0/75 = 0.000 [0.000,0.049]
  len 9: 0/195 = 0.000 [0.000,0.019]
  written hist {7: 107}
  pruned hist {7: 107}
  frontier written 7 pruned 7
  reasons []
[p2/frozen_reductio_f0.1_s0_t2 r2] transfer greedy SOLVED 1/300 = 0.003 [0.001,0.019]
  len 7: 1/30 = 0.033 [0.006,0.167]
  len 8: 0/75 = 0.000 [0.000,0.049]
  len 9: 0/195 = 0.000 [0.000,0.019]
  written hist {7: 1}
  pruned hist {7: 1}
  frontier written 0 pruned 0
  reasons [('rule check failed: IMPE', 113), ('rule check failed: ANDI', 55), ('bad line cite', 18), ('rule check failed: ORI2', 16), ('rule check failed: IMPI', 16), ('final formula is not the conclusion', 13)]
[p2/frozen_reductio_f0.1_s0_t2 r2] heldout greedy SOLVED 4840/5000 = 0.968 [0.963,0.973]
  len 2: 997/1000 = 0.997 [0.991,0.999]
  len 3: 993/1000 = 0.993 [0.986,0.997]
  len 4: 969/1000 = 0.969 [0.956,0.978]
  len 5: 940/1000 = 0.940 [0.924,0.953]
  len 6: 941/1000 = 0.941 [0.925,0.954]
  written hist {2: 1025, 3: 988, 4: 943, 5: 962, 6: 922}
  pruned hist {2: 1025, 3: 988, 4: 947, 5: 958, 6: 922}
  frontier written 6 pruned 6
  reasons [('rule check failed: ANDI', 42), ('rule check failed: ORI1', 22), ('rule check failed: IMPE', 16), ('rule check failed: ORI2', 13), ('rule check failed: NEGE', 12), ('rule check failed: IMPI', 9)]
=== round 2 done in 122s; new proofs 54; cum targets solved 23
[p2/frozen_reductio_f0.1_s0_t2 r3] targets (this round, pass@32) SOLVED 17/606 = 0.028 [0.018,0.044]
  len 7: 17/61 = 0.279 [0.182,0.402]
  len 8: 0/156 = 0.000 [0.000,0.024]
  len 9: 0/386 = 0.000 [0.000,0.010]
  len 12: 0/3 = 0.000 [0.000,0.562]
  written hist {7: 42}
  pruned hist {7: 42}
  frontier written 7 pruned 7
  reasons [('rule check failed: IMPE', 7405), ('rule check failed: ANDI', 2898), ('rule check failed: IMPI', 1246), ('bad line cite', 1165), ('rule check failed: ORI1', 943), ('rule check failed: NEGE', 883)]
[p2/frozen_reductio_f0.1_s0_t2 r3] targets (cumulative 96 attempts) SOLVED 24/606 = 0.040 [0.027,0.058]
  len 7: 24/61 = 0.393 [0.281,0.519]
  len 8: 0/156 = 0.000 [0.000,0.024]
  len 9: 0/386 = 0.000 [0.000,0.010]
  len 12: 0/3 = 0.000 [0.000,0.562]
  written hist {7: 146, 8: 1}
  pruned hist {7: 147}
  frontier written 7 pruned 7
  reasons []
[p2/frozen_reductio_f0.1_s0_t2 r3] transfer (this round, pass@32) SOLVED 7/300 = 0.023 [0.011,0.047]
  len 7: 7/30 = 0.233 [0.118,0.409]
  len 8: 0/75 = 0.000 [0.000,0.049]
  len 9: 0/195 = 0.000 [0.000,0.019]
  written hist {7: 45}
  pruned hist {7: 45}
  frontier written 7 pruned 7
  reasons [('rule check failed: IMPE', 3530), ('rule check failed: ANDI', 1485), ('rule check failed: IMPI', 677), ('bad line cite', 557), ('rule check failed: ORI2', 512), ('rule check failed: ORI1', 462)]
[p2/frozen_reductio_f0.1_s0_t2 r3] transfer (cumulative 96 attempts) SOLVED 8/300 = 0.027 [0.014,0.052]
  len 7: 8/30 = 0.267 [0.142,0.444]
  len 8: 0/75 = 0.000 [0.000,0.049]
  len 9: 0/195 = 0.000 [0.000,0.019]
  written hist {7: 134}
  pruned hist {7: 134}
  frontier written 7 pruned 7
  reasons []
[p2/frozen_reductio_f0.1_s0_t2 r3] transfer greedy SOLVED 1/300 = 0.003 [0.001,0.019]
  len 7: 1/30 = 0.033 [0.006,0.167]
  len 8: 0/75 = 0.000 [0.000,0.049]
  len 9: 0/195 = 0.000 [0.000,0.019]
  written hist {7: 1}
  pruned hist {7: 1}
  frontier written 0 pruned 0
  reasons [('rule check failed: IMPE', 113), ('rule check failed: ANDI', 55), ('bad line cite', 18), ('rule check failed: ORI2', 16), ('rule check failed: IMPI', 16), ('final formula is not the conclusion', 13)]
[p2/frozen_reductio_f0.1_s0_t2 r3] heldout greedy SOLVED 4840/5000 = 0.968 [0.963,0.973]
  len 2: 997/1000 = 0.997 [0.991,0.999]
  len 3: 993/1000 = 0.993 [0.986,0.997]
  len 4: 969/1000 = 0.969 [0.956,0.978]
  len 5: 940/1000 = 0.940 [0.924,0.953]
  len 6: 941/1000 = 0.941 [0.925,0.954]
  written hist {2: 1025, 3: 988, 4: 943, 5: 962, 6: 922}
  pruned hist {2: 1025, 3: 988, 4: 947, 5: 958, 6: 922}
  frontier written 6 pruned 6
  reasons [('rule check failed: ANDI', 42), ('rule check failed: ORI1', 22), ('rule check failed: IMPE', 16), ('rule check failed: ORI2', 13), ('rule check failed: NEGE', 12), ('rule check failed: IMPI', 9)]
=== round 3 done in 136s; new proofs 37; cum targets solved 24
[p2/frozen_reductio_f0.1_s0_t2 r4] targets (this round, pass@32) SOLVED 14/606 = 0.023 [0.014,0.038]
  len 7: 14/61 = 0.230 [0.142,0.349]
  len 8: 0/156 = 0.000 [0.000,0.024]
  len 9: 0/386 = 0.000 [0.000,0.010]
  len 12: 0/3 = 0.000 [0.000,0.562]
  written hist {7: 50}
  pruned hist {7: 50}
  frontier written 7 pruned 7
  reasons [('rule check failed: IMPE', 7507), ('rule check failed: ANDI', 2877), ('rule check failed: IMPI', 1254), ('bad line cite', 1171), ('rule check failed: ORI1', 901), ('rule check failed: NEGE', 849)]
[p2/frozen_reductio_f0.1_s0_t2 r4] targets (cumulative 128 attempts) SOLVED 24/606 = 0.040 [0.027,0.058]
  len 7: 24/61 = 0.393 [0.281,0.519]
  len 8: 0/156 = 0.000 [0.000,0.024]
  len 9: 0/386 = 0.000 [0.000,0.010]
  len 12: 0/3 = 0.000 [0.000,0.562]
  written hist {7: 193, 8: 1}
  pruned hist {7: 194}
  frontier written 7 pruned 7
  reasons []
[p2/frozen_reductio_f0.1_s0_t2 r4] transfer (this round, pass@32) SOLVED 10/300 = 0.033 [0.018,0.060]
  len 7: 10/30 = 0.333 [0.192,0.512]
  len 8: 0/75 = 0.000 [0.000,0.049]
  len 9: 0/195 = 0.000 [0.000,0.019]
  written hist {7: 50}
  pruned hist {7: 50}
  frontier written 7 pruned 7
  reasons [('rule check failed: IMPE', 3521), ('rule check failed: ANDI', 1450), ('rule check failed: IMPI', 678), ('bad line cite', 552), ('rule check failed: ORI1', 500), ('rule check failed: ORI2', 490)]
[p2/frozen_reductio_f0.1_s0_t2 r4] transfer (cumulative 128 attempts) SOLVED 11/300 = 0.037 [0.021,0.064]
  len 7: 11/30 = 0.367 [0.219,0.545]
  len 8: 0/75 = 0.000 [0.000,0.049]
  len 9: 0/195 = 0.000 [0.000,0.019]
  written hist {7: 162}
  pruned hist {7: 162}
  frontier written 7 pruned 7
  reasons []
[p2/frozen_reductio_f0.1_s0_t2 r4] transfer greedy SOLVED 1/300 = 0.003 [0.001,0.019]
  len 7: 1/30 = 0.033 [0.006,0.167]
  len 8: 0/75 = 0.000 [0.000,0.049]
  len 9: 0/195 = 0.000 [0.000,0.019]
  written hist {7: 1}
  pruned hist {7: 1}
  frontier written 0 pruned 0
  reasons [('rule check failed: IMPE', 113), ('rule check failed: ANDI', 55), ('bad line cite', 18), ('rule check failed: ORI2', 16), ('rule check failed: IMPI', 16), ('final formula is not the conclusion', 13)]
[p2/frozen_reductio_f0.1_s0_t2 r4] heldout greedy SOLVED 4840/5000 = 0.968 [0.963,0.973]
  len 2: 997/1000 = 0.997 [0.991,0.999]
  len 3: 993/1000 = 0.993 [0.986,0.997]
  len 4: 969/1000 = 0.969 [0.956,0.978]
  len 5: 940/1000 = 0.940 [0.924,0.953]
  len 6: 941/1000 = 0.941 [0.925,0.954]
  written hist {2: 1025, 3: 988, 4: 943, 5: 962, 6: 922}
  pruned hist {2: 1025, 3: 988, 4: 947, 5: 958, 6: 922}
  frontier written 6 pruned 6
  reasons [('rule check failed: ANDI', 42), ('rule check failed: ORI1', 22), ('rule check failed: IMPE', 16), ('rule check failed: ORI2', 13), ('rule check failed: NEGE', 12), ('rule check failed: IMPI', 9)]
=== round 4 done in 129s; new proofs 47; cum targets solved 24
[p2/frozen_reductio_f0.1_s0_t2 r5] targets (this round, pass@32) SOLVED 18/606 = 0.030 [0.019,0.046]
  len 7: 18/61 = 0.295 [0.196,0.419]
  len 8: 0/156 = 0.000 [0.000,0.024]
  len 9: 0/386 = 0.000 [0.000,0.010]
  len 12: 0/3 = 0.000 [0.000,0.562]
  written hist {7: 51}
  pruned hist {7: 51}
  frontier written 7 pruned 7
  reasons [('rule check failed: IMPE', 7441), ('rule check failed: ANDI', 2888), ('rule check failed: IMPI', 1283), ('bad line cite', 1158), ('rule check failed: ORI1', 921), ('rule check failed: NEGE', 910)]
[p2/frozen_reductio_f0.1_s0_t2 r5] targets (cumulative 160 attempts) SOLVED 24/606 = 0.040 [0.027,0.058]
  len 7: 24/61 = 0.393 [0.281,0.519]
  len 8: 0/156 = 0.000 [0.000,0.024]
  len 9: 0/386 = 0.000 [0.000,0.010]
  len 12: 0/3 = 0.000 [0.000,0.562]
  written hist {7: 237, 8: 1}
  pruned hist {7: 238}
  frontier written 7 pruned 7
  reasons []
[p2/frozen_reductio_f0.1_s0_t2 r5] transfer (this round, pass@32) SOLVED 6/300 = 0.020 [0.009,0.043]
  len 7: 6/30 = 0.200 [0.095,0.373]
  len 8: 0/75 = 0.000 [0.000,0.049]
  len 9: 0/195 = 0.000 [0.000,0.019]
  written hist {7: 44}
  pruned hist {7: 44}
  frontier written 7 pruned 7
  reasons [('rule check failed: IMPE', 3558), ('rule check failed: ANDI', 1451), ('rule check failed: IMPI', 673), ('bad line cite', 554), ('rule check failed: ORI2', 505), ('rule check failed: ORI1', 485)]
[p2/frozen_reductio_f0.1_s0_t2 r5] transfer (cumulative 160 attempts) SOLVED 11/300 = 0.037 [0.021,0.064]
  len 7: 11/30 = 0.367 [0.219,0.545]
  len 8: 0/75 = 0.000 [0.000,0.049]
  len 9: 0/195 = 0.000 [0.000,0.019]
  written hist {7: 181}
  pruned hist {7: 181}
  frontier written 7 pruned 7
  reasons []
[p2/frozen_reductio_f0.1_s0_t2 r5] transfer greedy SOLVED 1/300 = 0.003 [0.001,0.019]
  len 7: 1/30 = 0.033 [0.006,0.167]
  len 8: 0/75 = 0.000 [0.000,0.049]
  len 9: 0/195 = 0.000 [0.000,0.019]
  written hist {7: 1}
  pruned hist {7: 1}
  frontier written 0 pruned 0
  reasons [('rule check failed: IMPE', 113), ('rule check failed: ANDI', 55), ('bad line cite', 18), ('rule check failed: ORI2', 16), ('rule check failed: IMPI', 16), ('final formula is not the conclusion', 13)]
[p2/frozen_reductio_f0.1_s0_t2 r5] heldout greedy SOLVED 4840/5000 = 0.968 [0.963,0.973]
  len 2: 997/1000 = 0.997 [0.991,0.999]
  len 3: 993/1000 = 0.993 [0.986,0.997]
  len 4: 969/1000 = 0.969 [0.956,0.978]
  len 5: 940/1000 = 0.940 [0.924,0.953]
  len 6: 941/1000 = 0.941 [0.925,0.954]
  written hist {2: 1025, 3: 988, 4: 943, 5: 962, 6: 922}
  pruned hist {2: 1025, 3: 988, 4: 947, 5: 958, 6: 922}
  frontier written 6 pruned 6
  reasons [('rule check failed: ANDI', 42), ('rule check failed: ORI1', 22), ('rule check failed: IMPE', 16), ('rule check failed: ORI2', 13), ('rule check failed: NEGE', 12), ('rule check failed: IMPI', 9)]
=== round 5 done in 128s; new proofs 44; cum targets solved 24
[p2/frozen_reductio_f0.1_s0_t2 r6] targets (this round, pass@32) SOLVED 15/606 = 0.025 [0.015,0.040]
  len 7: 15/61 = 0.246 [0.155,0.367]
  len 8: 0/156 = 0.000 [0.000,0.024]
  len 9: 0/386 = 0.000 [0.000,0.010]
  len 12: 0/3 = 0.000 [0.000,0.562]
  written hist {7: 48}
  pruned hist {7: 48}
  frontier written 7 pruned 7
  reasons [('rule check failed: IMPE', 7462), ('rule check failed: ANDI', 2838), ('rule check failed: IMPI', 1249), ('bad line cite', 1187), ('rule check failed: ORI1', 923), ('rule check failed: NEGE', 901)]
[p2/frozen_reductio_f0.1_s0_t2 r6] targets (cumulative 192 attempts) SOLVED 24/606 = 0.040 [0.027,0.058]
  len 7: 24/61 = 0.393 [0.281,0.519]
  len 8: 0/156 = 0.000 [0.000,0.024]
  len 9: 0/386 = 0.000 [0.000,0.010]
  len 12: 0/3 = 0.000 [0.000,0.562]
  written hist {7: 274, 8: 1}
  pruned hist {7: 275}
  frontier written 7 pruned 7
  reasons []
[p2/frozen_reductio_f0.1_s0_t2 r6] transfer (this round, pass@32) SOLVED 10/300 = 0.033 [0.018,0.060]
  len 7: 10/30 = 0.333 [0.192,0.512]
  len 8: 0/75 = 0.000 [0.000,0.049]
  len 9: 0/195 = 0.000 [0.000,0.019]
  written hist {7: 57}
  pruned hist {7: 57}
  frontier written 7 pruned 7
  reasons [('rule check failed: IMPE', 3484), ('rule check failed: ANDI', 1448), ('rule check failed: IMPI', 676), ('bad line cite', 535), ('rule check failed: ORI1', 514), ('rule check failed: ORI2', 481)]
[p2/frozen_reductio_f0.1_s0_t2 r6] transfer (cumulative 192 attempts) SOLVED 14/300 = 0.047 [0.028,0.077]
  len 7: 14/30 = 0.467 [0.302,0.639]
  len 8: 0/75 = 0.000 [0.000,0.049]
  len 9: 0/195 = 0.000 [0.000,0.019]
  written hist {7: 210}
  pruned hist {7: 210}
  frontier written 7 pruned 7
  reasons []
[p2/frozen_reductio_f0.1_s0_t2 r6] transfer greedy SOLVED 1/300 = 0.003 [0.001,0.019]
  len 7: 1/30 = 0.033 [0.006,0.167]
  len 8: 0/75 = 0.000 [0.000,0.049]
  len 9: 0/195 = 0.000 [0.000,0.019]
  written hist {7: 1}
  pruned hist {7: 1}
  frontier written 0 pruned 0
  reasons [('rule check failed: IMPE', 113), ('rule check failed: ANDI', 55), ('bad line cite', 18), ('rule check failed: ORI2', 16), ('rule check failed: IMPI', 16), ('final formula is not the conclusion', 13)]
[p2/frozen_reductio_f0.1_s0_t2 r6] heldout greedy SOLVED 4840/5000 = 0.968 [0.963,0.973]
  len 2: 997/1000 = 0.997 [0.991,0.999]
  len 3: 993/1000 = 0.993 [0.986,0.997]
  len 4: 969/1000 = 0.969 [0.956,0.978]
  len 5: 940/1000 = 0.940 [0.924,0.953]
  len 6: 941/1000 = 0.941 [0.925,0.954]
  written hist {2: 1025, 3: 988, 4: 943, 5: 962, 6: 922}
  pruned hist {2: 1025, 3: 988, 4: 947, 5: 958, 6: 922}
  frontier written 6 pruned 6
  reasons [('rule check failed: ANDI', 42), ('rule check failed: ORI1', 22), ('rule check failed: IMPE', 16), ('rule check failed: ORI2', 13), ('rule check failed: NEGE', 12), ('rule check failed: IMPI', 9)]
=== round 6 done in 124s; new proofs 37; cum targets solved 24
[p2/frozen_reductio_f0.1_s0_t2 r7] targets (this round, pass@32) SOLVED 19/606 = 0.031 [0.020,0.048]
  len 7: 19/61 = 0.311 [0.209,0.436]
  len 8: 0/156 = 0.000 [0.000,0.024]
  len 9: 0/386 = 0.000 [0.000,0.010]
  len 12: 0/3 = 0.000 [0.000,0.562]
  written hist {7: 49}
  pruned hist {7: 49}
  frontier written 7 pruned 7
  reasons [('rule check failed: IMPE', 7461), ('rule check failed: ANDI', 2902), ('rule check failed: IMPI', 1267), ('bad line cite', 1145), ('rule check failed: NEGE', 935), ('rule check failed: ORI1', 905)]
[p2/frozen_reductio_f0.1_s0_t2 r7] targets (cumulative 224 attempts) SOLVED 25/606 = 0.041 [0.028,0.060]
  len 7: 25/61 = 0.410 [0.295,0.535]
  len 8: 0/156 = 0.000 [0.000,0.024]
  len 9: 0/386 = 0.000 [0.000,0.010]
  len 12: 0/3 = 0.000 [0.000,0.562]
  written hist {7: 305, 8: 1}
  pruned hist {7: 306}
  frontier written 7 pruned 7
  reasons []
[p2/frozen_reductio_f0.1_s0_t2 r7] transfer (this round, pass@32) SOLVED 7/300 = 0.023 [0.011,0.047]
  len 7: 7/30 = 0.233 [0.118,0.409]
  len 8: 0/75 = 0.000 [0.000,0.049]
  len 9: 0/195 = 0.000 [0.000,0.019]
  written hist {7: 61}
  pruned hist {7: 61}
  frontier written 7 pruned 7
  reasons [('rule check failed: IMPE', 3514), ('rule check failed: ANDI', 1423), ('rule check failed: IMPI', 651), ('bad line cite', 548), ('rule check failed: ORI2', 517), ('rule check failed: ORI1', 498)]
[p2/frozen_reductio_f0.1_s0_t2 r7] transfer (cumulative 224 attempts) SOLVED 14/300 = 0.047 [0.028,0.077]
  len 7: 14/30 = 0.467 [0.302,0.639]
  len 8: 0/75 = 0.000 [0.000,0.049]
  len 9: 0/195 = 0.000 [0.000,0.019]
  written hist {7: 236}
  pruned hist {7: 236}
  frontier written 7 pruned 7
  reasons []
[p2/frozen_reductio_f0.1_s0_t2 r7] transfer greedy SOLVED 1/300 = 0.003 [0.001,0.019]
  len 7: 1/30 = 0.033 [0.006,0.167]
  len 8: 0/75 = 0.000 [0.000,0.049]
  len 9: 0/195 = 0.000 [0.000,0.019]
  written hist {7: 1}
  pruned hist {7: 1}
  frontier written 0 pruned 0
  reasons [('rule check failed: IMPE', 113), ('rule check failed: ANDI', 55), ('bad line cite', 18), ('rule check failed: ORI2', 16), ('rule check failed: IMPI', 16), ('final formula is not the conclusion', 13)]
[p2/frozen_reductio_f0.1_s0_t2 r7] heldout greedy SOLVED 4840/5000 = 0.968 [0.963,0.973]
  len 2: 997/1000 = 0.997 [0.991,0.999]
  len 3: 993/1000 = 0.993 [0.986,0.997]
  len 4: 969/1000 = 0.969 [0.956,0.978]
  len 5: 940/1000 = 0.940 [0.924,0.953]
  len 6: 941/1000 = 0.941 [0.925,0.954]
  written hist {2: 1025, 3: 988, 4: 943, 5: 962, 6: 922}
  pruned hist {2: 1025, 3: 988, 4: 947, 5: 958, 6: 922}
  frontier written 6 pruned 6
  reasons [('rule check failed: ANDI', 42), ('rule check failed: ORI1', 22), ('rule check failed: IMPE', 16), ('rule check failed: ORI2', 13), ('rule check failed: NEGE', 12), ('rule check failed: IMPI', 9)]
=== round 7 done in 91s; new proofs 31; cum targets solved 25
[p2/frozen_reductio_f0.1_s0_t2 r8] targets (this round, pass@32) SOLVED 15/606 = 0.025 [0.015,0.040]
  len 7: 15/61 = 0.246 [0.155,0.367]
  len 8: 0/156 = 0.000 [0.000,0.024]
  len 9: 0/386 = 0.000 [0.000,0.010]
  len 12: 0/3 = 0.000 [0.000,0.562]
  written hist {7: 50}
  pruned hist {7: 50}
  frontier written 7 pruned 7
  reasons [('rule check failed: IMPE', 7388), ('rule check failed: ANDI', 2915), ('rule check failed: IMPI', 1238), ('bad line cite', 1166), ('rule check failed: ORI1', 931), ('rule check failed: NEGE', 908)]
[p2/frozen_reductio_f0.1_s0_t2 r8] targets (cumulative 256 attempts) SOLVED 25/606 = 0.041 [0.028,0.060]
  len 7: 25/61 = 0.410 [0.295,0.535]
  len 8: 0/156 = 0.000 [0.000,0.024]
  len 9: 0/386 = 0.000 [0.000,0.010]
  len 12: 0/3 = 0.000 [0.000,0.562]
  written hist {7: 331, 8: 1}
  pruned hist {7: 332}
  frontier written 7 pruned 7
  reasons []
[p2/frozen_reductio_f0.1_s0_t2 r8] transfer (this round, pass@32) SOLVED 10/300 = 0.033 [0.018,0.060]
  len 7: 10/30 = 0.333 [0.192,0.512]
  len 8: 0/75 = 0.000 [0.000,0.049]
  len 9: 0/195 = 0.000 [0.000,0.019]
  written hist {7: 54}
  pruned hist {7: 54}
  frontier written 7 pruned 7
  reasons [('rule check failed: IMPE', 3517), ('rule check failed: ANDI', 1425), ('rule check failed: IMPI', 657), ('bad line cite', 571), ('rule check failed: ORI2', 515), ('rule check failed: ORI1', 495)]
[p2/frozen_reductio_f0.1_s0_t2 r8] transfer (cumulative 256 attempts) SOLVED 15/300 = 0.050 [0.031,0.081]
  len 7: 15/30 = 0.500 [0.332,0.668]
  len 8: 0/75 = 0.000 [0.000,0.049]
  len 9: 0/195 = 0.000 [0.000,0.019]
  written hist {7: 248}
  pruned hist {7: 248}
  frontier written 7 pruned 7
  reasons []
[p2/frozen_reductio_f0.1_s0_t2 r8] transfer greedy SOLVED 1/300 = 0.003 [0.001,0.019]
  len 7: 1/30 = 0.033 [0.006,0.167]
  len 8: 0/75 = 0.000 [0.000,0.049]
  len 9: 0/195 = 0.000 [0.000,0.019]
  written hist {7: 1}
  pruned hist {7: 1}
  frontier written 0 pruned 0
  reasons [('rule check failed: IMPE', 113), ('rule check failed: ANDI', 55), ('bad line cite', 18), ('rule check failed: ORI2', 16), ('rule check failed: IMPI', 16), ('final formula is not the conclusion', 13)]
[p2/frozen_reductio_f0.1_s0_t2 r8] heldout greedy SOLVED 4840/5000 = 0.968 [0.963,0.973]
  len 2: 997/1000 = 0.997 [0.991,0.999]
  len 3: 993/1000 = 0.993 [0.986,0.997]
  len 4: 969/1000 = 0.969 [0.956,0.978]
  len 5: 940/1000 = 0.940 [0.924,0.953]
  len 6: 941/1000 = 0.941 [0.925,0.954]
  written hist {2: 1025, 3: 988, 4: 943, 5: 962, 6: 922}
  pruned hist {2: 1025, 3: 988, 4: 947, 5: 958, 6: 922}
  frontier written 6 pruned 6
  reasons [('rule check failed: ANDI', 42), ('rule check failed: ORI1', 22), ('rule check failed: IMPE', 16), ('rule check failed: ORI2', 13), ('rule check failed: NEGE', 12), ('rule check failed: IMPI', 9)]
=== round 8 done in 101s; new proofs 26; cum targets solved 25
