START 2026-09-27T20:07:51Z python3 train.py --heldout data/p2/heldout.jsonl --mode lean_seq --bs 128 --cap 6 --val_bins --data data/p2/train_depth3_f0_a1.jsonl --seed 0 --steps 6000 --sched cosine --metrics artifacts/sd/m_c_s0.jsonl --out ckpts/sd/c_s0.pt
params 3214336 mode lean_seq shift True
val slices {'all': 5000, 'len2': 1000, 'len3': 1000, 'len4': 1000, 'len5': 1000, 'len6': 1000, 'depth3': 500, 'nodepth3_len6': 500}
train records 155000 max len 464
step 200 loss 0.9377 lr 1.00e-03 43s val 0.9145 | all=0.9267 len2=0.8884 len3=0.9409 len4=0.9387 len5=0.9398 len6=0.9168 depth3=0.8906 nodepth3_len6=0.9560
step 400 loss 0.2056 lr 9.97e-04 87s val 0.1527 | all=0.1779 len2=0.1530 len3=0.1522 len4=0.1847 len5=0.1751 len6=0.1970 depth3=0.1734 nodepth3_len6=0.2321
step 600 loss 0.1236 lr 9.89e-04 132s val 0.1058 | all=0.1180 len2=0.1095 len3=0.1018 len4=0.1242 len5=0.1088 len6=0.1322 depth3=0.1268 nodepth3_len6=0.1401
step 800 loss 0.1065 lr 9.76e-04 177s val 0.0934 | all=0.0942 len2=0.0961 len3=0.0913 len4=0.0987 len5=0.0854 len6=0.0993 depth3=0.0876 nodepth3_len6=0.1167
step 1000 loss 0.0952 lr 9.58e-04 221s val 0.0888 | all=0.0823 len2=0.0911 len3=0.0876 len4=0.0869 len5=0.0731 len6=0.0814 depth3=0.0696 nodepth3_len6=0.0989
step 1200 loss 0.0992 lr 9.36e-04 266s val 0.0867 | all=0.0775 len2=0.0900 len3=0.0841 len4=0.0820 len5=0.0665 len6=0.0763 depth3=0.0715 nodepth3_len6=0.0834
step 1400 loss 0.0822 lr 9.08e-04 310s val 0.0819 | all=0.0752 len2=0.0849 len3=0.0792 len4=0.0756 len5=0.0619 len6=0.0804 depth3=0.0801 nodepth3_len6=0.0807
step 1600 loss 0.0833 lr 8.77e-04 355s val 0.0815 | all=0.0751 len2=0.0844 len3=0.0785 len4=0.0730 len5=0.0609 len6=0.0830 depth3=0.0877 nodepth3_len6=0.0758
step 1800 loss 0.0721 lr 8.41e-04 400s val 0.0798 | all=0.0861 len2=0.0829 len3=0.0762 len4=0.0694 len5=0.0596 len6=0.1238 depth3=0.1562 nodepth3_len6=0.0753
step 2000 loss 0.0801 lr 8.03e-04 444s val 0.0791 | all=0.0668 len2=0.0831 len3=0.0753 len4=0.0672 len5=0.0535 len6=0.0676 depth3=0.0677 nodepth3_len6=0.0674
step 2200 loss 0.0772 lr 7.61e-04 489s val 0.0802 | all=0.0651 len2=0.0844 len3=0.0756 len4=0.0668 len5=0.0547 len6=0.0605 depth3=0.0581 nodepth3_len6=0.0641
step 2400 loss 0.0685 lr 7.17e-04 534s val 0.0776 | all=0.0692 len2=0.0813 len3=0.0735 len4=0.0624 len5=0.0504 len6=0.0823 depth3=0.0958 nodepth3_len6=0.0622
step 2600 loss 0.0680 lr 6.70e-04 579s val 0.0766 | all=0.0614 len2=0.0800 len3=0.0733 len4=0.0626 len5=0.0492 len6=0.0584 depth3=0.0572 nodepth3_len6=0.0603
step 2800 loss 0.0704 lr 6.23e-04 623s val 0.0771 | all=0.0618 len2=0.0812 len3=0.0731 len4=0.0610 len5=0.0487 len6=0.0608 depth3=0.0614 nodepth3_len6=0.0599
step 3000 loss 0.0669 lr 5.74e-04 668s val 0.0754 | all=0.0585 len2=0.0792 len3=0.0713 len4=0.0590 len5=0.0458 len6=0.0550 depth3=0.0518 nodepth3_len6=0.0598
step 3200 loss 0.0617 lr 5.26e-04 713s val 0.0755 | all=0.0581 len2=0.0799 len3=0.0709 len4=0.0583 len5=0.0462 len6=0.0537 depth3=0.0534 nodepth3_len6=0.0543
step 3400 loss 0.0626 lr 4.77e-04 757s val 0.0756 | all=0.0578 len2=0.0801 len3=0.0711 len4=0.0567 len5=0.0454 len6=0.0542 depth3=0.0538 nodepth3_len6=0.0548
step 3600 loss 0.0539 lr 4.30e-04 802s val 0.0750 | all=0.0555 len2=0.0800 len3=0.0699 len4=0.0569 len5=0.0444 len6=0.0482 depth3=0.0448 nodepth3_len6=0.0532
step 3800 loss 0.0576 lr 3.83e-04 847s val 0.0749 | all=0.0603 len2=0.0796 len3=0.0704 len4=0.0559 len5=0.0435 len6=0.0649 depth3=0.0743 nodepth3_len6=0.0510
step 4000 loss 0.0602 lr 3.39e-04 891s val 0.0742 | all=0.0555 len2=0.0785 len3=0.0697 len4=0.0560 len5=0.0435 len6=0.0499 depth3=0.0495 nodepth3_len6=0.0506
step 4200 loss 0.0567 lr 2.97e-04 936s val 0.0743 | all=0.0605 len2=0.0791 len3=0.0694 len4=0.0544 len5=0.0424 len6=0.0681 depth3=0.0793 nodepth3_len6=0.0513
step 4400 loss 0.0565 lr 2.59e-04 980s val 0.0742 | all=0.0601 len2=0.0791 len3=0.0690 len4=0.0546 len5=0.0428 len6=0.0663 depth3=0.0768 nodepth3_len6=0.0506
step 4600 loss 0.0556 lr 2.23e-04 1025s val 0.0739 | all=0.0523 len2=0.0787 len3=0.0689 len4=0.0537 len5=0.0414 len6=0.0428 depth3=0.0396 nodepth3_len6=0.0477
step 4800 loss 0.0571 lr 1.92e-04 1069s val 0.0736 | all=0.0554 len2=0.0788 len3=0.0686 len4=0.0534 len5=0.0414 len6=0.0534 depth3=0.0567 nodepth3_len6=0.0485
step 5000 loss 0.0532 lr 1.64e-04 1114s val 0.0738 | all=0.0528 len2=0.0792 len3=0.0685 len4=0.0536 len5=0.0409 len6=0.0451 depth3=0.0441 nodepth3_len6=0.0467
step 5200 loss 0.0548 lr 1.42e-04 1159s val 0.0734 | all=0.0573 len2=0.0782 len3=0.0685 len4=0.0529 len5=0.0407 len6=0.0607 depth3=0.0698 nodepth3_len6=0.0470
step 5400 loss 0.0570 lr 1.24e-04 1203s val 0.0736 | all=0.0542 len2=0.0788 len3=0.0682 len4=0.0526 len5=0.0407 len6=0.0506 depth3=0.0537 nodepth3_len6=0.0459
step 5600 loss 0.0560 lr 1.11e-04 1248s val 0.0734 | all=0.0518 len2=0.0785 len3=0.0682 len4=0.0522 len5=0.0404 len6=0.0434 depth3=0.0417 nodepth3_len6=0.0460
step 5800 loss 0.0585 lr 1.03e-04 1292s val 0.0731 | all=0.0508 len2=0.0781 len3=0.0681 len4=0.0520 len5=0.0403 len6=0.0406 depth3=0.0365 nodepth3_len6=0.0468
step 6000 loss 0.0515 lr 1.00e-04 1336s val 0.0729 | all=0.0503 len2=0.0779 len3=0.0679 len4=0.0518 len5=0.0401 len6=0.0394 depth3=0.0345 nodepth3_len6=0.0466
saved ckpts/sd/c_s0.pt (1338s total, 57s in the per-bin validation = 4.5% overhead on 6000 steps)
END 2026-09-27T20:30:42Z
