START 2026-09-27T18:31:24Z python3 train.py --heldout data/p2/heldout.jsonl --mode lean_seq --bs 128 --cap 6 --val_bins --data data/sd/train_fresh.jsonl --seed 0 --steps 24000 --sched wsd --metrics artifacts/sd/m_f_s0.jsonl --out ckpts/sd/f_s0.pt --decay_frac 0.2 --ckpt_every 2000
params 3214336 mode lean_seq shift True
val slices {'all': 5000, 'len2': 1000, 'len3': 1000, 'len4': 1000, 'len5': 1000, 'len6': 1000, 'depth3': 500, 'nodepth3_len6': 500}
train records 572759 max len 542
step 200 loss 0.9609 lr 1.00e-03 42s val 0.9483 | all=0.9487 len2=0.9301 len3=0.9664 len4=0.9504 len5=0.9757 len6=0.9246 depth3=0.8707 nodepth3_len6=1.0051
step 400 loss 0.2028 lr 1.00e-03 88s val 0.1495 | all=0.1793 len2=0.1541 len3=0.1458 len4=0.1824 len5=0.1833 len6=0.1986 depth3=0.1747 nodepth3_len6=0.2343
step 600 loss 0.1380 lr 1.00e-03 134s val 0.1084 | all=0.1175 len2=0.1107 len3=0.1063 len4=0.1226 len5=0.1103 len6=0.1280 depth3=0.1154 nodepth3_len6=0.1469
step 800 loss 0.0921 lr 1.00e-03 179s val 0.0951 | all=0.0940 len2=0.0974 len3=0.0929 len4=0.0962 len5=0.0859 len6=0.0987 depth3=0.0836 nodepth3_len6=0.1213
step 1000 loss 0.0964 lr 1.00e-03 224s val 0.0870 | all=0.0828 len2=0.0908 len3=0.0839 len4=0.0847 len5=0.0694 len6=0.0892 depth3=0.0870 nodepth3_len6=0.0924
step 1200 loss 0.0877 lr 1.00e-03 270s val 0.0826 | all=0.0764 len2=0.0844 len3=0.0804 len4=0.0777 len5=0.0666 len6=0.0788 depth3=0.0711 nodepth3_len6=0.0902
step 1400 loss 0.0796 lr 1.00e-03 315s val 0.0821 | all=0.0799 len2=0.0847 len3=0.0792 len4=0.0746 len5=0.0661 len6=0.0928 depth3=0.0964 nodepth3_len6=0.0873
step 1600 loss 0.0830 lr 1.00e-03 360s val 0.0820 | all=0.0694 len2=0.0860 len3=0.0776 len4=0.0716 len5=0.0595 len6=0.0662 depth3=0.0583 nodepth3_len6=0.0779
step 1800 loss 0.0737 lr 1.00e-03 405s val 0.0798 | all=0.0651 len2=0.0827 len3=0.0765 len4=0.0686 len5=0.0562 len6=0.0586 depth3=0.0520 nodepth3_len6=0.0684
step 2000 loss 0.0789 lr 1.00e-03 451s val 0.0796 | all=0.0698 len2=0.0832 len3=0.0757 len4=0.0653 len5=0.0536 len6=0.0780 depth3=0.0849 nodepth3_len6=0.0676
step 2200 loss 0.0702 lr 1.00e-03 496s val 0.0803 | all=0.0727 len2=0.0848 len3=0.0755 len4=0.0668 len5=0.0547 len6=0.0851 depth3=0.0972 nodepth3_len6=0.0669
step 2400 loss 0.0640 lr 1.00e-03 540s val 0.0790 | all=0.0662 len2=0.0836 len3=0.0740 len4=0.0628 len5=0.0515 len6=0.0703 depth3=0.0765 nodepth3_len6=0.0610
step 2600 loss 0.0651 lr 1.00e-03 585s val 0.0774 | all=0.0719 len2=0.0813 len3=0.0729 len4=0.0625 len5=0.0507 len6=0.0910 depth3=0.1101 nodepth3_len6=0.0623
step 2800 loss 0.0672 lr 1.00e-03 631s val 0.0766 | all=0.0695 len2=0.0806 len3=0.0724 len4=0.0597 len5=0.0495 len6=0.0863 depth3=0.1025 nodepth3_len6=0.0622
step 3000 loss 0.0616 lr 1.00e-03 675s val 0.0766 | all=0.0624 len2=0.0811 len3=0.0720 len4=0.0594 len5=0.0468 len6=0.0656 depth3=0.0703 nodepth3_len6=0.0585
step 3200 loss 0.0655 lr 1.00e-03 721s val 0.0766 | all=0.0603 len2=0.0813 len3=0.0718 len4=0.0583 len5=0.0465 len6=0.0597 depth3=0.0608 nodepth3_len6=0.0580
step 3400 loss 0.0657 lr 1.00e-03 767s val 0.0757 | all=0.0642 len2=0.0803 len3=0.0711 len4=0.0576 len5=0.0466 len6=0.0735 depth3=0.0832 nodepth3_len6=0.0590
step 3600 loss 0.0613 lr 1.00e-03 812s val 0.0764 | all=0.0588 len2=0.0817 len3=0.0713 len4=0.0584 len5=0.0456 len6=0.0558 depth3=0.0571 nodepth3_len6=0.0537
step 3800 loss 0.0582 lr 1.00e-03 857s val 0.0763 | all=0.0590 len2=0.0809 len3=0.0712 len4=0.0583 len5=0.0466 len6=0.0559 depth3=0.0548 nodepth3_len6=0.0574
step 4000 loss 0.0597 lr 1.00e-03 903s val 0.0751 | all=0.0595 len2=0.0793 len3=0.0709 len4=0.0558 len5=0.0446 len6=0.0613 depth3=0.0666 nodepth3_len6=0.0534
step 4200 loss 0.0600 lr 1.00e-03 948s val 0.0754 | all=0.0667 len2=0.0804 len3=0.0705 len4=0.0565 len5=0.0443 len6=0.0845 depth3=0.1046 nodepth3_len6=0.0544
step 4400 loss 0.0579 lr 1.00e-03 994s val 0.0756 | all=0.0589 len2=0.0807 len3=0.0703 len4=0.0560 len5=0.0452 len6=0.0587 depth3=0.0605 nodepth3_len6=0.0561
step 4600 loss 0.0550 lr 1.00e-03 1038s val 0.0751 | all=0.0573 len2=0.0796 len3=0.0700 len4=0.0559 len5=0.0434 len6=0.0553 depth3=0.0583 nodepth3_len6=0.0509
step 4800 loss 0.0578 lr 1.00e-03 1084s val 0.0744 | all=0.0539 len2=0.0795 len3=0.0694 len4=0.0551 len5=0.0434 len6=0.0453 depth3=0.0406 nodepth3_len6=0.0523
step 5000 loss 0.0594 lr 1.00e-03 1129s val 0.0744 | all=0.0533 len2=0.0794 len3=0.0696 len4=0.0540 len5=0.0431 len6=0.0442 depth3=0.0374 nodepth3_len6=0.0543
step 5200 loss 0.0597 lr 1.00e-03 1175s val 0.0743 | all=0.0661 len2=0.0796 len3=0.0692 len4=0.0545 len5=0.0425 len6=0.0859 depth3=0.1098 nodepth3_len6=0.0502
step 5400 loss 0.0559 lr 1.00e-03 1220s val 0.0746 | all=0.0608 len2=0.0793 len3=0.0698 len4=0.0547 len5=0.0430 len6=0.0682 depth3=0.0800 nodepth3_len6=0.0504
step 5600 loss 0.0575 lr 1.00e-03 1265s val 0.0748 | all=0.0658 len2=0.0802 len3=0.0695 len4=0.0545 len5=0.0427 len6=0.0844 depth3=0.1064 nodepth3_len6=0.0514
step 5800 loss 0.0566 lr 1.00e-03 1310s val 0.0740 | all=0.0529 len2=0.0785 len3=0.0693 len4=0.0529 len5=0.0432 len6=0.0437 depth3=0.0389 nodepth3_len6=0.0508
step 6000 loss 0.0533 lr 1.00e-03 1355s val 0.0755 | all=0.0586 len2=0.0809 len3=0.0699 len4=0.0534 len5=0.0422 len6=0.0619 depth3=0.0690 nodepth3_len6=0.0512
step 6200 loss 0.0565 lr 1.00e-03 1400s val 0.0750 | all=0.0575 len2=0.0814 len3=0.0689 len4=0.0542 len5=0.0416 len6=0.0586 depth3=0.0647 nodepth3_len6=0.0494
step 6400 loss 0.0559 lr 1.00e-03 1445s val 0.0745 | all=0.0522 len2=0.0794 len3=0.0695 len4=0.0530 len5=0.0420 len6=0.0421 depth3=0.0376 nodepth3_len6=0.0489
step 6600 loss 0.0582 lr 1.00e-03 1490s val 0.0744 | all=0.0569 len2=0.0801 len3=0.0687 len4=0.0541 len5=0.0422 len6=0.0566 depth3=0.0624 nodepth3_len6=0.0480
step 6800 loss 0.0585 lr 1.00e-03 1535s val 0.0743 | all=0.0522 len2=0.0795 len3=0.0692 len4=0.0534 len5=0.0415 len6=0.0422 depth3=0.0370 nodepth3_len6=0.0498
step 7000 loss 0.0558 lr 1.00e-03 1580s val 0.0737 | all=0.0533 len2=0.0788 len3=0.0684 len4=0.0526 len5=0.0410 len6=0.0475 depth3=0.0467 nodepth3_len6=0.0487
step 7200 loss 0.0539 lr 1.00e-03 1625s val 0.0739 | all=0.0552 len2=0.0789 len3=0.0689 len4=0.0534 len5=0.0412 len6=0.0527 depth3=0.0559 nodepth3_len6=0.0479
step 7400 loss 0.0575 lr 1.00e-03 1671s val 0.0741 | all=0.0518 len2=0.0795 len3=0.0688 len4=0.0531 len5=0.0417 len6=0.0411 depth3=0.0367 nodepth3_len6=0.0478
step 7600 loss 0.0578 lr 1.00e-03 1716s val 0.0733 | all=0.0559 len2=0.0784 len3=0.0687 len4=0.0526 len5=0.0409 len6=0.0559 depth3=0.0612 nodepth3_len6=0.0480
step 7800 loss 0.0558 lr 1.00e-03 1761s val 0.0745 | all=0.0578 len2=0.0801 len3=0.0685 len4=0.0531 len5=0.0410 len6=0.0611 depth3=0.0698 nodepth3_len6=0.0482
step 8000 loss 0.0573 lr 1.00e-03 1807s val 0.0736 | all=0.0621 len2=0.0792 len3=0.0681 len4=0.0522 len5=0.0408 len6=0.0764 depth3=0.0942 nodepth3_len6=0.0499
step 8200 loss 0.0604 lr 1.00e-03 1851s val 0.0735 | all=0.0654 len2=0.0785 len3=0.0684 len4=0.0520 len5=0.0415 len6=0.0868 depth3=0.1131 nodepth3_len6=0.0476
step 8400 loss 0.0551 lr 1.00e-03 1897s val 0.0738 | all=0.0520 len2=0.0786 len3=0.0689 len4=0.0531 len5=0.0406 len6=0.0432 depth3=0.0397 nodepth3_len6=0.0484
step 8600 loss 0.0547 lr 1.00e-03 1943s val 0.0735 | all=0.0517 len2=0.0785 len3=0.0685 len4=0.0520 len5=0.0409 len6=0.0426 depth3=0.0397 nodepth3_len6=0.0470
step 8800 loss 0.0545 lr 1.00e-03 1987s val 0.0734 | all=0.0515 len2=0.0782 len3=0.0684 len4=0.0520 len5=0.0403 len6=0.0429 depth3=0.0406 nodepth3_len6=0.0463
step 9000 loss 0.0549 lr 1.00e-03 2032s val 0.0733 | all=0.0511 len2=0.0784 len3=0.0685 len4=0.0521 len5=0.0413 len6=0.0402 depth3=0.0337 nodepth3_len6=0.0500
step 9200 loss 0.0499 lr 1.00e-03 2078s val 0.0736 | all=0.0501 len2=0.0785 len3=0.0688 len4=0.0516 len5=0.0401 len6=0.0382 depth3=0.0324 nodepth3_len6=0.0469
step 9400 loss 0.0534 lr 1.00e-03 2123s val 0.0735 | all=0.0498 len2=0.0789 len3=0.0681 len4=0.0520 len5=0.0403 len6=0.0371 depth3=0.0304 nodepth3_len6=0.0470
step 9600 loss 0.0530 lr 1.00e-03 2168s val 0.0740 | all=0.0503 len2=0.0795 len3=0.0686 len4=0.0522 len5=0.0401 len6=0.0382 depth3=0.0325 nodepth3_len6=0.0466
step 9800 loss 0.0534 lr 1.00e-03 2214s val 0.0741 | all=0.0502 len2=0.0798 len3=0.0685 len4=0.0517 len5=0.0397 len6=0.0386 depth3=0.0332 nodepth3_len6=0.0467
step 10000 loss 0.0557 lr 1.00e-03 2259s val 0.0733 | all=0.0541 len2=0.0786 len3=0.0679 len4=0.0516 len5=0.0399 len6=0.0518 depth3=0.0552 nodepth3_len6=0.0468
step 10200 loss 0.0545 lr 1.00e-03 2304s val 0.0733 | all=0.0563 len2=0.0786 len3=0.0682 len4=0.0514 len5=0.0403 len6=0.0587 depth3=0.0671 nodepth3_len6=0.0460
step 10400 loss 0.0523 lr 1.00e-03 2349s val 0.0732 | all=0.0540 len2=0.0783 len3=0.0679 len4=0.0513 len5=0.0399 len6=0.0519 depth3=0.0542 nodepth3_len6=0.0484
step 10600 loss 0.0566 lr 1.00e-03 2394s val 0.0732 | all=0.0577 len2=0.0784 len3=0.0682 len4=0.0518 len5=0.0399 len6=0.0635 depth3=0.0737 nodepth3_len6=0.0481
step 10800 loss 0.0551 lr 1.00e-03 2440s val 0.0732 | all=0.0512 len2=0.0786 len3=0.0680 len4=0.0518 len5=0.0395 len6=0.0425 depth3=0.0406 nodepth3_len6=0.0453
step 11000 loss 0.0551 lr 1.00e-03 2485s val 0.0736 | all=0.0502 len2=0.0791 len3=0.0679 len4=0.0515 len5=0.0402 len6=0.0386 depth3=0.0331 nodepth3_len6=0.0470
step 11200 loss 0.0519 lr 1.00e-03 2530s val 0.0732 | all=0.0507 len2=0.0784 len3=0.0680 len4=0.0517 len5=0.0400 len6=0.0406 depth3=0.0368 nodepth3_len6=0.0463
step 11400 loss 0.0572 lr 1.00e-03 2575s val 0.0735 | all=0.0518 len2=0.0789 len3=0.0683 len4=0.0520 len5=0.0405 len6=0.0434 depth3=0.0411 nodepth3_len6=0.0468
step 11600 loss 0.0527 lr 1.00e-03 2620s val 0.0734 | all=0.0515 len2=0.0789 len3=0.0679 len4=0.0512 len5=0.0394 len6=0.0439 depth3=0.0432 nodepth3_len6=0.0448
step 11800 loss 0.0518 lr 1.00e-03 2665s val 0.0733 | all=0.0510 len2=0.0785 len3=0.0681 len4=0.0529 len5=0.0398 len6=0.0409 depth3=0.0363 nodepth3_len6=0.0479
step 12000 loss 0.0559 lr 1.00e-03 2710s val 0.0734 | all=0.0682 len2=0.0787 len3=0.0678 len4=0.0512 len5=0.0394 len6=0.0984 depth3=0.1343 nodepth3_len6=0.0449
step 12200 loss 0.0535 lr 1.00e-03 2755s val 0.0733 | all=0.0505 len2=0.0783 len3=0.0684 len4=0.0514 len5=0.0399 len6=0.0402 depth3=0.0362 nodepth3_len6=0.0461
step 12400 loss 0.0535 lr 1.00e-03 2801s val 0.0733 | all=0.0525 len2=0.0786 len3=0.0678 len4=0.0511 len5=0.0396 len6=0.0471 depth3=0.0483 nodepth3_len6=0.0455
step 12600 loss 0.0518 lr 1.00e-03 2846s val 0.0732 | all=0.0514 len2=0.0785 len3=0.0681 len4=0.0512 len5=0.0406 len6=0.0426 depth3=0.0394 nodepth3_len6=0.0474
step 12800 loss 0.0532 lr 1.00e-03 2892s val 0.0729 | all=0.0578 len2=0.0785 len3=0.0674 len4=0.0503 len5=0.0392 len6=0.0654 depth3=0.0788 nodepth3_len6=0.0453
step 13000 loss 0.0540 lr 1.00e-03 2937s val 0.0730 | all=0.0511 len2=0.0783 len3=0.0677 len4=0.0507 len5=0.0396 len6=0.0429 depth3=0.0408 nodepth3_len6=0.0459
step 13200 loss 0.0548 lr 1.00e-03 2982s val 0.0733 | all=0.0547 len2=0.0789 len3=0.0677 len4=0.0519 len5=0.0398 len6=0.0535 depth3=0.0581 nodepth3_len6=0.0465
step 13400 loss 0.0501 lr 1.00e-03 3028s val 0.0729 | all=0.0506 len2=0.0780 len3=0.0680 len4=0.0514 len5=0.0404 len6=0.0402 depth3=0.0351 nodepth3_len6=0.0478
step 13600 loss 0.0545 lr 1.00e-03 3073s val 0.0731 | all=0.0529 len2=0.0782 len3=0.0679 len4=0.0515 len5=0.0400 len6=0.0482 depth3=0.0498 nodepth3_len6=0.0457
step 13800 loss 0.0513 lr 1.00e-03 3119s val 0.0731 | all=0.0492 len2=0.0785 len3=0.0676 len4=0.0513 len5=0.0396 len6=0.0366 depth3=0.0310 nodepth3_len6=0.0451
step 14000 loss 0.0537 lr 1.00e-03 3163s val 0.0735 | all=0.0498 len2=0.0791 len3=0.0681 len4=0.0514 len5=0.0395 len6=0.0381 depth3=0.0324 nodepth3_len6=0.0466
step 14200 loss 0.0563 lr 1.00e-03 3208s val 0.0732 | all=0.0488 len2=0.0789 len3=0.0678 len4=0.0510 len5=0.0391 len6=0.0356 depth3=0.0289 nodepth3_len6=0.0456
step 14400 loss 0.0490 lr 1.00e-03 3254s val 0.0733 | all=0.0493 len2=0.0786 len3=0.0682 len4=0.0516 len5=0.0394 len6=0.0364 depth3=0.0304 nodepth3_len6=0.0453
step 14600 loss 0.0540 lr 1.00e-03 3299s val 0.0733 | all=0.0490 len2=0.0786 len3=0.0679 len4=0.0514 len5=0.0394 len6=0.0357 depth3=0.0296 nodepth3_len6=0.0449
step 14800 loss 0.0537 lr 1.00e-03 3345s val 0.0734 | all=0.0500 len2=0.0788 len3=0.0681 len4=0.0514 len5=0.0391 len6=0.0390 depth3=0.0339 nodepth3_len6=0.0466
step 15000 loss 0.0524 lr 1.00e-03 3390s val 0.0731 | all=0.0489 len2=0.0784 len3=0.0677 len4=0.0513 len5=0.0391 len6=0.0360 depth3=0.0299 nodepth3_len6=0.0452
step 15200 loss 0.0509 lr 1.00e-03 3436s val 0.0731 | all=0.0530 len2=0.0780 len3=0.0684 len4=0.0510 len5=0.0390 len6=0.0493 depth3=0.0524 nodepth3_len6=0.0447
step 15400 loss 0.0539 lr 1.00e-03 3481s val 0.0733 | all=0.0498 len2=0.0785 len3=0.0684 len4=0.0512 len5=0.0396 len6=0.0381 depth3=0.0341 nodepth3_len6=0.0442
step 15600 loss 0.0553 lr 1.00e-03 3526s val 0.0731 | all=0.0519 len2=0.0782 len3=0.0682 len4=0.0519 len5=0.0396 len6=0.0448 depth3=0.0421 nodepth3_len6=0.0488
step 15800 loss 0.0550 lr 1.00e-03 3571s val 0.0731 | all=0.0509 len2=0.0783 len3=0.0679 len4=0.0513 len5=0.0398 len6=0.0418 depth3=0.0393 nodepth3_len6=0.0455
step 16000 loss 0.0543 lr 1.00e-03 3617s val 0.0732 | all=0.0491 len2=0.0785 len3=0.0680 len4=0.0510 len5=0.0396 len6=0.0363 depth3=0.0312 nodepth3_len6=0.0440
step 16200 loss 0.0592 lr 1.00e-03 3662s val 0.0732 | all=0.0503 len2=0.0788 len3=0.0675 len4=0.0504 len5=0.0391 len6=0.0409 depth3=0.0387 nodepth3_len6=0.0442
step 16400 loss 0.0557 lr 1.00e-03 3707s val 0.0729 | all=0.0509 len2=0.0783 len3=0.0679 len4=0.0511 len5=0.0394 len6=0.0422 depth3=0.0403 nodepth3_len6=0.0450
step 16600 loss 0.0539 lr 1.00e-03 3752s val 0.0728 | all=0.0499 len2=0.0783 len3=0.0671 len4=0.0504 len5=0.0395 len6=0.0397 depth3=0.0348 nodepth3_len6=0.0469
step 16800 loss 0.0511 lr 1.00e-03 3797s val 0.0732 | all=0.0500 len2=0.0789 len3=0.0675 len4=0.0507 len5=0.0388 len6=0.0402 depth3=0.0376 nodepth3_len6=0.0441
step 17000 loss 0.0518 lr 1.00e-03 3843s val 0.0730 | all=0.0501 len2=0.0785 len3=0.0677 len4=0.0510 len5=0.0389 len6=0.0402 depth3=0.0369 nodepth3_len6=0.0451
step 17200 loss 0.0529 lr 1.00e-03 3888s val 0.0733 | all=0.0490 len2=0.0787 len3=0.0680 len4=0.0513 len5=0.0396 len6=0.0356 depth3=0.0294 nodepth3_len6=0.0449
step 17400 loss 0.0512 lr 1.00e-03 3933s val 0.0742 | all=0.0524 len2=0.0801 len3=0.0688 len4=0.0529 len5=0.0397 len6=0.0448 depth3=0.0446 nodepth3_len6=0.0451
step 17600 loss 0.0528 lr 1.00e-03 3978s val 0.0733 | all=0.0532 len2=0.0783 len3=0.0683 len4=0.0520 len5=0.0402 len6=0.0485 depth3=0.0503 nodepth3_len6=0.0459
step 17800 loss 0.0538 lr 1.00e-03 4023s val 0.0729 | all=0.0493 len2=0.0782 len3=0.0677 len4=0.0509 len5=0.0391 len6=0.0374 depth3=0.0337 nodepth3_len6=0.0430
step 18000 loss 0.0536 lr 1.00e-03 4068s val 0.0727 | all=0.0484 len2=0.0782 len3=0.0672 len4=0.0507 len5=0.0387 len6=0.0353 depth3=0.0291 nodepth3_len6=0.0445
step 18200 loss 0.0550 lr 1.00e-03 4113s val 0.0730 | all=0.0512 len2=0.0781 len3=0.0679 len4=0.0509 len5=0.0390 len6=0.0438 depth3=0.0427 nodepth3_len6=0.0456
step 18400 loss 0.0472 lr 1.00e-03 4158s val 0.0728 | all=0.0498 len2=0.0784 len3=0.0675 len4=0.0508 len5=0.0392 len6=0.0393 depth3=0.0361 nodepth3_len6=0.0440
step 18600 loss 0.0532 lr 1.00e-03 4204s val 0.0726 | all=0.0488 len2=0.0780 len3=0.0676 len4=0.0508 len5=0.0388 len6=0.0364 depth3=0.0296 nodepth3_len6=0.0465
step 18800 loss 0.0567 lr 1.00e-03 4249s val 0.0729 | all=0.0499 len2=0.0783 len3=0.0677 len4=0.0511 len5=0.0397 len6=0.0388 depth3=0.0346 nodepth3_len6=0.0450
step 19000 loss 0.0550 lr 1.00e-03 4294s val 0.0734 | all=0.0495 len2=0.0789 len3=0.0679 len4=0.0513 len5=0.0390 len6=0.0376 depth3=0.0317 nodepth3_len6=0.0463
step 19200 loss 0.0542 lr 1.00e-03 4340s val 0.0729 | all=0.0506 len2=0.0785 len3=0.0676 len4=0.0505 len5=0.0395 len6=0.0416 depth3=0.0396 nodepth3_len6=0.0446
step 19400 loss 0.0555 lr 9.63e-04 4386s val 0.0730 | all=0.0488 len2=0.0784 len3=0.0675 len4=0.0507 len5=0.0392 len6=0.0359 depth3=0.0301 nodepth3_len6=0.0446
step 19600 loss 0.0503 lr 9.25e-04 4431s val 0.0728 | all=0.0506 len2=0.0784 len3=0.0672 len4=0.0502 len5=0.0385 len6=0.0430 depth3=0.0432 nodepth3_len6=0.0426
step 19800 loss 0.0505 lr 8.88e-04 4476s val 0.0726 | all=0.0486 len2=0.0783 len3=0.0673 len4=0.0501 len5=0.0386 len6=0.0362 depth3=0.0314 nodepth3_len6=0.0434
step 20000 loss 0.0512 lr 8.50e-04 4521s val 0.0726 | all=0.0476 len2=0.0779 len3=0.0673 len4=0.0498 len5=0.0387 len6=0.0334 depth3=0.0267 nodepth3_len6=0.0434
step 20200 loss 0.0544 lr 8.13e-04 4566s val 0.0726 | all=0.0489 len2=0.0780 len3=0.0672 len4=0.0504 len5=0.0388 len6=0.0371 depth3=0.0318 nodepth3_len6=0.0450
step 20400 loss 0.0507 lr 7.75e-04 4611s val 0.0728 | all=0.0485 len2=0.0783 len3=0.0674 len4=0.0499 len5=0.0380 len6=0.0364 depth3=0.0310 nodepth3_len6=0.0444
step 20600 loss 0.0496 lr 7.38e-04 4656s val 0.0727 | all=0.0481 len2=0.0782 len3=0.0670 len4=0.0504 len5=0.0383 len6=0.0349 depth3=0.0295 nodepth3_len6=0.0429
step 20800 loss 0.0514 lr 7.00e-04 4700s val 0.0728 | all=0.0479 len2=0.0781 len3=0.0677 len4=0.0500 len5=0.0380 len6=0.0345 depth3=0.0285 nodepth3_len6=0.0434
step 21000 loss 0.0502 lr 6.63e-04 4745s val 0.0726 | all=0.0476 len2=0.0783 len3=0.0671 len4=0.0495 len5=0.0377 len6=0.0342 depth3=0.0278 nodepth3_len6=0.0438
step 21200 loss 0.0513 lr 6.25e-04 4791s val 0.0725 | all=0.0482 len2=0.0779 len3=0.0673 len4=0.0498 len5=0.0378 len6=0.0360 depth3=0.0312 nodepth3_len6=0.0433
step 21400 loss 0.0519 lr 5.88e-04 4836s val 0.0726 | all=0.0476 len2=0.0784 len3=0.0670 len4=0.0498 len5=0.0378 len6=0.0339 depth3=0.0278 nodepth3_len6=0.0431
step 21600 loss 0.0517 lr 5.50e-04 4882s val 0.0729 | all=0.0477 len2=0.0785 len3=0.0674 len4=0.0500 len5=0.0377 len6=0.0341 depth3=0.0287 nodepth3_len6=0.0422
step 21800 loss 0.0518 lr 5.13e-04 4927s val 0.0725 | all=0.0482 len2=0.0777 len3=0.0671 len4=0.0500 len5=0.0378 len6=0.0360 depth3=0.0311 nodepth3_len6=0.0433
step 22000 loss 0.0518 lr 4.75e-04 4973s val 0.0725 | all=0.0481 len2=0.0781 len3=0.0670 len4=0.0498 len5=0.0378 len6=0.0356 depth3=0.0310 nodepth3_len6=0.0425
step 22200 loss 0.0503 lr 4.38e-04 5018s val 0.0726 | all=0.0479 len2=0.0780 len3=0.0674 len4=0.0496 len5=0.0376 len6=0.0352 depth3=0.0306 nodepth3_len6=0.0420
step 22400 loss 0.0535 lr 4.00e-04 5063s val 0.0724 | all=0.0475 len2=0.0776 len3=0.0671 len4=0.0496 len5=0.0375 len6=0.0343 depth3=0.0290 nodepth3_len6=0.0421
step 22600 loss 0.0521 lr 3.62e-04 5108s val 0.0722 | all=0.0473 len2=0.0777 len3=0.0669 len4=0.0496 len5=0.0376 len6=0.0337 depth3=0.0280 nodepth3_len6=0.0422
step 22800 loss 0.0514 lr 3.25e-04 5154s val 0.0722 | all=0.0479 len2=0.0780 len3=0.0667 len4=0.0496 len5=0.0372 len6=0.0358 depth3=0.0316 nodepth3_len6=0.0420
step 23000 loss 0.0510 lr 2.88e-04 5199s val 0.0724 | all=0.0468 len2=0.0779 len3=0.0668 len4=0.0495 len5=0.0372 len6=0.0324 depth3=0.0265 nodepth3_len6=0.0412
step 23200 loss 0.0494 lr 2.50e-04 5244s val 0.0723 | all=0.0475 len2=0.0779 len3=0.0668 len4=0.0495 len5=0.0372 len6=0.0346 depth3=0.0301 nodepth3_len6=0.0415
step 23400 loss 0.0501 lr 2.13e-04 5289s val 0.0724 | all=0.0470 len2=0.0781 len3=0.0667 len4=0.0494 len5=0.0371 len6=0.0331 depth3=0.0278 nodepth3_len6=0.0411
step 23600 loss 0.0503 lr 1.75e-04 5334s val 0.0724 | all=0.0469 len2=0.0783 len3=0.0665 len4=0.0491 len5=0.0371 len6=0.0331 depth3=0.0276 nodepth3_len6=0.0413
step 23800 loss 0.0526 lr 1.38e-04 5379s val 0.0725 | all=0.0471 len2=0.0781 len3=0.0668 len4=0.0491 len5=0.0371 len6=0.0336 depth3=0.0287 nodepth3_len6=0.0411
step 24000 loss 0.0520 lr 1.00e-04 5420s val 0.0723 | all=0.0468 len2=0.0780 len3=0.0666 len4=0.0491 len5=0.0370 len6=0.0328 depth3=0.0276 nodepth3_len6=0.0408
saved ckpts/sd/f_s0.pt (5422s total, 244s in the per-bin validation = 4.7% overhead on 24000 steps)
END 2026-09-27T20:03:38Z
