START 2026-09-27T18:31:29Z python3 train.py --heldout data/p2/heldout.jsonl --mode lean_seq --bs 128 --cap 6 --val_bins --data data/sd/train_fresh.jsonl --seed 2 --steps 24000 --sched wsd --metrics artifacts/sd/m_f_s2.jsonl --out ckpts/sd/f_s2.pt --decay_frac 0.2 --ckpt_every 2000
params 3214336 mode lean_seq shift True
val slices {'all': 5000, 'len2': 1000, 'len3': 1000, 'len4': 1000, 'len5': 1000, 'len6': 1000, 'depth3': 500, 'nodepth3_len6': 500}
train records 572759 max len 542
step 200 loss 0.9822 lr 1.00e-03 38s val 0.9415 | all=0.9369 len2=0.9342 len3=0.9506 len4=0.9565 len5=0.9684 len6=0.8941 depth3=0.8259 nodepth3_len6=0.9961
step 400 loss 0.2521 lr 1.00e-03 83s val 0.1978 | all=0.2386 len2=0.1906 len3=0.2041 len4=0.2382 len5=0.2430 len6=0.2689 depth3=0.2544 nodepth3_len6=0.2907
step 600 loss 0.1280 lr 1.00e-03 129s val 0.1080 | all=0.1138 len2=0.1100 len3=0.1061 len4=0.1222 len5=0.1087 len6=0.1177 depth3=0.0996 nodepth3_len6=0.1448
step 800 loss 0.1240 lr 1.00e-03 174s val 0.0935 | all=0.1011 len2=0.0963 len3=0.0908 len4=0.1011 len5=0.0930 len6=0.1142 depth3=0.1090 nodepth3_len6=0.1220
step 1000 loss 0.0955 lr 1.00e-03 219s val 0.0870 | all=0.0853 len2=0.0895 len3=0.0853 len4=0.0857 len5=0.0735 len6=0.0931 depth3=0.0871 nodepth3_len6=0.1021
step 1200 loss 0.0930 lr 1.00e-03 264s val 0.0851 | all=0.0743 len2=0.0881 len3=0.0824 len4=0.0780 len5=0.0653 len6=0.0706 depth3=0.0612 nodepth3_len6=0.0846
step 1400 loss 0.0845 lr 1.00e-03 309s val 0.0809 | all=0.0692 len2=0.0830 len3=0.0791 len4=0.0730 len5=0.0628 len6=0.0625 depth3=0.0492 nodepth3_len6=0.0822
step 1600 loss 0.0790 lr 1.00e-03 354s val 0.0807 | all=0.0667 len2=0.0836 len3=0.0775 len4=0.0696 len5=0.0573 len6=0.0615 depth3=0.0523 nodepth3_len6=0.0751
step 1800 loss 0.0698 lr 1.00e-03 400s val 0.0819 | all=0.0667 len2=0.0860 len3=0.0777 len4=0.0681 len5=0.0567 len6=0.0618 depth3=0.0553 nodepth3_len6=0.0714
step 2000 loss 0.0760 lr 1.00e-03 445s val 0.0780 | all=0.0682 len2=0.0813 len3=0.0749 len4=0.0645 len5=0.0518 len6=0.0760 depth3=0.0821 nodepth3_len6=0.0669
step 2200 loss 0.0634 lr 1.00e-03 490s val 0.0790 | all=0.0618 len2=0.0827 len3=0.0751 len4=0.0618 len5=0.0513 len6=0.0565 depth3=0.0506 nodepth3_len6=0.0652
step 2400 loss 0.0654 lr 1.00e-03 535s val 0.0776 | all=0.0653 len2=0.0811 len3=0.0743 len4=0.0598 len5=0.0498 len6=0.0714 depth3=0.0757 nodepth3_len6=0.0651
step 2600 loss 0.0645 lr 1.00e-03 580s val 0.0771 | all=0.0692 len2=0.0810 len3=0.0732 len4=0.0611 len5=0.0495 len6=0.0840 depth3=0.0994 nodepth3_len6=0.0609
step 2800 loss 0.0623 lr 1.00e-03 625s val 0.0772 | all=0.0621 len2=0.0804 len3=0.0740 len4=0.0582 len5=0.0481 len6=0.0637 depth3=0.0667 nodepth3_len6=0.0591
step 3000 loss 0.0665 lr 1.00e-03 669s val 0.0759 | all=0.0648 len2=0.0801 len3=0.0718 len4=0.0576 len5=0.0478 len6=0.0741 depth3=0.0842 nodepth3_len6=0.0589
step 3200 loss 0.0672 lr 1.00e-03 715s val 0.0759 | all=0.0627 len2=0.0804 len3=0.0721 len4=0.0572 len5=0.0467 len6=0.0682 depth3=0.0760 nodepth3_len6=0.0565
step 3400 loss 0.0619 lr 1.00e-03 761s val 0.0755 | all=0.0665 len2=0.0794 len3=0.0719 len4=0.0576 len5=0.0463 len6=0.0812 depth3=0.0973 nodepth3_len6=0.0572
step 3600 loss 0.0641 lr 1.00e-03 806s val 0.0761 | all=0.0663 len2=0.0800 len3=0.0727 len4=0.0571 len5=0.0447 len6=0.0815 depth3=0.1012 nodepth3_len6=0.0521
step 3800 loss 0.0600 lr 1.00e-03 851s val 0.0762 | all=0.0647 len2=0.0807 len3=0.0718 len4=0.0570 len5=0.0466 len6=0.0750 depth3=0.0869 nodepth3_len6=0.0573
step 4000 loss 0.0597 lr 1.00e-03 896s val 0.0759 | all=0.0694 len2=0.0805 len3=0.0714 len4=0.0565 len5=0.0444 len6=0.0926 depth3=0.1171 nodepth3_len6=0.0559
step 4200 loss 0.0583 lr 1.00e-03 942s val 0.0751 | all=0.0645 len2=0.0797 len3=0.0704 len4=0.0555 len5=0.0447 len6=0.0779 depth3=0.0937 nodepth3_len6=0.0542
step 4400 loss 0.0588 lr 1.00e-03 986s val 0.0747 | all=0.0738 len2=0.0794 len3=0.0700 len4=0.0548 len5=0.0442 len6=0.1092 depth3=0.1419 nodepth3_len6=0.0602
step 4600 loss 0.0562 lr 1.00e-03 1032s val 0.0748 | all=0.0714 len2=0.0797 len3=0.0703 len4=0.0557 len5=0.0434 len6=0.1013 depth3=0.1357 nodepth3_len6=0.0497
step 4800 loss 0.0606 lr 1.00e-03 1077s val 0.0747 | all=0.0605 len2=0.0794 len3=0.0698 len4=0.0549 len5=0.0438 len6=0.0662 depth3=0.0742 nodepth3_len6=0.0543
step 5000 loss 0.0552 lr 1.00e-03 1122s val 0.0739 | all=0.0601 len2=0.0790 len3=0.0694 len4=0.0541 len5=0.0429 len6=0.0667 depth3=0.0777 nodepth3_len6=0.0502
step 5200 loss 0.0536 lr 1.00e-03 1167s val 0.0752 | all=0.0604 len2=0.0803 len3=0.0701 len4=0.0549 len5=0.0460 len6=0.0636 depth3=0.0706 nodepth3_len6=0.0533
step 5400 loss 0.0577 lr 1.00e-03 1212s val 0.0751 | all=0.0591 len2=0.0807 len3=0.0697 len4=0.0544 len5=0.0426 len6=0.0625 depth3=0.0719 nodepth3_len6=0.0486
step 5600 loss 0.0575 lr 1.00e-03 1257s val 0.0747 | all=0.0744 len2=0.0802 len3=0.0689 len4=0.0536 len5=0.0423 len6=0.1136 depth3=0.1551 nodepth3_len6=0.0517
step 5800 loss 0.0598 lr 1.00e-03 1302s val 0.0741 | all=0.0602 len2=0.0788 len3=0.0696 len4=0.0539 len5=0.0418 len6=0.0678 depth3=0.0799 nodepth3_len6=0.0498
step 6000 loss 0.0544 lr 1.00e-03 1348s val 0.0736 | all=0.0619 len2=0.0787 len3=0.0688 len4=0.0530 len5=0.0418 len6=0.0742 depth3=0.0897 nodepth3_len6=0.0511
step 6200 loss 0.0580 lr 1.00e-03 1393s val 0.0744 | all=0.0625 len2=0.0793 len3=0.0695 len4=0.0543 len5=0.0422 len6=0.0748 depth3=0.0916 nodepth3_len6=0.0496
step 6400 loss 0.0561 lr 1.00e-03 1439s val 0.0743 | all=0.0620 len2=0.0790 len3=0.0694 len4=0.0532 len5=0.0424 len6=0.0737 depth3=0.0909 nodepth3_len6=0.0481
step 6600 loss 0.0546 lr 1.00e-03 1485s val 0.0743 | all=0.0604 len2=0.0792 len3=0.0696 len4=0.0532 len5=0.0424 len6=0.0683 depth3=0.0820 nodepth3_len6=0.0478
step 6800 loss 0.0571 lr 1.00e-03 1530s val 0.0740 | all=0.0552 len2=0.0789 len3=0.0691 len4=0.0531 len5=0.0417 len6=0.0523 depth3=0.0545 nodepth3_len6=0.0490
step 7000 loss 0.0551 lr 1.00e-03 1576s val 0.0736 | all=0.0507 len2=0.0789 len3=0.0684 len4=0.0521 len5=0.0409 len6=0.0393 depth3=0.0340 nodepth3_len6=0.0473
step 7200 loss 0.0551 lr 1.00e-03 1621s val 0.0736 | all=0.0682 len2=0.0789 len3=0.0687 len4=0.0526 len5=0.0416 len6=0.0951 depth3=0.1271 nodepth3_len6=0.0473
step 7400 loss 0.0573 lr 1.00e-03 1666s val 0.0738 | all=0.0559 len2=0.0789 len3=0.0687 len4=0.0523 len5=0.0410 len6=0.0560 depth3=0.0622 nodepth3_len6=0.0469
step 7600 loss 0.0547 lr 1.00e-03 1712s val 0.0744 | all=0.0605 len2=0.0801 len3=0.0686 len4=0.0530 len5=0.0410 len6=0.0700 depth3=0.0850 nodepth3_len6=0.0477
step 7800 loss 0.0593 lr 1.00e-03 1756s val 0.0734 | all=0.0639 len2=0.0784 len3=0.0683 len4=0.0527 len5=0.0409 len6=0.0822 depth3=0.1067 nodepth3_len6=0.0456
step 8000 loss 0.0588 lr 1.00e-03 1801s val 0.0738 | all=0.0619 len2=0.0793 len3=0.0684 len4=0.0524 len5=0.0407 len6=0.0756 depth3=0.0935 nodepth3_len6=0.0490
step 8200 loss 0.0594 lr 1.00e-03 1846s val 0.0737 | all=0.0622 len2=0.0789 len3=0.0686 len4=0.0525 len5=0.0402 len6=0.0771 depth3=0.0976 nodepth3_len6=0.0464
step 8400 loss 0.0519 lr 1.00e-03 1891s val 0.0735 | all=0.0602 len2=0.0786 len3=0.0688 len4=0.0527 len5=0.0408 len6=0.0700 depth3=0.0846 nodepth3_len6=0.0481
step 8600 loss 0.0573 lr 1.00e-03 1936s val 0.0738 | all=0.0557 len2=0.0791 len3=0.0681 len4=0.0522 len5=0.0409 len6=0.0555 depth3=0.0622 nodepth3_len6=0.0456
step 8800 loss 0.0512 lr 1.00e-03 1982s val 0.0734 | all=0.0573 len2=0.0785 len3=0.0681 len4=0.0518 len5=0.0406 len6=0.0614 depth3=0.0702 nodepth3_len6=0.0484
step 9000 loss 0.0515 lr 1.00e-03 2027s val 0.0733 | all=0.0541 len2=0.0785 len3=0.0681 len4=0.0518 len5=0.0404 len6=0.0513 depth3=0.0540 nodepth3_len6=0.0472
step 9200 loss 0.0532 lr 1.00e-03 2072s val 0.0738 | all=0.0577 len2=0.0792 len3=0.0683 len4=0.0521 len5=0.0402 len6=0.0627 depth3=0.0730 nodepth3_len6=0.0473
step 9400 loss 0.0558 lr 1.00e-03 2117s val 0.0734 | all=0.0582 len2=0.0788 len3=0.0678 len4=0.0520 len5=0.0403 len6=0.0646 depth3=0.0766 nodepth3_len6=0.0466
step 9600 loss 0.0532 lr 1.00e-03 2161s val 0.0731 | all=0.0581 len2=0.0781 len3=0.0687 len4=0.0532 len5=0.0417 len6=0.0624 depth3=0.0721 nodepth3_len6=0.0479
step 9800 loss 0.0602 lr 1.00e-03 2206s val 0.0739 | all=0.0606 len2=0.0800 len3=0.0678 len4=0.0516 len5=0.0403 len6=0.0722 depth3=0.0888 nodepth3_len6=0.0474
step 10000 loss 0.0575 lr 1.00e-03 2251s val 0.0735 | all=0.0650 len2=0.0786 len3=0.0685 len4=0.0524 len5=0.0407 len6=0.0860 depth3=0.1116 nodepth3_len6=0.0477
step 10200 loss 0.0562 lr 1.00e-03 2295s val 0.0732 | all=0.0600 len2=0.0782 len3=0.0685 len4=0.0522 len5=0.0402 len6=0.0702 depth3=0.0855 nodepth3_len6=0.0474
step 10400 loss 0.0524 lr 1.00e-03 2341s val 0.0733 | all=0.0579 len2=0.0785 len3=0.0681 len4=0.0522 len5=0.0403 len6=0.0636 depth3=0.0761 nodepth3_len6=0.0449
step 10600 loss 0.0535 lr 1.00e-03 2386s val 0.0737 | all=0.0559 len2=0.0792 len3=0.0681 len4=0.0522 len5=0.0403 len6=0.0566 depth3=0.0630 nodepth3_len6=0.0470
step 10800 loss 0.0558 lr 1.00e-03 2432s val 0.0737 | all=0.0602 len2=0.0794 len3=0.0681 len4=0.0519 len5=0.0398 len6=0.0713 depth3=0.0889 nodepth3_len6=0.0451
step 11000 loss 0.0553 lr 1.00e-03 2477s val 0.0735 | all=0.0560 len2=0.0789 len3=0.0682 len4=0.0520 len5=0.0396 len6=0.0579 depth3=0.0661 nodepth3_len6=0.0456
step 11200 loss 0.0514 lr 1.00e-03 2522s val 0.0731 | all=0.0570 len2=0.0789 len3=0.0674 len4=0.0514 len5=0.0418 len6=0.0598 depth3=0.0654 nodepth3_len6=0.0514
step 11400 loss 0.0577 lr 1.00e-03 2568s val 0.0733 | all=0.0547 len2=0.0791 len3=0.0677 len4=0.0512 len5=0.0397 len6=0.0542 depth3=0.0594 nodepth3_len6=0.0465
step 11600 loss 0.0499 lr 1.00e-03 2613s val 0.0731 | all=0.0677 len2=0.0786 len3=0.0678 len4=0.0514 len5=0.0400 len6=0.0962 depth3=0.1300 nodepth3_len6=0.0457
step 11800 loss 0.0539 lr 1.00e-03 2658s val 0.0731 | all=0.0672 len2=0.0782 len3=0.0681 len4=0.0517 len5=0.0402 len6=0.0942 depth3=0.1259 nodepth3_len6=0.0468
step 12000 loss 0.0533 lr 1.00e-03 2703s val 0.0733 | all=0.0504 len2=0.0790 len3=0.0680 len4=0.0519 len5=0.0402 len6=0.0392 depth3=0.0353 nodepth3_len6=0.0449
step 12200 loss 0.0549 lr 1.00e-03 2748s val 0.0734 | all=0.0657 len2=0.0784 len3=0.0682 len4=0.0515 len5=0.0395 len6=0.0900 depth3=0.1189 nodepth3_len6=0.0468
step 12400 loss 0.0547 lr 1.00e-03 2794s val 0.0731 | all=0.0630 len2=0.0785 len3=0.0678 len4=0.0513 len5=0.0392 len6=0.0816 depth3=0.1056 nodepth3_len6=0.0456
step 12600 loss 0.0511 lr 1.00e-03 2839s val 0.0732 | all=0.0653 len2=0.0785 len3=0.0677 len4=0.0516 len5=0.0402 len6=0.0880 depth3=0.1156 nodepth3_len6=0.0467
step 12800 loss 0.0543 lr 1.00e-03 2884s val 0.0734 | all=0.0650 len2=0.0788 len3=0.0680 len4=0.0517 len5=0.0391 len6=0.0879 depth3=0.1168 nodepth3_len6=0.0447
step 13000 loss 0.0539 lr 1.00e-03 2929s val 0.0728 | all=0.0521 len2=0.0779 len3=0.0681 len4=0.0513 len5=0.0394 len6=0.0461 depth3=0.0464 nodepth3_len6=0.0456
step 13200 loss 0.0558 lr 1.00e-03 2974s val 0.0735 | all=0.0573 len2=0.0784 len3=0.0690 len4=0.0523 len5=0.0413 len6=0.0601 depth3=0.0699 nodepth3_len6=0.0456
step 13400 loss 0.0533 lr 1.00e-03 3020s val 0.0740 | all=0.0552 len2=0.0796 len3=0.0684 len4=0.0521 len5=0.0400 len6=0.0545 depth3=0.0604 nodepth3_len6=0.0457
step 13600 loss 0.0544 lr 1.00e-03 3065s val 0.0734 | all=0.0636 len2=0.0795 len3=0.0678 len4=0.0518 len5=0.0395 len6=0.0826 depth3=0.1079 nodepth3_len6=0.0448
step 13800 loss 0.0527 lr 1.00e-03 3110s val 0.0732 | all=0.0594 len2=0.0788 len3=0.0676 len4=0.0511 len5=0.0389 len6=0.0702 depth3=0.0872 nodepth3_len6=0.0447
step 14000 loss 0.0545 lr 1.00e-03 3155s val 0.0732 | all=0.0539 len2=0.0788 len3=0.0676 len4=0.0508 len5=0.0389 len6=0.0527 depth3=0.0582 nodepth3_len6=0.0443
step 14200 loss 0.0533 lr 1.00e-03 3200s val 0.0731 | all=0.0623 len2=0.0785 len3=0.0679 len4=0.0510 len5=0.0392 len6=0.0795 depth3=0.1027 nodepth3_len6=0.0449
step 14400 loss 0.0528 lr 1.00e-03 3245s val 0.0731 | all=0.0699 len2=0.0789 len3=0.0677 len4=0.0514 len5=0.0392 len6=0.1038 depth3=0.1436 nodepth3_len6=0.0444
step 14600 loss 0.0524 lr 1.00e-03 3290s val 0.0726 | all=0.0565 len2=0.0782 len3=0.0674 len4=0.0510 len5=0.0390 len6=0.0612 depth3=0.0711 nodepth3_len6=0.0465
step 14800 loss 0.0528 lr 1.00e-03 3335s val 0.0735 | all=0.0631 len2=0.0790 len3=0.0679 len4=0.0510 len5=0.0391 len6=0.0821 depth3=0.1070 nodepth3_len6=0.0449
step 15000 loss 0.0537 lr 1.00e-03 3381s val 0.0731 | all=0.0659 len2=0.0785 len3=0.0680 len4=0.0514 len5=0.0391 len6=0.0911 depth3=0.1224 nodepth3_len6=0.0443
step 15200 loss 0.0516 lr 1.00e-03 3427s val 0.0728 | all=0.0536 len2=0.0781 len3=0.0676 len4=0.0510 len5=0.0393 len6=0.0513 depth3=0.0554 nodepth3_len6=0.0451
step 15400 loss 0.0548 lr 1.00e-03 3472s val 0.0727 | all=0.0633 len2=0.0779 len3=0.0677 len4=0.0508 len5=0.0394 len6=0.0832 depth3=0.1090 nodepth3_len6=0.0445
step 15600 loss 0.0575 lr 1.00e-03 3517s val 0.0730 | all=0.0522 len2=0.0786 len3=0.0676 len4=0.0509 len5=0.0392 len6=0.0467 depth3=0.0478 nodepth3_len6=0.0451
step 15800 loss 0.0510 lr 1.00e-03 3562s val 0.0729 | all=0.0510 len2=0.0785 len3=0.0675 len4=0.0511 len5=0.0386 len6=0.0434 depth3=0.0429 nodepth3_len6=0.0443
step 16000 loss 0.0549 lr 1.00e-03 3608s val 0.0730 | all=0.0543 len2=0.0785 len3=0.0678 len4=0.0510 len5=0.0391 len6=0.0536 depth3=0.0597 nodepth3_len6=0.0446
step 16200 loss 0.0524 lr 1.00e-03 3654s val 0.0728 | all=0.0624 len2=0.0784 len3=0.0674 len4=0.0507 len5=0.0393 len6=0.0802 depth3=0.1028 nodepth3_len6=0.0463
step 16400 loss 0.0574 lr 1.00e-03 3698s val 0.0727 | all=0.0619 len2=0.0779 len3=0.0674 len4=0.0508 len5=0.0390 len6=0.0788 depth3=0.1025 nodepth3_len6=0.0436
step 16600 loss 0.0531 lr 1.00e-03 3743s val 0.0731 | all=0.0544 len2=0.0789 len3=0.0676 len4=0.0506 len5=0.0386 len6=0.0546 depth3=0.0615 nodepth3_len6=0.0444
step 16800 loss 0.0530 lr 1.00e-03 3788s val 0.0731 | all=0.0546 len2=0.0784 len3=0.0679 len4=0.0510 len5=0.0385 len6=0.0552 depth3=0.0630 nodepth3_len6=0.0434
step 17000 loss 0.0513 lr 1.00e-03 3833s val 0.0728 | all=0.0682 len2=0.0784 len3=0.0674 len4=0.0507 len5=0.0389 len6=0.0993 depth3=0.1361 nodepth3_len6=0.0443
step 17200 loss 0.0536 lr 1.00e-03 3878s val 0.0729 | all=0.0603 len2=0.0783 len3=0.0675 len4=0.0505 len5=0.0388 len6=0.0739 depth3=0.0931 nodepth3_len6=0.0451
step 17400 loss 0.0471 lr 1.00e-03 3923s val 0.0729 | all=0.0528 len2=0.0780 len3=0.0679 len4=0.0506 len5=0.0388 len6=0.0494 depth3=0.0531 nodepth3_len6=0.0439
step 17600 loss 0.0509 lr 1.00e-03 3968s val 0.0728 | all=0.0588 len2=0.0784 len3=0.0673 len4=0.0512 len5=0.0388 len6=0.0685 depth3=0.0846 nodepth3_len6=0.0443
step 17800 loss 0.0528 lr 1.00e-03 4013s val 0.0732 | all=0.0565 len2=0.0786 len3=0.0676 len4=0.0511 len5=0.0385 len6=0.0613 depth3=0.0725 nodepth3_len6=0.0444
step 18000 loss 0.0511 lr 1.00e-03 4059s val 0.0741 | all=0.0639 len2=0.0803 len3=0.0681 len4=0.0517 len5=0.0389 len6=0.0838 depth3=0.1102 nodepth3_len6=0.0444
step 18200 loss 0.0591 lr 1.00e-03 4104s val 0.0731 | all=0.0523 len2=0.0784 len3=0.0680 len4=0.0505 len5=0.0390 len6=0.0474 depth3=0.0495 nodepth3_len6=0.0442
step 18400 loss 0.0539 lr 1.00e-03 4149s val 0.0728 | all=0.0531 len2=0.0779 len3=0.0676 len4=0.0505 len5=0.0387 len6=0.0505 depth3=0.0541 nodepth3_len6=0.0451
step 18600 loss 0.0523 lr 1.00e-03 4195s val 0.0728 | all=0.0498 len2=0.0783 len3=0.0674 len4=0.0506 len5=0.0388 len6=0.0398 depth3=0.0373 nodepth3_len6=0.0435
step 18800 loss 0.0552 lr 1.00e-03 4241s val 0.0729 | all=0.0581 len2=0.0783 len3=0.0678 len4=0.0512 len5=0.0390 len6=0.0659 depth3=0.0803 nodepth3_len6=0.0443
step 19000 loss 0.0523 lr 1.00e-03 4286s val 0.0730 | all=0.0507 len2=0.0785 len3=0.0675 len4=0.0507 len5=0.0386 len6=0.0426 depth3=0.0418 nodepth3_len6=0.0437
step 19200 loss 0.0573 lr 1.00e-03 4330s val 0.0731 | all=0.0497 len2=0.0790 len3=0.0672 len4=0.0510 len5=0.0389 len6=0.0388 depth3=0.0351 nodepth3_len6=0.0443
step 19400 loss 0.0529 lr 9.63e-04 4375s val 0.0729 | all=0.0576 len2=0.0782 len3=0.0676 len4=0.0504 len5=0.0382 len6=0.0657 depth3=0.0798 nodepth3_len6=0.0446
step 19600 loss 0.0526 lr 9.25e-04 4420s val 0.0729 | all=0.0634 len2=0.0787 len3=0.0674 len4=0.0502 len5=0.0390 len6=0.0840 depth3=0.1104 nodepth3_len6=0.0444
step 19800 loss 0.0543 lr 8.88e-04 4465s val 0.0727 | all=0.0496 len2=0.0779 len3=0.0675 len4=0.0507 len5=0.0380 len6=0.0398 depth3=0.0370 nodepth3_len6=0.0439
step 20000 loss 0.0492 lr 8.50e-04 4510s val 0.0726 | all=0.0599 len2=0.0781 len3=0.0672 len4=0.0502 len5=0.0383 len6=0.0733 depth3=0.0932 nodepth3_len6=0.0437
step 20200 loss 0.0537 lr 8.13e-04 4556s val 0.0725 | all=0.0516 len2=0.0780 len3=0.0671 len4=0.0502 len5=0.0385 len6=0.0462 depth3=0.0484 nodepth3_len6=0.0430
step 20400 loss 0.0576 lr 7.75e-04 4601s val 0.0726 | all=0.0549 len2=0.0780 len3=0.0673 len4=0.0502 len5=0.0383 len6=0.0570 depth3=0.0664 nodepth3_len6=0.0431
step 20600 loss 0.0524 lr 7.38e-04 4646s val 0.0728 | all=0.0574 len2=0.0785 len3=0.0673 len4=0.0502 len5=0.0381 len6=0.0653 depth3=0.0810 nodepth3_len6=0.0418
step 20800 loss 0.0520 lr 7.00e-04 4691s val 0.0725 | all=0.0555 len2=0.0778 len3=0.0673 len4=0.0498 len5=0.0377 len6=0.0597 depth3=0.0709 nodepth3_len6=0.0431
step 21000 loss 0.0509 lr 6.63e-04 4737s val 0.0730 | all=0.0517 len2=0.0789 len3=0.0672 len4=0.0506 len5=0.0380 len6=0.0462 depth3=0.0489 nodepth3_len6=0.0421
step 21200 loss 0.0507 lr 6.25e-04 4782s val 0.0727 | all=0.0598 len2=0.0783 len3=0.0673 len4=0.0499 len5=0.0378 len6=0.0735 depth3=0.0946 nodepth3_len6=0.0421
step 21400 loss 0.0522 lr 5.88e-04 4827s val 0.0726 | all=0.0567 len2=0.0780 len3=0.0672 len4=0.0501 len5=0.0377 len6=0.0637 depth3=0.0783 nodepth3_len6=0.0418
step 21600 loss 0.0513 lr 5.50e-04 4872s val 0.0725 | all=0.0647 len2=0.0778 len3=0.0674 len4=0.0499 len5=0.0378 len6=0.0895 depth3=0.1207 nodepth3_len6=0.0428
step 21800 loss 0.0518 lr 5.13e-04 4917s val 0.0724 | all=0.0636 len2=0.0778 len3=0.0672 len4=0.0498 len5=0.0380 len6=0.0861 depth3=0.1153 nodepth3_len6=0.0425
step 22000 loss 0.0502 lr 4.75e-04 4963s val 0.0725 | all=0.0654 len2=0.0782 len3=0.0669 len4=0.0498 len5=0.0377 len6=0.0920 depth3=0.1250 nodepth3_len6=0.0426
step 22200 loss 0.0540 lr 4.38e-04 5008s val 0.0726 | all=0.0592 len2=0.0779 len3=0.0671 len4=0.0497 len5=0.0375 len6=0.0721 depth3=0.0919 nodepth3_len6=0.0423
step 22400 loss 0.0511 lr 4.00e-04 5053s val 0.0724 | all=0.0630 len2=0.0780 len3=0.0670 len4=0.0495 len5=0.0374 len6=0.0847 depth3=0.1131 nodepth3_len6=0.0423
step 22600 loss 0.0512 lr 3.62e-04 5098s val 0.0724 | all=0.0696 len2=0.0779 len3=0.0670 len4=0.0496 len5=0.0376 len6=0.1060 depth3=0.1488 nodepth3_len6=0.0419
step 22800 loss 0.0493 lr 3.25e-04 5143s val 0.0724 | all=0.0637 len2=0.0780 len3=0.0669 len4=0.0496 len5=0.0372 len6=0.0872 depth3=0.1178 nodepth3_len6=0.0415
step 23000 loss 0.0497 lr 2.88e-04 5188s val 0.0723 | all=0.0663 len2=0.0780 len3=0.0667 len4=0.0494 len5=0.0374 len6=0.0957 depth3=0.1310 nodepth3_len6=0.0428
step 23200 loss 0.0491 lr 2.50e-04 5233s val 0.0724 | all=0.0658 len2=0.0780 len3=0.0669 len4=0.0496 len5=0.0371 len6=0.0940 depth3=0.1292 nodepth3_len6=0.0414
step 23400 loss 0.0477 lr 2.13e-04 5278s val 0.0723 | all=0.0589 len2=0.0778 len3=0.0669 len4=0.0493 len5=0.0370 len6=0.0721 depth3=0.0924 nodepth3_len6=0.0417
step 23600 loss 0.0560 lr 1.75e-04 5323s val 0.0724 | all=0.0609 len2=0.0779 len3=0.0668 len4=0.0494 len5=0.0371 len6=0.0783 depth3=0.1030 nodepth3_len6=0.0414
step 23800 loss 0.0491 lr 1.38e-04 5368s val 0.0723 | all=0.0593 len2=0.0779 len3=0.0668 len4=0.0492 len5=0.0370 len6=0.0733 depth3=0.0946 nodepth3_len6=0.0416
step 24000 loss 0.0526 lr 1.00e-04 5414s val 0.0723 | all=0.0683 len2=0.0780 len3=0.0667 len4=0.0492 len5=0.0369 len6=0.1027 depth3=0.1438 nodepth3_len6=0.0412
saved ckpts/sd/f_s2.pt (5416s total, 239s in the per-bin validation = 4.6% overhead on 24000 steps)
END 2026-09-27T20:03:31Z
