START 2026-09-27T18:26:18Z python3 train.py --heldout data/p2/heldout.jsonl --mode lean_seq --bs 128 --cap 6 --val_bins --data data/p2/train_depth3_f0_a1.jsonl --seed 1 --steps 24000 --sched wsd --metrics artifacts/sd/m_w_s1.jsonl --out ckpts/sd/w_s1.pt --decay_frac 0.2 --ckpt_every 1000 --state_at 4800,9600
params 3214336 mode lean_seq shift True
val slices {'all': 5000, 'len2': 1000, 'len3': 1000, 'len4': 1000, 'len5': 1000, 'len6': 1000, 'depth3': 500, 'nodepth3_len6': 500}
train records 155000 max len 464
step 200 loss 0.9601 lr 1.00e-03 31s val 0.9051 | all=0.9120 len2=0.8829 len3=0.9293 len4=0.9264 len5=0.9277 len6=0.8936 depth3=0.8431 nodepth3_len6=0.9691
step 400 loss 0.2390 lr 1.00e-03 64s val 0.1629 | all=0.1992 len2=0.1610 len3=0.1644 len4=0.2069 len5=0.1939 len6=0.2288 depth3=0.2075 nodepth3_len6=0.2608
step 600 loss 0.1297 lr 1.00e-03 97s val 0.1070 | all=0.1263 len2=0.1091 len3=0.1047 len4=0.1311 len5=0.1145 len6=0.1491 depth3=0.1414 nodepth3_len6=0.1606
step 800 loss 0.1124 lr 1.00e-03 130s val 0.0945 | all=0.0965 len2=0.0989 len3=0.0905 len4=0.0990 len5=0.0837 len6=0.1072 depth3=0.0991 nodepth3_len6=0.1192
step 1000 loss 0.0923 lr 1.00e-03 164s val 0.0950 | all=0.0945 len2=0.0976 len3=0.0926 len4=0.0948 len5=0.0782 len6=0.1076 depth3=0.1129 nodepth3_len6=0.0997
step 1200 loss 0.0904 lr 1.00e-03 197s val 0.0859 | all=0.0809 len2=0.0897 len3=0.0822 len4=0.0820 len5=0.0665 len6=0.0881 depth3=0.0846 nodepth3_len6=0.0934
step 1400 loss 0.0988 lr 1.00e-03 230s val 0.0846 | all=0.0815 len2=0.0874 len3=0.0820 len4=0.0785 len5=0.0650 len6=0.0942 depth3=0.1003 nodepth3_len6=0.0851
step 1600 loss 0.0769 lr 1.00e-03 264s val 0.0815 | all=0.0735 len2=0.0841 len3=0.0792 len4=0.0750 len5=0.0610 len6=0.0763 depth3=0.0734 nodepth3_len6=0.0807
step 1800 loss 0.0744 lr 1.00e-03 297s val 0.0803 | all=0.0762 len2=0.0837 len3=0.0770 len4=0.0707 len5=0.0577 len6=0.0915 depth3=0.1027 nodepth3_len6=0.0748
step 2000 loss 0.0771 lr 1.00e-03 331s val 0.0809 | all=0.0725 len2=0.0841 len3=0.0775 len4=0.0730 len5=0.0581 len6=0.0775 depth3=0.0800 nodepth3_len6=0.0738
step 2200 loss 0.0735 lr 1.00e-03 364s val 0.0783 | all=0.0716 len2=0.0810 len3=0.0755 len4=0.0677 len5=0.0547 len6=0.0826 depth3=0.0880 nodepth3_len6=0.0746
step 2400 loss 0.0699 lr 1.00e-03 398s val 0.0782 | all=0.0659 len2=0.0816 len3=0.0751 len4=0.0668 len5=0.0544 len6=0.0645 depth3=0.0640 nodepth3_len6=0.0653
step 2600 loss 0.0638 lr 1.00e-03 431s val 0.0774 | all=0.0618 len2=0.0802 len3=0.0738 len4=0.0641 len5=0.0504 len6=0.0575 depth3=0.0526 nodepth3_len6=0.0649
step 2800 loss 0.0712 lr 1.00e-03 472s val 0.0786 | all=0.0616 len2=0.0833 len3=0.0740 len4=0.0642 len5=0.0515 len6=0.0545 depth3=0.0503 nodepth3_len6=0.0608
step 3000 loss 0.0699 lr 1.00e-03 516s val 0.0780 | all=0.0636 len2=0.0836 len3=0.0725 len4=0.0621 len5=0.0523 len6=0.0621 depth3=0.0602 nodepth3_len6=0.0650
step 3200 loss 0.0634 lr 1.00e-03 561s val 0.0761 | all=0.0642 len2=0.0805 len3=0.0718 len4=0.0598 len5=0.0488 len6=0.0699 depth3=0.0757 nodepth3_len6=0.0613
step 3400 loss 0.0673 lr 1.00e-03 606s val 0.0760 | all=0.0583 len2=0.0806 len3=0.0714 len4=0.0596 len5=0.0490 len6=0.0508 depth3=0.0437 nodepth3_len6=0.0614
step 3600 loss 0.0696 lr 1.00e-03 650s val 0.0755 | all=0.0591 len2=0.0795 len3=0.0717 len4=0.0581 len5=0.0464 len6=0.0567 depth3=0.0540 nodepth3_len6=0.0608
step 3800 loss 0.0694 lr 1.00e-03 694s val 0.0749 | all=0.0605 len2=0.0790 len3=0.0710 len4=0.0588 len5=0.0471 len6=0.0607 depth3=0.0619 nodepth3_len6=0.0590
step 4000 loss 0.0606 lr 1.00e-03 739s val 0.0750 | all=0.0566 len2=0.0792 len3=0.0705 len4=0.0579 len5=0.0465 len6=0.0493 depth3=0.0451 nodepth3_len6=0.0555
step 4200 loss 0.0596 lr 1.00e-03 783s val 0.0748 | all=0.0727 len2=0.0793 len3=0.0704 len4=0.0577 len5=0.0459 len6=0.1025 depth3=0.1340 nodepth3_len6=0.0554
step 4400 loss 0.0590 lr 1.00e-03 828s val 0.0751 | all=0.0679 len2=0.0798 len3=0.0702 len4=0.0568 len5=0.0460 len6=0.0870 depth3=0.1073 nodepth3_len6=0.0567
step 4600 loss 0.0620 lr 1.00e-03 873s val 0.0752 | all=0.0674 len2=0.0794 len3=0.0709 len4=0.0579 len5=0.0453 len6=0.0852 depth3=0.1060 nodepth3_len6=0.0542
step 4800 loss 0.0559 lr 1.00e-03 917s val 0.0748 | all=0.0564 len2=0.0799 len3=0.0699 len4=0.0560 len5=0.0451 len6=0.0511 depth3=0.0502 nodepth3_len6=0.0525
saved state ckpts/sd/w_s1.state04800.pt
step 5000 loss 0.0608 lr 1.00e-03 962s val 0.0748 | all=0.0685 len2=0.0796 len3=0.0704 len4=0.0559 len5=0.0434 len6=0.0916 depth3=0.1158 nodepth3_len6=0.0554
step 5200 loss 0.0609 lr 1.00e-03 1006s val 0.0748 | all=0.0651 len2=0.0800 len3=0.0698 len4=0.0561 len5=0.0453 len6=0.0790 depth3=0.0964 nodepth3_len6=0.0529
step 5400 loss 0.0624 lr 1.00e-03 1051s val 0.0744 | all=0.0550 len2=0.0792 len3=0.0696 len4=0.0546 len5=0.0433 len6=0.0491 depth3=0.0459 nodepth3_len6=0.0539
step 5600 loss 0.0550 lr 1.00e-03 1095s val 0.0744 | all=0.0578 len2=0.0791 len3=0.0696 len4=0.0547 len5=0.0439 len6=0.0579 depth3=0.0624 nodepth3_len6=0.0511
step 5800 loss 0.0592 lr 1.00e-03 1140s val 0.0748 | all=0.0563 len2=0.0800 len3=0.0697 len4=0.0542 len5=0.0442 len6=0.0526 depth3=0.0524 nodepth3_len6=0.0530
step 6000 loss 0.0602 lr 1.00e-03 1185s val 0.0749 | all=0.0547 len2=0.0796 len3=0.0702 len4=0.0540 len5=0.0426 len6=0.0486 depth3=0.0460 nodepth3_len6=0.0524
step 6200 loss 0.0582 lr 1.00e-03 1229s val 0.0742 | all=0.0594 len2=0.0791 len3=0.0697 len4=0.0554 len5=0.0433 len6=0.0630 depth3=0.0709 nodepth3_len6=0.0513
step 6400 loss 0.0580 lr 1.00e-03 1273s val 0.0739 | all=0.0562 len2=0.0789 len3=0.0689 len4=0.0538 len5=0.0422 len6=0.0549 depth3=0.0580 nodepth3_len6=0.0503
step 6600 loss 0.0590 lr 1.00e-03 1318s val 0.0738 | all=0.0595 len2=0.0786 len3=0.0689 len4=0.0534 len5=0.0424 len6=0.0659 depth3=0.0759 nodepth3_len6=0.0511
step 6800 loss 0.0616 lr 1.00e-03 1363s val 0.0737 | all=0.0561 len2=0.0785 len3=0.0691 len4=0.0533 len5=0.0422 len6=0.0548 depth3=0.0564 nodepth3_len6=0.0523
step 7000 loss 0.0570 lr 1.00e-03 1407s val 0.0739 | all=0.0582 len2=0.0789 len3=0.0688 len4=0.0538 len5=0.0417 len6=0.0620 depth3=0.0703 nodepth3_len6=0.0496
step 7200 loss 0.0544 lr 1.00e-03 1451s val 0.0739 | all=0.0536 len2=0.0790 len3=0.0694 len4=0.0539 len5=0.0422 len6=0.0460 depth3=0.0434 nodepth3_len6=0.0498
step 7400 loss 0.0600 lr 1.00e-03 1496s val 0.0738 | all=0.0564 len2=0.0789 len3=0.0687 len4=0.0532 len5=0.0417 len6=0.0564 depth3=0.0612 nodepth3_len6=0.0493
step 7600 loss 0.0565 lr 1.00e-03 1540s val 0.0748 | all=0.0523 len2=0.0800 len3=0.0694 len4=0.0536 len5=0.0423 len6=0.0417 depth3=0.0368 nodepth3_len6=0.0489
step 7800 loss 0.0589 lr 1.00e-03 1585s val 0.0743 | all=0.0550 len2=0.0788 len3=0.0697 len4=0.0539 len5=0.0420 len6=0.0508 depth3=0.0525 nodepth3_len6=0.0484
step 8000 loss 0.0607 lr 1.00e-03 1629s val 0.0738 | all=0.0536 len2=0.0794 len3=0.0684 len4=0.0527 len5=0.0413 len6=0.0478 depth3=0.0478 nodepth3_len6=0.0480
step 8200 loss 0.0521 lr 1.00e-03 1674s val 0.0743 | all=0.0611 len2=0.0793 len3=0.0692 len4=0.0532 len5=0.0418 len6=0.0712 depth3=0.0866 nodepth3_len6=0.0482
step 8400 loss 0.0561 lr 1.00e-03 1719s val 0.0736 | all=0.0591 len2=0.0792 len3=0.0680 len4=0.0528 len5=0.0420 len6=0.0653 depth3=0.0753 nodepth3_len6=0.0504
step 8600 loss 0.0574 lr 1.00e-03 1763s val 0.0735 | all=0.0536 len2=0.0785 len3=0.0684 len4=0.0521 len5=0.0411 len6=0.0486 depth3=0.0490 nodepth3_len6=0.0480
step 8800 loss 0.0541 lr 1.00e-03 1808s val 0.0731 | all=0.0519 len2=0.0783 len3=0.0679 len4=0.0520 len5=0.0407 len6=0.0441 depth3=0.0412 nodepth3_len6=0.0485
step 9000 loss 0.0566 lr 1.00e-03 1853s val 0.0732 | all=0.0530 len2=0.0784 len3=0.0679 len4=0.0523 len5=0.0409 len6=0.0473 depth3=0.0470 nodepth3_len6=0.0477
step 9200 loss 0.0603 lr 1.00e-03 1897s val 0.0735 | all=0.0517 len2=0.0784 len3=0.0688 len4=0.0532 len5=0.0412 len6=0.0417 depth3=0.0380 nodepth3_len6=0.0472
step 9400 loss 0.0533 lr 1.00e-03 1941s val 0.0733 | all=0.0507 len2=0.0786 len3=0.0680 len4=0.0516 len5=0.0405 len6=0.0403 depth3=0.0361 nodepth3_len6=0.0465
step 9600 loss 0.0549 lr 1.00e-03 1986s val 0.0741 | all=0.0505 len2=0.0794 len3=0.0686 len4=0.0529 len5=0.0409 len6=0.0378 depth3=0.0322 nodepth3_len6=0.0461
saved state ckpts/sd/w_s1.state09600.pt
step 9800 loss 0.0547 lr 1.00e-03 2031s val 0.0731 | all=0.0557 len2=0.0780 len3=0.0682 len4=0.0522 len5=0.0412 len6=0.0556 depth3=0.0613 nodepth3_len6=0.0470
step 10000 loss 0.0537 lr 1.00e-03 2075s val 0.0731 | all=0.0513 len2=0.0780 len3=0.0682 len4=0.0526 len5=0.0410 len6=0.0412 depth3=0.0360 nodepth3_len6=0.0491
step 10200 loss 0.0558 lr 1.00e-03 2120s val 0.0731 | all=0.0509 len2=0.0785 len3=0.0679 len4=0.0518 len5=0.0405 len6=0.0408 depth3=0.0375 nodepth3_len6=0.0457
step 10400 loss 0.0580 lr 1.00e-03 2165s val 0.0733 | all=0.0547 len2=0.0785 len3=0.0680 len4=0.0529 len5=0.0410 len6=0.0522 depth3=0.0556 nodepth3_len6=0.0472
step 10600 loss 0.0534 lr 1.00e-03 2209s val 0.0733 | all=0.0515 len2=0.0786 len3=0.0682 len4=0.0526 len5=0.0405 len6=0.0423 depth3=0.0401 nodepth3_len6=0.0456
step 10800 loss 0.0563 lr 1.00e-03 2254s val 0.0734 | all=0.0510 len2=0.0786 len3=0.0681 len4=0.0526 len5=0.0407 len6=0.0402 depth3=0.0359 nodepth3_len6=0.0466
step 11000 loss 0.0574 lr 1.00e-03 2298s val 0.0732 | all=0.0579 len2=0.0787 len3=0.0679 len4=0.0515 len5=0.0405 len6=0.0638 depth3=0.0744 nodepth3_len6=0.0481
step 11200 loss 0.0523 lr 1.00e-03 2343s val 0.0734 | all=0.0522 len2=0.0788 len3=0.0677 len4=0.0511 len5=0.0399 len6=0.0458 depth3=0.0459 nodepth3_len6=0.0458
step 11400 loss 0.0553 lr 1.00e-03 2387s val 0.0731 | all=0.0547 len2=0.0786 len3=0.0674 len4=0.0519 len5=0.0404 len6=0.0535 depth3=0.0573 nodepth3_len6=0.0480
step 11600 loss 0.0525 lr 1.00e-03 2432s val 0.0733 | all=0.0501 len2=0.0784 len3=0.0680 len4=0.0520 len5=0.0398 len6=0.0388 depth3=0.0349 nodepth3_len6=0.0446
step 11800 loss 0.0582 lr 1.00e-03 2477s val 0.0735 | all=0.0506 len2=0.0789 len3=0.0680 len4=0.0526 len5=0.0406 len6=0.0392 depth3=0.0345 nodepth3_len6=0.0462
step 12000 loss 0.0574 lr 1.00e-03 2521s val 0.0733 | all=0.0526 len2=0.0781 len3=0.0682 len4=0.0519 len5=0.0398 len6=0.0469 depth3=0.0471 nodepth3_len6=0.0466
step 12200 loss 0.0593 lr 1.00e-03 2566s val 0.0730 | all=0.0496 len2=0.0782 len3=0.0677 len4=0.0519 len5=0.0399 len6=0.0375 depth3=0.0325 nodepth3_len6=0.0448
step 12400 loss 0.0554 lr 1.00e-03 2610s val 0.0732 | all=0.0523 len2=0.0792 len3=0.0675 len4=0.0517 len5=0.0401 len6=0.0457 depth3=0.0465 nodepth3_len6=0.0445
step 12600 loss 0.0525 lr 1.00e-03 2655s val 0.0728 | all=0.0516 len2=0.0781 len3=0.0675 len4=0.0514 len5=0.0397 len6=0.0443 depth3=0.0436 nodepth3_len6=0.0453
step 12800 loss 0.0584 lr 1.00e-03 2699s val 0.0731 | all=0.0495 len2=0.0785 len3=0.0676 len4=0.0518 len5=0.0401 len6=0.0368 depth3=0.0315 nodepth3_len6=0.0448
step 13000 loss 0.0526 lr 1.00e-03 2744s val 0.0736 | all=0.0529 len2=0.0792 len3=0.0679 len4=0.0519 len5=0.0399 len6=0.0477 depth3=0.0495 nodepth3_len6=0.0449
step 13200 loss 0.0524 lr 1.00e-03 2789s val 0.0732 | all=0.0498 len2=0.0784 len3=0.0686 len4=0.0513 len5=0.0401 len6=0.0378 depth3=0.0322 nodepth3_len6=0.0462
step 13400 loss 0.0542 lr 1.00e-03 2834s val 0.0731 | all=0.0524 len2=0.0785 len3=0.0676 len4=0.0512 len5=0.0394 len6=0.0471 depth3=0.0481 nodepth3_len6=0.0457
step 13600 loss 0.0512 lr 1.00e-03 2878s val 0.0731 | all=0.0502 len2=0.0787 len3=0.0677 len4=0.0514 len5=0.0394 len6=0.0397 depth3=0.0368 nodepth3_len6=0.0442
step 13800 loss 0.0504 lr 1.00e-03 2923s val 0.0728 | all=0.0502 len2=0.0780 len3=0.0676 len4=0.0511 len5=0.0395 len6=0.0401 depth3=0.0361 nodepth3_len6=0.0462
step 14000 loss 0.0586 lr 1.00e-03 2967s val 0.0729 | all=0.0497 len2=0.0784 len3=0.0674 len4=0.0512 len5=0.0395 len6=0.0384 depth3=0.0340 nodepth3_len6=0.0449
step 14200 loss 0.0531 lr 1.00e-03 3012s val 0.0730 | all=0.0647 len2=0.0786 len3=0.0675 len4=0.0515 len5=0.0402 len6=0.0863 depth3=0.1131 nodepth3_len6=0.0462
step 14400 loss 0.0550 lr 1.00e-03 3056s val 0.0729 | all=0.0515 len2=0.0782 len3=0.0676 len4=0.0510 len5=0.0400 len6=0.0438 depth3=0.0424 nodepth3_len6=0.0459
step 14600 loss 0.0533 lr 1.00e-03 3101s val 0.0727 | all=0.0495 len2=0.0781 len3=0.0673 len4=0.0510 len5=0.0397 len6=0.0379 depth3=0.0326 nodepth3_len6=0.0459
step 14800 loss 0.0516 lr 1.00e-03 3145s val 0.0726 | all=0.0504 len2=0.0781 len3=0.0674 len4=0.0510 len5=0.0404 len6=0.0400 depth3=0.0350 nodepth3_len6=0.0476
step 15000 loss 0.0540 lr 1.00e-03 3190s val 0.0737 | all=0.0497 len2=0.0792 len3=0.0680 len4=0.0521 len5=0.0397 len6=0.0370 depth3=0.0326 nodepth3_len6=0.0435
step 15200 loss 0.0537 lr 1.00e-03 3234s val 0.0728 | all=0.0500 len2=0.0780 len3=0.0677 len4=0.0510 len5=0.0396 len6=0.0393 depth3=0.0346 nodepth3_len6=0.0463
step 15400 loss 0.0503 lr 1.00e-03 3279s val 0.0731 | all=0.0512 len2=0.0784 len3=0.0676 len4=0.0511 len5=0.0391 len6=0.0437 depth3=0.0427 nodepth3_len6=0.0452
step 15600 loss 0.0534 lr 1.00e-03 3323s val 0.0731 | all=0.0501 len2=0.0786 len3=0.0679 len4=0.0516 len5=0.0396 len6=0.0391 depth3=0.0346 nodepth3_len6=0.0457
step 15800 loss 0.0556 lr 1.00e-03 3368s val 0.0732 | all=0.0505 len2=0.0784 len3=0.0679 len4=0.0510 len5=0.0396 len6=0.0410 depth3=0.0379 nodepth3_len6=0.0456
step 16000 loss 0.0497 lr 1.00e-03 3412s val 0.0730 | all=0.0519 len2=0.0787 len3=0.0674 len4=0.0511 len5=0.0397 len6=0.0454 depth3=0.0459 nodepth3_len6=0.0446
step 16200 loss 0.0538 lr 1.00e-03 3457s val 0.0733 | all=0.0551 len2=0.0783 len3=0.0683 len4=0.0542 len5=0.0402 len6=0.0534 depth3=0.0564 nodepth3_len6=0.0489
step 16400 loss 0.0524 lr 1.00e-03 3502s val 0.0728 | all=0.0549 len2=0.0782 len3=0.0676 len4=0.0514 len5=0.0398 len6=0.0550 depth3=0.0616 nodepth3_len6=0.0451
step 16600 loss 0.0523 lr 1.00e-03 3546s val 0.0730 | all=0.0501 len2=0.0782 len3=0.0676 len4=0.0517 len5=0.0399 len6=0.0391 depth3=0.0354 nodepth3_len6=0.0447
step 16800 loss 0.0527 lr 1.00e-03 3591s val 0.0732 | all=0.0524 len2=0.0787 len3=0.0677 len4=0.0511 len5=0.0392 len6=0.0471 depth3=0.0495 nodepth3_len6=0.0435
step 17000 loss 0.0544 lr 1.00e-03 3635s val 0.0732 | all=0.0502 len2=0.0783 len3=0.0679 len4=0.0510 len5=0.0395 len6=0.0399 depth3=0.0364 nodepth3_len6=0.0452
step 17200 loss 0.0521 lr 1.00e-03 3680s val 0.0733 | all=0.0494 len2=0.0787 len3=0.0679 len4=0.0508 len5=0.0397 len6=0.0371 depth3=0.0320 nodepth3_len6=0.0448
step 17400 loss 0.0524 lr 1.00e-03 3724s val 0.0730 | all=0.0500 len2=0.0786 len3=0.0675 len4=0.0519 len5=0.0396 len6=0.0388 depth3=0.0350 nodepth3_len6=0.0444
step 17600 loss 0.0579 lr 1.00e-03 3769s val 0.0727 | all=0.0509 len2=0.0779 len3=0.0674 len4=0.0511 len5=0.0395 len6=0.0426 depth3=0.0401 nodepth3_len6=0.0463
step 17800 loss 0.0567 lr 1.00e-03 3814s val 0.0728 | all=0.0529 len2=0.0785 len3=0.0673 len4=0.0507 len5=0.0389 len6=0.0496 depth3=0.0529 nodepth3_len6=0.0447
step 18000 loss 0.0501 lr 1.00e-03 3858s val 0.0730 | all=0.0499 len2=0.0785 len3=0.0675 len4=0.0516 len5=0.0393 len6=0.0387 depth3=0.0341 nodepth3_len6=0.0456
step 18200 loss 0.0514 lr 1.00e-03 3903s val 0.0727 | all=0.0491 len2=0.0780 len3=0.0674 len4=0.0512 len5=0.0391 len6=0.0370 depth3=0.0316 nodepth3_len6=0.0452
step 18400 loss 0.0553 lr 1.00e-03 3948s val 0.0726 | all=0.0497 len2=0.0781 len3=0.0671 len4=0.0514 len5=0.0390 len6=0.0391 depth3=0.0362 nodepth3_len6=0.0436
step 18600 loss 0.0493 lr 1.00e-03 3993s val 0.0729 | all=0.0492 len2=0.0780 len3=0.0677 len4=0.0510 len5=0.0393 len6=0.0373 depth3=0.0316 nodepth3_len6=0.0458
step 18800 loss 0.0518 lr 1.00e-03 4037s val 0.0730 | all=0.0492 len2=0.0790 len3=0.0670 len4=0.0509 len5=0.0395 len6=0.0368 depth3=0.0313 nodepth3_len6=0.0450
step 19000 loss 0.0528 lr 1.00e-03 4082s val 0.0733 | all=0.0508 len2=0.0797 len3=0.0671 len4=0.0514 len5=0.0389 len6=0.0418 depth3=0.0397 nodepth3_len6=0.0450
step 19200 loss 0.0523 lr 1.00e-03 4126s val 0.0729 | all=0.0496 len2=0.0787 len3=0.0673 len4=0.0511 len5=0.0393 len6=0.0381 depth3=0.0340 nodepth3_len6=0.0443
step 19400 loss 0.0530 lr 9.63e-04 4170s val 0.0728 | all=0.0506 len2=0.0784 len3=0.0674 len4=0.0515 len5=0.0393 len6=0.0414 depth3=0.0398 nodepth3_len6=0.0437
step 19600 loss 0.0552 lr 9.25e-04 4215s val 0.0727 | all=0.0490 len2=0.0781 len3=0.0674 len4=0.0508 len5=0.0394 len6=0.0364 depth3=0.0309 nodepth3_len6=0.0446
step 19800 loss 0.0534 lr 8.88e-04 4260s val 0.0727 | all=0.0486 len2=0.0780 len3=0.0672 len4=0.0504 len5=0.0385 len6=0.0362 depth3=0.0308 nodepth3_len6=0.0443
step 20000 loss 0.0503 lr 8.50e-04 4305s val 0.0728 | all=0.0494 len2=0.0782 len3=0.0673 len4=0.0507 len5=0.0396 len6=0.0377 depth3=0.0332 nodepth3_len6=0.0444
step 20200 loss 0.0528 lr 8.13e-04 4349s val 0.0726 | all=0.0495 len2=0.0781 len3=0.0672 len4=0.0505 len5=0.0383 len6=0.0393 depth3=0.0365 nodepth3_len6=0.0436
step 20400 loss 0.0510 lr 7.75e-04 4394s val 0.0727 | all=0.0505 len2=0.0782 len3=0.0673 len4=0.0503 len5=0.0384 len6=0.0426 depth3=0.0421 nodepth3_len6=0.0433
step 20600 loss 0.0520 lr 7.38e-04 4439s val 0.0728 | all=0.0537 len2=0.0783 len3=0.0673 len4=0.0502 len5=0.0392 len6=0.0523 depth3=0.0578 nodepth3_len6=0.0441
step 20800 loss 0.0538 lr 7.00e-04 4483s val 0.0725 | all=0.0497 len2=0.0778 len3=0.0672 len4=0.0502 len5=0.0385 len6=0.0400 depth3=0.0369 nodepth3_len6=0.0446
step 21000 loss 0.0491 lr 6.63e-04 4528s val 0.0724 | all=0.0486 len2=0.0781 len3=0.0669 len4=0.0502 len5=0.0383 len6=0.0367 depth3=0.0316 nodepth3_len6=0.0443
step 21200 loss 0.0546 lr 6.25e-04 4573s val 0.0726 | all=0.0484 len2=0.0779 len3=0.0668 len4=0.0499 len5=0.0381 len6=0.0366 depth3=0.0316 nodepth3_len6=0.0441
step 21400 loss 0.0510 lr 5.88e-04 4617s val 0.0724 | all=0.0481 len2=0.0779 len3=0.0670 len4=0.0504 len5=0.0381 len6=0.0351 depth3=0.0302 nodepth3_len6=0.0425
step 21600 loss 0.0490 lr 5.50e-04 4662s val 0.0728 | all=0.0496 len2=0.0782 len3=0.0673 len4=0.0503 len5=0.0381 len6=0.0398 depth3=0.0378 nodepth3_len6=0.0427
step 21800 loss 0.0547 lr 5.13e-04 4706s val 0.0726 | all=0.0481 len2=0.0781 len3=0.0671 len4=0.0499 len5=0.0382 len6=0.0352 depth3=0.0302 nodepth3_len6=0.0426
step 22000 loss 0.0537 lr 4.75e-04 4751s val 0.0724 | all=0.0490 len2=0.0779 len3=0.0669 len4=0.0501 len5=0.0382 len6=0.0384 depth3=0.0358 nodepth3_len6=0.0423
step 22200 loss 0.0509 lr 4.38e-04 4796s val 0.0725 | all=0.0489 len2=0.0784 len3=0.0667 len4=0.0503 len5=0.0381 len6=0.0377 depth3=0.0341 nodepth3_len6=0.0430
step 22400 loss 0.0504 lr 4.00e-04 4840s val 0.0726 | all=0.0478 len2=0.0780 len3=0.0670 len4=0.0499 len5=0.0380 len6=0.0347 depth3=0.0290 nodepth3_len6=0.0431
step 22600 loss 0.0537 lr 3.62e-04 4884s val 0.0722 | all=0.0477 len2=0.0778 len3=0.0667 len4=0.0498 len5=0.0375 len6=0.0350 depth3=0.0294 nodepth3_len6=0.0433
step 22800 loss 0.0503 lr 3.25e-04 4929s val 0.0723 | all=0.0485 len2=0.0779 len3=0.0667 len4=0.0498 len5=0.0376 len6=0.0373 depth3=0.0335 nodepth3_len6=0.0430
step 23000 loss 0.0493 lr 2.88e-04 4973s val 0.0722 | all=0.0475 len2=0.0778 len3=0.0668 len4=0.0496 len5=0.0375 len6=0.0343 depth3=0.0291 nodepth3_len6=0.0420
step 23200 loss 0.0500 lr 2.50e-04 5017s val 0.0723 | all=0.0475 len2=0.0780 len3=0.0667 len4=0.0497 len5=0.0376 len6=0.0343 depth3=0.0287 nodepth3_len6=0.0426
step 23400 loss 0.0531 lr 2.13e-04 5062s val 0.0723 | all=0.0476 len2=0.0779 len3=0.0667 len4=0.0495 len5=0.0375 len6=0.0347 depth3=0.0299 nodepth3_len6=0.0417
step 23600 loss 0.0532 lr 1.75e-04 5107s val 0.0723 | all=0.0474 len2=0.0779 len3=0.0668 len4=0.0495 len5=0.0375 len6=0.0340 depth3=0.0291 nodepth3_len6=0.0412
step 23800 loss 0.0536 lr 1.38e-04 5151s val 0.0722 | all=0.0470 len2=0.0777 len3=0.0666 len4=0.0495 len5=0.0373 len6=0.0331 depth3=0.0277 nodepth3_len6=0.0413
step 24000 loss 0.0515 lr 1.00e-04 5196s val 0.0721 | all=0.0470 len2=0.0777 len3=0.0665 len4=0.0494 len5=0.0373 len6=0.0330 depth3=0.0277 nodepth3_len6=0.0410
saved ckpts/sd/w_s1.pt (5199s total, 236s in the per-bin validation = 4.7% overhead on 24000 steps)
END 2026-09-27T19:53:28Z
