START 2026-09-27T18:26:20Z python3 train.py --heldout data/p2/heldout.jsonl --mode lean_seq --bs 128 --cap 6 --val_bins --data data/p2/train_depth3_f0_a1.jsonl --seed 2 --steps 24000 --sched wsd --metrics artifacts/sd/m_w_s2.jsonl --out ckpts/sd/w_s2.pt --decay_frac 0.2 --ckpt_every 1000 --state_at 4800,9600
params 3214336 mode lean_seq shift True
val slices {'all': 5000, 'len2': 1000, 'len3': 1000, 'len4': 1000, 'len5': 1000, 'len6': 1000, 'depth3': 500, 'nodepth3_len6': 500}
train records 155000 max len 464
step 200 loss 0.9733 lr 1.00e-03 32s val 0.9260 | all=0.9299 len2=0.8901 len3=0.9602 len4=0.9462 len5=0.9455 len6=0.9089 depth3=0.8597 nodepth3_len6=0.9825
step 400 loss 0.2665 lr 1.00e-03 65s val 0.1928 | all=0.2378 len2=0.1963 len3=0.1912 len4=0.2554 len5=0.2389 len6=0.2628 depth3=0.2330 nodepth3_len6=0.3073
step 600 loss 0.1284 lr 1.00e-03 99s val 0.1120 | all=0.1269 len2=0.1176 len3=0.1086 len4=0.1381 len5=0.1174 len6=0.1395 depth3=0.1275 nodepth3_len6=0.1573
step 800 loss 0.1109 lr 1.00e-03 132s val 0.0934 | all=0.0904 len2=0.0964 len3=0.0911 len4=0.0950 len5=0.0832 len6=0.0908 depth3=0.0755 nodepth3_len6=0.1135
step 1000 loss 0.0921 lr 1.00e-03 165s val 0.0877 | all=0.0829 len2=0.0914 len3=0.0848 len4=0.0862 len5=0.0742 len6=0.0839 depth3=0.0706 nodepth3_len6=0.1037
step 1200 loss 0.0852 lr 1.00e-03 199s val 0.0846 | all=0.0769 len2=0.0892 len3=0.0801 len4=0.0807 len5=0.0665 len6=0.0770 depth3=0.0666 nodepth3_len6=0.0925
step 1400 loss 0.0867 lr 1.00e-03 232s val 0.0815 | all=0.0702 len2=0.0830 len3=0.0801 len4=0.0740 len5=0.0627 len6=0.0647 depth3=0.0531 nodepth3_len6=0.0820
step 1600 loss 0.0871 lr 1.00e-03 265s val 0.0809 | all=0.0704 len2=0.0841 len3=0.0784 len4=0.0740 len5=0.0605 len6=0.0677 depth3=0.0598 nodepth3_len6=0.0795
step 1800 loss 0.0745 lr 1.00e-03 299s val 0.0801 | all=0.0687 len2=0.0838 len3=0.0764 len4=0.0722 len5=0.0568 len6=0.0672 depth3=0.0613 nodepth3_len6=0.0761
step 2000 loss 0.0701 lr 1.00e-03 332s val 0.0816 | all=0.0702 len2=0.0862 len3=0.0767 len4=0.0696 len5=0.0593 len6=0.0704 depth3=0.0687 nodepth3_len6=0.0731
step 2200 loss 0.0710 lr 1.00e-03 366s val 0.0785 | all=0.0691 len2=0.0826 len3=0.0740 len4=0.0671 len5=0.0534 len6=0.0758 depth3=0.0817 nodepth3_len6=0.0671
step 2400 loss 0.0793 lr 1.00e-03 399s val 0.0788 | all=0.0634 len2=0.0831 len3=0.0741 len4=0.0667 len5=0.0532 len6=0.0575 depth3=0.0514 nodepth3_len6=0.0665
step 2600 loss 0.0767 lr 1.00e-03 433s val 0.0780 | all=0.0672 len2=0.0818 len3=0.0742 len4=0.0633 len5=0.0516 len6=0.0735 depth3=0.0791 nodepth3_len6=0.0650
step 2800 loss 0.0641 lr 1.00e-03 476s val 0.0768 | all=0.0635 len2=0.0808 len3=0.0728 len4=0.0619 len5=0.0494 len6=0.0654 depth3=0.0684 nodepth3_len6=0.0610
step 3000 loss 0.0658 lr 1.00e-03 520s val 0.0769 | all=0.0596 len2=0.0805 len3=0.0723 len4=0.0597 len5=0.0484 len6=0.0553 depth3=0.0514 nodepth3_len6=0.0610
step 3200 loss 0.0610 lr 1.00e-03 565s val 0.0766 | all=0.0604 len2=0.0812 len3=0.0716 len4=0.0596 len5=0.0481 len6=0.0579 depth3=0.0557 nodepth3_len6=0.0613
step 3400 loss 0.0638 lr 1.00e-03 609s val 0.0757 | all=0.0595 len2=0.0807 len3=0.0706 len4=0.0580 len5=0.0467 len6=0.0579 depth3=0.0587 nodepth3_len6=0.0568
step 3600 loss 0.0626 lr 1.00e-03 654s val 0.0752 | all=0.0583 len2=0.0795 len3=0.0712 len4=0.0571 len5=0.0466 len6=0.0548 depth3=0.0535 nodepth3_len6=0.0567
step 3800 loss 0.0559 lr 1.00e-03 698s val 0.0755 | all=0.0616 len2=0.0802 len3=0.0704 len4=0.0559 len5=0.0455 len6=0.0673 depth3=0.0768 nodepth3_len6=0.0532
step 4000 loss 0.0616 lr 1.00e-03 743s val 0.0750 | all=0.0541 len2=0.0800 len3=0.0702 len4=0.0565 len5=0.0450 len6=0.0432 depth3=0.0358 nodepth3_len6=0.0542
step 4200 loss 0.0588 lr 1.00e-03 787s val 0.0781 | all=0.0586 len2=0.0832 len3=0.0727 len4=0.0582 len5=0.0445 len6=0.0546 depth3=0.0557 nodepth3_len6=0.0530
step 4400 loss 0.0603 lr 1.00e-03 832s val 0.0756 | all=0.0569 len2=0.0799 len3=0.0712 len4=0.0562 len5=0.0448 len6=0.0523 depth3=0.0527 nodepth3_len6=0.0517
step 4600 loss 0.0574 lr 1.00e-03 876s val 0.0754 | all=0.0599 len2=0.0806 len3=0.0705 len4=0.0559 len5=0.0449 len6=0.0622 depth3=0.0615 nodepth3_len6=0.0633
step 4800 loss 0.0586 lr 1.00e-03 921s val 0.0750 | all=0.0545 len2=0.0791 len3=0.0708 len4=0.0555 len5=0.0432 len6=0.0467 depth3=0.0436 nodepth3_len6=0.0514
saved state ckpts/sd/w_s2.state04800.pt
step 5000 loss 0.0617 lr 1.00e-03 965s val 0.0741 | all=0.0535 len2=0.0789 len3=0.0698 len4=0.0545 len5=0.0428 len6=0.0447 depth3=0.0413 nodepth3_len6=0.0498
step 5200 loss 0.0620 lr 1.00e-03 1010s val 0.0758 | all=0.0561 len2=0.0803 len3=0.0710 len4=0.0562 len5=0.0430 len6=0.0509 depth3=0.0520 nodepth3_len6=0.0493
step 5400 loss 0.0567 lr 1.00e-03 1054s val 0.0751 | all=0.0591 len2=0.0809 len3=0.0695 len4=0.0548 len5=0.0429 len6=0.0622 depth3=0.0698 nodepth3_len6=0.0508
step 5600 loss 0.0591 lr 1.00e-03 1100s val 0.0741 | all=0.0565 len2=0.0791 len3=0.0694 len4=0.0541 len5=0.0433 len6=0.0545 depth3=0.0551 nodepth3_len6=0.0535
step 5800 loss 0.0615 lr 1.00e-03 1144s val 0.0741 | all=0.0535 len2=0.0791 len3=0.0695 len4=0.0554 len5=0.0429 len6=0.0442 depth3=0.0407 nodepth3_len6=0.0495
step 6000 loss 0.0592 lr 1.00e-03 1188s val 0.0742 | all=0.0613 len2=0.0786 len3=0.0698 len4=0.0543 len5=0.0431 len6=0.0699 depth3=0.0836 nodepth3_len6=0.0495
step 6200 loss 0.0541 lr 1.00e-03 1232s val 0.0744 | all=0.0597 len2=0.0788 len3=0.0696 len4=0.0532 len5=0.0422 len6=0.0662 depth3=0.0770 nodepth3_len6=0.0501
step 6400 loss 0.0595 lr 1.00e-03 1277s val 0.0744 | all=0.0628 len2=0.0796 len3=0.0691 len4=0.0538 len5=0.0416 len6=0.0766 depth3=0.0957 nodepth3_len6=0.0480
step 6600 loss 0.0600 lr 1.00e-03 1322s val 0.0745 | all=0.0588 len2=0.0795 len3=0.0693 len4=0.0541 len5=0.0423 len6=0.0628 depth3=0.0710 nodepth3_len6=0.0506
step 6800 loss 0.0553 lr 1.00e-03 1366s val 0.0750 | all=0.0580 len2=0.0806 len3=0.0691 len4=0.0548 len5=0.0419 len6=0.0595 depth3=0.0668 nodepth3_len6=0.0487
step 7000 loss 0.0567 lr 1.00e-03 1411s val 0.0744 | all=0.0561 len2=0.0795 len3=0.0693 len4=0.0539 len5=0.0425 len6=0.0538 depth3=0.0583 nodepth3_len6=0.0471
step 7200 loss 0.0578 lr 1.00e-03 1456s val 0.0742 | all=0.0625 len2=0.0801 len3=0.0686 len4=0.0534 len5=0.0415 len6=0.0760 depth3=0.0955 nodepth3_len6=0.0470
step 7400 loss 0.0575 lr 1.00e-03 1501s val 0.0737 | all=0.0564 len2=0.0786 len3=0.0689 len4=0.0533 len5=0.0418 len6=0.0563 depth3=0.0604 nodepth3_len6=0.0500
step 7600 loss 0.0556 lr 1.00e-03 1545s val 0.0736 | all=0.0742 len2=0.0793 len3=0.0683 len4=0.0530 len5=0.0413 len6=0.1149 depth3=0.1595 nodepth3_len6=0.0482
step 7800 loss 0.0565 lr 1.00e-03 1590s val 0.0740 | all=0.0668 len2=0.0790 len3=0.0688 len4=0.0536 len5=0.0412 len6=0.0904 depth3=0.1186 nodepth3_len6=0.0482
step 8000 loss 0.0532 lr 1.00e-03 1634s val 0.0740 | all=0.0594 len2=0.0792 len3=0.0686 len4=0.0538 len5=0.0409 len6=0.0665 depth3=0.0791 nodepth3_len6=0.0476
step 8200 loss 0.0558 lr 1.00e-03 1678s val 0.0739 | all=0.0607 len2=0.0792 len3=0.0686 len4=0.0532 len5=0.0415 len6=0.0706 depth3=0.0846 nodepth3_len6=0.0495
step 8400 loss 0.0600 lr 1.00e-03 1723s val 0.0740 | all=0.0544 len2=0.0798 len3=0.0683 len4=0.0540 len5=0.0410 len6=0.0497 depth3=0.0514 nodepth3_len6=0.0472
step 8600 loss 0.0570 lr 1.00e-03 1768s val 0.0736 | all=0.0565 len2=0.0790 len3=0.0681 len4=0.0523 len5=0.0409 len6=0.0583 depth3=0.0654 nodepth3_len6=0.0476
step 8800 loss 0.0575 lr 1.00e-03 1812s val 0.0736 | all=0.0633 len2=0.0788 len3=0.0681 len4=0.0533 len5=0.0411 len6=0.0796 depth3=0.1014 nodepth3_len6=0.0470
step 9000 loss 0.0570 lr 1.00e-03 1857s val 0.0736 | all=0.0563 len2=0.0787 len3=0.0683 len4=0.0524 len5=0.0408 len6=0.0575 depth3=0.0641 nodepth3_len6=0.0478
step 9200 loss 0.0600 lr 1.00e-03 1902s val 0.0737 | all=0.0588 len2=0.0790 len3=0.0683 len4=0.0522 len5=0.0406 len6=0.0659 depth3=0.0788 nodepth3_len6=0.0466
step 9400 loss 0.0557 lr 1.00e-03 1946s val 0.0734 | all=0.0511 len2=0.0786 len3=0.0683 len4=0.0520 len5=0.0406 len6=0.0412 depth3=0.0380 nodepth3_len6=0.0459
step 9600 loss 0.0590 lr 1.00e-03 1991s val 0.0735 | all=0.0593 len2=0.0787 len3=0.0683 len4=0.0521 len5=0.0408 len6=0.0673 depth3=0.0812 nodepth3_len6=0.0465
saved state ckpts/sd/w_s2.state09600.pt
step 9800 loss 0.0566 lr 1.00e-03 2035s val 0.0732 | all=0.0502 len2=0.0783 len3=0.0682 len4=0.0520 len5=0.0410 len6=0.0379 depth3=0.0320 nodepth3_len6=0.0468
step 10000 loss 0.0510 lr 1.00e-03 2080s val 0.0733 | all=0.0562 len2=0.0788 len3=0.0680 len4=0.0516 len5=0.0412 len6=0.0574 depth3=0.0642 nodepth3_len6=0.0472
step 10200 loss 0.0548 lr 1.00e-03 2124s val 0.0731 | all=0.0569 len2=0.0781 len3=0.0681 len4=0.0520 len5=0.0407 len6=0.0601 depth3=0.0680 nodepth3_len6=0.0484
step 10400 loss 0.0531 lr 1.00e-03 2169s val 0.0734 | all=0.0547 len2=0.0790 len3=0.0679 len4=0.0523 len5=0.0402 len6=0.0528 depth3=0.0580 nodepth3_len6=0.0450
step 10600 loss 0.0561 lr 1.00e-03 2213s val 0.0734 | all=0.0506 len2=0.0789 len3=0.0679 len4=0.0519 len5=0.0400 len6=0.0402 depth3=0.0362 nodepth3_len6=0.0461
step 10800 loss 0.0523 lr 1.00e-03 2258s val 0.0745 | all=0.0582 len2=0.0805 len3=0.0683 len4=0.0526 len5=0.0403 len6=0.0632 depth3=0.0755 nodepth3_len6=0.0448
step 11000 loss 0.0543 lr 1.00e-03 2303s val 0.0733 | all=0.0614 len2=0.0785 len3=0.0683 len4=0.0519 len5=0.0408 len6=0.0746 depth3=0.0933 nodepth3_len6=0.0468
step 11200 loss 0.0576 lr 1.00e-03 2347s val 0.0736 | all=0.0522 len2=0.0783 len3=0.0684 len4=0.0524 len5=0.0405 len6=0.0445 depth3=0.0422 nodepth3_len6=0.0479
step 11400 loss 0.0522 lr 1.00e-03 2392s val 0.0732 | all=0.0610 len2=0.0786 len3=0.0679 len4=0.0520 len5=0.0404 len6=0.0737 depth3=0.0915 nodepth3_len6=0.0469
step 11600 loss 0.0537 lr 1.00e-03 2436s val 0.0734 | all=0.0502 len2=0.0785 len3=0.0684 len4=0.0517 len5=0.0395 len6=0.0391 depth3=0.0341 nodepth3_len6=0.0464
step 11800 loss 0.0511 lr 1.00e-03 2481s val 0.0737 | all=0.0552 len2=0.0788 len3=0.0687 len4=0.0521 len5=0.0400 len6=0.0547 depth3=0.0596 nodepth3_len6=0.0474
step 12000 loss 0.0539 lr 1.00e-03 2525s val 0.0731 | all=0.0522 len2=0.0784 len3=0.0680 len4=0.0513 len5=0.0398 len6=0.0461 depth3=0.0454 nodepth3_len6=0.0471
step 12200 loss 0.0547 lr 1.00e-03 2570s val 0.0735 | all=0.0658 len2=0.0785 len3=0.0684 len4=0.0521 len5=0.0406 len6=0.0890 depth3=0.1177 nodepth3_len6=0.0460
step 12400 loss 0.0504 lr 1.00e-03 2614s val 0.0733 | all=0.0604 len2=0.0784 len3=0.0680 len4=0.0522 len5=0.0406 len6=0.0715 depth3=0.0891 nodepth3_len6=0.0453
step 12600 loss 0.0528 lr 1.00e-03 2659s val 0.0733 | all=0.0576 len2=0.0783 len3=0.0681 len4=0.0522 len5=0.0393 len6=0.0633 depth3=0.0739 nodepth3_len6=0.0475
step 12800 loss 0.0528 lr 1.00e-03 2703s val 0.0731 | all=0.0520 len2=0.0786 len3=0.0677 len4=0.0509 len5=0.0394 len6=0.0461 depth3=0.0442 nodepth3_len6=0.0488
step 13000 loss 0.0571 lr 1.00e-03 2748s val 0.0730 | all=0.0660 len2=0.0784 len3=0.0678 len4=0.0521 len5=0.0409 len6=0.0896 depth3=0.1185 nodepth3_len6=0.0465
step 13200 loss 0.0541 lr 1.00e-03 2793s val 0.0731 | all=0.0558 len2=0.0783 len3=0.0681 len4=0.0510 len5=0.0398 len6=0.0579 depth3=0.0653 nodepth3_len6=0.0468
step 13400 loss 0.0555 lr 1.00e-03 2837s val 0.0736 | all=0.0672 len2=0.0788 len3=0.0682 len4=0.0519 len5=0.0407 len6=0.0936 depth3=0.1244 nodepth3_len6=0.0476
step 13600 loss 0.0507 lr 1.00e-03 2882s val 0.0734 | all=0.0595 len2=0.0792 len3=0.0674 len4=0.0513 len5=0.0395 len6=0.0698 depth3=0.0856 nodepth3_len6=0.0462
step 13800 loss 0.0562 lr 1.00e-03 2927s val 0.0734 | all=0.0593 len2=0.0788 len3=0.0681 len4=0.0513 len5=0.0395 len6=0.0691 depth3=0.0849 nodepth3_len6=0.0454
step 14000 loss 0.0530 lr 1.00e-03 2971s val 0.0731 | all=0.0531 len2=0.0789 len3=0.0674 len4=0.0508 len5=0.0396 len6=0.0495 depth3=0.0528 nodepth3_len6=0.0446
step 14200 loss 0.0496 lr 1.00e-03 3016s val 0.0730 | all=0.0522 len2=0.0783 len3=0.0675 len4=0.0507 len5=0.0392 len6=0.0470 depth3=0.0487 nodepth3_len6=0.0445
step 14400 loss 0.0544 lr 1.00e-03 3060s val 0.0734 | all=0.0583 len2=0.0787 len3=0.0681 len4=0.0518 len5=0.0399 len6=0.0654 depth3=0.0788 nodepth3_len6=0.0453
step 14600 loss 0.0556 lr 1.00e-03 3105s val 0.0742 | all=0.0593 len2=0.0792 len3=0.0692 len4=0.0523 len5=0.0396 len6=0.0678 depth3=0.0829 nodepth3_len6=0.0453
step 14800 loss 0.0502 lr 1.00e-03 3149s val 0.0730 | all=0.0620 len2=0.0784 len3=0.0676 len4=0.0516 len5=0.0393 len6=0.0782 depth3=0.0999 nodepth3_len6=0.0456
step 15000 loss 0.0531 lr 1.00e-03 3194s val 0.0730 | all=0.0502 len2=0.0783 len3=0.0678 len4=0.0513 len5=0.0397 len6=0.0397 depth3=0.0360 nodepth3_len6=0.0452
step 15200 loss 0.0534 lr 1.00e-03 3238s val 0.0740 | all=0.0549 len2=0.0791 len3=0.0690 len4=0.0524 len5=0.0399 len6=0.0531 depth3=0.0589 nodepth3_len6=0.0444
step 15400 loss 0.0533 lr 1.00e-03 3282s val 0.0734 | all=0.0523 len2=0.0790 len3=0.0678 len4=0.0516 len5=0.0398 len6=0.0458 depth3=0.0468 nodepth3_len6=0.0445
step 15600 loss 0.0557 lr 1.00e-03 3327s val 0.0733 | all=0.0709 len2=0.0788 len3=0.0678 len4=0.0510 len5=0.0392 len6=0.1074 depth3=0.1493 nodepth3_len6=0.0447
step 15800 loss 0.0566 lr 1.00e-03 3371s val 0.0729 | all=0.0565 len2=0.0783 len3=0.0676 len4=0.0508 len5=0.0397 len6=0.0607 depth3=0.0704 nodepth3_len6=0.0461
step 16000 loss 0.0543 lr 1.00e-03 3416s val 0.0733 | all=0.0579 len2=0.0788 len3=0.0676 len4=0.0520 len5=0.0392 len6=0.0644 depth3=0.0767 nodepth3_len6=0.0460
step 16200 loss 0.0578 lr 1.00e-03 3461s val 0.0732 | all=0.0569 len2=0.0784 len3=0.0683 len4=0.0514 len5=0.0399 len6=0.0611 depth3=0.0714 nodepth3_len6=0.0456
step 16400 loss 0.0513 lr 1.00e-03 3505s val 0.0733 | all=0.0534 len2=0.0788 len3=0.0680 len4=0.0509 len5=0.0392 len6=0.0505 depth3=0.0541 nodepth3_len6=0.0451
step 16600 loss 0.0535 lr 1.00e-03 3550s val 0.0735 | all=0.0615 len2=0.0790 len3=0.0680 len4=0.0514 len5=0.0399 len6=0.0758 depth3=0.0965 nodepth3_len6=0.0449
step 16800 loss 0.0536 lr 1.00e-03 3594s val 0.0731 | all=0.0510 len2=0.0787 len3=0.0679 len4=0.0512 len5=0.0395 len6=0.0422 depth3=0.0394 nodepth3_len6=0.0462
step 17000 loss 0.0532 lr 1.00e-03 3639s val 0.0728 | all=0.0582 len2=0.0785 len3=0.0673 len4=0.0510 len5=0.0390 len6=0.0666 depth3=0.0799 nodepth3_len6=0.0468
step 17200 loss 0.0540 lr 1.00e-03 3683s val 0.0728 | all=0.0534 len2=0.0783 len3=0.0675 len4=0.0511 len5=0.0396 len6=0.0503 depth3=0.0543 nodepth3_len6=0.0444
step 17400 loss 0.0553 lr 1.00e-03 3727s val 0.0737 | all=0.0576 len2=0.0794 len3=0.0683 len4=0.0520 len5=0.0398 len6=0.0627 depth3=0.0746 nodepth3_len6=0.0449
step 17600 loss 0.0540 lr 1.00e-03 3772s val 0.0729 | all=0.0566 len2=0.0785 len3=0.0674 len4=0.0506 len5=0.0394 len6=0.0614 depth3=0.0713 nodepth3_len6=0.0465
step 17800 loss 0.0547 lr 1.00e-03 3817s val 0.0729 | all=0.0581 len2=0.0785 len3=0.0674 len4=0.0512 len5=0.0389 len6=0.0662 depth3=0.0801 nodepth3_len6=0.0454
step 18000 loss 0.0541 lr 1.00e-03 3862s val 0.0732 | all=0.0588 len2=0.0787 len3=0.0676 len4=0.0515 len5=0.0392 len6=0.0677 depth3=0.0835 nodepth3_len6=0.0442
step 18200 loss 0.0488 lr 1.00e-03 3906s val 0.0732 | all=0.0512 len2=0.0789 len3=0.0677 len4=0.0509 len5=0.0394 len6=0.0433 depth3=0.0421 nodepth3_len6=0.0451
step 18400 loss 0.0532 lr 1.00e-03 3951s val 0.0727 | all=0.0620 len2=0.0783 len3=0.0672 len4=0.0512 len5=0.0396 len6=0.0785 depth3=0.1017 nodepth3_len6=0.0437
step 18600 loss 0.0526 lr 1.00e-03 3996s val 0.0730 | all=0.0586 len2=0.0784 len3=0.0675 len4=0.0513 len5=0.0392 len6=0.0674 depth3=0.0827 nodepth3_len6=0.0445
step 18800 loss 0.0538 lr 1.00e-03 4041s val 0.0735 | all=0.0546 len2=0.0793 len3=0.0675 len4=0.0508 len5=0.0394 len6=0.0542 depth3=0.0610 nodepth3_len6=0.0439
step 19000 loss 0.0533 lr 1.00e-03 4085s val 0.0728 | all=0.0585 len2=0.0781 len3=0.0678 len4=0.0507 len5=0.0398 len6=0.0671 depth3=0.0821 nodepth3_len6=0.0447
step 19200 loss 0.0542 lr 1.00e-03 4129s val 0.0733 | all=0.0585 len2=0.0788 len3=0.0679 len4=0.0510 len5=0.0399 len6=0.0665 depth3=0.0812 nodepth3_len6=0.0447
step 19400 loss 0.0528 lr 9.63e-04 4174s val 0.0730 | all=0.0527 len2=0.0785 len3=0.0677 len4=0.0507 len5=0.0392 len6=0.0484 depth3=0.0493 nodepth3_len6=0.0471
step 19600 loss 0.0552 lr 9.25e-04 4218s val 0.0730 | all=0.0630 len2=0.0787 len3=0.0673 len4=0.0510 len5=0.0389 len6=0.0823 depth3=0.1088 nodepth3_len6=0.0428
step 19800 loss 0.0532 lr 8.88e-04 4263s val 0.0728 | all=0.0609 len2=0.0783 len3=0.0673 len4=0.0509 len5=0.0392 len6=0.0752 depth3=0.0958 nodepth3_len6=0.0444
step 20000 loss 0.0563 lr 8.50e-04 4307s val 0.0729 | all=0.0694 len2=0.0783 len3=0.0676 len4=0.0507 len5=0.0390 len6=0.1032 depth3=0.1424 nodepth3_len6=0.0446
step 20200 loss 0.0499 lr 8.13e-04 4352s val 0.0728 | all=0.0603 len2=0.0780 len3=0.0677 len4=0.0507 len5=0.0386 len6=0.0738 depth3=0.0940 nodepth3_len6=0.0436
step 20400 loss 0.0533 lr 7.75e-04 4397s val 0.0728 | all=0.0612 len2=0.0781 len3=0.0678 len4=0.0507 len5=0.0388 len6=0.0766 depth3=0.0993 nodepth3_len6=0.0427
step 20600 loss 0.0492 lr 7.38e-04 4442s val 0.0728 | all=0.0560 len2=0.0784 len3=0.0673 len4=0.0499 len5=0.0386 len6=0.0605 depth3=0.0711 nodepth3_len6=0.0446
step 20800 loss 0.0536 lr 7.00e-04 4486s val 0.0726 | all=0.0532 len2=0.0781 len3=0.0673 len4=0.0507 len5=0.0387 len6=0.0510 depth3=0.0563 nodepth3_len6=0.0431
step 21000 loss 0.0546 lr 6.63e-04 4531s val 0.0730 | all=0.0555 len2=0.0790 len3=0.0670 len4=0.0504 len5=0.0385 len6=0.0587 depth3=0.0690 nodepth3_len6=0.0434
step 21200 loss 0.0547 lr 6.25e-04 4575s val 0.0732 | all=0.0629 len2=0.0789 len3=0.0674 len4=0.0507 len5=0.0384 len6=0.0824 depth3=0.1095 nodepth3_len6=0.0419
step 21400 loss 0.0502 lr 5.88e-04 4620s val 0.0724 | all=0.0506 len2=0.0778 len3=0.0671 len4=0.0503 len5=0.0383 len6=0.0432 depth3=0.0425 nodepth3_len6=0.0442
step 21600 loss 0.0522 lr 5.50e-04 4664s val 0.0730 | all=0.0502 len2=0.0785 len3=0.0677 len4=0.0504 len5=0.0380 len6=0.0415 depth3=0.0408 nodepth3_len6=0.0426
step 21800 loss 0.0505 lr 5.13e-04 4709s val 0.0728 | all=0.0542 len2=0.0784 len3=0.0672 len4=0.0501 len5=0.0379 len6=0.0551 depth3=0.0643 nodepth3_len6=0.0414
step 22000 loss 0.0526 lr 4.75e-04 4754s val 0.0725 | all=0.0515 len2=0.0780 len3=0.0667 len4=0.0499 len5=0.0382 len6=0.0466 depth3=0.0494 nodepth3_len6=0.0423
step 22200 loss 0.0561 lr 4.38e-04 4799s val 0.0726 | all=0.0509 len2=0.0779 len3=0.0672 len4=0.0499 len5=0.0381 len6=0.0445 depth3=0.0458 nodepth3_len6=0.0426
step 22400 loss 0.0483 lr 4.00e-04 4843s val 0.0726 | all=0.0535 len2=0.0779 len3=0.0672 len4=0.0497 len5=0.0379 len6=0.0531 depth3=0.0601 nodepth3_len6=0.0426
step 22600 loss 0.0523 lr 3.62e-04 4888s val 0.0725 | all=0.0504 len2=0.0780 len3=0.0671 len4=0.0497 len5=0.0378 len6=0.0434 depth3=0.0444 nodepth3_len6=0.0420
step 22800 loss 0.0494 lr 3.25e-04 4932s val 0.0726 | all=0.0481 len2=0.0782 len3=0.0668 len4=0.0494 len5=0.0376 len6=0.0362 depth3=0.0316 nodepth3_len6=0.0432
step 23000 loss 0.0520 lr 2.88e-04 4977s val 0.0723 | all=0.0492 len2=0.0777 len3=0.0669 len4=0.0496 len5=0.0377 len6=0.0398 depth3=0.0383 nodepth3_len6=0.0420
step 23200 loss 0.0482 lr 2.50e-04 5021s val 0.0724 | all=0.0489 len2=0.0778 len3=0.0669 len4=0.0499 len5=0.0378 len6=0.0384 depth3=0.0365 nodepth3_len6=0.0411
step 23400 loss 0.0508 lr 2.13e-04 5065s val 0.0723 | all=0.0500 len2=0.0778 len3=0.0669 len4=0.0495 len5=0.0375 len6=0.0426 depth3=0.0431 nodepth3_len6=0.0418
step 23600 loss 0.0533 lr 1.75e-04 5110s val 0.0724 | all=0.0479 len2=0.0780 len3=0.0669 len4=0.0496 len5=0.0375 len6=0.0356 depth3=0.0317 nodepth3_len6=0.0413
step 23800 loss 0.0521 lr 1.38e-04 5155s val 0.0724 | all=0.0475 len2=0.0781 len3=0.0667 len4=0.0494 len5=0.0372 len6=0.0347 depth3=0.0298 nodepth3_len6=0.0420
step 24000 loss 0.0490 lr 1.00e-04 5198s val 0.0724 | all=0.0484 len2=0.0782 len3=0.0666 len4=0.0493 len5=0.0372 len6=0.0377 depth3=0.0348 nodepth3_len6=0.0419
saved ckpts/sd/w_s2.pt (5200s total, 236s in the per-bin validation = 4.8% overhead on 24000 steps)
END 2026-09-27T19:53:32Z
