START 2026-09-27T18:30:12Z python3 train.py --heldout data/p2/heldout.jsonl --mode lean_seq --bs 128 --cap 6 --val_bins --data data/p2/train_depth3_f0_a1.jsonl --seed 6 --steps 24000 --sched wsd --metrics artifacts/sd/m_w_s6.jsonl --out ckpts/sd/w_s6.pt --decay_frac 0.2 --ckpt_every 1000 --state_at 4800,9600
params 3214336 mode lean_seq shift True
val slices {'all': 5000, 'len2': 1000, 'len3': 1000, 'len4': 1000, 'len5': 1000, 'len6': 1000, 'depth3': 500, 'nodepth3_len6': 500}
train records 155000 max len 464
step 200 loss 0.9950 lr 1.00e-03 15s val 0.9663 | all=0.9565 len2=0.9458 len3=0.9878 len4=0.9687 len5=0.9701 len6=0.9279 depth3=0.8649 nodepth3_len6=1.0221
step 400 loss 0.2215 lr 1.00e-03 38s val 0.1784 | all=0.2154 len2=0.1922 len3=0.1663 len4=0.2229 len5=0.2064 len6=0.2488 depth3=0.2379 nodepth3_len6=0.2652
step 600 loss 0.1371 lr 1.00e-03 60s val 0.1172 | all=0.1289 len2=0.1190 len3=0.1155 len4=0.1321 len5=0.1177 len6=0.1458 depth3=0.1369 nodepth3_len6=0.1592
step 800 loss 0.1179 lr 1.00e-03 87s val 0.0969 | all=0.0955 len2=0.0997 len3=0.0940 len4=0.0987 len5=0.0845 len6=0.1018 depth3=0.0927 nodepth3_len6=0.1153
step 1000 loss 0.0972 lr 1.00e-03 120s val 0.0891 | all=0.0821 len2=0.0915 len3=0.0866 len4=0.0879 len5=0.0741 len6=0.0797 depth3=0.0630 nodepth3_len6=0.1047
step 1200 loss 0.0900 lr 1.00e-03 154s val 0.0874 | all=0.0798 len2=0.0893 len3=0.0854 len4=0.0828 len5=0.0677 len6=0.0820 depth3=0.0776 nodepth3_len6=0.0884
step 1400 loss 0.0860 lr 1.00e-03 187s val 0.0815 | all=0.0739 len2=0.0843 len3=0.0786 len4=0.0758 len5=0.0630 len6=0.0757 depth3=0.0703 nodepth3_len6=0.0837
step 1600 loss 0.0768 lr 1.00e-03 220s val 0.0816 | all=0.0692 len2=0.0847 len3=0.0790 len4=0.0719 len5=0.0599 len6=0.0648 depth3=0.0571 nodepth3_len6=0.0763
step 1800 loss 0.0755 lr 1.00e-03 254s val 0.0782 | all=0.0649 len2=0.0821 len3=0.0744 len4=0.0683 len5=0.0558 len6=0.0597 depth3=0.0518 nodepth3_len6=0.0714
step 2000 loss 0.0705 lr 1.00e-03 287s val 0.0800 | all=0.0684 len2=0.0846 len3=0.0754 len4=0.0662 len5=0.0549 len6=0.0715 depth3=0.0735 nodepth3_len6=0.0686
step 2200 loss 0.0653 lr 1.00e-03 321s val 0.0778 | all=0.0731 len2=0.0813 len3=0.0742 len4=0.0649 len5=0.0506 len6=0.0929 depth3=0.1120 nodepth3_len6=0.0644
step 2400 loss 0.0696 lr 1.00e-03 354s val 0.0781 | all=0.0678 len2=0.0811 len3=0.0758 len4=0.0653 len5=0.0536 len6=0.0723 depth3=0.0746 nodepth3_len6=0.0688
step 2600 loss 0.0658 lr 1.00e-03 388s val 0.0769 | all=0.0624 len2=0.0799 len3=0.0735 len4=0.0620 len5=0.0516 len6=0.0599 depth3=0.0582 nodepth3_len6=0.0626
step 2800 loss 0.0699 lr 1.00e-03 421s val 0.0761 | all=0.0702 len2=0.0803 len3=0.0725 len4=0.0606 len5=0.0494 len6=0.0884 depth3=0.1056 nodepth3_len6=0.0626
step 3000 loss 0.0644 lr 1.00e-03 454s val 0.0762 | all=0.0653 len2=0.0801 len3=0.0723 len4=0.0609 len5=0.0494 len6=0.0725 depth3=0.0788 nodepth3_len6=0.0631
step 3200 loss 0.0644 lr 1.00e-03 488s val 0.0757 | all=0.0621 len2=0.0795 len3=0.0719 len4=0.0597 len5=0.0487 len6=0.0637 depth3=0.0654 nodepth3_len6=0.0611
step 3400 loss 0.0631 lr 1.00e-03 521s val 0.0760 | all=0.0597 len2=0.0800 len3=0.0716 len4=0.0582 len5=0.0473 len6=0.0577 depth3=0.0583 nodepth3_len6=0.0568
step 3600 loss 0.0655 lr 1.00e-03 555s val 0.0764 | all=0.0660 len2=0.0803 len3=0.0726 len4=0.0585 len5=0.0465 len6=0.0781 depth3=0.0929 nodepth3_len6=0.0559
step 3800 loss 0.0641 lr 1.00e-03 591s val 0.0756 | all=0.0577 len2=0.0803 len3=0.0706 len4=0.0570 len5=0.0465 len6=0.0528 depth3=0.0507 nodepth3_len6=0.0560
step 4000 loss 0.0625 lr 1.00e-03 627s val 0.0749 | all=0.0596 len2=0.0795 len3=0.0705 len4=0.0580 len5=0.0485 len6=0.0572 depth3=0.0571 nodepth3_len6=0.0573
step 4200 loss 0.0631 lr 1.00e-03 664s val 0.0752 | all=0.0569 len2=0.0799 len3=0.0704 len4=0.0574 len5=0.0451 len6=0.0515 depth3=0.0512 nodepth3_len6=0.0520
step 4400 loss 0.0615 lr 1.00e-03 699s val 0.0755 | all=0.0613 len2=0.0797 len3=0.0709 len4=0.0565 len5=0.0446 len6=0.0668 depth3=0.0763 nodepth3_len6=0.0526
step 4600 loss 0.0553 lr 1.00e-03 732s val 0.0757 | all=0.0628 len2=0.0808 len3=0.0708 len4=0.0575 len5=0.0449 len6=0.0702 depth3=0.0811 nodepth3_len6=0.0540
step 4800 loss 0.0567 lr 1.00e-03 766s val 0.0752 | all=0.0559 len2=0.0801 len3=0.0699 len4=0.0568 len5=0.0443 len6=0.0495 depth3=0.0456 nodepth3_len6=0.0553
saved state ckpts/sd/w_s6.state04800.pt
step 5000 loss 0.0580 lr 1.00e-03 800s val 0.0754 | all=0.0665 len2=0.0798 len3=0.0711 len4=0.0560 len5=0.0447 len6=0.0837 depth3=0.1046 nodepth3_len6=0.0525
step 5200 loss 0.0593 lr 1.00e-03 833s val 0.0748 | all=0.0551 len2=0.0792 len3=0.0704 len4=0.0556 len5=0.0440 len6=0.0479 depth3=0.0445 nodepth3_len6=0.0530
step 5400 loss 0.0558 lr 1.00e-03 866s val 0.0747 | all=0.0556 len2=0.0789 len3=0.0705 len4=0.0548 len5=0.0435 len6=0.0506 depth3=0.0484 nodepth3_len6=0.0540
step 5600 loss 0.0589 lr 1.00e-03 900s val 0.0749 | all=0.0659 len2=0.0800 len3=0.0699 len4=0.0559 len5=0.0450 len6=0.0820 depth3=0.1012 nodepth3_len6=0.0534
step 5800 loss 0.0649 lr 1.00e-03 933s val 0.0741 | all=0.0593 len2=0.0787 len3=0.0695 len4=0.0544 len5=0.0428 len6=0.0640 depth3=0.0728 nodepth3_len6=0.0510
step 6000 loss 0.0595 lr 1.00e-03 967s val 0.0747 | all=0.0578 len2=0.0790 len3=0.0699 len4=0.0543 len5=0.0438 len6=0.0580 depth3=0.0630 nodepth3_len6=0.0504
step 6200 loss 0.0598 lr 1.00e-03 1000s val 0.0741 | all=0.0633 len2=0.0795 len3=0.0688 len4=0.0541 len5=0.0427 len6=0.0774 depth3=0.0956 nodepth3_len6=0.0501
step 6400 loss 0.0589 lr 1.00e-03 1034s val 0.0745 | all=0.0622 len2=0.0790 len3=0.0703 len4=0.0539 len5=0.0424 len6=0.0736 depth3=0.0897 nodepth3_len6=0.0497
step 6600 loss 0.0573 lr 1.00e-03 1067s val 0.0736 | all=0.0549 len2=0.0785 len3=0.0690 len4=0.0531 len5=0.0420 len6=0.0514 depth3=0.0528 nodepth3_len6=0.0493
step 6800 loss 0.0566 lr 1.00e-03 1097s val 0.0740 | all=0.0612 len2=0.0790 len3=0.0692 len4=0.0534 len5=0.0423 len6=0.0713 depth3=0.0844 nodepth3_len6=0.0517
step 7000 loss 0.0594 lr 1.00e-03 1119s val 0.0741 | all=0.0567 len2=0.0794 len3=0.0690 len4=0.0536 len5=0.0412 len6=0.0572 depth3=0.0638 nodepth3_len6=0.0474
step 7200 loss 0.0576 lr 1.00e-03 1152s val 0.0743 | all=0.0565 len2=0.0794 len3=0.0693 len4=0.0550 len5=0.0425 len6=0.0544 depth3=0.0580 nodepth3_len6=0.0490
step 7400 loss 0.0595 lr 1.00e-03 1185s val 0.0741 | all=0.0640 len2=0.0798 len3=0.0685 len4=0.0533 len5=0.0413 len6=0.0810 depth3=0.1024 nodepth3_len6=0.0490
step 7600 loss 0.0564 lr 1.00e-03 1219s val 0.0739 | all=0.0592 len2=0.0786 len3=0.0693 len4=0.0528 len5=0.0413 len6=0.0660 depth3=0.0781 nodepth3_len6=0.0480
step 7800 loss 0.0578 lr 1.00e-03 1252s val 0.0740 | all=0.0582 len2=0.0791 len3=0.0689 len4=0.0540 len5=0.0412 len6=0.0619 depth3=0.0710 nodepth3_len6=0.0483
step 8000 loss 0.0585 lr 1.00e-03 1286s val 0.0738 | all=0.0532 len2=0.0786 len3=0.0692 len4=0.0535 len5=0.0415 len6=0.0460 depth3=0.0452 nodepth3_len6=0.0472
step 8200 loss 0.0605 lr 1.00e-03 1319s val 0.0734 | all=0.0611 len2=0.0784 len3=0.0685 len4=0.0527 len5=0.0416 len6=0.0724 depth3=0.0890 nodepth3_len6=0.0475
step 8400 loss 0.0550 lr 1.00e-03 1353s val 0.0737 | all=0.0604 len2=0.0784 len3=0.0687 len4=0.0526 len5=0.0410 len6=0.0706 depth3=0.0842 nodepth3_len6=0.0502
step 8600 loss 0.0587 lr 1.00e-03 1386s val 0.0739 | all=0.0533 len2=0.0790 len3=0.0687 len4=0.0528 len5=0.0410 len6=0.0471 depth3=0.0469 nodepth3_len6=0.0473
step 8800 loss 0.0584 lr 1.00e-03 1420s val 0.0738 | all=0.0603 len2=0.0785 len3=0.0690 len4=0.0530 len5=0.0415 len6=0.0693 depth3=0.0849 nodepth3_len6=0.0460
step 9000 loss 0.0591 lr 1.00e-03 1453s val 0.0737 | all=0.0613 len2=0.0790 len3=0.0685 len4=0.0530 len5=0.0406 len6=0.0733 depth3=0.0899 nodepth3_len6=0.0486
step 9200 loss 0.0557 lr 1.00e-03 1487s val 0.0740 | all=0.0666 len2=0.0790 len3=0.0686 len4=0.0524 len5=0.0414 len6=0.0904 depth3=0.1197 nodepth3_len6=0.0465
step 9400 loss 0.0571 lr 1.00e-03 1520s val 0.0738 | all=0.0600 len2=0.0795 len3=0.0684 len4=0.0525 len5=0.0402 len6=0.0696 depth3=0.0846 nodepth3_len6=0.0471
step 9600 loss 0.0536 lr 1.00e-03 1553s val 0.0732 | all=0.0613 len2=0.0786 len3=0.0677 len4=0.0515 len5=0.0402 len6=0.0751 depth3=0.0931 nodepth3_len6=0.0481
saved state ckpts/sd/w_s6.state09600.pt
step 9800 loss 0.0539 lr 1.00e-03 1587s val 0.0737 | all=0.0650 len2=0.0784 len3=0.0691 len4=0.0532 len5=0.0412 len6=0.0848 depth3=0.1102 nodepth3_len6=0.0469
step 10000 loss 0.0576 lr 1.00e-03 1621s val 0.0739 | all=0.0526 len2=0.0796 len3=0.0683 len4=0.0529 len5=0.0406 len6=0.0450 depth3=0.0438 nodepth3_len6=0.0467
step 10200 loss 0.0594 lr 1.00e-03 1655s val 0.0734 | all=0.0585 len2=0.0786 len3=0.0683 len4=0.0523 len5=0.0404 len6=0.0651 depth3=0.0776 nodepth3_len6=0.0464
step 10400 loss 0.0551 lr 1.00e-03 1688s val 0.0738 | all=0.0685 len2=0.0784 len3=0.0693 len4=0.0526 len5=0.0401 len6=0.0972 depth3=0.1308 nodepth3_len6=0.0470
step 10600 loss 0.0522 lr 1.00e-03 1721s val 0.0737 | all=0.0578 len2=0.0789 len3=0.0683 len4=0.0521 len5=0.0403 len6=0.0630 depth3=0.0749 nodepth3_len6=0.0451
step 10800 loss 0.0517 lr 1.00e-03 1755s val 0.0731 | all=0.0588 len2=0.0782 len3=0.0680 len4=0.0518 len5=0.0402 len6=0.0670 depth3=0.0800 nodepth3_len6=0.0477
step 11000 loss 0.0533 lr 1.00e-03 1789s val 0.0735 | all=0.0601 len2=0.0787 len3=0.0685 len4=0.0518 len5=0.0408 len6=0.0701 depth3=0.0861 nodepth3_len6=0.0462
step 11200 loss 0.0537 lr 1.00e-03 1822s val 0.0734 | all=0.0581 len2=0.0785 len3=0.0684 len4=0.0518 len5=0.0405 len6=0.0642 depth3=0.0757 nodepth3_len6=0.0471
step 11400 loss 0.0553 lr 1.00e-03 1855s val 0.0735 | all=0.0640 len2=0.0782 len3=0.0682 len4=0.0526 len5=0.0404 len6=0.0831 depth3=0.1064 nodepth3_len6=0.0482
step 11600 loss 0.0525 lr 1.00e-03 1889s val 0.0733 | all=0.0510 len2=0.0780 len3=0.0686 len4=0.0517 len5=0.0401 len6=0.0415 depth3=0.0389 nodepth3_len6=0.0455
step 11800 loss 0.0546 lr 1.00e-03 1922s val 0.0733 | all=0.0603 len2=0.0781 len3=0.0684 len4=0.0517 len5=0.0398 len6=0.0720 depth3=0.0899 nodepth3_len6=0.0453
step 12000 loss 0.0528 lr 1.00e-03 1956s val 0.0731 | all=0.0544 len2=0.0779 len3=0.0680 len4=0.0518 len5=0.0398 len6=0.0529 depth3=0.0584 nodepth3_len6=0.0447
step 12200 loss 0.0554 lr 1.00e-03 1989s val 0.0731 | all=0.0537 len2=0.0784 len3=0.0680 len4=0.0518 len5=0.0406 len6=0.0499 depth3=0.0533 nodepth3_len6=0.0448
step 12400 loss 0.0520 lr 1.00e-03 2023s val 0.0731 | all=0.0504 len2=0.0781 len3=0.0681 len4=0.0516 len5=0.0394 len6=0.0402 depth3=0.0376 nodepth3_len6=0.0440
step 12600 loss 0.0560 lr 1.00e-03 2056s val 0.0734 | all=0.0766 len2=0.0784 len3=0.0684 len4=0.0515 len5=0.0401 len6=0.1248 depth3=0.1771 nodepth3_len6=0.0467
step 12800 loss 0.0533 lr 1.00e-03 2090s val 0.0733 | all=0.0496 len2=0.0783 len3=0.0680 len4=0.0526 len5=0.0398 len6=0.0368 depth3=0.0307 nodepth3_len6=0.0459
step 13000 loss 0.0527 lr 1.00e-03 2123s val 0.0731 | all=0.0614 len2=0.0782 len3=0.0678 len4=0.0518 len5=0.0398 len6=0.0759 depth3=0.0961 nodepth3_len6=0.0458
step 13200 loss 0.0514 lr 1.00e-03 2147s val 0.0733 | all=0.0531 len2=0.0788 len3=0.0677 len4=0.0511 len5=0.0391 len6=0.0495 depth3=0.0518 nodepth3_len6=0.0460
step 13400 loss 0.0531 lr 1.00e-03 2169s val 0.0730 | all=0.0512 len2=0.0785 len3=0.0678 len4=0.0514 len5=0.0391 len6=0.0434 depth3=0.0420 nodepth3_len6=0.0454
step 13600 loss 0.0502 lr 1.00e-03 2191s val 0.0730 | all=0.0516 len2=0.0786 len3=0.0675 len4=0.0509 len5=0.0392 len6=0.0449 depth3=0.0435 nodepth3_len6=0.0471
step 13800 loss 0.0533 lr 1.00e-03 2214s val 0.0733 | all=0.0584 len2=0.0787 len3=0.0679 len4=0.0510 len5=0.0395 len6=0.0666 depth3=0.0805 nodepth3_len6=0.0459
step 14000 loss 0.0525 lr 1.00e-03 2236s val 0.0728 | all=0.0579 len2=0.0782 len3=0.0675 len4=0.0513 len5=0.0393 len6=0.0653 depth3=0.0790 nodepth3_len6=0.0448
step 14200 loss 0.0538 lr 1.00e-03 2261s val 0.0731 | all=0.0564 len2=0.0787 len3=0.0676 len4=0.0514 len5=0.0394 len6=0.0601 depth3=0.0702 nodepth3_len6=0.0449
step 14400 loss 0.0529 lr 1.00e-03 2306s val 0.0730 | all=0.0504 len2=0.0780 len3=0.0682 len4=0.0514 len5=0.0398 len6=0.0400 depth3=0.0366 nodepth3_len6=0.0451
step 14600 loss 0.0507 lr 1.00e-03 2350s val 0.0730 | all=0.0503 len2=0.0780 len3=0.0679 len4=0.0512 len5=0.0400 len6=0.0398 depth3=0.0361 nodepth3_len6=0.0454
step 14800 loss 0.0538 lr 1.00e-03 2395s val 0.0730 | all=0.0505 len2=0.0782 len3=0.0676 len4=0.0510 len5=0.0391 len6=0.0413 depth3=0.0386 nodepth3_len6=0.0454
step 15000 loss 0.0513 lr 1.00e-03 2440s val 0.0730 | all=0.0624 len2=0.0779 len3=0.0678 len4=0.0512 len5=0.0400 len6=0.0792 depth3=0.1018 nodepth3_len6=0.0454
step 15200 loss 0.0514 lr 1.00e-03 2484s val 0.0734 | all=0.0526 len2=0.0788 len3=0.0680 len4=0.0509 len5=0.0393 len6=0.0476 depth3=0.0499 nodepth3_len6=0.0442
step 15400 loss 0.0529 lr 1.00e-03 2529s val 0.0731 | all=0.0508 len2=0.0785 len3=0.0677 len4=0.0512 len5=0.0391 len6=0.0422 depth3=0.0407 nodepth3_len6=0.0445
step 15600 loss 0.0528 lr 1.00e-03 2574s val 0.0731 | all=0.0500 len2=0.0783 len3=0.0678 len4=0.0510 len5=0.0395 len6=0.0392 depth3=0.0348 nodepth3_len6=0.0458
step 15800 loss 0.0509 lr 1.00e-03 2619s val 0.0736 | all=0.0632 len2=0.0787 len3=0.0685 len4=0.0521 len5=0.0400 len6=0.0807 depth3=0.1050 nodepth3_len6=0.0444
step 16000 loss 0.0541 lr 1.00e-03 2663s val 0.0734 | all=0.0675 len2=0.0790 len3=0.0681 len4=0.0512 len5=0.0391 len6=0.0959 depth3=0.1303 nodepth3_len6=0.0445
step 16200 loss 0.0522 lr 1.00e-03 2708s val 0.0732 | all=0.0581 len2=0.0790 len3=0.0676 len4=0.0512 len5=0.0392 len6=0.0658 depth3=0.0797 nodepth3_len6=0.0449
step 16400 loss 0.0523 lr 1.00e-03 2752s val 0.0726 | all=0.0525 len2=0.0776 len3=0.0675 len4=0.0510 len5=0.0392 len6=0.0480 depth3=0.0498 nodepth3_len6=0.0454
step 16600 loss 0.0526 lr 1.00e-03 2797s val 0.0727 | all=0.0589 len2=0.0783 len3=0.0674 len4=0.0506 len5=0.0398 len6=0.0685 depth3=0.0837 nodepth3_len6=0.0457
step 16800 loss 0.0556 lr 1.00e-03 2841s val 0.0727 | all=0.0519 len2=0.0781 len3=0.0676 len4=0.0511 len5=0.0391 len6=0.0460 depth3=0.0469 nodepth3_len6=0.0447
step 17000 loss 0.0545 lr 1.00e-03 2886s val 0.0730 | all=0.0561 len2=0.0781 len3=0.0680 len4=0.0511 len5=0.0392 len6=0.0595 depth3=0.0688 nodepth3_len6=0.0455
step 17200 loss 0.0516 lr 1.00e-03 2931s val 0.0729 | all=0.0728 len2=0.0783 len3=0.0676 len4=0.0514 len5=0.0391 len6=0.1139 depth3=0.1600 nodepth3_len6=0.0450
step 17400 loss 0.0540 lr 1.00e-03 2976s val 0.0737 | all=0.0580 len2=0.0788 len3=0.0683 len4=0.0513 len5=0.0392 len6=0.0651 depth3=0.0767 nodepth3_len6=0.0476
step 17600 loss 0.0576 lr 1.00e-03 3020s val 0.0731 | all=0.0520 len2=0.0783 len3=0.0679 len4=0.0513 len5=0.0394 len6=0.0456 depth3=0.0468 nodepth3_len6=0.0438
step 17800 loss 0.0514 lr 1.00e-03 3065s val 0.0738 | all=0.0518 len2=0.0788 len3=0.0685 len4=0.0513 len5=0.0390 len6=0.0450 depth3=0.0456 nodepth3_len6=0.0440
step 18000 loss 0.0572 lr 1.00e-03 3109s val 0.0729 | all=0.0520 len2=0.0782 len3=0.0680 len4=0.0515 len5=0.0395 len6=0.0453 depth3=0.0451 nodepth3_len6=0.0458
step 18200 loss 0.0497 lr 1.00e-03 3154s val 0.0728 | all=0.0497 len2=0.0781 len3=0.0676 len4=0.0507 len5=0.0393 len6=0.0389 depth3=0.0350 nodepth3_len6=0.0446
step 18400 loss 0.0526 lr 1.00e-03 3198s val 0.0734 | all=0.0545 len2=0.0790 len3=0.0676 len4=0.0506 len5=0.0393 len6=0.0543 depth3=0.0607 nodepth3_len6=0.0448
step 18600 loss 0.0522 lr 1.00e-03 3243s val 0.0728 | all=0.0659 len2=0.0780 len3=0.0678 len4=0.0509 len5=0.0390 len6=0.0917 depth3=0.1236 nodepth3_len6=0.0440
step 18800 loss 0.0535 lr 1.00e-03 3288s val 0.0730 | all=0.0501 len2=0.0783 len3=0.0678 len4=0.0513 len5=0.0396 len6=0.0395 depth3=0.0363 nodepth3_len6=0.0442
step 19000 loss 0.0519 lr 1.00e-03 3332s val 0.0730 | all=0.0607 len2=0.0779 len3=0.0679 len4=0.0510 len5=0.0387 len6=0.0748 depth3=0.0951 nodepth3_len6=0.0445
step 19200 loss 0.0536 lr 1.00e-03 3377s val 0.0732 | all=0.0572 len2=0.0786 len3=0.0679 len4=0.0513 len5=0.0391 len6=0.0629 depth3=0.0757 nodepth3_len6=0.0438
step 19400 loss 0.0570 lr 9.63e-04 3422s val 0.0730 | all=0.0661 len2=0.0780 len3=0.0679 len4=0.0513 len5=0.0396 len6=0.0915 depth3=0.1219 nodepth3_len6=0.0460
step 19600 loss 0.0516 lr 9.25e-04 3466s val 0.0730 | all=0.0589 len2=0.0784 len3=0.0675 len4=0.0511 len5=0.0389 len6=0.0689 depth3=0.0856 nodepth3_len6=0.0439
step 19800 loss 0.0512 lr 8.88e-04 3511s val 0.0727 | all=0.0553 len2=0.0781 len3=0.0673 len4=0.0507 len5=0.0388 len6=0.0578 depth3=0.0663 nodepth3_len6=0.0450
step 20000 loss 0.0517 lr 8.50e-04 3556s val 0.0730 | all=0.0595 len2=0.0786 len3=0.0677 len4=0.0507 len5=0.0386 len6=0.0710 depth3=0.0893 nodepth3_len6=0.0437
step 20200 loss 0.0556 lr 8.13e-04 3599s val 0.0728 | all=0.0526 len2=0.0784 len3=0.0675 len4=0.0501 len5=0.0383 len6=0.0493 depth3=0.0528 nodepth3_len6=0.0442
step 20400 loss 0.0542 lr 7.75e-04 3621s val 0.0729 | all=0.0526 len2=0.0783 len3=0.0674 len4=0.0504 len5=0.0389 len6=0.0488 depth3=0.0519 nodepth3_len6=0.0442
step 20600 loss 0.0543 lr 7.38e-04 3658s val 0.0726 | all=0.0494 len2=0.0781 len3=0.0671 len4=0.0502 len5=0.0381 len6=0.0395 depth3=0.0366 nodepth3_len6=0.0439
step 20800 loss 0.0516 lr 7.00e-04 3703s val 0.0732 | all=0.0531 len2=0.0788 len3=0.0677 len4=0.0506 len5=0.0386 len6=0.0504 depth3=0.0542 nodepth3_len6=0.0448
step 21000 loss 0.0539 lr 6.63e-04 3748s val 0.0728 | all=0.0588 len2=0.0781 len3=0.0675 len4=0.0503 len5=0.0382 len6=0.0698 depth3=0.0868 nodepth3_len6=0.0442
step 21200 loss 0.0499 lr 6.25e-04 3793s val 0.0727 | all=0.0537 len2=0.0780 len3=0.0672 len4=0.0503 len5=0.0382 len6=0.0531 depth3=0.0599 nodepth3_len6=0.0431
step 21400 loss 0.0539 lr 5.88e-04 3837s val 0.0730 | all=0.0526 len2=0.0786 len3=0.0673 len4=0.0498 len5=0.0381 len6=0.0497 depth3=0.0538 nodepth3_len6=0.0435
step 21600 loss 0.0516 lr 5.50e-04 3882s val 0.0725 | all=0.0484 len2=0.0778 len3=0.0673 len4=0.0498 len5=0.0381 len6=0.0364 depth3=0.0313 nodepth3_len6=0.0439
step 21800 loss 0.0493 lr 5.13e-04 3927s val 0.0726 | all=0.0560 len2=0.0780 len3=0.0673 len4=0.0501 len5=0.0381 len6=0.0608 depth3=0.0726 nodepth3_len6=0.0431
step 22000 loss 0.0518 lr 4.75e-04 3971s val 0.0727 | all=0.0569 len2=0.0780 len3=0.0675 len4=0.0499 len5=0.0385 len6=0.0637 depth3=0.0779 nodepth3_len6=0.0425
step 22200 loss 0.0522 lr 4.38e-04 4016s val 0.0726 | all=0.0550 len2=0.0781 len3=0.0673 len4=0.0498 len5=0.0381 len6=0.0577 depth3=0.0677 nodepth3_len6=0.0429
step 22400 loss 0.0515 lr 4.00e-04 4060s val 0.0724 | all=0.0480 len2=0.0779 len3=0.0670 len4=0.0501 len5=0.0380 len6=0.0350 depth3=0.0295 nodepth3_len6=0.0432
step 22600 loss 0.0547 lr 3.62e-04 4105s val 0.0724 | all=0.0504 len2=0.0778 len3=0.0671 len4=0.0498 len5=0.0378 len6=0.0432 depth3=0.0438 nodepth3_len6=0.0424
step 22800 loss 0.0511 lr 3.25e-04 4150s val 0.0725 | all=0.0486 len2=0.0779 len3=0.0671 len4=0.0498 len5=0.0378 len6=0.0373 depth3=0.0333 nodepth3_len6=0.0434
step 23000 loss 0.0489 lr 2.88e-04 4194s val 0.0725 | all=0.0552 len2=0.0780 len3=0.0668 len4=0.0497 len5=0.0377 len6=0.0591 depth3=0.0704 nodepth3_len6=0.0421
step 23200 loss 0.0521 lr 2.50e-04 4239s val 0.0725 | all=0.0481 len2=0.0780 len3=0.0671 len4=0.0495 len5=0.0377 len6=0.0359 depth3=0.0315 nodepth3_len6=0.0424
step 23400 loss 0.0483 lr 2.13e-04 4284s val 0.0724 | all=0.0510 len2=0.0777 len3=0.0670 len4=0.0497 len5=0.0378 len6=0.0453 depth3=0.0478 nodepth3_len6=0.0416
step 23600 loss 0.0482 lr 1.75e-04 4328s val 0.0724 | all=0.0488 len2=0.0779 len3=0.0668 len4=0.0497 len5=0.0373 len6=0.0385 depth3=0.0363 nodepth3_len6=0.0419
step 23800 loss 0.0502 lr 1.38e-04 4373s val 0.0724 | all=0.0475 len2=0.0779 len3=0.0668 len4=0.0495 len5=0.0374 len6=0.0344 depth3=0.0297 nodepth3_len6=0.0413
step 24000 loss 0.0514 lr 1.00e-04 4417s val 0.0725 | all=0.0486 len2=0.0780 len3=0.0669 len4=0.0495 len5=0.0372 len6=0.0379 depth3=0.0356 nodepth3_len6=0.0413
saved ckpts/sd/w_s6.pt (4420s total, 205s in the per-bin validation = 4.9% overhead on 24000 steps)
END 2026-09-27T19:44:22Z
