=== ladder la_C_s4 2026-09-30T04:35:43Z init ckpts/fsup/stage1_SN12_s4.pt
[lean_gate] 143840 samples, parse-fail 17494 (no-eos 0, 0.000 %), distinct 108771: ok 64753, rej 44018 (filter 44018, prefilter=on); lean on 64753 texts in 162 procs, 6546.3s proc, exposed 220.1s, tail 213.9s, 32 workers
[la_C_s4 r1] targets (this round) SOLVED 3713/4495 = 0.826 [0.815,0.837]
  len 7: 1645/1800 = 0.914 [0.900,0.926]
  len 8: 897/1000 = 0.897 [0.877,0.914]
  len 9: 819/1004 = 0.816 [0.791,0.838]
  len 10: 269/456 = 0.590 [0.544,0.634]
  len 11: 51/99 = 0.515 [0.418,0.611]
  len 12: 27/106 = 0.255 [0.181,0.345]
  len 13: 4/16 = 0.250 [0.102,0.495]
  len 14: 1/14 = 0.071 [0.013,0.315]
  written hist {7: 1820, 8: 2447, 9: 2882, 10: 2141, 11: 1739, 12: 1445, 13: 1448, 14: 982, 15: 680, 16: 452, 17: 295, 18: 191, 19: 119, 20: 107, 21: 56, 22: 34, 23: 24, 24: 12, 25: 6, 26: 2, 27: 3, 28: 2, 32: 1}
  pruned hist {4: 1, 5: 164, 6: 740, 7: 2830, 8: 2715, 9: 2605, 10: 1722, 11: 1424, 12: 1298, 13: 1119, 14: 786, 15: 548, 16: 340, 17: 216, 18: 134, 19: 91, 20: 75, 21: 36, 22: 24, 23: 12, 24: 6, 27: 1, 31: 1}
  frontier written 25 pruned 24
  reasons [('lean rejected', 46890), ('lean_seq parse: env: exact goal mismatch', 7126), ('lean_seq parse: env: unbound', 3053), ('lean_seq parse: env: binder mismatch', 2628), ('lean_seq parse: env: box on non-arrow', 1465), ('lean_seq parse: env: formula', 1446)]
[lean_gate] 2285 samples, parse-fail 229 (no-eos 0, 0.000 %), distinct 2056: ok 1021, rej 1035 (filter 1035, prefilter=on); lean on 1021 texts in 3 procs, 7.9s proc, exposed 3.4s, tail 3.1s, 32 workers
[la_C_s4 r1] transfer greedy SOLVED 1021/2285 = 0.447 [0.427,0.467]
  len 7: 122/300 = 0.407 [0.353,0.463]
  len 8: 173/300 = 0.577 [0.520,0.631]
  len 9: 542/1010 = 0.537 [0.506,0.567]
  len 10: 150/451 = 0.333 [0.291,0.377]
  len 11: 26/99 = 0.263 [0.186,0.357]
  len 12: 7/102 = 0.069 [0.034,0.135]
  len 13: 0/13 = 0.000 [0.000,0.228]
  len 14: 1/10 = 0.100 [0.018,0.404]
  written hist {7: 100, 8: 133, 9: 406, 10: 175, 11: 84, 12: 39, 13: 29, 14: 20, 15: 15, 16: 7, 17: 5, 18: 3, 19: 2, 20: 2, 22: 1}
  pruned hist {5: 4, 6: 2, 7: 122, 8: 199, 9: 372, 10: 146, 11: 67, 12: 42, 13: 22, 14: 17, 15: 12, 16: 6, 17: 5, 18: 2, 19: 2, 20: 1}
  frontier written 17 pruned 17
  reasons [('lean rejected', 1035), ('lean_seq parse: env: exact goal mismatch', 89), ('lean_seq parse: env: box on non-arrow', 41), ('lean_seq parse: env: binder mismatch', 34), ('lean_seq parse: env: formula', 16), ('lean_seq parse: env: unbound', 13)]
[lean_gate] 5000 samples, parse-fail 26 (no-eos 0, 0.000 %), distinct 4974: ok 4870, rej 104 (filter 104, prefilter=on); lean on 4870 texts in 13 procs, 88.4s proc, exposed 8.5s, tail 8.2s, 32 workers
[la_C_s4 r1] heldout greedy SOLVED 4870/5000 = 0.974 [0.969,0.978]
  len 2: 998/1000 = 0.998 [0.993,0.999]
  len 3: 997/1000 = 0.997 [0.991,0.999]
  len 4: 966/1000 = 0.966 [0.953,0.976]
  len 5: 962/1000 = 0.962 [0.948,0.972]
  len 6: 947/1000 = 0.947 [0.931,0.959]
  written hist {2: 1019, 3: 959, 4: 892, 5: 960, 6: 837, 7: 55, 8: 44, 9: 62, 10: 21, 11: 16, 12: 2, 13: 1, 14: 1, 16: 1}
  pruned hist {2: 1023, 3: 965, 4: 895, 5: 954, 6: 837, 7: 54, 8: 43, 9: 58, 10: 20, 11: 17, 12: 2, 13: 1, 14: 1}
  frontier written 11 pruned 11
  reasons [('lean rejected', 104), ('lean_seq parse: env: exact goal mismatch', 7), ('lean_seq parse: env: binder mismatch', 6), ('lean_seq parse: env: formula', 5), ('lean_seq parse: env: unbound', 3), ('lean_seq parse: env: assign', 2)]
[la_C_s4 r1] targets cumulative: solved 3713/4495 L*=13 ge={7: 3713, 8: 2068, 9: 1171, 10: 352, 11: 83, 12: 32}
[la_C_s4 r1] transfer cumulative: solved 0/2285 L*=0 ge={7: 0, 8: 0, 9: 0, 10: 0, 11: 0, 12: 0}
python3 state_train.py --data artifacts/fsup/la_C_s4/mix_1.jsonl --init ckpts/fsup/stage1_SN12_s4.pt --steps 600 --lr 0.0003 --min_lr 2.9999999999999997e-05 --warmup 50 --cap 0 --out ckpts/fsup/ladder/la_C_s4_r1.pt --seed 4001 --log_every 200 --recs 128
params 3216384 mode lean_staten
train records 63708 (skipped 0); pairs 659867; mean 10.358 per proof; max pair len 365; load 33s
/workspace/nd-takehome/state_train.py:142: UserWarning: Converting a tensor with requires_grad=True to a scalar may lead to unexpected behavior.
Consider using tensor.detach() first. (Triggered internally at /pytorch/torch/csrc/autograd/generated/python_variable_methods.cpp:835.)
  loss_sum += float(lb)
step 200 loss 0.0437 lr 2.53e-04 pairs/batch 1327 143s
step 400 loss 0.0429 lr 1.09e-04 pairs/batch 1328 284s
step 600 loss 0.0354 lr 3.00e-05 pairs/batch 1322 451s
uploaded ckpts/fsup/ladder/la_C_s4_r1.pt -> hf://buckets/dan-pandori/nd-rl/frontier-supply/ckpts/fsup/ladder/la_C_s4_r1.pt (md5 99c2b7081e256a93305f714fe554059a, 13.4s)
saved ckpts/fsup/ladder/la_C_s4_r1.pt
=== round 1 done in 2193s; new proofs 16888; cum targets solved 3713 L*=13; transfer L*=0
[lean_gate] 143840 samples, parse-fail 9585 (no-eos 0, 0.000 %), distinct 115240: ok 87884, rej 27356 (filter 27356, prefilter=on); lean on 87884 texts in 220 procs, 9591.7s proc, exposed 318.1s, tail 311.2s, 32 workers
[la_C_s4 r2] targets (this round) SOLVED 3942/4495 = 0.877 [0.867,0.886]
  len 7: 1702/1800 = 0.946 [0.934,0.955]
  len 8: 947/1000 = 0.947 [0.931,0.959]
  len 9: 880/1004 = 0.876 [0.855,0.895]
  len 10: 307/456 = 0.673 [0.629,0.715]
  len 11: 58/99 = 0.586 [0.487,0.678]
  len 12: 42/106 = 0.396 [0.308,0.491]
  len 13: 4/16 = 0.250 [0.102,0.495]
  len 14: 2/14 = 0.143 [0.040,0.399]
  written hist {7: 1915, 8: 3242, 9: 3973, 10: 3016, 11: 2385, 12: 2152, 13: 2027, 14: 1574, 15: 1020, 16: 645, 17: 543, 18: 380, 19: 253, 20: 171, 21: 111, 22: 73, 23: 50, 24: 38, 25: 18, 26: 9, 27: 10, 28: 2, 33: 1, 34: 1, 35: 1, 41: 1}
  pruned hist {5: 193, 6: 914, 7: 3658, 8: 3699, 9: 3563, 10: 2416, 11: 1970, 12: 1853, 13: 1646, 14: 1282, 15: 779, 16: 503, 17: 371, 18: 268, 19: 186, 20: 108, 21: 83, 22: 39, 23: 36, 24: 17, 25: 8, 26: 9, 27: 6, 28: 1, 31: 1, 35: 1, 36: 1}
  frontier written 27 pruned 27
  reasons [('lean rejected', 29006), ('lean_seq parse: env: unbound', 2290), ('lean_seq parse: env: exact goal mismatch', 1748), ('lean_seq parse: env: binder mismatch', 1590), ('lean_seq parse: env: box on non-arrow', 1297), ('lean_seq parse: env: formula', 973)]
[lean_gate] 2285 samples, parse-fail 189 (no-eos 0, 0.000 %), distinct 2096: ok 1260, rej 836 (filter 836, prefilter=on); lean on 1260 texts in 4 procs, 10.3s proc, exposed 3.7s, tail 3.6s, 32 workers
[la_C_s4 r2] transfer greedy SOLVED 1260/2285 = 0.551 [0.531,0.572]
  len 7: 161/300 = 0.537 [0.480,0.592]
  len 8: 198/300 = 0.660 [0.605,0.711]
  len 9: 657/1010 = 0.650 [0.621,0.679]
  len 10: 194/451 = 0.430 [0.385,0.476]
  len 11: 36/99 = 0.364 [0.276,0.462]
  len 12: 13/102 = 0.127 [0.076,0.206]
  len 13: 0/13 = 0.000 [0.000,0.228]
  len 14: 1/10 = 0.100 [0.018,0.404]
  written hist {7: 126, 8: 147, 9: 478, 10: 228, 11: 93, 12: 47, 13: 45, 14: 33, 15: 15, 16: 23, 17: 8, 18: 8, 19: 4, 20: 1, 23: 3, 24: 1}
  pruned hist {5: 4, 6: 3, 7: 150, 8: 238, 9: 436, 10: 189, 11: 81, 12: 41, 13: 41, 14: 26, 15: 14, 16: 17, 17: 7, 18: 5, 19: 4, 20: 1, 23: 2, 24: 1}
  frontier written 18 pruned 18
  reasons [('lean rejected', 836), ('lean_seq parse: env: box on non-arrow', 41), ('lean_seq parse: env: exact goal mismatch', 34), ('lean_seq parse: env: formula', 32), ('lean_seq parse: env: binder mismatch', 28), ('lean_seq parse: env: unbound', 22)]
[lean_gate] 5000 samples, parse-fail 28 (no-eos 0, 0.000 %), distinct 4972: ok 4878, rej 94 (filter 94, prefilter=on); lean on 4878 texts in 13 procs, 85.7s proc, exposed 8.3s, tail 8.0s, 32 workers
[la_C_s4 r2] heldout greedy SOLVED 4878/5000 = 0.976 [0.971,0.980]
  len 2: 1000/1000 = 1.000 [0.996,1.000]
  len 3: 993/1000 = 0.993 [0.986,0.997]
  len 4: 962/1000 = 0.962 [0.948,0.972]
  len 5: 964/1000 = 0.964 [0.951,0.974]
  len 6: 959/1000 = 0.959 [0.945,0.970]
  written hist {2: 1021, 3: 953, 4: 875, 5: 950, 6: 829, 7: 53, 8: 58, 9: 61, 10: 41, 11: 25, 12: 7, 13: 1, 14: 1, 15: 1, 17: 1, 22: 1}
  pruned hist {2: 1026, 3: 960, 4: 876, 5: 947, 6: 835, 7: 46, 8: 56, 9: 60, 10: 38, 11: 24, 12: 7, 13: 1, 14: 1, 17: 1}
  frontier written 12 pruned 12
  reasons [('lean rejected', 94), ('lean_seq parse: env: exact goal mismatch', 8), ('lean_seq parse: env: binder mismatch', 6), ('lean_seq parse: env: box on non-arrow', 4), ('lean_seq parse: env: unbound', 4), ('lean_seq parse: env: formula', 2)]
[la_C_s4 r2] targets cumulative: solved 3948/4495 L*=13 ge={7: 3948, 8: 2245, 9: 1298, 10: 415, 11: 106, 12: 48}
[la_C_s4 r2] transfer cumulative: solved 0/2285 L*=0 ge={7: 0, 8: 0, 9: 0, 10: 0, 11: 0, 12: 0}
python3 state_train.py --data artifacts/fsup/la_C_s4/mix_2.jsonl --init ckpts/fsup/ladder/la_C_s4_r1.pt --steps 600 --lr 0.0003 --min_lr 2.9999999999999997e-05 --warmup 50 --cap 0 --out ckpts/fsup/ladder/la_C_s4_r2.pt --seed 4002 --log_every 200 --recs 128
params 3216384 mode lean_staten
train records 73680 (skipped 0); pairs 796697; mean 10.813 per proof; max pair len 354; load 39s
/workspace/nd-takehome/state_train.py:142: UserWarning: Converting a tensor with requires_grad=True to a scalar may lead to unexpected behavior.
Consider using tensor.detach() first. (Triggered internally at /pytorch/torch/csrc/autograd/generated/python_variable_methods.cpp:835.)
  loss_sum += float(lb)
step 200 loss 0.0426 lr 2.53e-04 pairs/batch 1386 150s
step 400 loss 0.0432 lr 1.09e-04 pairs/batch 1380 297s
step 600 loss 0.0435 lr 3.00e-05 pairs/batch 1385 485s
uploaded ckpts/fsup/ladder/la_C_s4_r2.pt -> hf://buckets/dan-pandori/nd-rl/frontier-supply/ckpts/fsup/ladder/la_C_s4_r2.pt (md5 11c8c8b1c25e804fad5f33b7bb6e82b4, 11.2s)
saved ckpts/fsup/ladder/la_C_s4_r2.pt
=== round 2 done in 2396s; new proofs 13158; cum targets solved 3948 L*=13; transfer L*=0
[lean_gate] 143840 samples, parse-fail 8111 (no-eos 0, 0.000 %), distinct 119354: ok 97497, rej 21857 (filter 21857, prefilter=on); lean on 97497 texts in 244 procs, 7783.7s proc, exposed 262.5s, tail 254.8s, 32 workers
[la_C_s4 r3] targets (this round) SOLVED 4024/4495 = 0.895 [0.886,0.904]
  len 7: 1713/1800 = 0.952 [0.941,0.961]
  len 8: 964/1000 = 0.964 [0.951,0.974]
  len 9: 907/1004 = 0.903 [0.884,0.920]
  len 10: 327/456 = 0.717 [0.674,0.756]
  len 11: 61/99 = 0.616 [0.518,0.706]
  len 12: 47/106 = 0.443 [0.352,0.538]
  len 13: 4/16 = 0.250 [0.102,0.495]
  len 14: 1/14 = 0.071 [0.013,0.315]
  written hist {7: 1900, 8: 4239, 9: 5056, 10: 3975, 11: 3088, 12: 3020, 13: 2727, 14: 2090, 15: 1451, 16: 1051, 17: 827, 18: 660, 19: 444, 20: 315, 21: 194, 22: 152, 23: 93, 24: 80, 25: 39, 26: 26, 27: 34, 28: 6, 29: 3, 30: 3, 31: 3, 36: 1}
  pruned hist {5: 223, 6: 1080, 7: 4916, 8: 4883, 9: 4370, 10: 3092, 11: 2523, 12: 2518, 13: 2189, 14: 1751, 15: 1143, 16: 816, 17: 611, 18: 466, 19: 317, 20: 206, 21: 122, 22: 86, 23: 61, 24: 39, 25: 22, 26: 14, 27: 18, 28: 4, 29: 3, 30: 2, 31: 1, 35: 1}
  frontier written 28 pruned 27
  reasons [('lean rejected', 22984), ('lean_seq parse: env: unbound', 1955), ('lean_seq parse: env: binder mismatch', 1745), ('lean_seq parse: env: box on non-arrow', 1150), ('lean_seq parse: env: exact goal mismatch', 836), ('lean_seq parse: env: formula', 758)]
[lean_gate] 2285 samples, parse-fail 198 (no-eos 0, 0.000 %), distinct 2087: ok 1351, rej 736 (filter 736, prefilter=on); lean on 1351 texts in 4 procs, 11.5s proc, exposed 3.9s, tail 3.7s, 32 workers
[la_C_s4 r3] transfer greedy SOLVED 1351/2285 = 0.591 [0.571,0.611]
  len 7: 162/300 = 0.540 [0.483,0.596]
  len 8: 222/300 = 0.740 [0.688,0.786]
  len 9: 691/1010 = 0.684 [0.655,0.712]
  len 10: 209/451 = 0.463 [0.418,0.510]
  len 11: 43/99 = 0.434 [0.341,0.533]
  len 12: 23/102 = 0.225 [0.155,0.316]
  len 13: 0/13 = 0.000 [0.000,0.228]
  len 14: 1/10 = 0.100 [0.018,0.404]
  written hist {7: 118, 8: 146, 9: 469, 10: 246, 11: 94, 12: 65, 13: 64, 14: 50, 15: 34, 16: 26, 17: 13, 18: 7, 19: 9, 20: 3, 21: 1, 22: 2, 23: 2, 24: 2}
  pruned hist {5: 4, 6: 3, 7: 149, 8: 233, 9: 436, 10: 207, 11: 80, 12: 69, 13: 52, 14: 41, 15: 28, 16: 17, 17: 12, 18: 7, 19: 7, 20: 2, 21: 1, 22: 1, 23: 2}
  frontier written 19 pruned 19
  reasons [('lean rejected', 736), ('lean_seq parse: env: binder mismatch', 55), ('lean_seq parse: env: box on non-arrow', 39), ('lean_seq parse: env: exact goal mismatch', 22), ('lean_seq parse: env: unbound', 21), ('lean_seq parse: env: formula', 18)]
[lean_gate] 5000 samples, parse-fail 26 (no-eos 0, 0.000 %), distinct 4974: ok 4880, rej 94 (filter 94, prefilter=on); lean on 4880 texts in 13 procs, 57.3s proc, exposed 6.1s, tail 5.8s, 32 workers
[la_C_s4 r3] heldout greedy SOLVED 4880/5000 = 0.976 [0.971,0.980]
  len 2: 1000/1000 = 1.000 [0.996,1.000]
  len 3: 990/1000 = 0.990 [0.982,0.995]
  len 4: 968/1000 = 0.968 [0.955,0.977]
  len 5: 963/1000 = 0.963 [0.949,0.973]
  len 6: 959/1000 = 0.959 [0.945,0.970]
  written hist {2: 1025, 3: 950, 4: 862, 5: 938, 6: 812, 7: 69, 8: 68, 9: 69, 10: 43, 11: 26, 12: 9, 13: 2, 14: 2, 15: 3, 16: 1, 19: 1}
  pruned hist {2: 1030, 3: 957, 4: 870, 5: 937, 6: 821, 7: 54, 8: 65, 9: 67, 10: 39, 11: 24, 12: 7, 13: 2, 14: 2, 15: 3, 16: 1, 19: 1}
  frontier written 12 pruned 12
  reasons [('lean rejected', 94), ('lean_seq parse: env: binder mismatch', 7), ('lean_seq parse: env: box on non-arrow', 5), ('lean_seq parse: env: exact goal mismatch', 5), ('lean_seq parse: env: unbound', 3), ('lean_seq parse: env: Or.elim name', 2)]
[la_C_s4 r3] targets cumulative: solved 4032/4495 L*=13 ge={7: 4032, 8: 2317, 9: 1351, 10: 442, 11: 115, 12: 54}
[la_C_s4 r3] transfer cumulative: solved 0/2285 L*=0 ge={7: 0, 8: 0, 9: 0, 10: 0, 11: 0, 12: 0}
python3 state_train.py --data artifacts/fsup/la_C_s4/mix_3.jsonl --init ckpts/fsup/ladder/la_C_s4_r2.pt --steps 600 --lr 0.0003 --min_lr 2.9999999999999997e-05 --warmup 50 --cap 0 --out ckpts/fsup/ladder/la_C_s4_r3.pt --seed 4003 --log_every 200 --recs 128
params 3216384 mode lean_staten
train records 78592 (skipped 0); pairs 875223; mean 11.136 per proof; max pair len 392; load 45s
/workspace/nd-takehome/state_train.py:142: UserWarning: Converting a tensor with requires_grad=True to a scalar may lead to unexpected behavior.
Consider using tensor.detach() first. (Triggered internally at /pytorch/torch/csrc/autograd/generated/python_variable_methods.cpp:835.)
  loss_sum += float(lb)
step 200 loss 0.0488 lr 2.53e-04 pairs/batch 1428 154s
step 400 loss 0.0415 lr 1.09e-04 pairs/batch 1426 308s
step 600 loss 0.0421 lr 3.00e-05 pairs/batch 1424 479s
uploaded ckpts/fsup/ladder/la_C_s4_r3.pt -> hf://buckets/dan-pandori/nd-rl/frontier-supply/ckpts/fsup/ladder/la_C_s4_r3.pt (md5 00f0b58ba53c5d20f12622515f72d55d, 11.1s)
saved ckpts/fsup/ladder/la_C_s4_r3.pt
=== round 3 done in 2372s; new proofs 16274; cum targets solved 4032 L*=13; transfer L*=0
[lean_gate] 143840 samples, parse-fail 7750 (no-eos 0, 0.000 %), distinct 123297: ok 103813, rej 19484 (filter 19484, prefilter=on); lean on 103813 texts in 260 procs, 10769.2s proc, exposed 357.9s, tail 349.7s, 32 workers
[la_C_s4 r4] targets (this round) SOLVED 4080/4495 = 0.908 [0.899,0.916]
  len 7: 1723/1800 = 0.957 [0.947,0.966]
  len 8: 974/1000 = 0.974 [0.962,0.982]
  len 9: 920/1004 = 0.916 [0.898,0.932]
  len 10: 334/456 = 0.732 [0.690,0.771]
  len 11: 64/99 = 0.646 [0.548,0.734]
  len 12: 59/106 = 0.557 [0.462,0.648]
  len 13: 4/16 = 0.250 [0.102,0.495]
  len 14: 2/14 = 0.143 [0.040,0.399]
  written hist {7: 1837, 8: 5622, 9: 6645, 10: 5119, 11: 3848, 12: 3958, 13: 3639, 14: 2917, 15: 2082, 16: 1455, 17: 1246, 18: 979, 19: 680, 20: 482, 21: 330, 22: 260, 23: 180, 24: 98, 25: 68, 26: 45, 27: 36, 28: 15, 29: 13, 30: 14, 31: 3, 32: 6, 33: 2, 35: 2, 37: 2}
  pruned hist {4: 4, 5: 252, 6: 1167, 7: 6591, 8: 6618, 9: 5567, 10: 3749, 11: 3008, 12: 3384, 13: 2979, 14: 2415, 15: 1644, 16: 1157, 17: 883, 18: 716, 19: 505, 20: 304, 21: 228, 22: 155, 23: 100, 24: 49, 25: 44, 26: 24, 27: 16, 28: 8, 29: 8, 30: 5, 31: 2, 32: 1}
  frontier written 32 pruned 30
  reasons [('lean rejected', 20309), ('lean_seq parse: env: unbound', 1910), ('lean_seq parse: env: binder mismatch', 1893), ('lean_seq parse: env: box on non-arrow', 839), ('lean_seq parse: env: formula', 650), ('lean_seq parse: env: exact goal mismatch', 512)]
[lean_gate] 2285 samples, parse-fail 214 (no-eos 0, 0.000 %), distinct 2071: ok 1348, rej 723 (filter 723, prefilter=on); lean on 1348 texts in 4 procs, 11.9s proc, exposed 3.9s, tail 3.7s, 32 workers
[la_C_s4 r4] transfer greedy SOLVED 1348/2285 = 0.590 [0.570,0.610]
  len 7: 160/300 = 0.533 [0.477,0.589]
  len 8: 223/300 = 0.743 [0.691,0.789]
  len 9: 678/1010 = 0.671 [0.642,0.700]
  len 10: 214/451 = 0.475 [0.429,0.521]
  len 11: 43/99 = 0.434 [0.341,0.533]
  len 12: 28/102 = 0.275 [0.197,0.368]
  len 13: 1/13 = 0.077 [0.014,0.333]
  len 14: 1/10 = 0.100 [0.018,0.404]
  written hist {7: 102, 8: 131, 9: 423, 10: 270, 11: 107, 12: 75, 13: 65, 14: 53, 15: 32, 16: 31, 17: 21, 18: 8, 19: 16, 20: 4, 21: 3, 22: 1, 23: 6}
  pruned hist {5: 5, 6: 3, 7: 138, 8: 229, 9: 403, 10: 210, 11: 85, 12: 75, 13: 56, 14: 42, 15: 29, 16: 25, 17: 17, 18: 7, 19: 13, 20: 5, 21: 1, 22: 2, 23: 3}
  frontier written 23 pruned 20
  reasons [('lean rejected', 723), ('lean_seq parse: env: binder mismatch', 55), ('lean_seq parse: env: box on non-arrow', 34), ('lean_seq parse: env: formula', 30), ('lean_seq parse: env: unbound', 26), ('lean_seq parse: env: exact goal mismatch', 18)]
[lean_gate] 5000 samples, parse-fail 22 (no-eos 0, 0.000 %), distinct 4978: ok 4885, rej 93 (filter 93, prefilter=on); lean on 4885 texts in 13 procs, 85.9s proc, exposed 8.2s, tail 7.9s, 32 workers
[la_C_s4 r4] heldout greedy SOLVED 4885/5000 = 0.977 [0.972,0.981]
  len 2: 999/1000 = 0.999 [0.994,1.000]
  len 3: 990/1000 = 0.990 [0.982,0.995]
  len 4: 965/1000 = 0.965 [0.952,0.975]
  len 5: 968/1000 = 0.968 [0.955,0.977]
  len 6: 963/1000 = 0.963 [0.949,0.973]
  written hist {2: 1020, 3: 960, 4: 857, 5: 928, 6: 797, 7: 77, 8: 60, 9: 80, 10: 52, 11: 33, 12: 7, 13: 5, 14: 3, 15: 3, 16: 1, 18: 1, 19: 1}
  pruned hist {2: 1026, 3: 969, 4: 866, 5: 925, 6: 822, 7: 47, 8: 58, 9: 78, 10: 47, 11: 31, 12: 5, 13: 4, 14: 2, 15: 2, 16: 1, 18: 1, 19: 1}
  frontier written 13 pruned 12
  reasons [('lean rejected', 93), ('lean_seq parse: env: formula', 5), ('lean_seq parse: env: binder mismatch', 4), ('lean_seq parse: env: unbound', 3), ('lean_seq parse: env: exact goal mismatch', 3), ('lean_seq parse: env: box on non-arrow', 2)]
[la_C_s4 r4] targets cumulative: solved 4082/4495 L*=13 ge={7: 4082, 8: 2358, 9: 1384, 10: 463, 11: 129, 12: 65}
[la_C_s4 r4] transfer cumulative: solved 0/2285 L*=0 ge={7: 0, 8: 0, 9: 0, 10: 0, 11: 0, 12: 0}
python3 state_train.py --data artifacts/fsup/la_C_s4/mix_4.jsonl --init ckpts/fsup/ladder/la_C_s4_r3.pt --steps 600 --lr 0.0003 --min_lr 2.9999999999999997e-05 --warmup 50 --cap 0 --out ckpts/fsup/ladder/la_C_s4_r4.pt --seed 4004 --log_every 200 --recs 128
params 3216384 mode lean_staten
train records 81808 (skipped 0); pairs 937229; mean 11.456 per proof; max pair len 355; load 46s
/workspace/nd-takehome/state_train.py:142: UserWarning: Converting a tensor with requires_grad=True to a scalar may lead to unexpected behavior.
Consider using tensor.detach() first. (Triggered internally at /pytorch/torch/csrc/autograd/generated/python_variable_methods.cpp:835.)
  loss_sum += float(lb)
step 200 loss 0.0482 lr 2.53e-04 pairs/batch 1463 160s
step 400 loss 0.0444 lr 1.09e-04 pairs/batch 1467 316s
step 600 loss 0.0437 lr 3.00e-05 pairs/batch 1468 489s
uploaded ckpts/fsup/ladder/la_C_s4_r4.pt -> hf://buckets/dan-pandori/nd-rl/frontier-supply/ckpts/fsup/ladder/la_C_s4_r4.pt (md5 7b3ac544c23a68eed35f1afa478aa4dd, 10.5s)
saved ckpts/fsup/ladder/la_C_s4_r4.pt
=== round 4 done in 2591s; new proofs 22304; cum targets solved 4082 L*=13; transfer L*=0
[lean_gate] 143840 samples, parse-fail 7663 (no-eos 0, 0.000 %), distinct 126623: ok 108810, rej 17813 (filter 17813, prefilter=on); lean on 108810 texts in 273 procs, 10471.6s proc, exposed 349.1s, tail 340.1s, 32 workers
[la_C_s4 r5] targets (this round) SOLVED 4105/4495 = 0.913 [0.905,0.921]
  len 7: 1730/1800 = 0.961 [0.951,0.969]
  len 8: 976/1000 = 0.976 [0.965,0.984]
  len 9: 928/1004 = 0.924 [0.906,0.939]
  len 10: 339/456 = 0.743 [0.701,0.781]
  len 11: 66/99 = 0.667 [0.569,0.752]
  len 12: 60/106 = 0.566 [0.471,0.656]
  len 13: 4/16 = 0.250 [0.102,0.495]
  len 14: 2/14 = 0.143 [0.040,0.399]
  written hist {7: 1727, 8: 7311, 9: 8163, 10: 6254, 11: 4597, 12: 4902, 13: 4491, 14: 3820, 15: 2509, 16: 1907, 17: 1683, 18: 1306, 19: 903, 20: 634, 21: 488, 22: 364, 23: 268, 24: 176, 25: 136, 26: 92, 27: 71, 28: 39, 29: 17, 30: 25, 31: 13, 32: 11, 33: 2, 34: 4, 35: 3, 37: 4, 38: 2, 39: 2, 40: 1, 42: 1}
  pruned hist {4: 8, 5: 271, 6: 1352, 7: 8811, 8: 8358, 9: 6638, 10: 4416, 11: 3558, 12: 4150, 13: 3755, 14: 2978, 15: 1954, 16: 1443, 17: 1213, 18: 985, 19: 627, 20: 444, 21: 295, 22: 218, 23: 142, 24: 89, 25: 67, 26: 63, 27: 36, 28: 18, 29: 9, 30: 13, 31: 6, 32: 4, 33: 1, 34: 1, 35: 1, 37: 1, 38: 1}
  frontier written 32 pruned 31
  reasons [('lean rejected', 18519), ('lean_seq parse: env: binder mismatch', 1976), ('lean_seq parse: env: unbound', 1969), ('lean_seq parse: env: formula', 644), ('lean_seq parse: env: box on non-arrow', 642), ('lean_seq parse: env: exact goal mismatch', 602)]
[lean_gate] 2285 samples, parse-fail 210 (no-eos 0, 0.000 %), distinct 2075: ok 1393, rej 682 (filter 682, prefilter=on); lean on 1393 texts in 4 procs, 12.4s proc, exposed 3.9s, tail 3.7s, 32 workers
[la_C_s4 r5] transfer greedy SOLVED 1393/2285 = 0.610 [0.589,0.629]
  len 7: 172/300 = 0.573 [0.517,0.628]
  len 8: 220/300 = 0.733 [0.681,0.780]
  len 9: 703/1010 = 0.696 [0.667,0.724]
  len 10: 221/451 = 0.490 [0.444,0.536]
  len 11: 43/99 = 0.434 [0.341,0.533]
  len 12: 32/102 = 0.314 [0.232,0.409]
  len 13: 1/13 = 0.077 [0.014,0.333]
  len 14: 1/10 = 0.100 [0.018,0.404]
  written hist {7: 80, 8: 113, 9: 407, 10: 288, 11: 124, 12: 96, 13: 61, 14: 61, 15: 34, 16: 36, 17: 27, 18: 21, 19: 20, 20: 12, 21: 5, 22: 1, 23: 2, 24: 2, 25: 1, 26: 1, 29: 1}
  pruned hist {5: 4, 6: 3, 7: 120, 8: 222, 9: 403, 10: 214, 11: 105, 12: 83, 13: 52, 14: 50, 15: 30, 16: 33, 17: 23, 18: 17, 19: 20, 20: 10, 21: 1, 22: 1, 23: 1, 24: 1}
  frontier written 21 pruned 20
  reasons [('lean rejected', 682), ('lean_seq parse: env: binder mismatch', 58), ('lean_seq parse: env: box on non-arrow', 29), ('lean_seq parse: env: unbound', 28), ('lean_seq parse: env: exact goal mismatch', 24), ('lean_seq parse: env: formula', 19)]
[lean_gate] 5000 samples, parse-fail 26 (no-eos 0, 0.000 %), distinct 4974: ok 4880, rej 94 (filter 94, prefilter=on); lean on 4880 texts in 13 procs, 63.5s proc, exposed 6.7s, tail 6.4s, 32 workers
[la_C_s4 r5] heldout greedy SOLVED 4880/5000 = 0.976 [0.971,0.980]
  len 2: 999/1000 = 0.999 [0.994,1.000]
  len 3: 994/1000 = 0.994 [0.987,0.997]
  len 4: 965/1000 = 0.965 [0.952,0.975]
  len 5: 970/1000 = 0.970 [0.957,0.979]
  len 6: 952/1000 = 0.952 [0.937,0.964]
  written hist {2: 1017, 3: 961, 4: 847, 5: 893, 6: 767, 7: 109, 8: 69, 9: 81, 10: 57, 11: 49, 12: 18, 13: 5, 14: 3, 15: 3, 17: 1}
  pruned hist {2: 1023, 3: 971, 4: 859, 5: 893, 6: 815, 7: 57, 8: 62, 9: 75, 10: 55, 11: 44, 12: 18, 13: 3, 14: 2, 15: 2, 17: 1}
  frontier written 13 pruned 12
  reasons [('lean rejected', 94), ('lean_seq parse: env: exact goal mismatch', 6), ('lean_seq parse: env: unbound', 5), ('lean_seq parse: env: formula', 4), ('lean_seq parse: env: binder mismatch', 4), ('lean_seq parse: env: assign', 2)]
[la_C_s4 r5] targets cumulative: solved 4107/4495 L*=13 ge={7: 4107, 8: 2377, 9: 1401, 10: 473, 11: 133, 12: 67}
[la_C_s4 r5] transfer cumulative: solved 0/2285 L*=0 ge={7: 0, 8: 0, 9: 0, 10: 0, 11: 0, 12: 0}
python3 state_train.py --data artifacts/fsup/la_C_s4/mix_5.jsonl --init ckpts/fsup/ladder/la_C_s4_r4.pt --steps 600 --lr 0.0003 --min_lr 2.9999999999999997e-05 --warmup 50 --cap 0 --out ckpts/fsup/ladder/la_C_s4_r5.pt --seed 4005 --log_every 200 --recs 128
params 3216384 mode lean_staten
train records 83852 (skipped 0); pairs 981313; mean 11.703 per proof; max pair len 392; load 49s
/workspace/nd-takehome/state_train.py:142: UserWarning: Converting a tensor with requires_grad=True to a scalar may lead to unexpected behavior.
Consider using tensor.detach() first. (Triggered internally at /pytorch/torch/csrc/autograd/generated/python_variable_methods.cpp:835.)
  loss_sum += float(lb)
step 200 loss 0.0443 lr 2.53e-04 pairs/batch 1501 164s
step 400 loss 0.0421 lr 1.09e-04 pairs/batch 1493 326s
step 600 loss 0.0427 lr 3.00e-05 pairs/batch 1500 510s
uploaded ckpts/fsup/ladder/la_C_s4_r5.pt -> hf://buckets/dan-pandori/nd-rl/frontier-supply/ckpts/fsup/ladder/la_C_s4_r5.pt (md5 f19c0a41379a5632d4561f317a84dffb, 10.3s)
saved ckpts/fsup/ladder/la_C_s4_r5.pt
=== round 5 done in 2649s; new proofs 29596; cum targets solved 4107 L*=13; transfer L*=0
[lean_gate] 143840 samples, parse-fail 7245 (no-eos 0, 0.000 %), distinct 128459: ok 112047, rej 16412 (filter 16412, prefilter=on); lean on 112047 texts in 281 procs, 9930.3s proc, exposed 332.7s, tail 322.9s, 32 workers
[la_C_s4 r6] targets (this round) SOLVED 4131/4495 = 0.919 [0.911,0.927]
  len 7: 1738/1800 = 0.966 [0.956,0.973]
  len 8: 980/1000 = 0.980 [0.969,0.987]
  len 9: 930/1004 = 0.926 [0.908,0.941]
  len 10: 344/456 = 0.754 [0.713,0.792]
  len 11: 68/99 = 0.687 [0.590,0.770]
  len 12: 65/106 = 0.613 [0.518,0.700]
  len 13: 4/16 = 0.250 [0.102,0.495]
  len 14: 2/14 = 0.143 [0.040,0.399]
  written hist {7: 1644, 8: 8731, 9: 9300, 10: 6876, 11: 4988, 12: 5322, 13: 4981, 14: 4136, 15: 2986, 16: 2366, 17: 1957, 18: 1503, 19: 1031, 20: 810, 21: 570, 22: 460, 23: 347, 24: 228, 25: 142, 26: 149, 27: 77, 28: 41, 29: 28, 30: 35, 31: 19, 32: 10, 33: 12, 34: 3, 35: 4, 36: 1, 37: 2, 38: 1, 39: 1, 41: 1}
  pruned hist {4: 9, 5: 327, 6: 1467, 7: 10548, 8: 9534, 9: 7191, 10: 4815, 11: 3725, 12: 4682, 13: 4097, 14: 3266, 15: 2301, 16: 1738, 17: 1467, 18: 1068, 19: 738, 20: 560, 21: 362, 22: 292, 23: 182, 24: 122, 25: 69, 26: 97, 27: 42, 28: 14, 29: 11, 30: 18, 31: 10, 32: 4, 33: 5, 34: 1}
  frontier written 33 pruned 33
  reasons [('lean rejected', 17036), ('lean_seq parse: env: binder mismatch', 1956), ('lean_seq parse: env: unbound', 1877), ('lean_seq parse: env: Or.elim on non-or', 693), ('lean_seq parse: env: formula', 549), ('lean_seq parse: env: box on non-arrow', 527)]
[lean_gate] 2285 samples, parse-fail 199 (no-eos 0, 0.000 %), distinct 2086: ok 1398, rej 688 (filter 688, prefilter=on); lean on 1398 texts in 4 procs, 12.1s proc, exposed 3.8s, tail 3.6s, 32 workers
[la_C_s4 r6] transfer greedy SOLVED 1398/2285 = 0.612 [0.592,0.632]
  len 7: 174/300 = 0.580 [0.523,0.634]
  len 8: 217/300 = 0.723 [0.670,0.771]
  len 9: 707/1010 = 0.700 [0.671,0.727]
  len 10: 225/451 = 0.499 [0.453,0.545]
  len 11: 43/99 = 0.434 [0.341,0.533]
  len 12: 29/102 = 0.284 [0.206,0.378]
  len 13: 2/13 = 0.154 [0.043,0.422]
  len 14: 1/10 = 0.100 [0.018,0.404]
  written hist {7: 67, 8: 117, 9: 371, 10: 293, 11: 131, 12: 102, 13: 79, 14: 69, 15: 42, 16: 45, 17: 20, 18: 15, 19: 20, 20: 7, 21: 9, 22: 4, 23: 4, 25: 2, 32: 1}
  pruned hist {5: 4, 6: 3, 7: 116, 8: 207, 9: 386, 10: 206, 11: 113, 12: 94, 13: 67, 14: 62, 15: 33, 16: 38, 17: 16, 18: 15, 19: 20, 20: 7, 21: 5, 22: 1, 23: 3, 25: 2}
  frontier written 21 pruned 21
  reasons [('lean rejected', 688), ('lean_seq parse: env: binder mismatch', 52), ('lean_seq parse: env: unbound', 26), ('lean_seq parse: env: exact goal mismatch', 19), ('lean_seq parse: env: box on non-arrow', 18), ('lean_seq parse: env: Or.elim on non-or', 17)]
[lean_gate] 5000 samples, parse-fail 31 (no-eos 0, 0.000 %), distinct 4969: ok 4874, rej 95 (filter 95, prefilter=on); lean on 4874 texts in 13 procs, 57.5s proc, exposed 6.4s, tail 6.1s, 32 workers
[la_C_s4 r6] heldout greedy SOLVED 4874/5000 = 0.975 [0.970,0.979]
  len 2: 998/1000 = 0.998 [0.993,0.999]
  len 3: 992/1000 = 0.992 [0.984,0.996]
  len 4: 960/1000 = 0.960 [0.946,0.970]
  len 5: 967/1000 = 0.967 [0.954,0.976]
  len 6: 957/1000 = 0.957 [0.943,0.968]
  written hist {2: 1016, 3: 965, 4: 831, 5: 913, 6: 749, 7: 123, 8: 74, 9: 75, 10: 54, 11: 48, 12: 16, 13: 3, 14: 2, 15: 2, 16: 2, 18: 1}
  pruned hist {2: 1023, 3: 970, 4: 850, 5: 910, 6: 826, 7: 45, 8: 62, 9: 71, 10: 51, 11: 44, 12: 13, 13: 3, 14: 2, 15: 1, 16: 2, 18: 1}
  frontier written 12 pruned 12
  reasons [('lean rejected', 95), ('lean_seq parse: env: exact goal mismatch', 9), ('lean_seq parse: env: formula', 4), ('lean_seq parse: env: no semicolon', 4), ('lean_seq parse: env: binder mismatch', 4), ('lean_seq parse: env: unbound', 3)]
[la_C_s4 r6] targets cumulative: solved 4134/4495 L*=13 ge={7: 4134, 8: 2395, 9: 1414, 10: 483, 11: 139, 12: 71}
[la_C_s4 r6] transfer cumulative: solved 0/2285 L*=0 ge={7: 0, 8: 0, 9: 0, 10: 0, 11: 0, 12: 0}
python3 state_train.py --data artifacts/fsup/la_C_s4/mix_6.jsonl --init ckpts/fsup/ladder/la_C_s4_r5.pt --steps 600 --lr 0.0003 --min_lr 2.9999999999999997e-05 --warmup 50 --cap 0 --out ckpts/fsup/ladder/la_C_s4_r6.pt --seed 4006 --log_every 200 --recs 128
params 3216384 mode lean_staten
train records 84900 (skipped 0); pairs 1012317; mean 11.924 per proof; max pair len 335; load 50s
/workspace/nd-takehome/state_train.py:142: UserWarning: Converting a tensor with requires_grad=True to a scalar may lead to unexpected behavior.
Consider using tensor.detach() first. (Triggered internally at /pytorch/torch/csrc/autograd/generated/python_variable_methods.cpp:835.)
  loss_sum += float(lb)
step 200 loss 0.0470 lr 2.53e-04 pairs/batch 1525 171s
step 400 loss 0.0452 lr 1.09e-04 pairs/batch 1525 337s
step 600 loss 0.0431 lr 3.00e-05 pairs/batch 1527 518s
uploaded ckpts/fsup/ladder/la_C_s4_r6.pt -> hf://buckets/dan-pandori/nd-rl/frontier-supply/ckpts/fsup/ladder/la_C_s4_r6.pt (md5 f00c9df4c88be9a2c10b6f843e491868, 11.3s)
saved ckpts/fsup/ladder/la_C_s4_r6.pt
=== round 6 done in 2712s; new proofs 33122; cum targets solved 4134 L*=13; transfer L*=0
[lean_gate] 143840 samples, parse-fail 7379 (no-eos 0, 0.000 %), distinct 129820: ok 114820, rej 15000 (filter 15000, prefilter=on); lean on 114820 texts in 288 procs, 11161.5s proc, exposed 371.2s, tail 361.2s, 32 workers
[la_C_s4 r7] targets (this round) SOLVED 4158/4495 = 0.925 [0.917,0.932]
  len 7: 1744/1800 = 0.969 [0.960,0.976]
  len 8: 983/1000 = 0.983 [0.973,0.989]
  len 9: 938/1004 = 0.934 [0.917,0.948]
  len 10: 348/456 = 0.763 [0.722,0.800]
  len 11: 69/99 = 0.697 [0.600,0.779]
  len 12: 70/106 = 0.660 [0.566,0.744]
  len 13: 4/16 = 0.250 [0.102,0.495]
  len 14: 2/14 = 0.143 [0.040,0.399]
  written hist {7: 1526, 8: 9838, 9: 10121, 10: 7285, 11: 5423, 12: 5934, 13: 5630, 14: 4817, 15: 3282, 16: 2655, 17: 2302, 18: 1854, 19: 1248, 20: 946, 21: 676, 22: 660, 23: 431, 24: 273, 25: 187, 26: 190, 27: 114, 28: 62, 29: 45, 30: 33, 31: 20, 32: 13, 33: 12, 34: 13, 35: 7, 36: 7, 37: 1, 38: 5, 39: 3, 40: 1, 45: 1}
  pruned hist {4: 11, 5: 349, 6: 1559, 7: 12239, 8: 10488, 9: 7712, 10: 5185, 11: 4124, 12: 5144, 13: 4654, 14: 3636, 15: 2421, 16: 1972, 17: 1664, 18: 1327, 19: 847, 20: 624, 21: 434, 22: 397, 23: 279, 24: 146, 25: 106, 26: 103, 27: 71, 28: 36, 29: 26, 30: 23, 31: 9, 32: 5, 33: 6, 34: 9, 35: 3, 36: 3, 38: 3}
  frontier written 38 pruned 34
  reasons [('lean rejected', 15383), ('lean_seq parse: env: binder mismatch', 2106), ('lean_seq parse: env: unbound', 1838), ('lean_seq parse: env: malformed', 613), ('lean_seq parse: env: Or.elim on non-or', 572), ('lean_seq parse: env: formula', 524)]
[lean_gate] 2285 samples, parse-fail 234 (no-eos 0, 0.000 %), distinct 2051: ok 1413, rej 638 (filter 638, prefilter=on); lean on 1413 texts in 4 procs, 12.7s proc, exposed 4.1s, tail 3.9s, 32 workers
[la_C_s4 r7] transfer greedy SOLVED 1413/2285 = 0.618 [0.598,0.638]
  len 7: 184/300 = 0.613 [0.557,0.667]
  len 8: 219/300 = 0.730 [0.677,0.777]
  len 9: 694/1010 = 0.687 [0.658,0.715]
  len 10: 237/451 = 0.525 [0.479,0.571]
  len 11: 44/99 = 0.444 [0.350,0.543]
  len 12: 33/102 = 0.324 [0.241,0.419]
  len 13: 1/13 = 0.077 [0.014,0.333]
  len 14: 1/10 = 0.100 [0.018,0.404]
  written hist {7: 54, 8: 119, 9: 342, 10: 282, 11: 136, 12: 107, 13: 79, 14: 75, 15: 63, 16: 45, 17: 38, 18: 25, 19: 16, 20: 12, 21: 9, 22: 1, 23: 6, 24: 2, 25: 1, 28: 1}
  pruned hist {5: 4, 6: 2, 7: 114, 8: 199, 9: 370, 10: 208, 11: 102, 12: 105, 13: 65, 14: 72, 15: 44, 16: 39, 17: 30, 18: 21, 19: 14, 20: 11, 21: 5, 22: 1, 23: 5, 24: 2}
  frontier written 23 pruned 23
  reasons [('lean rejected', 638), ('lean_seq parse: env: binder mismatch', 71), ('lean_seq parse: env: exact goal mismatch', 27), ('lean_seq parse: env: box on non-arrow', 22), ('lean_seq parse: env: unbound', 22), ('lean_seq parse: env: formula', 19)]
[lean_gate] 5000 samples, parse-fail 36 (no-eos 0, 0.000 %), distinct 4964: ok 4859, rej 105 (filter 105, prefilter=on); lean on 4859 texts in 13 procs, 62.1s proc, exposed 6.8s, tail 6.5s, 32 workers
[la_C_s4 r7] heldout greedy SOLVED 4859/5000 = 0.972 [0.967,0.976]
  len 2: 996/1000 = 0.996 [0.990,0.998]
  len 3: 988/1000 = 0.988 [0.979,0.993]
  len 4: 957/1000 = 0.957 [0.943,0.968]
  len 5: 966/1000 = 0.966 [0.953,0.976]
  len 6: 952/1000 = 0.952 [0.937,0.964]
  written hist {2: 1017, 3: 959, 4: 840, 5: 902, 6: 713, 7: 156, 8: 78, 9: 61, 10: 48, 11: 53, 12: 19, 13: 5, 14: 3, 15: 3, 16: 1, 18: 1}
  pruned hist {2: 1025, 3: 969, 4: 860, 5: 907, 6: 818, 7: 47, 8: 65, 9: 53, 10: 46, 11: 46, 12: 16, 13: 2, 14: 2, 15: 2, 18: 1}
  frontier written 13 pruned 12
  reasons [('lean rejected', 105), ('lean_seq parse: env: binder mismatch', 8), ('lean_seq parse: env: formula', 7), ('lean_seq parse: env: exact goal mismatch', 5), ('lean_seq parse: env: malformed', 4), ('lean_seq parse: env: box on non-arrow', 3)]
[la_C_s4 r7] targets cumulative: solved 4161/4495 L*=13 ge={7: 4161, 8: 2417, 9: 1433, 10: 494, 11: 146, 12: 77}
[la_C_s4 r7] transfer cumulative: solved 0/2285 L*=0 ge={7: 0, 8: 0, 9: 0, 10: 0, 11: 0, 12: 0}
python3 state_train.py --data artifacts/fsup/la_C_s4/mix_7.jsonl --init ckpts/fsup/ladder/la_C_s4_r6.pt --steps 600 --lr 0.0003 --min_lr 2.9999999999999997e-05 --warmup 50 --cap 0 --out ckpts/fsup/ladder/la_C_s4_r7.pt --seed 4007 --log_every 200 --recs 128
params 3216384 mode lean_staten
train records 85724 (skipped 0); pairs 1037040; mean 12.097 per proof; max pair len 387; load 53s
/workspace/nd-takehome/state_train.py:142: UserWarning: Converting a tensor with requires_grad=True to a scalar may lead to unexpected behavior.
Consider using tensor.detach() first. (Triggered internally at /pytorch/torch/csrc/autograd/generated/python_variable_methods.cpp:835.)
  loss_sum += float(lb)
step 200 loss 0.0474 lr 2.53e-04 pairs/batch 1550 170s
step 400 loss 0.0488 lr 1.09e-04 pairs/batch 1553 340s
step 600 loss 0.0409 lr 3.00e-05 pairs/batch 1543 508s
uploaded ckpts/fsup/ladder/la_C_s4_r7.pt -> hf://buckets/dan-pandori/nd-rl/frontier-supply/ckpts/fsup/ladder/la_C_s4_r7.pt (md5 1a5f6da13c967a24bb713b5f80d1bfb9, 11.8s)
saved ckpts/fsup/ladder/la_C_s4_r7.pt
=== round 7 done in 2763s; new proofs 37518; cum targets solved 4161 L*=13; transfer L*=0
[lean_gate] 143840 samples, parse-fail 6937 (no-eos 0, 0.000 %), distinct 131024: ok 117337, rej 13687 (filter 13687, prefilter=on); lean on 117337 texts in 294 procs, 8363.1s proc, exposed 281.5s, tail 271.6s, 32 workers
[la_C_s4 r8] targets (this round) SOLVED 4178/4495 = 0.929 [0.922,0.937]
  len 7: 1748/1800 = 0.971 [0.962,0.978]
  len 8: 983/1000 = 0.983 [0.973,0.989]
  len 9: 940/1004 = 0.936 [0.919,0.950]
  len 10: 355/456 = 0.779 [0.738,0.814]
  len 11: 72/99 = 0.727 [0.632,0.805]
  len 12: 74/106 = 0.698 [0.605,0.777]
  len 13: 4/16 = 0.250 [0.102,0.495]
  len 14: 2/14 = 0.143 [0.040,0.399]
  written hist {7: 1447, 8: 10859, 9: 11037, 10: 8117, 11: 5770, 12: 6155, 13: 5731, 14: 5215, 15: 3405, 16: 2857, 17: 2373, 18: 1863, 19: 1358, 20: 1011, 21: 814, 22: 713, 23: 475, 24: 326, 25: 230, 26: 250, 27: 126, 28: 98, 29: 63, 30: 59, 31: 33, 32: 25, 33: 20, 34: 16, 35: 12, 36: 9, 37: 5, 38: 6, 39: 3, 40: 1, 41: 1, 42: 1, 43: 1, 46: 1, 47: 1}
  pruned hist {4: 8, 5: 370, 6: 1769, 7: 13619, 8: 11404, 9: 8322, 10: 5591, 11: 4204, 12: 5274, 13: 4804, 14: 3870, 15: 2534, 16: 2052, 17: 1691, 18: 1319, 19: 956, 20: 716, 21: 527, 22: 442, 23: 287, 24: 181, 25: 143, 26: 134, 27: 77, 28: 49, 29: 42, 30: 36, 31: 18, 32: 11, 33: 11, 34: 8, 35: 7, 36: 3, 37: 3, 38: 2, 39: 1, 41: 1, 43: 1}
  frontier written 38 pruned 35
  reasons [('lean rejected', 14022), ('lean_seq parse: env: binder mismatch', 2028), ('lean_seq parse: env: unbound', 1659), ('lean_seq parse: env: formula', 496), ('lean_seq parse: env: Or.elim on non-or', 483), ('lean_seq parse: env: malformed', 445)]
[lean_gate] 2285 samples, parse-fail 216 (no-eos 0, 0.000 %), distinct 2069: ok 1421, rej 648 (filter 648, prefilter=on); lean on 1421 texts in 4 procs, 12.9s proc, exposed 3.9s, tail 3.7s, 32 workers
[la_C_s4 r8] transfer greedy SOLVED 1421/2285 = 0.622 [0.602,0.642]
  len 7: 183/300 = 0.610 [0.554,0.663]
  len 8: 236/300 = 0.787 [0.737,0.829]
  len 9: 694/1010 = 0.687 [0.658,0.715]
  len 10: 223/451 = 0.494 [0.449,0.540]
  len 11: 45/99 = 0.455 [0.360,0.552]
  len 12: 36/102 = 0.353 [0.267,0.449]
  len 13: 3/13 = 0.231 [0.082,0.503]
  len 14: 1/10 = 0.100 [0.018,0.404]
  written hist {7: 54, 8: 106, 9: 343, 10: 297, 11: 123, 12: 115, 13: 89, 14: 76, 15: 57, 16: 52, 17: 38, 18: 18, 19: 19, 20: 11, 21: 8, 22: 2, 23: 6, 24: 3, 25: 2, 26: 1, 28: 1}
  pruned hist {5: 4, 6: 2, 7: 116, 8: 198, 9: 386, 10: 191, 11: 106, 12: 93, 13: 78, 14: 65, 15: 45, 16: 46, 17: 36, 18: 14, 19: 16, 20: 9, 21: 5, 22: 3, 23: 3, 24: 2, 25: 1, 26: 1, 28: 1}
  frontier written 23 pruned 21
  reasons [('lean rejected', 648), ('lean_seq parse: env: binder mismatch', 71), ('lean_seq parse: env: exact goal mismatch', 25), ('lean_seq parse: env: unbound', 18), ('lean_seq parse: env: formula', 18), ('lean_seq parse: env: term', 16)]
[lean_gate] 5000 samples, parse-fail 31 (no-eos 0, 0.000 %), distinct 4969: ok 4863, rej 106 (filter 106, prefilter=on); lean on 4863 texts in 13 procs, 59.0s proc, exposed 6.3s, tail 6.0s, 32 workers
[la_C_s4 r8] heldout greedy SOLVED 4863/5000 = 0.973 [0.968,0.977]
  len 2: 997/1000 = 0.997 [0.991,0.999]
  len 3: 991/1000 = 0.991 [0.983,0.995]
  len 4: 961/1000 = 0.961 [0.947,0.971]
  len 5: 964/1000 = 0.964 [0.951,0.974]
  len 6: 950/1000 = 0.950 [0.935,0.962]
  written hist {2: 1016, 3: 960, 4: 823, 5: 877, 6: 691, 7: 192, 8: 72, 9: 80, 10: 55, 11: 62, 12: 24, 13: 8, 15: 2, 16: 1}
  pruned hist {2: 1022, 3: 966, 4: 838, 5: 887, 6: 827, 7: 49, 8: 65, 9: 75, 10: 54, 11: 53, 12: 20, 13: 5, 15: 1, 16: 1}
  frontier written 13 pruned 13
  reasons [('lean rejected', 106), ('lean_seq parse: env: binder mismatch', 8), ('lean_seq parse: env: formula', 7), ('lean_seq parse: env: exact goal mismatch', 4), ('lean_seq parse: env: unbound', 4), ('lean_seq parse: env: malformed', 3)]
[la_C_s4 r8] targets cumulative: solved 4180/4495 L*=13 ge={7: 4180, 8: 2431, 9: 1447, 10: 507, 11: 152, 12: 80}
[la_C_s4 r8] transfer cumulative: solved 0/2285 L*=0 ge={7: 0, 8: 0, 9: 0, 10: 0, 11: 0, 12: 0}
python3 state_train.py --data artifacts/fsup/la_C_s4/mix_8.jsonl --init ckpts/fsup/ladder/la_C_s4_r7.pt --steps 600 --lr 0.0003 --min_lr 2.9999999999999997e-05 --warmup 50 --cap 0 --out ckpts/fsup/ladder/la_C_s4_r8.pt --seed 4008 --log_every 200 --recs 128
params 3216384 mode lean_staten
train records 86308 (skipped 0); pairs 1057510; mean 12.253 per proof; max pair len 365; load 54s
/workspace/nd-takehome/state_train.py:142: UserWarning: Converting a tensor with requires_grad=True to a scalar may lead to unexpected behavior.
Consider using tensor.detach() first. (Triggered internally at /pytorch/torch/csrc/autograd/generated/python_variable_methods.cpp:835.)
  loss_sum += float(lb)
step 200 loss 0.0465 lr 2.53e-04 pairs/batch 1569 190s
step 400 loss 0.0457 lr 1.09e-04 pairs/batch 1570 383s
step 600 loss 0.0445 lr 3.00e-05 pairs/batch 1568 577s
uploaded ckpts/fsup/ladder/la_C_s4_r8.pt -> hf://buckets/dan-pandori/nd-rl/frontier-supply/ckpts/fsup/ladder/la_C_s4_r8.pt (md5 b22a755fbb8db050991c85c7ae6cc385, 1.6s)
saved ckpts/fsup/ladder/la_C_s4_r8.pt
=== round 8 done in 2821s; new proofs 39744; cum targets solved 4180 L*=13; transfer L*=0
=== reread la_C_s4 lp2 2026-09-30T10:18:30Z
REREAD FAILED la_C_s4 lp2
=== reread la_C_s4 rr 2026-09-30T10:18:48Z
REREAD FAILED la_C_s4 rr
=== ladder done 2026-09-30T10:19:07Z
