=== ladder la_R_s0 2026-09-30T04:15:29Z init ckpts/sc12/stage1_SN12_s0.pt
[lean_gate] 143840 samples, parse-fail 20162 (no-eos 0, 0.000 %), distinct 108865: ok 51294, rej 57571 (filter 57571, prefilter=on); lean on 51294 texts in 129 procs, 5486.1s proc, exposed 203.3s, tail 196.9s, 32 workers
[la_R_s0 r1] targets (this round) SOLVED 3586/4495 = 0.798 [0.786,0.809]
  len 7: 1631/1800 = 0.906 [0.892,0.919]
  len 8: 869/1000 = 0.869 [0.847,0.889]
  len 9: 788/1004 = 0.785 [0.758,0.809]
  len 10: 236/456 = 0.518 [0.472,0.563]
  len 11: 43/99 = 0.434 [0.341,0.533]
  len 12: 15/106 = 0.142 [0.088,0.220]
  len 13: 3/16 = 0.188 [0.066,0.430]
  len 14: 1/14 = 0.071 [0.013,0.315]
  written hist {7: 1729, 8: 2124, 9: 2447, 10: 1555, 11: 1119, 12: 1010, 13: 877, 14: 636, 15: 377, 16: 275, 17: 161, 18: 98, 19: 64, 20: 51, 21: 20, 22: 12, 23: 12, 24: 7, 25: 5, 26: 1, 27: 1}
  pruned hist {4: 3, 5: 135, 6: 578, 7: 2419, 8: 2336, 9: 2032, 10: 1284, 11: 924, 12: 823, 13: 719, 14: 483, 15: 305, 16: 219, 17: 130, 18: 75, 19: 45, 20: 33, 21: 14, 22: 6, 23: 9, 24: 4, 25: 3, 26: 1, 27: 1}
  frontier written 25 pruned 23
  reasons [('lean rejected', 60696), ('lean_seq parse: env: unbound', 7197), ('lean_seq parse: env: exact goal mismatch', 5488), ('lean_seq parse: env: binder mismatch', 2426), ('lean_seq parse: env: Or.elim on non-or', 2402), ('lean_seq parse: env: formula', 1473)]
[lean_gate] 2285 samples, parse-fail 259 (no-eos 0, 0.000 %), distinct 2026: ok 799, rej 1227 (filter 1227, prefilter=on); lean on 799 texts in 2 procs, 6.9s proc, exposed 3.8s, tail 3.5s, 32 workers
[la_R_s0 r1] transfer greedy SOLVED 799/2285 = 0.350 [0.330,0.369]
  len 7: 99/300 = 0.330 [0.279,0.385]
  len 8: 157/300 = 0.523 [0.467,0.579]
  len 9: 438/1010 = 0.434 [0.403,0.464]
  len 10: 89/451 = 0.197 [0.163,0.237]
  len 11: 12/99 = 0.121 [0.071,0.200]
  len 12: 4/102 = 0.039 [0.015,0.097]
  len 13: 0/13 = 0.000 [0.000,0.228]
  len 14: 0/10 = 0.000 [0.000,0.278]
  written hist {7: 77, 8: 123, 9: 310, 10: 136, 11: 60, 12: 33, 13: 16, 14: 15, 15: 10, 16: 9, 17: 5, 19: 3, 20: 1, 23: 1}
  pruned hist {5: 3, 6: 3, 7: 96, 8: 167, 9: 282, 10: 112, 11: 52, 12: 32, 13: 12, 14: 12, 15: 10, 16: 9, 17: 4, 19: 3, 20: 1, 23: 1}
  frontier written 17 pruned 16
  reasons [('lean rejected', 1227), ('lean_seq parse: env: exact goal mismatch', 73), ('lean_seq parse: env: unbound', 70), ('lean_seq parse: env: binder mismatch', 39), ('lean_seq parse: env: Or.elim on non-or', 36), ('lean_seq parse: env: formula', 25)]
[lean_gate] 5000 samples, parse-fail 25 (no-eos 0, 0.000 %), distinct 4975: ok 4844, rej 131 (filter 131, prefilter=on); lean on 4844 texts in 13 procs, 126.3s proc, exposed 16.2s, tail 15.5s, 32 workers
[la_R_s0 r1] heldout greedy SOLVED 4844/5000 = 0.969 [0.964,0.973]
  len 2: 999/1000 = 0.999 [0.994,1.000]
  len 3: 987/1000 = 0.987 [0.978,0.992]
  len 4: 971/1000 = 0.971 [0.959,0.980]
  len 5: 949/1000 = 0.949 [0.934,0.961]
  len 6: 938/1000 = 0.938 [0.921,0.951]
  written hist {2: 1020, 3: 962, 4: 895, 5: 942, 6: 804, 7: 54, 8: 42, 9: 52, 10: 30, 11: 33, 12: 5, 13: 3, 14: 1, 15: 1}
  pruned hist {2: 1027, 3: 962, 4: 900, 5: 942, 6: 805, 7: 48, 8: 41, 9: 53, 10: 25, 11: 31, 12: 5, 13: 3, 14: 1, 15: 1}
  frontier written 12 pruned 12
  reasons [('lean rejected', 131), ('lean_seq parse: env: exact goal mismatch', 11), ('lean_seq parse: env: binder mismatch', 5), ('lean_seq parse: env: unbound', 2), ('lean_seq parse: env: Or.elim on non-or', 2), ('lean_seq parse: env: assign', 2)]
[la_R_s0 r1] targets cumulative: solved 3586/4495 L*=12 ge={7: 3586, 8: 1955, 9: 1086, 10: 298, 11: 62, 12: 19}
[la_R_s0 r1] transfer cumulative: solved 0/2285 L*=0 ge={7: 0, 8: 0, 9: 0, 10: 0, 11: 0, 12: 0}
python3 state_train.py --data artifacts/fsup/la_R_s0/mix_1.jsonl --init ckpts/sc12/stage1_SN12_s0.pt --steps 600 --lr 0.0003 --min_lr 2.9999999999999997e-05 --warmup 50 --cap 0 --out ckpts/fsup/ladder/la_R_s0_r1.pt --seed 100001 --log_every 200 --recs 128
params 3216384 mode lean_staten
train records 58768 (skipped 0); pairs 588498; mean 10.014 per proof; max pair len 354; load 29s
/workspace/nd-takehome/state_train.py:142: UserWarning: Converting a tensor with requires_grad=True to a scalar may lead to unexpected behavior.
Consider using tensor.detach() first. (Triggered internally at /pytorch/torch/csrc/autograd/generated/python_variable_methods.cpp:835.)
  loss_sum += float(lb)
step 200 loss 0.0449 lr 2.53e-04 pairs/batch 1281 168s
step 400 loss 0.0393 lr 1.09e-04 pairs/batch 1280 343s
step 600 loss 0.0398 lr 3.00e-05 pairs/batch 1282 520s
uploaded ckpts/fsup/ladder/la_R_s0_r1.pt -> hf://buckets/dan-pandori/nd-rl/frontier-supply/ckpts/fsup/ladder/la_R_s0_r1.pt (md5 e86cc4981c9e78f8284bc3a0870835c3, 3.2s)
saved ckpts/fsup/ladder/la_R_s0_r1.pt
=== round 1 done in 2159s; new proofs 12581; cum targets solved 3586 L*=12; transfer L*=0
[lean_gate] 143840 samples, parse-fail 12338 (no-eos 0, 0.000 %), distinct 113290: ok 75724, rej 37566 (filter 37566, prefilter=on); lean on 75724 texts in 190 procs, 4939.0s proc, exposed 182.4s, tail 174.9s, 32 workers
[la_R_s0 r2] targets (this round) SOLVED 3820/4495 = 0.850 [0.839,0.860]
  len 7: 1688/1800 = 0.938 [0.926,0.948]
  len 8: 923/1000 = 0.923 [0.905,0.938]
  len 9: 856/1004 = 0.853 [0.829,0.873]
  len 10: 271/456 = 0.594 [0.549,0.638]
  len 11: 52/99 = 0.525 [0.428,0.621]
  len 12: 26/106 = 0.245 [0.173,0.335]
  len 13: 4/16 = 0.250 [0.102,0.495]
  len 14: 0/14 = 0.000 [0.000,0.215]
  written hist {7: 1824, 8: 2734, 9: 3313, 10: 2312, 11: 1620, 12: 1464, 13: 1344, 14: 1035, 15: 679, 16: 415, 17: 300, 18: 256, 19: 155, 20: 93, 21: 55, 22: 36, 23: 11, 24: 17, 25: 11, 26: 7, 27: 9, 28: 2, 30: 1, 34: 1}
  pruned hist {4: 6, 5: 164, 6: 724, 7: 3036, 8: 3098, 9: 2889, 10: 1846, 11: 1301, 12: 1170, 13: 1102, 14: 804, 15: 546, 16: 322, 17: 203, 18: 193, 19: 113, 20: 71, 21: 36, 22: 27, 23: 8, 24: 9, 25: 9, 26: 6, 27: 8, 28: 2, 33: 1}
  frontier written 27 pruned 27
  reasons [('lean rejected', 39545), ('lean_seq parse: env: unbound', 5192), ('lean_seq parse: env: Or.elim on non-or', 1713), ('lean_seq parse: env: binder mismatch', 1659), ('lean_seq parse: env: exact goal mismatch', 1620), ('lean_seq parse: env: box on non-arrow', 877)]
[lean_gate] 2285 samples, parse-fail 196 (no-eos 0, 0.000 %), distinct 2089: ok 1033, rej 1056 (filter 1056, prefilter=on); lean on 1033 texts in 3 procs, 85.5s proc, exposed 36.7s, tail 35.6s, 32 workers
[la_R_s0 r2] transfer greedy SOLVED 1033/2285 = 0.452 [0.432,0.473]
  len 7: 135/300 = 0.450 [0.395,0.507]
  len 8: 176/300 = 0.587 [0.530,0.641]
  len 9: 561/1010 = 0.555 [0.525,0.586]
  len 10: 132/451 = 0.293 [0.253,0.336]
  len 11: 23/99 = 0.232 [0.160,0.325]
  len 12: 6/102 = 0.059 [0.027,0.122]
  len 13: 0/13 = 0.000 [0.000,0.228]
  len 14: 0/10 = 0.000 [0.000,0.278]
  written hist {7: 99, 8: 132, 9: 423, 10: 162, 11: 76, 12: 43, 13: 36, 14: 23, 15: 20, 16: 9, 17: 5, 18: 3, 19: 2}
  pruned hist {5: 4, 6: 3, 7: 137, 8: 198, 9: 373, 10: 135, 11: 63, 12: 42, 13: 31, 14: 14, 15: 17, 16: 8, 17: 3, 18: 3, 19: 2}
  frontier written 17 pruned 16
  reasons [('lean rejected', 1056), ('lean_seq parse: env: unbound', 47), ('lean_seq parse: env: Or.elim on non-or', 40), ('lean_seq parse: env: binder mismatch', 39), ('lean_seq parse: env: exact goal mismatch', 37), ('lean_seq parse: env: formula', 14)]
[lean_gate] 5000 samples, parse-fail 15 (no-eos 0, 0.000 %), distinct 4985: ok 4844, rej 141 (filter 141, prefilter=on); lean on 4844 texts in 13 procs, 62.6s proc, exposed 6.8s, tail 6.3s, 32 workers
[la_R_s0 r2] heldout greedy SOLVED 4844/5000 = 0.969 [0.964,0.973]
  len 2: 999/1000 = 0.999 [0.994,1.000]
  len 3: 982/1000 = 0.982 [0.972,0.989]
  len 4: 977/1000 = 0.977 [0.966,0.985]
  len 5: 939/1000 = 0.939 [0.922,0.952]
  len 6: 947/1000 = 0.947 [0.931,0.959]
  written hist {2: 1020, 3: 949, 4: 887, 5: 920, 6: 837, 7: 50, 8: 40, 9: 63, 10: 40, 11: 25, 12: 6, 13: 3, 14: 1, 15: 3}
  pruned hist {2: 1026, 3: 951, 4: 891, 5: 921, 6: 836, 7: 44, 8: 39, 9: 63, 10: 36, 11: 24, 12: 6, 13: 4, 14: 1, 15: 2}
  frontier written 12 pruned 12
  reasons [('lean rejected', 141), ('lean_seq parse: env: exact goal mismatch', 5), ('lean_seq parse: env: formula', 4), ('lean_seq parse: env: unbound', 3), ('lean_seq parse: env: binder mismatch', 1), ('lean_seq parse: env: box on non-arrow', 1)]
[la_R_s0 r2] targets cumulative: solved 3836/4495 L*=13 ge={7: 3836, 8: 2145, 9: 1219, 10: 358, 11: 84, 12: 32}
[la_R_s0 r2] transfer cumulative: solved 0/2285 L*=0 ge={7: 0, 8: 0, 9: 0, 10: 0, 11: 0, 12: 0}
python3 state_train.py --data artifacts/fsup/la_R_s0/mix_2.jsonl --init ckpts/fsup/ladder/la_R_s0_r1.pt --steps 600 --lr 0.0003 --min_lr 2.9999999999999997e-05 --warmup 50 --cap 0 --out ckpts/fsup/ladder/la_R_s0_r2.pt --seed 100002 --log_every 200 --recs 128
params 3216384 mode lean_staten
train records 69736 (skipped 0); pairs 732304; mean 10.501 per proof; max pair len 334; load 43s
/workspace/nd-takehome/state_train.py:142: UserWarning: Converting a tensor with requires_grad=True to a scalar may lead to unexpected behavior.
Consider using tensor.detach() first. (Triggered internally at /pytorch/torch/csrc/autograd/generated/python_variable_methods.cpp:835.)
  loss_sum += float(lb)
step 200 loss 0.0456 lr 2.53e-04 pairs/batch 1343 147s
step 400 loss 0.0453 lr 1.09e-04 pairs/batch 1345 336s
step 600 loss 0.0390 lr 3.00e-05 pairs/batch 1345 521s
uploaded ckpts/fsup/ladder/la_R_s0_r2.pt -> hf://buckets/dan-pandori/nd-rl/frontier-supply/ckpts/fsup/ladder/la_R_s0_r2.pt (md5 f6bf0c2eaf57bc45bb399a3a1c9a328b, 3.4s)
saved ckpts/fsup/ladder/la_R_s0_r2.pt
=== round 2 done in 2178s; new proofs 8806; cum targets solved 3836 L*=13; transfer L*=0
[lean_gate] 143840 samples, parse-fail 11070 (no-eos 0, 0.000 %), distinct 117454: ok 84998, rej 32456 (filter 32456, prefilter=on); lean on 84998 texts in 213 procs, 9215.1s proc, exposed 334.0s, tail 326.8s, 32 workers
[la_R_s0 r3] targets (this round) SOLVED 3933/4495 = 0.875 [0.865,0.884]
  len 7: 1705/1800 = 0.947 [0.936,0.957]
  len 8: 958/1000 = 0.958 [0.944,0.969]
  len 9: 878/1004 = 0.875 [0.853,0.894]
  len 10: 289/456 = 0.634 [0.589,0.677]
  len 11: 58/99 = 0.586 [0.487,0.678]
  len 12: 41/106 = 0.387 [0.300,0.482]
  len 13: 4/16 = 0.250 [0.102,0.495]
  len 14: 0/14 = 0.000 [0.000,0.215]
  written hist {7: 1882, 8: 3680, 9: 4228, 10: 3254, 11: 2253, 12: 2142, 13: 1865, 14: 1454, 15: 1022, 16: 676, 17: 514, 18: 474, 19: 294, 20: 192, 21: 131, 22: 82, 23: 52, 24: 41, 25: 15, 26: 13, 27: 15, 28: 8, 29: 4, 30: 4, 31: 1, 32: 2}
  pruned hist {4: 3, 5: 190, 6: 941, 7: 4189, 8: 4112, 9: 3714, 10: 2430, 11: 1782, 12: 1693, 13: 1478, 14: 1121, 15: 812, 16: 509, 17: 369, 18: 349, 19: 208, 20: 147, 21: 94, 22: 59, 23: 32, 24: 27, 25: 12, 26: 8, 27: 11, 28: 2, 29: 1, 30: 2, 31: 1, 32: 2}
  frontier written 28 pruned 27
  reasons [('lean rejected', 33803), ('lean_seq parse: env: unbound', 4328), ('lean_seq parse: env: binder mismatch', 1777), ('lean_seq parse: env: Or.elim on non-or', 1450), ('lean_seq parse: env: exact goal mismatch', 1101), ('lean_seq parse: env: formula', 990)]
[lean_gate] 2285 samples, parse-fail 195 (no-eos 0, 0.000 %), distinct 2090: ok 1140, rej 950 (filter 950, prefilter=on); lean on 1140 texts in 3 procs, 19.3s proc, exposed 7.5s, tail 6.7s, 32 workers
[la_R_s0 r3] transfer greedy SOLVED 1140/2285 = 0.499 [0.478,0.519]
  len 7: 158/300 = 0.527 [0.470,0.582]
  len 8: 187/300 = 0.623 [0.567,0.676]
  len 9: 603/1010 = 0.597 [0.566,0.627]
  len 10: 149/451 = 0.330 [0.289,0.375]
  len 11: 32/99 = 0.323 [0.239,0.420]
  len 12: 11/102 = 0.108 [0.061,0.183]
  len 13: 0/13 = 0.000 [0.000,0.228]
  len 14: 0/10 = 0.000 [0.000,0.278]
  written hist {7: 114, 8: 120, 9: 414, 10: 193, 11: 103, 12: 58, 13: 39, 14: 37, 15: 23, 16: 22, 17: 7, 18: 4, 20: 2, 22: 2, 24: 1, 27: 1}
  pruned hist {5: 4, 6: 5, 7: 148, 8: 190, 9: 389, 10: 164, 11: 84, 12: 47, 13: 32, 14: 26, 15: 19, 16: 17, 17: 6, 18: 3, 20: 2, 22: 2, 24: 1, 27: 1}
  frontier written 17 pruned 17
  reasons [('lean rejected', 950), ('lean_seq parse: env: unbound', 61), ('lean_seq parse: env: binder mismatch', 44), ('lean_seq parse: env: Or.elim on non-or', 29), ('lean_seq parse: env: exact goal mismatch', 21), ('lean_seq parse: env: formula', 16)]
[lean_gate] 5000 samples, parse-fail 22 (no-eos 0, 0.000 %), distinct 4978: ok 4838, rej 140 (filter 140, prefilter=on); lean on 4838 texts in 13 procs, 65.6s proc, exposed 7.0s, tail 6.7s, 32 workers
[la_R_s0 r3] heldout greedy SOLVED 4838/5000 = 0.968 [0.962,0.972]
  len 2: 997/1000 = 0.997 [0.991,0.999]
  len 3: 981/1000 = 0.981 [0.971,0.988]
  len 4: 968/1000 = 0.968 [0.955,0.977]
  len 5: 946/1000 = 0.946 [0.930,0.958]
  len 6: 946/1000 = 0.946 [0.930,0.958]
  written hist {2: 1022, 3: 945, 4: 858, 5: 916, 6: 784, 7: 77, 8: 55, 9: 77, 10: 45, 11: 34, 12: 16, 13: 4, 15: 4, 16: 1}
  pruned hist {2: 1029, 3: 950, 4: 863, 5: 918, 6: 803, 7: 53, 8: 49, 9: 75, 10: 44, 11: 33, 12: 14, 13: 4, 15: 2, 16: 1}
  frontier written 12 pruned 12
  reasons [('lean rejected', 140), ('lean_seq parse: env: exact goal mismatch', 6), ('lean_seq parse: env: unbound', 5), ('lean_seq parse: env: binder mismatch', 4), ('lean_seq parse: env: formula', 3), ('lean_seq parse: env: assign', 3)]
[la_R_s0 r3] targets cumulative: solved 3945/4495 L*=13 ge={7: 3945, 8: 2235, 9: 1277, 10: 395, 11: 105, 12: 47}
[la_R_s0 r3] transfer cumulative: solved 0/2285 L*=0 ge={7: 0, 8: 0, 9: 0, 10: 0, 11: 0, 12: 0}
python3 state_train.py --data artifacts/fsup/la_R_s0/mix_3.jsonl --init ckpts/fsup/ladder/la_R_s0_r2.pt --steps 600 --lr 0.0003 --min_lr 2.9999999999999997e-05 --warmup 50 --cap 0 --out ckpts/fsup/ladder/la_R_s0_r3.pt --seed 100003 --log_every 200 --recs 128
params 3216384 mode lean_staten
train records 76676 (skipped 0); pairs 832488; mean 10.857 per proof; max pair len 392; load 45s
/workspace/nd-takehome/state_train.py:142: UserWarning: Converting a tensor with requires_grad=True to a scalar may lead to unexpected behavior.
Consider using tensor.detach() first. (Triggered internally at /pytorch/torch/csrc/autograd/generated/python_variable_methods.cpp:835.)
  loss_sum += float(lb)
step 200 loss 0.0418 lr 2.53e-04 pairs/batch 1390 168s
step 400 loss 0.0402 lr 1.09e-04 pairs/batch 1393 363s
step 600 loss 0.0388 lr 3.00e-05 pairs/batch 1387 559s
uploaded ckpts/fsup/ladder/la_R_s0_r3.pt -> hf://buckets/dan-pandori/nd-rl/frontier-supply/ckpts/fsup/ladder/la_R_s0_r3.pt (md5 8d9a410e219a6077ba93f659cbb36dbc, 3.3s)
saved ckpts/fsup/ladder/la_R_s0_r3.pt
=== round 3 done in 2437s; new proofs 11114; cum targets solved 3945 L*=13; transfer L*=0
[lean_gate] 143840 samples, parse-fail 9986 (no-eos 0, 0.000 %), distinct 120946: ok 91890, rej 29056 (filter 29056, prefilter=on); lean on 91890 texts in 230 procs, 7765.1s proc, exposed 287.9s, tail 279.4s, 32 workers
[la_R_s0 r4] targets (this round) SOLVED 4000/4495 = 0.890 [0.880,0.899]
  len 7: 1720/1800 = 0.956 [0.945,0.964]
  len 8: 967/1000 = 0.967 [0.954,0.976]
  len 9: 888/1004 = 0.884 [0.863,0.903]
  len 10: 305/456 = 0.669 [0.624,0.710]
  len 11: 60/99 = 0.606 [0.508,0.697]
  len 12: 56/106 = 0.528 [0.434,0.621]
  len 13: 4/16 = 0.250 [0.102,0.495]
  len 14: 0/14 = 0.000 [0.000,0.215]
  written hist {7: 1892, 8: 4651, 9: 5255, 10: 4043, 11: 2769, 12: 2752, 13: 2506, 14: 1909, 15: 1312, 16: 952, 17: 688, 18: 582, 19: 359, 20: 283, 21: 157, 22: 135, 23: 81, 24: 51, 25: 20, 26: 18, 27: 13, 28: 5, 29: 6, 30: 3, 31: 1, 32: 2, 35: 1}
  pruned hist {4: 6, 5: 253, 6: 1048, 7: 5445, 8: 5159, 9: 4404, 10: 2812, 11: 2151, 12: 2261, 13: 1905, 14: 1497, 15: 1018, 16: 718, 17: 511, 18: 430, 19: 279, 20: 209, 21: 117, 22: 92, 23: 58, 24: 32, 25: 11, 26: 10, 27: 8, 28: 5, 29: 3, 30: 1, 31: 1, 32: 2}
  frontier written 29 pruned 28
  reasons [('lean rejected', 30080), ('lean_seq parse: env: unbound', 3968), ('lean_seq parse: env: binder mismatch', 1655), ('lean_seq parse: env: Or.elim on non-or', 1376), ('lean_seq parse: env: formula', 985), ('lean_seq parse: env: exact goal mismatch', 851)]
[lean_gate] 2285 samples, parse-fail 175 (no-eos 0, 0.000 %), distinct 2110: ok 1195, rej 915 (filter 915, prefilter=on); lean on 1195 texts in 3 procs, 74.0s proc, exposed 26.8s, tail 25.6s, 32 workers
[la_R_s0 r4] transfer greedy SOLVED 1195/2285 = 0.523 [0.502,0.543]
  len 7: 158/300 = 0.527 [0.470,0.582]
  len 8: 199/300 = 0.663 [0.608,0.714]
  len 9: 626/1010 = 0.620 [0.589,0.649]
  len 10: 164/451 = 0.364 [0.321,0.409]
  len 11: 30/99 = 0.303 [0.221,0.400]
  len 12: 18/102 = 0.176 [0.115,0.262]
  len 13: 0/13 = 0.000 [0.000,0.228]
  len 14: 0/10 = 0.000 [0.000,0.278]
  written hist {7: 101, 8: 110, 9: 425, 10: 239, 11: 95, 12: 72, 13: 44, 14: 36, 15: 21, 16: 20, 17: 11, 18: 7, 19: 5, 20: 3, 21: 1, 22: 3, 23: 1, 24: 1}
  pruned hist {5: 4, 6: 5, 7: 139, 8: 189, 9: 411, 10: 173, 11: 83, 12: 61, 13: 36, 14: 32, 15: 20, 16: 17, 17: 12, 18: 3, 19: 4, 20: 4, 22: 1, 24: 1}
  frontier written 19 pruned 17
  reasons [('lean rejected', 915), ('lean_seq parse: env: binder mismatch', 39), ('lean_seq parse: env: unbound', 32), ('lean_seq parse: env: Or.elim on non-or', 31), ('lean_seq parse: env: formula', 29), ('lean_seq parse: env: exact goal mismatch', 25)]
[lean_gate] 5000 samples, parse-fail 25 (no-eos 0, 0.000 %), distinct 4975: ok 4838, rej 137 (filter 137, prefilter=on); lean on 4838 texts in 13 procs, 61.4s proc, exposed 6.5s, tail 6.2s, 32 workers
[la_R_s0 r4] heldout greedy SOLVED 4838/5000 = 0.968 [0.962,0.972]
  len 2: 998/1000 = 0.998 [0.993,0.999]
  len 3: 981/1000 = 0.981 [0.971,0.988]
  len 4: 963/1000 = 0.963 [0.949,0.973]
  len 5: 955/1000 = 0.955 [0.940,0.966]
  len 6: 941/1000 = 0.941 [0.925,0.954]
  written hist {2: 1017, 3: 962, 4: 851, 5: 917, 6: 785, 7: 88, 8: 60, 9: 67, 10: 41, 11: 28, 12: 11, 13: 6, 14: 1, 15: 1, 16: 2, 20: 1}
  pruned hist {2: 1025, 3: 965, 4: 864, 5: 920, 6: 812, 7: 51, 8: 56, 9: 65, 10: 34, 11: 28, 12: 9, 13: 6, 14: 1, 16: 1, 19: 1}
  frontier written 13 pruned 13
  reasons [('lean rejected', 137), ('lean_seq parse: env: exact goal mismatch', 7), ('lean_seq parse: env: formula', 6), ('lean_seq parse: env: binder mismatch', 4), ('lean_seq parse: env: unbound', 4), ('lean_seq parse: env: Or.elim on non-or', 2)]
[la_R_s0 r4] targets cumulative: solved 4013/4495 L*=13 ge={7: 4013, 8: 2289, 9: 1322, 10: 430, 11: 122, 12: 62}
[la_R_s0 r4] transfer cumulative: solved 0/2285 L*=0 ge={7: 0, 8: 0, 9: 0, 10: 0, 11: 0, 12: 0}
python3 state_train.py --data artifacts/fsup/la_R_s0/mix_4.jsonl --init ckpts/fsup/ladder/la_R_s0_r3.pt --steps 600 --lr 0.0003 --min_lr 2.9999999999999997e-05 --warmup 50 --cap 0 --out ckpts/fsup/ladder/la_R_s0_r4.pt --seed 100004 --log_every 200 --recs 128
params 3216384 mode lean_staten
train records 80404 (skipped 0); pairs 894046; mean 11.119 per proof; max pair len 392; load 48s
/workspace/nd-takehome/state_train.py:142: UserWarning: Converting a tensor with requires_grad=True to a scalar may lead to unexpected behavior.
Consider using tensor.detach() first. (Triggered internally at /pytorch/torch/csrc/autograd/generated/python_variable_methods.cpp:835.)
  loss_sum += float(lb)
step 200 loss 0.0455 lr 2.53e-04 pairs/batch 1424 166s
step 400 loss 0.0450 lr 1.09e-04 pairs/batch 1424 366s
step 600 loss 0.0439 lr 3.00e-05 pairs/batch 1423 567s
uploaded ckpts/fsup/ladder/la_R_s0_r4.pt -> hf://buckets/dan-pandori/nd-rl/frontier-supply/ckpts/fsup/ladder/la_R_s0_r4.pt (md5 3fa1272e2727adf656140dfc66ea89db, 3.3s)
saved ckpts/fsup/ladder/la_R_s0_r4.pt
=== round 4 done in 2434s; new proofs 13501; cum targets solved 4013 L*=13; transfer L*=0
[lean_gate] 143840 samples, parse-fail 10085 (no-eos 0, 0.000 %), distinct 123529: ok 96635, rej 26894 (filter 26894, prefilter=on); lean on 96635 texts in 242 procs, 10803.8s proc, exposed 364.6s, tail 356.0s, 32 workers
[la_R_s0 r5] targets (this round) SOLVED 4068/4495 = 0.905 [0.896,0.913]
  len 7: 1735/1800 = 0.964 [0.954,0.972]
  len 8: 970/1000 = 0.970 [0.957,0.979]
  len 9: 901/1004 = 0.897 [0.877,0.915]
  len 10: 331/456 = 0.726 [0.683,0.765]
  len 11: 62/99 = 0.626 [0.528,0.715]
  len 12: 64/106 = 0.604 [0.509,0.692]
  len 13: 4/16 = 0.250 [0.102,0.495]
  len 14: 1/14 = 0.071 [0.013,0.315]
  written hist {7: 1825, 8: 5865, 9: 6309, 10: 4929, 11: 3416, 12: 3598, 13: 3123, 14: 2355, 15: 1711, 16: 1281, 17: 979, 18: 816, 19: 540, 20: 369, 21: 281, 22: 189, 23: 121, 24: 90, 25: 45, 26: 27, 27: 36, 28: 15, 29: 11, 30: 4, 31: 8, 32: 7, 33: 1, 37: 1}
  pruned hist {4: 6, 5: 232, 6: 1144, 7: 7090, 8: 6288, 9: 5186, 10: 3395, 11: 2572, 12: 2898, 13: 2408, 14: 1813, 15: 1340, 16: 969, 17: 742, 18: 619, 19: 403, 20: 290, 21: 188, 22: 132, 23: 77, 24: 60, 25: 30, 26: 16, 27: 21, 28: 10, 29: 8, 30: 3, 31: 5, 32: 5, 33: 1, 37: 1}
  frontier written 32 pruned 32
  reasons [('lean rejected', 27680), ('lean_seq parse: env: unbound', 3760), ('lean_seq parse: env: binder mismatch', 1683), ('lean_seq parse: env: Or.elim on non-or', 1517), ('lean_seq parse: env: formula', 1258), ('lean_seq parse: env: exact goal mismatch', 768)]
[lean_gate] 2285 samples, parse-fail 181 (no-eos 0, 0.000 %), distinct 2104: ok 1234, rej 870 (filter 870, prefilter=on); lean on 1234 texts in 4 procs, 11.2s proc, exposed 4.0s, tail 3.8s, 32 workers
[la_R_s0 r5] transfer greedy SOLVED 1234/2285 = 0.540 [0.520,0.560]
  len 7: 174/300 = 0.580 [0.523,0.634]
  len 8: 206/300 = 0.687 [0.632,0.737]
  len 9: 636/1010 = 0.630 [0.599,0.659]
  len 10: 164/451 = 0.364 [0.321,0.409]
  len 11: 36/99 = 0.364 [0.276,0.462]
  len 12: 18/102 = 0.176 [0.115,0.262]
  len 13: 0/13 = 0.000 [0.000,0.228]
  len 14: 0/10 = 0.000 [0.000,0.278]
  written hist {7: 98, 8: 112, 9: 391, 10: 240, 11: 106, 12: 80, 13: 55, 14: 46, 15: 29, 16: 30, 17: 23, 18: 10, 19: 4, 20: 4, 21: 3, 23: 1, 26: 1, 30: 1}
  pruned hist {5: 4, 6: 5, 7: 138, 8: 174, 9: 404, 10: 168, 11: 95, 12: 73, 13: 43, 14: 37, 15: 32, 16: 26, 17: 20, 18: 7, 19: 3, 20: 3, 21: 1, 23: 1}
  frontier written 18 pruned 18
  reasons [('lean rejected', 870), ('lean_seq parse: env: unbound', 41), ('lean_seq parse: env: binder mismatch', 36), ('lean_seq parse: env: formula', 32), ('lean_seq parse: env: exact goal mismatch', 24), ('lean_seq parse: env: Or.elim on non-or', 21)]
[lean_gate] 5000 samples, parse-fail 25 (no-eos 0, 0.000 %), distinct 4975: ok 4840, rej 135 (filter 135, prefilter=on); lean on 4840 texts in 13 procs, 63.7s proc, exposed 6.9s, tail 6.6s, 32 workers
[la_R_s0 r5] heldout greedy SOLVED 4840/5000 = 0.968 [0.963,0.973]
  len 2: 998/1000 = 0.998 [0.993,0.999]
  len 3: 991/1000 = 0.991 [0.983,0.995]
  len 4: 958/1000 = 0.958 [0.944,0.969]
  len 5: 953/1000 = 0.953 [0.938,0.964]
  len 6: 940/1000 = 0.940 [0.924,0.953]
  written hist {2: 1020, 3: 964, 4: 832, 5: 888, 6: 766, 7: 103, 8: 62, 9: 82, 10: 47, 11: 46, 12: 16, 13: 6, 14: 3, 15: 3, 18: 1, 20: 1}
  pruned hist {2: 1026, 3: 968, 4: 850, 5: 888, 6: 817, 7: 48, 8: 51, 9: 83, 10: 42, 11: 45, 12: 10, 13: 5, 14: 3, 15: 3, 19: 1}
  frontier written 13 pruned 13
  reasons [('lean rejected', 135), ('lean_seq parse: env: exact goal mismatch', 10), ('lean_seq parse: env: binder mismatch', 4), ('lean_seq parse: env: assign', 3), ('lean_seq parse: env: unbound', 2), ('lean_seq parse: env: action truncated', 2)]
[la_R_s0 r5] targets cumulative: solved 4071/4495 L*=13 ge={7: 4071, 8: 2336, 9: 1366, 10: 464, 11: 132, 12: 70}
[la_R_s0 r5] transfer cumulative: solved 0/2285 L*=0 ge={7: 0, 8: 0, 9: 0, 10: 0, 11: 0, 12: 0}
python3 state_train.py --data artifacts/fsup/la_R_s0/mix_5.jsonl --init ckpts/fsup/ladder/la_R_s0_r4.pt --steps 600 --lr 0.0003 --min_lr 2.9999999999999997e-05 --warmup 50 --cap 0 --out ckpts/fsup/ladder/la_R_s0_r5.pt --seed 100005 --log_every 200 --recs 128
params 3216384 mode lean_staten
train records 82764 (skipped 0); pairs 945693; mean 11.426 per proof; max pair len 387; load 53s
/workspace/nd-takehome/state_train.py:142: UserWarning: Converting a tensor with requires_grad=True to a scalar may lead to unexpected behavior.
Consider using tensor.detach() first. (Triggered internally at /pytorch/torch/csrc/autograd/generated/python_variable_methods.cpp:835.)
  loss_sum += float(lb)
step 200 loss 0.0451 lr 2.53e-04 pairs/batch 1465 181s
step 400 loss 0.0466 lr 1.09e-04 pairs/batch 1463 385s
step 600 loss 0.0422 lr 3.00e-05 pairs/batch 1460 590s
uploaded ckpts/fsup/ladder/la_R_s0_r5.pt -> hf://buckets/dan-pandori/nd-rl/frontier-supply/ckpts/fsup/ladder/la_R_s0_r5.pt (md5 ffa1ac4fdbd6ddd4953c6c58b96343d7, 3.4s)
saved ckpts/fsup/ladder/la_R_s0_r5.pt
=== round 5 done in 2550s; new proofs 17459; cum targets solved 4071 L*=13; transfer L*=0
[lean_gate] 143840 samples, parse-fail 9726 (no-eos 0, 0.000 %), distinct 125647: ok 100368, rej 25279 (filter 25279, prefilter=on); lean on 100368 texts in 251 procs, 12193.3s proc, exposed 435.1s, tail 426.3s, 32 workers
[la_R_s0 r6] targets (this round) SOLVED 4091/4495 = 0.910 [0.901,0.918]
  len 7: 1736/1800 = 0.964 [0.955,0.972]
  len 8: 972/1000 = 0.972 [0.960,0.981]
  len 9: 907/1004 = 0.903 [0.884,0.920]
  len 10: 340/456 = 0.746 [0.704,0.783]
  len 11: 64/99 = 0.646 [0.548,0.734]
  len 12: 67/106 = 0.632 [0.537,0.718]
  len 13: 4/16 = 0.250 [0.102,0.495]
  len 14: 1/14 = 0.071 [0.013,0.315]
  written hist {7: 1724, 8: 6970, 9: 7310, 10: 5938, 11: 3805, 12: 4205, 13: 3802, 14: 2864, 15: 2158, 16: 1571, 17: 1301, 18: 1074, 19: 719, 20: 544, 21: 402, 22: 310, 23: 203, 24: 133, 25: 83, 26: 64, 27: 38, 28: 24, 29: 12, 30: 11, 31: 9, 32: 7, 33: 3, 34: 1, 35: 1, 36: 1, 38: 1}
  pruned hist {3: 1, 4: 5, 5: 300, 6: 1295, 7: 8422, 8: 7499, 9: 6036, 10: 3881, 11: 2856, 12: 3475, 13: 2893, 14: 2242, 15: 1636, 16: 1182, 17: 948, 18: 773, 19: 531, 20: 395, 21: 302, 22: 223, 23: 153, 24: 82, 25: 56, 26: 37, 27: 24, 28: 16, 29: 5, 30: 8, 31: 5, 32: 3, 33: 1, 34: 1, 35: 1, 38: 1}
  frontier written 32 pruned 31
  reasons [('lean rejected', 25882), ('lean_seq parse: env: unbound', 3838), ('lean_seq parse: env: binder mismatch', 1819), ('lean_seq parse: env: Or.elim on non-or', 1555), ('lean_seq parse: env: formula', 1050), ('lean_seq parse: env: exact goal mismatch', 648)]
[lean_gate] 2285 samples, parse-fail 189 (no-eos 0, 0.000 %), distinct 2096: ok 1274, rej 822 (filter 822, prefilter=on); lean on 1274 texts in 4 procs, 11.7s proc, exposed 4.0s, tail 3.7s, 32 workers
[la_R_s0 r6] transfer greedy SOLVED 1274/2285 = 0.558 [0.537,0.578]
  len 7: 172/300 = 0.573 [0.517,0.628]
  len 8: 205/300 = 0.683 [0.629,0.733]
  len 9: 639/1010 = 0.633 [0.602,0.662]
  len 10: 188/451 = 0.417 [0.372,0.463]
  len 11: 42/99 = 0.424 [0.332,0.523]
  len 12: 27/102 = 0.265 [0.189,0.358]
  len 13: 1/13 = 0.077 [0.014,0.333]
  len 14: 0/10 = 0.000 [0.000,0.278]
  written hist {7: 81, 8: 108, 9: 367, 10: 251, 11: 113, 12: 101, 13: 56, 14: 56, 15: 38, 16: 41, 17: 23, 18: 12, 19: 5, 20: 10, 21: 6, 22: 3, 24: 1, 27: 1, 30: 1}
  pruned hist {5: 2, 6: 7, 7: 117, 8: 189, 9: 381, 10: 178, 11: 95, 12: 83, 13: 48, 14: 49, 15: 36, 16: 36, 17: 21, 18: 11, 19: 6, 20: 7, 21: 4, 22: 3, 27: 1}
  frontier written 21 pruned 20
  reasons [('lean rejected', 822), ('lean_seq parse: env: unbound', 44), ('lean_seq parse: env: binder mismatch', 43), ('lean_seq parse: env: formula', 35), ('lean_seq parse: env: Or.elim on non-or', 31), ('lean_seq parse: env: exact goal mismatch', 17)]
[lean_gate] 5000 samples, parse-fail 35 (no-eos 0, 0.000 %), distinct 4965: ok 4807, rej 158 (filter 158, prefilter=on); lean on 4807 texts in 13 procs, 73.8s proc, exposed 7.6s, tail 7.3s, 32 workers
[la_R_s0 r6] heldout greedy SOLVED 4807/5000 = 0.961 [0.956,0.966]
  len 2: 996/1000 = 0.996 [0.990,0.998]
  len 3: 982/1000 = 0.982 [0.972,0.989]
  len 4: 958/1000 = 0.958 [0.944,0.969]
  len 5: 945/1000 = 0.945 [0.929,0.958]
  len 6: 926/1000 = 0.926 [0.908,0.941]
  written hist {2: 1022, 3: 950, 4: 825, 5: 892, 6: 696, 7: 126, 8: 64, 9: 89, 10: 60, 11: 48, 12: 14, 13: 8, 14: 3, 15: 2, 16: 3, 17: 2, 18: 1, 19: 1, 20: 1}
  pruned hist {2: 1031, 3: 954, 4: 852, 5: 880, 6: 776, 7: 42, 8: 53, 9: 88, 10: 54, 11: 47, 12: 16, 13: 4, 14: 2, 15: 2, 16: 2, 17: 1, 18: 1, 19: 1, 20: 1}
  frontier written 13 pruned 12
  reasons [('lean rejected', 158), ('lean_seq parse: env: exact goal mismatch', 10), ('lean_seq parse: env: formula', 7), ('lean_seq parse: env: binder mismatch', 7), ('lean_seq parse: env: unbound', 4), ('lean_seq parse: env: assign', 3)]
[la_R_s0 r6] targets cumulative: solved 4105/4495 L*=13 ge={7: 4105, 8: 2366, 9: 1392, 10: 482, 11: 138, 12: 74}
[la_R_s0 r6] transfer cumulative: solved 0/2285 L*=0 ge={7: 0, 8: 0, 9: 0, 10: 0, 11: 0, 12: 0}
python3 state_train.py --data artifacts/fsup/la_R_s0/mix_6.jsonl --init ckpts/fsup/ladder/la_R_s0_r5.pt --steps 600 --lr 0.0003 --min_lr 2.9999999999999997e-05 --warmup 50 --cap 0 --out ckpts/fsup/ladder/la_R_s0_r6.pt --seed 100006 --log_every 200 --recs 128
params 3216384 mode lean_staten
train records 84196 (skipped 0); pairs 985025; mean 11.699 per proof; max pair len 387; load 52s
/workspace/nd-takehome/state_train.py:142: UserWarning: Converting a tensor with requires_grad=True to a scalar may lead to unexpected behavior.
Consider using tensor.detach() first. (Triggered internally at /pytorch/torch/csrc/autograd/generated/python_variable_methods.cpp:835.)
  loss_sum += float(lb)
step 200 loss 0.0442 lr 2.53e-04 pairs/batch 1498 187s
step 400 loss 0.0458 lr 1.09e-04 pairs/batch 1496 394s
step 600 loss 0.0401 lr 3.00e-05 pairs/batch 1498 602s
uploaded ckpts/fsup/ladder/la_R_s0_r6.pt -> hf://buckets/dan-pandori/nd-rl/frontier-supply/ckpts/fsup/ladder/la_R_s0_r6.pt (md5 af0b31182686265e5bbddd6e5d866091, 3.3s)
saved ckpts/fsup/ladder/la_R_s0_r6.pt
=== round 6 done in 2647s; new proofs 21737; cum targets solved 4105 L*=13; transfer L*=0
[lean_gate] 143840 samples, parse-fail 8885 (no-eos 0, 0.000 %), distinct 127444: ok 103522, rej 23922 (filter 23922, prefilter=on); lean on 103522 texts in 259 procs, 12489.4s proc, exposed 441.5s, tail 429.8s, 32 workers
[la_R_s0 r7] targets (this round) SOLVED 4119/4495 = 0.916 [0.908,0.924]
  len 7: 1745/1800 = 0.969 [0.960,0.976]
  len 8: 975/1000 = 0.975 [0.963,0.983]
  len 9: 911/1004 = 0.907 [0.888,0.924]
  len 10: 350/456 = 0.768 [0.727,0.804]
  len 11: 64/99 = 0.646 [0.548,0.734]
  len 12: 69/106 = 0.651 [0.556,0.735]
  len 13: 4/16 = 0.250 [0.102,0.495]
  len 14: 1/14 = 0.071 [0.013,0.315]
  written hist {7: 1639, 8: 7472, 9: 7743, 10: 6319, 11: 4095, 12: 4576, 13: 4158, 14: 3358, 15: 2454, 16: 1930, 17: 1576, 18: 1323, 19: 1009, 20: 713, 21: 526, 22: 376, 23: 258, 24: 212, 25: 137, 26: 97, 27: 66, 28: 34, 29: 25, 30: 17, 31: 13, 32: 9, 33: 8, 34: 5, 35: 4, 36: 2, 37: 2, 39: 2, 40: 3}
  pruned hist {4: 8, 5: 299, 6: 1270, 7: 9429, 8: 7956, 9: 6498, 10: 4026, 11: 3133, 12: 3816, 13: 3150, 14: 2676, 15: 1844, 16: 1465, 17: 1131, 18: 966, 19: 744, 20: 533, 21: 352, 22: 264, 23: 188, 24: 144, 25: 93, 26: 54, 27: 40, 28: 19, 29: 16, 30: 14, 31: 8, 32: 6, 33: 7, 34: 4, 35: 3, 36: 2, 37: 1, 38: 1, 40: 1}
  frontier written 34 pruned 33
  reasons [('lean rejected', 24459), ('lean_seq parse: env: unbound', 3312), ('lean_seq parse: env: binder mismatch', 2000), ('lean_seq parse: env: Or.elim on non-or', 1398), ('lean_seq parse: env: formula', 782), ('lean_seq parse: env: exact goal mismatch', 590)]
[lean_gate] 2285 samples, parse-fail 162 (no-eos 0, 0.000 %), distinct 2123: ok 1327, rej 796 (filter 796, prefilter=on); lean on 1327 texts in 4 procs, 12.5s proc, exposed 4.1s, tail 3.9s, 32 workers
[la_R_s0 r7] transfer greedy SOLVED 1327/2285 = 0.581 [0.560,0.601]
  len 7: 177/300 = 0.590 [0.534,0.644]
  len 8: 218/300 = 0.727 [0.674,0.774]
  len 9: 658/1010 = 0.651 [0.622,0.680]
  len 10: 207/451 = 0.459 [0.414,0.505]
  len 11: 40/99 = 0.404 [0.313,0.503]
  len 12: 25/102 = 0.245 [0.172,0.337]
  len 13: 2/13 = 0.154 [0.043,0.422]
  len 14: 0/10 = 0.000 [0.000,0.278]
  written hist {7: 73, 8: 98, 9: 358, 10: 262, 11: 114, 12: 111, 13: 70, 14: 67, 15: 38, 16: 41, 17: 26, 18: 26, 19: 9, 20: 13, 21: 9, 22: 5, 23: 4, 24: 1, 25: 1, 26: 1}
  pruned hist {5: 4, 6: 7, 7: 118, 8: 186, 9: 373, 10: 183, 11: 98, 12: 105, 13: 55, 14: 60, 15: 29, 16: 36, 17: 27, 18: 16, 19: 8, 20: 10, 21: 7, 22: 3, 23: 2}
  frontier written 22 pruned 21
  reasons [('lean rejected', 796), ('lean_seq parse: env: binder mismatch', 43), ('lean_seq parse: env: unbound', 38), ('lean_seq parse: env: Or.elim on non-or', 22), ('lean_seq parse: env: exact goal mismatch', 20), ('lean_seq parse: env: formula', 18)]
[lean_gate] 5000 samples, parse-fail 28 (no-eos 0, 0.000 %), distinct 4972: ok 4799, rej 173 (filter 173, prefilter=on); lean on 4799 texts in 12 procs, 76.2s proc, exposed 7.8s, tail 7.5s, 32 workers
[la_R_s0 r7] heldout greedy SOLVED 4799/5000 = 0.960 [0.954,0.965]
  len 2: 997/1000 = 0.997 [0.991,0.999]
  len 3: 985/1000 = 0.985 [0.975,0.991]
  len 4: 957/1000 = 0.957 [0.943,0.968]
  len 5: 936/1000 = 0.936 [0.919,0.950]
  len 6: 924/1000 = 0.924 [0.906,0.939]
  written hist {2: 1016, 3: 954, 4: 811, 5: 867, 6: 656, 7: 165, 8: 71, 9: 100, 10: 70, 11: 51, 12: 20, 13: 7, 14: 1, 15: 3, 16: 4, 19: 2, 20: 1}
  pruned hist {2: 1025, 3: 955, 4: 837, 5: 851, 6: 778, 7: 53, 8: 61, 9: 91, 10: 65, 11: 49, 12: 19, 13: 5, 14: 1, 15: 3, 16: 4, 19: 2}
  frontier written 13 pruned 13
  reasons [('lean rejected', 173), ('lean_seq parse: env: formula', 6), ('lean_seq parse: env: binder mismatch', 6), ('lean_seq parse: env: exact goal mismatch', 6), ('lean_seq parse: env: unbound', 4), ('lean_seq parse: env: assign', 4)]
[la_R_s0 r7] targets cumulative: solved 4129/4495 L*=13 ge={7: 4129, 8: 2383, 9: 1407, 10: 493, 11: 141, 12: 76}
[la_R_s0 r7] transfer cumulative: solved 0/2285 L*=0 ge={7: 0, 8: 0, 9: 0, 10: 0, 11: 0, 12: 0}
python3 state_train.py --data artifacts/fsup/la_R_s0/mix_7.jsonl --init ckpts/fsup/ladder/la_R_s0_r6.pt --steps 600 --lr 0.0003 --min_lr 2.9999999999999997e-05 --warmup 50 --cap 0 --out ckpts/fsup/ladder/la_R_s0_r7.pt --seed 100007 --log_every 200 --recs 128
params 3216384 mode lean_staten
train records 84972 (skipped 0); pairs 1012866; mean 11.920 per proof; max pair len 357; load 53s
/workspace/nd-takehome/state_train.py:142: UserWarning: Converting a tensor with requires_grad=True to a scalar may lead to unexpected behavior.
Consider using tensor.detach() first. (Triggered internally at /pytorch/torch/csrc/autograd/generated/python_variable_methods.cpp:835.)
  loss_sum += float(lb)
step 200 loss 0.0478 lr 2.53e-04 pairs/batch 1525 187s
step 400 loss 0.0444 lr 1.09e-04 pairs/batch 1526 403s
step 600 loss 0.0486 lr 3.00e-05 pairs/batch 1527 618s
uploaded ckpts/fsup/ladder/la_R_s0_r7.pt -> hf://buckets/dan-pandori/nd-rl/frontier-supply/ckpts/fsup/ladder/la_R_s0_r7.pt (md5 475b8239936a4d970815b4e67a749bdc, 3.3s)
saved ckpts/fsup/ladder/la_R_s0_r7.pt
=== round 7 done in 2732s; new proofs 23635; cum targets solved 4129 L*=13; transfer L*=0
[lean_gate] 143840 samples, parse-fail 8839 (no-eos 0, 0.000 %), distinct 128767: ok 105598, rej 23169 (filter 23169, prefilter=on); lean on 105598 texts in 264 procs, 10385.0s proc, exposed 354.9s, tail 344.9s, 32 workers
[la_R_s0 r8] targets (this round) SOLVED 4154/4495 = 0.924 [0.916,0.932]
  len 7: 1751/1800 = 0.973 [0.964,0.979]
  len 8: 977/1000 = 0.977 [0.966,0.985]
  len 9: 921/1004 = 0.917 [0.899,0.933]
  len 10: 359/456 = 0.787 [0.747,0.822]
  len 11: 67/99 = 0.677 [0.580,0.761]
  len 12: 73/106 = 0.689 [0.595,0.769]
  len 13: 4/16 = 0.250 [0.102,0.495]
  len 14: 2/14 = 0.143 [0.040,0.399]
  written hist {7: 1601, 8: 8493, 9: 8759, 10: 7446, 11: 4719, 12: 5186, 13: 4643, 14: 3776, 15: 2808, 16: 2178, 17: 1791, 18: 1501, 19: 1138, 20: 859, 21: 626, 22: 436, 23: 355, 24: 258, 25: 122, 26: 109, 27: 92, 28: 45, 29: 35, 30: 27, 31: 16, 32: 10, 33: 8, 34: 2, 35: 2, 36: 2, 37: 2, 38: 2, 39: 1, 40: 1, 45: 1}
  pruned hist {4: 10, 5: 346, 6: 1446, 7: 10840, 8: 9201, 9: 7359, 10: 4631, 11: 3571, 12: 4283, 13: 3566, 14: 2928, 15: 2039, 16: 1637, 17: 1319, 18: 1068, 19: 818, 20: 592, 21: 439, 22: 295, 23: 227, 24: 169, 25: 72, 26: 56, 27: 51, 28: 29, 29: 18, 30: 19, 31: 7, 32: 4, 33: 2, 35: 1, 36: 2, 37: 1, 38: 2, 40: 1, 45: 1}
  frontier written 33 pruned 31
  reasons [('lean rejected', 23614), ('lean_seq parse: env: unbound', 3455), ('lean_seq parse: env: binder mismatch', 1897), ('lean_seq parse: env: Or.elim on non-or', 1426), ('lean_seq parse: env: formula', 649), ('lean_seq parse: env: exact goal mismatch', 530)]
[lean_gate] 2285 samples, parse-fail 161 (no-eos 0, 0.000 %), distinct 2124: ok 1316, rej 808 (filter 808, prefilter=on); lean on 1316 texts in 4 procs, 12.5s proc, exposed 4.4s, tail 4.1s, 32 workers
[la_R_s0 r8] transfer greedy SOLVED 1316/2285 = 0.576 [0.556,0.596]
  len 7: 180/300 = 0.600 [0.544,0.654]
  len 8: 217/300 = 0.723 [0.670,0.771]
  len 9: 646/1010 = 0.640 [0.610,0.669]
  len 10: 204/451 = 0.452 [0.407,0.498]
  len 11: 35/99 = 0.354 [0.266,0.452]
  len 12: 32/102 = 0.314 [0.232,0.409]
  len 13: 1/13 = 0.077 [0.014,0.333]
  len 14: 1/10 = 0.100 [0.018,0.404]
  written hist {7: 60, 8: 101, 9: 310, 10: 275, 11: 120, 12: 107, 13: 68, 14: 78, 15: 42, 16: 54, 17: 32, 18: 22, 19: 9, 20: 15, 21: 9, 22: 8, 23: 2, 24: 2, 25: 1, 26: 1}
  pruned hist {5: 3, 6: 7, 7: 116, 8: 179, 9: 350, 10: 186, 11: 96, 12: 97, 13: 55, 14: 63, 15: 41, 16: 38, 17: 29, 18: 19, 19: 9, 20: 11, 21: 6, 22: 7, 23: 1, 24: 2, 25: 1}
  frontier written 22 pruned 22
  reasons [('lean rejected', 808), ('lean_seq parse: env: binder mismatch', 51), ('lean_seq parse: env: unbound', 29), ('lean_seq parse: env: Or.elim on non-or', 25), ('lean_seq parse: env: formula', 17), ('lean_seq parse: env: exact goal mismatch', 17)]
[lean_gate] 5000 samples, parse-fail 34 (no-eos 0, 0.000 %), distinct 4966: ok 4807, rej 159 (filter 159, prefilter=on); lean on 4807 texts in 13 procs, 74.0s proc, exposed 7.6s, tail 7.3s, 32 workers
[la_R_s0 r8] heldout greedy SOLVED 4807/5000 = 0.961 [0.956,0.966]
  len 2: 998/1000 = 0.998 [0.993,0.999]
  len 3: 989/1000 = 0.989 [0.980,0.994]
  len 4: 951/1000 = 0.951 [0.936,0.963]
  len 5: 941/1000 = 0.941 [0.925,0.954]
  len 6: 928/1000 = 0.928 [0.910,0.942]
  written hist {2: 1022, 3: 950, 4: 784, 5: 863, 6: 634, 7: 191, 8: 80, 9: 109, 10: 72, 11: 62, 12: 16, 13: 9, 14: 3, 15: 6, 16: 4, 19: 1, 28: 1}
  pruned hist {2: 1031, 3: 951, 4: 813, 5: 856, 6: 762, 7: 58, 8: 66, 9: 107, 10: 69, 11: 59, 12: 16, 13: 6, 14: 2, 15: 6, 16: 4, 28: 1}
  frontier written 15 pruned 15
  reasons [('lean rejected', 159), ('lean_seq parse: env: exact goal mismatch', 11), ('lean_seq parse: env: unbound', 6), ('lean_seq parse: env: binder mismatch', 5), ('lean_seq parse: env: assign', 5), ('lean_seq parse: env: Or.elim on non-or', 3)]
[la_R_s0 r8] targets cumulative: solved 4160/4495 L*=13 ge={7: 4160, 8: 2409, 9: 1430, 10: 507, 11: 147, 12: 79}
[la_R_s0 r8] transfer cumulative: solved 0/2285 L*=0 ge={7: 0, 8: 0, 9: 0, 10: 0, 11: 0, 12: 0}
python3 state_train.py --data artifacts/fsup/la_R_s0/mix_8.jsonl --init ckpts/fsup/ladder/la_R_s0_r7.pt --steps 600 --lr 0.0003 --min_lr 2.9999999999999997e-05 --warmup 50 --cap 0 --out ckpts/fsup/ladder/la_R_s0_r8.pt --seed 100008 --log_every 200 --recs 128
params 3216384 mode lean_staten
train records 85600 (skipped 0); pairs 1036304; mean 12.106 per proof; max pair len 350; load 63s
/workspace/nd-takehome/state_train.py:142: UserWarning: Converting a tensor with requires_grad=True to a scalar may lead to unexpected behavior.
Consider using tensor.detach() first. (Triggered internally at /pytorch/torch/csrc/autograd/generated/python_variable_methods.cpp:835.)
  loss_sum += float(lb)
step 200 loss 0.0499 lr 2.53e-04 pairs/batch 1545 191s
step 400 loss 0.0437 lr 1.09e-04 pairs/batch 1549 410s
step 600 loss 0.0448 lr 3.00e-05 pairs/batch 1552 628s
uploaded ckpts/fsup/ladder/la_R_s0_r8.pt -> hf://buckets/dan-pandori/nd-rl/frontier-supply/ckpts/fsup/ladder/la_R_s0_r8.pt (md5 cf812ecab56997cced9f8027ccc91756, 3.4s)
saved ckpts/fsup/ladder/la_R_s0_r8.pt
=== round 8 done in 2746s; new proofs 28174; cum targets solved 4160 L*=13; transfer L*=0
=== reread la_R_s0 lp2 2026-09-30T09:47:20Z
=== reread la_R_s0 rr 2026-09-30T09:53:19Z
=== ladder done 2026-09-30T10:20:24Z
