START 2026-09-24T18:53:35Z until [ -f ckpts/kh/stage1_k14_s0.pt ]; do sleep 30; done; python3 coverage_lean.py --ckpt ckpts/kh/stage1_k14_s0.pt --in data/r3_1/depth3_req.jsonl --k 2000 --temperature 0.8 --seed 0 --batch 1024 --procs 2 --out artifacts/kh/cov_k14_s0_d3req
shard 0/1: 300 theorems, 0 already done; k=2000 T=0.8 batch=1024
d3req_0: n_ok 1499/2000 (nd-only 0, parse-fail 299) distinct_ok 55 first_hit 2 written_hist {8: 1, 9: 23, 10: 1, 12: 5, 13: 25} lean 1s (5s; 1 done, 5s/thm, ETA 26 min)
d3req_1: n_ok 29/2000 (nd-only 0, parse-fail 1955) distinct_ok 5 first_hit 106 written_hist {8: 1, 9: 1, 11: 2, 13: 1} lean 0s (11s; 2 done, 8s/thm, ETA 39 min)
d3req_2: n_ok 537/2000 (nd-only 0, parse-fail 109) distinct_ok 35 first_hit 2 written_hist {8: 1, 9: 30, 10: 2, 11: 1, 13: 1} lean 1s (5s; 3 done, 7s/thm, ETA 33 min)
d3req_3: n_ok 110/2000 (nd-only 0, parse-fail 1869) distinct_ok 3 first_hit 13 written_hist {8: 1, 9: 2} lean 0s (6s; 4 done, 7s/thm, ETA 33 min)
d3req_4: n_ok 110/2000 (nd-only 0, parse-fail 1883) distinct_ok 9 first_hit 49 written_hist {8: 3, 9: 5, 11: 1} lean 0s (6s; 5 done, 6s/thm, ETA 31 min)
d3req_5: n_ok 225/2000 (nd-only 0, parse-fail 1238) distinct_ok 12 first_hit 9 written_hist {8: 1, 9: 10, 14: 1} lean 0s (15s; 6 done, 8s/thm, ETA 38 min)
d3req_6: n_ok 679/2000 (nd-only 0, parse-fail 277) distinct_ok 12 first_hit 1 written_hist {8: 1, 9: 10, 11: 1} lean 0s (4s; 7 done, 7s/thm, ETA 35 min)
d3req_7: n_ok 33/2000 (nd-only 0, parse-fail 1927) distinct_ok 3 first_hit 73 written_hist {8: 3} lean 0s (4s; 8 done, 7s/thm, ETA 33 min)
d3req_8: n_ok 2/2000 (nd-only 0, parse-fail 1973) distinct_ok 1 first_hit 300 written_hist {8: 1} lean 0s (4s; 9 done, 7s/thm, ETA 32 min)
d3req_9: n_ok 8/2000 (nd-only 0, parse-fail 1704) distinct_ok 1 first_hit 106 written_hist {8: 1} lean 0s (11s; 10 done, 7s/thm, ETA 34 min)
d3req_10: n_ok 18/2000 (nd-only 0, parse-fail 1967) distinct_ok 3 first_hit 94 written_hist {8: 3} lean 0s (11s; 11 done, 7s/thm, ETA 36 min)
d3req_11: n_ok 16/2000 (nd-only 0, parse-fail 1923) distinct_ok 2 first_hit 60 written_hist {8: 2} lean 0s (12s; 12 done, 8s/thm, ETA 37 min)
d3req_12: n_ok 4/2000 (nd-only 0, parse-fail 1815) distinct_ok 1 first_hit 656 written_hist {8: 1} lean 0s (12s; 13 done, 8s/thm, ETA 39 min)
d3req_13: n_ok 326/2000 (nd-only 0, parse-fail 1586) distinct_ok 13 first_hit 9 written_hist {8: 1, 9: 8, 10: 3, 13: 1} lean 1s (12s; 14 done, 8s/thm, ETA 40 min)
d3req_14: n_ok 41/2000 (nd-only 0, parse-fail 851) distinct_ok 14 first_hit 61 written_hist {8: 1, 9: 12, 11: 1} lean 0s (14s; 15 done, 9s/thm, ETA 41 min)
d3req_15: n_ok 1/2000 (nd-only 0, parse-fail 1960) distinct_ok 1 first_hit 1417 written_hist {11: 1} lean 0s (10s; 16 done, 9s/thm, ETA 42 min)
d3req_16: n_ok 455/2000 (nd-only 0, parse-fail 141) distinct_ok 2 first_hit 3 written_hist {8: 1, 12: 1} lean 0s (5s; 17 done, 9s/thm, ETA 41 min)
d3req_17: n_ok 0/2000 (nd-only 0, parse-fail 1996) distinct_ok 0 first_hit None written_hist {} lean 0s (5s; 18 done, 8s/thm, ETA 40 min)
d3req_18: n_ok 0/2000 (nd-only 0, parse-fail 1394) distinct_ok 0 first_hit None written_hist {} lean 0s (8s; 19 done, 8s/thm, ETA 39 min)
d3req_19: n_ok 3/2000 (nd-only 0, parse-fail 1989) distinct_ok 1 first_hit 748 written_hist {8: 1} lean 0s (6s; 20 done, 8s/thm, ETA 39 min)
d3req_20: n_ok 0/2000 (nd-only 0, parse-fail 1853) distinct_ok 0 first_hit None written_hist {} lean 0s (8s; 21 done, 8s/thm, ETA 38 min)
d3req_21: n_ok 362/2000 (nd-only 0, parse-fail 867) distinct_ok 54 first_hit 6 written_hist {8: 1, 9: 38, 10: 7, 11: 1, 12: 2, 13: 5} lean 1s (6s; 22 done, 8s/thm, ETA 38 min)
d3req_22: n_ok 44/2000 (nd-only 0, parse-fail 1949) distinct_ok 2 first_hit 32 written_hist {8: 1, 14: 1} lean 0s (8s; 23 done, 8s/thm, ETA 38 min)
d3req_23: n_ok 1/2000 (nd-only 0, parse-fail 1145) distinct_ok 1 first_hit 984 written_hist {8: 1} lean 0s (5s; 24 done, 8s/thm, ETA 37 min)
d3req_24: n_ok 865/2000 (nd-only 0, parse-fail 591) distinct_ok 15 first_hit 1 written_hist {8: 1, 9: 12, 13: 2} lean 0s (5s; 25 done, 8s/thm, ETA 36 min)
d3req_25: n_ok 150/2000 (nd-only 0, parse-fail 1684) distinct_ok 6 first_hit 13 written_hist {8: 3, 9: 3} lean 0s (6s; 26 done, 8s/thm, ETA 36 min)
d3req_26: n_ok 0/2000 (nd-only 0, parse-fail 79) distinct_ok 0 first_hit None written_hist {} lean 0s (5s; 27 done, 8s/thm, ETA 35 min)
d3req_27: n_ok 4/2000 (nd-only 0, parse-fail 1873) distinct_ok 2 first_hit 655 written_hist {8: 2} lean 0s (7s; 28 done, 8s/thm, ETA 35 min)
d3req_28: n_ok 3/2000 (nd-only 0, parse-fail 1982) distinct_ok 2 first_hit 103 written_hist {8: 1, 13: 1} lean 0s (5s; 29 done, 8s/thm, ETA 34 min)
d3req_29: n_ok 924/2000 (nd-only 0, parse-fail 935) distinct_ok 8 first_hit 1 written_hist {8: 2, 9: 5, 11: 1} lean 0s (5s; 30 done, 8s/thm, ETA 34 min)
d3req_30: n_ok 24/2000 (nd-only 0, parse-fail 1972) distinct_ok 3 first_hit 6 written_hist {8: 1, 9: 1, 11: 1} lean 0s (7s; 31 done, 8s/thm, ETA 34 min)
d3req_31: n_ok 0/2000 (nd-only 0, parse-fail 777) distinct_ok 0 first_hit None written_hist {} lean 0s (7s; 32 done, 8s/thm, ETA 34 min)
d3req_32: n_ok 6/2000 (nd-only 0, parse-fail 200) distinct_ok 4 first_hit 623 written_hist {8: 1, 9: 2, 13: 1} lean 0s (5s; 33 done, 7s/thm, ETA 33 min)
d3req_33: n_ok 509/2000 (nd-only 0, parse-fail 1482) distinct_ok 22 first_hit 1 written_hist {8: 1, 9: 17, 12: 3, 14: 1} lean 0s (8s; 34 done, 7s/thm, ETA 33 min)
d3req_34: n_ok 225/2000 (nd-only 0, parse-fail 1770) distinct_ok 16 first_hit 10 written_hist {8: 2, 9: 10, 10: 2, 13: 2} lean 0s (6s; 35 done, 7s/thm, ETA 33 min)
d3req_35: n_ok 9/2000 (nd-only 0, parse-fail 128) distinct_ok 2 first_hit 397 written_hist {8: 1, 9: 1} lean 0s (5s; 36 done, 7s/thm, ETA 32 min)
d3req_36: n_ok 62/2000 (nd-only 0, parse-fail 1844) distinct_ok 4 first_hit 56 written_hist {8: 1, 9: 3} lean 0s (7s; 37 done, 7s/thm, ETA 32 min)
d3req_37: n_ok 483/2000 (nd-only 0, parse-fail 1400) distinct_ok 2 first_hit 6 written_hist {8: 1, 9: 1} lean 0s (7s; 38 done, 7s/thm, ETA 32 min)
d3req_38: n_ok 6/2000 (nd-only 0, parse-fail 1935) distinct_ok 2 first_hit 585 written_hist {8: 1, 13: 1} lean 0s (7s; 39 done, 7s/thm, ETA 32 min)
d3req_39: n_ok 6/2000 (nd-only 0, parse-fail 52) distinct_ok 3 first_hit 39 written_hist {8: 3} lean 0s (5s; 40 done, 7s/thm, ETA 31 min)
d3req_40: n_ok 12/2000 (nd-only 0, parse-fail 1979) distinct_ok 3 first_hit 88 written_hist {8: 3} lean 0s (6s; 41 done, 7s/thm, ETA 31 min)
d3req_41: n_ok 34/2000 (nd-only 0, parse-fail 1898) distinct_ok 3 first_hit 51 written_hist {7: 1, 9: 1, 10: 1} lean 0s (6s; 42 done, 7s/thm, ETA 31 min)
d3req_42: n_ok 1236/2000 (nd-only 0, parse-fail 537) distinct_ok 10 first_hit 1 written_hist {8: 1, 9: 9} lean 0s (6s; 43 done, 7s/thm, ETA 31 min)
d3req_43: n_ok 82/2000 (nd-only 0, parse-fail 1847) distinct_ok 5 first_hit 2 written_hist {8: 1, 9: 4} lean 0s (6s; 44 done, 7s/thm, ETA 30 min)
d3req_44: n_ok 1632/2000 (nd-only 0, parse-fail 329) distinct_ok 19 first_hit 1 written_hist {8: 1, 9: 11, 10: 2, 11: 1, 13: 2, 14: 2} lean 1s (6s; 45 done, 7s/thm, ETA 30 min)
d3req_45: n_ok 45/2000 (nd-only 0, parse-fail 1777) distinct_ok 5 first_hit 16 written_hist {8: 1, 9: 1, 11: 1, 13: 2} lean 0s (7s; 46 done, 7s/thm, ETA 30 min)
d3req_46: n_ok 617/2000 (nd-only 0, parse-fail 1365) distinct_ok 7 first_hit 5 written_hist {8: 3, 9: 4} lean 0s (6s; 47 done, 7s/thm, ETA 30 min)
d3req_47: n_ok 13/2000 (nd-only 0, parse-fail 1807) distinct_ok 1 first_hit 387 written_hist {8: 1} lean 0s (7s; 48 done, 7s/thm, ETA 30 min)
d3req_48: n_ok 718/2000 (nd-only 0, parse-fail 1226) distinct_ok 5 first_hit 4 written_hist {8: 2, 9: 2, 13: 1} lean 0s (6s; 49 done, 7s/thm, ETA 30 min)
d3req_49: n_ok 996/2000 (nd-only 0, parse-fail 956) distinct_ok 6 first_hit 1 written_hist {8: 1, 9: 4, 13: 1} lean 0s (7s; 50 done, 7s/thm, ETA 29 min)
d3req_50: n_ok 1368/2000 (nd-only 0, parse-fail 508) distinct_ok 8 first_hit 1 written_hist {8: 1, 9: 7} lean 0s (6s; 51 done, 7s/thm, ETA 29 min)
d3req_51: n_ok 124/2000 (nd-only 0, parse-fail 1864) distinct_ok 1 first_hit 19 written_hist {8: 1} lean 0s (8s; 52 done, 7s/thm, ETA 29 min)
d3req_52: n_ok 0/2000 (nd-only 0, parse-fail 1124) distinct_ok 0 first_hit None written_hist {} lean 0s (8s; 53 done, 7s/thm, ETA 29 min)
d3req_53: n_ok 127/2000 (nd-only 0, parse-fail 1863) distinct_ok 3 first_hit 7 written_hist {8: 2, 9: 1} lean 0s (6s; 54 done, 7s/thm, ETA 29 min)
d3req_54: n_ok 0/2000 (nd-only 0, parse-fail 1246) distinct_ok 0 first_hit None written_hist {} lean 0s (7s; 55 done, 7s/thm, ETA 29 min)
d3req_55: n_ok 811/2000 (nd-only 0, parse-fail 1079) distinct_ok 9 first_hit 2 written_hist {8: 1, 9: 7, 12: 1} lean 0s (7s; 56 done, 7s/thm, ETA 29 min)
d3req_56: n_ok 328/2000 (nd-only 0, parse-fail 862) distinct_ok 10 first_hit 14 written_hist {8: 1, 9: 9} lean 0s (5s; 57 done, 7s/thm, ETA 28 min)
d3req_57: n_ok 20/2000 (nd-only 0, parse-fail 1219) distinct_ok 2 first_hit 66 written_hist {8: 2} lean 0s (6s; 58 done, 7s/thm, ETA 28 min)
d3req_58: n_ok 2/2000 (nd-only 0, parse-fail 1749) distinct_ok 1 first_hit 1505 written_hist {8: 1} lean 0s (9s; 59 done, 7s/thm, ETA 28 min)
d3req_59: n_ok 79/2000 (nd-only 0, parse-fail 348) distinct_ok 7 first_hit 41 written_hist {8: 1, 9: 5, 10: 1} lean 0s (8s; 60 done, 7s/thm, ETA 28 min)
d3req_60: n_ok 941/2000 (nd-only 0, parse-fail 1005) distinct_ok 11 first_hit 1 written_hist {8: 2, 9: 9} lean 0s (8s; 61 done, 7s/thm, ETA 28 min)
d3req_61: n_ok 5/2000 (nd-only 0, parse-fail 684) distinct_ok 2 first_hit 106 written_hist {8: 2} lean 0s (10s; 62 done, 7s/thm, ETA 28 min)
d3req_62: n_ok 106/2000 (nd-only 0, parse-fail 1881) distinct_ok 6 first_hit 11 written_hist {8: 1, 9: 4, 10: 1} lean 0s (6s; 63 done, 7s/thm, ETA 28 min)
d3req_63: n_ok 155/2000 (nd-only 0, parse-fail 1222) distinct_ok 1 first_hit 42 written_hist {8: 1} lean 0s (8s; 64 done, 7s/thm, ETA 28 min)
d3req_64: n_ok 468/2000 (nd-only 0, parse-fail 1485) distinct_ok 15 first_hit 9 written_hist {8: 2, 9: 1, 12: 7, 13: 2, 16: 3} lean 0s (8s; 65 done, 7s/thm, ETA 28 min)
d3req_65: n_ok 18/2000 (nd-only 0, parse-fail 1396) distinct_ok 2 first_hit 18 written_hist {8: 1, 9: 1} lean 0s (8s; 66 done, 7s/thm, ETA 28 min)
d3req_66: n_ok 1781/2000 (nd-only 0, parse-fail 153) distinct_ok 34 first_hit 1 written_hist {8: 1, 9: 29, 10: 1, 13: 3} lean 1s (7s; 67 done, 7s/thm, ETA 28 min)
d3req_67: n_ok 1/2000 (nd-only 0, parse-fail 1825) distinct_ok 1 first_hit 1305 written_hist {8: 1} lean 0s (7s; 68 done, 7s/thm, ETA 27 min)
d3req_68: n_ok 230/2000 (nd-only 0, parse-fail 748) distinct_ok 36 first_hit 1 written_hist {8: 4, 9: 24, 11: 4, 12: 2, 13: 2} lean 0s (7s; 69 done, 7s/thm, ETA 27 min)
d3req_69: n_ok 0/2000 (nd-only 0, parse-fail 1687) distinct_ok 0 first_hit None written_hist {} lean 0s (16s; 70 done, 7s/thm, ETA 28 min)
d3req_70: n_ok 752/2000 (nd-only 0, parse-fail 950) distinct_ok 4 first_hit 7 written_hist {8: 2, 9: 2} lean 9s (38s; 71 done, 8s/thm, ETA 29 min)
d3req_71: n_ok 225/2000 (nd-only 0, parse-fail 1741) distinct_ok 3 first_hit 29 written_hist {8: 1, 9: 2} lean 3s (26s; 72 done, 8s/thm, ETA 30 min)
d3req_72: n_ok 450/2000 (nd-only 0, parse-fail 1508) distinct_ok 3 first_hit 2 written_hist {8: 1, 9: 2} lean 7s (33s; 73 done, 8s/thm, ETA 31 min)
d3req_73: n_ok 26/2000 (nd-only 0, parse-fail 1938) distinct_ok 1 first_hit 83 written_hist {9: 1} lean 6s (30s; 74 done, 9s/thm, ETA 32 min)
d3req_74: n_ok 35/2000 (nd-only 0, parse-fail 1046) distinct_ok 4 first_hit 167 written_hist {8: 3, 11: 1} lean 4s (24s; 75 done, 9s/thm, ETA 33 min)
d3req_75: n_ok 234/2000 (nd-only 0, parse-fail 1751) distinct_ok 12 first_hit 14 written_hist {8: 9, 9: 2, 13: 1} lean 8s (23s; 76 done, 9s/thm, ETA 33 min)
d3req_76: n_ok 20/2000 (nd-only 0, parse-fail 1022) distinct_ok 2 first_hit 194 written_hist {8: 1, 9: 1} lean 4s (32s; 77 done, 9s/thm, ETA 34 min)
d3req_77: n_ok 61/2000 (nd-only 0, parse-fail 1858) distinct_ok 8 first_hit 55 written_hist {8: 1, 9: 3, 10: 1, 12: 1, 13: 1, 14: 1} lean 5s (23s; 78 done, 9s/thm, ETA 35 min)
d3req_78: n_ok 1/2000 (nd-only 0, parse-fail 253) distinct_ok 1 first_hit 25 written_hist {8: 1} lean 4s (35s; 79 done, 10s/thm, ETA 36 min)
d3req_79: n_ok 10/2000 (nd-only 0, parse-fail 1920) distinct_ok 4 first_hit 112 written_hist {8: 1, 9: 1, 12: 1, 14: 1} lean 5s (27s; 80 done, 10s/thm, ETA 37 min)
d3req_80: n_ok 0/2000 (nd-only 0, parse-fail 1874) distinct_ok 0 first_hit None written_hist {} lean 0s (20s; 81 done, 10s/thm, ETA 37 min)
d3req_81: n_ok 256/2000 (nd-only 0, parse-fail 1728) distinct_ok 16 first_hit 6 written_hist {8: 1, 9: 13, 11: 1, 14: 1} lean 1s (23s; 82 done, 10s/thm, ETA 37 min)
d3req_82: n_ok 6/2000 (nd-only 0, parse-fail 1986) distinct_ok 1 first_hit 25 written_hist {8: 1} lean 0s (4s; 83 done, 10s/thm, ETA 37 min)
d3req_83: n_ok 10/2000 (nd-only 0, parse-fail 97) distinct_ok 1 first_hit 626 written_hist {8: 1} lean 0s (4s; 84 done, 10s/thm, ETA 36 min)
d3req_84: n_ok 298/2000 (nd-only 0, parse-fail 1688) distinct_ok 21 first_hit 6 written_hist {8: 2, 9: 13, 12: 1, 13: 5} lean 0s (4s; 85 done, 10s/thm, ETA 36 min)
d3req_85: n_ok 693/2000 (nd-only 0, parse-fail 712) distinct_ok 24 first_hit 2 written_hist {8: 1, 9: 19, 11: 1, 13: 3} lean 1s (5s; 86 done, 10s/thm, ETA 35 min)
d3req_86: n_ok 544/2000 (nd-only 0, parse-fail 406) distinct_ok 23 first_hit 1 written_hist {8: 2, 9: 17, 10: 1, 11: 2, 13: 1} lean 1s (7s; 87 done, 10s/thm, ETA 35 min)
d3req_87: n_ok 19/2000 (nd-only 0, parse-fail 1971) distinct_ok 2 first_hit 98 written_hist {8: 2} lean 0s (7s; 88 done, 10s/thm, ETA 35 min)
d3req_88: n_ok 244/2000 (nd-only 0, parse-fail 421) distinct_ok 4 first_hit 2 written_hist {8: 1, 9: 3} lean 0s (5s; 89 done, 10s/thm, ETA 35 min)
d3req_89: n_ok 131/2000 (nd-only 0, parse-fail 1805) distinct_ok 8 first_hit 34 written_hist {8: 1, 9: 6, 10: 1} lean 0s (7s; 90 done, 10s/thm, ETA 34 min)
d3req_90: n_ok 162/2000 (nd-only 0, parse-fail 1819) distinct_ok 1 first_hit 12 written_hist {8: 1} lean 0s (9s; 91 done, 10s/thm, ETA 34 min)
d3req_91: n_ok 0/2000 (nd-only 0, parse-fail 71) distinct_ok 0 first_hit None written_hist {} lean 0s (5s; 92 done, 10s/thm, ETA 34 min)
d3req_92: n_ok 330/2000 (nd-only 0, parse-fail 1589) distinct_ok 2 first_hit 1 written_hist {8: 1, 9: 1} lean 0s (7s; 93 done, 10s/thm, ETA 33 min)
d3req_93: n_ok 759/2000 (nd-only 0, parse-fail 499) distinct_ok 27 first_hit 1 written_hist {8: 1, 9: 24, 13: 2} lean 1s (6s; 94 done, 10s/thm, ETA 33 min)
d3req_94: n_ok 88/2000 (nd-only 0, parse-fail 1878) distinct_ok 2 first_hit 10 written_hist {8: 1, 9: 1} lean 0s (6s; 95 done, 10s/thm, ETA 33 min)
d3req_95: n_ok 215/2000 (nd-only 0, parse-fail 1768) distinct_ok 16 first_hit 1 written_hist {8: 1, 9: 5, 10: 1, 12: 2, 13: 7} lean 0s (7s; 96 done, 10s/thm, ETA 33 min)
d3req_96: n_ok 238/2000 (nd-only 0, parse-fail 1715) distinct_ok 2 first_hit 20 written_hist {8: 1, 9: 1} lean 0s (8s; 97 done, 10s/thm, ETA 32 min)
d3req_97: n_ok 3/2000 (nd-only 0, parse-fail 170) distinct_ok 3 first_hit 982 written_hist {8: 2, 9: 1} lean 0s (6s; 98 done, 10s/thm, ETA 32 min)
d3req_98: n_ok 1463/2000 (nd-only 0, parse-fail 127) distinct_ok 33 first_hit 1 written_hist {8: 2, 9: 26, 12: 3, 13: 2} lean 1s (6s; 99 done, 9s/thm, ETA 32 min)
d3req_99: n_ok 125/2000 (nd-only 0, parse-fail 865) distinct_ok 6 first_hit 11 written_hist {8: 2, 9: 3, 13: 1} lean 0s (5s; 100 done, 9s/thm, ETA 32 min)
d3req_100: n_ok 127/2000 (nd-only 0, parse-fail 1848) distinct_ok 16 first_hit 4 written_hist {9: 6, 10: 7, 14: 3} lean 0s (7s; 101 done, 9s/thm, ETA 31 min)
d3req_101: n_ok 592/2000 (nd-only 0, parse-fail 1267) distinct_ok 5 first_hit 6 written_hist {8: 2, 9: 3} lean 0s (7s; 102 done, 9s/thm, ETA 31 min)
d3req_102: n_ok 285/2000 (nd-only 0, parse-fail 1616) distinct_ok 7 first_hit 4 written_hist {8: 1, 9: 6} lean 0s (6s; 103 done, 9s/thm, ETA 31 min)
d3req_103: n_ok 721/2000 (nd-only 0, parse-fail 1091) distinct_ok 16 first_hit 2 written_hist {8: 1, 9: 10, 10: 1, 13: 4} lean 0s (6s; 104 done, 9s/thm, ETA 31 min)
d3req_104: n_ok 150/2000 (nd-only 0, parse-fail 1416) distinct_ok 1 first_hit 15 written_hist {8: 1} lean 0s (7s; 105 done, 9s/thm, ETA 30 min)
d3req_105: n_ok 0/2000 (nd-only 0, parse-fail 28) distinct_ok 0 first_hit None written_hist {} lean 0s (7s; 106 done, 9s/thm, ETA 30 min)
d3req_106: n_ok 20/2000 (nd-only 0, parse-fail 1727) distinct_ok 9 first_hit 118 written_hist {8: 3, 9: 6} lean 0s (8s; 107 done, 9s/thm, ETA 30 min)
d3req_107: n_ok 0/2000 (nd-only 0, parse-fail 50) distinct_ok 0 first_hit None written_hist {} lean 0s (9s; 108 done, 9s/thm, ETA 30 min)
d3req_108: n_ok 1524/2000 (nd-only 0, parse-fail 414) distinct_ok 52 first_hit 1 written_hist {8: 2, 9: 49, 13: 1} lean 1s (7s; 109 done, 9s/thm, ETA 29 min)
d3req_109: n_ok 0/2000 (nd-only 0, parse-fail 1949) distinct_ok 0 first_hit None written_hist {} lean 0s (8s; 110 done, 9s/thm, ETA 29 min)
d3req_110: n_ok 69/2000 (nd-only 0, parse-fail 1920) distinct_ok 2 first_hit 64 written_hist {8: 1, 9: 1} lean 0s (7s; 111 done, 9s/thm, ETA 29 min)
d3req_111: n_ok 120/2000 (nd-only 0, parse-fail 1733) distinct_ok 4 first_hit 31 written_hist {8: 2, 11: 2} lean 0s (8s; 112 done, 9s/thm, ETA 29 min)
d3req_112: n_ok 0/2000 (nd-only 0, parse-fail 1945) distinct_ok 0 first_hit None written_hist {} lean 0s (9s; 113 done, 9s/thm, ETA 29 min)
d3req_113: n_ok 22/2000 (nd-only 0, parse-fail 1186) distinct_ok 4 first_hit 176 written_hist {8: 1, 9: 2, 10: 1} lean 0s (7s; 114 done, 9s/thm, ETA 28 min)
d3req_114: n_ok 0/2000 (nd-only 0, parse-fail 1885) distinct_ok 0 first_hit None written_hist {} lean 0s (8s; 115 done, 9s/thm, ETA 28 min)
d3req_115: n_ok 32/2000 (nd-only 0, parse-fail 1683) distinct_ok 4 first_hit 54 written_hist {8: 1, 9: 3} lean 0s (9s; 116 done, 9s/thm, ETA 28 min)
d3req_116: n_ok 0/2000 (nd-only 0, parse-fail 1913) distinct_ok 0 first_hit None written_hist {} lean 0s (11s; 117 done, 9s/thm, ETA 28 min)
d3req_117: n_ok 6/2000 (nd-only 0, parse-fail 1620) distinct_ok 3 first_hit 246 written_hist {10: 2, 13: 1} lean 1s (27s; 118 done, 9s/thm, ETA 28 min)
d3req_118: n_ok 981/2000 (nd-only 0, parse-fail 571) distinct_ok 3 first_hit 1 written_hist {8: 2, 9: 1} lean 9s (32s; 119 done, 10s/thm, ETA 29 min)
d3req_119: n_ok 0/2000 (nd-only 0, parse-fail 1968) distinct_ok 0 first_hit None written_hist {} lean 0s (23s; 120 done, 10s/thm, ETA 29 min)
d3req_120: n_ok 180/2000 (nd-only 0, parse-fail 852) distinct_ok 3 first_hit 1 written_hist {8: 1, 9: 2} lean 5s (31s; 121 done, 10s/thm, ETA 29 min)
d3req_121: n_ok 1571/2000 (nd-only 0, parse-fail 346) distinct_ok 15 first_hit 2 written_hist {8: 1, 9: 4, 10: 2, 11: 2, 12: 4, 13: 1, 15: 1} lean 11s (35s; 122 done, 10s/thm, ETA 30 min)
d3req_122: n_ok 530/2000 (nd-only 0, parse-fail 1326) distinct_ok 15 first_hit 9 written_hist {8: 3, 9: 11, 13: 1} lean 7s (36s; 123 done, 10s/thm, ETA 30 min)
d3req_123: n_ok 164/2000 (nd-only 0, parse-fail 1818) distinct_ok 1 first_hit 11 written_hist {8: 1} lean 6s (29s; 124 done, 10s/thm, ETA 30 min)
d3req_124: n_ok 0/2000 (nd-only 0, parse-fail 1975) distinct_ok 0 first_hit None written_hist {} lean 0s (47s; 125 done, 11s/thm, ETA 31 min)
d3req_125: n_ok 26/2000 (nd-only 0, parse-fail 1967) distinct_ok 3 first_hit 90 written_hist {8: 1, 13: 2} lean 4s (27s; 126 done, 11s/thm, ETA 31 min)
d3req_126: n_ok 0/2000 (nd-only 0, parse-fail 1903) distinct_ok 0 first_hit None written_hist {} lean 0s (19s; 127 done, 11s/thm, ETA 31 min)
d3req_127: n_ok 840/2000 (nd-only 0, parse-fail 1083) distinct_ok 25 first_hit 1 written_hist {8: 1, 9: 19, 10: 4, 11: 1} lean 11s (38s; 128 done, 11s/thm, ETA 32 min)
d3req_128: n_ok 84/2000 (nd-only 0, parse-fail 538) distinct_ok 3 first_hit 1 written_hist {8: 2, 9: 1} lean 5s (36s; 129 done, 11s/thm, ETA 32 min)
d3req_129: n_ok 0/2000 (nd-only 0, parse-fail 1980) distinct_ok 0 first_hit None written_hist {} lean 0s (23s; 130 done, 11s/thm, ETA 32 min)
d3req_130: n_ok 558/2000 (nd-only 0, parse-fail 1042) distinct_ok 9 first_hit 4 written_hist {8: 1, 9: 8} lean 6s (25s; 131 done, 11s/thm, ETA 32 min)
d3req_131: n_ok 2/2000 (nd-only 0, parse-fail 1239) distinct_ok 2 first_hit 708 written_hist {9: 1, 10: 1} lean 4s (27s; 132 done, 12s/thm, ETA 32 min)
d3req_132: n_ok 42/2000 (nd-only 0, parse-fail 1786) distinct_ok 8 first_hit 6 written_hist {13: 7, 14: 1} lean 4s (32s; 133 done, 12s/thm, ETA 33 min)
d3req_133: n_ok 79/2000 (nd-only 0, parse-fail 1886) distinct_ok 7 first_hit 42 written_hist {8: 1, 9: 2, 10: 4} lean 1s (19s; 134 done, 12s/thm, ETA 33 min)
d3req_134: n_ok 75/2000 (nd-only 0, parse-fail 1893) distinct_ok 3 first_hit 31 written_hist {8: 1, 9: 2} lean 0s (5s; 135 done, 12s/thm, ETA 32 min)
d3req_135: n_ok 162/2000 (nd-only 0, parse-fail 1201) distinct_ok 1 first_hit 6 written_hist {8: 1} lean 0s (5s; 136 done, 12s/thm, ETA 32 min)
d3req_136: n_ok 0/2000 (nd-only 0, parse-fail 1894) distinct_ok 0 first_hit None written_hist {} lean 0s (5s; 137 done, 12s/thm, ETA 32 min)
d3req_137: n_ok 31/2000 (nd-only 0, parse-fail 1919) distinct_ok 3 first_hit 51 written_hist {8: 1, 9: 1, 12: 1} lean 0s (6s; 138 done, 12s/thm, ETA 31 min)
d3req_138: n_ok 106/2000 (nd-only 0, parse-fail 1651) distinct_ok 4 first_hit 24 written_hist {8: 1, 9: 2, 12: 1} lean 0s (6s; 139 done, 12s/thm, ETA 31 min)
d3req_139: n_ok 96/2000 (nd-only 0, parse-fail 1855) distinct_ok 5 first_hit 36 written_hist {8: 2, 9: 3} lean 0s (7s; 140 done, 12s/thm, ETA 31 min)
d3req_140: n_ok 0/2000 (nd-only 0, parse-fail 1725) distinct_ok 0 first_hit None written_hist {} lean 0s (24s; 141 done, 12s/thm, ETA 31 min)
d3req_141: n_ok 335/2000 (nd-only 0, parse-fail 1636) distinct_ok 22 first_hit 3 written_hist {8: 3, 9: 12, 10: 2, 12: 1, 13: 3, 15: 1} lean 9s (33s; 142 done, 12s/thm, ETA 31 min)
d3req_142: n_ok 0/2000 (nd-only 0, parse-fail 1302) distinct_ok 0 first_hit None written_hist {} lean 0s (35s; 143 done, 12s/thm, ETA 31 min)
d3req_143: n_ok 4/2000 (nd-only 0, parse-fail 1120) distinct_ok 2 first_hit 582 written_hist {8: 1, 11: 1} lean 4s (30s; 144 done, 12s/thm, ETA 31 min)
d3req_144: n_ok 16/2000 (nd-only 0, parse-fail 1920) distinct_ok 1 first_hit 12 written_hist {8: 1} lean 5s (29s; 145 done, 12s/thm, ETA 32 min)
d3req_145: n_ok 0/2000 (nd-only 0, parse-fail 1901) distinct_ok 0 first_hit None written_hist {} lean 0s (23s; 146 done, 12s/thm, ETA 31 min)
d3req_146: n_ok 16/2000 (nd-only 0, parse-fail 1920) distinct_ok 3 first_hit 117 written_hist {8: 3} lean 0s (6s; 147 done, 12s/thm, ETA 31 min)
d3req_147: n_ok 0/2000 (nd-only 0, parse-fail 1976) distinct_ok 0 first_hit None written_hist {} lean 0s (9s; 148 done, 12s/thm, ETA 31 min)
d3req_148: n_ok 0/2000 (nd-only 0, parse-fail 1802) distinct_ok 0 first_hit None written_hist {} lean 0s (12s; 149 done, 12s/thm, ETA 31 min)
d3req_149: n_ok 48/2000 (nd-only 0, parse-fail 1894) distinct_ok 17 first_hit 62 written_hist {8: 2, 9: 5, 10: 3, 12: 1, 13: 6} lean 0s (5s; 150 done, 12s/thm, ETA 30 min)
d3req_150: n_ok 7/2000 (nd-only 0, parse-fail 1830) distinct_ok 1 first_hit 22 written_hist {8: 1} lean 0s (7s; 151 done, 12s/thm, ETA 30 min)
d3req_151: n_ok 0/2000 (nd-only 0, parse-fail 1924) distinct_ok 0 first_hit None written_hist {} lean 0s (6s; 152 done, 12s/thm, ETA 30 min)
d3req_152: n_ok 48/2000 (nd-only 0, parse-fail 72) distinct_ok 2 first_hit 27 written_hist {8: 1, 11: 1} lean 1s (14s; 153 done, 12s/thm, ETA 30 min)
d3req_153: n_ok 748/2000 (nd-only 0, parse-fail 1241) distinct_ok 10 first_hit 1 written_hist {8: 1, 9: 8, 10: 1} lean 0s (3s; 154 done, 12s/thm, ETA 29 min)
d3req_154: n_ok 81/2000 (nd-only 0, parse-fail 1791) distinct_ok 4 first_hit 17 written_hist {8: 1, 9: 2, 11: 1} lean 0s (5s; 155 done, 12s/thm, ETA 29 min)
d3req_155: n_ok 0/2000 (nd-only 0, parse-fail 1877) distinct_ok 0 first_hit None written_hist {} lean 0s (10s; 156 done, 12s/thm, ETA 29 min)
d3req_156: n_ok 52/2000 (nd-only 0, parse-fail 1940) distinct_ok 2 first_hit 86 written_hist {8: 1, 10: 1} lean 0s (6s; 157 done, 12s/thm, ETA 28 min)
d3req_157: n_ok 1232/2000 (nd-only 0, parse-fail 331) distinct_ok 24 first_hit 5 written_hist {8: 1, 9: 6, 10: 7, 11: 4, 12: 1, 13: 2, 14: 3} lean 1s (5s; 158 done, 12s/thm, ETA 28 min)
d3req_158: n_ok 0/2000 (nd-only 0, parse-fail 165) distinct_ok 0 first_hit None written_hist {} lean 0s (6s; 159 done, 12s/thm, ETA 28 min)
d3req_159: n_ok 209/2000 (nd-only 0, parse-fail 597) distinct_ok 53 first_hit 4 written_hist {8: 1, 9: 38, 10: 7, 13: 6, 14: 1} lean 1s (5s; 160 done, 12s/thm, ETA 28 min)
d3req_160: n_ok 1/2000 (nd-only 0, parse-fail 1898) distinct_ok 1 first_hit 1180 written_hist {8: 1} lean 0s (7s; 161 done, 12s/thm, ETA 27 min)
d3req_161: n_ok 252/2000 (nd-only 0, parse-fail 1746) distinct_ok 20 first_hit 1 written_hist {8: 2, 9: 11, 10: 1, 11: 1, 12: 1, 13: 3, 14: 1} lean 0s (6s; 162 done, 12s/thm, ETA 27 min)
d3req_162: n_ok 164/2000 (nd-only 0, parse-fail 1040) distinct_ok 3 first_hit 1 written_hist {8: 1, 9: 2} lean 0s (5s; 163 done, 12s/thm, ETA 27 min)
d3req_163: n_ok 1384/2000 (nd-only 0, parse-fail 377) distinct_ok 37 first_hit 2 written_hist {8: 1, 9: 32, 10: 3, 13: 1} lean 1s (6s; 164 done, 12s/thm, ETA 26 min)
d3req_164: n_ok 0/2000 (nd-only 0, parse-fail 1230) distinct_ok 0 first_hit None written_hist {} lean 0s (4s; 165 done, 12s/thm, ETA 26 min)
d3req_165: n_ok 0/2000 (nd-only 0, parse-fail 888) distinct_ok 0 first_hit None written_hist {} lean 0s (6s; 166 done, 12s/thm, ETA 26 min)
d3req_166: n_ok 6/2000 (nd-only 0, parse-fail 92) distinct_ok 2 first_hit 1 written_hist {8: 1, 14: 1} lean 0s (6s; 167 done, 12s/thm, ETA 26 min)
d3req_167: n_ok 249/2000 (nd-only 0, parse-fail 1716) distinct_ok 11 first_hit 18 written_hist {8: 1, 9: 8, 12: 1, 13: 1} lean 0s (6s; 168 done, 12s/thm, ETA 25 min)
d3req_168: n_ok 0/2000 (nd-only 0, parse-fail 1981) distinct_ok 0 first_hit None written_hist {} lean 0s (9s; 169 done, 12s/thm, ETA 25 min)
d3req_169: n_ok 524/2000 (nd-only 0, parse-fail 882) distinct_ok 23 first_hit 5 written_hist {8: 2, 9: 17, 10: 1, 11: 3} lean 1s (6s; 170 done, 11s/thm, ETA 25 min)
d3req_170: n_ok 1/2000 (nd-only 0, parse-fail 1857) distinct_ok 1 first_hit 1370 written_hist {8: 1} lean 0s (8s; 171 done, 11s/thm, ETA 25 min)
d3req_171: n_ok 0/2000 (nd-only 0, parse-fail 45) distinct_ok 0 first_hit None written_hist {} lean 0s (7s; 172 done, 11s/thm, ETA 24 min)
d3req_172: n_ok 0/2000 (nd-only 0, parse-fail 384) distinct_ok 0 first_hit None written_hist {} lean 0s (9s; 173 done, 11s/thm, ETA 24 min)
d3req_173: n_ok 179/2000 (nd-only 0, parse-fail 1764) distinct_ok 2 first_hit 1 written_hist {8: 1, 9: 1} lean 0s (7s; 174 done, 11s/thm, ETA 24 min)
d3req_174: n_ok 0/2000 (nd-only 0, parse-fail 13) distinct_ok 0 first_hit None written_hist {} lean 0s (5s; 175 done, 11s/thm, ETA 24 min)
d3req_175: n_ok 169/2000 (nd-only 0, parse-fail 1823) distinct_ok 4 first_hit 2 written_hist {8: 1, 9: 2, 13: 1} lean 0s (6s; 176 done, 11s/thm, ETA 23 min)
d3req_176: n_ok 0/2000 (nd-only 0, parse-fail 1803) distinct_ok 0 first_hit None written_hist {} lean 0s (6s; 177 done, 11s/thm, ETA 23 min)
d3req_177: n_ok 16/2000 (nd-only 0, parse-fail 1578) distinct_ok 4 first_hit 55 written_hist {8: 1, 9: 1, 13: 2} lean 0s (7s; 178 done, 11s/thm, ETA 23 min)
d3req_178: n_ok 0/2000 (nd-only 0, parse-fail 1491) distinct_ok 0 first_hit None written_hist {} lean 0s (6s; 179 done, 11s/thm, ETA 23 min)
d3req_179: n_ok 0/2000 (nd-only 0, parse-fail 1109) distinct_ok 0 first_hit None written_hist {} lean 0s (5s; 180 done, 11s/thm, ETA 22 min)
d3req_180: n_ok 5/2000 (nd-only 0, parse-fail 619) distinct_ok 1 first_hit 51 written_hist {8: 1} lean 0s (7s; 181 done, 11s/thm, ETA 22 min)
d3req_181: n_ok 0/2000 (nd-only 0, parse-fail 1472) distinct_ok 0 first_hit None written_hist {} lean 0s (8s; 182 done, 11s/thm, ETA 22 min)
d3req_182: n_ok 244/2000 (nd-only 0, parse-fail 1608) distinct_ok 5 first_hit 1 written_hist {8: 2, 9: 3} lean 0s (6s; 183 done, 11s/thm, ETA 22 min)
d3req_183: n_ok 168/2000 (nd-only 0, parse-fail 1135) distinct_ok 3 first_hit 6 written_hist {8: 1, 9: 2} lean 0s (7s; 184 done, 11s/thm, ETA 21 min)
d3req_184: n_ok 5/2000 (nd-only 0, parse-fail 237) distinct_ok 1 first_hit 253 written_hist {8: 1} lean 0s (6s; 185 done, 11s/thm, ETA 21 min)
d3req_185: n_ok 0/2000 (nd-only 0, parse-fail 1875) distinct_ok 0 first_hit None written_hist {} lean 0s (10s; 186 done, 11s/thm, ETA 21 min)
d3req_186: n_ok 0/2000 (nd-only 0, parse-fail 641) distinct_ok 0 first_hit None written_hist {} lean 0s (6s; 187 done, 11s/thm, ETA 21 min)
d3req_187: n_ok 29/2000 (nd-only 0, parse-fail 1811) distinct_ok 9 first_hit 249 written_hist {8: 3, 9: 2, 11: 4} lean 0s (7s; 188 done, 11s/thm, ETA 21 min)
d3req_188: n_ok 3/2000 (nd-only 0, parse-fail 1964) distinct_ok 2 first_hit 474 written_hist {8: 1, 13: 1} lean 0s (6s; 189 done, 11s/thm, ETA 20 min)
d3req_189: n_ok 64/2000 (nd-only 0, parse-fail 1929) distinct_ok 2 first_hit 36 written_hist {8: 1, 9: 1} lean 0s (8s; 190 done, 11s/thm, ETA 20 min)
d3req_190: n_ok 578/2000 (nd-only 0, parse-fail 1388) distinct_ok 19 first_hit 2 written_hist {8: 2, 9: 12, 11: 1, 12: 3, 13: 1} lean 0s (7s; 191 done, 11s/thm, ETA 20 min)
d3req_191: n_ok 619/2000 (nd-only 0, parse-fail 940) distinct_ok 13 first_hit 1 written_hist {8: 2, 9: 11} lean 1s (6s; 192 done, 11s/thm, ETA 20 min)
d3req_192: n_ok 45/2000 (nd-only 0, parse-fail 1476) distinct_ok 3 first_hit 42 written_hist {8: 2, 9: 1} lean 7s (20s; 193 done, 11s/thm, ETA 20 min)
d3req_193: n_ok 26/2000 (nd-only 0, parse-fail 1854) distinct_ok 2 first_hit 3 written_hist {8: 1, 9: 1} lean 4s (29s; 194 done, 11s/thm, ETA 20 min)
d3req_194: n_ok 19/2000 (nd-only 0, parse-fail 1980) distinct_ok 3 first_hit 135 written_hist {8: 1, 9: 2} lean 5s (29s; 195 done, 11s/thm, ETA 20 min)
d3req_195: n_ok 0/2000 (nd-only 0, parse-fail 1889) distinct_ok 0 first_hit None written_hist {} lean 0s (17s; 196 done, 11s/thm, ETA 19 min)
d3req_196: n_ok 0/2000 (nd-only 0, parse-fail 1999) distinct_ok 0 first_hit None written_hist {} lean 0s (33s; 197 done, 11s/thm, ETA 19 min)
d3req_197: n_ok 13/2000 (nd-only 0, parse-fail 1599) distinct_ok 2 first_hit 15 written_hist {7: 1, 8: 1} lean 5s (37s; 198 done, 11s/thm, ETA 19 min)
d3req_198: n_ok 194/2000 (nd-only 0, parse-fail 992) distinct_ok 3 first_hit 1 written_hist {8: 2, 9: 1} lean 7s (31s; 199 done, 12s/thm, ETA 19 min)
d3req_199: n_ok 0/2000 (nd-only 0, parse-fail 62) distinct_ok 0 first_hit None written_hist {} lean 0s (28s; 200 done, 12s/thm, ETA 19 min)
d3req_200: n_ok 829/2000 (nd-only 0, parse-fail 1127) distinct_ok 37 first_hit 2 written_hist {8: 2, 9: 23, 10: 6, 12: 2, 13: 4} lean 8s (32s; 201 done, 12s/thm, ETA 19 min)
d3req_201: n_ok 96/2000 (nd-only 0, parse-fail 139) distinct_ok 4 first_hit 9 written_hist {8: 1, 9: 3} lean 0s (6s; 202 done, 12s/thm, ETA 19 min)
d3req_202: n_ok 405/2000 (nd-only 0, parse-fail 1590) distinct_ok 6 first_hit 2 written_hist {8: 2, 9: 4} lean 0s (4s; 203 done, 12s/thm, ETA 19 min)
d3req_203: n_ok 84/2000 (nd-only 0, parse-fail 1827) distinct_ok 14 first_hit 7 written_hist {8: 2, 9: 3, 10: 8, 14: 1} lean 0s (4s; 204 done, 12s/thm, ETA 19 min)
d3req_204: n_ok 71/2000 (nd-only 0, parse-fail 1918) distinct_ok 5 first_hit 8 written_hist {7: 1, 8: 2, 12: 2} lean 0s (7s; 205 done, 12s/thm, ETA 18 min)
d3req_205: n_ok 427/2000 (nd-only 0, parse-fail 853) distinct_ok 45 first_hit 3 written_hist {8: 1, 9: 40, 10: 1, 12: 2, 13: 1} lean 3s (12s; 206 done, 12s/thm, ETA 18 min)
d3req_206: n_ok 2/2000 (nd-only 0, parse-fail 1953) distinct_ok 2 first_hit 283 written_hist {8: 1, 11: 1} lean 0s (5s; 207 done, 12s/thm, ETA 18 min)
d3req_207: n_ok 821/2000 (nd-only 0, parse-fail 1060) distinct_ok 14 first_hit 1 written_hist {8: 1, 9: 4, 10: 1, 11: 4, 12: 1, 13: 2, 17: 1} lean 1s (5s; 208 done, 12s/thm, ETA 18 min)
d3req_208: n_ok 1/2000 (nd-only 0, parse-fail 1996) distinct_ok 1 first_hit 1142 written_hist {8: 1} lean 0s (8s; 209 done, 12s/thm, ETA 17 min)
d3req_209: n_ok 2/2000 (nd-only 0, parse-fail 1626) distinct_ok 1 first_hit 3 written_hist {13: 1} lean 0s (16s; 210 done, 12s/thm, ETA 17 min)
d3req_210: n_ok 12/2000 (nd-only 0, parse-fail 1973) distinct_ok 1 first_hit 386 written_hist {8: 1} lean 0s (4s; 211 done, 12s/thm, ETA 17 min)
d3req_211: n_ok 14/2000 (nd-only 0, parse-fail 1919) distinct_ok 5 first_hit 108 written_hist {8: 1, 9: 2, 13: 2} lean 0s (4s; 212 done, 11s/thm, ETA 17 min)
d3req_212: n_ok 107/2000 (nd-only 0, parse-fail 1875) distinct_ok 8 first_hit 54 written_hist {8: 1, 9: 1, 12: 2, 13: 4} lean 0s (4s; 213 done, 11s/thm, ETA 17 min)
d3req_213: n_ok 0/2000 (nd-only 0, parse-fail 1977) distinct_ok 0 first_hit None written_hist {} lean 0s (12s; 214 done, 11s/thm, ETA 16 min)
d3req_214: n_ok 966/2000 (nd-only 0, parse-fail 494) distinct_ok 13 first_hit 1 written_hist {8: 1, 9: 6, 10: 1, 11: 2, 12: 1, 13: 2} lean 1s (10s; 215 done, 11s/thm, ETA 16 min)
d3req_215: n_ok 0/2000 (nd-only 0, parse-fail 40) distinct_ok 0 first_hit None written_hist {} lean 0s (13s; 216 done, 11s/thm, ETA 16 min)
d3req_216: n_ok 617/2000 (nd-only 0, parse-fail 189) distinct_ok 5 first_hit 1 written_hist {8: 2, 9: 3} lean 0s (10s; 217 done, 11s/thm, ETA 16 min)
d3req_217: n_ok 3/2000 (nd-only 0, parse-fail 310) distinct_ok 1 first_hit 62 written_hist {8: 1} lean 0s (10s; 218 done, 11s/thm, ETA 16 min)
d3req_218: n_ok 466/2000 (nd-only 0, parse-fail 904) distinct_ok 9 first_hit 1 written_hist {8: 3, 9: 4, 13: 2} lean 0s (9s; 219 done, 11s/thm, ETA 15 min)
d3req_219: n_ok 43/2000 (nd-only 0, parse-fail 1947) distinct_ok 2 first_hit 19 written_hist {8: 1, 9: 1} lean 0s (11s; 220 done, 11s/thm, ETA 15 min)
d3req_220: n_ok 3/2000 (nd-only 0, parse-fail 1972) distinct_ok 1 first_hit 1199 written_hist {8: 1} lean 0s (9s; 221 done, 11s/thm, ETA 15 min)
d3req_221: n_ok 6/2000 (nd-only 0, parse-fail 1700) distinct_ok 3 first_hit 46 written_hist {8: 3} lean 0s (3s; 222 done, 11s/thm, ETA 15 min)
d3req_222: n_ok 31/2000 (nd-only 0, parse-fail 1279) distinct_ok 5 first_hit 84 written_hist {8: 1, 9: 4} lean 0s (6s; 223 done, 11s/thm, ETA 15 min)
d3req_223: n_ok 0/2000 (nd-only 0, parse-fail 941) distinct_ok 0 first_hit None written_hist {} lean 0s (6s; 224 done, 11s/thm, ETA 14 min)
d3req_224: n_ok 0/2000 (nd-only 0, parse-fail 1647) distinct_ok 0 first_hit None written_hist {} lean 0s (6s; 225 done, 11s/thm, ETA 14 min)
d3req_225: n_ok 1469/2000 (nd-only 0, parse-fail 443) distinct_ok 8 first_hit 1 written_hist {8: 1, 9: 3, 11: 2, 13: 2} lean 1s (6s; 226 done, 11s/thm, ETA 14 min)
d3req_226: n_ok 4/2000 (nd-only 0, parse-fail 332) distinct_ok 3 first_hit 743 written_hist {8: 1, 9: 1, 12: 1} lean 0s (4s; 227 done, 11s/thm, ETA 14 min)
d3req_227: n_ok 98/2000 (nd-only 0, parse-fail 1843) distinct_ok 2 first_hit 17 written_hist {8: 1, 11: 1} lean 0s (6s; 228 done, 11s/thm, ETA 13 min)
d3req_228: n_ok 1/2000 (nd-only 0, parse-fail 914) distinct_ok 1 first_hit 1938 written_hist {8: 1} lean 0s (8s; 229 done, 11s/thm, ETA 13 min)
d3req_229: n_ok 1/2000 (nd-only 0, parse-fail 1999) distinct_ok 1 first_hit 958 written_hist {13: 1} lean 0s (5s; 230 done, 11s/thm, ETA 13 min)
d3req_230: n_ok 1/2000 (nd-only 0, parse-fail 1482) distinct_ok 1 first_hit 785 written_hist {9: 1} lean 0s (5s; 231 done, 11s/thm, ETA 13 min)
d3req_231: n_ok 44/2000 (nd-only 0, parse-fail 1909) distinct_ok 1 first_hit 100 written_hist {8: 1} lean 0s (7s; 232 done, 11s/thm, ETA 13 min)
d3req_232: n_ok 538/2000 (nd-only 0, parse-fail 1168) distinct_ok 17 first_hit 4 written_hist {8: 2, 9: 9, 10: 4, 13: 2} lean 1s (6s; 233 done, 11s/thm, ETA 12 min)
d3req_233: n_ok 90/2000 (nd-only 0, parse-fail 1854) distinct_ok 4 first_hit 26 written_hist {8: 1, 9: 2, 10: 1} lean 0s (7s; 234 done, 11s/thm, ETA 12 min)
d3req_234: n_ok 136/2000 (nd-only 0, parse-fail 1316) distinct_ok 3 first_hit 3 written_hist {8: 2, 9: 1} lean 0s (7s; 235 done, 11s/thm, ETA 12 min)
d3req_235: n_ok 2/2000 (nd-only 0, parse-fail 610) distinct_ok 2 first_hit 42 written_hist {8: 1, 12: 1} lean 0s (6s; 236 done, 11s/thm, ETA 12 min)
d3req_236: n_ok 0/2000 (nd-only 0, parse-fail 1947) distinct_ok 0 first_hit None written_hist {} lean 0s (11s; 237 done, 11s/thm, ETA 12 min)
d3req_237: n_ok 61/2000 (nd-only 0, parse-fail 1858) distinct_ok 8 first_hit 38 written_hist {8: 1, 9: 5, 10: 2} lean 0s (7s; 238 done, 11s/thm, ETA 11 min)
d3req_238: n_ok 0/2000 (nd-only 0, parse-fail 1998) distinct_ok 0 first_hit None written_hist {} lean 0s (8s; 239 done, 11s/thm, ETA 11 min)
d3req_239: n_ok 0/2000 (nd-only 0, parse-fail 1960) distinct_ok 0 first_hit None written_hist {} lean 0s (5s; 240 done, 11s/thm, ETA 11 min)
d3req_240: n_ok 351/2000 (nd-only 0, parse-fail 1612) distinct_ok 8 first_hit 12 written_hist {8: 2, 9: 4, 10: 1, 12: 1} lean 0s (7s; 241 done, 11s/thm, ETA 11 min)
d3req_241: n_ok 11/2000 (nd-only 0, parse-fail 1156) distinct_ok 1 first_hit 181 written_hist {8: 1} lean 0s (6s; 242 done, 11s/thm, ETA 11 min)
d3req_242: n_ok 418/2000 (nd-only 0, parse-fail 1514) distinct_ok 29 first_hit 1 written_hist {8: 2, 9: 6, 10: 2, 11: 6, 12: 3, 13: 7, 14: 3} lean 0s (5s; 243 done, 11s/thm, ETA 10 min)
d3req_243: n_ok 2/2000 (nd-only 0, parse-fail 1348) distinct_ok 2 first_hit 1215 written_hist {9: 1, 12: 1} lean 0s (6s; 244 done, 11s/thm, ETA 10 min)
d3req_244: n_ok 67/2000 (nd-only 0, parse-fail 1887) distinct_ok 5 first_hit 10 written_hist {8: 4, 9: 1} lean 0s (6s; 245 done, 11s/thm, ETA 10 min)
d3req_245: n_ok 7/2000 (nd-only 0, parse-fail 1938) distinct_ok 6 first_hit 414 written_hist {9: 3, 12: 2, 13: 1} lean 0s (6s; 246 done, 11s/thm, ETA 10 min)
d3req_246: n_ok 57/2000 (nd-only 0, parse-fail 1752) distinct_ok 3 first_hit 21 written_hist {8: 1, 9: 1, 13: 1} lean 0s (7s; 247 done, 11s/thm, ETA 10 min)
d3req_247: n_ok 8/2000 (nd-only 0, parse-fail 1962) distinct_ok 6 first_hit 861 written_hist {8: 1, 9: 1, 14: 4} lean 0s (6s; 248 done, 11s/thm, ETA 9 min)
d3req_248: n_ok 367/2000 (nd-only 0, parse-fail 1625) distinct_ok 11 first_hit 1 written_hist {8: 1, 9: 6, 10: 3, 13: 1} lean 0s (6s; 249 done, 11s/thm, ETA 9 min)
d3req_249: n_ok 69/2000 (nd-only 0, parse-fail 1617) distinct_ok 8 first_hit 22 written_hist {8: 1, 9: 5, 13: 1, 14: 1} lean 0s (7s; 250 done, 11s/thm, ETA 9 min)
d3req_250: n_ok 1/2000 (nd-only 0, parse-fail 1997) distinct_ok 1 first_hit 144 written_hist {8: 1} lean 0s (9s; 251 done, 11s/thm, ETA 9 min)
d3req_251: n_ok 2/2000 (nd-only 0, parse-fail 1859) distinct_ok 1 first_hit 1035 written_hist {8: 1} lean 0s (9s; 252 done, 11s/thm, ETA 9 min)
d3req_252: n_ok 439/2000 (nd-only 0, parse-fail 1484) distinct_ok 4 first_hit 13 written_hist {8: 1, 9: 3} lean 0s (7s; 253 done, 11s/thm, ETA 8 min)
d3req_253: n_ok 9/2000 (nd-only 0, parse-fail 1974) distinct_ok 1 first_hit 4 written_hist {8: 1} lean 0s (12s; 254 done, 11s/thm, ETA 8 min)
d3req_254: n_ok 1037/2000 (nd-only 0, parse-fail 334) distinct_ok 3 first_hit 1 written_hist {8: 1, 9: 1, 13: 1} lean 0s (7s; 255 done, 11s/thm, ETA 8 min)
d3req_255: n_ok 424/2000 (nd-only 0, parse-fail 1530) distinct_ok 55 first_hit 5 written_hist {8: 3, 9: 40, 10: 3, 12: 1, 13: 7, 14: 1} lean 1s (7s; 256 done, 11s/thm, ETA 8 min)
d3req_256: n_ok 16/2000 (nd-only 0, parse-fail 1926) distinct_ok 4 first_hit 155 written_hist {8: 3, 9: 1} lean 6s (23s; 257 done, 11s/thm, ETA 8 min)
d3req_257: n_ok 20/2000 (nd-only 0, parse-fail 256) distinct_ok 3 first_hit 369 written_hist {8: 2, 9: 1} lean 5s (22s; 258 done, 11s/thm, ETA 8 min)
d3req_258: n_ok 0/2000 (nd-only 0, parse-fail 1981) distinct_ok 0 first_hit None written_hist {} lean 0s (19s; 259 done, 11s/thm, ETA 7 min)
d3req_259: n_ok 0/2000 (nd-only 0, parse-fail 997) distinct_ok 0 first_hit None written_hist {} lean 0s (30s; 260 done, 11s/thm, ETA 7 min)
d3req_260: n_ok 0/2000 (nd-only 0, parse-fail 1837) distinct_ok 0 first_hit None written_hist {} lean 0s (21s; 261 done, 11s/thm, ETA 7 min)
d3req_261: n_ok 1/2000 (nd-only 0, parse-fail 1994) distinct_ok 1 first_hit 884 written_hist {8: 1} lean 5s (31s; 262 done, 11s/thm, ETA 7 min)
d3req_262: n_ok 0/2000 (nd-only 0, parse-fail 1996) distinct_ok 0 first_hit None written_hist {} lean 0s (35s; 263 done, 11s/thm, ETA 7 min)
d3req_263: n_ok 294/2000 (nd-only 0, parse-fail 772) distinct_ok 8 first_hit 4 written_hist {8: 1, 9: 6, 14: 1} lean 5s (28s; 264 done, 11s/thm, ETA 7 min)
d3req_264: n_ok 1/2000 (nd-only 0, parse-fail 1960) distinct_ok 1 first_hit 25 written_hist {13: 1} lean 4s (35s; 265 done, 11s/thm, ETA 7 min)
d3req_265: n_ok 55/2000 (nd-only 0, parse-fail 1426) distinct_ok 9 first_hit 22 written_hist {8: 1, 9: 5, 14: 3} lean 4s (34s; 266 done, 11s/thm, ETA 6 min)
d3req_266: n_ok 422/2000 (nd-only 0, parse-fail 1489) distinct_ok 12 first_hit 6 written_hist {8: 1, 9: 11} lean 6s (29s; 267 done, 11s/thm, ETA 6 min)
d3req_267: n_ok 461/2000 (nd-only 0, parse-fail 176) distinct_ok 25 first_hit 4 written_hist {8: 1, 9: 18, 10: 1, 11: 1, 13: 1, 14: 3} lean 4s (27s; 268 done, 12s/thm, ETA 6 min)
d3req_268: n_ok 1057/2000 (nd-only 0, parse-fail 830) distinct_ok 10 first_hit 1 written_hist {8: 1, 9: 9} lean 0s (6s; 269 done, 11s/thm, ETA 6 min)
d3req_269: n_ok 0/2000 (nd-only 0, parse-fail 660) distinct_ok 0 first_hit None written_hist {} lean 0s (4s; 270 done, 11s/thm, ETA 6 min)
d3req_270: n_ok 0/2000 (nd-only 0, parse-fail 1672) distinct_ok 0 first_hit None written_hist {} lean 0s (6s; 271 done, 11s/thm, ETA 6 min)
d3req_271: n_ok 939/2000 (nd-only 0, parse-fail 543) distinct_ok 22 first_hit 4 written_hist {8: 1, 9: 21} lean 0s (6s; 272 done, 11s/thm, ETA 5 min)
d3req_272: n_ok 39/2000 (nd-only 0, parse-fail 1868) distinct_ok 3 first_hit 4 written_hist {7: 1, 8: 2} lean 0s (5s; 273 done, 11s/thm, ETA 5 min)
d3req_273: n_ok 149/2000 (nd-only 0, parse-fail 1356) distinct_ok 13 first_hit 6 written_hist {8: 1, 9: 10, 10: 2} lean 0s (6s; 274 done, 11s/thm, ETA 5 min)
d3req_274: n_ok 159/2000 (nd-only 0, parse-fail 1829) distinct_ok 2 first_hit 21 written_hist {8: 1, 9: 1} lean 0s (7s; 275 done, 11s/thm, ETA 5 min)
d3req_275: n_ok 7/2000 (nd-only 0, parse-fail 1677) distinct_ok 3 first_hit 49 written_hist {8: 3} lean 0s (5s; 276 done, 11s/thm, ETA 5 min)
d3req_276: n_ok 4/2000 (nd-only 0, parse-fail 1071) distinct_ok 1 first_hit 766 written_hist {8: 1} lean 0s (5s; 277 done, 11s/thm, ETA 4 min)
d3req_277: n_ok 30/2000 (nd-only 0, parse-fail 1901) distinct_ok 2 first_hit 51 written_hist {7: 1, 11: 1} lean 0s (6s; 278 done, 11s/thm, ETA 4 min)
d3req_278: n_ok 401/2000 (nd-only 0, parse-fail 1577) distinct_ok 11 first_hit 4 written_hist {8: 1, 9: 9, 11: 1} lean 0s (5s; 279 done, 11s/thm, ETA 4 min)
d3req_279: n_ok 102/2000 (nd-only 0, parse-fail 734) distinct_ok 5 first_hit 25 written_hist {8: 1, 9: 2, 10: 1, 11: 1} lean 0s (5s; 280 done, 11s/thm, ETA 4 min)
d3req_280: n_ok 61/2000 (nd-only 0, parse-fail 1928) distinct_ok 2 first_hit 27 written_hist {8: 1, 9: 1} lean 0s (6s; 281 done, 11s/thm, ETA 4 min)
d3req_281: n_ok 294/2000 (nd-only 0, parse-fail 1627) distinct_ok 16 first_hit 13 written_hist {8: 1, 9: 11, 10: 1, 12: 1, 13: 2} lean 0s (7s; 282 done, 11s/thm, ETA 3 min)
d3req_282: n_ok 162/2000 (nd-only 0, parse-fail 1526) distinct_ok 15 first_hit 8 written_hist {8: 1, 9: 10, 10: 2, 13: 2} lean 0s (6s; 283 done, 11s/thm, ETA 3 min)
d3req_283: n_ok 71/2000 (nd-only 0, parse-fail 1858) distinct_ok 3 first_hit 10 written_hist {8: 1, 9: 2} lean 0s (7s; 284 done, 11s/thm, ETA 3 min)
d3req_284: n_ok 1538/2000 (nd-only 0, parse-fail 155) distinct_ok 25 first_hit 2 written_hist {8: 2, 9: 19, 13: 4} lean 0s (6s; 285 done, 11s/thm, ETA 3 min)
d3req_285: n_ok 1316/2000 (nd-only 0, parse-fail 272) distinct_ok 8 first_hit 3 written_hist {8: 1, 9: 7} lean 0s (7s; 286 done, 11s/thm, ETA 3 min)
d3req_286: n_ok 23/2000 (nd-only 0, parse-fail 1955) distinct_ok 8 first_hit 105 written_hist {8: 1, 9: 7} lean 0s (6s; 287 done, 11s/thm, ETA 2 min)
d3req_287: n_ok 391/2000 (nd-only 0, parse-fail 1589) distinct_ok 7 first_hit 2 written_hist {8: 1, 9: 4, 10: 2} lean 1s (7s; 288 done, 11s/thm, ETA 2 min)
d3req_288: n_ok 0/2000 (nd-only 0, parse-fail 103) distinct_ok 0 first_hit None written_hist {} lean 0s (5s; 289 done, 11s/thm, ETA 2 min)
d3req_289: n_ok 4/2000 (nd-only 0, parse-fail 870) distinct_ok 1 first_hit 511 written_hist {8: 1} lean 0s (7s; 290 done, 11s/thm, ETA 2 min)
d3req_290: n_ok 0/2000 (nd-only 0, parse-fail 1932) distinct_ok 0 first_hit None written_hist {} lean 0s (12s; 291 done, 11s/thm, ETA 2 min)
d3req_291: n_ok 0/2000 (nd-only 0, parse-fail 127) distinct_ok 0 first_hit None written_hist {} lean 0s (6s; 292 done, 11s/thm, ETA 1 min)
d3req_292: n_ok 471/2000 (nd-only 0, parse-fail 1378) distinct_ok 14 first_hit 2 written_hist {8: 1, 9: 7, 10: 1, 11: 2, 12: 1, 13: 2} lean 1s (6s; 293 done, 11s/thm, ETA 1 min)
d3req_293: n_ok 0/2000 (nd-only 0, parse-fail 48) distinct_ok 0 first_hit None written_hist {} lean 0s (6s; 294 done, 11s/thm, ETA 1 min)
d3req_294: n_ok 784/2000 (nd-only 0, parse-fail 537) distinct_ok 12 first_hit 2 written_hist {8: 1, 9: 3, 11: 2, 12: 4, 13: 1, 14: 1} lean 1s (7s; 295 done, 11s/thm, ETA 1 min)
d3req_295: n_ok 1404/2000 (nd-only 0, parse-fail 248) distinct_ok 47 first_hit 1 written_hist {8: 2, 9: 41, 10: 1, 11: 1, 13: 2} lean 1s (7s; 296 done, 11s/thm, ETA 1 min)
d3req_296: n_ok 5/2000 (nd-only 0, parse-fail 1259) distinct_ok 1 first_hit 179 written_hist {8: 1} lean 0s (9s; 297 done, 11s/thm, ETA 1 min)
d3req_297: n_ok 3/2000 (nd-only 0, parse-fail 125) distinct_ok 1 first_hit 286 written_hist {8: 1} lean 0s (6s; 298 done, 11s/thm, ETA 0 min)
d3req_298: n_ok 7/2000 (nd-only 0, parse-fail 1701) distinct_ok 2 first_hit 58 written_hist {8: 1, 11: 1} lean 0s (7s; 299 done, 11s/thm, ETA 0 min)
d3req_299: n_ok 0/2000 (nd-only 0, parse-fail 81) distinct_ok 0 first_hit None written_hist {} lean 0s (7s; 300 done, 11s/thm, ETA 0 min)
DONE {'nd_ok_lean_ok_texts': 11396, 'nd_ok_lean_rej_texts': 0, 'samples': 600000, 'parse_fail': 398679, 'nd_ok_samples': 65485, 'both_ok_samples': 65485, 'lean_wall_s': 297.54162311553955, 'lean_proc_s': 296.1805679798126}
END 2026-09-24T19:48:28Z
