START 2026-09-24T19:32:53Z until [ -f ckpts/kh/stage1_k12_s1.pt ]; do sleep 30; done; python3 coverage_lean.py --ckpt ckpts/kh/stage1_k12_s1.pt --in data/r3_1/depth3_req.jsonl --k 2000 --temperature 0.8 --seed 0 --batch 1024 --procs 2 --out artifacts/kh/cov_k12_s1_d3req
shard 0/1: 300 theorems, 0 already done; k=2000 T=0.8 batch=1024
d3req_0: n_ok 870/2000 (nd-only 0, parse-fail 410) distinct_ok 17 first_hit 1 written_hist {8: 1, 9: 8, 10: 1, 12: 3, 13: 4} lean 6s (29s; 1 done, 29s/thm, ETA 144 min)
d3req_1: n_ok 114/2000 (nd-only 0, parse-fail 1755) distinct_ok 5 first_hit 12 written_hist {8: 2, 11: 2, 13: 1} lean 7s (27s; 2 done, 28s/thm, ETA 138 min)
d3req_2: n_ok 2/2000 (nd-only 0, parse-fail 77) distinct_ok 2 first_hit 1223 written_hist {9: 2} lean 6s (27s; 3 done, 28s/thm, ETA 137 min)
d3req_3: n_ok 6/2000 (nd-only 0, parse-fail 1992) distinct_ok 1 first_hit 157 written_hist {8: 1} lean 7s (31s; 4 done, 28s/thm, ETA 140 min)
d3req_4: n_ok 12/2000 (nd-only 0, parse-fail 1980) distinct_ok 2 first_hit 64 written_hist {8: 2} lean 4s (23s; 5 done, 27s/thm, ETA 134 min)
d3req_5: n_ok 6/2000 (nd-only 0, parse-fail 513) distinct_ok 3 first_hit 228 written_hist {9: 2, 10: 1} lean 6s (32s; 6 done, 28s/thm, ETA 137 min)
d3req_6: n_ok 14/2000 (nd-only 0, parse-fail 140) distinct_ok 2 first_hit 187 written_hist {9: 1, 11: 1} lean 5s (26s; 7 done, 28s/thm, ETA 136 min)
d3req_7: n_ok 3/2000 (nd-only 0, parse-fail 1485) distinct_ok 1 first_hit 803 written_hist {8: 1} lean 7s (35s; 8 done, 29s/thm, ETA 140 min)
d3req_8: n_ok 13/2000 (nd-only 0, parse-fail 1939) distinct_ok 1 first_hit 93 written_hist {8: 1} lean 7s (32s; 9 done, 29s/thm, ETA 141 min)
d3req_9: n_ok 2/2000 (nd-only 0, parse-fail 443) distinct_ok 1 first_hit 794 written_hist {8: 1} lean 0s (14s; 10 done, 28s/thm, ETA 134 min)
d3req_10: n_ok 0/2000 (nd-only 0, parse-fail 238) distinct_ok 0 first_hit None written_hist {} lean 0s (4s; 11 done, 26s/thm, ETA 123 min)
d3req_11: n_ok 2/2000 (nd-only 0, parse-fail 1937) distinct_ok 1 first_hit 1806 written_hist {9: 1} lean 0s (5s; 12 done, 24s/thm, ETA 114 min)
d3req_12: n_ok 34/2000 (nd-only 0, parse-fail 1889) distinct_ok 2 first_hit 3 written_hist {8: 1, 9: 1} lean 0s (5s; 13 done, 22s/thm, ETA 107 min)
d3req_13: n_ok 568/2000 (nd-only 0, parse-fail 791) distinct_ok 30 first_hit 1 written_hist {8: 1, 9: 24, 10: 5} lean 17s (22s; 14 done, 22s/thm, ETA 106 min)
d3req_14: n_ok 10/2000 (nd-only 0, parse-fail 1691) distinct_ok 6 first_hit 14 written_hist {8: 1, 9: 5} lean 7s (57s; 15 done, 25s/thm, ETA 117 min)
d3req_15: n_ok 3/2000 (nd-only 0, parse-fail 1508) distinct_ok 1 first_hit 682 written_hist {8: 1} lean 5s (26s; 16 done, 25s/thm, ETA 117 min)
d3req_16: n_ok 1009/2000 (nd-only 0, parse-fail 552) distinct_ok 3 first_hit 1 written_hist {8: 1, 9: 1, 12: 1} lean 7s (28s; 17 done, 25s/thm, ETA 118 min)
d3req_17: n_ok 52/2000 (nd-only 0, parse-fail 1854) distinct_ok 3 first_hit 12 written_hist {8: 1, 9: 2} lean 7s (39s; 18 done, 26s/thm, ETA 121 min)
d3req_18: n_ok 0/2000 (nd-only 0, parse-fail 1975) distinct_ok 0 first_hit None written_hist {} lean 0s (20s; 19 done, 25s/thm, ETA 119 min)
d3req_19: n_ok 6/2000 (nd-only 0, parse-fail 1951) distinct_ok 1 first_hit 225 written_hist {8: 1} lean 0s (4s; 20 done, 24s/thm, ETA 114 min)
d3req_20: n_ok 0/2000 (nd-only 0, parse-fail 776) distinct_ok 0 first_hit None written_hist {} lean 0s (6s; 21 done, 24s/thm, ETA 109 min)
d3req_21: n_ok 20/2000 (nd-only 0, parse-fail 487) distinct_ok 3 first_hit 125 written_hist {9: 2, 12: 1} lean 3s (10s; 22 done, 23s/thm, ETA 106 min)
d3req_22: n_ok 2/2000 (nd-only 0, parse-fail 1751) distinct_ok 1 first_hit 267 written_hist {8: 1} lean 0s (7s; 23 done, 22s/thm, ETA 102 min)
d3req_23: n_ok 0/2000 (nd-only 0, parse-fail 1890) distinct_ok 0 first_hit None written_hist {} lean 0s (5s; 24 done, 21s/thm, ETA 99 min)
d3req_24: n_ok 0/2000 (nd-only 0, parse-fail 138) distinct_ok 0 first_hit None written_hist {} lean 0s (5s; 25 done, 21s/thm, ETA 95 min)
d3req_25: n_ok 16/2000 (nd-only 0, parse-fail 969) distinct_ok 5 first_hit 1 written_hist {8: 2, 9: 2, 11: 1} lean 1s (14s; 26 done, 21s/thm, ETA 94 min)
d3req_26: n_ok 0/2000 (nd-only 0, parse-fail 1991) distinct_ok 0 first_hit None written_hist {} lean 0s (7s; 27 done, 20s/thm, ETA 91 min)
d3req_27: n_ok 6/2000 (nd-only 0, parse-fail 1426) distinct_ok 1 first_hit 125 written_hist {8: 1} lean 0s (6s; 28 done, 20s/thm, ETA 89 min)
d3req_28: n_ok 0/2000 (nd-only 0, parse-fail 1120) distinct_ok 0 first_hit None written_hist {} lean 0s (4s; 29 done, 19s/thm, ETA 86 min)
d3req_29: n_ok 81/2000 (nd-only 0, parse-fail 1536) distinct_ok 4 first_hit 48 written_hist {8: 1, 9: 2, 11: 1} lean 0s (5s; 30 done, 19s/thm, ETA 84 min)
d3req_30: n_ok 16/2000 (nd-only 0, parse-fail 1976) distinct_ok 8 first_hit 16 written_hist {8: 1, 9: 7} lean 0s (8s; 31 done, 18s/thm, ETA 82 min)
d3req_31: n_ok 15/2000 (nd-only 0, parse-fail 1394) distinct_ok 1 first_hit 61 written_hist {8: 1} lean 0s (8s; 32 done, 18s/thm, ETA 80 min)
d3req_32: n_ok 17/2000 (nd-only 0, parse-fail 1796) distinct_ok 3 first_hit 63 written_hist {8: 1, 9: 1, 10: 1} lean 0s (8s; 33 done, 18s/thm, ETA 78 min)
d3req_33: n_ok 45/2000 (nd-only 0, parse-fail 1936) distinct_ok 3 first_hit 10 written_hist {8: 1, 9: 1, 13: 1} lean 0s (7s; 34 done, 17s/thm, ETA 77 min)
d3req_34: n_ok 26/2000 (nd-only 0, parse-fail 1900) distinct_ok 3 first_hit 94 written_hist {8: 1, 9: 2} lean 0s (6s; 35 done, 17s/thm, ETA 75 min)
d3req_35: n_ok 10/2000 (nd-only 0, parse-fail 290) distinct_ok 1 first_hit 45 written_hist {8: 1} lean 0s (6s; 36 done, 17s/thm, ETA 73 min)
d3req_36: n_ok 5/2000 (nd-only 0, parse-fail 1993) distinct_ok 1 first_hit 505 written_hist {8: 1} lean 0s (5s; 37 done, 16s/thm, ETA 72 min)
d3req_37: n_ok 13/2000 (nd-only 0, parse-fail 1955) distinct_ok 3 first_hit 225 written_hist {8: 1, 9: 2} lean 0s (7s; 38 done, 16s/thm, ETA 70 min)
d3req_38: n_ok 48/2000 (nd-only 0, parse-fail 1537) distinct_ok 4 first_hit 41 written_hist {8: 1, 11: 2, 13: 1} lean 0s (8s; 39 done, 16s/thm, ETA 69 min)
d3req_39: n_ok 3/2000 (nd-only 0, parse-fail 151) distinct_ok 2 first_hit 164 written_hist {8: 1, 9: 1} lean 0s (6s; 40 done, 16s/thm, ETA 68 min)
d3req_40: n_ok 0/2000 (nd-only 0, parse-fail 1844) distinct_ok 0 first_hit None written_hist {} lean 0s (5s; 41 done, 15s/thm, ETA 66 min)
d3req_41: n_ok 0/2000 (nd-only 0, parse-fail 1847) distinct_ok 0 first_hit None written_hist {} lean 0s (5s; 42 done, 15s/thm, ETA 65 min)
d3req_42: n_ok 132/2000 (nd-only 0, parse-fail 1759) distinct_ok 9 first_hit 17 written_hist {8: 1, 9: 8} lean 0s (6s; 43 done, 15s/thm, ETA 64 min)
d3req_43: n_ok 0/2000 (nd-only 0, parse-fail 1750) distinct_ok 0 first_hit None written_hist {} lean 0s (6s; 44 done, 15s/thm, ETA 63 min)
d3req_44: n_ok 1284/2000 (nd-only 0, parse-fail 444) distinct_ok 12 first_hit 1 written_hist {8: 1, 9: 8, 10: 3} lean 1s (6s; 45 done, 14s/thm, ETA 62 min)
d3req_45: n_ok 25/2000 (nd-only 0, parse-fail 891) distinct_ok 3 first_hit 58 written_hist {8: 1, 9: 1, 11: 1} lean 0s (7s; 46 done, 14s/thm, ETA 61 min)
d3req_46: n_ok 2/2000 (nd-only 0, parse-fail 1981) distinct_ok 1 first_hit 730 written_hist {8: 1} lean 0s (5s; 47 done, 14s/thm, ETA 60 min)
d3req_47: n_ok 64/2000 (nd-only 0, parse-fail 1658) distinct_ok 2 first_hit 7 written_hist {8: 1, 14: 1} lean 0s (8s; 48 done, 14s/thm, ETA 59 min)
d3req_48: n_ok 18/2000 (nd-only 0, parse-fail 1768) distinct_ok 2 first_hit 18 written_hist {8: 2} lean 0s (5s; 49 done, 14s/thm, ETA 58 min)
d3req_49: n_ok 8/2000 (nd-only 0, parse-fail 727) distinct_ok 3 first_hit 62 written_hist {8: 1, 9: 1, 11: 1} lean 0s (6s; 50 done, 14s/thm, ETA 57 min)
d3req_50: n_ok 177/2000 (nd-only 0, parse-fail 1796) distinct_ok 2 first_hit 27 written_hist {8: 1, 9: 1} lean 0s (6s; 51 done, 14s/thm, ETA 56 min)
d3req_51: n_ok 61/2000 (nd-only 0, parse-fail 1938) distinct_ok 3 first_hit 31 written_hist {8: 1, 9: 1, 11: 1} lean 0s (6s; 52 done, 13s/thm, ETA 55 min)
d3req_52: n_ok 0/2000 (nd-only 0, parse-fail 1803) distinct_ok 0 first_hit None written_hist {} lean 0s (6s; 53 done, 13s/thm, ETA 54 min)
d3req_53: n_ok 57/2000 (nd-only 0, parse-fail 1792) distinct_ok 4 first_hit 134 written_hist {8: 1, 9: 3} lean 0s (7s; 54 done, 13s/thm, ETA 54 min)
d3req_54: n_ok 0/2000 (nd-only 0, parse-fail 45) distinct_ok 0 first_hit None written_hist {} lean 0s (6s; 55 done, 13s/thm, ETA 53 min)
d3req_55: n_ok 22/2000 (nd-only 0, parse-fail 1891) distinct_ok 1 first_hit 16 written_hist {8: 1} lean 0s (7s; 56 done, 13s/thm, ETA 52 min)
d3req_56: n_ok 23/2000 (nd-only 0, parse-fail 1709) distinct_ok 4 first_hit 17 written_hist {8: 1, 9: 2, 13: 1} lean 0s (6s; 57 done, 13s/thm, ETA 52 min)
d3req_57: n_ok 971/2000 (nd-only 0, parse-fail 189) distinct_ok 4 first_hit 3 written_hist {8: 2, 9: 1, 11: 1} lean 1s (6s; 58 done, 13s/thm, ETA 51 min)
d3req_58: n_ok 0/2000 (nd-only 0, parse-fail 1999) distinct_ok 0 first_hit None written_hist {} lean 0s (7s; 59 done, 13s/thm, ETA 50 min)
d3req_59: n_ok 28/2000 (nd-only 0, parse-fail 491) distinct_ok 3 first_hit 144 written_hist {8: 1, 9: 1, 10: 1} lean 0s (7s; 60 done, 12s/thm, ETA 50 min)
d3req_60: n_ok 109/2000 (nd-only 0, parse-fail 1829) distinct_ok 7 first_hit 8 written_hist {8: 2, 9: 5} lean 0s (8s; 61 done, 12s/thm, ETA 49 min)
d3req_61: n_ok 48/2000 (nd-only 0, parse-fail 1571) distinct_ok 3 first_hit 22 written_hist {8: 2, 9: 1} lean 2s (30s; 62 done, 13s/thm, ETA 50 min)
d3req_62: n_ok 123/2000 (nd-only 0, parse-fail 1563) distinct_ok 8 first_hit 24 written_hist {8: 1, 9: 5, 12: 1, 13: 1} lean 7s (27s; 63 done, 13s/thm, ETA 51 min)
d3req_63: n_ok 6/2000 (nd-only 0, parse-fail 1425) distinct_ok 3 first_hit 237 written_hist {8: 1, 9: 2} lean 8s (34s; 64 done, 13s/thm, ETA 52 min)
d3req_64: n_ok 1/2000 (nd-only 0, parse-fail 1987) distinct_ok 1 first_hit 743 written_hist {8: 1} lean 6s (31s; 65 done, 14s/thm, ETA 53 min)
d3req_65: n_ok 6/2000 (nd-only 0, parse-fail 1706) distinct_ok 2 first_hit 380 written_hist {8: 1, 9: 1} lean 6s (26s; 66 done, 14s/thm, ETA 53 min)
d3req_66: n_ok 484/2000 (nd-only 0, parse-fail 638) distinct_ok 8 first_hit 2 written_hist {8: 1, 9: 6, 11: 1} lean 7s (26s; 67 done, 14s/thm, ETA 54 min)
d3req_67: n_ok 0/2000 (nd-only 0, parse-fail 1070) distinct_ok 0 first_hit None written_hist {} lean 0s (21s; 68 done, 14s/thm, ETA 54 min)
d3req_68: n_ok 14/2000 (nd-only 0, parse-fail 1357) distinct_ok 8 first_hit 40 written_hist {8: 2, 9: 1, 11: 5} lean 6s (23s; 69 done, 14s/thm, ETA 54 min)
d3req_69: n_ok 12/2000 (nd-only 0, parse-fail 1070) distinct_ok 5 first_hit 163 written_hist {8: 1, 9: 4} lean 6s (32s; 70 done, 14s/thm, ETA 55 min)
d3req_70: n_ok 15/2000 (nd-only 0, parse-fail 451) distinct_ok 1 first_hit 93 written_hist {8: 1} lean 0s (9s; 71 done, 14s/thm, ETA 55 min)
d3req_71: n_ok 44/2000 (nd-only 0, parse-fail 1818) distinct_ok 3 first_hit 25 written_hist {8: 1, 9: 1, 11: 1} lean 1s (4s; 72 done, 14s/thm, ETA 54 min)
d3req_72: n_ok 167/2000 (nd-only 0, parse-fail 1790) distinct_ok 4 first_hit 9 written_hist {8: 1, 9: 2, 13: 1} lean 0s (4s; 73 done, 14s/thm, ETA 53 min)
d3req_73: n_ok 71/2000 (nd-only 0, parse-fail 1007) distinct_ok 2 first_hit 19 written_hist {8: 1, 9: 1} lean 0s (7s; 74 done, 14s/thm, ETA 53 min)
d3req_74: n_ok 155/2000 (nd-only 0, parse-fail 557) distinct_ok 4 first_hit 17 written_hist {8: 3, 9: 1} lean 1s (10s; 75 done, 14s/thm, ETA 52 min)
d3req_75: n_ok 0/2000 (nd-only 0, parse-fail 1142) distinct_ok 0 first_hit None written_hist {} lean 0s (4s; 76 done, 14s/thm, ETA 51 min)
d3req_76: n_ok 0/2000 (nd-only 0, parse-fail 178) distinct_ok 0 first_hit None written_hist {} lean 0s (6s; 77 done, 14s/thm, ETA 51 min)
d3req_77: n_ok 177/2000 (nd-only 0, parse-fail 1705) distinct_ok 14 first_hit 4 written_hist {8: 1, 9: 12, 11: 1} lean 0s (6s; 78 done, 14s/thm, ETA 50 min)
d3req_78: n_ok 377/2000 (nd-only 0, parse-fail 1264) distinct_ok 2 first_hit 13 written_hist {8: 1, 9: 1} lean 1s (14s; 79 done, 14s/thm, ETA 50 min)
d3req_79: n_ok 1/2000 (nd-only 0, parse-fail 1795) distinct_ok 1 first_hit 1728 written_hist {8: 1} lean 0s (3s; 80 done, 13s/thm, ETA 49 min)
d3req_80: n_ok 7/2000 (nd-only 0, parse-fail 860) distinct_ok 1 first_hit 263 written_hist {8: 1} lean 0s (3s; 81 done, 13s/thm, ETA 49 min)
d3req_81: n_ok 183/2000 (nd-only 0, parse-fail 1800) distinct_ok 22 first_hit 15 written_hist {8: 1, 9: 15, 10: 4, 13: 2} lean 1s (4s; 82 done, 13s/thm, ETA 48 min)
d3req_82: n_ok 0/2000 (nd-only 0, parse-fail 282) distinct_ok 0 first_hit None written_hist {} lean 0s (7s; 83 done, 13s/thm, ETA 47 min)
d3req_83: n_ok 0/2000 (nd-only 0, parse-fail 57) distinct_ok 0 first_hit None written_hist {} lean 0s (10s; 84 done, 13s/thm, ETA 47 min)
d3req_84: n_ok 0/2000 (nd-only 0, parse-fail 1978) distinct_ok 0 first_hit None written_hist {} lean 0s (11s; 85 done, 13s/thm, ETA 47 min)
d3req_85: n_ok 27/2000 (nd-only 0, parse-fail 254) distinct_ok 10 first_hit 6 written_hist {8: 1, 9: 7, 10: 1, 13: 1} lean 0s (11s; 86 done, 13s/thm, ETA 46 min)
d3req_86: n_ok 2/2000 (nd-only 0, parse-fail 90) distinct_ok 1 first_hit 606 written_hist {9: 1} lean 0s (12s; 87 done, 13s/thm, ETA 46 min)
d3req_87: n_ok 1/2000 (nd-only 0, parse-fail 1944) distinct_ok 1 first_hit 1944 written_hist {8: 1} lean 1s (13s; 88 done, 13s/thm, ETA 46 min)
d3req_88: n_ok 33/2000 (nd-only 0, parse-fail 395) distinct_ok 1 first_hit 1 written_hist {8: 1} lean 0s (11s; 89 done, 13s/thm, ETA 46 min)
d3req_89: n_ok 5/2000 (nd-only 0, parse-fail 1432) distinct_ok 3 first_hit 465 written_hist {8: 1, 9: 1, 10: 1} lean 0s (12s; 90 done, 13s/thm, ETA 45 min)
d3req_90: n_ok 50/2000 (nd-only 0, parse-fail 1899) distinct_ok 1 first_hit 111 written_hist {8: 1} lean 0s (5s; 91 done, 13s/thm, ETA 45 min)
d3req_91: n_ok 0/2000 (nd-only 0, parse-fail 50) distinct_ok 0 first_hit None written_hist {} lean 0s (4s; 92 done, 13s/thm, ETA 44 min)
d3req_92: n_ok 60/2000 (nd-only 0, parse-fail 1830) distinct_ok 2 first_hit 33 written_hist {8: 1, 9: 1} lean 1s (6s; 93 done, 13s/thm, ETA 44 min)
d3req_93: n_ok 1/2000 (nd-only 0, parse-fail 344) distinct_ok 1 first_hit 1379 written_hist {9: 1} lean 3s (7s; 94 done, 13s/thm, ETA 44 min)
d3req_94: n_ok 9/2000 (nd-only 0, parse-fail 1569) distinct_ok 3 first_hit 147 written_hist {8: 1, 9: 2} lean 3s (8s; 95 done, 13s/thm, ETA 43 min)
d3req_95: n_ok 147/2000 (nd-only 0, parse-fail 1763) distinct_ok 13 first_hit 7 written_hist {8: 1, 9: 9, 11: 2, 13: 1} lean 0s (5s; 96 done, 13s/thm, ETA 43 min)
d3req_96: n_ok 17/2000 (nd-only 0, parse-fail 1976) distinct_ok 1 first_hit 89 written_hist {8: 1} lean 0s (7s; 97 done, 12s/thm, ETA 42 min)
d3req_97: n_ok 49/2000 (nd-only 0, parse-fail 252) distinct_ok 2 first_hit 12 written_hist {8: 1, 9: 1} lean 0s (4s; 98 done, 12s/thm, ETA 42 min)
d3req_98: n_ok 1/2000 (nd-only 0, parse-fail 358) distinct_ok 1 first_hit 498 written_hist {11: 1} lean 0s (6s; 99 done, 12s/thm, ETA 41 min)
d3req_99: n_ok 47/2000 (nd-only 0, parse-fail 1908) distinct_ok 2 first_hit 28 written_hist {8: 1, 9: 1} lean 0s (5s; 100 done, 12s/thm, ETA 41 min)
d3req_100: n_ok 73/2000 (nd-only 0, parse-fail 509) distinct_ok 8 first_hit 15 written_hist {8: 1, 9: 6, 10: 1} lean 1s (6s; 101 done, 12s/thm, ETA 40 min)
d3req_101: n_ok 22/2000 (nd-only 0, parse-fail 1921) distinct_ok 2 first_hit 7 written_hist {8: 1, 11: 1} lean 0s (7s; 102 done, 12s/thm, ETA 40 min)
d3req_102: n_ok 17/2000 (nd-only 0, parse-fail 1974) distinct_ok 3 first_hit 69 written_hist {8: 1, 9: 1, 11: 1} lean 0s (6s; 103 done, 12s/thm, ETA 40 min)
d3req_103: n_ok 25/2000 (nd-only 0, parse-fail 1862) distinct_ok 4 first_hit 34 written_hist {8: 1, 9: 1, 11: 1, 12: 1} lean 0s (7s; 104 done, 12s/thm, ETA 39 min)
d3req_104: n_ok 0/2000 (nd-only 0, parse-fail 1994) distinct_ok 0 first_hit None written_hist {} lean 0s (8s; 105 done, 12s/thm, ETA 39 min)
d3req_105: n_ok 19/2000 (nd-only 0, parse-fail 1935) distinct_ok 1 first_hit 94 written_hist {8: 1} lean 0s (8s; 106 done, 12s/thm, ETA 39 min)
d3req_106: n_ok 4/2000 (nd-only 0, parse-fail 1752) distinct_ok 2 first_hit 153 written_hist {8: 2} lean 0s (6s; 107 done, 12s/thm, ETA 38 min)
d3req_107: n_ok 36/2000 (nd-only 0, parse-fail 1928) distinct_ok 4 first_hit 9 written_hist {8: 1, 10: 1, 11: 1, 13: 1} lean 0s (14s; 108 done, 12s/thm, ETA 38 min)
d3req_108: n_ok 240/2000 (nd-only 0, parse-fail 1454) distinct_ok 17 first_hit 6 written_hist {8: 2, 9: 15} lean 0s (6s; 109 done, 12s/thm, ETA 38 min)
d3req_109: n_ok 12/2000 (nd-only 0, parse-fail 1636) distinct_ok 3 first_hit 16 written_hist {8: 1, 9: 1, 10: 1} lean 0s (9s; 110 done, 12s/thm, ETA 37 min)
d3req_110: n_ok 41/2000 (nd-only 0, parse-fail 1954) distinct_ok 4 first_hit 40 written_hist {8: 1, 9: 3} lean 0s (5s; 111 done, 12s/thm, ETA 37 min)
d3req_111: n_ok 16/2000 (nd-only 0, parse-fail 1984) distinct_ok 1 first_hit 36 written_hist {8: 1} lean 0s (6s; 112 done, 12s/thm, ETA 37 min)
d3req_112: n_ok 19/2000 (nd-only 0, parse-fail 1957) distinct_ok 3 first_hit 83 written_hist {8: 1, 9: 2} lean 0s (9s; 113 done, 12s/thm, ETA 36 min)
d3req_113: n_ok 9/2000 (nd-only 0, parse-fail 1140) distinct_ok 2 first_hit 290 written_hist {9: 2} lean 0s (6s; 114 done, 12s/thm, ETA 36 min)
d3req_114: n_ok 0/2000 (nd-only 0, parse-fail 1963) distinct_ok 0 first_hit None written_hist {} lean 0s (7s; 115 done, 12s/thm, ETA 36 min)
d3req_115: n_ok 98/2000 (nd-only 0, parse-fail 1421) distinct_ok 7 first_hit 18 written_hist {8: 1, 9: 5, 11: 1} lean 0s (7s; 116 done, 12s/thm, ETA 35 min)
d3req_116: n_ok 12/2000 (nd-only 0, parse-fail 1986) distinct_ok 1 first_hit 95 written_hist {8: 1} lean 0s (11s; 117 done, 12s/thm, ETA 35 min)
d3req_117: n_ok 0/2000 (nd-only 0, parse-fail 1994) distinct_ok 0 first_hit None written_hist {} lean 0s (10s; 118 done, 12s/thm, ETA 35 min)
d3req_118: n_ok 234/2000 (nd-only 0, parse-fail 1637) distinct_ok 7 first_hit 6 written_hist {8: 2, 9: 5} lean 1s (7s; 119 done, 11s/thm, ETA 35 min)
d3req_119: n_ok 0/2000 (nd-only 0, parse-fail 1991) distinct_ok 0 first_hit None written_hist {} lean 0s (8s; 120 done, 11s/thm, ETA 34 min)
d3req_120: n_ok 1/2000 (nd-only 0, parse-fail 334) distinct_ok 1 first_hit 1956 written_hist {8: 1} lean 0s (6s; 121 done, 11s/thm, ETA 34 min)
d3req_121: n_ok 1204/2000 (nd-only 0, parse-fail 149) distinct_ok 13 first_hit 3 written_hist {8: 1, 9: 6, 10: 2, 11: 3, 13: 1} lean 1s (7s; 122 done, 11s/thm, ETA 34 min)
d3req_122: n_ok 209/2000 (nd-only 0, parse-fail 1596) distinct_ok 5 first_hit 6 written_hist {8: 3, 9: 2} lean 0s (6s; 123 done, 11s/thm, ETA 33 min)
d3req_123: n_ok 68/2000 (nd-only 0, parse-fail 1878) distinct_ok 16 first_hit 5 written_hist {8: 1, 9: 7, 10: 1, 11: 3, 13: 4} lean 0s (9s; 124 done, 11s/thm, ETA 33 min)
d3req_124: n_ok 7/2000 (nd-only 0, parse-fail 1981) distinct_ok 2 first_hit 32 written_hist {8: 1, 9: 1} lean 0s (9s; 125 done, 11s/thm, ETA 33 min)
d3req_125: n_ok 17/2000 (nd-only 0, parse-fail 1958) distinct_ok 3 first_hit 52 written_hist {8: 1, 9: 2} lean 8s (25s; 126 done, 11s/thm, ETA 33 min)
d3req_126: n_ok 0/2000 (nd-only 0, parse-fail 1983) distinct_ok 0 first_hit None written_hist {} lean 0s (22s; 127 done, 11s/thm, ETA 33 min)
d3req_127: n_ok 136/2000 (nd-only 0, parse-fail 908) distinct_ok 17 first_hit 9 written_hist {8: 1, 9: 13, 10: 3} lean 8s (28s; 128 done, 12s/thm, ETA 33 min)
d3req_128: n_ok 7/2000 (nd-only 0, parse-fail 60) distinct_ok 3 first_hit 128 written_hist {8: 1, 9: 2} lean 6s (26s; 129 done, 12s/thm, ETA 33 min)
d3req_129: n_ok 24/2000 (nd-only 0, parse-fail 1943) distinct_ok 1 first_hit 58 written_hist {8: 1} lean 7s (34s; 130 done, 12s/thm, ETA 34 min)
d3req_130: n_ok 15/2000 (nd-only 0, parse-fail 77) distinct_ok 4 first_hit 35 written_hist {9: 3, 11: 1} lean 7s (39s; 131 done, 12s/thm, ETA 34 min)
d3req_131: n_ok 0/2000 (nd-only 0, parse-fail 1325) distinct_ok 0 first_hit None written_hist {} lean 0s (18s; 132 done, 12s/thm, ETA 34 min)
d3req_132: n_ok 13/2000 (nd-only 0, parse-fail 1980) distinct_ok 2 first_hit 43 written_hist {8: 1, 13: 1} lean 7s (34s; 133 done, 12s/thm, ETA 34 min)
d3req_133: n_ok 75/2000 (nd-only 0, parse-fail 1906) distinct_ok 9 first_hit 33 written_hist {8: 1, 9: 6, 10: 1, 13: 1} lean 7s (25s; 134 done, 12s/thm, ETA 34 min)
d3req_134: n_ok 22/2000 (nd-only 0, parse-fail 1937) distinct_ok 2 first_hit 88 written_hist {8: 1, 11: 1} lean 7s (30s; 135 done, 13s/thm, ETA 35 min)
d3req_135: n_ok 0/2000 (nd-only 0, parse-fail 1318) distinct_ok 0 first_hit None written_hist {} lean 0s (26s; 136 done, 13s/thm, ETA 35 min)
d3req_136: n_ok 3/2000 (nd-only 0, parse-fail 1648) distinct_ok 1 first_hit 541 written_hist {9: 1} lean 5s (29s; 137 done, 13s/thm, ETA 35 min)
d3req_137: n_ok 0/2000 (nd-only 0, parse-fail 1463) distinct_ok 0 first_hit None written_hist {} lean 0s (5s; 138 done, 13s/thm, ETA 34 min)
d3req_138: n_ok 17/2000 (nd-only 0, parse-fail 1967) distinct_ok 2 first_hit 14 written_hist {8: 1, 9: 1} lean 0s (4s; 139 done, 13s/thm, ETA 34 min)
d3req_139: n_ok 7/2000 (nd-only 0, parse-fail 1908) distinct_ok 1 first_hit 138 written_hist {8: 1} lean 0s (4s; 140 done, 13s/thm, ETA 34 min)
d3req_140: n_ok 0/2000 (nd-only 0, parse-fail 1984) distinct_ok 0 first_hit None written_hist {} lean 0s (6s; 141 done, 13s/thm, ETA 33 min)
d3req_141: n_ok 39/2000 (nd-only 0, parse-fail 1729) distinct_ok 9 first_hit 9 written_hist {8: 2, 9: 3, 11: 2, 13: 2} lean 0s (5s; 142 done, 12s/thm, ETA 33 min)
d3req_142: n_ok 0/2000 (nd-only 0, parse-fail 1825) distinct_ok 0 first_hit None written_hist {} lean 0s (6s; 143 done, 12s/thm, ETA 33 min)
d3req_143: n_ok 0/2000 (nd-only 0, parse-fail 522) distinct_ok 0 first_hit None written_hist {} lean 0s (6s; 144 done, 12s/thm, ETA 32 min)
d3req_144: n_ok 0/2000 (nd-only 0, parse-fail 1914) distinct_ok 0 first_hit None written_hist {} lean 0s (7s; 145 done, 12s/thm, ETA 32 min)
d3req_145: n_ok 0/2000 (nd-only 0, parse-fail 1937) distinct_ok 0 first_hit None written_hist {} lean 0s (6s; 146 done, 12s/thm, ETA 32 min)
d3req_146: n_ok 0/2000 (nd-only 0, parse-fail 235) distinct_ok 0 first_hit None written_hist {} lean 0s (6s; 147 done, 12s/thm, ETA 31 min)
d3req_147: n_ok 1/2000 (nd-only 0, parse-fail 1291) distinct_ok 1 first_hit 1631 written_hist {8: 1} lean 0s (9s; 148 done, 12s/thm, ETA 31 min)
d3req_148: n_ok 0/2000 (nd-only 0, parse-fail 1941) distinct_ok 0 first_hit None written_hist {} lean 0s (10s; 149 done, 12s/thm, ETA 31 min)
d3req_149: n_ok 20/2000 (nd-only 0, parse-fail 1926) distinct_ok 2 first_hit 82 written_hist {8: 1, 9: 1} lean 0s (5s; 150 done, 12s/thm, ETA 30 min)
d3req_150: n_ok 0/2000 (nd-only 0, parse-fail 1964) distinct_ok 0 first_hit None written_hist {} lean 0s (8s; 151 done, 12s/thm, ETA 30 min)
d3req_151: n_ok 0/2000 (nd-only 0, parse-fail 1869) distinct_ok 0 first_hit None written_hist {} lean 0s (8s; 152 done, 12s/thm, ETA 30 min)
d3req_152: n_ok 11/2000 (nd-only 0, parse-fail 110) distinct_ok 2 first_hit 177 written_hist {8: 1, 11: 1} lean 0s (6s; 153 done, 12s/thm, ETA 30 min)
d3req_153: n_ok 18/2000 (nd-only 0, parse-fail 1866) distinct_ok 5 first_hit 153 written_hist {8: 1, 9: 3, 12: 1} lean 0s (6s; 154 done, 12s/thm, ETA 29 min)
d3req_154: n_ok 371/2000 (nd-only 0, parse-fail 1596) distinct_ok 6 first_hit 8 written_hist {8: 1, 9: 4, 11: 1} lean 3s (9s; 155 done, 12s/thm, ETA 29 min)
d3req_155: n_ok 0/2000 (nd-only 0, parse-fail 1794) distinct_ok 0 first_hit None written_hist {} lean 0s (11s; 156 done, 12s/thm, ETA 29 min)
d3req_156: n_ok 33/2000 (nd-only 0, parse-fail 1816) distinct_ok 2 first_hit 34 written_hist {8: 1, 11: 1} lean 2s (10s; 157 done, 12s/thm, ETA 29 min)
d3req_157: n_ok 191/2000 (nd-only 0, parse-fail 45) distinct_ok 10 first_hit 6 written_hist {8: 1, 9: 6, 10: 1, 11: 2} lean 3s (9s; 158 done, 12s/thm, ETA 28 min)
d3req_158: n_ok 1/2000 (nd-only 0, parse-fail 277) distinct_ok 1 first_hit 1309 written_hist {8: 1} lean 2s (9s; 159 done, 12s/thm, ETA 28 min)
d3req_159: n_ok 4/2000 (nd-only 0, parse-fail 477) distinct_ok 3 first_hit 571 written_hist {8: 1, 9: 2} lean 2s (7s; 160 done, 12s/thm, ETA 28 min)
d3req_160: n_ok 24/2000 (nd-only 0, parse-fail 1626) distinct_ok 1 first_hit 46 written_hist {8: 1} lean 2s (10s; 161 done, 12s/thm, ETA 28 min)
d3req_161: n_ok 231/2000 (nd-only 0, parse-fail 1744) distinct_ok 10 first_hit 12 written_hist {8: 2, 9: 8} lean 0s (8s; 162 done, 12s/thm, ETA 27 min)
d3req_162: n_ok 20/2000 (nd-only 0, parse-fail 1818) distinct_ok 1 first_hit 5 written_hist {8: 1} lean 0s (6s; 163 done, 12s/thm, ETA 27 min)
d3req_163: n_ok 28/2000 (nd-only 0, parse-fail 142) distinct_ok 8 first_hit 13 written_hist {8: 1, 9: 6, 10: 1} lean 0s (7s; 164 done, 12s/thm, ETA 27 min)
d3req_164: n_ok 0/2000 (nd-only 0, parse-fail 30) distinct_ok 0 first_hit None written_hist {} lean 0s (5s; 165 done, 12s/thm, ETA 27 min)
d3req_165: n_ok 0/2000 (nd-only 0, parse-fail 1625) distinct_ok 0 first_hit None written_hist {} lean 0s (7s; 166 done, 12s/thm, ETA 26 min)
d3req_166: n_ok 2/2000 (nd-only 0, parse-fail 164) distinct_ok 1 first_hit 375 written_hist {8: 1} lean 0s (6s; 167 done, 12s/thm, ETA 26 min)
d3req_167: n_ok 102/2000 (nd-only 0, parse-fail 1829) distinct_ok 3 first_hit 34 written_hist {8: 1, 9: 2} lean 0s (7s; 168 done, 12s/thm, ETA 26 min)
d3req_168: n_ok 89/2000 (nd-only 0, parse-fail 1826) distinct_ok 4 first_hit 21 written_hist {8: 1, 13: 3} lean 1s (12s; 169 done, 12s/thm, ETA 26 min)
d3req_169: n_ok 3/2000 (nd-only 0, parse-fail 42) distinct_ok 3 first_hit 248 written_hist {8: 1, 9: 1, 10: 1} lean 0s (7s; 170 done, 12s/thm, ETA 25 min)
d3req_170: n_ok 0/2000 (nd-only 0, parse-fail 575) distinct_ok 0 first_hit None written_hist {} lean 0s (6s; 171 done, 12s/thm, ETA 25 min)
d3req_171: n_ok 5/2000 (nd-only 0, parse-fail 1179) distinct_ok 1 first_hit 334 written_hist {8: 1} lean 0s (10s; 172 done, 12s/thm, ETA 25 min)
d3req_172: n_ok 24/2000 (nd-only 0, parse-fail 988) distinct_ok 1 first_hit 286 written_hist {8: 1} lean 0s (12s; 173 done, 12s/thm, ETA 25 min)
d3req_173: n_ok 271/2000 (nd-only 0, parse-fail 1663) distinct_ok 5 first_hit 1 written_hist {8: 1, 9: 3, 11: 1} lean 1s (9s; 174 done, 12s/thm, ETA 24 min)
d3req_174: n_ok 1/2000 (nd-only 0, parse-fail 137) distinct_ok 1 first_hit 39 written_hist {8: 1} lean 0s (8s; 175 done, 12s/thm, ETA 24 min)
d3req_175: n_ok 14/2000 (nd-only 0, parse-fail 1986) distinct_ok 3 first_hit 13 written_hist {8: 1, 9: 2} lean 0s (8s; 176 done, 12s/thm, ETA 24 min)
d3req_176: n_ok 0/2000 (nd-only 0, parse-fail 1918) distinct_ok 0 first_hit None written_hist {} lean 0s (8s; 177 done, 12s/thm, ETA 24 min)
d3req_177: n_ok 397/2000 (nd-only 0, parse-fail 1385) distinct_ok 14 first_hit 3 written_hist {8: 1, 9: 13} lean 0s (9s; 178 done, 12s/thm, ETA 23 min)
d3req_178: n_ok 0/2000 (nd-only 0, parse-fail 1277) distinct_ok 0 first_hit None written_hist {} lean 0s (12s; 179 done, 12s/thm, ETA 23 min)
d3req_179: n_ok 2/2000 (nd-only 0, parse-fail 716) distinct_ok 1 first_hit 500 written_hist {8: 1} lean 6s (24s; 180 done, 12s/thm, ETA 23 min)
d3req_180: n_ok 28/2000 (nd-only 0, parse-fail 1556) distinct_ok 1 first_hit 85 written_hist {8: 1} lean 11s (32s; 181 done, 12s/thm, ETA 23 min)
d3req_181: n_ok 16/2000 (nd-only 0, parse-fail 1437) distinct_ok 1 first_hit 35 written_hist {8: 1} lean 7s (28s; 182 done, 12s/thm, ETA 23 min)
d3req_182: n_ok 2/2000 (nd-only 0, parse-fail 1993) distinct_ok 1 first_hit 1206 written_hist {8: 1} lean 5s (26s; 183 done, 12s/thm, ETA 23 min)
d3req_183: n_ok 14/2000 (nd-only 0, parse-fail 309) distinct_ok 1 first_hit 299 written_hist {8: 1} lean 6s (28s; 184 done, 12s/thm, ETA 23 min)
d3req_184: n_ok 7/2000 (nd-only 0, parse-fail 1502) distinct_ok 2 first_hit 162 written_hist {8: 1, 11: 1} lean 8s (37s; 185 done, 12s/thm, ETA 23 min)
d3req_185: n_ok 62/2000 (nd-only 0, parse-fail 1492) distinct_ok 1 first_hit 19 written_hist {8: 1} lean 8s (36s; 186 done, 12s/thm, ETA 23 min)
d3req_186: n_ok 15/2000 (nd-only 0, parse-fail 1726) distinct_ok 2 first_hit 24 written_hist {8: 1, 11: 1} lean 5s (32s; 187 done, 12s/thm, ETA 23 min)
d3req_187: n_ok 282/2000 (nd-only 0, parse-fail 1135) distinct_ok 8 first_hit 15 written_hist {8: 3, 9: 5} lean 4s (25s; 188 done, 12s/thm, ETA 23 min)
d3req_188: n_ok 0/2000 (nd-only 0, parse-fail 1576) distinct_ok 0 first_hit None written_hist {} lean 0s (20s; 189 done, 12s/thm, ETA 23 min)
d3req_189: n_ok 48/2000 (nd-only 0, parse-fail 1873) distinct_ok 2 first_hit 56 written_hist {8: 1, 9: 1} lean 10s (39s; 190 done, 13s/thm, ETA 23 min)
d3req_190: n_ok 14/2000 (nd-only 0, parse-fail 1929) distinct_ok 3 first_hit 285 written_hist {8: 2, 9: 1} lean 7s (31s; 191 done, 13s/thm, ETA 23 min)
d3req_191: n_ok 2/2000 (nd-only 0, parse-fail 356) distinct_ok 2 first_hit 873 written_hist {9: 2} lean 8s (37s; 192 done, 13s/thm, ETA 23 min)
d3req_192: n_ok 94/2000 (nd-only 0, parse-fail 1118) distinct_ok 3 first_hit 9 written_hist {8: 2, 9: 1} lean 9s (44s; 193 done, 13s/thm, ETA 23 min)
d3req_193: n_ok 116/2000 (nd-only 0, parse-fail 1445) distinct_ok 4 first_hit 16 written_hist {8: 1, 9: 3} lean 10s (48s; 194 done, 13s/thm, ETA 23 min)
d3req_194: n_ok 41/2000 (nd-only 0, parse-fail 1932) distinct_ok 3 first_hit 12 written_hist {8: 1, 9: 2} lean 8s (51s; 195 done, 13s/thm, ETA 23 min)
d3req_195: n_ok 0/2000 (nd-only 0, parse-fail 1737) distinct_ok 0 first_hit None written_hist {} lean 0s (31s; 196 done, 13s/thm, ETA 23 min)
d3req_196: n_ok 41/2000 (nd-only 0, parse-fail 1171) distinct_ok 2 first_hit 10 written_hist {8: 1, 9: 1} lean 4s (34s; 197 done, 14s/thm, ETA 23 min)
d3req_197: n_ok 3/2000 (nd-only 0, parse-fail 718) distinct_ok 1 first_hit 323 written_hist {7: 1} lean 5s (34s; 198 done, 14s/thm, ETA 23 min)
d3req_198: n_ok 128/2000 (nd-only 0, parse-fail 1838) distinct_ok 3 first_hit 7 written_hist {8: 2, 9: 1} lean 6s (26s; 199 done, 14s/thm, ETA 23 min)
d3req_199: n_ok 2/2000 (nd-only 0, parse-fail 132) distinct_ok 1 first_hit 297 written_hist {8: 1} lean 5s (37s; 200 done, 14s/thm, ETA 23 min)
d3req_200: n_ok 28/2000 (nd-only 0, parse-fail 1915) distinct_ok 5 first_hit 225 written_hist {8: 1, 9: 4} lean 0s (12s; 201 done, 14s/thm, ETA 23 min)
d3req_201: n_ok 3/2000 (nd-only 0, parse-fail 317) distinct_ok 3 first_hit 930 written_hist {9: 2, 11: 1} lean 0s (3s; 202 done, 14s/thm, ETA 22 min)
d3req_202: n_ok 44/2000 (nd-only 0, parse-fail 1936) distinct_ok 3 first_hit 33 written_hist {8: 2, 9: 1} lean 0s (4s; 203 done, 14s/thm, ETA 22 min)
d3req_203: n_ok 572/2000 (nd-only 0, parse-fail 1354) distinct_ok 11 first_hit 4 written_hist {8: 1, 9: 8, 10: 2} lean 1s (5s; 204 done, 14s/thm, ETA 22 min)
d3req_204: n_ok 1/2000 (nd-only 0, parse-fail 1983) distinct_ok 1 first_hit 429 written_hist {7: 1} lean 3s (10s; 205 done, 14s/thm, ETA 22 min)
d3req_205: n_ok 6/2000 (nd-only 0, parse-fail 441) distinct_ok 3 first_hit 174 written_hist {9: 2, 12: 1} lean 4s (15s; 206 done, 14s/thm, ETA 21 min)
d3req_206: n_ok 0/2000 (nd-only 0, parse-fail 1041) distinct_ok 0 first_hit None written_hist {} lean 0s (3s; 207 done, 14s/thm, ETA 21 min)
d3req_207: n_ok 1704/2000 (nd-only 0, parse-fail 158) distinct_ok 12 first_hit 1 written_hist {8: 1, 9: 3, 11: 3, 13: 4, 14: 1} lean 1s (4s; 208 done, 14s/thm, ETA 21 min)
d3req_208: n_ok 20/2000 (nd-only 0, parse-fail 1961) distinct_ok 1 first_hit 132 written_hist {8: 1} lean 0s (8s; 209 done, 14s/thm, ETA 21 min)
d3req_209: n_ok 1/2000 (nd-only 0, parse-fail 1998) distinct_ok 1 first_hit 627 written_hist {9: 1} lean 0s (7s; 210 done, 14s/thm, ETA 20 min)
d3req_210: n_ok 21/2000 (nd-only 0, parse-fail 1955) distinct_ok 2 first_hit 177 written_hist {8: 1, 10: 1} lean 0s (6s; 211 done, 13s/thm, ETA 20 min)
d3req_211: n_ok 288/2000 (nd-only 0, parse-fail 1467) distinct_ok 10 first_hit 3 written_hist {8: 1, 9: 9} lean 1s (6s; 212 done, 13s/thm, ETA 20 min)
d3req_212: n_ok 23/2000 (nd-only 0, parse-fail 1893) distinct_ok 3 first_hit 39 written_hist {8: 1, 9: 1, 11: 1} lean 0s (5s; 213 done, 13s/thm, ETA 19 min)
d3req_213: n_ok 0/2000 (nd-only 0, parse-fail 1641) distinct_ok 0 first_hit None written_hist {} lean 0s (8s; 214 done, 13s/thm, ETA 19 min)
d3req_214: n_ok 395/2000 (nd-only 0, parse-fail 24) distinct_ok 5 first_hit 1 written_hist {8: 1, 9: 2, 11: 2} lean 1s (5s; 215 done, 13s/thm, ETA 19 min)
d3req_215: n_ok 0/2000 (nd-only 0, parse-fail 1726) distinct_ok 0 first_hit None written_hist {} lean 0s (8s; 216 done, 13s/thm, ETA 19 min)
d3req_216: n_ok 7/2000 (nd-only 0, parse-fail 1063) distinct_ok 1 first_hit 340 written_hist {9: 1} lean 0s (4s; 217 done, 13s/thm, ETA 18 min)
d3req_217: n_ok 0/2000 (nd-only 0, parse-fail 24) distinct_ok 0 first_hit None written_hist {} lean 0s (4s; 218 done, 13s/thm, ETA 18 min)
d3req_218: n_ok 9/2000 (nd-only 0, parse-fail 1354) distinct_ok 4 first_hit 5 written_hist {8: 2, 11: 2} lean 0s (4s; 219 done, 13s/thm, ETA 18 min)
d3req_219: n_ok 27/2000 (nd-only 0, parse-fail 1959) distinct_ok 2 first_hit 68 written_hist {8: 1, 9: 1} lean 0s (5s; 220 done, 13s/thm, ETA 18 min)
d3req_220: n_ok 0/2000 (nd-only 0, parse-fail 1947) distinct_ok 0 first_hit None written_hist {} lean 0s (4s; 221 done, 13s/thm, ETA 17 min)
d3req_221: n_ok 0/2000 (nd-only 0, parse-fail 1971) distinct_ok 0 first_hit None written_hist {} lean 0s (5s; 222 done, 13s/thm, ETA 17 min)
d3req_222: n_ok 0/2000 (nd-only 0, parse-fail 52) distinct_ok 0 first_hit None written_hist {} lean 0s (5s; 223 done, 13s/thm, ETA 17 min)
d3req_223: n_ok 1/2000 (nd-only 0, parse-fail 65) distinct_ok 1 first_hit 172 written_hist {8: 1} lean 0s (5s; 224 done, 13s/thm, ETA 16 min)
d3req_224: n_ok 183/2000 (nd-only 0, parse-fail 123) distinct_ok 1 first_hit 4 written_hist {8: 1} lean 0s (5s; 225 done, 13s/thm, ETA 16 min)
d3req_225: n_ok 119/2000 (nd-only 0, parse-fail 38) distinct_ok 5 first_hit 2 written_hist {8: 1, 9: 4} lean 0s (6s; 226 done, 13s/thm, ETA 16 min)
d3req_226: n_ok 163/2000 (nd-only 0, parse-fail 93) distinct_ok 3 first_hit 6 written_hist {8: 1, 9: 1, 11: 1} lean 0s (6s; 227 done, 13s/thm, ETA 16 min)
d3req_227: n_ok 7/2000 (nd-only 0, parse-fail 1943) distinct_ok 2 first_hit 707 written_hist {8: 1, 9: 1} lean 0s (6s; 228 done, 13s/thm, ETA 15 min)
d3req_228: n_ok 4/2000 (nd-only 0, parse-fail 824) distinct_ok 1 first_hit 874 written_hist {8: 1} lean 0s (9s; 229 done, 13s/thm, ETA 15 min)
d3req_229: n_ok 13/2000 (nd-only 0, parse-fail 1987) distinct_ok 2 first_hit 186 written_hist {8: 1, 9: 1} lean 0s (5s; 230 done, 13s/thm, ETA 15 min)
d3req_230: n_ok 1/2000 (nd-only 0, parse-fail 16) distinct_ok 1 first_hit 364 written_hist {8: 1} lean 0s (5s; 231 done, 13s/thm, ETA 15 min)
d3req_231: n_ok 22/2000 (nd-only 0, parse-fail 1870) distinct_ok 1 first_hit 171 written_hist {8: 1} lean 0s (7s; 232 done, 13s/thm, ETA 14 min)
d3req_232: n_ok 128/2000 (nd-only 0, parse-fail 1805) distinct_ok 10 first_hit 13 written_hist {8: 2, 9: 7, 10: 1} lean 0s (6s; 233 done, 13s/thm, ETA 14 min)
d3req_233: n_ok 24/2000 (nd-only 0, parse-fail 1939) distinct_ok 2 first_hit 2 written_hist {8: 1, 9: 1} lean 0s (6s; 234 done, 13s/thm, ETA 14 min)
d3req_234: n_ok 5/2000 (nd-only 0, parse-fail 1706) distinct_ok 1 first_hit 806 written_hist {8: 1} lean 0s (8s; 235 done, 13s/thm, ETA 14 min)
d3req_235: n_ok 3/2000 (nd-only 0, parse-fail 1991) distinct_ok 1 first_hit 1108 written_hist {8: 1} lean 0s (8s; 236 done, 13s/thm, ETA 14 min)
d3req_236: n_ok 0/2000 (nd-only 0, parse-fail 1182) distinct_ok 0 first_hit None written_hist {} lean 0s (10s; 237 done, 13s/thm, ETA 13 min)
d3req_237: n_ok 97/2000 (nd-only 0, parse-fail 1794) distinct_ok 6 first_hit 49 written_hist {8: 1, 9: 5} lean 0s (6s; 238 done, 13s/thm, ETA 13 min)
d3req_238: n_ok 0/2000 (nd-only 0, parse-fail 1990) distinct_ok 0 first_hit None written_hist {} lean 0s (9s; 239 done, 13s/thm, ETA 13 min)
d3req_239: n_ok 0/2000 (nd-only 0, parse-fail 192) distinct_ok 0 first_hit None written_hist {} lean 0s (6s; 240 done, 13s/thm, ETA 13 min)
d3req_240: n_ok 282/2000 (nd-only 0, parse-fail 504) distinct_ok 33 first_hit 4 written_hist {8: 2, 9: 27, 11: 2, 12: 1, 13: 1} lean 1s (6s; 241 done, 13s/thm, ETA 12 min)
d3req_241: n_ok 20/2000 (nd-only 0, parse-fail 790) distinct_ok 3 first_hit 57 written_hist {8: 1, 9: 2} lean 0s (6s; 242 done, 13s/thm, ETA 12 min)
d3req_242: n_ok 538/2000 (nd-only 0, parse-fail 121) distinct_ok 22 first_hit 5 written_hist {8: 2, 9: 6, 10: 4, 11: 6, 13: 3, 14: 1} lean 1s (6s; 243 done, 12s/thm, ETA 12 min)
d3req_243: n_ok 191/2000 (nd-only 0, parse-fail 98) distinct_ok 2 first_hit 5 written_hist {8: 2} lean 0s (7s; 244 done, 12s/thm, ETA 12 min)
d3req_244: n_ok 0/2000 (nd-only 0, parse-fail 1873) distinct_ok 0 first_hit None written_hist {} lean 0s (6s; 245 done, 12s/thm, ETA 11 min)
d3req_245: n_ok 13/2000 (nd-only 0, parse-fail 600) distinct_ok 4 first_hit 83 written_hist {11: 1, 12: 1, 13: 2} lean 0s (7s; 246 done, 12s/thm, ETA 11 min)
d3req_246: n_ok 53/2000 (nd-only 0, parse-fail 1867) distinct_ok 3 first_hit 89 written_hist {8: 1, 9: 2} lean 0s (7s; 247 done, 12s/thm, ETA 11 min)
d3req_247: n_ok 32/2000 (nd-only 0, parse-fail 1930) distinct_ok 1 first_hit 89 written_hist {8: 1} lean 0s (7s; 248 done, 12s/thm, ETA 11 min)
d3req_248: n_ok 138/2000 (nd-only 0, parse-fail 1481) distinct_ok 11 first_hit 9 written_hist {8: 1, 9: 7, 11: 2, 12: 1} lean 0s (6s; 249 done, 12s/thm, ETA 10 min)
d3req_249: n_ok 60/2000 (nd-only 0, parse-fail 1856) distinct_ok 5 first_hit 4 written_hist {8: 1, 9: 3, 11: 1} lean 0s (8s; 250 done, 12s/thm, ETA 10 min)
d3req_250: n_ok 2/2000 (nd-only 0, parse-fail 1123) distinct_ok 1 first_hit 1140 written_hist {8: 1} lean 0s (8s; 251 done, 12s/thm, ETA 10 min)
d3req_251: n_ok 9/2000 (nd-only 0, parse-fail 1759) distinct_ok 1 first_hit 390 written_hist {8: 1} lean 0s (11s; 252 done, 12s/thm, ETA 10 min)
d3req_252: n_ok 214/2000 (nd-only 0, parse-fail 1270) distinct_ok 2 first_hit 4 written_hist {8: 1, 9: 1} lean 0s (8s; 253 done, 12s/thm, ETA 10 min)
d3req_253: n_ok 28/2000 (nd-only 0, parse-fail 1964) distinct_ok 2 first_hit 20 written_hist {8: 1, 9: 1} lean 2s (26s; 254 done, 12s/thm, ETA 9 min)
d3req_254: n_ok 61/2000 (nd-only 0, parse-fail 1933) distinct_ok 2 first_hit 45 written_hist {8: 1, 9: 1} lean 3s (23s; 255 done, 12s/thm, ETA 9 min)
d3req_255: n_ok 34/2000 (nd-only 0, parse-fail 1919) distinct_ok 4 first_hit 42 written_hist {8: 2, 11: 1, 13: 1} lean 3s (22s; 256 done, 12s/thm, ETA 9 min)
d3req_256: n_ok 0/2000 (nd-only 0, parse-fail 1214) distinct_ok 0 first_hit None written_hist {} lean 0s (22s; 257 done, 12s/thm, ETA 9 min)
d3req_257: n_ok 1/2000 (nd-only 0, parse-fail 123) distinct_ok 1 first_hit 925 written_hist {8: 1} lean 2s (22s; 258 done, 12s/thm, ETA 9 min)
d3req_258: n_ok 0/2000 (nd-only 0, parse-fail 1961) distinct_ok 0 first_hit None written_hist {} lean 0s (16s; 259 done, 13s/thm, ETA 9 min)
d3req_259: n_ok 12/2000 (nd-only 0, parse-fail 642) distinct_ok 7 first_hit 65 written_hist {9: 2, 10: 2, 11: 3} lean 4s (29s; 260 done, 13s/thm, ETA 8 min)
d3req_260: n_ok 1/2000 (nd-only 0, parse-fail 1962) distinct_ok 1 first_hit 1263 written_hist {8: 1} lean 4s (24s; 261 done, 13s/thm, ETA 8 min)
d3req_261: n_ok 0/2000 (nd-only 0, parse-fail 1959) distinct_ok 0 first_hit None written_hist {} lean 0s (25s; 262 done, 13s/thm, ETA 8 min)
d3req_262: n_ok 27/2000 (nd-only 0, parse-fail 1956) distinct_ok 5 first_hit 44 written_hist {8: 1, 9: 1, 13: 3} lean 0s (12s; 263 done, 13s/thm, ETA 8 min)
d3req_263: n_ok 0/2000 (nd-only 0, parse-fail 1674) distinct_ok 0 first_hit None written_hist {} lean 0s (3s; 264 done, 13s/thm, ETA 8 min)
d3req_264: n_ok 5/2000 (nd-only 0, parse-fail 1985) distinct_ok 1 first_hit 102 written_hist {8: 1} lean 0s (8s; 265 done, 13s/thm, ETA 7 min)
d3req_265: n_ok 25/2000 (nd-only 0, parse-fail 1972) distinct_ok 1 first_hit 152 written_hist {8: 1} lean 2s (10s; 266 done, 13s/thm, ETA 7 min)
d3req_266: n_ok 66/2000 (nd-only 0, parse-fail 1883) distinct_ok 4 first_hit 8 written_hist {8: 1, 9: 3} lean 1s (6s; 267 done, 13s/thm, ETA 7 min)
d3req_267: n_ok 11/2000 (nd-only 0, parse-fail 348) distinct_ok 4 first_hit 95 written_hist {8: 1, 9: 3} lean 0s (5s; 268 done, 13s/thm, ETA 7 min)
d3req_268: n_ok 53/2000 (nd-only 0, parse-fail 711) distinct_ok 4 first_hit 42 written_hist {8: 1, 9: 3} lean 0s (6s; 269 done, 13s/thm, ETA 6 min)
d3req_269: n_ok 0/2000 (nd-only 0, parse-fail 1055) distinct_ok 0 first_hit None written_hist {} lean 0s (12s; 270 done, 13s/thm, ETA 6 min)
d3req_270: n_ok 0/2000 (nd-only 0, parse-fail 111) distinct_ok 0 first_hit None written_hist {} lean 0s (4s; 271 done, 12s/thm, ETA 6 min)
d3req_271: n_ok 0/2000 (nd-only 0, parse-fail 409) distinct_ok 0 first_hit None written_hist {} lean 0s (3s; 272 done, 12s/thm, ETA 6 min)
d3req_272: n_ok 268/2000 (nd-only 0, parse-fail 1546) distinct_ok 1 first_hit 8 written_hist {7: 1} lean 0s (3s; 273 done, 12s/thm, ETA 6 min)
d3req_273: n_ok 288/2000 (nd-only 0, parse-fail 1277) distinct_ok 10 first_hit 14 written_hist {8: 1, 9: 8, 10: 1} lean 1s (6s; 274 done, 12s/thm, ETA 5 min)
d3req_274: n_ok 23/2000 (nd-only 0, parse-fail 1974) distinct_ok 2 first_hit 119 written_hist {8: 1, 9: 1} lean 0s (12s; 275 done, 12s/thm, ETA 5 min)
d3req_275: n_ok 0/2000 (nd-only 0, parse-fail 1354) distinct_ok 0 first_hit None written_hist {} lean 0s (10s; 276 done, 12s/thm, ETA 5 min)
d3req_276: n_ok 33/2000 (nd-only 0, parse-fail 1073) distinct_ok 1 first_hit 15 written_hist {8: 1} lean 0s (11s; 277 done, 12s/thm, ETA 5 min)
d3req_277: n_ok 0/2000 (nd-only 0, parse-fail 1867) distinct_ok 0 first_hit None written_hist {} lean 0s (11s; 278 done, 12s/thm, ETA 5 min)
d3req_278: n_ok 169/2000 (nd-only 0, parse-fail 1801) distinct_ok 6 first_hit 14 written_hist {8: 1, 9: 5} lean 0s (11s; 279 done, 12s/thm, ETA 4 min)
d3req_279: n_ok 1/2000 (nd-only 0, parse-fail 1793) distinct_ok 1 first_hit 736 written_hist {10: 1} lean 0s (11s; 280 done, 12s/thm, ETA 4 min)
d3req_280: n_ok 43/2000 (nd-only 0, parse-fail 1916) distinct_ok 3 first_hit 56 written_hist {8: 1, 9: 2} lean 0s (11s; 281 done, 12s/thm, ETA 4 min)
d3req_281: n_ok 111/2000 (nd-only 0, parse-fail 1694) distinct_ok 3 first_hit 24 written_hist {8: 1, 9: 1, 11: 1} lean 0s (7s; 282 done, 12s/thm, ETA 4 min)
d3req_282: n_ok 27/2000 (nd-only 0, parse-fail 1454) distinct_ok 5 first_hit 155 written_hist {8: 1, 9: 2, 10: 2} lean 0s (5s; 283 done, 12s/thm, ETA 3 min)
d3req_283: n_ok 63/2000 (nd-only 0, parse-fail 1006) distinct_ok 3 first_hit 42 written_hist {8: 1, 9: 1, 11: 1} lean 0s (9s; 284 done, 12s/thm, ETA 3 min)
d3req_284: n_ok 181/2000 (nd-only 0, parse-fail 1518) distinct_ok 3 first_hit 17 written_hist {8: 1, 9: 2} lean 0s (4s; 285 done, 12s/thm, ETA 3 min)
d3req_285: n_ok 81/2000 (nd-only 0, parse-fail 1916) distinct_ok 4 first_hit 5 written_hist {8: 1, 9: 3} lean 0s (5s; 286 done, 12s/thm, ETA 3 min)
d3req_286: n_ok 203/2000 (nd-only 0, parse-fail 1735) distinct_ok 7 first_hit 7 written_hist {8: 1, 9: 6} lean 0s (6s; 287 done, 12s/thm, ETA 3 min)
d3req_287: n_ok 52/2000 (nd-only 0, parse-fail 1905) distinct_ok 10 first_hit 138 written_hist {8: 1, 9: 8, 10: 1} lean 0s (6s; 288 done, 12s/thm, ETA 2 min)
d3req_288: n_ok 0/2000 (nd-only 0, parse-fail 94) distinct_ok 0 first_hit None written_hist {} lean 0s (5s; 289 done, 12s/thm, ETA 2 min)
d3req_289: n_ok 21/2000 (nd-only 0, parse-fail 1350) distinct_ok 2 first_hit 111 written_hist {8: 1, 11: 1} lean 0s (7s; 290 done, 12s/thm, ETA 2 min)
d3req_290: n_ok 3/2000 (nd-only 0, parse-fail 1942) distinct_ok 1 first_hit 497 written_hist {8: 1} lean 0s (11s; 291 done, 12s/thm, ETA 2 min)
d3req_291: n_ok 0/2000 (nd-only 0, parse-fail 1986) distinct_ok 0 first_hit None written_hist {} lean 0s (7s; 292 done, 12s/thm, ETA 2 min)
d3req_292: n_ok 949/2000 (nd-only 0, parse-fail 39) distinct_ok 8 first_hit 1 written_hist {8: 1, 9: 5, 10: 1, 11: 1} lean 1s (6s; 293 done, 12s/thm, ETA 1 min)
d3req_293: n_ok 4/2000 (nd-only 0, parse-fail 606) distinct_ok 2 first_hit 1108 written_hist {8: 1, 9: 1} lean 0s (7s; 294 done, 12s/thm, ETA 1 min)
d3req_294: n_ok 180/2000 (nd-only 0, parse-fail 291) distinct_ok 7 first_hit 11 written_hist {8: 1, 9: 3, 10: 2, 11: 1} lean 0s (6s; 295 done, 12s/thm, ETA 1 min)
d3req_295: n_ok 16/2000 (nd-only 0, parse-fail 65) distinct_ok 3 first_hit 149 written_hist {11: 2, 13: 1} lean 0s (4s; 296 done, 12s/thm, ETA 1 min)
d3req_296: n_ok 0/2000 (nd-only 0, parse-fail 1194) distinct_ok 0 first_hit None written_hist {} lean 0s (7s; 297 done, 12s/thm, ETA 1 min)
d3req_297: n_ok 0/2000 (nd-only 0, parse-fail 225) distinct_ok 0 first_hit None written_hist {} lean 0s (6s; 298 done, 12s/thm, ETA 0 min)
d3req_298: n_ok 3/2000 (nd-only 0, parse-fail 1663) distinct_ok 1 first_hit 121 written_hist {8: 1} lean 0s (7s; 299 done, 12s/thm, ETA 0 min)
d3req_299: n_ok 21/2000 (nd-only 0, parse-fail 1809) distinct_ok 3 first_hit 2 written_hist {8: 3} lean 0s (7s; 300 done, 12s/thm, ETA 0 min)
DONE {'nd_ok_lean_ok_texts': 5712, 'nd_ok_lean_rej_texts': 0, 'samples': 600000, 'parse_fail': 395376, 'nd_ok_samples': 22424, 'both_ok_samples': 22424, 'lean_wall_s': 450.96850776672363, 'lean_proc_s': 448.52380084991455}
END 2026-09-24T20:33:06Z
