START 2026-09-24T21:23:49Z until [ -f ckpts/kh/stage1_k12_s0.pt ]; do sleep 30; done; python3 coverage_lean.py --ckpt ckpts/kh/stage1_k12_s0.pt --in data/p2/targets_reductio_req.jsonl --k 2000 --temperature 0.8 --seed 0 --batch 1024 --procs 2 --max_new 768 --out artifacts/kh/covd_k12_s0_redreq
shard 0/1: 300 theorems, 0 already done; k=2000 T=0.8 batch=1024
targets_reductio_req_0: n_ok 0/2000 (nd-only 0, parse-fail 543) distinct_ok 0 first_hit None written_hist {} lean 0s (6s; 1 done, 6s/thm, ETA 31 min)
targets_reductio_req_1: n_ok 0/2000 (nd-only 0, parse-fail 548) distinct_ok 0 first_hit None written_hist {} lean 0s (6s; 2 done, 6s/thm, ETA 31 min)
targets_reductio_req_2: n_ok 106/2000 (nd-only 0, parse-fail 730) distinct_ok 2 first_hit 41 written_hist {7: 1, 8: 1} lean 0s (8s; 3 done, 7s/thm, ETA 34 min)
targets_reductio_req_3: n_ok 0/2000 (nd-only 0, parse-fail 645) distinct_ok 0 first_hit None written_hist {} lean 0s (8s; 4 done, 7s/thm, ETA 35 min)
targets_reductio_req_4: n_ok 0/2000 (nd-only 0, parse-fail 1608) distinct_ok 0 first_hit None written_hist {} lean 0s (9s; 5 done, 7s/thm, ETA 37 min)
targets_reductio_req_5: n_ok 0/2000 (nd-only 0, parse-fail 424) distinct_ok 0 first_hit None written_hist {} lean 0s (38s; 6 done, 13s/thm, ETA 62 min)
targets_reductio_req_6: n_ok 0/2000 (nd-only 0, parse-fail 1566) distinct_ok 0 first_hit None written_hist {} lean 0s (16s; 7 done, 13s/thm, ETA 64 min)
targets_reductio_req_7: n_ok 0/2000 (nd-only 0, parse-fail 1070) distinct_ok 0 first_hit None written_hist {} lean 0s (49s; 8 done, 18s/thm, ETA 86 min)
targets_reductio_req_8: n_ok 121/2000 (nd-only 0, parse-fail 74) distinct_ok 1 first_hit 18 written_hist {8: 1} lean 9s (35s; 9 done, 20s/thm, ETA 95 min)
targets_reductio_req_9: n_ok 0/2000 (nd-only 0, parse-fail 549) distinct_ok 0 first_hit None written_hist {} lean 0s (28s; 10 done, 20s/thm, ETA 98 min)
targets_reductio_req_10: n_ok 0/2000 (nd-only 0, parse-fail 494) distinct_ok 0 first_hit None written_hist {} lean 0s (15s; 11 done, 20s/thm, ETA 96 min)
targets_reductio_req_11: n_ok 0/2000 (nd-only 0, parse-fail 387) distinct_ok 0 first_hit None written_hist {} lean 0s (3s; 12 done, 18s/thm, ETA 89 min)
targets_reductio_req_12: n_ok 0/2000 (nd-only 0, parse-fail 1119) distinct_ok 0 first_hit None written_hist {} lean 0s (4s; 13 done, 17s/thm, ETA 83 min)
targets_reductio_req_13: n_ok 2/2000 (nd-only 0, parse-fail 1911) distinct_ok 1 first_hit 1394 written_hist {7: 1} lean 1s (11s; 14 done, 17s/thm, ETA 81 min)
targets_reductio_req_14: n_ok 0/2000 (nd-only 0, parse-fail 484) distinct_ok 0 first_hit None written_hist {} lean 0s (7s; 15 done, 16s/thm, ETA 77 min)
targets_reductio_req_15: n_ok 0/2000 (nd-only 0, parse-fail 568) distinct_ok 0 first_hit None written_hist {} lean 0s (7s; 16 done, 16s/thm, ETA 74 min)
targets_reductio_req_16: n_ok 63/2000 (nd-only 0, parse-fail 407) distinct_ok 1 first_hit 20 written_hist {8: 1} lean 0s (6s; 17 done, 15s/thm, ETA 71 min)
targets_reductio_req_17: n_ok 0/2000 (nd-only 0, parse-fail 775) distinct_ok 0 first_hit None written_hist {} lean 0s (17s; 18 done, 15s/thm, ETA 71 min)
targets_reductio_req_18: n_ok 0/2000 (nd-only 0, parse-fail 176) distinct_ok 0 first_hit None written_hist {} lean 0s (4s; 19 done, 15s/thm, ETA 68 min)
targets_reductio_req_19: n_ok 0/2000 (nd-only 0, parse-fail 512) distinct_ok 0 first_hit None written_hist {} lean 0s (3s; 20 done, 14s/thm, ETA 65 min)
targets_reductio_req_20: n_ok 0/2000 (nd-only 0, parse-fail 784) distinct_ok 0 first_hit None written_hist {} lean 0s (6s; 21 done, 14s/thm, ETA 63 min)
targets_reductio_req_21: n_ok 0/2000 (nd-only 0, parse-fail 1416) distinct_ok 0 first_hit None written_hist {} lean 0s (6s; 22 done, 13s/thm, ETA 62 min)
targets_reductio_req_22: n_ok 0/2000 (nd-only 0, parse-fail 1999) distinct_ok 0 first_hit None written_hist {} lean 0s (3s; 23 done, 13s/thm, ETA 59 min)
targets_reductio_req_23: n_ok 0/2000 (nd-only 0, parse-fail 726) distinct_ok 0 first_hit None written_hist {} lean 0s (4s; 24 done, 12s/thm, ETA 57 min)
targets_reductio_req_24: n_ok 0/2000 (nd-only 0, parse-fail 1167) distinct_ok 0 first_hit None written_hist {} lean 0s (7s; 25 done, 12s/thm, ETA 56 min)
targets_reductio_req_25: n_ok 0/2000 (nd-only 0, parse-fail 690) distinct_ok 0 first_hit None written_hist {} lean 0s (4s; 26 done, 12s/thm, ETA 54 min)
targets_reductio_req_26: n_ok 123/2000 (nd-only 0, parse-fail 502) distinct_ok 2 first_hit 1 written_hist {8: 1, 12: 1} lean 0s (5s; 27 done, 12s/thm, ETA 53 min)
targets_reductio_req_27: n_ok 53/2000 (nd-only 0, parse-fail 596) distinct_ok 2 first_hit 43 written_hist {7: 1, 8: 1} lean 0s (7s; 28 done, 11s/thm, ETA 52 min)
targets_reductio_req_28: n_ok 0/2000 (nd-only 0, parse-fail 1867) distinct_ok 0 first_hit None written_hist {} lean 0s (8s; 29 done, 11s/thm, ETA 51 min)
targets_reductio_req_29: n_ok 2/2000 (nd-only 0, parse-fail 443) distinct_ok 1 first_hit 814 written_hist {9: 1} lean 0s (4s; 30 done, 11s/thm, ETA 50 min)
targets_reductio_req_30: n_ok 0/2000 (nd-only 0, parse-fail 1524) distinct_ok 0 first_hit None written_hist {} lean 0s (3s; 31 done, 11s/thm, ETA 49 min)
targets_reductio_req_31: n_ok 2/2000 (nd-only 0, parse-fail 1639) distinct_ok 1 first_hit 1087 written_hist {7: 1} lean 0s (6s; 32 done, 11s/thm, ETA 48 min)
targets_reductio_req_32: n_ok 0/2000 (nd-only 0, parse-fail 618) distinct_ok 0 first_hit None written_hist {} lean 0s (6s; 33 done, 11s/thm, ETA 47 min)
targets_reductio_req_33: n_ok 0/2000 (nd-only 0, parse-fail 1207) distinct_ok 0 first_hit None written_hist {} lean 0s (6s; 34 done, 10s/thm, ETA 46 min)
targets_reductio_req_34: n_ok 0/2000 (nd-only 0, parse-fail 1077) distinct_ok 0 first_hit None written_hist {} lean 0s (5s; 35 done, 10s/thm, ETA 45 min)
targets_reductio_req_35: n_ok 82/2000 (nd-only 0, parse-fail 697) distinct_ok 1 first_hit 47 written_hist {8: 1} lean 0s (4s; 36 done, 10s/thm, ETA 44 min)
targets_reductio_req_36: n_ok 0/2000 (nd-only 0, parse-fail 410) distinct_ok 0 first_hit None written_hist {} lean 0s (5s; 37 done, 10s/thm, ETA 44 min)
targets_reductio_req_37: n_ok 0/2000 (nd-only 0, parse-fail 975) distinct_ok 0 first_hit None written_hist {} lean 0s (5s; 38 done, 10s/thm, ETA 43 min)
targets_reductio_req_38: n_ok 0/2000 (nd-only 0, parse-fail 267) distinct_ok 0 first_hit None written_hist {} lean 0s (4s; 39 done, 10s/thm, ETA 42 min)
targets_reductio_req_39: n_ok 0/2000 (nd-only 0, parse-fail 1849) distinct_ok 0 first_hit None written_hist {} lean 0s (5s; 40 done, 10s/thm, ETA 41 min)
targets_reductio_req_40: n_ok 192/2000 (nd-only 0, parse-fail 129) distinct_ok 1 first_hit 32 written_hist {7: 1} lean 0s (6s; 41 done, 9s/thm, ETA 41 min)
targets_reductio_req_41: n_ok 0/2000 (nd-only 0, parse-fail 914) distinct_ok 0 first_hit None written_hist {} lean 0s (6s; 42 done, 9s/thm, ETA 40 min)
targets_reductio_req_42: n_ok 0/2000 (nd-only 0, parse-fail 504) distinct_ok 0 first_hit None written_hist {} lean 0s (4s; 43 done, 9s/thm, ETA 40 min)
targets_reductio_req_43: n_ok 0/2000 (nd-only 0, parse-fail 747) distinct_ok 0 first_hit None written_hist {} lean 0s (4s; 44 done, 9s/thm, ETA 39 min)
targets_reductio_req_44: n_ok 0/2000 (nd-only 0, parse-fail 292) distinct_ok 0 first_hit None written_hist {} lean 0s (3s; 45 done, 9s/thm, ETA 38 min)
targets_reductio_req_45: n_ok 0/2000 (nd-only 0, parse-fail 261) distinct_ok 0 first_hit None written_hist {} lean 0s (22s; 46 done, 9s/thm, ETA 39 min)
targets_reductio_req_46: n_ok 46/2000 (nd-only 0, parse-fail 249) distinct_ok 1 first_hit 15 written_hist {8: 1} lean 5s (24s; 47 done, 10s/thm, ETA 41 min)
targets_reductio_req_47: n_ok 197/2000 (nd-only 0, parse-fail 136) distinct_ok 2 first_hit 2 written_hist {8: 1, 9: 1} lean 4s (23s; 48 done, 10s/thm, ETA 42 min)
targets_reductio_req_48: n_ok 0/2000 (nd-only 0, parse-fail 1625) distinct_ok 0 first_hit None written_hist {} lean 0s (34s; 49 done, 10s/thm, ETA 43 min)
targets_reductio_req_49: n_ok 0/2000 (nd-only 0, parse-fail 1930) distinct_ok 0 first_hit None written_hist {} lean 0s (14s; 50 done, 10s/thm, ETA 44 min)
targets_reductio_req_50: n_ok 0/2000 (nd-only 0, parse-fail 432) distinct_ok 0 first_hit None written_hist {} lean 0s (39s; 51 done, 11s/thm, ETA 46 min)
targets_reductio_req_51: n_ok 520/2000 (nd-only 0, parse-fail 181) distinct_ok 1 first_hit 3 written_hist {7: 1} lean 5s (24s; 52 done, 11s/thm, ETA 47 min)
targets_reductio_req_52: n_ok 9/2000 (nd-only 0, parse-fail 596) distinct_ok 1 first_hit 216 written_hist {8: 1} lean 6s (37s; 53 done, 12s/thm, ETA 48 min)
targets_reductio_req_53: n_ok 0/2000 (nd-only 0, parse-fail 622) distinct_ok 0 first_hit None written_hist {} lean 0s (14s; 54 done, 12s/thm, ETA 48 min)
targets_reductio_req_54: n_ok 0/2000 (nd-only 0, parse-fail 227) distinct_ok 0 first_hit None written_hist {} lean 0s (39s; 55 done, 12s/thm, ETA 50 min)
targets_reductio_req_55: n_ok 38/2000 (nd-only 0, parse-fail 181) distinct_ok 1 first_hit 12 written_hist {8: 1} lean 5s (21s; 56 done, 12s/thm, ETA 51 min)
targets_reductio_req_56: n_ok 0/2000 (nd-only 0, parse-fail 632) distinct_ok 0 first_hit None written_hist {} lean 0s (17s; 57 done, 13s/thm, ETA 51 min)
targets_reductio_req_57: n_ok 16/2000 (nd-only 0, parse-fail 625) distinct_ok 1 first_hit 95 written_hist {8: 1} lean 6s (22s; 58 done, 13s/thm, ETA 51 min)
targets_reductio_req_58: n_ok 0/2000 (nd-only 0, parse-fail 1604) distinct_ok 0 first_hit None written_hist {} lean 0s (32s; 59 done, 13s/thm, ETA 52 min)
targets_reductio_req_59: n_ok 0/2000 (nd-only 0, parse-fail 547) distinct_ok 0 first_hit None written_hist {} lean 0s (13s; 60 done, 13s/thm, ETA 52 min)
targets_reductio_req_60: n_ok 2/2000 (nd-only 0, parse-fail 606) distinct_ok 1 first_hit 1000 written_hist {7: 1} lean 4s (45s; 61 done, 14s/thm, ETA 54 min)
targets_reductio_req_61: n_ok 0/2000 (nd-only 0, parse-fail 400) distinct_ok 0 first_hit None written_hist {} lean 0s (28s; 62 done, 14s/thm, ETA 55 min)
targets_reductio_req_62: n_ok 0/2000 (nd-only 0, parse-fail 786) distinct_ok 0 first_hit None written_hist {} lean 0s (14s; 63 done, 14s/thm, ETA 54 min)
targets_reductio_req_63: n_ok 0/2000 (nd-only 0, parse-fail 1292) distinct_ok 0 first_hit None written_hist {} lean 0s (12s; 64 done, 14s/thm, ETA 54 min)
targets_reductio_req_64: n_ok 0/2000 (nd-only 0, parse-fail 1171) distinct_ok 0 first_hit None written_hist {} lean 0s (14s; 65 done, 14s/thm, ETA 54 min)
targets_reductio_req_65: n_ok 0/2000 (nd-only 0, parse-fail 666) distinct_ok 0 first_hit None written_hist {} lean 0s (17s; 66 done, 14s/thm, ETA 54 min)
targets_reductio_req_66: n_ok 0/2000 (nd-only 0, parse-fail 521) distinct_ok 0 first_hit None written_hist {} lean 0s (17s; 67 done, 14s/thm, ETA 54 min)
targets_reductio_req_67: n_ok 0/2000 (nd-only 0, parse-fail 323) distinct_ok 0 first_hit None written_hist {} lean 0s (24s; 68 done, 14s/thm, ETA 54 min)
targets_reductio_req_68: n_ok 4/2000 (nd-only 0, parse-fail 300) distinct_ok 1 first_hit 350 written_hist {8: 1} lean 0s (3s; 69 done, 14s/thm, ETA 53 min)
targets_reductio_req_69: n_ok 0/2000 (nd-only 0, parse-fail 341) distinct_ok 0 first_hit None written_hist {} lean 0s (2s; 70 done, 14s/thm, ETA 52 min)
targets_reductio_req_70: n_ok 0/2000 (nd-only 0, parse-fail 728) distinct_ok 0 first_hit None written_hist {} lean 0s (3s; 71 done, 14s/thm, ETA 52 min)
targets_reductio_req_71: n_ok 21/2000 (nd-only 0, parse-fail 135) distinct_ok 1 first_hit 1 written_hist {7: 1} lean 0s (4s; 72 done, 13s/thm, ETA 51 min)
targets_reductio_req_72: n_ok 77/2000 (nd-only 0, parse-fail 323) distinct_ok 2 first_hit 38 written_hist {7: 1, 8: 1} lean 0s (5s; 73 done, 13s/thm, ETA 50 min)
targets_reductio_req_73: n_ok 172/2000 (nd-only 0, parse-fail 216) distinct_ok 2 first_hit 6 written_hist {7: 1, 12: 1} lean 0s (5s; 74 done, 13s/thm, ETA 50 min)
targets_reductio_req_74: n_ok 3/2000 (nd-only 0, parse-fail 1052) distinct_ok 1 first_hit 603 written_hist {11: 1} lean 0s (7s; 75 done, 13s/thm, ETA 49 min)
targets_reductio_req_75: n_ok 0/2000 (nd-only 0, parse-fail 457) distinct_ok 0 first_hit None written_hist {} lean 0s (4s; 76 done, 13s/thm, ETA 48 min)
targets_reductio_req_76: n_ok 0/2000 (nd-only 0, parse-fail 1399) distinct_ok 0 first_hit None written_hist {} lean 0s (6s; 77 done, 13s/thm, ETA 48 min)
targets_reductio_req_77: n_ok 0/2000 (nd-only 0, parse-fail 593) distinct_ok 0 first_hit None written_hist {} lean 0s (2s; 78 done, 13s/thm, ETA 47 min)
targets_reductio_req_78: n_ok 0/2000 (nd-only 0, parse-fail 121) distinct_ok 0 first_hit None written_hist {} lean 0s (2s; 79 done, 13s/thm, ETA 46 min)
targets_reductio_req_79: n_ok 0/2000 (nd-only 0, parse-fail 263) distinct_ok 0 first_hit None written_hist {} lean 0s (5s; 80 done, 12s/thm, ETA 46 min)
targets_reductio_req_80: n_ok 0/2000 (nd-only 0, parse-fail 1562) distinct_ok 0 first_hit None written_hist {} lean 0s (4s; 81 done, 12s/thm, ETA 45 min)
targets_reductio_req_81: n_ok 192/2000 (nd-only 0, parse-fail 304) distinct_ok 2 first_hit 18 written_hist {7: 1, 12: 1} lean 0s (4s; 82 done, 12s/thm, ETA 45 min)
targets_reductio_req_82: n_ok 0/2000 (nd-only 0, parse-fail 891) distinct_ok 0 first_hit None written_hist {} lean 0s (3s; 83 done, 12s/thm, ETA 44 min)
targets_reductio_req_83: n_ok 0/2000 (nd-only 0, parse-fail 1755) distinct_ok 0 first_hit None written_hist {} lean 0s (5s; 84 done, 12s/thm, ETA 44 min)
targets_reductio_req_84: n_ok 0/2000 (nd-only 0, parse-fail 946) distinct_ok 0 first_hit None written_hist {} lean 0s (3s; 85 done, 12s/thm, ETA 43 min)
targets_reductio_req_85: n_ok 0/2000 (nd-only 0, parse-fail 153) distinct_ok 0 first_hit None written_hist {} lean 0s (6s; 86 done, 12s/thm, ETA 42 min)
targets_reductio_req_86: n_ok 0/2000 (nd-only 0, parse-fail 165) distinct_ok 0 first_hit None written_hist {} lean 0s (6s; 87 done, 12s/thm, ETA 42 min)
targets_reductio_req_87: n_ok 0/2000 (nd-only 0, parse-fail 179) distinct_ok 0 first_hit None written_hist {} lean 0s (5s; 88 done, 12s/thm, ETA 42 min)
targets_reductio_req_88: n_ok 5/2000 (nd-only 0, parse-fail 649) distinct_ok 1 first_hit 206 written_hist {7: 1} lean 0s (6s; 89 done, 12s/thm, ETA 41 min)
targets_reductio_req_89: n_ok 0/2000 (nd-only 0, parse-fail 1478) distinct_ok 0 first_hit None written_hist {} lean 0s (6s; 90 done, 12s/thm, ETA 41 min)
targets_reductio_req_90: n_ok 2/2000 (nd-only 0, parse-fail 1521) distinct_ok 1 first_hit 1530 written_hist {8: 1} lean 0s (5s; 91 done, 12s/thm, ETA 40 min)
targets_reductio_req_91: n_ok 0/2000 (nd-only 0, parse-fail 985) distinct_ok 0 first_hit None written_hist {} lean 0s (6s; 92 done, 11s/thm, ETA 40 min)
targets_reductio_req_92: n_ok 0/2000 (nd-only 0, parse-fail 1186) distinct_ok 0 first_hit None written_hist {} lean 0s (5s; 93 done, 11s/thm, ETA 39 min)
targets_reductio_req_93: n_ok 0/2000 (nd-only 0, parse-fail 1650) distinct_ok 0 first_hit None written_hist {} lean 0s (7s; 94 done, 11s/thm, ETA 39 min)
targets_reductio_req_94: n_ok 0/2000 (nd-only 0, parse-fail 1099) distinct_ok 0 first_hit None written_hist {} lean 0s (7s; 95 done, 11s/thm, ETA 39 min)
targets_reductio_req_95: n_ok 1/2000 (nd-only 0, parse-fail 1143) distinct_ok 1 first_hit 698 written_hist {7: 1} lean 0s (6s; 96 done, 11s/thm, ETA 38 min)
targets_reductio_req_96: n_ok 0/2000 (nd-only 0, parse-fail 1210) distinct_ok 0 first_hit None written_hist {} lean 0s (3s; 97 done, 11s/thm, ETA 38 min)
targets_reductio_req_97: n_ok 1/2000 (nd-only 0, parse-fail 275) distinct_ok 1 first_hit 1946 written_hist {7: 1} lean 0s (5s; 98 done, 11s/thm, ETA 37 min)
targets_reductio_req_98: n_ok 0/2000 (nd-only 0, parse-fail 1153) distinct_ok 0 first_hit None written_hist {} lean 0s (4s; 99 done, 11s/thm, ETA 37 min)
targets_reductio_req_99: n_ok 0/2000 (nd-only 0, parse-fail 503) distinct_ok 0 first_hit None written_hist {} lean 0s (5s; 100 done, 11s/thm, ETA 37 min)
targets_reductio_req_100: n_ok 0/2000 (nd-only 0, parse-fail 1483) distinct_ok 0 first_hit None written_hist {} lean 0s (3s; 101 done, 11s/thm, ETA 36 min)
targets_reductio_req_101: n_ok 0/2000 (nd-only 0, parse-fail 822) distinct_ok 0 first_hit None written_hist {} lean 0s (5s; 102 done, 11s/thm, ETA 36 min)
targets_reductio_req_102: n_ok 0/2000 (nd-only 0, parse-fail 962) distinct_ok 0 first_hit None written_hist {} lean 0s (5s; 103 done, 11s/thm, ETA 35 min)
targets_reductio_req_103: n_ok 0/2000 (nd-only 0, parse-fail 968) distinct_ok 0 first_hit None written_hist {} lean 0s (3s; 104 done, 11s/thm, ETA 35 min)
targets_reductio_req_104: n_ok 0/2000 (nd-only 0, parse-fail 175) distinct_ok 0 first_hit None written_hist {} lean 0s (6s; 105 done, 11s/thm, ETA 35 min)
targets_reductio_req_105: n_ok 0/2000 (nd-only 0, parse-fail 307) distinct_ok 0 first_hit None written_hist {} lean 0s (6s; 106 done, 11s/thm, ETA 34 min)
targets_reductio_req_106: n_ok 0/2000 (nd-only 0, parse-fail 1925) distinct_ok 0 first_hit None written_hist {} lean 0s (4s; 107 done, 11s/thm, ETA 34 min)
targets_reductio_req_107: n_ok 1/2000 (nd-only 0, parse-fail 130) distinct_ok 1 first_hit 595 written_hist {7: 1} lean 0s (4s; 108 done, 11s/thm, ETA 34 min)
targets_reductio_req_108: n_ok 0/2000 (nd-only 0, parse-fail 626) distinct_ok 0 first_hit None written_hist {} lean 0s (4s; 109 done, 10s/thm, ETA 33 min)
targets_reductio_req_109: n_ok 0/2000 (nd-only 0, parse-fail 1689) distinct_ok 0 first_hit None written_hist {} lean 0s (5s; 110 done, 10s/thm, ETA 33 min)
targets_reductio_req_110: n_ok 0/2000 (nd-only 0, parse-fail 1706) distinct_ok 0 first_hit None written_hist {} lean 0s (4s; 111 done, 10s/thm, ETA 33 min)
targets_reductio_req_111: n_ok 16/2000 (nd-only 0, parse-fail 1639) distinct_ok 1 first_hit 113 written_hist {7: 1} lean 0s (8s; 112 done, 10s/thm, ETA 32 min)
targets_reductio_req_112: n_ok 0/2000 (nd-only 0, parse-fail 558) distinct_ok 0 first_hit None written_hist {} lean 0s (5s; 113 done, 10s/thm, ETA 32 min)
targets_reductio_req_113: n_ok 0/2000 (nd-only 0, parse-fail 953) distinct_ok 0 first_hit None written_hist {} lean 0s (6s; 114 done, 10s/thm, ETA 32 min)
targets_reductio_req_114: n_ok 0/2000 (nd-only 0, parse-fail 522) distinct_ok 0 first_hit None written_hist {} lean 0s (4s; 115 done, 10s/thm, ETA 31 min)
targets_reductio_req_115: n_ok 504/2000 (nd-only 0, parse-fail 198) distinct_ok 1 first_hit 2 written_hist {7: 1} lean 0s (5s; 116 done, 10s/thm, ETA 31 min)
targets_reductio_req_116: n_ok 1/2000 (nd-only 0, parse-fail 366) distinct_ok 1 first_hit 1660 written_hist {7: 1} lean 0s (4s; 117 done, 10s/thm, ETA 31 min)
targets_reductio_req_117: n_ok 0/2000 (nd-only 0, parse-fail 1050) distinct_ok 0 first_hit None written_hist {} lean 0s (5s; 118 done, 10s/thm, ETA 30 min)
targets_reductio_req_118: n_ok 0/2000 (nd-only 0, parse-fail 810) distinct_ok 0 first_hit None written_hist {} lean 0s (4s; 119 done, 10s/thm, ETA 30 min)
targets_reductio_req_119: n_ok 0/2000 (nd-only 0, parse-fail 1469) distinct_ok 0 first_hit None written_hist {} lean 0s (7s; 120 done, 10s/thm, ETA 30 min)
targets_reductio_req_120: n_ok 4/2000 (nd-only 0, parse-fail 1898) distinct_ok 2 first_hit 245 written_hist {7: 1, 13: 1} lean 0s (6s; 121 done, 10s/thm, ETA 30 min)
targets_reductio_req_121: n_ok 0/2000 (nd-only 0, parse-fail 203) distinct_ok 0 first_hit None written_hist {} lean 0s (5s; 122 done, 10s/thm, ETA 29 min)
targets_reductio_req_122: n_ok 0/2000 (nd-only 0, parse-fail 278) distinct_ok 0 first_hit None written_hist {} lean 0s (19s; 123 done, 10s/thm, ETA 29 min)
targets_reductio_req_123: n_ok 0/2000 (nd-only 0, parse-fail 1270) distinct_ok 0 first_hit None written_hist {} lean 0s (39s; 124 done, 10s/thm, ETA 30 min)
targets_reductio_req_124: n_ok 0/2000 (nd-only 0, parse-fail 802) distinct_ok 0 first_hit None written_hist {} lean 0s (20s; 125 done, 10s/thm, ETA 30 min)
targets_reductio_req_125: n_ok 0/2000 (nd-only 0, parse-fail 1400) distinct_ok 0 first_hit None written_hist {} lean 0s (41s; 126 done, 11s/thm, ETA 31 min)
targets_reductio_req_126: n_ok 0/2000 (nd-only 0, parse-fail 519) distinct_ok 0 first_hit None written_hist {} lean 0s (27s; 127 done, 11s/thm, ETA 31 min)
targets_reductio_req_127: n_ok 171/2000 (nd-only 0, parse-fail 864) distinct_ok 1 first_hit 4 written_hist {7: 1} lean 6s (42s; 128 done, 11s/thm, ETA 31 min)
targets_reductio_req_128: n_ok 0/2000 (nd-only 0, parse-fail 672) distinct_ok 0 first_hit None written_hist {} lean 0s (21s; 129 done, 11s/thm, ETA 31 min)
targets_reductio_req_129: n_ok 348/2000 (nd-only 0, parse-fail 454) distinct_ok 2 first_hit 10 written_hist {8: 1, 12: 1} lean 7s (27s; 130 done, 11s/thm, ETA 31 min)
targets_reductio_req_130: n_ok 0/2000 (nd-only 0, parse-fail 1720) distinct_ok 0 first_hit None written_hist {} lean 0s (31s; 131 done, 11s/thm, ETA 32 min)
targets_reductio_req_131: n_ok 9/2000 (nd-only 0, parse-fail 1713) distinct_ok 2 first_hit 142 written_hist {7: 1, 11: 1} lean 0s (8s; 132 done, 11s/thm, ETA 31 min)
targets_reductio_req_132: n_ok 0/2000 (nd-only 0, parse-fail 1572) distinct_ok 0 first_hit None written_hist {} lean 0s (5s; 133 done, 11s/thm, ETA 31 min)
targets_reductio_req_133: n_ok 14/2000 (nd-only 0, parse-fail 547) distinct_ok 1 first_hit 152 written_hist {8: 1} lean 0s (3s; 134 done, 11s/thm, ETA 31 min)
targets_reductio_req_134: n_ok 0/2000 (nd-only 0, parse-fail 446) distinct_ok 0 first_hit None written_hist {} lean 0s (3s; 135 done, 11s/thm, ETA 30 min)
targets_reductio_req_135: n_ok 0/2000 (nd-only 0, parse-fail 1587) distinct_ok 0 first_hit None written_hist {} lean 0s (12s; 136 done, 11s/thm, ETA 30 min)
targets_reductio_req_136: n_ok 0/2000 (nd-only 0, parse-fail 1140) distinct_ok 0 first_hit None written_hist {} lean 0s (5s; 137 done, 11s/thm, ETA 30 min)
targets_reductio_req_137: n_ok 0/2000 (nd-only 0, parse-fail 956) distinct_ok 0 first_hit None written_hist {} lean 0s (4s; 138 done, 11s/thm, ETA 30 min)
targets_reductio_req_138: n_ok 123/2000 (nd-only 0, parse-fail 367) distinct_ok 1 first_hit 32 written_hist {7: 1} lean 0s (5s; 139 done, 11s/thm, ETA 29 min)
targets_reductio_req_139: n_ok 0/2000 (nd-only 0, parse-fail 1017) distinct_ok 0 first_hit None written_hist {} lean 0s (9s; 140 done, 11s/thm, ETA 29 min)
targets_reductio_req_140: n_ok 14/2000 (nd-only 0, parse-fail 1720) distinct_ok 2 first_hit 49 written_hist {7: 1, 11: 1} lean 0s (9s; 141 done, 11s/thm, ETA 29 min)
targets_reductio_req_141: n_ok 0/2000 (nd-only 0, parse-fail 416) distinct_ok 0 first_hit None written_hist {} lean 0s (5s; 142 done, 11s/thm, ETA 29 min)
targets_reductio_req_142: n_ok 2/2000 (nd-only 0, parse-fail 870) distinct_ok 2 first_hit 920 written_hist {7: 1, 11: 1} lean 0s (6s; 143 done, 11s/thm, ETA 28 min)
targets_reductio_req_143: n_ok 0/2000 (nd-only 0, parse-fail 713) distinct_ok 0 first_hit None written_hist {} lean 0s (11s; 144 done, 11s/thm, ETA 28 min)
targets_reductio_req_144: n_ok 304/2000 (nd-only 0, parse-fail 104) distinct_ok 2 first_hit 11 written_hist {8: 1, 9: 1} lean 0s (8s; 145 done, 11s/thm, ETA 28 min)
targets_reductio_req_145: n_ok 0/2000 (nd-only 0, parse-fail 1564) distinct_ok 0 first_hit None written_hist {} lean 0s (8s; 146 done, 11s/thm, ETA 28 min)
targets_reductio_req_146: n_ok 0/2000 (nd-only 0, parse-fail 1798) distinct_ok 0 first_hit None written_hist {} lean 0s (8s; 147 done, 11s/thm, ETA 27 min)
targets_reductio_req_147: n_ok 0/2000 (nd-only 0, parse-fail 947) distinct_ok 0 first_hit None written_hist {} lean 0s (8s; 148 done, 11s/thm, ETA 27 min)
targets_reductio_req_148: n_ok 258/2000 (nd-only 0, parse-fail 87) distinct_ok 1 first_hit 3 written_hist {8: 1} lean 0s (9s; 149 done, 11s/thm, ETA 27 min)
targets_reductio_req_149: n_ok 0/2000 (nd-only 0, parse-fail 460) distinct_ok 0 first_hit None written_hist {} lean 0s (10s; 150 done, 11s/thm, ETA 27 min)
targets_reductio_req_150: n_ok 443/2000 (nd-only 0, parse-fail 848) distinct_ok 3 first_hit 7 written_hist {8: 1, 11: 1, 12: 1} lean 0s (4s; 151 done, 11s/thm, ETA 27 min)
targets_reductio_req_151: n_ok 118/2000 (nd-only 0, parse-fail 85) distinct_ok 1 first_hit 17 written_hist {8: 1} lean 0s (2s; 152 done, 11s/thm, ETA 26 min)
targets_reductio_req_152: n_ok 0/2000 (nd-only 0, parse-fail 327) distinct_ok 0 first_hit None written_hist {} lean 0s (5s; 153 done, 11s/thm, ETA 26 min)
targets_reductio_req_153: n_ok 0/2000 (nd-only 0, parse-fail 619) distinct_ok 0 first_hit None written_hist {} lean 0s (2s; 154 done, 11s/thm, ETA 26 min)
targets_reductio_req_154: n_ok 0/2000 (nd-only 0, parse-fail 1423) distinct_ok 0 first_hit None written_hist {} lean 0s (5s; 155 done, 11s/thm, ETA 25 min)
targets_reductio_req_155: n_ok 2/2000 (nd-only 0, parse-fail 808) distinct_ok 1 first_hit 196 written_hist {9: 1} lean 0s (3s; 156 done, 10s/thm, ETA 25 min)
targets_reductio_req_156: n_ok 252/2000 (nd-only 0, parse-fail 379) distinct_ok 1 first_hit 4 written_hist {8: 1} lean 0s (3s; 157 done, 10s/thm, ETA 25 min)
targets_reductio_req_157: n_ok 0/2000 (nd-only 0, parse-fail 810) distinct_ok 0 first_hit None written_hist {} lean 0s (5s; 158 done, 10s/thm, ETA 25 min)
targets_reductio_req_158: n_ok 0/2000 (nd-only 0, parse-fail 124) distinct_ok 0 first_hit None written_hist {} lean 0s (5s; 159 done, 10s/thm, ETA 24 min)
targets_reductio_req_159: n_ok 0/2000 (nd-only 0, parse-fail 216) distinct_ok 0 first_hit None written_hist {} lean 0s (2s; 160 done, 10s/thm, ETA 24 min)
targets_reductio_req_160: n_ok 0/2000 (nd-only 0, parse-fail 1608) distinct_ok 0 first_hit None written_hist {} lean 0s (2s; 161 done, 10s/thm, ETA 24 min)
targets_reductio_req_161: n_ok 0/2000 (nd-only 0, parse-fail 255) distinct_ok 0 first_hit None written_hist {} lean 0s (2s; 162 done, 10s/thm, ETA 23 min)
targets_reductio_req_162: n_ok 0/2000 (nd-only 0, parse-fail 1167) distinct_ok 0 first_hit None written_hist {} lean 0s (5s; 163 done, 10s/thm, ETA 23 min)
targets_reductio_req_163: n_ok 0/2000 (nd-only 0, parse-fail 622) distinct_ok 0 first_hit None written_hist {} lean 0s (4s; 164 done, 10s/thm, ETA 23 min)
targets_reductio_req_164: n_ok 0/2000 (nd-only 0, parse-fail 1455) distinct_ok 0 first_hit None written_hist {} lean 0s (5s; 165 done, 10s/thm, ETA 23 min)
targets_reductio_req_165: n_ok 94/2000 (nd-only 0, parse-fail 523) distinct_ok 1 first_hit 20 written_hist {7: 1} lean 0s (5s; 166 done, 10s/thm, ETA 22 min)
targets_reductio_req_166: n_ok 0/2000 (nd-only 0, parse-fail 555) distinct_ok 0 first_hit None written_hist {} lean 0s (3s; 167 done, 10s/thm, ETA 22 min)
targets_reductio_req_167: n_ok 4/2000 (nd-only 0, parse-fail 246) distinct_ok 1 first_hit 186 written_hist {8: 1} lean 0s (5s; 168 done, 10s/thm, ETA 22 min)
targets_reductio_req_168: n_ok 0/2000 (nd-only 0, parse-fail 390) distinct_ok 0 first_hit None written_hist {} lean 0s (2s; 169 done, 10s/thm, ETA 22 min)
targets_reductio_req_169: n_ok 0/2000 (nd-only 0, parse-fail 203) distinct_ok 0 first_hit None written_hist {} lean 0s (2s; 170 done, 10s/thm, ETA 21 min)
targets_reductio_req_170: n_ok 0/2000 (nd-only 0, parse-fail 869) distinct_ok 0 first_hit None written_hist {} lean 0s (3s; 171 done, 10s/thm, ETA 21 min)
targets_reductio_req_171: n_ok 0/2000 (nd-only 0, parse-fail 643) distinct_ok 0 first_hit None written_hist {} lean 0s (4s; 172 done, 10s/thm, ETA 21 min)
targets_reductio_req_172: n_ok 25/2000 (nd-only 0, parse-fail 974) distinct_ok 2 first_hit 158 written_hist {8: 1, 12: 1} lean 0s (4s; 173 done, 10s/thm, ETA 21 min)
targets_reductio_req_173: n_ok 340/2000 (nd-only 0, parse-fail 206) distinct_ok 1 first_hit 4 written_hist {8: 1} lean 0s (3s; 174 done, 10s/thm, ETA 20 min)
targets_reductio_req_174: n_ok 43/2000 (nd-only 0, parse-fail 302) distinct_ok 1 first_hit 47 written_hist {7: 1} lean 0s (5s; 175 done, 10s/thm, ETA 20 min)
targets_reductio_req_175: n_ok 0/2000 (nd-only 0, parse-fail 1019) distinct_ok 0 first_hit None written_hist {} lean 0s (2s; 176 done, 10s/thm, ETA 20 min)
targets_reductio_req_176: n_ok 0/2000 (nd-only 0, parse-fail 1171) distinct_ok 0 first_hit None written_hist {} lean 0s (5s; 177 done, 10s/thm, ETA 20 min)
targets_reductio_req_177: n_ok 0/2000 (nd-only 0, parse-fail 1238) distinct_ok 0 first_hit None written_hist {} lean 0s (2s; 178 done, 10s/thm, ETA 20 min)
targets_reductio_req_178: n_ok 0/2000 (nd-only 0, parse-fail 1022) distinct_ok 0 first_hit None written_hist {} lean 0s (2s; 179 done, 10s/thm, ETA 19 min)
targets_reductio_req_179: n_ok 0/2000 (nd-only 0, parse-fail 561) distinct_ok 0 first_hit None written_hist {} lean 0s (2s; 180 done, 10s/thm, ETA 19 min)
targets_reductio_req_180: n_ok 234/2000 (nd-only 0, parse-fail 339) distinct_ok 1 first_hit 11 written_hist {8: 1} lean 0s (4s; 181 done, 9s/thm, ETA 19 min)
targets_reductio_req_181: n_ok 4/2000 (nd-only 0, parse-fail 883) distinct_ok 1 first_hit 97 written_hist {8: 1} lean 0s (4s; 182 done, 9s/thm, ETA 19 min)
targets_reductio_req_182: n_ok 0/2000 (nd-only 0, parse-fail 1763) distinct_ok 0 first_hit None written_hist {} lean 0s (5s; 183 done, 9s/thm, ETA 18 min)
targets_reductio_req_183: n_ok 0/2000 (nd-only 0, parse-fail 542) distinct_ok 0 first_hit None written_hist {} lean 0s (5s; 184 done, 9s/thm, ETA 18 min)
targets_reductio_req_184: n_ok 179/2000 (nd-only 0, parse-fail 162) distinct_ok 1 first_hit 27 written_hist {7: 1} lean 0s (4s; 185 done, 9s/thm, ETA 18 min)
targets_reductio_req_185: n_ok 0/2000 (nd-only 0, parse-fail 1394) distinct_ok 0 first_hit None written_hist {} lean 0s (2s; 186 done, 9s/thm, ETA 18 min)
targets_reductio_req_186: n_ok 0/2000 (nd-only 0, parse-fail 680) distinct_ok 0 first_hit None written_hist {} lean 0s (2s; 187 done, 9s/thm, ETA 18 min)
targets_reductio_req_187: n_ok 0/2000 (nd-only 0, parse-fail 1060) distinct_ok 0 first_hit None written_hist {} lean 0s (5s; 188 done, 9s/thm, ETA 17 min)
targets_reductio_req_188: n_ok 0/2000 (nd-only 0, parse-fail 854) distinct_ok 0 first_hit None written_hist {} lean 0s (2s; 189 done, 9s/thm, ETA 17 min)
targets_reductio_req_189: n_ok 0/2000 (nd-only 0, parse-fail 334) distinct_ok 0 first_hit None written_hist {} lean 0s (2s; 190 done, 9s/thm, ETA 17 min)
targets_reductio_req_190: n_ok 1/2000 (nd-only 0, parse-fail 535) distinct_ok 1 first_hit 794 written_hist {8: 1} lean 0s (3s; 191 done, 9s/thm, ETA 17 min)
targets_reductio_req_191: n_ok 0/2000 (nd-only 0, parse-fail 1241) distinct_ok 0 first_hit None written_hist {} lean 0s (3s; 192 done, 9s/thm, ETA 16 min)
targets_reductio_req_192: n_ok 0/2000 (nd-only 0, parse-fail 1063) distinct_ok 0 first_hit None written_hist {} lean 0s (4s; 193 done, 9s/thm, ETA 16 min)
targets_reductio_req_193: n_ok 1/2000 (nd-only 0, parse-fail 1603) distinct_ok 1 first_hit 1648 written_hist {11: 1} lean 0s (6s; 194 done, 9s/thm, ETA 16 min)
targets_reductio_req_194: n_ok 0/2000 (nd-only 0, parse-fail 438) distinct_ok 0 first_hit None written_hist {} lean 0s (4s; 195 done, 9s/thm, ETA 16 min)
targets_reductio_req_195: n_ok 32/2000 (nd-only 0, parse-fail 425) distinct_ok 2 first_hit 87 written_hist {7: 1, 8: 1} lean 0s (4s; 196 done, 9s/thm, ETA 16 min)
targets_reductio_req_196: n_ok 1/2000 (nd-only 0, parse-fail 193) distinct_ok 1 first_hit 1453 written_hist {7: 1} lean 0s (5s; 197 done, 9s/thm, ETA 15 min)
targets_reductio_req_197: n_ok 0/2000 (nd-only 0, parse-fail 1401) distinct_ok 0 first_hit None written_hist {} lean 0s (2s; 198 done, 9s/thm, ETA 15 min)
targets_reductio_req_198: n_ok 0/2000 (nd-only 0, parse-fail 339) distinct_ok 0 first_hit None written_hist {} lean 0s (5s; 199 done, 9s/thm, ETA 15 min)
targets_reductio_req_199: n_ok 0/2000 (nd-only 0, parse-fail 725) distinct_ok 0 first_hit None written_hist {} lean 0s (5s; 200 done, 9s/thm, ETA 15 min)
targets_reductio_req_200: n_ok 0/2000 (nd-only 0, parse-fail 229) distinct_ok 0 first_hit None written_hist {} lean 0s (5s; 201 done, 9s/thm, ETA 15 min)
targets_reductio_req_201: n_ok 0/2000 (nd-only 0, parse-fail 504) distinct_ok 0 first_hit None written_hist {} lean 0s (4s; 202 done, 9s/thm, ETA 15 min)
targets_reductio_req_202: n_ok 0/2000 (nd-only 0, parse-fail 1779) distinct_ok 0 first_hit None written_hist {} lean 0s (2s; 203 done, 9s/thm, ETA 14 min)
targets_reductio_req_203: n_ok 1/2000 (nd-only 0, parse-fail 802) distinct_ok 1 first_hit 1667 written_hist {8: 1} lean 0s (2s; 204 done, 9s/thm, ETA 14 min)
targets_reductio_req_204: n_ok 0/2000 (nd-only 0, parse-fail 164) distinct_ok 0 first_hit None written_hist {} lean 0s (2s; 205 done, 9s/thm, ETA 14 min)
targets_reductio_req_205: n_ok 0/2000 (nd-only 0, parse-fail 1646) distinct_ok 0 first_hit None written_hist {} lean 0s (6s; 206 done, 9s/thm, ETA 14 min)
targets_reductio_req_206: n_ok 0/2000 (nd-only 0, parse-fail 612) distinct_ok 0 first_hit None written_hist {} lean 0s (2s; 207 done, 9s/thm, ETA 14 min)
targets_reductio_req_207: n_ok 0/2000 (nd-only 0, parse-fail 984) distinct_ok 0 first_hit None written_hist {} lean 0s (1s; 208 done, 9s/thm, ETA 13 min)
targets_reductio_req_208: n_ok 0/2000 (nd-only 0, parse-fail 920) distinct_ok 0 first_hit None written_hist {} lean 0s (2s; 209 done, 9s/thm, ETA 13 min)
targets_reductio_req_209: n_ok 0/2000 (nd-only 0, parse-fail 1065) distinct_ok 0 first_hit None written_hist {} lean 0s (5s; 210 done, 9s/thm, ETA 13 min)
targets_reductio_req_210: n_ok 0/2000 (nd-only 0, parse-fail 344) distinct_ok 0 first_hit None written_hist {} lean 0s (2s; 211 done, 9s/thm, ETA 13 min)
targets_reductio_req_211: n_ok 0/2000 (nd-only 0, parse-fail 672) distinct_ok 0 first_hit None written_hist {} lean 0s (2s; 212 done, 9s/thm, ETA 13 min)
targets_reductio_req_212: n_ok 0/2000 (nd-only 0, parse-fail 1069) distinct_ok 0 first_hit None written_hist {} lean 0s (2s; 213 done, 9s/thm, ETA 12 min)
targets_reductio_req_213: n_ok 0/2000 (nd-only 0, parse-fail 458) distinct_ok 0 first_hit None written_hist {} lean 0s (2s; 214 done, 9s/thm, ETA 12 min)
targets_reductio_req_214: n_ok 14/2000 (nd-only 0, parse-fail 1535) distinct_ok 1 first_hit 108 written_hist {8: 1} lean 0s (2s; 215 done, 9s/thm, ETA 12 min)
targets_reductio_req_215: n_ok 0/2000 (nd-only 0, parse-fail 371) distinct_ok 0 first_hit None written_hist {} lean 0s (2s; 216 done, 8s/thm, ETA 12 min)
targets_reductio_req_216: n_ok 0/2000 (nd-only 0, parse-fail 1735) distinct_ok 0 first_hit None written_hist {} lean 0s (3s; 217 done, 8s/thm, ETA 12 min)
targets_reductio_req_217: n_ok 0/2000 (nd-only 0, parse-fail 1666) distinct_ok 0 first_hit None written_hist {} lean 0s (5s; 218 done, 8s/thm, ETA 12 min)
targets_reductio_req_218: n_ok 0/2000 (nd-only 0, parse-fail 1160) distinct_ok 0 first_hit None written_hist {} lean 0s (5s; 219 done, 8s/thm, ETA 11 min)
targets_reductio_req_219: n_ok 0/2000 (nd-only 0, parse-fail 851) distinct_ok 0 first_hit None written_hist {} lean 0s (2s; 220 done, 8s/thm, ETA 11 min)
targets_reductio_req_220: n_ok 0/2000 (nd-only 0, parse-fail 195) distinct_ok 0 first_hit None written_hist {} lean 0s (2s; 221 done, 8s/thm, ETA 11 min)
targets_reductio_req_221: n_ok 0/2000 (nd-only 0, parse-fail 1413) distinct_ok 0 first_hit None written_hist {} lean 0s (5s; 222 done, 8s/thm, ETA 11 min)
targets_reductio_req_222: n_ok 0/2000 (nd-only 0, parse-fail 1243) distinct_ok 0 first_hit None written_hist {} lean 0s (5s; 223 done, 8s/thm, ETA 11 min)
targets_reductio_req_223: n_ok 0/2000 (nd-only 0, parse-fail 238) distinct_ok 0 first_hit None written_hist {} lean 0s (5s; 224 done, 8s/thm, ETA 11 min)
targets_reductio_req_224: n_ok 0/2000 (nd-only 0, parse-fail 620) distinct_ok 0 first_hit None written_hist {} lean 0s (2s; 225 done, 8s/thm, ETA 10 min)
targets_reductio_req_225: n_ok 0/2000 (nd-only 0, parse-fail 1477) distinct_ok 0 first_hit None written_hist {} lean 0s (5s; 226 done, 8s/thm, ETA 10 min)
targets_reductio_req_226: n_ok 0/2000 (nd-only 0, parse-fail 1785) distinct_ok 0 first_hit None written_hist {} lean 0s (2s; 227 done, 8s/thm, ETA 10 min)
targets_reductio_req_227: n_ok 0/2000 (nd-only 0, parse-fail 1405) distinct_ok 0 first_hit None written_hist {} lean 0s (3s; 228 done, 8s/thm, ETA 10 min)
targets_reductio_req_228: n_ok 0/2000 (nd-only 0, parse-fail 841) distinct_ok 0 first_hit None written_hist {} lean 0s (4s; 229 done, 8s/thm, ETA 10 min)
targets_reductio_req_229: n_ok 0/2000 (nd-only 0, parse-fail 1669) distinct_ok 0 first_hit None written_hist {} lean 0s (2s; 230 done, 8s/thm, ETA 10 min)
targets_reductio_req_230: n_ok 10/2000 (nd-only 0, parse-fail 1648) distinct_ok 1 first_hit 772 written_hist {7: 1} lean 0s (3s; 231 done, 8s/thm, ETA 9 min)
targets_reductio_req_231: n_ok 15/2000 (nd-only 0, parse-fail 871) distinct_ok 1 first_hit 155 written_hist {8: 1} lean 0s (3s; 232 done, 8s/thm, ETA 9 min)
targets_reductio_req_232: n_ok 0/2000 (nd-only 0, parse-fail 1249) distinct_ok 0 first_hit None written_hist {} lean 0s (5s; 233 done, 8s/thm, ETA 9 min)
targets_reductio_req_233: n_ok 0/2000 (nd-only 0, parse-fail 167) distinct_ok 0 first_hit None written_hist {} lean 0s (2s; 234 done, 8s/thm, ETA 9 min)
targets_reductio_req_234: n_ok 0/2000 (nd-only 0, parse-fail 1039) distinct_ok 0 first_hit None written_hist {} lean 0s (4s; 235 done, 8s/thm, ETA 9 min)
targets_reductio_req_235: n_ok 0/2000 (nd-only 0, parse-fail 1397) distinct_ok 0 first_hit None written_hist {} lean 0s (2s; 236 done, 8s/thm, ETA 9 min)
targets_reductio_req_236: n_ok 5/2000 (nd-only 0, parse-fail 1879) distinct_ok 1 first_hit 120 written_hist {7: 1} lean 0s (4s; 237 done, 8s/thm, ETA 8 min)
targets_reductio_req_237: n_ok 0/2000 (nd-only 0, parse-fail 1631) distinct_ok 0 first_hit None written_hist {} lean 0s (2s; 238 done, 8s/thm, ETA 8 min)
targets_reductio_req_238: n_ok 4/2000 (nd-only 0, parse-fail 661) distinct_ok 2 first_hit 918 written_hist {7: 1, 11: 1} lean 0s (4s; 239 done, 8s/thm, ETA 8 min)
targets_reductio_req_239: n_ok 0/2000 (nd-only 0, parse-fail 788) distinct_ok 0 first_hit None written_hist {} lean 0s (5s; 240 done, 8s/thm, ETA 8 min)
targets_reductio_req_240: n_ok 0/2000 (nd-only 0, parse-fail 328) distinct_ok 0 first_hit None written_hist {} lean 0s (2s; 241 done, 8s/thm, ETA 8 min)
targets_reductio_req_241: n_ok 6/2000 (nd-only 0, parse-fail 467) distinct_ok 1 first_hit 221 written_hist {7: 1} lean 0s (3s; 242 done, 8s/thm, ETA 8 min)
targets_reductio_req_242: n_ok 0/2000 (nd-only 0, parse-fail 1729) distinct_ok 0 first_hit None written_hist {} lean 0s (3s; 243 done, 8s/thm, ETA 8 min)
targets_reductio_req_243: n_ok 0/2000 (nd-only 0, parse-fail 225) distinct_ok 0 first_hit None written_hist {} lean 0s (4s; 244 done, 8s/thm, ETA 7 min)
targets_reductio_req_244: n_ok 0/2000 (nd-only 0, parse-fail 139) distinct_ok 0 first_hit None written_hist {} lean 0s (3s; 245 done, 8s/thm, ETA 7 min)
targets_reductio_req_245: n_ok 0/2000 (nd-only 0, parse-fail 542) distinct_ok 0 first_hit None written_hist {} lean 0s (2s; 246 done, 8s/thm, ETA 7 min)
targets_reductio_req_246: n_ok 0/2000 (nd-only 0, parse-fail 137) distinct_ok 0 first_hit None written_hist {} lean 0s (2s; 247 done, 8s/thm, ETA 7 min)
targets_reductio_req_247: n_ok 1/2000 (nd-only 0, parse-fail 508) distinct_ok 1 first_hit 366 written_hist {7: 1} lean 0s (5s; 248 done, 8s/thm, ETA 7 min)
targets_reductio_req_248: n_ok 0/2000 (nd-only 0, parse-fail 225) distinct_ok 0 first_hit None written_hist {} lean 0s (5s; 249 done, 8s/thm, ETA 7 min)
targets_reductio_req_249: n_ok 0/2000 (nd-only 0, parse-fail 704) distinct_ok 0 first_hit None written_hist {} lean 0s (2s; 250 done, 8s/thm, ETA 6 min)
targets_reductio_req_250: n_ok 0/2000 (nd-only 0, parse-fail 1381) distinct_ok 0 first_hit None written_hist {} lean 0s (2s; 251 done, 8s/thm, ETA 6 min)
targets_reductio_req_251: n_ok 0/2000 (nd-only 0, parse-fail 402) distinct_ok 0 first_hit None written_hist {} lean 0s (5s; 252 done, 8s/thm, ETA 6 min)
targets_reductio_req_252: n_ok 0/2000 (nd-only 0, parse-fail 976) distinct_ok 0 first_hit None written_hist {} lean 0s (2s; 253 done, 8s/thm, ETA 6 min)
targets_reductio_req_253: n_ok 0/2000 (nd-only 0, parse-fail 844) distinct_ok 0 first_hit None written_hist {} lean 0s (3s; 254 done, 8s/thm, ETA 6 min)
targets_reductio_req_254: n_ok 0/2000 (nd-only 0, parse-fail 794) distinct_ok 0 first_hit None written_hist {} lean 0s (2s; 255 done, 8s/thm, ETA 6 min)
targets_reductio_req_255: n_ok 0/2000 (nd-only 0, parse-fail 1226) distinct_ok 0 first_hit None written_hist {} lean 0s (3s; 256 done, 8s/thm, ETA 6 min)
targets_reductio_req_256: n_ok 0/2000 (nd-only 0, parse-fail 730) distinct_ok 0 first_hit None written_hist {} lean 0s (2s; 257 done, 8s/thm, ETA 5 min)
targets_reductio_req_257: n_ok 4/2000 (nd-only 0, parse-fail 609) distinct_ok 1 first_hit 44 written_hist {8: 1} lean 0s (2s; 258 done, 8s/thm, ETA 5 min)
targets_reductio_req_258: n_ok 0/2000 (nd-only 0, parse-fail 1054) distinct_ok 0 first_hit None written_hist {} lean 0s (4s; 259 done, 8s/thm, ETA 5 min)
targets_reductio_req_259: n_ok 0/2000 (nd-only 0, parse-fail 960) distinct_ok 0 first_hit None written_hist {} lean 0s (4s; 260 done, 8s/thm, ETA 5 min)
targets_reductio_req_260: n_ok 0/2000 (nd-only 0, parse-fail 275) distinct_ok 0 first_hit None written_hist {} lean 0s (5s; 261 done, 8s/thm, ETA 5 min)
targets_reductio_req_261: n_ok 0/2000 (nd-only 0, parse-fail 1720) distinct_ok 0 first_hit None written_hist {} lean 0s (5s; 262 done, 8s/thm, ETA 5 min)
targets_reductio_req_262: n_ok 0/2000 (nd-only 0, parse-fail 631) distinct_ok 0 first_hit None written_hist {} lean 0s (4s; 263 done, 8s/thm, ETA 5 min)
targets_reductio_req_263: n_ok 0/2000 (nd-only 0, parse-fail 74) distinct_ok 0 first_hit None written_hist {} lean 0s (2s; 264 done, 8s/thm, ETA 5 min)
targets_reductio_req_264: n_ok 23/2000 (nd-only 0, parse-fail 692) distinct_ok 1 first_hit 25 written_hist {7: 1} lean 0s (4s; 265 done, 8s/thm, ETA 4 min)
targets_reductio_req_265: n_ok 0/2000 (nd-only 0, parse-fail 407) distinct_ok 0 first_hit None written_hist {} lean 0s (2s; 266 done, 8s/thm, ETA 4 min)
targets_reductio_req_266: n_ok 3/2000 (nd-only 0, parse-fail 211) distinct_ok 1 first_hit 254 written_hist {7: 1} lean 0s (5s; 267 done, 7s/thm, ETA 4 min)
targets_reductio_req_267: n_ok 0/2000 (nd-only 0, parse-fail 174) distinct_ok 0 first_hit None written_hist {} lean 0s (3s; 268 done, 7s/thm, ETA 4 min)
targets_reductio_req_268: n_ok 39/2000 (nd-only 0, parse-fail 749) distinct_ok 1 first_hit 35 written_hist {7: 1} lean 0s (6s; 269 done, 7s/thm, ETA 4 min)
targets_reductio_req_269: n_ok 23/2000 (nd-only 0, parse-fail 448) distinct_ok 1 first_hit 171 written_hist {7: 1} lean 0s (4s; 270 done, 7s/thm, ETA 4 min)
targets_reductio_req_270: n_ok 0/2000 (nd-only 0, parse-fail 383) distinct_ok 0 first_hit None written_hist {} lean 0s (5s; 271 done, 7s/thm, ETA 4 min)
targets_reductio_req_271: n_ok 0/2000 (nd-only 0, parse-fail 368) distinct_ok 0 first_hit None written_hist {} lean 0s (5s; 272 done, 7s/thm, ETA 3 min)
targets_reductio_req_272: n_ok 0/2000 (nd-only 0, parse-fail 478) distinct_ok 0 first_hit None written_hist {} lean 0s (3s; 273 done, 7s/thm, ETA 3 min)
targets_reductio_req_273: n_ok 0/2000 (nd-only 0, parse-fail 1143) distinct_ok 0 first_hit None written_hist {} lean 0s (5s; 274 done, 7s/thm, ETA 3 min)
targets_reductio_req_274: n_ok 0/2000 (nd-only 0, parse-fail 1017) distinct_ok 0 first_hit None written_hist {} lean 0s (2s; 275 done, 7s/thm, ETA 3 min)
targets_reductio_req_275: n_ok 0/2000 (nd-only 0, parse-fail 420) distinct_ok 0 first_hit None written_hist {} lean 0s (2s; 276 done, 7s/thm, ETA 3 min)
targets_reductio_req_276: n_ok 0/2000 (nd-only 0, parse-fail 1857) distinct_ok 0 first_hit None written_hist {} lean 0s (6s; 277 done, 7s/thm, ETA 3 min)
targets_reductio_req_277: n_ok 0/2000 (nd-only 0, parse-fail 1395) distinct_ok 0 first_hit None written_hist {} lean 0s (4s; 278 done, 7s/thm, ETA 3 min)
targets_reductio_req_278: n_ok 0/2000 (nd-only 0, parse-fail 1271) distinct_ok 0 first_hit None written_hist {} lean 0s (4s; 279 done, 7s/thm, ETA 3 min)
targets_reductio_req_279: n_ok 0/2000 (nd-only 0, parse-fail 1262) distinct_ok 0 first_hit None written_hist {} lean 0s (5s; 280 done, 7s/thm, ETA 2 min)
targets_reductio_req_280: n_ok 0/2000 (nd-only 0, parse-fail 1751) distinct_ok 0 first_hit None written_hist {} lean 0s (4s; 281 done, 7s/thm, ETA 2 min)
targets_reductio_req_281: n_ok 0/2000 (nd-only 0, parse-fail 289) distinct_ok 0 first_hit None written_hist {} lean 0s (4s; 282 done, 7s/thm, ETA 2 min)
targets_reductio_req_282: n_ok 0/2000 (nd-only 0, parse-fail 661) distinct_ok 0 first_hit None written_hist {} lean 0s (3s; 283 done, 7s/thm, ETA 2 min)
targets_reductio_req_283: n_ok 300/2000 (nd-only 0, parse-fail 622) distinct_ok 3 first_hit 5 written_hist {8: 1, 9: 1, 11: 1} lean 0s (5s; 284 done, 7s/thm, ETA 2 min)
targets_reductio_req_284: n_ok 0/2000 (nd-only 0, parse-fail 1780) distinct_ok 0 first_hit None written_hist {} lean 0s (5s; 285 done, 7s/thm, ETA 2 min)
targets_reductio_req_285: n_ok 0/2000 (nd-only 0, parse-fail 1348) distinct_ok 0 first_hit None written_hist {} lean 0s (3s; 286 done, 7s/thm, ETA 2 min)
targets_reductio_req_286: n_ok 48/2000 (nd-only 0, parse-fail 352) distinct_ok 2 first_hit 13 written_hist {8: 1, 11: 1} lean 0s (4s; 287 done, 7s/thm, ETA 2 min)
targets_reductio_req_287: n_ok 0/2000 (nd-only 0, parse-fail 1010) distinct_ok 0 first_hit None written_hist {} lean 0s (4s; 288 done, 7s/thm, ETA 1 min)
targets_reductio_req_288: n_ok 0/2000 (nd-only 0, parse-fail 748) distinct_ok 0 first_hit None written_hist {} lean 0s (3s; 289 done, 7s/thm, ETA 1 min)
targets_reductio_req_289: n_ok 0/2000 (nd-only 0, parse-fail 1796) distinct_ok 0 first_hit None written_hist {} lean 0s (3s; 290 done, 7s/thm, ETA 1 min)
targets_reductio_req_290: n_ok 0/2000 (nd-only 0, parse-fail 292) distinct_ok 0 first_hit None written_hist {} lean 0s (3s; 291 done, 7s/thm, ETA 1 min)
targets_reductio_req_291: n_ok 0/2000 (nd-only 0, parse-fail 441) distinct_ok 0 first_hit None written_hist {} lean 0s (3s; 292 done, 7s/thm, ETA 1 min)
targets_reductio_req_292: n_ok 4/2000 (nd-only 0, parse-fail 739) distinct_ok 1 first_hit 299 written_hist {7: 1} lean 0s (4s; 293 done, 7s/thm, ETA 1 min)
targets_reductio_req_293: n_ok 0/2000 (nd-only 0, parse-fail 1661) distinct_ok 0 first_hit None written_hist {} lean 0s (2s; 294 done, 7s/thm, ETA 1 min)
targets_reductio_req_294: n_ok 0/2000 (nd-only 0, parse-fail 1940) distinct_ok 0 first_hit None written_hist {} lean 0s (2s; 295 done, 7s/thm, ETA 1 min)
targets_reductio_req_295: n_ok 0/2000 (nd-only 0, parse-fail 303) distinct_ok 0 first_hit None written_hist {} lean 0s (4s; 296 done, 7s/thm, ETA 0 min)
targets_reductio_req_296: n_ok 0/2000 (nd-only 0, parse-fail 752) distinct_ok 0 first_hit None written_hist {} lean 0s (2s; 297 done, 7s/thm, ETA 0 min)
targets_reductio_req_297: n_ok 0/2000 (nd-only 0, parse-fail 226) distinct_ok 0 first_hit None written_hist {} lean 0s (3s; 298 done, 7s/thm, ETA 0 min)
targets_reductio_req_298: n_ok 0/2000 (nd-only 0, parse-fail 1064) distinct_ok 0 first_hit None written_hist {} lean 0s (5s; 299 done, 7s/thm, ETA 0 min)
targets_reductio_req_299: n_ok 0/2000 (nd-only 0, parse-fail 555) distinct_ok 0 first_hit None written_hist {} lean 0s (3s; 300 done, 7s/thm, ETA 0 min)
DONE {'samples': 600000, 'parse_fail': 249148, 'nd_ok_samples': 6094, 'both_ok_samples': 6094, 'lean_wall_s': 78.08265233039856, 'lean_proc_s': 77.72330355644226, 'nd_ok_lean_ok_texts': 1859, 'nd_ok_lean_rej_texts': 0}
END 2026-09-24T21:59:20Z
