START 2026-09-24T16:47:00Z until [ -f ckpts/kh/stage1_k8add_s0.pt ]; do sleep 30; done; python3 ladder_ei.py --init ckpts/kh/stage1_k8add_s0.pt --name la_frozen_k8add_s0 --outdir artifacts/kh --train data/kh/train_k8add.jsonl --heldout data/p2/heldout.jsonl --batch 512 --seed 0 --no_train
[lean_gate] 143840 samples, parse-fail 50036, distinct checked 85223: both ok 22623, nd-only 0, lean-only 8, both rej 62592; lean 472.7s wall (5617.7s proc, 12 workers), nd_verify 4.6s
[la_frozen_k8add_s0 r1] targets (this round) SOLVED 2124/4495 = 0.473 [0.458,0.487]
  len 7: 1215/1800 = 0.675 [0.653,0.696]
  len 8: 527/1000 = 0.527 [0.496,0.558]
  len 9: 321/1004 = 0.320 [0.292,0.349]
  len 10: 55/456 = 0.121 [0.094,0.154]
  len 11: 6/99 = 0.061 [0.028,0.126]
  len 12: 0/106 = 0.000 [0.000,0.035]
  len 13: 0/16 = 0.000 [0.000,0.194]
  len 14: 0/14 = 0.000 [0.000,0.215]
  written hist {7: 1416, 8: 1199, 9: 734, 10: 254, 11: 67, 12: 14, 13: 13}
  pruned hist {5: 60, 6: 406, 7: 1467, 8: 1020, 9: 483, 10: 194, 11: 46, 12: 9, 13: 12}
  frontier written 13 pruned 13
  reasons [("parse: expected line index, got 'LEANPARSE'", 50036), ('rule check failed: IMPE', 12630), ('rule check failed: ANDI', 11121), ('rule check failed: DN', 9774), ('rule check failed: NEGE', 7930), ('final formula is not the conclusion', 6489)]
[lean_gate] 73120 samples, parse-fail 27450, distinct checked 42016: both ok 4082, nd-only 0, lean-only 0, both rej 37934; lean 180.1s wall (2068.7s proc, 12 workers), nd_verify 3.2s
[la_frozen_k8add_s0 r1] transfer (this round, pass@32) SOLVED 584/2285 = 0.256 [0.238,0.274]
  len 7: 128/300 = 0.427 [0.372,0.483]
  len 8: 121/300 = 0.403 [0.349,0.460]
  len 9: 292/1010 = 0.289 [0.262,0.318]
  len 10: 42/451 = 0.093 [0.070,0.123]
  len 11: 1/99 = 0.010 [0.002,0.055]
  len 12: 0/102 = 0.000 [0.000,0.036]
  len 13: 0/13 = 0.000 [0.000,0.228]
  len 14: 0/10 = 0.000 [0.000,0.278]
  written hist {7: 144, 8: 158, 9: 423, 10: 139, 11: 16, 12: 6, 13: 1, 14: 1}
  pruned hist {5: 9, 6: 17, 7: 177, 8: 242, 9: 337, 10: 86, 11: 13, 12: 5, 13: 1, 14: 1}
  frontier written 12 pruned 12
  reasons [("parse: expected line index, got 'LEANPARSE'", 27450), ('rule check failed: IMPE', 9375), ('rule check failed: ANDI', 6893), ('rule check failed: NEGE', 4752), ('rule check failed: DN', 4366), ('final formula is not the conclusion', 3711)]
[lean_gate] 2285 samples, parse-fail 755, distinct checked 1530: both ok 166, nd-only 0, lean-only 0, both rej 1364; lean 6.7s wall (25.2s proc, 12 workers), nd_verify 0.3s
[la_frozen_k8add_s0 r1] transfer greedy SOLVED 166/2285 = 0.073 [0.063,0.084]
  len 7: 46/300 = 0.153 [0.117,0.198]
  len 8: 45/300 = 0.150 [0.114,0.195]
  len 9: 70/1010 = 0.069 [0.055,0.087]
  len 10: 5/451 = 0.011 [0.005,0.026]
  len 11: 0/99 = 0.000 [0.000,0.037]
  len 12: 0/102 = 0.000 [0.000,0.036]
  len 13: 0/13 = 0.000 [0.000,0.228]
  len 14: 0/10 = 0.000 [0.000,0.278]
  written hist {7: 42, 8: 46, 9: 69, 10: 8, 11: 1}
  pruned hist {5: 1, 6: 5, 7: 40, 8: 60, 9: 53, 10: 6, 11: 1}
  frontier written 10 pruned 10
  reasons [("parse: expected line index, got 'LEANPARSE'", 755), ('rule check failed: IMPE', 328), ('rule check failed: ANDI', 249), ('rule check failed: NEGE', 143), ('rule check failed: DN', 134), ('rule check failed: ANDE2', 109)]
[lean_gate] 5000 samples, parse-fail 47, distinct checked 4953: both ok 4692, nd-only 0, lean-only 1, both rej 260; lean 12.4s wall (137.5s proc, 12 workers), nd_verify 0.2s
[la_frozen_k8add_s0 r1] heldout greedy SOLVED 4692/5000 = 0.938 [0.931,0.945]
  len 2: 998/1000 = 0.998 [0.993,0.999]
  len 3: 988/1000 = 0.988 [0.979,0.993]
  len 4: 959/1000 = 0.959 [0.945,0.970]
  len 5: 939/1000 = 0.939 [0.922,0.952]
  len 6: 808/1000 = 0.808 [0.782,0.831]
  written hist {2: 1009, 3: 968, 4: 923, 5: 961, 6: 753, 7: 56, 8: 20, 9: 2}
  pruned hist {2: 1010, 3: 972, 4: 921, 5: 965, 6: 754, 7: 51, 8: 17, 9: 2}
  frontier written 8 pruned 8
  reasons [('rule check failed: DN', 56), ("parse: expected line index, got 'LEANPARSE'", 47), ('rule check failed: ANDI', 43), ('rule check failed: IMPE', 37), ('rule check failed: IMPI', 28), ('final formula is not the conclusion', 26)]
[la_frozen_k8add_s0 r1] targets cumulative: solved 2124/4495 L*=11 ge={7: 2124, 8: 909, 9: 382, 10: 61, 11: 6, 12: 0}
[la_frozen_k8add_s0 r1] transfer cumulative: solved 584/2285 L*=10 ge={7: 584, 8: 456, 9: 335, 10: 43, 11: 1, 12: 0}
=== round 1 done in 1765s; new proofs 3697; cum targets solved 2124 L*=11; transfer L*=10
[lean_gate] 143840 samples, parse-fail 50243, distinct checked 85106: both ok 22583, nd-only 0, lean-only 11, both rej 62512; lean 440.8s wall (5173.7s proc, 12 workers), nd_verify 67.8s
[la_frozen_k8add_s0 r2] targets (this round) SOLVED 2131/4495 = 0.474 [0.460,0.489]
  len 7: 1228/1800 = 0.682 [0.660,0.703]
  len 8: 522/1000 = 0.522 [0.491,0.553]
  len 9: 324/1004 = 0.323 [0.295,0.352]
  len 10: 51/456 = 0.112 [0.086,0.144]
  len 11: 6/99 = 0.061 [0.028,0.126]
  len 12: 0/106 = 0.000 [0.000,0.035]
  len 13: 0/16 = 0.000 [0.000,0.194]
  len 14: 0/14 = 0.000 [0.000,0.215]
  written hist {7: 1438, 8: 1207, 9: 745, 10: 250, 11: 57, 12: 13, 13: 14}
  pruned hist {5: 58, 6: 419, 7: 1493, 8: 1004, 9: 498, 10: 182, 11: 47, 12: 10, 13: 13}
  frontier written 13 pruned 13
  reasons [("parse: expected line index, got 'LEANPARSE'", 50243), ('rule check failed: IMPE', 12819), ('rule check failed: ANDI', 10985), ('rule check failed: DN', 9866), ('rule check failed: NEGE', 7838), ('final formula is not the conclusion', 6506)]
[lean_gate] 73120 samples, parse-fail 27376, distinct checked 41980: both ok 3946, nd-only 0, lean-only 0, both rej 38034; lean 177.4s wall (2077.1s proc, 12 workers), nd_verify 2.3s
[la_frozen_k8add_s0 r2] transfer (this round, pass@32) SOLVED 586/2285 = 0.256 [0.239,0.275]
  len 7: 136/300 = 0.453 [0.398,0.510]
  len 8: 120/300 = 0.400 [0.346,0.456]
  len 9: 286/1010 = 0.283 [0.256,0.312]
  len 10: 43/451 = 0.095 [0.072,0.126]
  len 11: 1/99 = 0.010 [0.002,0.055]
  len 12: 0/102 = 0.000 [0.000,0.036]
  len 13: 0/13 = 0.000 [0.000,0.228]
  len 14: 0/10 = 0.000 [0.000,0.278]
  written hist {7: 148, 8: 171, 9: 428, 10: 122, 11: 20, 12: 2, 13: 1}
  pruned hist {5: 7, 6: 16, 7: 183, 8: 248, 9: 338, 10: 80, 11: 17, 12: 2, 13: 1}
  frontier written 11 pruned 11
  reasons [("parse: expected line index, got 'LEANPARSE'", 27376), ('rule check failed: IMPE', 9484), ('rule check failed: ANDI', 6852), ('rule check failed: NEGE', 4700), ('rule check failed: DN', 4511), ('final formula is not the conclusion', 3720)]
[lean_gate] 2285 samples, parse-fail 755, distinct checked 1530: both ok 166, nd-only 0, lean-only 0, both rej 1364; lean 6.4s wall (25.3s proc, 12 workers), nd_verify 0.1s
[la_frozen_k8add_s0 r2] transfer greedy SOLVED 166/2285 = 0.073 [0.063,0.084]
  len 7: 46/300 = 0.153 [0.117,0.198]
  len 8: 45/300 = 0.150 [0.114,0.195]
  len 9: 70/1010 = 0.069 [0.055,0.087]
  len 10: 5/451 = 0.011 [0.005,0.026]
  len 11: 0/99 = 0.000 [0.000,0.037]
  len 12: 0/102 = 0.000 [0.000,0.036]
  len 13: 0/13 = 0.000 [0.000,0.228]
  len 14: 0/10 = 0.000 [0.000,0.278]
  written hist {7: 42, 8: 46, 9: 69, 10: 8, 11: 1}
  pruned hist {5: 1, 6: 5, 7: 40, 8: 60, 9: 53, 10: 6, 11: 1}
  frontier written 10 pruned 10
  reasons [("parse: expected line index, got 'LEANPARSE'", 755), ('rule check failed: IMPE', 328), ('rule check failed: ANDI', 249), ('rule check failed: NEGE', 143), ('rule check failed: DN', 134), ('rule check failed: ANDE2', 109)]
[lean_gate] 5000 samples, parse-fail 47, distinct checked 4953: both ok 4692, nd-only 0, lean-only 1, both rej 260; lean 24.8s wall (209.4s proc, 12 workers), nd_verify 3.9s
[la_frozen_k8add_s0 r2] heldout greedy SOLVED 4692/5000 = 0.938 [0.931,0.945]
  len 2: 998/1000 = 0.998 [0.993,0.999]
  len 3: 988/1000 = 0.988 [0.979,0.993]
  len 4: 959/1000 = 0.959 [0.945,0.970]
  len 5: 939/1000 = 0.939 [0.922,0.952]
  len 6: 808/1000 = 0.808 [0.782,0.831]
  written hist {2: 1009, 3: 968, 4: 923, 5: 961, 6: 753, 7: 56, 8: 20, 9: 2}
  pruned hist {2: 1010, 3: 972, 4: 921, 5: 965, 6: 754, 7: 51, 8: 17, 9: 2}
  frontier written 8 pruned 8
  reasons [('rule check failed: DN', 56), ("parse: expected line index, got 'LEANPARSE'", 47), ('rule check failed: ANDI', 43), ('rule check failed: IMPE', 37), ('rule check failed: IMPI', 28), ('final formula is not the conclusion', 26)]
[la_frozen_k8add_s0 r2] targets cumulative: solved 2333/4495 L*=11 ge={7: 2333, 8: 1035, 9: 449, 10: 73, 11: 7, 12: 0}
[la_frozen_k8add_s0 r2] transfer cumulative: solved 684/2285 L*=10 ge={7: 684, 8: 537, 9: 403, 10: 55, 11: 2, 12: 0}
=== round 2 done in 1704s; new proofs 890; cum targets solved 2333 L*=11; transfer L*=10
[lean_gate] 143840 samples, parse-fail 50471, distinct checked 84727: both ok 22454, nd-only 0, lean-only 14, both rej 62259; lean 372.5s wall (4421.5s proc, 12 workers), nd_verify 4.5s
[la_frozen_k8add_s0 r3] targets (this round) SOLVED 2137/4495 = 0.475 [0.461,0.490]
  len 7: 1219/1800 = 0.677 [0.655,0.698]
  len 8: 544/1000 = 0.544 [0.513,0.575]
  len 9: 314/1004 = 0.313 [0.285,0.342]
  len 10: 54/456 = 0.118 [0.092,0.151]
  len 11: 6/99 = 0.061 [0.028,0.126]
  len 12: 0/106 = 0.000 [0.000,0.035]
  len 13: 0/16 = 0.000 [0.000,0.194]
  len 14: 0/14 = 0.000 [0.000,0.215]
  written hist {7: 1432, 8: 1208, 9: 704, 10: 269, 11: 61, 12: 12, 13: 13}
  pruned hist {5: 56, 6: 424, 7: 1485, 8: 985, 9: 492, 10: 191, 11: 45, 12: 8, 13: 13}
  frontier written 13 pruned 13
  reasons [("parse: expected line index, got 'LEANPARSE'", 50471), ('rule check failed: IMPE', 12752), ('rule check failed: ANDI', 10976), ('rule check failed: DN', 9735), ('rule check failed: NEGE', 7923), ('final formula is not the conclusion', 6580)]
[lean_gate] 73120 samples, parse-fail 27408, distinct checked 41963: both ok 3992, nd-only 0, lean-only 1, both rej 37970; lean 173.8s wall (2031.0s proc, 12 workers), nd_verify 2.2s
[la_frozen_k8add_s0 r3] transfer (this round, pass@32) SOLVED 579/2285 = 0.253 [0.236,0.272]
  len 7: 136/300 = 0.453 [0.398,0.510]
  len 8: 125/300 = 0.417 [0.362,0.473]
  len 9: 280/1010 = 0.277 [0.251,0.306]
  len 10: 37/451 = 0.082 [0.060,0.111]
  len 11: 1/99 = 0.010 [0.002,0.055]
  len 12: 0/102 = 0.000 [0.000,0.036]
  len 13: 0/13 = 0.000 [0.000,0.228]
  len 14: 0/10 = 0.000 [0.000,0.278]
  written hist {7: 155, 8: 173, 9: 408, 10: 137, 11: 18, 12: 3, 13: 3}
  pruned hist {5: 7, 6: 18, 7: 194, 8: 255, 9: 329, 10: 75, 11: 14, 12: 3, 13: 2}
  frontier written 11 pruned 11
  reasons [("parse: expected line index, got 'LEANPARSE'", 27408), ('rule check failed: IMPE', 9441), ('rule check failed: ANDI', 6912), ('rule check failed: NEGE', 4696), ('rule check failed: DN', 4468), ('final formula is not the conclusion', 3775)]
[lean_gate] 2285 samples, parse-fail 755, distinct checked 1530: both ok 166, nd-only 0, lean-only 0, both rej 1364; lean 6.6s wall (26.1s proc, 12 workers), nd_verify 0.1s
[la_frozen_k8add_s0 r3] transfer greedy SOLVED 166/2285 = 0.073 [0.063,0.084]
  len 7: 46/300 = 0.153 [0.117,0.198]
  len 8: 45/300 = 0.150 [0.114,0.195]
  len 9: 70/1010 = 0.069 [0.055,0.087]
  len 10: 5/451 = 0.011 [0.005,0.026]
  len 11: 0/99 = 0.000 [0.000,0.037]
  len 12: 0/102 = 0.000 [0.000,0.036]
  len 13: 0/13 = 0.000 [0.000,0.228]
  len 14: 0/10 = 0.000 [0.000,0.278]
  written hist {7: 42, 8: 46, 9: 69, 10: 8, 11: 1}
  pruned hist {5: 1, 6: 5, 7: 40, 8: 60, 9: 53, 10: 6, 11: 1}
  frontier written 10 pruned 10
  reasons [("parse: expected line index, got 'LEANPARSE'", 755), ('rule check failed: IMPE', 328), ('rule check failed: ANDI', 249), ('rule check failed: NEGE', 143), ('rule check failed: DN', 134), ('rule check failed: ANDE2', 109)]
[lean_gate] 5000 samples, parse-fail 47, distinct checked 4953: both ok 4692, nd-only 0, lean-only 1, both rej 260; lean 12.8s wall (141.6s proc, 12 workers), nd_verify 0.2s
[la_frozen_k8add_s0 r3] heldout greedy SOLVED 4692/5000 = 0.938 [0.931,0.945]
  len 2: 998/1000 = 0.998 [0.993,0.999]
  len 3: 988/1000 = 0.988 [0.979,0.993]
  len 4: 959/1000 = 0.959 [0.945,0.970]
  len 5: 939/1000 = 0.939 [0.922,0.952]
  len 6: 808/1000 = 0.808 [0.782,0.831]
  written hist {2: 1009, 3: 968, 4: 923, 5: 961, 6: 753, 7: 56, 8: 20, 9: 2}
  pruned hist {2: 1010, 3: 972, 4: 921, 5: 965, 6: 754, 7: 51, 8: 17, 9: 2}
  frontier written 8 pruned 8
  reasons [('rule check failed: DN', 56), ("parse: expected line index, got 'LEANPARSE'", 47), ('rule check failed: ANDI', 43), ('rule check failed: IMPE', 37), ('rule check failed: IMPI', 28), ('final formula is not the conclusion', 26)]
[la_frozen_k8add_s0 r3] targets cumulative: solved 2453/4495 L*=11 ge={7: 2453, 8: 1117, 9: 487, 10: 79, 11: 8, 12: 0}
[la_frozen_k8add_s0 r3] transfer cumulative: solved 738/2285 L*=10 ge={7: 738, 8: 585, 9: 446, 10: 57, 11: 2, 12: 0}
=== round 3 done in 1982s; new proofs 599; cum targets solved 2453 L*=11; transfer L*=10
[lean_gate] 143840 samples, parse-fail 50032, distinct checked 85226: both ok 22586, nd-only 0, lean-only 11, both rej 62629; lean 484.0s wall (5753.6s proc, 12 workers), nd_verify 4.6s
[la_frozen_k8add_s0 r4] targets (this round) SOLVED 2149/4495 = 0.478 [0.464,0.493]
  len 7: 1230/1800 = 0.683 [0.661,0.704]
  len 8: 540/1000 = 0.540 [0.509,0.571]
  len 9: 312/1004 = 0.311 [0.283,0.340]
  len 10: 60/456 = 0.132 [0.104,0.166]
  len 11: 7/99 = 0.071 [0.035,0.139]
  len 12: 0/106 = 0.000 [0.000,0.035]
  len 13: 0/16 = 0.000 [0.000,0.194]
  len 14: 0/14 = 0.000 [0.000,0.215]
  written hist {7: 1459, 8: 1208, 9: 726, 10: 257, 11: 52, 12: 10, 13: 17}
  pruned hist {5: 61, 6: 434, 7: 1507, 8: 992, 9: 477, 10: 192, 11: 46, 12: 6, 13: 14}
  frontier written 13 pruned 13
  reasons [("parse: expected line index, got 'LEANPARSE'", 50032), ('rule check failed: IMPE', 12792), ('rule check failed: ANDI', 11068), ('rule check failed: DN', 9828), ('rule check failed: NEGE', 8010), ('final formula is not the conclusion', 6509)]
[lean_gate] 73120 samples, parse-fail 27301, distinct checked 42105: both ok 4078, nd-only 0, lean-only 0, both rej 38027; lean 232.9s wall (2742.8s proc, 12 workers), nd_verify 2.3s
[la_frozen_k8add_s0 r4] transfer (this round, pass@32) SOLVED 583/2285 = 0.255 [0.238,0.273]
  len 7: 128/300 = 0.427 [0.372,0.483]
  len 8: 121/300 = 0.403 [0.349,0.460]
  len 9: 292/1010 = 0.289 [0.262,0.318]
  len 10: 40/451 = 0.089 [0.066,0.119]
  len 11: 2/99 = 0.020 [0.006,0.071]
  len 12: 0/102 = 0.000 [0.000,0.036]
  len 13: 0/13 = 0.000 [0.000,0.228]
  len 14: 0/10 = 0.000 [0.000,0.278]
  written hist {7: 140, 8: 170, 9: 434, 10: 136, 11: 17, 12: 3, 13: 4}
  pruned hist {5: 7, 6: 18, 7: 178, 8: 251, 9: 343, 10: 87, 11: 15, 12: 4, 13: 1}
  frontier written 11 pruned 11
  reasons [("parse: expected line index, got 'LEANPARSE'", 27301), ('rule check failed: IMPE', 9419), ('rule check failed: ANDI', 6902), ('rule check failed: NEGE', 4749), ('rule check failed: DN', 4498), ('final formula is not the conclusion', 3686)]
[lean_gate] 2285 samples, parse-fail 755, distinct checked 1530: both ok 166, nd-only 0, lean-only 0, both rej 1364; lean 7.4s wall (29.1s proc, 12 workers), nd_verify 0.1s
[la_frozen_k8add_s0 r4] transfer greedy SOLVED 166/2285 = 0.073 [0.063,0.084]
  len 7: 46/300 = 0.153 [0.117,0.198]
  len 8: 45/300 = 0.150 [0.114,0.195]
  len 9: 70/1010 = 0.069 [0.055,0.087]
  len 10: 5/451 = 0.011 [0.005,0.026]
  len 11: 0/99 = 0.000 [0.000,0.037]
  len 12: 0/102 = 0.000 [0.000,0.036]
  len 13: 0/13 = 0.000 [0.000,0.228]
  len 14: 0/10 = 0.000 [0.000,0.278]
  written hist {7: 42, 8: 46, 9: 69, 10: 8, 11: 1}
  pruned hist {5: 1, 6: 5, 7: 40, 8: 60, 9: 53, 10: 6, 11: 1}
  frontier written 10 pruned 10
  reasons [("parse: expected line index, got 'LEANPARSE'", 755), ('rule check failed: IMPE', 328), ('rule check failed: ANDI', 249), ('rule check failed: NEGE', 143), ('rule check failed: DN', 134), ('rule check failed: ANDE2', 109)]
[lean_gate] 5000 samples, parse-fail 47, distinct checked 4953: both ok 4692, nd-only 0, lean-only 1, both rej 260; lean 16.9s wall (179.8s proc, 12 workers), nd_verify 0.2s
[la_frozen_k8add_s0 r4] heldout greedy SOLVED 4692/5000 = 0.938 [0.931,0.945]
  len 2: 998/1000 = 0.998 [0.993,0.999]
  len 3: 988/1000 = 0.988 [0.979,0.993]
  len 4: 959/1000 = 0.959 [0.945,0.970]
  len 5: 939/1000 = 0.939 [0.922,0.952]
  len 6: 808/1000 = 0.808 [0.782,0.831]
  written hist {2: 1009, 3: 968, 4: 923, 5: 961, 6: 753, 7: 56, 8: 20, 9: 2}
  pruned hist {2: 1010, 3: 972, 4: 921, 5: 965, 6: 754, 7: 51, 8: 17, 9: 2}
  frontier written 8 pruned 8
  reasons [('rule check failed: DN', 56), ("parse: expected line index, got 'LEANPARSE'", 47), ('rule check failed: ANDI', 43), ('rule check failed: IMPE', 37), ('rule check failed: IMPI', 28), ('final formula is not the conclusion', 26)]
[la_frozen_k8add_s0 r4] targets cumulative: solved 2526/4495 L*=11 ge={7: 2526, 8: 1170, 9: 518, 10: 86, 11: 8, 12: 0}
[la_frozen_k8add_s0 r4] transfer cumulative: solved 764/2285 L*=10 ge={7: 764, 8: 609, 9: 467, 10: 61, 11: 3, 12: 0}
=== round 4 done in 2388s; new proofs 449; cum targets solved 2526 L*=11; transfer L*=10
[lean_gate] 143840 samples, parse-fail 50235, distinct checked 85007: both ok 22666, nd-only 0, lean-only 14, both rej 62327; lean 413.7s wall (4920.0s proc, 12 workers), nd_verify 4.5s
[la_frozen_k8add_s0 r5] targets (this round) SOLVED 2110/4495 = 0.469 [0.455,0.484]
  len 7: 1211/1800 = 0.673 [0.651,0.694]
  len 8: 526/1000 = 0.526 [0.495,0.557]
  len 9: 306/1004 = 0.305 [0.277,0.334]
  len 10: 61/456 = 0.134 [0.106,0.168]
  len 11: 6/99 = 0.061 [0.028,0.126]
  len 12: 0/106 = 0.000 [0.000,0.035]
  len 13: 0/16 = 0.000 [0.000,0.194]
  len 14: 0/14 = 0.000 [0.000,0.215]
  written hist {7: 1434, 8: 1195, 9: 722, 10: 237, 11: 50, 12: 12, 13: 11}
  pruned hist {5: 61, 6: 424, 7: 1447, 8: 1010, 9: 482, 10: 180, 11: 40, 12: 7, 13: 10}
  frontier written 13 pruned 13
  reasons [("parse: expected line index, got 'LEANPARSE'", 50235), ('rule check failed: IMPE', 12810), ('rule check failed: ANDI', 11014), ('rule check failed: DN', 9687), ('rule check failed: NEGE', 7915), ('final formula is not the conclusion', 6466)]
[lean_gate] 73120 samples, parse-fail 27418, distinct checked 42008: both ok 4042, nd-only 0, lean-only 1, both rej 37965; lean 207.2s wall (2415.8s proc, 12 workers), nd_verify 2.6s
[la_frozen_k8add_s0 r5] transfer (this round, pass@32) SOLVED 588/2285 = 0.257 [0.240,0.276]
  len 7: 134/300 = 0.447 [0.391,0.503]
  len 8: 117/300 = 0.390 [0.337,0.446]
  len 9: 295/1010 = 0.292 [0.265,0.321]
  len 10: 41/451 = 0.091 [0.068,0.121]
  len 11: 1/99 = 0.010 [0.002,0.055]
  len 12: 0/102 = 0.000 [0.000,0.036]
  len 13: 0/13 = 0.000 [0.000,0.228]
  len 14: 0/10 = 0.000 [0.000,0.278]
  written hist {7: 149, 8: 174, 9: 439, 10: 130, 11: 24, 12: 4, 13: 2, 14: 1}
  pruned hist {5: 7, 6: 17, 7: 191, 8: 243, 9: 364, 10: 74, 11: 21, 12: 4, 13: 1, 14: 1}
  frontier written 11 pruned 11
  reasons [("parse: expected line index, got 'LEANPARSE'", 27418), ('rule check failed: IMPE', 9470), ('rule check failed: ANDI', 6851), ('rule check failed: NEGE', 4708), ('rule check failed: DN', 4408), ('final formula is not the conclusion', 3726)]
[lean_gate] 2285 samples, parse-fail 755, distinct checked 1530: both ok 166, nd-only 0, lean-only 0, both rej 1364; lean 14.7s wall (57.5s proc, 12 workers), nd_verify 0.1s
[la_frozen_k8add_s0 r5] transfer greedy SOLVED 166/2285 = 0.073 [0.063,0.084]
  len 7: 46/300 = 0.153 [0.117,0.198]
  len 8: 45/300 = 0.150 [0.114,0.195]
  len 9: 70/1010 = 0.069 [0.055,0.087]
  len 10: 5/451 = 0.011 [0.005,0.026]
  len 11: 0/99 = 0.000 [0.000,0.037]
  len 12: 0/102 = 0.000 [0.000,0.036]
  len 13: 0/13 = 0.000 [0.000,0.228]
  len 14: 0/10 = 0.000 [0.000,0.278]
  written hist {7: 42, 8: 46, 9: 69, 10: 8, 11: 1}
  pruned hist {5: 1, 6: 5, 7: 40, 8: 60, 9: 53, 10: 6, 11: 1}
  frontier written 10 pruned 10
  reasons [("parse: expected line index, got 'LEANPARSE'", 755), ('rule check failed: IMPE', 328), ('rule check failed: ANDI', 249), ('rule check failed: NEGE', 143), ('rule check failed: DN', 134), ('rule check failed: ANDE2', 109)]
[lean_gate] 5000 samples, parse-fail 47, distinct checked 4953: both ok 4692, nd-only 0, lean-only 1, both rej 260; lean 35.8s wall (404.2s proc, 12 workers), nd_verify 0.2s
[la_frozen_k8add_s0 r5] heldout greedy SOLVED 4692/5000 = 0.938 [0.931,0.945]
  len 2: 998/1000 = 0.998 [0.993,0.999]
  len 3: 988/1000 = 0.988 [0.979,0.993]
  len 4: 959/1000 = 0.959 [0.945,0.970]
  len 5: 939/1000 = 0.939 [0.922,0.952]
  len 6: 808/1000 = 0.808 [0.782,0.831]
  written hist {2: 1009, 3: 968, 4: 923, 5: 961, 6: 753, 7: 56, 8: 20, 9: 2}
  pruned hist {2: 1010, 3: 972, 4: 921, 5: 965, 6: 754, 7: 51, 8: 17, 9: 2}
  frontier written 8 pruned 8
  reasons [('rule check failed: DN', 56), ("parse: expected line index, got 'LEANPARSE'", 47), ('rule check failed: ANDI', 43), ('rule check failed: IMPE', 37), ('rule check failed: IMPI', 28), ('final formula is not the conclusion', 26)]
[la_frozen_k8add_s0 r5] targets cumulative: solved 2581/4495 L*=11 ge={7: 2581, 8: 1205, 9: 541, 10: 94, 11: 9, 12: 0}
[la_frozen_k8add_s0 r5] transfer cumulative: solved 790/2285 L*=10 ge={7: 790, 8: 633, 9: 487, 10: 63, 11: 3, 12: 0}
=== round 5 done in 2299s; new proofs 318; cum targets solved 2581 L*=11; transfer L*=10
[lean_gate] 143840 samples, parse-fail 50211, distinct checked 84970: both ok 22527, nd-only 0, lean-only 12, both rej 62431; lean 324.8s wall (3865.6s proc, 12 workers), nd_verify 4.8s
[la_frozen_k8add_s0 r6] targets (this round) SOLVED 2126/4495 = 0.473 [0.458,0.488]
  len 7: 1204/1800 = 0.669 [0.647,0.690]
  len 8: 548/1000 = 0.548 [0.517,0.579]
  len 9: 307/1004 = 0.306 [0.278,0.335]
  len 10: 61/456 = 0.134 [0.106,0.168]
  len 11: 6/99 = 0.061 [0.028,0.126]
  len 12: 0/106 = 0.000 [0.000,0.035]
  len 13: 0/16 = 0.000 [0.000,0.194]
  len 14: 0/14 = 0.000 [0.000,0.215]
  written hist {7: 1409, 8: 1207, 9: 717, 10: 261, 11: 60, 12: 8, 13: 12, 14: 1}
  pruned hist {5: 53, 6: 413, 7: 1443, 8: 1036, 9: 478, 10: 188, 11: 48, 12: 3, 13: 12, 14: 1}
  frontier written 13 pruned 13
  reasons [("parse: expected line index, got 'LEANPARSE'", 50211), ('rule check failed: IMPE', 12743), ('rule check failed: ANDI', 11073), ('rule check failed: DN', 9840), ('rule check failed: NEGE', 7968), ('final formula is not the conclusion', 6427)]
[lean_gate] 73120 samples, parse-fail 27296, distinct checked 42083: both ok 4022, nd-only 0, lean-only 2, both rej 38059; lean 161.9s wall (1896.6s proc, 12 workers), nd_verify 2.2s
[la_frozen_k8add_s0 r6] transfer (this round, pass@32) SOLVED 593/2285 = 0.260 [0.242,0.278]
  len 7: 135/300 = 0.450 [0.395,0.507]
  len 8: 123/300 = 0.410 [0.356,0.466]
  len 9: 287/1010 = 0.284 [0.257,0.313]
  len 10: 48/451 = 0.106 [0.081,0.138]
  len 11: 0/99 = 0.000 [0.000,0.037]
  len 12: 0/102 = 0.000 [0.000,0.036]
  len 13: 0/13 = 0.000 [0.000,0.228]
  len 14: 0/10 = 0.000 [0.000,0.278]
  written hist {7: 148, 8: 175, 9: 426, 10: 144, 11: 22, 12: 3, 13: 1, 14: 1}
  pruned hist {5: 8, 6: 19, 7: 190, 8: 245, 9: 341, 10: 95, 11: 17, 12: 4, 14: 1}
  frontier written 11 pruned 11
  reasons [("parse: expected line index, got 'LEANPARSE'", 27296), ('rule check failed: IMPE', 9485), ('rule check failed: ANDI', 6948), ('rule check failed: NEGE', 4756), ('rule check failed: DN', 4491), ('final formula is not the conclusion', 3676)]
[lean_gate] 2285 samples, parse-fail 755, distinct checked 1530: both ok 166, nd-only 0, lean-only 0, both rej 1364; lean 6.2s wall (24.1s proc, 12 workers), nd_verify 0.1s
[la_frozen_k8add_s0 r6] transfer greedy SOLVED 166/2285 = 0.073 [0.063,0.084]
  len 7: 46/300 = 0.153 [0.117,0.198]
  len 8: 45/300 = 0.150 [0.114,0.195]
  len 9: 70/1010 = 0.069 [0.055,0.087]
  len 10: 5/451 = 0.011 [0.005,0.026]
  len 11: 0/99 = 0.000 [0.000,0.037]
  len 12: 0/102 = 0.000 [0.000,0.036]
  len 13: 0/13 = 0.000 [0.000,0.228]
  len 14: 0/10 = 0.000 [0.000,0.278]
  written hist {7: 42, 8: 46, 9: 69, 10: 8, 11: 1}
  pruned hist {5: 1, 6: 5, 7: 40, 8: 60, 9: 53, 10: 6, 11: 1}
  frontier written 10 pruned 10
  reasons [("parse: expected line index, got 'LEANPARSE'", 755), ('rule check failed: IMPE', 328), ('rule check failed: ANDI', 249), ('rule check failed: NEGE', 143), ('rule check failed: DN', 134), ('rule check failed: ANDE2', 109)]
[lean_gate] 5000 samples, parse-fail 47, distinct checked 4953: both ok 4692, nd-only 0, lean-only 1, both rej 260; lean 28.4s wall (301.7s proc, 12 workers), nd_verify 2.2s
[la_frozen_k8add_s0 r6] heldout greedy SOLVED 4692/5000 = 0.938 [0.931,0.945]
  len 2: 998/1000 = 0.998 [0.993,0.999]
  len 3: 988/1000 = 0.988 [0.979,0.993]
  len 4: 959/1000 = 0.959 [0.945,0.970]
  len 5: 939/1000 = 0.939 [0.922,0.952]
  len 6: 808/1000 = 0.808 [0.782,0.831]
  written hist {2: 1009, 3: 968, 4: 923, 5: 961, 6: 753, 7: 56, 8: 20, 9: 2}
  pruned hist {2: 1010, 3: 972, 4: 921, 5: 965, 6: 754, 7: 51, 8: 17, 9: 2}
  frontier written 8 pruned 8
  reasons [('rule check failed: DN', 56), ("parse: expected line index, got 'LEANPARSE'", 47), ('rule check failed: ANDI', 43), ('rule check failed: IMPE', 37), ('rule check failed: IMPI', 28), ('final formula is not the conclusion', 26)]
[la_frozen_k8add_s0 r6] targets cumulative: solved 2626/4495 L*=11 ge={7: 2626, 8: 1238, 9: 558, 10: 99, 11: 9, 12: 0}
[la_frozen_k8add_s0 r6] transfer cumulative: solved 817/2285 L*=10 ge={7: 817, 8: 657, 9: 506, 10: 71, 11: 3, 12: 0}
=== round 6 done in 1864s; new proofs 289; cum targets solved 2626 L*=11; transfer L*=10
[lean_gate] 143840 samples, parse-fail 50138, distinct checked 84963: both ok 22430, nd-only 0, lean-only 15, both rej 62518; lean 333.1s wall (3957.0s proc, 12 workers), nd_verify 4.8s
[la_frozen_k8add_s0 r7] targets (this round) SOLVED 2156/4495 = 0.480 [0.465,0.494]
  len 7: 1231/1800 = 0.684 [0.662,0.705]
  len 8: 536/1000 = 0.536 [0.505,0.567]
  len 9: 324/1004 = 0.323 [0.295,0.352]
  len 10: 58/456 = 0.127 [0.100,0.161]
  len 11: 7/99 = 0.071 [0.035,0.139]
  len 12: 0/106 = 0.000 [0.000,0.035]
  len 13: 0/16 = 0.000 [0.000,0.194]
  len 14: 0/14 = 0.000 [0.000,0.215]
  written hist {7: 1430, 8: 1199, 9: 726, 10: 268, 11: 67, 12: 11, 13: 13}
  pruned hist {5: 61, 6: 417, 7: 1489, 8: 982, 9: 496, 10: 201, 11: 49, 12: 7, 13: 12}
  frontier written 13 pruned 13
  reasons [("parse: expected line index, got 'LEANPARSE'", 50138), ('rule check failed: IMPE', 12789), ('rule check failed: ANDI', 11092), ('rule check failed: DN', 9972), ('rule check failed: NEGE', 7931), ('final formula is not the conclusion', 6423)]
[lean_gate] 73120 samples, parse-fail 27399, distinct checked 41967: both ok 3979, nd-only 0, lean-only 0, both rej 37988; lean 176.3s wall (2065.3s proc, 12 workers), nd_verify 2.2s
[la_frozen_k8add_s0 r7] transfer (this round, pass@32) SOLVED 588/2285 = 0.257 [0.240,0.276]
  len 7: 130/300 = 0.433 [0.378,0.490]
  len 8: 122/300 = 0.407 [0.353,0.463]
  len 9: 286/1010 = 0.283 [0.256,0.312]
  len 10: 49/451 = 0.109 [0.083,0.141]
  len 11: 1/99 = 0.010 [0.002,0.055]
  len 12: 0/102 = 0.000 [0.000,0.036]
  len 13: 0/13 = 0.000 [0.000,0.228]
  len 14: 0/10 = 0.000 [0.000,0.278]
  written hist {7: 145, 8: 171, 9: 420, 10: 138, 11: 24, 12: 4, 13: 1}
  pruned hist {5: 9, 6: 13, 7: 185, 8: 251, 9: 338, 10: 83, 11: 22, 12: 2}
  frontier written 11 pruned 11
  reasons [("parse: expected line index, got 'LEANPARSE'", 27399), ('rule check failed: IMPE', 9465), ('rule check failed: ANDI', 6869), ('rule check failed: NEGE', 4798), ('rule check failed: DN', 4503), ('final formula is not the conclusion', 3785)]
[lean_gate] 2285 samples, parse-fail 755, distinct checked 1530: both ok 166, nd-only 0, lean-only 0, both rej 1364; lean 6.4s wall (25.0s proc, 12 workers), nd_verify 0.1s
[la_frozen_k8add_s0 r7] transfer greedy SOLVED 166/2285 = 0.073 [0.063,0.084]
  len 7: 46/300 = 0.153 [0.117,0.198]
  len 8: 45/300 = 0.150 [0.114,0.195]
  len 9: 70/1010 = 0.069 [0.055,0.087]
  len 10: 5/451 = 0.011 [0.005,0.026]
  len 11: 0/99 = 0.000 [0.000,0.037]
  len 12: 0/102 = 0.000 [0.000,0.036]
  len 13: 0/13 = 0.000 [0.000,0.228]
  len 14: 0/10 = 0.000 [0.000,0.278]
  written hist {7: 42, 8: 46, 9: 69, 10: 8, 11: 1}
  pruned hist {5: 1, 6: 5, 7: 40, 8: 60, 9: 53, 10: 6, 11: 1}
  frontier written 10 pruned 10
  reasons [("parse: expected line index, got 'LEANPARSE'", 755), ('rule check failed: IMPE', 328), ('rule check failed: ANDI', 249), ('rule check failed: NEGE', 143), ('rule check failed: DN', 134), ('rule check failed: ANDE2', 109)]
[lean_gate] 5000 samples, parse-fail 47, distinct checked 4953: both ok 4692, nd-only 0, lean-only 1, both rej 260; lean 12.2s wall (136.4s proc, 12 workers), nd_verify 0.2s
[la_frozen_k8add_s0 r7] heldout greedy SOLVED 4692/5000 = 0.938 [0.931,0.945]
  len 2: 998/1000 = 0.998 [0.993,0.999]
  len 3: 988/1000 = 0.988 [0.979,0.993]
  len 4: 959/1000 = 0.959 [0.945,0.970]
  len 5: 939/1000 = 0.939 [0.922,0.952]
  len 6: 808/1000 = 0.808 [0.782,0.831]
  written hist {2: 1009, 3: 968, 4: 923, 5: 961, 6: 753, 7: 56, 8: 20, 9: 2}
  pruned hist {2: 1010, 3: 972, 4: 921, 5: 965, 6: 754, 7: 51, 8: 17, 9: 2}
  frontier written 8 pruned 8
  reasons [('rule check failed: DN', 56), ("parse: expected line index, got 'LEANPARSE'", 47), ('rule check failed: ANDI', 43), ('rule check failed: IMPE', 37), ('rule check failed: IMPI', 28), ('final formula is not the conclusion', 26)]
[la_frozen_k8add_s0 r7] targets cumulative: solved 2668/4495 L*=11 ge={7: 2668, 8: 1266, 9: 576, 10: 102, 11: 11, 12: 0}
[la_frozen_k8add_s0 r7] transfer cumulative: solved 839/2285 L*=10 ge={7: 839, 8: 677, 9: 522, 10: 76, 11: 3, 12: 0}
=== round 7 done in 1821s; new proofs 301; cum targets solved 2668 L*=11; transfer L*=10
[lean_gate] 143840 samples, parse-fail 50417, distinct checked 84909: both ok 22522, nd-only 0, lean-only 15, both rej 62372; lean 301.4s wall (3578.7s proc, 12 workers), nd_verify 4.6s
[la_frozen_k8add_s0 r8] targets (this round) SOLVED 2127/4495 = 0.473 [0.459,0.488]
  len 7: 1211/1800 = 0.673 [0.651,0.694]
  len 8: 543/1000 = 0.543 [0.512,0.574]
  len 9: 305/1004 = 0.304 [0.276,0.333]
  len 10: 61/456 = 0.134 [0.106,0.168]
  len 11: 7/99 = 0.071 [0.035,0.139]
  len 12: 0/106 = 0.000 [0.000,0.035]
  len 13: 0/16 = 0.000 [0.000,0.194]
  len 14: 0/14 = 0.000 [0.000,0.215]
  written hist {7: 1413, 8: 1211, 9: 731, 10: 242, 11: 57, 12: 16, 13: 11}
  pruned hist {5: 56, 6: 413, 7: 1458, 8: 1015, 9: 487, 10: 186, 11: 46, 12: 9, 13: 11}
  frontier written 13 pruned 13
  reasons [("parse: expected line index, got 'LEANPARSE'", 50417), ('rule check failed: IMPE', 12786), ('rule check failed: ANDI', 10889), ('rule check failed: DN', 9808), ('rule check failed: NEGE', 7961), ('final formula is not the conclusion', 6442)]
[lean_gate] 73120 samples, parse-fail 27284, distinct checked 42120: both ok 4051, nd-only 0, lean-only 1, both rej 38068; lean 138.6s wall (1616.1s proc, 12 workers), nd_verify 2.3s
[la_frozen_k8add_s0 r8] transfer (this round, pass@32) SOLVED 595/2285 = 0.260 [0.243,0.279]
  len 7: 136/300 = 0.453 [0.398,0.510]
  len 8: 117/300 = 0.390 [0.337,0.446]
  len 9: 298/1010 = 0.295 [0.268,0.324]
  len 10: 44/451 = 0.098 [0.073,0.128]
  len 11: 0/99 = 0.000 [0.000,0.037]
  len 12: 0/102 = 0.000 [0.000,0.036]
  len 13: 0/13 = 0.000 [0.000,0.228]
  len 14: 0/10 = 0.000 [0.000,0.278]
  written hist {7: 153, 8: 163, 9: 430, 10: 129, 11: 18, 12: 5, 13: 4}
  pruned hist {5: 7, 6: 17, 7: 188, 8: 239, 9: 349, 10: 79, 11: 16, 12: 4, 13: 3}
  frontier written 12 pruned 11
  reasons [("parse: expected line index, got 'LEANPARSE'", 27284), ('rule check failed: IMPE', 9359), ('rule check failed: ANDI', 6951), ('rule check failed: NEGE', 4773), ('rule check failed: DN', 4503), ('final formula is not the conclusion', 3787)]
[lean_gate] 2285 samples, parse-fail 755, distinct checked 1530: both ok 166, nd-only 0, lean-only 0, both rej 1364; lean 5.2s wall (20.1s proc, 12 workers), nd_verify 0.1s
[la_frozen_k8add_s0 r8] transfer greedy SOLVED 166/2285 = 0.073 [0.063,0.084]
  len 7: 46/300 = 0.153 [0.117,0.198]
  len 8: 45/300 = 0.150 [0.114,0.195]
  len 9: 70/1010 = 0.069 [0.055,0.087]
  len 10: 5/451 = 0.011 [0.005,0.026]
  len 11: 0/99 = 0.000 [0.000,0.037]
  len 12: 0/102 = 0.000 [0.000,0.036]
  len 13: 0/13 = 0.000 [0.000,0.228]
  len 14: 0/10 = 0.000 [0.000,0.278]
  written hist {7: 42, 8: 46, 9: 69, 10: 8, 11: 1}
  pruned hist {5: 1, 6: 5, 7: 40, 8: 60, 9: 53, 10: 6, 11: 1}
  frontier written 10 pruned 10
  reasons [("parse: expected line index, got 'LEANPARSE'", 755), ('rule check failed: IMPE', 328), ('rule check failed: ANDI', 249), ('rule check failed: NEGE', 143), ('rule check failed: DN', 134), ('rule check failed: ANDE2', 109)]
[lean_gate] 5000 samples, parse-fail 47, distinct checked 4953: both ok 4692, nd-only 0, lean-only 1, both rej 260; lean 10.3s wall (112.3s proc, 12 workers), nd_verify 0.2s
[la_frozen_k8add_s0 r8] heldout greedy SOLVED 4692/5000 = 0.938 [0.931,0.945]
  len 2: 998/1000 = 0.998 [0.993,0.999]
  len 3: 988/1000 = 0.988 [0.979,0.993]
  len 4: 959/1000 = 0.959 [0.945,0.970]
  len 5: 939/1000 = 0.939 [0.922,0.952]
  len 6: 808/1000 = 0.808 [0.782,0.831]
  written hist {2: 1009, 3: 968, 4: 923, 5: 961, 6: 753, 7: 56, 8: 20, 9: 2}
  pruned hist {2: 1010, 3: 972, 4: 921, 5: 965, 6: 754, 7: 51, 8: 17, 9: 2}
  frontier written 8 pruned 8
  reasons [('rule check failed: DN', 56), ("parse: expected line index, got 'LEANPARSE'", 47), ('rule check failed: ANDI', 43), ('rule check failed: IMPE', 37), ('rule check failed: IMPI', 28), ('final formula is not the conclusion', 26)]
[la_frozen_k8add_s0 r8] targets cumulative: solved 2703/4495 L*=11 ge={7: 2703, 8: 1292, 9: 591, 10: 107, 11: 11, 12: 0}
[la_frozen_k8add_s0 r8] transfer cumulative: solved 857/2285 L*=10 ge={7: 857, 8: 693, 9: 536, 10: 77, 11: 3, 12: 0}
=== round 8 done in 1874s; new proofs 233; cum targets solved 2703 L*=11; transfer L*=10
END 2026-09-24T21:08:48Z
