START 2026-09-24T16:53:30Z until [ -f ckpts/kh/stage1_k14_s0.pt ]; do sleep 30; done; python3 ladder_ei.py --init ckpts/kh/stage1_k14_s0.pt --name la_frozen_k14_s0 --outdir artifacts/kh --train data/kh/train_k14.jsonl --heldout data/p2/heldout.jsonl --batch 512 --seed 0 --no_train
[lean_gate] 143840 samples, parse-fail 65261, distinct checked 73627: both ok 21647, nd-only 0, lean-only 13, both rej 51967; lean 752.5s wall (8971.6s proc, 12 workers), nd_verify 4.5s
[la_frozen_k14_s0 r1] targets (this round) SOLVED 2372/4495 = 0.528 [0.513,0.542]
  len 7: 1209/1800 = 0.672 [0.650,0.693]
  len 8: 566/1000 = 0.566 [0.535,0.596]
  len 9: 460/1004 = 0.458 [0.428,0.489]
  len 10: 111/456 = 0.243 [0.206,0.285]
  len 11: 24/99 = 0.242 [0.169,0.335]
  len 12: 2/106 = 0.019 [0.005,0.066]
  len 13: 0/16 = 0.000 [0.000,0.194]
  len 14: 0/14 = 0.000 [0.000,0.215]
  written hist {7: 1273, 8: 1339, 9: 978, 10: 571, 11: 529, 12: 485, 13: 548, 14: 360, 15: 193, 16: 50, 17: 12, 18: 5}
  pruned hist {4: 1, 5: 73, 6: 550, 7: 1624, 8: 1173, 9: 668, 10: 457, 11: 421, 12: 430, 13: 454, 14: 291, 15: 147, 16: 46, 17: 4, 18: 4}
  frontier written 18 pruned 16
  reasons [("parse: expected line index, got 'LEANPARSE'", 65261), ('rule check failed: IMPE', 9637), ('rule check failed: ANDI', 8972), ('rule check failed: NEGE', 8639), ('final formula is not the conclusion', 8165), ('rule check failed: ANDE2', 4498)]
[lean_gate] 73120 samples, parse-fail 33894, distinct checked 37058: both ok 5622, nd-only 0, lean-only 0, both rej 31436; lean 206.2s wall (2416.4s proc, 12 workers), nd_verify 2.2s
[la_frozen_k14_s0 r1] transfer (this round, pass@32) SOLVED 813/2285 = 0.356 [0.336,0.376]
  len 7: 129/300 = 0.430 [0.375,0.487]
  len 8: 138/300 = 0.460 [0.404,0.517]
  len 9: 425/1010 = 0.421 [0.391,0.451]
  len 10: 96/451 = 0.213 [0.178,0.253]
  len 11: 22/99 = 0.222 [0.152,0.314]
  len 12: 3/102 = 0.029 [0.010,0.083]
  len 13: 0/13 = 0.000 [0.000,0.228]
  len 14: 0/10 = 0.000 [0.000,0.278]
  written hist {7: 123, 8: 178, 9: 524, 10: 327, 11: 169, 12: 117, 13: 176, 14: 126, 15: 100, 16: 32, 17: 2, 18: 3, 19: 1}
  pruned hist {5: 15, 6: 13, 7: 206, 8: 352, 9: 458, 10: 215, 11: 137, 12: 101, 13: 172, 14: 96, 15: 88, 16: 21, 17: 1, 18: 2, 19: 1}
  frontier written 16 pruned 16
  reasons [("parse: expected line index, got 'LEANPARSE'", 33894), ('rule check failed: IMPE', 6687), ('rule check failed: NEGE', 5739), ('rule check failed: ANDI', 5304), ('final formula is not the conclusion', 3976), ('rule check failed: ANDE2', 2828)]
[lean_gate] 2285 samples, parse-fail 983, distinct checked 1302: both ok 202, nd-only 0, lean-only 0, both rej 1100; lean 6.5s wall (22.1s proc, 12 workers), nd_verify 0.1s
[la_frozen_k14_s0 r1] transfer greedy SOLVED 202/2285 = 0.088 [0.077,0.101]
  len 7: 40/300 = 0.133 [0.099,0.176]
  len 8: 35/300 = 0.117 [0.085,0.158]
  len 9: 97/1010 = 0.096 [0.079,0.116]
  len 10: 24/451 = 0.053 [0.036,0.078]
  len 11: 6/99 = 0.061 [0.028,0.126]
  len 12: 0/102 = 0.000 [0.000,0.036]
  len 13: 0/13 = 0.000 [0.000,0.228]
  len 14: 0/10 = 0.000 [0.000,0.278]
  written hist {7: 30, 8: 21, 9: 60, 10: 28, 11: 28, 12: 12, 13: 14, 14: 8, 15: 1}
  pruned hist {5: 3, 6: 1, 7: 36, 8: 33, 9: 47, 10: 23, 11: 25, 12: 12, 13: 15, 14: 6, 15: 1}
  frontier written 14 pruned 14
  reasons [("parse: expected line index, got 'LEANPARSE'", 983), ('rule check failed: IMPE', 253), ('rule check failed: NEGE', 206), ('rule check failed: ANDI', 184), ('final formula is not the conclusion', 111), ('rule check failed: ANDE2', 100)]
[lean_gate] 5000 samples, parse-fail 311, distinct checked 4689: both ok 4435, nd-only 0, lean-only 0, both rej 254; lean 12.4s wall (142.0s proc, 12 workers), nd_verify 0.2s
[la_frozen_k14_s0 r1] heldout greedy SOLVED 4435/5000 = 0.887 [0.878,0.895]
  len 2: 992/1000 = 0.992 [0.984,0.996]
  len 3: 988/1000 = 0.988 [0.979,0.993]
  len 4: 944/1000 = 0.944 [0.928,0.957]
  len 5: 914/1000 = 0.914 [0.895,0.930]
  len 6: 597/1000 = 0.597 [0.566,0.627]
  written hist {2: 1018, 3: 962, 4: 900, 5: 898, 6: 473, 7: 39, 8: 40, 9: 30, 10: 32, 11: 31, 12: 9, 13: 2, 14: 1}
  pruned hist {2: 1018, 3: 963, 4: 904, 5: 903, 6: 465, 7: 40, 8: 40, 9: 29, 10: 31, 11: 31, 12: 8, 13: 2, 14: 1}
  frontier written 12 pruned 12
  reasons [("parse: expected line index, got 'LEANPARSE'", 311), ('rule check failed: IMPE', 60), ('rule check failed: ANDI', 55), ('rule check failed: ORI2', 21), ('rule check failed: NEGE', 21), ('rule check failed: ANDE2', 18)]
[la_frozen_k14_s0 r1] targets cumulative: solved 2372/4495 L*=11 ge={7: 2372, 8: 1163, 9: 597, 10: 137, 11: 26, 12: 2}
[la_frozen_k14_s0 r1] transfer cumulative: solved 813/2285 L*=11 ge={7: 813, 8: 684, 9: 546, 10: 121, 11: 25, 12: 3}
=== round 1 done in 2382s; new proofs 6343; cum targets solved 2372 L*=11; transfer L*=11
[lean_gate] 143840 samples, parse-fail 65313, distinct checked 73605: both ok 21719, nd-only 0, lean-only 14, both rej 51872; lean 489.7s wall (5637.1s proc, 12 workers), nd_verify 102.3s
[la_frozen_k14_s0 r2] targets (this round) SOLVED 2305/4495 = 0.513 [0.498,0.527]
  len 7: 1196/1800 = 0.664 [0.642,0.686]
  len 8: 548/1000 = 0.548 [0.517,0.579]
  len 9: 426/1004 = 0.424 [0.394,0.455]
  len 10: 113/456 = 0.248 [0.210,0.289]
  len 11: 20/99 = 0.202 [0.135,0.292]
  len 12: 2/106 = 0.019 [0.005,0.066]
  len 13: 0/16 = 0.000 [0.000,0.194]
  len 14: 0/14 = 0.000 [0.000,0.215]
  written hist {7: 1255, 8: 1305, 9: 947, 10: 587, 11: 530, 12: 486, 13: 539, 14: 376, 15: 198, 16: 58, 17: 13, 18: 6, 19: 2}
  pruned hist {4: 1, 5: 73, 6: 580, 7: 1574, 8: 1146, 9: 638, 10: 467, 11: 439, 12: 421, 13: 458, 14: 296, 15: 149, 16: 45, 17: 11, 18: 3, 19: 1}
  frontier written 18 pruned 17
  reasons [("parse: expected line index, got 'LEANPARSE'", 65313), ('rule check failed: IMPE', 9683), ('rule check failed: ANDI', 8994), ('rule check failed: NEGE', 8608), ('final formula is not the conclusion', 8195), ('rule check failed: ANDE2', 4502)]
[lean_gate] 73120 samples, parse-fail 33760, distinct checked 37181: both ok 5735, nd-only 0, lean-only 0, both rej 31446; lean 203.3s wall (2375.8s proc, 12 workers), nd_verify 2.3s
[la_frozen_k14_s0 r2] transfer (this round, pass@32) SOLVED 814/2285 = 0.356 [0.337,0.376]
  len 7: 136/300 = 0.453 [0.398,0.510]
  len 8: 132/300 = 0.440 [0.385,0.497]
  len 9: 422/1010 = 0.418 [0.388,0.448]
  len 10: 102/451 = 0.226 [0.190,0.267]
  len 11: 19/99 = 0.192 [0.126,0.280]
  len 12: 2/102 = 0.020 [0.005,0.069]
  len 13: 0/13 = 0.000 [0.000,0.228]
  len 14: 1/10 = 0.100 [0.018,0.404]
  written hist {7: 139, 8: 181, 9: 523, 10: 331, 11: 158, 12: 119, 13: 169, 14: 127, 15: 106, 16: 39, 17: 8}
  pruned hist {5: 20, 6: 22, 7: 226, 8: 340, 9: 456, 10: 212, 11: 121, 12: 103, 13: 172, 14: 96, 15: 100, 16: 26, 17: 6}
  frontier written 17 pruned 17
  reasons [("parse: expected line index, got 'LEANPARSE'", 33760), ('rule check failed: IMPE', 6783), ('rule check failed: NEGE', 5582), ('rule check failed: ANDI', 5281), ('final formula is not the conclusion', 3933), ('rule check failed: ANDE2', 2903)]
[lean_gate] 2285 samples, parse-fail 983, distinct checked 1302: both ok 202, nd-only 0, lean-only 0, both rej 1100; lean 32.0s wall (107.4s proc, 12 workers), nd_verify 1.0s
[la_frozen_k14_s0 r2] transfer greedy SOLVED 202/2285 = 0.088 [0.077,0.101]
  len 7: 40/300 = 0.133 [0.099,0.176]
  len 8: 35/300 = 0.117 [0.085,0.158]
  len 9: 97/1010 = 0.096 [0.079,0.116]
  len 10: 24/451 = 0.053 [0.036,0.078]
  len 11: 6/99 = 0.061 [0.028,0.126]
  len 12: 0/102 = 0.000 [0.000,0.036]
  len 13: 0/13 = 0.000 [0.000,0.228]
  len 14: 0/10 = 0.000 [0.000,0.278]
  written hist {7: 30, 8: 21, 9: 60, 10: 28, 11: 28, 12: 12, 13: 14, 14: 8, 15: 1}
  pruned hist {5: 3, 6: 1, 7: 36, 8: 33, 9: 47, 10: 23, 11: 25, 12: 12, 13: 15, 14: 6, 15: 1}
  frontier written 14 pruned 14
  reasons [("parse: expected line index, got 'LEANPARSE'", 983), ('rule check failed: IMPE', 253), ('rule check failed: NEGE', 206), ('rule check failed: ANDI', 184), ('final formula is not the conclusion', 111), ('rule check failed: ANDE2', 100)]
[lean_gate] 5000 samples, parse-fail 311, distinct checked 4689: both ok 4435, nd-only 0, lean-only 0, both rej 254; lean 36.3s wall (381.0s proc, 12 workers), nd_verify 4.3s
[la_frozen_k14_s0 r2] heldout greedy SOLVED 4435/5000 = 0.887 [0.878,0.895]
  len 2: 992/1000 = 0.992 [0.984,0.996]
  len 3: 988/1000 = 0.988 [0.979,0.993]
  len 4: 944/1000 = 0.944 [0.928,0.957]
  len 5: 914/1000 = 0.914 [0.895,0.930]
  len 6: 597/1000 = 0.597 [0.566,0.627]
  written hist {2: 1018, 3: 962, 4: 900, 5: 898, 6: 473, 7: 39, 8: 40, 9: 30, 10: 32, 11: 31, 12: 9, 13: 2, 14: 1}
  pruned hist {2: 1018, 3: 963, 4: 904, 5: 903, 6: 465, 7: 40, 8: 40, 9: 29, 10: 31, 11: 31, 12: 8, 13: 2, 14: 1}
  frontier written 12 pruned 12
  reasons [("parse: expected line index, got 'LEANPARSE'", 311), ('rule check failed: IMPE', 60), ('rule check failed: ANDI', 55), ('rule check failed: ORI2', 21), ('rule check failed: NEGE', 21), ('rule check failed: ANDE2', 18)]
[la_frozen_k14_s0 r2] targets cumulative: solved 2591/4495 L*=11 ge={7: 2591, 8: 1282, 9: 674, 10: 162, 11: 28, 12: 2}
[la_frozen_k14_s0 r2] transfer cumulative: solved 937/2285 L*=12 ge={7: 937, 8: 788, 9: 635, 10: 146, 11: 29, 12: 5}
=== round 2 done in 2323s; new proofs 2530; cum targets solved 2591 L*=11; transfer L*=12
[lean_gate] 143840 samples, parse-fail 65025, distinct checked 73974: both ok 21838, nd-only 0, lean-only 16, both rej 52120; lean 362.3s wall (4298.6s proc, 12 workers), nd_verify 4.5s
[la_frozen_k14_s0 r3] targets (this round) SOLVED 2334/4495 = 0.519 [0.505,0.534]
  len 7: 1209/1800 = 0.672 [0.650,0.693]
  len 8: 568/1000 = 0.568 [0.537,0.598]
  len 9: 419/1004 = 0.417 [0.387,0.448]
  len 10: 114/456 = 0.250 [0.212,0.292]
  len 11: 21/99 = 0.212 [0.143,0.303]
  len 12: 2/106 = 0.019 [0.005,0.066]
  len 13: 1/16 = 0.062 [0.011,0.283]
  len 14: 0/14 = 0.000 [0.000,0.215]
  written hist {7: 1264, 8: 1353, 9: 935, 10: 608, 11: 540, 12: 508, 13: 541, 14: 362, 15: 192, 16: 53, 17: 12, 18: 5, 19: 1}
  pruned hist {5: 88, 6: 583, 7: 1604, 8: 1177, 9: 667, 10: 464, 11: 440, 12: 427, 13: 448, 14: 281, 15: 141, 16: 43, 17: 8, 18: 2, 19: 1}
  frontier written 18 pruned 17
  reasons [("parse: expected line index, got 'LEANPARSE'", 65025), ('rule check failed: IMPE', 9671), ('rule check failed: ANDI', 9022), ('rule check failed: NEGE', 8665), ('final formula is not the conclusion', 8346), ('rule check failed: ANDE2', 4494)]
[lean_gate] 73120 samples, parse-fail 33998, distinct checked 36944: both ok 5680, nd-only 0, lean-only 0, both rej 31264; lean 183.5s wall (2145.3s proc, 12 workers), nd_verify 2.3s
[la_frozen_k14_s0 r3] transfer (this round, pass@32) SOLVED 807/2285 = 0.353 [0.334,0.373]
  len 7: 126/300 = 0.420 [0.366,0.477]
  len 8: 137/300 = 0.457 [0.401,0.513]
  len 9: 414/1010 = 0.410 [0.380,0.441]
  len 10: 107/451 = 0.237 [0.200,0.279]
  len 11: 20/99 = 0.202 [0.135,0.292]
  len 12: 3/102 = 0.029 [0.010,0.083]
  len 13: 0/13 = 0.000 [0.000,0.228]
  len 14: 0/10 = 0.000 [0.000,0.278]
  written hist {7: 130, 8: 183, 9: 538, 10: 336, 11: 165, 12: 115, 13: 164, 14: 122, 15: 97, 16: 31, 17: 6, 18: 1}
  pruned hist {5: 18, 6: 21, 7: 213, 8: 345, 9: 460, 10: 231, 11: 127, 12: 94, 13: 174, 14: 98, 15: 75, 16: 26, 17: 5, 18: 1}
  frontier written 17 pruned 17
  reasons [("parse: expected line index, got 'LEANPARSE'", 33998), ('rule check failed: IMPE', 6732), ('rule check failed: NEGE', 5525), ('rule check failed: ANDI', 5265), ('final formula is not the conclusion', 4009), ('rule check failed: ANDE2', 2944)]
[lean_gate] 2285 samples, parse-fail 983, distinct checked 1302: both ok 202, nd-only 0, lean-only 0, both rej 1100; lean 6.1s wall (20.9s proc, 12 workers), nd_verify 0.1s
[la_frozen_k14_s0 r3] transfer greedy SOLVED 202/2285 = 0.088 [0.077,0.101]
  len 7: 40/300 = 0.133 [0.099,0.176]
  len 8: 35/300 = 0.117 [0.085,0.158]
  len 9: 97/1010 = 0.096 [0.079,0.116]
  len 10: 24/451 = 0.053 [0.036,0.078]
  len 11: 6/99 = 0.061 [0.028,0.126]
  len 12: 0/102 = 0.000 [0.000,0.036]
  len 13: 0/13 = 0.000 [0.000,0.228]
  len 14: 0/10 = 0.000 [0.000,0.278]
  written hist {7: 30, 8: 21, 9: 60, 10: 28, 11: 28, 12: 12, 13: 14, 14: 8, 15: 1}
  pruned hist {5: 3, 6: 1, 7: 36, 8: 33, 9: 47, 10: 23, 11: 25, 12: 12, 13: 15, 14: 6, 15: 1}
  frontier written 14 pruned 14
  reasons [("parse: expected line index, got 'LEANPARSE'", 983), ('rule check failed: IMPE', 253), ('rule check failed: NEGE', 206), ('rule check failed: ANDI', 184), ('final formula is not the conclusion', 111), ('rule check failed: ANDE2', 100)]
[lean_gate] 5000 samples, parse-fail 311, distinct checked 4689: both ok 4435, nd-only 0, lean-only 0, both rej 254; lean 11.7s wall (131.3s proc, 12 workers), nd_verify 0.2s
[la_frozen_k14_s0 r3] heldout greedy SOLVED 4435/5000 = 0.887 [0.878,0.895]
  len 2: 992/1000 = 0.992 [0.984,0.996]
  len 3: 988/1000 = 0.988 [0.979,0.993]
  len 4: 944/1000 = 0.944 [0.928,0.957]
  len 5: 914/1000 = 0.914 [0.895,0.930]
  len 6: 597/1000 = 0.597 [0.566,0.627]
  written hist {2: 1018, 3: 962, 4: 900, 5: 898, 6: 473, 7: 39, 8: 40, 9: 30, 10: 32, 11: 31, 12: 9, 13: 2, 14: 1}
  pruned hist {2: 1018, 3: 963, 4: 904, 5: 903, 6: 465, 7: 40, 8: 40, 9: 29, 10: 31, 11: 31, 12: 8, 13: 2, 14: 1}
  frontier written 12 pruned 12
  reasons [("parse: expected line index, got 'LEANPARSE'", 311), ('rule check failed: IMPE', 60), ('rule check failed: ANDI', 55), ('rule check failed: ORI2', 21), ('rule check failed: NEGE', 21), ('rule check failed: ANDE2', 18)]
[la_frozen_k14_s0 r3] targets cumulative: solved 2729/4495 L*=11 ge={7: 2729, 8: 1360, 9: 713, 10: 178, 11: 34, 12: 4}
[la_frozen_k14_s0 r3] transfer cumulative: solved 1005/2285 L*=12 ge={7: 1005, 8: 852, 9: 688, 10: 166, 11: 31, 12: 6}
=== round 3 done in 2073s; new proofs 2015; cum targets solved 2729 L*=11; transfer L*=12
[lean_gate] 143840 samples, parse-fail 65379, distinct checked 73490: both ok 21769, nd-only 0, lean-only 18, both rej 51703; lean 341.2s wall (4050.6s proc, 12 workers), nd_verify 4.5s
[la_frozen_k14_s0 r4] targets (this round) SOLVED 2348/4495 = 0.522 [0.508,0.537]
  len 7: 1209/1800 = 0.672 [0.650,0.693]
  len 8: 568/1000 = 0.568 [0.537,0.598]
  len 9: 433/1004 = 0.431 [0.401,0.462]
  len 10: 113/456 = 0.248 [0.210,0.289]
  len 11: 24/99 = 0.242 [0.169,0.335]
  len 12: 1/106 = 0.009 [0.002,0.052]
  len 13: 0/16 = 0.000 [0.000,0.194]
  len 14: 0/14 = 0.000 [0.000,0.215]
  written hist {7: 1270, 8: 1345, 9: 952, 10: 576, 11: 528, 12: 493, 13: 540, 14: 374, 15: 188, 16: 41, 17: 11, 18: 10}
  pruned hist {4: 2, 5: 73, 6: 572, 7: 1618, 8: 1172, 9: 646, 10: 457, 11: 446, 12: 403, 13: 454, 14: 302, 15: 139, 16: 31, 17: 9, 18: 4}
  frontier written 18 pruned 17
  reasons [("parse: expected line index, got 'LEANPARSE'", 65379), ('rule check failed: IMPE', 9691), ('rule check failed: ANDI', 8925), ('rule check failed: NEGE', 8529), ('final formula is not the conclusion', 8118), ('rule check failed: ANDE2', 4553)]
[lean_gate] 73120 samples, parse-fail 33859, distinct checked 37134: both ok 5599, nd-only 0, lean-only 1, both rej 31534; lean 174.7s wall (2038.2s proc, 12 workers), nd_verify 2.2s
[la_frozen_k14_s0 r4] transfer (this round, pass@32) SOLVED 791/2285 = 0.346 [0.327,0.366]
  len 7: 125/300 = 0.417 [0.362,0.473]
  len 8: 137/300 = 0.457 [0.401,0.513]
  len 9: 409/1010 = 0.405 [0.375,0.436]
  len 10: 100/451 = 0.222 [0.186,0.262]
  len 11: 17/99 = 0.172 [0.110,0.258]
  len 12: 2/102 = 0.020 [0.005,0.069]
  len 13: 0/13 = 0.000 [0.000,0.228]
  len 14: 1/10 = 0.100 [0.018,0.404]
  written hist {7: 120, 8: 175, 9: 504, 10: 319, 11: 180, 12: 132, 13: 184, 14: 119, 15: 93, 16: 30, 17: 7, 18: 4, 19: 1}
  pruned hist {5: 16, 6: 17, 7: 210, 8: 332, 9: 443, 10: 212, 11: 132, 12: 116, 13: 180, 14: 97, 15: 82, 16: 23, 17: 5, 18: 2, 19: 1}
  frontier written 17 pruned 17
  reasons [("parse: expected line index, got 'LEANPARSE'", 33859), ('rule check failed: IMPE', 6798), ('rule check failed: NEGE', 5669), ('rule check failed: ANDI', 5264), ('final formula is not the conclusion', 3960), ('rule check failed: ANDE2', 2941)]
[lean_gate] 2285 samples, parse-fail 983, distinct checked 1302: both ok 202, nd-only 0, lean-only 0, both rej 1100; lean 6.2s wall (21.1s proc, 12 workers), nd_verify 0.1s
[la_frozen_k14_s0 r4] transfer greedy SOLVED 202/2285 = 0.088 [0.077,0.101]
  len 7: 40/300 = 0.133 [0.099,0.176]
  len 8: 35/300 = 0.117 [0.085,0.158]
  len 9: 97/1010 = 0.096 [0.079,0.116]
  len 10: 24/451 = 0.053 [0.036,0.078]
  len 11: 6/99 = 0.061 [0.028,0.126]
  len 12: 0/102 = 0.000 [0.000,0.036]
  len 13: 0/13 = 0.000 [0.000,0.228]
  len 14: 0/10 = 0.000 [0.000,0.278]
  written hist {7: 30, 8: 21, 9: 60, 10: 28, 11: 28, 12: 12, 13: 14, 14: 8, 15: 1}
  pruned hist {5: 3, 6: 1, 7: 36, 8: 33, 9: 47, 10: 23, 11: 25, 12: 12, 13: 15, 14: 6, 15: 1}
  frontier written 14 pruned 14
  reasons [("parse: expected line index, got 'LEANPARSE'", 983), ('rule check failed: IMPE', 253), ('rule check failed: NEGE', 206), ('rule check failed: ANDI', 184), ('final formula is not the conclusion', 111), ('rule check failed: ANDE2', 100)]
[lean_gate] 5000 samples, parse-fail 311, distinct checked 4689: both ok 4435, nd-only 0, lean-only 0, both rej 254; lean 11.0s wall (127.4s proc, 12 workers), nd_verify 0.2s
[la_frozen_k14_s0 r4] heldout greedy SOLVED 4435/5000 = 0.887 [0.878,0.895]
  len 2: 992/1000 = 0.992 [0.984,0.996]
  len 3: 988/1000 = 0.988 [0.979,0.993]
  len 4: 944/1000 = 0.944 [0.928,0.957]
  len 5: 914/1000 = 0.914 [0.895,0.930]
  len 6: 597/1000 = 0.597 [0.566,0.627]
  written hist {2: 1018, 3: 962, 4: 900, 5: 898, 6: 473, 7: 39, 8: 40, 9: 30, 10: 32, 11: 31, 12: 9, 13: 2, 14: 1}
  pruned hist {2: 1018, 3: 963, 4: 904, 5: 903, 6: 465, 7: 40, 8: 40, 9: 29, 10: 31, 11: 31, 12: 8, 13: 2, 14: 1}
  frontier written 12 pruned 12
  reasons [("parse: expected line index, got 'LEANPARSE'", 311), ('rule check failed: IMPE', 60), ('rule check failed: ANDI', 55), ('rule check failed: ORI2', 21), ('rule check failed: NEGE', 21), ('rule check failed: ANDE2', 18)]
[la_frozen_k14_s0 r4] targets cumulative: solved 2810/4495 L*=11 ge={7: 2810, 8: 1408, 9: 738, 10: 185, 11: 37, 12: 4}
[la_frozen_k14_s0 r4] transfer cumulative: solved 1034/2285 L*=12 ge={7: 1034, 8: 877, 9: 708, 10: 170, 11: 31, 12: 6}
=== round 4 done in 2278s; new proofs 1643; cum targets solved 2810 L*=11; transfer L*=12
[lean_gate] 143840 samples, parse-fail 65123, distinct checked 73700: both ok 21671, nd-only 0, lean-only 14, both rej 52015; lean 329.2s wall (3911.6s proc, 12 workers), nd_verify 4.5s
[la_frozen_k14_s0 r5] targets (this round) SOLVED 2366/4495 = 0.526 [0.512,0.541]
  len 7: 1209/1800 = 0.672 [0.650,0.693]
  len 8: 576/1000 = 0.576 [0.545,0.606]
  len 9: 435/1004 = 0.433 [0.403,0.464]
  len 10: 123/456 = 0.270 [0.231,0.312]
  len 11: 21/99 = 0.212 [0.143,0.303]
  len 12: 2/106 = 0.019 [0.005,0.066]
  len 13: 0/16 = 0.000 [0.000,0.194]
  len 14: 0/14 = 0.000 [0.000,0.215]
  written hist {7: 1288, 8: 1350, 9: 941, 10: 602, 11: 525, 12: 502, 13: 536, 14: 375, 15: 184, 16: 61, 17: 10, 18: 4, 19: 1}
  pruned hist {4: 2, 5: 77, 6: 576, 7: 1650, 8: 1167, 9: 639, 10: 500, 11: 411, 12: 419, 13: 452, 14: 291, 15: 136, 16: 50, 17: 5, 18: 3, 19: 1}
  frontier written 17 pruned 17
  reasons [("parse: expected line index, got 'LEANPARSE'", 65123), ('rule check failed: IMPE', 9745), ('rule check failed: ANDI', 9016), ('rule check failed: NEGE', 8587), ('final formula is not the conclusion', 8249), ('rule check failed: ANDE2', 4501)]
[lean_gate] 73120 samples, parse-fail 33978, distinct checked 36991: both ok 5608, nd-only 0, lean-only 0, both rej 31383; lean 304.4s wall (3457.4s proc, 12 workers), nd_verify 52.3s
[la_frozen_k14_s0 r5] transfer (this round, pass@32) SOLVED 829/2285 = 0.363 [0.343,0.383]
  len 7: 126/300 = 0.420 [0.366,0.477]
  len 8: 145/300 = 0.483 [0.427,0.540]
  len 9: 419/1010 = 0.415 [0.385,0.446]
  len 10: 114/451 = 0.253 [0.215,0.295]
  len 11: 20/99 = 0.202 [0.135,0.292]
  len 12: 4/102 = 0.039 [0.015,0.097]
  len 13: 0/13 = 0.000 [0.000,0.228]
  len 14: 1/10 = 0.100 [0.018,0.404]
  written hist {7: 132, 8: 190, 9: 505, 10: 320, 11: 167, 12: 127, 13: 170, 14: 137, 15: 111, 16: 29, 17: 4, 18: 1}
  pruned hist {5: 16, 6: 22, 7: 215, 8: 341, 9: 438, 10: 218, 11: 135, 12: 108, 13: 170, 14: 107, 15: 100, 16: 18, 17: 4, 18: 1}
  frontier written 16 pruned 16
  reasons [("parse: expected line index, got 'LEANPARSE'", 33978), ('rule check failed: IMPE', 6822), ('rule check failed: NEGE', 5520), ('rule check failed: ANDI', 5370), ('final formula is not the conclusion', 3949), ('rule check failed: ANDE2', 2924)]
[lean_gate] 2285 samples, parse-fail 983, distinct checked 1302: both ok 202, nd-only 0, lean-only 0, both rej 1100; lean 27.8s wall (91.6s proc, 12 workers), nd_verify 0.6s
[la_frozen_k14_s0 r5] transfer greedy SOLVED 202/2285 = 0.088 [0.077,0.101]
  len 7: 40/300 = 0.133 [0.099,0.176]
  len 8: 35/300 = 0.117 [0.085,0.158]
  len 9: 97/1010 = 0.096 [0.079,0.116]
  len 10: 24/451 = 0.053 [0.036,0.078]
  len 11: 6/99 = 0.061 [0.028,0.126]
  len 12: 0/102 = 0.000 [0.000,0.036]
  len 13: 0/13 = 0.000 [0.000,0.228]
  len 14: 0/10 = 0.000 [0.000,0.278]
  written hist {7: 30, 8: 21, 9: 60, 10: 28, 11: 28, 12: 12, 13: 14, 14: 8, 15: 1}
  pruned hist {5: 3, 6: 1, 7: 36, 8: 33, 9: 47, 10: 23, 11: 25, 12: 12, 13: 15, 14: 6, 15: 1}
  frontier written 14 pruned 14
  reasons [("parse: expected line index, got 'LEANPARSE'", 983), ('rule check failed: IMPE', 253), ('rule check failed: NEGE', 206), ('rule check failed: ANDI', 184), ('final formula is not the conclusion', 111), ('rule check failed: ANDE2', 100)]
[lean_gate] 5000 samples, parse-fail 311, distinct checked 4689: both ok 4435, nd-only 0, lean-only 0, both rej 254; lean 34.0s wall (339.6s proc, 12 workers), nd_verify 2.6s
[la_frozen_k14_s0 r5] heldout greedy SOLVED 4435/5000 = 0.887 [0.878,0.895]
  len 2: 992/1000 = 0.992 [0.984,0.996]
  len 3: 988/1000 = 0.988 [0.979,0.993]
  len 4: 944/1000 = 0.944 [0.928,0.957]
  len 5: 914/1000 = 0.914 [0.895,0.930]
  len 6: 597/1000 = 0.597 [0.566,0.627]
  written hist {2: 1018, 3: 962, 4: 900, 5: 898, 6: 473, 7: 39, 8: 40, 9: 30, 10: 32, 11: 31, 12: 9, 13: 2, 14: 1}
  pruned hist {2: 1018, 3: 963, 4: 904, 5: 903, 6: 465, 7: 40, 8: 40, 9: 29, 10: 31, 11: 31, 12: 8, 13: 2, 14: 1}
  frontier written 12 pruned 12
  reasons [("parse: expected line index, got 'LEANPARSE'", 311), ('rule check failed: IMPE', 60), ('rule check failed: ANDI', 55), ('rule check failed: ORI2', 21), ('rule check failed: NEGE', 21), ('rule check failed: ANDE2', 18)]
[la_frozen_k14_s0 r5] targets cumulative: solved 2881/4495 L*=12 ge={7: 2881, 8: 1456, 9: 767, 10: 194, 11: 38, 12: 5}
[la_frozen_k14_s0 r5] transfer cumulative: solved 1081/2285 L*=12 ge={7: 1081, 8: 919, 9: 741, 10: 183, 11: 34, 12: 7}
=== round 5 done in 2292s; new proofs 1532; cum targets solved 2881 L*=12; transfer L*=12
[lean_gate] 143840 samples, parse-fail 65260, distinct checked 73539: both ok 21611, nd-only 0, lean-only 12, both rej 51916; lean 346.2s wall (4106.8s proc, 12 workers), nd_verify 4.5s
[la_frozen_k14_s0 r6] targets (this round) SOLVED 2340/4495 = 0.521 [0.506,0.535]
  len 7: 1212/1800 = 0.673 [0.651,0.695]
  len 8: 549/1000 = 0.549 [0.518,0.580]
  len 9: 431/1004 = 0.429 [0.399,0.460]
  len 10: 123/456 = 0.270 [0.231,0.312]
  len 11: 22/99 = 0.222 [0.152,0.314]
  len 12: 2/106 = 0.019 [0.005,0.066]
  len 13: 1/16 = 0.062 [0.011,0.283]
  len 14: 0/14 = 0.000 [0.000,0.215]
  written hist {7: 1261, 8: 1265, 9: 898, 10: 611, 11: 513, 12: 495, 13: 535, 14: 345, 15: 194, 16: 55, 17: 13, 18: 4}
  pruned hist {4: 1, 5: 70, 6: 544, 7: 1552, 8: 1121, 9: 648, 10: 484, 11: 428, 12: 417, 13: 443, 14: 272, 15: 154, 16: 47, 17: 6, 18: 2}
  frontier written 17 pruned 17
  reasons [("parse: expected line index, got 'LEANPARSE'", 65260), ('rule check failed: IMPE', 9665), ('rule check failed: ANDI', 9039), ('rule check failed: NEGE', 8569), ('final formula is not the conclusion', 8298), ('rule check failed: ANDE2', 4486)]
[lean_gate] 73120 samples, parse-fail 33870, distinct checked 37109: both ok 5714, nd-only 0, lean-only 2, both rej 31393; lean 183.3s wall (2146.7s proc, 12 workers), nd_verify 2.0s
[la_frozen_k14_s0 r6] transfer (this round, pass@32) SOLVED 808/2285 = 0.354 [0.334,0.373]
  len 7: 127/300 = 0.423 [0.369,0.480]
  len 8: 138/300 = 0.460 [0.404,0.517]
  len 9: 412/1010 = 0.408 [0.378,0.439]
  len 10: 101/451 = 0.224 [0.188,0.265]
  len 11: 24/99 = 0.242 [0.169,0.335]
  len 12: 5/102 = 0.049 [0.021,0.110]
  len 13: 1/13 = 0.077 [0.014,0.333]
  len 14: 0/10 = 0.000 [0.000,0.278]
  written hist {7: 132, 8: 191, 9: 527, 10: 308, 11: 178, 12: 121, 13: 164, 14: 124, 15: 114, 16: 29, 17: 5, 18: 1, 19: 1}
  pruned hist {5: 18, 6: 15, 7: 222, 8: 354, 9: 448, 10: 214, 11: 138, 12: 103, 13: 158, 14: 101, 15: 97, 16: 23, 17: 3, 19: 1}
  frontier written 17 pruned 16
  reasons [("parse: expected line index, got 'LEANPARSE'", 33870), ('rule check failed: IMPE', 6768), ('rule check failed: NEGE', 5516), ('rule check failed: ANDI', 5300), ('final formula is not the conclusion', 3974), ('rule check failed: ANDE2', 2871)]
[lean_gate] 2285 samples, parse-fail 983, distinct checked 1302: both ok 202, nd-only 0, lean-only 0, both rej 1100; lean 5.9s wall (20.1s proc, 12 workers), nd_verify 0.2s
[la_frozen_k14_s0 r6] transfer greedy SOLVED 202/2285 = 0.088 [0.077,0.101]
  len 7: 40/300 = 0.133 [0.099,0.176]
  len 8: 35/300 = 0.117 [0.085,0.158]
  len 9: 97/1010 = 0.096 [0.079,0.116]
  len 10: 24/451 = 0.053 [0.036,0.078]
  len 11: 6/99 = 0.061 [0.028,0.126]
  len 12: 0/102 = 0.000 [0.000,0.036]
  len 13: 0/13 = 0.000 [0.000,0.228]
  len 14: 0/10 = 0.000 [0.000,0.278]
  written hist {7: 30, 8: 21, 9: 60, 10: 28, 11: 28, 12: 12, 13: 14, 14: 8, 15: 1}
  pruned hist {5: 3, 6: 1, 7: 36, 8: 33, 9: 47, 10: 23, 11: 25, 12: 12, 13: 15, 14: 6, 15: 1}
  frontier written 14 pruned 14
  reasons [("parse: expected line index, got 'LEANPARSE'", 983), ('rule check failed: IMPE', 253), ('rule check failed: NEGE', 206), ('rule check failed: ANDI', 184), ('final formula is not the conclusion', 111), ('rule check failed: ANDE2', 100)]
[lean_gate] 5000 samples, parse-fail 311, distinct checked 4689: both ok 4435, nd-only 0, lean-only 0, both rej 254; lean 11.5s wall (134.0s proc, 12 workers), nd_verify 0.2s
[la_frozen_k14_s0 r6] heldout greedy SOLVED 4435/5000 = 0.887 [0.878,0.895]
  len 2: 992/1000 = 0.992 [0.984,0.996]
  len 3: 988/1000 = 0.988 [0.979,0.993]
  len 4: 944/1000 = 0.944 [0.928,0.957]
  len 5: 914/1000 = 0.914 [0.895,0.930]
  len 6: 597/1000 = 0.597 [0.566,0.627]
  written hist {2: 1018, 3: 962, 4: 900, 5: 898, 6: 473, 7: 39, 8: 40, 9: 30, 10: 32, 11: 31, 12: 9, 13: 2, 14: 1}
  pruned hist {2: 1018, 3: 963, 4: 904, 5: 903, 6: 465, 7: 40, 8: 40, 9: 29, 10: 31, 11: 31, 12: 8, 13: 2, 14: 1}
  frontier written 12 pruned 12
  reasons [("parse: expected line index, got 'LEANPARSE'", 311), ('rule check failed: IMPE', 60), ('rule check failed: ANDI', 55), ('rule check failed: ORI2', 21), ('rule check failed: NEGE', 21), ('rule check failed: ANDE2', 18)]
[la_frozen_k14_s0 r6] targets cumulative: solved 2931/4495 L*=12 ge={7: 2931, 8: 1487, 9: 788, 10: 202, 11: 38, 12: 5}
[la_frozen_k14_s0 r6] transfer cumulative: solved 1111/2285 L*=12 ge={7: 1111, 8: 945, 9: 763, 10: 190, 11: 39, 12: 9}
=== round 6 done in 1886s; new proofs 1276; cum targets solved 2931 L*=12; transfer L*=12
[lean_gate] 143840 samples, parse-fail 65458, distinct checked 73367: both ok 21732, nd-only 0, lean-only 11, both rej 51624; lean 348.2s wall (4132.0s proc, 12 workers), nd_verify 4.5s
[la_frozen_k14_s0 r7] targets (this round) SOLVED 2337/4495 = 0.520 [0.505,0.534]
  len 7: 1208/1800 = 0.671 [0.649,0.692]
  len 8: 567/1000 = 0.567 [0.536,0.597]
  len 9: 424/1004 = 0.422 [0.392,0.453]
  len 10: 116/456 = 0.254 [0.217,0.296]
  len 11: 19/99 = 0.192 [0.126,0.280]
  len 12: 2/106 = 0.019 [0.005,0.066]
  len 13: 1/16 = 0.062 [0.011,0.283]
  len 14: 0/14 = 0.000 [0.000,0.215]
  written hist {7: 1270, 8: 1341, 9: 936, 10: 597, 11: 503, 12: 514, 13: 545, 14: 371, 15: 188, 16: 61, 17: 11, 18: 5, 20: 1}
  pruned hist {5: 78, 6: 552, 7: 1638, 8: 1167, 9: 624, 10: 490, 11: 395, 12: 421, 13: 470, 14: 304, 15: 143, 16: 49, 17: 10, 18: 1, 20: 1}
  frontier written 18 pruned 17
  reasons [("parse: expected line index, got 'LEANPARSE'", 65458), ('rule check failed: IMPE', 9573), ('rule check failed: ANDI', 8997), ('rule check failed: NEGE', 8497), ('final formula is not the conclusion', 8258), ('rule check failed: ANDE2', 4470)]
[lean_gate] 73120 samples, parse-fail 33792, distinct checked 37154: both ok 5659, nd-only 0, lean-only 0, both rej 31495; lean 187.7s wall (2205.5s proc, 12 workers), nd_verify 2.3s
[la_frozen_k14_s0 r7] transfer (this round, pass@32) SOLVED 796/2285 = 0.348 [0.329,0.368]
  len 7: 132/300 = 0.440 [0.385,0.497]
  len 8: 139/300 = 0.463 [0.408,0.520]
  len 9: 401/1010 = 0.397 [0.367,0.428]
  len 10: 102/451 = 0.226 [0.190,0.267]
  len 11: 19/99 = 0.192 [0.126,0.280]
  len 12: 3/102 = 0.029 [0.010,0.083]
  len 13: 0/13 = 0.000 [0.000,0.228]
  len 14: 0/10 = 0.000 [0.000,0.278]
  written hist {7: 135, 8: 194, 9: 522, 10: 301, 11: 178, 12: 130, 13: 177, 14: 124, 15: 93, 16: 31, 17: 5, 18: 2}
  pruned hist {5: 19, 6: 19, 7: 208, 8: 351, 9: 454, 10: 209, 11: 141, 12: 113, 13: 169, 14: 96, 15: 85, 16: 23, 17: 4, 18: 1}
  frontier written 17 pruned 16
  reasons [("parse: expected line index, got 'LEANPARSE'", 33792), ('rule check failed: IMPE', 6803), ('rule check failed: NEGE', 5568), ('rule check failed: ANDI', 5280), ('final formula is not the conclusion', 4007), ('rule check failed: ANDE2', 2868)]
[lean_gate] 2285 samples, parse-fail 983, distinct checked 1302: both ok 202, nd-only 0, lean-only 0, both rej 1100; lean 6.5s wall (22.2s proc, 12 workers), nd_verify 0.1s
[la_frozen_k14_s0 r7] transfer greedy SOLVED 202/2285 = 0.088 [0.077,0.101]
  len 7: 40/300 = 0.133 [0.099,0.176]
  len 8: 35/300 = 0.117 [0.085,0.158]
  len 9: 97/1010 = 0.096 [0.079,0.116]
  len 10: 24/451 = 0.053 [0.036,0.078]
  len 11: 6/99 = 0.061 [0.028,0.126]
  len 12: 0/102 = 0.000 [0.000,0.036]
  len 13: 0/13 = 0.000 [0.000,0.228]
  len 14: 0/10 = 0.000 [0.000,0.278]
  written hist {7: 30, 8: 21, 9: 60, 10: 28, 11: 28, 12: 12, 13: 14, 14: 8, 15: 1}
  pruned hist {5: 3, 6: 1, 7: 36, 8: 33, 9: 47, 10: 23, 11: 25, 12: 12, 13: 15, 14: 6, 15: 1}
  frontier written 14 pruned 14
  reasons [("parse: expected line index, got 'LEANPARSE'", 983), ('rule check failed: IMPE', 253), ('rule check failed: NEGE', 206), ('rule check failed: ANDI', 184), ('final formula is not the conclusion', 111), ('rule check failed: ANDE2', 100)]
[lean_gate] 5000 samples, parse-fail 311, distinct checked 4689: both ok 4435, nd-only 0, lean-only 0, both rej 254; lean 13.4s wall (154.9s proc, 12 workers), nd_verify 0.2s
[la_frozen_k14_s0 r7] heldout greedy SOLVED 4435/5000 = 0.887 [0.878,0.895]
  len 2: 992/1000 = 0.992 [0.984,0.996]
  len 3: 988/1000 = 0.988 [0.979,0.993]
  len 4: 944/1000 = 0.944 [0.928,0.957]
  len 5: 914/1000 = 0.914 [0.895,0.930]
  len 6: 597/1000 = 0.597 [0.566,0.627]
  written hist {2: 1018, 3: 962, 4: 900, 5: 898, 6: 473, 7: 39, 8: 40, 9: 30, 10: 32, 11: 31, 12: 9, 13: 2, 14: 1}
  pruned hist {2: 1018, 3: 963, 4: 904, 5: 903, 6: 465, 7: 40, 8: 40, 9: 29, 10: 31, 11: 31, 12: 8, 13: 2, 14: 1}
  frontier written 12 pruned 12
  reasons [("parse: expected line index, got 'LEANPARSE'", 311), ('rule check failed: IMPE', 60), ('rule check failed: ANDI', 55), ('rule check failed: ORI2', 21), ('rule check failed: NEGE', 21), ('rule check failed: ANDE2', 18)]
[la_frozen_k14_s0 r7] targets cumulative: solved 2980/4495 L*=12 ge={7: 2980, 8: 1517, 9: 806, 10: 209, 11: 40, 12: 6}
[la_frozen_k14_s0 r7] transfer cumulative: solved 1127/2285 L*=12 ge={7: 1127, 8: 957, 9: 774, 10: 194, 11: 40, 12: 9}
=== round 7 done in 2143s; new proofs 1288; cum targets solved 2980 L*=12; transfer L*=12
[lean_gate] 143840 samples, parse-fail 65293, distinct checked 73536: both ok 21635, nd-only 0, lean-only 16, both rej 51885; lean 440.5s wall (5244.3s proc, 12 workers), nd_verify 4.5s
[la_frozen_k14_s0 r8] targets (this round) SOLVED 2338/4495 = 0.520 [0.506,0.535]
  len 7: 1214/1800 = 0.674 [0.652,0.696]
  len 8: 562/1000 = 0.562 [0.531,0.592]
  len 9: 424/1004 = 0.422 [0.392,0.453]
  len 10: 115/456 = 0.252 [0.215,0.294]
  len 11: 21/99 = 0.212 [0.143,0.303]
  len 12: 2/106 = 0.019 [0.005,0.066]
  len 13: 0/16 = 0.000 [0.000,0.194]
  len 14: 0/14 = 0.000 [0.000,0.215]
  written hist {7: 1276, 8: 1369, 9: 911, 10: 588, 11: 518, 12: 487, 13: 498, 14: 355, 15: 168, 16: 51, 17: 20, 18: 5, 19: 1}
  pruned hist {5: 82, 6: 578, 7: 1618, 8: 1158, 9: 627, 10: 476, 11: 407, 12: 414, 13: 422, 14: 289, 15: 124, 16: 37, 17: 12, 18: 2, 19: 1}
  frontier written 18 pruned 17
  reasons [("parse: expected line index, got 'LEANPARSE'", 65293), ('rule check failed: IMPE', 9785), ('rule check failed: ANDI', 8905), ('rule check failed: NEGE', 8550), ('final formula is not the conclusion', 8311), ('rule check failed: ANDE2', 4627)]
[lean_gate] 73120 samples, parse-fail 33866, distinct checked 37126: both ok 5734, nd-only 0, lean-only 0, both rej 31392; lean 119.0s wall (1390.6s proc, 12 workers), nd_verify 2.4s
[la_frozen_k14_s0 r8] transfer (this round, pass@32) SOLVED 816/2285 = 0.357 [0.338,0.377]
  len 7: 128/300 = 0.427 [0.372,0.483]
  len 8: 140/300 = 0.467 [0.411,0.523]
  len 9: 415/1010 = 0.411 [0.381,0.442]
  len 10: 110/451 = 0.244 [0.207,0.286]
  len 11: 19/99 = 0.192 [0.126,0.280]
  len 12: 4/102 = 0.039 [0.015,0.097]
  len 13: 0/13 = 0.000 [0.000,0.228]
  len 14: 0/10 = 0.000 [0.000,0.278]
  written hist {7: 126, 8: 188, 9: 530, 10: 301, 11: 177, 12: 122, 13: 177, 14: 135, 15: 101, 16: 31, 17: 6, 18: 2}
  pruned hist {5: 23, 6: 20, 7: 213, 8: 327, 9: 457, 10: 214, 11: 140, 12: 103, 13: 170, 14: 110, 15: 91, 16: 22, 17: 5, 18: 1}
  frontier written 17 pruned 17
  reasons [("parse: expected line index, got 'LEANPARSE'", 33866), ('rule check failed: IMPE', 6670), ('rule check failed: NEGE', 5641), ('rule check failed: ANDI', 5261), ('final formula is not the conclusion', 3921), ('rule check failed: ANDE2', 2872)]
[lean_gate] 2285 samples, parse-fail 983, distinct checked 1302: both ok 202, nd-only 0, lean-only 0, both rej 1100; lean 4.1s wall (14.1s proc, 12 workers), nd_verify 0.1s
[la_frozen_k14_s0 r8] transfer greedy SOLVED 202/2285 = 0.088 [0.077,0.101]
  len 7: 40/300 = 0.133 [0.099,0.176]
  len 8: 35/300 = 0.117 [0.085,0.158]
  len 9: 97/1010 = 0.096 [0.079,0.116]
  len 10: 24/451 = 0.053 [0.036,0.078]
  len 11: 6/99 = 0.061 [0.028,0.126]
  len 12: 0/102 = 0.000 [0.000,0.036]
  len 13: 0/13 = 0.000 [0.000,0.228]
  len 14: 0/10 = 0.000 [0.000,0.278]
  written hist {7: 30, 8: 21, 9: 60, 10: 28, 11: 28, 12: 12, 13: 14, 14: 8, 15: 1}
  pruned hist {5: 3, 6: 1, 7: 36, 8: 33, 9: 47, 10: 23, 11: 25, 12: 12, 13: 15, 14: 6, 15: 1}
  frontier written 14 pruned 14
  reasons [("parse: expected line index, got 'LEANPARSE'", 983), ('rule check failed: IMPE', 253), ('rule check failed: NEGE', 206), ('rule check failed: ANDI', 184), ('final formula is not the conclusion', 111), ('rule check failed: ANDE2', 100)]
[lean_gate] 5000 samples, parse-fail 311, distinct checked 4689: both ok 4435, nd-only 0, lean-only 0, both rej 254; lean 7.7s wall (88.6s proc, 12 workers), nd_verify 0.2s
[la_frozen_k14_s0 r8] heldout greedy SOLVED 4435/5000 = 0.887 [0.878,0.895]
  len 2: 992/1000 = 0.992 [0.984,0.996]
  len 3: 988/1000 = 0.988 [0.979,0.993]
  len 4: 944/1000 = 0.944 [0.928,0.957]
  len 5: 914/1000 = 0.914 [0.895,0.930]
  len 6: 597/1000 = 0.597 [0.566,0.627]
  written hist {2: 1018, 3: 962, 4: 900, 5: 898, 6: 473, 7: 39, 8: 40, 9: 30, 10: 32, 11: 31, 12: 9, 13: 2, 14: 1}
  pruned hist {2: 1018, 3: 963, 4: 904, 5: 903, 6: 465, 7: 40, 8: 40, 9: 29, 10: 31, 11: 31, 12: 8, 13: 2, 14: 1}
  frontier written 12 pruned 12
  reasons [("parse: expected line index, got 'LEANPARSE'", 311), ('rule check failed: IMPE', 60), ('rule check failed: ANDI', 55), ('rule check failed: ORI2', 21), ('rule check failed: NEGE', 21), ('rule check failed: ANDE2', 18)]
[la_frozen_k14_s0 r8] targets cumulative: solved 3011/4495 L*=12 ge={7: 3011, 8: 1539, 9: 823, 10: 212, 11: 41, 12: 6}
[la_frozen_k14_s0 r8] transfer cumulative: solved 1140/2285 L*=12 ge={7: 1140, 8: 969, 9: 786, 10: 198, 11: 40, 12: 9}
=== round 8 done in 2057s; new proofs 1162; cum targets solved 3011 L*=12; transfer L*=12
END 2026-09-24T21:44:07Z
