START 2026-09-24T16:46:35Z until [ -f ckpts/kh/stage1_k8add_s0.pt ]; do sleep 30; done; python3 ladder_ei.py --init ckpts/kh/stage1_k8add_s0.pt --name la_T1_k8add_s0 --outdir artifacts/kh --train data/kh/train_k8add.jsonl --heldout data/p2/heldout.jsonl --batch 512 --seed 0
[lean_gate] 143840 samples, parse-fail 50036, distinct checked 85223: both ok 22623, nd-only 0, lean-only 8, both rej 62592; lean 498.7s wall (5841.8s proc, 12 workers), nd_verify 49.1s
[la_T1_k8add_s0 r1] targets (this round) SOLVED 2124/4495 = 0.473 [0.458,0.487]
  len 7: 1215/1800 = 0.675 [0.653,0.696]
  len 8: 527/1000 = 0.527 [0.496,0.558]
  len 9: 321/1004 = 0.320 [0.292,0.349]
  len 10: 55/456 = 0.121 [0.094,0.154]
  len 11: 6/99 = 0.061 [0.028,0.126]
  len 12: 0/106 = 0.000 [0.000,0.035]
  len 13: 0/16 = 0.000 [0.000,0.194]
  len 14: 0/14 = 0.000 [0.000,0.215]
  written hist {7: 1416, 8: 1199, 9: 734, 10: 254, 11: 67, 12: 14, 13: 13}
  pruned hist {5: 60, 6: 406, 7: 1467, 8: 1020, 9: 483, 10: 194, 11: 46, 12: 9, 13: 12}
  frontier written 13 pruned 13
  reasons [("parse: expected line index, got 'LEANPARSE'", 50036), ('rule check failed: IMPE', 12630), ('rule check failed: ANDI', 11121), ('rule check failed: DN', 9774), ('rule check failed: NEGE', 7930), ('final formula is not the conclusion', 6489)]
[lean_gate] 73120 samples, parse-fail 27450, distinct checked 42016: both ok 4082, nd-only 0, lean-only 0, both rej 37934; lean 186.2s wall (2089.0s proc, 12 workers), nd_verify 41.6s
[la_T1_k8add_s0 r1] transfer (this round, pass@32) SOLVED 584/2285 = 0.256 [0.238,0.274]
  len 7: 128/300 = 0.427 [0.372,0.483]
  len 8: 121/300 = 0.403 [0.349,0.460]
  len 9: 292/1010 = 0.289 [0.262,0.318]
  len 10: 42/451 = 0.093 [0.070,0.123]
  len 11: 1/99 = 0.010 [0.002,0.055]
  len 12: 0/102 = 0.000 [0.000,0.036]
  len 13: 0/13 = 0.000 [0.000,0.228]
  len 14: 0/10 = 0.000 [0.000,0.278]
  written hist {7: 144, 8: 158, 9: 423, 10: 139, 11: 16, 12: 6, 13: 1, 14: 1}
  pruned hist {5: 9, 6: 17, 7: 177, 8: 242, 9: 337, 10: 86, 11: 13, 12: 5, 13: 1, 14: 1}
  frontier written 12 pruned 12
  reasons [("parse: expected line index, got 'LEANPARSE'", 27450), ('rule check failed: IMPE', 9375), ('rule check failed: ANDI', 6893), ('rule check failed: NEGE', 4752), ('rule check failed: DN', 4366), ('final formula is not the conclusion', 3711)]
[lean_gate] 2285 samples, parse-fail 755, distinct checked 1530: both ok 166, nd-only 0, lean-only 0, both rej 1364; lean 10.4s wall (41.2s proc, 12 workers), nd_verify 0.1s
[la_T1_k8add_s0 r1] transfer greedy SOLVED 166/2285 = 0.073 [0.063,0.084]
  len 7: 46/300 = 0.153 [0.117,0.198]
  len 8: 45/300 = 0.150 [0.114,0.195]
  len 9: 70/1010 = 0.069 [0.055,0.087]
  len 10: 5/451 = 0.011 [0.005,0.026]
  len 11: 0/99 = 0.000 [0.000,0.037]
  len 12: 0/102 = 0.000 [0.000,0.036]
  len 13: 0/13 = 0.000 [0.000,0.228]
  len 14: 0/10 = 0.000 [0.000,0.278]
  written hist {7: 42, 8: 46, 9: 69, 10: 8, 11: 1}
  pruned hist {5: 1, 6: 5, 7: 40, 8: 60, 9: 53, 10: 6, 11: 1}
  frontier written 10 pruned 10
  reasons [("parse: expected line index, got 'LEANPARSE'", 755), ('rule check failed: IMPE', 328), ('rule check failed: ANDI', 249), ('rule check failed: NEGE', 143), ('rule check failed: DN', 134), ('rule check failed: ANDE2', 109)]
[lean_gate] 5000 samples, parse-fail 47, distinct checked 4953: both ok 4692, nd-only 0, lean-only 1, both rej 260; lean 13.1s wall (148.2s proc, 12 workers), nd_verify 0.2s
[la_T1_k8add_s0 r1] heldout greedy SOLVED 4692/5000 = 0.938 [0.931,0.945]
  len 2: 998/1000 = 0.998 [0.993,0.999]
  len 3: 988/1000 = 0.988 [0.979,0.993]
  len 4: 959/1000 = 0.959 [0.945,0.970]
  len 5: 939/1000 = 0.939 [0.922,0.952]
  len 6: 808/1000 = 0.808 [0.782,0.831]
  written hist {2: 1009, 3: 968, 4: 923, 5: 961, 6: 753, 7: 56, 8: 20, 9: 2}
  pruned hist {2: 1010, 3: 972, 4: 921, 5: 965, 6: 754, 7: 51, 8: 17, 9: 2}
  frontier written 8 pruned 8
  reasons [('rule check failed: DN', 56), ("parse: expected line index, got 'LEANPARSE'", 47), ('rule check failed: ANDI', 43), ('rule check failed: IMPE', 37), ('rule check failed: IMPI', 28), ('final formula is not the conclusion', 26)]
[la_T1_k8add_s0 r1] targets cumulative: solved 2124/4495 L*=11 ge={7: 2124, 8: 909, 9: 382, 10: 61, 11: 6, 12: 0}
[la_T1_k8add_s0 r1] transfer cumulative: solved 584/2285 L*=10 ge={7: 584, 8: 456, 9: 335, 10: 43, 11: 1, 12: 0}
python3 train.py --data artifacts/kh/la_T1_k8add_s0/mix_1.jsonl --init ckpts/kh/stage1_k8add_s0.pt --steps 600 --lr 0.0003 --min_lr 2.9999999999999997e-05 --warmup 50 --cap 0 --out ckpts/ladder/la_T1_k8add_s0_r1.pt --seed 1 --log_every 200
params 3214336 mode lean_seq shift True
train records 34272 max len 426
step 200 loss 0.0454 lr 2.53e-04 27s
step 400 loss 0.0431 lr 1.09e-04 48s
step 600 loss 0.0406 lr 3.00e-05 68s
saved ckpts/ladder/la_T1_k8add_s0_r1.pt
=== round 1 done in 1846s; new proofs 3697; cum targets solved 2124 L*=11; transfer L*=10
[lean_gate] 143840 samples, parse-fail 13548, distinct checked 113057: both ok 64566, nd-only 0, lean-only 1, both rej 48490; lean 518.5s wall (6178.8s proc, 12 workers), nd_verify 6.6s
[la_T1_k8add_s0 r2] targets (this round) SOLVED 3038/4495 = 0.676 [0.662,0.689]
  len 7: 1519/1800 = 0.844 [0.826,0.860]
  len 8: 791/1000 = 0.791 [0.765,0.815]
  len 9: 595/1004 = 0.593 [0.562,0.623]
  len 10: 112/456 = 0.246 [0.208,0.287]
  len 11: 21/99 = 0.212 [0.143,0.303]
  len 12: 0/106 = 0.000 [0.000,0.035]
  len 13: 0/16 = 0.000 [0.000,0.194]
  len 14: 0/14 = 0.000 [0.000,0.215]
  written hist {7: 1810, 8: 2006, 9: 1723, 10: 652, 11: 211, 12: 49, 13: 25, 14: 2}
  pruned hist {5: 80, 6: 536, 7: 2156, 8: 1767, 9: 1296, 10: 457, 11: 133, 12: 29, 13: 23, 14: 1}
  frontier written 13 pruned 13
  reasons [("parse: expected line index, got 'LEANPARSE'", 13548), ('rule check failed: IMPE', 10713), ('rule check failed: ANDI', 9664), ('rule check failed: NEGE', 6633), ('rule check failed: DN', 6174), ('rule check failed: ORI2', 4286)]
[lean_gate] 73120 samples, parse-fail 12140, distinct checked 54321: both ok 15303, nd-only 0, lean-only 1, both rej 39017; lean 251.9s wall (2985.7s proc, 12 workers), nd_verify 3.2s
[la_T1_k8add_s0 r2] transfer (this round, pass@32) SOLVED 985/2285 = 0.431 [0.411,0.451]
  len 7: 158/300 = 0.527 [0.470,0.582]
  len 8: 160/300 = 0.533 [0.477,0.589]
  len 9: 556/1010 = 0.550 [0.520,0.581]
  len 10: 97/451 = 0.215 [0.180,0.255]
  len 11: 14/99 = 0.141 [0.086,0.223]
  len 12: 0/102 = 0.000 [0.000,0.036]
  len 13: 0/13 = 0.000 [0.000,0.228]
  len 14: 0/10 = 0.000 [0.000,0.278]
  written hist {7: 176, 8: 256, 9: 1043, 10: 436, 11: 69, 12: 20, 13: 5, 14: 1, 15: 2}
  pruned hist {5: 11, 6: 22, 7: 263, 8: 452, 9: 927, 10: 274, 11: 42, 12: 12, 13: 4, 15: 1}
  frontier written 13 pruned 12
  reasons [("parse: expected line index, got 'LEANPARSE'", 12140), ('rule check failed: IMPE', 9853), ('rule check failed: ANDI', 9175), ('rule check failed: NEGE', 4894), ('rule check failed: DN', 3909), ('rule check failed: ORI2', 3294)]
[lean_gate] 2285 samples, parse-fail 315, distinct checked 1970: both ok 599, nd-only 0, lean-only 0, both rej 1371; lean 6.8s wall (33.1s proc, 12 workers), nd_verify 0.2s
[la_T1_k8add_s0 r2] transfer greedy SOLVED 599/2285 = 0.262 [0.245,0.281]
  len 7: 118/300 = 0.393 [0.340,0.450]
  len 8: 120/300 = 0.400 [0.346,0.456]
  len 9: 312/1010 = 0.309 [0.281,0.338]
  len 10: 49/451 = 0.109 [0.083,0.141]
  len 11: 0/99 = 0.000 [0.000,0.037]
  len 12: 0/102 = 0.000 [0.000,0.036]
  len 13: 0/13 = 0.000 [0.000,0.228]
  len 14: 0/10 = 0.000 [0.000,0.278]
  written hist {7: 106, 8: 115, 9: 290, 10: 76, 11: 10, 12: 1, 13: 1}
  pruned hist {5: 1, 6: 7, 7: 123, 8: 159, 9: 244, 10: 57, 11: 6, 12: 1, 13: 1}
  frontier written 11 pruned 11
  reasons [('rule check failed: IMPE', 317), ("parse: expected line index, got 'LEANPARSE'", 315), ('rule check failed: ANDI', 314), ('rule check failed: NEGE', 166), ('rule check failed: ORI2', 121), ('rule check failed: DN', 115)]
[lean_gate] 5000 samples, parse-fail 24, distinct checked 4976: both ok 4806, nd-only 0, lean-only 1, both rej 169; lean 13.3s wall (150.1s proc, 12 workers), nd_verify 0.2s
[la_T1_k8add_s0 r2] heldout greedy SOLVED 4806/5000 = 0.961 [0.955,0.966]
  len 2: 998/1000 = 0.998 [0.993,0.999]
  len 3: 988/1000 = 0.988 [0.979,0.993]
  len 4: 960/1000 = 0.960 [0.946,0.970]
  len 5: 945/1000 = 0.945 [0.929,0.958]
  len 6: 915/1000 = 0.915 [0.896,0.931]
  written hist {2: 1019, 3: 956, 4: 941, 5: 967, 6: 849, 7: 53, 8: 21}
  pruned hist {2: 1019, 3: 959, 4: 945, 5: 969, 6: 849, 7: 47, 8: 18}
  frontier written 8 pruned 8
  reasons [('rule check failed: ANDI', 41), ('rule check failed: IMPE', 35), ("parse: expected line index, got 'LEANPARSE'", 24), ('final formula is not the conclusion', 16), ('rule check failed: NEGE', 13), ('rule check failed: DN', 12)]
[la_T1_k8add_s0 r2] targets cumulative: solved 3038/4495 L*=11 ge={7: 3038, 8: 1519, 9: 728, 10: 133, 11: 21, 12: 0}
[la_T1_k8add_s0 r2] transfer cumulative: solved 1025/2285 L*=11 ge={7: 1025, 8: 866, 9: 697, 10: 116, 11: 15, 12: 0}
python3 train.py --data artifacts/kh/la_T1_k8add_s0/mix_2.jsonl --init ckpts/ladder/la_T1_k8add_s0_r1.pt --steps 600 --lr 0.0003 --min_lr 2.9999999999999997e-05 --warmup 50 --cap 0 --out ckpts/ladder/la_T1_k8add_s0_r2.pt --seed 2 --log_every 200
params 3214336 mode lean_seq shift True
train records 44316 max len 439
step 200 loss 0.0398 lr 2.53e-04 22s
step 400 loss 0.0367 lr 1.09e-04 44s
step 600 loss 0.0383 lr 3.00e-05 66s
saved ckpts/ladder/la_T1_k8add_s0_r2.pt
=== round 2 done in 2005s; new proofs 2905; cum targets solved 3038 L*=11; transfer L*=11
[lean_gate] 143840 samples, parse-fail 11636, distinct checked 115420: both ok 76422, nd-only 0, lean-only 2, both rej 38996; lean 510.8s wall (6095.1s proc, 12 workers), nd_verify 6.7s
[la_T1_k8add_s0 r3] targets (this round) SOLVED 3254/4495 = 0.724 [0.711,0.737]
  len 7: 1577/1800 = 0.876 [0.860,0.891]
  len 8: 842/1000 = 0.842 [0.818,0.863]
  len 9: 663/1004 = 0.660 [0.631,0.689]
  len 10: 143/456 = 0.314 [0.273,0.358]
  len 11: 28/99 = 0.283 [0.204,0.378]
  len 12: 1/106 = 0.009 [0.002,0.052]
  len 13: 0/16 = 0.000 [0.000,0.194]
  len 14: 0/14 = 0.000 [0.000,0.215]
  written hist {7: 1905, 8: 2472, 9: 2275, 10: 1026, 11: 352, 12: 92, 13: 30, 14: 5}
  pruned hist {5: 108, 6: 626, 7: 2478, 8: 2205, 9: 1757, 10: 686, 11: 212, 12: 58, 13: 24, 14: 3}
  frontier written 14 pruned 13
  reasons [("parse: expected line index, got 'LEANPARSE'", 11636), ('rule check failed: IMPE', 9186), ('rule check failed: ANDI', 8115), ('rule check failed: NEGE', 5663), ('rule check failed: DN', 4408), ('rule check failed: ORI2', 3716)]
[lean_gate] 73120 samples, parse-fail 11227, distinct checked 55380: both ok 19351, nd-only 0, lean-only 0, both rej 36029; lean 253.2s wall (2993.0s proc, 12 workers), nd_verify 3.3s
[la_T1_k8add_s0 r3] transfer (this round, pass@32) SOLVED 1135/2285 = 0.497 [0.476,0.517]
  len 7: 168/300 = 0.560 [0.503,0.615]
  len 8: 180/300 = 0.600 [0.544,0.654]
  len 9: 641/1010 = 0.635 [0.604,0.664]
  len 10: 120/451 = 0.266 [0.227,0.309]
  len 11: 22/99 = 0.222 [0.152,0.314]
  len 12: 4/102 = 0.039 [0.015,0.097]
  len 13: 0/13 = 0.000 [0.000,0.228]
  len 14: 0/10 = 0.000 [0.000,0.278]
  written hist {7: 194, 8: 301, 9: 1353, 10: 662, 11: 151, 12: 47, 13: 14, 14: 1, 15: 2}
  pruned hist {5: 10, 6: 22, 7: 307, 8: 583, 9: 1240, 10: 424, 11: 103, 12: 23, 13: 12, 15: 1}
  frontier written 13 pruned 13
  reasons [("parse: expected line index, got 'LEANPARSE'", 11227), ('rule check failed: IMPE', 9481), ('rule check failed: ANDI', 8918), ('rule check failed: NEGE', 4710), ('rule check failed: DN', 3445), ('rule check failed: ORI2', 2836)]
[lean_gate] 2285 samples, parse-fail 290, distinct checked 1995: both ok 753, nd-only 0, lean-only 0, both rej 1242; lean 9.0s wall (44.3s proc, 12 workers), nd_verify 0.1s
[la_T1_k8add_s0 r3] transfer greedy SOLVED 753/2285 = 0.330 [0.311,0.349]
  len 7: 129/300 = 0.430 [0.375,0.487]
  len 8: 140/300 = 0.467 [0.411,0.523]
  len 9: 413/1010 = 0.409 [0.379,0.440]
  len 10: 62/451 = 0.137 [0.109,0.172]
  len 11: 7/99 = 0.071 [0.035,0.139]
  len 12: 2/102 = 0.020 [0.005,0.069]
  len 13: 0/13 = 0.000 [0.000,0.228]
  len 14: 0/10 = 0.000 [0.000,0.278]
  written hist {7: 114, 8: 129, 9: 378, 10: 105, 11: 17, 12: 9, 13: 1}
  pruned hist {5: 1, 6: 6, 7: 135, 8: 189, 9: 328, 10: 78, 11: 12, 12: 3, 13: 1}
  frontier written 12 pruned 11
  reasons [('rule check failed: ANDI', 304), ('rule check failed: IMPE', 301), ("parse: expected line index, got 'LEANPARSE'", 290), ('rule check failed: NEGE', 152), ('rule check failed: DN', 108), ('rule check failed: ORI2', 89)]
[lean_gate] 5000 samples, parse-fail 26, distinct checked 4974: both ok 4806, nd-only 0, lean-only 1, both rej 167; lean 11.5s wall (127.5s proc, 12 workers), nd_verify 0.3s
[la_T1_k8add_s0 r3] heldout greedy SOLVED 4806/5000 = 0.961 [0.955,0.966]
  len 2: 999/1000 = 0.999 [0.994,1.000]
  len 3: 989/1000 = 0.989 [0.980,0.994]
  len 4: 957/1000 = 0.957 [0.943,0.968]
  len 5: 942/1000 = 0.942 [0.926,0.955]
  len 6: 919/1000 = 0.919 [0.900,0.934]
  written hist {2: 1020, 3: 959, 4: 907, 5: 961, 6: 862, 7: 67, 8: 27, 9: 2, 10: 1}
  pruned hist {2: 1024, 3: 958, 4: 912, 5: 965, 6: 862, 7: 57, 8: 25, 9: 2, 10: 1}
  frontier written 8 pruned 8
  reasons [('rule check failed: ANDI', 38), ('rule check failed: IMPE', 32), ("parse: expected line index, got 'LEANPARSE'", 26), ('final formula is not the conclusion', 16), ('rule check failed: DN', 15), ('rule check failed: ORI2', 14)]
[la_T1_k8add_s0 r3] targets cumulative: solved 3254/4495 L*=11 ge={7: 3254, 8: 1677, 9: 835, 10: 172, 11: 29, 12: 1}
[la_T1_k8add_s0 r3] transfer cumulative: solved 1188/2285 L*=11 ge={7: 1188, 8: 1015, 9: 827, 10: 150, 11: 27, 12: 4}
python3 train.py --data artifacts/kh/la_T1_k8add_s0/mix_3.jsonl --init ckpts/ladder/la_T1_k8add_s0_r2.pt --steps 600 --lr 0.0003 --min_lr 2.9999999999999997e-05 --warmup 50 --cap 0 --out ckpts/ladder/la_T1_k8add_s0_r3.pt --seed 3 --log_every 200
params 3214336 mode lean_seq shift True
train records 49688 max len 444
step 200 loss 0.0421 lr 2.53e-04 24s
step 400 loss 0.0368 lr 1.09e-04 48s
step 600 loss 0.0374 lr 3.00e-05 72s
saved ckpts/ladder/la_T1_k8add_s0_r3.pt
=== round 3 done in 2139s; new proofs 1950; cum targets solved 3254 L*=11; transfer L*=11
[lean_gate] 143840 samples, parse-fail 10662, distinct checked 117098: both ok 82920, nd-only 0, lean-only 1, both rej 34177; lean 609.6s wall (7259.3s proc, 12 workers), nd_verify 7.1s
[la_T1_k8add_s0 r4] targets (this round) SOLVED 3389/4495 = 0.754 [0.741,0.766]
  len 7: 1616/1800 = 0.898 [0.883,0.911]
  len 8: 865/1000 = 0.865 [0.842,0.885]
  len 9: 715/1004 = 0.712 [0.683,0.739]
  len 10: 161/456 = 0.353 [0.311,0.398]
  len 11: 31/99 = 0.313 [0.230,0.410]
  len 12: 1/106 = 0.009 [0.002,0.052]
  len 13: 0/16 = 0.000 [0.000,0.194]
  len 14: 0/14 = 0.000 [0.000,0.215]
  written hist {7: 2007, 8: 2913, 9: 2840, 10: 1386, 11: 511, 12: 132, 13: 49, 14: 6}
  pruned hist {5: 130, 6: 740, 7: 2843, 8: 2629, 9: 2219, 10: 881, 11: 285, 12: 78, 13: 35, 14: 4}
  frontier written 14 pruned 13
  reasons [("parse: expected line index, got 'LEANPARSE'", 10662), ('rule check failed: IMPE', 8253), ('rule check failed: ANDI', 6793), ('rule check failed: NEGE', 5054), ('rule check failed: DN', 2902), ('rule check failed: ORI2', 2881)]
[lean_gate] 73120 samples, parse-fail 10604, distinct checked 56175: both ok 21476, nd-only 0, lean-only 3, both rej 34696; lean 279.4s wall (3326.7s proc, 12 workers), nd_verify 3.6s
[la_T1_k8add_s0 r4] transfer (this round, pass@32) SOLVED 1219/2285 = 0.533 [0.513,0.554]
  len 7: 180/300 = 0.600 [0.544,0.654]
  len 8: 186/300 = 0.620 [0.564,0.673]
  len 9: 685/1010 = 0.678 [0.649,0.706]
  len 10: 134/451 = 0.297 [0.257,0.341]
  len 11: 28/99 = 0.283 [0.204,0.378]
  len 12: 6/102 = 0.059 [0.027,0.122]
  len 13: 0/13 = 0.000 [0.000,0.228]
  len 14: 0/10 = 0.000 [0.000,0.278]
  written hist {7: 206, 8: 314, 9: 1552, 10: 829, 11: 225, 12: 69, 13: 26, 14: 3, 15: 1}
  pruned hist {5: 10, 6: 28, 7: 335, 8: 666, 9: 1454, 10: 524, 11: 147, 12: 41, 13: 18, 14: 2}
  frontier written 13 pruned 13
  reasons [("parse: expected line index, got 'LEANPARSE'", 10604), ('rule check failed: IMPE', 8733), ('rule check failed: ANDI', 8109), ('rule check failed: NEGE', 4442), ('rule check failed: DN', 2764), ('rule check failed: ORI2', 2634)]
[lean_gate] 2285 samples, parse-fail 248, distinct checked 2037: both ok 839, nd-only 0, lean-only 0, both rej 1198; lean 8.5s wall (43.1s proc, 12 workers), nd_verify 0.1s
[la_T1_k8add_s0 r4] transfer greedy SOLVED 839/2285 = 0.367 [0.348,0.387]
  len 7: 147/300 = 0.490 [0.434,0.546]
  len 8: 149/300 = 0.497 [0.440,0.553]
  len 9: 462/1010 = 0.457 [0.427,0.488]
  len 10: 72/451 = 0.160 [0.129,0.196]
  len 11: 8/99 = 0.081 [0.042,0.151]
  len 12: 1/102 = 0.010 [0.002,0.053]
  len 13: 0/13 = 0.000 [0.000,0.228]
  len 14: 0/10 = 0.000 [0.000,0.278]
  written hist {7: 133, 8: 133, 9: 410, 10: 131, 11: 20, 12: 10, 13: 2}
  pruned hist {5: 2, 6: 8, 7: 152, 8: 205, 9: 366, 10: 84, 11: 14, 12: 6, 13: 2}
  frontier written 12 pruned 12
  reasons [('rule check failed: ANDI', 286), ('rule check failed: IMPE', 277), ("parse: expected line index, got 'LEANPARSE'", 248), ('rule check failed: NEGE', 139), ('rule check failed: ORI2', 91), ('rule check failed: IMPI', 82)]
[lean_gate] 5000 samples, parse-fail 27, distinct checked 4973: both ok 4793, nd-only 0, lean-only 1, both rej 179; lean 13.3s wall (147.3s proc, 12 workers), nd_verify 0.3s
[la_T1_k8add_s0 r4] heldout greedy SOLVED 4793/5000 = 0.959 [0.953,0.964]
  len 2: 997/1000 = 0.997 [0.991,0.999]
  len 3: 988/1000 = 0.988 [0.979,0.993]
  len 4: 944/1000 = 0.944 [0.928,0.957]
  len 5: 940/1000 = 0.940 [0.924,0.953]
  len 6: 924/1000 = 0.924 [0.906,0.939]
  written hist {2: 1020, 3: 964, 4: 903, 5: 968, 6: 845, 7: 55, 8: 33, 9: 3, 10: 2}
  pruned hist {2: 1021, 3: 968, 4: 903, 5: 971, 6: 848, 7: 44, 8: 33, 9: 3, 10: 2}
  frontier written 8 pruned 8
  reasons [('rule check failed: ANDI', 49), ('rule check failed: IMPE', 41), ("parse: expected line index, got 'LEANPARSE'", 27), ('rule check failed: ORI2', 14), ('rule check failed: ORI1', 13), ('rule check failed: NEGE', 12)]
[la_T1_k8add_s0 r4] targets cumulative: solved 3390/4495 L*=11 ge={7: 3390, 8: 1774, 9: 909, 10: 193, 11: 32, 12: 1}
[la_T1_k8add_s0 r4] transfer cumulative: solved 1275/2285 L*=12 ge={7: 1275, 8: 1093, 9: 897, 10: 177, 11: 37, 12: 6}
python3 train.py --data artifacts/kh/la_T1_k8add_s0/mix_4.jsonl --init ckpts/ladder/la_T1_k8add_s0_r3.pt --steps 600 --lr 0.0003 --min_lr 2.9999999999999997e-05 --warmup 50 --cap 0 --out ckpts/ladder/la_T1_k8add_s0_r4.pt --seed 4 --log_every 200
params 3214336 mode lean_seq shift True
train records 54104 max len 472
step 200 loss 0.0380 lr 2.53e-04 25s
step 400 loss 0.0387 lr 1.09e-04 51s
step 600 loss 0.0341 lr 3.00e-05 77s
saved ckpts/ladder/la_T1_k8add_s0_r4.pt
=== round 4 done in 2482s; new proofs 1959; cum targets solved 3390 L*=11; transfer L*=12
[lean_gate] 143840 samples, parse-fail 10316, distinct checked 118564: both ok 87311, nd-only 0, lean-only 1, both rej 31252; lean 536.4s wall (6390.4s proc, 12 workers), nd_verify 7.4s
[la_T1_k8add_s0 r5] targets (this round) SOLVED 3456/4495 = 0.769 [0.756,0.781]
  len 7: 1628/1800 = 0.904 [0.890,0.917]
  len 8: 874/1000 = 0.874 [0.852,0.893]
  len 9: 746/1004 = 0.743 [0.715,0.769]
  len 10: 172/456 = 0.377 [0.334,0.423]
  len 11: 34/99 = 0.343 [0.257,0.441]
  len 12: 2/106 = 0.019 [0.005,0.066]
  len 13: 0/16 = 0.000 [0.000,0.194]
  len 14: 0/14 = 0.000 [0.000,0.215]
  written hist {7: 2021, 8: 3337, 9: 3401, 10: 1798, 11: 716, 12: 196, 13: 65, 14: 14}
  pruned hist {5: 149, 6: 816, 7: 3183, 8: 3122, 9: 2657, 10: 1072, 11: 374, 12: 123, 13: 42, 14: 10}
  frontier written 14 pruned 14
  reasons [("parse: expected line index, got 'LEANPARSE'", 10316), ('rule check failed: IMPE', 7355), ('rule check failed: ANDI', 5852), ('rule check failed: NEGE', 4738), ('rule check failed: DN', 2809), ('rule check failed: R', 2514)]
[lean_gate] 73120 samples, parse-fail 10509, distinct checked 56679: both ok 22429, nd-only 0, lean-only 6, both rej 34244; lean 476.8s wall (5686.0s proc, 12 workers), nd_verify 3.5s
[la_T1_k8add_s0 r5] transfer (this round, pass@32) SOLVED 1253/2285 = 0.548 [0.528,0.569]
  len 7: 185/300 = 0.617 [0.561,0.670]
  len 8: 189/300 = 0.630 [0.574,0.683]
  len 9: 700/1010 = 0.693 [0.664,0.721]
  len 10: 143/451 = 0.317 [0.276,0.361]
  len 11: 30/99 = 0.303 [0.221,0.400]
  len 12: 6/102 = 0.059 [0.027,0.122]
  len 13: 0/13 = 0.000 [0.000,0.228]
  len 14: 0/10 = 0.000 [0.000,0.278]
  written hist {7: 210, 8: 347, 9: 1691, 10: 1066, 11: 304, 12: 92, 13: 38, 14: 5, 15: 1}
  pruned hist {5: 9, 6: 28, 7: 353, 8: 786, 9: 1662, 10: 659, 11: 174, 12: 57, 13: 23, 14: 3}
  frontier written 14 pruned 13
  reasons [("parse: expected line index, got 'LEANPARSE'", 10509), ('rule check failed: IMPE', 8356), ('rule check failed: ANDI', 7659), ('rule check failed: NEGE', 4338), ('rule check failed: DN', 3019), ('final formula is not the conclusion', 2395)]
[lean_gate] 2285 samples, parse-fail 266, distinct checked 2019: both ok 856, nd-only 0, lean-only 0, both rej 1163; lean 8.2s wall (41.5s proc, 12 workers), nd_verify 0.1s
[la_T1_k8add_s0 r5] transfer greedy SOLVED 856/2285 = 0.375 [0.355,0.395]
  len 7: 153/300 = 0.510 [0.454,0.566]
  len 8: 148/300 = 0.493 [0.437,0.550]
  len 9: 473/1010 = 0.468 [0.438,0.499]
  len 10: 74/451 = 0.164 [0.133,0.201]
  len 11: 7/99 = 0.071 [0.035,0.139]
  len 12: 1/102 = 0.010 [0.002,0.053]
  len 13: 0/13 = 0.000 [0.000,0.228]
  len 14: 0/10 = 0.000 [0.000,0.278]
  written hist {7: 137, 8: 119, 9: 413, 10: 152, 11: 22, 12: 11, 13: 2}
  pruned hist {5: 2, 6: 8, 7: 157, 8: 196, 9: 358, 10: 108, 11: 18, 12: 7, 13: 2}
  frontier written 12 pruned 12
  reasons [('rule check failed: IMPE', 269), ("parse: expected line index, got 'LEANPARSE'", 266), ('rule check failed: ANDI', 265), ('rule check failed: NEGE', 126), ('rule check failed: DN', 87), ('rule check failed: ORI2', 77)]
[lean_gate] 5000 samples, parse-fail 25, distinct checked 4975: both ok 4809, nd-only 0, lean-only 1, both rej 165; lean 14.4s wall (163.8s proc, 12 workers), nd_verify 0.3s
[la_T1_k8add_s0 r5] heldout greedy SOLVED 4809/5000 = 0.962 [0.956,0.967]
  len 2: 997/1000 = 0.997 [0.991,0.999]
  len 3: 986/1000 = 0.986 [0.977,0.992]
  len 4: 956/1000 = 0.956 [0.941,0.967]
  len 5: 945/1000 = 0.945 [0.929,0.958]
  len 6: 925/1000 = 0.925 [0.907,0.940]
  written hist {2: 1014, 3: 959, 4: 907, 5: 963, 6: 862, 7: 64, 8: 33, 9: 6, 10: 1}
  pruned hist {2: 1016, 3: 961, 4: 915, 5: 968, 6: 861, 7: 53, 8: 31, 9: 4}
  frontier written 9 pruned 8
  reasons [('rule check failed: ANDI', 40), ('rule check failed: IMPE', 34), ("parse: expected line index, got 'LEANPARSE'", 25), ('rule check failed: DN', 16), ('rule check failed: NEGE', 14), ('rule check failed: ORI1', 11)]
[la_T1_k8add_s0 r5] targets cumulative: solved 3456/4495 L*=11 ge={7: 3456, 8: 1828, 9: 954, 10: 208, 11: 36, 12: 2}
[la_T1_k8add_s0 r5] transfer cumulative: solved 1334/2285 L*=12 ge={7: 1334, 8: 1145, 9: 945, 10: 199, 11: 43, 12: 7}
python3 train.py --data artifacts/kh/la_T1_k8add_s0/mix_5.jsonl --init ckpts/ladder/la_T1_k8add_s0_r4.pt --steps 600 --lr 0.0003 --min_lr 2.9999999999999997e-05 --warmup 50 --cap 0 --out ckpts/ladder/la_T1_k8add_s0_r5.pt --seed 5 --log_every 200
params 3214336 mode lean_seq shift True
train records 58036 max len 472
step 200 loss 0.0388 lr 2.53e-04 28s
step 400 loss 0.0385 lr 1.09e-04 56s
step 600 loss 0.0378 lr 3.00e-05 81s
saved ckpts/ladder/la_T1_k8add_s0_r5.pt
=== round 5 done in 2544s; new proofs 2178; cum targets solved 3456 L*=11; transfer L*=12
[lean_gate] 143840 samples, parse-fail 10701, distinct checked 119278: both ok 90533, nd-only 0, lean-only 3, both rej 28742; lean 434.8s wall (5185.8s proc, 12 workers), nd_verify 7.4s
[la_T1_k8add_s0 r6] targets (this round) SOLVED 3523/4495 = 0.784 [0.771,0.796]
  len 7: 1646/1800 = 0.914 [0.901,0.926]
  len 8: 887/1000 = 0.887 [0.866,0.905]
  len 9: 768/1004 = 0.765 [0.738,0.790]
  len 10: 185/456 = 0.406 [0.362,0.451]
  len 11: 35/99 = 0.354 [0.266,0.452]
  len 12: 2/106 = 0.019 [0.005,0.066]
  len 13: 0/16 = 0.000 [0.000,0.194]
  len 14: 0/14 = 0.000 [0.000,0.215]
  written hist {7: 2027, 8: 3803, 9: 3916, 10: 2259, 11: 913, 12: 272, 13: 85, 14: 21, 15: 2, 16: 1}
  pruned hist {5: 172, 6: 901, 7: 3571, 8: 3593, 9: 3071, 10: 1290, 11: 469, 12: 165, 13: 52, 14: 14, 16: 1}
  frontier written 14 pruned 14
  reasons [("parse: expected line index, got 'LEANPARSE'", 10701), ('rule check failed: IMPE', 6776), ('rule check failed: ANDI', 5499), ('rule check failed: NEGE', 4354), ('rule check failed: DN', 2755), ('rule check failed: R', 2383)]
[lean_gate] 73120 samples, parse-fail 11203, distinct checked 56137: both ok 23446, nd-only 0, lean-only 4, both rej 32687; lean 218.4s wall (2584.0s proc, 12 workers), nd_verify 3.8s
[la_T1_k8add_s0 r6] transfer (this round, pass@32) SOLVED 1290/2285 = 0.565 [0.544,0.585]
  len 7: 182/300 = 0.607 [0.550,0.660]
  len 8: 199/300 = 0.663 [0.608,0.714]
  len 9: 721/1010 = 0.714 [0.685,0.741]
  len 10: 151/451 = 0.335 [0.293,0.380]
  len 11: 30/99 = 0.303 [0.221,0.400]
  len 12: 7/102 = 0.069 [0.034,0.135]
  len 13: 0/13 = 0.000 [0.000,0.228]
  len 14: 0/10 = 0.000 [0.000,0.278]
  written hist {7: 209, 8: 391, 9: 1798, 10: 1206, 11: 351, 12: 133, 13: 55, 14: 5, 15: 4, 16: 1}
  pruned hist {5: 11, 6: 33, 7: 393, 8: 856, 9: 1831, 10: 699, 11: 222, 12: 65, 13: 36, 14: 4, 15: 2, 16: 1}
  frontier written 14 pruned 13
  reasons [("parse: expected line index, got 'LEANPARSE'", 11203), ('rule check failed: IMPE', 8107), ('rule check failed: ANDI', 7539), ('rule check failed: NEGE', 3914), ('rule check failed: DN', 3149), ('rule check failed: R', 2166)]
[lean_gate] 2285 samples, parse-fail 283, distinct checked 2002: both ok 903, nd-only 0, lean-only 0, both rej 1099; lean 6.8s wall (33.4s proc, 12 workers), nd_verify 0.1s
[la_T1_k8add_s0 r6] transfer greedy SOLVED 903/2285 = 0.395 [0.375,0.415]
  len 7: 151/300 = 0.503 [0.447,0.560]
  len 8: 146/300 = 0.487 [0.431,0.543]
  len 9: 504/1010 = 0.499 [0.468,0.530]
  len 10: 90/451 = 0.200 [0.165,0.239]
  len 11: 10/99 = 0.101 [0.056,0.176]
  len 12: 2/102 = 0.020 [0.005,0.069]
  len 13: 0/13 = 0.000 [0.000,0.228]
  len 14: 0/10 = 0.000 [0.000,0.278]
  written hist {7: 132, 8: 119, 9: 441, 10: 161, 11: 32, 12: 15, 13: 3}
  pruned hist {5: 1, 6: 8, 7: 155, 8: 198, 9: 396, 10: 112, 11: 24, 12: 7, 13: 2}
  frontier written 12 pruned 12
  reasons [("parse: expected line index, got 'LEANPARSE'", 283), ('rule check failed: IMPE', 257), ('rule check failed: ANDI', 253), ('rule check failed: NEGE', 115), ('rule check failed: DN', 94), ('rule check failed: ORI2', 75)]
[lean_gate] 5000 samples, parse-fail 30, distinct checked 4970: both ok 4810, nd-only 0, lean-only 1, both rej 159; lean 10.6s wall (115.7s proc, 12 workers), nd_verify 0.3s
[la_T1_k8add_s0 r6] heldout greedy SOLVED 4810/5000 = 0.962 [0.956,0.967]
  len 2: 997/1000 = 0.997 [0.991,0.999]
  len 3: 987/1000 = 0.987 [0.978,0.992]
  len 4: 953/1000 = 0.953 [0.938,0.964]
  len 5: 937/1000 = 0.937 [0.920,0.950]
  len 6: 936/1000 = 0.936 [0.919,0.950]
  written hist {2: 1014, 3: 961, 4: 917, 5: 935, 6: 878, 7: 65, 8: 35, 9: 5}
  pruned hist {2: 1018, 3: 963, 4: 923, 5: 942, 6: 883, 7: 46, 8: 32, 9: 3}
  frontier written 9 pruned 8
  reasons [('rule check failed: ANDI', 37), ("parse: expected line index, got 'LEANPARSE'", 30), ('rule check failed: IMPE', 28), ('rule check failed: ORI1', 14), ('rule check failed: DN', 12), ('rule check failed: R', 10)]
[la_T1_k8add_s0 r6] targets cumulative: solved 3523/4495 L*=11 ge={7: 3523, 8: 1877, 9: 990, 10: 222, 11: 37, 12: 2}
[la_T1_k8add_s0 r6] transfer cumulative: solved 1384/2285 L*=12 ge={7: 1384, 8: 1192, 9: 983, 10: 211, 11: 45, 12: 8}
python3 train.py --data artifacts/kh/la_T1_k8add_s0/mix_6.jsonl --init ckpts/ladder/la_T1_k8add_s0_r5.pt --steps 600 --lr 0.0003 --min_lr 2.9999999999999997e-05 --warmup 50 --cap 0 --out ckpts/ladder/la_T1_k8add_s0_r6.pt --seed 6 --log_every 200
params 3214336 mode lean_seq shift True
train records 61296 max len 476
step 200 loss 0.0381 lr 2.53e-04 23s
step 400 loss 0.0402 lr 1.09e-04 45s
step 600 loss 0.0346 lr 3.00e-05 68s
saved ckpts/ladder/la_T1_k8add_s0_r6.pt
=== round 6 done in 2060s; new proofs 2339; cum targets solved 3523 L*=11; transfer L*=12
[lean_gate] 143840 samples, parse-fail 10855, distinct checked 119775: both ok 93269, nd-only 0, lean-only 0, both rej 26506; lean 535.7s wall (6382.5s proc, 12 workers), nd_verify 7.5s
[la_T1_k8add_s0 r7] targets (this round) SOLVED 3578/4495 = 0.796 [0.784,0.808]
  len 7: 1654/1800 = 0.919 [0.905,0.931]
  len 8: 898/1000 = 0.898 [0.878,0.915]
  len 9: 789/1004 = 0.786 [0.759,0.810]
  len 10: 195/456 = 0.428 [0.383,0.473]
  len 11: 39/99 = 0.394 [0.303,0.492]
  len 12: 3/106 = 0.028 [0.010,0.080]
  len 13: 0/16 = 0.000 [0.000,0.194]
  len 14: 0/14 = 0.000 [0.000,0.215]
  written hist {7: 2051, 8: 4182, 9: 4330, 10: 2528, 11: 1076, 12: 324, 13: 113, 14: 29, 15: 3}
  pruned hist {5: 183, 6: 988, 7: 3895, 8: 3998, 9: 3328, 10: 1420, 11: 543, 12: 194, 13: 70, 14: 17}
  frontier written 14 pruned 14
  reasons [("parse: expected line index, got 'LEANPARSE'", 10855), ('rule check failed: IMPE', 7184), ('rule check failed: ANDI', 5227), ('rule check failed: NEGE', 3459), ('rule check failed: R', 2252), ('rule check failed: DN', 2195)]
[lean_gate] 73120 samples, parse-fail 11766, distinct checked 55771: both ok 24419, nd-only 0, lean-only 4, both rej 31348; lean 191.7s wall (2260.4s proc, 12 workers), nd_verify 3.7s
[la_T1_k8add_s0 r7] transfer (this round, pass@32) SOLVED 1300/2285 = 0.569 [0.549,0.589]
  len 7: 186/300 = 0.620 [0.564,0.673]
  len 8: 202/300 = 0.673 [0.618,0.724]
  len 9: 727/1010 = 0.720 [0.691,0.747]
  len 10: 153/451 = 0.339 [0.297,0.384]
  len 11: 27/99 = 0.273 [0.195,0.368]
  len 12: 5/102 = 0.049 [0.021,0.110]
  len 13: 0/13 = 0.000 [0.000,0.228]
  len 14: 0/10 = 0.000 [0.000,0.278]
  written hist {7: 218, 8: 414, 9: 1828, 10: 1383, 11: 400, 12: 131, 13: 49, 14: 12, 15: 3, 16: 2, 17: 1}
  pruned hist {5: 10, 6: 35, 7: 443, 8: 914, 9: 1934, 10: 778, 11: 220, 12: 71, 13: 27, 14: 7, 15: 1, 16: 1}
  frontier written 14 pruned 14
  reasons [("parse: expected line index, got 'LEANPARSE'", 11766), ('rule check failed: IMPE', 8202), ('rule check failed: ANDI', 7402), ('rule check failed: NEGE', 3493), ('rule check failed: DN', 2557), ('rule check failed: R', 2336)]
[lean_gate] 2285 samples, parse-fail 279, distinct checked 2006: both ok 926, nd-only 0, lean-only 0, both rej 1080; lean 25.0s wall (127.4s proc, 12 workers), nd_verify 1.7s
[la_T1_k8add_s0 r7] transfer greedy SOLVED 926/2285 = 0.405 [0.385,0.426]
  len 7: 152/300 = 0.507 [0.450,0.563]
  len 8: 151/300 = 0.503 [0.447,0.560]
  len 9: 518/1010 = 0.513 [0.482,0.544]
  len 10: 86/451 = 0.191 [0.157,0.229]
  len 11: 16/99 = 0.162 [0.102,0.247]
  len 12: 3/102 = 0.029 [0.010,0.083]
  len 13: 0/13 = 0.000 [0.000,0.228]
  len 14: 0/10 = 0.000 [0.000,0.278]
  written hist {7: 133, 8: 126, 9: 447, 10: 165, 11: 35, 12: 16, 13: 3, 15: 1}
  pruned hist {5: 2, 6: 10, 7: 163, 8: 201, 9: 406, 10: 106, 11: 28, 12: 7, 13: 3}
  frontier written 12 pruned 12
  reasons [('rule check failed: IMPE', 280), ("parse: expected line index, got 'LEANPARSE'", 279), ('rule check failed: ANDI', 265), ('rule check failed: NEGE', 108), ('rule check failed: DN', 71), ('rule check failed: ORI2', 68)]
[lean_gate] 5000 samples, parse-fail 31, distinct checked 4969: both ok 4805, nd-only 0, lean-only 2, both rej 162; lean 24.1s wall (242.6s proc, 12 workers), nd_verify 3.3s
[la_T1_k8add_s0 r7] heldout greedy SOLVED 4805/5000 = 0.961 [0.955,0.966]
  len 2: 997/1000 = 0.997 [0.991,0.999]
  len 3: 991/1000 = 0.991 [0.983,0.995]
  len 4: 953/1000 = 0.953 [0.938,0.964]
  len 5: 940/1000 = 0.940 [0.924,0.953]
  len 6: 924/1000 = 0.924 [0.906,0.939]
  written hist {2: 1019, 3: 965, 4: 906, 5: 970, 6: 845, 7: 69, 8: 26, 9: 5}
  pruned hist {2: 1021, 3: 968, 4: 912, 5: 970, 6: 858, 7: 48, 8: 27, 9: 1}
  frontier written 9 pruned 8
  reasons [('rule check failed: ANDI', 43), ("parse: expected line index, got 'LEANPARSE'", 31), ('rule check failed: IMPE', 30), ('rule check failed: DN', 14), ('rule check failed: NEGE', 14), ('rule check failed: ORI2', 10)]
[la_T1_k8add_s0 r7] targets cumulative: solved 3579/4495 L*=11 ge={7: 3579, 8: 1925, 9: 1026, 10: 237, 11: 42, 12: 3}
[la_T1_k8add_s0 r7] transfer cumulative: solved 1400/2285 L*=12 ge={7: 1400, 8: 1205, 9: 990, 10: 214, 11: 45, 12: 8}
python3 train.py --data artifacts/kh/la_T1_k8add_s0/mix_7.jsonl --init ckpts/ladder/la_T1_k8add_s0_r6.pt --steps 600 --lr 0.0003 --min_lr 2.9999999999999997e-05 --warmup 50 --cap 0 --out ckpts/ladder/la_T1_k8add_s0_r7.pt --seed 7 --log_every 200
params 3214336 mode lean_seq shift True
train records 63784 max len 486
step 200 loss 0.0406 lr 2.53e-04 23s
step 400 loss 0.0384 lr 1.09e-04 45s
step 600 loss 0.0348 lr 3.00e-05 69s
saved ckpts/ladder/la_T1_k8add_s0_r7.pt
=== round 7 done in 2256s; new proofs 2286; cum targets solved 3579 L*=11; transfer L*=12
[lean_gate] 143840 samples, parse-fail 8866, distinct checked 122148: both ok 95707, nd-only 0, lean-only 0, both rej 26441; lean 371.4s wall (4425.0s proc, 12 workers), nd_verify 8.9s
[la_T1_k8add_s0 r8] targets (this round) SOLVED 3625/4495 = 0.806 [0.795,0.818]
  len 7: 1658/1800 = 0.921 [0.908,0.933]
  len 8: 914/1000 = 0.914 [0.895,0.930]
  len 9: 809/1004 = 0.806 [0.780,0.829]
  len 10: 198/456 = 0.434 [0.389,0.480]
  len 11: 41/99 = 0.414 [0.322,0.513]
  len 12: 4/106 = 0.038 [0.015,0.093]
  len 13: 1/16 = 0.062 [0.011,0.283]
  len 14: 0/14 = 0.000 [0.000,0.215]
  written hist {7: 2084, 8: 4508, 9: 4696, 10: 2846, 11: 1259, 12: 407, 13: 131, 14: 26, 15: 5}
  pruned hist {5: 195, 6: 1055, 7: 4224, 8: 4301, 9: 3615, 10: 1606, 11: 629, 12: 250, 13: 70, 14: 15, 15: 2}
  frontier written 15 pruned 14
  reasons [("parse: expected line index, got 'LEANPARSE'", 8866), ('rule check failed: IMPE', 7045), ('rule check failed: ANDI', 4586), ('rule check failed: NEGE', 3712), ('rule check failed: R', 2491), ('rule check failed: DN', 1980)]
[lean_gate] 73120 samples, parse-fail 10077, distinct checked 57291: both ok 25001, nd-only 0, lean-only 1, both rej 32289; lean 189.7s wall (2238.8s proc, 12 workers), nd_verify 4.0s
[la_T1_k8add_s0 r8] transfer (this round, pass@32) SOLVED 1317/2285 = 0.576 [0.556,0.596]
  len 7: 193/300 = 0.643 [0.588,0.695]
  len 8: 210/300 = 0.700 [0.646,0.749]
  len 9: 730/1010 = 0.723 [0.694,0.749]
  len 10: 147/451 = 0.326 [0.284,0.371]
  len 11: 30/99 = 0.303 [0.221,0.400]
  len 12: 6/102 = 0.059 [0.027,0.122]
  len 13: 1/13 = 0.077 [0.014,0.333]
  len 14: 0/10 = 0.000 [0.000,0.278]
  written hist {7: 221, 8: 453, 9: 1869, 10: 1402, 11: 443, 12: 145, 13: 51, 14: 8, 15: 3, 16: 1}
  pruned hist {5: 15, 6: 37, 7: 464, 8: 951, 9: 1971, 10: 802, 11: 245, 12: 73, 13: 32, 14: 6}
  frontier written 14 pruned 14
  reasons [("parse: expected line index, got 'LEANPARSE'", 10077), ('rule check failed: IMPE', 8463), ('rule check failed: ANDI', 7134), ('rule check failed: NEGE', 4027), ('rule check failed: R', 2732), ('rule check failed: DN', 2444)]
[lean_gate] 2285 samples, parse-fail 251, distinct checked 2034: both ok 940, nd-only 0, lean-only 0, both rej 1094; lean 6.1s wall (29.7s proc, 12 workers), nd_verify 0.2s
[la_T1_k8add_s0 r8] transfer greedy SOLVED 940/2285 = 0.411 [0.391,0.432]
  len 7: 156/300 = 0.520 [0.464,0.576]
  len 8: 150/300 = 0.500 [0.444,0.556]
  len 9: 533/1010 = 0.528 [0.497,0.558]
  len 10: 85/451 = 0.188 [0.155,0.227]
  len 11: 13/99 = 0.131 [0.078,0.212]
  len 12: 3/102 = 0.029 [0.010,0.083]
  len 13: 0/13 = 0.000 [0.000,0.228]
  len 14: 0/10 = 0.000 [0.000,0.278]
  written hist {7: 131, 8: 129, 9: 479, 10: 150, 11: 36, 12: 13, 13: 2}
  pruned hist {5: 1, 6: 9, 7: 161, 8: 205, 9: 436, 10: 95, 11: 25, 12: 6, 13: 2}
  frontier written 12 pruned 12
  reasons [('rule check failed: IMPE', 282), ("parse: expected line index, got 'LEANPARSE'", 251), ('rule check failed: ANDI', 235), ('rule check failed: NEGE', 121), ('rule check failed: R', 91), ('rule check failed: DN', 68)]
[lean_gate] 5000 samples, parse-fail 22, distinct checked 4978: both ok 4822, nd-only 0, lean-only 1, both rej 155; lean 9.6s wall (103.9s proc, 12 workers), nd_verify 0.2s
[la_T1_k8add_s0 r8] heldout greedy SOLVED 4822/5000 = 0.964 [0.959,0.969]
  len 2: 998/1000 = 0.998 [0.993,0.999]
  len 3: 988/1000 = 0.988 [0.979,0.993]
  len 4: 957/1000 = 0.957 [0.943,0.968]
  len 5: 946/1000 = 0.946 [0.930,0.958]
  len 6: 933/1000 = 0.933 [0.916,0.947]
  written hist {2: 1022, 3: 973, 4: 905, 5: 950, 6: 863, 7: 72, 8: 30, 9: 5, 10: 1, 11: 1}
  pruned hist {2: 1023, 3: 976, 4: 908, 5: 962, 6: 874, 7: 46, 8: 30, 9: 2, 11: 1}
  frontier written 9 pruned 8
  reasons [('rule check failed: IMPE', 44), ('rule check failed: ANDI', 35), ("parse: expected line index, got 'LEANPARSE'", 22), ('rule check failed: NEGE', 14), ('rule check failed: ORI2', 12), ('rule check failed: DN', 10)]
[la_T1_k8add_s0 r8] targets cumulative: solved 3626/4495 L*=12 ge={7: 3626, 8: 1968, 9: 1053, 10: 244, 11: 46, 12: 5}
[la_T1_k8add_s0 r8] transfer cumulative: solved 1428/2285 L*=12 ge={7: 1428, 8: 1229, 9: 1003, 10: 220, 11: 48, 12: 9}
python3 train.py --data artifacts/kh/la_T1_k8add_s0/mix_8.jsonl --init ckpts/ladder/la_T1_k8add_s0_r7.pt --steps 600 --lr 0.0003 --min_lr 2.9999999999999997e-05 --warmup 50 --cap 0 --out ckpts/ladder/la_T1_k8add_s0_r8.pt --seed 8 --log_every 200
params 3214336 mode lean_seq shift True
train records 65824 max len 486
step 200 loss 0.0391 lr 2.53e-04 21s
step 400 loss 0.0373 lr 1.09e-04 43s
step 600 loss 0.0356 lr 3.00e-05 65s
saved ckpts/ladder/la_T1_k8add_s0_r8.pt
=== round 8 done in 1552s; new proofs 2291; cum targets solved 3626 L*=12; transfer L*=12
END 2026-09-24T21:28:05Z
