START 2026-09-24T16:33:54Z python3 train.py --data data/kh/train_k14.jsonl --heldout data/p2/heldout.jsonl --mode lean_seq --steps 6000 --bs 128 --out ckpts/kh/stage1_k14_s0.pt --cap 14 --seed 0
params 3214336 mode lean_seq shift True
train records 155000 max len 802
step 200 loss 0.8554 lr 1.00e-03 33s val 0.8743
step 400 loss 0.2957 lr 9.97e-04 66s val 0.1958
step 600 loss 0.1830 lr 9.89e-04 100s val 0.1178
step 800 loss 0.1701 lr 9.76e-04 133s val 0.1133
step 1000 loss 0.1388 lr 9.58e-04 167s val 0.1063
step 1200 loss 0.1294 lr 9.36e-04 201s val 0.0940
step 1400 loss 0.1098 lr 9.08e-04 235s val 0.0918
step 1600 loss 0.0980 lr 8.77e-04 268s val 0.0875
step 1800 loss 0.0967 lr 8.41e-04 302s val 0.0873
step 2000 loss 0.0969 lr 8.03e-04 336s val 0.0846
step 2200 loss 0.0909 lr 7.61e-04 369s val 0.0897
step 2400 loss 0.0787 lr 7.17e-04 403s val 0.0835
step 2600 loss 0.0783 lr 6.70e-04 437s val 0.0812
step 2800 loss 0.0734 lr 6.23e-04 470s val 0.0800
step 3000 loss 0.0677 lr 5.74e-04 504s val 0.0805
step 3200 loss 0.0660 lr 5.26e-04 537s val 0.0794
step 3400 loss 0.0674 lr 4.77e-04 571s val 0.0801
step 3600 loss 0.0659 lr 4.30e-04 604s val 0.0780
step 3800 loss 0.0586 lr 3.83e-04 638s val 0.0786
step 4000 loss 0.0608 lr 3.39e-04 671s val 0.0786
step 4200 loss 0.0621 lr 2.97e-04 705s val 0.0769
step 4400 loss 0.0592 lr 2.59e-04 739s val 0.0769
step 4600 loss 0.0533 lr 2.23e-04 772s val 0.0770
step 4800 loss 0.0563 lr 1.92e-04 806s val 0.0772
step 5000 loss 0.0560 lr 1.64e-04 840s val 0.0769
step 5200 loss 0.0554 lr 1.42e-04 874s val 0.0769
step 5400 loss 0.0580 lr 1.24e-04 907s val 0.0757
step 5600 loss 0.0544 lr 1.11e-04 941s val 0.0760
step 5800 loss 0.0544 lr 1.03e-04 975s val 0.0764
step 6000 loss 0.0518 lr 1.00e-04 1008s val 0.0753
saved ckpts/kh/stage1_k14_s0.pt
END 2026-09-24T16:51:28Z
