START 2026-09-24T16:33:45Z python3 train.py --data data/kh/train_k10.jsonl --heldout data/p2/heldout.jsonl --mode lean_seq --steps 6000 --bs 128 --out ckpts/kh/stage1_k10_s1.pt --cap 10 --seed 1
params 3214336 mode lean_seq shift True
train records 155000 max len 500
step 200 loss 0.9606 lr 1.00e-03 28s val 0.9306
step 400 loss 0.2796 lr 9.97e-04 55s val 0.1937
step 600 loss 0.1798 lr 9.89e-04 84s val 0.1169
step 800 loss 0.1421 lr 9.76e-04 112s val 0.1038
step 1000 loss 0.1323 lr 9.58e-04 140s val 0.0994
step 1200 loss 0.1074 lr 9.36e-04 168s val 0.0954
step 1400 loss 0.0933 lr 9.08e-04 195s val 0.0872
step 1600 loss 0.0899 lr 8.77e-04 224s val 0.0849
step 1800 loss 0.0890 lr 8.41e-04 251s val 0.0846
step 2000 loss 0.0812 lr 8.03e-04 279s val 0.0830
step 2200 loss 0.0778 lr 7.61e-04 307s val 0.0808
step 2400 loss 0.0726 lr 7.17e-04 335s val 0.0787
step 2600 loss 0.0588 lr 6.70e-04 363s val 0.0783
step 2800 loss 0.0625 lr 6.23e-04 391s val 0.0787
step 3000 loss 0.0622 lr 5.74e-04 419s val 0.0777
step 3200 loss 0.0626 lr 5.26e-04 447s val 0.0767
step 3400 loss 0.0688 lr 4.77e-04 475s val 0.0771
step 3600 loss 0.0625 lr 4.30e-04 502s val 0.0781
step 3800 loss 0.0560 lr 3.83e-04 530s val 0.0772
step 4000 loss 0.0608 lr 3.39e-04 558s val 0.0764
step 4200 loss 0.0562 lr 2.97e-04 586s val 0.0766
step 4400 loss 0.0592 lr 2.59e-04 614s val 0.0758
step 4600 loss 0.0566 lr 2.23e-04 642s val 0.0758
step 4800 loss 0.0547 lr 1.92e-04 670s val 0.0756
step 5000 loss 0.0539 lr 1.64e-04 697s val 0.0751
step 5200 loss 0.0545 lr 1.42e-04 725s val 0.0760
step 5400 loss 0.0514 lr 1.24e-04 753s val 0.0749
step 5600 loss 0.0499 lr 1.11e-04 781s val 0.0750
step 5800 loss 0.0512 lr 1.03e-04 809s val 0.0751
step 6000 loss 0.0528 lr 1.00e-04 834s val 0.0750
saved ckpts/kh/stage1_k10_s1.pt
END 2026-09-24T16:48:16Z
