la_T1_best12_s0 1 {'secs': 2784.4818539619446, 'lstar_t': 12, 'targets': (3579, 16632, 3579, 16632), 'transfer': (1540, 6800, 1540, 6800), 'heldout_greedy': 4632}
la_T1_best12_s0 2 {'secs': 2945.4776837825775, 'lstar_t': 13, 'targets': (4143, 38704, 4143, 38704), 'transfer': (1955, 17594, 1955, 17594), 'heldout_greedy': 4938}
la_T1_best12_s0 3 {'secs': 2936.254360437393, 'lstar_t': 13, 'targets': (4234, 65624, 4234, 65624), 'transfer': (2047, 29524, 2047, 29524), 'heldout_greedy': 4949}
la_T1_best12_s0 4 {'secs': 3223.1273510456085, 'lstar_t': 13, 'targets': (4281, 99995, 4281, 99995), 'transfer': (2092, 44031, 2092, 44031), 'heldout_greedy': 4946}
la_T1_best12_s0 5 {'secs': 3252.4378867149353, 'lstar_t': 13, 'targets': (4315, 138608, 4315, 138608), 'transfer': (2125, 60210, 2125, 60210), 'heldout_greedy': 4947}
la_T1_best12_s0 6 {'secs': 3340.843678712845, 'lstar_t': 13, 'targets': (4336, 180261, 4336, 180261), 'transfer': (2141, 77519, 2141, 77519), 'heldout_greedy': 4948}
la_T1_best12_s0 7 {'secs': 3399.148320198059, 'lstar_t': 13, 'targets': (4361, 226929, 4361, 226929), 'transfer': (2157, 96163, 2157, 96163), 'heldout_greedy': 4952}
la_T1_best12_s0 8 {'secs': 3669.149237394333, 'lstar_t': 13, 'targets': (4375, 275867, 4375, 275867), 'transfer': (2172, 115849, 2172, 115849), 'heldout_greedy': 4950}
la_T1_best12_s1 1 {'secs': 2872.3357038497925, 'lstar_t': 12, 'targets': (3656, 15030, 3656, 15030), 'transfer': (1536, 6169, 1536, 6169), 'heldout_greedy': 4756}
la_T1_best12_s1 2 {'secs': 3649.4997596740723, 'lstar_t': 13, 'targets': (4138, 33188, 4138, 33188), 'transfer': (1963, 15555, 1963, 15555), 'heldout_greedy': 4945}
la_T1_best12_s1 3 {'secs': 4043.878576517105, 'lstar_t': 13, 'targets': (4238, 57442, 4238, 57442), 'transfer': (2059, 27736, 2059, 27736), 'heldout_greedy': 4954}
la_T1_best12_s1 4 {'secs': 3655.9989156723022, 'lstar_t': 13, 'targets': (4285, 84831, 4285, 84831), 'transfer': (2099, 40972, 2099, 40972), 'heldout_greedy': 4950}
la_T1_best12_s1 5 {'secs': 4030.0657289028168, 'lstar_t': 13, 'targets': (4324, 117018, 4324, 117018), 'transfer': (2135, 56214, 2135, 56214), 'heldout_greedy': 4953}
la_T1_best12_s1 6 {'secs': 3905.07341837883, 'lstar_t': 13, 'targets': (4351, 152525, 4351, 152525), 'transfer': (2157, 72798, 2157, 72798), 'heldout_greedy': 4953}
la_T1_best12_s1 7 {'secs': 4041.1915616989136, 'lstar_t': 13, 'targets': (4367, 189814, 4367, 189814), 'transfer': (2163, 89597, 2163, 89597), 'heldout_greedy': 4947}
la_T1_best12_s1 8 {'secs': 4274.7563581466675, 'lstar_t': 13, 'targets': (4378, 231003, 4378, 231003), 'transfer': (2168, 108143, 2168, 108143), 'heldout_greedy': 4955}
la_T1_best12_s2 1 {'secs': 2062.2546820640564, 'lstar_t': 12, 'targets': (3380, 12402, 3380, 12402), 'transfer': (1456, 5360, 1456, 5360), 'heldout_greedy': 4515}
la_T1_best12_s2 2 {'secs': 3388.928301334381, 'lstar_t': 13, 'targets': (4123, 31071, 4123, 31071), 'transfer': (1924, 14482, 1924, 14482), 'heldout_greedy': 4949}
la_T1_best12_s2 3 {'secs': 3548.902932405472, 'lstar_t': 13, 'targets': (4244, 57038, 4244, 57038), 'transfer': (2033, 25936, 2033, 25936), 'heldout_greedy': 4956}
la_T1_best12_s2 4 {'secs': 3527.635623216629, 'lstar_t': 13, 'targets': (4304, 87628, 4304, 87628), 'transfer': (2091, 38947, 2091, 38947), 'heldout_greedy': 4966}
la_T1_best12_s2 5 {'secs': 3751.6663749217987, 'lstar_t': 13, 'targets': (4348, 123638, 4348, 123638), 'transfer': (2134, 54101, 2134, 54101), 'heldout_greedy': 4965}
la_T1_best12_s2 6 {'secs': 4118.512920379639, 'lstar_t': 13, 'targets': (4369, 165112, 4369, 165112), 'transfer': (2160, 71267, 2160, 71267), 'heldout_greedy': 4969}
la_T1_best12_s2 7 {'secs': 4263.3886115550995, 'lstar_t': 13, 'targets': (4383, 210665, 4383, 210665), 'transfer': (2180, 90040, 2180, 90040), 'heldout_greedy': 4966}
la_T1_best12_s2 8 {'secs': 4101.4752361774445, 'lstar_t': 13, 'targets': (4392, 256913, 4392, 256913), 'transfer': (2192, 108536, 2192, 108536), 'heldout_greedy': 4961}
la_T1_best6_s0 1 {'secs': 1811.201798915863, 'lstar_t': 11, 'targets': (3019, 5338, 3019, 5338), 'transfer': (1076, 1982, 1076, 1982), 'heldout_greedy': 4813}
la_T1_best6_s0 2 {'secs': 1922.1518094539642, 'lstar_t': 12, 'targets': (3853, 10525, 3853, 10525), 'transfer': (1717, 5330, 1717, 5330), 'heldout_greedy': 4977}
la_T1_best6_s0 3 {'secs': 2153.083021879196, 'lstar_t': 13, 'targets': (4065, 17037, 4065, 17037), 'transfer': (1893, 9145, 1893, 9145), 'heldout_greedy': 4973}
la_T1_best6_s0 4 {'secs': 2337.457901239395, 'lstar_t': 13, 'targets': (4138, 25773, 4138, 25773), 'transfer': (1961, 13682, 1961, 13682), 'heldout_greedy': 4980}
la_T1_best6_s0 5 {'secs': 2477.415489912033, 'lstar_t': 13, 'targets': (4169, 36431, 4169, 36431), 'transfer': (2006, 19327, 2006, 19327), 'heldout_greedy': 4972}
la_T1_best6_s0 6 {'secs': 2634.365877389908, 'lstar_t': 13, 'targets': (4189, 49319, 4189, 49319), 'transfer': (2031, 25732, 2031, 25732), 'heldout_greedy': 4970}
la_T1_best6_s0 7 {'secs': 2898.3448688983917, 'lstar_t': 13, 'targets': (4221, 66671, 4221, 66671), 'transfer': (2048, 34143, 2048, 34143), 'heldout_greedy': 4955}
la_T1_best6_s0 8 {'secs': 3139.5324771404266, 'lstar_t': 13, 'targets': (4244, 87602, 4244, 87602), 'transfer': (2064, 43619, 2064, 43619), 'heldout_greedy': 4956}
la_T1_best6_s1 1 {'secs': 1488.1442029476166, 'lstar_t': 11, 'targets': (2801, 4012, 2801, 4012), 'transfer': (896, 1311, 896, 1311), 'heldout_greedy': 4835}
la_T1_best6_s1 2 {'secs': 1788.9636678695679, 'lstar_t': 12, 'targets': (3660, 6873, 3660, 6873), 'transfer': (1524, 3190, 1524, 3190), 'heldout_greedy': 4977}
la_T1_best6_s1 3 {'secs': 1891.0266888141632, 'lstar_t': 13, 'targets': (3909, 9479, 3909, 9479), 'transfer': (1731, 4869, 1731, 4869), 'heldout_greedy': 4983}
la_T1_best6_s1 4 {'secs': 1980.9978017807007, 'lstar_t': 13, 'targets': (4044, 13018, 4044, 13018), 'transfer': (1868, 7230, 1868, 7230), 'heldout_greedy': 4983}
la_T1_best6_s1 5 {'secs': 2176.962790966034, 'lstar_t': 13, 'targets': (4124, 17735, 4124, 17735), 'transfer': (1941, 10025, 1941, 10025), 'heldout_greedy': 4977}
la_T1_best6_s1 6 {'secs': 2309.5744409561157, 'lstar_t': 13, 'targets': (4170, 24153, 4170, 24153), 'transfer': (1990, 13544, 1990, 13544), 'heldout_greedy': 4983}
la_T1_best6_s1 7 {'secs': 2608.2554399967194, 'lstar_t': 13, 'targets': (4200, 32866, 4200, 32866), 'transfer': (2022, 18222, 2022, 18222), 'heldout_greedy': 4978}
la_T1_best6_s1 8 {'secs': 2641.6811842918396, 'lstar_t': 13, 'targets': (4221, 44643, 4221, 44643), 'transfer': (2048, 24230, 2048, 24230), 'heldout_greedy': 4974}
la_T1_best6_s2 1 {'secs': 1564.2315933704376, 'lstar_t': 11, 'targets': (2719, 4214, 2719, 4214), 'transfer': (917, 1389, 917, 1389), 'heldout_greedy': 4776}
la_T1_best6_s2 2 {'secs': 1858.4982578754425, 'lstar_t': 12, 'targets': (3780, 8786, 3780, 8786), 'transfer': (1599, 4124, 1599, 4124), 'heldout_greedy': 4974}
la_T1_best6_s2 3 {'secs': 1977.0578989982605, 'lstar_t': 12, 'targets': (3974, 12936, 3974, 12936), 'transfer': (1773, 6620, 1773, 6620), 'heldout_greedy': 4969}
la_T1_best6_s2 4 {'secs': 2157.534365415573, 'lstar_t': 13, 'targets': (4087, 17991, 4087, 17991), 'transfer': (1891, 9715, 1891, 9715), 'heldout_greedy': 4967}
la_T1_best6_s2 5 {'secs': 2260.5379548072815, 'lstar_t': 13, 'targets': (4154, 25499, 4154, 25499), 'transfer': (1955, 13560, 1955, 13560), 'heldout_greedy': 4964}
la_T1_best6_s2 6 {'secs': 2416.699716091156, 'lstar_t': 13, 'targets': (4199, 34712, 4199, 34712), 'transfer': (1999, 18317, 1999, 18317), 'heldout_greedy': 4967}
la_T1_best6_s2 7 {'secs': 2561.9016058444977, 'lstar_t': 13, 'targets': (4224, 46173, 4224, 46173), 'transfer': (2026, 24000, 2026, 24000), 'heldout_greedy': 4968}
la_T1_best6_s2 8 {'secs': 2650.0950927734375, 'lstar_t': 13, 'targets': (4247, 58908, 4247, 58908), 'transfer': (2045, 30275, 2045, 30275), 'heldout_greedy': 4964}
