Fz_SN12_s0__dev 1108 745 745  bad 0 0 trunc 0.00083 max_stratum 0.00083 2048 ckpts/inh/Fz_SN12_s0.pt
Fz_SN12_s0__h250 250 183 183  bad 0 0 trunc 0.00139 max_stratum 0.00139 2048 ckpts/inh/Fz_SN12_s0.pt
Fz_SN12_s1__dev 1108 782 782  bad 0 0 trunc 6e-05 max_stratum 6e-05 2048 ckpts/inh/Fz_SN12_s1.pt
Fz_SN12_s1__h250 250 188 188  bad 0 0 trunc 5e-05 max_stratum 5e-05 2048 ckpts/inh/Fz_SN12_s1.pt
Fz_SN12_s2__dev 1108 804 804  bad 0 0 trunc 0.00056 max_stratum 0.00056 2048 ckpts/inh/Fz_SN12_s2.pt
Fz_SN12_s2__h250 250 198 198  bad 0 0 trunc 0.00011 max_stratum 0.00011 2048 ckpts/inh/Fz_SN12_s2.pt
Fz_SN12_s3__dev 1108 781 781  bad 0 0 trunc 1e-05 max_stratum 1e-05 2048 ckpts/inh/Fz_SN12_s3.pt
Fz_SN12_s3__h250 250 185 185  bad 0 0 trunc 3e-05 max_stratum 3e-05 2048 ckpts/inh/Fz_SN12_s3.pt
Fz_SN6_s0__dev 1108 405 405  bad 0 0 trunc 4e-05 max_stratum 4e-05 2048 ckpts/inh/Fz_SN6_s0.pt
Fz_SN6_s0__h250 250 103 103  bad 0 0 trunc 0.0 max_stratum 0.0 2048 ckpts/inh/Fz_SN6_s0.pt
Fz_SN6_s0__held 5000 4850 4850  bad 0 0 trunc 0.0002 max_stratum 0.0002 2048 ckpts/inh/Fz_SN6_s0.pt
Fz_SN6_s0__long2 21 0 0  bad 0 0 trunc 0.0 max_stratum 0.0 2048 ckpts/inh/Fz_SN6_s0.pt
Fz_SN6_s1__dev 1108 329 329  bad 0 0 trunc 0.00051 max_stratum 0.00051 2048 ckpts/inh/Fz_SN6_s1.pt
Fz_SN6_s1__h250 250 83 83  bad 0 0 trunc 3e-05 max_stratum 3e-05 2048 ckpts/inh/Fz_SN6_s1.pt
Fz_SN6_s1__held 5000 4792 4792  bad 0 0 trunc 0.0 max_stratum 0.0 2048 ckpts/inh/Fz_SN6_s1.pt
Fz_SN6_s1__long2 21 0 0  bad 0 0 trunc 0.0 max_stratum 0.0 2048 ckpts/inh/Fz_SN6_s1.pt
Fz_best12_s0__dev 1108 782 782  bad 0 0 trunc 0.0075 max_stratum 0.0075 2048 ckpts/bs/stage1_best12_s0_b1200.pt
Fz_best12_s0__h250 250 184 184  bad 0 0 trunc 0.00942 max_stratum 0.00942 2048 ckpts/bs/stage1_best12_s0_b1200.pt
Fz_best12_s0__long2 21 10 10  bad 0 0 trunc 0.0 max_stratum 0.0 2048 ckpts/bs/stage1_best12_s0_b1200.pt
Fz_best12_s0__rr600 600 401 401 Q=271 bad 0 0 trunc 0.00244 max_stratum 0.00398 2048 ckpts/bs/stage1_best12_s0_b1200.pt
Fz_best12_s0__tb72 72 32 32  bad 0 0 trunc 0.0 max_stratum 0.0 2048 ckpts/bs/stage1_best12_s0_b1200.pt
Fz_best12_s1__dev 1108 767 767  bad 0 0 trunc 0.0067 max_stratum 0.0067 2048 ckpts/bs/stage1_best12_s1_b1200.pt
Fz_best12_s1__h250 250 195 195  bad 0 0 trunc 0.00447 max_stratum 0.00447 2048 ckpts/bs/stage1_best12_s1_b1200.pt
Fz_best12_s1__long2 21 5 5  bad 0 0 trunc 0.0 max_stratum 0.0 2048 ckpts/bs/stage1_best12_s1_b1200.pt
Fz_best12_s1__rr600 600 356 356 Q=237 bad 0 0 trunc 0.00207 max_stratum 0.00282 2048 ckpts/bs/stage1_best12_s1_b1200.pt
Fz_best12_s1__tb72 72 27 27  bad 0 0 trunc 0.00201 max_stratum 0.00391 2048 ckpts/bs/stage1_best12_s1_b1200.pt
Fz_best12_s2__dev 1108 741 741  bad 0 0 trunc 0.00054 max_stratum 0.00054 2048 ckpts/bs/stage1_best12_s2_b1200.pt
Fz_best12_s2__h250 250 182 182  bad 0 0 trunc 3e-05 max_stratum 3e-05 2048 ckpts/bs/stage1_best12_s2_b1200.pt
Fz_best12_s2__long2 21 4 4  bad 0 0 trunc 0.0 max_stratum 0.0 2048 ckpts/bs/stage1_best12_s2_b1200.pt
Fz_best12_s2__rr600 600 311 311 Q=216 bad 0 0 trunc 0.00048 max_stratum 0.00071 2048 ckpts/bs/stage1_best12_s2_b1200.pt
Fz_best12_s2__tb72 72 27 27  bad 0 0 trunc 0.00011 max_stratum 0.00056 2048 ckpts/bs/stage1_best12_s2_b1200.pt
Fz_best6_s0__dev 1108 569 569  bad 0 0 trunc 0.00973 max_stratum 0.00973 2048 ckpts/bs/stage1_best6_s0_b1200.pt
Fz_best6_s0__h250 250 149 149  bad 0 0 trunc 0.00708 max_stratum 0.00708 2048 ckpts/bs/stage1_best6_s0_b1200.pt
Fz_best6_s0__long2 21 0 0  bad 0 0 trunc 0.0 max_stratum 0.0 2048 ckpts/bs/stage1_best6_s0_b1200.pt
Fz_best6_s0__rr600 600 38 38 Q=8 bad 0 0 trunc 0.00447 max_stratum 0.00654 2048 ckpts/bs/stage1_best6_s0_b1200.pt
Fz_best6_s0__tb72 72 19 19  bad 0 0 trunc 0.00429 max_stratum 0.00928 2048 ckpts/bs/stage1_best6_s0_b1200.pt
Fz_best6_s1__dev 1108 466 466  bad 0 0 trunc 0.00864 max_stratum 0.00864 2048 ckpts/bs/stage1_best6_s1_b1200.pt
Fz_best6_s1__h250 250 125 125  bad 0 0 trunc 0.00697 max_stratum 0.00697 2048 ckpts/bs/stage1_best6_s1_b1200.pt
Fz_best6_s1__long2 21 0 0  bad 0 0 trunc 0.00056 max_stratum 0.00056 2048 ckpts/bs/stage1_best6_s1_b1200.pt
Fz_best6_s1__rr600 600 21 21 Q=4 bad 0 0 trunc 0.00603 max_stratum 0.00749 2048 ckpts/bs/stage1_best6_s1_b1200.pt
Fz_best6_s1__tb72 72 18 18  bad 0 0 trunc 0.00629 max_stratum 0.01172 2048 ckpts/bs/stage1_best6_s1_b1200.pt
Fz_best6_s2__dev 1108 506 506  bad 0 0 trunc 0.00867 max_stratum 0.00867 2048 ckpts/bs/stage1_best6_s2_b1200.pt
Fz_best6_s2__h250 250 122 122  bad 0 0 trunc 0.00894 max_stratum 0.00894 2048 ckpts/bs/stage1_best6_s2_b1200.pt
Fz_best6_s2__long2 21 0 0  bad 0 0 trunc 0.01358 max_stratum 0.01358 2048 ckpts/bs/stage1_best6_s2_b1200.pt
Fz_best6_s2__rr600 600 23 23 Q=7 bad 0 0 trunc 0.01472 max_stratum 0.01719 2048 ckpts/bs/stage1_best6_s2_b1200.pt
Fz_best6_s2__rr600_cap 600 23 23 Q=7 bad 0 0 trunc 0.01264 max_stratum 0.01536 2048 ckpts/bs/stage1_best6_s2_b1200.pt
Fz_best6_s2__tb72 72 20 20  bad 0 0 trunc 0.00163 max_stratum 0.00439 2048 ckpts/bs/stage1_best6_s2_b1200.pt
T1_SN12_s0__dev 1108 927 927  bad 0 0 trunc 0.00027 max_stratum 0.00027 2048 ckpts/inh/T1_SN12_s0.pt
T1_SN12_s0__h250 250 217 217  bad 0 0 trunc 0.00066 max_stratum 0.00066 2048 ckpts/inh/T1_SN12_s0.pt
T1_SN12_s0__held 5000 4817 4817  bad 0 0 trunc 0.0 max_stratum 0.0 2048 ckpts/inh/T1_SN12_s0.pt
T1_SN12_s1__dev 1108 972 972  bad 0 0 trunc 3e-05 max_stratum 3e-05 2048 ckpts/inh/T1_SN12_s1.pt
T1_SN12_s1__h250 250 221 221  bad 0 0 trunc 0.0 max_stratum 0.0 2048 ckpts/inh/T1_SN12_s1.pt
T1_SN12_s1__held 5000 4878 4878  bad 0 0 trunc 0.0 max_stratum 0.0 2048 ckpts/inh/T1_SN12_s1.pt
T1_SN12_s2__dev 1108 961 961  bad 0 0 trunc 3e-05 max_stratum 3e-05 2048 ckpts/inh/T1_SN12_s2.pt
T1_SN12_s2__h250 250 223 223  bad 0 0 trunc 8e-05 max_stratum 8e-05 2048 ckpts/inh/T1_SN12_s2.pt
T1_SN12_s2__held 5000 4867 4867  bad 0 0 trunc 0.0 max_stratum 0.0 2048 ckpts/inh/T1_SN12_s2.pt
T1_SN12_s3__dev 1108 940 940  bad 0 0 trunc 3e-05 max_stratum 3e-05 2048 ckpts/inh/T1_SN12_s3.pt
T1_SN12_s3__h250 250 219 219  bad 0 0 trunc 2e-05 max_stratum 2e-05 2048 ckpts/inh/T1_SN12_s3.pt
T1_SN12_s3__held 5000 4894 4894  bad 0 0 trunc 0.0 max_stratum 0.0 2048 ckpts/inh/T1_SN12_s3.pt
T1_SN6_s0__dev 1108 746 746  bad 0 0 trunc 0.00061 max_stratum 0.00061 2048 ckpts/inh/T1_SN6_s0.pt
T1_SN6_s0__h250 250 169 169  bad 0 0 trunc 0.0 max_stratum 0.0 2048 ckpts/inh/T1_SN6_s0.pt
T1_SN6_s0__held 5000 4858 4858  bad 0 0 trunc 0.0002 max_stratum 0.0002 2048 ckpts/inh/T1_SN6_s0.pt
T1_SN6_s0__long2 21 0 0  bad 0 0 trunc 0.0 max_stratum 0.0 2048 ckpts/inh/T1_SN6_s0.pt
T1_SN6_s1__dev 1108 663 663  bad 0 0 trunc 0.00038 max_stratum 0.00038 2048 ckpts/inh/T1_SN6_s1.pt
T1_SN6_s1__h250 250 151 151  bad 0 0 trunc 0.00027 max_stratum 0.00027 2048 ckpts/inh/T1_SN6_s1.pt
T1_SN6_s1__held 5000 4855 4855  bad 0 0 trunc 0.0 max_stratum 0.0 2048 ckpts/inh/T1_SN6_s1.pt
T1_SN6_s1__long2 21 0 0  bad 0 0 trunc 0.00037 max_stratum 0.00037 2048 ckpts/inh/T1_SN6_s1.pt
T1_best12_s0__dev 1108 1058 1058  bad 0 0 trunc 0.00059 max_stratum 0.00059 2048 ckpts/bs/ladder/la_T1_best12_s0_r8.pt
T1_best12_s0__h250 250 239 239  bad 0 0 trunc 0.00042 max_stratum 0.00042 2048 ckpts/bs/ladder/la_T1_best12_s0_r8.pt
T1_best12_s0__held 5000 4960 4960  bad 0 0 trunc 0.0004 max_stratum 0.0004 2048 ckpts/bs/ladder/la_T1_best12_s0_r8.pt
T1_best12_s0__long2 21 21 21  bad 0 0 trunc 0.00056 max_stratum 0.00056 2048 ckpts/bs/ladder/la_T1_best12_s0_r8.pt
T1_best12_s0__rr600 600 575 575 Q=377 bad 0 0 trunc 0.00118 max_stratum 0.00146 2048 ckpts/bs/ladder/la_T1_best12_s0_r8.pt
T1_best12_s0__tb72 72 52 52  bad 0 0 trunc 0.00076 max_stratum 0.0022 2048 ckpts/bs/ladder/la_T1_best12_s0_r8.pt
T1_best12_s1__dev 1108 1050 1050  bad 0 0 trunc 0.00379 max_stratum 0.00379 2048 ckpts/bs/ladder/la_T1_best12_s1_r8.pt
T1_best12_s1__h250 250 237 237  bad 0 0 trunc 0.00336 max_stratum 0.00336 2048 ckpts/bs/ladder/la_T1_best12_s1_r8.pt
T1_best12_s1__held 5000 4950 4950  bad 0 0 trunc 0.0012 max_stratum 0.0012 2048 ckpts/bs/ladder/la_T1_best12_s1_r8.pt
T1_best12_s1__long2 21 21 21  bad 0 0 trunc 0.00149 max_stratum 0.00149 2048 ckpts/bs/ladder/la_T1_best12_s1_r8.pt
T1_best12_s1__rr600 600 570 570 Q=375 bad 0 0 trunc 0.00247 max_stratum 0.00256 2048 ckpts/bs/ladder/la_T1_best12_s1_r8.pt
T1_best12_s1__tb72 72 51 51  bad 0 0 trunc 0.02035 max_stratum 0.04087 2048 ckpts/bs/ladder/la_T1_best12_s1_r8.pt
T1_best12_s1__tb72_cap 72 53 53  bad 0 0 trunc 0.01823 max_stratum 0.03666 2048 ckpts/bs/ladder/la_T1_best12_s1_r8.pt
T1_best12_s2__dev 1108 1055 1055  bad 0 0 trunc 0.00134 max_stratum 0.00134 2048 ckpts/bs/ladder/la_T1_best12_s2_r8.pt
T1_best12_s2__h250 250 237 237  bad 0 0 trunc 0.00106 max_stratum 0.00106 2048 ckpts/bs/ladder/la_T1_best12_s2_r8.pt
T1_best12_s2__held 5000 4965 4965  bad 0 0 trunc 0.0002 max_stratum 0.0002 2048 ckpts/bs/ladder/la_T1_best12_s2_r8.pt
T1_best12_s2__long2 21 20 20  bad 0 0 trunc 0.00056 max_stratum 0.00056 2048 ckpts/bs/ladder/la_T1_best12_s2_r8.pt
T1_best12_s2__rr600 600 572 572 Q=376 bad 0 0 trunc 0.00318 max_stratum 0.00421 2048 ckpts/bs/ladder/la_T1_best12_s2_r8.pt
T1_best12_s2__tb72 72 52 52  bad 0 0 trunc 0.01345 max_stratum 0.01786 2048 ckpts/bs/ladder/la_T1_best12_s2_r8.pt
T1_best12_s2__tb72_cap 72 53 53  bad 0 0 trunc 0.01009 max_stratum 0.01465 2048 ckpts/bs/ladder/la_T1_best12_s2_r8.pt
T1_best6_s0__dev 1108 1002 1002  bad 0 0 trunc 0.00344 max_stratum 0.00344 2048 ckpts/bs/ladder/la_T1_best6_s0_r8.pt
T1_best6_s0__h250 250 226 226  bad 0 0 trunc 0.00227 max_stratum 0.00227 2048 ckpts/bs/ladder/la_T1_best6_s0_r8.pt
T1_best6_s0__held 5000 4961 4961  bad 0 0 trunc 0.0006 max_stratum 0.0006 2048 ckpts/bs/ladder/la_T1_best6_s0_r8.pt
T1_best6_s0__long2 21 18 18  bad 0 0 trunc 0.00521 max_stratum 0.00521 2048 ckpts/bs/ladder/la_T1_best6_s0_r8.pt
T1_best6_s0__long2_cap 21 18 18  bad 0 0 trunc 0.00093 max_stratum 0.00093 2048 ckpts/bs/ladder/la_T1_best6_s0_r8.pt
T1_best6_s0__rr600 600 522 522 Q=350 bad 0 0 trunc 0.00229 max_stratum 0.00268 2048 ckpts/bs/ladder/la_T1_best6_s0_r8.pt
T1_best6_s0__tb72 72 39 39  bad 0 0 trunc 0.00591 max_stratum 0.00809 2048 ckpts/bs/ladder/la_T1_best6_s0_r8.pt
T1_best6_s1__dev 1108 986 986  bad 0 0 trunc 0.00293 max_stratum 0.00293 2048 ckpts/bs/ladder/la_T1_best6_s1_r8.pt
T1_best6_s1__h250 250 229 229  bad 0 0 trunc 0.00534 max_stratum 0.00534 2048 ckpts/bs/ladder/la_T1_best6_s1_r8.pt
T1_best6_s1__held 5000 4978 4978  bad 0 0 trunc 0.0 max_stratum 0.0 2048 ckpts/bs/ladder/la_T1_best6_s1_r8.pt
T1_best6_s1__long2 21 18 18  bad 0 0 trunc 0.00037 max_stratum 0.00037 2048 ckpts/bs/ladder/la_T1_best6_s1_r8.pt
T1_best6_s1__rr600 600 513 513 Q=346 bad 0 0 trunc 0.00144 max_stratum 0.00161 2048 ckpts/bs/ladder/la_T1_best6_s1_r8.pt
T1_best6_s1__tb72 72 40 40  bad 0 0 trunc 0.00434 max_stratum 0.00765 2048 ckpts/bs/ladder/la_T1_best6_s1_r8.pt
T1_best6_s2__dev 1108 1002 1002  bad 0 0 trunc 0.0011 max_stratum 0.0011 2048 ckpts/bs/ladder/la_T1_best6_s2_r8.pt
T1_best6_s2__h250 250 227 227  bad 0 0 trunc 0.00013 max_stratum 0.00013 2048 ckpts/bs/ladder/la_T1_best6_s2_r8.pt
T1_best6_s2__held 5000 4969 4969  bad 0 0 trunc 0.0008 max_stratum 0.0008 2048 ckpts/bs/ladder/la_T1_best6_s2_r8.pt
T1_best6_s2__long2 21 17 17  bad 0 0 trunc 0.0 max_stratum 0.0 2048 ckpts/bs/ladder/la_T1_best6_s2_r8.pt
T1_best6_s2__rr600 600 509 509 Q=339 bad 0 0 trunc 0.00059 max_stratum 0.00121 2048 ckpts/bs/ladder/la_T1_best6_s2_r8.pt
T1_best6_s2__tb72 72 33 33  bad 0 0 trunc 0.00011 max_stratum 0.00033 2048 ckpts/bs/ladder/la_T1_best6_s2_r8.pt
heldout_best12_s0_b1200 5000 4632 4632  bad 0 0 trunc 0.001 max_stratum 0.001 2048 ckpts/bs/stage1_best12_s0_b1200.pt
heldout_best12_s1_b1200 5000 4756 4756  bad 0 0 trunc 0.0022 max_stratum 0.0022 2048 ckpts/bs/stage1_best12_s1_b1200.pt
heldout_best12_s2_b1200 5000 4515 4515  bad 0 0 trunc 0.0004 max_stratum 0.0004 2048 ckpts/bs/stage1_best12_s2_b1200.pt
heldout_best6_s0_b1200 5000 4813 4813  bad 0 0 trunc 0.0014 max_stratum 0.0014 2048 ckpts/bs/stage1_best6_s0_b1200.pt
heldout_best6_s0_b300 5000 4712 4712  bad 0 0 trunc 0.0042 max_stratum 0.0042 2048 ckpts/bs/stage1_best6_s0_b300.pt
heldout_best6_s1_b1200 5000 4835 4835  bad 0 0 trunc 0.0048 max_stratum 0.0048 2048 ckpts/bs/stage1_best6_s1_b1200.pt
heldout_best6_s2_b1200 5000 4776 4776  bad 0 0 trunc 0.0022 max_stratum 0.0022 2048 ckpts/bs/stage1_best6_s2_b1200.pt
