shard 0/1: 300 theorems, 0 already done; k=2000 T=0.8 batch=1000
Traceback (most recent call last):
  File "/workspace/nd-takehome/coverage.py", line 138, in <module>
    main()
  File "/workspace/nd-takehome/coverage.py", line 95, in main
    outs = generate_ids(model, tok, [pid] * b, greedy=False, temperature=a.temperature, max_new=a.max_new, gen=gen)
           ^^^^^^^^^^^^^^^^^^^^^^^^^^^^^^^^^^^^^^^^^^^^^^^^^^^^^^^^^^^^^^^^^^^^^^^^^^^^^^^^^^^^^^^^^^^^^^^^^^^^^^^^
  File "/usr/local/lib/python3.12/dist-packages/torch/utils/_contextlib.py", line 120, in decorate_context
    return func(*args, **kwargs)
           ^^^^^^^^^^^^^^^^^^^^^
  File "/workspace/nd-takehome/sample.py", line 26, in generate_ids
    logits = model(idx, pos=pos, mask=mask, caches=caches)[:, -1]
             ^^^^^^^^^^^^^^^^^^^^^^^^^^^^^^^^^^^^^^^^^^^^^
  File "/usr/local/lib/python3.12/dist-packages/torch/nn/modules/module.py", line 1773, in _wrapped_call_impl
    return self._call_impl(*args, **kwargs)
           ^^^^^^^^^^^^^^^^^^^^^^^^^^^^^^^^
  File "/usr/local/lib/python3.12/dist-packages/torch/nn/modules/module.py", line 1784, in _call_impl
    return forward_call(*args, **kwargs)
           ^^^^^^^^^^^^^^^^^^^^^^^^^^^^^
  File "/workspace/nd-takehome/model.py", line 92, in forward
    x = b(x, cos, sin, mask, None if caches is None else caches[i])
        ^^^^^^^^^^^^^^^^^^^^^^^^^^^^^^^^^^^^^^^^^^^^^^^^^^^^^^^^^^^
  File "/usr/local/lib/python3.12/dist-packages/torch/nn/modules/module.py", line 1773, in _wrapped_call_impl
    return self._call_impl(*args, **kwargs)
           ^^^^^^^^^^^^^^^^^^^^^^^^^^^^^^^^
  File "/usr/local/lib/python3.12/dist-packages/torch/nn/modules/module.py", line 1784, in _call_impl
    return forward_call(*args, **kwargs)
           ^^^^^^^^^^^^^^^^^^^^^^^^^^^^^
  File "/workspace/nd-takehome/model.py", line 56, in forward
    x = x + self.attn(self.ln1(x), cos, sin, mask, cache)
            ^^^^^^^^^^^^^^^^^^^^^^^^^^^^^^^^^^^^^^^^^^^^^
  File "/workspace/nd-takehome/model.py", line 42, in attn
    cache['k'] = k.new_empty(B, self.h, cache['max'], D // self.h)
                 ^^^^^^^^^^^^^^^^^^^^^^^^^^^^^^^^^^^^^^^^^^^^^^^^^
torch.OutOfMemoryError: CUDA out of memory. Tried to allocate 1.25 GiB. GPU 0 has a total capacity of 44.42 GiB of which 760.56 MiB is free. Process 688 has 23.41 GiB memory in use. Including non-PyTorch memory, this process has 20.26 GiB memory in use. Of the allocated memory 19.87 GiB is allocated by PyTorch, and 80.69 MiB is reserved by PyTorch but unallocated. If reserved but unallocated memory is large try setting PYTORCH_CUDA_ALLOC_CONF=expandable_segments:True to avoid fragmentation.  See documentation for Memory Management  (https://pytorch.org/docs/stable/notes/cuda.html#environment-variables)
shard 0/1: 300 theorems, 0 already done; k=2000 T=0.8 batch=1000
d3req_299: n_ok 0/2000 distinct_ok 0 first_hit None written_hist {} (8s; 1 done, 8s/thm, ETA 40 min)
d3req_298: n_ok 0/2000 distinct_ok 0 first_hit None written_hist {} (14s; 2 done, 11s/thm, ETA 56 min)
d3req_297: n_ok 0/2000 distinct_ok 0 first_hit None written_hist {} (8s; 3 done, 10s/thm, ETA 50 min)
d3req_296: n_ok 0/2000 distinct_ok 0 first_hit None written_hist {} (12s; 4 done, 11s/thm, ETA 52 min)
d3req_295: n_ok 0/2000 distinct_ok 0 first_hit None written_hist {} (5s; 5 done, 9s/thm, ETA 46 min)
d3req_294: n_ok 0/2000 distinct_ok 0 first_hit None written_hist {} (6s; 6 done, 9s/thm, ETA 43 min)
d3req_293: n_ok 0/2000 distinct_ok 0 first_hit None written_hist {} (11s; 7 done, 9s/thm, ETA 44 min)
d3req_292: n_ok 0/2000 distinct_ok 0 first_hit None written_hist {} (10s; 8 done, 9s/thm, ETA 45 min)
d3req_291: n_ok 0/2000 distinct_ok 0 first_hit None written_hist {} (12s; 9 done, 10s/thm, ETA 47 min)
d3req_290: n_ok 0/2000 distinct_ok 0 first_hit None written_hist {} (18s; 10 done, 10s/thm, ETA 51 min)
d3req_289: n_ok 0/2000 distinct_ok 0 first_hit None written_hist {} (11s; 11 done, 10s/thm, ETA 50 min)
d3req_288: n_ok 0/2000 distinct_ok 0 first_hit None written_hist {} (7s; 12 done, 10s/thm, ETA 49 min)
d3req_287: n_ok 0/2000 distinct_ok 0 first_hit None written_hist {} (9s; 13 done, 10s/thm, ETA 48 min)
d3req_286: n_ok 0/2000 distinct_ok 0 first_hit None written_hist {} (8s; 14 done, 10s/thm, ETA 47 min)
d3req_285: n_ok 0/2000 distinct_ok 0 first_hit None written_hist {} (10s; 15 done, 10s/thm, ETA 47 min)
d3req_284: n_ok 0/2000 distinct_ok 0 first_hit None written_hist {} (4s; 16 done, 10s/thm, ETA 45 min)
d3req_283: n_ok 0/2000 distinct_ok 0 first_hit None written_hist {} (10s; 17 done, 10s/thm, ETA 45 min)
d3req_282: n_ok 0/2000 distinct_ok 0 first_hit None written_hist {} (8s; 18 done, 10s/thm, ETA 45 min)
d3req_281: n_ok 0/2000 distinct_ok 0 first_hit None written_hist {} (8s; 19 done, 9s/thm, ETA 44 min)
d3req_280: n_ok 0/2000 distinct_ok 0 first_hit None written_hist {} (7s; 20 done, 9s/thm, ETA 43 min)
d3req_279: n_ok 0/2000 distinct_ok 0 first_hit None written_hist {} (8s; 21 done, 9s/thm, ETA 43 min)
d3req_278: n_ok 0/2000 distinct_ok 0 first_hit None written_hist {} (12s; 22 done, 9s/thm, ETA 43 min)
d3req_277: n_ok 0/2000 distinct_ok 0 first_hit None written_hist {} (7s; 23 done, 9s/thm, ETA 43 min)
d3req_276: n_ok 0/2000 distinct_ok 0 first_hit None written_hist {} (8s; 24 done, 9s/thm, ETA 42 min)
d3req_275: n_ok 0/2000 distinct_ok 0 first_hit None written_hist {} (6s; 25 done, 9s/thm, ETA 42 min)
d3req_274: n_ok 0/2000 distinct_ok 0 first_hit None written_hist {} (9s; 26 done, 9s/thm, ETA 41 min)
d3req_273: n_ok 0/2000 distinct_ok 0 first_hit None written_hist {} (8s; 27 done, 9s/thm, ETA 41 min)
d3req_272: n_ok 0/2000 distinct_ok 0 first_hit None written_hist {} (7s; 28 done, 9s/thm, ETA 41 min)
d3req_271: n_ok 0/2000 distinct_ok 0 first_hit None written_hist {} (7s; 29 done, 9s/thm, ETA 40 min)
d3req_270: n_ok 0/2000 distinct_ok 0 first_hit None written_hist {} (9s; 30 done, 9s/thm, ETA 40 min)
d3req_269: n_ok 0/2000 distinct_ok 0 first_hit None written_hist {} (8s; 31 done, 9s/thm, ETA 40 min)
d3req_268: n_ok 0/2000 distinct_ok 0 first_hit None written_hist {} (7s; 32 done, 9s/thm, ETA 39 min)
d3req_267: n_ok 0/2000 distinct_ok 0 first_hit None written_hist {} (5s; 33 done, 9s/thm, ETA 39 min)
d3req_266: n_ok 0/2000 distinct_ok 0 first_hit None written_hist {} (10s; 34 done, 9s/thm, ETA 39 min)
d3req_265: n_ok 0/2000 distinct_ok 0 first_hit None written_hist {} (11s; 35 done, 9s/thm, ETA 39 min)
d3req_264: n_ok 0/2000 distinct_ok 0 first_hit None written_hist {} (16s; 36 done, 9s/thm, ETA 40 min)
d3req_263: n_ok 0/2000 distinct_ok 0 first_hit None written_hist {} (6s; 37 done, 9s/thm, ETA 39 min)
d3req_262: n_ok 0/2000 distinct_ok 0 first_hit None written_hist {} (15s; 38 done, 9s/thm, ETA 40 min)
d3req_261: n_ok 0/2000 distinct_ok 0 first_hit None written_hist {} (17s; 39 done, 9s/thm, ETA 40 min)
d3req_260: n_ok 0/2000 distinct_ok 0 first_hit None written_hist {} (9s; 40 done, 9s/thm, ETA 40 min)
d3req_259: n_ok 0/2000 distinct_ok 0 first_hit None written_hist {} (13s; 41 done, 9s/thm, ETA 40 min)
d3req_258: n_ok 0/2000 distinct_ok 0 first_hit None written_hist {} (7s; 42 done, 9s/thm, ETA 40 min)
d3req_257: n_ok 0/2000 distinct_ok 0 first_hit None written_hist {} (5s; 43 done, 9s/thm, ETA 39 min)
d3req_256: n_ok 0/2000 distinct_ok 0 first_hit None written_hist {} (8s; 44 done, 9s/thm, ETA 39 min)
d3req_255: n_ok 0/2000 distinct_ok 0 first_hit None written_hist {} (7s; 45 done, 9s/thm, ETA 39 min)
d3req_254: n_ok 0/2000 distinct_ok 0 first_hit None written_hist {} (8s; 46 done, 9s/thm, ETA 39 min)
d3req_253: n_ok 0/2000 distinct_ok 0 first_hit None written_hist {} (15s; 47 done, 9s/thm, ETA 39 min)
d3req_252: n_ok 0/2000 distinct_ok 0 first_hit None written_hist {} (12s; 48 done, 9s/thm, ETA 39 min)
d3req_251: n_ok 0/2000 distinct_ok 0 first_hit None written_hist {} (15s; 49 done, 9s/thm, ETA 39 min)
d3req_250: n_ok 0/2000 distinct_ok 0 first_hit None written_hist {} (14s; 50 done, 9s/thm, ETA 40 min)
d3req_249: n_ok 0/2000 distinct_ok 0 first_hit None written_hist {} (9s; 51 done, 9s/thm, ETA 39 min)
d3req_248: n_ok 0/2000 distinct_ok 0 first_hit None written_hist {} (7s; 52 done, 9s/thm, ETA 39 min)
d3req_247: n_ok 0/2000 distinct_ok 0 first_hit None written_hist {} (7s; 53 done, 9s/thm, ETA 39 min)
d3req_246: n_ok 0/2000 distinct_ok 0 first_hit None written_hist {} (8s; 54 done, 9s/thm, ETA 38 min)
d3req_245: n_ok 0/2000 distinct_ok 0 first_hit None written_hist {} (6s; 55 done, 9s/thm, ETA 38 min)
d3req_244: n_ok 0/2000 distinct_ok 0 first_hit None written_hist {} (9s; 56 done, 9s/thm, ETA 38 min)
d3req_243: n_ok 0/2000 distinct_ok 0 first_hit None written_hist {} (5s; 57 done, 9s/thm, ETA 37 min)
d3req_242: n_ok 0/2000 distinct_ok 0 first_hit None written_hist {} (4s; 58 done, 9s/thm, ETA 37 min)
d3req_241: n_ok 0/2000 distinct_ok 0 first_hit None written_hist {} (6s; 59 done, 9s/thm, ETA 36 min)
d3req_240: n_ok 0/2000 distinct_ok 0 first_hit None written_hist {} (7s; 60 done, 9s/thm, ETA 36 min)
d3req_239: n_ok 0/2000 distinct_ok 0 first_hit None written_hist {} (7s; 61 done, 9s/thm, ETA 36 min)
d3req_238: n_ok 0/2000 distinct_ok 0 first_hit None written_hist {} (20s; 62 done, 9s/thm, ETA 36 min)
d3req_237: n_ok 0/2000 distinct_ok 0 first_hit None written_hist {} (8s; 63 done, 9s/thm, ETA 36 min)
d3req_236: n_ok 0/2000 distinct_ok 0 first_hit None written_hist {} (19s; 64 done, 9s/thm, ETA 37 min)
d3req_235: n_ok 0/2000 distinct_ok 0 first_hit None written_hist {} (12s; 65 done, 9s/thm, ETA 37 min)
d3req_234: n_ok 0/2000 distinct_ok 0 first_hit None written_hist {} (9s; 66 done, 9s/thm, ETA 36 min)
d3req_233: n_ok 0/2000 distinct_ok 0 first_hit None written_hist {} (10s; 67 done, 9s/thm, ETA 36 min)
d3req_232: n_ok 0/2000 distinct_ok 0 first_hit None written_hist {} (9s; 68 done, 9s/thm, ETA 36 min)
d3req_231: n_ok 0/2000 distinct_ok 0 first_hit None written_hist {} (11s; 69 done, 9s/thm, ETA 36 min)
d3req_230: n_ok 0/2000 distinct_ok 0 first_hit None written_hist {} (5s; 70 done, 9s/thm, ETA 36 min)
d3req_229: n_ok 0/2000 distinct_ok 0 first_hit None written_hist {} (5s; 71 done, 9s/thm, ETA 35 min)
d3req_228: n_ok 0/2000 distinct_ok 0 first_hit None written_hist {} (22s; 72 done, 9s/thm, ETA 36 min)
d3req_227: n_ok 0/2000 distinct_ok 0 first_hit None written_hist {} (7s; 73 done, 9s/thm, ETA 36 min)
d3req_226: n_ok 0/2000 distinct_ok 0 first_hit None written_hist {} (21s; 74 done, 10s/thm, ETA 36 min)
d3req_225: n_ok 0/2000 distinct_ok 0 first_hit None written_hist {} (7s; 75 done, 10s/thm, ETA 36 min)
d3req_224: n_ok 0/2000 distinct_ok 0 first_hit None written_hist {} (6s; 76 done, 9s/thm, ETA 35 min)
d3req_223: n_ok 0/2000 distinct_ok 0 first_hit None written_hist {} (8s; 77 done, 9s/thm, ETA 35 min)
d3req_222: n_ok 0/2000 distinct_ok 0 first_hit None written_hist {} (11s; 78 done, 9s/thm, ETA 35 min)
d3req_221: n_ok 0/2000 distinct_ok 0 first_hit None written_hist {} (7s; 79 done, 9s/thm, ETA 35 min)
d3req_220: n_ok 0/2000 distinct_ok 0 first_hit None written_hist {} (4s; 80 done, 9s/thm, ETA 34 min)
d3req_219: n_ok 0/2000 distinct_ok 0 first_hit None written_hist {} (7s; 81 done, 9s/thm, ETA 34 min)
d3req_218: n_ok 0/2000 distinct_ok 0 first_hit None written_hist {} (4s; 82 done, 9s/thm, ETA 34 min)
d3req_217: n_ok 0/2000 distinct_ok 0 first_hit None written_hist {} (8s; 83 done, 9s/thm, ETA 34 min)
d3req_216: n_ok 0/2000 distinct_ok 0 first_hit None written_hist {} (4s; 84 done, 9s/thm, ETA 33 min)
d3req_215: n_ok 0/2000 distinct_ok 0 first_hit None written_hist {} (16s; 85 done, 9s/thm, ETA 33 min)
d3req_214: n_ok 0/2000 distinct_ok 0 first_hit None written_hist {} (7s; 86 done, 9s/thm, ETA 33 min)
d3req_213: n_ok 0/2000 distinct_ok 0 first_hit None written_hist {} (13s; 87 done, 9s/thm, ETA 33 min)
d3req_212: n_ok 0/2000 distinct_ok 0 first_hit None written_hist {} (6s; 88 done, 9s/thm, ETA 33 min)
d3req_211: n_ok 0/2000 distinct_ok 0 first_hit None written_hist {} (8s; 89 done, 9s/thm, ETA 33 min)
d3req_210: n_ok 0/2000 distinct_ok 0 first_hit None written_hist {} (15s; 90 done, 9s/thm, ETA 33 min)
d3req_209: n_ok 0/2000 distinct_ok 0 first_hit None written_hist {} (13s; 91 done, 9s/thm, ETA 33 min)
d3req_208: n_ok 0/2000 distinct_ok 0 first_hit None written_hist {} (15s; 92 done, 9s/thm, ETA 33 min)
d3req_207: n_ok 0/2000 distinct_ok 0 first_hit None written_hist {} (5s; 93 done, 9s/thm, ETA 32 min)
d3req_206: n_ok 0/2000 distinct_ok 0 first_hit None written_hist {} (13s; 94 done, 9s/thm, ETA 32 min)
d3req_205: n_ok 0/2000 distinct_ok 0 first_hit None written_hist {} (4s; 95 done, 9s/thm, ETA 32 min)
d3req_204: n_ok 0/2000 distinct_ok 0 first_hit None written_hist {} (10s; 96 done, 9s/thm, ETA 32 min)
d3req_203: n_ok 0/2000 distinct_ok 0 first_hit None written_hist {} (7s; 97 done, 9s/thm, ETA 32 min)
d3req_202: n_ok 0/2000 distinct_ok 0 first_hit None written_hist {} (8s; 98 done, 9s/thm, ETA 31 min)
d3req_201: n_ok 0/2000 distinct_ok 0 first_hit None written_hist {} (8s; 99 done, 9s/thm, ETA 31 min)
d3req_200: n_ok 0/2000 distinct_ok 0 first_hit None written_hist {} (9s; 100 done, 9s/thm, ETA 31 min)
d3req_199: n_ok 0/2000 distinct_ok 0 first_hit None written_hist {} (15s; 101 done, 9s/thm, ETA 31 min)
d3req_198: n_ok 0/2000 distinct_ok 0 first_hit None written_hist {} (7s; 102 done, 9s/thm, ETA 31 min)
d3req_197: n_ok 0/2000 distinct_ok 0 first_hit None written_hist {} (12s; 103 done, 9s/thm, ETA 31 min)
d3req_196: n_ok 0/2000 distinct_ok 0 first_hit None written_hist {} (16s; 104 done, 9s/thm, ETA 31 min)
d3req_195: n_ok 0/2000 distinct_ok 0 first_hit None written_hist {} (6s; 105 done, 9s/thm, ETA 31 min)
d3req_194: n_ok 0/2000 distinct_ok 0 first_hit None written_hist {} (13s; 106 done, 9s/thm, ETA 31 min)
d3req_193: n_ok 0/2000 distinct_ok 0 first_hit None written_hist {} (11s; 107 done, 9s/thm, ETA 30 min)
d3req_192: n_ok 0/2000 distinct_ok 0 first_hit None written_hist {} (12s; 108 done, 9s/thm, ETA 30 min)
d3req_191: n_ok 0/2000 distinct_ok 0 first_hit None written_hist {} (5s; 109 done, 9s/thm, ETA 30 min)
d3req_190: n_ok 0/2000 distinct_ok 0 first_hit None written_hist {} (7s; 110 done, 9s/thm, ETA 30 min)
d3req_189: n_ok 0/2000 distinct_ok 0 first_hit None written_hist {} (13s; 111 done, 9s/thm, ETA 30 min)
d3req_188: n_ok 0/2000 distinct_ok 0 first_hit None written_hist {} (6s; 112 done, 9s/thm, ETA 30 min)
d3req_187: n_ok 0/2000 distinct_ok 0 first_hit None written_hist {} (8s; 113 done, 9s/thm, ETA 29 min)
d3req_186: n_ok 0/2000 distinct_ok 0 first_hit None written_hist {} (11s; 114 done, 9s/thm, ETA 29 min)
d3req_185: n_ok 0/2000 distinct_ok 0 first_hit None written_hist {} (16s; 115 done, 9s/thm, ETA 29 min)
d3req_184: n_ok 0/2000 distinct_ok 0 first_hit None written_hist {} (11s; 116 done, 10s/thm, ETA 29 min)
d3req_183: n_ok 0/2000 distinct_ok 0 first_hit None written_hist {} (10s; 117 done, 10s/thm, ETA 29 min)
d3req_182: n_ok 0/2000 distinct_ok 0 first_hit None written_hist {} (6s; 118 done, 9s/thm, ETA 29 min)
