[r3_4b/ei_depth3_25M_s2_frozen r1] targets (this round, pass@32) SOLVED 0/300 = 0.000 [0.000,0.013]
  len 7: 0/6 = 0.000 [0.000,0.390]
  len 8: 0/294 = 0.000 [0.000,0.013]
  written hist {}
  pruned hist {}
  frontier written 0 pruned 0
  reasons [('rule check failed: IMPI', 1605), ('rule check failed: ORI2', 853), ('rule check failed: ANDI', 828), ('rule check failed: DN', 819), ('final formula is not the conclusion', 805), ('rule check failed: IMPE', 741)]
[r3_4b/ei_depth3_25M_s2_frozen r1] targets (cumulative 32 attempts) SOLVED 0/300 = 0.000 [0.000,0.013]
  len 7: 0/6 = 0.000 [0.000,0.390]
  len 8: 0/294 = 0.000 [0.000,0.013]
  written hist {}
  pruned hist {}
  frontier written 0 pruned 0
  reasons []
[r3_4b/ei_depth3_25M_s2_frozen r1] transfer (this round, pass@32) SOLVED 0/100 = 0.000 [0.000,0.037]
  len 7: 0/6 = 0.000 [0.000,0.390]
  len 8: 0/94 = 0.000 [0.000,0.039]
  written hist {}
  pruned hist {}
  frontier written 0 pruned 0
  reasons [('rule check failed: IMPI', 536), ('rule check failed: ANDI', 427), ('rule check failed: BOTE', 334), ('rule check failed: ORI1', 313), ('rule check failed: ORI2', 245), ('final formula is not the conclusion', 240)]
[r3_4b/ei_depth3_25M_s2_frozen r1] transfer (cumulative 32 attempts) SOLVED 0/100 = 0.000 [0.000,0.037]
  len 7: 0/6 = 0.000 [0.000,0.390]
  len 8: 0/94 = 0.000 [0.000,0.039]
  written hist {}
  pruned hist {}
  frontier written 0 pruned 0
  reasons []
[r3_4b/ei_depth3_25M_s2_frozen r1] transfer greedy SOLVED 0/100 = 0.000 [0.000,0.037]
  len 7: 0/6 = 0.000 [0.000,0.390]
  len 8: 0/94 = 0.000 [0.000,0.039]
  written hist {}
  pruned hist {}
  frontier written 0 pruned 0
  reasons [('rule check failed: IMPI', 18), ('rule check failed: ANDI', 14), ('rule check failed: BOTE', 11), ('final formula is not the conclusion', 9), ('rule check failed: ORI1', 9), ('rule check failed: ORI2', 8)]
[r3_4b/ei_depth3_25M_s2_frozen r1] heldout greedy SOLVED 4456/5000 = 0.891 [0.882,0.900]
  len 2: 1000/1000 = 1.000 [0.996,1.000]
  len 3: 996/1000 = 0.996 [0.990,0.998]
  len 4: 987/1000 = 0.987 [0.978,0.992]
  len 5: 978/1000 = 0.978 [0.967,0.985]
  len 6: 495/1000 = 0.495 [0.464,0.526]
  written hist {2: 1028, 3: 984, 4: 965, 5: 1024, 6: 454, 7: 1}
  pruned hist {2: 1029, 3: 985, 4: 969, 5: 1019, 6: 453, 7: 1}
  frontier written 6 pruned 6
  reasons [('rule check failed: DN', 156), ('bad box cite', 67), ('rule check failed: IMPI', 53), ('rule check failed: IMPE', 51), ('final formula is not the conclusion', 34), ('rule check failed: NEGE', 29)]
=== round 1 done in 109s; new proofs 0; cum targets solved 0
[r3_4b/ei_depth3_25M_s2_frozen r2] targets (this round, pass@32) SOLVED 0/300 = 0.000 [0.000,0.013]
  len 7: 0/6 = 0.000 [0.000,0.390]
  len 8: 0/294 = 0.000 [0.000,0.013]
  written hist {}
  pruned hist {}
  frontier written 0 pruned 0
  reasons [('rule check failed: IMPI', 1611), ('rule check failed: ORI2', 857), ('rule check failed: DN', 838), ('rule check failed: ANDI', 834), ('final formula is not the conclusion', 792), ('rule check failed: ANDE2', 738)]
[r3_4b/ei_depth3_25M_s2_frozen r2] targets (cumulative 64 attempts) SOLVED 0/300 = 0.000 [0.000,0.013]
  len 7: 0/6 = 0.000 [0.000,0.390]
  len 8: 0/294 = 0.000 [0.000,0.013]
  written hist {}
  pruned hist {}
  frontier written 0 pruned 0
  reasons []
[r3_4b/ei_depth3_25M_s2_frozen r2] transfer (this round, pass@32) SOLVED 0/100 = 0.000 [0.000,0.037]
  len 7: 0/6 = 0.000 [0.000,0.390]
  len 8: 0/94 = 0.000 [0.000,0.039]
  written hist {}
  pruned hist {}
  frontier written 0 pruned 0
  reasons [('rule check failed: IMPI', 525), ('rule check failed: ANDI', 437), ('rule check failed: BOTE', 330), ('rule check failed: ORI1', 297), ('rule check failed: ORI2', 246), ('final formula is not the conclusion', 233)]
[r3_4b/ei_depth3_25M_s2_frozen r2] transfer (cumulative 64 attempts) SOLVED 0/100 = 0.000 [0.000,0.037]
  len 7: 0/6 = 0.000 [0.000,0.390]
  len 8: 0/94 = 0.000 [0.000,0.039]
  written hist {}
  pruned hist {}
  frontier written 0 pruned 0
  reasons []
[r3_4b/ei_depth3_25M_s2_frozen r2] transfer greedy SOLVED 0/100 = 0.000 [0.000,0.037]
  len 7: 0/6 = 0.000 [0.000,0.390]
  len 8: 0/94 = 0.000 [0.000,0.039]
  written hist {}
  pruned hist {}
  frontier written 0 pruned 0
  reasons [('rule check failed: IMPI', 18), ('rule check failed: ANDI', 14), ('rule check failed: BOTE', 11), ('final formula is not the conclusion', 9), ('rule check failed: ORI1', 9), ('rule check failed: ORI2', 8)]
[r3_4b/ei_depth3_25M_s2_frozen r2] heldout greedy SOLVED 4456/5000 = 0.891 [0.882,0.900]
  len 2: 1000/1000 = 1.000 [0.996,1.000]
  len 3: 996/1000 = 0.996 [0.990,0.998]
  len 4: 987/1000 = 0.987 [0.978,0.992]
  len 5: 978/1000 = 0.978 [0.967,0.985]
  len 6: 495/1000 = 0.495 [0.464,0.526]
  written hist {2: 1028, 3: 984, 4: 965, 5: 1024, 6: 454, 7: 1}
  pruned hist {2: 1029, 3: 985, 4: 969, 5: 1019, 6: 453, 7: 1}
  frontier written 6 pruned 6
  reasons [('rule check failed: DN', 156), ('bad box cite', 67), ('rule check failed: IMPI', 53), ('rule check failed: IMPE', 51), ('final formula is not the conclusion', 34), ('rule check failed: NEGE', 29)]
=== round 2 done in 87s; new proofs 0; cum targets solved 0
[r3_4b/ei_depth3_25M_s2_frozen r3] targets (this round, pass@32) SOLVED 0/300 = 0.000 [0.000,0.013]
  len 7: 0/6 = 0.000 [0.000,0.390]
  len 8: 0/294 = 0.000 [0.000,0.013]
  written hist {}
  pruned hist {}
  frontier written 0 pruned 0
  reasons [('rule check failed: IMPI', 1587), ('rule check failed: ANDI', 846), ('rule check failed: ORI2', 843), ('rule check failed: DN', 839), ('final formula is not the conclusion', 777), ('rule check failed: IMPE', 727)]
[r3_4b/ei_depth3_25M_s2_frozen r3] targets (cumulative 96 attempts) SOLVED 0/300 = 0.000 [0.000,0.013]
  len 7: 0/6 = 0.000 [0.000,0.390]
  len 8: 0/294 = 0.000 [0.000,0.013]
  written hist {}
  pruned hist {}
  frontier written 0 pruned 0
  reasons []
[r3_4b/ei_depth3_25M_s2_frozen r3] transfer (this round, pass@32) SOLVED 0/100 = 0.000 [0.000,0.037]
  len 7: 0/6 = 0.000 [0.000,0.390]
  len 8: 0/94 = 0.000 [0.000,0.039]
  written hist {}
  pruned hist {}
  frontier written 0 pruned 0
  reasons [('rule check failed: IMPI', 525), ('rule check failed: ANDI', 417), ('rule check failed: BOTE', 335), ('rule check failed: ORI1', 299), ('rule check failed: ORI2', 255), ('final formula is not the conclusion', 245)]
[r3_4b/ei_depth3_25M_s2_frozen r3] transfer (cumulative 96 attempts) SOLVED 0/100 = 0.000 [0.000,0.037]
  len 7: 0/6 = 0.000 [0.000,0.390]
  len 8: 0/94 = 0.000 [0.000,0.039]
  written hist {}
  pruned hist {}
  frontier written 0 pruned 0
  reasons []
[r3_4b/ei_depth3_25M_s2_frozen r3] transfer greedy SOLVED 0/100 = 0.000 [0.000,0.037]
  len 7: 0/6 = 0.000 [0.000,0.390]
  len 8: 0/94 = 0.000 [0.000,0.039]
  written hist {}
  pruned hist {}
  frontier written 0 pruned 0
  reasons [('rule check failed: IMPI', 18), ('rule check failed: ANDI', 14), ('rule check failed: BOTE', 11), ('final formula is not the conclusion', 9), ('rule check failed: ORI1', 9), ('rule check failed: ORI2', 8)]
[r3_4b/ei_depth3_25M_s2_frozen r3] heldout greedy SOLVED 4456/5000 = 0.891 [0.882,0.900]
  len 2: 1000/1000 = 1.000 [0.996,1.000]
  len 3: 996/1000 = 0.996 [0.990,0.998]
  len 4: 987/1000 = 0.987 [0.978,0.992]
  len 5: 978/1000 = 0.978 [0.967,0.985]
  len 6: 495/1000 = 0.495 [0.464,0.526]
  written hist {2: 1028, 3: 984, 4: 965, 5: 1024, 6: 454, 7: 1}
  pruned hist {2: 1029, 3: 985, 4: 969, 5: 1019, 6: 453, 7: 1}
  frontier written 6 pruned 6
  reasons [('rule check failed: DN', 156), ('bad box cite', 67), ('rule check failed: IMPI', 53), ('rule check failed: IMPE', 51), ('final formula is not the conclusion', 34), ('rule check failed: NEGE', 29)]
=== round 3 done in 102s; new proofs 0; cum targets solved 0
[r3_4b/ei_depth3_25M_s2_frozen r4] targets (this round, pass@32) SOLVED 0/300 = 0.000 [0.000,0.013]
  len 7: 0/6 = 0.000 [0.000,0.390]
  len 8: 0/294 = 0.000 [0.000,0.013]
  written hist {}
  pruned hist {}
  frontier written 0 pruned 0
  reasons [('rule check failed: IMPI', 1551), ('rule check failed: ORI2', 856), ('rule check failed: ANDI', 837), ('final formula is not the conclusion', 826), ('rule check failed: DN', 817), ('rule check failed: IMPE', 755)]
[r3_4b/ei_depth3_25M_s2_frozen r4] targets (cumulative 128 attempts) SOLVED 0/300 = 0.000 [0.000,0.013]
  len 7: 0/6 = 0.000 [0.000,0.390]
  len 8: 0/294 = 0.000 [0.000,0.013]
  written hist {}
  pruned hist {}
  frontier written 0 pruned 0
  reasons []
[r3_4b/ei_depth3_25M_s2_frozen r4] transfer (this round, pass@32) SOLVED 0/100 = 0.000 [0.000,0.037]
  len 7: 0/6 = 0.000 [0.000,0.390]
  len 8: 0/94 = 0.000 [0.000,0.039]
  written hist {}
  pruned hist {}
  frontier written 0 pruned 0
  reasons [('rule check failed: IMPI', 531), ('rule check failed: ANDI', 416), ('rule check failed: BOTE', 352), ('rule check failed: ORI1', 293), ('rule check failed: ORI2', 247), ('final formula is not the conclusion', 231)]
[r3_4b/ei_depth3_25M_s2_frozen r4] transfer (cumulative 128 attempts) SOLVED 0/100 = 0.000 [0.000,0.037]
  len 7: 0/6 = 0.000 [0.000,0.390]
  len 8: 0/94 = 0.000 [0.000,0.039]
  written hist {}
  pruned hist {}
  frontier written 0 pruned 0
  reasons []
[r3_4b/ei_depth3_25M_s2_frozen r4] transfer greedy SOLVED 0/100 = 0.000 [0.000,0.037]
  len 7: 0/6 = 0.000 [0.000,0.390]
  len 8: 0/94 = 0.000 [0.000,0.039]
  written hist {}
  pruned hist {}
  frontier written 0 pruned 0
  reasons [('rule check failed: IMPI', 18), ('rule check failed: ANDI', 14), ('rule check failed: BOTE', 11), ('final formula is not the conclusion', 9), ('rule check failed: ORI1', 9), ('rule check failed: ORI2', 8)]
[r3_4b/ei_depth3_25M_s2_frozen r4] heldout greedy SOLVED 4456/5000 = 0.891 [0.882,0.900]
  len 2: 1000/1000 = 1.000 [0.996,1.000]
  len 3: 996/1000 = 0.996 [0.990,0.998]
  len 4: 987/1000 = 0.987 [0.978,0.992]
  len 5: 978/1000 = 0.978 [0.967,0.985]
  len 6: 495/1000 = 0.495 [0.464,0.526]
  written hist {2: 1028, 3: 984, 4: 965, 5: 1024, 6: 454, 7: 1}
  pruned hist {2: 1029, 3: 985, 4: 969, 5: 1019, 6: 453, 7: 1}
  frontier written 6 pruned 6
  reasons [('rule check failed: DN', 156), ('bad box cite', 67), ('rule check failed: IMPI', 53), ('rule check failed: IMPE', 51), ('final formula is not the conclusion', 34), ('rule check failed: NEGE', 29)]
=== round 4 done in 96s; new proofs 0; cum targets solved 0
[r3_4b/ei_depth3_25M_s2_frozen r5] targets (this round, pass@32) SOLVED 0/300 = 0.000 [0.000,0.013]
  len 7: 0/6 = 0.000 [0.000,0.390]
  len 8: 0/294 = 0.000 [0.000,0.013]
  written hist {}
  pruned hist {}
  frontier written 0 pruned 0
  reasons [('rule check failed: IMPI', 1570), ('rule check failed: ANDI', 864), ('rule check failed: ORI2', 852), ('rule check failed: DN', 828), ('final formula is not the conclusion', 788), ('rule check failed: IMPE', 737)]
[r3_4b/ei_depth3_25M_s2_frozen r5] targets (cumulative 160 attempts) SOLVED 0/300 = 0.000 [0.000,0.013]
  len 7: 0/6 = 0.000 [0.000,0.390]
  len 8: 0/294 = 0.000 [0.000,0.013]
  written hist {}
  pruned hist {}
  frontier written 0 pruned 0
  reasons []
[r3_4b/ei_depth3_25M_s2_frozen r5] transfer (this round, pass@32) SOLVED 0/100 = 0.000 [0.000,0.037]
  len 7: 0/6 = 0.000 [0.000,0.390]
  len 8: 0/94 = 0.000 [0.000,0.039]
  written hist {}
  pruned hist {}
  frontier written 0 pruned 0
  reasons [('rule check failed: IMPI', 531), ('rule check failed: ANDI', 424), ('rule check failed: BOTE', 350), ('rule check failed: ORI1', 296), ('final formula is not the conclusion', 246), ('rule check failed: ORI2', 237)]
[r3_4b/ei_depth3_25M_s2_frozen r5] transfer (cumulative 160 attempts) SOLVED 0/100 = 0.000 [0.000,0.037]
  len 7: 0/6 = 0.000 [0.000,0.390]
  len 8: 0/94 = 0.000 [0.000,0.039]
  written hist {}
  pruned hist {}
  frontier written 0 pruned 0
  reasons []
[r3_4b/ei_depth3_25M_s2_frozen r5] transfer greedy SOLVED 0/100 = 0.000 [0.000,0.037]
  len 7: 0/6 = 0.000 [0.000,0.390]
  len 8: 0/94 = 0.000 [0.000,0.039]
  written hist {}
  pruned hist {}
  frontier written 0 pruned 0
  reasons [('rule check failed: IMPI', 18), ('rule check failed: ANDI', 14), ('rule check failed: BOTE', 11), ('final formula is not the conclusion', 9), ('rule check failed: ORI1', 9), ('rule check failed: ORI2', 8)]
[r3_4b/ei_depth3_25M_s2_frozen r5] heldout greedy SOLVED 4456/5000 = 0.891 [0.882,0.900]
  len 2: 1000/1000 = 1.000 [0.996,1.000]
  len 3: 996/1000 = 0.996 [0.990,0.998]
  len 4: 987/1000 = 0.987 [0.978,0.992]
  len 5: 978/1000 = 0.978 [0.967,0.985]
  len 6: 495/1000 = 0.495 [0.464,0.526]
  written hist {2: 1028, 3: 984, 4: 965, 5: 1024, 6: 454, 7: 1}
  pruned hist {2: 1029, 3: 985, 4: 969, 5: 1019, 6: 453, 7: 1}
  frontier written 6 pruned 6
  reasons [('rule check failed: DN', 156), ('bad box cite', 67), ('rule check failed: IMPI', 53), ('rule check failed: IMPE', 51), ('final formula is not the conclusion', 34), ('rule check failed: NEGE', 29)]
=== round 5 done in 95s; new proofs 0; cum targets solved 0
[r3_4b/ei_depth3_25M_s2_frozen r6] targets (this round, pass@32) SOLVED 0/300 = 0.000 [0.000,0.013]
  len 7: 0/6 = 0.000 [0.000,0.390]
  len 8: 0/294 = 0.000 [0.000,0.013]
  written hist {}
  pruned hist {}
  frontier written 0 pruned 0
  reasons [('rule check failed: IMPI', 1606), ('rule check failed: ORI2', 868), ('rule check failed: DN', 867), ('rule check failed: ANDI', 848), ('final formula is not the conclusion', 767), ('rule check failed: IMPE', 755)]
[r3_4b/ei_depth3_25M_s2_frozen r6] targets (cumulative 192 attempts) SOLVED 0/300 = 0.000 [0.000,0.013]
  len 7: 0/6 = 0.000 [0.000,0.390]
  len 8: 0/294 = 0.000 [0.000,0.013]
  written hist {}
  pruned hist {}
  frontier written 0 pruned 0
  reasons []
[r3_4b/ei_depth3_25M_s2_frozen r6] transfer (this round, pass@32) SOLVED 0/100 = 0.000 [0.000,0.037]
  len 7: 0/6 = 0.000 [0.000,0.390]
  len 8: 0/94 = 0.000 [0.000,0.039]
  written hist {}
  pruned hist {}
  frontier written 0 pruned 0
  reasons [('rule check failed: IMPI', 514), ('rule check failed: ANDI', 429), ('rule check failed: BOTE', 351), ('rule check failed: ORI1', 302), ('rule check failed: ORI2', 239), ('rule check failed: IMPE', 229)]
[r3_4b/ei_depth3_25M_s2_frozen r6] transfer (cumulative 192 attempts) SOLVED 0/100 = 0.000 [0.000,0.037]
  len 7: 0/6 = 0.000 [0.000,0.390]
  len 8: 0/94 = 0.000 [0.000,0.039]
  written hist {}
  pruned hist {}
  frontier written 0 pruned 0
  reasons []
[r3_4b/ei_depth3_25M_s2_frozen r6] transfer greedy SOLVED 0/100 = 0.000 [0.000,0.037]
  len 7: 0/6 = 0.000 [0.000,0.390]
  len 8: 0/94 = 0.000 [0.000,0.039]
  written hist {}
  pruned hist {}
  frontier written 0 pruned 0
  reasons [('rule check failed: IMPI', 18), ('rule check failed: ANDI', 14), ('rule check failed: BOTE', 11), ('final formula is not the conclusion', 9), ('rule check failed: ORI1', 9), ('rule check failed: ORI2', 8)]
[r3_4b/ei_depth3_25M_s2_frozen r6] heldout greedy SOLVED 4456/5000 = 0.891 [0.882,0.900]
  len 2: 1000/1000 = 1.000 [0.996,1.000]
  len 3: 996/1000 = 0.996 [0.990,0.998]
  len 4: 987/1000 = 0.987 [0.978,0.992]
  len 5: 978/1000 = 0.978 [0.967,0.985]
  len 6: 495/1000 = 0.495 [0.464,0.526]
  written hist {2: 1028, 3: 984, 4: 965, 5: 1024, 6: 454, 7: 1}
  pruned hist {2: 1029, 3: 985, 4: 969, 5: 1019, 6: 453, 7: 1}
  frontier written 6 pruned 6
  reasons [('rule check failed: DN', 156), ('bad box cite', 67), ('rule check failed: IMPI', 53), ('rule check failed: IMPE', 51), ('final formula is not the conclusion', 34), ('rule check failed: NEGE', 29)]
=== round 6 done in 91s; new proofs 0; cum targets solved 0
[r3_4b/ei_depth3_25M_s2_frozen r7] targets (this round, pass@32) SOLVED 0/300 = 0.000 [0.000,0.013]
  len 7: 0/6 = 0.000 [0.000,0.390]
  len 8: 0/294 = 0.000 [0.000,0.013]
  written hist {}
  pruned hist {}
  frontier written 0 pruned 0
  reasons [('rule check failed: IMPI', 1582), ('rule check failed: ANDI', 854), ('rule check failed: DN', 851), ('rule check failed: ORI2', 832), ('final formula is not the conclusion', 805), ('rule check failed: IMPE', 746)]
[r3_4b/ei_depth3_25M_s2_frozen r7] targets (cumulative 224 attempts) SOLVED 0/300 = 0.000 [0.000,0.013]
  len 7: 0/6 = 0.000 [0.000,0.390]
  len 8: 0/294 = 0.000 [0.000,0.013]
  written hist {}
  pruned hist {}
  frontier written 0 pruned 0
  reasons []
[r3_4b/ei_depth3_25M_s2_frozen r7] transfer (this round, pass@32) SOLVED 0/100 = 0.000 [0.000,0.037]
  len 7: 0/6 = 0.000 [0.000,0.390]
  len 8: 0/94 = 0.000 [0.000,0.039]
  written hist {}
  pruned hist {}
  frontier written 0 pruned 0
  reasons [('rule check failed: IMPI', 512), ('rule check failed: ANDI', 436), ('rule check failed: BOTE', 350), ('rule check failed: ORI1', 289), ('final formula is not the conclusion', 238), ('rule check failed: ORI2', 236)]
[r3_4b/ei_depth3_25M_s2_frozen r7] transfer (cumulative 224 attempts) SOLVED 0/100 = 0.000 [0.000,0.037]
  len 7: 0/6 = 0.000 [0.000,0.390]
  len 8: 0/94 = 0.000 [0.000,0.039]
  written hist {}
  pruned hist {}
  frontier written 0 pruned 0
  reasons []
[r3_4b/ei_depth3_25M_s2_frozen r7] transfer greedy SOLVED 0/100 = 0.000 [0.000,0.037]
  len 7: 0/6 = 0.000 [0.000,0.390]
  len 8: 0/94 = 0.000 [0.000,0.039]
  written hist {}
  pruned hist {}
  frontier written 0 pruned 0
  reasons [('rule check failed: IMPI', 18), ('rule check failed: ANDI', 14), ('rule check failed: BOTE', 11), ('final formula is not the conclusion', 9), ('rule check failed: ORI1', 9), ('rule check failed: ORI2', 8)]
[r3_4b/ei_depth3_25M_s2_frozen r7] heldout greedy SOLVED 4456/5000 = 0.891 [0.882,0.900]
  len 2: 1000/1000 = 1.000 [0.996,1.000]
  len 3: 996/1000 = 0.996 [0.990,0.998]
  len 4: 987/1000 = 0.987 [0.978,0.992]
  len 5: 978/1000 = 0.978 [0.967,0.985]
  len 6: 495/1000 = 0.495 [0.464,0.526]
  written hist {2: 1028, 3: 984, 4: 965, 5: 1024, 6: 454, 7: 1}
  pruned hist {2: 1029, 3: 985, 4: 969, 5: 1019, 6: 453, 7: 1}
  frontier written 6 pruned 6
  reasons [('rule check failed: DN', 156), ('bad box cite', 67), ('rule check failed: IMPI', 53), ('rule check failed: IMPE', 51), ('final formula is not the conclusion', 34), ('rule check failed: NEGE', 29)]
=== round 7 done in 95s; new proofs 0; cum targets solved 0
[r3_4b/ei_depth3_25M_s2_frozen r8] targets (this round, pass@32) SOLVED 0/300 = 0.000 [0.000,0.013]
  len 7: 0/6 = 0.000 [0.000,0.390]
  len 8: 0/294 = 0.000 [0.000,0.013]
  written hist {}
  pruned hist {}
  frontier written 0 pruned 0
  reasons [('rule check failed: IMPI', 1604), ('rule check failed: DN', 888), ('rule check failed: ORI2', 855), ('rule check failed: ANDI', 841), ('final formula is not the conclusion', 785), ('rule check failed: IMPE', 733)]
[r3_4b/ei_depth3_25M_s2_frozen r8] targets (cumulative 256 attempts) SOLVED 0/300 = 0.000 [0.000,0.013]
  len 7: 0/6 = 0.000 [0.000,0.390]
  len 8: 0/294 = 0.000 [0.000,0.013]
  written hist {}
  pruned hist {}
  frontier written 0 pruned 0
  reasons []
[r3_4b/ei_depth3_25M_s2_frozen r8] transfer (this round, pass@32) SOLVED 0/100 = 0.000 [0.000,0.037]
  len 7: 0/6 = 0.000 [0.000,0.390]
  len 8: 0/94 = 0.000 [0.000,0.039]
  written hist {}
  pruned hist {}
  frontier written 0 pruned 0
  reasons [('rule check failed: IMPI', 535), ('rule check failed: ANDI', 407), ('rule check failed: BOTE', 344), ('rule check failed: ORI1', 288), ('rule check failed: ORI2', 255), ('final formula is not the conclusion', 232)]
[r3_4b/ei_depth3_25M_s2_frozen r8] transfer (cumulative 256 attempts) SOLVED 0/100 = 0.000 [0.000,0.037]
  len 7: 0/6 = 0.000 [0.000,0.390]
  len 8: 0/94 = 0.000 [0.000,0.039]
  written hist {}
  pruned hist {}
  frontier written 0 pruned 0
  reasons []
[r3_4b/ei_depth3_25M_s2_frozen r8] transfer greedy SOLVED 0/100 = 0.000 [0.000,0.037]
  len 7: 0/6 = 0.000 [0.000,0.390]
  len 8: 0/94 = 0.000 [0.000,0.039]
  written hist {}
  pruned hist {}
  frontier written 0 pruned 0
  reasons [('rule check failed: IMPI', 18), ('rule check failed: ANDI', 14), ('rule check failed: BOTE', 11), ('final formula is not the conclusion', 9), ('rule check failed: ORI1', 9), ('rule check failed: ORI2', 8)]
[r3_4b/ei_depth3_25M_s2_frozen r8] heldout greedy SOLVED 4456/5000 = 0.891 [0.882,0.900]
  len 2: 1000/1000 = 1.000 [0.996,1.000]
  len 3: 996/1000 = 0.996 [0.990,0.998]
  len 4: 987/1000 = 0.987 [0.978,0.992]
  len 5: 978/1000 = 0.978 [0.967,0.985]
  len 6: 495/1000 = 0.495 [0.464,0.526]
  written hist {2: 1028, 3: 984, 4: 965, 5: 1024, 6: 454, 7: 1}
  pruned hist {2: 1029, 3: 985, 4: 969, 5: 1019, 6: 453, 7: 1}
  frontier written 6 pruned 6
  reasons [('rule check failed: DN', 156), ('bad box cite', 67), ('rule check failed: IMPI', 53), ('rule check failed: IMPE', 51), ('final formula is not the conclusion', 34), ('rule check failed: NEGE', 29)]
=== round 8 done in 108s; new proofs 0; cum targets solved 0
