[r3_4b/ei_depth3_85Mr_s0_mix r1] targets (this round, pass@32) SOLVED 71/600 = 0.118 [0.095,0.147]
  len 7: 71/256 = 0.277 [0.226,0.335]
  len 8: 0/344 = 0.000 [0.000,0.011]
  written hist {7: 1131}
  pruned hist {5: 28, 6: 984, 7: 119}
  frontier written 7 pruned 7
  reasons [('bad box cite', 3065), ('rule check failed: IMPI', 2744), ('rule check failed: IMPE', 1498), ('rule check failed: ANDI', 1438), ('rule check failed: ORI1', 1156), ('final formula is not the conclusion', 1072)]
[r3_4b/ei_depth3_85Mr_s0_mix r1] targets (cumulative 32 attempts) SOLVED 71/600 = 0.118 [0.095,0.147]
  len 7: 71/256 = 0.277 [0.226,0.335]
  len 8: 0/344 = 0.000 [0.000,0.011]
  written hist {7: 1131}
  pruned hist {5: 28, 6: 984, 7: 119}
  frontier written 7 pruned 7
  reasons []
[r3_4b/ei_depth3_85Mr_s0_mix r1] transfer (this round, pass@32) SOLVED 0/100 = 0.000 [0.000,0.037]
  len 7: 0/6 = 0.000 [0.000,0.390]
  len 8: 0/94 = 0.000 [0.000,0.039]
  written hist {}
  pruned hist {}
  frontier written 0 pruned 0
  reasons [('rule check failed: IMPI', 821), ('bad box cite', 439), ('rule check failed: ANDI', 374), ('final formula is not the conclusion', 307), ('rule check failed: ORI1', 210), ('rule check failed: ORI2', 209)]
[r3_4b/ei_depth3_85Mr_s0_mix r1] transfer (cumulative 32 attempts) SOLVED 0/100 = 0.000 [0.000,0.037]
  len 7: 0/6 = 0.000 [0.000,0.390]
  len 8: 0/94 = 0.000 [0.000,0.039]
  written hist {}
  pruned hist {}
  frontier written 0 pruned 0
  reasons []
[r3_4b/ei_depth3_85Mr_s0_mix r1] transfer greedy SOLVED 0/100 = 0.000 [0.000,0.037]
  len 7: 0/6 = 0.000 [0.000,0.390]
  len 8: 0/94 = 0.000 [0.000,0.039]
  written hist {}
  pruned hist {}
  frontier written 0 pruned 0
  reasons [('rule check failed: IMPI', 24), ('bad box cite', 13), ('rule check failed: ANDI', 12), ('final formula is not the conclusion', 10), ('rule check failed: ORI1', 8), ('rule check failed: ORI2', 8)]
[r3_4b/ei_depth3_85Mr_s0_mix r1] heldout greedy SOLVED 4485/5000 = 0.897 [0.888,0.905]
  len 2: 1000/1000 = 1.000 [0.996,1.000]
  len 3: 998/1000 = 0.998 [0.993,0.999]
  len 4: 991/1000 = 0.991 [0.983,0.995]
  len 5: 980/1000 = 0.980 [0.969,0.987]
  len 6: 516/1000 = 0.516 [0.485,0.547]
  written hist {2: 1022, 3: 990, 4: 983, 5: 1006, 6: 484}
  pruned hist {2: 1022, 3: 990, 4: 987, 5: 1002, 6: 484}
  frontier written 6 pruned 6
  reasons [('bad box cite', 142), ('rule check failed: DN', 113), ('rule check failed: IMPI', 40), ('rule check failed: BOTE', 34), ('rule check failed: ANDI', 25), ('rule check failed: NEGE', 25)]
python3 train.py --data artifacts/r3_4b/ei_depth3_85Mr_s0_mix/mix_1.jsonl --init ckpts/r3_4b/stage1_depth3_f0_a1_85Mr_s0.pt --steps 600 --lr 3e-05 --min_lr 3e-06 --warmup 50 --cap 0 --out ckpts/r3_4b/ei_depth3_85Mr_s0_mix_r1.pt --seed 1 --log_every 200
params 85208064 mode abs shift True
train records 21016 max len 393
step 200 loss 0.0572 lr 2.53e-05 173s
step 400 loss 0.0539 lr 1.09e-05 342s
step 600 loss 0.0534 lr 3.00e-06 509s
saved ckpts/r3_4b/ei_depth3_85Mr_s0_mix_r1.pt
=== round 1 done in 840s; new proofs 1131; cum targets solved 71
[r3_4b/ei_depth3_85Mr_s0_mix r2] targets (this round, pass@32) SOLVED 100/600 = 0.167 [0.139,0.199]
  len 7: 99/256 = 0.387 [0.329,0.448]
  len 8: 1/344 = 0.003 [0.001,0.016]
  written hist {7: 2212, 8: 29}
  pruned hist {5: 24, 6: 1866, 7: 351}
  frontier written 8 pruned 7
  reasons [('bad box cite', 2951), ('rule check failed: IMPI', 2069), ('rule check failed: ANDI', 1810), ('rule check failed: ORI1', 1293), ('final formula is not the conclusion', 1122), ('rule check failed: ORI2', 1013)]
[r3_4b/ei_depth3_85Mr_s0_mix r2] targets (cumulative 64 attempts) SOLVED 100/600 = 0.167 [0.139,0.199]
  len 7: 99/256 = 0.387 [0.329,0.448]
  len 8: 1/344 = 0.003 [0.001,0.016]
  written hist {7: 2866, 8: 29}
  pruned hist {5: 43, 6: 2433, 7: 419}
  frontier written 8 pruned 7
  reasons []
[r3_4b/ei_depth3_85Mr_s0_mix r2] transfer (this round, pass@32) SOLVED 0/100 = 0.000 [0.000,0.037]
  len 7: 0/6 = 0.000 [0.000,0.390]
  len 8: 0/94 = 0.000 [0.000,0.039]
  written hist {}
  pruned hist {}
  frontier written 0 pruned 0
  reasons [('rule check failed: IMPI', 597), ('bad box cite', 555), ('rule check failed: ANDI', 473), ('final formula is not the conclusion', 300), ('rule check failed: ORI1', 283), ('rule check failed: ORI2', 174)]
[r3_4b/ei_depth3_85Mr_s0_mix r2] transfer (cumulative 64 attempts) SOLVED 0/100 = 0.000 [0.000,0.037]
  len 7: 0/6 = 0.000 [0.000,0.390]
  len 8: 0/94 = 0.000 [0.000,0.039]
  written hist {}
  pruned hist {}
  frontier written 0 pruned 0
  reasons []
[r3_4b/ei_depth3_85Mr_s0_mix r2] transfer greedy SOLVED 0/100 = 0.000 [0.000,0.037]
  len 7: 0/6 = 0.000 [0.000,0.390]
  len 8: 0/94 = 0.000 [0.000,0.039]
  written hist {}
  pruned hist {}
  frontier written 0 pruned 0
  reasons [('bad box cite', 20), ('rule check failed: IMPI', 17), ('rule check failed: ANDI', 15), ('rule check failed: ORI1', 9), ('final formula is not the conclusion', 9), ('rule check failed: DN', 5)]
[r3_4b/ei_depth3_85Mr_s0_mix r2] heldout greedy SOLVED 4555/5000 = 0.911 [0.903,0.919]
  len 2: 1000/1000 = 1.000 [0.996,1.000]
  len 3: 999/1000 = 0.999 [0.994,1.000]
  len 4: 990/1000 = 0.990 [0.982,0.995]
  len 5: 985/1000 = 0.985 [0.975,0.991]
  len 6: 581/1000 = 0.581 [0.550,0.611]
  written hist {2: 1021, 3: 992, 4: 983, 5: 1018, 6: 540, 7: 1}
  pruned hist {2: 1021, 3: 992, 4: 984, 5: 1017, 6: 540, 7: 1}
  frontier written 6 pruned 6
  reasons [('bad box cite', 120), ('rule check failed: DN', 78), ('rule check failed: NEGE', 52), ('rule check failed: ANDI', 31), ('rule check failed: ORI1', 20), ('parse: missing )', 18)]
python3 train.py --data artifacts/r3_4b/ei_depth3_85Mr_s0_mix/mix_2.jsonl --init ckpts/r3_4b/ei_depth3_85Mr_s0_mix_r1.pt --steps 600 --lr 3e-05 --min_lr 3e-06 --warmup 50 --cap 0 --out ckpts/r3_4b/ei_depth3_85Mr_s0_mix_r2.pt --seed 2 --log_every 200
params 85208064 mode abs shift True
train records 21596 max len 370
step 200 loss 0.0530 lr 2.53e-05 173s
step 400 loss 0.0488 lr 1.09e-05 348s
step 600 loss 0.0560 lr 3.00e-06 527s
saved ckpts/r3_4b/ei_depth3_85Mr_s0_mix_r2.pt
=== round 2 done in 845s; new proofs 1764; cum targets solved 100
[r3_4b/ei_depth3_85Mr_s0_mix r3] targets (this round, pass@32) SOLVED 108/600 = 0.180 [0.151,0.213]
  len 7: 104/256 = 0.406 [0.348,0.467]
  len 8: 4/344 = 0.012 [0.005,0.030]
  written hist {7: 1911, 8: 46}
  pruned hist {5: 17, 6: 1559, 7: 380, 8: 1}
  frontier written 8 pruned 7
  reasons [('bad box cite', 2624), ('rule check failed: IMPI', 2536), ('rule check failed: ANDI', 1529), ('rule check failed: ORI2', 1249), ('rule check failed: ORI1', 1113), ('final formula is not the conclusion', 977)]
[r3_4b/ei_depth3_85Mr_s0_mix r3] targets (cumulative 96 attempts) SOLVED 108/600 = 0.180 [0.151,0.213]
  len 7: 104/256 = 0.406 [0.348,0.467]
  len 8: 4/344 = 0.012 [0.005,0.030]
  written hist {7: 3753, 8: 63}
  pruned hist {5: 50, 6: 3134, 7: 631, 8: 1}
  frontier written 8 pruned 7
  reasons []
[r3_4b/ei_depth3_85Mr_s0_mix r3] transfer (this round, pass@32) SOLVED 0/100 = 0.000 [0.000,0.037]
  len 7: 0/6 = 0.000 [0.000,0.390]
  len 8: 0/94 = 0.000 [0.000,0.039]
  written hist {}
  pruned hist {}
  frontier written 0 pruned 0
  reasons [('rule check failed: IMPI', 860), ('bad box cite', 485), ('rule check failed: ANDI', 468), ('final formula is not the conclusion', 247), ('rule check failed: ORI2', 183), ('rule check failed: ORI1', 152)]
[r3_4b/ei_depth3_85Mr_s0_mix r3] transfer (cumulative 96 attempts) SOLVED 0/100 = 0.000 [0.000,0.037]
  len 7: 0/6 = 0.000 [0.000,0.390]
  len 8: 0/94 = 0.000 [0.000,0.039]
  written hist {}
  pruned hist {}
  frontier written 0 pruned 0
  reasons []
[r3_4b/ei_depth3_85Mr_s0_mix r3] transfer greedy SOLVED 0/100 = 0.000 [0.000,0.037]
  len 7: 0/6 = 0.000 [0.000,0.390]
  len 8: 0/94 = 0.000 [0.000,0.039]
  written hist {}
  pruned hist {}
  frontier written 0 pruned 0
  reasons [('rule check failed: IMPI', 27), ('bad box cite', 18), ('rule check failed: ANDI', 14), ('final formula is not the conclusion', 8), ('rule check failed: ORI2', 6), ('rule check failed: ORI1', 4)]
[r3_4b/ei_depth3_85Mr_s0_mix r3] heldout greedy SOLVED 4631/5000 = 0.926 [0.919,0.933]
  len 2: 1000/1000 = 1.000 [0.996,1.000]
  len 3: 998/1000 = 0.998 [0.993,0.999]
  len 4: 990/1000 = 0.990 [0.982,0.995]
  len 5: 982/1000 = 0.982 [0.972,0.989]
  len 6: 661/1000 = 0.661 [0.631,0.690]
  written hist {2: 1016, 3: 992, 4: 978, 5: 1025, 6: 619, 7: 1}
  pruned hist {2: 1017, 3: 993, 4: 986, 5: 1018, 6: 616, 7: 1}
  frontier written 6 pruned 6
  reasons [('bad box cite', 127), ('rule check failed: DN', 44), ('rule check failed: NEGE', 36), ('rule check failed: BOTE', 29), ('rule check failed: IMPI', 20), ('rule check failed: ORI1', 19)]
python3 train.py --data artifacts/r3_4b/ei_depth3_85Mr_s0_mix/mix_3.jsonl --init ckpts/r3_4b/ei_depth3_85Mr_s0_mix_r2.pt --steps 600 --lr 3e-05 --min_lr 3e-06 --warmup 50 --cap 0 --out ckpts/r3_4b/ei_depth3_85Mr_s0_mix_r3.pt --seed 3 --log_every 200
params 85208064 mode abs shift True
train records 21704 max len 364
step 200 loss 0.0547 lr 2.53e-05 165s
step 400 loss 0.0521 lr 1.09e-05 337s
step 600 loss 0.0511 lr 3.00e-06 510s
saved ckpts/r3_4b/ei_depth3_85Mr_s0_mix_r3.pt
=== round 3 done in 857s; new proofs 921; cum targets solved 108
[r3_4b/ei_depth3_85Mr_s0_mix r4] targets (this round, pass@32) SOLVED 109/600 = 0.182 [0.153,0.215]
  len 7: 105/256 = 0.410 [0.352,0.471]
  len 8: 4/344 = 0.012 [0.005,0.030]
  written hist {7: 1920, 8: 76}
  pruned hist {5: 15, 6: 1588, 7: 389, 8: 4}
  frontier written 8 pruned 7
  reasons [('bad box cite', 2980), ('rule check failed: IMPI', 2313), ('rule check failed: ANDI', 1699), ('rule check failed: ORI2', 1324), ('rule check failed: ORI1', 1208), ('rule check failed: DN', 834)]
[r3_4b/ei_depth3_85Mr_s0_mix r4] targets (cumulative 128 attempts) SOLVED 109/600 = 0.182 [0.153,0.215]
  len 7: 105/256 = 0.410 [0.352,0.471]
  len 8: 4/344 = 0.012 [0.005,0.030]
  written hist {7: 4242, 8: 114}
  pruned hist {5: 50, 6: 3533, 7: 769, 8: 4}
  frontier written 8 pruned 7
  reasons []
[r3_4b/ei_depth3_85Mr_s0_mix r4] transfer (this round, pass@32) SOLVED 0/100 = 0.000 [0.000,0.037]
  len 7: 0/6 = 0.000 [0.000,0.390]
  len 8: 0/94 = 0.000 [0.000,0.039]
  written hist {}
  pruned hist {}
  frontier written 0 pruned 0
  reasons [('rule check failed: IMPI', 853), ('bad box cite', 606), ('rule check failed: ANDI', 434), ('parse: missing )', 272), ('rule check failed: ORI2', 188), ('final formula is not the conclusion', 132)]
[r3_4b/ei_depth3_85Mr_s0_mix r4] transfer (cumulative 128 attempts) SOLVED 0/100 = 0.000 [0.000,0.037]
  len 7: 0/6 = 0.000 [0.000,0.390]
  len 8: 0/94 = 0.000 [0.000,0.039]
  written hist {}
  pruned hist {}
  frontier written 0 pruned 0
  reasons []
[r3_4b/ei_depth3_85Mr_s0_mix r4] transfer greedy SOLVED 0/100 = 0.000 [0.000,0.037]
  len 7: 0/6 = 0.000 [0.000,0.390]
  len 8: 0/94 = 0.000 [0.000,0.039]
  written hist {}
  pruned hist {}
  frontier written 0 pruned 0
  reasons [('rule check failed: IMPI', 24), ('bad box cite', 22), ('rule check failed: ANDI', 14), ('parse: missing )', 8), ('rule check failed: ORI2', 6), ('rule check failed: ORI1', 4)]
[r3_4b/ei_depth3_85Mr_s0_mix r4] heldout greedy SOLVED 4605/5000 = 0.921 [0.913,0.928]
  len 2: 999/1000 = 0.999 [0.994,1.000]
  len 3: 997/1000 = 0.997 [0.991,0.999]
  len 4: 987/1000 = 0.987 [0.978,0.992]
  len 5: 979/1000 = 0.979 [0.968,0.986]
  len 6: 643/1000 = 0.643 [0.613,0.672]
  written hist {2: 1014, 3: 992, 4: 989, 5: 1013, 6: 596, 7: 1}
  pruned hist {2: 1014, 3: 992, 4: 992, 5: 1012, 6: 594, 7: 1}
  frontier written 6 pruned 6
  reasons [('bad box cite', 140), ('rule check failed: DN', 56), ('rule check failed: NEGE', 38), ('rule check failed: BOTE', 28), ('rule check failed: ANDI', 22), ('rule check failed: IMPI', 19)]
python3 train.py --data artifacts/r3_4b/ei_depth3_85Mr_s0_mix/mix_4.jsonl --init ckpts/r3_4b/ei_depth3_85Mr_s0_mix_r3.pt --steps 600 --lr 3e-05 --min_lr 3e-06 --warmup 50 --cap 0 --out ckpts/r3_4b/ei_depth3_85Mr_s0_mix_r4.pt --seed 4 --log_every 200
params 85208064 mode abs shift True
train records 21740 max len 344
step 200 loss 0.0538 lr 2.53e-05 97s
step 400 loss 0.0541 lr 1.09e-05 194s
step 600 loss 0.0512 lr 3.00e-06 290s
saved ckpts/r3_4b/ei_depth3_85Mr_s0_mix_r4.pt
=== round 4 done in 496s; new proofs 540; cum targets solved 109
[r3_4b/ei_depth3_85Mr_s0_mix r5] targets (this round, pass@32) SOLVED 110/600 = 0.183 [0.154,0.216]
  len 7: 106/256 = 0.414 [0.355,0.475]
  len 8: 4/344 = 0.012 [0.005,0.030]
  written hist {7: 1915, 8: 81}
  pruned hist {5: 19, 6: 1602, 7: 360, 8: 15}
  frontier written 8 pruned 8
  reasons [('bad box cite', 2683), ('rule check failed: IMPI', 2592), ('rule check failed: ANDI', 1291), ('rule check failed: ORI2', 1230), ('final formula is not the conclusion', 1130), ('rule check failed: ORI1', 1091)]
[r3_4b/ei_depth3_85Mr_s0_mix r5] targets (cumulative 160 attempts) SOLVED 110/600 = 0.183 [0.154,0.216]
  len 7: 106/256 = 0.414 [0.355,0.475]
  len 8: 4/344 = 0.012 [0.005,0.030]
  written hist {7: 4565, 8: 144}
  pruned hist {5: 53, 6: 3801, 7: 838, 8: 17}
  frontier written 8 pruned 8
  reasons []
[r3_4b/ei_depth3_85Mr_s0_mix r5] transfer (this round, pass@32) SOLVED 0/100 = 0.000 [0.000,0.037]
  len 7: 0/6 = 0.000 [0.000,0.390]
  len 8: 0/94 = 0.000 [0.000,0.039]
  written hist {}
  pruned hist {}
  frontier written 0 pruned 0
  reasons [('rule check failed: IMPI', 750), ('bad box cite', 603), ('rule check failed: ANDI', 477), ('final formula is not the conclusion', 259), ('parse: missing )', 164), ('rule check failed: ORI2', 159)]
[r3_4b/ei_depth3_85Mr_s0_mix r5] transfer (cumulative 160 attempts) SOLVED 0/100 = 0.000 [0.000,0.037]
  len 7: 0/6 = 0.000 [0.000,0.390]
  len 8: 0/94 = 0.000 [0.000,0.039]
  written hist {}
  pruned hist {}
  frontier written 0 pruned 0
  reasons []
[r3_4b/ei_depth3_85Mr_s0_mix r5] transfer greedy SOLVED 0/100 = 0.000 [0.000,0.037]
  len 7: 0/6 = 0.000 [0.000,0.390]
  len 8: 0/94 = 0.000 [0.000,0.039]
  written hist {}
  pruned hist {}
  frontier written 0 pruned 0
  reasons [('rule check failed: IMPI', 25), ('bad box cite', 19), ('rule check failed: ANDI', 16), ('final formula is not the conclusion', 9), ('parse: missing )', 6), ('rule check failed: ORI1', 4)]
[r3_4b/ei_depth3_85Mr_s0_mix r5] heldout greedy SOLVED 4614/5000 = 0.923 [0.915,0.930]
  len 2: 1000/1000 = 1.000 [0.996,1.000]
  len 3: 998/1000 = 0.998 [0.993,0.999]
  len 4: 989/1000 = 0.989 [0.980,0.994]
  len 5: 977/1000 = 0.977 [0.966,0.985]
  len 6: 650/1000 = 0.650 [0.620,0.679]
  written hist {2: 1017, 3: 997, 4: 986, 5: 1014, 6: 600}
  pruned hist {2: 1018, 3: 997, 4: 989, 5: 1013, 6: 597}
  frontier written 6 pruned 6
  reasons [('bad box cite', 128), ('rule check failed: DN', 42), ('rule check failed: NEGE', 39), ('rule check failed: BOTE', 27), ('rule check failed: IMPE', 22), ('rule check failed: IMPI', 21)]
python3 train.py --data artifacts/r3_4b/ei_depth3_85Mr_s0_mix/mix_5.jsonl --init ckpts/r3_4b/ei_depth3_85Mr_s0_mix_r4.pt --steps 600 --lr 3e-05 --min_lr 3e-06 --warmup 50 --cap 0 --out ckpts/r3_4b/ei_depth3_85Mr_s0_mix_r5.pt --seed 5 --log_every 200
params 85208064 mode abs shift True
train records 21760 max len 422
step 200 loss 0.0544 lr 2.53e-05 98s
step 400 loss 0.0527 lr 1.09e-05 194s
step 600 loss 0.0502 lr 3.00e-06 292s
saved ckpts/r3_4b/ei_depth3_85Mr_s0_mix_r5.pt
=== round 5 done in 463s; new proofs 353; cum targets solved 110
[r3_4b/ei_depth3_85Mr_s0_mix r6] targets (this round, pass@32) SOLVED 110/600 = 0.183 [0.154,0.216]
  len 7: 106/256 = 0.414 [0.355,0.475]
  len 8: 4/344 = 0.012 [0.005,0.030]
  written hist {7: 1902, 8: 64}
  pruned hist {5: 21, 6: 1587, 7: 344, 8: 14}
  frontier written 8 pruned 8
  reasons [('rule check failed: IMPI', 2536), ('bad box cite', 1941), ('final formula is not the conclusion', 1560), ('rule check failed: ORI2', 1302), ('rule check failed: ORI1', 1191), ('rule check failed: ANDI', 1138)]
[r3_4b/ei_depth3_85Mr_s0_mix r6] targets (cumulative 192 attempts) SOLVED 110/600 = 0.183 [0.154,0.216]
  len 7: 106/256 = 0.414 [0.355,0.475]
  len 8: 4/344 = 0.012 [0.005,0.030]
  written hist {7: 4767, 8: 154}
  pruned hist {5: 55, 6: 3965, 7: 879, 8: 22}
  frontier written 8 pruned 8
  reasons []
[r3_4b/ei_depth3_85Mr_s0_mix r6] transfer (this round, pass@32) SOLVED 0/100 = 0.000 [0.000,0.037]
  len 7: 0/6 = 0.000 [0.000,0.390]
  len 8: 0/94 = 0.000 [0.000,0.039]
  written hist {}
  pruned hist {}
  frontier written 0 pruned 0
  reasons [('rule check failed: IMPI', 860), ('rule check failed: ANDI', 488), ('final formula is not the conclusion', 283), ('parse: missing )', 266), ('bad box cite', 254), ('rule check failed: DN', 193)]
[r3_4b/ei_depth3_85Mr_s0_mix r6] transfer (cumulative 192 attempts) SOLVED 0/100 = 0.000 [0.000,0.037]
  len 7: 0/6 = 0.000 [0.000,0.390]
  len 8: 0/94 = 0.000 [0.000,0.039]
  written hist {}
  pruned hist {}
  frontier written 0 pruned 0
  reasons []
[r3_4b/ei_depth3_85Mr_s0_mix r6] transfer greedy SOLVED 0/100 = 0.000 [0.000,0.037]
  len 7: 0/6 = 0.000 [0.000,0.390]
  len 8: 0/94 = 0.000 [0.000,0.039]
  written hist {}
  pruned hist {}
  frontier written 0 pruned 0
  reasons [('rule check failed: IMPI', 26), ('rule check failed: ANDI', 17), ('parse: missing )', 11), ('bad box cite', 8), ('rule check failed: ORI2', 7), ('final formula is not the conclusion', 7)]
[r3_4b/ei_depth3_85Mr_s0_mix r6] heldout greedy SOLVED 4579/5000 = 0.916 [0.908,0.923]
  len 2: 1000/1000 = 1.000 [0.996,1.000]
  len 3: 998/1000 = 0.998 [0.993,0.999]
  len 4: 987/1000 = 0.987 [0.978,0.992]
  len 5: 978/1000 = 0.978 [0.967,0.985]
  len 6: 616/1000 = 0.616 [0.585,0.646]
  written hist {2: 1018, 3: 998, 4: 981, 5: 1007, 6: 575}
  pruned hist {2: 1018, 3: 999, 4: 984, 5: 1006, 6: 572}
  frontier written 6 pruned 6
  reasons [('bad box cite', 117), ('rule check failed: DN', 52), ('rule check failed: NEGE', 37), ('rule check failed: ANDI', 26), ('parse: missing )', 25), ('rule check failed: BOTE', 21)]
python3 train.py --data artifacts/r3_4b/ei_depth3_85Mr_s0_mix/mix_6.jsonl --init ckpts/r3_4b/ei_depth3_85Mr_s0_mix_r5.pt --steps 600 --lr 3e-05 --min_lr 3e-06 --warmup 50 --cap 0 --out ckpts/r3_4b/ei_depth3_85Mr_s0_mix_r6.pt --seed 6 --log_every 200
params 85208064 mode abs shift True
train records 21760 max len 393
step 200 loss 0.0538 lr 2.53e-05 98s
step 400 loss 0.0520 lr 1.09e-05 197s
step 600 loss 0.0529 lr 3.00e-06 296s
saved ckpts/r3_4b/ei_depth3_85Mr_s0_mix_r6.pt
=== round 6 done in 470s; new proofs 212; cum targets solved 110
[r3_4b/ei_depth3_85Mr_s0_mix r7] targets (this round, pass@32) SOLVED 112/600 = 0.187 [0.158,0.220]
  len 7: 108/256 = 0.422 [0.363,0.483]
  len 8: 4/344 = 0.012 [0.005,0.030]
  written hist {7: 1833, 8: 71}
  pruned hist {5: 19, 6: 1502, 7: 370, 8: 13}
  frontier written 8 pruned 8
  reasons [('bad box cite', 3299), ('rule check failed: IMPI', 2405), ('final formula is not the conclusion', 1590), ('rule check failed: ORI2', 1214), ('rule check failed: ANDI', 1050), ('rule check failed: ORI1', 933)]
[r3_4b/ei_depth3_85Mr_s0_mix r7] targets (cumulative 224 attempts) SOLVED 112/600 = 0.187 [0.158,0.220]
  len 7: 108/256 = 0.422 [0.363,0.483]
  len 8: 4/344 = 0.012 [0.005,0.030]
  written hist {7: 4909, 8: 164}
  pruned hist {5: 56, 6: 4073, 7: 919, 8: 25}
  frontier written 8 pruned 8
  reasons []
[r3_4b/ei_depth3_85Mr_s0_mix r7] transfer (this round, pass@32) SOLVED 0/100 = 0.000 [0.000,0.037]
  len 7: 0/6 = 0.000 [0.000,0.390]
  len 8: 0/94 = 0.000 [0.000,0.039]
  written hist {}
  pruned hist {}
  frontier written 0 pruned 0
  reasons [('rule check failed: IMPI', 870), ('bad box cite', 603), ('final formula is not the conclusion', 405), ('rule check failed: ANDI', 395), ('rule check failed: ORI2', 152), ('rule check failed: BOTE', 107)]
[r3_4b/ei_depth3_85Mr_s0_mix r7] transfer (cumulative 224 attempts) SOLVED 0/100 = 0.000 [0.000,0.037]
  len 7: 0/6 = 0.000 [0.000,0.390]
  len 8: 0/94 = 0.000 [0.000,0.039]
  written hist {}
  pruned hist {}
  frontier written 0 pruned 0
  reasons []
[r3_4b/ei_depth3_85Mr_s0_mix r7] transfer greedy SOLVED 0/100 = 0.000 [0.000,0.037]
  len 7: 0/6 = 0.000 [0.000,0.390]
  len 8: 0/94 = 0.000 [0.000,0.039]
  written hist {}
  pruned hist {}
  frontier written 0 pruned 0
  reasons [('rule check failed: IMPI', 27), ('bad box cite', 19), ('final formula is not the conclusion', 13), ('rule check failed: ANDI', 12), ('rule check failed: ORI2', 5), ('rule check failed: BOTE', 5)]
[r3_4b/ei_depth3_85Mr_s0_mix r7] heldout greedy SOLVED 4583/5000 = 0.917 [0.909,0.924]
  len 2: 1000/1000 = 1.000 [0.996,1.000]
  len 3: 998/1000 = 0.998 [0.993,0.999]
  len 4: 987/1000 = 0.987 [0.978,0.992]
  len 5: 978/1000 = 0.978 [0.967,0.985]
  len 6: 620/1000 = 0.620 [0.590,0.650]
  written hist {2: 1021, 3: 989, 4: 995, 5: 1002, 6: 576}
  pruned hist {2: 1022, 3: 990, 4: 998, 5: 999, 6: 574}
  frontier written 6 pruned 6
  reasons [('bad box cite', 115), ('rule check failed: DN', 57), ('rule check failed: NEGE', 38), ('rule check failed: BOTE', 29), ('rule check failed: ANDI', 27), ('rule check failed: IMPE', 26)]
python3 train.py --data artifacts/r3_4b/ei_depth3_85Mr_s0_mix/mix_7.jsonl --init ckpts/r3_4b/ei_depth3_85Mr_s0_mix_r6.pt --steps 600 --lr 3e-05 --min_lr 3e-06 --warmup 50 --cap 0 --out ckpts/r3_4b/ei_depth3_85Mr_s0_mix_r7.pt --seed 7 --log_every 200
params 85208064 mode abs shift True
train records 21788 max len 393
step 200 loss 0.0495 lr 2.53e-05 97s
step 400 loss 0.0560 lr 1.09e-05 192s
step 600 loss 0.0534 lr 3.00e-06 290s
saved ckpts/r3_4b/ei_depth3_85Mr_s0_mix_r7.pt
=== round 7 done in 469s; new proofs 152; cum targets solved 112
[r3_4b/ei_depth3_85Mr_s0_mix r8] targets (this round, pass@32) SOLVED 113/600 = 0.188 [0.159,0.222]
  len 7: 109/256 = 0.426 [0.367,0.487]
  len 8: 4/344 = 0.012 [0.005,0.030]
  written hist {7: 1881, 8: 75}
  pruned hist {5: 17, 6: 1584, 7: 345, 8: 10}
  frontier written 8 pruned 8
  reasons [('rule check failed: IMPI', 3302), ('bad box cite', 2192), ('rule check failed: ANDI', 1526), ('final formula is not the conclusion', 1209), ('rule check failed: ORI1', 1016), ('rule check failed: ORI2', 1014)]
[r3_4b/ei_depth3_85Mr_s0_mix r8] targets (cumulative 256 attempts) SOLVED 113/600 = 0.188 [0.159,0.222]
  len 7: 109/256 = 0.426 [0.367,0.487]
  len 8: 4/344 = 0.012 [0.005,0.030]
  written hist {7: 5048, 8: 176}
  pruned hist {5: 57, 6: 4207, 7: 933, 8: 27}
  frontier written 8 pruned 8
  reasons []
[r3_4b/ei_depth3_85Mr_s0_mix r8] transfer (this round, pass@32) SOLVED 0/100 = 0.000 [0.000,0.037]
  len 7: 0/6 = 0.000 [0.000,0.390]
  len 8: 0/94 = 0.000 [0.000,0.039]
  written hist {}
  pruned hist {}
  frontier written 0 pruned 0
  reasons [('rule check failed: IMPI', 922), ('rule check failed: ANDI', 453), ('bad box cite', 343), ('rule check failed: ORI1', 263), ('final formula is not the conclusion', 214), ('rule check failed: ORI2', 197)]
[r3_4b/ei_depth3_85Mr_s0_mix r8] transfer (cumulative 256 attempts) SOLVED 0/100 = 0.000 [0.000,0.037]
  len 7: 0/6 = 0.000 [0.000,0.390]
  len 8: 0/94 = 0.000 [0.000,0.039]
  written hist {}
  pruned hist {}
  frontier written 0 pruned 0
  reasons []
[r3_4b/ei_depth3_85Mr_s0_mix r8] transfer greedy SOLVED 0/100 = 0.000 [0.000,0.037]
  len 7: 0/6 = 0.000 [0.000,0.390]
  len 8: 0/94 = 0.000 [0.000,0.039]
  written hist {}
  pruned hist {}
  frontier written 0 pruned 0
  reasons [('rule check failed: IMPI', 29), ('rule check failed: ANDI', 15), ('bad box cite', 10), ('rule check failed: ORI1', 8), ('final formula is not the conclusion', 7), ('rule check failed: ORI2', 6)]
[r3_4b/ei_depth3_85Mr_s0_mix r8] heldout greedy SOLVED 4582/5000 = 0.916 [0.908,0.924]
  len 2: 1000/1000 = 1.000 [0.996,1.000]
  len 3: 998/1000 = 0.998 [0.993,0.999]
  len 4: 990/1000 = 0.990 [0.982,0.995]
  len 5: 982/1000 = 0.982 [0.972,0.989]
  len 6: 612/1000 = 0.612 [0.581,0.642]
  written hist {2: 1018, 3: 995, 4: 985, 5: 1008, 6: 576}
  pruned hist {2: 1018, 3: 997, 4: 986, 5: 1009, 6: 572}
  frontier written 6 pruned 6
  reasons [('bad box cite', 141), ('rule check failed: DN', 47), ('rule check failed: ANDI', 29), ('rule check failed: NEGE', 29), ('rule check failed: BOTE', 25), ('rule check failed: IMPE', 24)]
python3 train.py --data artifacts/r3_4b/ei_depth3_85Mr_s0_mix/mix_8.jsonl --init ckpts/r3_4b/ei_depth3_85Mr_s0_mix_r7.pt --steps 600 --lr 3e-05 --min_lr 3e-06 --warmup 50 --cap 0 --out ckpts/r3_4b/ei_depth3_85Mr_s0_mix_r8.pt --seed 8 --log_every 200
params 85208064 mode abs shift True
train records 21796 max len 349
step 200 loss 0.0544 lr 2.53e-05 97s
step 400 loss 0.0521 lr 1.09e-05 193s
step 600 loss 0.0526 lr 3.00e-06 289s
saved ckpts/r3_4b/ei_depth3_85Mr_s0_mix_r8.pt
=== round 8 done in 457s; new proofs 151; cum targets solved 113
