[r3_4b/ei_depth3_85M_s2_mix r1] targets (this round, pass@32) SOLVED 70/600 = 0.117 [0.093,0.145]
  len 7: 70/256 = 0.273 [0.222,0.331]
  len 8: 0/344 = 0.000 [0.000,0.011]
  written hist {7: 1091, 8: 1}
  pruned hist {6: 948, 7: 144}
  frontier written 7 pruned 7
  reasons [('rule check failed: IMPE', 2676), ('rule check failed: IMPI', 2474), ('rule check failed: ANDI', 1816), ('parse: missing )', 1444), ('rule check failed: ORI2', 1171), ('rule check failed: DN', 1155)]
[r3_4b/ei_depth3_85M_s2_mix r1] targets (cumulative 32 attempts) SOLVED 70/600 = 0.117 [0.093,0.145]
  len 7: 70/256 = 0.273 [0.222,0.331]
  len 8: 0/344 = 0.000 [0.000,0.011]
  written hist {7: 1091, 8: 1}
  pruned hist {6: 948, 7: 144}
  frontier written 7 pruned 7
  reasons []
[r3_4b/ei_depth3_85M_s2_mix r1] transfer (this round, pass@32) SOLVED 0/100 = 0.000 [0.000,0.037]
  len 7: 0/6 = 0.000 [0.000,0.390]
  len 8: 0/94 = 0.000 [0.000,0.039]
  written hist {}
  pruned hist {}
  frontier written 0 pruned 0
  reasons [('rule check failed: IMPI', 638), ('parse: missing )', 468), ('rule check failed: ANDI', 358), ('rule check failed: IMPE', 299), ('rule check failed: ORI1', 255), ('rule check failed: ORI2', 203)]
[r3_4b/ei_depth3_85M_s2_mix r1] transfer (cumulative 32 attempts) SOLVED 0/100 = 0.000 [0.000,0.037]
  len 7: 0/6 = 0.000 [0.000,0.390]
  len 8: 0/94 = 0.000 [0.000,0.039]
  written hist {}
  pruned hist {}
  frontier written 0 pruned 0
  reasons []
[r3_4b/ei_depth3_85M_s2_mix r1] transfer greedy SOLVED 0/100 = 0.000 [0.000,0.037]
  len 7: 0/6 = 0.000 [0.000,0.390]
  len 8: 0/94 = 0.000 [0.000,0.039]
  written hist {}
  pruned hist {}
  frontier written 0 pruned 0
  reasons [('rule check failed: IMPI', 18), ('parse: missing )', 16), ('rule check failed: IMPE', 12), ('rule check failed: ANDI', 11), ('rule check failed: ORI1', 8), ('rule check failed: ORI2', 6)]
[r3_4b/ei_depth3_85M_s2_mix r1] heldout greedy SOLVED 4431/5000 = 0.886 [0.877,0.895]
  len 2: 998/1000 = 0.998 [0.993,0.999]
  len 3: 997/1000 = 0.997 [0.991,0.999]
  len 4: 975/1000 = 0.975 [0.963,0.983]
  len 5: 976/1000 = 0.976 [0.965,0.984]
  len 6: 485/1000 = 0.485 [0.454,0.516]
  written hist {2: 1024, 3: 987, 4: 959, 5: 1013, 6: 448}
  pruned hist {2: 1024, 3: 989, 4: 958, 5: 1014, 6: 446}
  frontier written 6 pruned 6
  reasons [('rule check failed: DN', 116), ('bad box cite', 91), ('rule check failed: IMPE', 61), ('rule check failed: ANDI', 45), ('rule check failed: IMPI', 45), ('parse: missing )', 45)]
python3 train.py --data artifacts/r3_4b/ei_depth3_85M_s2_mix/mix_1.jsonl --init ckpts/r3_4b/stage1_depth3_f0_a1_85M_s2.pt --steps 600 --lr 3e-05 --min_lr 3e-06 --warmup 50 --cap 0 --out ckpts/r3_4b/ei_depth3_85M_s2_mix_r1.pt --seed 2001 --log_every 200
params 85208064 mode abs shift True
train records 21020 max len 444
step 200 loss 0.0523 lr 2.53e-05 175s
step 400 loss 0.0566 lr 1.09e-05 348s
step 600 loss 0.0550 lr 3.00e-06 526s
saved ckpts/r3_4b/ei_depth3_85M_s2_mix_r1.pt
=== round 1 done in 802s; new proofs 1092; cum targets solved 70
[r3_4b/ei_depth3_85M_s2_mix r2] targets (this round, pass@32) SOLVED 91/600 = 0.152 [0.125,0.183]
  len 7: 89/256 = 0.348 [0.292,0.408]
  len 8: 2/344 = 0.006 [0.002,0.021]
  written hist {7: 1816, 8: 20}
  pruned hist {6: 1547, 7: 289}
  frontier written 8 pruned 7
  reasons [('rule check failed: IMPI', 2822), ('parse: missing )', 1558), ('rule check failed: ANDI', 1426), ('bad box cite', 1352), ('rule check failed: IMPE', 1189), ('rule check failed: ORI2', 1142)]
[r3_4b/ei_depth3_85M_s2_mix r2] targets (cumulative 64 attempts) SOLVED 91/600 = 0.152 [0.125,0.183]
  len 7: 89/256 = 0.348 [0.292,0.408]
  len 8: 2/344 = 0.006 [0.002,0.021]
  written hist {7: 2523, 8: 21}
  pruned hist {6: 2160, 7: 384}
  frontier written 8 pruned 7
  reasons []
[r3_4b/ei_depth3_85M_s2_mix r2] transfer (this round, pass@32) SOLVED 0/100 = 0.000 [0.000,0.037]
  len 7: 0/6 = 0.000 [0.000,0.390]
  len 8: 0/94 = 0.000 [0.000,0.039]
  written hist {}
  pruned hist {}
  frontier written 0 pruned 0
  reasons [('rule check failed: IMPI', 702), ('parse: missing )', 480), ('rule check failed: ANDI', 359), ('final formula is not the conclusion', 233), ('bad box cite', 212), ('rule check failed: ORI1', 169)]
[r3_4b/ei_depth3_85M_s2_mix r2] transfer (cumulative 64 attempts) SOLVED 0/100 = 0.000 [0.000,0.037]
  len 7: 0/6 = 0.000 [0.000,0.390]
  len 8: 0/94 = 0.000 [0.000,0.039]
  written hist {}
  pruned hist {}
  frontier written 0 pruned 0
  reasons []
[r3_4b/ei_depth3_85M_s2_mix r2] transfer greedy SOLVED 0/100 = 0.000 [0.000,0.037]
  len 7: 0/6 = 0.000 [0.000,0.390]
  len 8: 0/94 = 0.000 [0.000,0.039]
  written hist {}
  pruned hist {}
  frontier written 0 pruned 0
  reasons [('rule check failed: IMPI', 21), ('parse: missing )', 17), ('rule check failed: ANDI', 10), ('final formula is not the conclusion', 8), ('rule check failed: ORI1', 6), ('bad box cite', 6)]
[r3_4b/ei_depth3_85M_s2_mix r2] heldout greedy SOLVED 4434/5000 = 0.887 [0.878,0.895]
  len 2: 998/1000 = 0.998 [0.993,0.999]
  len 3: 997/1000 = 0.997 [0.991,0.999]
  len 4: 979/1000 = 0.979 [0.968,0.986]
  len 5: 970/1000 = 0.970 [0.957,0.979]
  len 6: 490/1000 = 0.490 [0.459,0.521]
  written hist {2: 1013, 3: 993, 4: 972, 5: 1010, 6: 446}
  pruned hist {2: 1013, 3: 994, 4: 973, 5: 1008, 6: 446}
  frontier written 6 pruned 6
  reasons [('bad box cite', 144), ('rule check failed: DN', 99), ('rule check failed: IMPI', 53), ('rule check failed: ORI2', 41), ('parse: missing )', 41), ('rule check failed: ANDI', 36)]
python3 train.py --data artifacts/r3_4b/ei_depth3_85M_s2_mix/mix_2.jsonl --init ckpts/r3_4b/ei_depth3_85M_s2_mix_r1.pt --steps 600 --lr 3e-05 --min_lr 3e-06 --warmup 50 --cap 0 --out ckpts/r3_4b/ei_depth3_85M_s2_mix_r2.pt --seed 2002 --log_every 200
params 85208064 mode abs shift True
train records 21396 max len 422
step 200 loss 0.0525 lr 2.53e-05 171s
step 400 loss 0.0553 lr 1.09e-05 341s
step 600 loss 0.0512 lr 3.00e-06 509s
saved ckpts/r3_4b/ei_depth3_85M_s2_mix_r2.pt
=== round 2 done in 805s; new proofs 1452; cum targets solved 91
[r3_4b/ei_depth3_85M_s2_mix r3] targets (this round, pass@32) SOLVED 101/600 = 0.168 [0.141,0.200]
  len 7: 99/256 = 0.387 [0.329,0.448]
  len 8: 2/344 = 0.006 [0.002,0.021]
  written hist {7: 1591, 8: 55}
  pruned hist {6: 1343, 7: 303}
  frontier written 8 pruned 7
  reasons [('rule check failed: IMPI', 2606), ('parse: missing )', 2286), ('rule check failed: IMPE', 1407), ('rule check failed: ANDI', 1288), ('final formula is not the conclusion', 1254), ('rule check failed: ORI2', 1216)]
[r3_4b/ei_depth3_85M_s2_mix r3] targets (cumulative 96 attempts) SOLVED 101/600 = 0.168 [0.141,0.200]
  len 7: 99/256 = 0.387 [0.329,0.448]
  len 8: 2/344 = 0.006 [0.002,0.021]
  written hist {7: 3180, 8: 71}
  pruned hist {6: 2703, 7: 548}
  frontier written 8 pruned 7
  reasons []
[r3_4b/ei_depth3_85M_s2_mix r3] transfer (this round, pass@32) SOLVED 0/100 = 0.000 [0.000,0.037]
  len 7: 0/6 = 0.000 [0.000,0.390]
  len 8: 0/94 = 0.000 [0.000,0.039]
  written hist {}
  pruned hist {}
  frontier written 0 pruned 0
  reasons [('rule check failed: IMPI', 697), ('parse: missing )', 641), ('rule check failed: ANDI', 290), ('final formula is not the conclusion', 262), ('rule check failed: ORI1', 193), ('rule check failed: ORI2', 169)]
[r3_4b/ei_depth3_85M_s2_mix r3] transfer (cumulative 96 attempts) SOLVED 0/100 = 0.000 [0.000,0.037]
  len 7: 0/6 = 0.000 [0.000,0.390]
  len 8: 0/94 = 0.000 [0.000,0.039]
  written hist {}
  pruned hist {}
  frontier written 0 pruned 0
  reasons []
[r3_4b/ei_depth3_85M_s2_mix r3] transfer greedy SOLVED 0/100 = 0.000 [0.000,0.037]
  len 7: 0/6 = 0.000 [0.000,0.390]
  len 8: 0/94 = 0.000 [0.000,0.039]
  written hist {}
  pruned hist {}
  frontier written 0 pruned 0
  reasons [('rule check failed: IMPI', 23), ('parse: missing )', 19), ('rule check failed: ANDI', 8), ('rule check failed: ORI2', 7), ('final formula is not the conclusion', 7), ('rule check failed: ORI1', 5)]
[r3_4b/ei_depth3_85M_s2_mix r3] heldout greedy SOLVED 4432/5000 = 0.886 [0.877,0.895]
  len 2: 998/1000 = 0.998 [0.993,0.999]
  len 3: 998/1000 = 0.998 [0.993,0.999]
  len 4: 982/1000 = 0.982 [0.972,0.989]
  len 5: 972/1000 = 0.972 [0.960,0.981]
  len 6: 482/1000 = 0.482 [0.451,0.513]
  written hist {2: 1017, 3: 989, 4: 986, 5: 1005, 6: 433, 7: 2}
  pruned hist {2: 1018, 3: 989, 4: 985, 5: 1005, 6: 433, 7: 2}
  frontier written 6 pruned 6
  reasons [('rule check failed: DN', 111), ('bad box cite', 78), ('parse: missing )', 64), ('rule check failed: IMPI', 53), ('rule check failed: IMPE', 49), ('rule check failed: ORI2', 44)]
python3 train.py --data artifacts/r3_4b/ei_depth3_85M_s2_mix/mix_3.jsonl --init ckpts/r3_4b/ei_depth3_85M_s2_mix_r2.pt --steps 600 --lr 3e-05 --min_lr 3e-06 --warmup 50 --cap 0 --out ckpts/r3_4b/ei_depth3_85M_s2_mix_r3.pt --seed 2003 --log_every 200
params 85208064 mode abs shift True
train records 21544 max len 363
step 200 loss 0.0549 lr 2.53e-05 167s
step 400 loss 0.0491 lr 1.09e-05 339s
step 600 loss 0.0536 lr 3.00e-06 515s
saved ckpts/r3_4b/ei_depth3_85M_s2_mix_r3.pt
=== round 3 done in 816s; new proofs 707; cum targets solved 101
[r3_4b/ei_depth3_85M_s2_mix r4] targets (this round, pass@32) SOLVED 107/600 = 0.178 [0.150,0.211]
  len 7: 105/256 = 0.410 [0.352,0.471]
  len 8: 2/344 = 0.006 [0.002,0.021]
  written hist {7: 1634, 8: 56}
  pruned hist {6: 1385, 7: 305}
  frontier written 8 pruned 7
  reasons [('rule check failed: IMPI', 2852), ('parse: missing )', 1956), ('final formula is not the conclusion', 1564), ('rule check failed: ORI2', 1185), ('rule check failed: IMPE', 1179), ('rule check failed: ANDI', 1153)]
[r3_4b/ei_depth3_85M_s2_mix r4] targets (cumulative 128 attempts) SOLVED 107/600 = 0.178 [0.150,0.211]
  len 7: 105/256 = 0.410 [0.352,0.471]
  len 8: 2/344 = 0.006 [0.002,0.021]
  written hist {7: 3643, 8: 96}
  pruned hist {6: 3077, 7: 662}
  frontier written 8 pruned 7
  reasons []
[r3_4b/ei_depth3_85M_s2_mix r4] transfer (this round, pass@32) SOLVED 0/100 = 0.000 [0.000,0.037]
  len 7: 0/6 = 0.000 [0.000,0.390]
  len 8: 0/94 = 0.000 [0.000,0.039]
  written hist {}
  pruned hist {}
  frontier written 0 pruned 0
  reasons [('rule check failed: IMPI', 881), ('parse: missing )', 513), ('final formula is not the conclusion', 329), ('rule check failed: ANDI', 285), ('rule check failed: ORI1', 191), ('rule check failed: ORI2', 154)]
[r3_4b/ei_depth3_85M_s2_mix r4] transfer (cumulative 128 attempts) SOLVED 0/100 = 0.000 [0.000,0.037]
  len 7: 0/6 = 0.000 [0.000,0.390]
  len 8: 0/94 = 0.000 [0.000,0.039]
  written hist {}
  pruned hist {}
  frontier written 0 pruned 0
  reasons []
[r3_4b/ei_depth3_85M_s2_mix r4] transfer greedy SOLVED 0/100 = 0.000 [0.000,0.037]
  len 7: 0/6 = 0.000 [0.000,0.390]
  len 8: 0/94 = 0.000 [0.000,0.039]
  written hist {}
  pruned hist {}
  frontier written 0 pruned 0
  reasons [('rule check failed: IMPI', 27), ('parse: missing )', 19), ('final formula is not the conclusion', 11), ('rule check failed: ANDI', 8), ('rule check failed: ORI1', 5), ('rule check failed: ORI2', 5)]
[r3_4b/ei_depth3_85M_s2_mix r4] heldout greedy SOLVED 4438/5000 = 0.888 [0.879,0.896]
  len 2: 998/1000 = 0.998 [0.993,0.999]
  len 3: 998/1000 = 0.998 [0.993,0.999]
  len 4: 984/1000 = 0.984 [0.974,0.990]
  len 5: 970/1000 = 0.970 [0.957,0.979]
  len 6: 488/1000 = 0.488 [0.457,0.519]
  written hist {2: 1012, 3: 991, 4: 981, 5: 1010, 6: 443, 7: 1}
  pruned hist {2: 1013, 3: 992, 4: 982, 5: 1009, 6: 441, 7: 1}
  frontier written 6 pruned 6
  reasons [('rule check failed: DN', 128), ('rule check failed: IMPI', 63), ('rule check failed: NEGE', 52), ('bad box cite', 51), ('rule check failed: ORI2', 50), ('parse: missing )', 44)]
python3 train.py --data artifacts/r3_4b/ei_depth3_85M_s2_mix/mix_4.jsonl --init ckpts/r3_4b/ei_depth3_85M_s2_mix_r3.pt --steps 600 --lr 3e-05 --min_lr 3e-06 --warmup 50 --cap 0 --out ckpts/r3_4b/ei_depth3_85M_s2_mix_r4.pt --seed 2004 --log_every 200
params 85208064 mode abs shift True
train records 21680 max len 343
step 200 loss 0.0551 lr 2.53e-05 170s
step 400 loss 0.0534 lr 1.09e-05 344s
step 600 loss 0.0541 lr 3.00e-06 512s
saved ckpts/r3_4b/ei_depth3_85M_s2_mix_r4.pt
=== round 4 done in 819s; new proofs 488; cum targets solved 107
[r3_4b/ei_depth3_85M_s2_mix r5] targets (this round, pass@32) SOLVED 108/600 = 0.180 [0.151,0.213]
  len 7: 106/256 = 0.414 [0.355,0.475]
  len 8: 2/344 = 0.006 [0.002,0.021]
  written hist {7: 1709, 8: 46}
  pruned hist {6: 1458, 7: 297}
  frontier written 8 pruned 7
  reasons [('rule check failed: IMPI', 3097), ('parse: missing )', 2129), ('final formula is not the conclusion', 1561), ('rule check failed: ANDI', 1221), ('rule check failed: ORI2', 957), ('rule check failed: IMPE', 938)]
[r3_4b/ei_depth3_85M_s2_mix r5] targets (cumulative 160 attempts) SOLVED 108/600 = 0.180 [0.151,0.213]
  len 7: 106/256 = 0.414 [0.355,0.475]
  len 8: 2/344 = 0.006 [0.002,0.021]
  written hist {7: 3997, 8: 108}
  pruned hist {6: 3382, 7: 723}
  frontier written 8 pruned 7
  reasons []
[r3_4b/ei_depth3_85M_s2_mix r5] transfer (this round, pass@32) SOLVED 0/100 = 0.000 [0.000,0.037]
  len 7: 0/6 = 0.000 [0.000,0.390]
  len 8: 0/94 = 0.000 [0.000,0.039]
  written hist {}
  pruned hist {}
  frontier written 0 pruned 0
  reasons [('rule check failed: IMPI', 851), ('parse: missing )', 717), ('final formula is not the conclusion', 352), ('rule check failed: ANDI', 207), ('bad box cite', 159), ('rule check failed: ORI1', 145)]
[r3_4b/ei_depth3_85M_s2_mix r5] transfer (cumulative 160 attempts) SOLVED 0/100 = 0.000 [0.000,0.037]
  len 7: 0/6 = 0.000 [0.000,0.390]
  len 8: 0/94 = 0.000 [0.000,0.039]
  written hist {}
  pruned hist {}
  frontier written 0 pruned 0
  reasons []
[r3_4b/ei_depth3_85M_s2_mix r5] transfer greedy SOLVED 0/100 = 0.000 [0.000,0.037]
  len 7: 0/6 = 0.000 [0.000,0.390]
  len 8: 0/94 = 0.000 [0.000,0.039]
  written hist {}
  pruned hist {}
  frontier written 0 pruned 0
  reasons [('rule check failed: IMPI', 27), ('parse: missing )', 23), ('final formula is not the conclusion', 10), ('rule check failed: ANDI', 6), ('bad box cite', 5), ('rule check failed: ORI1', 5)]
[r3_4b/ei_depth3_85M_s2_mix r5] heldout greedy SOLVED 4434/5000 = 0.887 [0.878,0.895]
  len 2: 998/1000 = 0.998 [0.993,0.999]
  len 3: 999/1000 = 0.999 [0.994,1.000]
  len 4: 984/1000 = 0.984 [0.974,0.990]
  len 5: 964/1000 = 0.964 [0.951,0.974]
  len 6: 489/1000 = 0.489 [0.458,0.520]
  written hist {2: 1011, 3: 989, 4: 976, 5: 1002, 6: 454, 7: 2}
  pruned hist {2: 1011, 3: 991, 4: 975, 5: 1001, 6: 454, 7: 2}
  frontier written 6 pruned 6
  reasons [('rule check failed: DN', 111), ('bad box cite', 75), ('rule check failed: IMPI', 59), ('parse: missing )', 53), ('rule check failed: ORI2', 42), ('rule check failed: IMPE', 39)]
python3 train.py --data artifacts/r3_4b/ei_depth3_85M_s2_mix/mix_5.jsonl --init ckpts/r3_4b/ei_depth3_85M_s2_mix_r4.pt --steps 600 --lr 3e-05 --min_lr 3e-06 --warmup 50 --cap 0 --out ckpts/r3_4b/ei_depth3_85M_s2_mix_r5.pt --seed 2005 --log_every 200
params 85208064 mode abs shift True
train records 21716 max len 444
step 200 loss 0.0535 lr 2.53e-05 183s
step 400 loss 0.0563 lr 1.09e-05 359s
step 600 loss 0.0482 lr 3.00e-06 539s
saved ckpts/r3_4b/ei_depth3_85M_s2_mix_r5.pt
=== round 5 done in 846s; new proofs 366; cum targets solved 108
[r3_4b/ei_depth3_85M_s2_mix r6] targets (this round, pass@32) SOLVED 112/600 = 0.187 [0.158,0.220]
  len 7: 110/256 = 0.430 [0.371,0.491]
  len 8: 2/344 = 0.006 [0.002,0.021]
  written hist {7: 1801, 8: 47}
  pruned hist {6: 1495, 7: 353}
  frontier written 8 pruned 7
  reasons [('rule check failed: IMPI', 2636), ('parse: missing )', 1797), ('final formula is not the conclusion', 1543), ('bad box cite', 1181), ('rule check failed: ANDI', 1123), ('rule check failed: ORI2', 1000)]
[r3_4b/ei_depth3_85M_s2_mix r6] targets (cumulative 192 attempts) SOLVED 112/600 = 0.187 [0.158,0.220]
  len 7: 110/256 = 0.430 [0.371,0.491]
  len 8: 2/344 = 0.006 [0.002,0.021]
  written hist {7: 4248, 8: 119}
  pruned hist {6: 3572, 7: 795}
  frontier written 8 pruned 7
  reasons []
[r3_4b/ei_depth3_85M_s2_mix r6] transfer (this round, pass@32) SOLVED 0/100 = 0.000 [0.000,0.037]
  len 7: 0/6 = 0.000 [0.000,0.390]
  len 8: 0/94 = 0.000 [0.000,0.039]
  written hist {}
  pruned hist {}
  frontier written 0 pruned 0
  reasons [('rule check failed: IMPI', 769), ('parse: missing )', 432), ('final formula is not the conclusion', 315), ('rule check failed: ANDI', 230), ('rule check failed: ORI1', 200), ('bad box cite', 184)]
[r3_4b/ei_depth3_85M_s2_mix r6] transfer (cumulative 192 attempts) SOLVED 0/100 = 0.000 [0.000,0.037]
  len 7: 0/6 = 0.000 [0.000,0.390]
  len 8: 0/94 = 0.000 [0.000,0.039]
  written hist {}
  pruned hist {}
  frontier written 0 pruned 0
  reasons []
[r3_4b/ei_depth3_85M_s2_mix r6] transfer greedy SOLVED 0/100 = 0.000 [0.000,0.037]
  len 7: 0/6 = 0.000 [0.000,0.390]
  len 8: 0/94 = 0.000 [0.000,0.039]
  written hist {}
  pruned hist {}
  frontier written 0 pruned 0
  reasons [('rule check failed: IMPI', 25), ('parse: missing )', 12), ('final formula is not the conclusion', 10), ('rule check failed: ANDI', 10), ('rule check failed: ORI1', 6), ('bad box cite', 6)]
[r3_4b/ei_depth3_85M_s2_mix r6] heldout greedy SOLVED 4447/5000 = 0.889 [0.880,0.898]
  len 2: 998/1000 = 0.998 [0.993,0.999]
  len 3: 999/1000 = 0.999 [0.994,1.000]
  len 4: 986/1000 = 0.986 [0.977,0.992]
  len 5: 972/1000 = 0.972 [0.960,0.981]
  len 6: 492/1000 = 0.492 [0.461,0.523]
  written hist {2: 1013, 3: 991, 4: 987, 5: 1006, 6: 449, 7: 1}
  pruned hist {2: 1014, 3: 993, 4: 986, 5: 1005, 6: 448, 7: 1}
  frontier written 6 pruned 6
  reasons [('rule check failed: DN', 106), ('bad box cite', 97), ('rule check failed: NEGE', 50), ('rule check failed: IMPI', 44), ('rule check failed: IMPE', 36), ('rule check failed: ORI2', 33)]
python3 train.py --data artifacts/r3_4b/ei_depth3_85M_s2_mix/mix_6.jsonl --init ckpts/r3_4b/ei_depth3_85M_s2_mix_r5.pt --steps 600 --lr 3e-05 --min_lr 3e-06 --warmup 50 --cap 0 --out ckpts/r3_4b/ei_depth3_85M_s2_mix_r6.pt --seed 2006 --log_every 200
params 85208064 mode abs shift True
train records 21760 max len 422
step 200 loss 0.0545 lr 2.53e-05 177s
step 400 loss 0.0548 lr 1.09e-05 352s
step 600 loss 0.0509 lr 3.00e-06 525s
saved ckpts/r3_4b/ei_depth3_85M_s2_mix_r6.pt
=== round 6 done in 865s; new proofs 262; cum targets solved 112
[r3_4b/ei_depth3_85M_s2_mix r7] targets (this round, pass@32) SOLVED 113/600 = 0.188 [0.159,0.222]
  len 7: 111/256 = 0.434 [0.374,0.495]
  len 8: 2/344 = 0.006 [0.002,0.021]
  written hist {7: 1882, 8: 54}
  pruned hist {6: 1581, 7: 355}
  frontier written 8 pruned 7
  reasons [('rule check failed: IMPI', 2373), ('parse: missing )', 1888), ('rule check failed: ANDI', 1248), ('final formula is not the conclusion', 1216), ('rule check failed: ORI2', 1165), ('bad box cite', 1078)]
[r3_4b/ei_depth3_85M_s2_mix r7] targets (cumulative 224 attempts) SOLVED 113/600 = 0.188 [0.159,0.222]
  len 7: 111/256 = 0.434 [0.374,0.495]
  len 8: 2/344 = 0.006 [0.002,0.021]
  written hist {7: 4502, 8: 124}
  pruned hist {6: 3783, 7: 843}
  frontier written 8 pruned 7
  reasons []
[r3_4b/ei_depth3_85M_s2_mix r7] transfer (this round, pass@32) SOLVED 0/100 = 0.000 [0.000,0.037]
  len 7: 0/6 = 0.000 [0.000,0.390]
  len 8: 0/94 = 0.000 [0.000,0.039]
  written hist {}
  pruned hist {}
  frontier written 0 pruned 0
  reasons [('rule check failed: IMPI', 770), ('parse: missing )', 545), ('rule check failed: ANDI', 320), ('final formula is not the conclusion', 295), ('rule check failed: ORI1', 180), ('bad box cite', 167)]
[r3_4b/ei_depth3_85M_s2_mix r7] transfer (cumulative 224 attempts) SOLVED 0/100 = 0.000 [0.000,0.037]
  len 7: 0/6 = 0.000 [0.000,0.390]
  len 8: 0/94 = 0.000 [0.000,0.039]
  written hist {}
  pruned hist {}
  frontier written 0 pruned 0
  reasons []
[r3_4b/ei_depth3_85M_s2_mix r7] transfer greedy SOLVED 0/100 = 0.000 [0.000,0.037]
  len 7: 0/6 = 0.000 [0.000,0.390]
  len 8: 0/94 = 0.000 [0.000,0.039]
  written hist {}
  pruned hist {}
  frontier written 0 pruned 0
  reasons [('rule check failed: IMPI', 25), ('parse: missing )', 16), ('rule check failed: ANDI', 12), ('final formula is not the conclusion', 9), ('rule check failed: ORI1', 5), ('bad box cite', 5)]
[r3_4b/ei_depth3_85M_s2_mix r7] heldout greedy SOLVED 4437/5000 = 0.887 [0.878,0.896]
  len 2: 997/1000 = 0.997 [0.991,0.999]
  len 3: 998/1000 = 0.998 [0.993,0.999]
  len 4: 982/1000 = 0.982 [0.972,0.989]
  len 5: 966/1000 = 0.966 [0.953,0.976]
  len 6: 494/1000 = 0.494 [0.463,0.525]
  written hist {2: 1014, 3: 991, 4: 976, 5: 1002, 6: 454}
  pruned hist {2: 1014, 3: 993, 4: 975, 5: 1002, 6: 453}
  frontier written 6 pruned 6
  reasons [('rule check failed: DN', 116), ('bad box cite', 102), ('rule check failed: ORI2', 44), ('parse: missing )', 42), ('rule check failed: ANDI', 40), ('rule check failed: IMPI', 38)]
python3 train.py --data artifacts/r3_4b/ei_depth3_85M_s2_mix/mix_7.jsonl --init ckpts/r3_4b/ei_depth3_85M_s2_mix_r6.pt --steps 600 --lr 3e-05 --min_lr 3e-06 --warmup 50 --cap 0 --out ckpts/r3_4b/ei_depth3_85M_s2_mix_r7.pt --seed 2007 --log_every 200
params 85208064 mode abs shift True
train records 21796 max len 422
step 200 loss 0.0518 lr 2.53e-05 175s
step 400 loss 0.0516 lr 1.09e-05 354s
step 600 loss 0.0520 lr 3.00e-06 526s
saved ckpts/r3_4b/ei_depth3_85M_s2_mix_r7.pt
=== round 7 done in 846s; new proofs 259; cum targets solved 113
[r3_4b/ei_depth3_85M_s2_mix r8] targets (this round, pass@32) SOLVED 119/600 = 0.198 [0.168,0.232]
  len 7: 117/256 = 0.457 [0.397,0.518]
  len 8: 2/344 = 0.006 [0.002,0.021]
  written hist {7: 1931, 8: 46}
  pruned hist {6: 1642, 7: 335}
  frontier written 8 pruned 7
  reasons [('rule check failed: IMPI', 2723), ('final formula is not the conclusion', 1576), ('bad box cite', 1336), ('rule check failed: ANDI', 1308), ('rule check failed: ORI2', 1220), ('parse: missing )', 1127)]
[r3_4b/ei_depth3_85M_s2_mix r8] targets (cumulative 256 attempts) SOLVED 119/600 = 0.198 [0.168,0.232]
  len 7: 117/256 = 0.457 [0.397,0.518]
  len 8: 2/344 = 0.006 [0.002,0.021]
  written hist {7: 4718, 8: 124}
  pruned hist {6: 3980, 7: 862}
  frontier written 8 pruned 7
  reasons []
[r3_4b/ei_depth3_85M_s2_mix r8] transfer (this round, pass@32) SOLVED 0/100 = 0.000 [0.000,0.037]
  len 7: 0/6 = 0.000 [0.000,0.390]
  len 8: 0/94 = 0.000 [0.000,0.039]
  written hist {}
  pruned hist {}
  frontier written 0 pruned 0
  reasons [('rule check failed: IMPI', 1037), ('rule check failed: ANDI', 393), ('final formula is not the conclusion', 279), ('parse: missing )', 260), ('rule check failed: ORI1', 158), ('bad box cite', 148)]
[r3_4b/ei_depth3_85M_s2_mix r8] transfer (cumulative 256 attempts) SOLVED 0/100 = 0.000 [0.000,0.037]
  len 7: 0/6 = 0.000 [0.000,0.390]
  len 8: 0/94 = 0.000 [0.000,0.039]
  written hist {}
  pruned hist {}
  frontier written 0 pruned 0
  reasons []
[r3_4b/ei_depth3_85M_s2_mix r8] transfer greedy SOLVED 0/100 = 0.000 [0.000,0.037]
  len 7: 0/6 = 0.000 [0.000,0.390]
  len 8: 0/94 = 0.000 [0.000,0.039]
  written hist {}
  pruned hist {}
  frontier written 0 pruned 0
  reasons [('rule check failed: IMPI', 35), ('rule check failed: ANDI', 11), ('final formula is not the conclusion', 8), ('parse: missing )', 8), ('bad box cite', 6), ('rule check failed: NEGE', 4)]
[r3_4b/ei_depth3_85M_s2_mix r8] heldout greedy SOLVED 4430/5000 = 0.886 [0.877,0.895]
  len 2: 998/1000 = 0.998 [0.993,0.999]
  len 3: 997/1000 = 0.997 [0.991,0.999]
  len 4: 979/1000 = 0.979 [0.968,0.986]
  len 5: 972/1000 = 0.972 [0.960,0.981]
  len 6: 484/1000 = 0.484 [0.453,0.515]
  written hist {2: 1017, 3: 989, 4: 980, 5: 1002, 6: 442}
  pruned hist {2: 1018, 3: 990, 4: 979, 5: 1002, 6: 441}
  frontier written 6 pruned 6
  reasons [('rule check failed: DN', 128), ('bad box cite', 85), ('rule check failed: IMPI', 57), ('rule check failed: ANDI', 42), ('rule check failed: IMPE', 41), ('rule check failed: NEGE', 41)]
python3 train.py --data artifacts/r3_4b/ei_depth3_85M_s2_mix/mix_8.jsonl --init ckpts/r3_4b/ei_depth3_85M_s2_mix_r7.pt --steps 600 --lr 3e-05 --min_lr 3e-06 --warmup 50 --cap 0 --out ckpts/r3_4b/ei_depth3_85M_s2_mix_r8.pt --seed 2008 --log_every 200
params 85208064 mode abs shift True
train records 21876 max len 370
step 200 loss 0.0518 lr 2.53e-05 176s
step 400 loss 0.0525 lr 1.09e-05 349s
step 600 loss 0.0509 lr 3.00e-06 521s
saved ckpts/r3_4b/ei_depth3_85M_s2_mix_r8.pt
=== round 8 done in 832s; new proofs 216; cum targets solved 119
