[r3_4b/ei_depth3_85M_s2_mix r1] targets (this round, pass@32) SOLVED 69/600 = 0.115 [0.092,0.143]
  len 7: 69/256 = 0.270 [0.219,0.327]
  len 8: 0/344 = 0.000 [0.000,0.011]
  written hist {7: 1097}
  pruned hist {6: 955, 7: 142}
  frontier written 7 pruned 7
  reasons [('rule check failed: IMPE', 2655), ('rule check failed: IMPI', 2465), ('rule check failed: ANDI', 1787), ('parse: missing )', 1472), ('rule check failed: ORI2', 1181), ('rule check failed: DN', 1143)]
[r3_4b/ei_depth3_85M_s2_mix r1] targets (cumulative 32 attempts) SOLVED 69/600 = 0.115 [0.092,0.143]
  len 7: 69/256 = 0.270 [0.219,0.327]
  len 8: 0/344 = 0.000 [0.000,0.011]
  written hist {7: 1097}
  pruned hist {6: 955, 7: 142}
  frontier written 7 pruned 7
  reasons []
[r3_4b/ei_depth3_85M_s2_mix r1] transfer (this round, pass@32) SOLVED 0/100 = 0.000 [0.000,0.037]
  len 7: 0/6 = 0.000 [0.000,0.390]
  len 8: 0/94 = 0.000 [0.000,0.039]
  written hist {}
  pruned hist {}
  frontier written 0 pruned 0
  reasons [('rule check failed: IMPI', 617), ('parse: missing )', 495), ('rule check failed: ANDI', 338), ('rule check failed: IMPE', 294), ('rule check failed: ORI1', 258), ('rule check failed: DN', 178)]
[r3_4b/ei_depth3_85M_s2_mix r1] transfer (cumulative 32 attempts) SOLVED 0/100 = 0.000 [0.000,0.037]
  len 7: 0/6 = 0.000 [0.000,0.390]
  len 8: 0/94 = 0.000 [0.000,0.039]
  written hist {}
  pruned hist {}
  frontier written 0 pruned 0
  reasons []
[r3_4b/ei_depth3_85M_s2_mix r1] transfer greedy SOLVED 0/100 = 0.000 [0.000,0.037]
  len 7: 0/6 = 0.000 [0.000,0.390]
  len 8: 0/94 = 0.000 [0.000,0.039]
  written hist {}
  pruned hist {}
  frontier written 0 pruned 0
  reasons [('rule check failed: IMPI', 18), ('parse: missing )', 16), ('rule check failed: IMPE', 12), ('rule check failed: ANDI', 11), ('rule check failed: ORI1', 8), ('rule check failed: ORI2', 6)]
[r3_4b/ei_depth3_85M_s2_mix r1] heldout greedy SOLVED 4431/5000 = 0.886 [0.877,0.895]
  len 2: 998/1000 = 0.998 [0.993,0.999]
  len 3: 997/1000 = 0.997 [0.991,0.999]
  len 4: 975/1000 = 0.975 [0.963,0.983]
  len 5: 976/1000 = 0.976 [0.965,0.984]
  len 6: 485/1000 = 0.485 [0.454,0.516]
  written hist {2: 1024, 3: 987, 4: 959, 5: 1013, 6: 448}
  pruned hist {2: 1024, 3: 989, 4: 958, 5: 1014, 6: 446}
  frontier written 6 pruned 6
  reasons [('rule check failed: DN', 116), ('bad box cite', 91), ('rule check failed: IMPE', 61), ('rule check failed: ANDI', 45), ('rule check failed: IMPI', 45), ('parse: missing )', 45)]
python3 train.py --data artifacts/r3_4b/ei_depth3_85M_s2_mix/mix_1.jsonl --init ckpts/r3_4b/stage1_depth3_f0_a1_85M_s2.pt --steps 600 --lr 3e-05 --min_lr 3e-06 --warmup 50 --cap 0 --out ckpts/r3_4b/ei_depth3_85M_s2_mix_r1.pt --seed 2001 --log_every 200
params 85208064 mode abs shift True
train records 21008 max len 444
Traceback (most recent call last):
  File "/workspace/nd-takehome/train.py", line 126, in <module>
    main()
  File "/workspace/nd-takehome/train.py", line 106, in main
    loss = loss_on(model, x, m)
           ^^^^^^^^^^^^^^^^^^^^
  File "/workspace/nd-takehome/train.py", line 50, in loss_on
    logits = model(x[:, :-1])
             ^^^^^^^^^^^^^^^^
  File "/usr/local/lib/python3.12/dist-packages/torch/nn/modules/module.py", line 1773, in _wrapped_call_impl
    return self._call_impl(*args, **kwargs)
           ^^^^^^^^^^^^^^^^^^^^^^^^^^^^^^^^
  File "/usr/local/lib/python3.12/dist-packages/torch/nn/modules/module.py", line 1784, in _call_impl
    return forward_call(*args, **kwargs)
           ^^^^^^^^^^^^^^^^^^^^^^^^^^^^^
  File "/workspace/nd-takehome/model.py", line 92, in forward
    x = b(x, cos, sin, mask, None if caches is None else caches[i])
        ^^^^^^^^^^^^^^^^^^^^^^^^^^^^^^^^^^^^^^^^^^^^^^^^^^^^^^^^^^^
  File "/usr/local/lib/python3.12/dist-packages/torch/nn/modules/module.py", line 1773, in _wrapped_call_impl
    return self._call_impl(*args, **kwargs)
           ^^^^^^^^^^^^^^^^^^^^^^^^^^^^^^^^
  File "/usr/local/lib/python3.12/dist-packages/torch/nn/modules/module.py", line 1784, in _call_impl
    return forward_call(*args, **kwargs)
           ^^^^^^^^^^^^^^^^^^^^^^^^^^^^^
  File "/workspace/nd-takehome/model.py", line 57, in forward
    x = x + self.fc2(F.gelu(self.fc1(self.ln2(x))))
                     ^^^^^^^^^^^^^^^^^^^^^^^^^^^^^
torch.OutOfMemoryError: CUDA out of memory. Tried to allocate 334.00 MiB. GPU 0 has a total capacity of 44.42 GiB of which 289.19 MiB is free. Process 958 has 23.47 GiB memory in use. Process 1272 has 342.00 MiB memory in use. Including non-PyTorch memory, this process has 20.32 GiB memory in use. Of the allocated memory 19.88 GiB is allocated by PyTorch, and 121.57 MiB is reserved by PyTorch but unallocated. If reserved but unallocated memory is large try setting PYTORCH_CUDA_ALLOC_CONF=expandable_segments:True to avoid fragmentation.  See documentation for Memory Management  (https://pytorch.org/docs/stable/notes/cuda.html#environment-variables)
Traceback (most recent call last):
  File "/workspace/nd-takehome/expert_iter.py", line 291, in <module>
    main()
  File "/workspace/nd-takehome/expert_iter.py", line 283, in main
    subprocess.run(cmd, check=True)
  File "/usr/lib/python3.12/subprocess.py", line 571, in run
    raise CalledProcessError(retcode, process.args,
subprocess.CalledProcessError: Command '['python3', 'train.py', '--data', 'artifacts/r3_4b/ei_depth3_85M_s2_mix/mix_1.jsonl', '--init', 'ckpts/r3_4b/stage1_depth3_f0_a1_85M_s2.pt', '--steps', '600', '--lr', '3e-05', '--min_lr', '3e-06', '--warmup', '50', '--cap', '0', '--out', 'ckpts/r3_4b/ei_depth3_85M_s2_mix_r1.pt', '--seed', '2001', '--log_every', '200']' returned non-zero exit status 1.
