[r3_4b/ei_depth3_85M_s1_mix r1] targets (this round, pass@32) SOLVED 67/600 = 0.112 [0.089,0.139]
  len 7: 66/256 = 0.258 [0.208,0.315]
  len 8: 1/344 = 0.003 [0.001,0.016]
  written hist {7: 946, 8: 26}
  pruned hist {6: 848, 7: 124}
  frontier written 8 pruned 7
  reasons [('rule check failed: ANDI', 2486), ('rule check failed: IMPI', 1770), ('rule check failed: IMPE', 1731), ('rule check failed: ORI1', 1706), ('final formula is not the conclusion', 1485), ('parse: missing )', 1411)]
[r3_4b/ei_depth3_85M_s1_mix r1] targets (cumulative 32 attempts) SOLVED 67/600 = 0.112 [0.089,0.139]
  len 7: 66/256 = 0.258 [0.208,0.315]
  len 8: 1/344 = 0.003 [0.001,0.016]
  written hist {7: 946, 8: 26}
  pruned hist {6: 848, 7: 124}
  frontier written 8 pruned 7
  reasons []
[r3_4b/ei_depth3_85M_s1_mix r1] transfer (this round, pass@32) SOLVED 0/100 = 0.000 [0.000,0.037]
  len 7: 0/6 = 0.000 [0.000,0.390]
  len 8: 0/94 = 0.000 [0.000,0.039]
  written hist {}
  pruned hist {}
  frontier written 0 pruned 0
  reasons [('rule check failed: ANDI', 499), ('parse: missing )', 399), ('rule check failed: ORI1', 368), ('rule check failed: IMPI', 364), ('final formula is not the conclusion', 335), ('rule check failed: BOTE', 179)]
[r3_4b/ei_depth3_85M_s1_mix r1] transfer (cumulative 32 attempts) SOLVED 0/100 = 0.000 [0.000,0.037]
  len 7: 0/6 = 0.000 [0.000,0.390]
  len 8: 0/94 = 0.000 [0.000,0.039]
  written hist {}
  pruned hist {}
  frontier written 0 pruned 0
  reasons []
[r3_4b/ei_depth3_85M_s1_mix r1] transfer greedy SOLVED 0/100 = 0.000 [0.000,0.037]
  len 7: 0/6 = 0.000 [0.000,0.390]
  len 8: 0/94 = 0.000 [0.000,0.039]
  written hist {}
  pruned hist {}
  frontier written 0 pruned 0
  reasons [('rule check failed: ANDI', 18), ('rule check failed: IMPI', 12), ('final formula is not the conclusion', 11), ('parse: missing )', 11), ('rule check failed: ORI1', 11), ('rule check failed: BOTE', 7)]
[r3_4b/ei_depth3_85M_s1_mix r1] heldout greedy SOLVED 4453/5000 = 0.891 [0.882,0.899]
  len 2: 999/1000 = 0.999 [0.994,1.000]
  len 3: 999/1000 = 0.999 [0.994,1.000]
  len 4: 985/1000 = 0.985 [0.975,0.991]
  len 5: 975/1000 = 0.975 [0.963,0.983]
  len 6: 495/1000 = 0.495 [0.464,0.526]
  written hist {2: 1025, 3: 986, 4: 972, 5: 1016, 6: 454}
  pruned hist {2: 1025, 3: 988, 4: 976, 5: 1011, 6: 453}
  frontier written 6 pruned 6
  reasons [('parse: missing )', 126), ('rule check failed: DN', 88), ('final formula is not the conclusion', 53), ('rule check failed: NEGE', 50), ('rule check failed: ANDE2', 35), ('rule check failed: ANDI', 31)]
python3 train.py --data artifacts/r3_4b/ei_depth3_85M_s1_mix/mix_1.jsonl --init ckpts/r3_4b/stage1_depth3_f0_a1_85M_s1.pt --steps 600 --lr 3e-05 --min_lr 3e-06 --warmup 50 --cap 0 --out ckpts/r3_4b/ei_depth3_85M_s1_mix_r1.pt --seed 1001 --log_every 200
params 85208064 mode abs shift True
train records 20932 max len 360
step 200 loss 0.0582 lr 2.53e-05 175s
step 400 loss 0.0547 lr 1.09e-05 350s
step 600 loss 0.0553 lr 3.00e-06 520s
saved ckpts/r3_4b/ei_depth3_85M_s1_mix_r1.pt
=== round 1 done in 765s; new proofs 972; cum targets solved 67
[r3_4b/ei_depth3_85M_s1_mix r2] targets (this round, pass@32) SOLVED 86/600 = 0.143 [0.118,0.174]
  len 7: 85/256 = 0.332 [0.277,0.392]
  len 8: 1/344 = 0.003 [0.001,0.016]
  written hist {7: 1602, 8: 43}
  pruned hist {6: 1376, 7: 269}
  frontier written 8 pruned 7
  reasons [('rule check failed: IMPI', 2312), ('parse: missing )', 2287), ('rule check failed: ANDI', 1680), ('final formula is not the conclusion', 1659), ('bad box cite', 1353), ('rule check failed: ORI1', 1072)]
[r3_4b/ei_depth3_85M_s1_mix r2] targets (cumulative 64 attempts) SOLVED 86/600 = 0.143 [0.118,0.174]
  len 7: 85/256 = 0.332 [0.277,0.392]
  len 8: 1/344 = 0.003 [0.001,0.016]
  written hist {7: 2229, 8: 63}
  pruned hist {6: 1950, 7: 342}
  frontier written 8 pruned 7
  reasons []
[r3_4b/ei_depth3_85M_s1_mix r2] transfer (this round, pass@32) SOLVED 0/100 = 0.000 [0.000,0.037]
  len 7: 0/6 = 0.000 [0.000,0.390]
  len 8: 0/94 = 0.000 [0.000,0.039]
  written hist {}
  pruned hist {}
  frontier written 0 pruned 0
  reasons [('parse: missing )', 715), ('rule check failed: IMPI', 402), ('rule check failed: ANDI', 345), ('final formula is not the conclusion', 338), ('rule check failed: ORI1', 259), ('bad box cite', 198)]
[r3_4b/ei_depth3_85M_s1_mix r2] transfer (cumulative 64 attempts) SOLVED 0/100 = 0.000 [0.000,0.037]
  len 7: 0/6 = 0.000 [0.000,0.390]
  len 8: 0/94 = 0.000 [0.000,0.039]
  written hist {}
  pruned hist {}
  frontier written 0 pruned 0
  reasons []
[r3_4b/ei_depth3_85M_s1_mix r2] transfer greedy SOLVED 0/100 = 0.000 [0.000,0.037]
  len 7: 0/6 = 0.000 [0.000,0.390]
  len 8: 0/94 = 0.000 [0.000,0.039]
  written hist {}
  pruned hist {}
  frontier written 0 pruned 0
  reasons [('parse: missing )', 19), ('rule check failed: IMPI', 14), ('final formula is not the conclusion', 11), ('bad box cite', 9), ('rule check failed: ORI1', 9), ('rule check failed: ANDI', 9)]
[r3_4b/ei_depth3_85M_s1_mix r2] heldout greedy SOLVED 4453/5000 = 0.891 [0.882,0.899]
  len 2: 998/1000 = 0.998 [0.993,0.999]
  len 3: 999/1000 = 0.999 [0.994,1.000]
  len 4: 987/1000 = 0.987 [0.978,0.992]
  len 5: 977/1000 = 0.977 [0.966,0.985]
  len 6: 492/1000 = 0.492 [0.461,0.523]
  written hist {2: 1021, 3: 987, 4: 978, 5: 1007, 6: 459, 7: 1}
  pruned hist {2: 1021, 3: 988, 4: 982, 5: 1003, 6: 458, 7: 1}
  frontier written 6 pruned 6
  reasons [('parse: missing )', 134), ('bad box cite', 66), ('rule check failed: NEGE', 61), ('rule check failed: DN', 41), ('final formula is not the conclusion', 36), ('rule check failed: ANDE2', 30)]
python3 train.py --data artifacts/r3_4b/ei_depth3_85M_s1_mix/mix_2.jsonl --init ckpts/r3_4b/ei_depth3_85M_s1_mix_r1.pt --steps 600 --lr 3e-05 --min_lr 3e-06 --warmup 50 --cap 0 --out ckpts/r3_4b/ei_depth3_85M_s1_mix_r2.pt --seed 1002 --log_every 200
params 85208064 mode abs shift True
train records 21328 max len 370
step 200 loss 0.0542 lr 2.53e-05 168s
step 400 loss 0.0547 lr 1.09e-05 338s
step 600 loss 0.0531 lr 3.00e-06 510s
saved ckpts/r3_4b/ei_depth3_85M_s1_mix_r2.pt
=== round 2 done in 833s; new proofs 1320; cum targets solved 86
[r3_4b/ei_depth3_85M_s1_mix r3] targets (this round, pass@32) SOLVED 100/600 = 0.167 [0.139,0.199]
  len 7: 99/256 = 0.387 [0.329,0.448]
  len 8: 1/344 = 0.003 [0.001,0.016]
  written hist {7: 1487, 8: 30}
  pruned hist {6: 1271, 7: 246}
  frontier written 8 pruned 7
  reasons [('rule check failed: IMPI', 2377), ('rule check failed: ANDI', 1605), ('parse: missing )', 1510), ('final formula is not the conclusion', 1490), ('bad box cite', 1350), ('rule check failed: ORI1', 1077)]
[r3_4b/ei_depth3_85M_s1_mix r3] targets (cumulative 96 attempts) SOLVED 100/600 = 0.167 [0.139,0.199]
  len 7: 99/256 = 0.387 [0.329,0.448]
  len 8: 1/344 = 0.003 [0.001,0.016]
  written hist {7: 2888, 8: 70}
  pruned hist {6: 2500, 7: 458}
  frontier written 8 pruned 7
  reasons []
[r3_4b/ei_depth3_85M_s1_mix r3] transfer (this round, pass@32) SOLVED 0/100 = 0.000 [0.000,0.037]
  len 7: 0/6 = 0.000 [0.000,0.390]
  len 8: 0/94 = 0.000 [0.000,0.039]
  written hist {}
  pruned hist {}
  frontier written 0 pruned 0
  reasons [('rule check failed: IMPI', 553), ('parse: missing )', 512), ('rule check failed: ANDI', 385), ('rule check failed: ORI1', 282), ('final formula is not the conclusion', 247), ('bad box cite', 199)]
[r3_4b/ei_depth3_85M_s1_mix r3] transfer (cumulative 96 attempts) SOLVED 0/100 = 0.000 [0.000,0.037]
  len 7: 0/6 = 0.000 [0.000,0.390]
  len 8: 0/94 = 0.000 [0.000,0.039]
  written hist {}
  pruned hist {}
  frontier written 0 pruned 0
  reasons []
[r3_4b/ei_depth3_85M_s1_mix r3] transfer greedy SOLVED 0/100 = 0.000 [0.000,0.037]
  len 7: 0/6 = 0.000 [0.000,0.390]
  len 8: 0/94 = 0.000 [0.000,0.039]
  written hist {}
  pruned hist {}
  frontier written 0 pruned 0
  reasons [('rule check failed: IMPI', 17), ('parse: missing )', 16), ('rule check failed: ANDI', 12), ('rule check failed: ORI1', 10), ('final formula is not the conclusion', 7), ('rule check failed: R', 7)]
[r3_4b/ei_depth3_85M_s1_mix r3] heldout greedy SOLVED 4467/5000 = 0.893 [0.885,0.902]
  len 2: 999/1000 = 0.999 [0.994,1.000]
  len 3: 1000/1000 = 1.000 [0.996,1.000]
  len 4: 987/1000 = 0.987 [0.978,0.992]
  len 5: 980/1000 = 0.980 [0.969,0.987]
  len 6: 501/1000 = 0.501 [0.470,0.532]
  written hist {2: 1020, 3: 986, 4: 986, 5: 1012, 6: 461, 7: 2}
  pruned hist {2: 1021, 3: 986, 4: 989, 5: 1008, 6: 461, 7: 2}
  frontier written 6 pruned 6
  reasons [('parse: missing )', 96), ('rule check failed: NEGE', 77), ('depth jump at line 60', 69), ('bad box cite', 58), ('rule check failed: DN', 50), ('rule check failed: ANDE2', 36)]
python3 train.py --data artifacts/r3_4b/ei_depth3_85M_s1_mix/mix_3.jsonl --init ckpts/r3_4b/ei_depth3_85M_s1_mix_r2.pt --steps 600 --lr 3e-05 --min_lr 3e-06 --warmup 50 --cap 0 --out ckpts/r3_4b/ei_depth3_85M_s1_mix_r3.pt --seed 1003 --log_every 200
params 85208064 mode abs shift True
train records 21564 max len 422
step 200 loss 0.0516 lr 2.53e-05 169s
step 400 loss 0.0503 lr 1.09e-05 332s
step 600 loss 0.0490 lr 3.00e-06 507s
saved ckpts/r3_4b/ei_depth3_85M_s1_mix_r3.pt
=== round 3 done in 847s; new proofs 666; cum targets solved 100
[r3_4b/ei_depth3_85M_s1_mix r4] targets (this round, pass@32) SOLVED 107/600 = 0.178 [0.150,0.211]
  len 7: 106/256 = 0.414 [0.355,0.475]
  len 8: 1/344 = 0.003 [0.001,0.016]
  written hist {7: 1595, 8: 25}
  pruned hist {6: 1366, 7: 254}
  frontier written 8 pruned 7
  reasons [('rule check failed: IMPI', 2196), ('rule check failed: ANDI', 1730), ('final formula is not the conclusion', 1491), ('parse: missing )', 1281), ('rule check failed: NEGE', 1137), ('rule check failed: R', 1136)]
[r3_4b/ei_depth3_85M_s1_mix r4] targets (cumulative 128 attempts) SOLVED 107/600 = 0.178 [0.150,0.211]
  len 7: 106/256 = 0.414 [0.355,0.475]
  len 8: 1/344 = 0.003 [0.001,0.016]
  written hist {7: 3384, 8: 73}
  pruned hist {6: 2908, 7: 549}
  frontier written 8 pruned 7
  reasons []
[r3_4b/ei_depth3_85M_s1_mix r4] transfer (this round, pass@32) SOLVED 0/100 = 0.000 [0.000,0.037]
  len 7: 0/6 = 0.000 [0.000,0.390]
  len 8: 0/94 = 0.000 [0.000,0.039]
  written hist {}
  pruned hist {}
  frontier written 0 pruned 0
  reasons [('rule check failed: IMPI', 590), ('rule check failed: ANDI', 369), ('parse: missing )', 348), ('final formula is not the conclusion', 317), ('rule check failed: ORI1', 289), ('rule check failed: R', 200)]
[r3_4b/ei_depth3_85M_s1_mix r4] transfer (cumulative 128 attempts) SOLVED 0/100 = 0.000 [0.000,0.037]
  len 7: 0/6 = 0.000 [0.000,0.390]
  len 8: 0/94 = 0.000 [0.000,0.039]
  written hist {}
  pruned hist {}
  frontier written 0 pruned 0
  reasons []
[r3_4b/ei_depth3_85M_s1_mix r4] transfer greedy SOLVED 0/100 = 0.000 [0.000,0.037]
  len 7: 0/6 = 0.000 [0.000,0.390]
  len 8: 0/94 = 0.000 [0.000,0.039]
  written hist {}
  pruned hist {}
  frontier written 0 pruned 0
  reasons [('rule check failed: IMPI', 20), ('rule check failed: ANDI', 12), ('parse: missing )', 10), ('final formula is not the conclusion', 10), ('rule check failed: ORI1', 9), ('rule check failed: DN', 6)]
[r3_4b/ei_depth3_85M_s1_mix r4] heldout greedy SOLVED 4458/5000 = 0.892 [0.883,0.900]
  len 2: 999/1000 = 0.999 [0.994,1.000]
  len 3: 999/1000 = 0.999 [0.994,1.000]
  len 4: 984/1000 = 0.984 [0.974,0.990]
  len 5: 978/1000 = 0.978 [0.967,0.985]
  len 6: 498/1000 = 0.498 [0.467,0.529]
  written hist {2: 1011, 3: 992, 4: 981, 5: 1014, 6: 460}
  pruned hist {2: 1012, 3: 992, 4: 985, 5: 1009, 6: 460}
  frontier written 6 pruned 6
  reasons [('rule check failed: NEGE', 95), ('parse: missing )', 72), ('bad box cite', 62), ('rule check failed: DN', 49), ('final formula is not the conclusion', 37), ('depth jump at line 59', 37)]
python3 train.py --data artifacts/r3_4b/ei_depth3_85M_s1_mix/mix_4.jsonl --init ckpts/r3_4b/ei_depth3_85M_s1_mix_r3.pt --steps 600 --lr 3e-05 --min_lr 3e-06 --warmup 50 --cap 0 --out ckpts/r3_4b/ei_depth3_85M_s1_mix_r4.pt --seed 1004 --log_every 200
params 85208064 mode abs shift True
train records 21672 max len 360
step 200 loss 0.0558 lr 2.53e-05 175s
step 400 loss 0.0529 lr 1.09e-05 350s
step 600 loss 0.0524 lr 3.00e-06 520s
saved ckpts/r3_4b/ei_depth3_85M_s1_mix_r4.pt
=== round 4 done in 820s; new proofs 499; cum targets solved 107
[r3_4b/ei_depth3_85M_s1_mix r5] targets (this round, pass@32) SOLVED 108/600 = 0.180 [0.151,0.213]
  len 7: 107/256 = 0.418 [0.359,0.479]
  len 8: 1/344 = 0.003 [0.001,0.016]
  written hist {7: 1567, 8: 32}
  pruned hist {6: 1353, 7: 246}
  frontier written 8 pruned 7
  reasons [('parse: missing )', 2542), ('rule check failed: IMPI', 1555), ('rule check failed: NEGE', 1454), ('rule check failed: ANDI', 1424), ('final formula is not the conclusion', 1307), ('rule check failed: R', 1219)]
[r3_4b/ei_depth3_85M_s1_mix r5] targets (cumulative 160 attempts) SOLVED 108/600 = 0.180 [0.151,0.213]
  len 7: 107/256 = 0.418 [0.359,0.479]
  len 8: 1/344 = 0.003 [0.001,0.016]
  written hist {7: 3705, 8: 77}
  pruned hist {6: 3191, 7: 591}
  frontier written 8 pruned 7
  reasons []
[r3_4b/ei_depth3_85M_s1_mix r5] transfer (this round, pass@32) SOLVED 0/100 = 0.000 [0.000,0.037]
  len 7: 0/6 = 0.000 [0.000,0.390]
  len 8: 0/94 = 0.000 [0.000,0.039]
  written hist {}
  pruned hist {}
  frontier written 0 pruned 0
  reasons [('parse: missing )', 708), ('rule check failed: ANDI', 391), ('rule check failed: IMPI', 379), ('final formula is not the conclusion', 290), ('rule check failed: ORI1', 228), ('bad box cite', 216)]
[r3_4b/ei_depth3_85M_s1_mix r5] transfer (cumulative 160 attempts) SOLVED 0/100 = 0.000 [0.000,0.037]
  len 7: 0/6 = 0.000 [0.000,0.390]
  len 8: 0/94 = 0.000 [0.000,0.039]
  written hist {}
  pruned hist {}
  frontier written 0 pruned 0
  reasons []
[r3_4b/ei_depth3_85M_s1_mix r5] transfer greedy SOLVED 0/100 = 0.000 [0.000,0.037]
  len 7: 0/6 = 0.000 [0.000,0.390]
  len 8: 0/94 = 0.000 [0.000,0.039]
  written hist {}
  pruned hist {}
  frontier written 0 pruned 0
  reasons [('parse: missing )', 26), ('rule check failed: IMPI', 12), ('rule check failed: ANDI', 11), ('final formula is not the conclusion', 10), ('rule check failed: ORI1', 7), ('bad box cite', 6)]
[r3_4b/ei_depth3_85M_s1_mix r5] heldout greedy SOLVED 4463/5000 = 0.893 [0.884,0.901]
  len 2: 997/1000 = 0.997 [0.991,0.999]
  len 3: 1000/1000 = 1.000 [0.996,1.000]
  len 4: 987/1000 = 0.987 [0.978,0.992]
  len 5: 977/1000 = 0.977 [0.966,0.985]
  len 6: 502/1000 = 0.502 [0.471,0.533]
  written hist {2: 1016, 3: 994, 4: 976, 5: 1014, 6: 463}
  pruned hist {2: 1017, 3: 995, 4: 983, 5: 1005, 6: 463}
  frontier written 6 pruned 6
  reasons [('rule check failed: NEGE', 130), ('parse: missing )', 110), ('bad box cite', 50), ('rule check failed: DN', 43), ('rule check failed: ANDE2', 29), ('final formula is not the conclusion', 27)]
python3 train.py --data artifacts/r3_4b/ei_depth3_85M_s1_mix/mix_5.jsonl --init ckpts/r3_4b/ei_depth3_85M_s1_mix_r4.pt --steps 600 --lr 3e-05 --min_lr 3e-06 --warmup 50 --cap 0 --out ckpts/r3_4b/ei_depth3_85M_s1_mix_r5.pt --seed 1005 --log_every 200
params 85208064 mode abs shift True
train records 21728 max len 444
step 200 loss 0.0539 lr 2.53e-05 178s
step 400 loss 0.0510 lr 1.09e-05 352s
step 600 loss 0.0518 lr 3.00e-06 540s
saved ckpts/r3_4b/ei_depth3_85M_s1_mix_r5.pt
=== round 5 done in 883s; new proofs 325; cum targets solved 108
[r3_4b/ei_depth3_85M_s1_mix r6] targets (this round, pass@32) SOLVED 109/600 = 0.182 [0.153,0.215]
  len 7: 107/256 = 0.418 [0.359,0.479]
  len 8: 2/344 = 0.006 [0.002,0.021]
  written hist {7: 1656, 8: 24}
  pruned hist {6: 1442, 7: 238}
  frontier written 8 pruned 7
  reasons [('parse: missing )', 2394), ('rule check failed: IMPI', 1513), ('rule check failed: ANDI', 1442), ('bad box cite', 1440), ('rule check failed: NEGE', 1354), ('final formula is not the conclusion', 1307)]
[r3_4b/ei_depth3_85M_s1_mix r6] targets (cumulative 192 attempts) SOLVED 109/600 = 0.182 [0.153,0.215]
  len 7: 107/256 = 0.418 [0.359,0.479]
  len 8: 2/344 = 0.006 [0.002,0.021]
  written hist {7: 3935, 8: 82}
  pruned hist {6: 3398, 7: 619}
  frontier written 8 pruned 7
  reasons []
[r3_4b/ei_depth3_85M_s1_mix r6] transfer (this round, pass@32) SOLVED 0/100 = 0.000 [0.000,0.037]
  len 7: 0/6 = 0.000 [0.000,0.390]
  len 8: 0/94 = 0.000 [0.000,0.039]
  written hist {}
  pruned hist {}
  frontier written 0 pruned 0
  reasons [('parse: missing )', 687), ('final formula is not the conclusion', 355), ('rule check failed: ANDI', 345), ('rule check failed: ORI1', 283), ('bad box cite', 267), ('rule check failed: IMPI', 247)]
[r3_4b/ei_depth3_85M_s1_mix r6] transfer (cumulative 192 attempts) SOLVED 0/100 = 0.000 [0.000,0.037]
  len 7: 0/6 = 0.000 [0.000,0.390]
  len 8: 0/94 = 0.000 [0.000,0.039]
  written hist {}
  pruned hist {}
  frontier written 0 pruned 0
  reasons []
[r3_4b/ei_depth3_85M_s1_mix r6] transfer greedy SOLVED 0/100 = 0.000 [0.000,0.037]
  len 7: 0/6 = 0.000 [0.000,0.390]
  len 8: 0/94 = 0.000 [0.000,0.039]
  written hist {}
  pruned hist {}
  frontier written 0 pruned 0
  reasons [('parse: missing )', 23), ('final formula is not the conclusion', 11), ('rule check failed: ANDI', 9), ('rule check failed: NEGE', 8), ('rule check failed: ORI1', 8), ('bad box cite', 8)]
[r3_4b/ei_depth3_85M_s1_mix r6] heldout greedy SOLVED 4461/5000 = 0.892 [0.883,0.900]
  len 2: 999/1000 = 0.999 [0.994,1.000]
  len 3: 999/1000 = 0.999 [0.994,1.000]
  len 4: 985/1000 = 0.985 [0.975,0.991]
  len 5: 975/1000 = 0.975 [0.963,0.983]
  len 6: 503/1000 = 0.503 [0.472,0.534]
  written hist {2: 1015, 3: 996, 4: 968, 5: 1014, 6: 468}
  pruned hist {2: 1016, 3: 996, 4: 976, 5: 1005, 6: 468}
  frontier written 6 pruned 6
  reasons [('rule check failed: NEGE', 126), ('parse: missing )', 116), ('bad box cite', 58), ('rule check failed: DN', 48), ('final formula is not the conclusion', 36), ('rule check failed: IMPI', 31)]
python3 train.py --data artifacts/r3_4b/ei_depth3_85M_s1_mix/mix_6.jsonl --init ckpts/r3_4b/ei_depth3_85M_s1_mix_r5.pt --steps 600 --lr 3e-05 --min_lr 3e-06 --warmup 50 --cap 0 --out ckpts/r3_4b/ei_depth3_85M_s1_mix_r6.pt --seed 1006 --log_every 200
params 85208064 mode abs shift True
train records 21732 max len 343
step 200 loss 0.0514 lr 2.53e-05 177s
step 400 loss 0.0521 lr 1.09e-05 348s
step 600 loss 0.0551 lr 3.00e-06 520s
saved ckpts/r3_4b/ei_depth3_85M_s1_mix_r6.pt
=== round 6 done in 891s; new proofs 235; cum targets solved 109
[r3_4b/ei_depth3_85M_s1_mix r7] targets (this round, pass@32) SOLVED 110/600 = 0.183 [0.154,0.216]
  len 7: 108/256 = 0.422 [0.363,0.483]
  len 8: 2/344 = 0.006 [0.002,0.021]
  written hist {7: 1714, 8: 42}
  pruned hist {6: 1491, 7: 265}
  frontier written 8 pruned 7
  reasons [('parse: missing )', 2002), ('rule check failed: ANDI', 1691), ('rule check failed: IMPI', 1608), ('final formula is not the conclusion', 1392), ('rule check failed: NEGE', 1386), ('rule check failed: R', 1240)]
[r3_4b/ei_depth3_85M_s1_mix r7] targets (cumulative 224 attempts) SOLVED 110/600 = 0.183 [0.154,0.216]
  len 7: 108/256 = 0.422 [0.363,0.483]
  len 8: 2/344 = 0.006 [0.002,0.021]
  written hist {7: 4127, 8: 99}
  pruned hist {6: 3572, 7: 654}
  frontier written 8 pruned 7
  reasons []
[r3_4b/ei_depth3_85M_s1_mix r7] transfer (this round, pass@32) SOLVED 0/100 = 0.000 [0.000,0.037]
  len 7: 0/6 = 0.000 [0.000,0.390]
  len 8: 0/94 = 0.000 [0.000,0.039]
  written hist {}
  pruned hist {}
  frontier written 0 pruned 0
  reasons [('parse: missing )', 609), ('rule check failed: ANDI', 443), ('final formula is not the conclusion', 371), ('rule check failed: ORI1', 332), ('rule check failed: IMPI', 220), ('rule check failed: DN', 220)]
[r3_4b/ei_depth3_85M_s1_mix r7] transfer (cumulative 224 attempts) SOLVED 0/100 = 0.000 [0.000,0.037]
  len 7: 0/6 = 0.000 [0.000,0.390]
  len 8: 0/94 = 0.000 [0.000,0.039]
  written hist {}
  pruned hist {}
  frontier written 0 pruned 0
  reasons []
[r3_4b/ei_depth3_85M_s1_mix r7] transfer greedy SOLVED 0/100 = 0.000 [0.000,0.037]
  len 7: 0/6 = 0.000 [0.000,0.390]
  len 8: 0/94 = 0.000 [0.000,0.039]
  written hist {}
  pruned hist {}
  frontier written 0 pruned 0
  reasons [('parse: missing )', 19), ('final formula is not the conclusion', 12), ('rule check failed: ANDI', 12), ('rule check failed: ORI1', 11), ('rule check failed: NEGE', 7), ('rule check failed: R', 7)]
[r3_4b/ei_depth3_85M_s1_mix r7] heldout greedy SOLVED 4461/5000 = 0.892 [0.883,0.900]
  len 2: 997/1000 = 0.997 [0.991,0.999]
  len 3: 1000/1000 = 1.000 [0.996,1.000]
  len 4: 985/1000 = 0.985 [0.975,0.991]
  len 5: 975/1000 = 0.975 [0.963,0.983]
  len 6: 504/1000 = 0.504 [0.473,0.535]
  written hist {2: 1023, 3: 992, 4: 970, 5: 1007, 6: 469}
  pruned hist {2: 1024, 3: 992, 4: 975, 5: 1001, 6: 469}
  frontier written 6 pruned 6
  reasons [('rule check failed: NEGE', 116), ('parse: missing )', 92), ('bad box cite', 83), ('rule check failed: DN', 48), ('rule check failed: IMPI', 33), ('rule check failed: ANDI', 30)]
python3 train.py --data artifacts/r3_4b/ei_depth3_85M_s1_mix/mix_7.jsonl --init ckpts/r3_4b/ei_depth3_85M_s1_mix_r6.pt --steps 600 --lr 3e-05 --min_lr 3e-06 --warmup 50 --cap 0 --out ckpts/r3_4b/ei_depth3_85M_s1_mix_r7.pt --seed 1007 --log_every 200
params 85208064 mode abs shift True
train records 21752 max len 345
step 200 loss 0.0493 lr 2.53e-05 177s
step 400 loss 0.0522 lr 1.09e-05 348s
step 600 loss 0.0540 lr 3.00e-06 520s
saved ckpts/r3_4b/ei_depth3_85M_s1_mix_r7.pt
=== round 7 done in 868s; new proofs 209; cum targets solved 110
[r3_4b/ei_depth3_85M_s1_mix r8] targets (this round, pass@32) SOLVED 110/600 = 0.183 [0.154,0.216]
  len 7: 108/256 = 0.422 [0.363,0.483]
  len 8: 2/344 = 0.006 [0.002,0.021]
  written hist {7: 1710, 8: 47}
  pruned hist {6: 1491, 7: 266}
  frontier written 8 pruned 7
  reasons [('parse: missing )', 2325), ('rule check failed: ANDI', 1623), ('rule check failed: NEGE', 1600), ('rule check failed: IMPI', 1572), ('final formula is not the conclusion', 1427), ('rule check failed: R', 1225)]
[r3_4b/ei_depth3_85M_s1_mix r8] targets (cumulative 256 attempts) SOLVED 110/600 = 0.183 [0.154,0.216]
  len 7: 108/256 = 0.422 [0.363,0.483]
  len 8: 2/344 = 0.006 [0.002,0.021]
  written hist {7: 4268, 8: 109}
  pruned hist {6: 3698, 7: 679}
  frontier written 8 pruned 7
  reasons []
[r3_4b/ei_depth3_85M_s1_mix r8] transfer (this round, pass@32) SOLVED 0/100 = 0.000 [0.000,0.037]
  len 7: 0/6 = 0.000 [0.000,0.390]
  len 8: 0/94 = 0.000 [0.000,0.039]
  written hist {}
  pruned hist {}
  frontier written 0 pruned 0
  reasons [('parse: missing )', 666), ('rule check failed: ANDI', 421), ('rule check failed: ORI1', 322), ('final formula is not the conclusion', 282), ('rule check failed: IMPI', 247), ('rule check failed: NEGE', 241)]
[r3_4b/ei_depth3_85M_s1_mix r8] transfer (cumulative 256 attempts) SOLVED 0/100 = 0.000 [0.000,0.037]
  len 7: 0/6 = 0.000 [0.000,0.390]
  len 8: 0/94 = 0.000 [0.000,0.039]
  written hist {}
  pruned hist {}
  frontier written 0 pruned 0
  reasons []
[r3_4b/ei_depth3_85M_s1_mix r8] transfer greedy SOLVED 0/100 = 0.000 [0.000,0.037]
  len 7: 0/6 = 0.000 [0.000,0.390]
  len 8: 0/94 = 0.000 [0.000,0.039]
  written hist {}
  pruned hist {}
  frontier written 0 pruned 0
  reasons [('parse: missing )', 22), ('rule check failed: ANDI', 12), ('rule check failed: ORI1', 11), ('rule check failed: NEGE', 8), ('final formula is not the conclusion', 8), ('rule check failed: IMPI', 7)]
[r3_4b/ei_depth3_85M_s1_mix r8] heldout greedy SOLVED 4470/5000 = 0.894 [0.885,0.902]
  len 2: 998/1000 = 0.998 [0.993,0.999]
  len 3: 999/1000 = 0.999 [0.994,1.000]
  len 4: 982/1000 = 0.982 [0.972,0.989]
  len 5: 979/1000 = 0.979 [0.968,0.986]
  len 6: 512/1000 = 0.512 [0.481,0.543]
  written hist {2: 1017, 3: 989, 4: 971, 5: 1012, 6: 481}
  pruned hist {2: 1017, 3: 992, 4: 972, 5: 1008, 6: 481}
  frontier written 6 pruned 6
  reasons [('rule check failed: NEGE', 156), ('parse: missing )', 99), ('bad box cite', 60), ('rule check failed: DN', 37), ('rule check failed: ANDI', 35), ('rule check failed: IMPI', 29)]
python3 train.py --data artifacts/r3_4b/ei_depth3_85M_s1_mix/mix_8.jsonl --init ckpts/r3_4b/ei_depth3_85M_s1_mix_r7.pt --steps 600 --lr 3e-05 --min_lr 3e-06 --warmup 50 --cap 0 --out ckpts/r3_4b/ei_depth3_85M_s1_mix_r8.pt --seed 1008 --log_every 200
params 85208064 mode abs shift True
train records 21760 max len 360
step 200 loss 0.0541 lr 2.53e-05 174s
step 400 loss 0.0513 lr 1.09e-05 344s
step 600 loss 0.0531 lr 3.00e-06 512s
saved ckpts/r3_4b/ei_depth3_85M_s1_mix_r8.pt
=== round 8 done in 865s; new proofs 151; cum targets solved 110
