shard 0/1: 300 theorems, 0 already done; k=2000 T=0.8 batch=2000
Traceback (most recent call last):
  File "/workspace/nd-takehome/coverage.py", line 138, in <module>
    main()
  File "/workspace/nd-takehome/coverage.py", line 95, in main
    outs = generate_ids(model, tok, [pid] * b, greedy=False, temperature=a.temperature, max_new=a.max_new, gen=gen)
           ^^^^^^^^^^^^^^^^^^^^^^^^^^^^^^^^^^^^^^^^^^^^^^^^^^^^^^^^^^^^^^^^^^^^^^^^^^^^^^^^^^^^^^^^^^^^^^^^^^^^^^^^
  File "/usr/local/lib/python3.12/dist-packages/torch/utils/_contextlib.py", line 120, in decorate_context
    return func(*args, **kwargs)
           ^^^^^^^^^^^^^^^^^^^^^
  File "/workspace/nd-takehome/sample.py", line 26, in generate_ids
    logits = model(idx, pos=pos, mask=mask, caches=caches)[:, -1]
             ^^^^^^^^^^^^^^^^^^^^^^^^^^^^^^^^^^^^^^^^^^^^^
  File "/usr/local/lib/python3.12/dist-packages/torch/nn/modules/module.py", line 1773, in _wrapped_call_impl
    return self._call_impl(*args, **kwargs)
           ^^^^^^^^^^^^^^^^^^^^^^^^^^^^^^^^
  File "/usr/local/lib/python3.12/dist-packages/torch/nn/modules/module.py", line 1784, in _call_impl
    return forward_call(*args, **kwargs)
           ^^^^^^^^^^^^^^^^^^^^^^^^^^^^^
  File "/workspace/nd-takehome/model.py", line 92, in forward
    x = b(x, cos, sin, mask, None if caches is None else caches[i])
        ^^^^^^^^^^^^^^^^^^^^^^^^^^^^^^^^^^^^^^^^^^^^^^^^^^^^^^^^^^^
  File "/usr/local/lib/python3.12/dist-packages/torch/nn/modules/module.py", line 1773, in _wrapped_call_impl
    return self._call_impl(*args, **kwargs)
           ^^^^^^^^^^^^^^^^^^^^^^^^^^^^^^^^
  File "/usr/local/lib/python3.12/dist-packages/torch/nn/modules/module.py", line 1784, in _call_impl
    return forward_call(*args, **kwargs)
           ^^^^^^^^^^^^^^^^^^^^^^^^^^^^^
  File "/workspace/nd-takehome/model.py", line 56, in forward
    x = x + self.attn(self.ln1(x), cos, sin, mask, cache)
            ^^^^^^^^^^^^^^^^^^^^^^^^^^^^^^^^^^^^^^^^^^^^^
  File "/workspace/nd-takehome/model.py", line 42, in attn
    cache['k'] = k.new_empty(B, self.h, cache['max'], D // self.h)
                 ^^^^^^^^^^^^^^^^^^^^^^^^^^^^^^^^^^^^^^^^^^^^^^^^^
torch.OutOfMemoryError: CUDA out of memory. Tried to allocate 1.70 GiB. GPU 0 has a total capacity of 44.42 GiB of which 1.65 GiB is free. Process 2675 has 23.42 GiB memory in use. Including non-PyTorch memory, this process has 19.33 GiB memory in use. Of the allocated memory 18.94 GiB is allocated by PyTorch, and 81.66 MiB is reserved by PyTorch but unallocated. If reserved but unallocated memory is large try setting PYTORCH_CUDA_ALLOC_CONF=expandable_segments:True to avoid fragmentation.  See documentation for Memory Management  (https://pytorch.org/docs/stable/notes/cuda.html#environment-variables)
shard 0/1: 300 theorems, 0 already done; k=2000 T=0.8 batch=2000
targets_depth3_0: n_ok 0/2000 distinct_ok 0 first_hit None written_hist {} (6s; 1 done, 6s/thm, ETA 28 min)
targets_depth3_1: n_ok 0/2000 distinct_ok 0 first_hit None written_hist {} (8s; 2 done, 7s/thm, ETA 33 min)
targets_depth3_2: n_ok 0/2000 distinct_ok 0 first_hit None written_hist {} (3s; 3 done, 6s/thm, ETA 28 min)
targets_depth3_3: n_ok 0/2000 distinct_ok 0 first_hit None written_hist {} (4s; 4 done, 5s/thm, ETA 25 min)
targets_depth3_4: n_ok 0/2000 distinct_ok 0 first_hit None written_hist {} (4s; 5 done, 5s/thm, ETA 24 min)
targets_depth3_5: n_ok 0/2000 distinct_ok 0 first_hit None written_hist {} (6s; 6 done, 5s/thm, ETA 24 min)
targets_depth3_6: n_ok 0/2000 distinct_ok 0 first_hit None written_hist {} (8s; 7 done, 5s/thm, ETA 26 min)
targets_depth3_7: n_ok 0/2000 distinct_ok 0 first_hit None written_hist {} (4s; 8 done, 5s/thm, ETA 25 min)
targets_depth3_8: n_ok 0/2000 distinct_ok 0 first_hit None written_hist {} (5s; 9 done, 5s/thm, ETA 25 min)
targets_depth3_9: n_ok 0/2000 distinct_ok 0 first_hit None written_hist {} (5s; 10 done, 5s/thm, ETA 24 min)
targets_depth3_10: n_ok 0/2000 distinct_ok 0 first_hit None written_hist {} (5s; 11 done, 5s/thm, ETA 24 min)
targets_depth3_11: n_ok 0/2000 distinct_ok 0 first_hit None written_hist {} (3s; 12 done, 5s/thm, ETA 24 min)
targets_depth3_12: n_ok 0/2000 distinct_ok 0 first_hit None written_hist {} (4s; 13 done, 5s/thm, ETA 23 min)
targets_depth3_13: n_ok 0/2000 distinct_ok 0 first_hit None written_hist {} (8s; 14 done, 5s/thm, ETA 24 min)
targets_depth3_14: n_ok 0/2000 distinct_ok 0 first_hit None written_hist {} (3s; 15 done, 5s/thm, ETA 24 min)
targets_depth3_15: n_ok 0/2000 distinct_ok 0 first_hit None written_hist {} (16s; 16 done, 6s/thm, ETA 27 min)
targets_depth3_16: n_ok 0/2000 distinct_ok 0 first_hit None written_hist {} (5s; 17 done, 6s/thm, ETA 27 min)
targets_depth3_17: n_ok 2/2000 distinct_ok 1 first_hit 278 written_hist {7: 1} (8s; 18 done, 6s/thm, ETA 27 min)
targets_depth3_18: n_ok 0/2000 distinct_ok 0 first_hit None written_hist {} (4s; 19 done, 6s/thm, ETA 27 min)
targets_depth3_19: n_ok 0/2000 distinct_ok 0 first_hit None written_hist {} (3s; 20 done, 6s/thm, ETA 26 min)
targets_depth3_20: n_ok 0/2000 distinct_ok 0 first_hit None written_hist {} (5s; 21 done, 5s/thm, ETA 26 min)
targets_depth3_21: n_ok 0/2000 distinct_ok 0 first_hit None written_hist {} (3s; 22 done, 5s/thm, ETA 25 min)
targets_depth3_22: n_ok 0/2000 distinct_ok 0 first_hit None written_hist {} (5s; 23 done, 5s/thm, ETA 25 min)
targets_depth3_23: n_ok 0/2000 distinct_ok 0 first_hit None written_hist {} (5s; 24 done, 5s/thm, ETA 25 min)
targets_depth3_24: n_ok 0/2000 distinct_ok 0 first_hit None written_hist {} (7s; 25 done, 5s/thm, ETA 25 min)
targets_depth3_25: n_ok 0/2000 distinct_ok 0 first_hit None written_hist {} (4s; 26 done, 5s/thm, ETA 25 min)
targets_depth3_26: n_ok 0/2000 distinct_ok 0 first_hit None written_hist {} (6s; 27 done, 5s/thm, ETA 25 min)
targets_depth3_27: n_ok 0/2000 distinct_ok 0 first_hit None written_hist {} (7s; 28 done, 5s/thm, ETA 25 min)
targets_depth3_28: n_ok 0/2000 distinct_ok 0 first_hit None written_hist {} (4s; 29 done, 5s/thm, ETA 24 min)
targets_depth3_29: n_ok 0/2000 distinct_ok 0 first_hit None written_hist {} (7s; 30 done, 5s/thm, ETA 25 min)
targets_depth3_30: n_ok 0/2000 distinct_ok 0 first_hit None written_hist {} (6s; 31 done, 5s/thm, ETA 25 min)
targets_depth3_31: n_ok 0/2000 distinct_ok 0 first_hit None written_hist {} (3s; 32 done, 5s/thm, ETA 24 min)
targets_depth3_32: n_ok 0/2000 distinct_ok 0 first_hit None written_hist {} (6s; 33 done, 5s/thm, ETA 24 min)
targets_depth3_33: n_ok 0/2000 distinct_ok 0 first_hit None written_hist {} (16s; 34 done, 6s/thm, ETA 25 min)
targets_depth3_34: n_ok 0/2000 distinct_ok 0 first_hit None written_hist {} (4s; 35 done, 6s/thm, ETA 25 min)
targets_depth3_35: n_ok 0/2000 distinct_ok 0 first_hit None written_hist {} (2s; 36 done, 6s/thm, ETA 25 min)
targets_depth3_36: n_ok 0/2000 distinct_ok 0 first_hit None written_hist {} (7s; 37 done, 6s/thm, ETA 25 min)
targets_depth3_37: n_ok 0/2000 distinct_ok 0 first_hit None written_hist {} (3s; 38 done, 6s/thm, ETA 24 min)
targets_depth3_38: n_ok 0/2000 distinct_ok 0 first_hit None written_hist {} (5s; 39 done, 6s/thm, ETA 24 min)
targets_depth3_39: n_ok 0/2000 distinct_ok 0 first_hit None written_hist {} (3s; 40 done, 5s/thm, ETA 24 min)
targets_depth3_40: n_ok 0/2000 distinct_ok 0 first_hit None written_hist {} (4s; 41 done, 5s/thm, ETA 24 min)
targets_depth3_41: n_ok 0/2000 distinct_ok 0 first_hit None written_hist {} (8s; 42 done, 5s/thm, ETA 24 min)
targets_depth3_42: n_ok 0/2000 distinct_ok 0 first_hit None written_hist {} (3s; 43 done, 5s/thm, ETA 23 min)
targets_depth3_43: n_ok 0/2000 distinct_ok 0 first_hit None written_hist {} (5s; 44 done, 5s/thm, ETA 23 min)
targets_depth3_44: n_ok 0/2000 distinct_ok 0 first_hit None written_hist {} (4s; 45 done, 5s/thm, ETA 23 min)
targets_depth3_45: n_ok 0/2000 distinct_ok 0 first_hit None written_hist {} (4s; 46 done, 5s/thm, ETA 23 min)
targets_depth3_46: n_ok 0/2000 distinct_ok 0 first_hit None written_hist {} (4s; 47 done, 5s/thm, ETA 23 min)
targets_depth3_47: n_ok 0/2000 distinct_ok 0 first_hit None written_hist {} (3s; 48 done, 5s/thm, ETA 22 min)
targets_depth3_48: n_ok 2/2000 distinct_ok 2 first_hit 590 written_hist {7: 2} (4s; 49 done, 5s/thm, ETA 22 min)
targets_depth3_49: n_ok 0/2000 distinct_ok 0 first_hit None written_hist {} (3s; 50 done, 5s/thm, ETA 22 min)
targets_depth3_50: n_ok 0/2000 distinct_ok 0 first_hit None written_hist {} (9s; 51 done, 5s/thm, ETA 22 min)
targets_depth3_51: n_ok 0/2000 distinct_ok 0 first_hit None written_hist {} (5s; 52 done, 5s/thm, ETA 22 min)
targets_depth3_52: n_ok 0/2000 distinct_ok 0 first_hit None written_hist {} (3s; 53 done, 5s/thm, ETA 22 min)
targets_depth3_53: n_ok 0/2000 distinct_ok 0 first_hit None written_hist {} (3s; 54 done, 5s/thm, ETA 21 min)
targets_depth3_54: n_ok 0/2000 distinct_ok 0 first_hit None written_hist {} (3s; 55 done, 5s/thm, ETA 21 min)
targets_depth3_55: n_ok 0/2000 distinct_ok 0 first_hit None written_hist {} (10s; 56 done, 5s/thm, ETA 21 min)
targets_depth3_56: n_ok 0/2000 distinct_ok 0 first_hit None written_hist {} (5s; 57 done, 5s/thm, ETA 21 min)
targets_depth3_57: n_ok 0/2000 distinct_ok 0 first_hit None written_hist {} (4s; 58 done, 5s/thm, ETA 21 min)
targets_depth3_58: n_ok 0/2000 distinct_ok 0 first_hit None written_hist {} (4s; 59 done, 5s/thm, ETA 21 min)
targets_depth3_59: n_ok 0/2000 distinct_ok 0 first_hit None written_hist {} (17s; 60 done, 5s/thm, ETA 22 min)
targets_depth3_60: n_ok 0/2000 distinct_ok 0 first_hit None written_hist {} (3s; 61 done, 5s/thm, ETA 21 min)
targets_depth3_61: n_ok 0/2000 distinct_ok 0 first_hit None written_hist {} (4s; 62 done, 5s/thm, ETA 21 min)
targets_depth3_62: n_ok 0/2000 distinct_ok 0 first_hit None written_hist {} (7s; 63 done, 5s/thm, ETA 21 min)
targets_depth3_63: n_ok 0/2000 distinct_ok 0 first_hit None written_hist {} (5s; 64 done, 5s/thm, ETA 21 min)
targets_depth3_64: n_ok 0/2000 distinct_ok 0 first_hit None written_hist {} (4s; 65 done, 5s/thm, ETA 21 min)
targets_depth3_65: n_ok 0/2000 distinct_ok 0 first_hit None written_hist {} (4s; 66 done, 5s/thm, ETA 21 min)
targets_depth3_66: n_ok 0/2000 distinct_ok 0 first_hit None written_hist {} (4s; 67 done, 5s/thm, ETA 21 min)
targets_depth3_67: n_ok 31/2000 distinct_ok 1 first_hit 4 written_hist {7: 1} (6s; 68 done, 5s/thm, ETA 21 min)
targets_depth3_68: n_ok 0/2000 distinct_ok 0 first_hit None written_hist {} (3s; 69 done, 5s/thm, ETA 20 min)
targets_depth3_69: n_ok 0/2000 distinct_ok 0 first_hit None written_hist {} (4s; 70 done, 5s/thm, ETA 20 min)
targets_depth3_70: n_ok 0/2000 distinct_ok 0 first_hit None written_hist {} (4s; 71 done, 5s/thm, ETA 20 min)
targets_depth3_71: n_ok 0/2000 distinct_ok 0 first_hit None written_hist {} (4s; 72 done, 5s/thm, ETA 20 min)
targets_depth3_72: n_ok 0/2000 distinct_ok 0 first_hit None written_hist {} (3s; 73 done, 5s/thm, ETA 20 min)
targets_depth3_73: n_ok 0/2000 distinct_ok 0 first_hit None written_hist {} (3s; 74 done, 5s/thm, ETA 19 min)
targets_depth3_74: n_ok 0/2000 distinct_ok 0 first_hit None written_hist {} (4s; 75 done, 5s/thm, ETA 19 min)
targets_depth3_75: n_ok 0/2000 distinct_ok 0 first_hit None written_hist {} (3s; 76 done, 5s/thm, ETA 19 min)
targets_depth3_76: n_ok 1/2000 distinct_ok 1 first_hit 404 written_hist {7: 1} (5s; 77 done, 5s/thm, ETA 19 min)
targets_depth3_77: n_ok 0/2000 distinct_ok 0 first_hit None written_hist {} (4s; 78 done, 5s/thm, ETA 19 min)
targets_depth3_78: n_ok 0/2000 distinct_ok 0 first_hit None written_hist {} (3s; 79 done, 5s/thm, ETA 19 min)
targets_depth3_79: n_ok 0/2000 distinct_ok 0 first_hit None written_hist {} (18s; 80 done, 5s/thm, ETA 19 min)
targets_depth3_80: n_ok 0/2000 distinct_ok 0 first_hit None written_hist {} (6s; 81 done, 5s/thm, ETA 19 min)
targets_depth3_81: n_ok 0/2000 distinct_ok 0 first_hit None written_hist {} (6s; 82 done, 5s/thm, ETA 19 min)
targets_depth3_82: n_ok 0/2000 distinct_ok 0 first_hit None written_hist {} (4s; 83 done, 5s/thm, ETA 19 min)
targets_depth3_83: n_ok 0/2000 distinct_ok 0 first_hit None written_hist {} (4s; 84 done, 5s/thm, ETA 19 min)
targets_depth3_84: n_ok 0/2000 distinct_ok 0 first_hit None written_hist {} (16s; 85 done, 5s/thm, ETA 19 min)
targets_depth3_85: n_ok 0/2000 distinct_ok 0 first_hit None written_hist {} (3s; 86 done, 5s/thm, ETA 19 min)
targets_depth3_86: n_ok 0/2000 distinct_ok 0 first_hit None written_hist {} (5s; 87 done, 5s/thm, ETA 19 min)
targets_depth3_87: n_ok 0/2000 distinct_ok 0 first_hit None written_hist {} (5s; 88 done, 5s/thm, ETA 19 min)
targets_depth3_88: n_ok 0/2000 distinct_ok 0 first_hit None written_hist {} (18s; 89 done, 5s/thm, ETA 19 min)
targets_depth3_89: n_ok 0/2000 distinct_ok 0 first_hit None written_hist {} (16s; 90 done, 6s/thm, ETA 19 min)
targets_depth3_90: n_ok 0/2000 distinct_ok 0 first_hit None written_hist {} (4s; 91 done, 6s/thm, ETA 19 min)
targets_depth3_91: n_ok 0/2000 distinct_ok 0 first_hit None written_hist {} (4s; 92 done, 6s/thm, ETA 19 min)
targets_depth3_92: n_ok 0/2000 distinct_ok 0 first_hit None written_hist {} (4s; 93 done, 6s/thm, ETA 19 min)
targets_depth3_93: n_ok 0/2000 distinct_ok 0 first_hit None written_hist {} (3s; 94 done, 5s/thm, ETA 19 min)
targets_depth3_94: n_ok 0/2000 distinct_ok 0 first_hit None written_hist {} (5s; 95 done, 5s/thm, ETA 19 min)
targets_depth3_95: n_ok 0/2000 distinct_ok 0 first_hit None written_hist {} (4s; 96 done, 5s/thm, ETA 19 min)
targets_depth3_96: n_ok 0/2000 distinct_ok 0 first_hit None written_hist {} (4s; 97 done, 5s/thm, ETA 18 min)
targets_depth3_97: n_ok 0/2000 distinct_ok 0 first_hit None written_hist {} (2s; 98 done, 5s/thm, ETA 18 min)
targets_depth3_98: n_ok 0/2000 distinct_ok 0 first_hit None written_hist {} (3s; 99 done, 5s/thm, ETA 18 min)
targets_depth3_99: n_ok 0/2000 distinct_ok 0 first_hit None written_hist {} (6s; 100 done, 5s/thm, ETA 18 min)
