shard 0/1: 300 theorems, 141 already done; k=2000 T=0.8 batch=2000
targets_depth3_141: n_ok 0/2000 distinct_ok 0 first_hit None written_hist {} (15s; 1 done, 15s/thm, ETA 39 min)
targets_depth3_142: n_ok 0/2000 distinct_ok 0 first_hit None written_hist {} (6s; 2 done, 11s/thm, ETA 28 min)
targets_depth3_143: n_ok 0/2000 distinct_ok 0 first_hit None written_hist {} (9s; 3 done, 10s/thm, ETA 26 min)
targets_depth3_144: n_ok 0/2000 distinct_ok 0 first_hit None written_hist {} (8s; 4 done, 10s/thm, ETA 25 min)
targets_depth3_145: n_ok 0/2000 distinct_ok 0 first_hit None written_hist {} (7s; 5 done, 9s/thm, ETA 24 min)
targets_depth3_146: n_ok 0/2000 distinct_ok 0 first_hit None written_hist {} (6s; 6 done, 9s/thm, ETA 22 min)
targets_depth3_147: n_ok 0/2000 distinct_ok 0 first_hit None written_hist {} (10s; 7 done, 9s/thm, ETA 23 min)
targets_depth3_148: n_ok 0/2000 distinct_ok 0 first_hit None written_hist {} (10s; 8 done, 9s/thm, ETA 23 min)
targets_depth3_149: n_ok 0/2000 distinct_ok 0 first_hit None written_hist {} (9s; 9 done, 9s/thm, ETA 22 min)
targets_depth3_150: n_ok 0/2000 distinct_ok 0 first_hit None written_hist {} (7s; 10 done, 9s/thm, ETA 22 min)
targets_depth3_151: n_ok 0/2000 distinct_ok 0 first_hit None written_hist {} (7s; 11 done, 9s/thm, ETA 21 min)
targets_depth3_152: n_ok 0/2000 distinct_ok 0 first_hit None written_hist {} (6s; 12 done, 8s/thm, ETA 21 min)
targets_depth3_153: n_ok 0/2000 distinct_ok 0 first_hit None written_hist {} (6s; 13 done, 8s/thm, ETA 20 min)
targets_depth3_154: n_ok 0/2000 distinct_ok 0 first_hit None written_hist {} (5s; 14 done, 8s/thm, ETA 19 min)
targets_depth3_155: n_ok 0/2000 distinct_ok 0 first_hit None written_hist {} (7s; 15 done, 8s/thm, ETA 19 min)
targets_depth3_156: n_ok 0/2000 distinct_ok 0 first_hit None written_hist {} (4s; 16 done, 8s/thm, ETA 18 min)
targets_depth3_157: n_ok 0/2000 distinct_ok 0 first_hit None written_hist {} (6s; 17 done, 7s/thm, ETA 18 min)
targets_depth3_158: n_ok 0/2000 distinct_ok 0 first_hit None written_hist {} (7s; 18 done, 7s/thm, ETA 17 min)
targets_depth3_159: n_ok 123/2000 distinct_ok 1 first_hit 6 written_hist {7: 1} (11s; 19 done, 8s/thm, ETA 18 min)
targets_depth3_160: n_ok 0/2000 distinct_ok 0 first_hit None written_hist {} (4s; 20 done, 7s/thm, ETA 17 min)
targets_depth3_161: n_ok 0/2000 distinct_ok 0 first_hit None written_hist {} (9s; 21 done, 8s/thm, ETA 17 min)
targets_depth3_162: n_ok 0/2000 distinct_ok 0 first_hit None written_hist {} (10s; 22 done, 8s/thm, ETA 17 min)
targets_depth3_163: n_ok 0/2000 distinct_ok 0 first_hit None written_hist {} (7s; 23 done, 8s/thm, ETA 17 min)
targets_depth3_164: n_ok 0/2000 distinct_ok 0 first_hit None written_hist {} (8s; 24 done, 8s/thm, ETA 17 min)
targets_depth3_165: n_ok 0/2000 distinct_ok 0 first_hit None written_hist {} (6s; 25 done, 8s/thm, ETA 17 min)
targets_depth3_166: n_ok 0/2000 distinct_ok 0 first_hit None written_hist {} (7s; 26 done, 8s/thm, ETA 17 min)
targets_depth3_167: n_ok 0/2000 distinct_ok 0 first_hit None written_hist {} (6s; 27 done, 7s/thm, ETA 16 min)
targets_depth3_168: n_ok 0/2000 distinct_ok 0 first_hit None written_hist {} (6s; 28 done, 7s/thm, ETA 16 min)
targets_depth3_169: n_ok 0/2000 distinct_ok 0 first_hit None written_hist {} (9s; 29 done, 7s/thm, ETA 16 min)
targets_depth3_170: n_ok 0/2000 distinct_ok 0 first_hit None written_hist {} (8s; 30 done, 7s/thm, ETA 16 min)
targets_depth3_171: n_ok 0/2000 distinct_ok 0 first_hit None written_hist {} (9s; 31 done, 8s/thm, ETA 16 min)
targets_depth3_172: n_ok 0/2000 distinct_ok 0 first_hit None written_hist {} (9s; 32 done, 8s/thm, ETA 16 min)
targets_depth3_173: n_ok 0/2000 distinct_ok 0 first_hit None written_hist {} (10s; 33 done, 8s/thm, ETA 16 min)
targets_depth3_174: n_ok 0/2000 distinct_ok 0 first_hit None written_hist {} (9s; 34 done, 8s/thm, ETA 16 min)
targets_depth3_175: n_ok 0/2000 distinct_ok 0 first_hit None written_hist {} (7s; 35 done, 8s/thm, ETA 16 min)
targets_depth3_176: n_ok 0/2000 distinct_ok 0 first_hit None written_hist {} (5s; 36 done, 8s/thm, ETA 15 min)
targets_depth3_177: n_ok 0/2000 distinct_ok 0 first_hit None written_hist {} (13s; 37 done, 8s/thm, ETA 16 min)
targets_depth3_178: n_ok 0/2000 distinct_ok 0 first_hit None written_hist {} (5s; 38 done, 8s/thm, ETA 15 min)
targets_depth3_179: n_ok 0/2000 distinct_ok 0 first_hit None written_hist {} (10s; 39 done, 8s/thm, ETA 15 min)
targets_depth3_180: n_ok 0/2000 distinct_ok 0 first_hit None written_hist {} (10s; 40 done, 8s/thm, ETA 15 min)
targets_depth3_181: n_ok 0/2000 distinct_ok 0 first_hit None written_hist {} (7s; 41 done, 8s/thm, ETA 15 min)
targets_depth3_182: n_ok 0/2000 distinct_ok 0 first_hit None written_hist {} (11s; 42 done, 8s/thm, ETA 15 min)
targets_depth3_183: n_ok 0/2000 distinct_ok 0 first_hit None written_hist {} (13s; 43 done, 8s/thm, ETA 15 min)
targets_depth3_184: n_ok 0/2000 distinct_ok 0 first_hit None written_hist {} (5s; 44 done, 8s/thm, ETA 15 min)
targets_depth3_185: n_ok 0/2000 distinct_ok 0 first_hit None written_hist {} (6s; 45 done, 8s/thm, ETA 15 min)
targets_depth3_186: n_ok 0/2000 distinct_ok 0 first_hit None written_hist {} (3s; 46 done, 8s/thm, ETA 15 min)
targets_depth3_187: n_ok 0/2000 distinct_ok 0 first_hit None written_hist {} (7s; 47 done, 8s/thm, ETA 14 min)
targets_depth3_188: n_ok 0/2000 distinct_ok 0 first_hit None written_hist {} (5s; 48 done, 8s/thm, ETA 14 min)
targets_depth3_189: n_ok 0/2000 distinct_ok 0 first_hit None written_hist {} (4s; 49 done, 8s/thm, ETA 14 min)
targets_depth3_190: n_ok 0/2000 distinct_ok 0 first_hit None written_hist {} (12s; 50 done, 8s/thm, ETA 14 min)
targets_depth3_191: n_ok 0/2000 distinct_ok 0 first_hit None written_hist {} (7s; 51 done, 8s/thm, ETA 14 min)
targets_depth3_192: n_ok 0/2000 distinct_ok 0 first_hit None written_hist {} (6s; 52 done, 8s/thm, ETA 14 min)
targets_depth3_193: n_ok 0/2000 distinct_ok 0 first_hit None written_hist {} (9s; 53 done, 8s/thm, ETA 13 min)
targets_depth3_194: n_ok 0/2000 distinct_ok 0 first_hit None written_hist {} (10s; 54 done, 8s/thm, ETA 13 min)
targets_depth3_195: n_ok 0/2000 distinct_ok 0 first_hit None written_hist {} (7s; 55 done, 8s/thm, ETA 13 min)
Traceback (most recent call last):
  File "/workspace/nd-takehome/coverage.py", line 138, in <module>
    main()
  File "/workspace/nd-takehome/coverage.py", line 95, in main
    outs = generate_ids(model, tok, [pid] * b, greedy=False, temperature=a.temperature, max_new=a.max_new, gen=gen)
           ^^^^^^^^^^^^^^^^^^^^^^^^^^^^^^^^^^^^^^^^^^^^^^^^^^^^^^^^^^^^^^^^^^^^^^^^^^^^^^^^^^^^^^^^^^^^^^^^^^^^^^^^
  File "/usr/local/lib/python3.12/dist-packages/torch/utils/_contextlib.py", line 120, in decorate_context
    return func(*args, **kwargs)
           ^^^^^^^^^^^^^^^^^^^^^
  File "/workspace/nd-takehome/sample.py", line 26, in generate_ids
    logits = model(idx, pos=pos, mask=mask, caches=caches)[:, -1]
             ^^^^^^^^^^^^^^^^^^^^^^^^^^^^^^^^^^^^^^^^^^^^^
  File "/usr/local/lib/python3.12/dist-packages/torch/nn/modules/module.py", line 1773, in _wrapped_call_impl
    return self._call_impl(*args, **kwargs)
           ^^^^^^^^^^^^^^^^^^^^^^^^^^^^^^^^
  File "/usr/local/lib/python3.12/dist-packages/torch/nn/modules/module.py", line 1784, in _call_impl
    return forward_call(*args, **kwargs)
           ^^^^^^^^^^^^^^^^^^^^^^^^^^^^^
  File "/workspace/nd-takehome/model.py", line 92, in forward
    x = b(x, cos, sin, mask, None if caches is None else caches[i])
        ^^^^^^^^^^^^^^^^^^^^^^^^^^^^^^^^^^^^^^^^^^^^^^^^^^^^^^^^^^^
  File "/usr/local/lib/python3.12/dist-packages/torch/nn/modules/module.py", line 1773, in _wrapped_call_impl
    return self._call_impl(*args, **kwargs)
           ^^^^^^^^^^^^^^^^^^^^^^^^^^^^^^^^
  File "/usr/local/lib/python3.12/dist-packages/torch/nn/modules/module.py", line 1784, in _call_impl
    return forward_call(*args, **kwargs)
           ^^^^^^^^^^^^^^^^^^^^^^^^^^^^^
  File "/workspace/nd-takehome/model.py", line 57, in forward
    x = x + self.fc2(F.gelu(self.fc1(self.ln2(x))))
                     ^^^^^^^^^^^^^^^^^^^^^^^^^^^^^
torch.OutOfMemoryError: CUDA out of memory. Tried to allocate 666.00 MiB. GPU 0 has a total capacity of 47.40 GiB of which 528.12 MiB is free. Process 2653 has 22.79 GiB memory in use. Including non-PyTorch memory, this process has 24.08 GiB memory in use. Of the allocated memory 23.70 GiB is allocated by PyTorch, and 62.64 MiB is reserved by PyTorch but unallocated. If reserved but unallocated memory is large try setting PYTORCH_CUDA_ALLOC_CONF=expandable_segments:True to avoid fragmentation.  See documentation for Memory Management  (https://pytorch.org/docs/stable/notes/cuda.html#environment-variables)
