[r3_4b/ei_depth3_85Mr_s0_req r1] targets (this round, pass@32) SOLVED 0/300 = 0.000 [0.000,0.013]
  len 7: 0/6 = 0.000 [0.000,0.390]
  len 8: 0/294 = 0.000 [0.000,0.013]
  written hist {}
  pruned hist {}
  frontier written 0 pruned 0
  reasons [('rule check failed: IMPI', 1831), ('bad box cite', 1526), ('rule check failed: ANDI', 899), ('rule check failed: ANDE2', 760), ('final formula is not the conclusion', 723), ('rule check failed: ORI1', 634)]
[r3_4b/ei_depth3_85Mr_s0_req r1] targets (cumulative 32 attempts) SOLVED 0/300 = 0.000 [0.000,0.013]
  len 7: 0/6 = 0.000 [0.000,0.390]
  len 8: 0/294 = 0.000 [0.000,0.013]
  written hist {}
  pruned hist {}
  frontier written 0 pruned 0
  reasons []
[r3_4b/ei_depth3_85Mr_s0_req r1] transfer (this round, pass@32) SOLVED 0/100 = 0.000 [0.000,0.037]
  len 7: 0/6 = 0.000 [0.000,0.390]
  len 8: 0/94 = 0.000 [0.000,0.039]
  written hist {}
  pruned hist {}
  frontier written 0 pruned 0
  reasons [('rule check failed: IMPI', 821), ('bad box cite', 439), ('rule check failed: ANDI', 374), ('final formula is not the conclusion', 307), ('rule check failed: ORI1', 210), ('rule check failed: ORI2', 209)]
[r3_4b/ei_depth3_85Mr_s0_req r1] transfer (cumulative 32 attempts) SOLVED 0/100 = 0.000 [0.000,0.037]
  len 7: 0/6 = 0.000 [0.000,0.390]
  len 8: 0/94 = 0.000 [0.000,0.039]
  written hist {}
  pruned hist {}
  frontier written 0 pruned 0
  reasons []
[r3_4b/ei_depth3_85Mr_s0_req r1] transfer greedy SOLVED 0/100 = 0.000 [0.000,0.037]
  len 7: 0/6 = 0.000 [0.000,0.390]
  len 8: 0/94 = 0.000 [0.000,0.039]
  written hist {}
  pruned hist {}
  frontier written 0 pruned 0
  reasons [('rule check failed: IMPI', 24), ('bad box cite', 13), ('rule check failed: ANDI', 12), ('final formula is not the conclusion', 10), ('rule check failed: ORI1', 8), ('rule check failed: ORI2', 8)]
[r3_4b/ei_depth3_85Mr_s0_req r1] heldout greedy SOLVED 4485/5000 = 0.897 [0.888,0.905]
  len 2: 1000/1000 = 1.000 [0.996,1.000]
  len 3: 998/1000 = 0.998 [0.993,0.999]
  len 4: 991/1000 = 0.991 [0.983,0.995]
  len 5: 980/1000 = 0.980 [0.969,0.987]
  len 6: 516/1000 = 0.516 [0.485,0.547]
  written hist {2: 1022, 3: 990, 4: 983, 5: 1006, 6: 484}
  pruned hist {2: 1022, 3: 990, 4: 987, 5: 1002, 6: 484}
  frontier written 6 pruned 6
  reasons [('bad box cite', 142), ('rule check failed: DN', 113), ('rule check failed: IMPI', 40), ('rule check failed: BOTE', 34), ('rule check failed: ANDI', 25), ('rule check failed: NEGE', 25)]
no accepted proofs: skipping training this round
=== round 1 done in 202s; new proofs 0; cum targets solved 0
[r3_4b/ei_depth3_85Mr_s0_req r2] targets (this round, pass@32) SOLVED 0/300 = 0.000 [0.000,0.013]
  len 7: 0/6 = 0.000 [0.000,0.390]
  len 8: 0/294 = 0.000 [0.000,0.013]
  written hist {}
  pruned hist {}
  frontier written 0 pruned 0
  reasons [('rule check failed: IMPI', 1869), ('bad box cite', 1584), ('rule check failed: ANDI', 903), ('rule check failed: ANDE2', 706), ('final formula is not the conclusion', 697), ('rule check failed: ORI1', 629)]
[r3_4b/ei_depth3_85Mr_s0_req r2] targets (cumulative 64 attempts) SOLVED 0/300 = 0.000 [0.000,0.013]
  len 7: 0/6 = 0.000 [0.000,0.390]
  len 8: 0/294 = 0.000 [0.000,0.013]
  written hist {}
  pruned hist {}
  frontier written 0 pruned 0
  reasons []
[r3_4b/ei_depth3_85Mr_s0_req r2] transfer (this round, pass@32) SOLVED 0/100 = 0.000 [0.000,0.037]
  len 7: 0/6 = 0.000 [0.000,0.390]
  len 8: 0/94 = 0.000 [0.000,0.039]
  written hist {}
  pruned hist {}
  frontier written 0 pruned 0
  reasons [('rule check failed: IMPI', 809), ('bad box cite', 439), ('rule check failed: ANDI', 372), ('final formula is not the conclusion', 312), ('rule check failed: ORI2', 209), ('rule check failed: ORI1', 201)]
[r3_4b/ei_depth3_85Mr_s0_req r2] transfer (cumulative 64 attempts) SOLVED 0/100 = 0.000 [0.000,0.037]
  len 7: 0/6 = 0.000 [0.000,0.390]
  len 8: 0/94 = 0.000 [0.000,0.039]
  written hist {}
  pruned hist {}
  frontier written 0 pruned 0
  reasons []
[r3_4b/ei_depth3_85Mr_s0_req r2] transfer greedy SOLVED 0/100 = 0.000 [0.000,0.037]
  len 7: 0/6 = 0.000 [0.000,0.390]
  len 8: 0/94 = 0.000 [0.000,0.039]
  written hist {}
  pruned hist {}
  frontier written 0 pruned 0
  reasons [('rule check failed: IMPI', 24), ('bad box cite', 13), ('rule check failed: ANDI', 12), ('final formula is not the conclusion', 10), ('rule check failed: ORI1', 8), ('rule check failed: ORI2', 8)]
[r3_4b/ei_depth3_85Mr_s0_req r2] heldout greedy SOLVED 4485/5000 = 0.897 [0.888,0.905]
  len 2: 1000/1000 = 1.000 [0.996,1.000]
  len 3: 998/1000 = 0.998 [0.993,0.999]
  len 4: 991/1000 = 0.991 [0.983,0.995]
  len 5: 980/1000 = 0.980 [0.969,0.987]
  len 6: 516/1000 = 0.516 [0.485,0.547]
  written hist {2: 1022, 3: 990, 4: 983, 5: 1006, 6: 484}
  pruned hist {2: 1022, 3: 990, 4: 987, 5: 1002, 6: 484}
  frontier written 6 pruned 6
  reasons [('bad box cite', 142), ('rule check failed: DN', 113), ('rule check failed: IMPI', 40), ('rule check failed: BOTE', 34), ('rule check failed: ANDI', 25), ('rule check failed: NEGE', 25)]
no accepted proofs: skipping training this round
=== round 2 done in 204s; new proofs 0; cum targets solved 0
[r3_4b/ei_depth3_85Mr_s0_req r3] targets (this round, pass@32) SOLVED 0/300 = 0.000 [0.000,0.013]
  len 7: 0/6 = 0.000 [0.000,0.390]
  len 8: 0/294 = 0.000 [0.000,0.013]
  written hist {}
  pruned hist {}
  frontier written 0 pruned 0
  reasons [('rule check failed: IMPI', 1843), ('bad box cite', 1526), ('rule check failed: ANDI', 916), ('rule check failed: ANDE2', 756), ('final formula is not the conclusion', 731), ('rule check failed: ORI1', 626)]
[r3_4b/ei_depth3_85Mr_s0_req r3] targets (cumulative 96 attempts) SOLVED 0/300 = 0.000 [0.000,0.013]
  len 7: 0/6 = 0.000 [0.000,0.390]
  len 8: 0/294 = 0.000 [0.000,0.013]
  written hist {}
  pruned hist {}
  frontier written 0 pruned 0
  reasons []
[r3_4b/ei_depth3_85Mr_s0_req r3] transfer (this round, pass@32) SOLVED 0/100 = 0.000 [0.000,0.037]
  len 7: 0/6 = 0.000 [0.000,0.390]
  len 8: 0/94 = 0.000 [0.000,0.039]
  written hist {}
  pruned hist {}
  frontier written 0 pruned 0
  reasons [('rule check failed: IMPI', 800), ('bad box cite', 446), ('rule check failed: ANDI', 376), ('final formula is not the conclusion', 308), ('rule check failed: ORI2', 211), ('rule check failed: ORI1', 210)]
[r3_4b/ei_depth3_85Mr_s0_req r3] transfer (cumulative 96 attempts) SOLVED 0/100 = 0.000 [0.000,0.037]
  len 7: 0/6 = 0.000 [0.000,0.390]
  len 8: 0/94 = 0.000 [0.000,0.039]
  written hist {}
  pruned hist {}
  frontier written 0 pruned 0
  reasons []
[r3_4b/ei_depth3_85Mr_s0_req r3] transfer greedy SOLVED 0/100 = 0.000 [0.000,0.037]
  len 7: 0/6 = 0.000 [0.000,0.390]
  len 8: 0/94 = 0.000 [0.000,0.039]
  written hist {}
  pruned hist {}
  frontier written 0 pruned 0
  reasons [('rule check failed: IMPI', 24), ('bad box cite', 13), ('rule check failed: ANDI', 12), ('final formula is not the conclusion', 10), ('rule check failed: ORI1', 8), ('rule check failed: ORI2', 8)]
[r3_4b/ei_depth3_85Mr_s0_req r3] heldout greedy SOLVED 4485/5000 = 0.897 [0.888,0.905]
  len 2: 1000/1000 = 1.000 [0.996,1.000]
  len 3: 998/1000 = 0.998 [0.993,0.999]
  len 4: 991/1000 = 0.991 [0.983,0.995]
  len 5: 980/1000 = 0.980 [0.969,0.987]
  len 6: 516/1000 = 0.516 [0.485,0.547]
  written hist {2: 1022, 3: 990, 4: 983, 5: 1006, 6: 484}
  pruned hist {2: 1022, 3: 990, 4: 987, 5: 1002, 6: 484}
  frontier written 6 pruned 6
  reasons [('bad box cite', 142), ('rule check failed: DN', 113), ('rule check failed: IMPI', 40), ('rule check failed: BOTE', 34), ('rule check failed: ANDI', 25), ('rule check failed: NEGE', 25)]
no accepted proofs: skipping training this round
=== round 3 done in 210s; new proofs 0; cum targets solved 0
[r3_4b/ei_depth3_85Mr_s0_req r4] targets (this round, pass@32) SOLVED 0/300 = 0.000 [0.000,0.013]
  len 7: 0/6 = 0.000 [0.000,0.390]
  len 8: 0/294 = 0.000 [0.000,0.013]
  written hist {}
  pruned hist {}
  frontier written 0 pruned 0
  reasons [('rule check failed: IMPI', 1843), ('bad box cite', 1557), ('rule check failed: ANDI', 881), ('rule check failed: ANDE2', 745), ('final formula is not the conclusion', 735), ('rule check failed: ORI1', 617)]
[r3_4b/ei_depth3_85Mr_s0_req r4] targets (cumulative 128 attempts) SOLVED 0/300 = 0.000 [0.000,0.013]
  len 7: 0/6 = 0.000 [0.000,0.390]
  len 8: 0/294 = 0.000 [0.000,0.013]
  written hist {}
  pruned hist {}
  frontier written 0 pruned 0
  reasons []
[r3_4b/ei_depth3_85Mr_s0_req r4] transfer (this round, pass@32) SOLVED 0/100 = 0.000 [0.000,0.037]
  len 7: 0/6 = 0.000 [0.000,0.390]
  len 8: 0/94 = 0.000 [0.000,0.039]
  written hist {}
  pruned hist {}
  frontier written 0 pruned 0
  reasons [('rule check failed: IMPI', 819), ('bad box cite', 436), ('rule check failed: ANDI', 378), ('final formula is not the conclusion', 309), ('rule check failed: ORI2', 205), ('rule check failed: ORI1', 200)]
[r3_4b/ei_depth3_85Mr_s0_req r4] transfer (cumulative 128 attempts) SOLVED 0/100 = 0.000 [0.000,0.037]
  len 7: 0/6 = 0.000 [0.000,0.390]
  len 8: 0/94 = 0.000 [0.000,0.039]
  written hist {}
  pruned hist {}
  frontier written 0 pruned 0
  reasons []
[r3_4b/ei_depth3_85Mr_s0_req r4] transfer greedy SOLVED 0/100 = 0.000 [0.000,0.037]
  len 7: 0/6 = 0.000 [0.000,0.390]
  len 8: 0/94 = 0.000 [0.000,0.039]
  written hist {}
  pruned hist {}
  frontier written 0 pruned 0
  reasons [('rule check failed: IMPI', 24), ('bad box cite', 13), ('rule check failed: ANDI', 12), ('final formula is not the conclusion', 10), ('rule check failed: ORI1', 8), ('rule check failed: ORI2', 8)]
[r3_4b/ei_depth3_85Mr_s0_req r4] heldout greedy SOLVED 4485/5000 = 0.897 [0.888,0.905]
  len 2: 1000/1000 = 1.000 [0.996,1.000]
  len 3: 998/1000 = 0.998 [0.993,0.999]
  len 4: 991/1000 = 0.991 [0.983,0.995]
  len 5: 980/1000 = 0.980 [0.969,0.987]
  len 6: 516/1000 = 0.516 [0.485,0.547]
  written hist {2: 1022, 3: 990, 4: 983, 5: 1006, 6: 484}
  pruned hist {2: 1022, 3: 990, 4: 987, 5: 1002, 6: 484}
  frontier written 6 pruned 6
  reasons [('bad box cite', 142), ('rule check failed: DN', 113), ('rule check failed: IMPI', 40), ('rule check failed: BOTE', 34), ('rule check failed: ANDI', 25), ('rule check failed: NEGE', 25)]
no accepted proofs: skipping training this round
=== round 4 done in 218s; new proofs 0; cum targets solved 0
[r3_4b/ei_depth3_85Mr_s0_req r5] targets (this round, pass@32) SOLVED 0/300 = 0.000 [0.000,0.013]
  len 7: 0/6 = 0.000 [0.000,0.390]
  len 8: 0/294 = 0.000 [0.000,0.013]
  written hist {}
  pruned hist {}
  frontier written 0 pruned 0
  reasons [('rule check failed: IMPI', 1858), ('bad box cite', 1559), ('rule check failed: ANDI', 893), ('rule check failed: ANDE2', 752), ('final formula is not the conclusion', 722), ('rule check failed: ORI2', 609)]
[r3_4b/ei_depth3_85Mr_s0_req r5] targets (cumulative 160 attempts) SOLVED 0/300 = 0.000 [0.000,0.013]
  len 7: 0/6 = 0.000 [0.000,0.390]
  len 8: 0/294 = 0.000 [0.000,0.013]
  written hist {}
  pruned hist {}
  frontier written 0 pruned 0
  reasons []
[r3_4b/ei_depth3_85Mr_s0_req r5] transfer (this round, pass@32) SOLVED 0/100 = 0.000 [0.000,0.037]
  len 7: 0/6 = 0.000 [0.000,0.390]
  len 8: 0/94 = 0.000 [0.000,0.039]
  written hist {}
  pruned hist {}
  frontier written 0 pruned 0
  reasons [('rule check failed: IMPI', 809), ('bad box cite', 443), ('rule check failed: ANDI', 389), ('final formula is not the conclusion', 305), ('rule check failed: ORI2', 220), ('rule check failed: ORI1', 204)]
[r3_4b/ei_depth3_85Mr_s0_req r5] transfer (cumulative 160 attempts) SOLVED 0/100 = 0.000 [0.000,0.037]
  len 7: 0/6 = 0.000 [0.000,0.390]
  len 8: 0/94 = 0.000 [0.000,0.039]
  written hist {}
  pruned hist {}
  frontier written 0 pruned 0
  reasons []
[r3_4b/ei_depth3_85Mr_s0_req r5] transfer greedy SOLVED 0/100 = 0.000 [0.000,0.037]
  len 7: 0/6 = 0.000 [0.000,0.390]
  len 8: 0/94 = 0.000 [0.000,0.039]
  written hist {}
  pruned hist {}
  frontier written 0 pruned 0
  reasons [('rule check failed: IMPI', 24), ('bad box cite', 13), ('rule check failed: ANDI', 12), ('final formula is not the conclusion', 10), ('rule check failed: ORI1', 8), ('rule check failed: ORI2', 8)]
[r3_4b/ei_depth3_85Mr_s0_req r5] heldout greedy SOLVED 4485/5000 = 0.897 [0.888,0.905]
  len 2: 1000/1000 = 1.000 [0.996,1.000]
  len 3: 998/1000 = 0.998 [0.993,0.999]
  len 4: 991/1000 = 0.991 [0.983,0.995]
  len 5: 980/1000 = 0.980 [0.969,0.987]
  len 6: 516/1000 = 0.516 [0.485,0.547]
  written hist {2: 1022, 3: 990, 4: 983, 5: 1006, 6: 484}
  pruned hist {2: 1022, 3: 990, 4: 987, 5: 1002, 6: 484}
  frontier written 6 pruned 6
  reasons [('bad box cite', 142), ('rule check failed: DN', 113), ('rule check failed: IMPI', 40), ('rule check failed: BOTE', 34), ('rule check failed: ANDI', 25), ('rule check failed: NEGE', 25)]
no accepted proofs: skipping training this round
=== round 5 done in 191s; new proofs 0; cum targets solved 0
[r3_4b/ei_depth3_85Mr_s0_req r6] targets (this round, pass@32) SOLVED 0/300 = 0.000 [0.000,0.013]
  len 7: 0/6 = 0.000 [0.000,0.390]
  len 8: 0/294 = 0.000 [0.000,0.013]
  written hist {}
  pruned hist {}
  frontier written 0 pruned 0
  reasons [('rule check failed: IMPI', 1831), ('bad box cite', 1562), ('rule check failed: ANDI', 877), ('rule check failed: ANDE2', 732), ('final formula is not the conclusion', 713), ('rule check failed: ORI2', 608)]
[r3_4b/ei_depth3_85Mr_s0_req r6] targets (cumulative 192 attempts) SOLVED 0/300 = 0.000 [0.000,0.013]
  len 7: 0/6 = 0.000 [0.000,0.390]
  len 8: 0/294 = 0.000 [0.000,0.013]
  written hist {}
  pruned hist {}
  frontier written 0 pruned 0
  reasons []
[r3_4b/ei_depth3_85Mr_s0_req r6] transfer (this round, pass@32) SOLVED 0/100 = 0.000 [0.000,0.037]
  len 7: 0/6 = 0.000 [0.000,0.390]
  len 8: 0/94 = 0.000 [0.000,0.039]
  written hist {}
  pruned hist {}
  frontier written 0 pruned 0
  reasons [('rule check failed: IMPI', 801), ('bad box cite', 456), ('rule check failed: ANDI', 379), ('final formula is not the conclusion', 303), ('rule check failed: ORI1', 213), ('rule check failed: ORI2', 204)]
[r3_4b/ei_depth3_85Mr_s0_req r6] transfer (cumulative 192 attempts) SOLVED 0/100 = 0.000 [0.000,0.037]
  len 7: 0/6 = 0.000 [0.000,0.390]
  len 8: 0/94 = 0.000 [0.000,0.039]
  written hist {}
  pruned hist {}
  frontier written 0 pruned 0
  reasons []
[r3_4b/ei_depth3_85Mr_s0_req r6] transfer greedy SOLVED 0/100 = 0.000 [0.000,0.037]
  len 7: 0/6 = 0.000 [0.000,0.390]
  len 8: 0/94 = 0.000 [0.000,0.039]
  written hist {}
  pruned hist {}
  frontier written 0 pruned 0
  reasons [('rule check failed: IMPI', 24), ('bad box cite', 13), ('rule check failed: ANDI', 12), ('final formula is not the conclusion', 10), ('rule check failed: ORI1', 8), ('rule check failed: ORI2', 8)]
[r3_4b/ei_depth3_85Mr_s0_req r6] heldout greedy SOLVED 4485/5000 = 0.897 [0.888,0.905]
  len 2: 1000/1000 = 1.000 [0.996,1.000]
  len 3: 998/1000 = 0.998 [0.993,0.999]
  len 4: 991/1000 = 0.991 [0.983,0.995]
  len 5: 980/1000 = 0.980 [0.969,0.987]
  len 6: 516/1000 = 0.516 [0.485,0.547]
  written hist {2: 1022, 3: 990, 4: 983, 5: 1006, 6: 484}
  pruned hist {2: 1022, 3: 990, 4: 987, 5: 1002, 6: 484}
  frontier written 6 pruned 6
  reasons [('bad box cite', 142), ('rule check failed: DN', 113), ('rule check failed: IMPI', 40), ('rule check failed: BOTE', 34), ('rule check failed: ANDI', 25), ('rule check failed: NEGE', 25)]
no accepted proofs: skipping training this round
=== round 6 done in 210s; new proofs 0; cum targets solved 0
[r3_4b/ei_depth3_85Mr_s0_req r7] targets (this round, pass@32) SOLVED 0/300 = 0.000 [0.000,0.013]
  len 7: 0/6 = 0.000 [0.000,0.390]
  len 8: 0/294 = 0.000 [0.000,0.013]
  written hist {}
  pruned hist {}
  frontier written 0 pruned 0
  reasons [('rule check failed: IMPI', 1842), ('bad box cite', 1543), ('rule check failed: ANDI', 901), ('rule check failed: ANDE2', 732), ('final formula is not the conclusion', 713), ('rule check failed: ORI1', 633)]
[r3_4b/ei_depth3_85Mr_s0_req r7] targets (cumulative 224 attempts) SOLVED 0/300 = 0.000 [0.000,0.013]
  len 7: 0/6 = 0.000 [0.000,0.390]
  len 8: 0/294 = 0.000 [0.000,0.013]
  written hist {}
  pruned hist {}
  frontier written 0 pruned 0
  reasons []
[r3_4b/ei_depth3_85Mr_s0_req r7] transfer (this round, pass@32) SOLVED 0/100 = 0.000 [0.000,0.037]
  len 7: 0/6 = 0.000 [0.000,0.390]
  len 8: 0/94 = 0.000 [0.000,0.039]
  written hist {}
  pruned hist {}
  frontier written 0 pruned 0
  reasons [('rule check failed: IMPI', 796), ('bad box cite', 457), ('rule check failed: ANDI', 375), ('final formula is not the conclusion', 304), ('rule check failed: ORI1', 207), ('rule check failed: ORI2', 207)]
[r3_4b/ei_depth3_85Mr_s0_req r7] transfer (cumulative 224 attempts) SOLVED 0/100 = 0.000 [0.000,0.037]
  len 7: 0/6 = 0.000 [0.000,0.390]
  len 8: 0/94 = 0.000 [0.000,0.039]
  written hist {}
  pruned hist {}
  frontier written 0 pruned 0
  reasons []
[r3_4b/ei_depth3_85Mr_s0_req r7] transfer greedy SOLVED 0/100 = 0.000 [0.000,0.037]
  len 7: 0/6 = 0.000 [0.000,0.390]
  len 8: 0/94 = 0.000 [0.000,0.039]
  written hist {}
  pruned hist {}
  frontier written 0 pruned 0
  reasons [('rule check failed: IMPI', 24), ('bad box cite', 13), ('rule check failed: ANDI', 12), ('final formula is not the conclusion', 10), ('rule check failed: ORI1', 8), ('rule check failed: ORI2', 8)]
[r3_4b/ei_depth3_85Mr_s0_req r7] heldout greedy SOLVED 4485/5000 = 0.897 [0.888,0.905]
  len 2: 1000/1000 = 1.000 [0.996,1.000]
  len 3: 998/1000 = 0.998 [0.993,0.999]
  len 4: 991/1000 = 0.991 [0.983,0.995]
  len 5: 980/1000 = 0.980 [0.969,0.987]
  len 6: 516/1000 = 0.516 [0.485,0.547]
  written hist {2: 1022, 3: 990, 4: 983, 5: 1006, 6: 484}
  pruned hist {2: 1022, 3: 990, 4: 987, 5: 1002, 6: 484}
  frontier written 6 pruned 6
  reasons [('bad box cite', 142), ('rule check failed: DN', 113), ('rule check failed: IMPI', 40), ('rule check failed: BOTE', 34), ('rule check failed: ANDI', 25), ('rule check failed: NEGE', 25)]
no accepted proofs: skipping training this round
=== round 7 done in 207s; new proofs 0; cum targets solved 0
[r3_4b/ei_depth3_85Mr_s0_req r8] targets (this round, pass@32) SOLVED 0/300 = 0.000 [0.000,0.013]
  len 7: 0/6 = 0.000 [0.000,0.390]
  len 8: 0/294 = 0.000 [0.000,0.013]
  written hist {}
  pruned hist {}
  frontier written 0 pruned 0
  reasons [('rule check failed: IMPI', 1839), ('bad box cite', 1505), ('rule check failed: ANDI', 915), ('rule check failed: ANDE2', 742), ('final formula is not the conclusion', 736), ('rule check failed: ORI1', 631)]
[r3_4b/ei_depth3_85Mr_s0_req r8] targets (cumulative 256 attempts) SOLVED 0/300 = 0.000 [0.000,0.013]
  len 7: 0/6 = 0.000 [0.000,0.390]
  len 8: 0/294 = 0.000 [0.000,0.013]
  written hist {}
  pruned hist {}
  frontier written 0 pruned 0
  reasons []
[r3_4b/ei_depth3_85Mr_s0_req r8] transfer (this round, pass@32) SOLVED 0/100 = 0.000 [0.000,0.037]
  len 7: 0/6 = 0.000 [0.000,0.390]
  len 8: 0/94 = 0.000 [0.000,0.039]
  written hist {}
  pruned hist {}
  frontier written 0 pruned 0
  reasons [('rule check failed: IMPI', 806), ('bad box cite', 436), ('rule check failed: ANDI', 374), ('final formula is not the conclusion', 313), ('rule check failed: ORI2', 214), ('rule check failed: ORI1', 213)]
[r3_4b/ei_depth3_85Mr_s0_req r8] transfer (cumulative 256 attempts) SOLVED 0/100 = 0.000 [0.000,0.037]
  len 7: 0/6 = 0.000 [0.000,0.390]
  len 8: 0/94 = 0.000 [0.000,0.039]
  written hist {}
  pruned hist {}
  frontier written 0 pruned 0
  reasons []
[r3_4b/ei_depth3_85Mr_s0_req r8] transfer greedy SOLVED 0/100 = 0.000 [0.000,0.037]
  len 7: 0/6 = 0.000 [0.000,0.390]
  len 8: 0/94 = 0.000 [0.000,0.039]
  written hist {}
  pruned hist {}
  frontier written 0 pruned 0
  reasons [('rule check failed: IMPI', 24), ('bad box cite', 13), ('rule check failed: ANDI', 12), ('final formula is not the conclusion', 10), ('rule check failed: ORI1', 8), ('rule check failed: ORI2', 8)]
[r3_4b/ei_depth3_85Mr_s0_req r8] heldout greedy SOLVED 4485/5000 = 0.897 [0.888,0.905]
  len 2: 1000/1000 = 1.000 [0.996,1.000]
  len 3: 998/1000 = 0.998 [0.993,0.999]
  len 4: 991/1000 = 0.991 [0.983,0.995]
  len 5: 980/1000 = 0.980 [0.969,0.987]
  len 6: 516/1000 = 0.516 [0.485,0.547]
  written hist {2: 1022, 3: 990, 4: 983, 5: 1006, 6: 484}
  pruned hist {2: 1022, 3: 990, 4: 987, 5: 1002, 6: 484}
  frontier written 6 pruned 6
  reasons [('bad box cite', 142), ('rule check failed: DN', 113), ('rule check failed: IMPI', 40), ('rule check failed: BOTE', 34), ('rule check failed: ANDI', 25), ('rule check failed: NEGE', 25)]
no accepted proofs: skipping training this round
=== round 8 done in 202s; new proofs 0; cum targets solved 0
