[32m✓ Downloaded[0m
  src: hf://buckets/dan-pandori/nd-rl/state-cap12/ckpts/sc12/stage1_SN12_s1.pt
  dst: ckpts/inh/Fz_SN12_s1.pt
b85cbc63edf1a8b226802ece5b9c6f8e  ckpts/inh/Fz_SN12_s1.pt
=== ladder la_T1_cm12k64_s1 2026-10-02T02:26:46Z
[lean_gate] 287680 samples, parse-fail 34507 (no-eos 0, 0.000 %), distinct 198395: ok 101971, rej 96424 (filter 96424, prefilter=on); lean on 101971 texts in 255 procs, 8598.3s proc, exposed 289.9s, tail 278.7s, 32 workers
[la_T1_cm12k64_s1 r1] targets (this round) SOLVED 3823/4495 = 0.851 [0.840,0.861]
  len 7: 1670/1800 = 0.928 [0.915,0.939]
  len 8: 922/1000 = 0.922 [0.904,0.937]
  len 9: 861/1004 = 0.858 [0.835,0.878]
  len 10: 274/456 = 0.601 [0.555,0.645]
  len 11: 55/99 = 0.556 [0.457,0.650]
  len 12: 37/106 = 0.349 [0.265,0.444]
  len 13: 4/16 = 0.250 [0.102,0.495]
  len 14: 0/14 = 0.000 [0.000,0.215]
  written hist {7: 1929, 8: 2911, 9: 3612, 10: 2841, 11: 2269, 12: 2086, 13: 1922, 14: 1389, 15: 928, 16: 613, 17: 403, 18: 276, 19: 172, 20: 120, 21: 85, 22: 57, 23: 32, 24: 18, 25: 12, 26: 7, 27: 6, 28: 2, 29: 1, 30: 4}
  pruned hist {4: 3, 5: 183, 6: 815, 7: 3318, 8: 3417, 9: 3352, 10: 2320, 11: 1850, 12: 1817, 13: 1537, 14: 1070, 15: 709, 16: 447, 17: 289, 18: 213, 19: 129, 20: 79, 21: 56, 22: 39, 23: 22, 24: 12, 25: 5, 26: 3, 27: 6, 28: 1, 29: 1, 30: 2}
  frontier written 27 pruned 27
  reasons [('lean rejected', 106175), ('lean_seq parse: env: unbound', 11525), ('lean_seq parse: env: exact goal mismatch', 9547), ('lean_seq parse: env: binder mismatch', 5820), ('lean_seq parse: env: box on non-arrow', 2290), ('lean_seq parse: env: formula', 1777)]
[lean_gate] 146240 samples, parse-fail 22127 (no-eos 0, 0.000 %), distinct 104772: ok 37397, rej 67375 (filter 67375, prefilter=on); lean on 37397 texts in 94 procs, 3452.6s proc, exposed 123.4s, tail 117.5s, 32 workers
[la_T1_cm12k64_s1 r1] transfer (this round, pass@64) SOLVED 1641/2285 = 0.718 [0.699,0.736]
  len 7: 197/300 = 0.657 [0.601,0.708]
  len 8: 235/300 = 0.783 [0.733,0.826]
  len 9: 853/1010 = 0.845 [0.821,0.866]
  len 10: 258/451 = 0.572 [0.526,0.617]
  len 11: 57/99 = 0.576 [0.477,0.668]
  len 12: 38/102 = 0.373 [0.285,0.469]
  len 13: 2/13 = 0.154 [0.043,0.422]
  len 14: 1/10 = 0.100 [0.018,0.404]
  written hist {7: 224, 8: 429, 9: 1968, 10: 1883, 11: 1039, 12: 755, 13: 806, 14: 775, 15: 515, 16: 302, 17: 245, 18: 168, 19: 114, 20: 88, 21: 41, 22: 30, 23: 27, 24: 18, 25: 17, 26: 9, 27: 6, 28: 5, 29: 2, 30: 3, 32: 2, 33: 1}
  pruned hist {5: 30, 6: 48, 7: 515, 8: 1064, 9: 2442, 10: 1381, 11: 754, 12: 709, 13: 662, 14: 624, 15: 421, 16: 236, 17: 169, 18: 126, 19: 92, 20: 65, 21: 32, 22: 21, 23: 21, 24: 18, 25: 16, 26: 8, 27: 7, 28: 4, 29: 2, 30: 2, 32: 2, 33: 1}
  frontier written 28 pruned 27
  reasons [('lean rejected', 74391), ('lean_seq parse: env: unbound', 8272), ('lean_seq parse: env: exact goal mismatch', 4573), ('lean_seq parse: env: binder mismatch', 3693), ('lean_seq parse: env: box on non-arrow', 1859), ('lean_seq parse: env: Or.elim on non-or', 1153)]
[lean_gate] 2285 samples, parse-fail 226 (no-eos 0, 0.000 %), distinct 2059: ok 922, rej 1137 (filter 1137, prefilter=on); lean on 922 texts in 3 procs, 7.4s proc, exposed 3.5s, tail 3.3s, 32 workers
[la_T1_cm12k64_s1 r1] transfer greedy SOLVED 922/2285 = 0.404 [0.384,0.424]
  len 7: 104/300 = 0.347 [0.295,0.402]
  len 8: 155/300 = 0.517 [0.460,0.573]
  len 9: 523/1010 = 0.518 [0.487,0.549]
  len 10: 112/451 = 0.248 [0.211,0.290]
  len 11: 21/99 = 0.212 [0.143,0.303]
  len 12: 7/102 = 0.069 [0.034,0.135]
  len 13: 0/13 = 0.000 [0.000,0.228]
  len 14: 0/10 = 0.000 [0.000,0.278]
  written hist {7: 84, 8: 120, 9: 393, 10: 165, 11: 60, 12: 32, 13: 19, 14: 15, 15: 13, 16: 5, 17: 7, 18: 4, 19: 1, 20: 2, 23: 2}
  pruned hist {5: 2, 6: 4, 7: 108, 8: 170, 9: 368, 10: 132, 11: 52, 12: 28, 13: 15, 14: 12, 15: 14, 16: 3, 17: 6, 18: 3, 19: 1, 20: 2, 23: 2}
  frontier written 17 pruned 17
  reasons [('lean rejected', 1137), ('lean_seq parse: env: exact goal mismatch', 69), ('lean_seq parse: env: unbound', 57), ('lean_seq parse: env: binder mismatch', 43), ('lean_seq parse: env: box on non-arrow', 18), ('lean_seq parse: env: formula', 11)]
[lean_gate] 5000 samples, parse-fail 37 (no-eos 0, 0.000 %), distinct 4963: ok 4884, rej 79 (filter 79, prefilter=on); lean on 4884 texts in 13 procs, 42.8s proc, exposed 5.5s, tail 4.8s, 32 workers
[la_T1_cm12k64_s1 r1] heldout greedy SOLVED 4884/5000 = 0.977 [0.972,0.981]
  len 2: 1000/1000 = 1.000 [0.996,1.000]
  len 3: 995/1000 = 0.995 [0.988,0.998]
  len 4: 983/1000 = 0.983 [0.973,0.989]
  len 5: 964/1000 = 0.964 [0.951,0.974]
  len 6: 942/1000 = 0.942 [0.926,0.955]
  written hist {2: 1028, 3: 964, 4: 919, 5: 956, 6: 823, 7: 38, 8: 40, 9: 68, 10: 26, 11: 17, 12: 3, 16: 1, 17: 1}
  pruned hist {2: 1031, 3: 969, 4: 917, 5: 957, 6: 831, 7: 27, 8: 38, 9: 69, 10: 25, 11: 15, 12: 3, 16: 1, 17: 1}
  frontier written 11 pruned 11
  reasons [('lean rejected', 79), ('lean_seq parse: env: exact goal mismatch', 25), ('lean_seq parse: env: unbound', 4), ('lean_seq parse: env: assign', 3), ('lean_seq parse: env: box head', 1), ('lean_seq parse: env: box on non-arrow', 1)]
[la_T1_cm12k64_s1 r1] targets cumulative: solved 3823/4495 L*=12 ge={7: 3823, 8: 2153, 9: 1231, 10: 370, 11: 96, 12: 41}
[la_T1_cm12k64_s1 r1] transfer cumulative: solved 1641/2285 L*=12 ge={7: 1641, 8: 1444, 9: 1209, 10: 356, 11: 98, 12: 41}
python3 state_train.py --data artifacts/cm/la_T1_cm12k64_s1/mix_1.jsonl --init ckpts/inh/Fz_SN12_s1.pt --steps 600 --lr 0.0003 --min_lr 2.9999999999999997e-05 --warmup 50 --cap 0 --out ckpts/cm/ladder/la_T1_cm12k64_s1_r1.pt --seed 1001 --log_every 200 --recs 128
params 3216384 mode lean_staten
train records 68724 (skipped 0); pairs 727749; mean 10.589 per proof; max pair len 386; load 37s
/workspace/nd-takehome/state_train.py:168: UserWarning: Converting a tensor with requires_grad=True to a scalar may lead to unexpected behavior.
Consider using tensor.detach() first. (Triggered internally at /pytorch/torch/csrc/autograd/generated/python_variable_methods.cpp:835.)
  loss_sum += float(lb)
step 200 loss 0.0418 lr 2.53e-04 pairs/batch 1356 98s
step 400 loss 0.0416 lr 1.09e-04 pairs/batch 1354 194s
step 600 loss 0.0373 lr 3.00e-05 pairs/batch 1356 290s
uploaded ckpts/cm/ladder/la_T1_cm12k64_s1_r1.pt -> hf://buckets/dan-pandori/nd-rl/compute-match/ckpts/cm/ladder/la_T1_cm12k64_s1_r1.pt (md5 460b1b9a2118a86c30ddbf8979094bd7, 3.5s)
saved ckpts/cm/ladder/la_T1_cm12k64_s1_r1.pt
=== round 1 done in 2912s; new proofs 21695; cum targets solved 3823 L*=12; transfer L*=12
[lean_gate] 287680 samples, parse-fail 17948 (no-eos 0, 0.000 %), distinct 214766: ok 151062, rej 63704 (filter 63704, prefilter=on); lean on 151062 texts in 378 procs, 16154.3s proc, exposed 532.2s, tail 518.9s, 32 workers
[la_T1_cm12k64_s1 r2] targets (this round) SOLVED 4027/4495 = 0.896 [0.887,0.904]
  len 7: 1712/1800 = 0.951 [0.940,0.960]
  len 8: 959/1000 = 0.959 [0.945,0.970]
  len 9: 910/1004 = 0.906 [0.887,0.923]
  len 10: 321/456 = 0.704 [0.660,0.744]
  len 11: 62/99 = 0.626 [0.528,0.715]
  len 12: 58/106 = 0.547 [0.452,0.639]
  len 13: 4/16 = 0.250 [0.102,0.495]
  len 14: 1/14 = 0.071 [0.013,0.315]
  written hist {7: 2003, 8: 4462, 9: 5791, 10: 4898, 11: 3817, 12: 3903, 13: 3590, 14: 2773, 15: 1926, 16: 1327, 17: 1012, 18: 809, 19: 522, 20: 325, 21: 202, 22: 180, 23: 124, 24: 73, 25: 43, 26: 25, 27: 18, 28: 14, 29: 7, 30: 6, 31: 6, 32: 2, 33: 1, 34: 4}
  pruned hist {4: 6, 5: 239, 6: 1179, 7: 5179, 8: 5698, 9: 5492, 10: 3860, 11: 3110, 12: 3353, 13: 2868, 14: 2089, 15: 1469, 16: 999, 17: 718, 18: 565, 19: 364, 20: 239, 21: 125, 22: 116, 23: 75, 24: 51, 25: 25, 26: 14, 27: 10, 28: 6, 29: 4, 30: 3, 31: 5, 32: 1, 34: 1}
  frontier written 31 pruned 31
  reasons [('lean rejected', 68872), ('lean_seq parse: env: unbound', 6407), ('lean_seq parse: env: binder mismatch', 4196), ('lean_seq parse: env: box on non-arrow', 2080), ('lean_seq parse: env: exact goal mismatch', 1687), ('lean_seq parse: env: Or.elim on non-or', 1205)]
[lean_gate] 146240 samples, parse-fail 15943 (no-eos 0, 0.000 %), distinct 109182: ok 53281, rej 55901 (filter 55901, prefilter=on); lean on 53281 texts in 134 procs, 5248.1s proc, exposed 182.3s, tail 175.2s, 32 workers
[la_T1_cm12k64_s1 r2] transfer (this round, pass@64) SOLVED 1784/2285 = 0.781 [0.763,0.797]
  len 7: 217/300 = 0.723 [0.670,0.771]
  len 8: 258/300 = 0.860 [0.816,0.895]
  len 9: 897/1010 = 0.888 [0.867,0.906]
  len 10: 298/451 = 0.661 [0.616,0.703]
  len 11: 62/99 = 0.626 [0.528,0.715]
  len 12: 49/102 = 0.480 [0.386,0.576]
  len 13: 2/13 = 0.154 [0.043,0.422]
  len 14: 1/10 = 0.100 [0.018,0.404]
  written hist {7: 247, 8: 554, 9: 2372, 10: 2805, 11: 1621, 12: 1247, 13: 1226, 14: 1267, 15: 846, 16: 576, 17: 436, 18: 377, 19: 303, 20: 187, 21: 104, 22: 94, 23: 81, 24: 46, 25: 49, 26: 24, 27: 13, 28: 6, 29: 6, 30: 4, 31: 2, 32: 3, 33: 2, 35: 1}
  pruned hist {5: 35, 6: 68, 7: 690, 8: 1544, 9: 3437, 10: 1983, 11: 1171, 12: 1106, 13: 1036, 14: 1014, 15: 696, 16: 428, 17: 324, 18: 284, 19: 216, 20: 134, 21: 71, 22: 77, 23: 58, 24: 36, 25: 42, 26: 17, 27: 12, 28: 4, 29: 6, 30: 3, 31: 2, 32: 3, 33: 1, 35: 1}
  frontier written 29 pruned 29
  reasons [('lean rejected', 61149), ('lean_seq parse: env: unbound', 5498), ('lean_seq parse: env: binder mismatch', 3602), ('lean_seq parse: env: box on non-arrow', 1843), ('lean_seq parse: env: exact goal mismatch', 1524), ('lean_seq parse: env: Or.elim on non-or', 1197)]
[lean_gate] 2285 samples, parse-fail 152 (no-eos 0, 0.000 %), distinct 2133: ok 1221, rej 912 (filter 912, prefilter=on); lean on 1221 texts in 4 procs, 10.5s proc, exposed 3.8s, tail 3.6s, 32 workers
[la_T1_cm12k64_s1 r2] transfer greedy SOLVED 1221/2285 = 0.534 [0.514,0.555]
  len 7: 157/300 = 0.523 [0.467,0.579]
  len 8: 190/300 = 0.633 [0.577,0.686]
  len 9: 647/1010 = 0.641 [0.611,0.670]
  len 10: 175/451 = 0.388 [0.344,0.434]
  len 11: 28/99 = 0.283 [0.204,0.378]
  len 12: 23/102 = 0.225 [0.155,0.316]
  len 13: 1/13 = 0.077 [0.014,0.333]
  len 14: 0/10 = 0.000 [0.000,0.278]
  written hist {7: 117, 8: 139, 9: 435, 10: 220, 11: 96, 12: 58, 13: 37, 14: 55, 15: 20, 16: 14, 17: 8, 18: 7, 19: 8, 20: 2, 21: 1, 22: 2, 23: 1, 27: 1}
  pruned hist {5: 3, 6: 3, 7: 143, 8: 205, 9: 425, 10: 170, 11: 86, 12: 55, 13: 31, 14: 46, 15: 17, 16: 10, 17: 7, 18: 8, 19: 6, 20: 2, 21: 1, 22: 2, 27: 1}
  frontier written 19 pruned 19
  reasons [('lean rejected', 912), ('lean_seq parse: env: unbound', 44), ('lean_seq parse: env: binder mismatch', 34), ('lean_seq parse: env: box on non-arrow', 20), ('lean_seq parse: env: exact goal mismatch', 20), ('lean_seq parse: env: Or.elim on non-or', 15)]
[lean_gate] 5000 samples, parse-fail 21 (no-eos 0, 0.000 %), distinct 4979: ok 4894, rej 85 (filter 85, prefilter=on); lean on 4894 texts in 13 procs, 45.1s proc, exposed 5.0s, tail 4.8s, 32 workers
[la_T1_cm12k64_s1 r2] heldout greedy SOLVED 4894/5000 = 0.979 [0.974,0.982]
  len 2: 997/1000 = 0.997 [0.991,0.999]
  len 3: 995/1000 = 0.995 [0.988,0.998]
  len 4: 979/1000 = 0.979 [0.968,0.986]
  len 5: 962/1000 = 0.962 [0.948,0.972]
  len 6: 961/1000 = 0.961 [0.947,0.971]
  written hist {2: 1022, 3: 965, 4: 878, 5: 922, 6: 829, 7: 69, 8: 56, 9: 66, 10: 42, 11: 29, 12: 3, 13: 6, 14: 2, 15: 1, 16: 1, 17: 2, 21: 1}
  pruned hist {2: 1026, 3: 974, 4: 888, 5: 911, 6: 848, 7: 52, 8: 50, 9: 68, 10: 34, 11: 28, 12: 3, 13: 6, 14: 2, 15: 1, 17: 2, 19: 1}
  frontier written 13 pruned 13
  reasons [('lean rejected', 85), ('lean_seq parse: env: box on non-arrow', 4), ('lean_seq parse: env: exact goal mismatch', 4), ('lean_seq parse: env: unbound', 3), ('lean_seq parse: env: binder mismatch', 3), ('lean_seq parse: env: formula', 3)]
[la_T1_cm12k64_s1 r2] targets cumulative: solved 4033/4495 L*=13 ge={7: 4033, 8: 2319, 9: 1359, 10: 447, 11: 125, 12: 63}
[la_T1_cm12k64_s1 r2] transfer cumulative: solved 1818/2285 L*=12 ge={7: 1818, 8: 1596, 9: 1335, 10: 421, 11: 118, 12: 54}
python3 state_train.py --data artifacts/cm/la_T1_cm12k64_s1/mix_2.jsonl --init ckpts/cm/ladder/la_T1_cm12k64_s1_r1.pt --steps 600 --lr 0.0003 --min_lr 2.9999999999999997e-05 --warmup 50 --cap 0 --out ckpts/cm/ladder/la_T1_cm12k64_s1_r2.pt --seed 1002 --log_every 200 --recs 128
params 3216384 mode lean_staten
train records 79960 (skipped 0); pairs 895482; mean 11.199 per proof; max pair len 365; load 44s
/workspace/nd-takehome/state_train.py:168: UserWarning: Converting a tensor with requires_grad=True to a scalar may lead to unexpected behavior.
Consider using tensor.detach() first. (Triggered internally at /pytorch/torch/csrc/autograd/generated/python_variable_methods.cpp:835.)
  loss_sum += float(lb)
step 200 loss 0.0464 lr 2.53e-04 pairs/batch 1433 104s
step 400 loss 0.0391 lr 1.09e-04 pairs/batch 1436 210s
step 600 loss 0.0404 lr 3.00e-05 pairs/batch 1431 314s
uploaded ckpts/cm/ladder/la_T1_cm12k64_s1_r2.pt -> hf://buckets/dan-pandori/nd-rl/compute-match/ckpts/cm/ladder/la_T1_cm12k64_s1_r2.pt (md5 ab5e72b762668b9cfe987ae61397d76b, 3.2s)
saved ckpts/cm/ladder/la_T1_cm12k64_s1_r2.pt
=== round 2 done in 3254s; new proofs 23777; cum targets solved 4033 L*=13; transfer L*=12
[lean_gate] 287680 samples, parse-fail 15517 (no-eos 0, 0.000 %), distinct 229013: ok 175063, rej 53950 (filter 53950, prefilter=on); lean on 175063 texts in 438 procs, 10313.3s proc, exposed 347.8s, tail 330.1s, 32 workers
[la_T1_cm12k64_s1 r3] targets (this round) SOLVED 4109/4495 = 0.914 [0.906,0.922]
  len 7: 1733/1800 = 0.963 [0.953,0.971]
  len 8: 969/1000 = 0.969 [0.956,0.978]
  len 9: 926/1004 = 0.922 [0.904,0.937]
  len 10: 335/456 = 0.735 [0.692,0.773]
  len 11: 68/99 = 0.687 [0.590,0.770]
  len 12: 73/106 = 0.689 [0.595,0.769]
  len 13: 4/16 = 0.250 [0.102,0.495]
  len 14: 1/14 = 0.071 [0.013,0.315]
  written hist {7: 2015, 8: 6745, 9: 8296, 10: 7122, 11: 5343, 12: 5731, 13: 5163, 14: 4009, 15: 3011, 16: 2114, 17: 1734, 18: 1313, 19: 975, 20: 595, 21: 451, 22: 377, 23: 258, 24: 150, 25: 108, 26: 63, 27: 54, 28: 35, 29: 21, 30: 15, 31: 10, 32: 3, 33: 5, 34: 3, 35: 6, 36: 1, 37: 2, 39: 2}
  pruned hist {4: 5, 5: 331, 6: 1446, 7: 8139, 8: 8691, 9: 7333, 10: 5569, 11: 4213, 12: 4910, 13: 4099, 14: 3005, 15: 2271, 16: 1515, 17: 1229, 18: 897, 19: 648, 20: 424, 21: 286, 22: 250, 23: 174, 24: 102, 25: 59, 26: 45, 27: 31, 28: 23, 29: 17, 30: 5, 31: 4, 32: 3, 34: 2, 35: 1, 36: 1, 37: 2}
  frontier written 35 pruned 30
  reasons [('lean rejected', 57118), ('lean_seq parse: env: unbound', 5527), ('lean_seq parse: env: binder mismatch', 4220), ('lean_seq parse: env: box on non-arrow', 2142), ('lean_seq parse: env: Or.elim on non-or', 970), ('lean_seq parse: env: exact goal mismatch', 896)]
[lean_gate] 146240 samples, parse-fail 15032 (no-eos 0, 0.000 %), distinct 113561: ok 60029, rej 53532 (filter 53532, prefilter=on); lean on 60029 texts in 151 procs, 6666.3s proc, exposed 228.6s, tail 219.8s, 32 workers
[la_T1_cm12k64_s1 r3] transfer (this round, pass@64) SOLVED 1873/2285 = 0.820 [0.803,0.835]
  len 7: 231/300 = 0.770 [0.719,0.814]
  len 8: 273/300 = 0.910 [0.872,0.937]
  len 9: 917/1010 = 0.908 [0.889,0.924]
  len 10: 320/451 = 0.710 [0.666,0.750]
  len 11: 69/99 = 0.697 [0.600,0.779]
  len 12: 60/102 = 0.588 [0.491,0.679]
  len 13: 2/13 = 0.154 [0.043,0.422]
  len 14: 1/10 = 0.100 [0.018,0.404]
  written hist {7: 270, 8: 812, 9: 2648, 10: 3820, 11: 2094, 12: 1753, 13: 1683, 14: 1647, 15: 1155, 16: 904, 17: 642, 18: 594, 19: 468, 20: 292, 21: 204, 22: 149, 23: 123, 24: 122, 25: 56, 26: 26, 27: 25, 28: 18, 29: 9, 30: 9, 31: 7, 32: 3, 33: 1, 34: 4, 35: 1}
  pruned hist {5: 44, 6: 78, 7: 1005, 8: 2135, 9: 4370, 10: 2565, 11: 1547, 12: 1584, 13: 1328, 14: 1350, 15: 882, 16: 648, 17: 486, 18: 402, 19: 342, 20: 215, 21: 142, 22: 108, 23: 107, 24: 91, 25: 38, 26: 19, 27: 19, 28: 10, 29: 6, 30: 7, 31: 4, 32: 2, 33: 1, 34: 4}
  frontier written 31 pruned 30
  reasons [('lean rejected', 57569), ('lean_seq parse: env: unbound', 5200), ('lean_seq parse: env: binder mismatch', 3814), ('lean_seq parse: env: box on non-arrow', 2056), ('lean_seq parse: env: exact goal mismatch', 1181), ('lean_seq parse: env: formula', 939)]
[lean_gate] 2285 samples, parse-fail 138 (no-eos 0, 0.000 %), distinct 2147: ok 1313, rej 834 (filter 834, prefilter=on); lean on 1313 texts in 4 procs, 11.4s proc, exposed 3.8s, tail 3.6s, 32 workers
[la_T1_cm12k64_s1 r3] transfer greedy SOLVED 1313/2285 = 0.575 [0.554,0.595]
  len 7: 167/300 = 0.557 [0.500,0.612]
  len 8: 209/300 = 0.697 [0.642,0.746]
  len 9: 677/1010 = 0.670 [0.641,0.699]
  len 10: 190/451 = 0.421 [0.377,0.467]
  len 11: 34/99 = 0.343 [0.257,0.441]
  len 12: 35/102 = 0.343 [0.258,0.439]
  len 13: 1/13 = 0.077 [0.014,0.333]
  len 14: 0/10 = 0.000 [0.000,0.278]
  written hist {7: 110, 8: 136, 9: 422, 10: 228, 11: 130, 12: 65, 13: 52, 14: 68, 15: 29, 16: 22, 17: 8, 18: 9, 19: 15, 20: 6, 21: 3, 22: 3, 23: 5, 24: 2}
  pruned hist {5: 5, 6: 3, 7: 142, 8: 208, 9: 418, 10: 186, 11: 103, 12: 64, 13: 41, 14: 55, 15: 27, 16: 16, 17: 7, 18: 10, 19: 11, 20: 5, 21: 3, 22: 4, 23: 4, 24: 1}
  frontier written 23 pruned 20
  reasons [('lean rejected', 834), ('lean_seq parse: env: unbound', 39), ('lean_seq parse: env: box on non-arrow', 31), ('lean_seq parse: env: binder mismatch', 31), ('lean_seq parse: env: exact goal mismatch', 14), ('lean_seq parse: env: Or.elim on non-or', 9)]
[lean_gate] 5000 samples, parse-fail 24 (no-eos 0, 0.000 %), distinct 4976: ok 4900, rej 76 (filter 76, prefilter=on); lean on 4900 texts in 13 procs, 46.3s proc, exposed 5.1s, tail 4.9s, 32 workers
[la_T1_cm12k64_s1 r3] heldout greedy SOLVED 4900/5000 = 0.980 [0.976,0.984]
  len 2: 999/1000 = 0.999 [0.994,1.000]
  len 3: 997/1000 = 0.997 [0.991,0.999]
  len 4: 975/1000 = 0.975 [0.963,0.983]
  len 5: 968/1000 = 0.968 [0.955,0.977]
  len 6: 961/1000 = 0.961 [0.947,0.971]
  written hist {2: 1024, 3: 954, 4: 851, 5: 928, 6: 818, 7: 83, 8: 58, 9: 87, 10: 49, 11: 34, 12: 7, 13: 3, 14: 2, 15: 1, 16: 1}
  pruned hist {2: 1029, 3: 963, 4: 867, 5: 911, 6: 844, 7: 57, 8: 53, 9: 90, 10: 44, 11: 30, 12: 6, 13: 2, 14: 3, 16: 1}
  frontier written 12 pruned 12
  reasons [('lean rejected', 76), ('lean_seq parse: env: binder mismatch', 9), ('lean_seq parse: env: box on non-arrow', 5), ('lean_seq parse: env: exact goal mismatch', 5), ('lean_seq parse: env: term', 1), ('lean_seq parse: env: Or.elim on non-or', 1)]
[la_T1_cm12k64_s1 r3] targets cumulative: solved 4114/4495 L*=13 ge={7: 4114, 8: 2379, 9: 1410, 10: 483, 11: 146, 12: 78}
[la_T1_cm12k64_s1 r3] transfer cumulative: solved 1911/2285 L*=12 ge={7: 1911, 8: 1674, 9: 1398, 10: 463, 11: 135, 12: 66}
python3 state_train.py --data artifacts/cm/la_T1_cm12k64_s1/mix_3.jsonl --init ckpts/cm/ladder/la_T1_cm12k64_s1_r2.pt --steps 600 --lr 0.0003 --min_lr 2.9999999999999997e-05 --warmup 50 --cap 0 --out ckpts/cm/ladder/la_T1_cm12k64_s1_r3.pt --seed 1003 --log_every 200 --recs 128
params 3216384 mode lean_staten
train records 83832 (skipped 0); pairs 978341; mean 11.670 per proof; max pair len 354; load 48s
/workspace/nd-takehome/state_train.py:168: UserWarning: Converting a tensor with requires_grad=True to a scalar may lead to unexpected behavior.
Consider using tensor.detach() first. (Triggered internally at /pytorch/torch/csrc/autograd/generated/python_variable_methods.cpp:835.)
  loss_sum += float(lb)
step 200 loss 0.0467 lr 2.53e-04 pairs/batch 1497 109s
step 400 loss 0.0418 lr 1.09e-04 pairs/batch 1495 218s
step 600 loss 0.0418 lr 3.00e-05 pairs/batch 1489 326s
uploaded ckpts/cm/ladder/la_T1_cm12k64_s1_r3.pt -> hf://buckets/dan-pandori/nd-rl/compute-match/ckpts/cm/ladder/la_T1_cm12k64_s1_r3.pt (md5 c393ffee7766e6f89ba9fd9676862556, 3.3s)
saved ckpts/cm/ladder/la_T1_cm12k64_s1_r3.pt
=== round 3 done in 3282s; new proofs 33010; cum targets solved 4114 L*=13; transfer L*=12
[lean_gate] 287680 samples, parse-fail 14571 (no-eos 0, 0.000 %), distinct 241023: ok 193871, rej 47152 (filter 47152, prefilter=on); lean on 193871 texts in 485 procs, 20017.0s proc, exposed 657.5s, tail 639.7s, 32 workers
[la_T1_cm12k64_s1 r4] targets (this round) SOLVED 4170/4495 = 0.928 [0.920,0.935]
  len 7: 1746/1800 = 0.970 [0.961,0.977]
  len 8: 976/1000 = 0.976 [0.965,0.984]
  len 9: 939/1004 = 0.935 [0.918,0.949]
  len 10: 351/456 = 0.770 [0.729,0.806]
  len 11: 69/99 = 0.697 [0.600,0.779]
  len 12: 84/106 = 0.792 [0.706,0.859]
  len 13: 4/16 = 0.250 [0.102,0.495]
  len 14: 1/14 = 0.071 [0.013,0.315]
  written hist {7: 2041, 8: 10204, 9: 12195, 10: 9950, 11: 7172, 12: 7587, 13: 6919, 14: 5308, 15: 4042, 16: 2918, 17: 2343, 18: 1894, 19: 1357, 20: 861, 21: 693, 22: 565, 23: 410, 24: 248, 25: 176, 26: 112, 27: 95, 28: 73, 29: 53, 30: 32, 31: 26, 32: 8, 33: 6, 34: 15, 35: 13, 36: 10, 37: 9, 38: 1, 39: 1, 40: 2, 42: 3, 43: 1, 45: 1, 46: 1}
  pruned hist {4: 12, 5: 413, 6: 1886, 7: 12655, 8: 12971, 9: 10107, 10: 7258, 11: 5248, 12: 6497, 13: 5423, 14: 3917, 15: 3005, 16: 2124, 17: 1643, 18: 1150, 19: 871, 20: 575, 21: 417, 22: 358, 23: 265, 24: 153, 25: 113, 26: 71, 27: 58, 28: 47, 29: 38, 30: 19, 31: 10, 32: 3, 33: 4, 34: 10, 35: 7, 36: 5, 37: 6, 40: 1, 42: 3, 45: 1, 46: 1}
  frontier written 37 pruned 37
  reasons [('lean rejected', 49466), ('lean_seq parse: env: unbound', 5082), ('lean_seq parse: env: binder mismatch', 4409), ('lean_seq parse: env: box on non-arrow', 1383), ('lean_seq parse: env: formula', 947), ('lean_seq parse: env: Or.elim on non-or', 942)]
[lean_gate] 146240 samples, parse-fail 15631 (no-eos 0, 0.000 %), distinct 115596: ok 65397, rej 50199 (filter 50199, prefilter=on); lean on 65397 texts in 164 procs, 6731.4s proc, exposed 229.8s, tail 221.7s, 32 workers
[la_T1_cm12k64_s1 r4] transfer (this round, pass@64) SOLVED 1908/2285 = 0.835 [0.819,0.850]
  len 7: 242/300 = 0.807 [0.758,0.847]
  len 8: 279/300 = 0.930 [0.895,0.954]
  len 9: 924/1010 = 0.915 [0.896,0.931]
  len 10: 332/451 = 0.736 [0.694,0.775]
  len 11: 68/99 = 0.687 [0.590,0.770]
  len 12: 59/102 = 0.578 [0.481,0.670]
  len 13: 3/13 = 0.231 [0.082,0.503]
  len 14: 1/10 = 0.100 [0.018,0.404]
  written hist {7: 271, 8: 1028, 9: 3138, 10: 5537, 11: 2757, 12: 2154, 13: 2105, 14: 2101, 15: 1466, 16: 1059, 17: 877, 18: 793, 19: 615, 20: 430, 21: 289, 22: 216, 23: 232, 24: 139, 25: 67, 26: 39, 27: 65, 28: 49, 29: 18, 30: 11, 31: 13, 32: 7, 33: 1, 34: 2, 35: 2, 36: 1, 39: 1}
  pruned hist {5: 42, 6: 95, 7: 1360, 8: 3061, 9: 6064, 10: 3171, 11: 1888, 12: 1973, 13: 1641, 14: 1694, 15: 1076, 16: 767, 17: 646, 18: 508, 19: 418, 20: 299, 21: 178, 22: 165, 23: 159, 24: 95, 25: 45, 26: 24, 27: 44, 28: 36, 29: 15, 30: 5, 31: 5, 32: 4, 33: 1, 34: 1, 35: 1, 36: 1, 39: 1}
  frontier written 32 pruned 31
  reasons [('lean rejected', 53524), ('lean_seq parse: env: unbound', 5036), ('lean_seq parse: env: binder mismatch', 4650), ('lean_seq parse: env: box on non-arrow', 1486), ('lean_seq parse: env: formula', 1295), ('lean_seq parse: env: exact goal mismatch', 1060)]
[lean_gate] 2285 samples, parse-fail 159 (no-eos 0, 0.000 %), distinct 2126: ok 1341, rej 785 (filter 785, prefilter=on); lean on 1341 texts in 4 procs, 11.4s proc, exposed 3.9s, tail 3.7s, 32 workers
[la_T1_cm12k64_s1 r4] transfer greedy SOLVED 1341/2285 = 0.587 [0.567,0.607]
  len 7: 175/300 = 0.583 [0.527,0.638]
  len 8: 214/300 = 0.713 [0.660,0.762]
  len 9: 686/1010 = 0.679 [0.650,0.707]
  len 10: 189/451 = 0.419 [0.374,0.465]
  len 11: 40/99 = 0.404 [0.313,0.503]
  len 12: 36/102 = 0.353 [0.267,0.449]
  len 13: 1/13 = 0.077 [0.014,0.333]
  len 14: 0/10 = 0.000 [0.000,0.278]
  written hist {7: 97, 8: 120, 9: 386, 10: 269, 11: 139, 12: 81, 13: 67, 14: 75, 15: 26, 16: 22, 17: 14, 18: 9, 19: 15, 20: 8, 21: 3, 22: 2, 23: 4, 24: 2, 26: 1, 27: 1}
  pruned hist {5: 4, 6: 5, 7: 130, 8: 185, 9: 434, 10: 205, 11: 107, 12: 79, 13: 40, 14: 61, 15: 26, 16: 17, 17: 10, 18: 7, 19: 14, 20: 7, 21: 2, 22: 3, 23: 3, 24: 1, 26: 1}
  frontier written 20 pruned 20
  reasons [('lean rejected', 785), ('lean_seq parse: env: binder mismatch', 59), ('lean_seq parse: env: unbound', 35), ('lean_seq parse: env: box on non-arrow', 20), ('lean_seq parse: env: formula', 13), ('lean_seq parse: env: exact goal mismatch', 11)]
[lean_gate] 5000 samples, parse-fail 18 (no-eos 0, 0.000 %), distinct 4982: ok 4899, rej 83 (filter 83, prefilter=on); lean on 4899 texts in 13 procs, 61.0s proc, exposed 6.4s, tail 6.2s, 32 workers
[la_T1_cm12k64_s1 r4] heldout greedy SOLVED 4899/5000 = 0.980 [0.976,0.983]
  len 2: 999/1000 = 0.999 [0.994,1.000]
  len 3: 991/1000 = 0.991 [0.983,0.995]
  len 4: 982/1000 = 0.982 [0.972,0.989]
  len 5: 964/1000 = 0.964 [0.951,0.974]
  len 6: 963/1000 = 0.963 [0.949,0.973]
  written hist {2: 1025, 3: 965, 4: 854, 5: 923, 6: 731, 7: 122, 8: 72, 9: 100, 10: 51, 11: 33, 12: 9, 13: 6, 14: 2, 15: 2, 16: 2, 17: 1, 19: 1}
  pruned hist {2: 1030, 3: 970, 4: 876, 5: 915, 6: 794, 7: 56, 8: 58, 9: 105, 10: 43, 11: 33, 12: 8, 13: 5, 14: 2, 15: 1, 16: 2, 17: 1}
  frontier written 13 pruned 13
  reasons [('lean rejected', 83), ('lean_seq parse: env: binder mismatch', 7), ('lean_seq parse: env: unbound', 4), ('lean_seq parse: env: assign', 3), ('lean_seq parse: env: exact goal mismatch', 2), ('lean_seq parse: env: PR position', 1)]
[la_T1_cm12k64_s1 r4] targets cumulative: solved 4172/4495 L*=13 ge={7: 4172, 8: 2424, 9: 1448, 10: 509, 11: 158, 12: 89}
[la_T1_cm12k64_s1 r4] transfer cumulative: solved 1965/2285 L*=12 ge={7: 1965, 8: 1714, 9: 1431, 10: 487, 11: 144, 12: 71}
python3 state_train.py --data artifacts/cm/la_T1_cm12k64_s1/mix_4.jsonl --init ckpts/cm/ladder/la_T1_cm12k64_s1_r3.pt --steps 600 --lr 0.0003 --min_lr 2.9999999999999997e-05 --warmup 50 --cap 0 --out ckpts/cm/ladder/la_T1_cm12k64_s1_r4.pt --seed 1004 --log_every 200 --recs 128
params 3216384 mode lean_staten
train records 85592 (skipped 0); pairs 1026390; mean 11.992 per proof; max pair len 327; load 52s
/workspace/nd-takehome/state_train.py:168: UserWarning: Converting a tensor with requires_grad=True to a scalar may lead to unexpected behavior.
Consider using tensor.detach() first. (Triggered internally at /pytorch/torch/csrc/autograd/generated/python_variable_methods.cpp:835.)
  loss_sum += float(lb)
step 200 loss 0.0485 lr 2.53e-04 pairs/batch 1531 112s
step 400 loss 0.0472 lr 1.09e-04 pairs/batch 1538 224s
step 600 loss 0.0453 lr 3.00e-05 pairs/batch 1534 336s
uploaded ckpts/cm/ladder/la_T1_cm12k64_s1_r4.pt -> hf://buckets/dan-pandori/nd-rl/compute-match/ckpts/cm/ladder/la_T1_cm12k64_s1_r4.pt (md5 eb3ddc7ea03bc5550b3e7a8580409d84, 3.2s)
saved ckpts/cm/ladder/la_T1_cm12k64_s1_r4.pt
=== round 4 done in 3728s; new proofs 47017; cum targets solved 4172 L*=13; transfer L*=12
[lean_gate] 287680 samples, parse-fail 14530 (no-eos 0, 0.000 %), distinct 249828: ok 207180, rej 42648 (filter 42648, prefilter=on); lean on 207180 texts in 518 procs, 18617.5s proc, exposed 611.0s, tail 592.6s, 32 workers
[la_T1_cm12k64_s1 r5] targets (this round) SOLVED 4194/4495 = 0.933 [0.925,0.940]
  len 7: 1753/1800 = 0.974 [0.965,0.980]
  len 8: 977/1000 = 0.977 [0.966,0.985]
  len 9: 942/1004 = 0.938 [0.922,0.952]
  len 10: 360/456 = 0.789 [0.750,0.824]
  len 11: 71/99 = 0.717 [0.622,0.796]
  len 12: 86/106 = 0.811 [0.726,0.874]
  len 13: 4/16 = 0.250 [0.102,0.495]
  len 14: 1/14 = 0.071 [0.013,0.315]
  written hist {7: 1920, 8: 13673, 9: 15347, 10: 11963, 11: 9032, 12: 9352, 13: 8512, 14: 6866, 15: 5559, 16: 4035, 17: 3378, 18: 2749, 19: 2054, 20: 1455, 21: 1123, 22: 903, 23: 650, 24: 395, 25: 290, 26: 219, 27: 157, 28: 126, 29: 70, 30: 58, 31: 42, 32: 32, 33: 24, 34: 17, 35: 18, 36: 12, 37: 6, 38: 1, 39: 5, 40: 10, 41: 6, 42: 2, 43: 3, 44: 4, 45: 1}
  pruned hist {4: 19, 5: 470, 6: 2389, 7: 17272, 8: 16536, 9: 12349, 10: 9065, 11: 6089, 12: 8203, 13: 6756, 14: 5139, 15: 4121, 16: 2865, 17: 2314, 18: 1682, 19: 1258, 20: 996, 21: 664, 22: 521, 23: 402, 24: 285, 25: 194, 26: 128, 27: 88, 28: 73, 29: 43, 30: 33, 31: 20, 32: 20, 33: 16, 34: 14, 35: 13, 36: 11, 37: 2, 38: 1, 39: 1, 40: 8, 41: 5, 43: 2, 44: 2}
  frontier written 41 pruned 41
  reasons [('lean rejected', 44204), ('lean_seq parse: env: binder mismatch', 4831), ('lean_seq parse: env: unbound', 4605), ('lean_seq parse: env: box on non-arrow', 1194), ('lean_seq parse: env: Or.elim on non-or', 1020), ('lean_seq parse: env: exact goal mismatch', 915)]
[lean_gate] 146240 samples, parse-fail 15650 (no-eos 0, 0.000 %), distinct 118508: ok 69766, rej 48742 (filter 48742, prefilter=on); lean on 69766 texts in 175 procs, 5073.2s proc, exposed 173.0s, tail 164.4s, 32 workers
[la_T1_cm12k64_s1 r5] transfer (this round, pass@64) SOLVED 1954/2285 = 0.855 [0.840,0.869]
  len 7: 258/300 = 0.860 [0.816,0.895]
  len 8: 282/300 = 0.940 [0.907,0.962]
  len 9: 929/1010 = 0.920 [0.901,0.935]
  len 10: 339/451 = 0.752 [0.710,0.789]
  len 11: 72/99 = 0.727 [0.632,0.805]
  len 12: 70/102 = 0.686 [0.591,0.768]
  len 13: 3/13 = 0.231 [0.082,0.503]
  len 14: 1/10 = 0.100 [0.018,0.404]
  written hist {7: 299, 8: 1244, 9: 3620, 10: 6616, 11: 3303, 12: 2609, 13: 2572, 14: 2647, 15: 1950, 16: 1475, 17: 1229, 18: 1051, 19: 874, 20: 613, 21: 396, 22: 279, 23: 300, 24: 248, 25: 153, 26: 95, 27: 66, 28: 56, 29: 31, 30: 27, 31: 30, 32: 17, 33: 11, 34: 7, 35: 2, 36: 3, 38: 1, 39: 1, 41: 1, 43: 1}
  pruned hist {5: 61, 6: 124, 7: 1764, 8: 3823, 9: 7303, 10: 3687, 11: 2197, 12: 2318, 13: 2005, 14: 2120, 15: 1444, 16: 1075, 17: 930, 18: 696, 19: 633, 20: 417, 21: 268, 22: 226, 23: 220, 24: 176, 25: 92, 26: 60, 27: 42, 28: 40, 29: 26, 30: 30, 31: 19, 32: 13, 33: 5, 34: 6, 35: 1, 36: 2, 38: 1, 39: 1, 41: 1, 43: 1}
  frontier written 34 pruned 34
  reasons [('lean rejected', 51436), ('lean_seq parse: env: binder mismatch', 5058), ('lean_seq parse: env: unbound', 4616), ('lean_seq parse: env: box on non-arrow', 1291), ('lean_seq parse: env: exact goal mismatch', 1250), ('lean_seq parse: env: formula', 1114)]
[lean_gate] 2285 samples, parse-fail 154 (no-eos 0, 0.000 %), distinct 2131: ok 1406, rej 725 (filter 725, prefilter=on); lean on 1406 texts in 4 procs, 11.8s proc, exposed 3.7s, tail 3.5s, 32 workers
[la_T1_cm12k64_s1 r5] transfer greedy SOLVED 1406/2285 = 0.615 [0.595,0.635]
  len 7: 186/300 = 0.620 [0.564,0.673]
  len 8: 221/300 = 0.737 [0.684,0.783]
  len 9: 698/1010 = 0.691 [0.662,0.719]
  len 10: 220/451 = 0.488 [0.442,0.534]
  len 11: 40/99 = 0.404 [0.313,0.503]
  len 12: 40/102 = 0.392 [0.303,0.489]
  len 13: 1/13 = 0.077 [0.014,0.333]
  len 14: 0/10 = 0.000 [0.000,0.278]
  written hist {7: 84, 8: 109, 9: 343, 10: 305, 11: 140, 12: 83, 13: 81, 14: 89, 15: 38, 16: 34, 17: 28, 18: 12, 19: 21, 20: 11, 21: 7, 22: 6, 23: 5, 24: 7, 25: 2, 26: 1}
  pruned hist {5: 1, 6: 7, 7: 124, 8: 182, 9: 404, 10: 217, 11: 107, 12: 77, 13: 65, 14: 74, 15: 33, 16: 27, 17: 26, 18: 12, 19: 18, 20: 9, 21: 6, 22: 7, 23: 5, 24: 4, 25: 1}
  frontier written 24 pruned 23
  reasons [('lean rejected', 725), ('lean_seq parse: env: binder mismatch', 67), ('lean_seq parse: env: unbound', 21), ('lean_seq parse: env: exact goal mismatch', 16), ('lean_seq parse: env: Or.elim on non-or', 15), ('lean_seq parse: env: box on non-arrow', 11)]
[lean_gate] 5000 samples, parse-fail 29 (no-eos 0, 0.000 %), distinct 4971: ok 4890, rej 81 (filter 81, prefilter=on); lean on 4890 texts in 13 procs, 35.8s proc, exposed 4.2s, tail 3.9s, 32 workers
[la_T1_cm12k64_s1 r5] heldout greedy SOLVED 4890/5000 = 0.978 [0.974,0.982]
  len 2: 997/1000 = 0.997 [0.991,0.999]
  len 3: 997/1000 = 0.997 [0.991,0.999]
  len 4: 973/1000 = 0.973 [0.961,0.981]
  len 5: 962/1000 = 0.962 [0.948,0.972]
  len 6: 961/1000 = 0.961 [0.947,0.971]
  written hist {2: 1016, 3: 962, 4: 812, 5: 906, 6: 679, 7: 194, 8: 79, 9: 89, 10: 79, 11: 46, 12: 8, 13: 9, 14: 5, 15: 1, 16: 2, 17: 2, 21: 1}
  pruned hist {2: 1024, 3: 967, 4: 833, 5: 901, 6: 804, 7: 60, 8: 72, 9: 94, 10: 67, 11: 44, 12: 8, 13: 6, 14: 4, 15: 2, 16: 2, 17: 1, 20: 1}
  frontier written 14 pruned 13
  reasons [('lean rejected', 81), ('lean_seq parse: env: binder mismatch', 10), ('lean_seq parse: env: exact goal mismatch', 7), ('lean_seq parse: env: assign', 4), ('lean_seq parse: env: no semicolon', 2), ('lean_seq parse: env: box on non-arrow', 2)]
[la_T1_cm12k64_s1 r5] targets cumulative: solved 4198/4495 L*=13 ge={7: 4198, 8: 2443, 9: 1465, 10: 523, 11: 162, 12: 91}
[la_T1_cm12k64_s1 r5] transfer cumulative: solved 2006/2285 L*=12 ge={7: 2006, 8: 1741, 9: 1455, 10: 505, 11: 149, 12: 75}
python3 state_train.py --data artifacts/cm/la_T1_cm12k64_s1/mix_5.jsonl --init ckpts/cm/ladder/la_T1_cm12k64_s1_r4.pt --steps 600 --lr 0.0003 --min_lr 2.9999999999999997e-05 --warmup 50 --cap 0 --out ckpts/cm/ladder/la_T1_cm12k64_s1_r5.pt --seed 1005 --log_every 200 --recs 128
params 3216384 mode lean_staten
train records 86560 (skipped 0); pairs 1061506; mean 12.263 per proof; max pair len 354; load 54s
/workspace/nd-takehome/state_train.py:168: UserWarning: Converting a tensor with requires_grad=True to a scalar may lead to unexpected behavior.
Consider using tensor.detach() first. (Triggered internally at /pytorch/torch/csrc/autograd/generated/python_variable_methods.cpp:835.)
  loss_sum += float(lb)
step 200 loss 0.0470 lr 2.53e-04 pairs/batch 1566 118s
step 400 loss 0.0452 lr 1.09e-04 pairs/batch 1571 235s
step 600 loss 0.0436 lr 3.00e-05 pairs/batch 1570 353s
uploaded ckpts/cm/ladder/la_T1_cm12k64_s1_r5.pt -> hf://buckets/dan-pandori/nd-rl/compute-match/ckpts/cm/ladder/la_T1_cm12k64_s1_r5.pt (md5 c2e926b868662d3c24ac1168497ef628, 3.4s)
saved ckpts/cm/ladder/la_T1_cm12k64_s1_r5.pt
=== round 5 done in 3751s; new proofs 62501; cum targets solved 4198 L*=13; transfer L*=12
[lean_gate] 287680 samples, parse-fail 14013 (no-eos 0, 0.000 %), distinct 254184: ok 215326, rej 38858 (filter 38858, prefilter=on); lean on 215326 texts in 539 procs, 22443.3s proc, exposed 739.0s, tail 717.3s, 32 workers
[la_T1_cm12k64_s1 r6] targets (this round) SOLVED 4230/4495 = 0.941 [0.934,0.948]
  len 7: 1764/1800 = 0.980 [0.972,0.986]
  len 8: 982/1000 = 0.982 [0.972,0.989]
  len 9: 947/1004 = 0.943 [0.927,0.956]
  len 10: 369/456 = 0.809 [0.771,0.843]
  len 11: 73/99 = 0.737 [0.643,0.814]
  len 12: 90/106 = 0.849 [0.769,0.905]
  len 13: 4/16 = 0.250 [0.102,0.495]
  len 14: 1/14 = 0.071 [0.013,0.315]
  written hist {7: 1824, 8: 16131, 9: 17895, 10: 13749, 11: 10181, 12: 10342, 13: 9536, 14: 7850, 15: 6410, 16: 4695, 17: 4100, 18: 3244, 19: 2513, 20: 1785, 21: 1374, 22: 1110, 23: 809, 24: 581, 25: 401, 26: 294, 27: 217, 28: 162, 29: 130, 30: 91, 31: 58, 32: 36, 33: 28, 34: 24, 35: 19, 36: 16, 37: 19, 38: 5, 39: 1, 40: 5, 41: 5, 42: 1, 43: 6, 44: 8, 45: 2}
  pruned hist {4: 16, 5: 593, 6: 2608, 7: 20554, 8: 19118, 9: 13929, 10: 10269, 11: 6510, 12: 9352, 13: 7586, 14: 5944, 15: 4709, 16: 3399, 17: 2852, 18: 2103, 19: 1606, 20: 1172, 21: 870, 22: 645, 23: 502, 24: 366, 25: 254, 26: 186, 27: 133, 28: 98, 29: 82, 30: 59, 31: 32, 32: 23, 33: 11, 34: 22, 35: 16, 36: 9, 37: 8, 38: 3, 39: 1, 40: 2, 41: 4, 43: 4, 44: 5, 45: 2}
  frontier written 44 pruned 44
  reasons [('lean rejected', 40202), ('lean_seq parse: env: unbound', 4856), ('lean_seq parse: env: binder mismatch', 4786), ('lean_seq parse: env: Or.elim on non-or', 1591), ('lean_seq parse: env: formula', 852), ('lean_seq parse: env: exact goal mismatch', 631)]
[lean_gate] 146240 samples, parse-fail 16025 (no-eos 0, 0.000 %), distinct 119422: ok 72843, rej 46579 (filter 46579, prefilter=on); lean on 72843 texts in 183 procs, 8449.1s proc, exposed 284.1s, tail 275.2s, 32 workers
[la_T1_cm12k64_s1 r6] transfer (this round, pass@64) SOLVED 1983/2285 = 0.868 [0.853,0.881]
  len 7: 269/300 = 0.897 [0.857,0.926]
  len 8: 283/300 = 0.943 [0.911,0.964]
  len 9: 936/1010 = 0.927 [0.909,0.941]
  len 10: 349/451 = 0.774 [0.733,0.810]
  len 11: 69/99 = 0.697 [0.600,0.779]
  len 12: 72/102 = 0.706 [0.611,0.786]
  len 13: 3/13 = 0.231 [0.082,0.503]
  len 14: 2/10 = 0.200 [0.057,0.510]
  written hist {7: 304, 8: 1312, 9: 3848, 10: 7684, 11: 3535, 12: 2887, 13: 2923, 14: 2899, 15: 2147, 16: 1730, 17: 1564, 18: 1217, 19: 1053, 20: 767, 21: 529, 22: 407, 23: 346, 24: 300, 25: 186, 26: 119, 27: 93, 28: 97, 29: 76, 30: 58, 31: 37, 32: 25, 33: 23, 34: 16, 35: 11, 36: 6, 37: 7, 38: 5, 39: 1, 40: 3, 41: 2, 42: 3, 45: 1}
  pruned hist {5: 60, 6: 116, 7: 2065, 8: 4344, 9: 8274, 10: 3915, 11: 2221, 12: 2822, 13: 2315, 14: 2354, 15: 1650, 16: 1266, 17: 1170, 18: 792, 19: 698, 20: 521, 21: 338, 22: 279, 23: 238, 24: 210, 25: 133, 26: 94, 27: 70, 28: 66, 29: 60, 30: 47, 31: 22, 32: 20, 33: 16, 34: 14, 35: 11, 36: 8, 37: 5, 38: 2, 39: 1, 40: 1, 41: 2, 45: 1}
  frontier written 38 pruned 37
  reasons [('lean rejected', 48817), ('lean_seq parse: env: binder mismatch', 5179), ('lean_seq parse: env: unbound', 5035), ('lean_seq parse: env: Or.elim on non-or', 1741), ('lean_seq parse: env: exact goal mismatch', 1147), ('lean_seq parse: env: formula', 1129)]
[lean_gate] 2285 samples, parse-fail 174 (no-eos 0, 0.000 %), distinct 2111: ok 1421, rej 690 (filter 690, prefilter=on); lean on 1421 texts in 4 procs, 12.6s proc, exposed 4.0s, tail 3.7s, 32 workers
[la_T1_cm12k64_s1 r6] transfer greedy SOLVED 1421/2285 = 0.622 [0.602,0.642]
  len 7: 189/300 = 0.630 [0.574,0.683]
  len 8: 225/300 = 0.750 [0.698,0.796]
  len 9: 707/1010 = 0.700 [0.671,0.727]
  len 10: 214/451 = 0.475 [0.429,0.521]
  len 11: 43/99 = 0.434 [0.341,0.533]
  len 12: 42/102 = 0.412 [0.321,0.509]
  len 13: 1/13 = 0.077 [0.014,0.333]
  len 14: 0/10 = 0.000 [0.000,0.278]
  written hist {7: 64, 8: 104, 9: 306, 10: 307, 11: 143, 12: 102, 13: 88, 14: 94, 15: 51, 16: 29, 17: 32, 18: 21, 19: 22, 20: 18, 21: 10, 22: 7, 23: 8, 24: 8, 25: 1, 26: 2, 27: 1, 30: 1, 31: 2}
  pruned hist {5: 2, 6: 3, 7: 119, 8: 188, 9: 376, 10: 208, 11: 118, 12: 90, 13: 75, 14: 74, 15: 38, 16: 23, 17: 28, 18: 16, 19: 19, 20: 15, 21: 4, 22: 6, 23: 6, 24: 8, 26: 2, 30: 1, 31: 2}
  frontier written 24 pruned 24
  reasons [('lean rejected', 690), ('lean_seq parse: env: binder mismatch', 66), ('lean_seq parse: env: unbound', 38), ('lean_seq parse: env: Or.elim on non-or', 26), ('lean_seq parse: env: exact goal mismatch', 13), ('lean_seq parse: env: formula', 11)]
[lean_gate] 5000 samples, parse-fail 40 (no-eos 0, 0.000 %), distinct 4960: ok 4869, rej 91 (filter 91, prefilter=on); lean on 4869 texts in 13 procs, 53.1s proc, exposed 6.0s, tail 5.7s, 32 workers
[la_T1_cm12k64_s1 r6] heldout greedy SOLVED 4869/5000 = 0.974 [0.969,0.978]
  len 2: 997/1000 = 0.997 [0.991,0.999]
  len 3: 997/1000 = 0.997 [0.991,0.999]
  len 4: 975/1000 = 0.975 [0.963,0.983]
  len 5: 945/1000 = 0.945 [0.929,0.958]
  len 6: 955/1000 = 0.955 [0.940,0.966]
  written hist {2: 1009, 3: 965, 4: 795, 5: 877, 6: 619, 7: 210, 8: 84, 9: 122, 10: 85, 11: 63, 12: 20, 13: 10, 14: 5, 15: 1, 16: 3, 25: 1}
  pruned hist {2: 1016, 3: 970, 4: 823, 5: 868, 6: 767, 7: 60, 8: 73, 9: 127, 10: 73, 11: 62, 12: 12, 13: 8, 14: 5, 15: 2, 16: 2, 24: 1}
  frontier written 14 pruned 14
  reasons [('lean rejected', 91), ('lean_seq parse: env: binder mismatch', 14), ('lean_seq parse: env: exact goal mismatch', 7), ('lean_seq parse: env: unbound', 6), ('lean_seq parse: env: formula', 5), ('lean_seq parse: env: assign', 3)]
[la_T1_cm12k64_s1 r6] targets cumulative: solved 4232/4495 L*=13 ge={7: 4232, 8: 2468, 9: 1485, 10: 538, 11: 168, 12: 95}
[la_T1_cm12k64_s1 r6] transfer cumulative: solved 2038/2285 L*=13 ge={7: 2038, 8: 1767, 9: 1479, 10: 525, 11: 157, 12: 81}
python3 state_train.py --data artifacts/cm/la_T1_cm12k64_s1/mix_6.jsonl --init ckpts/cm/ladder/la_T1_cm12k64_s1_r5.pt --steps 600 --lr 0.0003 --min_lr 2.9999999999999997e-05 --warmup 50 --cap 0 --out ckpts/cm/ladder/la_T1_cm12k64_s1_r6.pt --seed 1006 --log_every 200 --recs 128
params 3216384 mode lean_staten
train records 87176 (skipped 0); pairs 1090404; mean 12.508 per proof; max pair len 365; load 54s
/workspace/nd-takehome/state_train.py:168: UserWarning: Converting a tensor with requires_grad=True to a scalar may lead to unexpected behavior.
Consider using tensor.detach() first. (Triggered internally at /pytorch/torch/csrc/autograd/generated/python_variable_methods.cpp:835.)
  loss_sum += float(lb)
step 200 loss 0.0479 lr 2.53e-04 pairs/batch 1605 121s
step 400 loss 0.0428 lr 1.09e-04 pairs/batch 1600 242s
step 600 loss 0.0479 lr 3.00e-05 pairs/batch 1598 361s
uploaded ckpts/cm/ladder/la_T1_cm12k64_s1_r6.pt -> hf://buckets/dan-pandori/nd-rl/compute-match/ckpts/cm/ladder/la_T1_cm12k64_s1_r6.pt (md5 f2dd1833664a73a51bb5f56c06846582, 19.2s)
saved ckpts/cm/ladder/la_T1_cm12k64_s1_r6.pt
=== round 6 done in 4082s; new proofs 72856; cum targets solved 4232 L*=13; transfer L*=13
[lean_gate] 287680 samples, parse-fail 13927 (no-eos 0, 0.000 %), distinct 257742: ok 220965, rej 36777 (filter 36777, prefilter=on); lean on 220965 texts in 553 procs, 22001.4s proc, exposed 726.4s, tail 703.9s, 32 workers
[la_T1_cm12k64_s1 r7] targets (this round) SOLVED 4249/4495 = 0.945 [0.938,0.952]
  len 7: 1768/1800 = 0.982 [0.975,0.987]
  len 8: 985/1000 = 0.985 [0.975,0.991]
  len 9: 950/1004 = 0.946 [0.930,0.959]
  len 10: 376/456 = 0.825 [0.787,0.857]
  len 11: 72/99 = 0.727 [0.632,0.805]
  len 12: 93/106 = 0.877 [0.801,0.927]
  len 13: 4/16 = 0.250 [0.102,0.495]
  len 14: 1/14 = 0.071 [0.013,0.315]
  written hist {7: 1736, 8: 18146, 9: 19562, 10: 14830, 11: 10965, 12: 11171, 13: 10449, 14: 8665, 15: 7181, 16: 5519, 17: 4775, 18: 3894, 19: 3109, 20: 2181, 21: 1700, 22: 1464, 23: 950, 24: 756, 25: 532, 26: 440, 27: 306, 28: 225, 29: 198, 30: 132, 31: 104, 32: 60, 33: 42, 34: 45, 35: 39, 36: 28, 37: 21, 38: 5, 39: 4, 40: 9, 41: 3, 42: 4, 43: 6, 44: 3, 45: 1, 46: 1, 47: 2}
  pruned hist {4: 33, 5: 616, 6: 2955, 7: 23208, 8: 21271, 9: 15534, 10: 10967, 11: 6984, 12: 10172, 13: 8160, 14: 6561, 15: 5240, 16: 3983, 17: 3476, 18: 2432, 19: 1940, 20: 1419, 21: 1024, 22: 842, 23: 626, 24: 466, 25: 342, 26: 261, 27: 169, 28: 147, 29: 114, 30: 84, 31: 57, 32: 33, 33: 31, 34: 35, 35: 32, 36: 17, 37: 10, 38: 3, 39: 5, 40: 4, 41: 1, 42: 4, 43: 2, 44: 2, 45: 1}
  frontier written 43 pruned 39
  reasons [('lean rejected', 37849), ('lean_seq parse: env: binder mismatch', 5285), ('lean_seq parse: env: unbound', 3821), ('lean_seq parse: env: Or.elim on non-or', 1796), ('lean_seq parse: env: box on non-arrow', 776), ('lean_seq parse: env: exact goal mismatch', 697)]
[lean_gate] 146240 samples, parse-fail 16904 (no-eos 0, 0.000 %), distinct 120116: ok 74683, rej 45433 (filter 45433, prefilter=on); lean on 74683 texts in 187 procs, 4009.5s proc, exposed 141.9s, tail 132.0s, 32 workers
[la_T1_cm12k64_s1 r7] transfer (this round, pass@64) SOLVED 1999/2285 = 0.875 [0.861,0.888]
  len 7: 264/300 = 0.880 [0.838,0.912]
  len 8: 286/300 = 0.953 [0.923,0.972]
  len 9: 935/1010 = 0.926 [0.908,0.940]
  len 10: 366/451 = 0.812 [0.773,0.845]
  len 11: 70/99 = 0.707 [0.611,0.788]
  len 12: 74/102 = 0.725 [0.632,0.803]
  len 13: 3/13 = 0.231 [0.082,0.503]
  len 14: 1/10 = 0.100 [0.018,0.404]
  written hist {7: 279, 8: 1484, 9: 4194, 10: 8459, 11: 3897, 12: 3091, 13: 3140, 14: 3111, 15: 2422, 16: 1978, 17: 1696, 18: 1405, 19: 1204, 20: 873, 21: 631, 22: 480, 23: 463, 24: 320, 25: 254, 26: 177, 27: 130, 28: 112, 29: 71, 30: 50, 31: 33, 32: 33, 33: 30, 34: 16, 35: 15, 36: 8, 37: 8, 38: 13, 39: 4, 40: 4, 41: 5, 42: 4, 43: 1, 44: 1, 47: 1}
  pruned hist {5: 65, 6: 135, 7: 2223, 8: 5065, 9: 9027, 10: 4372, 11: 2488, 12: 2990, 13: 2417, 14: 2553, 15: 1770, 16: 1470, 17: 1262, 18: 927, 19: 825, 20: 583, 21: 381, 22: 318, 23: 313, 24: 230, 25: 160, 26: 109, 27: 101, 28: 80, 29: 51, 30: 38, 31: 26, 32: 26, 33: 26, 34: 13, 35: 11, 36: 4, 37: 8, 38: 11, 39: 3, 40: 5, 41: 5, 42: 4, 43: 2}
  frontier written 41 pruned 41
  reasons [('lean rejected', 47273), ('lean_seq parse: env: binder mismatch', 5778), ('lean_seq parse: env: unbound', 4446), ('lean_seq parse: env: Or.elim on non-or', 2040), ('lean_seq parse: env: exact goal mismatch', 1282), ('lean_seq parse: env: formula', 1009)]
[lean_gate] 2285 samples, parse-fail 191 (no-eos 0, 0.000 %), distinct 2094: ok 1434, rej 660 (filter 660, prefilter=on); lean on 1434 texts in 4 procs, 14.6s proc, exposed 4.4s, tail 4.2s, 32 workers
[la_T1_cm12k64_s1 r7] transfer greedy SOLVED 1434/2285 = 0.628 [0.608,0.647]
  len 7: 195/300 = 0.650 [0.594,0.702]
  len 8: 226/300 = 0.753 [0.702,0.799]
  len 9: 694/1010 = 0.687 [0.658,0.715]
  len 10: 230/451 = 0.510 [0.464,0.556]
  len 11: 43/99 = 0.434 [0.341,0.533]
  len 12: 44/102 = 0.431 [0.339,0.528]
  len 13: 2/13 = 0.154 [0.043,0.422]
  len 14: 0/10 = 0.000 [0.000,0.278]
  written hist {7: 62, 8: 86, 9: 286, 10: 303, 11: 144, 12: 108, 13: 93, 14: 97, 15: 50, 16: 39, 17: 38, 18: 20, 19: 32, 20: 18, 21: 14, 22: 8, 23: 16, 24: 6, 25: 3, 26: 1, 27: 3, 28: 4, 29: 2, 32: 1}
  pruned hist {5: 4, 6: 5, 7: 117, 8: 192, 9: 358, 10: 197, 11: 103, 12: 100, 13: 68, 14: 83, 15: 41, 16: 30, 17: 34, 18: 14, 19: 29, 20: 15, 21: 10, 22: 8, 23: 12, 24: 5, 25: 3, 27: 2, 28: 2, 29: 1, 32: 1}
  frontier written 24 pruned 24
  reasons [('lean rejected', 660), ('lean_seq parse: env: binder mismatch', 76), ('lean_seq parse: env: unbound', 37), ('lean_seq parse: env: Or.elim on non-or', 24), ('lean_seq parse: env: exact goal mismatch', 17), ('lean_seq parse: env: box on non-arrow', 14)]
[lean_gate] 5000 samples, parse-fail 31 (no-eos 0, 0.000 %), distinct 4969: ok 4880, rej 89 (filter 89, prefilter=on); lean on 4880 texts in 13 procs, 51.9s proc, exposed 6.0s, tail 5.7s, 32 workers
[la_T1_cm12k64_s1 r7] heldout greedy SOLVED 4880/5000 = 0.976 [0.971,0.980]
  len 2: 999/1000 = 0.999 [0.994,1.000]
  len 3: 992/1000 = 0.992 [0.984,0.996]
  len 4: 975/1000 = 0.975 [0.963,0.983]
  len 5: 956/1000 = 0.956 [0.941,0.967]
  len 6: 958/1000 = 0.958 [0.944,0.969]
  written hist {2: 1015, 3: 956, 4: 791, 5: 878, 6: 595, 7: 222, 8: 88, 9: 119, 10: 85, 11: 73, 12: 20, 13: 16, 14: 11, 15: 6, 16: 2, 17: 1, 18: 1, 19: 1}
  pruned hist {2: 1020, 3: 964, 4: 820, 5: 870, 6: 748, 7: 70, 8: 77, 9: 126, 10: 70, 11: 75, 12: 11, 13: 11, 14: 11, 15: 4, 16: 2, 17: 1}
  frontier written 15 pruned 14
  reasons [('lean rejected', 89), ('lean_seq parse: env: binder mismatch', 10), ('lean_seq parse: env: unbound', 5), ('lean_seq parse: env: exact goal mismatch', 4), ('lean_seq parse: env: assign', 3), ('lean_seq parse: env: formula', 2)]
[la_T1_cm12k64_s1 r7] targets cumulative: solved 4254/4495 L*=13 ge={7: 4254, 8: 2485, 9: 1499, 10: 549, 11: 171, 12: 98}
[la_T1_cm12k64_s1 r7] transfer cumulative: solved 2067/2285 L*=13 ge={7: 2067, 8: 1792, 9: 1503, 10: 547, 11: 162, 12: 85}
python3 state_train.py --data artifacts/cm/la_T1_cm12k64_s1/mix_7.jsonl --init ckpts/cm/ladder/la_T1_cm12k64_s1_r6.pt --steps 600 --lr 0.0003 --min_lr 2.9999999999999997e-05 --warmup 50 --cap 0 --out ckpts/cm/ladder/la_T1_cm12k64_s1_r7.pt --seed 1007 --log_every 200 --recs 128
params 3216384 mode lean_staten
train records 87692 (skipped 0); pairs 1112098; mean 12.682 per proof; max pair len 387; load 57s
/workspace/nd-takehome/state_train.py:168: UserWarning: Converting a tensor with requires_grad=True to a scalar may lead to unexpected behavior.
Consider using tensor.detach() first. (Triggered internally at /pytorch/torch/csrc/autograd/generated/python_variable_methods.cpp:835.)
  loss_sum += float(lb)
step 200 loss 0.0487 lr 2.53e-04 pairs/batch 1620 122s
step 400 loss 0.0450 lr 1.09e-04 pairs/batch 1629 244s
step 600 loss 0.0469 lr 3.00e-05 pairs/batch 1622 365s
uploaded ckpts/cm/ladder/la_T1_cm12k64_s1_r7.pt -> hf://buckets/dan-pandori/nd-rl/compute-match/ckpts/cm/ladder/la_T1_cm12k64_s1_r7.pt (md5 8aee19ae4ad4b3bd15702c07d9fe6229, 6.7s)
saved ckpts/cm/ladder/la_T1_cm12k64_s1_r7.pt
=== round 7 done in 4070s; new proofs 81027; cum targets solved 4254 L*=13; transfer L*=13
[lean_gate] 287680 samples, parse-fail 13736 (no-eos 0, 0.000 %), distinct 259823: ok 226976, rej 32847 (filter 32847, prefilter=on); lean on 226976 texts in 568 procs, 21855.0s proc, exposed 721.7s, tail 699.6s, 32 workers
[la_T1_cm12k64_s1 r8] targets (this round) SOLVED 4266/4495 = 0.949 [0.942,0.955]
  len 7: 1768/1800 = 0.982 [0.975,0.987]
  len 8: 988/1000 = 0.988 [0.979,0.993]
  len 9: 952/1004 = 0.948 [0.933,0.960]
  len 10: 385/456 = 0.844 [0.808,0.875]
  len 11: 73/99 = 0.737 [0.643,0.814]
  len 12: 95/106 = 0.896 [0.824,0.941]
  len 13: 4/16 = 0.250 [0.102,0.495]
  len 14: 1/14 = 0.071 [0.013,0.315]
  written hist {7: 1630, 8: 20212, 9: 21513, 10: 16489, 11: 11794, 12: 11277, 13: 10483, 14: 9226, 15: 7746, 16: 5817, 17: 5075, 18: 4260, 19: 3395, 20: 2479, 21: 1948, 22: 1561, 23: 1152, 24: 841, 25: 609, 26: 438, 27: 372, 28: 285, 29: 202, 30: 164, 31: 122, 32: 80, 33: 59, 34: 54, 35: 39, 36: 36, 37: 24, 38: 13, 39: 8, 40: 17, 41: 12, 42: 5, 43: 2, 44: 6, 45: 10, 46: 1, 47: 1}
  pruned hist {4: 38, 5: 701, 6: 3310, 7: 25564, 8: 23574, 9: 17592, 10: 11816, 11: 7166, 12: 10388, 13: 8212, 14: 6683, 15: 5407, 16: 4101, 17: 3573, 18: 2636, 19: 2029, 20: 1596, 21: 1176, 22: 930, 23: 732, 24: 562, 25: 401, 26: 256, 27: 227, 28: 187, 29: 158, 30: 116, 31: 69, 32: 46, 33: 46, 34: 40, 35: 35, 36: 31, 37: 9, 38: 10, 39: 5, 40: 11, 41: 9, 42: 4, 43: 1, 44: 3, 45: 6, 46: 1}
  frontier written 45 pruned 45
  reasons [('lean rejected', 33680), ('lean_seq parse: env: binder mismatch', 5275), ('lean_seq parse: env: unbound', 3908), ('lean_seq parse: env: Or.elim on non-or', 1665), ('lean_seq parse: env: formula', 902), ('lean_seq parse: env: exact goal mismatch', 592)]
[lean_gate] 146240 samples, parse-fail 16993 (no-eos 0, 0.000 %), distinct 120201: ok 76213, rej 43988 (filter 43988, prefilter=on); lean on 76213 texts in 191 procs, 7593.8s proc, exposed 259.0s, tail 249.0s, 32 workers
[la_T1_cm12k64_s1 r8] transfer (this round, pass@64) SOLVED 2015/2285 = 0.882 [0.868,0.894]
  len 7: 268/300 = 0.893 [0.853,0.923]
  len 8: 286/300 = 0.953 [0.923,0.972]
  len 9: 939/1010 = 0.930 [0.912,0.944]
  len 10: 366/451 = 0.812 [0.773,0.845]
  len 11: 73/99 = 0.737 [0.643,0.814]
  len 12: 79/102 = 0.775 [0.684,0.845]
  len 13: 3/13 = 0.231 [0.082,0.503]
  len 14: 1/10 = 0.100 [0.018,0.404]
  written hist {7: 275, 8: 1636, 9: 4325, 10: 9266, 11: 4267, 12: 3269, 13: 2977, 14: 3123, 15: 2488, 16: 2129, 17: 1796, 18: 1522, 19: 1261, 20: 945, 21: 713, 22: 547, 23: 498, 24: 380, 25: 288, 26: 160, 27: 158, 28: 144, 29: 100, 30: 53, 31: 55, 32: 41, 33: 36, 34: 31, 35: 16, 36: 11, 37: 8, 38: 11, 39: 3, 40: 3, 41: 3, 42: 3, 44: 1, 45: 1, 46: 1}
  pruned hist {5: 77, 6: 144, 7: 2399, 8: 5491, 9: 9875, 10: 4638, 11: 2668, 12: 2982, 13: 2319, 14: 2544, 15: 1869, 16: 1520, 17: 1324, 18: 974, 19: 879, 20: 629, 21: 462, 22: 365, 23: 339, 24: 280, 25: 172, 26: 105, 27: 95, 28: 104, 29: 75, 30: 37, 31: 39, 32: 28, 33: 33, 34: 25, 35: 13, 36: 11, 37: 7, 38: 8, 39: 4, 40: 2, 41: 3, 42: 3, 45: 1, 46: 1}
  frontier written 38 pruned 38
  reasons [('lean rejected', 45679), ('lean_seq parse: env: binder mismatch', 5814), ('lean_seq parse: env: unbound', 4533), ('lean_seq parse: env: Or.elim on non-or', 2060), ('lean_seq parse: env: exact goal mismatch', 1250), ('lean_seq parse: env: formula', 1221)]
[lean_gate] 2285 samples, parse-fail 180 (no-eos 0, 0.000 %), distinct 2105: ok 1460, rej 645 (filter 645, prefilter=on); lean on 1460 texts in 4 procs, 13.5s proc, exposed 4.2s, tail 4.0s, 32 workers
[la_T1_cm12k64_s1 r8] transfer greedy SOLVED 1460/2285 = 0.639 [0.619,0.658]
  len 7: 202/300 = 0.673 [0.618,0.724]
  len 8: 234/300 = 0.780 [0.730,0.823]
  len 9: 705/1010 = 0.698 [0.669,0.726]
  len 10: 229/451 = 0.508 [0.462,0.554]
  len 11: 44/99 = 0.444 [0.350,0.543]
  len 12: 44/102 = 0.431 [0.339,0.528]
  len 13: 1/13 = 0.077 [0.014,0.333]
  len 14: 1/10 = 0.100 [0.018,0.404]
  written hist {7: 52, 8: 101, 9: 276, 10: 329, 11: 167, 12: 101, 13: 97, 14: 79, 15: 66, 16: 39, 17: 37, 18: 20, 19: 25, 20: 20, 21: 17, 22: 7, 23: 11, 24: 5, 25: 4, 26: 1, 28: 3, 30: 1, 31: 1, 37: 1}
  pruned hist {5: 4, 6: 6, 7: 119, 8: 203, 9: 364, 10: 214, 11: 107, 12: 96, 13: 76, 14: 71, 15: 50, 16: 32, 17: 27, 18: 12, 19: 19, 20: 19, 21: 14, 22: 7, 23: 9, 24: 3, 25: 3, 26: 1, 28: 1, 30: 1, 31: 1, 36: 1}
  frontier written 24 pruned 23
  reasons [('lean rejected', 645), ('lean_seq parse: env: binder mismatch', 69), ('lean_seq parse: env: unbound', 32), ('lean_seq parse: env: Or.elim on non-or', 25), ('lean_seq parse: env: exact goal mismatch', 16), ('lean_seq parse: env: step cap', 10)]
[lean_gate] 5000 samples, parse-fail 36 (no-eos 0, 0.000 %), distinct 4964: ok 4871, rej 93 (filter 93, prefilter=on); lean on 4871 texts in 13 procs, 51.4s proc, exposed 5.8s, tail 5.5s, 32 workers
[la_T1_cm12k64_s1 r8] heldout greedy SOLVED 4871/5000 = 0.974 [0.969,0.978]
  len 2: 998/1000 = 0.998 [0.993,0.999]
  len 3: 989/1000 = 0.989 [0.980,0.994]
  len 4: 978/1000 = 0.978 [0.967,0.985]
  len 5: 953/1000 = 0.953 [0.938,0.964]
  len 6: 953/1000 = 0.953 [0.938,0.964]
  written hist {2: 1019, 3: 952, 4: 784, 5: 871, 6: 579, 7: 244, 8: 88, 9: 122, 10: 77, 11: 74, 12: 23, 13: 14, 14: 12, 15: 8, 16: 2, 17: 2}
  pruned hist {2: 1024, 3: 960, 4: 819, 5: 865, 6: 759, 7: 61, 8: 72, 9: 126, 10: 66, 11: 79, 12: 13, 13: 10, 14: 10, 15: 4, 16: 1, 17: 2}
  frontier written 15 pruned 14
  reasons [('lean rejected', 93), ('lean_seq parse: env: binder mismatch', 13), ('lean_seq parse: env: formula', 5), ('lean_seq parse: env: exact goal mismatch', 5), ('lean_seq parse: env: unbound', 5), ('lean_seq parse: env: Or.elim on non-or', 3)]
[la_T1_cm12k64_s1 r8] targets cumulative: solved 4268/4495 L*=13 ge={7: 4268, 8: 2499, 9: 1511, 10: 559, 11: 173, 12: 100}
[la_T1_cm12k64_s1 r8] transfer cumulative: solved 2082/2285 L*=13 ge={7: 2082, 8: 1805, 9: 1516, 10: 558, 11: 167, 12: 89}
python3 state_train.py --data artifacts/cm/la_T1_cm12k64_s1/mix_8.jsonl --init ckpts/cm/ladder/la_T1_cm12k64_s1_r7.pt --steps 600 --lr 0.0003 --min_lr 2.9999999999999997e-05 --warmup 50 --cap 0 --out ckpts/cm/ladder/la_T1_cm12k64_s1_r8.pt --seed 1008 --log_every 200 --recs 128
params 3216384 mode lean_staten
train records 88040 (skipped 0); pairs 1127316; mean 12.805 per proof; max pair len 336; load 56s
/workspace/nd-takehome/state_train.py:168: UserWarning: Converting a tensor with requires_grad=True to a scalar may lead to unexpected behavior.
Consider using tensor.detach() first. (Triggered internally at /pytorch/torch/csrc/autograd/generated/python_variable_methods.cpp:835.)
  loss_sum += float(lb)
step 200 loss 0.0477 lr 2.53e-04 pairs/batch 1642 123s
step 400 loss 0.0432 lr 1.09e-04 pairs/batch 1638 245s
step 600 loss 0.0448 lr 3.00e-05 pairs/batch 1638 367s
uploaded ckpts/cm/ladder/la_T1_cm12k64_s1_r8.pt -> hf://buckets/dan-pandori/nd-rl/compute-match/ckpts/cm/ladder/la_T1_cm12k64_s1_r8.pt (md5 e3ce52a596737b7b1f06ca7d70ceb8c8, 3.2s)
saved ckpts/cm/ladder/la_T1_cm12k64_s1_r8.pt
=== round 8 done in 4143s; new proofs 86869; cum targets solved 4268 L*=13; transfer L*=13
=== ladder done la_T1_cm12k64_s1 2026-10-02T10:35:23Z
=== T1_cm12k64_s1 tb72 2026-10-02T10:35:23Z
=== done T1_cm12k64_s1 tb72 2026-10-02T10:37:11Z solved": 36
=== T1_cm12k64_s1 dev 2026-10-02T10:37:11Z
=== done T1_cm12k64_s1 dev 2026-10-02T10:47:12Z solved": 995
=== T1_cm12k64_s1 held 2026-10-02T10:47:12Z
=== done T1_cm12k64_s1 held 2026-10-02T10:47:42Z solved": 4885
=== T1_cm12k64_s1 h250 2026-10-02T10:47:42Z
=== done T1_cm12k64_s1 h250 2026-10-02T10:55:35Z solved": 224
=== T1_cm12k64_s1 long2 2026-10-02T10:55:35Z
=== done T1_cm12k64_s1 long2 2026-10-02T10:56:33Z solved": 11
=== T1_cm12k64_s1 rr600 2026-10-02T10:56:33Z
=== done T1_cm12k64_s1 rr600 2026-10-02T11:21:18Z solved": 462
=== seed done la_T1_cm12k64_s1 2026-10-02T11:21:26Z
