START 2026-09-23T21:43:52Z python3 coverage.py --ckpt ckpts/dsr/stage1_r3_s1.pt --in data/p2/targets_depth3.jsonl --k 2000 --temperature 0.8 --seed 0 --batch 2048 --max_new 400 --procs 12 --lenfield min_lines_ub --path fast --out artifacts/dsr/cov_d3_r3_s1
shard 0/1: 1000 theorems, 0 already done; k=2000 T=0.8 batch=2048
targets_depth3_0: n_ok 53/2000 distinct_ok 1 first_hit 7 written_hist {7: 1} (4s; 1 done, 4s/thm, ETA 72 min)
targets_depth3_1: n_ok 0/2000 distinct_ok 0 first_hit None written_hist {} (4s; 2 done, 4s/thm, ETA 73 min)
targets_depth3_2: n_ok 0/2000 distinct_ok 0 first_hit None written_hist {} (3s; 3 done, 4s/thm, ETA 62 min)
targets_depth3_3: n_ok 0/2000 distinct_ok 0 first_hit None written_hist {} (2s; 4 done, 3s/thm, ETA 56 min)
targets_depth3_4: n_ok 1/2000 distinct_ok 1 first_hit 1159 written_hist {7: 1} (2s; 5 done, 3s/thm, ETA 53 min)
targets_depth3_5: n_ok 13/2000 distinct_ok 1 first_hit 495 written_hist {7: 1} (4s; 6 done, 3s/thm, ETA 56 min)
targets_depth3_6: n_ok 0/2000 distinct_ok 0 first_hit None written_hist {} (6s; 7 done, 4s/thm, ETA 62 min)
targets_depth3_7: n_ok 0/2000 distinct_ok 0 first_hit None written_hist {} (2s; 8 done, 4s/thm, ETA 59 min)
targets_depth3_8: n_ok 0/2000 distinct_ok 0 first_hit None written_hist {} (3s; 9 done, 4s/thm, ETA 58 min)
targets_depth3_9: n_ok 0/2000 distinct_ok 0 first_hit None written_hist {} (3s; 10 done, 3s/thm, ETA 57 min)
targets_depth3_10: n_ok 43/2000 distinct_ok 1 first_hit 64 written_hist {7: 1} (3s; 11 done, 3s/thm, ETA 57 min)
targets_depth3_11: n_ok 6/2000 distinct_ok 1 first_hit 258 written_hist {7: 1} (2s; 12 done, 3s/thm, ETA 55 min)
targets_depth3_12: n_ok 10/2000 distinct_ok 1 first_hit 33 written_hist {7: 1} (3s; 13 done, 3s/thm, ETA 55 min)
targets_depth3_13: n_ok 3/2000 distinct_ok 1 first_hit 129 written_hist {7: 1} (5s; 14 done, 3s/thm, ETA 57 min)
targets_depth3_14: n_ok 0/2000 distinct_ok 0 first_hit None written_hist {} (2s; 15 done, 3s/thm, ETA 55 min)
targets_depth3_15: n_ok 0/2000 distinct_ok 0 first_hit None written_hist {} (2s; 16 done, 3s/thm, ETA 53 min)
targets_depth3_16: n_ok 2/2000 distinct_ok 1 first_hit 490 written_hist {7: 1} (3s; 17 done, 3s/thm, ETA 53 min)
targets_depth3_17: n_ok 0/2000 distinct_ok 0 first_hit None written_hist {} (5s; 18 done, 3s/thm, ETA 55 min)
targets_depth3_18: n_ok 0/2000 distinct_ok 0 first_hit None written_hist {} (3s; 19 done, 3s/thm, ETA 55 min)
targets_depth3_19: n_ok 3/2000 distinct_ok 1 first_hit 880 written_hist {7: 1} (2s; 20 done, 3s/thm, ETA 54 min)
targets_depth3_20: n_ok 0/2000 distinct_ok 0 first_hit None written_hist {} (4s; 21 done, 3s/thm, ETA 54 min)
targets_depth3_21: n_ok 0/2000 distinct_ok 0 first_hit None written_hist {} (3s; 22 done, 3s/thm, ETA 54 min)
targets_depth3_22: n_ok 0/2000 distinct_ok 0 first_hit None written_hist {} (4s; 23 done, 3s/thm, ETA 54 min)
targets_depth3_23: n_ok 0/2000 distinct_ok 0 first_hit None written_hist {} (4s; 24 done, 3s/thm, ETA 55 min)
targets_depth3_24: n_ok 522/2000 distinct_ok 1 first_hit 1 written_hist {7: 1} (5s; 25 done, 3s/thm, ETA 56 min)
targets_depth3_25: n_ok 0/2000 distinct_ok 0 first_hit None written_hist {} (3s; 26 done, 3s/thm, ETA 55 min)
targets_depth3_26: n_ok 0/2000 distinct_ok 0 first_hit None written_hist {} (4s; 27 done, 3s/thm, ETA 56 min)
targets_depth3_27: n_ok 15/2000 distinct_ok 1 first_hit 19 written_hist {7: 1} (5s; 28 done, 3s/thm, ETA 56 min)
targets_depth3_28: n_ok 19/2000 distinct_ok 2 first_hit 18 written_hist {7: 2} (3s; 29 done, 3s/thm, ETA 56 min)
targets_depth3_29: n_ok 2/2000 distinct_ok 1 first_hit 921 written_hist {7: 1} (5s; 30 done, 4s/thm, ETA 57 min)
targets_depth3_30: n_ok 5/2000 distinct_ok 1 first_hit 82 written_hist {7: 1} (4s; 31 done, 4s/thm, ETA 57 min)
targets_depth3_31: n_ok 46/2000 distinct_ok 2 first_hit 8 written_hist {7: 2} (2s; 32 done, 3s/thm, ETA 56 min)
targets_depth3_32: n_ok 577/2000 distinct_ok 2 first_hit 3 written_hist {7: 1, 8: 1} (4s; 33 done, 3s/thm, ETA 56 min)
targets_depth3_33: n_ok 0/2000 distinct_ok 0 first_hit None written_hist {} (1s; 34 done, 3s/thm, ETA 55 min)
targets_depth3_34: n_ok 23/2000 distinct_ok 3 first_hit 23 written_hist {7: 3} (3s; 35 done, 3s/thm, ETA 55 min)
targets_depth3_35: n_ok 0/2000 distinct_ok 0 first_hit None written_hist {} (1s; 36 done, 3s/thm, ETA 54 min)
targets_depth3_36: n_ok 1/2000 distinct_ok 1 first_hit 348 written_hist {7: 1} (5s; 37 done, 3s/thm, ETA 54 min)
targets_depth3_37: n_ok 0/2000 distinct_ok 0 first_hit None written_hist {} (2s; 38 done, 3s/thm, ETA 54 min)
targets_depth3_38: n_ok 13/2000 distinct_ok 1 first_hit 28 written_hist {7: 1} (3s; 39 done, 3s/thm, ETA 54 min)
targets_depth3_39: n_ok 0/2000 distinct_ok 0 first_hit None written_hist {} (2s; 40 done, 3s/thm, ETA 53 min)
targets_depth3_40: n_ok 0/2000 distinct_ok 0 first_hit None written_hist {} (3s; 41 done, 3s/thm, ETA 53 min)
targets_depth3_41: n_ok 0/2000 distinct_ok 0 first_hit None written_hist {} (5s; 42 done, 3s/thm, ETA 53 min)
targets_depth3_42: n_ok 0/2000 distinct_ok 0 first_hit None written_hist {} (2s; 43 done, 3s/thm, ETA 53 min)
targets_depth3_43: n_ok 0/2000 distinct_ok 0 first_hit None written_hist {} (4s; 44 done, 3s/thm, ETA 53 min)
targets_depth3_44: n_ok 0/2000 distinct_ok 0 first_hit None written_hist {} (3s; 45 done, 3s/thm, ETA 53 min)
targets_depth3_45: n_ok 0/2000 distinct_ok 0 first_hit None written_hist {} (3s; 46 done, 3s/thm, ETA 52 min)
targets_depth3_46: n_ok 1/2000 distinct_ok 1 first_hit 59 written_hist {7: 1} (3s; 47 done, 3s/thm, ETA 52 min)
targets_depth3_47: n_ok 0/2000 distinct_ok 0 first_hit None written_hist {} (2s; 48 done, 3s/thm, ETA 52 min)
targets_depth3_48: n_ok 60/2000 distinct_ok 2 first_hit 12 written_hist {7: 2} (2s; 49 done, 3s/thm, ETA 52 min)
targets_depth3_49: n_ok 0/2000 distinct_ok 0 first_hit None written_hist {} (2s; 50 done, 3s/thm, ETA 51 min)
targets_depth3_50: n_ok 0/2000 distinct_ok 0 first_hit None written_hist {} (7s; 51 done, 3s/thm, ETA 52 min)
targets_depth3_51: n_ok 133/2000 distinct_ok 1 first_hit 13 written_hist {7: 1} (3s; 52 done, 3s/thm, ETA 52 min)
targets_depth3_52: n_ok 6/2000 distinct_ok 1 first_hit 146 written_hist {7: 1} (3s; 53 done, 3s/thm, ETA 52 min)
targets_depth3_53: n_ok 0/2000 distinct_ok 0 first_hit None written_hist {} (2s; 54 done, 3s/thm, ETA 51 min)
targets_depth3_54: n_ok 0/2000 distinct_ok 0 first_hit None written_hist {} (2s; 55 done, 3s/thm, ETA 51 min)
targets_depth3_55: n_ok 0/2000 distinct_ok 0 first_hit None written_hist {} (7s; 56 done, 3s/thm, ETA 52 min)
targets_depth3_56: n_ok 1/2000 distinct_ok 1 first_hit 1510 written_hist {7: 1} (3s; 57 done, 3s/thm, ETA 52 min)
targets_depth3_57: n_ok 0/2000 distinct_ok 0 first_hit None written_hist {} (2s; 58 done, 3s/thm, ETA 51 min)
