START 2026-09-23T23:34:57Z python3 expert_iter.py --init ckpts/dsr/stage1_r3_s1.pt --name dsr/frz_d3_r3_s1 --targets data/p2/targets_depth3.jsonl --transfer data/p2/transfer_depth3.jsonl --heldout data/p2/heldout.jsonl --train data/p2/train_depth3_f0_a1.jsonl --rounds 4 --k 32 --temperature 0.8 --batch 2048 --seed 1 --no_train
[lean_gate] 32000 samples, parse-fail 22363, distinct checked 8557: both ok 1184, nd-only 0, lean-only 9, both rej 7364; lean 65.8s wall (685.7s proc, 12 workers), nd_verify 0.7s
[dsr/frz_d3_r3_s1 r1] targets (this round, pass@32) SOLVED 158/1000 = 0.158 [0.137,0.182]
  len 7: 15/166 = 0.090 [0.056,0.144]
  len 8: 33/166 = 0.199 [0.145,0.266]
  len 9: 16/166 = 0.096 [0.060,0.151]
  len 10: 12/166 = 0.072 [0.042,0.122]
  len 11: 22/166 = 0.133 [0.089,0.193]
  len 12: 60/170 = 0.353 [0.285,0.427]
  written hist {7: 115, 8: 43, 9: 21, 10: 1}
  pruned hist {5: 5, 6: 85, 7: 34, 8: 43, 9: 12, 10: 1}
  frontier written 9 pruned 9
  reasons [("parse: expected line index, got 'LEANPARSE'", 22363), ('rule check failed: IMPI', 1748), ('rule check failed: ANDI', 1482), ('rule check failed: NEGE', 1036), ('rule check failed: ORI1', 830), ('rule check failed: ORI2', 785)]
[dsr/frz_d3_r3_s1 r1] targets (cumulative 32 attempts) SOLVED 158/1000 = 0.158 [0.137,0.182]
  len 7: 15/166 = 0.090 [0.056,0.144]
  len 8: 33/166 = 0.199 [0.145,0.266]
  len 9: 16/166 = 0.096 [0.060,0.151]
  len 10: 12/166 = 0.072 [0.042,0.122]
  len 11: 22/166 = 0.133 [0.089,0.193]
  len 12: 60/170 = 0.353 [0.285,0.427]
  written hist {7: 115, 8: 43, 9: 21, 10: 1}
  pruned hist {5: 5, 6: 85, 7: 34, 8: 43, 9: 12, 10: 1}
  frontier written 9 pruned 9
  reasons []
[lean_gate] 16000 samples, parse-fail 11226, distinct checked 4269: both ok 538, nd-only 0, lean-only 22, both rej 3709; lean 20.6s wall (204.2s proc, 12 workers), nd_verify 2.7s
[dsr/frz_d3_r3_s1 r1] transfer (this round, pass@32) SOLVED 76/500 = 0.152 [0.123,0.186]
  len 7: 10/83 = 0.120 [0.067,0.208]
  len 8: 15/83 = 0.181 [0.113,0.277]
  len 9: 4/83 = 0.048 [0.019,0.117]
  len 10: 9/83 = 0.108 [0.058,0.193]
  len 11: 8/83 = 0.096 [0.050,0.179]
  len 12: 30/85 = 0.353 [0.260,0.459]
  written hist {7: 58, 8: 19, 9: 4}
  pruned hist {6: 39, 7: 23, 8: 16, 9: 3}
  frontier written 8 pruned 8
  reasons [("parse: expected line index, got 'LEANPARSE'", 11226), ('rule check failed: IMPI', 915), ('rule check failed: NEGE', 614), ('rule check failed: ANDI', 550), ('rule check failed: ORI1', 468), ('rule check failed: ORI2', 349)]
[dsr/frz_d3_r3_s1 r1] transfer (cumulative 32 attempts) SOLVED 76/500 = 0.152 [0.123,0.186]
  len 7: 10/83 = 0.120 [0.067,0.208]
  len 8: 15/83 = 0.181 [0.113,0.277]
  len 9: 4/83 = 0.048 [0.019,0.117]
  len 10: 9/83 = 0.108 [0.058,0.193]
  len 11: 8/83 = 0.096 [0.050,0.179]
  len 12: 30/85 = 0.353 [0.260,0.459]
  written hist {7: 58, 8: 19, 9: 4}
  pruned hist {6: 39, 7: 23, 8: 16, 9: 3}
  frontier written 8 pruned 8
  reasons []
[lean_gate] 500 samples, parse-fail 362, distinct checked 138: both ok 21, nd-only 0, lean-only 1, both rej 116; lean 4.7s wall (4.6s proc, 12 workers), nd_verify 0.0s
[dsr/frz_d3_r3_s1 r1] transfer greedy SOLVED 21/500 = 0.042 [0.028,0.063]
  len 7: 1/83 = 0.012 [0.002,0.065]
  len 8: 0/83 = 0.000 [0.000,0.044]
  len 9: 0/83 = 0.000 [0.000,0.044]
  len 10: 2/83 = 0.024 [0.007,0.084]
  len 11: 0/83 = 0.000 [0.000,0.044]
  len 12: 18/85 = 0.212 [0.138,0.310]
  written hist {7: 21}
  pruned hist {6: 17, 7: 4}
  frontier written 7 pruned 6
  reasons [("parse: expected line index, got 'LEANPARSE'", 362), ('rule check failed: IMPI', 25), ('rule check failed: NEGE', 19), ('rule check failed: ORI1', 17), ('rule check failed: ANDI', 14), ('rule check failed: ORI2', 11)]
[lean_gate] 5000 samples, parse-fail 446, distinct checked 4554: both ok 4179, nd-only 0, lean-only 1, both rej 374; lean 10.7s wall (118.7s proc, 12 workers), nd_verify 0.2s
[dsr/frz_d3_r3_s1 r1] heldout greedy SOLVED 4179/5000 = 0.836 [0.825,0.846]
  len 2: 990/1000 = 0.990 [0.982,0.995]
  len 3: 975/1000 = 0.975 [0.963,0.983]
  len 4: 907/1000 = 0.907 [0.887,0.923]
  len 5: 886/1000 = 0.886 [0.865,0.904]
  len 6: 421/1000 = 0.421 [0.391,0.452]
  written hist {2: 1017, 3: 967, 4: 891, 5: 922, 6: 380, 7: 2}
  pruned hist {2: 1017, 3: 967, 4: 891, 5: 922, 6: 380, 7: 2}
  frontier written 6 pruned 6
  reasons [("parse: expected line index, got 'LEANPARSE'", 446), ('rule check failed: ANDI', 90), ('rule check failed: IMPI', 69), ('rule check failed: ORI2', 57), ('rule check failed: ORI1', 40), ('rule check failed: DN', 29)]
=== round 1 done in 226s; new proofs 180; cum targets solved 158
[lean_gate] 32000 samples, parse-fail 22392, distinct checked 8536: both ok 1219, nd-only 0, lean-only 5, both rej 7312; lean 34.5s wall (370.6s proc, 12 workers), nd_verify 0.5s
[dsr/frz_d3_r3_s1 r2] targets (this round, pass@32) SOLVED 159/1000 = 0.159 [0.138,0.183]
  len 7: 17/166 = 0.102 [0.065,0.158]
  len 8: 32/166 = 0.193 [0.140,0.259]
  len 9: 14/166 = 0.084 [0.051,0.137]
  len 10: 11/166 = 0.066 [0.037,0.115]
  len 11: 21/166 = 0.127 [0.084,0.186]
  len 12: 64/170 = 0.376 [0.307,0.451]
  written hist {7: 118, 8: 46, 9: 23, 10: 2}
  pruned hist {5: 9, 6: 83, 7: 39, 8: 44, 9: 13, 10: 1}
  frontier written 9 pruned 9
  reasons [("parse: expected line index, got 'LEANPARSE'", 22392), ('rule check failed: IMPI', 1777), ('rule check failed: ANDI', 1447), ('rule check failed: NEGE', 1042), ('rule check failed: ORI1', 826), ('rule check failed: ORI2', 778)]
[dsr/frz_d3_r3_s1 r2] targets (cumulative 64 attempts) SOLVED 188/1000 = 0.188 [0.165,0.213]
  len 7: 24/166 = 0.145 [0.099,0.206]
  len 8: 45/166 = 0.271 [0.209,0.343]
  len 9: 17/166 = 0.102 [0.065,0.158]
  len 10: 14/166 = 0.084 [0.051,0.137]
  len 11: 23/166 = 0.139 [0.094,0.199]
  len 12: 65/170 = 0.382 [0.313,0.457]
  written hist {7: 137, 8: 60, 9: 28, 10: 3}
  pruned hist {5: 9, 6: 92, 7: 51, 8: 60, 9: 14, 10: 2}
  frontier written 9 pruned 9
  reasons []
[lean_gate] 16000 samples, parse-fail 11254, distinct checked 4241: both ok 545, nd-only 0, lean-only 27, both rej 3669; lean 17.3s wall (182.1s proc, 12 workers), nd_verify 0.3s
[dsr/frz_d3_r3_s1 r2] transfer (this round, pass@32) SOLVED 79/500 = 0.158 [0.129,0.193]
  len 7: 7/83 = 0.084 [0.041,0.164]
  len 8: 16/83 = 0.193 [0.122,0.290]
  len 9: 6/83 = 0.072 [0.034,0.149]
  len 10: 9/83 = 0.108 [0.058,0.193]
  len 11: 9/83 = 0.108 [0.058,0.193]
  len 12: 32/85 = 0.376 [0.281,0.483]
  written hist {7: 58, 8: 21, 9: 7}
  pruned hist {6: 40, 7: 22, 8: 20, 9: 4}
  frontier written 9 pruned 8
  reasons [("parse: expected line index, got 'LEANPARSE'", 11254), ('rule check failed: IMPI', 935), ('rule check failed: NEGE', 614), ('rule check failed: ANDI', 538), ('rule check failed: ORI1', 459), ('rule check failed: ORI2', 344)]
[dsr/frz_d3_r3_s1 r2] transfer (cumulative 64 attempts) SOLVED 95/500 = 0.190 [0.158,0.227]
  len 7: 14/83 = 0.169 [0.103,0.263]
  len 8: 20/83 = 0.241 [0.162,0.343]
  len 9: 7/83 = 0.084 [0.041,0.164]
  len 10: 11/83 = 0.133 [0.076,0.222]
  len 11: 11/83 = 0.133 [0.076,0.222]
  len 12: 32/85 = 0.376 [0.281,0.483]
  written hist {7: 69, 8: 28, 9: 8}
  pruned hist {6: 43, 7: 33, 8: 24, 9: 5}
  frontier written 9 pruned 9
  reasons []
[lean_gate] 500 samples, parse-fail 362, distinct checked 138: both ok 21, nd-only 0, lean-only 1, both rej 116; lean 0.7s wall (0.7s proc, 12 workers), nd_verify 0.0s
[dsr/frz_d3_r3_s1 r2] transfer greedy SOLVED 21/500 = 0.042 [0.028,0.063]
  len 7: 1/83 = 0.012 [0.002,0.065]
  len 8: 0/83 = 0.000 [0.000,0.044]
  len 9: 0/83 = 0.000 [0.000,0.044]
  len 10: 2/83 = 0.024 [0.007,0.084]
  len 11: 0/83 = 0.000 [0.000,0.044]
  len 12: 18/85 = 0.212 [0.138,0.310]
  written hist {7: 21}
  pruned hist {6: 17, 7: 4}
  frontier written 7 pruned 6
  reasons [("parse: expected line index, got 'LEANPARSE'", 362), ('rule check failed: IMPI', 25), ('rule check failed: NEGE', 19), ('rule check failed: ORI1', 17), ('rule check failed: ANDI', 14), ('rule check failed: ORI2', 11)]
[lean_gate] 5000 samples, parse-fail 446, distinct checked 4554: both ok 4179, nd-only 0, lean-only 1, both rej 374; lean 12.5s wall (126.3s proc, 12 workers), nd_verify 2.4s
[dsr/frz_d3_r3_s1 r2] heldout greedy SOLVED 4179/5000 = 0.836 [0.825,0.846]
  len 2: 990/1000 = 0.990 [0.982,0.995]
  len 3: 975/1000 = 0.975 [0.963,0.983]
  len 4: 907/1000 = 0.907 [0.887,0.923]
  len 5: 886/1000 = 0.886 [0.865,0.904]
  len 6: 421/1000 = 0.421 [0.391,0.452]
  written hist {2: 1017, 3: 967, 4: 891, 5: 922, 6: 380, 7: 2}
  pruned hist {2: 1017, 3: 967, 4: 891, 5: 922, 6: 380, 7: 2}
  frontier written 6 pruned 6
  reasons [("parse: expected line index, got 'LEANPARSE'", 446), ('rule check failed: ANDI', 90), ('rule check failed: IMPI', 69), ('rule check failed: ORI2', 57), ('rule check failed: ORI1', 40), ('rule check failed: DN', 29)]
=== round 2 done in 204s; new proofs 48; cum targets solved 188
[lean_gate] 32000 samples, parse-fail 22321, distinct checked 8602: both ok 1215, nd-only 0, lean-only 7, both rej 7380; lean 34.6s wall (377.4s proc, 12 workers), nd_verify 0.5s
[dsr/frz_d3_r3_s1 r3] targets (this round, pass@32) SOLVED 168/1000 = 0.168 [0.146,0.192]
  len 7: 19/166 = 0.114 [0.075,0.172]
  len 8: 39/166 = 0.235 [0.177,0.305]
  len 9: 17/166 = 0.102 [0.065,0.158]
  len 10: 10/166 = 0.060 [0.033,0.107]
  len 11: 21/166 = 0.127 [0.084,0.186]
  len 12: 62/170 = 0.365 [0.296,0.439]
  written hist {7: 122, 8: 52, 9: 21}
  pruned hist {5: 4, 6: 91, 7: 39, 8: 47, 9: 14}
  frontier written 9 pruned 9
  reasons [("parse: expected line index, got 'LEANPARSE'", 22321), ('rule check failed: IMPI', 1811), ('rule check failed: ANDI', 1418), ('rule check failed: NEGE', 1061), ('rule check failed: ORI1', 815), ('rule check failed: ORI2', 800)]
[dsr/frz_d3_r3_s1 r3] targets (cumulative 96 attempts) SOLVED 215/1000 = 0.215 [0.191,0.242]
  len 7: 32/166 = 0.193 [0.140,0.259]
  len 8: 53/166 = 0.319 [0.253,0.394]
  len 9: 20/166 = 0.120 [0.079,0.179]
  len 10: 15/166 = 0.090 [0.056,0.144]
  len 11: 26/166 = 0.157 [0.109,0.220]
  len 12: 69/170 = 0.406 [0.335,0.481]
  written hist {7: 156, 8: 73, 9: 31, 10: 3}
  pruned hist {5: 10, 6: 101, 7: 65, 8: 68, 9: 17, 10: 2}
  frontier written 9 pruned 9
  reasons []
[lean_gate] 16000 samples, parse-fail 11223, distinct checked 4290: both ok 562, nd-only 0, lean-only 30, both rej 3698; lean 21.7s wall (231.4s proc, 12 workers), nd_verify 0.3s
[dsr/frz_d3_r3_s1 r3] transfer (this round, pass@32) SOLVED 86/500 = 0.172 [0.141,0.208]
  len 7: 10/83 = 0.120 [0.067,0.208]
  len 8: 18/83 = 0.217 [0.142,0.317]
  len 9: 7/83 = 0.084 [0.041,0.164]
  len 10: 9/83 = 0.108 [0.058,0.193]
  len 11: 10/83 = 0.120 [0.067,0.208]
  len 12: 32/85 = 0.376 [0.281,0.483]
  written hist {7: 63, 8: 24, 9: 8}
  pruned hist {5: 2, 6: 42, 7: 22, 8: 25, 9: 4}
  frontier written 9 pruned 8
  reasons [("parse: expected line index, got 'LEANPARSE'", 11223), ('rule check failed: IMPI', 904), ('rule check failed: NEGE', 650), ('rule check failed: ANDI', 526), ('rule check failed: ORI1', 474), ('rule check failed: ORI2', 340)]
[dsr/frz_d3_r3_s1 r3] transfer (cumulative 96 attempts) SOLVED 109/500 = 0.218 [0.184,0.256]
  len 7: 17/83 = 0.205 [0.132,0.304]
  len 8: 26/83 = 0.313 [0.224,0.419]
  len 9: 9/83 = 0.108 [0.058,0.193]
  len 10: 11/83 = 0.133 [0.076,0.222]
  len 11: 14/83 = 0.169 [0.103,0.263]
  len 12: 32/85 = 0.376 [0.281,0.483]
  written hist {7: 76, 8: 37, 9: 10}
  pruned hist {5: 2, 6: 46, 7: 36, 8: 33, 9: 6}
  frontier written 9 pruned 9
  reasons []
[lean_gate] 500 samples, parse-fail 362, distinct checked 138: both ok 21, nd-only 0, lean-only 1, both rej 116; lean 0.7s wall (0.7s proc, 12 workers), nd_verify 0.0s
[dsr/frz_d3_r3_s1 r3] transfer greedy SOLVED 21/500 = 0.042 [0.028,0.063]
  len 7: 1/83 = 0.012 [0.002,0.065]
  len 8: 0/83 = 0.000 [0.000,0.044]
  len 9: 0/83 = 0.000 [0.000,0.044]
  len 10: 2/83 = 0.024 [0.007,0.084]
  len 11: 0/83 = 0.000 [0.000,0.044]
  len 12: 18/85 = 0.212 [0.138,0.310]
  written hist {7: 21}
  pruned hist {6: 17, 7: 4}
  frontier written 7 pruned 6
  reasons [("parse: expected line index, got 'LEANPARSE'", 362), ('rule check failed: IMPI', 25), ('rule check failed: NEGE', 19), ('rule check failed: ORI1', 17), ('rule check failed: ANDI', 14), ('rule check failed: ORI2', 11)]
[lean_gate] 5000 samples, parse-fail 446, distinct checked 4554: both ok 4179, nd-only 0, lean-only 1, both rej 374; lean 10.4s wall (113.8s proc, 12 workers), nd_verify 0.2s
[dsr/frz_d3_r3_s1 r3] heldout greedy SOLVED 4179/5000 = 0.836 [0.825,0.846]
  len 2: 990/1000 = 0.990 [0.982,0.995]
  len 3: 975/1000 = 0.975 [0.963,0.983]
  len 4: 907/1000 = 0.907 [0.887,0.923]
  len 5: 886/1000 = 0.886 [0.865,0.904]
  len 6: 421/1000 = 0.421 [0.391,0.452]
  written hist {2: 1017, 3: 967, 4: 891, 5: 922, 6: 380, 7: 2}
  pruned hist {2: 1017, 3: 967, 4: 891, 5: 922, 6: 380, 7: 2}
  frontier written 6 pruned 6
  reasons [("parse: expected line index, got 'LEANPARSE'", 446), ('rule check failed: ANDI', 90), ('rule check failed: IMPI', 69), ('rule check failed: ORI2', 57), ('rule check failed: ORI1', 40), ('rule check failed: DN', 29)]
=== round 3 done in 203s; new proofs 35; cum targets solved 215
[lean_gate] 32000 samples, parse-fail 22428, distinct checked 8472: both ok 1180, nd-only 0, lean-only 4, both rej 7288; lean 33.8s wall (362.3s proc, 12 workers), nd_verify 0.5s
[dsr/frz_d3_r3_s1 r4] targets (this round, pass@32) SOLVED 165/1000 = 0.165 [0.143,0.189]
  len 7: 18/166 = 0.108 [0.070,0.165]
  len 8: 30/166 = 0.181 [0.130,0.246]
  len 9: 17/166 = 0.102 [0.065,0.158]
  len 10: 12/166 = 0.072 [0.042,0.122]
  len 11: 27/166 = 0.163 [0.114,0.226]
  len 12: 61/170 = 0.359 [0.291,0.433]
  written hist {7: 128, 8: 43, 9: 20}
  pruned hist {5: 9, 6: 93, 7: 38, 8: 38, 9: 13}
  frontier written 9 pruned 9
  reasons [("parse: expected line index, got 'LEANPARSE'", 22428), ('rule check failed: IMPI', 1787), ('rule check failed: ANDI', 1445), ('rule check failed: NEGE', 1046), ('rule check failed: ORI1', 834), ('rule check failed: ORI2', 804)]
[dsr/frz_d3_r3_s1 r4] targets (cumulative 128 attempts) SOLVED 235/1000 = 0.235 [0.210,0.262]
  len 7: 39/166 = 0.235 [0.177,0.305]
  len 8: 55/166 = 0.331 [0.264,0.406]
  len 9: 21/166 = 0.127 [0.084,0.186]
  len 10: 17/166 = 0.102 [0.065,0.158]
  len 11: 32/166 = 0.193 [0.140,0.259]
  len 12: 71/170 = 0.418 [0.346,0.493]
  written hist {7: 176, 8: 79, 9: 34, 10: 3}
  pruned hist {5: 14, 6: 110, 7: 76, 8: 71, 9: 19, 10: 2}
  frontier written 9 pruned 9
  reasons []
[lean_gate] 16000 samples, parse-fail 11231, distinct checked 4246: both ok 513, nd-only 0, lean-only 29, both rej 3704; lean 37.2s wall (352.8s proc, 12 workers), nd_verify 2.5s
[dsr/frz_d3_r3_s1 r4] transfer (this round, pass@32) SOLVED 77/500 = 0.154 [0.125,0.188]
  len 7: 8/83 = 0.096 [0.050,0.179]
  len 8: 15/83 = 0.181 [0.113,0.277]
  len 9: 8/83 = 0.096 [0.050,0.179]
  len 10: 7/83 = 0.084 [0.041,0.164]
  len 11: 10/83 = 0.120 [0.067,0.208]
  len 12: 29/85 = 0.341 [0.249,0.447]
  written hist {7: 54, 8: 20, 9: 10}
  pruned hist {6: 37, 7: 21, 8: 22, 9: 4}
  frontier written 9 pruned 8
  reasons [("parse: expected line index, got 'LEANPARSE'", 11231), ('rule check failed: IMPI', 949), ('rule check failed: NEGE', 633), ('rule check failed: ANDI', 539), ('rule check failed: ORI1', 469), ('rule check failed: ORI2', 347)]
[dsr/frz_d3_r3_s1 r4] transfer (cumulative 128 attempts) SOLVED 113/500 = 0.226 [0.192,0.265]
  len 7: 17/83 = 0.205 [0.132,0.304]
  len 8: 28/83 = 0.337 [0.245,0.444]
  len 9: 10/83 = 0.120 [0.067,0.208]
  len 10: 11/83 = 0.133 [0.076,0.222]
  len 11: 15/83 = 0.181 [0.113,0.277]
  len 12: 32/85 = 0.376 [0.281,0.483]
  written hist {7: 76, 8: 40, 9: 13}
  pruned hist {5: 2, 6: 46, 7: 37, 8: 37, 9: 7}
  frontier written 9 pruned 9
  reasons []
[lean_gate] 500 samples, parse-fail 362, distinct checked 138: both ok 21, nd-only 0, lean-only 1, both rej 116; lean 0.8s wall (0.8s proc, 12 workers), nd_verify 0.0s
[dsr/frz_d3_r3_s1 r4] transfer greedy SOLVED 21/500 = 0.042 [0.028,0.063]
  len 7: 1/83 = 0.012 [0.002,0.065]
  len 8: 0/83 = 0.000 [0.000,0.044]
  len 9: 0/83 = 0.000 [0.000,0.044]
  len 10: 2/83 = 0.024 [0.007,0.084]
  len 11: 0/83 = 0.000 [0.000,0.044]
  len 12: 18/85 = 0.212 [0.138,0.310]
  written hist {7: 21}
  pruned hist {6: 17, 7: 4}
  frontier written 7 pruned 6
  reasons [("parse: expected line index, got 'LEANPARSE'", 362), ('rule check failed: IMPI', 25), ('rule check failed: NEGE', 19), ('rule check failed: ORI1', 17), ('rule check failed: ANDI', 14), ('rule check failed: ORI2', 11)]
[lean_gate] 5000 samples, parse-fail 446, distinct checked 4554: both ok 4179, nd-only 0, lean-only 1, both rej 374; lean 10.7s wall (120.5s proc, 12 workers), nd_verify 0.2s
[dsr/frz_d3_r3_s1 r4] heldout greedy SOLVED 4179/5000 = 0.836 [0.825,0.846]
  len 2: 990/1000 = 0.990 [0.982,0.995]
  len 3: 975/1000 = 0.975 [0.963,0.983]
  len 4: 907/1000 = 0.907 [0.887,0.923]
  len 5: 886/1000 = 0.886 [0.865,0.904]
  len 6: 421/1000 = 0.421 [0.391,0.452]
  written hist {2: 1017, 3: 967, 4: 891, 5: 922, 6: 380, 7: 2}
  pruned hist {2: 1017, 3: 967, 4: 891, 5: 922, 6: 380, 7: 2}
  frontier written 6 pruned 6
  reasons [("parse: expected line index, got 'LEANPARSE'", 446), ('rule check failed: ANDI', 90), ('rule check failed: IMPI', 69), ('rule check failed: ORI2', 57), ('rule check failed: ORI1', 40), ('rule check failed: DN', 29)]
=== round 4 done in 220s; new proofs 29; cum targets solved 235
END 2026-09-23T23:49:14Z
