params 3214336 mode lean_seq shift True aug offset impl fast pack True cache hit
train records 155000  stream T 19712  useful tokens 5327555  computed 5913600 (waste 1.110x; legacy pad-to-max 1.949x)
captured the training step as one CUDA graph (4.5s incl. compile)
first step (incl. compile) 4.6s
step 10 loss 3.7940 lr 5.00e-05 5s val 3.7184
step 20 loss 3.1612 lr 1.00e-04 6s val 3.0827
step 30 loss 2.5625 lr 1.50e-04 6s val 2.4568
step 40 loss 2.1468 lr 2.00e-04 7s val 2.0842
step 50 loss 1.9306 lr 2.50e-04 7s val 1.7962
step 60 loss 1.7495 lr 3.00e-04 8s val 1.6808
step 70 loss 1.6131 lr 3.50e-04 8s val 1.5237
step 80 loss 1.5686 lr 4.00e-04 9s val 1.4808
step 90 loss 1.4900 lr 4.50e-04 9s val 1.4037
step 100 loss 1.3463 lr 5.00e-04 10s val 1.2692
step 110 loss 1.2767 lr 5.50e-04 10s val 1.1565
step 120 loss 1.1685 lr 6.00e-04 11s val 1.1353
step 130 loss 1.1575 lr 6.50e-04 11s val 1.0514
step 140 loss 1.0915 lr 7.00e-04 12s val 1.0677
step 150 loss 1.0563 lr 7.50e-04 12s val 0.9989
step 160 loss 1.0626 lr 8.00e-04 13s val 1.0125
step 170 loss 0.9967 lr 8.50e-04 13s val 0.9482
step 180 loss 0.9850 lr 9.00e-04 14s val 0.9355
step 190 loss 0.9958 lr 9.50e-04 14s val 1.0032
step 200 loss 0.9856 lr 1.00e-03 15s val 0.9836
step 210 loss 0.9494 lr 9.78e-04 15s val 0.9474
step 220 loss 0.9395 lr 9.14e-04 16s val 0.8929
step 230 loss 0.8766 lr 8.15e-04 16s val 0.8344
step 240 loss 0.8164 lr 6.89e-04 17s val 0.7886
step 250 loss 0.7569 lr 5.50e-04 17s val 0.7188
step 260 loss 0.6917 lr 4.11e-04 18s val 0.6603
step 270 loss 0.6687 lr 2.85e-04 18s val 0.6012
step 280 loss 0.6135 lr 1.86e-04 19s val 0.5492
step 290 loss 0.5937 lr 1.22e-04 19s val 0.5059
step 300 loss 0.5387 lr 1.00e-04 20s val 0.4678
saved /tmp/new_legacy.pt (19.8s total, 3.9s validation, first step 4.6s, setup 1.6s, peak 0.38 GiB, 335262 useful tok/s in training)
