2026-09-18T05:29:59Z train reductio_f0 s30 start
2026-09-18T05:29:59Z train reductio_f0 s31 start
2026-09-18T05:39:29Z train reductio_f0 s31 rc=0 
2026-09-18T05:39:29Z train reductio_f0 s33 start
2026-09-18T05:39:29Z train reductio_f0 s30 rc=0 
2026-09-18T05:39:29Z train reductio_f0 s32 start
2026-09-18T05:48:57Z train reductio_f0 s33 rc=0 
2026-09-18T05:48:57Z train reductio_f0 s35 start
2026-09-18T05:48:58Z train reductio_f0 s32 rc=0 
2026-09-18T05:48:58Z train reductio_f0 s34 start
2026-09-18T05:58:22Z train reductio_f0 s35 rc=0 
2026-09-18T05:58:22Z train reductio_f0 s37 start
2026-09-18T05:58:23Z train reductio_f0 s34 rc=0 
2026-09-18T05:58:23Z train reductio_f0 s36 start
2026-09-18T06:07:54Z train reductio_f0 s37 rc=0 
2026-09-18T06:07:54Z train reductio_f0 s39 start
2026-09-18T06:07:55Z train reductio_f0 s36 rc=0 
2026-09-18T06:07:55Z train reductio_f0 s38 start
2026-09-18T06:17:24Z train reductio_f0 s39 rc=0 
2026-09-18T06:17:24Z train reductio_f0 s41 start
2026-09-18T06:17:24Z train reductio_f0 s38 rc=0 
2026-09-18T06:17:24Z train reductio_f0 s40 start
2026-09-18T06:26:59Z train reductio_f0 s41 rc=0 
2026-09-18T06:26:59Z train reductio_f0 s43 start
2026-09-18T06:26:59Z train reductio_f0 s40 rc=0 
2026-09-18T06:26:59Z train reductio_f0 s42 start
2026-09-18T06:36:32Z train reductio_f0 s43 rc=0 
2026-09-18T06:36:32Z train reductio_f0 s45 start
2026-09-18T06:36:33Z train reductio_f0 s42 rc=0 
2026-09-18T06:36:33Z train reductio_f0 s44 start
2026-09-18T06:46:10Z train reductio_f0 s45 rc=0 
2026-09-18T06:46:10Z train reductio_f0 s47 start
2026-09-18T06:46:23Z train reductio_f0 s44 rc=0 
2026-09-18T06:46:23Z train reductio_f0 s46 start
2026-09-18T06:55:38Z train reductio_f0 s47 rc=0 
2026-09-18T06:55:38Z train reductio_f0 s49 start
2026-09-18T06:55:54Z train reductio_f0 s46 rc=0 
2026-09-18T06:55:54Z train reductio_f0 s48 start
2026-09-18T07:05:17Z train reductio_f0 s49 rc=0 
2026-09-18T07:05:17Z train reductio_f0 s51 start
2026-09-18T07:05:53Z train reductio_f0 s48 rc=0 
2026-09-18T07:05:53Z train reductio_f0 s50 start
2026-09-18T07:14:27Z train reductio_f0 s51 rc=0 
2026-09-18T07:14:27Z train reductio_f0 s53 start
2026-09-18T07:15:04Z train reductio_f0 s50 rc=0 
2026-09-18T07:15:04Z train reductio_f0 s52 start
2026-09-18T07:23:44Z train reductio_f0 s53 rc=0 
2026-09-18T07:24:19Z train reductio_f0 s52 rc=0 
2026-09-18T07:24:19Z all Stage-1 done for reductio_f0
2026-09-18T07:24:19Z cov reductio_f0 s30 req start
2026-09-18T07:29:47Z cov reductio_f0 s30 req rc=0 records 300
2026-09-18T07:29:47Z cov reductio_f0 s31 req start
2026-09-18T07:34:48Z cov reductio_f0 s31 req rc=0 records 300
2026-09-18T07:34:48Z cov reductio_f0 s32 req start
2026-09-18T07:40:17Z cov reductio_f0 s32 req rc=0 records 300
2026-09-18T07:40:17Z cov reductio_f0 s33 req start
2026-09-18T07:46:00Z cov reductio_f0 s33 req rc=0 records 300
2026-09-18T07:46:00Z cov reductio_f0 s34 req start
2026-09-18T07:51:42Z cov reductio_f0 s34 req rc=0 records 300
2026-09-18T07:51:42Z cov reductio_f0 s35 req start
2026-09-18T07:58:14Z cov reductio_f0 s35 req rc=0 records 300
2026-09-18T07:58:14Z cov reductio_f0 s36 req start
2026-09-18T08:05:05Z cov reductio_f0 s36 req rc=0 records 300
2026-09-18T08:05:05Z cov reductio_f0 s37 req start
2026-09-18T08:10:30Z cov reductio_f0 s37 req rc=0 records 300
2026-09-18T08:10:30Z cov reductio_f0 s38 req start
2026-09-18T08:16:16Z cov reductio_f0 s38 req rc=0 records 300
2026-09-18T08:16:16Z cov reductio_f0 s39 req start
2026-09-18T08:22:46Z cov reductio_f0 s39 req rc=0 records 300
2026-09-18T08:22:46Z cov reductio_f0 s40 req start
2026-09-18T08:28:28Z cov reductio_f0 s40 req rc=0 records 300
2026-09-18T08:28:28Z cov reductio_f0 s41 req start
2026-09-18T08:34:16Z cov reductio_f0 s41 req rc=0 records 300
2026-09-18T08:34:16Z cov reductio_f0 s42 req start
2026-09-18T08:40:19Z cov reductio_f0 s42 req rc=0 records 300
2026-09-18T08:40:19Z cov reductio_f0 s43 req start
2026-09-18T08:45:54Z cov reductio_f0 s43 req rc=0 records 300
2026-09-18T08:45:54Z cov reductio_f0 s44 req start
2026-09-18T08:51:37Z cov reductio_f0 s44 req rc=0 records 300
2026-09-18T08:51:37Z cov reductio_f0 s45 req start
2026-09-18T08:57:01Z cov reductio_f0 s45 req rc=0 records 300
2026-09-18T08:57:01Z cov reductio_f0 s46 req start
2026-09-18T09:02:58Z cov reductio_f0 s46 req rc=0 records 300
2026-09-18T09:02:58Z cov reductio_f0 s47 req start
2026-09-18T09:08:20Z cov reductio_f0 s47 req rc=0 records 300
2026-09-18T09:08:20Z cov reductio_f0 s48 req start
2026-09-18T09:14:51Z cov reductio_f0 s48 req rc=0 records 300
2026-09-18T09:14:51Z cov reductio_f0 s49 req start
2026-09-18T09:20:07Z cov reductio_f0 s49 req rc=0 records 300
2026-09-18T09:20:07Z cov reductio_f0 s50 req start
2026-09-18T09:25:53Z cov reductio_f0 s50 req rc=0 records 300
2026-09-18T09:25:53Z cov reductio_f0 s51 req start
2026-09-18T09:31:50Z cov reductio_f0 s51 req rc=0 records 300
2026-09-18T09:31:50Z cov reductio_f0 s52 req start
2026-09-18T09:36:53Z cov reductio_f0 s52 req rc=0 records 300
2026-09-18T09:36:53Z cov reductio_f0 s53 req start
2026-09-18T09:41:58Z cov reductio_f0 s53 req rc=0 records 300
2026-09-18T09:41:58Z QUEUE DONE reductio_f0
