[p2/ei_depth3_f0_a1_s2 r1] targets (this round, pass@32) SOLVED 99/1000 = 0.099 [0.082,0.119]
  len 7: 0/166 = 0.000 [0.000,0.023]
  len 8: 0/166 = 0.000 [0.000,0.023]
  len 9: 0/166 = 0.000 [0.000,0.023]
  len 10: 7/166 = 0.042 [0.021,0.084]
  len 11: 41/166 = 0.247 [0.188,0.318]
  len 12: 51/170 = 0.300 [0.236,0.373]
  written hist {7: 1299, 8: 1}
  pruned hist {5: 9, 6: 1156, 7: 135}
  frontier written 7 pruned 7
  reasons [('bad box cite', 4373), ('rule check failed: ANDI', 4318), ('rule check failed: IMPI', 3025), ('rule check failed: IMPE', 2641), ('rule check failed: ORI1', 2358), ('rule check failed: DN', 2029)]
[p2/ei_depth3_f0_a1_s2 r1] targets (cumulative 32 attempts) SOLVED 99/1000 = 0.099 [0.082,0.119]
  len 7: 0/166 = 0.000 [0.000,0.023]
  len 8: 0/166 = 0.000 [0.000,0.023]
  len 9: 0/166 = 0.000 [0.000,0.023]
  len 10: 7/166 = 0.042 [0.021,0.084]
  len 11: 41/166 = 0.247 [0.188,0.318]
  len 12: 51/170 = 0.300 [0.236,0.373]
  written hist {7: 1299, 8: 1}
  pruned hist {5: 9, 6: 1156, 7: 135}
  frontier written 7 pruned 7
  reasons []
[p2/ei_depth3_f0_a1_s2 r1] transfer (this round, pass@32) SOLVED 53/500 = 0.106 [0.082,0.136]
  len 7: 0/83 = 0.000 [0.000,0.044]
  len 8: 1/83 = 0.012 [0.002,0.065]
  len 9: 2/83 = 0.024 [0.007,0.084]
  len 10: 3/83 = 0.036 [0.012,0.101]
  len 11: 16/83 = 0.193 [0.122,0.290]
  len 12: 31/85 = 0.365 [0.270,0.471]
  written hist {7: 685}
  pruned hist {5: 1, 6: 554, 7: 130}
  frontier written 7 pruned 7
  reasons [('bad box cite', 2247), ('rule check failed: ANDI', 1718), ('rule check failed: IMPE', 1449), ('rule check failed: ORI1', 1434), ('rule check failed: IMPI', 1161), ('rule check failed: DN', 1021)]
[p2/ei_depth3_f0_a1_s2 r1] transfer (cumulative 32 attempts) SOLVED 53/500 = 0.106 [0.082,0.136]
  len 7: 0/83 = 0.000 [0.000,0.044]
  len 8: 1/83 = 0.012 [0.002,0.065]
  len 9: 2/83 = 0.024 [0.007,0.084]
  len 10: 3/83 = 0.036 [0.012,0.101]
  len 11: 16/83 = 0.193 [0.122,0.290]
  len 12: 31/85 = 0.365 [0.270,0.471]
  written hist {7: 685}
  pruned hist {5: 1, 6: 554, 7: 130}
  frontier written 7 pruned 7
  reasons []
[p2/ei_depth3_f0_a1_s2 r1] transfer greedy SOLVED 31/500 = 0.062 [0.044,0.087]
  len 7: 0/83 = 0.000 [0.000,0.044]
  len 8: 0/83 = 0.000 [0.000,0.044]
  len 9: 0/83 = 0.000 [0.000,0.044]
  len 10: 3/83 = 0.036 [0.012,0.101]
  len 11: 7/83 = 0.084 [0.041,0.164]
  len 12: 21/85 = 0.247 [0.168,0.348]
  written hist {7: 31}
  pruned hist {6: 25, 7: 6}
  frontier written 7 pruned 7
  reasons [('bad box cite', 74), ('rule check failed: ANDI', 59), ('rule check failed: IMPE', 56), ('rule check failed: ORI1', 46), ('rule check failed: IMPI', 40), ('rule check failed: DN', 34)]
[p2/ei_depth3_f0_a1_s2 r1] heldout greedy SOLVED 4372/5000 = 0.874 [0.865,0.883]
  len 2: 999/1000 = 0.999 [0.994,1.000]
  len 3: 991/1000 = 0.991 [0.983,0.995]
  len 4: 965/1000 = 0.965 [0.952,0.975]
  len 5: 951/1000 = 0.951 [0.936,0.963]
  len 6: 466/1000 = 0.466 [0.435,0.497]
  written hist {2: 1026, 3: 982, 4: 944, 5: 995, 6: 425}
  pruned hist {2: 1026, 3: 982, 4: 949, 5: 990, 6: 425}
  frontier written 6 pruned 6
  reasons [('rule check failed: DN', 120), ('bad box cite', 116), ('rule check failed: IMPE', 62), ('rule check failed: ANDI', 59), ('rule check failed: ANDE2', 47), ('rule check failed: ORI2', 39)]
python3 train.py --data artifacts/p2/ei_depth3_f0_a1_s2/mix_1.jsonl --init ckpts/p2/stage1_depth3_f0_a1_s2.pt --steps 600 --lr 0.0003 --min_lr 2.9999999999999997e-05 --warmup 50 --cap 0 --out ckpts/p2/ei_depth3_f0_a1_s2_r1.pt --seed 2001 --log_every 200
params 3210240 mode abs shift True
train records 21408 max len 444
step 200 loss 0.0593 lr 2.53e-04 29s
step 400 loss 0.0534 lr 1.09e-04 57s
step 600 loss 0.0513 lr 3.00e-05 87s
saved ckpts/p2/ei_depth3_f0_a1_s2_r1.pt
=== round 1 done in 602s; new proofs 1300; cum targets solved 99
[p2/ei_depth3_f0_a1_s2 r2] targets (this round, pass@32) SOLVED 183/1000 = 0.183 [0.160,0.208]
  len 7: 5/166 = 0.030 [0.013,0.069]
  len 8: 4/166 = 0.024 [0.009,0.060]
  len 9: 10/166 = 0.060 [0.033,0.107]
  len 10: 28/166 = 0.169 [0.119,0.233]
  len 11: 60/166 = 0.361 [0.292,0.437]
  len 12: 76/170 = 0.447 [0.374,0.522]
  written hist {7: 2847, 8: 34}
  pruned hist {5: 12, 6: 2568, 7: 290, 8: 11}
  frontier written 8 pruned 8
  reasons [('bad box cite', 4526), ('rule check failed: ANDI', 3508), ('rule check failed: IMPE', 2402), ('rule check failed: DN', 1980), ('rule check failed: ORI1', 1852), ('rule check failed: IMPI', 1787)]
[p2/ei_depth3_f0_a1_s2 r2] targets (cumulative 64 attempts) SOLVED 183/1000 = 0.183 [0.160,0.208]
  len 7: 5/166 = 0.030 [0.013,0.069]
  len 8: 4/166 = 0.024 [0.009,0.060]
  len 9: 10/166 = 0.060 [0.033,0.107]
  len 10: 28/166 = 0.169 [0.119,0.233]
  len 11: 60/166 = 0.361 [0.292,0.437]
  len 12: 76/170 = 0.447 [0.374,0.522]
  written hist {7: 3707, 8: 35}
  pruned hist {5: 21, 6: 3338, 7: 372, 8: 11}
  frontier written 8 pruned 8
  reasons []
[p2/ei_depth3_f0_a1_s2 r2] transfer (this round, pass@32) SOLVED 89/500 = 0.178 [0.147,0.214]
  len 7: 1/83 = 0.012 [0.002,0.065]
  len 8: 3/83 = 0.036 [0.012,0.101]
  len 9: 3/83 = 0.036 [0.012,0.101]
  len 10: 15/83 = 0.181 [0.113,0.277]
  len 11: 27/83 = 0.325 [0.234,0.432]
  len 12: 40/85 = 0.471 [0.368,0.576]
  written hist {7: 1350}
  pruned hist {5: 2, 6: 1132, 7: 216}
  frontier written 7 pruned 7
  reasons [('bad box cite', 2245), ('rule check failed: ANDI', 1571), ('rule check failed: ORI1', 1202), ('rule check failed: IMPE', 1178), ('rule check failed: DN', 955), ('rule check failed: IMPI', 878)]
[p2/ei_depth3_f0_a1_s2 r2] transfer (cumulative 64 attempts) SOLVED 89/500 = 0.178 [0.147,0.214]
  len 7: 1/83 = 0.012 [0.002,0.065]
  len 8: 3/83 = 0.036 [0.012,0.101]
  len 9: 3/83 = 0.036 [0.012,0.101]
  len 10: 15/83 = 0.181 [0.113,0.277]
  len 11: 27/83 = 0.325 [0.234,0.432]
  len 12: 40/85 = 0.471 [0.368,0.576]
  written hist {7: 1805}
  pruned hist {5: 3, 6: 1499, 7: 303}
  frontier written 7 pruned 7
  reasons []
[p2/ei_depth3_f0_a1_s2 r2] transfer greedy SOLVED 65/500 = 0.130 [0.103,0.162]
  len 7: 0/83 = 0.000 [0.000,0.044]
  len 8: 1/83 = 0.012 [0.002,0.065]
  len 9: 2/83 = 0.024 [0.007,0.084]
  len 10: 5/83 = 0.060 [0.026,0.133]
  len 11: 22/83 = 0.265 [0.182,0.369]
  len 12: 35/85 = 0.412 [0.313,0.518]
  written hist {7: 65}
  pruned hist {6: 54, 7: 11}
  frontier written 7 pruned 7
  reasons [('bad box cite', 74), ('rule check failed: ANDI', 53), ('rule check failed: IMPE', 42), ('rule check failed: ORI1', 38), ('rule check failed: IMPI', 31), ('rule check failed: DN', 30)]
[p2/ei_depth3_f0_a1_s2 r2] heldout greedy SOLVED 4393/5000 = 0.879 [0.869,0.887]
  len 2: 994/1000 = 0.994 [0.987,0.997]
  len 3: 992/1000 = 0.992 [0.984,0.996]
  len 4: 964/1000 = 0.964 [0.951,0.974]
  len 5: 948/1000 = 0.948 [0.932,0.960]
  len 6: 495/1000 = 0.495 [0.464,0.526]
  written hist {2: 1014, 3: 986, 4: 952, 5: 982, 6: 459}
  pruned hist {2: 1014, 3: 986, 4: 957, 5: 979, 6: 457}
  frontier written 6 pruned 6
  reasons [('depth jump at line 60', 104), ('bad box cite', 91), ('rule check failed: DN', 87), ('rule check failed: IMPI', 50), ('rule check failed: IMPE', 47), ('rule check failed: ANDI', 40)]
python3 train.py --data artifacts/p2/ei_depth3_f0_a1_s2/mix_2.jsonl --init ckpts/p2/ei_depth3_f0_a1_s2_r1.pt --steps 600 --lr 0.0003 --min_lr 2.9999999999999997e-05 --warmup 50 --cap 0 --out ckpts/p2/ei_depth3_f0_a1_s2_r2.pt --seed 2002 --log_every 200
params 3210240 mode abs shift True
train records 22648 max len 422
step 200 loss 0.0535 lr 2.53e-04 16s
step 400 loss 0.0568 lr 1.09e-04 30s
step 600 loss 0.0487 lr 3.00e-05 43s
saved ckpts/p2/ei_depth3_f0_a1_s2_r2.pt
=== round 2 done in 237s; new proofs 2442; cum targets solved 183
[p2/ei_depth3_f0_a1_s2 r3] targets (this round, pass@32) SOLVED 330/1000 = 0.330 [0.302,0.360]
  len 7: 64/166 = 0.386 [0.315,0.461]
  len 8: 30/166 = 0.181 [0.130,0.246]
  len 9: 19/166 = 0.114 [0.075,0.172]
  len 10: 60/166 = 0.361 [0.292,0.437]
  len 11: 71/166 = 0.428 [0.355,0.504]
  len 12: 86/170 = 0.506 [0.431,0.580]
  written hist {7: 4071, 8: 160}
  pruned hist {5: 13, 6: 2854, 7: 1255, 8: 109}
  frontier written 8 pruned 8
  reasons [('bad box cite', 3514), ('rule check failed: ANDI', 3352), ('rule check failed: NEGE', 2840), ('rule check failed: DN', 2029), ('rule check failed: ORI2', 1553), ('rule check failed: ORI1', 1553)]
[p2/ei_depth3_f0_a1_s2 r3] targets (cumulative 96 attempts) SOLVED 330/1000 = 0.330 [0.302,0.360]
  len 7: 64/166 = 0.386 [0.315,0.461]
  len 8: 30/166 = 0.181 [0.130,0.246]
  len 9: 19/166 = 0.114 [0.075,0.172]
  len 10: 60/166 = 0.361 [0.292,0.437]
  len 11: 71/166 = 0.428 [0.355,0.504]
  len 12: 86/170 = 0.506 [0.431,0.580]
  written hist {7: 6392, 8: 179}
  pruned hist {5: 34, 6: 4934, 7: 1486, 8: 117}
  frontier written 8 pruned 8
  reasons []
[p2/ei_depth3_f0_a1_s2 r3] transfer (this round, pass@32) SOLVED 161/500 = 0.322 [0.283,0.364]
  len 7: 24/83 = 0.289 [0.203,0.394]
  len 8: 16/83 = 0.193 [0.122,0.290]
  len 9: 11/83 = 0.133 [0.076,0.222]
  len 10: 33/83 = 0.398 [0.299,0.505]
  len 11: 32/83 = 0.386 [0.288,0.493]
  len 12: 45/85 = 0.529 [0.424,0.632]
  written hist {7: 1929, 8: 73}
  pruned hist {5: 4, 6: 1338, 7: 587, 8: 73}
  frontier written 8 pruned 8
  reasons [('rule check failed: NEGE', 1768), ('bad box cite', 1720), ('rule check failed: ANDI', 1397), ('rule check failed: DN', 1035), ('rule check failed: ORI2', 900), ('rule check failed: ORI1', 801)]
[p2/ei_depth3_f0_a1_s2 r3] transfer (cumulative 96 attempts) SOLVED 163/500 = 0.326 [0.286,0.368]
  len 7: 24/83 = 0.289 [0.203,0.394]
  len 8: 16/83 = 0.193 [0.122,0.290]
  len 9: 11/83 = 0.133 [0.076,0.222]
  len 10: 34/83 = 0.410 [0.310,0.517]
  len 11: 32/83 = 0.386 [0.288,0.493]
  len 12: 46/85 = 0.541 [0.436,0.643]
  written hist {7: 3111, 8: 73}
  pruned hist {5: 7, 6: 2296, 7: 808, 8: 73}
  frontier written 8 pruned 8
  reasons []
[p2/ei_depth3_f0_a1_s2 r3] transfer greedy SOLVED 115/500 = 0.230 [0.195,0.269]
  len 7: 9/83 = 0.108 [0.058,0.193]
  len 8: 5/83 = 0.060 [0.026,0.133]
  len 9: 8/83 = 0.096 [0.050,0.179]
  len 10: 29/83 = 0.349 [0.256,0.457]
  len 11: 28/83 = 0.337 [0.245,0.444]
  len 12: 36/85 = 0.424 [0.324,0.530]
  written hist {7: 115}
  pruned hist {6: 86, 7: 29}
  frontier written 7 pruned 7
  reasons [('bad box cite', 58), ('rule check failed: NEGE', 52), ('rule check failed: ANDI', 43), ('rule check failed: DN', 36), ('rule check failed: ORI2', 26), ('rule check failed: ORI1', 23)]
[p2/ei_depth3_f0_a1_s2 r3] heldout greedy SOLVED 4486/5000 = 0.897 [0.888,0.905]
  len 2: 996/1000 = 0.996 [0.990,0.998]
  len 3: 992/1000 = 0.992 [0.984,0.996]
  len 4: 958/1000 = 0.958 [0.944,0.969]
  len 5: 947/1000 = 0.947 [0.931,0.959]
  len 6: 593/1000 = 0.593 [0.562,0.623]
  written hist {2: 1017, 3: 978, 4: 942, 5: 975, 6: 574}
  pruned hist {2: 1017, 3: 979, 4: 946, 5: 971, 6: 573}
  frontier written 6 pruned 6
  reasons [('rule check failed: NEGE', 117), ('bad box cite', 75), ('rule check failed: DN', 67), ('rule check failed: IMPI', 45), ('rule check failed: IMPE', 41), ('rule check failed: ANDI', 37)]
python3 train.py --data artifacts/p2/ei_depth3_f0_a1_s2/mix_3.jsonl --init ckpts/p2/ei_depth3_f0_a1_s2_r2.pt --steps 600 --lr 0.0003 --min_lr 2.9999999999999997e-05 --warmup 50 --cap 0 --out ckpts/p2/ei_depth3_f0_a1_s2_r3.pt --seed 2003 --log_every 200
params 3210240 mode abs shift True
train records 24872 max len 371
step 200 loss 0.0484 lr 2.53e-04 15s
step 400 loss 0.0458 lr 1.09e-04 31s
step 600 loss 0.0466 lr 3.00e-05 52s
saved ckpts/p2/ei_depth3_f0_a1_s2_r3.pt
=== round 3 done in 302s; new proofs 2829; cum targets solved 330
[p2/ei_depth3_f0_a1_s2 r4] targets (this round, pass@32) SOLVED 519/1000 = 0.519 [0.488,0.550]
  len 7: 148/166 = 0.892 [0.835,0.930]
  len 8: 92/166 = 0.554 [0.478,0.628]
  len 9: 27/166 = 0.163 [0.114,0.226]
  len 10: 73/166 = 0.440 [0.366,0.516]
  len 11: 86/166 = 0.518 [0.443,0.593]
  len 12: 93/170 = 0.547 [0.472,0.620]
  written hist {7: 5567, 8: 706, 9: 2}
  pruned hist {5: 13, 6: 3086, 7: 2575, 8: 599, 9: 2}
  frontier written 8 pruned 8
  reasons [('rule check failed: NEGE', 3607), ('rule check failed: ANDI', 3379), ('rule check failed: DN', 1730), ('rule check failed: IMPE', 1282), ('bad box cite', 1254), ('rule check failed: ORI2', 1114)]
[p2/ei_depth3_f0_a1_s2 r4] targets (cumulative 128 attempts) SOLVED 519/1000 = 0.519 [0.488,0.550]
  len 7: 148/166 = 0.892 [0.835,0.930]
  len 8: 92/166 = 0.554 [0.478,0.628]
  len 9: 27/166 = 0.163 [0.114,0.226]
  len 10: 73/166 = 0.440 [0.366,0.516]
  len 11: 86/166 = 0.518 [0.443,0.593]
  len 12: 93/170 = 0.547 [0.472,0.620]
  written hist {7: 9418, 8: 782, 9: 2}
  pruned hist {5: 43, 6: 6039, 7: 3467, 8: 651, 9: 2}
  frontier written 8 pruned 8
  reasons []
[p2/ei_depth3_f0_a1_s2 r4] transfer (this round, pass@32) SOLVED 244/500 = 0.488 [0.444,0.532]
  len 7: 67/83 = 0.807 [0.710,0.878]
  len 8: 46/83 = 0.554 [0.447,0.656]
  len 9: 12/83 = 0.145 [0.085,0.236]
  len 10: 35/83 = 0.422 [0.321,0.529]
  len 11: 36/83 = 0.434 [0.332,0.541]
  len 12: 48/85 = 0.565 [0.459,0.665]
  written hist {7: 2603, 8: 293}
  pruned hist {5: 13, 6: 1387, 7: 1213, 8: 283}
  frontier written 8 pruned 8
  reasons [('rule check failed: NEGE', 1825), ('rule check failed: ANDI', 1672), ('rule check failed: DN', 957), ('rule check failed: ORI2', 790), ('rule check failed: ORI1', 743), ('rule check failed: IMPE', 679)]
[p2/ei_depth3_f0_a1_s2 r4] transfer (cumulative 128 attempts) SOLVED 247/500 = 0.494 [0.450,0.538]
  len 7: 67/83 = 0.807 [0.710,0.878]
  len 8: 46/83 = 0.554 [0.447,0.656]
  len 9: 12/83 = 0.145 [0.085,0.236]
  len 10: 35/83 = 0.422 [0.321,0.529]
  len 11: 37/83 = 0.446 [0.344,0.553]
  len 12: 50/85 = 0.588 [0.482,0.687]
  written hist {7: 4505, 8: 338}
  pruned hist {5: 15, 6: 2766, 7: 1734, 8: 328}
  frontier written 8 pruned 8
  reasons []
[p2/ei_depth3_f0_a1_s2 r4] transfer greedy SOLVED 189/500 = 0.378 [0.337,0.421]
  len 7: 52/83 = 0.627 [0.519,0.723]
  len 8: 23/83 = 0.277 [0.192,0.382]
  len 9: 10/83 = 0.120 [0.067,0.208]
  len 10: 32/83 = 0.386 [0.288,0.493]
  len 11: 31/83 = 0.373 [0.277,0.481]
  len 12: 41/85 = 0.482 [0.379,0.587]
  written hist {7: 175, 8: 14}
  pruned hist {5: 1, 6: 96, 7: 79, 8: 13}
  frontier written 8 pruned 8
  reasons [('rule check failed: ANDI', 52), ('rule check failed: NEGE', 51), ('rule check failed: DN', 31), ('rule check failed: ORI2', 27), ('rule check failed: ORI1', 24), ('rule check failed: IMPE', 22)]
[p2/ei_depth3_f0_a1_s2 r4] heldout greedy SOLVED 4634/5000 = 0.927 [0.919,0.934]
  len 2: 995/1000 = 0.995 [0.988,0.998]
  len 3: 994/1000 = 0.994 [0.987,0.997]
  len 4: 963/1000 = 0.963 [0.949,0.973]
  len 5: 936/1000 = 0.936 [0.919,0.950]
  len 6: 746/1000 = 0.746 [0.718,0.772]
  written hist {2: 1016, 3: 988, 4: 947, 5: 973, 6: 708, 7: 2}
  pruned hist {2: 1016, 3: 989, 4: 948, 5: 973, 6: 706, 7: 2}
  frontier written 6 pruned 6
  reasons [('rule check failed: NEGE', 63), ('rule check failed: ANDI', 44), ('rule check failed: DN', 40), ('rule check failed: ORI2', 36), ('rule check failed: IMPE', 33), ('bad box cite', 33)]
python3 train.py --data artifacts/p2/ei_depth3_f0_a1_s2/mix_4.jsonl --init ckpts/p2/ei_depth3_f0_a1_s2_r3.pt --steps 600 --lr 0.0003 --min_lr 2.9999999999999997e-05 --warmup 50 --cap 0 --out ckpts/p2/ei_depth3_f0_a1_s2_r4.pt --seed 2004 --log_every 200
params 3210240 mode abs shift True
train records 27824 max len 422
step 200 loss 0.0459 lr 2.53e-04 24s
step 400 loss 0.0426 lr 1.09e-04 49s
step 600 loss 0.0427 lr 3.00e-05 70s
saved ckpts/p2/ei_depth3_f0_a1_s2_r4.pt
=== round 4 done in 321s; new proofs 3631; cum targets solved 519
[p2/ei_depth3_f0_a1_s2 r5] targets (this round, pass@32) SOLVED 578/1000 = 0.578 [0.547,0.608]
  len 7: 160/166 = 0.964 [0.923,0.983]
  len 8: 115/166 = 0.693 [0.619,0.758]
  len 9: 32/166 = 0.193 [0.140,0.259]
  len 10: 83/166 = 0.500 [0.425,0.575]
  len 11: 91/166 = 0.548 [0.472,0.622]
  len 12: 97/170 = 0.571 [0.495,0.643]
  written hist {7: 6479, 8: 990, 9: 13}
  pruned hist {5: 51, 6: 3661, 7: 2933, 8: 824, 9: 13}
  frontier written 9 pruned 9
  reasons [('rule check failed: ANDI', 3191), ('rule check failed: NEGE', 2227), ('rule check failed: ORI2', 1422), ('rule check failed: DN', 1398), ('rule check failed: ORI1', 1054), ('rule check failed: R', 1053)]
[p2/ei_depth3_f0_a1_s2 r5] targets (cumulative 160 attempts) SOLVED 578/1000 = 0.578 [0.547,0.608]
  len 7: 160/166 = 0.964 [0.923,0.983]
  len 8: 115/166 = 0.693 [0.619,0.758]
  len 9: 32/166 = 0.193 [0.140,0.259]
  len 10: 83/166 = 0.500 [0.425,0.575]
  len 11: 91/166 = 0.548 [0.472,0.622]
  len 12: 97/170 = 0.571 [0.495,0.643]
  written hist {7: 11683, 8: 1333, 9: 14}
  pruned hist {5: 85, 6: 7059, 7: 4774, 8: 1098, 9: 14}
  frontier written 9 pruned 9
  reasons []
[p2/ei_depth3_f0_a1_s2 r5] transfer (this round, pass@32) SOLVED 273/500 = 0.546 [0.502,0.589]
  len 7: 71/83 = 0.855 [0.764,0.915]
  len 8: 58/83 = 0.699 [0.593,0.787]
  len 9: 15/83 = 0.181 [0.113,0.277]
  len 10: 40/83 = 0.482 [0.378,0.588]
  len 11: 39/83 = 0.470 [0.366,0.576]
  len 12: 50/85 = 0.588 [0.482,0.687]
  written hist {7: 2918, 8: 380, 9: 12}
  pruned hist {5: 2, 6: 1644, 7: 1292, 8: 360, 9: 12}
  frontier written 9 pruned 9
  reasons [('rule check failed: ANDI', 1691), ('rule check failed: NEGE', 1238), ('rule check failed: ORI2', 879), ('rule check failed: ORI1', 785), ('rule check failed: DN', 716), ('rule check failed: IMPE', 596)]
[p2/ei_depth3_f0_a1_s2 r5] transfer (cumulative 160 attempts) SOLVED 281/500 = 0.562 [0.518,0.605]
  len 7: 72/83 = 0.867 [0.778,0.924]
  len 8: 60/83 = 0.723 [0.618,0.808]
  len 9: 16/83 = 0.193 [0.122,0.290]
  len 10: 40/83 = 0.482 [0.378,0.588]
  len 11: 40/83 = 0.482 [0.378,0.588]
  len 12: 53/85 = 0.624 [0.517,0.719]
  written hist {7: 5528, 8: 555, 9: 12}
  pruned hist {5: 17, 6: 3231, 7: 2304, 8: 531, 9: 12}
  frontier written 9 pruned 9
  reasons []
[p2/ei_depth3_f0_a1_s2 r5] transfer greedy SOLVED 221/500 = 0.442 [0.399,0.486]
  len 7: 64/83 = 0.771 [0.670,0.848]
  len 8: 36/83 = 0.434 [0.332,0.541]
  len 9: 10/83 = 0.120 [0.067,0.208]
  len 10: 33/83 = 0.398 [0.299,0.505]
  len 11: 36/83 = 0.434 [0.332,0.541]
  len 12: 42/85 = 0.494 [0.390,0.598]
  written hist {7: 195, 8: 26}
  pruned hist {6: 106, 7: 90, 8: 25}
  frontier written 8 pruned 8
  reasons [('rule check failed: ANDI', 57), ('rule check failed: NEGE', 38), ('rule check failed: ORI2', 31), ('rule check failed: DN', 23), ('rule check failed: ORI1', 22), ('bad box cite', 16)]
[p2/ei_depth3_f0_a1_s2 r5] heldout greedy SOLVED 4725/5000 = 0.945 [0.938,0.951]
  len 2: 994/1000 = 0.994 [0.987,0.997]
  len 3: 989/1000 = 0.989 [0.980,0.994]
  len 4: 957/1000 = 0.957 [0.943,0.968]
  len 5: 943/1000 = 0.943 [0.927,0.956]
  len 6: 842/1000 = 0.842 [0.818,0.863]
  written hist {2: 1013, 3: 978, 4: 943, 5: 973, 6: 817, 7: 1}
  pruned hist {2: 1013, 3: 979, 4: 945, 5: 970, 6: 817, 7: 1}
  frontier written 6 pruned 6
  reasons [('rule check failed: ANDI', 47), ('rule check failed: DN', 33), ('rule check failed: ORI2', 30), ('rule check failed: IMPE', 28), ('final formula is not the conclusion', 20), ('rule check failed: NEGE', 20)]
python3 train.py --data artifacts/p2/ei_depth3_f0_a1_s2/mix_5.jsonl --init ckpts/p2/ei_depth3_f0_a1_s2_r4.pt --steps 600 --lr 0.0003 --min_lr 2.9999999999999997e-05 --warmup 50 --cap 0 --out ckpts/p2/ei_depth3_f0_a1_s2_r5.pt --seed 2005 --log_every 200
params 3210240 mode abs shift True
train records 28996 max len 422
step 200 loss 0.0423 lr 2.53e-04 26s
step 400 loss 0.0372 lr 1.09e-04 54s
step 600 loss 0.0373 lr 3.00e-05 78s
saved ckpts/p2/ei_depth3_f0_a1_s2_r5.pt
=== round 5 done in 323s; new proofs 2828; cum targets solved 578
[p2/ei_depth3_f0_a1_s2 r6] targets (this round, pass@32) SOLVED 631/1000 = 0.631 [0.601,0.660]
  len 7: 161/166 = 0.970 [0.931,0.987]
  len 8: 129/166 = 0.777 [0.708,0.834]
  len 9: 49/166 = 0.295 [0.231,0.369]
  len 10: 89/166 = 0.536 [0.460,0.610]
  len 11: 100/166 = 0.602 [0.526,0.674]
  len 12: 103/170 = 0.606 [0.531,0.676]
  written hist {7: 6351, 8: 1341, 9: 70}
  pruned hist {5: 56, 6: 3615, 7: 3004, 8: 1026, 9: 61}
  frontier written 9 pruned 9
  reasons [('rule check failed: ANDI', 2900), ('rule check failed: NEGE', 1573), ('rule check failed: DN', 1413), ('rule check failed: ORI2', 1382), ('rule check failed: IMPE', 837), ('line index mismatch at position 8', 825)]
[p2/ei_depth3_f0_a1_s2 r6] targets (cumulative 192 attempts) SOLVED 631/1000 = 0.631 [0.601,0.660]
  len 7: 161/166 = 0.970 [0.931,0.987]
  len 8: 129/166 = 0.777 [0.708,0.834]
  len 9: 49/166 = 0.295 [0.231,0.369]
  len 10: 89/166 = 0.536 [0.460,0.610]
  len 11: 100/166 = 0.602 [0.526,0.674]
  len 12: 103/170 = 0.606 [0.531,0.676]
  written hist {7: 13132, 8: 1931, 9: 73}
  pruned hist {5: 115, 6: 7860, 7: 5593, 8: 1504, 9: 64}
  frontier written 9 pruned 9
  reasons []
[p2/ei_depth3_f0_a1_s2 r6] transfer (this round, pass@32) SOLVED 303/500 = 0.606 [0.563,0.648]
  len 7: 72/83 = 0.867 [0.778,0.924]
  len 8: 63/83 = 0.759 [0.657,0.838]
  len 9: 25/83 = 0.301 [0.213,0.407]
  len 10: 45/83 = 0.542 [0.435,0.645]
  len 11: 44/83 = 0.530 [0.424,0.634]
  len 12: 54/85 = 0.635 [0.529,0.730]
  written hist {7: 2874, 8: 536, 9: 77}
  pruned hist {5: 31, 6: 1655, 7: 1289, 8: 452, 9: 60}
  frontier written 9 pruned 9
  reasons [('rule check failed: ANDI', 1388), ('rule check failed: NEGE', 1039), ('rule check failed: ORI2', 1009), ('rule check failed: DN', 851), ('rule check failed: IMPE', 630), ('rule check failed: ORI1', 623)]
[p2/ei_depth3_f0_a1_s2 r6] transfer (cumulative 192 attempts) SOLVED 314/500 = 0.628 [0.585,0.669]
  len 7: 73/83 = 0.880 [0.792,0.933]
  len 8: 68/83 = 0.819 [0.723,0.887]
  len 9: 26/83 = 0.313 [0.224,0.419]
  len 10: 45/83 = 0.542 [0.435,0.645]
  len 11: 45/83 = 0.542 [0.435,0.645]
  len 12: 57/85 = 0.671 [0.565,0.761]
  written hist {7: 6219, 8: 812, 9: 84}
  pruned hist {5: 40, 6: 3606, 7: 2683, 8: 719, 9: 67}
  frontier written 9 pruned 9
  reasons []
[p2/ei_depth3_f0_a1_s2 r6] transfer greedy SOLVED 241/500 = 0.482 [0.439,0.526]
  len 7: 65/83 = 0.783 [0.683,0.858]
  len 8: 47/83 = 0.566 [0.459,0.668]
  len 9: 8/83 = 0.096 [0.050,0.179]
  len 10: 38/83 = 0.458 [0.355,0.565]
  len 11: 38/83 = 0.458 [0.355,0.565]
  len 12: 45/85 = 0.529 [0.424,0.632]
  written hist {7: 197, 8: 44}
  pruned hist {5: 2, 6: 105, 7: 97, 8: 37}
  frontier written 8 pruned 8
  reasons [('rule check failed: ANDI', 48), ('rule check failed: NEGE', 33), ('rule check failed: ORI2', 31), ('rule check failed: DN', 25), ('rule check failed: ORI1', 22), ('rule check failed: IMPE', 15)]
[p2/ei_depth3_f0_a1_s2 r6] heldout greedy SOLVED 4731/5000 = 0.946 [0.940,0.952]
  len 2: 997/1000 = 0.997 [0.991,0.999]
  len 3: 991/1000 = 0.991 [0.983,0.995]
  len 4: 964/1000 = 0.964 [0.951,0.974]
  len 5: 944/1000 = 0.944 [0.928,0.957]
  len 6: 835/1000 = 0.835 [0.811,0.857]
  written hist {2: 1017, 3: 987, 4: 946, 5: 972, 6: 809}
  pruned hist {2: 1018, 3: 987, 4: 948, 5: 970, 6: 808}
  frontier written 6 pruned 6
  reasons [('rule check failed: ANDI', 46), ('rule check failed: ORI2', 35), ('rule check failed: DN', 33), ('rule check failed: IMPI', 28), ('rule check failed: IMPE', 22), ('bad box cite', 19)]
python3 train.py --data artifacts/p2/ei_depth3_f0_a1_s2/mix_6.jsonl --init ckpts/p2/ei_depth3_f0_a1_s2_r5.pt --steps 600 --lr 0.0003 --min_lr 2.9999999999999997e-05 --warmup 50 --cap 0 --out ckpts/p2/ei_depth3_f0_a1_s2_r6.pt --seed 2006 --log_every 200
params 3210240 mode abs shift True
train records 29936 max len 422
step 200 loss 0.0399 lr 2.53e-04 25s
step 400 loss 0.0413 lr 1.09e-04 49s
step 600 loss 0.0415 lr 3.00e-05 74s
saved ckpts/p2/ei_depth3_f0_a1_s2_r6.pt
=== round 6 done in 309s; new proofs 2106; cum targets solved 631
[p2/ei_depth3_f0_a1_s2 r7] targets (this round, pass@32) SOLVED 658/1000 = 0.658 [0.628,0.687]
  len 7: 161/166 = 0.970 [0.931,0.987]
  len 8: 133/166 = 0.801 [0.734,0.855]
  len 9: 62/166 = 0.373 [0.304,0.449]
  len 10: 91/166 = 0.548 [0.472,0.622]
  len 11: 105/166 = 0.633 [0.557,0.702]
  len 12: 106/170 = 0.624 [0.549,0.693]
  written hist {7: 6895, 8: 1533, 9: 194}
  pruned hist {5: 32, 6: 4062, 7: 3180, 8: 1173, 9: 175}
  frontier written 9 pruned 9
  reasons [('rule check failed: ANDI', 2585), ('rule check failed: NEGE', 1218), ('rule check failed: ORI2', 1093), ('rule check failed: DN', 1085), ('rule check failed: ORI1', 991), ('rule check failed: IMPE', 837)]
[p2/ei_depth3_f0_a1_s2 r7] targets (cumulative 224 attempts) SOLVED 658/1000 = 0.658 [0.628,0.687]
  len 7: 161/166 = 0.970 [0.931,0.987]
  len 8: 133/166 = 0.801 [0.734,0.855]
  len 9: 62/166 = 0.373 [0.304,0.449]
  len 10: 91/166 = 0.548 [0.472,0.622]
  len 11: 105/166 = 0.633 [0.557,0.702]
  len 12: 106/170 = 0.624 [0.549,0.693]
  written hist {7: 14382, 8: 2352, 9: 211}
  pruned hist {5: 125, 6: 8623, 7: 6200, 8: 1806, 9: 191}
  frontier written 9 pruned 9
  reasons []
[p2/ei_depth3_f0_a1_s2 r7] transfer (this round, pass@32) SOLVED 312/500 = 0.624 [0.581,0.665]
  len 7: 73/83 = 0.880 [0.792,0.933]
  len 8: 66/83 = 0.795 [0.696,0.868]
  len 9: 29/83 = 0.349 [0.256,0.457]
  len 10: 46/83 = 0.554 [0.447,0.656]
  len 11: 44/83 = 0.530 [0.424,0.634]
  len 12: 54/85 = 0.635 [0.529,0.730]
  written hist {7: 3043, 8: 592, 9: 116, 10: 1}
  pruned hist {5: 42, 6: 1772, 7: 1325, 8: 523, 9: 89, 10: 1}
  frontier written 9 pruned 9
  reasons [('rule check failed: ANDI', 1336), ('rule check failed: NEGE', 879), ('rule check failed: ORI1', 802), ('rule check failed: ORI2', 759), ('rule check failed: DN', 699), ('rule check failed: IMPE', 602)]
[p2/ei_depth3_f0_a1_s2 r7] transfer (cumulative 224 attempts) SOLVED 327/500 = 0.654 [0.611,0.694]
  len 7: 74/83 = 0.892 [0.807,0.942]
  len 8: 70/83 = 0.843 [0.750,0.906]
  len 9: 32/83 = 0.386 [0.288,0.493]
  len 10: 47/83 = 0.566 [0.459,0.668]
  len 11: 45/83 = 0.542 [0.435,0.645]
  len 12: 59/85 = 0.694 [0.590,0.782]
  written hist {7: 6799, 8: 989, 9: 144, 10: 1}
  pruned hist {5: 66, 6: 3945, 7: 2940, 8: 870, 9: 111, 10: 1}
  frontier written 9 pruned 9
  reasons []
[p2/ei_depth3_f0_a1_s2 r7] transfer greedy SOLVED 259/500 = 0.518 [0.474,0.561]
  len 7: 64/83 = 0.771 [0.670,0.848]
  len 8: 56/83 = 0.675 [0.568,0.766]
  len 9: 11/83 = 0.133 [0.076,0.222]
  len 10: 42/83 = 0.506 [0.401,0.611]
  len 11: 39/83 = 0.470 [0.366,0.576]
  len 12: 47/85 = 0.553 [0.447,0.654]
  written hist {7: 198, 8: 56, 9: 5}
  pruned hist {5: 3, 6: 109, 7: 94, 8: 49, 9: 4}
  frontier written 9 pruned 8
  reasons [('rule check failed: ANDI', 43), ('rule check failed: ORI1', 26), ('rule check failed: NEGE', 25), ('rule check failed: ORI2', 22), ('rule check failed: DN', 19), ('bad box cite', 17)]
[p2/ei_depth3_f0_a1_s2 r7] heldout greedy SOLVED 4759/5000 = 0.952 [0.946,0.957]
  len 2: 995/1000 = 0.995 [0.988,0.998]
  len 3: 990/1000 = 0.990 [0.982,0.995]
  len 4: 964/1000 = 0.964 [0.951,0.974]
  len 5: 946/1000 = 0.946 [0.930,0.958]
  len 6: 864/1000 = 0.864 [0.841,0.884]
  written hist {2: 1016, 3: 988, 4: 944, 5: 993, 6: 814, 7: 4}
  pruned hist {2: 1018, 3: 988, 4: 950, 5: 986, 6: 814, 7: 3}
  frontier written 6 pruned 6
  reasons [('rule check failed: ANDI', 38), ('rule check failed: ORI2', 29), ('rule check failed: DN', 27), ('rule check failed: IMPE', 26), ('final formula is not the conclusion', 26), ('rule check failed: IMPI', 16)]
python3 train.py --data artifacts/p2/ei_depth3_f0_a1_s2/mix_7.jsonl --init ckpts/p2/ei_depth3_f0_a1_s2_r6.pt --steps 600 --lr 0.0003 --min_lr 2.9999999999999997e-05 --warmup 50 --cap 0 --out ckpts/p2/ei_depth3_f0_a1_s2_r7.pt --seed 2007 --log_every 200
params 3210240 mode abs shift True
train records 30448 max len 393
step 200 loss 0.0401 lr 2.53e-04 27s
step 400 loss 0.0418 lr 1.09e-04 60s
step 600 loss 0.0407 lr 3.00e-05 86s
saved ckpts/p2/ei_depth3_f0_a1_s2_r7.pt
=== round 7 done in 318s; new proofs 1809; cum targets solved 658
[p2/ei_depth3_f0_a1_s2 r8] targets (this round, pass@32) SOLVED 677/1000 = 0.677 [0.647,0.705]
  len 7: 163/166 = 0.982 [0.948,0.994]
  len 8: 135/166 = 0.813 [0.747,0.865]
  len 9: 63/166 = 0.380 [0.309,0.455]
  len 10: 93/166 = 0.560 [0.484,0.634]
  len 11: 111/166 = 0.669 [0.594,0.736]
  len 12: 112/170 = 0.659 [0.585,0.726]
  written hist {7: 6737, 8: 1601, 9: 242}
  pruned hist {5: 58, 6: 3958, 7: 3152, 8: 1202, 9: 210}
  frontier written 9 pruned 9
  reasons [('rule check failed: ANDI', 2469), ('rule check failed: ORI2', 1410), ('rule check failed: NEGE', 1358), ('rule check failed: DN', 1021), ('rule check failed: IMPE', 776), ('rule check failed: ORI1', 734)]
[p2/ei_depth3_f0_a1_s2 r8] targets (cumulative 256 attempts) SOLVED 677/1000 = 0.677 [0.647,0.705]
  len 7: 163/166 = 0.982 [0.948,0.994]
  len 8: 135/166 = 0.813 [0.747,0.865]
  len 9: 63/166 = 0.380 [0.309,0.455]
  len 10: 93/166 = 0.560 [0.484,0.634]
  len 11: 111/166 = 0.669 [0.594,0.736]
  len 12: 112/170 = 0.659 [0.585,0.726]
  written hist {7: 15245, 8: 2666, 9: 308}
  pruned hist {5: 145, 6: 9132, 7: 6671, 8: 1999, 9: 272}
  frontier written 9 pruned 9
  reasons []
[p2/ei_depth3_f0_a1_s2 r8] transfer (this round, pass@32) SOLVED 319/500 = 0.638 [0.595,0.679]
  len 7: 73/83 = 0.880 [0.792,0.933]
  len 8: 68/83 = 0.819 [0.723,0.887]
  len 9: 31/83 = 0.373 [0.277,0.481]
  len 10: 48/83 = 0.578 [0.471,0.679]
  len 11: 45/83 = 0.542 [0.435,0.645]
  len 12: 54/85 = 0.635 [0.529,0.730]
  written hist {7: 2928, 8: 673, 9: 123, 10: 1}
  pruned hist {5: 32, 6: 1632, 7: 1387, 8: 569, 9: 104, 10: 1}
  frontier written 9 pruned 9
  reasons [('rule check failed: ANDI', 1354), ('rule check failed: NEGE', 1038), ('rule check failed: ORI2', 930), ('rule check failed: DN', 725), ('rule check failed: ORI1', 700), ('rule check failed: IMPE', 678)]
[p2/ei_depth3_f0_a1_s2 r8] transfer (cumulative 256 attempts) SOLVED 336/500 = 0.672 [0.630,0.712]
  len 7: 75/83 = 0.904 [0.821,0.950]
  len 8: 71/83 = 0.855 [0.764,0.915]
  len 9: 34/83 = 0.410 [0.310,0.517]
  len 10: 49/83 = 0.590 [0.483,0.690]
  len 11: 47/83 = 0.566 [0.459,0.668]
  len 12: 60/85 = 0.706 [0.602,0.792]
  written hist {7: 7270, 8: 1154, 9: 179, 10: 1}
  pruned hist {5: 77, 6: 4203, 7: 3186, 8: 995, 9: 142, 10: 1}
  frontier written 9 pruned 9
  reasons []
[p2/ei_depth3_f0_a1_s2 r8] transfer greedy SOLVED 267/500 = 0.534 [0.490,0.577]
  len 7: 68/83 = 0.819 [0.723,0.887]
  len 8: 59/83 = 0.711 [0.606,0.797]
  len 9: 21/83 = 0.253 [0.172,0.356]
  len 10: 38/83 = 0.458 [0.355,0.565]
  len 11: 38/83 = 0.458 [0.355,0.565]
  len 12: 43/85 = 0.506 [0.402,0.610]
  written hist {7: 194, 8: 61, 9: 12}
  pruned hist {5: 1, 6: 103, 7: 99, 8: 52, 9: 12}
  frontier written 9 pruned 9
  reasons [('rule check failed: ANDI', 44), ('rule check failed: ORI2', 32), ('rule check failed: NEGE', 29), ('rule check failed: DN', 23), ('rule check failed: ORI1', 20), ('rule check failed: IMPE', 20)]
[p2/ei_depth3_f0_a1_s2 r8] heldout greedy SOLVED 4730/5000 = 0.946 [0.939,0.952]
  len 2: 996/1000 = 0.996 [0.990,0.998]
  len 3: 988/1000 = 0.988 [0.979,0.993]
  len 4: 964/1000 = 0.964 [0.951,0.974]
  len 5: 945/1000 = 0.945 [0.929,0.958]
  len 6: 837/1000 = 0.837 [0.813,0.859]
  written hist {2: 1015, 3: 986, 4: 945, 5: 977, 6: 802, 7: 5}
  pruned hist {2: 1015, 3: 988, 4: 945, 5: 975, 6: 802, 7: 5}
  frontier written 7 pruned 7
  reasons [('rule check failed: ANDI', 47), ('rule check failed: ORI2', 43), ('rule check failed: IMPE', 30), ('rule check failed: DN', 28), ('rule check failed: IMPI', 19), ('rule check failed: NEGE', 18)]
python3 train.py --data artifacts/p2/ei_depth3_f0_a1_s2/mix_8.jsonl --init ckpts/p2/ei_depth3_f0_a1_s2_r7.pt --steps 600 --lr 0.0003 --min_lr 2.9999999999999997e-05 --warmup 50 --cap 0 --out ckpts/p2/ei_depth3_f0_a1_s2_r8.pt --seed 2008 --log_every 200
params 3210240 mode abs shift True
train records 30740 max len 444
step 200 loss 0.0427 lr 2.53e-04 33s
step 400 loss 0.0368 lr 1.09e-04 66s
step 600 loss 0.0446 lr 3.00e-05 89s
saved ckpts/p2/ei_depth3_f0_a1_s2_r8.pt
=== round 8 done in 304s; new proofs 1274; cum targets solved 677
