18:53:19 start stage1_depth3_f0_a1_s2
18:53:24 start stage1_depth3_f0_a1_s3
18:53:29 start stage1_depth3_f0_a1_s4
19:05:34 done stage1_depth3_f0_a1_s2
19:05:34 start stage1_depth3_f0_a1_s5
19:05:47 done stage1_depth3_f0_a1_s3
19:05:48 done stage1_depth3_f0_a1_s4
19:05:55 start stage1_depth3_f0_a1_s6
19:06:00 start ei_depth3_f0_a1_s2
19:16:22 done stage1_depth3_f0_a1_s5
19:16:35 start ei_depth3_f0_a1_s3
19:16:42 done stage1_depth3_f0_a1_s6
19:16:55 start ei_depth3_f0_a1_s4
19:51:35 done ei_depth3_f0_a1_s2
19:51:46 start ei_depth3_f0_a1_s5
19:55:35 done ei_depth3_f0_a1_s4
19:55:37 start ei_depth3_f0_a1_s6
19:55:57 done ei_depth3_f0_a1_s3
20:21:43 done ei_depth3_f0_a1_s5
20:24:26 done ei_depth3_f0_a1_s6
20:24:26 QUEUE DONE pod/ign/p1_A.txt
