START 2026-09-22T06:45:50Z until [ -f artifacts/lo/timing_d3_seq.done ]; do sleep 30; done; python3 expert_iter.py --init ckpts/lo/stage1_a1_seq_s0.pt --name lo/ei_d3_seq_s0 --targets data/lo/targets_depth3.jsonl --transfer data/lo/transfer_depth3.jsonl --heldout data/p2/heldout.jsonl --train data/p2/train_depth3_f0_a1.jsonl --rounds 8 --k 32 --temperature 0.8 --batch 768 --seed 0
[lean_gate] 32000 samples, no-eos 37, distinct checked 7550: both ok 411, lean-only 0, nd-only 0, both rej 7139; lean 12.9s wall (115.7s proc, 12 workers), denote+nd_verify 2.2s
[lo/ei_d3_seq_s0 r1] targets (this round, pass@32) SOLVED 308/1000 = 0.308 [0.280,0.337]
  len 7: 102/166 = 0.614 [0.539,0.685]
  len 8: 34/166 = 0.205 [0.150,0.273]
  len 9: 2/166 = 0.012 [0.003,0.043]
  len 10: 30/166 = 0.181 [0.130,0.246]
  len 11: 66/166 = 0.398 [0.326,0.474]
  len 12: 74/170 = 0.435 [0.363,0.510]
  written hist {7: 300, 8: 56, 9: 1}
  pruned hist {5: 8, 6: 165, 7: 146, 8: 38}
  frontier written 8 pruned 8
  reasons [('LEANREJ axiom:[sorryAx]', 28400), ('LEANPARSE no-eos', 37)]
[lo/ei_d3_seq_s0 r1] targets (cumulative 32 attempts) SOLVED 308/1000 = 0.308 [0.280,0.337]
  len 7: 102/166 = 0.614 [0.539,0.685]
  len 8: 34/166 = 0.205 [0.150,0.273]
  len 9: 2/166 = 0.012 [0.003,0.043]
  len 10: 30/166 = 0.181 [0.130,0.246]
  len 11: 66/166 = 0.398 [0.326,0.474]
  len 12: 74/170 = 0.435 [0.363,0.510]
  written hist {7: 300, 8: 56, 9: 1}
  pruned hist {5: 8, 6: 165, 7: 146, 8: 38}
  frontier written 8 pruned 8
  reasons []
[lean_gate] 16000 samples, no-eos 37, distinct checked 3808: both ok 227, lean-only 3, nd-only 0, both rej 3578; lean 8.6s wall (64.6s proc, 12 workers), denote+nd_verify 1.1s
[lo/ei_d3_seq_s0 r1] transfer (this round, pass@32) SOLVED 171/500 = 0.342 [0.302,0.385]
  len 7: 47/83 = 0.566 [0.459,0.668]
  len 8: 20/83 = 0.241 [0.162,0.343]
  len 9: 4/83 = 0.048 [0.019,0.117]
  len 10: 25/83 = 0.301 [0.213,0.407]
  len 11: 31/83 = 0.373 [0.277,0.481]
  len 12: 44/85 = 0.518 [0.413,0.621]
  written hist {0: 3, 7: 153, 8: 37, 9: 5}
  pruned hist {0: 3, 5: 6, 6: 91, 7: 72, 8: 23, 9: 3}
  frontier written 9 pruned 8
  reasons [('LEANREJ axiom:[sorryAx]', 13976), ('LEANPARSE no-eos', 37)]
[lo/ei_d3_seq_s0 r1] transfer (cumulative 32 attempts) SOLVED 171/500 = 0.342 [0.302,0.385]
  len 7: 47/83 = 0.566 [0.459,0.668]
  len 8: 20/83 = 0.241 [0.162,0.343]
  len 9: 4/83 = 0.048 [0.019,0.117]
  len 10: 25/83 = 0.301 [0.213,0.407]
  len 11: 31/83 = 0.373 [0.277,0.481]
  len 12: 44/85 = 0.518 [0.413,0.621]
  written hist {0: 3, 7: 153, 8: 37, 9: 5}
  pruned hist {0: 3, 5: 6, 6: 91, 7: 72, 8: 23, 9: 3}
  frontier written 9 pruned 8
  reasons []
[lean_gate] 500 samples, no-eos 1, distinct checked 499: both ok 75, lean-only 0, nd-only 0, both rej 424; lean 4.7s wall (7.9s proc, 12 workers), denote+nd_verify 0.2s
[lo/ei_d3_seq_s0 r1] transfer greedy SOLVED 75/500 = 0.150 [0.121,0.184]
  len 7: 11/83 = 0.133 [0.076,0.222]
  len 8: 4/83 = 0.048 [0.019,0.117]
  len 9: 0/83 = 0.000 [0.000,0.044]
  len 10: 7/83 = 0.084 [0.041,0.164]
  len 11: 21/83 = 0.253 [0.172,0.356]
  len 12: 32/85 = 0.376 [0.281,0.483]
  written hist {7: 70, 8: 5}
  pruned hist {5: 1, 6: 52, 7: 19, 8: 3}
  frontier written 8 pruned 7
  reasons [('LEANREJ axiom:[sorryAx]', 424), ('LEANPARSE no-eos', 1)]
[lean_gate] 5000 samples, no-eos 0, distinct checked 5000: both ok 4577, lean-only 1, nd-only 0, both rej 422; lean 7.6s wall (61.4s proc, 12 workers), denote+nd_verify 1.1s
[lo/ei_d3_seq_s0 r1] heldout greedy SOLVED 4578/5000 = 0.916 [0.908,0.923]
  len 2: 999/1000 = 0.999 [0.994,1.000]
  len 3: 990/1000 = 0.990 [0.982,0.995]
  len 4: 960/1000 = 0.960 [0.946,0.970]
  len 5: 943/1000 = 0.943 [0.927,0.956]
  len 6: 686/1000 = 0.686 [0.657,0.714]
  written hist {0: 1, 2: 1027, 3: 982, 4: 940, 5: 987, 6: 638, 7: 3}
  pruned hist {0: 1, 2: 1028, 3: 983, 4: 947, 5: 979, 6: 638, 7: 2}
  frontier written 6 pruned 6
  reasons [('LEANREJ axiom:[sorryAx]', 422)]
python3 train.py --data artifacts/lo/ei_d3_seq_s0/mix_1.jsonl --init ckpts/lo/stage1_a1_seq_s0.pt --steps 600 --lr 0.0003 --min_lr 2.9999999999999997e-05 --warmup 50 --cap 0 --out ckpts/lo/ei_d3_seq_s0_r1.pt --seed 1 --log_every 200
params 3214336 mode lean_seq shift True
train records 21428 max len 413
step 200 loss 0.0509 lr 2.53e-04 18s
step 400 loss 0.0509 lr 1.09e-04 36s
step 600 loss 0.0472 lr 3.00e-05 55s
saved ckpts/lo/ei_d3_seq_s0_r1.pt
=== round 1 done in 466s; new proofs 357; cum targets solved 308
[lean_gate] 32000 samples, no-eos 31, distinct checked 4702: both ok 882, lean-only 2, nd-only 0, both rej 3818; lean 9.7s wall (77.6s proc, 12 workers), denote+nd_verify 1.4s
[lo/ei_d3_seq_s0 r2] targets (this round, pass@32) SOLVED 586/1000 = 0.586 [0.555,0.616]
  len 7: 161/166 = 0.970 [0.931,0.987]
  len 8: 135/166 = 0.813 [0.747,0.865]
  len 9: 39/166 = 0.235 [0.177,0.305]
  len 10: 72/166 = 0.434 [0.361,0.510]
  len 11: 79/166 = 0.476 [0.401,0.552]
  len 12: 100/170 = 0.588 [0.513,0.659]
  written hist {0: 2, 7: 455, 8: 201, 9: 53, 10: 5}
  pruned hist {0: 2, 5: 12, 6: 217, 7: 278, 8: 174, 9: 29, 10: 4}
  frontier written 10 pruned 9
  reasons [('LEANREJ axiom:[sorryAx]', 16587), ('LEANPARSE no-eos', 31)]
[lo/ei_d3_seq_s0 r2] targets (cumulative 64 attempts) SOLVED 586/1000 = 0.586 [0.555,0.616]
  len 7: 161/166 = 0.970 [0.931,0.987]
  len 8: 135/166 = 0.813 [0.747,0.865]
  len 9: 39/166 = 0.235 [0.177,0.305]
  len 10: 72/166 = 0.434 [0.361,0.510]
  len 11: 79/166 = 0.476 [0.401,0.552]
  len 12: 100/170 = 0.588 [0.513,0.659]
  written hist {0: 2, 7: 456, 8: 201, 9: 53, 10: 5}
  pruned hist {0: 2, 5: 12, 6: 217, 7: 279, 8: 174, 9: 29, 10: 4}
  frontier written 10 pruned 9
  reasons []
[lean_gate] 16000 samples, no-eos 52, distinct checked 2487: both ok 426, lean-only 0, nd-only 0, both rej 2061; lean 5.0s wall (39.9s proc, 12 workers), denote+nd_verify 0.8s
[lo/ei_d3_seq_s0 r2] transfer (this round, pass@32) SOLVED 293/500 = 0.586 [0.542,0.628]
  len 7: 75/83 = 0.904 [0.821,0.950]
  len 8: 68/83 = 0.819 [0.723,0.887]
  len 9: 23/83 = 0.277 [0.192,0.382]
  len 10: 41/83 = 0.494 [0.389,0.599]
  len 11: 40/83 = 0.482 [0.378,0.588]
  len 12: 46/85 = 0.541 [0.436,0.643]
  written hist {7: 209, 8: 108, 9: 32, 10: 4}
  pruned hist {5: 3, 6: 106, 7: 132, 8: 89, 9: 20, 10: 3}
  frontier written 9 pruned 9
  reasons [('LEANREJ axiom:[sorryAx]', 8902), ('LEANPARSE no-eos', 52)]
[lo/ei_d3_seq_s0 r2] transfer (cumulative 64 attempts) SOLVED 295/500 = 0.590 [0.546,0.632]
  len 7: 75/83 = 0.904 [0.821,0.950]
  len 8: 68/83 = 0.819 [0.723,0.887]
  len 9: 23/83 = 0.277 [0.192,0.382]
  len 10: 41/83 = 0.494 [0.389,0.599]
  len 11: 41/83 = 0.494 [0.389,0.599]
  len 12: 47/85 = 0.553 [0.447,0.654]
  written hist {0: 3, 7: 216, 8: 116, 9: 33, 10: 4}
  pruned hist {0: 3, 5: 6, 6: 114, 7: 137, 8: 89, 9: 20, 10: 3}
  frontier written 9 pruned 9
  reasons []
[lean_gate] 500 samples, no-eos 1, distinct checked 499: both ok 230, lean-only 0, nd-only 0, both rej 269; lean 4.2s wall (7.4s proc, 12 workers), denote+nd_verify 0.2s
[lo/ei_d3_seq_s0 r2] transfer greedy SOLVED 230/500 = 0.460 [0.417,0.504]
  len 7: 62/83 = 0.747 [0.644,0.828]
  len 8: 56/83 = 0.675 [0.568,0.766]
  len 9: 13/83 = 0.157 [0.094,0.250]
  len 10: 27/83 = 0.325 [0.234,0.432]
  len 11: 32/83 = 0.386 [0.288,0.493]
  len 12: 40/85 = 0.471 [0.368,0.576]
  written hist {7: 148, 8: 70, 9: 11, 10: 1}
  pruned hist {6: 77, 7: 77, 8: 67, 9: 9}
  frontier written 9 pruned 9
  reasons [('LEANREJ axiom:[sorryAx]', 269), ('LEANPARSE no-eos', 1)]
[lean_gate] 5000 samples, no-eos 1, distinct checked 4999: both ok 4803, lean-only 1, nd-only 0, both rej 195; lean 7.2s wall (61.4s proc, 12 workers), denote+nd_verify 1.1s
[lo/ei_d3_seq_s0 r2] heldout greedy SOLVED 4804/5000 = 0.961 [0.955,0.966]
  len 2: 1000/1000 = 1.000 [0.996,1.000]
  len 3: 986/1000 = 0.986 [0.977,0.992]
  len 4: 948/1000 = 0.948 [0.932,0.960]
  len 5: 954/1000 = 0.954 [0.939,0.965]
  len 6: 916/1000 = 0.916 [0.897,0.932]
  written hist {0: 1, 2: 1023, 3: 977, 4: 933, 5: 973, 6: 895, 7: 1, 8: 1}
  pruned hist {0: 1, 2: 1024, 3: 979, 4: 933, 5: 972, 6: 893, 7: 1, 8: 1}
  frontier written 6 pruned 6
  reasons [('LEANREJ axiom:[sorryAx]', 195), ('LEANPARSE no-eos', 1)]
python3 train.py --data artifacts/lo/ei_d3_seq_s0/mix_2.jsonl --init ckpts/lo/ei_d3_seq_s0_r1.pt --steps 600 --lr 0.0003 --min_lr 2.9999999999999997e-05 --warmup 50 --cap 0 --out ckpts/lo/ei_d3_seq_s0_r2.pt --seed 2 --log_every 200
params 3214336 mode lean_seq shift True
train records 22844 max len 439
step 200 loss 0.0482 lr 2.53e-04 17s
step 400 loss 0.0481 lr 1.09e-04 34s
step 600 loss 0.0432 lr 3.00e-05 52s
saved ckpts/lo/ei_d3_seq_s0_r2.pt
=== round 2 done in 508s; new proofs 360; cum targets solved 586
[lean_gate] 32000 samples, no-eos 24, distinct checked 3879: both ok 1013, lean-only 2, nd-only 0, both rej 2864; lean 8.2s wall (64.5s proc, 12 workers), denote+nd_verify 1.2s
[lo/ei_d3_seq_s0 r3] targets (this round, pass@32) SOLVED 627/1000 = 0.627 [0.597,0.656]
  len 7: 162/166 = 0.976 [0.940,0.991]
  len 8: 144/166 = 0.867 [0.807,0.911]
  len 9: 52/166 = 0.313 [0.248,0.387]
  len 10: 80/166 = 0.482 [0.407,0.557]
  len 11: 83/166 = 0.500 [0.425,0.575]
  len 12: 106/170 = 0.624 [0.549,0.693]
  written hist {0: 2, 7: 471, 8: 245, 9: 81, 10: 12, 11: 1}
  pruned hist {0: 2, 5: 16, 6: 228, 7: 302, 8: 208, 9: 45, 10: 10, 11: 1}
  frontier written 10 pruned 10
  reasons [('LEANREJ axiom:[sorryAx]', 13447), ('LEANPARSE no-eos', 24)]
[lo/ei_d3_seq_s0 r3] targets (cumulative 96 attempts) SOLVED 627/1000 = 0.627 [0.597,0.656]
  len 7: 162/166 = 0.976 [0.940,0.991]
  len 8: 144/166 = 0.867 [0.807,0.911]
  len 9: 52/166 = 0.313 [0.248,0.387]
  len 10: 80/166 = 0.482 [0.407,0.557]
  len 11: 83/166 = 0.500 [0.425,0.575]
  len 12: 106/170 = 0.624 [0.549,0.693]
  written hist {0: 3, 7: 474, 8: 245, 9: 81, 10: 12, 11: 1}
  pruned hist {0: 3, 5: 16, 6: 230, 7: 303, 8: 208, 9: 45, 10: 10, 11: 1}
  frontier written 10 pruned 10
  reasons []
[lean_gate] 16000 samples, no-eos 0, distinct checked 2174: both ok 481, lean-only 3, nd-only 0, both rej 1690; lean 5.7s wall (37.8s proc, 12 workers), denote+nd_verify 0.7s
[lo/ei_d3_seq_s0 r3] transfer (this round, pass@32) SOLVED 316/500 = 0.632 [0.589,0.673]
  len 7: 78/83 = 0.940 [0.867,0.974]
  len 8: 73/83 = 0.880 [0.792,0.933]
  len 9: 29/83 = 0.349 [0.256,0.457]
  len 10: 40/83 = 0.482 [0.378,0.588]
  len 11: 45/83 = 0.542 [0.435,0.645]
  len 12: 51/85 = 0.600 [0.494,0.698]
  written hist {0: 3, 7: 211, 8: 117, 9: 42, 10: 6, 11: 2}
  pruned hist {0: 3, 5: 7, 6: 107, 7: 131, 8: 104, 9: 24, 10: 4, 11: 1}
  frontier written 10 pruned 9
  reasons [('LEANREJ axiom:[sorryAx]', 7700)]
[lo/ei_d3_seq_s0 r3] transfer (cumulative 96 attempts) SOLVED 322/500 = 0.644 [0.601,0.685]
  len 7: 79/83 = 0.952 [0.883,0.981]
  len 8: 73/83 = 0.880 [0.792,0.933]
  len 9: 30/83 = 0.361 [0.266,0.469]
  len 10: 42/83 = 0.506 [0.401,0.611]
  len 11: 46/83 = 0.554 [0.447,0.656]
  len 12: 52/85 = 0.612 [0.505,0.708]
  written hist {0: 4, 7: 227, 8: 137, 9: 50, 10: 8, 11: 2}
  pruned hist {0: 4, 5: 8, 6: 121, 7: 152, 8: 108, 9: 28, 10: 6, 11: 1}
  frontier written 10 pruned 10
  reasons []
[lean_gate] 500 samples, no-eos 0, distinct checked 500: both ok 277, lean-only 0, nd-only 0, both rej 223; lean 4.2s wall (7.7s proc, 12 workers), denote+nd_verify 0.2s
[lo/ei_d3_seq_s0 r3] transfer greedy SOLVED 277/500 = 0.554 [0.510,0.597]
  len 7: 72/83 = 0.867 [0.778,0.924]
  len 8: 67/83 = 0.807 [0.710,0.878]
  len 9: 23/83 = 0.277 [0.192,0.382]
  len 10: 34/83 = 0.410 [0.310,0.517]
  len 11: 39/83 = 0.470 [0.366,0.576]
  len 12: 42/85 = 0.494 [0.390,0.598]
  written hist {7: 172, 8: 83, 9: 20, 10: 1, 11: 1}
  pruned hist {5: 2, 6: 90, 7: 88, 8: 80, 9: 15, 10: 1, 11: 1}
  frontier written 9 pruned 9
  reasons [('LEANREJ axiom:[sorryAx]', 223)]
[lean_gate] 5000 samples, no-eos 0, distinct checked 5000: both ok 4804, lean-only 1, nd-only 0, both rej 195; lean 7.4s wall (59.6s proc, 12 workers), denote+nd_verify 1.1s
[lo/ei_d3_seq_s0 r3] heldout greedy SOLVED 4805/5000 = 0.961 [0.955,0.966]
  len 2: 999/1000 = 0.999 [0.994,1.000]
  len 3: 987/1000 = 0.987 [0.978,0.992]
  len 4: 955/1000 = 0.955 [0.940,0.966]
  len 5: 937/1000 = 0.937 [0.920,0.950]
  len 6: 927/1000 = 0.927 [0.909,0.942]
  written hist {0: 1, 2: 1019, 3: 983, 4: 937, 5: 966, 6: 895, 7: 3, 8: 1}
  pruned hist {0: 1, 2: 1020, 3: 985, 4: 940, 5: 964, 6: 891, 7: 3, 8: 1}
  frontier written 6 pruned 6
  reasons [('LEANREJ axiom:[sorryAx]', 195)]
python3 train.py --data artifacts/lo/ei_d3_seq_s0/mix_3.jsonl --init ckpts/lo/ei_d3_seq_s0_r2.pt --steps 600 --lr 0.0003 --min_lr 2.9999999999999997e-05 --warmup 50 --cap 0 --out ckpts/lo/ei_d3_seq_s0_r3.pt --seed 3 --log_every 200
params 3214336 mode lean_seq shift True
train records 23200 max len 464
step 200 loss 0.0492 lr 2.53e-04 22s
step 400 loss 0.0460 lr 1.09e-04 38s
step 600 loss 0.0481 lr 3.00e-05 57s
saved ckpts/lo/ei_d3_seq_s0_r3.pt
=== round 3 done in 386s; new proofs 99; cum targets solved 627
[lean_gate] 32000 samples, no-eos 6, distinct checked 3788: both ok 1014, lean-only 4, nd-only 0, both rej 2770; lean 7.3s wall (59.1s proc, 12 workers), denote+nd_verify 1.2s
[lo/ei_d3_seq_s0 r4] targets (this round, pass@32) SOLVED 656/1000 = 0.656 [0.626,0.685]
  len 7: 162/166 = 0.976 [0.940,0.991]
  len 8: 145/166 = 0.873 [0.814,0.916]
  len 9: 66/166 = 0.398 [0.326,0.474]
  len 10: 88/166 = 0.530 [0.454,0.605]
  len 11: 86/166 = 0.518 [0.443,0.593]
  len 12: 109/170 = 0.641 [0.567,0.709]
  written hist {0: 4, 7: 483, 8: 262, 9: 105, 10: 21, 11: 3}
  pruned hist {0: 4, 5: 22, 6: 241, 7: 314, 8: 215, 9: 64, 10: 16, 11: 2}
  frontier written 10 pruned 10
  reasons [('LEANREJ axiom:[sorryAx]', 12398), ('LEANPARSE no-eos', 6)]
[lo/ei_d3_seq_s0 r4] targets (cumulative 128 attempts) SOLVED 656/1000 = 0.656 [0.626,0.685]
  len 7: 162/166 = 0.976 [0.940,0.991]
  len 8: 145/166 = 0.873 [0.814,0.916]
  len 9: 66/166 = 0.398 [0.326,0.474]
  len 10: 88/166 = 0.530 [0.454,0.605]
  len 11: 86/166 = 0.518 [0.443,0.593]
  len 12: 109/170 = 0.641 [0.567,0.709]
  written hist {0: 6, 7: 488, 8: 267, 9: 105, 10: 21, 11: 3}
  pruned hist {0: 6, 5: 22, 6: 243, 7: 318, 8: 219, 9: 64, 10: 16, 11: 2}
  frontier written 10 pruned 10
  reasons []
[lean_gate] 16000 samples, no-eos 21, distinct checked 2193: both ok 467, lean-only 3, nd-only 0, both rej 1723; lean 5.3s wall (35.6s proc, 12 workers), denote+nd_verify 0.7s
[lo/ei_d3_seq_s0 r4] transfer (this round, pass@32) SOLVED 325/500 = 0.650 [0.607,0.691]
  len 7: 80/83 = 0.964 [0.899,0.988]
  len 8: 73/83 = 0.880 [0.792,0.933]
  len 9: 30/83 = 0.361 [0.266,0.469]
  len 10: 46/83 = 0.554 [0.447,0.656]
  len 11: 46/83 = 0.554 [0.447,0.656]
  len 12: 50/85 = 0.588 [0.482,0.687]
  written hist {0: 3, 7: 218, 8: 123, 9: 53, 10: 7, 11: 1}
  pruned hist {0: 3, 5: 6, 6: 106, 7: 138, 8: 114, 9: 30, 10: 7, 11: 1}
  frontier written 10 pruned 10
  reasons [('LEANREJ axiom:[sorryAx]', 7608), ('LEANPARSE no-eos', 21)]
[lo/ei_d3_seq_s0 r4] transfer (cumulative 128 attempts) SOLVED 338/500 = 0.676 [0.634,0.716]
  len 7: 82/83 = 0.988 [0.935,0.998]
  len 8: 74/83 = 0.892 [0.807,0.942]
  len 9: 34/83 = 0.410 [0.310,0.517]
  len 10: 46/83 = 0.554 [0.447,0.656]
  len 11: 48/83 = 0.578 [0.471,0.679]
  len 12: 54/85 = 0.635 [0.529,0.730]
  written hist {0: 5, 7: 235, 8: 154, 9: 61, 10: 15, 11: 2}
  pruned hist {0: 5, 5: 8, 6: 123, 7: 166, 8: 120, 9: 36, 10: 13, 11: 1}
  frontier written 10 pruned 10
  reasons []
[lean_gate] 500 samples, no-eos 1, distinct checked 499: both ok 274, lean-only 0, nd-only 0, both rej 225; lean 4.1s wall (7.3s proc, 12 workers), denote+nd_verify 0.2s
[lo/ei_d3_seq_s0 r4] transfer greedy SOLVED 274/500 = 0.548 [0.504,0.591]
  len 7: 68/83 = 0.819 [0.723,0.887]
  len 8: 68/83 = 0.819 [0.723,0.887]
  len 9: 24/83 = 0.289 [0.203,0.394]
  len 10: 36/83 = 0.434 [0.332,0.541]
  len 11: 36/83 = 0.434 [0.332,0.541]
  len 12: 42/85 = 0.494 [0.390,0.598]
  written hist {7: 168, 8: 83, 9: 22, 10: 1}
  pruned hist {5: 2, 6: 88, 7: 86, 8: 81, 9: 16, 10: 1}
  frontier written 9 pruned 9
  reasons [('LEANREJ axiom:[sorryAx]', 225), ('LEANPARSE no-eos', 1)]
[lean_gate] 5000 samples, no-eos 0, distinct checked 5000: both ok 4787, lean-only 1, nd-only 0, both rej 212; lean 7.1s wall (59.3s proc, 12 workers), denote+nd_verify 1.1s
[lo/ei_d3_seq_s0 r4] heldout greedy SOLVED 4788/5000 = 0.958 [0.952,0.963]
  len 2: 998/1000 = 0.998 [0.993,0.999]
  len 3: 985/1000 = 0.985 [0.975,0.991]
  len 4: 956/1000 = 0.956 [0.941,0.967]
  len 5: 937/1000 = 0.937 [0.920,0.950]
  len 6: 912/1000 = 0.912 [0.893,0.928]
  written hist {0: 1, 2: 1014, 3: 979, 4: 931, 5: 974, 6: 885, 7: 4}
  pruned hist {0: 1, 2: 1015, 3: 978, 4: 938, 5: 969, 6: 884, 7: 3}
  frontier written 6 pruned 6
  reasons [('LEANREJ axiom:[sorryAx]', 212)]
python3 train.py --data artifacts/lo/ei_d3_seq_s0/mix_4.jsonl --init ckpts/lo/ei_d3_seq_s0_r3.pt --steps 600 --lr 0.0003 --min_lr 2.9999999999999997e-05 --warmup 50 --cap 0 --out ckpts/lo/ei_d3_seq_s0_r4.pt --seed 4 --log_every 200
params 3214336 mode lean_seq shift True
train records 23452 max len 464
step 200 loss 0.0454 lr 2.53e-04 22s
step 400 loss 0.0450 lr 1.09e-04 43s
step 600 loss 0.0461 lr 3.00e-05 64s
saved ckpts/lo/ei_d3_seq_s0_r4.pt
=== round 4 done in 400s; new proofs 74; cum targets solved 656
[lean_gate] 32000 samples, no-eos 6, distinct checked 3698: both ok 1113, lean-only 13, nd-only 0, both rej 2572; lean 10.1s wall (72.1s proc, 12 workers), denote+nd_verify 1.2s
[lo/ei_d3_seq_s0 r5] targets (this round, pass@32) SOLVED 673/1000 = 0.673 [0.643,0.701]
  len 7: 162/166 = 0.976 [0.940,0.991]
  len 8: 145/166 = 0.873 [0.814,0.916]
  len 9: 74/166 = 0.446 [0.372,0.522]
  len 10: 92/166 = 0.554 [0.478,0.628]
  len 11: 88/166 = 0.530 [0.454,0.605]
  len 12: 112/170 = 0.659 [0.585,0.726]
  written hist {0: 13, 7: 494, 8: 274, 9: 127, 10: 26, 11: 4}
  pruned hist {0: 13, 5: 31, 6: 246, 7: 321, 8: 226, 9: 78, 10: 20, 11: 3}
  frontier written 10 pruned 10
  reasons [('LEANREJ axiom:[sorryAx]', 11513), ('LEANPARSE no-eos', 6)]
[lo/ei_d3_seq_s0 r5] targets (cumulative 160 attempts) SOLVED 673/1000 = 0.673 [0.643,0.701]
  len 7: 162/166 = 0.976 [0.940,0.991]
  len 8: 145/166 = 0.873 [0.814,0.916]
  len 9: 74/166 = 0.446 [0.372,0.522]
  len 10: 92/166 = 0.554 [0.478,0.628]
  len 11: 88/166 = 0.530 [0.454,0.605]
  len 12: 112/170 = 0.659 [0.585,0.726]
  written hist {0: 15, 7: 503, 8: 282, 9: 128, 10: 26, 11: 4}
  pruned hist {0: 15, 5: 32, 6: 251, 7: 327, 8: 231, 9: 79, 10: 20, 11: 3}
  frontier written 10 pruned 10
  reasons []
[lean_gate] 16000 samples, no-eos 9, distinct checked 2059: both ok 467, lean-only 1, nd-only 0, both rej 1591; lean 5.4s wall (32.7s proc, 12 workers), denote+nd_verify 0.7s
[lo/ei_d3_seq_s0 r5] transfer (this round, pass@32) SOLVED 324/500 = 0.648 [0.605,0.689]
  len 7: 78/83 = 0.940 [0.867,0.974]
  len 8: 72/83 = 0.867 [0.778,0.924]
  len 9: 34/83 = 0.410 [0.310,0.517]
  len 10: 48/83 = 0.578 [0.471,0.679]
  len 11: 42/83 = 0.506 [0.401,0.611]
  len 12: 50/85 = 0.588 [0.482,0.687]
  written hist {0: 1, 7: 214, 8: 115, 9: 54, 10: 14, 11: 1}
  pruned hist {0: 1, 5: 5, 6: 109, 7: 132, 8: 105, 9: 36, 10: 11}
  frontier written 10 pruned 10
  reasons [('LEANREJ axiom:[sorryAx]', 7413), ('LEANPARSE no-eos', 9)]
[lo/ei_d3_seq_s0 r5] transfer (cumulative 160 attempts) SOLVED 343/500 = 0.686 [0.644,0.725]
  len 7: 82/83 = 0.988 [0.935,0.998]
  len 8: 74/83 = 0.892 [0.807,0.942]
  len 9: 37/83 = 0.446 [0.344,0.553]
  len 10: 48/83 = 0.578 [0.471,0.679]
  len 11: 48/83 = 0.578 [0.471,0.679]
  len 12: 54/85 = 0.635 [0.529,0.730]
  written hist {0: 5, 7: 237, 8: 158, 9: 69, 10: 21, 11: 3}
  pruned hist {0: 5, 5: 9, 6: 126, 7: 169, 8: 122, 9: 44, 10: 17, 11: 1}
  frontier written 10 pruned 10
  reasons []
[lean_gate] 500 samples, no-eos 0, distinct checked 500: both ok 275, lean-only 0, nd-only 0, both rej 225; lean 4.3s wall (7.6s proc, 12 workers), denote+nd_verify 0.2s
[lo/ei_d3_seq_s0 r5] transfer greedy SOLVED 275/500 = 0.550 [0.506,0.593]
  len 7: 67/83 = 0.807 [0.710,0.878]
  len 8: 66/83 = 0.795 [0.696,0.868]
  len 9: 25/83 = 0.301 [0.213,0.407]
  len 10: 38/83 = 0.458 [0.355,0.565]
  len 11: 38/83 = 0.458 [0.355,0.565]
  len 12: 41/85 = 0.482 [0.379,0.587]
  written hist {7: 172, 8: 78, 9: 22, 10: 3}
  pruned hist {5: 2, 6: 90, 7: 84, 8: 80, 9: 16, 10: 3}
  frontier written 9 pruned 9
  reasons [('LEANREJ axiom:[sorryAx]', 225)]
[lean_gate] 5000 samples, no-eos 0, distinct checked 5000: both ok 4816, lean-only 2, nd-only 0, both rej 182; lean 7.0s wall (58.6s proc, 12 workers), denote+nd_verify 1.1s
[lo/ei_d3_seq_s0 r5] heldout greedy SOLVED 4818/5000 = 0.964 [0.958,0.968]
  len 2: 998/1000 = 0.998 [0.993,0.999]
  len 3: 988/1000 = 0.988 [0.979,0.993]
  len 4: 962/1000 = 0.962 [0.948,0.972]
  len 5: 946/1000 = 0.946 [0.930,0.958]
  len 6: 924/1000 = 0.924 [0.906,0.939]
  written hist {0: 2, 2: 1013, 3: 985, 4: 945, 5: 977, 6: 892, 7: 2, 8: 2}
  pruned hist {0: 2, 2: 1015, 3: 985, 4: 952, 5: 975, 6: 886, 7: 1, 8: 2}
  frontier written 6 pruned 6
  reasons [('LEANREJ axiom:[sorryAx]', 182)]
python3 train.py --data artifacts/lo/ei_d3_seq_s0/mix_5.jsonl --init ckpts/lo/ei_d3_seq_s0_r4.pt --steps 600 --lr 0.0003 --min_lr 2.9999999999999997e-05 --warmup 50 --cap 0 --out ckpts/lo/ei_d3_seq_s0_r5.pt --seed 5 --log_every 200
params 3214336 mode lean_seq shift True
train records 23660 max len 440
step 200 loss 0.0471 lr 2.53e-04 23s
step 400 loss 0.0442 lr 1.09e-04 44s
step 600 loss 0.0441 lr 3.00e-05 62s
saved ckpts/lo/ei_d3_seq_s0_r5.pt
=== round 5 done in 394s; new proofs 68; cum targets solved 673
[lean_gate] 32000 samples, no-eos 1, distinct checked 3514: both ok 1125, lean-only 15, nd-only 0, both rej 2374; lean 5.1s wall (55.2s proc, 12 workers), denote+nd_verify 1.1s
[lo/ei_d3_seq_s0 r6] targets (this round, pass@32) SOLVED 686/1000 = 0.686 [0.657,0.714]
  len 7: 163/166 = 0.982 [0.948,0.994]
  len 8: 145/166 = 0.873 [0.814,0.916]
  len 9: 79/166 = 0.476 [0.401,0.552]
  len 10: 95/166 = 0.572 [0.496,0.645]
  len 11: 91/166 = 0.548 [0.472,0.622]
  len 12: 113/170 = 0.665 [0.591,0.731]
  written hist {0: 15, 7: 504, 8: 277, 9: 140, 10: 32, 11: 5}
  pruned hist {0: 15, 5: 34, 6: 245, 7: 329, 8: 232, 9: 91, 10: 24, 11: 3}
  frontier written 11 pruned 10
  reasons [('LEANREJ axiom:[sorryAx]', 10978), ('LEANPARSE no-eos', 1)]
[lo/ei_d3_seq_s0 r6] targets (cumulative 192 attempts) SOLVED 686/1000 = 0.686 [0.657,0.714]
  len 7: 163/166 = 0.982 [0.948,0.994]
  len 8: 145/166 = 0.873 [0.814,0.916]
  len 9: 79/166 = 0.476 [0.401,0.552]
  len 10: 95/166 = 0.572 [0.496,0.645]
  len 11: 91/166 = 0.548 [0.472,0.622]
  len 12: 113/170 = 0.665 [0.591,0.731]
  written hist {0: 17, 7: 513, 8: 288, 9: 142, 10: 32, 11: 5}
  pruned hist {0: 17, 5: 35, 6: 257, 7: 334, 8: 235, 9: 92, 10: 24, 11: 3}
  frontier written 11 pruned 10
  reasons []
[lean_gate] 16000 samples, no-eos 11, distinct checked 2068: both ok 478, lean-only 4, nd-only 0, both rej 1586; lean 5.0s wall (31.1s proc, 12 workers), denote+nd_verify 0.7s
[lo/ei_d3_seq_s0 r6] transfer (this round, pass@32) SOLVED 334/500 = 0.668 [0.626,0.708]
  len 7: 81/83 = 0.976 [0.916,0.993]
  len 8: 76/83 = 0.916 [0.836,0.959]
  len 9: 37/83 = 0.446 [0.344,0.553]
  len 10: 48/83 = 0.578 [0.471,0.679]
  len 11: 41/83 = 0.494 [0.389,0.599]
  len 12: 51/85 = 0.600 [0.494,0.698]
  written hist {0: 4, 7: 214, 8: 135, 9: 57, 10: 13}
  pruned hist {0: 4, 5: 3, 6: 112, 7: 138, 8: 116, 9: 40, 10: 10}
  frontier written 10 pruned 10
  reasons [('LEANREJ axiom:[sorryAx]', 7484), ('LEANPARSE no-eos', 11)]
[lo/ei_d3_seq_s0 r6] transfer (cumulative 192 attempts) SOLVED 351/500 = 0.702 [0.660,0.740]
  len 7: 82/83 = 0.988 [0.935,0.998]
  len 8: 76/83 = 0.916 [0.836,0.959]
  len 9: 40/83 = 0.482 [0.378,0.588]
  len 10: 50/83 = 0.602 [0.495,0.701]
  len 11: 48/83 = 0.578 [0.471,0.679]
  len 12: 55/85 = 0.647 [0.541,0.740]
  written hist {0: 7, 7: 239, 8: 175, 9: 77, 10: 25, 11: 3}
  pruned hist {0: 7, 5: 9, 6: 131, 7: 174, 8: 132, 9: 52, 10: 20, 11: 1}
  frontier written 10 pruned 10
  reasons []
[lean_gate] 500 samples, no-eos 0, distinct checked 500: both ok 273, lean-only 0, nd-only 0, both rej 227; lean 4.3s wall (7.6s proc, 12 workers), denote+nd_verify 0.2s
[lo/ei_d3_seq_s0 r6] transfer greedy SOLVED 273/500 = 0.546 [0.502,0.589]
  len 7: 64/83 = 0.771 [0.670,0.848]
  len 8: 66/83 = 0.795 [0.696,0.868]
  len 9: 24/83 = 0.289 [0.203,0.394]
  len 10: 37/83 = 0.446 [0.344,0.553]
  len 11: 37/83 = 0.446 [0.344,0.553]
  len 12: 45/85 = 0.529 [0.424,0.632]
  written hist {7: 169, 8: 82, 9: 22}
  pruned hist {5: 3, 6: 93, 7: 81, 8: 78, 9: 18}
  frontier written 9 pruned 9
  reasons [('LEANREJ axiom:[sorryAx]', 227)]
[lean_gate] 5000 samples, no-eos 1, distinct checked 4999: both ok 4799, lean-only 1, nd-only 0, both rej 199; lean 7.3s wall (63.1s proc, 12 workers), denote+nd_verify 1.1s
[lo/ei_d3_seq_s0 r6] heldout greedy SOLVED 4800/5000 = 0.960 [0.954,0.965]
  len 2: 998/1000 = 0.998 [0.993,0.999]
  len 3: 989/1000 = 0.989 [0.980,0.994]
  len 4: 956/1000 = 0.956 [0.941,0.967]
  len 5: 931/1000 = 0.931 [0.914,0.945]
  len 6: 926/1000 = 0.926 [0.908,0.941]
  written hist {0: 1, 2: 1015, 3: 988, 4: 937, 5: 975, 6: 881, 7: 3}
  pruned hist {0: 1, 2: 1015, 3: 989, 4: 942, 5: 972, 6: 879, 7: 2}
  frontier written 6 pruned 6
  reasons [('LEANREJ axiom:[sorryAx]', 199), ('LEANPARSE no-eos', 1)]
python3 train.py --data artifacts/lo/ei_d3_seq_s0/mix_6.jsonl --init ckpts/lo/ei_d3_seq_s0_r5.pt --steps 600 --lr 0.0003 --min_lr 2.9999999999999997e-05 --warmup 50 --cap 0 --out ckpts/lo/ei_d3_seq_s0_r6.pt --seed 6 --log_every 200
params 3214336 mode lean_seq shift True
train records 23792 max len 442
step 200 loss 0.0464 lr 2.53e-04 23s
step 400 loss 0.0483 lr 1.09e-04 48s
step 600 loss 0.0458 lr 3.00e-05 69s
saved ckpts/lo/ei_d3_seq_s0_r6.pt
=== round 6 done in 409s; new proofs 39; cum targets solved 686
[lean_gate] 32000 samples, no-eos 1, distinct checked 3490: both ok 1196, lean-only 25, nd-only 0, both rej 2269; lean 5.5s wall (55.4s proc, 12 workers), denote+nd_verify 1.1s
[lo/ei_d3_seq_s0 r7] targets (this round, pass@32) SOLVED 694/1000 = 0.694 [0.665,0.722]
  len 7: 163/166 = 0.982 [0.948,0.994]
  len 8: 145/166 = 0.873 [0.814,0.916]
  len 9: 81/166 = 0.488 [0.413,0.563]
  len 10: 97/166 = 0.584 [0.508,0.657]
  len 11: 94/166 = 0.566 [0.490,0.639]
  len 12: 114/170 = 0.671 [0.597,0.737]
  written hist {0: 25, 7: 507, 8: 292, 9: 149, 10: 37, 11: 7, 12: 1}
  pruned hist {0: 25, 5: 32, 6: 252, 7: 342, 8: 235, 9: 99, 10: 29, 11: 4}
  frontier written 11 pruned 10
  reasons [('LEANREJ axiom:[sorryAx]', 10576), ('LEANPARSE no-eos', 1)]
[lo/ei_d3_seq_s0 r7] targets (cumulative 224 attempts) SOLVED 694/1000 = 0.694 [0.665,0.722]
  len 7: 163/166 = 0.982 [0.948,0.994]
  len 8: 145/166 = 0.873 [0.814,0.916]
  len 9: 81/166 = 0.488 [0.413,0.563]
  len 10: 97/166 = 0.584 [0.508,0.657]
  len 11: 94/166 = 0.566 [0.490,0.639]
  len 12: 114/170 = 0.671 [0.597,0.737]
  written hist {0: 26, 7: 520, 8: 299, 9: 152, 10: 37, 11: 7, 12: 1}
  pruned hist {0: 26, 5: 38, 6: 261, 7: 346, 8: 237, 9: 101, 10: 29, 11: 4}
  frontier written 11 pruned 10
  reasons []
[lean_gate] 16000 samples, no-eos 9, distinct checked 1982: both ok 492, lean-only 3, nd-only 0, both rej 1487; lean 4.8s wall (30.1s proc, 12 workers), denote+nd_verify 0.6s
[lo/ei_d3_seq_s0 r7] transfer (this round, pass@32) SOLVED 329/500 = 0.658 [0.615,0.698]
  len 7: 78/83 = 0.940 [0.867,0.974]
  len 8: 74/83 = 0.892 [0.807,0.942]
  len 9: 36/83 = 0.434 [0.332,0.541]
  len 10: 48/83 = 0.578 [0.471,0.679]
  len 11: 44/83 = 0.530 [0.424,0.634]
  len 12: 49/85 = 0.576 [0.470,0.676]
  written hist {0: 3, 7: 211, 8: 123, 9: 60, 10: 20, 11: 2}
  pruned hist {0: 3, 5: 5, 6: 108, 7: 128, 8: 114, 9: 44, 10: 16, 11: 1}
  frontier written 10 pruned 10
  reasons [('LEANREJ axiom:[sorryAx]', 7327), ('LEANPARSE no-eos', 9)]
[lo/ei_d3_seq_s0 r7] transfer (cumulative 224 attempts) SOLVED 357/500 = 0.714 [0.673,0.752]
  len 7: 82/83 = 0.988 [0.935,0.998]
  len 8: 76/83 = 0.916 [0.836,0.959]
  len 9: 44/83 = 0.530 [0.424,0.634]
  len 10: 51/83 = 0.614 [0.507,0.712]
  len 11: 49/83 = 0.590 [0.483,0.690]
  len 12: 55/85 = 0.647 [0.541,0.740]
  written hist {0: 8, 7: 239, 8: 180, 9: 84, 10: 30, 11: 4}
  pruned hist {0: 8, 5: 9, 6: 132, 7: 176, 8: 136, 9: 60, 10: 22, 11: 2}
  frontier written 10 pruned 10
  reasons []
[lean_gate] 500 samples, no-eos 0, distinct checked 500: both ok 286, lean-only 0, nd-only 0, both rej 214; lean 4.5s wall (7.9s proc, 12 workers), denote+nd_verify 0.5s
[lo/ei_d3_seq_s0 r7] transfer greedy SOLVED 286/500 = 0.572 [0.528,0.615]
  len 7: 71/83 = 0.855 [0.764,0.915]
  len 8: 66/83 = 0.795 [0.696,0.868]
  len 9: 27/83 = 0.325 [0.234,0.432]
  len 10: 40/83 = 0.482 [0.378,0.588]
  len 11: 38/83 = 0.458 [0.355,0.565]
  len 12: 44/85 = 0.518 [0.413,0.621]
  written hist {7: 175, 8: 78, 9: 27, 10: 6}
  pruned hist {5: 3, 6: 89, 7: 91, 8: 78, 9: 20, 10: 5}
  frontier written 10 pruned 10
  reasons [('LEANREJ axiom:[sorryAx]', 214)]
[lean_gate] 5000 samples, no-eos 0, distinct checked 5000: both ok 4817, lean-only 1, nd-only 0, both rej 182; lean 8.5s wall (62.6s proc, 12 workers), denote+nd_verify 1.1s
[lo/ei_d3_seq_s0 r7] heldout greedy SOLVED 4818/5000 = 0.964 [0.958,0.968]
  len 2: 996/1000 = 0.996 [0.990,0.998]
  len 3: 990/1000 = 0.990 [0.982,0.995]
  len 4: 957/1000 = 0.957 [0.943,0.968]
  len 5: 941/1000 = 0.941 [0.925,0.954]
  len 6: 934/1000 = 0.934 [0.917,0.948]
  written hist {0: 1, 2: 1016, 3: 980, 4: 940, 5: 972, 6: 906, 7: 2, 8: 1}
  pruned hist {0: 1, 2: 1016, 3: 980, 4: 947, 5: 971, 6: 900, 7: 2, 8: 1}
  frontier written 6 pruned 6
  reasons [('LEANREJ axiom:[sorryAx]', 182)]
python3 train.py --data artifacts/lo/ei_d3_seq_s0/mix_7.jsonl --init ckpts/lo/ei_d3_seq_s0_r6.pt --steps 600 --lr 0.0003 --min_lr 2.9999999999999997e-05 --warmup 50 --cap 0 --out ckpts/lo/ei_d3_seq_s0_r7.pt --seed 7 --log_every 200
params 3214336 mode lean_seq shift True
train records 23932 max len 440
step 200 loss 0.0448 lr 2.53e-04 25s
step 400 loss 0.0437 lr 1.09e-04 48s
step 600 loss 0.0437 lr 3.00e-05 74s
saved ckpts/lo/ei_d3_seq_s0_r7.pt
=== round 7 done in 389s; new proofs 45; cum targets solved 694
[lean_gate] 32000 samples, no-eos 1, distinct checked 3481: both ok 1142, lean-only 31, nd-only 0, both rej 2308; lean 5.3s wall (55.3s proc, 12 workers), denote+nd_verify 1.1s
[lo/ei_d3_seq_s0 r8] targets (this round, pass@32) SOLVED 704/1000 = 0.704 [0.675,0.731]
  len 7: 164/166 = 0.988 [0.957,0.997]
  len 8: 146/166 = 0.880 [0.821,0.921]
  len 9: 84/166 = 0.506 [0.431,0.581]
  len 10: 101/166 = 0.608 [0.533,0.679]
  len 11: 94/166 = 0.566 [0.490,0.639]
  len 12: 115/170 = 0.676 [0.603,0.742]
  written hist {0: 31, 7: 521, 8: 290, 9: 164, 10: 42, 11: 9, 12: 1}
  pruned hist {0: 31, 5: 36, 6: 257, 7: 350, 8: 235, 9: 112, 10: 32, 11: 5}
  frontier written 11 pruned 11
  reasons [('LEANREJ axiom:[sorryAx]', 10319), ('LEANPARSE no-eos', 1)]
[lo/ei_d3_seq_s0 r8] targets (cumulative 256 attempts) SOLVED 704/1000 = 0.704 [0.675,0.731]
  len 7: 164/166 = 0.988 [0.957,0.997]
  len 8: 146/166 = 0.880 [0.821,0.921]
  len 9: 84/166 = 0.506 [0.431,0.581]
  len 10: 101/166 = 0.608 [0.533,0.679]
  len 11: 94/166 = 0.566 [0.490,0.639]
  len 12: 115/170 = 0.676 [0.603,0.742]
  written hist {0: 32, 7: 528, 8: 308, 9: 166, 10: 43, 11: 9, 12: 1}
  pruned hist {0: 32, 5: 41, 6: 267, 7: 355, 8: 241, 9: 113, 10: 33, 11: 5}
  frontier written 11 pruned 11
  reasons []
[lean_gate] 16000 samples, no-eos 13, distinct checked 2040: both ok 514, lean-only 7, nd-only 0, both rej 1519; lean 4.8s wall (31.3s proc, 12 workers), denote+nd_verify 0.7s
[lo/ei_d3_seq_s0 r8] transfer (this round, pass@32) SOLVED 339/500 = 0.678 [0.636,0.717]
  len 7: 82/83 = 0.988 [0.935,0.998]
  len 8: 72/83 = 0.867 [0.778,0.924]
  len 9: 39/83 = 0.470 [0.366,0.576]
  len 10: 48/83 = 0.578 [0.471,0.679]
  len 11: 45/83 = 0.542 [0.435,0.645]
  len 12: 53/85 = 0.624 [0.517,0.719]
  written hist {0: 7, 7: 220, 8: 135, 9: 75, 10: 24, 11: 3}
  pruned hist {0: 7, 5: 5, 6: 116, 7: 146, 8: 123, 9: 49, 10: 16, 11: 2}
  frontier written 10 pruned 10
  reasons [('LEANREJ axiom:[sorryAx]', 7135), ('LEANPARSE no-eos', 13)]
[lo/ei_d3_seq_s0 r8] transfer (cumulative 256 attempts) SOLVED 363/500 = 0.726 [0.685,0.763]
  len 7: 82/83 = 0.988 [0.935,0.998]
  len 8: 76/83 = 0.916 [0.836,0.959]
  len 9: 46/83 = 0.554 [0.447,0.656]
  len 10: 52/83 = 0.627 [0.519,0.723]
  len 11: 50/83 = 0.602 [0.495,0.701]
  len 12: 57/85 = 0.671 [0.565,0.761]
  written hist {0: 12, 7: 244, 8: 188, 9: 93, 10: 35, 11: 5}
  pruned hist {0: 12, 5: 9, 6: 141, 7: 183, 8: 144, 9: 63, 10: 22, 11: 3}
  frontier written 11 pruned 10
  reasons []
[lean_gate] 500 samples, no-eos 0, distinct checked 500: both ok 286, lean-only 0, nd-only 0, both rej 214; lean 4.4s wall (7.6s proc, 12 workers), denote+nd_verify 0.5s
[lo/ei_d3_seq_s0 r8] transfer greedy SOLVED 286/500 = 0.572 [0.528,0.615]
  len 7: 72/83 = 0.867 [0.778,0.924]
  len 8: 65/83 = 0.783 [0.683,0.858]
  len 9: 30/83 = 0.361 [0.266,0.469]
  len 10: 38/83 = 0.458 [0.355,0.565]
  len 11: 36/83 = 0.434 [0.332,0.541]
  len 12: 45/85 = 0.529 [0.424,0.632]
  written hist {7: 173, 8: 78, 9: 29, 10: 6}
  pruned hist {5: 2, 6: 90, 7: 88, 8: 78, 9: 24, 10: 4}
  frontier written 10 pruned 9
  reasons [('LEANREJ axiom:[sorryAx]', 214)]
[lean_gate] 5000 samples, no-eos 0, distinct checked 5000: both ok 4816, lean-only 2, nd-only 0, both rej 182; lean 7.2s wall (59.1s proc, 12 workers), denote+nd_verify 1.1s
[lo/ei_d3_seq_s0 r8] heldout greedy SOLVED 4818/5000 = 0.964 [0.958,0.968]
  len 2: 999/1000 = 0.999 [0.994,1.000]
  len 3: 992/1000 = 0.992 [0.984,0.996]
  len 4: 962/1000 = 0.962 [0.948,0.972]
  len 5: 929/1000 = 0.929 [0.911,0.943]
  len 6: 936/1000 = 0.936 [0.919,0.950]
  written hist {0: 2, 2: 1019, 3: 989, 4: 953, 5: 955, 6: 897, 7: 2, 8: 1}
  pruned hist {0: 2, 2: 1019, 3: 993, 4: 954, 5: 955, 6: 892, 7: 2, 8: 1}
  frontier written 6 pruned 6
  reasons [('LEANREJ axiom:[sorryAx]', 182)]
python3 train.py --data artifacts/lo/ei_d3_seq_s0/mix_8.jsonl --init ckpts/lo/ei_d3_seq_s0_r7.pt --steps 600 --lr 0.0003 --min_lr 2.9999999999999997e-05 --warmup 50 --cap 0 --out ckpts/lo/ei_d3_seq_s0_r8.pt --seed 8 --log_every 200
params 3214336 mode lean_seq shift True
train records 24076 max len 440
step 200 loss 0.0453 lr 2.53e-04 21s
step 400 loss 0.0450 lr 1.09e-04 42s
step 600 loss 0.0431 lr 3.00e-05 62s
saved ckpts/lo/ei_d3_seq_s0_r8.pt
=== round 8 done in 346s; new proofs 45; cum targets solved 704
END 2026-09-22T07:53:53Z
