START 2026-09-22T06:45:53Z until [ -f artifacts/lo/timing_d3_seq.done ]; do sleep 30; done; python3 expert_iter.py --init ckpts/lo/stage1_a1_seq_s0.pt --name lo/frozen_d3_seq_s0 --targets data/lo/targets_depth3.jsonl --transfer data/lo/transfer_depth3.jsonl --heldout data/p2/heldout.jsonl --train data/p2/train_depth3_f0_a1.jsonl --rounds 8 --k 32 --temperature 0.8 --batch 768 --seed 0 --no_train
[lean_gate] 32000 samples, no-eos 37, distinct checked 7550: both ok 411, lean-only 0, nd-only 0, both rej 7139; lean 12.9s wall (116.7s proc, 12 workers), denote+nd_verify 2.2s
[lo/frozen_d3_seq_s0 r1] targets (this round, pass@32) SOLVED 308/1000 = 0.308 [0.280,0.337]
  len 7: 102/166 = 0.614 [0.539,0.685]
  len 8: 34/166 = 0.205 [0.150,0.273]
  len 9: 2/166 = 0.012 [0.003,0.043]
  len 10: 30/166 = 0.181 [0.130,0.246]
  len 11: 66/166 = 0.398 [0.326,0.474]
  len 12: 74/170 = 0.435 [0.363,0.510]
  written hist {7: 300, 8: 56, 9: 1}
  pruned hist {5: 8, 6: 165, 7: 146, 8: 38}
  frontier written 8 pruned 8
  reasons [('LEANREJ axiom:[sorryAx]', 28400), ('LEANPARSE no-eos', 37)]
[lo/frozen_d3_seq_s0 r1] targets (cumulative 32 attempts) SOLVED 308/1000 = 0.308 [0.280,0.337]
  len 7: 102/166 = 0.614 [0.539,0.685]
  len 8: 34/166 = 0.205 [0.150,0.273]
  len 9: 2/166 = 0.012 [0.003,0.043]
  len 10: 30/166 = 0.181 [0.130,0.246]
  len 11: 66/166 = 0.398 [0.326,0.474]
  len 12: 74/170 = 0.435 [0.363,0.510]
  written hist {7: 300, 8: 56, 9: 1}
  pruned hist {5: 8, 6: 165, 7: 146, 8: 38}
  frontier written 8 pruned 8
  reasons []
[lean_gate] 16000 samples, no-eos 37, distinct checked 3808: both ok 227, lean-only 3, nd-only 0, both rej 3578; lean 7.8s wall (59.0s proc, 12 workers), denote+nd_verify 1.1s
[lo/frozen_d3_seq_s0 r1] transfer (this round, pass@32) SOLVED 171/500 = 0.342 [0.302,0.385]
  len 7: 47/83 = 0.566 [0.459,0.668]
  len 8: 20/83 = 0.241 [0.162,0.343]
  len 9: 4/83 = 0.048 [0.019,0.117]
  len 10: 25/83 = 0.301 [0.213,0.407]
  len 11: 31/83 = 0.373 [0.277,0.481]
  len 12: 44/85 = 0.518 [0.413,0.621]
  written hist {0: 3, 7: 153, 8: 37, 9: 5}
  pruned hist {0: 3, 5: 6, 6: 91, 7: 72, 8: 23, 9: 3}
  frontier written 9 pruned 8
  reasons [('LEANREJ axiom:[sorryAx]', 13976), ('LEANPARSE no-eos', 37)]
[lo/frozen_d3_seq_s0 r1] transfer (cumulative 32 attempts) SOLVED 171/500 = 0.342 [0.302,0.385]
  len 7: 47/83 = 0.566 [0.459,0.668]
  len 8: 20/83 = 0.241 [0.162,0.343]
  len 9: 4/83 = 0.048 [0.019,0.117]
  len 10: 25/83 = 0.301 [0.213,0.407]
  len 11: 31/83 = 0.373 [0.277,0.481]
  len 12: 44/85 = 0.518 [0.413,0.621]
  written hist {0: 3, 7: 153, 8: 37, 9: 5}
  pruned hist {0: 3, 5: 6, 6: 91, 7: 72, 8: 23, 9: 3}
  frontier written 9 pruned 8
  reasons []
[lean_gate] 500 samples, no-eos 1, distinct checked 499: both ok 75, lean-only 0, nd-only 0, both rej 424; lean 4.4s wall (7.8s proc, 12 workers), denote+nd_verify 0.1s
[lo/frozen_d3_seq_s0 r1] transfer greedy SOLVED 75/500 = 0.150 [0.121,0.184]
  len 7: 11/83 = 0.133 [0.076,0.222]
  len 8: 4/83 = 0.048 [0.019,0.117]
  len 9: 0/83 = 0.000 [0.000,0.044]
  len 10: 7/83 = 0.084 [0.041,0.164]
  len 11: 21/83 = 0.253 [0.172,0.356]
  len 12: 32/85 = 0.376 [0.281,0.483]
  written hist {7: 70, 8: 5}
  pruned hist {5: 1, 6: 52, 7: 19, 8: 3}
  frontier written 8 pruned 7
  reasons [('LEANREJ axiom:[sorryAx]', 424), ('LEANPARSE no-eos', 1)]
[lean_gate] 5000 samples, no-eos 0, distinct checked 5000: both ok 4577, lean-only 1, nd-only 0, both rej 422; lean 8.3s wall (61.5s proc, 12 workers), denote+nd_verify 1.1s
[lo/frozen_d3_seq_s0 r1] heldout greedy SOLVED 4578/5000 = 0.916 [0.908,0.923]
  len 2: 999/1000 = 0.999 [0.994,1.000]
  len 3: 990/1000 = 0.990 [0.982,0.995]
  len 4: 960/1000 = 0.960 [0.946,0.970]
  len 5: 943/1000 = 0.943 [0.927,0.956]
  len 6: 686/1000 = 0.686 [0.657,0.714]
  written hist {0: 1, 2: 1027, 3: 982, 4: 940, 5: 987, 6: 638, 7: 3}
  pruned hist {0: 1, 2: 1028, 3: 983, 4: 947, 5: 979, 6: 638, 7: 2}
  frontier written 6 pruned 6
  reasons [('LEANREJ axiom:[sorryAx]', 422)]
=== round 1 done in 421s; new proofs 357; cum targets solved 308
[lean_gate] 32000 samples, no-eos 33, distinct checked 7461: both ok 429, lean-only 0, nd-only 0, both rej 7032; lean 12.3s wall (112.4s proc, 12 workers), denote+nd_verify 2.1s
[lo/frozen_d3_seq_s0 r2] targets (this round, pass@32) SOLVED 316/1000 = 0.316 [0.288,0.345]
  len 7: 97/166 = 0.584 [0.508,0.657]
  len 8: 36/166 = 0.217 [0.161,0.286]
  len 9: 4/166 = 0.024 [0.009,0.060]
  len 10: 37/166 = 0.223 [0.166,0.292]
  len 11: 63/166 = 0.380 [0.309,0.455]
  len 12: 79/170 = 0.465 [0.391,0.540]
  written hist {7: 307, 8: 63, 9: 4}
  pruned hist {5: 9, 6: 175, 7: 146, 8: 42, 9: 2}
  frontier written 8 pruned 8
  reasons [('LEANREJ axiom:[sorryAx]', 28348), ('LEANPARSE no-eos', 33)]
[lo/frozen_d3_seq_s0 r2] targets (cumulative 64 attempts) SOLVED 357/1000 = 0.357 [0.328,0.387]
  len 7: 119/166 = 0.717 [0.644,0.780]
  len 8: 42/166 = 0.253 [0.193,0.324]
  len 9: 4/166 = 0.024 [0.009,0.060]
  len 10: 40/166 = 0.241 [0.182,0.311]
  len 11: 71/166 = 0.428 [0.355,0.504]
  len 12: 81/170 = 0.476 [0.403,0.551]
  written hist {7: 347, 8: 80, 9: 5}
  pruned hist {5: 11, 6: 188, 7: 179, 8: 52, 9: 2}
  frontier written 9 pruned 8
  reasons []
[lean_gate] 16000 samples, no-eos 39, distinct checked 3908: both ok 215, lean-only 2, nd-only 0, both rej 3691; lean 8.8s wall (62.7s proc, 12 workers), denote+nd_verify 1.1s
[lo/frozen_d3_seq_s0 r2] transfer (this round, pass@32) SOLVED 164/500 = 0.328 [0.288,0.370]
  len 7: 40/83 = 0.482 [0.378,0.588]
  len 8: 23/83 = 0.277 [0.192,0.382]
  len 9: 1/83 = 0.012 [0.002,0.065]
  len 10: 26/83 = 0.313 [0.224,0.419]
  len 11: 30/83 = 0.361 [0.266,0.469]
  len 12: 44/85 = 0.518 [0.413,0.621]
  written hist {0: 2, 7: 143, 8: 43, 9: 1}
  pruned hist {0: 2, 5: 4, 6: 95, 7: 62, 8: 25, 9: 1}
  frontier written 8 pruned 8
  reasons [('LEANREJ axiom:[sorryAx]', 13971), ('LEANPARSE no-eos', 39)]
[lo/frozen_d3_seq_s0 r2] transfer (cumulative 64 attempts) SOLVED 188/500 = 0.376 [0.335,0.419]
  len 7: 50/83 = 0.602 [0.495,0.701]
  len 8: 28/83 = 0.337 [0.245,0.444]
  len 9: 4/83 = 0.048 [0.019,0.117]
  len 10: 28/83 = 0.337 [0.245,0.444]
  len 11: 33/83 = 0.398 [0.299,0.505]
  len 12: 45/85 = 0.529 [0.424,0.632]
  written hist {0: 3, 7: 164, 8: 51, 9: 5}
  pruned hist {0: 3, 5: 7, 6: 100, 7: 80, 8: 30, 9: 3}
  frontier written 9 pruned 8
  reasons []
[lean_gate] 500 samples, no-eos 1, distinct checked 499: both ok 75, lean-only 0, nd-only 0, both rej 424; lean 4.5s wall (7.8s proc, 12 workers), denote+nd_verify 0.1s
[lo/frozen_d3_seq_s0 r2] transfer greedy SOLVED 75/500 = 0.150 [0.121,0.184]
  len 7: 11/83 = 0.133 [0.076,0.222]
  len 8: 4/83 = 0.048 [0.019,0.117]
  len 9: 0/83 = 0.000 [0.000,0.044]
  len 10: 7/83 = 0.084 [0.041,0.164]
  len 11: 21/83 = 0.253 [0.172,0.356]
  len 12: 32/85 = 0.376 [0.281,0.483]
  written hist {7: 70, 8: 5}
  pruned hist {5: 1, 6: 52, 7: 19, 8: 3}
  frontier written 8 pruned 7
  reasons [('LEANREJ axiom:[sorryAx]', 424), ('LEANPARSE no-eos', 1)]
[lean_gate] 5000 samples, no-eos 0, distinct checked 5000: both ok 4577, lean-only 1, nd-only 0, both rej 422; lean 7.2s wall (59.7s proc, 12 workers), denote+nd_verify 1.1s
[lo/frozen_d3_seq_s0 r2] heldout greedy SOLVED 4578/5000 = 0.916 [0.908,0.923]
  len 2: 999/1000 = 0.999 [0.994,1.000]
  len 3: 990/1000 = 0.990 [0.982,0.995]
  len 4: 960/1000 = 0.960 [0.946,0.970]
  len 5: 943/1000 = 0.943 [0.927,0.956]
  len 6: 686/1000 = 0.686 [0.657,0.714]
  written hist {0: 1, 2: 1027, 3: 982, 4: 940, 5: 987, 6: 638, 7: 3}
  pruned hist {0: 1, 2: 1028, 3: 983, 4: 947, 5: 979, 6: 638, 7: 2}
  frontier written 6 pruned 6
  reasons [('LEANREJ axiom:[sorryAx]', 422)]
=== round 2 done in 475s; new proofs 75; cum targets solved 357
[lean_gate] 32000 samples, no-eos 35, distinct checked 7547: both ok 398, lean-only 1, nd-only 0, both rej 7148; lean 12.5s wall (116.6s proc, 12 workers), denote+nd_verify 2.2s
[lo/frozen_d3_seq_s0 r3] targets (this round, pass@32) SOLVED 297/1000 = 0.297 [0.269,0.326]
  len 7: 93/166 = 0.560 [0.484,0.634]
  len 8: 33/166 = 0.199 [0.145,0.266]
  len 9: 2/166 = 0.012 [0.003,0.043]
  len 10: 35/166 = 0.211 [0.156,0.279]
  len 11: 61/166 = 0.367 [0.298,0.443]
  len 12: 73/170 = 0.429 [0.357,0.505]
  written hist {0: 1, 7: 287, 8: 54, 9: 1}
  pruned hist {0: 1, 5: 7, 6: 161, 7: 136, 8: 37, 9: 1}
  frontier written 8 pruned 8
  reasons [('LEANREJ axiom:[sorryAx]', 28355), ('LEANPARSE no-eos', 35)]
[lo/frozen_d3_seq_s0 r3] targets (cumulative 96 attempts) SOLVED 369/1000 = 0.369 [0.340,0.399]
  len 7: 121/166 = 0.729 [0.657,0.791]
  len 8: 48/166 = 0.289 [0.226,0.362]
  len 9: 4/166 = 0.024 [0.009,0.060]
  len 10: 43/166 = 0.259 [0.198,0.331]
  len 11: 72/166 = 0.434 [0.361,0.510]
  len 12: 81/170 = 0.476 [0.403,0.551]
  written hist {0: 1, 7: 358, 8: 89, 9: 5}
  pruned hist {0: 1, 5: 11, 6: 194, 7: 187, 8: 58, 9: 2}
  frontier written 9 pruned 8
  reasons []
[lean_gate] 16000 samples, no-eos 33, distinct checked 3816: both ok 215, lean-only 2, nd-only 0, both rej 3599; lean 8.5s wall (64.7s proc, 12 workers), denote+nd_verify 1.1s
[lo/frozen_d3_seq_s0 r3] transfer (this round, pass@32) SOLVED 167/500 = 0.334 [0.294,0.376]
  len 7: 46/83 = 0.554 [0.447,0.656]
  len 8: 20/83 = 0.241 [0.162,0.343]
  len 9: 4/83 = 0.048 [0.019,0.117]
  len 10: 24/83 = 0.289 [0.203,0.394]
  len 11: 28/83 = 0.337 [0.245,0.444]
  len 12: 45/85 = 0.529 [0.424,0.632]
  written hist {0: 2, 7: 150, 8: 39, 9: 2}
  pruned hist {0: 2, 5: 7, 6: 89, 7: 69, 8: 24, 9: 2}
  frontier written 8 pruned 8
  reasons [('LEANREJ axiom:[sorryAx]', 14017), ('LEANPARSE no-eos', 33)]
[lo/frozen_d3_seq_s0 r3] transfer (cumulative 96 attempts) SOLVED 197/500 = 0.394 [0.352,0.437]
  len 7: 53/83 = 0.639 [0.531,0.734]
  len 8: 32/83 = 0.386 [0.288,0.493]
  len 9: 5/83 = 0.060 [0.026,0.133]
  len 10: 28/83 = 0.337 [0.245,0.444]
  len 11: 34/83 = 0.410 [0.310,0.517]
  len 12: 45/85 = 0.529 [0.424,0.632]
  written hist {0: 3, 7: 171, 8: 58, 9: 5}
  pruned hist {0: 3, 5: 8, 6: 103, 7: 85, 8: 35, 9: 3}
  frontier written 9 pruned 8
  reasons []
[lean_gate] 500 samples, no-eos 1, distinct checked 499: both ok 75, lean-only 0, nd-only 0, both rej 424; lean 4.6s wall (8.3s proc, 12 workers), denote+nd_verify 0.1s
[lo/frozen_d3_seq_s0 r3] transfer greedy SOLVED 75/500 = 0.150 [0.121,0.184]
  len 7: 11/83 = 0.133 [0.076,0.222]
  len 8: 4/83 = 0.048 [0.019,0.117]
  len 9: 0/83 = 0.000 [0.000,0.044]
  len 10: 7/83 = 0.084 [0.041,0.164]
  len 11: 21/83 = 0.253 [0.172,0.356]
  len 12: 32/85 = 0.376 [0.281,0.483]
  written hist {7: 70, 8: 5}
  pruned hist {5: 1, 6: 52, 7: 19, 8: 3}
  frontier written 8 pruned 7
  reasons [('LEANREJ axiom:[sorryAx]', 424), ('LEANPARSE no-eos', 1)]
[lean_gate] 5000 samples, no-eos 0, distinct checked 5000: both ok 4577, lean-only 1, nd-only 0, both rej 422; lean 7.7s wall (64.9s proc, 12 workers), denote+nd_verify 1.1s
[lo/frozen_d3_seq_s0 r3] heldout greedy SOLVED 4578/5000 = 0.916 [0.908,0.923]
  len 2: 999/1000 = 0.999 [0.994,1.000]
  len 3: 990/1000 = 0.990 [0.982,0.995]
  len 4: 960/1000 = 0.960 [0.946,0.970]
  len 5: 943/1000 = 0.943 [0.927,0.956]
  len 6: 686/1000 = 0.686 [0.657,0.714]
  written hist {0: 1, 2: 1027, 3: 982, 4: 940, 5: 987, 6: 638, 7: 3}
  pruned hist {0: 1, 2: 1028, 3: 983, 4: 947, 5: 979, 6: 638, 7: 2}
  frontier written 6 pruned 6
  reasons [('LEANREJ axiom:[sorryAx]', 422)]
=== round 3 done in 362s; new proofs 21; cum targets solved 369
[lean_gate] 32000 samples, no-eos 32, distinct checked 7579: both ok 407, lean-only 1, nd-only 0, both rej 7171; lean 12.7s wall (117.6s proc, 12 workers), denote+nd_verify 2.1s
[lo/frozen_d3_seq_s0 r4] targets (this round, pass@32) SOLVED 300/1000 = 0.300 [0.272,0.329]
  len 7: 99/166 = 0.596 [0.520,0.668]
  len 8: 32/166 = 0.193 [0.140,0.259]
  len 9: 4/166 = 0.024 [0.009,0.060]
  len 10: 29/166 = 0.175 [0.124,0.240]
  len 11: 62/166 = 0.373 [0.304,0.449]
  len 12: 74/170 = 0.435 [0.363,0.510]
  written hist {0: 1, 7: 302, 8: 55, 9: 3, 10: 1}
  pruned hist {0: 1, 5: 15, 6: 166, 7: 141, 8: 37, 9: 2}
  frontier written 8 pruned 8
  reasons [('LEANREJ axiom:[sorryAx]', 28397), ('LEANPARSE no-eos', 32)]
[lo/frozen_d3_seq_s0 r4] targets (cumulative 128 attempts) SOLVED 382/1000 = 0.382 [0.352,0.413]
  len 7: 124/166 = 0.747 [0.676,0.807]
  len 8: 51/166 = 0.307 [0.242,0.381]
  len 9: 6/166 = 0.036 [0.017,0.077]
  len 10: 45/166 = 0.271 [0.209,0.343]
  len 11: 72/166 = 0.434 [0.361,0.510]
  len 12: 84/170 = 0.494 [0.420,0.569]
  written hist {0: 2, 7: 374, 8: 98, 9: 7, 10: 1}
  pruned hist {0: 2, 5: 15, 6: 200, 7: 198, 8: 64, 9: 3}
  frontier written 9 pruned 8
  reasons []
[lean_gate] 16000 samples, no-eos 35, distinct checked 3762: both ok 220, lean-only 2, nd-only 0, both rej 3540; lean 7.6s wall (59.3s proc, 12 workers), denote+nd_verify 1.1s
[lo/frozen_d3_seq_s0 r4] transfer (this round, pass@32) SOLVED 173/500 = 0.346 [0.306,0.389]
  len 7: 51/83 = 0.614 [0.507,0.712]
  len 8: 22/83 = 0.265 [0.182,0.369]
  len 9: 3/83 = 0.036 [0.012,0.101]
  len 10: 23/83 = 0.277 [0.192,0.382]
  len 11: 31/83 = 0.373 [0.277,0.481]
  len 12: 43/85 = 0.506 [0.402,0.610]
  written hist {0: 2, 7: 148, 8: 38, 9: 2}
  pruned hist {0: 2, 5: 5, 6: 87, 7: 71, 8: 24, 9: 1}
  frontier written 8 pruned 8
  reasons [('LEANREJ axiom:[sorryAx]', 13995), ('LEANPARSE no-eos', 35)]
[lo/frozen_d3_seq_s0 r4] transfer (cumulative 128 attempts) SOLVED 209/500 = 0.418 [0.376,0.462]
  len 7: 61/83 = 0.735 [0.631,0.818]
  len 8: 34/83 = 0.410 [0.310,0.517]
  len 9: 6/83 = 0.072 [0.034,0.149]
  len 10: 28/83 = 0.337 [0.245,0.444]
  len 11: 35/83 = 0.422 [0.321,0.529]
  len 12: 45/85 = 0.529 [0.424,0.632]
  written hist {0: 3, 7: 180, 8: 64, 9: 5}
  pruned hist {0: 3, 5: 8, 6: 106, 7: 95, 8: 37, 9: 3}
  frontier written 9 pruned 8
  reasons []
[lean_gate] 500 samples, no-eos 1, distinct checked 499: both ok 75, lean-only 0, nd-only 0, both rej 424; lean 4.3s wall (7.6s proc, 12 workers), denote+nd_verify 0.1s
[lo/frozen_d3_seq_s0 r4] transfer greedy SOLVED 75/500 = 0.150 [0.121,0.184]
  len 7: 11/83 = 0.133 [0.076,0.222]
  len 8: 4/83 = 0.048 [0.019,0.117]
  len 9: 0/83 = 0.000 [0.000,0.044]
  len 10: 7/83 = 0.084 [0.041,0.164]
  len 11: 21/83 = 0.253 [0.172,0.356]
  len 12: 32/85 = 0.376 [0.281,0.483]
  written hist {7: 70, 8: 5}
  pruned hist {5: 1, 6: 52, 7: 19, 8: 3}
  frontier written 8 pruned 7
  reasons [('LEANREJ axiom:[sorryAx]', 424), ('LEANPARSE no-eos', 1)]
[lean_gate] 5000 samples, no-eos 0, distinct checked 5000: both ok 4577, lean-only 1, nd-only 0, both rej 422; lean 8.8s wall (62.4s proc, 12 workers), denote+nd_verify 1.1s
[lo/frozen_d3_seq_s0 r4] heldout greedy SOLVED 4578/5000 = 0.916 [0.908,0.923]
  len 2: 999/1000 = 0.999 [0.994,1.000]
  len 3: 990/1000 = 0.990 [0.982,0.995]
  len 4: 960/1000 = 0.960 [0.946,0.970]
  len 5: 943/1000 = 0.943 [0.927,0.956]
  len 6: 686/1000 = 0.686 [0.657,0.714]
  written hist {0: 1, 2: 1027, 3: 982, 4: 940, 5: 987, 6: 638, 7: 3}
  pruned hist {0: 1, 2: 1028, 3: 983, 4: 947, 5: 979, 6: 638, 7: 2}
  frontier written 6 pruned 6
  reasons [('LEANREJ axiom:[sorryAx]', 422)]
=== round 4 done in 379s; new proofs 29; cum targets solved 382
[lean_gate] 32000 samples, no-eos 30, distinct checked 7456: both ok 408, lean-only 0, nd-only 0, both rej 7048; lean 12.0s wall (117.7s proc, 12 workers), denote+nd_verify 2.1s
[lo/frozen_d3_seq_s0 r5] targets (this round, pass@32) SOLVED 303/1000 = 0.303 [0.275,0.332]
  len 7: 100/166 = 0.602 [0.526,0.674]
  len 8: 33/166 = 0.199 [0.145,0.266]
  len 9: 1/166 = 0.006 [0.001,0.033]
  len 10: 33/166 = 0.199 [0.145,0.266]
  len 11: 63/166 = 0.380 [0.309,0.455]
  len 12: 73/170 = 0.429 [0.357,0.505]
  written hist {7: 300, 8: 62, 10: 1}
  pruned hist {5: 14, 6: 164, 7: 148, 8: 37}
  frontier written 8 pruned 8
  reasons [('LEANREJ axiom:[sorryAx]', 28346), ('LEANPARSE no-eos', 30)]
[lo/frozen_d3_seq_s0 r5] targets (cumulative 160 attempts) SOLVED 388/1000 = 0.388 [0.358,0.419]
  len 7: 125/166 = 0.753 [0.682,0.812]
  len 8: 53/166 = 0.319 [0.253,0.394]
  len 9: 6/166 = 0.036 [0.017,0.077]
  len 10: 47/166 = 0.283 [0.220,0.356]
  len 11: 73/166 = 0.440 [0.366,0.516]
  len 12: 84/170 = 0.494 [0.420,0.569]
  written hist {0: 2, 7: 385, 8: 112, 9: 7, 10: 2}
  pruned hist {0: 2, 5: 19, 6: 209, 7: 208, 8: 67, 9: 3}
  frontier written 9 pruned 8
  reasons []
[lean_gate] 16000 samples, no-eos 35, distinct checked 3841: both ok 211, lean-only 1, nd-only 0, both rej 3629; lean 8.6s wall (67.6s proc, 12 workers), denote+nd_verify 1.1s
[lo/frozen_d3_seq_s0 r5] transfer (this round, pass@32) SOLVED 170/500 = 0.340 [0.300,0.383]
  len 7: 47/83 = 0.566 [0.459,0.668]
  len 8: 22/83 = 0.265 [0.182,0.369]
  len 9: 3/83 = 0.036 [0.012,0.101]
  len 10: 24/83 = 0.289 [0.203,0.394]
  len 11: 31/83 = 0.373 [0.277,0.481]
  len 12: 43/85 = 0.506 [0.402,0.610]
  written hist {0: 1, 7: 151, 8: 31, 9: 4}
  pruned hist {0: 1, 5: 5, 6: 85, 7: 72, 8: 21, 9: 3}
  frontier written 8 pruned 8
  reasons [('LEANREJ axiom:[sorryAx]', 14001), ('LEANPARSE no-eos', 35)]
[lo/frozen_d3_seq_s0 r5] transfer (cumulative 160 attempts) SOLVED 215/500 = 0.430 [0.387,0.474]
  len 7: 62/83 = 0.747 [0.644,0.828]
  len 8: 37/83 = 0.446 [0.344,0.553]
  len 9: 8/83 = 0.096 [0.050,0.179]
  len 10: 28/83 = 0.337 [0.245,0.444]
  len 11: 35/83 = 0.422 [0.321,0.529]
  len 12: 45/85 = 0.529 [0.424,0.632]
  written hist {0: 3, 7: 183, 8: 67, 9: 7}
  pruned hist {0: 3, 5: 8, 6: 106, 7: 98, 8: 40, 9: 5}
  frontier written 9 pruned 9
  reasons []
[lean_gate] 500 samples, no-eos 1, distinct checked 499: both ok 75, lean-only 0, nd-only 0, both rej 424; lean 4.4s wall (7.7s proc, 12 workers), denote+nd_verify 0.2s
[lo/frozen_d3_seq_s0 r5] transfer greedy SOLVED 75/500 = 0.150 [0.121,0.184]
  len 7: 11/83 = 0.133 [0.076,0.222]
  len 8: 4/83 = 0.048 [0.019,0.117]
  len 9: 0/83 = 0.000 [0.000,0.044]
  len 10: 7/83 = 0.084 [0.041,0.164]
  len 11: 21/83 = 0.253 [0.172,0.356]
  len 12: 32/85 = 0.376 [0.281,0.483]
  written hist {7: 70, 8: 5}
  pruned hist {5: 1, 6: 52, 7: 19, 8: 3}
  frontier written 8 pruned 7
  reasons [('LEANREJ axiom:[sorryAx]', 424), ('LEANPARSE no-eos', 1)]
[lean_gate] 5000 samples, no-eos 0, distinct checked 5000: both ok 4577, lean-only 1, nd-only 0, both rej 422; lean 7.8s wall (65.6s proc, 12 workers), denote+nd_verify 1.1s
[lo/frozen_d3_seq_s0 r5] heldout greedy SOLVED 4578/5000 = 0.916 [0.908,0.923]
  len 2: 999/1000 = 0.999 [0.994,1.000]
  len 3: 990/1000 = 0.990 [0.982,0.995]
  len 4: 960/1000 = 0.960 [0.946,0.970]
  len 5: 943/1000 = 0.943 [0.927,0.956]
  len 6: 686/1000 = 0.686 [0.657,0.714]
  written hist {0: 1, 2: 1027, 3: 982, 4: 940, 5: 987, 6: 638, 7: 3}
  pruned hist {0: 1, 2: 1028, 3: 983, 4: 947, 5: 979, 6: 638, 7: 2}
  frontier written 6 pruned 6
  reasons [('LEANREJ axiom:[sorryAx]', 422)]
=== round 5 done in 372s; new proofs 26; cum targets solved 388
[lean_gate] 32000 samples, no-eos 45, distinct checked 7511: both ok 422, lean-only 1, nd-only 0, both rej 7088; lean 13.4s wall (121.5s proc, 12 workers), denote+nd_verify 2.1s
[lo/frozen_d3_seq_s0 r6] targets (this round, pass@32) SOLVED 315/1000 = 0.315 [0.287,0.344]
  len 7: 99/166 = 0.596 [0.520,0.668]
  len 8: 39/166 = 0.235 [0.177,0.305]
  len 9: 3/166 = 0.018 [0.006,0.052]
  len 10: 37/166 = 0.223 [0.166,0.292]
  len 11: 64/166 = 0.386 [0.315,0.461]
  len 12: 73/170 = 0.429 [0.357,0.505]
  written hist {0: 1, 7: 304, 8: 64, 9: 4}
  pruned hist {0: 1, 5: 9, 6: 176, 7: 142, 8: 45}
  frontier written 8 pruned 8
  reasons [('LEANREJ axiom:[sorryAx]', 28351), ('LEANPARSE no-eos', 45)]
[lo/frozen_d3_seq_s0 r6] targets (cumulative 192 attempts) SOLVED 399/1000 = 0.399 [0.369,0.430]
  len 7: 125/166 = 0.753 [0.682,0.812]
  len 8: 58/166 = 0.349 [0.281,0.425]
  len 9: 7/166 = 0.042 [0.021,0.084]
  len 10: 51/166 = 0.307 [0.242,0.381]
  len 11: 73/166 = 0.440 [0.366,0.516]
  len 12: 85/170 = 0.500 [0.426,0.574]
  written hist {0: 3, 7: 391, 8: 122, 9: 9, 10: 2}
  pruned hist {0: 3, 5: 19, 6: 214, 7: 214, 8: 74, 9: 3}
  frontier written 9 pruned 8
  reasons []
[lean_gate] 16000 samples, no-eos 33, distinct checked 3844: both ok 214, lean-only 2, nd-only 0, both rej 3628; lean 8.4s wall (62.7s proc, 12 workers), denote+nd_verify 1.1s
[lo/frozen_d3_seq_s0 r6] transfer (this round, pass@32) SOLVED 165/500 = 0.330 [0.290,0.372]
  len 7: 48/83 = 0.578 [0.471,0.679]
  len 8: 18/83 = 0.217 [0.142,0.317]
  len 9: 4/83 = 0.048 [0.019,0.117]
  len 10: 24/83 = 0.289 [0.203,0.394]
  len 11: 28/83 = 0.337 [0.245,0.444]
  len 12: 43/85 = 0.506 [0.402,0.610]
  written hist {0: 2, 7: 149, 8: 31, 9: 4}
  pruned hist {0: 2, 5: 6, 6: 87, 7: 69, 8: 18, 9: 4}
  frontier written 8 pruned 8
  reasons [('LEANREJ axiom:[sorryAx]', 14001), ('LEANPARSE no-eos', 33)]
[lo/frozen_d3_seq_s0 r6] transfer (cumulative 192 attempts) SOLVED 221/500 = 0.442 [0.399,0.486]
  len 7: 65/83 = 0.783 [0.683,0.858]
  len 8: 37/83 = 0.446 [0.344,0.553]
  len 9: 9/83 = 0.108 [0.058,0.193]
  len 10: 30/83 = 0.361 [0.266,0.469]
  len 11: 35/83 = 0.422 [0.321,0.529]
  len 12: 45/85 = 0.529 [0.424,0.632]
  written hist {0: 3, 7: 190, 8: 69, 9: 8}
  pruned hist {0: 3, 5: 10, 6: 109, 7: 102, 8: 40, 9: 6}
  frontier written 9 pruned 9
  reasons []
[lean_gate] 500 samples, no-eos 1, distinct checked 499: both ok 75, lean-only 0, nd-only 0, both rej 424; lean 4.5s wall (7.7s proc, 12 workers), denote+nd_verify 0.1s
[lo/frozen_d3_seq_s0 r6] transfer greedy SOLVED 75/500 = 0.150 [0.121,0.184]
  len 7: 11/83 = 0.133 [0.076,0.222]
  len 8: 4/83 = 0.048 [0.019,0.117]
  len 9: 0/83 = 0.000 [0.000,0.044]
  len 10: 7/83 = 0.084 [0.041,0.164]
  len 11: 21/83 = 0.253 [0.172,0.356]
  len 12: 32/85 = 0.376 [0.281,0.483]
  written hist {7: 70, 8: 5}
  pruned hist {5: 1, 6: 52, 7: 19, 8: 3}
  frontier written 8 pruned 7
  reasons [('LEANREJ axiom:[sorryAx]', 424), ('LEANPARSE no-eos', 1)]
[lean_gate] 5000 samples, no-eos 0, distinct checked 5000: both ok 4577, lean-only 1, nd-only 0, both rej 422; lean 7.2s wall (64.6s proc, 12 workers), denote+nd_verify 1.1s
[lo/frozen_d3_seq_s0 r6] heldout greedy SOLVED 4578/5000 = 0.916 [0.908,0.923]
  len 2: 999/1000 = 0.999 [0.994,1.000]
  len 3: 990/1000 = 0.990 [0.982,0.995]
  len 4: 960/1000 = 0.960 [0.946,0.970]
  len 5: 943/1000 = 0.943 [0.927,0.956]
  len 6: 686/1000 = 0.686 [0.657,0.714]
  written hist {0: 1, 2: 1027, 3: 982, 4: 940, 5: 987, 6: 638, 7: 3}
  pruned hist {0: 1, 2: 1028, 3: 983, 4: 947, 5: 979, 6: 638, 7: 2}
  frontier written 6 pruned 6
  reasons [('LEANREJ axiom:[sorryAx]', 422)]
=== round 6 done in 369s; new proofs 19; cum targets solved 399
[lean_gate] 32000 samples, no-eos 27, distinct checked 7606: both ok 409, lean-only 1, nd-only 0, both rej 7196; lean 13.0s wall (116.6s proc, 12 workers), denote+nd_verify 2.1s
[lo/frozen_d3_seq_s0 r7] targets (this round, pass@32) SOLVED 306/1000 = 0.306 [0.278,0.335]
  len 7: 92/166 = 0.554 [0.478,0.628]
  len 8: 39/166 = 0.235 [0.177,0.305]
  len 9: 4/166 = 0.024 [0.009,0.060]
  len 10: 34/166 = 0.205 [0.150,0.273]
  len 11: 61/166 = 0.367 [0.298,0.443]
  len 12: 76/170 = 0.447 [0.374,0.522]
  written hist {0: 1, 7: 293, 8: 62, 9: 1}
  pruned hist {0: 1, 5: 12, 6: 163, 7: 138, 8: 42, 9: 1}
  frontier written 8 pruned 8
  reasons [('LEANREJ axiom:[sorryAx]', 28347), ('LEANPARSE no-eos', 27)]
[lo/frozen_d3_seq_s0 r7] targets (cumulative 224 attempts) SOLVED 403/1000 = 0.403 [0.373,0.434]
  len 7: 126/166 = 0.759 [0.689,0.818]
  len 8: 59/166 = 0.355 [0.287,0.431]
  len 9: 7/166 = 0.042 [0.021,0.084]
  len 10: 51/166 = 0.307 [0.242,0.381]
  len 11: 74/166 = 0.446 [0.372,0.522]
  len 12: 86/170 = 0.506 [0.431,0.580]
  written hist {0: 3, 7: 395, 8: 129, 9: 9, 10: 2}
  pruned hist {0: 3, 5: 20, 6: 215, 7: 220, 8: 77, 9: 3}
  frontier written 9 pruned 8
  reasons []
[lean_gate] 16000 samples, no-eos 36, distinct checked 3774: both ok 221, lean-only 1, nd-only 0, both rej 3552; lean 7.7s wall (59.7s proc, 12 workers), denote+nd_verify 1.1s
[lo/frozen_d3_seq_s0 r7] transfer (this round, pass@32) SOLVED 170/500 = 0.340 [0.300,0.383]
  len 7: 49/83 = 0.590 [0.483,0.690]
  len 8: 19/83 = 0.229 [0.152,0.330]
  len 9: 5/83 = 0.060 [0.026,0.133]
  len 10: 23/83 = 0.277 [0.192,0.382]
  len 11: 31/83 = 0.373 [0.277,0.481]
  len 12: 43/85 = 0.506 [0.402,0.610]
  written hist {0: 1, 7: 148, 8: 39, 9: 3}
  pruned hist {0: 1, 5: 2, 6: 90, 7: 70, 8: 25, 9: 3}
  frontier written 8 pruned 8
  reasons [('LEANREJ axiom:[sorryAx]', 14010), ('LEANPARSE no-eos', 36)]
[lo/frozen_d3_seq_s0 r7] transfer (cumulative 224 attempts) SOLVED 226/500 = 0.452 [0.409,0.496]
  len 7: 66/83 = 0.795 [0.696,0.868]
  len 8: 38/83 = 0.458 [0.355,0.565]
  len 9: 9/83 = 0.108 [0.058,0.193]
  len 10: 31/83 = 0.373 [0.277,0.481]
  len 11: 37/83 = 0.446 [0.344,0.553]
  len 12: 45/85 = 0.529 [0.424,0.632]
  written hist {0: 3, 7: 194, 8: 73, 9: 8}
  pruned hist {0: 3, 5: 10, 6: 112, 7: 105, 8: 42, 9: 6}
  frontier written 9 pruned 9
  reasons []
[lean_gate] 500 samples, no-eos 1, distinct checked 499: both ok 75, lean-only 0, nd-only 0, both rej 424; lean 6.3s wall (9.6s proc, 12 workers), denote+nd_verify 0.1s
[lo/frozen_d3_seq_s0 r7] transfer greedy SOLVED 75/500 = 0.150 [0.121,0.184]
  len 7: 11/83 = 0.133 [0.076,0.222]
  len 8: 4/83 = 0.048 [0.019,0.117]
  len 9: 0/83 = 0.000 [0.000,0.044]
  len 10: 7/83 = 0.084 [0.041,0.164]
  len 11: 21/83 = 0.253 [0.172,0.356]
  len 12: 32/85 = 0.376 [0.281,0.483]
  written hist {7: 70, 8: 5}
  pruned hist {5: 1, 6: 52, 7: 19, 8: 3}
  frontier written 8 pruned 7
  reasons [('LEANREJ axiom:[sorryAx]', 424), ('LEANPARSE no-eos', 1)]
[lean_gate] 5000 samples, no-eos 0, distinct checked 5000: both ok 4577, lean-only 1, nd-only 0, both rej 422; lean 7.2s wall (58.4s proc, 12 workers), denote+nd_verify 1.1s
[lo/frozen_d3_seq_s0 r7] heldout greedy SOLVED 4578/5000 = 0.916 [0.908,0.923]
  len 2: 999/1000 = 0.999 [0.994,1.000]
  len 3: 990/1000 = 0.990 [0.982,0.995]
  len 4: 960/1000 = 0.960 [0.946,0.970]
  len 5: 943/1000 = 0.943 [0.927,0.956]
  len 6: 686/1000 = 0.686 [0.657,0.714]
  written hist {0: 1, 2: 1027, 3: 982, 4: 940, 5: 987, 6: 638, 7: 3}
  pruned hist {0: 1, 2: 1028, 3: 983, 4: 947, 5: 979, 6: 638, 7: 2}
  frontier written 6 pruned 6
  reasons [('LEANREJ axiom:[sorryAx]', 422)]
=== round 7 done in 382s; new proofs 11; cum targets solved 403
[lean_gate] 32000 samples, no-eos 32, distinct checked 7452: both ok 412, lean-only 0, nd-only 0, both rej 7040; lean 12.5s wall (119.1s proc, 12 workers), denote+nd_verify 2.1s
[lo/frozen_d3_seq_s0 r8] targets (this round, pass@32) SOLVED 305/1000 = 0.305 [0.277,0.334]
  len 7: 96/166 = 0.578 [0.502,0.651]
  len 8: 33/166 = 0.199 [0.145,0.266]
  len 9: 3/166 = 0.018 [0.006,0.052]
  len 10: 34/166 = 0.205 [0.150,0.273]
  len 11: 63/166 = 0.380 [0.309,0.455]
  len 12: 76/170 = 0.447 [0.374,0.522]
  written hist {7: 293, 8: 64, 9: 3}
  pruned hist {5: 13, 6: 168, 7: 139, 8: 38, 9: 2}
  frontier written 8 pruned 8
  reasons [('LEANREJ axiom:[sorryAx]', 28365), ('LEANPARSE no-eos', 32)]
[lo/frozen_d3_seq_s0 r8] targets (cumulative 256 attempts) SOLVED 409/1000 = 0.409 [0.379,0.440]
  len 7: 128/166 = 0.771 [0.701,0.828]
  len 8: 60/166 = 0.361 [0.292,0.437]
  len 9: 8/166 = 0.048 [0.025,0.092]
  len 10: 52/166 = 0.313 [0.248,0.387]
  len 11: 74/166 = 0.446 [0.372,0.522]
  len 12: 87/170 = 0.512 [0.437,0.586]
  written hist {0: 3, 7: 403, 8: 134, 9: 10, 10: 2}
  pruned hist {0: 3, 5: 23, 6: 218, 7: 226, 8: 78, 9: 4}
  frontier written 9 pruned 8
  reasons []
[lean_gate] 16000 samples, no-eos 36, distinct checked 3873: both ok 223, lean-only 1, nd-only 0, both rej 3649; lean 9.4s wall (63.2s proc, 12 workers), denote+nd_verify 1.1s
[lo/frozen_d3_seq_s0 r8] transfer (this round, pass@32) SOLVED 173/500 = 0.346 [0.306,0.389]
  len 7: 50/83 = 0.602 [0.495,0.701]
  len 8: 21/83 = 0.253 [0.172,0.356]
  len 9: 8/83 = 0.096 [0.050,0.179]
  len 10: 22/83 = 0.265 [0.182,0.369]
  len 11: 29/83 = 0.349 [0.256,0.457]
  len 12: 43/85 = 0.506 [0.402,0.610]
  written hist {0: 1, 7: 150, 8: 35, 9: 3}
  pruned hist {0: 1, 5: 4, 6: 83, 7: 72, 8: 26, 9: 3}
  frontier written 8 pruned 8
  reasons [('LEANREJ axiom:[sorryAx]', 13987), ('LEANPARSE no-eos', 36)]
[lo/frozen_d3_seq_s0 r8] transfer (cumulative 256 attempts) SOLVED 230/500 = 0.460 [0.417,0.504]
  len 7: 66/83 = 0.795 [0.696,0.868]
  len 8: 39/83 = 0.470 [0.366,0.576]
  len 9: 12/83 = 0.145 [0.085,0.236]
  len 10: 31/83 = 0.373 [0.277,0.481]
  len 11: 37/83 = 0.446 [0.344,0.553]
  len 12: 45/85 = 0.529 [0.424,0.632]
  written hist {0: 3, 7: 196, 8: 75, 9: 9}
  pruned hist {0: 3, 5: 10, 6: 112, 7: 107, 8: 44, 9: 7}
  frontier written 9 pruned 9
  reasons []
[lean_gate] 500 samples, no-eos 1, distinct checked 499: both ok 75, lean-only 0, nd-only 0, both rej 424; lean 4.4s wall (7.7s proc, 12 workers), denote+nd_verify 0.1s
[lo/frozen_d3_seq_s0 r8] transfer greedy SOLVED 75/500 = 0.150 [0.121,0.184]
  len 7: 11/83 = 0.133 [0.076,0.222]
  len 8: 4/83 = 0.048 [0.019,0.117]
  len 9: 0/83 = 0.000 [0.000,0.044]
  len 10: 7/83 = 0.084 [0.041,0.164]
  len 11: 21/83 = 0.253 [0.172,0.356]
  len 12: 32/85 = 0.376 [0.281,0.483]
  written hist {7: 70, 8: 5}
  pruned hist {5: 1, 6: 52, 7: 19, 8: 3}
  frontier written 8 pruned 7
  reasons [('LEANREJ axiom:[sorryAx]', 424), ('LEANPARSE no-eos', 1)]
[lean_gate] 5000 samples, no-eos 0, distinct checked 5000: both ok 4577, lean-only 1, nd-only 0, both rej 422; lean 7.6s wall (61.1s proc, 12 workers), denote+nd_verify 1.1s
[lo/frozen_d3_seq_s0 r8] heldout greedy SOLVED 4578/5000 = 0.916 [0.908,0.923]
  len 2: 999/1000 = 0.999 [0.994,1.000]
  len 3: 990/1000 = 0.990 [0.982,0.995]
  len 4: 960/1000 = 0.960 [0.946,0.970]
  len 5: 943/1000 = 0.943 [0.927,0.956]
  len 6: 686/1000 = 0.686 [0.657,0.714]
  written hist {0: 1, 2: 1027, 3: 982, 4: 940, 5: 987, 6: 638, 7: 3}
  pruned hist {0: 1, 2: 1028, 3: 983, 4: 947, 5: 979, 6: 638, 7: 2}
  frontier written 6 pruned 6
  reasons [('LEANREJ axiom:[sorryAx]', 422)]
=== round 8 done in 369s; new proofs 14; cum targets solved 409
END 2026-09-22T07:51:07Z
