START 2026-09-22T06:44:05Z python3 train.py --data data/train.jsonl --heldout data/heldout.jsonl --mode lean_seq --steps 6000 --bs 128 --out ckpts/lo/stage1_full_seq_s1.pt --cap 6 --seed 1
params 3214336 mode lean_seq shift True
train records 154990 max len 537
step 200 loss 0.9877 lr 1.00e-03 8s val 0.9924
step 400 loss 0.2308 lr 9.97e-04 17s val 0.1752
step 600 loss 0.1280 lr 9.89e-04 25s val 0.1110
step 800 loss 0.1040 lr 9.76e-04 33s val 0.0963
step 1000 loss 0.0919 lr 9.58e-04 41s val 0.0898
step 1200 loss 0.0939 lr 9.36e-04 50s val 0.0894
step 1400 loss 0.0874 lr 9.08e-04 58s val 0.0853
step 1600 loss 0.0822 lr 8.77e-04 66s val 0.0869
step 1800 loss 0.0742 lr 8.41e-04 75s val 0.0823
step 2000 loss 0.0673 lr 8.03e-04 83s val 0.0811
step 2200 loss 0.0728 lr 7.61e-04 91s val 0.0798
step 2400 loss 0.0643 lr 7.17e-04 99s val 0.0801
step 2600 loss 0.0680 lr 6.70e-04 108s val 0.0794
step 2800 loss 0.0637 lr 6.23e-04 116s val 0.0785
step 3000 loss 0.0600 lr 5.74e-04 124s val 0.0782
step 3200 loss 0.0657 lr 5.26e-04 132s val 0.0783
step 3400 loss 0.0605 lr 4.77e-04 141s val 0.0782
step 3600 loss 0.0593 lr 4.30e-04 149s val 0.0784
step 3800 loss 0.0593 lr 3.83e-04 157s val 0.0770
step 4000 loss 0.0541 lr 3.39e-04 165s val 0.0769
step 4200 loss 0.0539 lr 2.97e-04 174s val 0.0766
step 4400 loss 0.0620 lr 2.59e-04 182s val 0.0766
step 4600 loss 0.0532 lr 2.23e-04 190s val 0.0765
step 4800 loss 0.0518 lr 1.92e-04 198s val 0.0767
step 5000 loss 0.0525 lr 1.64e-04 207s val 0.0763
step 5200 loss 0.0554 lr 1.42e-04 215s val 0.0760
step 5400 loss 0.0513 lr 1.24e-04 223s val 0.0760
step 5600 loss 0.0526 lr 1.11e-04 232s val 0.0762
step 5800 loss 0.0547 lr 1.03e-04 240s val 0.0759
step 6000 loss 0.0540 lr 1.00e-04 248s val 0.0761
saved ckpts/lo/stage1_full_seq_s1.pt
END 2026-09-22T06:48:59Z
