START 2026-09-23T22:46:41Z python3 coverage.py --ckpt ckpts/dsr/stage1_r4_s1.pt --in data/r3_1/depth3_req.jsonl --k 2000 --temperature 0.8 --seed 0 --batch 2048 --max_new 400 --procs 12 --lenfield min_lines_ub --path fast --out artifacts/dsr/cov_d3req_r4_s1
shard 0/1: 300 theorems, 0 already done; k=2000 T=0.8 batch=2048
d3req_0: n_ok 0/2000 distinct_ok 0 first_hit None written_hist {} (2s; 1 done, 2s/thm, ETA 10 min)
d3req_1: n_ok 0/2000 distinct_ok 0 first_hit None written_hist {} (2s; 2 done, 2s/thm, ETA 10 min)
d3req_2: n_ok 1/2000 distinct_ok 1 first_hit 24 written_hist {8: 1} (2s; 3 done, 2s/thm, ETA 11 min)
d3req_3: n_ok 153/2000 distinct_ok 1 first_hit 11 written_hist {8: 1} (4s; 4 done, 3s/thm, ETA 13 min)
d3req_4: n_ok 617/2000 distinct_ok 3 first_hit 8 written_hist {8: 3} (3s; 5 done, 3s/thm, ETA 13 min)
d3req_5: n_ok 0/2000 distinct_ok 0 first_hit None written_hist {} (3s; 6 done, 3s/thm, ETA 13 min)
d3req_6: n_ok 0/2000 distinct_ok 0 first_hit None written_hist {} (2s; 7 done, 2s/thm, ETA 12 min)
d3req_7: n_ok 0/2000 distinct_ok 0 first_hit None written_hist {} (3s; 8 done, 3s/thm, ETA 12 min)
d3req_8: n_ok 272/2000 distinct_ok 1 first_hit 7 written_hist {8: 1} (3s; 9 done, 3s/thm, ETA 13 min)
d3req_9: n_ok 0/2000 distinct_ok 0 first_hit None written_hist {} (3s; 10 done, 3s/thm, ETA 13 min)
d3req_10: n_ok 0/2000 distinct_ok 0 first_hit None written_hist {} (3s; 11 done, 3s/thm, ETA 13 min)
d3req_11: n_ok 6/2000 distinct_ok 1 first_hit 2 written_hist {8: 1} (3s; 12 done, 3s/thm, ETA 13 min)
d3req_12: n_ok 4/2000 distinct_ok 1 first_hit 776 written_hist {8: 1} (3s; 13 done, 3s/thm, ETA 13 min)
d3req_13: n_ok 0/2000 distinct_ok 0 first_hit None written_hist {} (2s; 14 done, 3s/thm, ETA 13 min)
d3req_14: n_ok 0/2000 distinct_ok 0 first_hit None written_hist {} (3s; 15 done, 3s/thm, ETA 13 min)
d3req_15: n_ok 0/2000 distinct_ok 0 first_hit None written_hist {} (2s; 16 done, 3s/thm, ETA 12 min)
d3req_16: n_ok 0/2000 distinct_ok 0 first_hit None written_hist {} (1s; 17 done, 3s/thm, ETA 12 min)
d3req_17: n_ok 275/2000 distinct_ok 1 first_hit 4 written_hist {8: 1} (3s; 18 done, 3s/thm, ETA 12 min)
d3req_18: n_ok 0/2000 distinct_ok 0 first_hit None written_hist {} (7s; 19 done, 3s/thm, ETA 13 min)
d3req_19: n_ok 6/2000 distinct_ok 1 first_hit 265 written_hist {8: 1} (2s; 20 done, 3s/thm, ETA 13 min)
d3req_20: n_ok 0/2000 distinct_ok 0 first_hit None written_hist {} (4s; 21 done, 3s/thm, ETA 13 min)
d3req_21: n_ok 0/2000 distinct_ok 0 first_hit None written_hist {} (1s; 22 done, 3s/thm, ETA 13 min)
d3req_22: n_ok 18/2000 distinct_ok 1 first_hit 53 written_hist {8: 1} (5s; 23 done, 3s/thm, ETA 13 min)
d3req_23: n_ok 0/2000 distinct_ok 0 first_hit None written_hist {} (2s; 24 done, 3s/thm, ETA 13 min)
d3req_24: n_ok 0/2000 distinct_ok 0 first_hit None written_hist {} (2s; 25 done, 3s/thm, ETA 13 min)
d3req_25: n_ok 0/2000 distinct_ok 0 first_hit None written_hist {} (2s; 26 done, 3s/thm, ETA 13 min)
d3req_26: n_ok 0/2000 distinct_ok 0 first_hit None written_hist {} (3s; 27 done, 3s/thm, ETA 13 min)
d3req_27: n_ok 0/2000 distinct_ok 0 first_hit None written_hist {} (3s; 28 done, 3s/thm, ETA 13 min)
d3req_28: n_ok 49/2000 distinct_ok 7 first_hit 13 written_hist {8: 7} (2s; 29 done, 3s/thm, ETA 13 min)
d3req_29: n_ok 3/2000 distinct_ok 1 first_hit 269 written_hist {8: 1} (2s; 30 done, 3s/thm, ETA 12 min)
d3req_30: n_ok 14/2000 distinct_ok 1 first_hit 195 written_hist {8: 1} (3s; 31 done, 3s/thm, ETA 12 min)
d3req_31: n_ok 0/2000 distinct_ok 0 first_hit None written_hist {} (5s; 32 done, 3s/thm, ETA 13 min)
d3req_32: n_ok 159/2000 distinct_ok 1 first_hit 9 written_hist {8: 1} (5s; 33 done, 3s/thm, ETA 13 min)
d3req_33: n_ok 22/2000 distinct_ok 1 first_hit 49 written_hist {8: 1} (3s; 34 done, 3s/thm, ETA 13 min)
d3req_34: n_ok 456/2000 distinct_ok 1 first_hit 3 written_hist {8: 1} (3s; 35 done, 3s/thm, ETA 13 min)
d3req_35: n_ok 0/2000 distinct_ok 0 first_hit None written_hist {} (2s; 36 done, 3s/thm, ETA 13 min)
d3req_36: n_ok 10/2000 distinct_ok 1 first_hit 146 written_hist {8: 1} (2s; 37 done, 3s/thm, ETA 13 min)
d3req_37: n_ok 345/2000 distinct_ok 1 first_hit 1 written_hist {8: 1} (3s; 38 done, 3s/thm, ETA 12 min)
d3req_38: n_ok 186/2000 distinct_ok 1 first_hit 2 written_hist {8: 1} (4s; 39 done, 3s/thm, ETA 13 min)
d3req_39: n_ok 0/2000 distinct_ok 0 first_hit None written_hist {} (3s; 40 done, 3s/thm, ETA 12 min)
d3req_40: n_ok 0/2000 distinct_ok 0 first_hit None written_hist {} (2s; 41 done, 3s/thm, ETA 12 min)
d3req_41: n_ok 11/2000 distinct_ok 1 first_hit 20 written_hist {7: 1} (2s; 42 done, 3s/thm, ETA 12 min)
d3req_42: n_ok 94/2000 distinct_ok 1 first_hit 9 written_hist {8: 1} (2s; 43 done, 3s/thm, ETA 12 min)
d3req_43: n_ok 0/2000 distinct_ok 0 first_hit None written_hist {} (2s; 44 done, 3s/thm, ETA 12 min)
d3req_44: n_ok 0/2000 distinct_ok 0 first_hit None written_hist {} (2s; 45 done, 3s/thm, ETA 12 min)
d3req_45: n_ok 817/2000 distinct_ok 1 first_hit 2 written_hist {8: 1} (2s; 46 done, 3s/thm, ETA 12 min)
d3req_46: n_ok 82/2000 distinct_ok 1 first_hit 32 written_hist {8: 1} (3s; 47 done, 3s/thm, ETA 12 min)
d3req_47: n_ok 203/2000 distinct_ok 1 first_hit 50 written_hist {8: 1} (3s; 48 done, 3s/thm, ETA 12 min)
d3req_48: n_ok 3/2000 distinct_ok 1 first_hit 31 written_hist {8: 1} (3s; 49 done, 3s/thm, ETA 12 min)
d3req_49: n_ok 185/2000 distinct_ok 1 first_hit 23 written_hist {8: 1} (2s; 50 done, 3s/thm, ETA 11 min)
d3req_50: n_ok 458/2000 distinct_ok 1 first_hit 1 written_hist {8: 1} (2s; 51 done, 3s/thm, ETA 11 min)
d3req_51: n_ok 343/2000 distinct_ok 1 first_hit 7 written_hist {8: 1} (2s; 52 done, 3s/thm, ETA 11 min)
d3req_52: n_ok 0/2000 distinct_ok 0 first_hit None written_hist {} (3s; 53 done, 3s/thm, ETA 11 min)
d3req_53: n_ok 263/2000 distinct_ok 1 first_hit 5 written_hist {8: 1} (3s; 54 done, 3s/thm, ETA 11 min)
d3req_54: n_ok 0/2000 distinct_ok 0 first_hit None written_hist {} (2s; 55 done, 3s/thm, ETA 11 min)
d3req_55: n_ok 21/2000 distinct_ok 1 first_hit 16 written_hist {8: 1} (3s; 56 done, 3s/thm, ETA 11 min)
d3req_56: n_ok 1/2000 distinct_ok 1 first_hit 1641 written_hist {8: 1} (2s; 57 done, 3s/thm, ETA 11 min)
d3req_57: n_ok 0/2000 distinct_ok 0 first_hit None written_hist {} (1s; 58 done, 3s/thm, ETA 11 min)
d3req_58: n_ok 0/2000 distinct_ok 0 first_hit None written_hist {} (3s; 59 done, 3s/thm, ETA 11 min)
d3req_59: n_ok 100/2000 distinct_ok 1 first_hit 15 written_hist {8: 1} (3s; 60 done, 3s/thm, ETA 11 min)
d3req_60: n_ok 111/2000 distinct_ok 1 first_hit 3 written_hist {8: 1} (2s; 61 done, 3s/thm, ETA 11 min)
d3req_61: n_ok 138/2000 distinct_ok 3 first_hit 10 written_hist {8: 2, 9: 1} (4s; 62 done, 3s/thm, ETA 11 min)
d3req_62: n_ok 0/2000 distinct_ok 0 first_hit None written_hist {} (5s; 63 done, 3s/thm, ETA 11 min)
d3req_63: n_ok 215/2000 distinct_ok 1 first_hit 45 written_hist {8: 1} (3s; 64 done, 3s/thm, ETA 11 min)
d3req_64: n_ok 1/2000 distinct_ok 1 first_hit 1576 written_hist {8: 1} (2s; 65 done, 3s/thm, ETA 11 min)
d3req_65: n_ok 10/2000 distinct_ok 1 first_hit 66 written_hist {8: 1} (2s; 66 done, 3s/thm, ETA 11 min)
d3req_66: n_ok 0/2000 distinct_ok 0 first_hit None written_hist {} (2s; 67 done, 3s/thm, ETA 11 min)
d3req_67: n_ok 0/2000 distinct_ok 0 first_hit None written_hist {} (2s; 68 done, 3s/thm, ETA 10 min)
d3req_68: n_ok 11/2000 distinct_ok 4 first_hit 62 written_hist {8: 4} (2s; 69 done, 3s/thm, ETA 10 min)
d3req_69: n_ok 50/2000 distinct_ok 1 first_hit 20 written_hist {8: 1} (3s; 70 done, 3s/thm, ETA 10 min)
d3req_70: n_ok 0/2000 distinct_ok 0 first_hit None written_hist {} (2s; 71 done, 3s/thm, ETA 10 min)
d3req_71: n_ok 205/2000 distinct_ok 1 first_hit 6 written_hist {8: 1} (2s; 72 done, 3s/thm, ETA 10 min)
d3req_72: n_ok 1050/2000 distinct_ok 1 first_hit 1 written_hist {8: 1} (3s; 73 done, 3s/thm, ETA 10 min)
d3req_73: n_ok 34/2000 distinct_ok 1 first_hit 7 written_hist {8: 1} (3s; 74 done, 3s/thm, ETA 10 min)
d3req_74: n_ok 0/2000 distinct_ok 0 first_hit None written_hist {} (2s; 75 done, 3s/thm, ETA 10 min)
d3req_75: n_ok 0/2000 distinct_ok 0 first_hit None written_hist {} (1s; 76 done, 3s/thm, ETA 10 min)
d3req_76: n_ok 28/2000 distinct_ok 1 first_hit 42 written_hist {8: 1} (3s; 77 done, 3s/thm, ETA 10 min)
d3req_77: n_ok 5/2000 distinct_ok 1 first_hit 124 written_hist {8: 1} (7s; 78 done, 3s/thm, ETA 10 min)
d3req_78: n_ok 31/2000 distinct_ok 1 first_hit 91 written_hist {8: 1} (3s; 79 done, 3s/thm, ETA 10 min)
d3req_79: n_ok 18/2000 distinct_ok 1 first_hit 43 written_hist {8: 1} (3s; 80 done, 3s/thm, ETA 10 min)
d3req_80: n_ok 0/2000 distinct_ok 0 first_hit None written_hist {} (2s; 81 done, 3s/thm, ETA 10 min)
d3req_81: n_ok 24/2000 distinct_ok 2 first_hit 189 written_hist {8: 2} (2s; 82 done, 3s/thm, ETA 10 min)
d3req_82: n_ok 0/2000 distinct_ok 0 first_hit None written_hist {} (2s; 83 done, 3s/thm, ETA 10 min)
d3req_83: n_ok 0/2000 distinct_ok 0 first_hit None written_hist {} (2s; 84 done, 3s/thm, ETA 10 min)
d3req_84: n_ok 239/2000 distinct_ok 2 first_hit 9 written_hist {8: 2} (2s; 85 done, 3s/thm, ETA 10 min)
d3req_85: n_ok 0/2000 distinct_ok 0 first_hit None written_hist {} (2s; 86 done, 3s/thm, ETA 10 min)
d3req_86: n_ok 0/2000 distinct_ok 0 first_hit None written_hist {} (2s; 87 done, 3s/thm, ETA 10 min)
d3req_87: n_ok 0/2000 distinct_ok 0 first_hit None written_hist {} (3s; 88 done, 3s/thm, ETA 9 min)
d3req_88: n_ok 0/2000 distinct_ok 0 first_hit None written_hist {} (3s; 89 done, 3s/thm, ETA 9 min)
d3req_89: n_ok 451/2000 distinct_ok 1 first_hit 5 written_hist {8: 1} (3s; 90 done, 3s/thm, ETA 9 min)
d3req_90: n_ok 93/2000 distinct_ok 2 first_hit 20 written_hist {8: 1, 9: 1} (3s; 91 done, 3s/thm, ETA 9 min)
d3req_91: n_ok 0/2000 distinct_ok 0 first_hit None written_hist {} (2s; 92 done, 3s/thm, ETA 9 min)
d3req_92: n_ok 413/2000 distinct_ok 1 first_hit 2 written_hist {8: 1} (2s; 93 done, 3s/thm, ETA 9 min)
d3req_93: n_ok 3/2000 distinct_ok 1 first_hit 25 written_hist {8: 1} (3s; 94 done, 3s/thm, ETA 9 min)
d3req_94: n_ok 0/2000 distinct_ok 0 first_hit None written_hist {} (3s; 95 done, 3s/thm, ETA 9 min)
d3req_95: n_ok 2/2000 distinct_ok 1 first_hit 894 written_hist {8: 1} (3s; 96 done, 3s/thm, ETA 9 min)
d3req_96: n_ok 375/2000 distinct_ok 1 first_hit 3 written_hist {8: 1} (4s; 97 done, 3s/thm, ETA 9 min)
d3req_97: n_ok 0/2000 distinct_ok 0 first_hit None written_hist {} (2s; 98 done, 3s/thm, ETA 9 min)
d3req_98: n_ok 0/2000 distinct_ok 0 first_hit None written_hist {} (2s; 99 done, 3s/thm, ETA 9 min)
d3req_99: n_ok 4/2000 distinct_ok 1 first_hit 567 written_hist {8: 1} (2s; 100 done, 3s/thm, ETA 9 min)
d3req_100: n_ok 0/2000 distinct_ok 0 first_hit None written_hist {} (2s; 101 done, 3s/thm, ETA 9 min)
d3req_101: n_ok 0/2000 distinct_ok 0 first_hit None written_hist {} (3s; 102 done, 3s/thm, ETA 9 min)
d3req_102: n_ok 67/2000 distinct_ok 1 first_hit 55 written_hist {8: 1} (4s; 103 done, 3s/thm, ETA 9 min)
d3req_103: n_ok 38/2000 distinct_ok 1 first_hit 17 written_hist {8: 1} (3s; 104 done, 3s/thm, ETA 9 min)
d3req_104: n_ok 0/2000 distinct_ok 0 first_hit None written_hist {} (2s; 105 done, 3s/thm, ETA 9 min)
d3req_105: n_ok 47/2000 distinct_ok 1 first_hit 36 written_hist {8: 1} (4s; 106 done, 3s/thm, ETA 9 min)
d3req_106: n_ok 5/2000 distinct_ok 2 first_hit 627 written_hist {8: 2} (2s; 107 done, 3s/thm, ETA 9 min)
d3req_107: n_ok 0/2000 distinct_ok 0 first_hit None written_hist {} (5s; 108 done, 3s/thm, ETA 9 min)
d3req_108: n_ok 146/2000 distinct_ok 1 first_hit 7 written_hist {8: 1} (2s; 109 done, 3s/thm, ETA 9 min)
d3req_109: n_ok 130/2000 distinct_ok 1 first_hit 4 written_hist {8: 1} (4s; 110 done, 3s/thm, ETA 9 min)
d3req_110: n_ok 137/2000 distinct_ok 1 first_hit 35 written_hist {8: 1} (2s; 111 done, 3s/thm, ETA 9 min)
d3req_111: n_ok 158/2000 distinct_ok 1 first_hit 13 written_hist {8: 1} (3s; 112 done, 3s/thm, ETA 8 min)
d3req_112: n_ok 0/2000 distinct_ok 0 first_hit None written_hist {} (4s; 113 done, 3s/thm, ETA 8 min)
d3req_113: n_ok 18/2000 distinct_ok 1 first_hit 14 written_hist {8: 1} (2s; 114 done, 3s/thm, ETA 8 min)
d3req_114: n_ok 0/2000 distinct_ok 0 first_hit None written_hist {} (3s; 115 done, 3s/thm, ETA 8 min)
d3req_115: n_ok 0/2000 distinct_ok 0 first_hit None written_hist {} (3s; 116 done, 3s/thm, ETA 8 min)
d3req_116: n_ok 0/2000 distinct_ok 0 first_hit None written_hist {} (6s; 117 done, 3s/thm, ETA 8 min)
d3req_117: n_ok 0/2000 distinct_ok 0 first_hit None written_hist {} (5s; 118 done, 3s/thm, ETA 8 min)
d3req_118: n_ok 46/2000 distinct_ok 1 first_hit 6 written_hist {8: 1} (2s; 119 done, 3s/thm, ETA 8 min)
d3req_119: n_ok 0/2000 distinct_ok 0 first_hit None written_hist {} (4s; 120 done, 3s/thm, ETA 8 min)
d3req_120: n_ok 0/2000 distinct_ok 0 first_hit None written_hist {} (2s; 121 done, 3s/thm, ETA 8 min)
d3req_121: n_ok 13/2000 distinct_ok 1 first_hit 260 written_hist {8: 1} (1s; 122 done, 3s/thm, ETA 8 min)
d3req_122: n_ok 3/2000 distinct_ok 1 first_hit 447 written_hist {8: 1} (1s; 123 done, 3s/thm, ETA 8 min)
d3req_123: n_ok 4/2000 distinct_ok 1 first_hit 266 written_hist {8: 1} (3s; 124 done, 3s/thm, ETA 8 min)
d3req_124: n_ok 0/2000 distinct_ok 0 first_hit None written_hist {} (7s; 125 done, 3s/thm, ETA 8 min)
d3req_125: n_ok 1/2000 distinct_ok 1 first_hit 826 written_hist {8: 1} (5s; 126 done, 3s/thm, ETA 8 min)
d3req_126: n_ok 0/2000 distinct_ok 0 first_hit None written_hist {} (5s; 127 done, 3s/thm, ETA 8 min)
d3req_127: n_ok 622/2000 distinct_ok 1 first_hit 1 written_hist {8: 1} (4s; 128 done, 3s/thm, ETA 8 min)
d3req_128: n_ok 0/2000 distinct_ok 0 first_hit None written_hist {} (2s; 129 done, 3s/thm, ETA 8 min)
d3req_129: n_ok 1/2000 distinct_ok 1 first_hit 1769 written_hist {8: 1} (5s; 130 done, 3s/thm, ETA 8 min)
d3req_130: n_ok 0/2000 distinct_ok 0 first_hit None written_hist {} (5s; 131 done, 3s/thm, ETA 8 min)
d3req_131: n_ok 0/2000 distinct_ok 0 first_hit None written_hist {} (4s; 132 done, 3s/thm, ETA 8 min)
d3req_132: n_ok 0/2000 distinct_ok 0 first_hit None written_hist {} (8s; 133 done, 3s/thm, ETA 8 min)
d3req_133: n_ok 24/2000 distinct_ok 1 first_hit 73 written_hist {8: 1} (3s; 134 done, 3s/thm, ETA 8 min)
d3req_134: n_ok 667/2000 distinct_ok 1 first_hit 1 written_hist {8: 1} (7s; 135 done, 3s/thm, ETA 8 min)
d3req_135: n_ok 83/2000 distinct_ok 1 first_hit 57 written_hist {8: 1} (6s; 136 done, 3s/thm, ETA 8 min)
d3req_136: n_ok 0/2000 distinct_ok 0 first_hit None written_hist {} (6s; 137 done, 3s/thm, ETA 8 min)
d3req_137: n_ok 1/2000 distinct_ok 1 first_hit 289 written_hist {8: 1} (6s; 138 done, 3s/thm, ETA 8 min)
d3req_138: n_ok 8/2000 distinct_ok 1 first_hit 333 written_hist {8: 1} (2s; 139 done, 3s/thm, ETA 8 min)
d3req_139: n_ok 232/2000 distinct_ok 2 first_hit 5 written_hist {8: 2} (2s; 140 done, 3s/thm, ETA 8 min)
d3req_140: n_ok 0/2000 distinct_ok 0 first_hit None written_hist {} (2s; 141 done, 3s/thm, ETA 8 min)
d3req_141: n_ok 0/2000 distinct_ok 0 first_hit None written_hist {} (2s; 142 done, 3s/thm, ETA 8 min)
d3req_142: n_ok 0/2000 distinct_ok 0 first_hit None written_hist {} (4s; 143 done, 3s/thm, ETA 8 min)
d3req_143: n_ok 0/2000 distinct_ok 0 first_hit None written_hist {} (2s; 144 done, 3s/thm, ETA 8 min)
d3req_144: n_ok 1/2000 distinct_ok 1 first_hit 1242 written_hist {8: 1} (4s; 145 done, 3s/thm, ETA 8 min)
d3req_145: n_ok 0/2000 distinct_ok 0 first_hit None written_hist {} (3s; 146 done, 3s/thm, ETA 8 min)
d3req_146: n_ok 0/2000 distinct_ok 0 first_hit None written_hist {} (3s; 147 done, 3s/thm, ETA 8 min)
d3req_147: n_ok 0/2000 distinct_ok 0 first_hit None written_hist {} (5s; 148 done, 3s/thm, ETA 8 min)
d3req_148: n_ok 0/2000 distinct_ok 0 first_hit None written_hist {} (5s; 149 done, 3s/thm, ETA 8 min)
d3req_149: n_ok 44/2000 distinct_ok 1 first_hit 32 written_hist {8: 1} (2s; 150 done, 3s/thm, ETA 8 min)
d3req_150: n_ok 1/2000 distinct_ok 1 first_hit 1048 written_hist {8: 1} (3s; 151 done, 3s/thm, ETA 7 min)
d3req_151: n_ok 1/2000 distinct_ok 1 first_hit 1014 written_hist {7: 1} (4s; 152 done, 3s/thm, ETA 7 min)
d3req_152: n_ok 0/2000 distinct_ok 0 first_hit None written_hist {} (2s; 153 done, 3s/thm, ETA 7 min)
d3req_153: n_ok 84/2000 distinct_ok 1 first_hit 57 written_hist {8: 1} (2s; 154 done, 3s/thm, ETA 7 min)
d3req_154: n_ok 401/2000 distinct_ok 1 first_hit 4 written_hist {8: 1} (3s; 155 done, 3s/thm, ETA 7 min)
d3req_155: n_ok 0/2000 distinct_ok 0 first_hit None written_hist {} (6s; 156 done, 3s/thm, ETA 7 min)
d3req_156: n_ok 20/2000 distinct_ok 1 first_hit 168 written_hist {8: 1} (3s; 157 done, 3s/thm, ETA 7 min)
d3req_157: n_ok 296/2000 distinct_ok 1 first_hit 5 written_hist {8: 1} (1s; 158 done, 3s/thm, ETA 7 min)
d3req_158: n_ok 148/2000 distinct_ok 1 first_hit 1 written_hist {8: 1} (4s; 159 done, 3s/thm, ETA 7 min)
d3req_159: n_ok 0/2000 distinct_ok 0 first_hit None written_hist {} (1s; 160 done, 3s/thm, ETA 7 min)
d3req_160: n_ok 1100/2000 distinct_ok 1 first_hit 1 written_hist {8: 1} (3s; 161 done, 3s/thm, ETA 7 min)
d3req_161: n_ok 303/2000 distinct_ok 1 first_hit 2 written_hist {8: 1} (2s; 162 done, 3s/thm, ETA 7 min)
d3req_162: n_ok 4/2000 distinct_ok 1 first_hit 37 written_hist {8: 1} (1s; 163 done, 3s/thm, ETA 7 min)
d3req_163: n_ok 0/2000 distinct_ok 0 first_hit None written_hist {} (2s; 164 done, 3s/thm, ETA 7 min)
d3req_164: n_ok 0/2000 distinct_ok 0 first_hit None written_hist {} (2s; 165 done, 3s/thm, ETA 7 min)
d3req_165: n_ok 0/2000 distinct_ok 0 first_hit None written_hist {} (3s; 166 done, 3s/thm, ETA 7 min)
d3req_166: n_ok 0/2000 distinct_ok 0 first_hit None written_hist {} (2s; 167 done, 3s/thm, ETA 7 min)
d3req_167: n_ok 355/2000 distinct_ok 1 first_hit 9 written_hist {8: 1} (2s; 168 done, 3s/thm, ETA 7 min)
d3req_168: n_ok 0/2000 distinct_ok 0 first_hit None written_hist {} (6s; 169 done, 3s/thm, ETA 7 min)
d3req_169: n_ok 0/2000 distinct_ok 0 first_hit None written_hist {} (2s; 170 done, 3s/thm, ETA 6 min)
d3req_170: n_ok 0/2000 distinct_ok 0 first_hit None written_hist {} (2s; 171 done, 3s/thm, ETA 6 min)
d3req_171: n_ok 0/2000 distinct_ok 0 first_hit None written_hist {} (4s; 172 done, 3s/thm, ETA 6 min)
d3req_172: n_ok 0/2000 distinct_ok 0 first_hit None written_hist {} (7s; 173 done, 3s/thm, ETA 6 min)
d3req_173: n_ok 41/2000 distinct_ok 1 first_hit 169 written_hist {8: 1} (6s; 174 done, 3s/thm, ETA 6 min)
d3req_174: n_ok 14/2000 distinct_ok 1 first_hit 426 written_hist {8: 1} (3s; 175 done, 3s/thm, ETA 6 min)
d3req_175: n_ok 110/2000 distinct_ok 1 first_hit 5 written_hist {8: 1} (4s; 176 done, 3s/thm, ETA 6 min)
d3req_176: n_ok 0/2000 distinct_ok 0 first_hit None written_hist {} (4s; 177 done, 3s/thm, ETA 6 min)
d3req_177: n_ok 4/2000 distinct_ok 1 first_hit 161 written_hist {8: 1} (3s; 178 done, 3s/thm, ETA 6 min)
d3req_178: n_ok 2/2000 distinct_ok 1 first_hit 829 written_hist {8: 1} (3s; 179 done, 3s/thm, ETA 6 min)
d3req_179: n_ok 0/2000 distinct_ok 0 first_hit None written_hist {} (2s; 180 done, 3s/thm, ETA 6 min)
d3req_180: n_ok 12/2000 distinct_ok 1 first_hit 232 written_hist {8: 1} (3s; 181 done, 3s/thm, ETA 6 min)
d3req_181: n_ok 592/2000 distinct_ok 1 first_hit 2 written_hist {8: 1} (3s; 182 done, 3s/thm, ETA 6 min)
d3req_182: n_ok 101/2000 distinct_ok 2 first_hit 4 written_hist {8: 2} (3s; 183 done, 3s/thm, ETA 6 min)
d3req_183: n_ok 0/2000 distinct_ok 0 first_hit None written_hist {} (3s; 184 done, 3s/thm, ETA 6 min)
d3req_184: n_ok 0/2000 distinct_ok 0 first_hit None written_hist {} (3s; 185 done, 3s/thm, ETA 6 min)
d3req_185: n_ok 0/2000 distinct_ok 0 first_hit None written_hist {} (6s; 186 done, 3s/thm, ETA 6 min)
d3req_186: n_ok 12/2000 distinct_ok 1 first_hit 90 written_hist {8: 1} (5s; 187 done, 3s/thm, ETA 6 min)
d3req_187: n_ok 197/2000 distinct_ok 2 first_hit 14 written_hist {8: 2} (4s; 188 done, 3s/thm, ETA 6 min)
d3req_188: n_ok 28/2000 distinct_ok 1 first_hit 11 written_hist {8: 1} (5s; 189 done, 3s/thm, ETA 6 min)
d3req_189: n_ok 200/2000 distinct_ok 1 first_hit 14 written_hist {8: 1} (3s; 190 done, 3s/thm, ETA 6 min)
d3req_190: n_ok 278/2000 distinct_ok 1 first_hit 12 written_hist {8: 1} (3s; 191 done, 3s/thm, ETA 6 min)
d3req_191: n_ok 8/2000 distinct_ok 2 first_hit 8 written_hist {8: 2} (1s; 192 done, 3s/thm, ETA 5 min)
d3req_192: n_ok 27/2000 distinct_ok 2 first_hit 88 written_hist {8: 2} (2s; 193 done, 3s/thm, ETA 5 min)
d3req_193: n_ok 20/2000 distinct_ok 1 first_hit 66 written_hist {8: 1} (3s; 194 done, 3s/thm, ETA 5 min)
d3req_194: n_ok 0/2000 distinct_ok 0 first_hit None written_hist {} (4s; 195 done, 3s/thm, ETA 5 min)
d3req_195: n_ok 0/2000 distinct_ok 0 first_hit None written_hist {} (1s; 196 done, 3s/thm, ETA 5 min)
d3req_196: n_ok 0/2000 distinct_ok 0 first_hit None written_hist {} (6s; 197 done, 3s/thm, ETA 5 min)
d3req_197: n_ok 39/2000 distinct_ok 1 first_hit 60 written_hist {7: 1} (4s; 198 done, 3s/thm, ETA 5 min)
d3req_198: n_ok 23/2000 distinct_ok 2 first_hit 123 written_hist {8: 2} (2s; 199 done, 3s/thm, ETA 5 min)
d3req_199: n_ok 0/2000 distinct_ok 0 first_hit None written_hist {} (4s; 200 done, 3s/thm, ETA 5 min)
d3req_200: n_ok 116/2000 distinct_ok 2 first_hit 15 written_hist {8: 2} (3s; 201 done, 3s/thm, ETA 5 min)
d3req_201: n_ok 0/2000 distinct_ok 0 first_hit None written_hist {} (2s; 202 done, 3s/thm, ETA 5 min)
d3req_202: n_ok 262/2000 distinct_ok 3 first_hit 5 written_hist {8: 2, 9: 1} (3s; 203 done, 3s/thm, ETA 5 min)
d3req_203: n_ok 7/2000 distinct_ok 1 first_hit 52 written_hist {8: 1} (2s; 204 done, 3s/thm, ETA 5 min)
d3req_204: n_ok 310/2000 distinct_ok 1 first_hit 7 written_hist {7: 1} (3s; 205 done, 3s/thm, ETA 5 min)
d3req_205: n_ok 0/2000 distinct_ok 0 first_hit None written_hist {} (1s; 206 done, 3s/thm, ETA 5 min)
d3req_206: n_ok 0/2000 distinct_ok 0 first_hit None written_hist {} (2s; 207 done, 3s/thm, ETA 5 min)
d3req_207: n_ok 79/2000 distinct_ok 1 first_hit 8 written_hist {8: 1} (1s; 208 done, 3s/thm, ETA 5 min)
d3req_208: n_ok 0/2000 distinct_ok 0 first_hit None written_hist {} (5s; 209 done, 3s/thm, ETA 5 min)
d3req_209: n_ok 1/2000 distinct_ok 1 first_hit 1843 written_hist {8: 1} (5s; 210 done, 3s/thm, ETA 5 min)
d3req_210: n_ok 412/2000 distinct_ok 1 first_hit 6 written_hist {8: 1} (3s; 211 done, 3s/thm, ETA 5 min)
d3req_211: n_ok 167/2000 distinct_ok 1 first_hit 15 written_hist {8: 1} (3s; 212 done, 3s/thm, ETA 4 min)
d3req_212: n_ok 100/2000 distinct_ok 1 first_hit 18 written_hist {8: 1} (2s; 213 done, 3s/thm, ETA 4 min)
d3req_213: n_ok 0/2000 distinct_ok 0 first_hit None written_hist {} (4s; 214 done, 3s/thm, ETA 4 min)
d3req_214: n_ok 125/2000 distinct_ok 1 first_hit 2 written_hist {8: 1} (1s; 215 done, 3s/thm, ETA 4 min)
d3req_215: n_ok 0/2000 distinct_ok 0 first_hit None written_hist {} (6s; 216 done, 3s/thm, ETA 4 min)
d3req_216: n_ok 0/2000 distinct_ok 0 first_hit None written_hist {} (2s; 217 done, 3s/thm, ETA 4 min)
d3req_217: n_ok 0/2000 distinct_ok 0 first_hit None written_hist {} (2s; 218 done, 3s/thm, ETA 4 min)
d3req_218: n_ok 0/2000 distinct_ok 0 first_hit None written_hist {} (1s; 219 done, 3s/thm, ETA 4 min)
d3req_219: n_ok 38/2000 distinct_ok 1 first_hit 54 written_hist {8: 1} (3s; 220 done, 3s/thm, ETA 4 min)
d3req_220: n_ok 88/2000 distinct_ok 1 first_hit 4 written_hist {8: 1} (1s; 221 done, 3s/thm, ETA 4 min)
d3req_221: n_ok 2/2000 distinct_ok 2 first_hit 226 written_hist {8: 2} (2s; 222 done, 3s/thm, ETA 4 min)
d3req_222: n_ok 3/2000 distinct_ok 1 first_hit 130 written_hist {8: 1} (3s; 223 done, 3s/thm, ETA 4 min)
d3req_223: n_ok 0/2000 distinct_ok 0 first_hit None written_hist {} (2s; 224 done, 3s/thm, ETA 4 min)
d3req_224: n_ok 0/2000 distinct_ok 0 first_hit None written_hist {} (1s; 225 done, 3s/thm, ETA 4 min)
d3req_225: n_ok 25/2000 distinct_ok 1 first_hit 51 written_hist {8: 1} (1s; 226 done, 3s/thm, ETA 4 min)
d3req_226: n_ok 0/2000 distinct_ok 0 first_hit None written_hist {} (2s; 227 done, 3s/thm, ETA 4 min)
d3req_227: n_ok 1/2000 distinct_ok 1 first_hit 1204 written_hist {8: 1} (4s; 228 done, 3s/thm, ETA 4 min)
d3req_228: n_ok 0/2000 distinct_ok 0 first_hit None written_hist {} (5s; 229 done, 3s/thm, ETA 4 min)
d3req_229: n_ok 85/2000 distinct_ok 1 first_hit 9 written_hist {8: 1} (4s; 230 done, 3s/thm, ETA 4 min)
d3req_230: n_ok 0/2000 distinct_ok 0 first_hit None written_hist {} (3s; 231 done, 3s/thm, ETA 3 min)
d3req_231: n_ok 214/2000 distinct_ok 1 first_hit 26 written_hist {8: 1} (4s; 232 done, 3s/thm, ETA 3 min)
d3req_232: n_ok 315/2000 distinct_ok 2 first_hit 10 written_hist {8: 2} (2s; 233 done, 3s/thm, ETA 3 min)
d3req_233: n_ok 386/2000 distinct_ok 1 first_hit 7 written_hist {8: 1} (4s; 234 done, 3s/thm, ETA 3 min)
d3req_234: n_ok 931/2000 distinct_ok 2 first_hit 4 written_hist {8: 2} (3s; 235 done, 3s/thm, ETA 3 min)
d3req_235: n_ok 17/2000 distinct_ok 1 first_hit 124 written_hist {8: 1} (4s; 236 done, 3s/thm, ETA 3 min)
d3req_236: n_ok 0/2000 distinct_ok 0 first_hit None written_hist {} (6s; 237 done, 3s/thm, ETA 3 min)
d3req_237: n_ok 131/2000 distinct_ok 1 first_hit 1 written_hist {8: 1} (2s; 238 done, 3s/thm, ETA 3 min)
d3req_238: n_ok 0/2000 distinct_ok 0 first_hit None written_hist {} (5s; 239 done, 3s/thm, ETA 3 min)
d3req_239: n_ok 0/2000 distinct_ok 0 first_hit None written_hist {} (1s; 240 done, 3s/thm, ETA 3 min)
d3req_240: n_ok 11/2000 distinct_ok 1 first_hit 67 written_hist {8: 1} (3s; 241 done, 3s/thm, ETA 3 min)
d3req_241: n_ok 0/2000 distinct_ok 0 first_hit None written_hist {} (4s; 242 done, 3s/thm, ETA 3 min)
d3req_242: n_ok 3/2000 distinct_ok 1 first_hit 385 written_hist {8: 1} (2s; 243 done, 3s/thm, ETA 3 min)
d3req_243: n_ok 0/2000 distinct_ok 0 first_hit None written_hist {} (3s; 244 done, 3s/thm, ETA 3 min)
d3req_244: n_ok 0/2000 distinct_ok 0 first_hit None written_hist {} (4s; 245 done, 3s/thm, ETA 3 min)
d3req_245: n_ok 43/2000 distinct_ok 1 first_hit 5 written_hist {8: 1} (2s; 246 done, 3s/thm, ETA 3 min)
d3req_246: n_ok 155/2000 distinct_ok 1 first_hit 46 written_hist {8: 1} (5s; 247 done, 3s/thm, ETA 3 min)
d3req_247: n_ok 0/2000 distinct_ok 0 first_hit None written_hist {} (4s; 248 done, 3s/thm, ETA 3 min)
d3req_248: n_ok 15/2000 distinct_ok 1 first_hit 16 written_hist {8: 1} (2s; 249 done, 3s/thm, ETA 3 min)
d3req_249: n_ok 165/2000 distinct_ok 1 first_hit 17 written_hist {8: 1} (3s; 250 done, 3s/thm, ETA 3 min)
d3req_250: n_ok 95/2000 distinct_ok 1 first_hit 11 written_hist {8: 1} (5s; 251 done, 3s/thm, ETA 2 min)
d3req_251: n_ok 52/2000 distinct_ok 1 first_hit 4 written_hist {8: 1} (4s; 252 done, 3s/thm, ETA 2 min)
d3req_252: n_ok 19/2000 distinct_ok 1 first_hit 110 written_hist {8: 1} (3s; 253 done, 3s/thm, ETA 2 min)
d3req_253: n_ok 17/2000 distinct_ok 1 first_hit 3 written_hist {8: 1} (5s; 254 done, 3s/thm, ETA 2 min)
d3req_254: n_ok 0/2000 distinct_ok 0 first_hit None written_hist {} (2s; 255 done, 3s/thm, ETA 2 min)
d3req_255: n_ok 1/2000 distinct_ok 1 first_hit 1122 written_hist {8: 1} (2s; 256 done, 3s/thm, ETA 2 min)
d3req_256: n_ok 0/2000 distinct_ok 0 first_hit None written_hist {} (2s; 257 done, 3s/thm, ETA 2 min)
d3req_257: n_ok 0/2000 distinct_ok 0 first_hit None written_hist {} (2s; 258 done, 3s/thm, ETA 2 min)
d3req_258: n_ok 0/2000 distinct_ok 0 first_hit None written_hist {} (2s; 259 done, 3s/thm, ETA 2 min)
d3req_259: n_ok 0/2000 distinct_ok 0 first_hit None written_hist {} (6s; 260 done, 3s/thm, ETA 2 min)
d3req_260: n_ok 0/2000 distinct_ok 0 first_hit None written_hist {} (2s; 261 done, 3s/thm, ETA 2 min)
d3req_261: n_ok 0/2000 distinct_ok 0 first_hit None written_hist {} (4s; 262 done, 3s/thm, ETA 2 min)
d3req_262: n_ok 0/2000 distinct_ok 0 first_hit None written_hist {} (6s; 263 done, 3s/thm, ETA 2 min)
d3req_263: n_ok 0/2000 distinct_ok 0 first_hit None written_hist {} (2s; 264 done, 3s/thm, ETA 2 min)
d3req_264: n_ok 0/2000 distinct_ok 0 first_hit None written_hist {} (6s; 265 done, 3s/thm, ETA 2 min)
d3req_265: n_ok 6/2000 distinct_ok 1 first_hit 141 written_hist {8: 1} (4s; 266 done, 3s/thm, ETA 2 min)
d3req_266: n_ok 18/2000 distinct_ok 1 first_hit 30 written_hist {8: 1} (3s; 267 done, 3s/thm, ETA 2 min)
d3req_267: n_ok 0/2000 distinct_ok 0 first_hit None written_hist {} (2s; 268 done, 3s/thm, ETA 2 min)
d3req_268: n_ok 0/2000 distinct_ok 0 first_hit None written_hist {} (2s; 269 done, 3s/thm, ETA 2 min)
d3req_269: n_ok 13/2000 distinct_ok 1 first_hit 44 written_hist {8: 1} (5s; 270 done, 3s/thm, ETA 2 min)
d3req_270: n_ok 0/2000 distinct_ok 0 first_hit None written_hist {} (2s; 271 done, 3s/thm, ETA 1 min)
d3req_271: n_ok 6/2000 distinct_ok 1 first_hit 257 written_hist {8: 1} (2s; 272 done, 3s/thm, ETA 1 min)
d3req_272: n_ok 547/2000 distinct_ok 1 first_hit 5 written_hist {7: 1} (2s; 273 done, 3s/thm, ETA 1 min)
d3req_273: n_ok 0/2000 distinct_ok 0 first_hit None written_hist {} (2s; 274 done, 3s/thm, ETA 1 min)
d3req_274: n_ok 39/2000 distinct_ok 1 first_hit 94 written_hist {8: 1} (3s; 275 done, 3s/thm, ETA 1 min)
d3req_275: n_ok 0/2000 distinct_ok 0 first_hit None written_hist {} (2s; 276 done, 3s/thm, ETA 1 min)
d3req_276: n_ok 0/2000 distinct_ok 0 first_hit None written_hist {} (2s; 277 done, 3s/thm, ETA 1 min)
d3req_277: n_ok 614/2000 distinct_ok 1 first_hit 2 written_hist {7: 1} (2s; 278 done, 3s/thm, ETA 1 min)
d3req_278: n_ok 87/2000 distinct_ok 1 first_hit 2 written_hist {8: 1} (3s; 279 done, 3s/thm, ETA 1 min)
d3req_279: n_ok 58/2000 distinct_ok 2 first_hit 50 written_hist {8: 1, 9: 1} (2s; 280 done, 3s/thm, ETA 1 min)
d3req_280: n_ok 0/2000 distinct_ok 0 first_hit None written_hist {} (2s; 281 done, 3s/thm, ETA 1 min)
d3req_281: n_ok 135/2000 distinct_ok 1 first_hit 26 written_hist {8: 1} (3s; 282 done, 3s/thm, ETA 1 min)
d3req_282: n_ok 0/2000 distinct_ok 0 first_hit None written_hist {} (2s; 283 done, 3s/thm, ETA 1 min)
d3req_283: n_ok 38/2000 distinct_ok 1 first_hit 72 written_hist {8: 1} (3s; 284 done, 3s/thm, ETA 1 min)
d3req_284: n_ok 1/2000 distinct_ok 1 first_hit 723 written_hist {8: 1} (1s; 285 done, 3s/thm, ETA 1 min)
d3req_285: n_ok 1200/2000 distinct_ok 1 first_hit 1 written_hist {8: 1} (2s; 286 done, 3s/thm, ETA 1 min)
d3req_286: n_ok 3/2000 distinct_ok 1 first_hit 1011 written_hist {8: 1} (2s; 287 done, 3s/thm, ETA 1 min)
d3req_287: n_ok 14/2000 distinct_ok 1 first_hit 1 written_hist {8: 1} (3s; 288 done, 3s/thm, ETA 1 min)
d3req_288: n_ok 0/2000 distinct_ok 0 first_hit None written_hist {} (3s; 289 done, 3s/thm, ETA 1 min)
d3req_289: n_ok 2/2000 distinct_ok 1 first_hit 986 written_hist {8: 1} (3s; 290 done, 3s/thm, ETA 1 min)
d3req_290: n_ok 0/2000 distinct_ok 0 first_hit None written_hist {} (5s; 291 done, 3s/thm, ETA 0 min)
d3req_291: n_ok 7/2000 distinct_ok 1 first_hit 279 written_hist {8: 1} (4s; 292 done, 3s/thm, ETA 0 min)
d3req_292: n_ok 223/2000 distinct_ok 1 first_hit 2 written_hist {8: 1} (1s; 293 done, 3s/thm, ETA 0 min)
d3req_293: n_ok 5/2000 distinct_ok 1 first_hit 426 written_hist {8: 1} (4s; 294 done, 3s/thm, ETA 0 min)
d3req_294: n_ok 1/2000 distinct_ok 1 first_hit 258 written_hist {8: 1} (1s; 295 done, 3s/thm, ETA 0 min)
d3req_295: n_ok 0/2000 distinct_ok 0 first_hit None written_hist {} (1s; 296 done, 3s/thm, ETA 0 min)
d3req_296: n_ok 0/2000 distinct_ok 0 first_hit None written_hist {} (4s; 297 done, 3s/thm, ETA 0 min)
d3req_297: n_ok 0/2000 distinct_ok 0 first_hit None written_hist {} (3s; 298 done, 3s/thm, ETA 0 min)
d3req_298: n_ok 0/2000 distinct_ok 0 first_hit None written_hist {} (2s; 299 done, 3s/thm, ETA 0 min)
d3req_299: n_ok 23/2000 distinct_ok 1 first_hit 229 written_hist {8: 1} (2s; 300 done, 3s/thm, ETA 0 min)
DONE
END 2026-09-23T23:01:45Z
