START 2026-09-23T21:46:55Z python3 train.py --data data/p2/train_depth3_f0_a1.jsonl --heldout data/p2/heldout.jsonl --mode lean_seq_funbare --steps 6000 --bs 128 --cap 6 --seed 1 --out ckpts/dsr/stage1_r4_s1.pt
params 3214336 mode lean_seq_funbare shift True
train records 155000 max len 391
step 200 loss 0.9451 lr 1.00e-03 18s val 0.8979
step 400 loss 0.2027 lr 9.97e-04 34s val 0.1469
step 600 loss 0.1381 lr 9.89e-04 51s val 0.1096
step 800 loss 0.1238 lr 9.76e-04 68s val 0.1003
step 1000 loss 0.0892 lr 9.58e-04 84s val 0.0934
step 1200 loss 0.1041 lr 9.36e-04 101s val 0.0897
step 1400 loss 0.0956 lr 9.08e-04 118s val 0.0867
step 1600 loss 0.0818 lr 8.77e-04 134s val 0.0840
step 1800 loss 0.0798 lr 8.41e-04 151s val 0.0829
step 2000 loss 0.0828 lr 8.03e-04 168s val 0.0830
step 2200 loss 0.0746 lr 7.61e-04 185s val 0.0811
step 2400 loss 0.0730 lr 7.17e-04 201s val 0.0806
step 2600 loss 0.0663 lr 6.70e-04 218s val 0.0798
step 2800 loss 0.0703 lr 6.23e-04 234s val 0.0794
step 3000 loss 0.0662 lr 5.74e-04 251s val 0.0793
step 3200 loss 0.0704 lr 5.26e-04 268s val 0.0781
step 3400 loss 0.0656 lr 4.77e-04 284s val 0.0782
step 3600 loss 0.0661 lr 4.30e-04 301s val 0.0775
step 3800 loss 0.0680 lr 3.83e-04 318s val 0.0773
step 4000 loss 0.0602 lr 3.39e-04 334s val 0.0777
step 4200 loss 0.0562 lr 2.97e-04 351s val 0.0771
step 4400 loss 0.0605 lr 2.59e-04 368s val 0.0773
step 4600 loss 0.0615 lr 2.23e-04 385s val 0.0766
step 4800 loss 0.0561 lr 1.92e-04 401s val 0.0767
step 5000 loss 0.0603 lr 1.64e-04 418s val 0.0768
step 5200 loss 0.0602 lr 1.42e-04 435s val 0.0768
step 5400 loss 0.0572 lr 1.24e-04 452s val 0.0765
step 5600 loss 0.0554 lr 1.11e-04 469s val 0.0764
step 5800 loss 0.0585 lr 1.03e-04 485s val 0.0765
step 6000 loss 0.0600 lr 1.00e-04 502s val 0.0763
saved ckpts/dsr/stage1_r4_s1.pt
END 2026-09-23T21:55:52Z
