2026-09-18T06:25:21Z all Stage-1 done for depth3_f0_a1
2026-09-18T06:25:21Z cov depth3_f0_a1 s30 p1 start
2026-09-18T06:33:23Z cov depth3_f0_a1 s30 p1 rc=0 records 300
2026-09-18T06:33:23Z cov depth3_f0_a1 s31 p1 start
2026-09-18T06:40:47Z cov depth3_f0_a1 s31 p1 rc=0 records 300
2026-09-18T06:40:47Z cov depth3_f0_a1 s32 p1 start
2026-09-18T06:47:44Z cov depth3_f0_a1 s32 p1 rc=0 records 300
2026-09-18T06:47:44Z cov depth3_f0_a1 s33 p1 start
2026-09-18T06:55:25Z cov depth3_f0_a1 s33 p1 rc=0 records 300
2026-09-18T06:55:25Z cov depth3_f0_a1 s34 p1 start
2026-09-18T07:02:45Z cov depth3_f0_a1 s34 p1 rc=0 records 300
2026-09-18T07:02:45Z cov depth3_f0_a1 s35 p1 start
2026-09-18T07:10:07Z cov depth3_f0_a1 s35 p1 rc=0 records 300
2026-09-18T07:10:07Z cov depth3_f0_a1 s36 p1 start
2026-09-18T07:17:04Z cov depth3_f0_a1 s36 p1 rc=0 records 300
2026-09-18T07:17:04Z cov depth3_f0_a1 s37 p1 start
2026-09-18T07:24:04Z cov depth3_f0_a1 s37 p1 rc=0 records 300
2026-09-18T07:24:04Z cov depth3_f0_a1 s38 p1 start
2026-09-18T07:31:10Z cov depth3_f0_a1 s38 p1 rc=0 records 300
2026-09-18T07:31:10Z cov depth3_f0_a1 s39 p1 start
2026-09-18T07:38:35Z cov depth3_f0_a1 s39 p1 rc=0 records 300
2026-09-18T07:38:35Z cov depth3_f0_a1 s40 p1 start
2026-09-18T07:47:38Z cov depth3_f0_a1 s40 p1 rc=0 records 300
2026-09-18T07:47:38Z cov depth3_f0_a1 s41 p1 start
2026-09-18T07:55:15Z cov depth3_f0_a1 s41 p1 rc=0 records 300
2026-09-18T07:55:15Z cov depth3_f0_a1 s30 p2 start
2026-09-18T08:13:34Z cov depth3_f0_a1 s30 p2 rc=0 records 700
2026-09-18T08:13:34Z cov depth3_f0_a1 s31 p2 start
2026-09-18T08:30:37Z cov depth3_f0_a1 s31 p2 rc=0 records 700
2026-09-18T08:30:37Z cov depth3_f0_a1 s32 p2 start
2026-09-18T08:47:28Z cov depth3_f0_a1 s32 p2 rc=0 records 700
2026-09-18T08:47:28Z cov depth3_f0_a1 s33 p2 start
2026-09-18T09:07:12Z cov depth3_f0_a1 s33 p2 rc=0 records 700
2026-09-18T09:07:12Z cov depth3_f0_a1 s34 p2 start
2026-09-18T09:24:13Z cov depth3_f0_a1 s34 p2 rc=0 records 700
2026-09-18T09:24:13Z cov depth3_f0_a1 s35 p2 start
2026-09-18T09:41:34Z cov depth3_f0_a1 s35 p2 rc=0 records 700
2026-09-18T09:41:34Z cov depth3_f0_a1 s36 p2 start
2026-09-18T09:58:37Z cov depth3_f0_a1 s36 p2 rc=0 records 700
2026-09-18T09:58:37Z cov depth3_f0_a1 s37 p2 start
2026-09-18T10:16:07Z cov depth3_f0_a1 s37 p2 rc=0 records 700
2026-09-18T10:16:07Z cov depth3_f0_a1 s38 p2 start
2026-09-18T10:32:34Z cov depth3_f0_a1 s38 p2 rc=0 records 700
2026-09-18T10:32:34Z cov depth3_f0_a1 s39 p2 start
2026-09-18T10:49:45Z cov depth3_f0_a1 s39 p2 rc=0 records 700
skip cov 40 p2
skip cov 41 p2
2026-09-18T10:49:45Z QUEUE DONE depth3_f0_a1
