{
 "utc": "2026-09-28T05:08:11Z",
 "data": "data/p2/train_depth3_f0_a1.jsonl",
 "n_cases": 1000,
 "agree": 1000,
 "mismatches": 0,
 "by_focused_frame_kind": {
  "neg": 30,
  "top": 799,
  "imp": 167,
  "or1": 2,
  "or2": 2
 },
 "lean_secs": 5.143001317977905,
 "seed": 0
}
{
 "utc": "2026-09-28T05:08:32Z",
 "data": "data/p2/train_depth3_f0_a1.jsonl",
 "n_cases": 300,
 "agree": 300,
 "mismatches": 0,
 "by_focused_frame_kind": {
  "or2": 186,
  "or1": 114
 },
 "lean_secs": 2.0596563816070557,
 "seed": 7
}
CANONGATES_DONE
