utc = 2026-09-28T04:13:00Z
data = data/p2/train_depth3_f0_a1.jsonl
n_records = 155000
gate1_gate3_failures = 0
mean_actions_per_proof = 5.0
action_kinds = {'have': 435824, 'exact': 248216, 'box': 90960}
action_len_max = 220
action_len_p999 = 101
action_len_p9999 = 133
state_len_tokens_max = 303
state_len_p999 = 184
state_len_mean = 67.20218838709677
hist_len_max = 321
hist_len_p999 = 202
have_actions = 526784
have_name_not_scopemax_plus1 = 15821
decompose_secs = 71.37415337562561
lean_checked = 5000
lean_rejected = 0
lean_secs = 24.970828771591187
lean_judge_stats = {'fallback': 5000, 'conflict': 0, 'registry': 5000, 'fallback_lean_s': 24.56170678138733}
actions_per_proof {3: 31000, 4: 31000, 5: 31000, 6: 31000, 7: 31000}
