sw -> ['c0', 'r2', 'r3', 'r4']
c0: 18534 counted proof records, 5189 distinct (prompt, ND proof)
{
 "arm": "c0",
 "mode": "lean_seq",
 "counted_records": 18534,
 "distinct_proofs": 5189,
 "A_nd2lean_unmodified": {
  "n": 5189,
  "both_accept": 5189,
  "nd_ok_lean_rej": 0,
  "nd_rej_lean_ok": 0,
  "both_reject": 0,
  "stdout_tail": [
   "5189 records in 51s: nd_ok&lean_ok 5189, nd_ok&lean_rej 0, nd_rej&lean_ok 0, both reject 0"
  ],
  "stderr_tail": ""
 },
 "B_literal_text": {
  "n_with_text": 5189,
  "accepted": 5189,
  "rejected": 0,
  "no_text_stored": 0,
  "lean_wall_s": 11.8442063331604,
  "lean_proc_s": 125.00816345214844
 }
}
r2: 18388 counted proof records, 5132 distinct (prompt, ND proof)
{
 "arm": "r2",
 "mode": "lean_seq_intro",
 "counted_records": 18388,
 "distinct_proofs": 5132,
 "A_nd2lean_unmodified": {
  "n": 5132,
  "both_accept": 5132,
  "nd_ok_lean_rej": 0,
  "nd_rej_lean_ok": 0,
  "both_reject": 0,
  "stdout_tail": [
   "5132 records in 53s: nd_ok&lean_ok 5132, nd_ok&lean_rej 0, nd_rej&lean_ok 0, both reject 0"
  ],
  "stderr_tail": ""
 },
 "B_literal_text": {
  "n_with_text": 5132,
  "accepted": 5132,
  "rejected": 0,
  "no_text_stored": 0,
  "lean_wall_s": 11.319393634796143,
  "lean_proc_s": 119.63816332817078
 }
}
r3: 18072 counted proof records, 5056 distinct (prompt, ND proof)
{
 "arm": "r3",
 "mode": "lean_seq_nofml",
 "counted_records": 18072,
 "distinct_proofs": 5056,
 "A_nd2lean_unmodified": {
  "n": 5056,
  "both_accept": 5056,
  "nd_ok_lean_rej": 0,
  "nd_rej_lean_ok": 0,
  "both_reject": 0,
  "stdout_tail": [
   "5056 records in 46s: nd_ok&lean_ok 5056, nd_ok&lean_rej 0, nd_rej&lean_ok 0, both reject 0"
  ],
  "stderr_tail": ""
 },
 "B_literal_text": {
  "n_with_text": 5056,
  "accepted": 5056,
  "rejected": 0,
  "no_text_stored": 0,
  "lean_wall_s": 10.4587881565094,
  "lean_proc_s": 114.43024563789368
 }
}
r4: 18129 counted proof records, 5113 distinct (prompt, ND proof)
{
 "arm": "r4",
 "mode": "lean_seq_funbare",
 "counted_records": 18129,
 "distinct_proofs": 5113,
 "A_nd2lean_unmodified": {
  "n": 5113,
  "both_accept": 5113,
  "nd_ok_lean_rej": 0,
  "nd_rej_lean_ok": 0,
  "both_reject": 0,
  "stdout_tail": [
   "5113 records in 44s: nd_ok&lean_ok 5113, nd_ok&lean_rej 0, nd_rej&lean_ok 0, both reject 0"
  ],
  "stderr_tail": ""
 },
 "B_literal_text": {
  "n_with_text": 5113,
  "accepted": 5113,
  "rejected": 0,
  "no_text_stored": 0,
  "lean_wall_s": 11.299997568130493,
  "lean_proc_s": 121.83623886108398
 }
}
