START 2026-09-23T22:23:40Z python3 train.py --data data/p2/train_depth3_f0_a1.jsonl --heldout data/p2/heldout.jsonl --mode lean_seq_nofml --steps 6000 --bs 128 --cap 6 --seed 3 --out ckpts/dsr/stage1_r3_s3.pt && python3 eval_set.py --ckpt ckpts/dsr/stage1_r3_s3.pt --in data/p2/heldout.jsonl --k 1 --temperature 0 --batch 2048 --out artifacts/dsr/held_r3_s3.jsonl --summary artifacts/dsr/held_r3_s3.json
params 3214336 mode lean_seq_nofml shift True
train records 155000 max len 464
step 200 loss 0.9824 lr 1.00e-03 22s val 0.9589
step 400 loss 0.2316 lr 9.97e-04 43s val 0.1757
step 600 loss 0.1241 lr 9.89e-04 64s val 0.1116
step 800 loss 0.1039 lr 9.76e-04 86s val 0.0966
step 1000 loss 0.0992 lr 9.58e-04 107s val 0.0923
step 1200 loss 0.0987 lr 9.36e-04 128s val 0.0896
step 1400 loss 0.0841 lr 9.08e-04 149s val 0.0959
step 1600 loss 0.0802 lr 8.77e-04 171s val 0.0865
step 1800 loss 0.0792 lr 8.41e-04 192s val 0.0848
step 2000 loss 0.0799 lr 8.03e-04 213s val 0.0835
step 2200 loss 0.0781 lr 7.61e-04 234s val 0.0839
step 2400 loss 0.0658 lr 7.17e-04 256s val 0.0830
step 2600 loss 0.0665 lr 6.70e-04 277s val 0.0812
step 2800 loss 0.0701 lr 6.23e-04 298s val 0.0808
step 3000 loss 0.0659 lr 5.74e-04 319s val 0.0803
step 3200 loss 0.0671 lr 5.26e-04 341s val 0.0800
step 3400 loss 0.0619 lr 4.77e-04 362s val 0.0802
step 3600 loss 0.0621 lr 4.30e-04 383s val 0.0793
step 3800 loss 0.0615 lr 3.83e-04 405s val 0.0795
step 4000 loss 0.0623 lr 3.39e-04 426s val 0.0792
step 4200 loss 0.0649 lr 2.97e-04 447s val 0.0794
step 4400 loss 0.0644 lr 2.59e-04 469s val 0.0787
step 4600 loss 0.0566 lr 2.23e-04 490s val 0.0787
step 4800 loss 0.0579 lr 1.92e-04 511s val 0.0783
step 5000 loss 0.0608 lr 1.64e-04 532s val 0.0784
step 5200 loss 0.0586 lr 1.42e-04 554s val 0.0782
step 5400 loss 0.0585 lr 1.24e-04 575s val 0.0784
step 5600 loss 0.0567 lr 1.11e-04 597s val 0.0781
step 5800 loss 0.0560 lr 1.03e-04 618s val 0.0780
step 6000 loss 0.0586 lr 1.00e-04 639s val 0.0778
saved ckpts/dsr/stage1_r3_s3.pt
[lean_gate] 5000 samples, parse-fail 466, distinct checked 4534: both ok 4305, nd-only 0, lean-only 1, both rej 228; lean 10.8s wall (118.9s proc, 12 workers), nd_verify 0.2s
generated 5000 proofs in 17s
stage1_r3_s3.pt on heldout.jsonl k=1 SOLVED 4305/5000 = 0.861 [0.851,0.870]
  len 2: 996/1000 = 0.996 [0.990,0.998]
  len 3: 991/1000 = 0.991 [0.983,0.995]
  len 4: 945/1000 = 0.945 [0.929,0.958]
  len 5: 922/1000 = 0.922 [0.904,0.937]
  len 6: 451/1000 = 0.451 [0.420,0.482]
  written hist {2: 1025, 3: 990, 4: 929, 5: 956, 6: 404, 7: 1}
  pruned hist {2: 1025, 3: 990, 4: 930, 5: 955, 6: 404, 7: 1}
  frontier written 6 pruned 6
  reasons [("parse: expected line index, got 'LEANPARSE'", 466), ('rule check failed: ANDI', 68), ('rule check failed: IMPI', 47), ('rule check failed: ORI2', 27), ('final formula is not the conclusion', 21), ('rule check failed: IMPE', 18)]
END 2026-09-23T22:35:15Z
