START 2026-09-23T22:35:26Z python3 train.py --data data/p2/train_depth3_f0_a1.jsonl --heldout data/p2/heldout.jsonl --mode lean_seq_intro --steps 6000 --bs 128 --cap 6 --seed 3 --out ckpts/dsr/stage1_r2_s3.pt && python3 eval_set.py --ckpt ckpts/dsr/stage1_r2_s3.pt --in data/p2/heldout.jsonl --k 1 --temperature 0 --batch 2048 --out artifacts/dsr/held_r2_s3.jsonl --summary artifacts/dsr/held_r2_s3.json
params 3214848 mode lean_seq_intro shift True
train records 155000 max len 391
step 200 loss 0.9767 lr 1.00e-03 19s val 0.8871
step 400 loss 0.2193 lr 9.97e-04 38s val 0.1570
step 600 loss 0.1316 lr 9.89e-04 58s val 0.1149
step 800 loss 0.1169 lr 9.76e-04 77s val 0.0996
step 1000 loss 0.1059 lr 9.58e-04 97s val 0.0910
step 1200 loss 0.1002 lr 9.36e-04 116s val 0.0883
step 1400 loss 0.0891 lr 9.08e-04 135s val 0.0905
step 1600 loss 0.0909 lr 8.77e-04 155s val 0.0856
step 1800 loss 0.0828 lr 8.41e-04 174s val 0.0838
step 2000 loss 0.0862 lr 8.03e-04 194s val 0.0848
step 2200 loss 0.0830 lr 7.61e-04 214s val 0.0853
step 2400 loss 0.0762 lr 7.17e-04 233s val 0.0804
step 2600 loss 0.0692 lr 6.70e-04 252s val 0.0805
step 2800 loss 0.0718 lr 6.23e-04 272s val 0.0788
step 3000 loss 0.0747 lr 5.74e-04 291s val 0.0789
step 3200 loss 0.0718 lr 5.26e-04 311s val 0.0784
step 3400 loss 0.0643 lr 4.77e-04 331s val 0.0781
step 3600 loss 0.0640 lr 4.30e-04 350s val 0.0777
step 3800 loss 0.0646 lr 3.83e-04 370s val 0.0779
step 4000 loss 0.0663 lr 3.39e-04 389s val 0.0773
step 4200 loss 0.0673 lr 2.97e-04 409s val 0.0772
step 4400 loss 0.0653 lr 2.59e-04 428s val 0.0770
step 4600 loss 0.0606 lr 2.23e-04 448s val 0.0771
step 4800 loss 0.0608 lr 1.92e-04 467s val 0.0769
step 5000 loss 0.0620 lr 1.64e-04 486s val 0.0768
step 5200 loss 0.0624 lr 1.42e-04 506s val 0.0765
step 5400 loss 0.0592 lr 1.24e-04 525s val 0.0767
step 5600 loss 0.0603 lr 1.11e-04 545s val 0.0766
step 5800 loss 0.0574 lr 1.03e-04 564s val 0.0764
step 6000 loss 0.0601 lr 1.00e-04 584s val 0.0763
saved ckpts/dsr/stage1_r2_s3.pt
[lean_gate] 5000 samples, parse-fail 27, distinct checked 4973: both ok 4741, nd-only 0, lean-only 1, both rej 231; lean 13.1s wall (145.3s proc, 12 workers), nd_verify 2.9s
generated 5000 proofs in 21s
stage1_r2_s3.pt on heldout.jsonl k=1 SOLVED 4741/5000 = 0.948 [0.942,0.954]
  len 2: 997/1000 = 0.997 [0.991,0.999]
  len 3: 992/1000 = 0.992 [0.984,0.996]
  len 4: 964/1000 = 0.964 [0.951,0.974]
  len 5: 922/1000 = 0.922 [0.904,0.937]
  len 6: 866/1000 = 0.866 [0.843,0.886]
  written hist {2: 1025, 3: 991, 4: 944, 5: 950, 6: 829, 7: 2}
  pruned hist {2: 1026, 3: 990, 4: 945, 5: 950, 6: 828, 7: 2}
  frontier written 6 pruned 6
  reasons [('rule check failed: ANDI', 42), ('rule check failed: IMPE', 40), ('rule check failed: DN', 35), ("parse: expected line index, got 'LEANPARSE'", 27), ('rule check failed: ANDE2', 23), ('rule check failed: IMPI', 23)]
END 2026-09-23T22:46:13Z
