params 3210240 mode abs shift True
train records 155000 max len 585
step 200 loss 0.9507 lr 1.00e-03 20s val 0.9082
step 400 loss 0.2107 lr 9.97e-04 39s val 0.1608
step 600 loss 0.1472 lr 9.89e-04 59s val 0.1168
step 800 loss 0.1067 lr 9.76e-04 78s val 0.1025
step 1000 loss 0.1067 lr 9.58e-04 97s val 0.0983
step 1200 loss 0.0981 lr 9.36e-04 118s val 0.0975
step 1400 loss 0.0920 lr 9.08e-04 138s val 0.0934
step 1600 loss 0.0892 lr 8.77e-04 157s val 0.0914
step 1800 loss 0.0915 lr 8.41e-04 177s val 0.0907
step 2000 loss 0.0796 lr 8.03e-04 197s val 0.0901
step 2200 loss 0.0840 lr 7.61e-04 217s val 0.0882
step 2400 loss 0.0808 lr 7.17e-04 236s val 0.0866
step 2600 loss 0.0738 lr 6.70e-04 255s val 0.0866
step 2800 loss 0.0730 lr 6.23e-04 276s val 0.0872
step 3000 loss 0.0770 lr 5.74e-04 295s val 0.0859
step 3200 loss 0.0704 lr 5.26e-04 314s val 0.0854
step 3400 loss 0.0672 lr 4.77e-04 334s val 0.0845
step 3600 loss 0.0676 lr 4.30e-04 354s val 0.0841
step 3800 loss 0.0692 lr 3.83e-04 374s val 0.0842
step 4000 loss 0.0628 lr 3.39e-04 394s val 0.0837
step 4200 loss 0.0630 lr 2.97e-04 414s val 0.0835
step 4400 loss 0.0619 lr 2.59e-04 433s val 0.0837
step 4600 loss 0.0595 lr 2.23e-04 452s val 0.0834
step 4800 loss 0.0593 lr 1.92e-04 472s val 0.0828
step 5000 loss 0.0593 lr 1.64e-04 492s val 0.0828
step 5200 loss 0.0589 lr 1.42e-04 512s val 0.0828
step 5400 loss 0.0590 lr 1.24e-04 531s val 0.0826
step 5600 loss 0.0615 lr 1.11e-04 550s val 0.0826
step 5800 loss 0.0624 lr 1.03e-04 564s val 0.0826
step 6000 loss 0.0564 lr 1.00e-04 574s val 0.0823
heldout_breakdown {"by_rule": {"ANDE1": {"sum": 58.89642607655492, "n": 775, "mean": 0.07599538848587731}, "ANDE2": {"sum": 61.57762141116077, "n": 702, "mean": 0.08771740941760793}, "ANDI": {"sum": 324.34175185725104, "n": 19413, "mean": 0.01670745128817035}, "AS": {"sum": 4981.345906903944, "n": 62470, "mean": 0.07973980961908025}, "BOTE": {"sum": 16.88286082109869, "n": 689, "mean": 0.024503426445716528}, "DN": {"sum": 79.14594295854872, "n": 14322, "mean": 0.005526179511140115}, "IMPE": {"sum": 116.64932799426103, "n": 23343, "mean": 0.004997186650998631}, "IMPI": {"sum": 44.33594689379107, "n": 113499, "mean": 0.0003906285244256872}, "NEGE": {"sum": 67.42956383463931, "n": 4292, "mean": 0.015710522794650354}, "NEGI": {"sum": 0.9845695940439114, "n": 19774, "mean": 4.9791119350860295e-05}, "ORE": {"sum": 54.739659959495455, "n": 452, "mean": 0.12110544238826428}, "ORI1": {"sum": 104.85510751748669, "n": 22092, "mean": 0.004746293115946347}, "ORI2": {"sum": 163.99895285887442, "n": 20676, "mean": 0.007931851076556124}, "PR": {"sum": 16209.300348386158, "n": 97818, "mean": 0.16570876881950314}, "QED": {"sum": 2.6651743104250727, "n": 5000, "mean": 0.0005330348620850145}, "R": {"sum": 138.75996241088924, "n": 950, "mean": 0.14606311832725183}}, "by_rule_name_pos": {"ANDE1": {"sum": 5.50190964891226, "n": 89, "mean": 0.061819209538340004}, "ANDE2": {"sum": 9.13691995730187, "n": 83, "mean": 0.11008337297954061}, "ANDI": {"sum": 0.03540728484975375, "n": 816, "mean": 4.33912804531296e-05}, "AS": {"sum": 0.7849874279273337, "n": 3955, "mean": 0.0001984797542167721}, "BOTE": {"sum": 0.5928515225095907, "n": 50, "mean": 0.011857030450191814}, "DN": {"sum": 11.759598557192021, "n": 731, "mean": 0.016087002130221642}, "IMPE": {"sum": 0.8007762934184939, "n": 1839, "mean": 0.0004354411600970603}, "IMPI": {"sum": 0.047531658266315446, "n": 3141, "mean": 1.51326514696961e-05}, "NEGE": {"sum": 5.157304092112554, "n": 557, "mean": 0.009259073773990222}, "NEGI": {"sum": 0.02915276409271428, "n": 750, "mean": 3.887035212361904e-05}, "ORE": {"sum": 0.035772888528754265, "n": 32, "mean": 0.0011179027665235708}, "ORI1": {"sum": 15.17876838864504, "n": 960, "mean": 0.01581121707150525}, "ORI2": {"sum": 20.765831014390642, "n": 907, "mean": 0.02289507278323114}, "PR": {"sum": 0.011558471621611943, "n": 5998, "mean": 1.927054288364779e-06}, "R": {"sum": 0.9071974004400545, "n": 92, "mean": 0.009860841309131027}}, "by_class": {"bar": {"sum": 322.1777220272461, "n": 9607, "mean": 0.03353572624411846}, "formula": {"sum": 1004.2537421299477, "n": 294382, "mean": 0.003411396560013682}, "idx": {"sum": 20646.971717560973, "n": 20000, "mean": 1.0323485858780486}, "qed": {"sum": 2.6651743104250727, "n": 5000, "mean": 0.0005330348620850145}, "ref": {"sum": 379.05150898532054, "n": 17278, "mean": 0.02193839037998151}, "rule": {"sum": 70.74556737021217, "n": 20000, "mean": 0.003537278368510609}, "sep": {"sum": 0.043691403273633966, "n": 40000, "mean": 1.092285081840849e-06}}}
saved ckpts/r3_3/stage1_derived_ore_f0_s48.pt
