params 3210240 mode abs shift True
train records 155000 max len 444
step 200 loss 0.8927 lr 1.00e-03 15s val 0.8599
step 400 loss 0.2304 lr 9.97e-04 30s val 0.1780
step 600 loss 0.1463 lr 9.89e-04 45s val 0.1228
step 800 loss 0.1087 lr 9.76e-04 61s val 0.1026
step 1000 loss 0.1026 lr 9.58e-04 76s val 0.0978
step 1200 loss 0.0929 lr 9.36e-04 91s val 0.0967
step 1400 loss 0.0959 lr 9.08e-04 107s val 0.0935
step 1600 loss 0.0848 lr 8.77e-04 122s val 0.0922
step 1800 loss 0.0815 lr 8.41e-04 137s val 0.0892
step 2000 loss 0.0808 lr 8.03e-04 152s val 0.0894
step 2200 loss 0.0822 lr 7.61e-04 167s val 0.0884
step 2400 loss 0.0750 lr 7.17e-04 183s val 0.0875
step 2600 loss 0.0671 lr 6.70e-04 198s val 0.0859
step 2800 loss 0.0702 lr 6.23e-04 213s val 0.0857
step 3000 loss 0.0737 lr 5.74e-04 229s val 0.0848
step 3200 loss 0.0696 lr 5.26e-04 244s val 0.0848
step 3400 loss 0.0662 lr 4.77e-04 259s val 0.0844
step 3600 loss 0.0685 lr 4.30e-04 274s val 0.0845
step 3800 loss 0.0669 lr 3.83e-04 289s val 0.0837
step 4000 loss 0.0648 lr 3.39e-04 305s val 0.0832
step 4200 loss 0.0599 lr 2.97e-04 320s val 0.0834
step 4400 loss 0.0601 lr 2.59e-04 335s val 0.0829
step 4600 loss 0.0628 lr 2.23e-04 350s val 0.0830
step 4800 loss 0.0656 lr 1.92e-04 365s val 0.0827
step 5000 loss 0.0639 lr 1.64e-04 381s val 0.0833
step 5200 loss 0.0606 lr 1.42e-04 396s val 0.0826
step 5400 loss 0.0645 lr 1.24e-04 412s val 0.0829
step 5600 loss 0.0587 lr 1.11e-04 427s val 0.0823
step 5800 loss 0.0593 lr 1.03e-04 442s val 0.0827
step 6000 loss 0.0610 lr 1.00e-04 456s val 0.0824
heldout_breakdown {"by_rule": {"ANDE1": {"sum": 57.70356237138589, "n": 775, "mean": 0.07445620951146567}, "ANDE2": {"sum": 60.199201839152856, "n": 702, "mean": 0.08575384877372201}, "ANDI": {"sum": 198.20957227990513, "n": 19413, "mean": 0.010210146411162887}, "AS": {"sum": 10830.739403697471, "n": 62470, "mean": 0.17337505048339155}, "BOTE": {"sum": 13.130424589065058, "n": 689, "mean": 0.019057220013156833}, "DN": {"sum": 50.94974688836126, "n": 14322, "mean": 0.0035574463684095283}, "IMPE": {"sum": 109.38815278473658, "n": 23343, "mean": 0.0046861222972512774}, "IMPI": {"sum": 2335.223722793291, "n": 113499, "mean": 0.02057483962672174}, "NEGE": {"sum": 40.798373480346285, "n": 4292, "mean": 0.00950567881648329}, "NEGI": {"sum": 3.748430172198418, "n": 19774, "mean": 0.00018956357703036402}, "ORE": {"sum": 1.5542108059058322, "n": 452, "mean": 0.003438519482092549}, "ORI1": {"sum": 103.53152354971391, "n": 22092, "mean": 0.004686380750937621}, "ORI2": {"sum": 133.01136314342784, "n": 20676, "mean": 0.00643312841668736}, "PR": {"sum": 16198.251147177922, "n": 97818, "mean": 0.16559581209161833}, "QED": {"sum": 0.9652803225178559, "n": 5000, "mean": 0.00019305606450357117}, "R": {"sum": 107.96388090684323, "n": 950, "mean": 0.11364619042825604}}, "by_rule_name_pos": {"ANDE1": {"sum": 4.982371946578496, "n": 89, "mean": 0.055981707264926926}, "ANDE2": {"sum": 12.669715778734826, "n": 83, "mean": 0.15264717805704608}, "ANDI": {"sum": 0.26428623122052386, "n": 816, "mean": 0.00032388018531926945}, "AS": {"sum": 1999.237660827267, "n": 3955, "mean": 0.5054962479967805}, "BOTE": {"sum": 0.3089533149195631, "n": 50, "mean": 0.006179066298391263}, "DN": {"sum": 6.74959697003419, "n": 731, "mean": 0.009233374788008468}, "IMPE": {"sum": 3.9105417693953086, "n": 1839, "mean": 0.0021264501193014184}, "IMPI": {"sum": 16.16748794329945, "n": 3141, "mean": 0.005147242261477061}, "NEGE": {"sum": 0.34067261498466905, "n": 557, "mean": 0.0006116204936888134}, "NEGI": {"sum": 2.8662511048711394, "n": 750, "mean": 0.0038216681398281858}, "ORE": {"sum": 0.009405115055869828, "n": 32, "mean": 0.00029390984549593213}, "ORI1": {"sum": 19.064370086245617, "n": 960, "mean": 0.019858718839839185}, "ORI2": {"sum": 22.455809055062673, "n": 907, "mean": 0.024758334129065793}, "PR": {"sum": 0.0057019568189531356, "n": 5998, "mean": 9.50643017498022e-07}, "R": {"sum": 0.191717158715619, "n": 92, "mean": 0.0020838821599523803}}, "by_class": {"bar": {"sum": 3907.9496714847533, "n": 9607, "mean": 0.40678147928435027}, "formula": {"sum": 2173.5011728630084, "n": 294382, "mean": 0.007383267906539831}, "idx": {"sum": 20684.85618526343, "n": 20000, "mean": 1.0342428092631715}, "qed": {"sum": 0.9652803225178559, "n": 5000, "mean": 0.00019305606450357117}, "ref": {"sum": 1376.525350012298, "n": 17278, "mean": 0.07966925280774963}, "rule": {"sum": 2089.224541873218, "n": 20000, "mean": 0.10446122709366092}, "sep": {"sum": 12.345794981159194, "n": 40000, "mean": 0.00030864487452897984}}}
saved ckpts/r3_3/stage1_depth3_f0_a1_s53.pt
