params 3210240 mode abs shift True
train records 155000 max len 444
step 200 loss 0.9440 lr 1.00e-03 14s val 0.8774
step 400 loss 0.2184 lr 9.97e-04 29s val 0.1510
step 600 loss 0.1538 lr 9.89e-04 44s val 0.1188
step 800 loss 0.1157 lr 9.76e-04 59s val 0.1003
step 1000 loss 0.1040 lr 9.58e-04 74s val 0.1004
step 1200 loss 0.0866 lr 9.36e-04 89s val 0.0972
step 1400 loss 0.0933 lr 9.08e-04 104s val 0.0914
step 1600 loss 0.0879 lr 8.77e-04 120s val 0.0921
step 1800 loss 0.0913 lr 8.41e-04 135s val 0.0954
step 2000 loss 0.0841 lr 8.03e-04 150s val 0.0900
step 2200 loss 0.0780 lr 7.61e-04 165s val 0.0880
step 2400 loss 0.0744 lr 7.17e-04 181s val 0.0888
step 2600 loss 0.0697 lr 6.70e-04 196s val 0.0860
step 2800 loss 0.0736 lr 6.23e-04 211s val 0.0863
step 3000 loss 0.0685 lr 5.74e-04 226s val 0.0857
step 3200 loss 0.0678 lr 5.26e-04 241s val 0.0849
step 3400 loss 0.0715 lr 4.77e-04 257s val 0.0851
step 3600 loss 0.0626 lr 4.30e-04 272s val 0.0838
step 3800 loss 0.0682 lr 3.83e-04 287s val 0.0837
step 4000 loss 0.0660 lr 3.39e-04 302s val 0.0839
step 4200 loss 0.0690 lr 2.97e-04 317s val 0.0831
step 4400 loss 0.0641 lr 2.59e-04 333s val 0.0833
step 4600 loss 0.0678 lr 2.23e-04 348s val 0.0834
step 4800 loss 0.0625 lr 1.92e-04 363s val 0.0833
step 5000 loss 0.0644 lr 1.64e-04 379s val 0.0828
step 5200 loss 0.0576 lr 1.42e-04 394s val 0.0830
step 5400 loss 0.0605 lr 1.24e-04 409s val 0.0828
step 5600 loss 0.0585 lr 1.11e-04 424s val 0.0826
step 5800 loss 0.0592 lr 1.03e-04 439s val 0.0825
step 6000 loss 0.0602 lr 1.00e-04 455s val 0.0825
heldout_breakdown {"by_rule": {"ANDE1": {"sum": 63.52903282256049, "n": 775, "mean": 0.0819729455774974}, "ANDE2": {"sum": 63.97013715389589, "n": 702, "mean": 0.0911255515012762}, "ANDI": {"sum": 171.10955944664633, "n": 19413, "mean": 0.008814173978604354}, "AS": {"sum": 7803.0175570807005, "n": 62470, "mean": 0.12490823686698736}, "BOTE": {"sum": 18.821019917685362, "n": 689, "mean": 0.027316429488658}, "DN": {"sum": 51.73707044321595, "n": 14322, "mean": 0.003612419385785222}, "IMPE": {"sum": 111.63699364539022, "n": 23343, "mean": 0.004782461279415251}, "IMPI": {"sum": 4224.472817534265, "n": 113499, "mean": 0.03722035275671385}, "NEGE": {"sum": 69.39286693200384, "n": 4292, "mean": 0.016167955948742742}, "NEGI": {"sum": 17.32487769866406, "n": 19774, "mean": 0.0008761443157006201}, "ORE": {"sum": 3.9653216532934437, "n": 452, "mean": 0.008772835516135937}, "ORI1": {"sum": 102.42081814941798, "n": 22092, "mean": 0.004636104388440068}, "ORI2": {"sum": 169.86560599959202, "n": 20676, "mean": 0.008215593248190753}, "PR": {"sum": 16216.453255996652, "n": 97818, "mean": 0.1657818934756042}, "QED": {"sum": 7.959167215553862, "n": 5000, "mean": 0.0015918334431107724}, "R": {"sum": 126.43015144212126, "n": 950, "mean": 0.13308436993907502}}, "by_rule_name_pos": {"ANDE1": {"sum": 6.133216645219363, "n": 89, "mean": 0.06891254657549846}, "ANDE2": {"sum": 19.575792734598508, "n": 83, "mean": 0.23585292451323503}, "ANDI": {"sum": 1.0182284872893774, "n": 816, "mean": 0.0012478290285409038}, "AS": {"sum": 388.1459999867202, "n": 3955, "mean": 0.09814058153899373}, "BOTE": {"sum": 0.2915152872737963, "n": 50, "mean": 0.005830305745475926}, "DN": {"sum": 4.708524833478805, "n": 731, "mean": 0.0064412104425154645}, "IMPE": {"sum": 4.612776838256195, "n": 1839, "mean": 0.0025083071442393665}, "IMPI": {"sum": 29.907209871685716, "n": 3141, "mean": 0.009521556788183927}, "NEGE": {"sum": 0.6155674183984843, "n": 557, "mean": 0.0011051479683994332}, "NEGI": {"sum": 7.592084640494193, "n": 750, "mean": 0.010122779520658924}, "ORE": {"sum": 0.03025519118637021, "n": 32, "mean": 0.0009454747245740691}, "ORI1": {"sum": 10.660014669212615, "n": 960, "mean": 0.011104181947096474}, "ORI2": {"sum": 29.661194611797328, "n": 907, "mean": 0.03270252989172803}, "PR": {"sum": 0.002555210184112866, "n": 5998, "mean": 4.2601036747463586e-07}, "R": {"sum": 1.3187866487960491, "n": 92, "mean": 0.014334637486913578}}, "by_class": {"bar": {"sum": 5537.428702964556, "n": 9607, "mean": 0.5763952017242173}, "formula": {"sum": 1935.2676992794347, "n": 294382, "mean": 0.0065740014650333065}, "idx": {"sum": 20681.6342505953, "n": 20000, "mean": 1.034081712529765}, "qed": {"sum": 7.959167215553862, "n": 5000, "mean": 0.0015918334431107724}, "ref": {"sum": 550.2573563410697, "n": 17278, "mean": 0.03184728303860804}, "rule": {"sum": 504.2737230745947, "n": 20000, "mean": 0.025213686153729736}, "sep": {"sum": 5.285353659539467, "n": 40000, "mean": 0.00013213384148848668}}}
saved ckpts/r3_3/stage1_depth3_f0_a1_s42.pt
