params 3210240 mode abs shift True
train records 155000 max len 444
step 200 loss 0.8677 lr 1.00e-03 15s val 0.8333
step 400 loss 0.2026 lr 9.97e-04 31s val 0.1527
step 600 loss 0.1370 lr 9.89e-04 46s val 0.1167
step 800 loss 0.1104 lr 9.76e-04 61s val 0.1008
step 1000 loss 0.1101 lr 9.58e-04 76s val 0.0960
step 1200 loss 0.1059 lr 9.36e-04 91s val 0.0954
step 1400 loss 0.0955 lr 9.08e-04 106s val 0.0932
step 1600 loss 0.0933 lr 8.77e-04 122s val 0.0912
step 1800 loss 0.0796 lr 8.41e-04 137s val 0.0893
step 2000 loss 0.0841 lr 8.03e-04 152s val 0.0885
step 2200 loss 0.0837 lr 7.61e-04 167s val 0.0880
step 2400 loss 0.0794 lr 7.17e-04 182s val 0.0863
step 2600 loss 0.0695 lr 6.70e-04 198s val 0.0862
step 2800 loss 0.0719 lr 6.23e-04 213s val 0.0861
step 3000 loss 0.0683 lr 5.74e-04 228s val 0.0856
step 3200 loss 0.0711 lr 5.26e-04 243s val 0.0846
step 3400 loss 0.0690 lr 4.77e-04 259s val 0.0840
step 3600 loss 0.0676 lr 4.30e-04 274s val 0.0842
step 3800 loss 0.0635 lr 3.83e-04 289s val 0.0832
step 4000 loss 0.0667 lr 3.39e-04 304s val 0.0836
step 4200 loss 0.0641 lr 2.97e-04 319s val 0.0832
step 4400 loss 0.0666 lr 2.59e-04 334s val 0.0832
step 4600 loss 0.0642 lr 2.23e-04 349s val 0.0830
step 4800 loss 0.0558 lr 1.92e-04 365s val 0.0828
step 5000 loss 0.0646 lr 1.64e-04 380s val 0.0826
step 5200 loss 0.0659 lr 1.42e-04 395s val 0.0824
step 5400 loss 0.0626 lr 1.24e-04 411s val 0.0828
step 5600 loss 0.0570 lr 1.11e-04 426s val 0.0823
step 5800 loss 0.0627 lr 1.03e-04 441s val 0.0824
step 6000 loss 0.0582 lr 1.00e-04 455s val 0.0824
heldout_breakdown {"by_rule": {"ANDE1": {"sum": 52.20051325970297, "n": 775, "mean": 0.0673555009802619}, "ANDE2": {"sum": 52.75729175539204, "n": 702, "mean": 0.07515283725839322}, "ANDI": {"sum": 156.85713904361322, "n": 19413, "mean": 0.008080005101922074}, "AS": {"sum": 7352.690523030274, "n": 62470, "mean": 0.11769954414967622}, "BOTE": {"sum": 19.909813597348894, "n": 689, "mean": 0.028896681563641356}, "DN": {"sum": 63.288474907806716, "n": 14322, "mean": 0.004418969062128663}, "IMPE": {"sum": 87.71776482268922, "n": 23343, "mean": 0.003757775985207095}, "IMPI": {"sum": 2334.6105033796302, "n": 113499, "mean": 0.02056943676490216}, "NEGE": {"sum": 46.169231741290616, "n": 4292, "mean": 0.010757043742145997}, "NEGI": {"sum": 4.125163221857612, "n": 19774, "mean": 0.0002086155164285229}, "ORE": {"sum": 7.179012800790417, "n": 452, "mean": 0.01588277168316464}, "ORI1": {"sum": 86.51752182178916, "n": 22092, "mean": 0.003916237634518792}, "ORI2": {"sum": 136.0187109301512, "n": 20676, "mean": 0.006578579557465235}, "PR": {"sum": 16208.346911642935, "n": 97818, "mean": 0.1656990217714831}, "QED": {"sum": 8.75887266654604, "n": 5000, "mean": 0.001751774533309208}, "R": {"sum": 125.79966251613797, "n": 950, "mean": 0.1324206973854084}}, "by_rule_name_pos": {"ANDE1": {"sum": 10.947451939922757, "n": 89, "mean": 0.1230050779766602}, "ANDE2": {"sum": 6.506809111873736, "n": 83, "mean": 0.07839529050450283}, "ANDI": {"sum": 0.7297804080334345, "n": 816, "mean": 0.0008943387353350913}, "AS": {"sum": 619.6668384334797, "n": 3955, "mean": 0.15667935232199234}, "BOTE": {"sum": 0.3333400856681692, "n": 50, "mean": 0.006666801713363384}, "DN": {"sum": 5.905342345710778, "n": 731, "mean": 0.008078443701382734}, "IMPE": {"sum": 4.262135326940779, "n": 1839, "mean": 0.0023176374806638277}, "IMPI": {"sum": 125.19113862490298, "n": 3141, "mean": 0.039857096028304034}, "NEGE": {"sum": 0.18232870569642046, "n": 557, "mean": 0.0003273405847332504}, "NEGI": {"sum": 1.4134760152896888, "n": 750, "mean": 0.0018846346870529183}, "ORE": {"sum": 0.00386573845617022, "n": 32, "mean": 0.00012080432675531938}, "ORI1": {"sum": 12.747153516622348, "n": 960, "mean": 0.013278284913148279}, "ORI2": {"sum": 20.215654151388662, "n": 907, "mean": 0.022288483077606024}, "PR": {"sum": 0.008908102170217091, "n": 5998, "mean": 1.4851787546210556e-06}, "R": {"sum": 1.1623518808282824, "n": 92, "mean": 0.012634259574220461}}, "by_class": {"bar": {"sum": 2105.924746721349, "n": 9607, "mean": 0.21920732244419164}, "formula": {"sum": 2651.649276056031, "n": 294382, "mean": 0.009007511587175951}, "idx": {"sum": 20663.0983042813, "n": 20000, "mean": 1.0331549152140649}, "qed": {"sum": 8.75887266654604, "n": 5000, "mean": 0.001751774533309208}, "ref": {"sum": 492.18883450956423, "n": 17278, "mean": 0.02848644718772799}, "rule": {"sum": 809.2765743869884, "n": 20000, "mean": 0.04046382871934942}, "sep": {"sum": 12.05050251427776, "n": 40000, "mean": 0.000301262562856944}}}
saved ckpts/r3_3/stage1_depth3_f0_a1_s43.pt
