params 3210240 mode abs shift True
train records 155000 max len 602
step 200 loss 0.8825 lr 1.00e-03 19s val 0.8451
step 400 loss 0.2303 lr 9.97e-04 37s val 0.1795
step 600 loss 0.1315 lr 9.89e-04 56s val 0.1189
step 800 loss 0.1231 lr 9.76e-04 75s val 0.0991
step 1000 loss 0.1031 lr 9.58e-04 93s val 0.0967
step 1200 loss 0.1139 lr 9.36e-04 111s val 0.1007
step 1400 loss 0.0886 lr 9.08e-04 130s val 0.0927
step 1600 loss 0.0940 lr 8.77e-04 148s val 0.0913
step 1800 loss 0.0816 lr 8.41e-04 166s val 0.0890
step 2000 loss 0.0744 lr 8.03e-04 185s val 0.0884
step 2200 loss 0.0779 lr 7.61e-04 202s val 0.0876
step 2400 loss 0.0709 lr 7.17e-04 220s val 0.0870
step 2600 loss 0.0724 lr 6.70e-04 239s val 0.0866
step 2800 loss 0.0719 lr 6.23e-04 258s val 0.0855
step 3000 loss 0.0687 lr 5.74e-04 277s val 0.0860
step 3200 loss 0.0732 lr 5.26e-04 295s val 0.0853
step 3400 loss 0.0635 lr 4.77e-04 313s val 0.0845
step 3600 loss 0.0707 lr 4.30e-04 332s val 0.0841
step 3800 loss 0.0592 lr 3.83e-04 350s val 0.0843
step 4000 loss 0.0621 lr 3.39e-04 368s val 0.0843
step 4200 loss 0.0672 lr 2.97e-04 387s val 0.0846
step 4400 loss 0.0598 lr 2.59e-04 405s val 0.0830
step 4600 loss 0.0641 lr 2.23e-04 423s val 0.0830
step 4800 loss 0.0611 lr 1.92e-04 442s val 0.0831
step 5000 loss 0.0620 lr 1.64e-04 461s val 0.0828
step 5200 loss 0.0614 lr 1.42e-04 479s val 0.0831
step 5400 loss 0.0552 lr 1.24e-04 497s val 0.0826
step 5600 loss 0.0622 lr 1.11e-04 515s val 0.0825
step 5800 loss 0.0651 lr 1.03e-04 534s val 0.0826
step 6000 loss 0.0612 lr 1.00e-04 552s val 0.0827
heldout_breakdown {"by_rule": {"ANDE1": {"sum": 62.53992023993749, "n": 775, "mean": 0.08069667127733869}, "ANDE2": {"sum": 51.908048615272044, "n": 702, "mean": 0.07394308919554422}, "ANDI": {"sum": 115.9894187058982, "n": 19413, "mean": 0.0059748322621901925}, "AS": {"sum": 14759.017848840904, "n": 62470, "mean": 0.23625768927230517}, "BOTE": {"sum": 23.896179752271657, "n": 689, "mean": 0.034682408929276716}, "DN": {"sum": 6297.741092877538, "n": 14322, "mean": 0.43972497506476316}, "IMPE": {"sum": 148.09649877326063, "n": 23343, "mean": 0.006344364425020804}, "IMPI": {"sum": 93.23441186009691, "n": 113499, "mean": 0.0008214558001400622}, "NEGE": {"sum": 138.30400333536198, "n": 4292, "mean": 0.03222367272492124}, "NEGI": {"sum": 4430.478995229684, "n": 19774, "mean": 0.22405578007634694}, "ORE": {"sum": 2.368488370101133, "n": 452, "mean": 0.005240018517922861}, "ORI1": {"sum": 87.25992993058745, "n": 22092, "mean": 0.0039498429264252875}, "ORI2": {"sum": 120.39452784058273, "n": 20676, "mean": 0.005822911967526732}, "PR": {"sum": 16219.343262663871, "n": 97818, "mean": 0.1658114382083448}, "QED": {"sum": 9.785240877651063, "n": 5000, "mean": 0.0019570481755302126}, "R": {"sum": 148.83536835458287, "n": 950, "mean": 0.15666880879429776}}, "by_rule_name_pos": {"ANDE1": {"sum": 11.656683287001215, "n": 89, "mean": 0.13097396951686757}, "ANDE2": {"sum": 3.1133849539983203, "n": 83, "mean": 0.037510662096365305}, "ANDI": {"sum": 0.8124951007266361, "n": 816, "mean": 0.0009957047803022501}, "AS": {"sum": 5.492076963481274, "n": 3955, "mean": 0.0013886414572645447}, "BOTE": {"sum": 0.757320139935473, "n": 50, "mean": 0.01514640279870946}, "DN": {"sum": 5647.810804639397, "n": 731, "mean": 7.726143371599723}, "IMPE": {"sum": 26.480431435602895, "n": 1839, "mean": 0.014399364565308806}, "IMPI": {"sum": 0.028406601450164715, "n": 3141, "mean": 9.043808166241553e-06}, "NEGE": {"sum": 0.2699195443297526, "n": 557, "mean": 0.0004845952321898611}, "NEGI": {"sum": 12.937134821470522, "n": 750, "mean": 0.01724951309529403}, "ORE": {"sum": 0.050362556863774444, "n": 32, "mean": 0.0015738299019929514}, "ORI1": {"sum": 27.4964363476538, "n": 960, "mean": 0.028642121195472707}, "ORI2": {"sum": 20.86186559170983, "n": 907, "mean": 0.023000954345876328}, "PR": {"sum": 0.0069890524482261185, "n": 5998, "mean": 1.165230484865975e-06}, "R": {"sum": 0.18893109266900865, "n": 92, "mean": 0.0020535988333587898}}, "by_class": {"bar": {"sum": 612.8807341417605, "n": 9607, "mean": 0.0637952257876299}, "formula": {"sum": 15334.53995765583, "n": 294382, "mean": 0.05209061680964132}, "idx": {"sum": 20860.30820338054, "n": 20000, "mean": 1.043015410169027}, "qed": {"sum": 9.785240877651063, "n": 5000, "mean": 0.0019570481755302126}, "ref": {"sum": 133.20010099127683, "n": 17278, "mean": 0.00770923144989448}, "rule": {"sum": 5757.963242128929, "n": 20000, "mean": 0.2878981621064464}, "sep": {"sum": 0.515757091340987, "n": 40000, "mean": 1.2893927283524676e-05}}}
saved ckpts/r3_3/stage1_reductio_f0_s36.pt
