params 3210240 mode abs shift True
train records 155000 max len 602
step 200 loss 0.9431 lr 1.00e-03 18s val 0.8821
step 400 loss 0.2234 lr 9.97e-04 36s val 0.1628
step 600 loss 0.1406 lr 9.89e-04 55s val 0.1121
step 800 loss 0.1163 lr 9.76e-04 74s val 0.1027
step 1000 loss 0.0955 lr 9.58e-04 91s val 0.0998
step 1200 loss 0.0956 lr 9.36e-04 110s val 0.0918
step 1400 loss 0.0888 lr 9.08e-04 128s val 0.0932
step 1600 loss 0.0852 lr 8.77e-04 146s val 0.0900
step 1800 loss 0.0780 lr 8.41e-04 164s val 0.0876
step 2000 loss 0.0716 lr 8.03e-04 182s val 0.0871
step 2200 loss 0.0714 lr 7.61e-04 201s val 0.0876
step 2400 loss 0.0776 lr 7.17e-04 219s val 0.0862
step 2600 loss 0.0598 lr 6.70e-04 237s val 0.0853
step 2800 loss 0.0659 lr 6.23e-04 256s val 0.0855
step 3000 loss 0.0668 lr 5.74e-04 274s val 0.0847
step 3200 loss 0.0688 lr 5.26e-04 292s val 0.0852
step 3400 loss 0.0651 lr 4.77e-04 311s val 0.0840
step 3600 loss 0.0627 lr 4.30e-04 329s val 0.0837
step 3800 loss 0.0594 lr 3.83e-04 348s val 0.0837
step 4000 loss 0.0646 lr 3.39e-04 367s val 0.0834
step 4200 loss 0.0630 lr 2.97e-04 385s val 0.0832
step 4400 loss 0.0580 lr 2.59e-04 404s val 0.0831
step 4600 loss 0.0659 lr 2.23e-04 423s val 0.0829
step 4800 loss 0.0594 lr 1.92e-04 441s val 0.0826
step 5000 loss 0.0593 lr 1.64e-04 460s val 0.0827
step 5200 loss 0.0597 lr 1.42e-04 478s val 0.0825
step 5400 loss 0.0601 lr 1.24e-04 496s val 0.0828
step 5600 loss 0.0597 lr 1.11e-04 514s val 0.0826
step 5800 loss 0.0553 lr 1.03e-04 533s val 0.0826
step 6000 loss 0.0603 lr 1.00e-04 550s val 0.0825
heldout_breakdown {"by_rule": {"ANDE1": {"sum": 75.04288893278314, "n": 775, "mean": 0.09682953410681695}, "ANDE2": {"sum": 45.41140541737131, "n": 702, "mean": 0.06468861170565714}, "ANDI": {"sum": 133.31775999255774, "n": 19413, "mean": 0.006867447586285363}, "AS": {"sum": 12588.410722301862, "n": 62470, "mean": 0.2015112969793799}, "BOTE": {"sum": 23.114377744681157, "n": 689, "mean": 0.03354771806194653}, "DN": {"sum": 4127.900547783219, "n": 14322, "mean": 0.2882209571137564}, "IMPE": {"sum": 155.85241125253856, "n": 23343, "mean": 0.006676623024141651}, "IMPI": {"sum": 40.80436630109637, "n": 113499, "mean": 0.0003595130027673933}, "NEGE": {"sum": 116.49202506199674, "n": 4292, "mean": 0.02714166473951462}, "NEGI": {"sum": 6114.165107565228, "n": 19774, "mean": 0.3092022406981505}, "ORE": {"sum": 4.922557170017072, "n": 452, "mean": 0.010890613208002371}, "ORI1": {"sum": 86.45755546115467, "n": 22092, "mean": 0.003913523241949786}, "ORI2": {"sum": 138.7316713622493, "n": 20676, "mean": 0.006709792578944153}, "PR": {"sum": 16202.181351036852, "n": 97818, "mean": 0.16563599083028535}, "QED": {"sum": 12.25660176803649, "n": 5000, "mean": 0.002451320353607298}, "R": {"sum": 126.85848578483152, "n": 950, "mean": 0.1335352481945595}}, "by_rule_name_pos": {"ANDE1": {"sum": 23.441205714829266, "n": 89, "mean": 0.2633843338744861}, "ANDE2": {"sum": 2.011359297859599, "n": 83, "mean": 0.024233244552525287}, "ANDI": {"sum": 5.928948388537492, "n": 816, "mean": 0.0072658681232077105}, "AS": {"sum": 0.29527295734339276, "n": 3955, "mean": 7.465814344965683e-05}, "BOTE": {"sum": 1.3434112869163073, "n": 50, "mean": 0.026868225738326146}, "DN": {"sum": 3118.1724934216727, "n": 731, "mean": 4.26562584599408}, "IMPE": {"sum": 8.12250693292728, "n": 1839, "mean": 0.004416806380058336}, "IMPI": {"sum": 0.05991280188645476, "n": 3141, "mean": 1.9074435493936567e-05}, "NEGE": {"sum": 6.441563169213623, "n": 557, "mean": 0.01156474536663128}, "NEGI": {"sum": 0.0593558951795643, "n": 750, "mean": 7.91411935727524e-05}, "ORE": {"sum": 0.02262309237153204, "n": 32, "mean": 0.0007069716366103762}, "ORI1": {"sum": 18.127005346445003, "n": 960, "mean": 0.01888229723588021}, "ORI2": {"sum": 19.70440202573718, "n": 907, "mean": 0.02172480928967716}, "PR": {"sum": 0.03772897395132446, "n": 5998, "mean": 6.290259078246826e-06}, "R": {"sum": 0.5613474946867427, "n": 92, "mean": 0.006101603203116769}}, "by_class": {"bar": {"sum": 448.948709350223, "n": 9607, "mean": 0.04673141556679744}, "formula": {"sum": 14793.83360312743, "n": 294382, "mean": 0.05025386607580433}, "idx": {"sum": 21426.60098587205, "n": 20000, "mean": 1.0713300492936024}, "qed": {"sum": 12.25660176803649, "n": 5000, "mean": 0.002451320353607298}, "ref": {"sum": 104.68436379694526, "n": 17278, "mean": 0.006058824157711845}, "rule": {"sum": 3204.329136799665, "n": 20000, "mean": 0.16021645683998326}, "sep": {"sum": 1.2664342223076304, "n": 40000, "mean": 3.166085555769076e-05}}}
saved ckpts/r3_3/stage1_reductio_f0_s39.pt
