params 3210240 mode abs shift True
train records 155000 max len 444
step 200 loss 0.9881 lr 1.00e-03 13s val 0.9123
step 400 loss 0.2202 lr 9.97e-04 28s val 0.1593
step 600 loss 0.1591 lr 9.89e-04 44s val 0.1246
step 800 loss 0.1207 lr 9.76e-04 59s val 0.1031
step 1000 loss 0.1079 lr 9.58e-04 74s val 0.0981
step 1200 loss 0.1115 lr 9.36e-04 89s val 0.0950
step 1400 loss 0.0950 lr 9.08e-04 105s val 0.0966
step 1600 loss 0.0879 lr 8.77e-04 120s val 0.0916
step 1800 loss 0.0867 lr 8.41e-04 135s val 0.0884
step 2000 loss 0.0819 lr 8.03e-04 150s val 0.0888
step 2200 loss 0.0744 lr 7.61e-04 165s val 0.0897
step 2400 loss 0.0793 lr 7.17e-04 180s val 0.0869
step 2600 loss 0.0775 lr 6.70e-04 195s val 0.0853
step 2800 loss 0.0690 lr 6.23e-04 210s val 0.0853
step 3000 loss 0.0696 lr 5.74e-04 226s val 0.0852
step 3200 loss 0.0688 lr 5.26e-04 241s val 0.0845
step 3400 loss 0.0639 lr 4.77e-04 256s val 0.0842
step 3600 loss 0.0664 lr 4.30e-04 272s val 0.0840
step 3800 loss 0.0653 lr 3.83e-04 287s val 0.0838
step 4000 loss 0.0645 lr 3.39e-04 302s val 0.0834
step 4200 loss 0.0611 lr 2.97e-04 317s val 0.0838
step 4400 loss 0.0632 lr 2.59e-04 333s val 0.0830
step 4600 loss 0.0590 lr 2.23e-04 348s val 0.0830
step 4800 loss 0.0581 lr 1.92e-04 363s val 0.0830
step 5000 loss 0.0658 lr 1.64e-04 378s val 0.0826
step 5200 loss 0.0595 lr 1.42e-04 393s val 0.0824
step 5400 loss 0.0633 lr 1.24e-04 408s val 0.0825
step 5600 loss 0.0572 lr 1.11e-04 424s val 0.0824
step 5800 loss 0.0600 lr 1.03e-04 439s val 0.0822
step 6000 loss 0.0595 lr 1.00e-04 454s val 0.0824
heldout_breakdown {"by_rule": {"ANDE1": {"sum": 43.36935179739974, "n": 775, "mean": 0.055960453932128694}, "ANDE2": {"sum": 74.28583944462724, "n": 702, "mean": 0.10582028410915562}, "ANDI": {"sum": 149.99811437502376, "n": 19413, "mean": 0.007726683890950587}, "AS": {"sum": 6767.573220234821, "n": 62470, "mean": 0.10833317144605124}, "BOTE": {"sum": 24.009867278077927, "n": 689, "mean": 0.034847412595178415}, "DN": {"sum": 46.45679592085587, "n": 14322, "mean": 0.0032437366234363825}, "IMPE": {"sum": 90.41709391767873, "n": 23343, "mean": 0.003873413610833172}, "IMPI": {"sum": 1870.030171257368, "n": 113499, "mean": 0.016476181915764616}, "NEGE": {"sum": 45.21508451161622, "n": 4292, "mean": 0.010534735440730712}, "NEGI": {"sum": 3.638693452205999, "n": 19774, "mean": 0.00018401403116243546}, "ORE": {"sum": 0.7949166488427934, "n": 452, "mean": 0.0017586651523070651}, "ORI1": {"sum": 92.63317897073566, "n": 22092, "mean": 0.00419306441113234}, "ORI2": {"sum": 146.49016309571917, "n": 20676, "mean": 0.007085034005403326}, "PR": {"sum": 16199.006418849523, "n": 97818, "mean": 0.1656035332847689}, "QED": {"sum": 18.74020870631756, "n": 5000, "mean": 0.003748041741263512}, "R": {"sum": 134.73803049050983, "n": 950, "mean": 0.14182950577948403}}, "by_rule_name_pos": {"ANDE1": {"sum": 3.732342324423371, "n": 89, "mean": 0.04193643061149855}, "ANDE2": {"sum": 10.249955632483761, "n": 83, "mean": 0.12349344135522604}, "ANDI": {"sum": 0.7385528622957054, "n": 816, "mean": 0.0009050892920290507}, "AS": {"sum": 277.1897606440639, "n": 3955, "mean": 0.07008590661038278}, "BOTE": {"sum": 0.5974979817947315, "n": 50, "mean": 0.01194995963589463}, "DN": {"sum": 2.4111159997873983, "n": 731, "mean": 0.0032983803006667554}, "IMPE": {"sum": 9.332998348191495, "n": 1839, "mean": 0.005075039884824086}, "IMPI": {"sum": 6.074176934463637, "n": 3141, "mean": 0.0019338353818731731}, "NEGE": {"sum": 1.6040280173070869, "n": 557, "mean": 0.0028797630472299587}, "NEGI": {"sum": 0.3816119798191835, "n": 750, "mean": 0.0005088159730922446}, "ORE": {"sum": 0.04164338727446193, "n": 32, "mean": 0.0013013558523269353}, "ORI1": {"sum": 17.344531798604294, "n": 960, "mean": 0.01806722062354614}, "ORI2": {"sum": 23.07534490117814, "n": 907, "mean": 0.025441394598873363}, "PR": {"sum": 0.003980076070007499, "n": 5998, "mean": 6.635672007348281e-07}, "R": {"sum": 3.119158604033146, "n": 92, "mean": 0.033903897869925495}}, "by_class": {"bar": {"sum": 2536.515087162501, "n": 9607, "mean": 0.26402780130764036}, "formula": {"sum": 1922.507353379253, "n": 294382, "mean": 0.0065306552485520615}, "idx": {"sum": 20637.427018689745, "n": 20000, "mean": 1.0318713509344872}, "qed": {"sum": 18.74020870631756, "n": 5000, "mean": 0.003748041741263512}, "ref": {"sum": 217.82217852388044, "n": 17278, "mean": 0.012606909279076307}, "rule": {"sum": 355.8966994917936, "n": 20000, "mean": 0.01779483497458968}, "sep": {"sum": 18.48860299647027, "n": 40000, "mean": 0.00046221507491175673}}}
saved ckpts/r3_3/stage1_depth3_f0_a1_s40.pt
