params 3210240 mode abs shift True
train records 155000 max len 585
step 200 loss 0.8801 lr 1.00e-03 19s val 0.8236
step 400 loss 0.1867 lr 9.97e-04 37s val 0.1593
step 600 loss 0.1323 lr 9.89e-04 55s val 0.1209
step 800 loss 0.1168 lr 9.76e-04 74s val 0.1012
step 1000 loss 0.1031 lr 9.58e-04 92s val 0.0954
step 1200 loss 0.0982 lr 9.36e-04 111s val 0.0975
step 1400 loss 0.0837 lr 9.08e-04 130s val 0.0908
step 1600 loss 0.0903 lr 8.77e-04 148s val 0.0916
step 1800 loss 0.0824 lr 8.41e-04 167s val 0.0886
step 2000 loss 0.0840 lr 8.03e-04 185s val 0.0889
step 2200 loss 0.0715 lr 7.61e-04 204s val 0.0872
step 2400 loss 0.0764 lr 7.17e-04 222s val 0.0858
step 2600 loss 0.0697 lr 6.70e-04 241s val 0.0853
step 2800 loss 0.0647 lr 6.23e-04 259s val 0.0851
step 3000 loss 0.0633 lr 5.74e-04 278s val 0.0862
step 3200 loss 0.0662 lr 5.26e-04 297s val 0.0852
step 3400 loss 0.0661 lr 4.77e-04 315s val 0.0841
step 3600 loss 0.0642 lr 4.30e-04 333s val 0.0837
step 3800 loss 0.0633 lr 3.83e-04 352s val 0.0845
step 4000 loss 0.0646 lr 3.39e-04 370s val 0.0833
step 4200 loss 0.0631 lr 2.97e-04 388s val 0.0830
step 4400 loss 0.0573 lr 2.59e-04 406s val 0.0832
step 4600 loss 0.0631 lr 2.23e-04 426s val 0.0830
step 4800 loss 0.0596 lr 1.92e-04 444s val 0.0826
step 5000 loss 0.0624 lr 1.64e-04 463s val 0.0829
step 5200 loss 0.0588 lr 1.42e-04 482s val 0.0829
step 5400 loss 0.0619 lr 1.24e-04 500s val 0.0829
step 5600 loss 0.0558 lr 1.11e-04 516s val 0.0824
step 5800 loss 0.0533 lr 1.03e-04 525s val 0.0823
step 6000 loss 0.0588 lr 1.00e-04 534s val 0.0824
heldout_breakdown {"by_rule": {"ANDE1": {"sum": 75.80877011666502, "n": 775, "mean": 0.09781776789247099}, "ANDE2": {"sum": 65.80838815831646, "n": 702, "mean": 0.09374414267566447}, "ANDI": {"sum": 155.4557796160186, "n": 19413, "mean": 0.00800781845237823}, "AS": {"sum": 4965.815272383303, "n": 62470, "mean": 0.07949120013419726}, "BOTE": {"sum": 29.58638713041988, "n": 689, "mean": 0.04294105534168342}, "DN": {"sum": 75.87997985069529, "n": 14322, "mean": 0.005298141310619697}, "IMPE": {"sum": 110.02920585415123, "n": 23343, "mean": 0.004713584622976962}, "IMPI": {"sum": 49.75537035647196, "n": 113499, "mean": 0.00043837716945939573}, "NEGE": {"sum": 45.34598564051935, "n": 4292, "mean": 0.010565234305806}, "NEGI": {"sum": 0.9529148703058397, "n": 19774, "mean": 4.8190293835634655e-05}, "ORE": {"sum": 28.637087906559735, "n": 452, "mean": 0.06335638917380472}, "ORI1": {"sum": 77.83652743643955, "n": 22092, "mean": 0.0035232902153014465}, "ORI2": {"sum": 147.35925790295607, "n": 20676, "mean": 0.007127067996854134}, "PR": {"sum": 16216.915349885976, "n": 97818, "mean": 0.16578661749254714}, "QED": {"sum": 4.3592276886956824, "n": 5000, "mean": 0.0008718455377391365}, "R": {"sum": 128.99446656010463, "n": 950, "mean": 0.13578364901063644}}, "by_rule_name_pos": {"ANDE1": {"sum": 17.278499654552434, "n": 89, "mean": 0.1941404455567689}, "ANDE2": {"sum": 4.402130324386235, "n": 83, "mean": 0.05303771475164138}, "ANDI": {"sum": 0.19054265885645805, "n": 816, "mean": 0.00023350816036330643}, "AS": {"sum": 4.499586092303453, "n": 3955, "mean": 0.0011376955985596593}, "BOTE": {"sum": 1.6331814660225064, "n": 50, "mean": 0.032663629320450124}, "DN": {"sum": 8.057758264033055, "n": 731, "mean": 0.011022925121796244}, "IMPE": {"sum": 7.030219752628, "n": 1839, "mean": 0.003822849240145731}, "IMPI": {"sum": 0.01706958504325229, "n": 3141, "mean": 5.434442866364944e-06}, "NEGE": {"sum": 1.944735323240593, "n": 557, "mean": 0.0034914458226940628}, "NEGI": {"sum": 0.018526650815033463, "n": 750, "mean": 2.4702201086711283e-05}, "ORE": {"sum": 0.03653312380561147, "n": 32, "mean": 0.0011416601189253583}, "ORI1": {"sum": 13.050204613932692, "n": 960, "mean": 0.013593963139513221}, "ORI2": {"sum": 26.79658379794455, "n": 907, "mean": 0.02954419382353313}, "PR": {"sum": 0.0021273083937956017, "n": 5998, "mean": 3.5466962217332474e-07}, "R": {"sum": 0.1645389343111674, "n": 92, "mean": 0.0017884666772952978}}, "by_class": {"bar": {"sum": 269.7606342677218, "n": 9607, "mean": 0.02807959136751554}, "formula": {"sum": 1019.9539336453943, "n": 294382, "mean": 0.0034647292757213222}, "idx": {"sum": 20645.751412707377, "n": 20000, "mean": 1.032287570635369}, "qed": {"sum": 4.3592276886956824, "n": 5000, "mean": 0.0008718455377391365}, "ref": {"sum": 153.48878791800007, "n": 17278, "mean": 0.008883481185206625}, "rule": {"sum": 85.12223755027387, "n": 20000, "mean": 0.004256111877513694}, "sep": {"sum": 0.10373757904995529, "n": 40000, "mean": 2.593439476248882e-06}}}
saved ckpts/r3_3/stage1_derived_ore_f0_s38.pt
