params 3210240 mode abs shift True
train records 155000 max len 602
step 200 loss 0.9265 lr 1.00e-03 19s val 0.8227
step 400 loss 0.2201 lr 9.97e-04 38s val 0.1547
step 600 loss 0.1440 lr 9.89e-04 56s val 0.1117
step 800 loss 0.1054 lr 9.76e-04 75s val 0.1039
step 1000 loss 0.0972 lr 9.58e-04 93s val 0.0989
step 1200 loss 0.0869 lr 9.36e-04 112s val 0.0931
step 1400 loss 0.0851 lr 9.08e-04 133s val 0.0909
step 1600 loss 0.0914 lr 8.77e-04 153s val 0.0905
step 1800 loss 0.0913 lr 8.41e-04 172s val 0.0908
step 2000 loss 0.0720 lr 8.03e-04 190s val 0.0902
step 2200 loss 0.0700 lr 7.61e-04 209s val 0.0891
step 2400 loss 0.0901 lr 7.17e-04 228s val 0.0870
step 2600 loss 0.0737 lr 6.70e-04 247s val 0.0851
step 2800 loss 0.0752 lr 6.23e-04 265s val 0.0861
step 3000 loss 0.0663 lr 5.74e-04 283s val 0.0853
step 3200 loss 0.0696 lr 5.26e-04 302s val 0.0847
step 3400 loss 0.0664 lr 4.77e-04 320s val 0.0846
step 3600 loss 0.0638 lr 4.30e-04 338s val 0.0844
step 3800 loss 0.0667 lr 3.83e-04 355s val 0.0836
step 4000 loss 0.0653 lr 3.39e-04 373s val 0.0836
step 4200 loss 0.0621 lr 2.97e-04 391s val 0.0837
step 4400 loss 0.0640 lr 2.59e-04 410s val 0.0828
step 4600 loss 0.0627 lr 2.23e-04 428s val 0.0831
step 4800 loss 0.0630 lr 1.92e-04 446s val 0.0830
step 5000 loss 0.0607 lr 1.64e-04 464s val 0.0830
step 5200 loss 0.0583 lr 1.42e-04 482s val 0.0828
step 5400 loss 0.0618 lr 1.24e-04 500s val 0.0831
step 5600 loss 0.0570 lr 1.11e-04 519s val 0.0827
step 5800 loss 0.0632 lr 1.03e-04 538s val 0.0824
step 6000 loss 0.0606 lr 1.00e-04 555s val 0.0825
heldout_breakdown {"by_rule": {"ANDE1": {"sum": 53.650988035059996, "n": 775, "mean": 0.06922708133556128}, "ANDE2": {"sum": 58.68335029369432, "n": 702, "mean": 0.08359451608788364}, "ANDI": {"sum": 162.83863158269784, "n": 19413, "mean": 0.00838812298885787}, "AS": {"sum": 14291.161265277418, "n": 62470, "mean": 0.22876838907119287}, "BOTE": {"sum": 16.588236283767337, "n": 689, "mean": 0.024075814635366236}, "DN": {"sum": 4495.189841172626, "n": 14322, "mean": 0.31386606906665454}, "IMPE": {"sum": 206.06091542744582, "n": 23343, "mean": 0.00882752497225917}, "IMPI": {"sum": 49.842021340422384, "n": 113499, "mean": 0.0004391406209783556}, "NEGE": {"sum": 508.9860780834292, "n": 4292, "mean": 0.11858948697190802}, "NEGI": {"sum": 7882.069665189942, "n": 19774, "mean": 0.39860775084403466}, "ORE": {"sum": 2.266695970097551, "n": 452, "mean": 0.005014814093136175}, "ORI1": {"sum": 102.07591055900983, "n": 22092, "mean": 0.0046204920586189495}, "ORI2": {"sum": 143.76027240217132, "n": 20676, "mean": 0.006953002147522312}, "PR": {"sum": 16236.133746440817, "n": 97818, "mean": 0.16598308845448503}, "QED": {"sum": 2.910583542098948, "n": 5000, "mean": 0.0005821167084197896}, "R": {"sum": 112.73608153481234, "n": 950, "mean": 0.11866955951032879}}, "by_rule_name_pos": {"ANDE1": {"sum": 4.014661572437035, "n": 89, "mean": 0.045108556993674546}, "ANDE2": {"sum": 12.40751677461958, "n": 83, "mean": 0.14948815391107928}, "ANDI": {"sum": 0.0314455168272616, "n": 816, "mean": 3.853617258242843e-05}, "AS": {"sum": 2.7668033216521906, "n": 3955, "mean": 0.0006995710042104149}, "BOTE": {"sum": 1.5175648822150833, "n": 50, "mean": 0.030351297644301667}, "DN": {"sum": 2163.040464413818, "n": 731, "mean": 2.9590156831926375}, "IMPE": {"sum": 69.10536237876477, "n": 1839, "mean": 0.03757768481716409}, "IMPI": {"sum": 0.02376309147254574, "n": 3141, "mean": 7.565454145987182e-06}, "NEGE": {"sum": 10.325394015632355, "n": 557, "mean": 0.018537511697724156}, "NEGI": {"sum": 81.69198794398073, "n": 750, "mean": 0.10892265059197431}, "ORE": {"sum": 0.006000956716547989, "n": 32, "mean": 0.00018752989739212467}, "ORI1": {"sum": 8.588584087521667, "n": 960, "mean": 0.00894644175783507}, "ORI2": {"sum": 26.8910665625026, "n": 907, "mean": 0.02964836445700397}, "PR": {"sum": 0.02681704883047331, "n": 5998, "mean": 4.470998471235964e-06}, "R": {"sum": 0.049594408035090964, "n": 92, "mean": 0.0005390696525553366}}, "by_class": {"bar": {"sum": 1084.6178272507564, "n": 9607, "mean": 0.11289870170196277}, "formula": {"sum": 18123.716125016508, "n": 294382, "mean": 0.06156529993347592}, "idx": {"sum": 20849.79623896623, "n": 20000, "mean": 1.0424898119483115}, "qed": {"sum": 2.910583542098948, "n": 5000, "mean": 0.0005821167084197896}, "ref": {"sum": 1883.161561695123, "n": 17278, "mean": 0.10899187184252361}, "rule": {"sum": 2380.4870269750945, "n": 20000, "mean": 0.11902435134875472}, "sep": {"sum": 0.26491968966836055, "n": 40000, "mean": 6.622992241709014e-06}}}
saved ckpts/r3_3/stage1_reductio_f0_s42.pt
