params 3210240 mode abs shift True
train records 155000 max len 585
step 200 loss 0.9997 lr 1.00e-03 10s val 0.9293
step 400 loss 0.2064 lr 9.97e-04 23s val 0.1585
step 600 loss 0.1362 lr 9.89e-04 45s val 0.1278
step 800 loss 0.1226 lr 9.76e-04 66s val 0.1061
step 1000 loss 0.0997 lr 9.58e-04 88s val 0.0945
step 1200 loss 0.0884 lr 9.36e-04 109s val 0.1008
step 1400 loss 0.0864 lr 9.08e-04 132s val 0.0931
step 1600 loss 0.0895 lr 8.77e-04 153s val 0.0904
step 1800 loss 0.0790 lr 8.41e-04 174s val 0.0912
step 2000 loss 0.0727 lr 8.03e-04 197s val 0.0868
step 2200 loss 0.0781 lr 7.61e-04 217s val 0.0869
step 2400 loss 0.0676 lr 7.17e-04 238s val 0.0864
step 2600 loss 0.0699 lr 6.70e-04 258s val 0.0856
step 2800 loss 0.0734 lr 6.23e-04 280s val 0.0856
step 3000 loss 0.0611 lr 5.74e-04 302s val 0.0846
step 3200 loss 0.0658 lr 5.26e-04 323s val 0.0852
step 3400 loss 0.0593 lr 4.77e-04 345s val 0.0837
step 3600 loss 0.0651 lr 4.30e-04 367s val 0.0839
step 3800 loss 0.0644 lr 3.83e-04 388s val 0.0837
step 4000 loss 0.0577 lr 3.39e-04 410s val 0.0837
step 4200 loss 0.0594 lr 2.97e-04 432s val 0.0833
step 4400 loss 0.0609 lr 2.59e-04 453s val 0.0825
step 4600 loss 0.0593 lr 2.23e-04 475s val 0.0829
step 4800 loss 0.0594 lr 1.92e-04 497s val 0.0828
step 5000 loss 0.0553 lr 1.64e-04 518s val 0.0826
step 5200 loss 0.0563 lr 1.42e-04 539s val 0.0825
step 5400 loss 0.0615 lr 1.24e-04 561s val 0.0824
step 5600 loss 0.0571 lr 1.11e-04 582s val 0.0823
step 5800 loss 0.0552 lr 1.03e-04 604s val 0.0822
step 6000 loss 0.0602 lr 1.00e-04 625s val 0.0821
heldout_breakdown {"by_rule": {"ANDE1": {"sum": 56.5399339086611, "n": 775, "mean": 0.07295475343053046}, "ANDE2": {"sum": 79.76522351209749, "n": 702, "mean": 0.11362567451865739}, "ANDI": {"sum": 113.11097556264463, "n": 19413, "mean": 0.0058265582631558555}, "AS": {"sum": 4943.042788899419, "n": 62470, "mean": 0.07912666542179317}, "BOTE": {"sum": 15.20703923184039, "n": 689, "mean": 0.022071174501945415}, "DN": {"sum": 92.19570696693549, "n": 14322, "mean": 0.006437348622185134}, "IMPE": {"sum": 86.92946944880117, "n": 23343, "mean": 0.0037240058882235007}, "IMPI": {"sum": 70.69773480790795, "n": 113499, "mean": 0.0006228930193914303}, "NEGE": {"sum": 40.948912341591665, "n": 4292, "mean": 0.009540753108478952}, "NEGI": {"sum": 1.663721300678354, "n": 19774, "mean": 8.413681099819733e-05}, "ORE": {"sum": 51.99490521295519, "n": 452, "mean": 0.11503297613485661}, "ORI1": {"sum": 77.71299523812667, "n": 22092, "mean": 0.0035176984989193673}, "ORI2": {"sum": 125.05906677054111, "n": 20676, "mean": 0.006048513579538649}, "PR": {"sum": 16205.971443992587, "n": 97818, "mean": 0.16567473720575546}, "QED": {"sum": 6.810607358245875, "n": 5000, "mean": 0.001362121471649175}, "R": {"sum": 128.2859965680512, "n": 950, "mean": 0.1350378911242644}}, "by_rule_name_pos": {"ANDE1": {"sum": 7.363202587133856, "n": 89, "mean": 0.08273261333858264}, "ANDE2": {"sum": 4.355369683384197, "n": 83, "mean": 0.05247433353474936}, "ANDI": {"sum": 0.171005495915324, "n": 816, "mean": 0.0002095655587197598}, "AS": {"sum": 14.493574828605944, "n": 3955, "mean": 0.0036646206899130073}, "BOTE": {"sum": 0.26476229116633476, "n": 50, "mean": 0.0052952458233266955}, "DN": {"sum": 7.781493214869897, "n": 731, "mean": 0.010644997557961555}, "IMPE": {"sum": 6.541307320627993, "n": 1839, "mean": 0.0035569914739684576}, "IMPI": {"sum": 2.0237468744566343, "n": 3141, "mean": 0.0006443001828897276}, "NEGE": {"sum": 0.1838138672627565, "n": 557, "mean": 0.0003300069430211068}, "NEGI": {"sum": 0.03278894057680759, "n": 750, "mean": 4.371858743574345e-05}, "ORE": {"sum": 0.024682294643184832, "n": 32, "mean": 0.000771321707599526}, "ORI1": {"sum": 12.501375068444759, "n": 960, "mean": 0.013022265696296624}, "ORI2": {"sum": 27.948812456696032, "n": 907, "mean": 0.0308145672069416}, "PR": {"sum": 0.008622367202093528, "n": 5998, "mean": 1.4375403804757466e-06}, "R": {"sum": 0.3759547491790727, "n": 92, "mean": 0.0040864646649899205}}, "by_class": {"bar": {"sum": 270.09064116071295, "n": 9607, "mean": 0.02811394203817143}, "formula": {"sum": 994.6363547086255, "n": 294382, "mean": 0.003378726806355774}, "idx": {"sum": 20639.64391861517, "n": 20000, "mean": 1.0319821959307585}, "qed": {"sum": 6.810607358245875, "n": 5000, "mean": 0.001362121471649175}, "ref": {"sum": 100.40401490857357, "n": 17278, "mean": 0.005811090109305103}, "rule": {"sum": 84.0705120401669, "n": 20000, "mean": 0.004203525602008346}, "sep": {"sum": 0.2804723278315393, "n": 40000, "mean": 7.011808195788482e-06}}}
saved ckpts/r3_3/stage1_derived_ore_f0_s51.pt
