params 3210240 mode abs shift True
train records 155000 max len 602
step 200 loss 0.8962 lr 1.00e-03 19s val 0.8426
step 400 loss 0.2444 lr 9.97e-04 38s val 0.1809
step 600 loss 0.1385 lr 9.89e-04 55s val 0.1183
step 800 loss 0.1256 lr 9.76e-04 74s val 0.1035
step 1000 loss 0.1056 lr 9.58e-04 92s val 0.0996
step 1200 loss 0.1090 lr 9.36e-04 110s val 0.0940
step 1400 loss 0.0891 lr 9.08e-04 129s val 0.0926
step 1600 loss 0.0839 lr 8.77e-04 147s val 0.0909
step 1800 loss 0.0866 lr 8.41e-04 165s val 0.0897
step 2000 loss 0.0870 lr 8.03e-04 184s val 0.0878
step 2200 loss 0.0788 lr 7.61e-04 203s val 0.0886
step 2400 loss 0.0684 lr 7.17e-04 222s val 0.0866
step 2600 loss 0.0724 lr 6.70e-04 241s val 0.0865
step 2800 loss 0.0669 lr 6.23e-04 259s val 0.0875
step 3000 loss 0.0720 lr 5.74e-04 278s val 0.0859
step 3200 loss 0.0742 lr 5.26e-04 296s val 0.0848
step 3400 loss 0.0718 lr 4.77e-04 315s val 0.0853
step 3600 loss 0.0685 lr 4.30e-04 333s val 0.0847
step 3800 loss 0.0674 lr 3.83e-04 350s val 0.0840
step 4000 loss 0.0719 lr 3.39e-04 368s val 0.0832
step 4200 loss 0.0632 lr 2.97e-04 386s val 0.0834
step 4400 loss 0.0603 lr 2.59e-04 404s val 0.0832
step 4600 loss 0.0680 lr 2.23e-04 423s val 0.0827
step 4800 loss 0.0586 lr 1.92e-04 441s val 0.0826
step 5000 loss 0.0580 lr 1.64e-04 460s val 0.0824
step 5200 loss 0.0595 lr 1.42e-04 478s val 0.0826
step 5400 loss 0.0602 lr 1.24e-04 496s val 0.0826
step 5600 loss 0.0611 lr 1.11e-04 514s val 0.0825
step 5800 loss 0.0605 lr 1.03e-04 532s val 0.0823
step 6000 loss 0.0609 lr 1.00e-04 550s val 0.0826
heldout_breakdown {"by_rule": {"ANDE1": {"sum": 57.02514052004069, "n": 775, "mean": 0.07358082647747186}, "ANDE2": {"sum": 51.19829141470294, "n": 702, "mean": 0.07293203905228339}, "ANDI": {"sum": 231.3840462517225, "n": 19413, "mean": 0.011919025717391568}, "AS": {"sum": 13814.764628908952, "n": 62470, "mean": 0.22114238240609815}, "BOTE": {"sum": 16.488705629496238, "n": 689, "mean": 0.02393135795282473}, "DN": {"sum": 5594.645852395393, "n": 14322, "mean": 0.3906330018429963}, "IMPE": {"sum": 124.40627651452087, "n": 23343, "mean": 0.005329489633488449}, "IMPI": {"sum": 44.48314791349928, "n": 113499, "mean": 0.00039192546113621515}, "NEGE": {"sum": 156.31967698890674, "n": 4292, "mean": 0.036421173576166525}, "NEGI": {"sum": 5545.3272429577655, "n": 19774, "mean": 0.2804352808211675}, "ORE": {"sum": 2.875480399838139, "n": 452, "mean": 0.0063616823005268565}, "ORI1": {"sum": 128.83403135734076, "n": 22092, "mean": 0.005831705203573274}, "ORI2": {"sum": 129.15792802470537, "n": 20676, "mean": 0.006246756046851681}, "PR": {"sum": 16222.147533957694, "n": 97818, "mean": 0.16584010646259068}, "QED": {"sum": 85.00943062704573, "n": 5000, "mean": 0.017001886125409146}, "R": {"sum": 98.81798462544057, "n": 950, "mean": 0.10401893118467428}}, "by_rule_name_pos": {"ANDE1": {"sum": 10.21553498346475, "n": 89, "mean": 0.11478129194904213}, "ANDE2": {"sum": 7.360782886455127, "n": 83, "mean": 0.08868413116210996}, "ANDI": {"sum": 3.5363947563443503, "n": 816, "mean": 0.004333817103363174}, "AS": {"sum": 0.38181381960956173, "n": 3955, "mean": 9.653952455361865e-05}, "BOTE": {"sum": 0.6249186307086347, "n": 50, "mean": 0.012498372614172694}, "DN": {"sum": 3918.959520494369, "n": 731, "mean": 5.361093735286414}, "IMPE": {"sum": 15.500816754147195, "n": 1839, "mean": 0.008428937876099617}, "IMPI": {"sum": 0.040437090709581014, "n": 3141, "mean": 1.2873954380637062e-05}, "NEGE": {"sum": 0.2363137149702652, "n": 557, "mean": 0.0004242616067688783}, "NEGI": {"sum": 0.3990003549158132, "n": 750, "mean": 0.0005320004732210843}, "ORE": {"sum": 0.007813004534000356, "n": 32, "mean": 0.00024415639168751113}, "ORI1": {"sum": 12.62170488281481, "n": 960, "mean": 0.013147609252932095}, "ORI2": {"sum": 23.44364442490496, "n": 907, "mean": 0.025847458020843397}, "PR": {"sum": 0.013355406818774895, "n": 5998, "mean": 2.2266433509127868e-06}, "R": {"sum": 0.1347371152296546, "n": 92, "mean": 0.0014645338611918978}}, "by_class": {"bar": {"sum": 924.0484719223023, "n": 9607, "mean": 0.09618491432521102}, "formula": {"sum": 15048.893677416616, "n": 294382, "mean": 0.05112029158513977}, "idx": {"sum": 21213.886592340372, "n": 20000, "mean": 1.0606943296170186}, "qed": {"sum": 85.00943062704573, "n": 5000, "mean": 0.017001886125409146}, "ref": {"sum": 1037.4932407487686, "n": 17278, "mean": 0.06004706799101566}, "rule": {"sum": 3993.476788320085, "n": 20000, "mean": 0.19967383941600425}, "sep": {"sum": 0.07719711162814491, "n": 40000, "mean": 1.929927790703623e-06}}}
saved ckpts/r3_3/stage1_reductio_f0_s31.pt
