params 3210240 mode abs shift True
train records 155000 max len 585
step 200 loss 0.8708 lr 1.00e-03 10s val 0.8441
step 400 loss 0.1798 lr 9.97e-04 26s val 0.1429
step 600 loss 0.1173 lr 9.89e-04 46s val 0.1223
step 800 loss 0.1261 lr 9.76e-04 64s val 0.0993
step 1000 loss 0.1066 lr 9.58e-04 84s val 0.0964
step 1200 loss 0.0948 lr 9.36e-04 103s val 0.0936
step 1400 loss 0.0891 lr 9.08e-04 121s val 0.0925
step 1600 loss 0.0864 lr 8.77e-04 140s val 0.0903
step 1800 loss 0.0837 lr 8.41e-04 158s val 0.0889
step 2000 loss 0.0766 lr 8.03e-04 177s val 0.0894
step 2200 loss 0.0737 lr 7.61e-04 195s val 0.0908
step 2400 loss 0.0723 lr 7.17e-04 214s val 0.0865
step 2600 loss 0.0676 lr 6.70e-04 233s val 0.0862
step 2800 loss 0.0689 lr 6.23e-04 251s val 0.0849
step 3000 loss 0.0660 lr 5.74e-04 269s val 0.0855
step 3200 loss 0.0707 lr 5.26e-04 288s val 0.0849
step 3400 loss 0.0649 lr 4.77e-04 306s val 0.0849
step 3600 loss 0.0630 lr 4.30e-04 324s val 0.0833
step 3800 loss 0.0607 lr 3.83e-04 343s val 0.0836
step 4000 loss 0.0631 lr 3.39e-04 361s val 0.0835
step 4200 loss 0.0664 lr 2.97e-04 380s val 0.0835
step 4400 loss 0.0533 lr 2.59e-04 398s val 0.0829
step 4600 loss 0.0601 lr 2.23e-04 417s val 0.0832
step 4800 loss 0.0630 lr 1.92e-04 435s val 0.0830
step 5000 loss 0.0578 lr 1.64e-04 453s val 0.0825
step 5200 loss 0.0579 lr 1.42e-04 471s val 0.0826
step 5400 loss 0.0591 lr 1.24e-04 490s val 0.0827
step 5600 loss 0.0572 lr 1.11e-04 508s val 0.0824
step 5800 loss 0.0559 lr 1.03e-04 527s val 0.0825
step 6000 loss 0.0555 lr 1.00e-04 545s val 0.0824
heldout_breakdown {"by_rule": {"ANDE1": {"sum": 60.961670356081335, "n": 775, "mean": 0.0786602198142985}, "ANDE2": {"sum": 60.64927771243977, "n": 702, "mean": 0.08639498249635295}, "ANDI": {"sum": 141.07928923764672, "n": 19413, "mean": 0.007267258498822785}, "AS": {"sum": 4951.896893344041, "n": 62470, "mean": 0.0792683991250847}, "BOTE": {"sum": 15.956809732269008, "n": 689, "mean": 0.023159375518532668}, "DN": {"sum": 71.74317076454406, "n": 14322, "mean": 0.0050092983357452915}, "IMPE": {"sum": 106.83617672210525, "n": 23343, "mean": 0.004576797186398717}, "IMPI": {"sum": 51.77626028529442, "n": 113499, "mean": 0.0004561825239455363}, "NEGE": {"sum": 58.60515549020859, "n": 4292, "mean": 0.013654509666870594}, "NEGI": {"sum": 7.314643144649793, "n": 19774, "mean": 0.00036991216469352647}, "ORE": {"sum": 19.1715799747504, "n": 452, "mean": 0.042414999944138054}, "ORI1": {"sum": 86.20118303275606, "n": 22092, "mean": 0.003901918478759554}, "ORI2": {"sum": 108.16165333749464, "n": 20676, "mean": 0.0052312658801264575}, "PR": {"sum": 16197.237890013741, "n": 97818, "mean": 0.16558545349540718}, "QED": {"sum": 0.4517586272636436, "n": 5000, "mean": 9.035172545272872e-05}, "R": {"sum": 132.37240691262463, "n": 950, "mean": 0.1393393756974996}}, "by_rule_name_pos": {"ANDE1": {"sum": 6.637412797426805, "n": 89, "mean": 0.07457767188120006}, "ANDE2": {"sum": 7.82087461023184, "n": 83, "mean": 0.09422740494255229}, "ANDI": {"sum": 0.22025949956264412, "n": 816, "mean": 0.0002699258573071619}, "AS": {"sum": 0.2548613823299277, "n": 3955, "mean": 6.444029894562016e-05}, "BOTE": {"sum": 2.308734182277476, "n": 50, "mean": 0.046174683645549525}, "DN": {"sum": 4.540436724075789, "n": 731, "mean": 0.006211267748393693}, "IMPE": {"sum": 7.194698263130476, "n": 1839, "mean": 0.0039122883431922115}, "IMPI": {"sum": 0.018531103277929617, "n": 3141, "mean": 5.899746347637573e-06}, "NEGE": {"sum": 3.1429522104870387, "n": 557, "mean": 0.0056426431067989925}, "NEGI": {"sum": 0.1493201978888692, "n": 750, "mean": 0.00019909359718515892}, "ORE": {"sum": 0.03216009296534139, "n": 32, "mean": 0.0010050029051669185}, "ORI1": {"sum": 14.131650346284005, "n": 960, "mean": 0.014720469110712505}, "ORI2": {"sum": 17.68167553805506, "n": 907, "mean": 0.019494680857833582}, "PR": {"sum": 0.005692781446370532, "n": 5998, "mean": 9.491132788213624e-07}, "R": {"sum": 0.18220654924243718, "n": 92, "mean": 0.001980505970026491}}, "by_class": {"bar": {"sum": 238.8028932997995, "n": 9607, "mean": 0.02485717636096591}, "formula": {"sum": 1031.1700821322693, "n": 294382, "mean": 0.0035028299357035054}, "idx": {"sum": 20642.393073670468, "n": 20000, "mean": 1.0321196536835233}, "qed": {"sum": 0.4517586272636436, "n": 5000, "mean": 9.035172545272872e-05}, "ref": {"sum": 93.04806419783881, "n": 17278, "mean": 0.005385349241685312}, "rule": {"sum": 64.32146627868246, "n": 20000, "mean": 0.0032160733139341233}, "sep": {"sum": 0.22848048028024692, "n": 40000, "mean": 5.712012007006173e-06}}}
saved ckpts/r3_3/stage1_derived_ore_f0_s35.pt
