params 3210240 mode abs shift True
train records 155000 max len 602
step 200 loss 0.9763 lr 1.00e-03 19s val 0.9139
step 400 loss 0.2008 lr 9.97e-04 37s val 0.1650
step 600 loss 0.1307 lr 9.89e-04 56s val 0.1122
step 800 loss 0.1167 lr 9.76e-04 74s val 0.1045
step 1000 loss 0.1003 lr 9.58e-04 91s val 0.0972
step 1200 loss 0.1195 lr 9.36e-04 110s val 0.0939
step 1400 loss 0.0871 lr 9.08e-04 128s val 0.0922
step 1600 loss 0.0823 lr 8.77e-04 146s val 0.0898
step 1800 loss 0.0778 lr 8.41e-04 164s val 0.0892
step 2000 loss 0.0669 lr 8.03e-04 182s val 0.0881
step 2200 loss 0.0758 lr 7.61e-04 202s val 0.0866
step 2400 loss 0.0724 lr 7.17e-04 220s val 0.0866
step 2600 loss 0.0739 lr 6.70e-04 239s val 0.0859
step 2800 loss 0.0727 lr 6.23e-04 260s val 0.0852
step 3000 loss 0.0681 lr 5.74e-04 278s val 0.0848
step 3200 loss 0.0702 lr 5.26e-04 298s val 0.0849
step 3400 loss 0.0686 lr 4.77e-04 316s val 0.0846
step 3600 loss 0.0610 lr 4.30e-04 335s val 0.0847
step 3800 loss 0.0619 lr 3.83e-04 353s val 0.0831
step 4000 loss 0.0621 lr 3.39e-04 372s val 0.0832
step 4200 loss 0.0606 lr 2.97e-04 391s val 0.0835
step 4400 loss 0.0622 lr 2.59e-04 410s val 0.0828
step 4600 loss 0.0583 lr 2.23e-04 428s val 0.0827
step 4800 loss 0.0624 lr 1.92e-04 447s val 0.0827
step 5000 loss 0.0595 lr 1.64e-04 465s val 0.0828
step 5200 loss 0.0621 lr 1.42e-04 483s val 0.0828
step 5400 loss 0.0605 lr 1.24e-04 501s val 0.0828
step 5600 loss 0.0573 lr 1.11e-04 519s val 0.0824
step 5800 loss 0.0575 lr 1.03e-04 537s val 0.0823
step 6000 loss 0.0643 lr 1.00e-04 556s val 0.0824
heldout_breakdown {"by_rule": {"ANDE1": {"sum": 59.63385611360426, "n": 775, "mean": 0.07694691111432808}, "ANDE2": {"sum": 56.0117683582305, "n": 702, "mean": 0.07978884381514316}, "ANDI": {"sum": 127.80361549763919, "n": 19413, "mean": 0.006583403672674969}, "AS": {"sum": 15309.677050118153, "n": 62470, "mean": 0.2450724675863319}, "BOTE": {"sum": 26.434604752552183, "n": 689, "mean": 0.038366625185126534}, "DN": {"sum": 5581.9336449725615, "n": 14322, "mean": 0.3897454018274376}, "IMPE": {"sum": 126.99963571075318, "n": 23343, "mean": 0.005440587572752139}, "IMPI": {"sum": 47.69533443716433, "n": 113499, "mean": 0.00042022691333989135}, "NEGE": {"sum": 78.41960954280265, "n": 4292, "mean": 0.018271111263467532}, "NEGI": {"sum": 3513.50176545245, "n": 19774, "mean": 0.1776829051002554}, "ORE": {"sum": 1.5062882073427204, "n": 452, "mean": 0.003332496033944072}, "ORI1": {"sum": 97.65570518552727, "n": 22092, "mean": 0.004420410337928991}, "ORI2": {"sum": 132.23988394535442, "n": 20676, "mean": 0.006395815629007275}, "PR": {"sum": 16199.111239254962, "n": 97818, "mean": 0.16560460487083115}, "QED": {"sum": 12.681363115177419, "n": 5000, "mean": 0.002536272623035484}, "R": {"sum": 111.22518836731322, "n": 950, "mean": 0.11707914564980339}}, "by_rule_name_pos": {"ANDE1": {"sum": 1.652810832252726, "n": 89, "mean": 0.01857090822755872}, "ANDE2": {"sum": 8.267063318722649, "n": 83, "mean": 0.0996031725147307}, "ANDI": {"sum": 3.647098160819837, "n": 816, "mean": 0.0044694830402203884}, "AS": {"sum": 14.950349093207485, "n": 3955, "mean": 0.003780113550747784}, "BOTE": {"sum": 0.14997911677437514, "n": 50, "mean": 0.002999582335487503}, "DN": {"sum": 3574.582924703769, "n": 731, "mean": 4.889990321072188}, "IMPE": {"sum": 5.071246708403464, "n": 1839, "mean": 0.002757611043177523}, "IMPI": {"sum": 0.1361227655272046, "n": 3141, "mean": 4.3337397493538554e-05}, "NEGE": {"sum": 0.14996876413351856, "n": 557, "mean": 0.0002692437417118825}, "NEGI": {"sum": 4.6035874062852145, "n": 750, "mean": 0.006138116541713619}, "ORE": {"sum": 0.0009160713354958716, "n": 32, "mean": 2.8627229234245988e-05}, "ORI1": {"sum": 13.646152722079933, "n": 960, "mean": 0.014214742418833264}, "ORI2": {"sum": 17.55299489170011, "n": 907, "mean": 0.019352805834288986}, "PR": {"sum": 0.027700951310102084, "n": 5998, "mean": 4.618364673241428e-06}, "R": {"sum": 0.07403520057778223, "n": 92, "mean": 0.0008047304410628503}}, "by_class": {"bar": {"sum": 530.1755669843915, "n": 9607, "mean": 0.0551863814910369}, "formula": {"sum": 14983.344001660047, "n": 294382, "mean": 0.05089762282225152}, "idx": {"sum": 21210.503335990175, "n": 20000, "mean": 1.0605251667995088}, "qed": {"sum": 12.681363115177419, "n": 5000, "mean": 0.002536272623035484}, "ref": {"sum": 1097.9372103239396, "n": 17278, "mean": 0.06354538779511168}, "rule": {"sum": 3644.5129507069687, "n": 20000, "mean": 0.18222564753534842}, "sep": {"sum": 3.376124250655799, "n": 40000, "mean": 8.440310626639497e-05}}}
saved ckpts/r3_3/stage1_reductio_f0_s41.pt
