params 3210240 mode abs shift True
train records 155000 max len 602
step 200 loss 0.8285 lr 1.00e-03 18s val 0.8186
step 400 loss 0.1884 lr 9.97e-04 37s val 0.1439
step 600 loss 0.1338 lr 9.89e-04 54s val 0.1161
step 800 loss 0.1171 lr 9.76e-04 72s val 0.1046
step 1000 loss 0.1265 lr 9.58e-04 90s val 0.0948
step 1200 loss 0.0928 lr 9.36e-04 108s val 0.0944
step 1400 loss 0.0886 lr 9.08e-04 126s val 0.0924
step 1600 loss 0.0786 lr 8.77e-04 145s val 0.0912
step 1800 loss 0.0918 lr 8.41e-04 163s val 0.0888
step 2000 loss 0.0784 lr 8.03e-04 181s val 0.0904
step 2200 loss 0.0726 lr 7.61e-04 200s val 0.0895
step 2400 loss 0.0802 lr 7.17e-04 219s val 0.0878
step 2600 loss 0.0676 lr 6.70e-04 236s val 0.0853
step 2800 loss 0.0722 lr 6.23e-04 254s val 0.0848
step 3000 loss 0.0664 lr 5.74e-04 272s val 0.0847
step 3200 loss 0.0694 lr 5.26e-04 291s val 0.0842
step 3400 loss 0.0681 lr 4.77e-04 309s val 0.0841
step 3600 loss 0.0603 lr 4.30e-04 328s val 0.0847
step 3800 loss 0.0613 lr 3.83e-04 347s val 0.0835
step 4000 loss 0.0690 lr 3.39e-04 365s val 0.0841
step 4200 loss 0.0601 lr 2.97e-04 384s val 0.0835
step 4400 loss 0.0583 lr 2.59e-04 403s val 0.0832
step 4600 loss 0.0585 lr 2.23e-04 421s val 0.0832
step 4800 loss 0.0643 lr 1.92e-04 439s val 0.0828
step 5000 loss 0.0588 lr 1.64e-04 457s val 0.0827
step 5200 loss 0.0565 lr 1.42e-04 475s val 0.0828
step 5400 loss 0.0609 lr 1.24e-04 492s val 0.0828
step 5600 loss 0.0599 lr 1.11e-04 511s val 0.0825
step 5800 loss 0.0619 lr 1.03e-04 529s val 0.0826
step 6000 loss 0.0597 lr 1.00e-04 546s val 0.0826
heldout_breakdown {"by_rule": {"ANDE1": {"sum": 63.893251975892866, "n": 775, "mean": 0.08244290577534563}, "ANDE2": {"sum": 53.948497659669094, "n": 702, "mean": 0.07684971176591039}, "ANDI": {"sum": 148.90214930401422, "n": 19413, "mean": 0.00767022867686675}, "AS": {"sum": 14522.777069200198, "n": 62470, "mean": 0.23247602159757}, "BOTE": {"sum": 22.048280716871773, "n": 689, "mean": 0.032000407426519266}, "DN": {"sum": 4470.453831780451, "n": 14322, "mean": 0.31213893532889614}, "IMPE": {"sum": 118.9735755132611, "n": 23343, "mean": 0.005096756008793261}, "IMPI": {"sum": 56.75334401069191, "n": 113499, "mean": 0.0005000338682340101}, "NEGE": {"sum": 108.9428734244342, "n": 4292, "mean": 0.02538277572796696}, "NEGI": {"sum": 5931.247702884508, "n": 19774, "mean": 0.2999518409469257}, "ORE": {"sum": 6.640292859426978, "n": 452, "mean": 0.014690913405811898}, "ORI1": {"sum": 101.07066421605018, "n": 22092, "mean": 0.00457498932717953}, "ORI2": {"sum": 121.94437414448345, "n": 20676, "mean": 0.00589787067829771}, "PR": {"sum": 16209.427072937948, "n": 97818, "mean": 0.16571006433312835}, "QED": {"sum": 18.941499954757433, "n": 5000, "mean": 0.0037882999909514864}, "R": {"sum": 144.43717474066344, "n": 950, "mean": 0.1520391313059615}}, "by_rule_name_pos": {"ANDE1": {"sum": 13.01895427906129, "n": 89, "mean": 0.14628038515799202}, "ANDE2": {"sum": 8.682254167732026, "n": 83, "mean": 0.10460547190038585}, "ANDI": {"sum": 0.5059872607795342, "n": 816, "mean": 0.0006200824274258997}, "AS": {"sum": 3.6454402407448683, "n": 3955, "mean": 0.0009217295172553396}, "BOTE": {"sum": 1.3104938406977453, "n": 50, "mean": 0.026209876813954907}, "DN": {"sum": 3827.777102113778, "n": 731, "mean": 5.236357184834169}, "IMPE": {"sum": 4.193484088246805, "n": 1839, "mean": 0.002280306736403918}, "IMPI": {"sum": 0.051848564889361626, "n": 3141, "mean": 1.6507024797631847e-05}, "NEGE": {"sum": 0.7379973986680852, "n": 557, "mean": 0.0013249504464418046}, "NEGI": {"sum": 0.49042815770826564, "n": 750, "mean": 0.0006539042102776875}, "ORE": {"sum": 0.005858690090462915, "n": 32, "mean": 0.00018308406532696608}, "ORI1": {"sum": 27.410651686166602, "n": 960, "mean": 0.02855276217309021}, "ORI2": {"sum": 13.553523415474046, "n": 907, "mean": 0.01494324522102982}, "PR": {"sum": 0.022927487417220505, "n": 5998, "mean": 3.822522076895716e-06}, "R": {"sum": 0.5760840320472198, "n": 92, "mean": 0.006261782957034998}}, "by_class": {"bar": {"sum": 587.7267584754795, "n": 9607, "mean": 0.0611769291636806}, "formula": {"sum": 16536.674149093014, "n": 294382, "mean": 0.05617420273349938}, "idx": {"sum": 20851.13843490267, "n": 20000, "mean": 1.0425569217451336}, "qed": {"sum": 18.941499954757433, "n": 5000, "mean": 0.0037882999909514864}, "ref": {"sum": 203.60626041673777, "n": 17278, "mean": 0.011784133604395055}, "rule": {"sum": 3901.9830354235764, "n": 20000, "mean": 0.1950991517711788}, "sep": {"sum": 0.331517057042781, "n": 40000, "mean": 8.287926426069524e-06}}}
saved ckpts/r3_3/stage1_reductio_f0_s34.pt
