params 3210240 mode abs shift True
train records 155000 max len 585
step 200 loss 0.9794 lr 1.00e-03 13s val 0.8980
step 400 loss 0.2226 lr 9.97e-04 22s val 0.1595
step 600 loss 0.1458 lr 9.89e-04 31s val 0.1189
step 800 loss 0.1175 lr 9.76e-04 52s val 0.1032
step 1000 loss 0.0877 lr 9.58e-04 72s val 0.0992
step 1200 loss 0.0856 lr 9.36e-04 93s val 0.0950
step 1400 loss 0.0902 lr 9.08e-04 114s val 0.0921
step 1600 loss 0.0851 lr 8.77e-04 135s val 0.0921
step 1800 loss 0.0804 lr 8.41e-04 155s val 0.0937
step 2000 loss 0.0836 lr 8.03e-04 176s val 0.0930
step 2200 loss 0.0831 lr 7.61e-04 197s val 0.0866
step 2400 loss 0.0645 lr 7.17e-04 219s val 0.0863
step 2600 loss 0.0712 lr 6.70e-04 240s val 0.0864
step 2800 loss 0.0749 lr 6.23e-04 260s val 0.0859
step 3000 loss 0.0739 lr 5.74e-04 280s val 0.0853
step 3200 loss 0.0662 lr 5.26e-04 301s val 0.0859
step 3400 loss 0.0638 lr 4.77e-04 322s val 0.0850
step 3600 loss 0.0726 lr 4.30e-04 343s val 0.0844
step 3800 loss 0.0633 lr 3.83e-04 364s val 0.0840
step 4000 loss 0.0668 lr 3.39e-04 385s val 0.0839
step 4200 loss 0.0657 lr 2.97e-04 407s val 0.0836
step 4400 loss 0.0604 lr 2.59e-04 427s val 0.0836
step 4600 loss 0.0612 lr 2.23e-04 448s val 0.0831
step 4800 loss 0.0634 lr 1.92e-04 469s val 0.0836
step 5000 loss 0.0629 lr 1.64e-04 490s val 0.0829
step 5200 loss 0.0621 lr 1.42e-04 511s val 0.0832
step 5400 loss 0.0578 lr 1.24e-04 533s val 0.0828
step 5600 loss 0.0636 lr 1.11e-04 554s val 0.0828
step 5800 loss 0.0560 lr 1.03e-04 574s val 0.0826
step 6000 loss 0.0575 lr 1.00e-04 595s val 0.0827
heldout_breakdown {"by_rule": {"ANDE1": {"sum": 95.80407871471542, "n": 775, "mean": 0.12361816608350376}, "ANDE2": {"sum": 90.24599622607462, "n": 702, "mean": 0.12855555017959347}, "ANDI": {"sum": 310.531909805258, "n": 19413, "mean": 0.015996080451514863}, "AS": {"sum": 5011.266589816491, "n": 62470, "mean": 0.08021877044687836}, "BOTE": {"sum": 23.863799442752423, "n": 689, "mean": 0.03463541283418349}, "DN": {"sum": 81.13014981953896, "n": 14322, "mean": 0.00566472209325087}, "IMPE": {"sum": 162.3796676314679, "n": 23343, "mean": 0.006956246739128128}, "IMPI": {"sum": 36.733088244176315, "n": 113499, "mean": 0.00032364239547640343}, "NEGE": {"sum": 51.44445905439252, "n": 4292, "mean": 0.011986127459084929}, "NEGI": {"sum": 1.5919523876547785, "n": 19774, "mean": 8.050735246560021e-05}, "ORE": {"sum": 40.515259997127096, "n": 452, "mean": 0.08963553096709534}, "ORI1": {"sum": 164.383889909445, "n": 22092, "mean": 0.007440878594488729}, "ORI2": {"sum": 169.5724593278613, "n": 20676, "mean": 0.008201415134835622}, "PR": {"sum": 16226.95356101439, "n": 97818, "mean": 0.16588923880077686}, "QED": {"sum": 0.5141735402258973, "n": 5000, "mean": 0.00010283470804517947}, "R": {"sum": 125.45941240524601, "n": 950, "mean": 0.13206253937394316}}, "by_rule_name_pos": {"ANDE1": {"sum": 39.62134983460419, "n": 89, "mean": 0.44518370600678864}, "ANDE2": {"sum": 35.251354083418846, "n": 83, "mean": 0.42471510943878127}, "ANDI": {"sum": 0.4267327165050574, "n": 816, "mean": 0.0005229567604228644}, "AS": {"sum": 1.5545465532935907, "n": 3955, "mean": 0.00039305854697688767}, "BOTE": {"sum": 1.3538506626809976, "n": 50, "mean": 0.027077013253619952}, "DN": {"sum": 12.470211469631977, "n": 731, "mean": 0.017059112817554005}, "IMPE": {"sum": 10.779393682387308, "n": 1839, "mean": 0.005861551757687497}, "IMPI": {"sum": 0.05632179071782417, "n": 3141, "mean": 1.7931165462535554e-05}, "NEGE": {"sum": 0.2635843155831026, "n": 557, "mean": 0.00047322139242926857}, "NEGI": {"sum": 0.02820855484412732, "n": 750, "mean": 3.7611406458836426e-05}, "ORE": {"sum": 0.02611171675505375, "n": 32, "mean": 0.0008159911485954296}, "ORI1": {"sum": 59.990449102602724, "n": 960, "mean": 0.06249005114854451}, "ORI2": {"sum": 40.52573770614981, "n": 907, "mean": 0.04468107795606374}, "PR": {"sum": 0.00312169016345365, "n": 5998, "mean": 5.204551789685978e-07}, "R": {"sum": 2.94905840600768, "n": 92, "mean": 0.03205498267399652}}, "by_class": {"bar": {"sum": 344.61812840510584, "n": 9607, "mean": 0.03587156535912416}, "formula": {"sum": 985.0835381066108, "n": 294382, "mean": 0.0033462763963374486}, "idx": {"sum": 20658.78380951649, "n": 20000, "mean": 1.0329391904758245}, "qed": {"sum": 0.5141735402258973, "n": 5000, "mean": 0.00010283470804517947}, "ref": {"sum": 397.9768920125513, "n": 17278, "mean": 0.02303373608129131}, "rule": {"sum": 205.30003228535486, "n": 20000, "mean": 0.010265001614267744}, "sep": {"sum": 0.11387346939181953, "n": 40000, "mean": 2.846836734795488e-06}}}
saved ckpts/r3_3/stage1_derived_ore_f0_s47.pt
