params 3210240 mode abs shift True
train records 155000 max len 602
step 200 loss 0.9394 lr 1.00e-03 19s val 0.9267
step 400 loss 0.1997 lr 9.97e-04 37s val 0.1460
step 600 loss 0.1328 lr 9.89e-04 56s val 0.1169
step 800 loss 0.1033 lr 9.76e-04 74s val 0.1022
step 1000 loss 0.0932 lr 9.58e-04 93s val 0.0975
step 1200 loss 0.0916 lr 9.36e-04 111s val 0.0971
step 1400 loss 0.0983 lr 9.08e-04 129s val 0.0935
step 1600 loss 0.0845 lr 8.77e-04 147s val 0.0907
step 1800 loss 0.0768 lr 8.41e-04 166s val 0.0895
step 2000 loss 0.0866 lr 8.03e-04 184s val 0.0880
step 2200 loss 0.0776 lr 7.61e-04 202s val 0.0881
step 2400 loss 0.0738 lr 7.17e-04 220s val 0.0862
step 2600 loss 0.0699 lr 6.70e-04 238s val 0.0872
step 2800 loss 0.0693 lr 6.23e-04 257s val 0.0854
step 3000 loss 0.0647 lr 5.74e-04 275s val 0.0847
step 3200 loss 0.0654 lr 5.26e-04 293s val 0.0847
step 3400 loss 0.0632 lr 4.77e-04 312s val 0.0848
step 3600 loss 0.0621 lr 4.30e-04 331s val 0.0853
step 3800 loss 0.0681 lr 3.83e-04 350s val 0.0845
step 4000 loss 0.0667 lr 3.39e-04 367s val 0.0844
step 4200 loss 0.0670 lr 2.97e-04 386s val 0.0847
step 4400 loss 0.0607 lr 2.59e-04 404s val 0.0838
step 4600 loss 0.0642 lr 2.23e-04 422s val 0.0835
step 4800 loss 0.0617 lr 1.92e-04 440s val 0.0837
step 5000 loss 0.0594 lr 1.64e-04 458s val 0.0830
step 5200 loss 0.0577 lr 1.42e-04 476s val 0.0832
step 5400 loss 0.0583 lr 1.24e-04 495s val 0.0831
step 5600 loss 0.0630 lr 1.11e-04 513s val 0.0831
step 5800 loss 0.0585 lr 1.03e-04 532s val 0.0828
step 6000 loss 0.0637 lr 1.00e-04 550s val 0.0829
heldout_breakdown {"by_rule": {"ANDE1": {"sum": 118.08402743545611, "n": 775, "mean": 0.15236648701349176}, "ANDE2": {"sum": 72.87563270797278, "n": 702, "mean": 0.10381144260394984}, "ANDI": {"sum": 158.7235347729394, "n": 19413, "mean": 0.008176146642607499}, "AS": {"sum": 13321.423928604781, "n": 62470, "mean": 0.21324514052512855}, "BOTE": {"sum": 14.355264261617414, "n": 689, "mean": 0.020834926359386666}, "DN": {"sum": 4197.94027353853, "n": 14322, "mean": 0.2931113164040309}, "IMPE": {"sum": 171.96247154995166, "n": 23343, "mean": 0.007366768262432063}, "IMPI": {"sum": 34.66985288301054, "n": 113499, "mean": 0.0003054639501934867}, "NEGE": {"sum": 192.54122392932518, "n": 4292, "mean": 0.04486049019788564}, "NEGI": {"sum": 7813.771449931724, "n": 19774, "mean": 0.3951538105558675}, "ORE": {"sum": 5.486765693691169, "n": 452, "mean": 0.012138862154184001}, "ORI1": {"sum": 135.04790533920337, "n": 22092, "mean": 0.006112977790114221}, "ORI2": {"sum": 129.73752753646076, "n": 20676, "mean": 0.006274788524688564}, "PR": {"sum": 16214.980413050866, "n": 97818, "mean": 0.1657668365030042}, "QED": {"sum": 20.139072468802624, "n": 5000, "mean": 0.004027814493760525}, "R": {"sum": 153.95538408368913, "n": 950, "mean": 0.16205829903546223}}, "by_rule_name_pos": {"ANDE1": {"sum": 37.988311278808396, "n": 89, "mean": 0.42683495818885836}, "ANDE2": {"sum": 18.12921397649916, "n": 83, "mean": 0.2184242647770983}, "ANDI": {"sum": 0.6414842144821478, "n": 816, "mean": 0.0007861326157869458}, "AS": {"sum": 1.5097303991873545, "n": 3955, "mean": 0.00038172702887164466}, "BOTE": {"sum": 1.8714290712232469, "n": 50, "mean": 0.03742858142446494}, "DN": {"sum": 2648.5938635625826, "n": 731, "mean": 3.623247419374258}, "IMPE": {"sum": 17.737399949319524, "n": 1839, "mean": 0.00964513319701986}, "IMPI": {"sum": 0.025862040126838792, "n": 3141, "mean": 8.233696315453292e-06}, "NEGE": {"sum": 0.7521382207096394, "n": 557, "mean": 0.0013503379186887601}, "NEGI": {"sum": 0.5762120117190079, "n": 750, "mean": 0.0007682826822920106}, "ORE": {"sum": 0.011975191409987929, "n": 32, "mean": 0.00037422473156212277}, "ORI1": {"sum": 57.85351034422638, "n": 960, "mean": 0.060264073275235815}, "ORI2": {"sum": 22.739424072111433, "n": 907, "mean": 0.025071029847972912}, "PR": {"sum": 0.05267729509274943, "n": 5998, "mean": 8.782476674349689e-06}, "R": {"sum": 7.542014559410745, "n": 92, "mean": 0.08197841912402984}}, "by_class": {"bar": {"sum": 741.0718680155669, "n": 9607, "mean": 0.07713873925424866}, "formula": {"sum": 17296.76960598641, "n": 294382, "mean": 0.058756206581878}, "idx": {"sum": 21239.166531260104, "n": 20000, "mean": 1.0619583265630053}, "qed": {"sum": 20.139072468802624, "n": 5000, "mean": 0.004027814493760525}, "ref": {"sum": 642.2789404076711, "n": 17278, "mean": 0.03717322261880259}, "rule": {"sum": 2816.025246186975, "n": 20000, "mean": 0.14080126230934875}, "sep": {"sum": 0.24346346227653726, "n": 40000, "mean": 6.086586556913431e-06}}}
saved ckpts/r3_3/stage1_reductio_f0_s32.pt
