params 3210240 mode abs shift True
train records 155000 max len 585
step 200 loss 0.9014 lr 1.00e-03 18s val 0.9274
step 400 loss 0.2368 lr 9.97e-04 37s val 0.1610
step 600 loss 0.1368 lr 9.89e-04 57s val 0.1200
step 800 loss 0.1225 lr 9.76e-04 75s val 0.1042
step 1000 loss 0.0903 lr 9.58e-04 94s val 0.0964
step 1200 loss 0.0941 lr 9.36e-04 113s val 0.0929
step 1400 loss 0.0853 lr 9.08e-04 132s val 0.0936
step 1600 loss 0.0790 lr 8.77e-04 152s val 0.0896
step 1800 loss 0.0781 lr 8.41e-04 171s val 0.0890
step 2000 loss 0.0836 lr 8.03e-04 189s val 0.0877
step 2200 loss 0.0791 lr 7.61e-04 208s val 0.0876
step 2400 loss 0.0679 lr 7.17e-04 226s val 0.0878
step 2600 loss 0.0755 lr 6.70e-04 245s val 0.0865
step 2800 loss 0.0699 lr 6.23e-04 265s val 0.0857
step 3000 loss 0.0626 lr 5.74e-04 284s val 0.0847
step 3200 loss 0.0734 lr 5.26e-04 303s val 0.0846
step 3400 loss 0.0646 lr 4.77e-04 322s val 0.0843
step 3600 loss 0.0690 lr 4.30e-04 340s val 0.0840
step 3800 loss 0.0611 lr 3.83e-04 359s val 0.0838
step 4000 loss 0.0728 lr 3.39e-04 377s val 0.0834
step 4200 loss 0.0619 lr 2.97e-04 396s val 0.0831
step 4400 loss 0.0615 lr 2.59e-04 416s val 0.0835
step 4600 loss 0.0600 lr 2.23e-04 435s val 0.0828
step 4800 loss 0.0587 lr 1.92e-04 454s val 0.0828
step 5000 loss 0.0583 lr 1.64e-04 472s val 0.0828
step 5200 loss 0.0580 lr 1.42e-04 491s val 0.0829
step 5400 loss 0.0627 lr 1.24e-04 510s val 0.0823
step 5600 loss 0.0587 lr 1.11e-04 529s val 0.0826
step 5800 loss 0.0583 lr 1.03e-04 547s val 0.0823
step 6000 loss 0.0558 lr 1.00e-04 566s val 0.0825
heldout_breakdown {"by_rule": {"ANDE1": {"sum": 51.345260491203966, "n": 775, "mean": 0.06625194902090835}, "ANDE2": {"sum": 59.82366033036242, "n": 702, "mean": 0.08521888935949062}, "ANDI": {"sum": 201.4589929321777, "n": 19413, "mean": 0.010377530156708272}, "AS": {"sum": 4907.9751051233025, "n": 62470, "mean": 0.07856531303222831}, "BOTE": {"sum": 20.379590820968424, "n": 689, "mean": 0.02957850627136201}, "DN": {"sum": 65.68474442670984, "n": 14322, "mean": 0.004586282951173708}, "IMPE": {"sum": 88.49688728500456, "n": 23343, "mean": 0.003791153120207538}, "IMPI": {"sum": 51.96510395767021, "n": 113499, "mean": 0.00045784635950686973}, "NEGE": {"sum": 53.98432528029741, "n": 4292, "mean": 0.012577894986089798}, "NEGI": {"sum": 1.4572769384648225, "n": 19774, "mean": 7.369661871471743e-05}, "ORE": {"sum": 49.88602143796092, "n": 452, "mean": 0.11036730406628523}, "ORI1": {"sum": 119.50479900198113, "n": 22092, "mean": 0.005409415127737694}, "ORI2": {"sum": 130.04679287951515, "n": 20676, "mean": 0.006289746221682877}, "PR": {"sum": 16217.868636004061, "n": 97818, "mean": 0.16579636300071623}, "QED": {"sum": 0.23152979008881402, "n": 5000, "mean": 4.630595801776281e-05}, "R": {"sum": 115.46313385795406, "n": 950, "mean": 0.12154014090310954}}, "by_rule_name_pos": {"ANDE1": {"sum": 5.69703444163315, "n": 89, "mean": 0.06401162293969831}, "ANDE2": {"sum": 10.91734803809959, "n": 83, "mean": 0.13153431371204324}, "ANDI": {"sum": 0.19687952016784038, "n": 816, "mean": 0.0002412739217743142}, "AS": {"sum": 3.2887667097110693, "n": 3955, "mean": 0.0008315465764124069}, "BOTE": {"sum": 0.5483571340391791, "n": 50, "mean": 0.010967142680783581}, "DN": {"sum": 19.821448567339758, "n": 731, "mean": 0.027115524715923062}, "IMPE": {"sum": 3.7852458558623994, "n": 1839, "mean": 0.002058317485515171}, "IMPI": {"sum": 0.01812425359322134, "n": 3141, "mean": 5.77021763553688e-06}, "NEGE": {"sum": 5.324995796841108, "n": 557, "mean": 0.009560136080504683}, "NEGI": {"sum": 0.019834623003582408, "n": 750, "mean": 2.6446164004776543e-05}, "ORE": {"sum": 0.2322680689057961, "n": 32, "mean": 0.007258377153306128}, "ORI1": {"sum": 30.542149245698965, "n": 960, "mean": 0.03181473879760309}, "ORI2": {"sum": 7.797694730088551, "n": 907, "mean": 0.008597237850152758}, "PR": {"sum": 0.008413870102728538, "n": 5998, "mean": 1.4027792768803831e-06}, "R": {"sum": 0.05886527004531672, "n": 92, "mean": 0.0006398398917969208}}, "by_class": {"bar": {"sum": 232.57603390904933, "n": 9607, "mean": 0.024209017790054056}, "formula": {"sum": 949.198149210055, "n": 294382, "mean": 0.003224375638490312}, "idx": {"sum": 20653.41030008378, "n": 20000, "mean": 1.0326705150041888}, "qed": {"sum": 0.23152979008881402, "n": 5000, "mean": 4.630595801776281e-05}, "ref": {"sum": 211.7898288581123, "n": 17278, "mean": 0.01225777456060379}, "rule": {"sum": 88.25742612513531, "n": 20000, "mean": 0.004412871306256765}, "sep": {"sum": 0.10859258045738329, "n": 40000, "mean": 2.714814511434582e-06}}}
saved ckpts/r3_3/stage1_derived_ore_f0_s31.pt
