params 3210240 mode abs shift True
train records 155000 max len 585
step 200 loss 0.9254 lr 1.00e-03 18s val 0.8602
step 400 loss 0.2458 lr 9.97e-04 28s val 0.1713
step 600 loss 0.1290 lr 9.89e-04 37s val 0.1187
step 800 loss 0.1066 lr 9.76e-04 50s val 0.1108
step 1000 loss 0.0897 lr 9.58e-04 73s val 0.0982
step 1200 loss 0.1006 lr 9.36e-04 95s val 0.0989
step 1400 loss 0.0901 lr 9.08e-04 118s val 0.0922
step 1600 loss 0.0781 lr 8.77e-04 139s val 0.0890
step 1800 loss 0.0863 lr 8.41e-04 161s val 0.0900
step 2000 loss 0.0753 lr 8.03e-04 184s val 0.0884
step 2200 loss 0.0747 lr 7.61e-04 205s val 0.0880
step 2400 loss 0.0697 lr 7.17e-04 226s val 0.0861
step 2600 loss 0.0715 lr 6.70e-04 248s val 0.0865
step 2800 loss 0.0748 lr 6.23e-04 269s val 0.0861
step 3000 loss 0.0779 lr 5.74e-04 291s val 0.0847
step 3200 loss 0.0695 lr 5.26e-04 313s val 0.0841
step 3400 loss 0.0613 lr 4.77e-04 334s val 0.0845
step 3600 loss 0.0651 lr 4.30e-04 356s val 0.0844
step 3800 loss 0.0629 lr 3.83e-04 378s val 0.0838
step 4000 loss 0.0576 lr 3.39e-04 398s val 0.0838
step 4200 loss 0.0600 lr 2.97e-04 421s val 0.0838
step 4400 loss 0.0613 lr 2.59e-04 442s val 0.0829
step 4600 loss 0.0579 lr 2.23e-04 465s val 0.0829
step 4800 loss 0.0589 lr 1.92e-04 486s val 0.0835
step 5000 loss 0.0603 lr 1.64e-04 507s val 0.0827
step 5200 loss 0.0578 lr 1.42e-04 529s val 0.0826
step 5400 loss 0.0618 lr 1.24e-04 551s val 0.0825
step 5600 loss 0.0596 lr 1.11e-04 571s val 0.0825
step 5800 loss 0.0604 lr 1.03e-04 593s val 0.0824
step 6000 loss 0.0587 lr 1.00e-04 614s val 0.0824
heldout_breakdown {"by_rule": {"ANDE1": {"sum": 75.59780972473087, "n": 775, "mean": 0.0975455609351366}, "ANDE2": {"sum": 38.891864022984684, "n": 702, "mean": 0.05540151570225738}, "ANDI": {"sum": 184.56130662019774, "n": 19413, "mean": 0.009507098677185275}, "AS": {"sum": 4992.191020491005, "n": 62470, "mean": 0.0799134147669442}, "BOTE": {"sum": 26.860927818442526, "n": 689, "mean": 0.038985381449118325}, "DN": {"sum": 65.63607731233225, "n": 14322, "mean": 0.0045828848842572436}, "IMPE": {"sum": 112.20022343572717, "n": 23343, "mean": 0.004806589702939947}, "IMPI": {"sum": 75.47557125878077, "n": 113499, "mean": 0.0006649888656180299}, "NEGE": {"sum": 51.51308356695737, "n": 4292, "mean": 0.01200211639491085}, "NEGI": {"sum": 1.3234836879912635, "n": 19774, "mean": 6.693049903870048e-05}, "ORE": {"sum": 59.49429149522972, "n": 452, "mean": 0.13162453870626042}, "ORI1": {"sum": 85.63230881759617, "n": 22092, "mean": 0.0038761682426940143}, "ORI2": {"sum": 128.82281420721444, "n": 20676, "mean": 0.006230548181815363}, "PR": {"sum": 16212.714105086141, "n": 97818, "mean": 0.1657436678840923}, "QED": {"sum": 1.5618809079838911, "n": 5000, "mean": 0.0003123761815967782}, "R": {"sum": 127.26248695642667, "n": 950, "mean": 0.1339605125857123}}, "by_rule_name_pos": {"ANDE1": {"sum": 13.90470961407118, "n": 89, "mean": 0.1562326922929346}, "ANDE2": {"sum": 0.45879689828143455, "n": 83, "mean": 0.005527673473270296}, "ANDI": {"sum": 0.305129949974571, "n": 816, "mean": 0.00037393376222373895}, "AS": {"sum": 0.8976207946483115, "n": 3955, "mean": 0.0002269584815798512}, "BOTE": {"sum": 0.026969995016770554, "n": 50, "mean": 0.0005393999003354111}, "DN": {"sum": 6.815824334777062, "n": 731, "mean": 0.009323973098190235}, "IMPE": {"sum": 1.9116938578019926, "n": 1839, "mean": 0.0010395290145742211}, "IMPI": {"sum": 0.05375945792452086, "n": 3141, "mean": 1.7115395709812436e-05}, "NEGE": {"sum": 0.8369667944499497, "n": 557, "mean": 0.0015026333832135542}, "NEGI": {"sum": 0.014470823620285955, "n": 750, "mean": 1.9294431493714608e-05}, "ORE": {"sum": 0.04180812044887716, "n": 32, "mean": 0.0013065037640274113}, "ORI1": {"sum": 12.977376517370885, "n": 960, "mean": 0.013518100538928006}, "ORI2": {"sum": 17.09791738550939, "n": 907, "mean": 0.018851066577187863}, "PR": {"sum": 0.010789396315118438, "n": 5998, "mean": 1.7988323299630607e-06}, "R": {"sum": 0.25261738911285647, "n": 92, "mean": 0.0027458411860093097}}, "by_class": {"bar": {"sum": 258.50001801062626, "n": 9607, "mean": 0.026907465182744485}, "formula": {"sum": 1060.6508105412008, "n": 294382, "mean": 0.0036029744024471634}, "idx": {"sum": 20663.059927766793, "n": 20000, "mean": 1.0331529963883397}, "qed": {"sum": 1.5618809079838911, "n": 5000, "mean": 0.0003123761815967782}, "ref": {"sum": 193.12532819688113, "n": 17278, "mean": 0.01117752796601928}, "rule": {"sum": 55.60645132932321, "n": 20000, "mean": 0.0027803225664661604}, "sep": {"sum": 7.234838655879102, "n": 40000, "mean": 0.00018087096639697755}}}
saved ckpts/r3_3/stage1_derived_ore_f0_s45.pt
