params 3210240 mode abs shift True
train records 155000 max len 585
step 200 loss 0.9818 lr 1.00e-03 19s val 0.8777
step 400 loss 0.1944 lr 9.97e-04 38s val 0.1545
step 600 loss 0.1385 lr 9.89e-04 56s val 0.1187
step 800 loss 0.1190 lr 9.76e-04 75s val 0.1000
step 1000 loss 0.1063 lr 9.58e-04 93s val 0.1015
step 1200 loss 0.0925 lr 9.36e-04 111s val 0.0932
step 1400 loss 0.0834 lr 9.08e-04 130s val 0.0954
step 1600 loss 0.0889 lr 8.77e-04 148s val 0.0910
step 1800 loss 0.0754 lr 8.41e-04 167s val 0.0900
step 2000 loss 0.0832 lr 8.03e-04 185s val 0.0862
step 2200 loss 0.0714 lr 7.61e-04 203s val 0.0869
step 2400 loss 0.0709 lr 7.17e-04 223s val 0.0851
step 2600 loss 0.0787 lr 6.70e-04 241s val 0.0863
step 2800 loss 0.0633 lr 6.23e-04 260s val 0.0868
step 3000 loss 0.0699 lr 5.74e-04 278s val 0.0844
step 3200 loss 0.0647 lr 5.26e-04 299s val 0.0841
step 3400 loss 0.0564 lr 4.77e-04 318s val 0.0839
step 3600 loss 0.0641 lr 4.30e-04 339s val 0.0841
step 3800 loss 0.0609 lr 3.83e-04 359s val 0.0842
step 4000 loss 0.0628 lr 3.39e-04 379s val 0.0838
step 4200 loss 0.0638 lr 2.97e-04 399s val 0.0830
step 4400 loss 0.0636 lr 2.59e-04 420s val 0.0830
step 4600 loss 0.0621 lr 2.23e-04 440s val 0.0830
step 4800 loss 0.0557 lr 1.92e-04 460s val 0.0827
step 5000 loss 0.0571 lr 1.64e-04 481s val 0.0828
step 5200 loss 0.0585 lr 1.42e-04 501s val 0.0827
step 5400 loss 0.0585 lr 1.24e-04 523s val 0.0824
step 5600 loss 0.0633 lr 1.11e-04 544s val 0.0825
step 5800 loss 0.0580 lr 1.03e-04 562s val 0.0825
step 6000 loss 0.0610 lr 1.00e-04 572s val 0.0827
heldout_breakdown {"by_rule": {"ANDE1": {"sum": 67.45920917556273, "n": 775, "mean": 0.08704414087169385}, "ANDE2": {"sum": 74.72087466356867, "n": 702, "mean": 0.10643999239824596}, "ANDI": {"sum": 121.21818724792891, "n": 19413, "mean": 0.00624417592581924}, "AS": {"sum": 4887.482033464441, "n": 62470, "mean": 0.07823726642331424}, "BOTE": {"sum": 19.942323153026194, "n": 689, "mean": 0.02894386524386966}, "DN": {"sum": 90.96538521498562, "n": 14322, "mean": 0.006351444296535792}, "IMPE": {"sum": 116.05714309308021, "n": 23343, "mean": 0.004971817808040107}, "IMPI": {"sum": 55.48394626362269, "n": 113499, "mean": 0.0004888496485750772}, "NEGE": {"sum": 52.807131647261336, "n": 4292, "mean": 0.012303618743537125}, "NEGI": {"sum": 8.590186387972558, "n": 19774, "mean": 0.0004344182455736097}, "ORE": {"sum": 8.924766352223905, "n": 452, "mean": 0.01974505830138032}, "ORI1": {"sum": 85.63158420111694, "n": 22092, "mean": 0.0038761354427447464}, "ORI2": {"sum": 157.11723130034133, "n": 20676, "mean": 0.007599014862659186}, "PR": {"sum": 16208.215219565018, "n": 97818, "mean": 0.16569767547450384}, "QED": {"sum": 1.2664822565282066, "n": 5000, "mean": 0.0002532964513056413}, "R": {"sum": 138.34006648917796, "n": 950, "mean": 0.1456211226201873}}, "by_rule_name_pos": {"ANDE1": {"sum": 9.03907337252167, "n": 89, "mean": 0.10156262216316483}, "ANDE2": {"sum": 4.982061683112988, "n": 83, "mean": 0.06002483955557817}, "ANDI": {"sum": 0.27517433242744005, "n": 816, "mean": 0.00033722344660225495}, "AS": {"sum": 11.97719672374997, "n": 3955, "mean": 0.00302836832458912}, "BOTE": {"sum": 0.2719524803960667, "n": 50, "mean": 0.0054390496079213336}, "DN": {"sum": 15.995460430957337, "n": 731, "mean": 0.021881614816631104}, "IMPE": {"sum": 8.218629455420796, "n": 1839, "mean": 0.004469075288428927}, "IMPI": {"sum": 0.05234919327138243, "n": 3141, "mean": 1.6666409828520353e-05}, "NEGE": {"sum": 0.7969748265329599, "n": 557, "mean": 0.0014308345180124953}, "NEGI": {"sum": 0.03656881927345523, "n": 750, "mean": 4.875842569794031e-05}, "ORE": {"sum": 0.009865804813188106, "n": 32, "mean": 0.0003083064004121283}, "ORI1": {"sum": 11.097016885636549, "n": 960, "mean": 0.011559392589204739}, "ORI2": {"sum": 29.356304095696032, "n": 907, "mean": 0.03236637717276299}, "PR": {"sum": 0.0025419517081886056, "n": 5998, "mean": 4.2379988465965414e-07}, "R": {"sum": 0.24809859421475267, "n": 92, "mean": 0.002696723850160355}}, "by_class": {"bar": {"sum": 213.76490378531025, "n": 9607, "mean": 0.02225095282453526}, "formula": {"sum": 1030.5265709826754, "n": 294382, "mean": 0.0035006439625475585}, "idx": {"sum": 20645.768168774168, "n": 20000, "mean": 1.0322884084387083}, "qed": {"sum": 1.2664822565282066, "n": 5000, "mean": 0.0002532964513056413}, "ref": {"sum": 110.21059787608158, "n": 17278, "mean": 0.006378666389401643}, "rule": {"sum": 92.35926864973723, "n": 20000, "mean": 0.0046179634324868615}, "sep": {"sum": 0.32577815023061163, "n": 40000, "mean": 8.14445375576529e-06}}}
saved ckpts/r3_3/stage1_derived_ore_f0_s32.pt
