params 3210240 mode abs shift True
train records 155000 max len 602
step 200 loss 0.9428 lr 1.00e-03 18s val 0.8601
step 400 loss 0.2530 lr 9.97e-04 27s val 0.1650
step 600 loss 0.1363 lr 9.89e-04 36s val 0.1170
step 800 loss 0.1059 lr 9.76e-04 51s val 0.1003
step 1000 loss 0.0921 lr 9.58e-04 69s val 0.0959
step 1200 loss 0.0913 lr 9.36e-04 87s val 0.0941
step 1400 loss 0.0939 lr 9.08e-04 106s val 0.0908
step 1600 loss 0.0885 lr 8.77e-04 124s val 0.0915
step 1800 loss 0.0805 lr 8.41e-04 143s val 0.0914
step 2000 loss 0.0868 lr 8.03e-04 162s val 0.0874
step 2200 loss 0.0789 lr 7.61e-04 180s val 0.0879
step 2400 loss 0.0763 lr 7.17e-04 199s val 0.0881
step 2600 loss 0.0706 lr 6.70e-04 218s val 0.0862
step 2800 loss 0.0671 lr 6.23e-04 237s val 0.0854
step 3000 loss 0.0572 lr 5.74e-04 255s val 0.0842
step 3200 loss 0.0680 lr 5.26e-04 273s val 0.0844
step 3400 loss 0.0628 lr 4.77e-04 292s val 0.0848
step 3600 loss 0.0604 lr 4.30e-04 311s val 0.0840
step 3800 loss 0.0660 lr 3.83e-04 329s val 0.0834
step 4000 loss 0.0609 lr 3.39e-04 348s val 0.0837
step 4200 loss 0.0709 lr 2.97e-04 367s val 0.0831
step 4400 loss 0.0560 lr 2.59e-04 387s val 0.0834
step 4600 loss 0.0613 lr 2.23e-04 406s val 0.0829
step 4800 loss 0.0576 lr 1.92e-04 425s val 0.0827
step 5000 loss 0.0606 lr 1.64e-04 443s val 0.0829
step 5200 loss 0.0637 lr 1.42e-04 462s val 0.0828
step 5400 loss 0.0601 lr 1.24e-04 480s val 0.0825
step 5600 loss 0.0628 lr 1.11e-04 498s val 0.0823
step 5800 loss 0.0608 lr 1.03e-04 517s val 0.0826
step 6000 loss 0.0624 lr 1.00e-04 536s val 0.0826
heldout_breakdown {"by_rule": {"ANDE1": {"sum": 56.88279892783803, "n": 775, "mean": 0.07339715990688778}, "ANDE2": {"sum": 46.64555517187366, "n": 702, "mean": 0.06644665978899382}, "ANDI": {"sum": 132.7218911627606, "n": 19413, "mean": 0.006836753266510102}, "AS": {"sum": 14586.728221831303, "n": 62470, "mean": 0.23349973142038263}, "BOTE": {"sum": 18.411852289836062, "n": 689, "mean": 0.02672257226391301}, "DN": {"sum": 5890.483282555202, "n": 14322, "mean": 0.41128915532434035}, "IMPE": {"sum": 89.73966235940446, "n": 23343, "mean": 0.003844392852649808}, "IMPI": {"sum": 38.403805178406195, "n": 113499, "mean": 0.0003383624981577476}, "NEGE": {"sum": 172.55267941826602, "n": 4292, "mean": 0.04020332698468453}, "NEGI": {"sum": 6102.024720794492, "n": 19774, "mean": 0.30858828364491214}, "ORE": {"sum": 3.589948792676985, "n": 452, "mean": 0.00794236458556855}, "ORI1": {"sum": 94.2907722228376, "n": 22092, "mean": 0.004268095791365092}, "ORI2": {"sum": 127.18463262167998, "n": 20676, "mean": 0.006151317112675565}, "PR": {"sum": 16217.727221435016, "n": 97818, "mean": 0.16579491731005558}, "QED": {"sum": 12.995328075189377, "n": 5000, "mean": 0.0025990656150378755}, "R": {"sum": 120.3651960338573, "n": 950, "mean": 0.12670020635142873}}, "by_rule_name_pos": {"ANDE1": {"sum": 16.48112144577317, "n": 89, "mean": 0.18518113984014797}, "ANDE2": {"sum": 1.3876246820000233, "n": 83, "mean": 0.016718369662650882}, "ANDI": {"sum": 3.1749151689502924, "n": 816, "mean": 0.0038908274129292797}, "AS": {"sum": 0.9594226265193342, "n": 3955, "mean": 0.00024258473489742962}, "BOTE": {"sum": 0.5675052163023793, "n": 50, "mean": 0.011350104326047585}, "DN": {"sum": 3060.0734064580975, "n": 731, "mean": 4.1861469308592305}, "IMPE": {"sum": 2.0784999483203137, "n": 1839, "mean": 0.0011302337946276855}, "IMPI": {"sum": 0.00876617132905011, "n": 3141, "mean": 2.7908854915791497e-06}, "NEGE": {"sum": 0.06114272844411062, "n": 557, "mean": 0.0001097715052856564}, "NEGI": {"sum": 10.882663316661137, "n": 750, "mean": 0.014510217755548184}, "ORE": {"sum": 0.01652945171827014, "n": 32, "mean": 0.0005165453661959418}, "ORI1": {"sum": 17.74879721427351, "n": 960, "mean": 0.018488330431534906}, "ORI2": {"sum": 20.720268842271253, "n": 907, "mean": 0.022844838855866873}, "PR": {"sum": 0.003900284243101737, "n": 5998, "mean": 6.502641285598094e-07}, "R": {"sum": 1.1377434379064653, "n": 92, "mean": 0.012366776498983318}}, "by_class": {"bar": {"sum": 625.8134580518995, "n": 9607, "mean": 0.06514140294076189}, "formula": {"sum": 17149.162751548127, "n": 294382, "mean": 0.05825479394646455}, "idx": {"sum": 21381.688263136486, "n": 20000, "mean": 1.0690844131568242}, "qed": {"sum": 12.995328075189377, "n": 5000, "mean": 0.0025990656150378755}, "ref": {"sum": 1405.6952124910135, "n": 17278, "mean": 0.08135751895422003}, "rule": {"sum": 3135.302306992904, "n": 20000, "mean": 0.1567651153496452}, "sep": {"sum": 0.09024857542333109, "n": 40000, "mean": 2.256214385583277e-06}}}
saved ckpts/r3_3/stage1_reductio_f0_s53.pt
