{
 "n": 3797,
 "excluded_classes": 164664,
 "val36_classes": 36,
 "stats": {
  "dup_or_excluded": 29282,
  "degenerate": 9066,
  "consequentia_mirabilis": 151,
  "too_long": 32,
  "constructive_dilemma": 151,
  "contraposition": 151,
  "contraposition_conv": 151,
  "demorgan_and_to_nor": 151,
  "demorgan_nand_to_or": 151,
  "demorgan_nor_to_and": 151,
  "demorgan_or_to_nand": 151,
  "disjunctive_syllogism": 151,
  "dist_and_over_or": 151,
  "dist_and_over_or_conv": 151,
  "dist_or_over_and": 151,
  "dist_or_over_and_conv": 151,
  "dn_elim": 22,
  "dn_intro": 151,
  "excluded_middle": 151,
  "explosion": 151,
  "export": 151,
  "hypothetical_syllogism": 151,
  "import": 151,
  "modus_tollens": 151,
  "negated_conditional": 151,
  "negated_conditional_conv": 151,
  "peirce": 151,
  "peirce_sequent": 151,
  "triple_negation": 151
 }
}
