START 2026-09-24T16:17:44Z until [ -f artifacts/nf/cov_red_p4_s1.done ]; do sleep 30; done; python3 coverage.py --k 2000 --temperature 0.8 --seed 0 --batch 1000 --procs 2 --ckpt ckpts/nf/stage1_p4_s1.pt --in data/r3_1/depth3_req.jsonl --out artifacts/nf/cov_req8_p4_s1
shard 0/1: 300 theorems, 0 already done; k=2000 T=0.8 batch=1000
d3req_0: n_ok 6/2000 distinct_ok 1 first_hit 256 written_hist {8: 1} (7s; 1 done, 7s/thm, ETA 33 min)
d3req_1: n_ok 0/2000 distinct_ok 0 first_hit None written_hist {} (12s; 2 done, 9s/thm, ETA 46 min)
d3req_2: n_ok 2/2000 distinct_ok 1 first_hit 826 written_hist {8: 1} (7s; 3 done, 9s/thm, ETA 42 min)
d3req_3: n_ok 1513/2000 distinct_ok 4 first_hit 1 written_hist {8: 1, 9: 3} (15s; 4 done, 10s/thm, ETA 50 min)
d3req_4: n_ok 1433/2000 distinct_ok 3 first_hit 1 written_hist {8: 3} (11s; 5 done, 10s/thm, ETA 51 min)
d3req_5: n_ok 392/2000 distinct_ok 1 first_hit 4 written_hist {8: 1} (10s; 6 done, 10s/thm, ETA 51 min)
d3req_6: n_ok 2/2000 distinct_ok 1 first_hit 959 written_hist {8: 1} (12s; 7 done, 11s/thm, ETA 52 min)
d3req_7: n_ok 0/2000 distinct_ok 0 first_hit None written_hist {} (9s; 8 done, 10s/thm, ETA 51 min)
d3req_8: n_ok 1082/2000 distinct_ok 1 first_hit 4 written_hist {8: 1} (11s; 9 done, 11s/thm, ETA 51 min)
d3req_9: n_ok 0/2000 distinct_ok 0 first_hit None written_hist {} (10s; 10 done, 10s/thm, ETA 50 min)
d3req_10: n_ok 79/2000 distinct_ok 1 first_hit 20 written_hist {8: 1} (12s; 11 done, 11s/thm, ETA 51 min)
d3req_11: n_ok 260/2000 distinct_ok 2 first_hit 8 written_hist {8: 2} (12s; 12 done, 11s/thm, ETA 51 min)
d3req_12: n_ok 36/2000 distinct_ok 1 first_hit 44 written_hist {8: 1} (12s; 13 done, 11s/thm, ETA 51 min)
d3req_13: n_ok 1244/2000 distinct_ok 1 first_hit 2 written_hist {8: 1} (12s; 14 done, 11s/thm, ETA 52 min)
d3req_14: n_ok 29/2000 distinct_ok 1 first_hit 200 written_hist {8: 1} (13s; 15 done, 11s/thm, ETA 52 min)
d3req_15: n_ok 0/2000 distinct_ok 0 first_hit None written_hist {} (11s; 16 done, 11s/thm, ETA 52 min)
d3req_16: n_ok 0/2000 distinct_ok 0 first_hit None written_hist {} (8s; 17 done, 11s/thm, ETA 51 min)
d3req_17: n_ok 1295/2000 distinct_ok 1 first_hit 1 written_hist {8: 1} (11s; 18 done, 11s/thm, ETA 51 min)
d3req_18: n_ok 0/2000 distinct_ok 0 first_hit None written_hist {} (15s; 19 done, 11s/thm, ETA 52 min)
d3req_19: n_ok 761/2000 distinct_ok 1 first_hit 1 written_hist {8: 1} (10s; 20 done, 11s/thm, ETA 52 min)
d3req_20: n_ok 0/2000 distinct_ok 0 first_hit None written_hist {} (13s; 21 done, 11s/thm, ETA 52 min)
d3req_21: n_ok 0/2000 distinct_ok 0 first_hit None written_hist {} (4s; 22 done, 11s/thm, ETA 50 min)
d3req_22: n_ok 1769/2000 distinct_ok 1 first_hit 1 written_hist {8: 1} (17s; 23 done, 11s/thm, ETA 51 min)
d3req_23: n_ok 0/2000 distinct_ok 0 first_hit None written_hist {} (12s; 24 done, 11s/thm, ETA 51 min)
d3req_24: n_ok 0/2000 distinct_ok 0 first_hit None written_hist {} (5s; 25 done, 11s/thm, ETA 50 min)
d3req_25: n_ok 481/2000 distinct_ok 6 first_hit 6 written_hist {8: 2, 9: 4} (8s; 26 done, 11s/thm, ETA 49 min)
d3req_26: n_ok 1215/2000 distinct_ok 3 first_hit 1 written_hist {8: 3} (13s; 27 done, 11s/thm, ETA 49 min)
d3req_27: n_ok 24/2000 distinct_ok 1 first_hit 8 written_hist {8: 1} (8s; 28 done, 11s/thm, ETA 49 min)
d3req_28: n_ok 36/2000 distinct_ok 8 first_hit 72 written_hist {8: 8} (10s; 29 done, 11s/thm, ETA 48 min)
d3req_29: n_ok 504/2000 distinct_ok 2 first_hit 5 written_hist {8: 2} (7s; 30 done, 11s/thm, ETA 48 min)
d3req_30: n_ok 1657/2000 distinct_ok 1 first_hit 2 written_hist {8: 1} (16s; 31 done, 11s/thm, ETA 48 min)
d3req_31: n_ok 1606/2000 distinct_ok 1 first_hit 1 written_hist {8: 1} (10s; 32 done, 11s/thm, ETA 48 min)
d3req_32: n_ok 1774/2000 distinct_ok 1 first_hit 1 written_hist {8: 1} (10s; 33 done, 11s/thm, ETA 48 min)
d3req_33: n_ok 306/2000 distinct_ok 1 first_hit 8 written_hist {8: 1} (12s; 34 done, 11s/thm, ETA 48 min)
d3req_34: n_ok 1898/2000 distinct_ok 1 first_hit 1 written_hist {8: 1} (11s; 35 done, 11s/thm, ETA 48 min)
d3req_35: n_ok 0/2000 distinct_ok 0 first_hit None written_hist {} (10s; 36 done, 11s/thm, ETA 47 min)
d3req_36: n_ok 569/2000 distinct_ok 1 first_hit 3 written_hist {8: 1} (9s; 37 done, 11s/thm, ETA 47 min)
d3req_37: n_ok 1919/2000 distinct_ok 1 first_hit 1 written_hist {8: 1} (10s; 38 done, 11s/thm, ETA 47 min)
d3req_38: n_ok 1674/2000 distinct_ok 1 first_hit 1 written_hist {8: 1} (10s; 39 done, 11s/thm, ETA 46 min)
d3req_39: n_ok 47/2000 distinct_ok 1 first_hit 2 written_hist {8: 1} (9s; 40 done, 11s/thm, ETA 46 min)
d3req_40: n_ok 2/2000 distinct_ok 1 first_hit 750 written_hist {8: 1} (8s; 41 done, 11s/thm, ETA 46 min)
d3req_41: n_ok 1450/2000 distinct_ok 2 first_hit 1 written_hist {7: 1, 8: 1} (8s; 42 done, 11s/thm, ETA 45 min)
d3req_42: n_ok 1894/2000 distinct_ok 1 first_hit 1 written_hist {8: 1} (7s; 43 done, 10s/thm, ETA 45 min)
d3req_43: n_ok 19/2000 distinct_ok 1 first_hit 376 written_hist {8: 1} (9s; 44 done, 10s/thm, ETA 44 min)
d3req_44: n_ok 23/2000 distinct_ok 1 first_hit 106 written_hist {8: 1} (7s; 45 done, 10s/thm, ETA 44 min)
d3req_45: n_ok 1098/2000 distinct_ok 1 first_hit 1 written_hist {8: 1} (8s; 46 done, 10s/thm, ETA 43 min)
d3req_46: n_ok 850/2000 distinct_ok 3 first_hit 1 written_hist {8: 3} (11s; 47 done, 10s/thm, ETA 43 min)
d3req_47: n_ok 1242/2000 distinct_ok 1 first_hit 2 written_hist {8: 1} (8s; 48 done, 10s/thm, ETA 43 min)
d3req_48: n_ok 123/2000 distinct_ok 1 first_hit 2 written_hist {8: 1} (5s; 49 done, 10s/thm, ETA 42 min)
d3req_49: n_ok 1411/2000 distinct_ok 1 first_hit 3 written_hist {8: 1} (9s; 50 done, 10s/thm, ETA 42 min)
d3req_50: n_ok 1857/2000 distinct_ok 1 first_hit 1 written_hist {8: 1} (7s; 51 done, 10s/thm, ETA 42 min)
d3req_51: n_ok 1406/2000 distinct_ok 1 first_hit 1 written_hist {8: 1} (13s; 52 done, 10s/thm, ETA 42 min)
d3req_52: n_ok 2/2000 distinct_ok 1 first_hit 1594 written_hist {8: 1} (7s; 53 done, 10s/thm, ETA 41 min)
d3req_53: n_ok 1147/2000 distinct_ok 2 first_hit 2 written_hist {8: 2} (9s; 54 done, 10s/thm, ETA 41 min)
d3req_54: n_ok 0/2000 distinct_ok 0 first_hit None written_hist {} (8s; 55 done, 10s/thm, ETA 41 min)
d3req_55: n_ok 1694/2000 distinct_ok 1 first_hit 1 written_hist {8: 1} (9s; 56 done, 10s/thm, ETA 41 min)
d3req_56: n_ok 537/2000 distinct_ok 1 first_hit 1 written_hist {8: 1} (6s; 57 done, 10s/thm, ETA 40 min)
d3req_57: n_ok 0/2000 distinct_ok 0 first_hit None written_hist {} (6s; 58 done, 10s/thm, ETA 40 min)
d3req_58: n_ok 3/2000 distinct_ok 1 first_hit 188 written_hist {8: 1} (11s; 59 done, 10s/thm, ETA 40 min)
d3req_59: n_ok 406/2000 distinct_ok 1 first_hit 2 written_hist {8: 1} (9s; 60 done, 10s/thm, ETA 39 min)
d3req_60: n_ok 1867/2000 distinct_ok 2 first_hit 1 written_hist {8: 2} (10s; 61 done, 10s/thm, ETA 39 min)
d3req_61: n_ok 1052/2000 distinct_ok 2 first_hit 1 written_hist {8: 2} (21s; 62 done, 10s/thm, ETA 40 min)
d3req_62: n_ok 340/2000 distinct_ok 1 first_hit 1 written_hist {8: 1} (10s; 63 done, 10s/thm, ETA 40 min)
d3req_63: n_ok 604/2000 distinct_ok 1 first_hit 2 written_hist {8: 1} (7s; 64 done, 10s/thm, ETA 39 min)
d3req_64: n_ok 0/2000 distinct_ok 0 first_hit None written_hist {} (10s; 65 done, 10s/thm, ETA 39 min)
d3req_65: n_ok 753/2000 distinct_ok 1 first_hit 2 written_hist {8: 1} (7s; 66 done, 10s/thm, ETA 39 min)
d3req_66: n_ok 3/2000 distinct_ok 1 first_hit 983 written_hist {8: 1} (7s; 67 done, 10s/thm, ETA 38 min)
d3req_67: n_ok 0/2000 distinct_ok 0 first_hit None written_hist {} (6s; 68 done, 10s/thm, ETA 38 min)
d3req_68: n_ok 811/2000 distinct_ok 4 first_hit 1 written_hist {8: 4} (5s; 69 done, 10s/thm, ETA 38 min)
d3req_69: n_ok 595/2000 distinct_ok 2 first_hit 6 written_hist {8: 1, 9: 1} (14s; 70 done, 10s/thm, ETA 38 min)
d3req_70: n_ok 9/2000 distinct_ok 1 first_hit 154 written_hist {8: 1} (9s; 71 done, 10s/thm, ETA 38 min)
d3req_71: n_ok 429/2000 distinct_ok 1 first_hit 5 written_hist {8: 1} (8s; 72 done, 10s/thm, ETA 37 min)
d3req_72: n_ok 1742/2000 distinct_ok 1 first_hit 1 written_hist {8: 1} (10s; 73 done, 10s/thm, ETA 37 min)
d3req_73: n_ok 1443/2000 distinct_ok 1 first_hit 2 written_hist {8: 1} (10s; 74 done, 10s/thm, ETA 37 min)
d3req_74: n_ok 258/2000 distinct_ok 2 first_hit 1 written_hist {8: 2} (8s; 75 done, 10s/thm, ETA 37 min)
d3req_75: n_ok 551/2000 distinct_ok 9 first_hit 1 written_hist {8: 9} (7s; 76 done, 10s/thm, ETA 36 min)
d3req_76: n_ok 1201/2000 distinct_ok 1 first_hit 5 written_hist {8: 1} (17s; 77 done, 10s/thm, ETA 37 min)
d3req_77: n_ok 1742/2000 distinct_ok 1 first_hit 1 written_hist {8: 1} (10s; 78 done, 10s/thm, ETA 36 min)
d3req_78: n_ok 1827/2000 distinct_ok 1 first_hit 2 written_hist {8: 1} (9s; 79 done, 10s/thm, ETA 36 min)
d3req_79: n_ok 8/2000 distinct_ok 1 first_hit 152 written_hist {8: 1} (8s; 80 done, 10s/thm, ETA 36 min)
d3req_80: n_ok 53/2000 distinct_ok 2 first_hit 19 written_hist {8: 2} (6s; 81 done, 10s/thm, ETA 36 min)
d3req_81: n_ok 1692/2000 distinct_ok 2 first_hit 1 written_hist {8: 2} (10s; 82 done, 10s/thm, ETA 35 min)
d3req_82: n_ok 0/2000 distinct_ok 0 first_hit None written_hist {} (11s; 83 done, 10s/thm, ETA 35 min)
d3req_83: n_ok 0/2000 distinct_ok 0 first_hit None written_hist {} (9s; 84 done, 10s/thm, ETA 35 min)
d3req_84: n_ok 1156/2000 distinct_ok 2 first_hit 1 written_hist {8: 2} (9s; 85 done, 10s/thm, ETA 35 min)
d3req_85: n_ok 12/2000 distinct_ok 1 first_hit 93 written_hist {8: 1} (6s; 86 done, 10s/thm, ETA 35 min)
d3req_86: n_ok 0/2000 distinct_ok 0 first_hit None written_hist {} (9s; 87 done, 10s/thm, ETA 34 min)
d3req_87: n_ok 71/2000 distinct_ok 2 first_hit 56 written_hist {8: 2} (14s; 88 done, 10s/thm, ETA 35 min)
d3req_88: n_ok 0/2000 distinct_ok 0 first_hit None written_hist {} (6s; 89 done, 10s/thm, ETA 34 min)
d3req_89: n_ok 8/2000 distinct_ok 1 first_hit 58 written_hist {8: 1} (12s; 90 done, 10s/thm, ETA 34 min)
d3req_90: n_ok 603/2000 distinct_ok 1 first_hit 4 written_hist {8: 1} (10s; 91 done, 10s/thm, ETA 34 min)
d3req_91: n_ok 0/2000 distinct_ok 0 first_hit None written_hist {} (7s; 92 done, 10s/thm, ETA 34 min)
d3req_92: n_ok 1875/2000 distinct_ok 1 first_hit 1 written_hist {8: 1} (9s; 93 done, 10s/thm, ETA 34 min)
d3req_93: n_ok 121/2000 distinct_ok 1 first_hit 13 written_hist {8: 1} (4s; 94 done, 10s/thm, ETA 33 min)
d3req_94: n_ok 1428/2000 distinct_ok 1 first_hit 1 written_hist {8: 1} (7s; 95 done, 10s/thm, ETA 33 min)
d3req_95: n_ok 1565/2000 distinct_ok 2 first_hit 2 written_hist {8: 1, 9: 1} (9s; 96 done, 10s/thm, ETA 33 min)
d3req_96: n_ok 467/2000 distinct_ok 1 first_hit 3 written_hist {8: 1} (8s; 97 done, 10s/thm, ETA 33 min)
d3req_97: n_ok 0/2000 distinct_ok 0 first_hit None written_hist {} (8s; 98 done, 10s/thm, ETA 32 min)
d3req_98: n_ok 0/2000 distinct_ok 0 first_hit None written_hist {} (4s; 99 done, 10s/thm, ETA 32 min)
d3req_99: n_ok 1882/2000 distinct_ok 2 first_hit 1 written_hist {8: 1, 9: 1} (5s; 100 done, 9s/thm, ETA 32 min)
d3req_100: n_ok 126/2000 distinct_ok 1 first_hit 16 written_hist {8: 1} (6s; 101 done, 9s/thm, ETA 31 min)
d3req_101: n_ok 434/2000 distinct_ok 2 first_hit 1 written_hist {8: 2} (7s; 102 done, 9s/thm, ETA 31 min)
d3req_102: n_ok 1777/2000 distinct_ok 1 first_hit 1 written_hist {8: 1} (7s; 103 done, 9s/thm, ETA 31 min)
d3req_103: n_ok 1770/2000 distinct_ok 1 first_hit 2 written_hist {8: 1} (9s; 104 done, 9s/thm, ETA 31 min)
d3req_104: n_ok 1666/2000 distinct_ok 1 first_hit 1 written_hist {8: 1} (11s; 105 done, 9s/thm, ETA 31 min)
d3req_105: n_ok 912/2000 distinct_ok 3 first_hit 3 written_hist {8: 1, 9: 2} (15s; 106 done, 9s/thm, ETA 31 min)
d3req_106: n_ok 859/2000 distinct_ok 3 first_hit 5 written_hist {8: 3} (19s; 107 done, 10s/thm, ETA 31 min)
d3req_107: n_ok 506/2000 distinct_ok 1 first_hit 3 written_hist {8: 1} (39s; 108 done, 10s/thm, ETA 31 min)
d3req_108: n_ok 486/2000 distinct_ok 2 first_hit 7 written_hist {8: 2} (21s; 109 done, 10s/thm, ETA 32 min)
d3req_109: n_ok 1725/2000 distinct_ok 1 first_hit 1 written_hist {8: 1} (27s; 110 done, 10s/thm, ETA 32 min)
d3req_110: n_ok 1885/2000 distinct_ok 1 first_hit 1 written_hist {8: 1} (20s; 111 done, 10s/thm, ETA 32 min)
d3req_111: n_ok 1714/2000 distinct_ok 2 first_hit 1 written_hist {8: 2} (22s; 112 done, 10s/thm, ETA 32 min)
d3req_112: n_ok 1335/2000 distinct_ok 2 first_hit 6 written_hist {8: 1, 9: 1} (29s; 113 done, 10s/thm, ETA 33 min)
d3req_113: n_ok 871/2000 distinct_ok 1 first_hit 2 written_hist {8: 1} (22s; 114 done, 11s/thm, ETA 33 min)
d3req_114: n_ok 2/2000 distinct_ok 1 first_hit 474 written_hist {8: 1} (34s; 115 done, 11s/thm, ETA 33 min)
d3req_115: n_ok 1348/2000 distinct_ok 1 first_hit 2 written_hist {8: 1} (23s; 116 done, 11s/thm, ETA 33 min)
d3req_116: n_ok 660/2000 distinct_ok 1 first_hit 1 written_hist {8: 1} (40s; 117 done, 11s/thm, ETA 34 min)
d3req_117: n_ok 24/2000 distinct_ok 1 first_hit 31 written_hist {8: 1} (38s; 118 done, 11s/thm, ETA 34 min)
d3req_118: n_ok 1953/2000 distinct_ok 2 first_hit 1 written_hist {8: 2} (19s; 119 done, 11s/thm, ETA 34 min)
d3req_119: n_ok 0/2000 distinct_ok 0 first_hit None written_hist {} (25s; 120 done, 12s/thm, ETA 35 min)
d3req_120: n_ok 0/2000 distinct_ok 0 first_hit None written_hist {} (18s; 121 done, 12s/thm, ETA 35 min)
d3req_121: n_ok 273/2000 distinct_ok 1 first_hit 3 written_hist {8: 1} (19s; 122 done, 12s/thm, ETA 35 min)
d3req_122: n_ok 822/2000 distinct_ok 3 first_hit 1 written_hist {8: 3} (19s; 123 done, 12s/thm, ETA 34 min)
d3req_123: n_ok 1657/2000 distinct_ok 1 first_hit 1 written_hist {8: 1} (28s; 124 done, 12s/thm, ETA 35 min)
d3req_124: n_ok 919/2000 distinct_ok 1 first_hit 1 written_hist {8: 1} (41s; 125 done, 12s/thm, ETA 35 min)
d3req_125: n_ok 1434/2000 distinct_ok 1 first_hit 1 written_hist {8: 1} (22s; 126 done, 12s/thm, ETA 35 min)
d3req_126: n_ok 0/2000 distinct_ok 0 first_hit None written_hist {} (21s; 127 done, 12s/thm, ETA 35 min)
d3req_127: n_ok 1882/2000 distinct_ok 1 first_hit 1 written_hist {8: 1} (21s; 128 done, 12s/thm, ETA 35 min)
d3req_128: n_ok 3/2000 distinct_ok 1 first_hit 497 written_hist {8: 1} (20s; 129 done, 12s/thm, ETA 35 min)
d3req_129: n_ok 1637/2000 distinct_ok 1 first_hit 1 written_hist {8: 1} (29s; 130 done, 12s/thm, ETA 35 min)
d3req_130: n_ok 1/2000 distinct_ok 1 first_hit 1800 written_hist {8: 1} (20s; 131 done, 13s/thm, ETA 35 min)
d3req_131: n_ok 0/2000 distinct_ok 0 first_hit None written_hist {} (23s; 132 done, 13s/thm, ETA 35 min)
d3req_132: n_ok 1471/2000 distinct_ok 1 first_hit 2 written_hist {8: 1} (28s; 133 done, 13s/thm, ETA 35 min)
d3req_133: n_ok 3/2000 distinct_ok 1 first_hit 1065 written_hist {8: 1} (21s; 134 done, 13s/thm, ETA 35 min)
d3req_134: n_ok 1836/2000 distinct_ok 1 first_hit 1 written_hist {8: 1} (21s; 135 done, 13s/thm, ETA 35 min)
d3req_135: n_ok 23/2000 distinct_ok 1 first_hit 45 written_hist {8: 1} (25s; 136 done, 13s/thm, ETA 35 min)
d3req_136: n_ok 1/2000 distinct_ok 1 first_hit 1512 written_hist {8: 1} (27s; 137 done, 13s/thm, ETA 35 min)
d3req_137: n_ok 886/2000 distinct_ok 1 first_hit 4 written_hist {8: 1} (28s; 138 done, 13s/thm, ETA 35 min)
d3req_138: n_ok 1632/2000 distinct_ok 1 first_hit 1 written_hist {8: 1} (38s; 139 done, 13s/thm, ETA 36 min)
d3req_139: n_ok 1799/2000 distinct_ok 2 first_hit 1 written_hist {8: 2} (23s; 140 done, 13s/thm, ETA 36 min)
d3req_140: n_ok 3/2000 distinct_ok 1 first_hit 1617 written_hist {8: 1} (23s; 141 done, 13s/thm, ETA 36 min)
d3req_141: n_ok 659/2000 distinct_ok 3 first_hit 7 written_hist {8: 3} (20s; 142 done, 14s/thm, ETA 36 min)
d3req_142: n_ok 0/2000 distinct_ok 0 first_hit None written_hist {} (23s; 143 done, 14s/thm, ETA 36 min)
d3req_143: n_ok 0/2000 distinct_ok 0 first_hit None written_hist {} (21s; 144 done, 14s/thm, ETA 35 min)
d3req_144: n_ok 1440/2000 distinct_ok 1 first_hit 1 written_hist {8: 1} (22s; 145 done, 14s/thm, ETA 35 min)
d3req_145: n_ok 0/2000 distinct_ok 0 first_hit None written_hist {} (22s; 146 done, 14s/thm, ETA 35 min)
d3req_146: n_ok 0/2000 distinct_ok 0 first_hit None written_hist {} (27s; 147 done, 14s/thm, ETA 35 min)
d3req_147: n_ok 1/2000 distinct_ok 1 first_hit 1539 written_hist {8: 1} (31s; 148 done, 14s/thm, ETA 35 min)
d3req_148: n_ok 0/2000 distinct_ok 0 first_hit None written_hist {} (15s; 149 done, 14s/thm, ETA 35 min)
d3req_149: n_ok 1352/2000 distinct_ok 2 first_hit 1 written_hist {8: 2} (7s; 150 done, 14s/thm, ETA 35 min)
d3req_150: n_ok 11/2000 distinct_ok 2 first_hit 295 written_hist {8: 2} (19s; 151 done, 14s/thm, ETA 35 min)
d3req_151: n_ok 446/2000 distinct_ok 1 first_hit 2 written_hist {7: 1} (33s; 152 done, 14s/thm, ETA 35 min)
d3req_152: n_ok 0/2000 distinct_ok 0 first_hit None written_hist {} (18s; 153 done, 14s/thm, ETA 35 min)
d3req_153: n_ok 1908/2000 distinct_ok 1 first_hit 1 written_hist {8: 1} (11s; 154 done, 14s/thm, ETA 34 min)
d3req_154: n_ok 1356/2000 distinct_ok 1 first_hit 2 written_hist {8: 1} (10s; 155 done, 14s/thm, ETA 34 min)
d3req_155: n_ok 0/2000 distinct_ok 0 first_hit None written_hist {} (22s; 156 done, 14s/thm, ETA 34 min)
d3req_156: n_ok 1866/2000 distinct_ok 1 first_hit 1 written_hist {8: 1} (22s; 157 done, 14s/thm, ETA 34 min)
d3req_157: n_ok 0/2000 distinct_ok 0 first_hit None written_hist {} (12s; 158 done, 14s/thm, ETA 33 min)
d3req_158: n_ok 1610/2000 distinct_ok 1 first_hit 2 written_hist {8: 1} (18s; 159 done, 14s/thm, ETA 33 min)
d3req_159: n_ok 4/2000 distinct_ok 1 first_hit 1024 written_hist {8: 1} (11s; 160 done, 14s/thm, ETA 33 min)
d3req_160: n_ok 1800/2000 distinct_ok 1 first_hit 1 written_hist {8: 1} (17s; 161 done, 14s/thm, ETA 33 min)
d3req_161: n_ok 1273/2000 distinct_ok 2 first_hit 2 written_hist {8: 2} (14s; 162 done, 14s/thm, ETA 33 min)
d3req_162: n_ok 240/2000 distinct_ok 1 first_hit 2 written_hist {8: 1} (11s; 163 done, 14s/thm, ETA 32 min)
d3req_163: n_ok 845/2000 distinct_ok 1 first_hit 1 written_hist {8: 1} (16s; 164 done, 14s/thm, ETA 32 min)
d3req_164: n_ok 0/2000 distinct_ok 0 first_hit None written_hist {} (12s; 165 done, 14s/thm, ETA 32 min)
d3req_165: n_ok 2/2000 distinct_ok 1 first_hit 1080 written_hist {8: 1} (18s; 166 done, 14s/thm, ETA 32 min)
d3req_166: n_ok 1/2000 distinct_ok 1 first_hit 845 written_hist {8: 1} (14s; 167 done, 14s/thm, ETA 31 min)
d3req_167: n_ok 1118/2000 distinct_ok 1 first_hit 1 written_hist {8: 1} (16s; 168 done, 14s/thm, ETA 31 min)
d3req_168: n_ok 1710/2000 distinct_ok 1 first_hit 1 written_hist {8: 1} (19s; 169 done, 14s/thm, ETA 31 min)
d3req_169: n_ok 0/2000 distinct_ok 0 first_hit None written_hist {} (12s; 170 done, 14s/thm, ETA 31 min)
d3req_170: n_ok 0/2000 distinct_ok 0 first_hit None written_hist {} (15s; 171 done, 14s/thm, ETA 30 min)
d3req_171: n_ok 1346/2000 distinct_ok 1 first_hit 2 written_hist {8: 1} (24s; 172 done, 14s/thm, ETA 30 min)
d3req_172: n_ok 0/2000 distinct_ok 0 first_hit None written_hist {} (29s; 173 done, 14s/thm, ETA 30 min)
d3req_173: n_ok 1879/2000 distinct_ok 1 first_hit 1 written_hist {8: 1} (19s; 174 done, 14s/thm, ETA 30 min)
d3req_174: n_ok 1079/2000 distinct_ok 1 first_hit 1 written_hist {8: 1} (19s; 175 done, 14s/thm, ETA 30 min)
d3req_175: n_ok 1825/2000 distinct_ok 1 first_hit 1 written_hist {8: 1} (15s; 176 done, 14s/thm, ETA 30 min)
d3req_176: n_ok 0/2000 distinct_ok 0 first_hit None written_hist {} (17s; 177 done, 14s/thm, ETA 30 min)
d3req_177: n_ok 823/2000 distinct_ok 1 first_hit 1 written_hist {8: 1} (18s; 178 done, 14s/thm, ETA 29 min)
d3req_178: n_ok 6/2000 distinct_ok 1 first_hit 282 written_hist {8: 1} (20s; 179 done, 14s/thm, ETA 29 min)
d3req_179: n_ok 2/2000 distinct_ok 1 first_hit 342 written_hist {8: 1} (14s; 180 done, 14s/thm, ETA 29 min)
d3req_180: n_ok 1784/2000 distinct_ok 1 first_hit 1 written_hist {8: 1} (20s; 181 done, 14s/thm, ETA 29 min)
d3req_181: n_ok 564/2000 distinct_ok 1 first_hit 1 written_hist {8: 1} (19s; 182 done, 15s/thm, ETA 29 min)
d3req_182: n_ok 1000/2000 distinct_ok 2 first_hit 3 written_hist {8: 2} (15s; 183 done, 15s/thm, ETA 28 min)
d3req_183: n_ok 1/2000 distinct_ok 1 first_hit 1204 written_hist {8: 1} (16s; 184 done, 15s/thm, ETA 28 min)
d3req_184: n_ok 636/2000 distinct_ok 1 first_hit 6 written_hist {8: 1} (17s; 185 done, 15s/thm, ETA 28 min)
d3req_185: n_ok 1345/2000 distinct_ok 1 first_hit 1 written_hist {8: 1} (31s; 186 done, 15s/thm, ETA 28 min)
d3req_186: n_ok 201/2000 distinct_ok 1 first_hit 9 written_hist {8: 1} (18s; 187 done, 15s/thm, ETA 28 min)
d3req_187: n_ok 161/2000 distinct_ok 3 first_hit 70 written_hist {8: 3} (18s; 188 done, 15s/thm, ETA 27 min)
d3req_188: n_ok 1342/2000 distinct_ok 1 first_hit 1 written_hist {8: 1} (15s; 189 done, 15s/thm, ETA 27 min)
d3req_189: n_ok 1040/2000 distinct_ok 1 first_hit 1 written_hist {8: 1} (18s; 190 done, 15s/thm, ETA 27 min)
d3req_190: n_ok 1384/2000 distinct_ok 2 first_hit 1 written_hist {8: 2} (19s; 191 done, 15s/thm, ETA 27 min)
d3req_191: n_ok 121/2000 distinct_ok 2 first_hit 78 written_hist {8: 2} (13s; 192 done, 15s/thm, ETA 26 min)
d3req_192: n_ok 1483/2000 distinct_ok 1 first_hit 1 written_hist {8: 1} (16s; 193 done, 15s/thm, ETA 26 min)
d3req_193: n_ok 760/2000 distinct_ok 1 first_hit 1 written_hist {8: 1} (19s; 194 done, 15s/thm, ETA 26 min)
d3req_194: n_ok 1696/2000 distinct_ok 1 first_hit 1 written_hist {8: 1} (20s; 195 done, 15s/thm, ETA 26 min)
d3req_195: n_ok 0/2000 distinct_ok 0 first_hit None written_hist {} (16s; 196 done, 15s/thm, ETA 26 min)
d3req_196: n_ok 1362/2000 distinct_ok 1 first_hit 1 written_hist {8: 1} (26s; 197 done, 15s/thm, ETA 25 min)
d3req_197: n_ok 910/2000 distinct_ok 1 first_hit 1 written_hist {7: 1} (22s; 198 done, 15s/thm, ETA 25 min)
d3req_198: n_ok 1945/2000 distinct_ok 2 first_hit 1 written_hist {8: 2} (16s; 199 done, 15s/thm, ETA 25 min)
d3req_199: n_ok 1178/2000 distinct_ok 1 first_hit 2 written_hist {8: 1} (24s; 200 done, 15s/thm, ETA 25 min)
d3req_200: n_ok 1566/2000 distinct_ok 2 first_hit 1 written_hist {8: 2} (23s; 201 done, 15s/thm, ETA 25 min)
d3req_201: n_ok 92/2000 distinct_ok 1 first_hit 24 written_hist {8: 1} (28s; 202 done, 15s/thm, ETA 24 min)
d3req_202: n_ok 1303/2000 distinct_ok 2 first_hit 2 written_hist {8: 2} (33s; 203 done, 15s/thm, ETA 24 min)
d3req_203: n_ok 1038/2000 distinct_ok 1 first_hit 1 written_hist {8: 1} (30s; 204 done, 15s/thm, ETA 24 min)
d3req_204: n_ok 1530/2000 distinct_ok 1 first_hit 1 written_hist {7: 1} (34s; 205 done, 15s/thm, ETA 24 min)
d3req_205: n_ok 0/2000 distinct_ok 0 first_hit None written_hist {} (26s; 206 done, 15s/thm, ETA 24 min)
d3req_206: n_ok 0/2000 distinct_ok 0 first_hit None written_hist {} (32s; 207 done, 15s/thm, ETA 24 min)
d3req_207: n_ok 183/2000 distinct_ok 1 first_hit 7 written_hist {8: 1} (30s; 208 done, 15s/thm, ETA 24 min)
d3req_208: n_ok 1594/2000 distinct_ok 1 first_hit 1 written_hist {8: 1} (49s; 209 done, 16s/thm, ETA 24 min)
d3req_209: n_ok 1188/2000 distinct_ok 1 first_hit 2 written_hist {8: 1} (56s; 210 done, 16s/thm, ETA 24 min)
d3req_210: n_ok 1200/2000 distinct_ok 1 first_hit 4 written_hist {8: 1} (33s; 211 done, 16s/thm, ETA 24 min)
d3req_211: n_ok 782/2000 distinct_ok 1 first_hit 1 written_hist {8: 1} (36s; 212 done, 16s/thm, ETA 23 min)
d3req_212: n_ok 1106/2000 distinct_ok 1 first_hit 2 written_hist {8: 1} (32s; 213 done, 16s/thm, ETA 23 min)
d3req_213: n_ok 0/2000 distinct_ok 0 first_hit None written_hist {} (40s; 214 done, 16s/thm, ETA 23 min)
d3req_214: n_ok 105/2000 distinct_ok 1 first_hit 8 written_hist {8: 1} (34s; 215 done, 16s/thm, ETA 23 min)
d3req_215: n_ok 817/2000 distinct_ok 1 first_hit 1 written_hist {8: 1} (60s; 216 done, 16s/thm, ETA 23 min)
d3req_216: n_ok 13/2000 distinct_ok 2 first_hit 85 written_hist {8: 2} (28s; 217 done, 16s/thm, ETA 23 min)
d3req_217: n_ok 0/2000 distinct_ok 0 first_hit None written_hist {} (34s; 218 done, 17s/thm, ETA 23 min)
d3req_218: n_ok 37/2000 distinct_ok 3 first_hit 79 written_hist {8: 3} (26s; 219 done, 17s/thm, ETA 22 min)
d3req_219: n_ok 1772/2000 distinct_ok 1 first_hit 1 written_hist {8: 1} (35s; 220 done, 17s/thm, ETA 22 min)
d3req_220: n_ok 1321/2000 distinct_ok 1 first_hit 2 written_hist {8: 1} (44s; 221 done, 17s/thm, ETA 22 min)
d3req_221: n_ok 2/2000 distinct_ok 2 first_hit 1351 written_hist {8: 2} (62s; 222 done, 17s/thm, ETA 22 min)
d3req_222: n_ok 11/2000 distinct_ok 1 first_hit 135 written_hist {8: 1} (67s; 223 done, 17s/thm, ETA 22 min)
d3req_223: n_ok 0/2000 distinct_ok 0 first_hit None written_hist {} (62s; 224 done, 17s/thm, ETA 22 min)
d3req_224: n_ok 0/2000 distinct_ok 0 first_hit None written_hist {} (68s; 225 done, 18s/thm, ETA 22 min)
d3req_225: n_ok 12/2000 distinct_ok 1 first_hit 4 written_hist {8: 1} (71s; 226 done, 18s/thm, ETA 22 min)
d3req_226: n_ok 0/2000 distinct_ok 0 first_hit None written_hist {} (57s; 227 done, 18s/thm, ETA 22 min)
d3req_227: n_ok 421/2000 distinct_ok 1 first_hit 8 written_hist {8: 1} (58s; 228 done, 18s/thm, ETA 22 min)
d3req_228: n_ok 1/2000 distinct_ok 1 first_hit 1477 written_hist {8: 1} (109s; 229 done, 19s/thm, ETA 22 min)
d3req_229: n_ok 231/2000 distinct_ok 1 first_hit 4 written_hist {8: 1} (57s; 230 done, 19s/thm, ETA 22 min)
d3req_230: n_ok 0/2000 distinct_ok 0 first_hit None written_hist {} (56s; 231 done, 19s/thm, ETA 22 min)
d3req_231: n_ok 1648/2000 distinct_ok 1 first_hit 1 written_hist {8: 1} (76s; 232 done, 19s/thm, ETA 22 min)
d3req_232: n_ok 1892/2000 distinct_ok 2 first_hit 1 written_hist {8: 2} (44s; 233 done, 19s/thm, ETA 22 min)
d3req_233: n_ok 1186/2000 distinct_ok 1 first_hit 1 written_hist {8: 1} (33s; 234 done, 19s/thm, ETA 21 min)
d3req_234: n_ok 1564/2000 distinct_ok 2 first_hit 1 written_hist {8: 2} (48s; 235 done, 20s/thm, ETA 21 min)
d3req_235: n_ok 1738/2000 distinct_ok 1 first_hit 1 written_hist {8: 1} (58s; 236 done, 20s/thm, ETA 21 min)
d3req_236: n_ok 0/2000 distinct_ok 0 first_hit None written_hist {} (18s; 237 done, 20s/thm, ETA 21 min)
d3req_237: n_ok 0/2000 distinct_ok 0 first_hit None written_hist {} (9s; 238 done, 20s/thm, ETA 20 min)
d3req_238: n_ok 0/2000 distinct_ok 0 first_hit None written_hist {} (16s; 239 done, 20s/thm, ETA 20 min)
d3req_239: n_ok 0/2000 distinct_ok 0 first_hit None written_hist {} (5s; 240 done, 20s/thm, ETA 20 min)
d3req_240: n_ok 387/2000 distinct_ok 2 first_hit 4 written_hist {8: 2} (11s; 241 done, 20s/thm, ETA 19 min)
d3req_241: n_ok 29/2000 distinct_ok 1 first_hit 131 written_hist {8: 1} (9s; 242 done, 19s/thm, ETA 19 min)
d3req_242: n_ok 1/2000 distinct_ok 1 first_hit 883 written_hist {8: 1} (4s; 243 done, 19s/thm, ETA 18 min)
