START 2026-09-24T16:14:43Z until [ -f artifacts/nf/cov_red_p1_s1.done ]; do sleep 30; done; python3 coverage.py --k 2000 --temperature 0.8 --seed 0 --batch 1000 --procs 2 --ckpt ckpts/nf/stage1_p1_s1.pt --in data/r3_1/depth3_req.jsonl --out artifacts/nf/cov_req8_p1_s1
shard 0/1: 300 theorems, 0 already done; k=2000 T=0.8 batch=1000
d3req_0: n_ok 42/2000 distinct_ok 1 first_hit 2 written_hist {8: 1} (7s; 1 done, 7s/thm, ETA 33 min)
d3req_1: n_ok 178/2000 distinct_ok 2 first_hit 11 written_hist {8: 2} (10s; 2 done, 8s/thm, ETA 40 min)
d3req_2: n_ok 897/2000 distinct_ok 1 first_hit 1 written_hist {8: 1} (10s; 3 done, 9s/thm, ETA 43 min)
d3req_3: n_ok 792/2000 distinct_ok 1 first_hit 3 written_hist {8: 1} (11s; 4 done, 9s/thm, ETA 45 min)
d3req_4: n_ok 1410/2000 distinct_ok 3 first_hit 1 written_hist {8: 3} (7s; 5 done, 9s/thm, ETA 43 min)
d3req_5: n_ok 961/2000 distinct_ok 1 first_hit 3 written_hist {8: 1} (7s; 6 done, 8s/thm, ETA 42 min)
d3req_6: n_ok 693/2000 distinct_ok 1 first_hit 1 written_hist {8: 1} (9s; 7 done, 9s/thm, ETA 42 min)
d3req_7: n_ok 0/2000 distinct_ok 0 first_hit None written_hist {} (12s; 8 done, 9s/thm, ETA 44 min)
d3req_8: n_ok 1253/2000 distinct_ok 1 first_hit 3 written_hist {8: 1} (11s; 9 done, 9s/thm, ETA 45 min)
d3req_9: n_ok 0/2000 distinct_ok 0 first_hit None written_hist {} (7s; 10 done, 9s/thm, ETA 44 min)
d3req_10: n_ok 0/2000 distinct_ok 0 first_hit None written_hist {} (10s; 11 done, 9s/thm, ETA 44 min)
d3req_11: n_ok 173/2000 distinct_ok 2 first_hit 4 written_hist {8: 2} (11s; 12 done, 9s/thm, ETA 45 min)
d3req_12: n_ok 617/2000 distinct_ok 1 first_hit 2 written_hist {8: 1} (9s; 13 done, 9s/thm, ETA 45 min)
d3req_13: n_ok 288/2000 distinct_ok 1 first_hit 9 written_hist {8: 1} (8s; 14 done, 9s/thm, ETA 44 min)
d3req_14: n_ok 523/2000 distinct_ok 1 first_hit 4 written_hist {8: 1} (12s; 15 done, 9s/thm, ETA 45 min)
d3req_15: n_ok 0/2000 distinct_ok 0 first_hit None written_hist {} (7s; 16 done, 9s/thm, ETA 44 min)
d3req_16: n_ok 0/2000 distinct_ok 0 first_hit None written_hist {} (6s; 17 done, 9s/thm, ETA 43 min)
d3req_17: n_ok 1261/2000 distinct_ok 1 first_hit 2 written_hist {8: 1} (7s; 18 done, 9s/thm, ETA 42 min)
d3req_18: n_ok 0/2000 distinct_ok 0 first_hit None written_hist {} (8s; 19 done, 9s/thm, ETA 42 min)
d3req_19: n_ok 950/2000 distinct_ok 1 first_hit 4 written_hist {8: 1} (9s; 20 done, 9s/thm, ETA 42 min)
d3req_20: n_ok 0/2000 distinct_ok 0 first_hit None written_hist {} (9s; 21 done, 9s/thm, ETA 41 min)
d3req_21: n_ok 98/2000 distinct_ok 1 first_hit 9 written_hist {8: 1} (5s; 22 done, 9s/thm, ETA 41 min)
d3req_22: n_ok 557/2000 distinct_ok 1 first_hit 9 written_hist {8: 1} (11s; 23 done, 9s/thm, ETA 41 min)
d3req_23: n_ok 0/2000 distinct_ok 0 first_hit None written_hist {} (7s; 24 done, 9s/thm, ETA 40 min)
d3req_24: n_ok 0/2000 distinct_ok 0 first_hit None written_hist {} (7s; 25 done, 9s/thm, ETA 40 min)
d3req_25: n_ok 1410/2000 distinct_ok 2 first_hit 1 written_hist {8: 2} (8s; 26 done, 9s/thm, ETA 40 min)
d3req_26: n_ok 189/2000 distinct_ok 3 first_hit 17 written_hist {8: 3} (22s; 27 done, 9s/thm, ETA 42 min)
d3req_27: n_ok 0/2000 distinct_ok 0 first_hit None written_hist {} (11s; 28 done, 9s/thm, ETA 42 min)
d3req_28: n_ok 216/2000 distinct_ok 9 first_hit 2 written_hist {8: 9} (7s; 29 done, 9s/thm, ETA 41 min)
d3req_29: n_ok 8/2000 distinct_ok 2 first_hit 1 written_hist {8: 2} (8s; 30 done, 9s/thm, ETA 41 min)
d3req_30: n_ok 859/2000 distinct_ok 1 first_hit 1 written_hist {8: 1} (14s; 31 done, 9s/thm, ETA 42 min)
d3req_31: n_ok 516/2000 distinct_ok 1 first_hit 6 written_hist {8: 1} (19s; 32 done, 10s/thm, ETA 43 min)
d3req_32: n_ok 1562/2000 distinct_ok 1 first_hit 1 written_hist {8: 1} (11s; 33 done, 10s/thm, ETA 43 min)
d3req_33: n_ok 1615/2000 distinct_ok 1 first_hit 1 written_hist {8: 1} (12s; 34 done, 10s/thm, ETA 43 min)
d3req_34: n_ok 1249/2000 distinct_ok 3 first_hit 1 written_hist {8: 2, 9: 1} (9s; 35 done, 10s/thm, ETA 43 min)
d3req_35: n_ok 0/2000 distinct_ok 0 first_hit None written_hist {} (7s; 36 done, 10s/thm, ETA 42 min)
d3req_36: n_ok 783/2000 distinct_ok 1 first_hit 1 written_hist {8: 1} (7s; 37 done, 10s/thm, ETA 42 min)
d3req_37: n_ok 1550/2000 distinct_ok 1 first_hit 2 written_hist {8: 1} (8s; 38 done, 10s/thm, ETA 42 min)
d3req_38: n_ok 1431/2000 distinct_ok 1 first_hit 2 written_hist {8: 1} (12s; 39 done, 10s/thm, ETA 42 min)
d3req_39: n_ok 98/2000 distinct_ok 1 first_hit 12 written_hist {8: 1} (9s; 40 done, 10s/thm, ETA 41 min)
d3req_40: n_ok 12/2000 distinct_ok 2 first_hit 466 written_hist {8: 2} (8s; 41 done, 10s/thm, ETA 41 min)
d3req_41: n_ok 1534/2000 distinct_ok 1 first_hit 1 written_hist {7: 1} (7s; 42 done, 9s/thm, ETA 41 min)
d3req_42: n_ok 121/2000 distinct_ok 1 first_hit 55 written_hist {8: 1} (7s; 43 done, 9s/thm, ETA 40 min)
d3req_43: n_ok 10/2000 distinct_ok 1 first_hit 162 written_hist {8: 1} (9s; 44 done, 9s/thm, ETA 40 min)
d3req_44: n_ok 0/2000 distinct_ok 0 first_hit None written_hist {} (7s; 45 done, 9s/thm, ETA 40 min)
d3req_45: n_ok 1053/2000 distinct_ok 1 first_hit 1 written_hist {8: 1} (17s; 46 done, 9s/thm, ETA 40 min)
d3req_46: n_ok 351/2000 distinct_ok 3 first_hit 2 written_hist {8: 3} (9s; 47 done, 9s/thm, ETA 40 min)
d3req_47: n_ok 1458/2000 distinct_ok 1 first_hit 2 written_hist {8: 1} (9s; 48 done, 9s/thm, ETA 40 min)
d3req_48: n_ok 92/2000 distinct_ok 2 first_hit 15 written_hist {8: 2} (5s; 49 done, 9s/thm, ETA 39 min)
d3req_49: n_ok 29/2000 distinct_ok 1 first_hit 67 written_hist {8: 1} (9s; 50 done, 9s/thm, ETA 39 min)
d3req_50: n_ok 1355/2000 distinct_ok 1 first_hit 1 written_hist {8: 1} (7s; 51 done, 9s/thm, ETA 39 min)
d3req_51: n_ok 1538/2000 distinct_ok 1 first_hit 2 written_hist {8: 1} (8s; 52 done, 9s/thm, ETA 38 min)
d3req_52: n_ok 82/2000 distinct_ok 5 first_hit 12 written_hist {8: 5} (8s; 53 done, 9s/thm, ETA 38 min)
d3req_53: n_ok 1511/2000 distinct_ok 2 first_hit 1 written_hist {8: 2} (9s; 54 done, 9s/thm, ETA 38 min)
d3req_54: n_ok 0/2000 distinct_ok 0 first_hit None written_hist {} (9s; 55 done, 9s/thm, ETA 38 min)
d3req_55: n_ok 812/2000 distinct_ok 2 first_hit 2 written_hist {8: 1, 9: 1} (7s; 56 done, 9s/thm, ETA 37 min)
d3req_56: n_ok 418/2000 distinct_ok 1 first_hit 3 written_hist {8: 1} (8s; 57 done, 9s/thm, ETA 37 min)
d3req_57: n_ok 0/2000 distinct_ok 0 first_hit None written_hist {} (7s; 58 done, 9s/thm, ETA 37 min)
d3req_58: n_ok 35/2000 distinct_ok 2 first_hit 21 written_hist {8: 2} (10s; 59 done, 9s/thm, ETA 37 min)
d3req_59: n_ok 0/2000 distinct_ok 0 first_hit None written_hist {} (7s; 60 done, 9s/thm, ETA 37 min)
d3req_60: n_ok 436/2000 distinct_ok 2 first_hit 1 written_hist {8: 2} (14s; 61 done, 9s/thm, ETA 37 min)
d3req_61: n_ok 38/2000 distinct_ok 2 first_hit 128 written_hist {8: 2} (17s; 62 done, 9s/thm, ETA 37 min)
d3req_62: n_ok 101/2000 distinct_ok 1 first_hit 33 written_hist {8: 1} (9s; 63 done, 9s/thm, ETA 37 min)
d3req_63: n_ok 614/2000 distinct_ok 1 first_hit 1 written_hist {8: 1} (9s; 64 done, 9s/thm, ETA 37 min)
d3req_64: n_ok 720/2000 distinct_ok 4 first_hit 3 written_hist {8: 4} (8s; 65 done, 9s/thm, ETA 36 min)
d3req_65: n_ok 589/2000 distinct_ok 1 first_hit 2 written_hist {8: 1} (7s; 66 done, 9s/thm, ETA 36 min)
d3req_66: n_ok 0/2000 distinct_ok 0 first_hit None written_hist {} (6s; 67 done, 9s/thm, ETA 36 min)
d3req_67: n_ok 0/2000 distinct_ok 0 first_hit None written_hist {} (9s; 68 done, 9s/thm, ETA 36 min)
d3req_68: n_ok 167/2000 distinct_ok 4 first_hit 33 written_hist {8: 4} (8s; 69 done, 9s/thm, ETA 35 min)
d3req_69: n_ok 515/2000 distinct_ok 1 first_hit 2 written_hist {8: 1} (9s; 70 done, 9s/thm, ETA 35 min)
d3req_70: n_ok 216/2000 distinct_ok 2 first_hit 6 written_hist {8: 2} (8s; 71 done, 9s/thm, ETA 35 min)
d3req_71: n_ok 983/2000 distinct_ok 1 first_hit 1 written_hist {8: 1} (8s; 72 done, 9s/thm, ETA 35 min)
d3req_72: n_ok 1265/2000 distinct_ok 1 first_hit 1 written_hist {8: 1} (11s; 73 done, 9s/thm, ETA 35 min)
d3req_73: n_ok 394/2000 distinct_ok 1 first_hit 1 written_hist {8: 1} (8s; 74 done, 9s/thm, ETA 35 min)
d3req_74: n_ok 2/2000 distinct_ok 1 first_hit 15 written_hist {8: 1} (8s; 75 done, 9s/thm, ETA 34 min)
d3req_75: n_ok 369/2000 distinct_ok 9 first_hit 1 written_hist {8: 9} (6s; 76 done, 9s/thm, ETA 34 min)
d3req_76: n_ok 556/2000 distinct_ok 1 first_hit 2 written_hist {8: 1} (9s; 77 done, 9s/thm, ETA 34 min)
d3req_77: n_ok 974/2000 distinct_ok 1 first_hit 1 written_hist {8: 1} (7s; 78 done, 9s/thm, ETA 34 min)
d3req_78: n_ok 269/2000 distinct_ok 1 first_hit 4 written_hist {8: 1} (10s; 79 done, 9s/thm, ETA 34 min)
d3req_79: n_ok 358/2000 distinct_ok 1 first_hit 9 written_hist {8: 1} (7s; 80 done, 9s/thm, ETA 33 min)
d3req_80: n_ok 0/2000 distinct_ok 0 first_hit None written_hist {} (6s; 81 done, 9s/thm, ETA 33 min)
d3req_81: n_ok 1478/2000 distinct_ok 2 first_hit 1 written_hist {8: 2} (8s; 82 done, 9s/thm, ETA 33 min)
d3req_82: n_ok 0/2000 distinct_ok 0 first_hit None written_hist {} (7s; 83 done, 9s/thm, ETA 33 min)
d3req_83: n_ok 0/2000 distinct_ok 0 first_hit None written_hist {} (7s; 84 done, 9s/thm, ETA 32 min)
d3req_84: n_ok 1169/2000 distinct_ok 2 first_hit 1 written_hist {8: 2} (8s; 85 done, 9s/thm, ETA 32 min)
d3req_85: n_ok 281/2000 distinct_ok 1 first_hit 17 written_hist {8: 1} (8s; 86 done, 9s/thm, ETA 32 min)
d3req_86: n_ok 1127/2000 distinct_ok 2 first_hit 3 written_hist {8: 2} (10s; 87 done, 9s/thm, ETA 32 min)
d3req_87: n_ok 617/2000 distinct_ok 2 first_hit 8 written_hist {8: 2} (16s; 88 done, 9s/thm, ETA 32 min)
d3req_88: n_ok 0/2000 distinct_ok 0 first_hit None written_hist {} (9s; 89 done, 9s/thm, ETA 32 min)
d3req_89: n_ok 310/2000 distinct_ok 1 first_hit 13 written_hist {8: 1} (11s; 90 done, 9s/thm, ETA 32 min)
d3req_90: n_ok 22/2000 distinct_ok 1 first_hit 47 written_hist {8: 1} (10s; 91 done, 9s/thm, ETA 32 min)
d3req_91: n_ok 0/2000 distinct_ok 0 first_hit None written_hist {} (6s; 92 done, 9s/thm, ETA 31 min)
d3req_92: n_ok 615/2000 distinct_ok 1 first_hit 3 written_hist {8: 1} (9s; 93 done, 9s/thm, ETA 31 min)
d3req_93: n_ok 484/2000 distinct_ok 1 first_hit 4 written_hist {8: 1} (7s; 94 done, 9s/thm, ETA 31 min)
d3req_94: n_ok 203/2000 distinct_ok 1 first_hit 9 written_hist {8: 1} (7s; 95 done, 9s/thm, ETA 31 min)
d3req_95: n_ok 447/2000 distinct_ok 1 first_hit 2 written_hist {8: 1} (9s; 96 done, 9s/thm, ETA 31 min)
d3req_96: n_ok 668/2000 distinct_ok 1 first_hit 2 written_hist {8: 1} (11s; 97 done, 9s/thm, ETA 31 min)
d3req_97: n_ok 0/2000 distinct_ok 0 first_hit None written_hist {} (6s; 98 done, 9s/thm, ETA 30 min)
d3req_98: n_ok 4/2000 distinct_ok 1 first_hit 112 written_hist {8: 1} (5s; 99 done, 9s/thm, ETA 30 min)
d3req_99: n_ok 701/2000 distinct_ok 2 first_hit 3 written_hist {8: 2} (6s; 100 done, 9s/thm, ETA 30 min)
d3req_100: n_ok 1294/2000 distinct_ok 1 first_hit 1 written_hist {8: 1} (5s; 101 done, 9s/thm, ETA 29 min)
d3req_101: n_ok 11/2000 distinct_ok 2 first_hit 162 written_hist {8: 2} (10s; 102 done, 9s/thm, ETA 29 min)
d3req_102: n_ok 188/2000 distinct_ok 1 first_hit 5 written_hist {8: 1} (10s; 103 done, 9s/thm, ETA 29 min)
d3req_103: n_ok 1125/2000 distinct_ok 1 first_hit 1 written_hist {8: 1} (10s; 104 done, 9s/thm, ETA 29 min)
d3req_104: n_ok 225/2000 distinct_ok 1 first_hit 6 written_hist {8: 1} (14s; 105 done, 9s/thm, ETA 29 min)
d3req_105: n_ok 1003/2000 distinct_ok 1 first_hit 1 written_hist {8: 1} (11s; 106 done, 9s/thm, ETA 29 min)
d3req_106: n_ok 307/2000 distinct_ok 2 first_hit 15 written_hist {8: 2} (10s; 107 done, 9s/thm, ETA 29 min)
d3req_107: n_ok 0/2000 distinct_ok 0 first_hit None written_hist {} (16s; 108 done, 9s/thm, ETA 29 min)
d3req_108: n_ok 48/2000 distinct_ok 2 first_hit 122 written_hist {8: 2} (8s; 109 done, 9s/thm, ETA 29 min)
d3req_109: n_ok 84/2000 distinct_ok 1 first_hit 43 written_hist {8: 1} (14s; 110 done, 9s/thm, ETA 29 min)
d3req_110: n_ok 915/2000 distinct_ok 1 first_hit 2 written_hist {8: 1} (10s; 111 done, 9s/thm, ETA 29 min)
d3req_111: n_ok 1570/2000 distinct_ok 2 first_hit 1 written_hist {8: 2} (13s; 112 done, 9s/thm, ETA 29 min)
d3req_112: n_ok 537/2000 distinct_ok 1 first_hit 2 written_hist {8: 1} (17s; 113 done, 9s/thm, ETA 29 min)
d3req_113: n_ok 351/2000 distinct_ok 1 first_hit 3 written_hist {8: 1} (12s; 114 done, 9s/thm, ETA 29 min)
d3req_114: n_ok 822/2000 distinct_ok 2 first_hit 2 written_hist {8: 2} (15s; 115 done, 9s/thm, ETA 29 min)
d3req_115: n_ok 1454/2000 distinct_ok 3 first_hit 1 written_hist {8: 2, 9: 1} (14s; 116 done, 9s/thm, ETA 29 min)
d3req_116: n_ok 6/2000 distinct_ok 1 first_hit 682 written_hist {8: 1} (15s; 117 done, 9s/thm, ETA 29 min)
d3req_117: n_ok 521/2000 distinct_ok 2 first_hit 3 written_hist {8: 2} (14s; 118 done, 9s/thm, ETA 29 min)
d3req_118: n_ok 1005/2000 distinct_ok 2 first_hit 1 written_hist {8: 2} (11s; 119 done, 9s/thm, ETA 28 min)
d3req_119: n_ok 0/2000 distinct_ok 0 first_hit None written_hist {} (11s; 120 done, 9s/thm, ETA 28 min)
d3req_120: n_ok 56/2000 distinct_ok 1 first_hit 49 written_hist {8: 1} (12s; 121 done, 9s/thm, ETA 28 min)
d3req_121: n_ok 0/2000 distinct_ok 0 first_hit None written_hist {} (9s; 122 done, 9s/thm, ETA 28 min)
d3req_122: n_ok 150/2000 distinct_ok 3 first_hit 20 written_hist {8: 3} (11s; 123 done, 9s/thm, ETA 28 min)
d3req_123: n_ok 241/2000 distinct_ok 1 first_hit 5 written_hist {8: 1} (13s; 124 done, 9s/thm, ETA 28 min)
d3req_124: n_ok 693/2000 distinct_ok 1 first_hit 4 written_hist {8: 1} (16s; 125 done, 10s/thm, ETA 28 min)
d3req_125: n_ok 975/2000 distinct_ok 1 first_hit 3 written_hist {8: 1} (9s; 126 done, 10s/thm, ETA 28 min)
d3req_126: n_ok 0/2000 distinct_ok 0 first_hit None written_hist {} (11s; 127 done, 10s/thm, ETA 28 min)
d3req_127: n_ok 19/2000 distinct_ok 1 first_hit 22 written_hist {8: 1} (13s; 128 done, 10s/thm, ETA 27 min)
d3req_128: n_ok 0/2000 distinct_ok 0 first_hit None written_hist {} (8s; 129 done, 10s/thm, ETA 27 min)
d3req_129: n_ok 1108/2000 distinct_ok 1 first_hit 3 written_hist {8: 1} (12s; 130 done, 10s/thm, ETA 27 min)
d3req_130: n_ok 987/2000 distinct_ok 1 first_hit 1 written_hist {8: 1} (11s; 131 done, 10s/thm, ETA 27 min)
d3req_131: n_ok 16/2000 distinct_ok 2 first_hit 39 written_hist {8: 2} (9s; 132 done, 10s/thm, ETA 27 min)
d3req_132: n_ok 533/2000 distinct_ok 1 first_hit 4 written_hist {8: 1} (13s; 133 done, 10s/thm, ETA 27 min)
d3req_133: n_ok 227/2000 distinct_ok 1 first_hit 9 written_hist {8: 1} (9s; 134 done, 10s/thm, ETA 27 min)
d3req_134: n_ok 1700/2000 distinct_ok 1 first_hit 1 written_hist {8: 1} (12s; 135 done, 10s/thm, ETA 27 min)
d3req_135: n_ok 230/2000 distinct_ok 1 first_hit 15 written_hist {8: 1} (12s; 136 done, 10s/thm, ETA 26 min)
d3req_136: n_ok 3/2000 distinct_ok 2 first_hit 228 written_hist {8: 2} (14s; 137 done, 10s/thm, ETA 26 min)
d3req_137: n_ok 163/2000 distinct_ok 1 first_hit 15 written_hist {8: 1} (15s; 138 done, 10s/thm, ETA 26 min)
d3req_138: n_ok 718/2000 distinct_ok 1 first_hit 2 written_hist {8: 1} (10s; 139 done, 10s/thm, ETA 26 min)
d3req_139: n_ok 620/2000 distinct_ok 2 first_hit 1 written_hist {8: 2} (11s; 140 done, 10s/thm, ETA 26 min)
d3req_140: n_ok 7/2000 distinct_ok 2 first_hit 223 written_hist {8: 2} (15s; 141 done, 10s/thm, ETA 26 min)
d3req_141: n_ok 66/2000 distinct_ok 2 first_hit 74 written_hist {8: 2} (9s; 142 done, 10s/thm, ETA 26 min)
d3req_142: n_ok 0/2000 distinct_ok 0 first_hit None written_hist {} (16s; 143 done, 10s/thm, ETA 26 min)
d3req_143: n_ok 0/2000 distinct_ok 0 first_hit None written_hist {} (9s; 144 done, 10s/thm, ETA 25 min)
d3req_144: n_ok 674/2000 distinct_ok 1 first_hit 5 written_hist {8: 1} (13s; 145 done, 10s/thm, ETA 25 min)
d3req_145: n_ok 0/2000 distinct_ok 0 first_hit None written_hist {} (11s; 146 done, 10s/thm, ETA 25 min)
d3req_146: n_ok 11/2000 distinct_ok 2 first_hit 345 written_hist {8: 2} (13s; 147 done, 10s/thm, ETA 25 min)
d3req_147: n_ok 90/2000 distinct_ok 3 first_hit 22 written_hist {8: 3} (15s; 148 done, 10s/thm, ETA 25 min)
d3req_148: n_ok 0/2000 distinct_ok 0 first_hit None written_hist {} (28s; 149 done, 10s/thm, ETA 25 min)
d3req_149: n_ok 1346/2000 distinct_ok 2 first_hit 1 written_hist {8: 2} (13s; 150 done, 10s/thm, ETA 25 min)
d3req_150: n_ok 15/2000 distinct_ok 1 first_hit 45 written_hist {8: 1} (16s; 151 done, 10s/thm, ETA 25 min)
d3req_151: n_ok 311/2000 distinct_ok 1 first_hit 1 written_hist {7: 1} (18s; 152 done, 10s/thm, ETA 25 min)
d3req_152: n_ok 46/2000 distinct_ok 1 first_hit 99 written_hist {8: 1} (11s; 153 done, 10s/thm, ETA 25 min)
d3req_153: n_ok 341/2000 distinct_ok 1 first_hit 1 written_hist {8: 1} (13s; 154 done, 10s/thm, ETA 25 min)
d3req_154: n_ok 1812/2000 distinct_ok 1 first_hit 1 written_hist {8: 1} (16s; 155 done, 10s/thm, ETA 25 min)
d3req_155: n_ok 0/2000 distinct_ok 0 first_hit None written_hist {} (28s; 156 done, 10s/thm, ETA 25 min)
d3req_156: n_ok 1596/2000 distinct_ok 2 first_hit 1 written_hist {8: 2} (15s; 157 done, 10s/thm, ETA 25 min)
d3req_157: n_ok 56/2000 distinct_ok 1 first_hit 13 written_hist {8: 1} (10s; 158 done, 10s/thm, ETA 24 min)
d3req_158: n_ok 654/2000 distinct_ok 1 first_hit 6 written_hist {8: 1} (14s; 159 done, 10s/thm, ETA 24 min)
d3req_159: n_ok 0/2000 distinct_ok 0 first_hit None written_hist {} (18s; 160 done, 10s/thm, ETA 24 min)
d3req_160: n_ok 68/2000 distinct_ok 1 first_hit 72 written_hist {8: 1} (27s; 161 done, 11s/thm, ETA 24 min)
d3req_161: n_ok 825/2000 distinct_ok 2 first_hit 4 written_hist {8: 2} (25s; 162 done, 11s/thm, ETA 24 min)
d3req_162: n_ok 25/2000 distinct_ok 1 first_hit 139 written_hist {8: 1} (21s; 163 done, 11s/thm, ETA 24 min)
d3req_163: n_ok 157/2000 distinct_ok 1 first_hit 14 written_hist {8: 1} (23s; 164 done, 11s/thm, ETA 24 min)
d3req_164: n_ok 0/2000 distinct_ok 0 first_hit None written_hist {} (24s; 165 done, 11s/thm, ETA 24 min)
d3req_165: n_ok 0/2000 distinct_ok 0 first_hit None written_hist {} (27s; 166 done, 11s/thm, ETA 24 min)
d3req_166: n_ok 139/2000 distinct_ok 1 first_hit 48 written_hist {8: 1} (24s; 167 done, 11s/thm, ETA 24 min)
d3req_167: n_ok 390/2000 distinct_ok 1 first_hit 1 written_hist {8: 1} (28s; 168 done, 11s/thm, ETA 24 min)
d3req_168: n_ok 648/2000 distinct_ok 1 first_hit 1 written_hist {8: 1} (51s; 169 done, 11s/thm, ETA 25 min)
d3req_169: n_ok 277/2000 distinct_ok 1 first_hit 1 written_hist {8: 1} (26s; 170 done, 11s/thm, ETA 25 min)
d3req_170: n_ok 2/2000 distinct_ok 1 first_hit 1311 written_hist {9: 1} (29s; 171 done, 12s/thm, ETA 25 min)
d3req_171: n_ok 47/2000 distinct_ok 1 first_hit 1 written_hist {8: 1} (34s; 172 done, 12s/thm, ETA 25 min)
d3req_172: n_ok 0/2000 distinct_ok 0 first_hit None written_hist {} (51s; 173 done, 12s/thm, ETA 25 min)
d3req_173: n_ok 1578/2000 distinct_ok 2 first_hit 1 written_hist {8: 1, 9: 1} (29s; 174 done, 12s/thm, ETA 25 min)
d3req_174: n_ok 23/2000 distinct_ok 1 first_hit 81 written_hist {8: 1} (50s; 175 done, 12s/thm, ETA 25 min)
d3req_175: n_ok 1511/2000 distinct_ok 1 first_hit 1 written_hist {8: 1} (29s; 176 done, 12s/thm, ETA 25 min)
d3req_176: n_ok 0/2000 distinct_ok 0 first_hit None written_hist {} (31s; 177 done, 12s/thm, ETA 25 min)
d3req_177: n_ok 457/2000 distinct_ok 1 first_hit 3 written_hist {8: 1} (30s; 178 done, 12s/thm, ETA 25 min)
d3req_178: n_ok 1019/2000 distinct_ok 1 first_hit 3 written_hist {8: 1} (29s; 179 done, 13s/thm, ETA 25 min)
d3req_179: n_ok 17/2000 distinct_ok 1 first_hit 42 written_hist {8: 1} (39s; 180 done, 13s/thm, ETA 25 min)
d3req_180: n_ok 1732/2000 distinct_ok 1 first_hit 3 written_hist {8: 1} (57s; 181 done, 13s/thm, ETA 26 min)
d3req_181: n_ok 707/2000 distinct_ok 1 first_hit 3 written_hist {8: 1} (58s; 182 done, 13s/thm, ETA 26 min)
d3req_182: n_ok 992/2000 distinct_ok 3 first_hit 4 written_hist {8: 2, 9: 1} (61s; 183 done, 13s/thm, ETA 26 min)
d3req_183: n_ok 155/2000 distinct_ok 1 first_hit 51 written_hist {8: 1} (49s; 184 done, 14s/thm, ETA 26 min)
d3req_184: n_ok 31/2000 distinct_ok 1 first_hit 80 written_hist {8: 1} (50s; 185 done, 14s/thm, ETA 27 min)
d3req_185: n_ok 708/2000 distinct_ok 1 first_hit 4 written_hist {8: 1} (81s; 186 done, 14s/thm, ETA 27 min)
d3req_186: n_ok 1167/2000 distinct_ok 1 first_hit 1 written_hist {8: 1} (41s; 187 done, 14s/thm, ETA 27 min)
d3req_187: n_ok 1603/2000 distinct_ok 3 first_hit 1 written_hist {8: 3} (28s; 188 done, 14s/thm, ETA 27 min)
d3req_188: n_ok 711/2000 distinct_ok 1 first_hit 1 written_hist {8: 1} (25s; 189 done, 14s/thm, ETA 27 min)
d3req_189: n_ok 1414/2000 distinct_ok 1 first_hit 1 written_hist {8: 1} (25s; 190 done, 15s/thm, ETA 27 min)
d3req_190: n_ok 1154/2000 distinct_ok 4 first_hit 4 written_hist {8: 2, 9: 2} (26s; 191 done, 15s/thm, ETA 27 min)
d3req_191: n_ok 543/2000 distinct_ok 2 first_hit 3 written_hist {8: 2} (23s; 192 done, 15s/thm, ETA 26 min)
d3req_192: n_ok 576/2000 distinct_ok 2 first_hit 2 written_hist {8: 2} (26s; 193 done, 15s/thm, ETA 26 min)
d3req_193: n_ok 259/2000 distinct_ok 1 first_hit 19 written_hist {8: 1} (34s; 194 done, 15s/thm, ETA 26 min)
d3req_194: n_ok 259/2000 distinct_ok 1 first_hit 4 written_hist {8: 1} (31s; 195 done, 15s/thm, ETA 26 min)
d3req_195: n_ok 0/2000 distinct_ok 0 first_hit None written_hist {} (21s; 196 done, 15s/thm, ETA 26 min)
d3req_196: n_ok 34/2000 distinct_ok 1 first_hit 43 written_hist {8: 1} (28s; 197 done, 15s/thm, ETA 26 min)
d3req_197: n_ok 1784/2000 distinct_ok 1 first_hit 1 written_hist {7: 1} (17s; 198 done, 15s/thm, ETA 26 min)
d3req_198: n_ok 859/2000 distinct_ok 2 first_hit 1 written_hist {8: 2} (23s; 199 done, 15s/thm, ETA 25 min)
d3req_199: n_ok 551/2000 distinct_ok 1 first_hit 2 written_hist {8: 1} (46s; 200 done, 15s/thm, ETA 25 min)
d3req_200: n_ok 1324/2000 distinct_ok 2 first_hit 3 written_hist {8: 2} (29s; 201 done, 15s/thm, ETA 25 min)
d3req_201: n_ok 875/2000 distinct_ok 1 first_hit 4 written_hist {8: 1} (11s; 202 done, 15s/thm, ETA 25 min)
d3req_202: n_ok 1626/2000 distinct_ok 2 first_hit 1 written_hist {8: 2} (17s; 203 done, 15s/thm, ETA 25 min)
d3req_203: n_ok 1372/2000 distinct_ok 1 first_hit 1 written_hist {8: 1} (22s; 204 done, 15s/thm, ETA 24 min)
d3req_204: n_ok 1053/2000 distinct_ok 1 first_hit 2 written_hist {7: 1} (21s; 205 done, 15s/thm, ETA 24 min)
d3req_205: n_ok 24/2000 distinct_ok 1 first_hit 48 written_hist {8: 1} (18s; 206 done, 15s/thm, ETA 24 min)
d3req_206: n_ok 0/2000 distinct_ok 0 first_hit None written_hist {} (22s; 207 done, 15s/thm, ETA 24 min)
d3req_207: n_ok 33/2000 distinct_ok 1 first_hit 16 written_hist {8: 1} (18s; 208 done, 15s/thm, ETA 24 min)
d3req_208: n_ok 967/2000 distinct_ok 2 first_hit 3 written_hist {8: 1, 9: 1} (38s; 209 done, 15s/thm, ETA 23 min)
d3req_209: n_ok 411/2000 distinct_ok 1 first_hit 1 written_hist {8: 1} (24s; 210 done, 16s/thm, ETA 23 min)
d3req_210: n_ok 678/2000 distinct_ok 1 first_hit 5 written_hist {8: 1} (25s; 211 done, 16s/thm, ETA 23 min)
d3req_211: n_ok 1860/2000 distinct_ok 1 first_hit 1 written_hist {8: 1} (24s; 212 done, 16s/thm, ETA 23 min)
d3req_212: n_ok 832/2000 distinct_ok 1 first_hit 1 written_hist {8: 1} (21s; 213 done, 16s/thm, ETA 23 min)
d3req_213: n_ok 0/2000 distinct_ok 0 first_hit None written_hist {} (25s; 214 done, 16s/thm, ETA 22 min)
d3req_214: n_ok 109/2000 distinct_ok 1 first_hit 14 written_hist {8: 1} (23s; 215 done, 16s/thm, ETA 22 min)
d3req_215: n_ok 1/2000 distinct_ok 1 first_hit 1747 written_hist {8: 1} (35s; 216 done, 16s/thm, ETA 22 min)
d3req_216: n_ok 756/2000 distinct_ok 2 first_hit 6 written_hist {8: 2} (21s; 217 done, 16s/thm, ETA 22 min)
d3req_217: n_ok 0/2000 distinct_ok 0 first_hit None written_hist {} (21s; 218 done, 16s/thm, ETA 22 min)
d3req_218: n_ok 117/2000 distinct_ok 2 first_hit 12 written_hist {8: 2} (22s; 219 done, 16s/thm, ETA 21 min)
d3req_219: n_ok 1422/2000 distinct_ok 2 first_hit 1 written_hist {8: 2} (23s; 220 done, 16s/thm, ETA 21 min)
d3req_220: n_ok 83/2000 distinct_ok 1 first_hit 7 written_hist {8: 1} (21s; 221 done, 16s/thm, ETA 21 min)
d3req_221: n_ok 15/2000 distinct_ok 3 first_hit 207 written_hist {8: 3} (23s; 222 done, 16s/thm, ETA 21 min)
d3req_222: n_ok 64/2000 distinct_ok 1 first_hit 28 written_hist {8: 1} (26s; 223 done, 16s/thm, ETA 21 min)
d3req_223: n_ok 0/2000 distinct_ok 0 first_hit None written_hist {} (39s; 224 done, 16s/thm, ETA 20 min)
d3req_224: n_ok 1/2000 distinct_ok 1 first_hit 1286 written_hist {8: 1} (32s; 225 done, 16s/thm, ETA 20 min)
d3req_225: n_ok 3/2000 distinct_ok 1 first_hit 218 written_hist {8: 1} (4s; 226 done, 16s/thm, ETA 20 min)
d3req_226: n_ok 0/2000 distinct_ok 0 first_hit None written_hist {} (3s; 227 done, 16s/thm, ETA 20 min)
d3req_227: n_ok 539/2000 distinct_ok 1 first_hit 6 written_hist {8: 1} (3s; 228 done, 16s/thm, ETA 19 min)
d3req_228: n_ok 0/2000 distinct_ok 0 first_hit None written_hist {} (10s; 229 done, 16s/thm, ETA 19 min)
d3req_229: n_ok 823/2000 distinct_ok 1 first_hit 1 written_hist {8: 1} (4s; 230 done, 16s/thm, ETA 19 min)
d3req_230: n_ok 0/2000 distinct_ok 0 first_hit None written_hist {} (3s; 231 done, 16s/thm, ETA 18 min)
d3req_231: n_ok 720/2000 distinct_ok 1 first_hit 1 written_hist {8: 1} (6s; 232 done, 16s/thm, ETA 18 min)
d3req_232: n_ok 66/2000 distinct_ok 2 first_hit 9 written_hist {8: 2} (5s; 233 done, 16s/thm, ETA 18 min)
d3req_233: n_ok 53/2000 distinct_ok 1 first_hit 157 written_hist {8: 1} (5s; 234 done, 16s/thm, ETA 17 min)
d3req_234: n_ok 1254/2000 distinct_ok 2 first_hit 2 written_hist {8: 2} (5s; 235 done, 16s/thm, ETA 17 min)
d3req_235: n_ok 1169/2000 distinct_ok 1 first_hit 1 written_hist {8: 1} (6s; 236 done, 16s/thm, ETA 17 min)
d3req_236: n_ok 0/2000 distinct_ok 0 first_hit None written_hist {} (11s; 237 done, 16s/thm, ETA 16 min)
d3req_237: n_ok 360/2000 distinct_ok 1 first_hit 5 written_hist {8: 1} (4s; 238 done, 16s/thm, ETA 16 min)
d3req_238: n_ok 0/2000 distinct_ok 0 first_hit None written_hist {} (10s; 239 done, 16s/thm, ETA 16 min)
d3req_239: n_ok 0/2000 distinct_ok 0 first_hit None written_hist {} (3s; 240 done, 16s/thm, ETA 16 min)
d3req_240: n_ok 56/2000 distinct_ok 2 first_hit 59 written_hist {8: 2} (4s; 241 done, 15s/thm, ETA 15 min)
d3req_241: n_ok 112/2000 distinct_ok 1 first_hit 23 written_hist {8: 1} (5s; 242 done, 15s/thm, ETA 15 min)
d3req_242: n_ok 7/2000 distinct_ok 1 first_hit 338 written_hist {8: 1} (3s; 243 done, 15s/thm, ETA 15 min)
d3req_243: n_ok 0/2000 distinct_ok 0 first_hit None written_hist {} (3s; 244 done, 15s/thm, ETA 14 min)
d3req_244: n_ok 0/2000 distinct_ok 0 first_hit None written_hist {} (6s; 245 done, 15s/thm, ETA 14 min)
d3req_245: n_ok 66/2000 distinct_ok 1 first_hit 68 written_hist {8: 1} (3s; 246 done, 15s/thm, ETA 14 min)
d3req_246: n_ok 450/2000 distinct_ok 1 first_hit 4 written_hist {8: 1} (5s; 247 done, 15s/thm, ETA 13 min)
d3req_247: n_ok 229/2000 distinct_ok 1 first_hit 19 written_hist {8: 1} (6s; 248 done, 15s/thm, ETA 13 min)
d3req_248: n_ok 1181/2000 distinct_ok 1 first_hit 1 written_hist {8: 1} (5s; 249 done, 15s/thm, ETA 13 min)
d3req_249: n_ok 1003/2000 distinct_ok 1 first_hit 1 written_hist {8: 1} (5s; 250 done, 15s/thm, ETA 13 min)
d3req_250: n_ok 843/2000 distinct_ok 1 first_hit 2 written_hist {8: 1} (8s; 251 done, 15s/thm, ETA 12 min)
d3req_251: n_ok 0/2000 distinct_ok 0 first_hit None written_hist {} (8s; 252 done, 15s/thm, ETA 12 min)
d3req_252: n_ok 31/2000 distinct_ok 1 first_hit 47 written_hist {8: 1} (4s; 253 done, 15s/thm, ETA 12 min)
d3req_253: n_ok 968/2000 distinct_ok 1 first_hit 1 written_hist {8: 1} (10s; 254 done, 15s/thm, ETA 11 min)
d3req_254: n_ok 122/2000 distinct_ok 1 first_hit 8 written_hist {8: 1} (3s; 255 done, 15s/thm, ETA 11 min)
d3req_255: n_ok 1147/2000 distinct_ok 3 first_hit 3 written_hist {8: 3} (5s; 256 done, 15s/thm, ETA 11 min)
d3req_256: n_ok 0/2000 distinct_ok 0 first_hit None written_hist {} (5s; 257 done, 15s/thm, ETA 11 min)
d3req_257: n_ok 22/2000 distinct_ok 1 first_hit 13 written_hist {8: 1} (3s; 258 done, 15s/thm, ETA 10 min)
d3req_258: n_ok 0/2000 distinct_ok 0 first_hit None written_hist {} (3s; 259 done, 15s/thm, ETA 10 min)
d3req_259: n_ok 304/2000 distinct_ok 2 first_hit 17 written_hist {8: 2} (7s; 260 done, 15s/thm, ETA 10 min)
d3req_260: n_ok 4/2000 distinct_ok 1 first_hit 717 written_hist {8: 1} (6s; 261 done, 15s/thm, ETA 10 min)
d3req_261: n_ok 882/2000 distinct_ok 1 first_hit 2 written_hist {8: 1} (6s; 262 done, 15s/thm, ETA 9 min)
d3req_262: n_ok 127/2000 distinct_ok 1 first_hit 34 written_hist {8: 1} (9s; 263 done, 15s/thm, ETA 9 min)
d3req_263: n_ok 277/2000 distinct_ok 1 first_hit 6 written_hist {8: 1} (5s; 264 done, 15s/thm, ETA 9 min)
d3req_264: n_ok 5/2000 distinct_ok 1 first_hit 278 written_hist {8: 1} (8s; 265 done, 15s/thm, ETA 8 min)
d3req_265: n_ok 1201/2000 distinct_ok 2 first_hit 1 written_hist {8: 2} (5s; 266 done, 15s/thm, ETA 8 min)
d3req_266: n_ok 384/2000 distinct_ok 1 first_hit 14 written_hist {8: 1} (6s; 267 done, 14s/thm, ETA 8 min)
d3req_267: n_ok 128/2000 distinct_ok 1 first_hit 11 written_hist {8: 1} (4s; 268 done, 14s/thm, ETA 8 min)
d3req_268: n_ok 13/2000 distinct_ok 1 first_hit 79 written_hist {8: 1} (4s; 269 done, 14s/thm, ETA 7 min)
d3req_269: n_ok 0/2000 distinct_ok 0 first_hit None written_hist {} (4s; 270 done, 14s/thm, ETA 7 min)
d3req_270: n_ok 0/2000 distinct_ok 0 first_hit None written_hist {} (6s; 271 done, 14s/thm, ETA 7 min)
d3req_271: n_ok 36/2000 distinct_ok 1 first_hit 4 written_hist {8: 1} (3s; 272 done, 14s/thm, ETA 7 min)
d3req_272: n_ok 316/2000 distinct_ok 1 first_hit 2 written_hist {7: 1} (5s; 273 done, 14s/thm, ETA 6 min)
d3req_273: n_ok 10/2000 distinct_ok 1 first_hit 83 written_hist {8: 1} (5s; 274 done, 14s/thm, ETA 6 min)
d3req_274: n_ok 1592/2000 distinct_ok 1 first_hit 1 written_hist {8: 1} (7s; 275 done, 14s/thm, ETA 6 min)
d3req_275: n_ok 0/2000 distinct_ok 0 first_hit None written_hist {} (3s; 276 done, 14s/thm, ETA 6 min)
d3req_276: n_ok 496/2000 distinct_ok 1 first_hit 4 written_hist {8: 1} (8s; 277 done, 14s/thm, ETA 5 min)
d3req_277: n_ok 1856/2000 distinct_ok 1 first_hit 1 written_hist {7: 1} (4s; 278 done, 14s/thm, ETA 5 min)
d3req_278: n_ok 131/2000 distinct_ok 1 first_hit 4 written_hist {8: 1} (6s; 279 done, 14s/thm, ETA 5 min)
d3req_279: n_ok 1177/2000 distinct_ok 2 first_hit 3 written_hist {8: 1, 9: 1} (5s; 280 done, 14s/thm, ETA 5 min)
d3req_280: n_ok 991/2000 distinct_ok 1 first_hit 1 written_hist {8: 1} (6s; 281 done, 14s/thm, ETA 4 min)
d3req_281: n_ok 1672/2000 distinct_ok 1 first_hit 1 written_hist {8: 1} (7s; 282 done, 14s/thm, ETA 4 min)
d3req_282: n_ok 481/2000 distinct_ok 1 first_hit 1 written_hist {8: 1} (5s; 283 done, 14s/thm, ETA 4 min)
d3req_283: n_ok 1316/2000 distinct_ok 1 first_hit 1 written_hist {8: 1} (8s; 284 done, 14s/thm, ETA 4 min)
d3req_284: n_ok 29/2000 distinct_ok 2 first_hit 50 written_hist {8: 2} (5s; 285 done, 14s/thm, ETA 3 min)
d3req_285: n_ok 83/2000 distinct_ok 1 first_hit 28 written_hist {8: 1} (8s; 286 done, 14s/thm, ETA 3 min)
d3req_286: n_ok 445/2000 distinct_ok 1 first_hit 6 written_hist {8: 1} (9s; 287 done, 14s/thm, ETA 3 min)
d3req_287: n_ok 212/2000 distinct_ok 1 first_hit 5 written_hist {8: 1} (7s; 288 done, 14s/thm, ETA 3 min)
d3req_288: n_ok 475/2000 distinct_ok 6 first_hit 2 written_hist {8: 6} (8s; 289 done, 14s/thm, ETA 3 min)
d3req_289: n_ok 855/2000 distinct_ok 1 first_hit 1 written_hist {8: 1} (13s; 290 done, 14s/thm, ETA 2 min)
d3req_290: n_ok 62/2000 distinct_ok 1 first_hit 4 written_hist {8: 1} (16s; 291 done, 14s/thm, ETA 2 min)
d3req_291: n_ok 1071/2000 distinct_ok 2 first_hit 1 written_hist {8: 1, 9: 1} (9s; 292 done, 14s/thm, ETA 2 min)
d3req_292: n_ok 30/2000 distinct_ok 1 first_hit 38 written_hist {8: 1} (6s; 293 done, 14s/thm, ETA 2 min)
d3req_293: n_ok 1314/2000 distinct_ok 1 first_hit 1 written_hist {8: 1} (10s; 294 done, 14s/thm, ETA 1 min)
d3req_294: n_ok 7/2000 distinct_ok 1 first_hit 260 written_hist {8: 1} (6s; 295 done, 14s/thm, ETA 1 min)
d3req_295: n_ok 9/2000 distinct_ok 2 first_hit 370 written_hist {8: 2} (6s; 296 done, 14s/thm, ETA 1 min)
d3req_296: n_ok 133/2000 distinct_ok 2 first_hit 22 written_hist {8: 2} (11s; 297 done, 14s/thm, ETA 1 min)
d3req_297: n_ok 806/2000 distinct_ok 6 first_hit 8 written_hist {8: 6} (13s; 298 done, 14s/thm, ETA 0 min)
d3req_298: n_ok 0/2000 distinct_ok 0 first_hit None written_hist {} (6s; 299 done, 14s/thm, ETA 0 min)
d3req_299: n_ok 1187/2000 distinct_ok 1 first_hit 1 written_hist {8: 1} (5s; 300 done, 14s/thm, ETA 0 min)
DONE
END 2026-09-25T01:08:41Z
