START 2026-09-24T16:17:16Z until [ -f artifacts/nf/la_frozen_p4_s0.done ]; do sleep 30; done; python3 coverage.py --k 2000 --temperature 0.8 --seed 0 --batch 1000 --procs 2 --ckpt ckpts/nf/stage1_p4_s0.pt --in data/p2/targets_reductio_req.jsonl --out artifacts/nf/cov_red_p4_s0
shard 0/1: 300 theorems, 0 already done; k=2000 T=0.8 batch=1000
targets_reductio_req_0: n_ok 0/2000 distinct_ok 0 first_hit None written_hist {} (7s; 1 done, 7s/thm, ETA 36 min)
targets_reductio_req_1: n_ok 0/2000 distinct_ok 0 first_hit None written_hist {} (6s; 2 done, 7s/thm, ETA 34 min)
targets_reductio_req_2: n_ok 14/2000 distinct_ok 1 first_hit 287 written_hist {7: 1} (8s; 3 done, 7s/thm, ETA 35 min)
targets_reductio_req_3: n_ok 0/2000 distinct_ok 0 first_hit None written_hist {} (7s; 4 done, 7s/thm, ETA 35 min)
targets_reductio_req_4: n_ok 0/2000 distinct_ok 0 first_hit None written_hist {} (8s; 5 done, 7s/thm, ETA 36 min)
targets_reductio_req_5: n_ok 0/2000 distinct_ok 0 first_hit None written_hist {} (7s; 6 done, 7s/thm, ETA 35 min)
targets_reductio_req_6: n_ok 0/2000 distinct_ok 0 first_hit None written_hist {} (6s; 7 done, 7s/thm, ETA 34 min)
targets_reductio_req_7: n_ok 0/2000 distinct_ok 0 first_hit None written_hist {} (7s; 8 done, 7s/thm, ETA 34 min)
targets_reductio_req_8: n_ok 0/2000 distinct_ok 0 first_hit None written_hist {} (9s; 9 done, 7s/thm, ETA 35 min)
targets_reductio_req_9: n_ok 0/2000 distinct_ok 0 first_hit None written_hist {} (7s; 10 done, 7s/thm, ETA 35 min)
targets_reductio_req_10: n_ok 0/2000 distinct_ok 0 first_hit None written_hist {} (8s; 11 done, 7s/thm, ETA 35 min)
targets_reductio_req_11: n_ok 0/2000 distinct_ok 0 first_hit None written_hist {} (10s; 12 done, 7s/thm, ETA 36 min)
targets_reductio_req_12: n_ok 0/2000 distinct_ok 0 first_hit None written_hist {} (9s; 13 done, 8s/thm, ETA 36 min)
targets_reductio_req_13: n_ok 9/2000 distinct_ok 1 first_hit 19 written_hist {7: 1} (7s; 14 done, 8s/thm, ETA 36 min)
targets_reductio_req_14: n_ok 0/2000 distinct_ok 0 first_hit None written_hist {} (7s; 15 done, 8s/thm, ETA 36 min)
targets_reductio_req_15: n_ok 0/2000 distinct_ok 0 first_hit None written_hist {} (7s; 16 done, 7s/thm, ETA 35 min)
targets_reductio_req_16: n_ok 0/2000 distinct_ok 0 first_hit None written_hist {} (9s; 17 done, 8s/thm, ETA 36 min)
targets_reductio_req_17: n_ok 0/2000 distinct_ok 0 first_hit None written_hist {} (8s; 18 done, 8s/thm, ETA 36 min)
targets_reductio_req_18: n_ok 0/2000 distinct_ok 0 first_hit None written_hist {} (7s; 19 done, 8s/thm, ETA 35 min)
targets_reductio_req_19: n_ok 0/2000 distinct_ok 0 first_hit None written_hist {} (8s; 20 done, 8s/thm, ETA 35 min)
targets_reductio_req_20: n_ok 0/2000 distinct_ok 0 first_hit None written_hist {} (9s; 21 done, 8s/thm, ETA 35 min)
targets_reductio_req_21: n_ok 0/2000 distinct_ok 0 first_hit None written_hist {} (9s; 22 done, 8s/thm, ETA 36 min)
targets_reductio_req_22: n_ok 0/2000 distinct_ok 0 first_hit None written_hist {} (7s; 23 done, 8s/thm, ETA 35 min)
targets_reductio_req_23: n_ok 0/2000 distinct_ok 0 first_hit None written_hist {} (7s; 24 done, 8s/thm, ETA 35 min)
targets_reductio_req_24: n_ok 0/2000 distinct_ok 0 first_hit None written_hist {} (8s; 25 done, 8s/thm, ETA 35 min)
targets_reductio_req_25: n_ok 0/2000 distinct_ok 0 first_hit None written_hist {} (8s; 26 done, 8s/thm, ETA 35 min)
targets_reductio_req_26: n_ok 0/2000 distinct_ok 0 first_hit None written_hist {} (8s; 27 done, 8s/thm, ETA 35 min)
targets_reductio_req_27: n_ok 64/2000 distinct_ok 1 first_hit 24 written_hist {7: 1} (9s; 28 done, 8s/thm, ETA 35 min)
targets_reductio_req_28: n_ok 0/2000 distinct_ok 0 first_hit None written_hist {} (10s; 29 done, 8s/thm, ETA 35 min)
targets_reductio_req_29: n_ok 0/2000 distinct_ok 0 first_hit None written_hist {} (7s; 30 done, 8s/thm, ETA 35 min)
targets_reductio_req_30: n_ok 0/2000 distinct_ok 0 first_hit None written_hist {} (8s; 31 done, 8s/thm, ETA 35 min)
targets_reductio_req_31: n_ok 11/2000 distinct_ok 1 first_hit 290 written_hist {7: 1} (9s; 32 done, 8s/thm, ETA 35 min)
targets_reductio_req_32: n_ok 0/2000 distinct_ok 0 first_hit None written_hist {} (8s; 33 done, 8s/thm, ETA 35 min)
targets_reductio_req_33: n_ok 0/2000 distinct_ok 0 first_hit None written_hist {} (9s; 34 done, 8s/thm, ETA 35 min)
targets_reductio_req_34: n_ok 0/2000 distinct_ok 0 first_hit None written_hist {} (10s; 35 done, 8s/thm, ETA 35 min)
targets_reductio_req_35: n_ok 0/2000 distinct_ok 0 first_hit None written_hist {} (9s; 36 done, 8s/thm, ETA 35 min)
targets_reductio_req_36: n_ok 0/2000 distinct_ok 0 first_hit None written_hist {} (11s; 37 done, 8s/thm, ETA 35 min)
targets_reductio_req_37: n_ok 0/2000 distinct_ok 0 first_hit None written_hist {} (9s; 38 done, 8s/thm, ETA 35 min)
targets_reductio_req_38: n_ok 0/2000 distinct_ok 0 first_hit None written_hist {} (10s; 39 done, 8s/thm, ETA 35 min)
targets_reductio_req_39: n_ok 0/2000 distinct_ok 0 first_hit None written_hist {} (10s; 40 done, 8s/thm, ETA 35 min)
targets_reductio_req_40: n_ok 33/2000 distinct_ok 1 first_hit 19 written_hist {7: 1} (12s; 41 done, 8s/thm, ETA 36 min)
targets_reductio_req_41: n_ok 0/2000 distinct_ok 0 first_hit None written_hist {} (11s; 42 done, 8s/thm, ETA 36 min)
targets_reductio_req_42: n_ok 0/2000 distinct_ok 0 first_hit None written_hist {} (10s; 43 done, 8s/thm, ETA 36 min)
targets_reductio_req_43: n_ok 0/2000 distinct_ok 0 first_hit None written_hist {} (14s; 44 done, 8s/thm, ETA 36 min)
targets_reductio_req_44: n_ok 0/2000 distinct_ok 0 first_hit None written_hist {} (23s; 45 done, 9s/thm, ETA 37 min)
targets_reductio_req_45: n_ok 0/2000 distinct_ok 0 first_hit None written_hist {} (17s; 46 done, 9s/thm, ETA 38 min)
targets_reductio_req_46: n_ok 0/2000 distinct_ok 0 first_hit None written_hist {} (14s; 47 done, 9s/thm, ETA 38 min)
targets_reductio_req_47: n_ok 0/2000 distinct_ok 0 first_hit None written_hist {} (13s; 48 done, 9s/thm, ETA 38 min)
targets_reductio_req_48: n_ok 0/2000 distinct_ok 0 first_hit None written_hist {} (23s; 49 done, 9s/thm, ETA 39 min)
targets_reductio_req_49: n_ok 0/2000 distinct_ok 0 first_hit None written_hist {} (11s; 50 done, 9s/thm, ETA 39 min)
targets_reductio_req_50: n_ok 0/2000 distinct_ok 0 first_hit None written_hist {} (15s; 51 done, 10s/thm, ETA 40 min)
targets_reductio_req_51: n_ok 70/2000 distinct_ok 1 first_hit 37 written_hist {7: 1} (12s; 52 done, 10s/thm, ETA 40 min)
targets_reductio_req_52: n_ok 0/2000 distinct_ok 0 first_hit None written_hist {} (10s; 53 done, 10s/thm, ETA 40 min)
targets_reductio_req_53: n_ok 0/2000 distinct_ok 0 first_hit None written_hist {} (11s; 54 done, 10s/thm, ETA 40 min)
targets_reductio_req_54: n_ok 0/2000 distinct_ok 0 first_hit None written_hist {} (6s; 55 done, 10s/thm, ETA 39 min)
targets_reductio_req_55: n_ok 0/2000 distinct_ok 0 first_hit None written_hist {} (6s; 56 done, 10s/thm, ETA 39 min)
targets_reductio_req_56: n_ok 0/2000 distinct_ok 0 first_hit None written_hist {} (6s; 57 done, 9s/thm, ETA 38 min)
targets_reductio_req_57: n_ok 0/2000 distinct_ok 0 first_hit None written_hist {} (7s; 58 done, 9s/thm, ETA 38 min)
targets_reductio_req_58: n_ok 0/2000 distinct_ok 0 first_hit None written_hist {} (14s; 59 done, 9s/thm, ETA 38 min)
targets_reductio_req_59: n_ok 0/2000 distinct_ok 0 first_hit None written_hist {} (13s; 60 done, 10s/thm, ETA 38 min)
targets_reductio_req_60: n_ok 97/2000 distinct_ok 1 first_hit 3 written_hist {7: 1} (9s; 61 done, 10s/thm, ETA 38 min)
targets_reductio_req_61: n_ok 0/2000 distinct_ok 0 first_hit None written_hist {} (14s; 62 done, 10s/thm, ETA 38 min)
targets_reductio_req_62: n_ok 0/2000 distinct_ok 0 first_hit None written_hist {} (10s; 63 done, 10s/thm, ETA 38 min)
targets_reductio_req_63: n_ok 0/2000 distinct_ok 0 first_hit None written_hist {} (13s; 64 done, 10s/thm, ETA 38 min)
targets_reductio_req_64: n_ok 0/2000 distinct_ok 0 first_hit None written_hist {} (7s; 65 done, 10s/thm, ETA 38 min)
targets_reductio_req_65: n_ok 0/2000 distinct_ok 0 first_hit None written_hist {} (8s; 66 done, 10s/thm, ETA 37 min)
targets_reductio_req_66: n_ok 0/2000 distinct_ok 0 first_hit None written_hist {} (13s; 67 done, 10s/thm, ETA 38 min)
targets_reductio_req_67: n_ok 11/2000 distinct_ok 1 first_hit 180 written_hist {7: 1} (6s; 68 done, 10s/thm, ETA 37 min)
targets_reductio_req_68: n_ok 0/2000 distinct_ok 0 first_hit None written_hist {} (6s; 69 done, 10s/thm, ETA 37 min)
targets_reductio_req_69: n_ok 0/2000 distinct_ok 0 first_hit None written_hist {} (5s; 70 done, 9s/thm, ETA 36 min)
targets_reductio_req_70: n_ok 0/2000 distinct_ok 0 first_hit None written_hist {} (7s; 71 done, 9s/thm, ETA 36 min)
targets_reductio_req_71: n_ok 40/2000 distinct_ok 1 first_hit 89 written_hist {7: 1} (12s; 72 done, 9s/thm, ETA 36 min)
targets_reductio_req_72: n_ok 60/2000 distinct_ok 1 first_hit 63 written_hist {7: 1} (10s; 73 done, 10s/thm, ETA 36 min)
targets_reductio_req_73: n_ok 63/2000 distinct_ok 1 first_hit 14 written_hist {7: 1} (8s; 74 done, 9s/thm, ETA 36 min)
targets_reductio_req_74: n_ok 3/2000 distinct_ok 1 first_hit 1156 written_hist {7: 1} (15s; 75 done, 10s/thm, ETA 36 min)
targets_reductio_req_75: n_ok 0/2000 distinct_ok 0 first_hit None written_hist {} (7s; 76 done, 10s/thm, ETA 36 min)
targets_reductio_req_76: n_ok 0/2000 distinct_ok 0 first_hit None written_hist {} (10s; 77 done, 10s/thm, ETA 35 min)
targets_reductio_req_77: n_ok 0/2000 distinct_ok 0 first_hit None written_hist {} (11s; 78 done, 10s/thm, ETA 35 min)
targets_reductio_req_78: n_ok 0/2000 distinct_ok 0 first_hit None written_hist {} (8s; 79 done, 10s/thm, ETA 35 min)
targets_reductio_req_79: n_ok 0/2000 distinct_ok 0 first_hit None written_hist {} (10s; 80 done, 10s/thm, ETA 35 min)
targets_reductio_req_80: n_ok 0/2000 distinct_ok 0 first_hit None written_hist {} (8s; 81 done, 10s/thm, ETA 35 min)
targets_reductio_req_81: n_ok 94/2000 distinct_ok 1 first_hit 4 written_hist {7: 1} (11s; 82 done, 10s/thm, ETA 35 min)
targets_reductio_req_82: n_ok 0/2000 distinct_ok 0 first_hit None written_hist {} (8s; 83 done, 10s/thm, ETA 34 min)
targets_reductio_req_83: n_ok 0/2000 distinct_ok 0 first_hit None written_hist {} (23s; 84 done, 10s/thm, ETA 35 min)
targets_reductio_req_84: n_ok 0/2000 distinct_ok 0 first_hit None written_hist {} (13s; 85 done, 10s/thm, ETA 35 min)
targets_reductio_req_85: n_ok 0/2000 distinct_ok 0 first_hit None written_hist {} (9s; 86 done, 10s/thm, ETA 35 min)
targets_reductio_req_86: n_ok 0/2000 distinct_ok 0 first_hit None written_hist {} (10s; 87 done, 10s/thm, ETA 35 min)
targets_reductio_req_87: n_ok 0/2000 distinct_ok 0 first_hit None written_hist {} (8s; 88 done, 10s/thm, ETA 34 min)
targets_reductio_req_88: n_ok 15/2000 distinct_ok 1 first_hit 328 written_hist {7: 1} (9s; 89 done, 10s/thm, ETA 34 min)
targets_reductio_req_89: n_ok 0/2000 distinct_ok 0 first_hit None written_hist {} (16s; 90 done, 10s/thm, ETA 34 min)
targets_reductio_req_90: n_ok 0/2000 distinct_ok 0 first_hit None written_hist {} (15s; 91 done, 10s/thm, ETA 34 min)
targets_reductio_req_91: n_ok 0/2000 distinct_ok 0 first_hit None written_hist {} (9s; 92 done, 10s/thm, ETA 34 min)
targets_reductio_req_92: n_ok 0/2000 distinct_ok 0 first_hit None written_hist {} (9s; 93 done, 10s/thm, ETA 34 min)
targets_reductio_req_93: n_ok 0/2000 distinct_ok 0 first_hit None written_hist {} (12s; 94 done, 10s/thm, ETA 34 min)
targets_reductio_req_94: n_ok 0/2000 distinct_ok 0 first_hit None written_hist {} (10s; 95 done, 10s/thm, ETA 34 min)
targets_reductio_req_95: n_ok 0/2000 distinct_ok 0 first_hit None written_hist {} (8s; 96 done, 10s/thm, ETA 33 min)
targets_reductio_req_96: n_ok 0/2000 distinct_ok 0 first_hit None written_hist {} (8s; 97 done, 10s/thm, ETA 33 min)
targets_reductio_req_97: n_ok 0/2000 distinct_ok 0 first_hit None written_hist {} (12s; 98 done, 10s/thm, ETA 33 min)
targets_reductio_req_98: n_ok 0/2000 distinct_ok 0 first_hit None written_hist {} (12s; 99 done, 10s/thm, ETA 33 min)
targets_reductio_req_99: n_ok 0/2000 distinct_ok 0 first_hit None written_hist {} (8s; 100 done, 10s/thm, ETA 33 min)
targets_reductio_req_100: n_ok 0/2000 distinct_ok 0 first_hit None written_hist {} (7s; 101 done, 10s/thm, ETA 33 min)
targets_reductio_req_101: n_ok 0/2000 distinct_ok 0 first_hit None written_hist {} (7s; 102 done, 10s/thm, ETA 32 min)
targets_reductio_req_102: n_ok 0/2000 distinct_ok 0 first_hit None written_hist {} (7s; 103 done, 10s/thm, ETA 32 min)
targets_reductio_req_103: n_ok 0/2000 distinct_ok 0 first_hit None written_hist {} (4s; 104 done, 10s/thm, ETA 32 min)
targets_reductio_req_104: n_ok 0/2000 distinct_ok 0 first_hit None written_hist {} (3s; 105 done, 10s/thm, ETA 31 min)
targets_reductio_req_105: n_ok 0/2000 distinct_ok 0 first_hit None written_hist {} (2s; 106 done, 10s/thm, ETA 31 min)
targets_reductio_req_106: n_ok 0/2000 distinct_ok 0 first_hit None written_hist {} (4s; 107 done, 9s/thm, ETA 31 min)
targets_reductio_req_107: n_ok 0/2000 distinct_ok 0 first_hit None written_hist {} (5s; 108 done, 9s/thm, ETA 30 min)
targets_reductio_req_108: n_ok 0/2000 distinct_ok 0 first_hit None written_hist {} (5s; 109 done, 9s/thm, ETA 30 min)
targets_reductio_req_109: n_ok 0/2000 distinct_ok 0 first_hit None written_hist {} (6s; 110 done, 9s/thm, ETA 30 min)
targets_reductio_req_110: n_ok 0/2000 distinct_ok 0 first_hit None written_hist {} (16s; 111 done, 9s/thm, ETA 30 min)
targets_reductio_req_111: n_ok 4/2000 distinct_ok 1 first_hit 219 written_hist {7: 1} (8s; 112 done, 9s/thm, ETA 30 min)
targets_reductio_req_112: n_ok 0/2000 distinct_ok 0 first_hit None written_hist {} (5s; 113 done, 9s/thm, ETA 29 min)
targets_reductio_req_113: n_ok 0/2000 distinct_ok 0 first_hit None written_hist {} (6s; 114 done, 9s/thm, ETA 29 min)
targets_reductio_req_114: n_ok 0/2000 distinct_ok 0 first_hit None written_hist {} (5s; 115 done, 9s/thm, ETA 29 min)
targets_reductio_req_115: n_ok 10/2000 distinct_ok 1 first_hit 33 written_hist {7: 1} (7s; 116 done, 9s/thm, ETA 29 min)
targets_reductio_req_116: n_ok 56/2000 distinct_ok 1 first_hit 25 written_hist {7: 1} (6s; 117 done, 9s/thm, ETA 28 min)
targets_reductio_req_117: n_ok 0/2000 distinct_ok 0 first_hit None written_hist {} (6s; 118 done, 9s/thm, ETA 28 min)
targets_reductio_req_118: n_ok 0/2000 distinct_ok 0 first_hit None written_hist {} (6s; 119 done, 9s/thm, ETA 28 min)
targets_reductio_req_119: n_ok 0/2000 distinct_ok 0 first_hit None written_hist {} (6s; 120 done, 9s/thm, ETA 28 min)
targets_reductio_req_120: n_ok 40/2000 distinct_ok 1 first_hit 10 written_hist {7: 1} (5s; 121 done, 9s/thm, ETA 27 min)
targets_reductio_req_121: n_ok 0/2000 distinct_ok 0 first_hit None written_hist {} (7s; 122 done, 9s/thm, ETA 27 min)
targets_reductio_req_122: n_ok 0/2000 distinct_ok 0 first_hit None written_hist {} (7s; 123 done, 9s/thm, ETA 27 min)
targets_reductio_req_123: n_ok 0/2000 distinct_ok 0 first_hit None written_hist {} (7s; 124 done, 9s/thm, ETA 27 min)
targets_reductio_req_124: n_ok 0/2000 distinct_ok 0 first_hit None written_hist {} (7s; 125 done, 9s/thm, ETA 27 min)
targets_reductio_req_125: n_ok 0/2000 distinct_ok 0 first_hit None written_hist {} (5s; 126 done, 9s/thm, ETA 26 min)
targets_reductio_req_126: n_ok 0/2000 distinct_ok 0 first_hit None written_hist {} (8s; 127 done, 9s/thm, ETA 26 min)
targets_reductio_req_127: n_ok 20/2000 distinct_ok 1 first_hit 147 written_hist {7: 1} (6s; 128 done, 9s/thm, ETA 26 min)
targets_reductio_req_128: n_ok 0/2000 distinct_ok 0 first_hit None written_hist {} (8s; 129 done, 9s/thm, ETA 26 min)
targets_reductio_req_129: n_ok 0/2000 distinct_ok 0 first_hit None written_hist {} (8s; 130 done, 9s/thm, ETA 26 min)
targets_reductio_req_130: n_ok 0/2000 distinct_ok 0 first_hit None written_hist {} (8s; 131 done, 9s/thm, ETA 25 min)
targets_reductio_req_131: n_ok 24/2000 distinct_ok 1 first_hit 82 written_hist {7: 1} (8s; 132 done, 9s/thm, ETA 25 min)
targets_reductio_req_132: n_ok 0/2000 distinct_ok 0 first_hit None written_hist {} (7s; 133 done, 9s/thm, ETA 25 min)
targets_reductio_req_133: n_ok 0/2000 distinct_ok 0 first_hit None written_hist {} (5s; 134 done, 9s/thm, ETA 25 min)
targets_reductio_req_134: n_ok 0/2000 distinct_ok 0 first_hit None written_hist {} (8s; 135 done, 9s/thm, ETA 25 min)
targets_reductio_req_135: n_ok 0/2000 distinct_ok 0 first_hit None written_hist {} (15s; 136 done, 9s/thm, ETA 25 min)
targets_reductio_req_136: n_ok 0/2000 distinct_ok 0 first_hit None written_hist {} (7s; 137 done, 9s/thm, ETA 24 min)
targets_reductio_req_137: n_ok 0/2000 distinct_ok 0 first_hit None written_hist {} (7s; 138 done, 9s/thm, ETA 24 min)
targets_reductio_req_138: n_ok 41/2000 distinct_ok 1 first_hit 95 written_hist {7: 1} (7s; 139 done, 9s/thm, ETA 24 min)
targets_reductio_req_139: n_ok 0/2000 distinct_ok 0 first_hit None written_hist {} (7s; 140 done, 9s/thm, ETA 24 min)
targets_reductio_req_140: n_ok 6/2000 distinct_ok 1 first_hit 73 written_hist {7: 1} (7s; 141 done, 9s/thm, ETA 24 min)
targets_reductio_req_141: n_ok 0/2000 distinct_ok 0 first_hit None written_hist {} (6s; 142 done, 9s/thm, ETA 23 min)
targets_reductio_req_142: n_ok 0/2000 distinct_ok 0 first_hit None written_hist {} (7s; 143 done, 9s/thm, ETA 23 min)
targets_reductio_req_143: n_ok 0/2000 distinct_ok 0 first_hit None written_hist {} (12s; 144 done, 9s/thm, ETA 23 min)
targets_reductio_req_144: n_ok 0/2000 distinct_ok 0 first_hit None written_hist {} (6s; 145 done, 9s/thm, ETA 23 min)
targets_reductio_req_145: n_ok 0/2000 distinct_ok 0 first_hit None written_hist {} (8s; 146 done, 9s/thm, ETA 23 min)
targets_reductio_req_146: n_ok 0/2000 distinct_ok 0 first_hit None written_hist {} (8s; 147 done, 9s/thm, ETA 23 min)
targets_reductio_req_147: n_ok 0/2000 distinct_ok 0 first_hit None written_hist {} (11s; 148 done, 9s/thm, ETA 23 min)
targets_reductio_req_148: n_ok 0/2000 distinct_ok 0 first_hit None written_hist {} (9s; 149 done, 9s/thm, ETA 22 min)
targets_reductio_req_149: n_ok 0/2000 distinct_ok 0 first_hit None written_hist {} (8s; 150 done, 9s/thm, ETA 22 min)
targets_reductio_req_150: n_ok 0/2000 distinct_ok 0 first_hit None written_hist {} (6s; 151 done, 9s/thm, ETA 22 min)
targets_reductio_req_151: n_ok 0/2000 distinct_ok 0 first_hit None written_hist {} (8s; 152 done, 9s/thm, ETA 22 min)
targets_reductio_req_152: n_ok 0/2000 distinct_ok 0 first_hit None written_hist {} (6s; 153 done, 9s/thm, ETA 22 min)
targets_reductio_req_153: n_ok 0/2000 distinct_ok 0 first_hit None written_hist {} (8s; 154 done, 9s/thm, ETA 22 min)
targets_reductio_req_154: n_ok 0/2000 distinct_ok 0 first_hit None written_hist {} (22s; 155 done, 9s/thm, ETA 22 min)
targets_reductio_req_155: n_ok 0/2000 distinct_ok 0 first_hit None written_hist {} (12s; 156 done, 9s/thm, ETA 21 min)
targets_reductio_req_156: n_ok 0/2000 distinct_ok 0 first_hit None written_hist {} (14s; 157 done, 9s/thm, ETA 21 min)
targets_reductio_req_157: n_ok 0/2000 distinct_ok 0 first_hit None written_hist {} (8s; 158 done, 9s/thm, ETA 21 min)
targets_reductio_req_158: n_ok 0/2000 distinct_ok 0 first_hit None written_hist {} (8s; 159 done, 9s/thm, ETA 21 min)
targets_reductio_req_159: n_ok 0/2000 distinct_ok 0 first_hit None written_hist {} (11s; 160 done, 9s/thm, ETA 21 min)
targets_reductio_req_160: n_ok 0/2000 distinct_ok 0 first_hit None written_hist {} (25s; 161 done, 9s/thm, ETA 21 min)
targets_reductio_req_161: n_ok 0/2000 distinct_ok 0 first_hit None written_hist {} (8s; 162 done, 9s/thm, ETA 21 min)
targets_reductio_req_162: n_ok 0/2000 distinct_ok 0 first_hit None written_hist {} (10s; 163 done, 9s/thm, ETA 21 min)
targets_reductio_req_163: n_ok 0/2000 distinct_ok 0 first_hit None written_hist {} (9s; 164 done, 9s/thm, ETA 21 min)
targets_reductio_req_164: n_ok 0/2000 distinct_ok 0 first_hit None written_hist {} (7s; 165 done, 9s/thm, ETA 20 min)
targets_reductio_req_165: n_ok 1/2000 distinct_ok 1 first_hit 1630 written_hist {7: 1} (8s; 166 done, 9s/thm, ETA 20 min)
targets_reductio_req_166: n_ok 0/2000 distinct_ok 0 first_hit None written_hist {} (12s; 167 done, 9s/thm, ETA 20 min)
targets_reductio_req_167: n_ok 0/2000 distinct_ok 0 first_hit None written_hist {} (18s; 168 done, 9s/thm, ETA 20 min)
targets_reductio_req_168: n_ok 0/2000 distinct_ok 0 first_hit None written_hist {} (7s; 169 done, 9s/thm, ETA 20 min)
targets_reductio_req_169: n_ok 0/2000 distinct_ok 0 first_hit None written_hist {} (7s; 170 done, 9s/thm, ETA 20 min)
targets_reductio_req_170: n_ok 0/2000 distinct_ok 0 first_hit None written_hist {} (9s; 171 done, 9s/thm, ETA 20 min)
targets_reductio_req_171: n_ok 0/2000 distinct_ok 0 first_hit None written_hist {} (8s; 172 done, 9s/thm, ETA 19 min)
targets_reductio_req_172: n_ok 0/2000 distinct_ok 0 first_hit None written_hist {} (8s; 173 done, 9s/thm, ETA 19 min)
targets_reductio_req_173: n_ok 0/2000 distinct_ok 0 first_hit None written_hist {} (11s; 174 done, 9s/thm, ETA 19 min)
targets_reductio_req_174: n_ok 8/2000 distinct_ok 1 first_hit 47 written_hist {7: 1} (7s; 175 done, 9s/thm, ETA 19 min)
targets_reductio_req_175: n_ok 0/2000 distinct_ok 0 first_hit None written_hist {} (8s; 176 done, 9s/thm, ETA 19 min)
targets_reductio_req_176: n_ok 0/2000 distinct_ok 0 first_hit None written_hist {} (9s; 177 done, 9s/thm, ETA 19 min)
targets_reductio_req_177: n_ok 0/2000 distinct_ok 0 first_hit None written_hist {} (4s; 178 done, 9s/thm, ETA 18 min)
targets_reductio_req_178: n_ok 0/2000 distinct_ok 0 first_hit None written_hist {} (4s; 179 done, 9s/thm, ETA 18 min)
targets_reductio_req_179: n_ok 0/2000 distinct_ok 0 first_hit None written_hist {} (7s; 180 done, 9s/thm, ETA 18 min)
targets_reductio_req_180: n_ok 0/2000 distinct_ok 0 first_hit None written_hist {} (10s; 181 done, 9s/thm, ETA 18 min)
targets_reductio_req_181: n_ok 0/2000 distinct_ok 0 first_hit None written_hist {} (12s; 182 done, 9s/thm, ETA 18 min)
targets_reductio_req_182: n_ok 0/2000 distinct_ok 0 first_hit None written_hist {} (7s; 183 done, 9s/thm, ETA 18 min)
targets_reductio_req_183: n_ok 0/2000 distinct_ok 0 first_hit None written_hist {} (9s; 184 done, 9s/thm, ETA 17 min)
targets_reductio_req_184: n_ok 15/2000 distinct_ok 1 first_hit 6 written_hist {7: 1} (10s; 185 done, 9s/thm, ETA 17 min)
targets_reductio_req_185: n_ok 0/2000 distinct_ok 0 first_hit None written_hist {} (4s; 186 done, 9s/thm, ETA 17 min)
targets_reductio_req_186: n_ok 0/2000 distinct_ok 0 first_hit None written_hist {} (5s; 187 done, 9s/thm, ETA 17 min)
targets_reductio_req_187: n_ok 0/2000 distinct_ok 0 first_hit None written_hist {} (4s; 188 done, 9s/thm, ETA 17 min)
targets_reductio_req_188: n_ok 0/2000 distinct_ok 0 first_hit None written_hist {} (5s; 189 done, 9s/thm, ETA 17 min)
targets_reductio_req_189: n_ok 0/2000 distinct_ok 0 first_hit None written_hist {} (4s; 190 done, 9s/thm, ETA 16 min)
targets_reductio_req_190: n_ok 0/2000 distinct_ok 0 first_hit None written_hist {} (5s; 191 done, 9s/thm, ETA 16 min)
targets_reductio_req_191: n_ok 0/2000 distinct_ok 0 first_hit None written_hist {} (6s; 192 done, 9s/thm, ETA 16 min)
targets_reductio_req_192: n_ok 0/2000 distinct_ok 0 first_hit None written_hist {} (5s; 193 done, 9s/thm, ETA 16 min)
targets_reductio_req_193: n_ok 0/2000 distinct_ok 0 first_hit None written_hist {} (7s; 194 done, 9s/thm, ETA 16 min)
targets_reductio_req_194: n_ok 0/2000 distinct_ok 0 first_hit None written_hist {} (6s; 195 done, 9s/thm, ETA 15 min)
targets_reductio_req_195: n_ok 4/2000 distinct_ok 1 first_hit 283 written_hist {7: 1} (6s; 196 done, 9s/thm, ETA 15 min)
targets_reductio_req_196: n_ok 0/2000 distinct_ok 0 first_hit None written_hist {} (4s; 197 done, 9s/thm, ETA 15 min)
targets_reductio_req_197: n_ok 0/2000 distinct_ok 0 first_hit None written_hist {} (4s; 198 done, 9s/thm, ETA 15 min)
targets_reductio_req_198: n_ok 0/2000 distinct_ok 0 first_hit None written_hist {} (7s; 199 done, 9s/thm, ETA 15 min)
targets_reductio_req_199: n_ok 0/2000 distinct_ok 0 first_hit None written_hist {} (8s; 200 done, 9s/thm, ETA 15 min)
targets_reductio_req_200: n_ok 0/2000 distinct_ok 0 first_hit None written_hist {} (6s; 201 done, 9s/thm, ETA 14 min)
targets_reductio_req_201: n_ok 0/2000 distinct_ok 0 first_hit None written_hist {} (4s; 202 done, 9s/thm, ETA 14 min)
targets_reductio_req_202: n_ok 0/2000 distinct_ok 0 first_hit None written_hist {} (5s; 203 done, 9s/thm, ETA 14 min)
targets_reductio_req_203: n_ok 0/2000 distinct_ok 0 first_hit None written_hist {} (5s; 204 done, 9s/thm, ETA 14 min)
targets_reductio_req_204: n_ok 0/2000 distinct_ok 0 first_hit None written_hist {} (5s; 205 done, 9s/thm, ETA 14 min)
targets_reductio_req_205: n_ok 0/2000 distinct_ok 0 first_hit None written_hist {} (13s; 206 done, 9s/thm, ETA 14 min)
targets_reductio_req_206: n_ok 0/2000 distinct_ok 0 first_hit None written_hist {} (4s; 207 done, 9s/thm, ETA 13 min)
targets_reductio_req_207: n_ok 0/2000 distinct_ok 0 first_hit None written_hist {} (5s; 208 done, 9s/thm, ETA 13 min)
targets_reductio_req_208: n_ok 0/2000 distinct_ok 0 first_hit None written_hist {} (5s; 209 done, 9s/thm, ETA 13 min)
targets_reductio_req_209: n_ok 0/2000 distinct_ok 0 first_hit None written_hist {} (6s; 210 done, 9s/thm, ETA 13 min)
targets_reductio_req_210: n_ok 0/2000 distinct_ok 0 first_hit None written_hist {} (6s; 211 done, 9s/thm, ETA 13 min)
targets_reductio_req_211: n_ok 0/2000 distinct_ok 0 first_hit None written_hist {} (4s; 212 done, 9s/thm, ETA 13 min)
targets_reductio_req_212: n_ok 0/2000 distinct_ok 0 first_hit None written_hist {} (4s; 213 done, 9s/thm, ETA 12 min)
targets_reductio_req_213: n_ok 0/2000 distinct_ok 0 first_hit None written_hist {} (4s; 214 done, 9s/thm, ETA 12 min)
targets_reductio_req_214: n_ok 0/2000 distinct_ok 0 first_hit None written_hist {} (10s; 215 done, 9s/thm, ETA 12 min)
targets_reductio_req_215: n_ok 0/2000 distinct_ok 0 first_hit None written_hist {} (10s; 216 done, 9s/thm, ETA 12 min)
targets_reductio_req_216: n_ok 0/2000 distinct_ok 0 first_hit None written_hist {} (5s; 217 done, 9s/thm, ETA 12 min)
targets_reductio_req_217: n_ok 0/2000 distinct_ok 0 first_hit None written_hist {} (5s; 218 done, 9s/thm, ETA 12 min)
targets_reductio_req_218: n_ok 0/2000 distinct_ok 0 first_hit None written_hist {} (5s; 219 done, 9s/thm, ETA 11 min)
targets_reductio_req_219: n_ok 0/2000 distinct_ok 0 first_hit None written_hist {} (6s; 220 done, 8s/thm, ETA 11 min)
targets_reductio_req_220: n_ok 0/2000 distinct_ok 0 first_hit None written_hist {} (5s; 221 done, 8s/thm, ETA 11 min)
targets_reductio_req_221: n_ok 0/2000 distinct_ok 0 first_hit None written_hist {} (6s; 222 done, 8s/thm, ETA 11 min)
targets_reductio_req_222: n_ok 0/2000 distinct_ok 0 first_hit None written_hist {} (5s; 223 done, 8s/thm, ETA 11 min)
targets_reductio_req_223: n_ok 0/2000 distinct_ok 0 first_hit None written_hist {} (5s; 224 done, 8s/thm, ETA 11 min)
targets_reductio_req_224: n_ok 0/2000 distinct_ok 0 first_hit None written_hist {} (7s; 225 done, 8s/thm, ETA 11 min)
targets_reductio_req_225: n_ok 0/2000 distinct_ok 0 first_hit None written_hist {} (7s; 226 done, 8s/thm, ETA 10 min)
targets_reductio_req_226: n_ok 0/2000 distinct_ok 0 first_hit None written_hist {} (5s; 227 done, 8s/thm, ETA 10 min)
targets_reductio_req_227: n_ok 0/2000 distinct_ok 0 first_hit None written_hist {} (4s; 228 done, 8s/thm, ETA 10 min)
targets_reductio_req_228: n_ok 0/2000 distinct_ok 0 first_hit None written_hist {} (5s; 229 done, 8s/thm, ETA 10 min)
targets_reductio_req_229: n_ok 0/2000 distinct_ok 0 first_hit None written_hist {} (4s; 230 done, 8s/thm, ETA 10 min)
targets_reductio_req_230: n_ok 0/2000 distinct_ok 0 first_hit None written_hist {} (5s; 231 done, 8s/thm, ETA 10 min)
targets_reductio_req_231: n_ok 0/2000 distinct_ok 0 first_hit None written_hist {} (5s; 232 done, 8s/thm, ETA 9 min)
targets_reductio_req_232: n_ok 0/2000 distinct_ok 0 first_hit None written_hist {} (5s; 233 done, 8s/thm, ETA 9 min)
targets_reductio_req_233: n_ok 0/2000 distinct_ok 0 first_hit None written_hist {} (7s; 234 done, 8s/thm, ETA 9 min)
targets_reductio_req_234: n_ok 0/2000 distinct_ok 0 first_hit None written_hist {} (7s; 235 done, 8s/thm, ETA 9 min)
targets_reductio_req_235: n_ok 0/2000 distinct_ok 0 first_hit None written_hist {} (7s; 236 done, 8s/thm, ETA 9 min)
targets_reductio_req_236: n_ok 0/2000 distinct_ok 0 first_hit None written_hist {} (11s; 237 done, 8s/thm, ETA 9 min)
targets_reductio_req_237: n_ok 0/2000 distinct_ok 0 first_hit None written_hist {} (5s; 238 done, 8s/thm, ETA 9 min)
targets_reductio_req_238: n_ok 55/2000 distinct_ok 1 first_hit 18 written_hist {7: 1} (5s; 239 done, 8s/thm, ETA 8 min)
targets_reductio_req_239: n_ok 0/2000 distinct_ok 0 first_hit None written_hist {} (5s; 240 done, 8s/thm, ETA 8 min)
targets_reductio_req_240: n_ok 0/2000 distinct_ok 0 first_hit None written_hist {} (7s; 241 done, 8s/thm, ETA 8 min)
targets_reductio_req_241: n_ok 10/2000 distinct_ok 1 first_hit 226 written_hist {7: 1} (7s; 242 done, 8s/thm, ETA 8 min)
targets_reductio_req_242: n_ok 0/2000 distinct_ok 0 first_hit None written_hist {} (5s; 243 done, 8s/thm, ETA 8 min)
targets_reductio_req_243: n_ok 0/2000 distinct_ok 0 first_hit None written_hist {} (4s; 244 done, 8s/thm, ETA 8 min)
targets_reductio_req_244: n_ok 0/2000 distinct_ok 0 first_hit None written_hist {} (7s; 245 done, 8s/thm, ETA 8 min)
targets_reductio_req_245: n_ok 0/2000 distinct_ok 0 first_hit None written_hist {} (6s; 246 done, 8s/thm, ETA 7 min)
targets_reductio_req_246: n_ok 0/2000 distinct_ok 0 first_hit None written_hist {} (5s; 247 done, 8s/thm, ETA 7 min)
targets_reductio_req_247: n_ok 0/2000 distinct_ok 0 first_hit None written_hist {} (4s; 248 done, 8s/thm, ETA 7 min)
targets_reductio_req_248: n_ok 0/2000 distinct_ok 0 first_hit None written_hist {} (4s; 249 done, 8s/thm, ETA 7 min)
targets_reductio_req_249: n_ok 0/2000 distinct_ok 0 first_hit None written_hist {} (5s; 250 done, 8s/thm, ETA 7 min)
targets_reductio_req_250: n_ok 0/2000 distinct_ok 0 first_hit None written_hist {} (5s; 251 done, 8s/thm, ETA 7 min)
targets_reductio_req_251: n_ok 0/2000 distinct_ok 0 first_hit None written_hist {} (5s; 252 done, 8s/thm, ETA 6 min)
targets_reductio_req_252: n_ok 0/2000 distinct_ok 0 first_hit None written_hist {} (4s; 253 done, 8s/thm, ETA 6 min)
targets_reductio_req_253: n_ok 0/2000 distinct_ok 0 first_hit None written_hist {} (4s; 254 done, 8s/thm, ETA 6 min)
targets_reductio_req_254: n_ok 0/2000 distinct_ok 0 first_hit None written_hist {} (8s; 255 done, 8s/thm, ETA 6 min)
targets_reductio_req_255: n_ok 0/2000 distinct_ok 0 first_hit None written_hist {} (7s; 256 done, 8s/thm, ETA 6 min)
targets_reductio_req_256: n_ok 0/2000 distinct_ok 0 first_hit None written_hist {} (7s; 257 done, 8s/thm, ETA 6 min)
targets_reductio_req_257: n_ok 0/2000 distinct_ok 0 first_hit None written_hist {} (5s; 258 done, 8s/thm, ETA 6 min)
targets_reductio_req_258: n_ok 0/2000 distinct_ok 0 first_hit None written_hist {} (6s; 259 done, 8s/thm, ETA 6 min)
targets_reductio_req_259: n_ok 0/2000 distinct_ok 0 first_hit None written_hist {} (5s; 260 done, 8s/thm, ETA 5 min)
targets_reductio_req_260: n_ok 449/2000 distinct_ok 1 first_hit 8 written_hist {7: 1} (5s; 261 done, 8s/thm, ETA 5 min)
targets_reductio_req_261: n_ok 0/2000 distinct_ok 0 first_hit None written_hist {} (7s; 262 done, 8s/thm, ETA 5 min)
targets_reductio_req_262: n_ok 4/2000 distinct_ok 1 first_hit 209 written_hist {7: 1} (3s; 263 done, 8s/thm, ETA 5 min)
targets_reductio_req_263: n_ok 0/2000 distinct_ok 0 first_hit None written_hist {} (3s; 264 done, 8s/thm, ETA 5 min)
targets_reductio_req_264: n_ok 3/2000 distinct_ok 1 first_hit 816 written_hist {7: 1} (5s; 265 done, 8s/thm, ETA 5 min)
targets_reductio_req_265: n_ok 0/2000 distinct_ok 0 first_hit None written_hist {} (5s; 266 done, 8s/thm, ETA 5 min)
targets_reductio_req_266: n_ok 166/2000 distinct_ok 1 first_hit 14 written_hist {7: 1} (6s; 267 done, 8s/thm, ETA 4 min)
targets_reductio_req_267: n_ok 0/2000 distinct_ok 0 first_hit None written_hist {} (8s; 268 done, 8s/thm, ETA 4 min)
targets_reductio_req_268: n_ok 32/2000 distinct_ok 1 first_hit 11 written_hist {7: 1} (5s; 269 done, 8s/thm, ETA 4 min)
targets_reductio_req_269: n_ok 0/2000 distinct_ok 0 first_hit None written_hist {} (5s; 270 done, 8s/thm, ETA 4 min)
targets_reductio_req_270: n_ok 0/2000 distinct_ok 0 first_hit None written_hist {} (6s; 271 done, 8s/thm, ETA 4 min)
targets_reductio_req_271: n_ok 0/2000 distinct_ok 0 first_hit None written_hist {} (8s; 272 done, 8s/thm, ETA 4 min)
targets_reductio_req_272: n_ok 0/2000 distinct_ok 0 first_hit None written_hist {} (5s; 273 done, 8s/thm, ETA 4 min)
targets_reductio_req_273: n_ok 0/2000 distinct_ok 0 first_hit None written_hist {} (5s; 274 done, 8s/thm, ETA 3 min)
targets_reductio_req_274: n_ok 0/2000 distinct_ok 0 first_hit None written_hist {} (6s; 275 done, 8s/thm, ETA 3 min)
targets_reductio_req_275: n_ok 0/2000 distinct_ok 0 first_hit None written_hist {} (11s; 276 done, 8s/thm, ETA 3 min)
targets_reductio_req_276: n_ok 0/2000 distinct_ok 0 first_hit None written_hist {} (13s; 277 done, 8s/thm, ETA 3 min)
targets_reductio_req_277: n_ok 0/2000 distinct_ok 0 first_hit None written_hist {} (6s; 278 done, 8s/thm, ETA 3 min)
targets_reductio_req_278: n_ok 0/2000 distinct_ok 0 first_hit None written_hist {} (7s; 279 done, 8s/thm, ETA 3 min)
targets_reductio_req_279: n_ok 0/2000 distinct_ok 0 first_hit None written_hist {} (6s; 280 done, 8s/thm, ETA 3 min)
targets_reductio_req_280: n_ok 0/2000 distinct_ok 0 first_hit None written_hist {} (7s; 281 done, 8s/thm, ETA 3 min)
targets_reductio_req_281: n_ok 0/2000 distinct_ok 0 first_hit None written_hist {} (4s; 282 done, 8s/thm, ETA 2 min)
targets_reductio_req_282: n_ok 0/2000 distinct_ok 0 first_hit None written_hist {} (15s; 283 done, 8s/thm, ETA 2 min)
targets_reductio_req_283: n_ok 0/2000 distinct_ok 0 first_hit None written_hist {} (5s; 284 done, 8s/thm, ETA 2 min)
targets_reductio_req_284: n_ok 0/2000 distinct_ok 0 first_hit None written_hist {} (7s; 285 done, 8s/thm, ETA 2 min)
targets_reductio_req_285: n_ok 0/2000 distinct_ok 0 first_hit None written_hist {} (7s; 286 done, 8s/thm, ETA 2 min)
targets_reductio_req_286: n_ok 0/2000 distinct_ok 0 first_hit None written_hist {} (5s; 287 done, 8s/thm, ETA 2 min)
targets_reductio_req_287: n_ok 0/2000 distinct_ok 0 first_hit None written_hist {} (5s; 288 done, 8s/thm, ETA 2 min)
targets_reductio_req_288: n_ok 0/2000 distinct_ok 0 first_hit None written_hist {} (7s; 289 done, 8s/thm, ETA 1 min)
targets_reductio_req_289: n_ok 0/2000 distinct_ok 0 first_hit None written_hist {} (6s; 290 done, 8s/thm, ETA 1 min)
targets_reductio_req_290: n_ok 0/2000 distinct_ok 0 first_hit None written_hist {} (7s; 291 done, 8s/thm, ETA 1 min)
targets_reductio_req_291: n_ok 0/2000 distinct_ok 0 first_hit None written_hist {} (8s; 292 done, 8s/thm, ETA 1 min)
targets_reductio_req_292: n_ok 98/2000 distinct_ok 1 first_hit 2 written_hist {7: 1} (6s; 293 done, 8s/thm, ETA 1 min)
targets_reductio_req_293: n_ok 0/2000 distinct_ok 0 first_hit None written_hist {} (7s; 294 done, 8s/thm, ETA 1 min)
targets_reductio_req_294: n_ok 0/2000 distinct_ok 0 first_hit None written_hist {} (4s; 295 done, 8s/thm, ETA 1 min)
targets_reductio_req_295: n_ok 0/2000 distinct_ok 0 first_hit None written_hist {} (5s; 296 done, 8s/thm, ETA 1 min)
targets_reductio_req_296: n_ok 0/2000 distinct_ok 0 first_hit None written_hist {} (5s; 297 done, 8s/thm, ETA 0 min)
targets_reductio_req_297: n_ok 0/2000 distinct_ok 0 first_hit None written_hist {} (5s; 298 done, 8s/thm, ETA 0 min)
targets_reductio_req_298: n_ok 0/2000 distinct_ok 0 first_hit None written_hist {} (8s; 299 done, 8s/thm, ETA 0 min)
targets_reductio_req_299: n_ok 0/2000 distinct_ok 0 first_hit None written_hist {} (6s; 300 done, 8s/thm, ETA 0 min)
DONE
END 2026-09-24T23:20:30Z
