START 2026-09-24T16:14:07Z until [ -f artifacts/nf/heldout_p1_s0.done ]; do sleep 30; done; python3 ladder_ei.py --outdir artifacts/nf --rounds 8 --k 32 --temperature 0.8 --batch 512 --max_new 512 --heldout data/p2/heldout.jsonl --init ckpts/nf/stage1_p1_s0.pt --train data/nf/train_p1.jsonl --seed 0 --name la_frozen_p1_s0 --no_train
[lean_gate] 143840 samples, parse-fail 58142, distinct checked 75966: both ok 6430, nd-only 0, lean-only 2, both rej 69534; lean 1130.6s wall (3375.5s proc, 3 workers), nd_verify 21.3s
[la_frozen_p1_s0 r1] targets (this round) SOLVED 691/4495 = 0.154 [0.143,0.165]
  len 7: 561/1800 = 0.312 [0.291,0.333]
  len 8: 108/1000 = 0.108 [0.090,0.129]
  len 9: 22/1004 = 0.022 [0.015,0.033]
  len 10: 0/456 = 0.000 [0.000,0.008]
  len 11: 0/99 = 0.000 [0.000,0.037]
  len 12: 0/106 = 0.000 [0.000,0.035]
  len 13: 0/16 = 0.000 [0.000,0.194]
  len 14: 0/14 = 0.000 [0.000,0.215]
  written hist {7: 667, 8: 236, 9: 32, 10: 2}
  pruned hist {5: 21, 6: 231, 7: 516, 8: 155, 9: 14}
  frontier written 9 pruned 9
  reasons [("parse: expected line index, got 'LEANPARSE'", 58142), ('rule check failed: IMPE', 25186), ('rule check failed: ANDI', 11781), ('rule check failed: ANDE2', 7653), ('rule check failed: NEGE', 7281), ('final formula is not the conclusion', 6124)]
[lean_gate] 73120 samples, parse-fail 28083, distinct checked 40232: both ok 314, nd-only 0, lean-only 0, both rej 39918; lean 449.9s wall (1327.7s proc, 3 workers), nd_verify 8.9s
[la_frozen_p1_s0 r1] transfer (this round, pass@32) SOLVED 58/2285 = 0.025 [0.020,0.033]
  len 7: 25/300 = 0.083 [0.057,0.120]
  len 8: 20/300 = 0.067 [0.044,0.101]
  len 9: 12/1010 = 0.012 [0.007,0.021]
  len 10: 1/451 = 0.002 [0.000,0.012]
  len 11: 0/99 = 0.000 [0.000,0.037]
  len 12: 0/102 = 0.000 [0.000,0.036]
  len 13: 0/13 = 0.000 [0.000,0.228]
  len 14: 0/10 = 0.000 [0.000,0.278]
  written hist {7: 33, 8: 29, 9: 15, 10: 1}
  pruned hist {5: 1, 6: 9, 7: 33, 8: 26, 9: 8, 10: 1}
  frontier written 9 pruned 9
  reasons [("parse: expected line index, got 'LEANPARSE'", 28083), ('rule check failed: IMPE', 14586), ('rule check failed: ANDI', 6898), ('rule check failed: NEGE', 4523), ('rule check failed: ANDE2', 4145), ('final formula is not the conclusion', 3592)]
[lean_gate] 2285 samples, parse-fail 847, distinct checked 1438: both ok 12, nd-only 0, lean-only 0, both rej 1426; lean 11.4s wall (27.6s proc, 3 workers), nd_verify 0.2s
[la_frozen_p1_s0 r1] transfer greedy SOLVED 12/2285 = 0.005 [0.003,0.009]
  len 7: 6/300 = 0.020 [0.009,0.043]
  len 8: 3/300 = 0.010 [0.003,0.029]
  len 9: 2/1010 = 0.002 [0.001,0.007]
  len 10: 1/451 = 0.002 [0.000,0.012]
  len 11: 0/99 = 0.000 [0.000,0.037]
  len 12: 0/102 = 0.000 [0.000,0.036]
  len 13: 0/13 = 0.000 [0.000,0.228]
  len 14: 0/10 = 0.000 [0.000,0.278]
  written hist {7: 5, 8: 3, 9: 3, 10: 1}
  pruned hist {6: 2, 7: 4, 8: 4, 9: 1, 10: 1}
  frontier written 7 pruned 0
  reasons [("parse: expected line index, got 'LEANPARSE'", 847), ('rule check failed: IMPE', 473), ('rule check failed: ANDI', 235), ('rule check failed: NEGE', 143), ('rule check failed: ANDE2', 111), ('final formula is not the conclusion', 101)]
[lean_gate] 5000 samples, parse-fail 409, distinct checked 4591: both ok 4363, nd-only 0, lean-only 1, both rej 227; lean 30.9s wall (89.7s proc, 3 workers), nd_verify 1.8s
[la_frozen_p1_s0 r1] heldout greedy SOLVED 4363/5000 = 0.873 [0.863,0.882]
  len 2: 997/1000 = 0.997 [0.991,0.999]
  len 3: 990/1000 = 0.990 [0.982,0.995]
  len 4: 956/1000 = 0.956 [0.941,0.967]
  len 5: 933/1000 = 0.933 [0.916,0.947]
  len 6: 487/1000 = 0.487 [0.456,0.518]
  written hist {2: 1021, 3: 988, 4: 946, 5: 977, 6: 430, 7: 1}
  pruned hist {2: 1021, 3: 989, 4: 947, 5: 976, 6: 429, 7: 1}
  frontier written 6 pruned 6
  reasons [("parse: expected line index, got 'LEANPARSE'", 409), ('rule check failed: ANDI', 43), ('rule check failed: IMPE', 37), ('rule check failed: ANDE2', 34), ('rule check failed: DN', 28), ('rule check failed: ORI2', 18)]
[la_frozen_p1_s0 r1] targets cumulative: solved 691/4495 L*=9 ge={7: 691, 8: 130, 9: 22, 10: 0, 11: 0, 12: 0}
[la_frozen_p1_s0 r1] transfer cumulative: solved 58/2285 L*=9 ge={7: 58, 8: 33, 9: 13, 10: 1, 11: 0, 12: 0}
=== round 1 done in 3485s; new proofs 937; cum targets solved 691 L*=9; transfer L*=9
[lean_gate] 143840 samples, parse-fail 58014, distinct checked 76189: both ok 6412, nd-only 0, lean-only 2, both rej 69775; lean 900.5s wall (2689.1s proc, 3 workers), nd_verify 43.6s
[la_frozen_p1_s0 r2] targets (this round) SOLVED 684/4495 = 0.152 [0.142,0.163]
  len 7: 558/1800 = 0.310 [0.289,0.332]
  len 8: 107/1000 = 0.107 [0.089,0.128]
  len 9: 19/1004 = 0.019 [0.012,0.029]
  len 10: 0/456 = 0.000 [0.000,0.008]
  len 11: 0/99 = 0.000 [0.000,0.037]
  len 12: 0/106 = 0.000 [0.000,0.035]
  len 13: 0/16 = 0.000 [0.000,0.194]
  len 14: 0/14 = 0.000 [0.000,0.215]
  written hist {7: 677, 8: 230, 9: 29, 10: 2}
  pruned hist {5: 25, 6: 223, 7: 514, 8: 162, 9: 14}
  frontier written 9 pruned 9
  reasons [("parse: expected line index, got 'LEANPARSE'", 58014), ('rule check failed: IMPE', 25106), ('rule check failed: ANDI', 11878), ('rule check failed: ANDE2', 7774), ('rule check failed: NEGE', 7303), ('final formula is not the conclusion', 6135)]
[lean_gate] 73120 samples, parse-fail 28153, distinct checked 40185: both ok 345, nd-only 0, lean-only 0, both rej 39840; lean 190.5s wall (568.1s proc, 3 workers), nd_verify 1.8s
[la_frozen_p1_s0 r2] transfer (this round, pass@32) SOLVED 61/2285 = 0.027 [0.021,0.034]
  len 7: 30/300 = 0.100 [0.071,0.139]
  len 8: 20/300 = 0.067 [0.044,0.101]
  len 9: 9/1010 = 0.009 [0.005,0.017]
  len 10: 2/451 = 0.004 [0.001,0.016]
  len 11: 0/99 = 0.000 [0.000,0.037]
  len 12: 0/102 = 0.000 [0.000,0.036]
  len 13: 0/13 = 0.000 [0.000,0.228]
  len 14: 0/10 = 0.000 [0.000,0.278]
  written hist {7: 38, 8: 32, 9: 12, 10: 2}
  pruned hist {5: 1, 6: 7, 7: 40, 8: 28, 9: 6, 10: 2}
  frontier written 9 pruned 9
  reasons [("parse: expected line index, got 'LEANPARSE'", 28153), ('rule check failed: IMPE', 14446), ('rule check failed: ANDI', 6949), ('rule check failed: NEGE', 4458), ('rule check failed: ANDE2', 4176), ('final formula is not the conclusion', 3592)]
[lean_gate] 2285 samples, parse-fail 847, distinct checked 1438: both ok 12, nd-only 0, lean-only 0, both rej 1426; lean 6.7s wall (17.3s proc, 3 workers), nd_verify 0.1s
[la_frozen_p1_s0 r2] transfer greedy SOLVED 12/2285 = 0.005 [0.003,0.009]
  len 7: 6/300 = 0.020 [0.009,0.043]
  len 8: 3/300 = 0.010 [0.003,0.029]
  len 9: 2/1010 = 0.002 [0.001,0.007]
  len 10: 1/451 = 0.002 [0.000,0.012]
  len 11: 0/99 = 0.000 [0.000,0.037]
  len 12: 0/102 = 0.000 [0.000,0.036]
  len 13: 0/13 = 0.000 [0.000,0.228]
  len 14: 0/10 = 0.000 [0.000,0.278]
  written hist {7: 5, 8: 3, 9: 3, 10: 1}
  pruned hist {6: 2, 7: 4, 8: 4, 9: 1, 10: 1}
  frontier written 7 pruned 0
  reasons [("parse: expected line index, got 'LEANPARSE'", 847), ('rule check failed: IMPE', 473), ('rule check failed: ANDI', 235), ('rule check failed: NEGE', 143), ('rule check failed: ANDE2', 111), ('final formula is not the conclusion', 101)]
[lean_gate] 5000 samples, parse-fail 409, distinct checked 4591: both ok 4363, nd-only 0, lean-only 1, both rej 227; lean 29.2s wall (85.6s proc, 3 workers), nd_verify 2.0s
[la_frozen_p1_s0 r2] heldout greedy SOLVED 4363/5000 = 0.873 [0.863,0.882]
  len 2: 997/1000 = 0.997 [0.991,0.999]
  len 3: 990/1000 = 0.990 [0.982,0.995]
  len 4: 956/1000 = 0.956 [0.941,0.967]
  len 5: 933/1000 = 0.933 [0.916,0.947]
  len 6: 487/1000 = 0.487 [0.456,0.518]
  written hist {2: 1021, 3: 988, 4: 946, 5: 977, 6: 430, 7: 1}
  pruned hist {2: 1021, 3: 989, 4: 947, 5: 976, 6: 429, 7: 1}
  frontier written 6 pruned 6
  reasons [("parse: expected line index, got 'LEANPARSE'", 409), ('rule check failed: ANDI', 43), ('rule check failed: IMPE', 37), ('rule check failed: ANDE2', 34), ('rule check failed: DN', 28), ('rule check failed: ORI2', 18)]
[la_frozen_p1_s0 r2] targets cumulative: solved 804/4495 L*=9 ge={7: 804, 8: 162, 9: 27, 10: 0, 11: 0, 12: 0}
[la_frozen_p1_s0 r2] transfer cumulative: solved 78/2285 L*=9 ge={7: 78, 8: 46, 9: 18, 10: 2, 11: 0, 12: 0}
=== round 2 done in 3044s; new proofs 219; cum targets solved 804 L*=9; transfer L*=9
[lean_gate] 143840 samples, parse-fail 58258, distinct checked 76062: both ok 6446, nd-only 0, lean-only 0, both rej 69616; lean 432.8s wall (1288.8s proc, 3 workers), nd_verify 49.0s
[la_frozen_p1_s0 r3] targets (this round) SOLVED 680/4495 = 0.151 [0.141,0.162]
  len 7: 549/1800 = 0.305 [0.284,0.327]
  len 8: 107/1000 = 0.107 [0.089,0.128]
  len 9: 23/1004 = 0.023 [0.015,0.034]
  len 10: 1/456 = 0.002 [0.000,0.012]
  len 11: 0/99 = 0.000 [0.000,0.037]
  len 12: 0/106 = 0.000 [0.000,0.035]
  len 13: 0/16 = 0.000 [0.000,0.194]
  len 14: 0/14 = 0.000 [0.000,0.215]
  written hist {7: 652, 8: 232, 9: 34, 10: 3}
  pruned hist {5: 22, 6: 229, 7: 492, 8: 160, 9: 18}
  frontier written 9 pruned 9
  reasons [("parse: expected line index, got 'LEANPARSE'", 58258), ('rule check failed: IMPE', 25096), ('rule check failed: ANDI', 11717), ('rule check failed: ANDE2', 7766), ('rule check failed: NEGE', 7343), ('final formula is not the conclusion', 6086)]
[lean_gate] 73120 samples, parse-fail 28095, distinct checked 40157: both ok 363, nd-only 0, lean-only 0, both rej 39794; lean 164.6s wall (489.2s proc, 3 workers), nd_verify 1.8s
[la_frozen_p1_s0 r3] transfer (this round, pass@32) SOLVED 65/2285 = 0.028 [0.022,0.036]
  len 7: 32/300 = 0.107 [0.077,0.147]
  len 8: 22/300 = 0.073 [0.049,0.109]
  len 9: 10/1010 = 0.010 [0.005,0.018]
  len 10: 1/451 = 0.002 [0.000,0.012]
  len 11: 0/99 = 0.000 [0.000,0.037]
  len 12: 0/102 = 0.000 [0.000,0.036]
  len 13: 0/13 = 0.000 [0.000,0.228]
  len 14: 0/10 = 0.000 [0.000,0.278]
  written hist {7: 39, 8: 32, 9: 14, 10: 1}
  pruned hist {5: 1, 6: 7, 7: 41, 8: 31, 9: 5, 10: 1}
  frontier written 9 pruned 9
  reasons [("parse: expected line index, got 'LEANPARSE'", 28095), ('rule check failed: IMPE', 14532), ('rule check failed: ANDI', 6843), ('rule check failed: NEGE', 4501), ('rule check failed: ANDE2', 4178), ('final formula is not the conclusion', 3538)]
[lean_gate] 2285 samples, parse-fail 847, distinct checked 1438: both ok 12, nd-only 0, lean-only 0, both rej 1426; lean 6.6s wall (16.8s proc, 3 workers), nd_verify 0.1s
[la_frozen_p1_s0 r3] transfer greedy SOLVED 12/2285 = 0.005 [0.003,0.009]
  len 7: 6/300 = 0.020 [0.009,0.043]
  len 8: 3/300 = 0.010 [0.003,0.029]
  len 9: 2/1010 = 0.002 [0.001,0.007]
  len 10: 1/451 = 0.002 [0.000,0.012]
  len 11: 0/99 = 0.000 [0.000,0.037]
  len 12: 0/102 = 0.000 [0.000,0.036]
  len 13: 0/13 = 0.000 [0.000,0.228]
  len 14: 0/10 = 0.000 [0.000,0.278]
  written hist {7: 5, 8: 3, 9: 3, 10: 1}
  pruned hist {6: 2, 7: 4, 8: 4, 9: 1, 10: 1}
  frontier written 7 pruned 0
  reasons [("parse: expected line index, got 'LEANPARSE'", 847), ('rule check failed: IMPE', 473), ('rule check failed: ANDI', 235), ('rule check failed: NEGE', 143), ('rule check failed: ANDE2', 111), ('final formula is not the conclusion', 101)]
[lean_gate] 5000 samples, parse-fail 409, distinct checked 4591: both ok 4363, nd-only 0, lean-only 1, both rej 227; lean 12.6s wall (36.7s proc, 3 workers), nd_verify 0.2s
[la_frozen_p1_s0 r3] heldout greedy SOLVED 4363/5000 = 0.873 [0.863,0.882]
  len 2: 997/1000 = 0.997 [0.991,0.999]
  len 3: 990/1000 = 0.990 [0.982,0.995]
  len 4: 956/1000 = 0.956 [0.941,0.967]
  len 5: 933/1000 = 0.933 [0.916,0.947]
  len 6: 487/1000 = 0.487 [0.456,0.518]
  written hist {2: 1021, 3: 988, 4: 946, 5: 977, 6: 430, 7: 1}
  pruned hist {2: 1021, 3: 989, 4: 947, 5: 976, 6: 429, 7: 1}
  frontier written 6 pruned 6
  reasons [("parse: expected line index, got 'LEANPARSE'", 409), ('rule check failed: ANDI', 43), ('rule check failed: IMPE', 37), ('rule check failed: ANDE2', 34), ('rule check failed: DN', 28), ('rule check failed: ORI2', 18)]
[la_frozen_p1_s0 r3] targets cumulative: solved 863/4495 L*=9 ge={7: 863, 8: 179, 9: 31, 10: 1, 11: 0, 12: 0}
[la_frozen_p1_s0 r3] transfer cumulative: solved 88/2285 L*=9 ge={7: 88, 8: 49, 9: 20, 10: 2, 11: 0, 12: 0}
=== round 3 done in 2719s; new proofs 116; cum targets solved 863 L*=9; transfer L*=9
[lean_gate] 143840 samples, parse-fail 58061, distinct checked 76244: both ok 6478, nd-only 0, lean-only 2, both rej 69764; lean 328.4s wall (979.5s proc, 3 workers), nd_verify 3.4s
[la_frozen_p1_s0 r4] targets (this round) SOLVED 672/4495 = 0.149 [0.139,0.160]
  len 7: 542/1800 = 0.301 [0.280,0.323]
  len 8: 106/1000 = 0.106 [0.088,0.127]
  len 9: 24/1004 = 0.024 [0.016,0.035]
  len 10: 0/456 = 0.000 [0.000,0.008]
  len 11: 0/99 = 0.000 [0.000,0.037]
  len 12: 0/106 = 0.000 [0.000,0.035]
  len 13: 0/16 = 0.000 [0.000,0.194]
  len 14: 0/14 = 0.000 [0.000,0.215]
  written hist {7: 647, 8: 213, 9: 37}
  pruned hist {5: 21, 6: 220, 7: 482, 8: 161, 9: 13}
  frontier written 9 pruned 9
  reasons [("parse: expected line index, got 'LEANPARSE'", 58061), ('rule check failed: IMPE', 25191), ('rule check failed: ANDI', 11759), ('rule check failed: ANDE2', 7802), ('rule check failed: NEGE', 7177), ('final formula is not the conclusion', 6160)]
[lean_gate] 73120 samples, parse-fail 28203, distinct checked 40058: both ok 323, nd-only 0, lean-only 0, both rej 39735; lean 557.7s wall (1660.7s proc, 3 workers), nd_verify 12.3s
[la_frozen_p1_s0 r4] transfer (this round, pass@32) SOLVED 60/2285 = 0.026 [0.020,0.034]
  len 7: 30/300 = 0.100 [0.071,0.139]
  len 8: 19/300 = 0.063 [0.041,0.097]
  len 9: 9/1010 = 0.009 [0.005,0.017]
  len 10: 2/451 = 0.004 [0.001,0.016]
  len 11: 0/99 = 0.000 [0.000,0.037]
  len 12: 0/102 = 0.000 [0.000,0.036]
  len 13: 0/13 = 0.000 [0.000,0.228]
  len 14: 0/10 = 0.000 [0.000,0.278]
  written hist {7: 41, 8: 27, 9: 12, 10: 2}
  pruned hist {5: 1, 6: 9, 7: 38, 8: 27, 9: 5, 10: 2}
  frontier written 9 pruned 9
  reasons [("parse: expected line index, got 'LEANPARSE'", 28203), ('rule check failed: IMPE', 14456), ('rule check failed: ANDI', 6915), ('rule check failed: NEGE', 4503), ('rule check failed: ANDE2', 4154), ('final formula is not the conclusion', 3616)]
[lean_gate] 2285 samples, parse-fail 847, distinct checked 1438: both ok 12, nd-only 0, lean-only 0, both rej 1426; lean 14.3s wall (34.5s proc, 3 workers), nd_verify 0.1s
[la_frozen_p1_s0 r4] transfer greedy SOLVED 12/2285 = 0.005 [0.003,0.009]
  len 7: 6/300 = 0.020 [0.009,0.043]
  len 8: 3/300 = 0.010 [0.003,0.029]
  len 9: 2/1010 = 0.002 [0.001,0.007]
  len 10: 1/451 = 0.002 [0.000,0.012]
  len 11: 0/99 = 0.000 [0.000,0.037]
  len 12: 0/102 = 0.000 [0.000,0.036]
  len 13: 0/13 = 0.000 [0.000,0.228]
  len 14: 0/10 = 0.000 [0.000,0.278]
  written hist {7: 5, 8: 3, 9: 3, 10: 1}
  pruned hist {6: 2, 7: 4, 8: 4, 9: 1, 10: 1}
  frontier written 7 pruned 0
  reasons [("parse: expected line index, got 'LEANPARSE'", 847), ('rule check failed: IMPE', 473), ('rule check failed: ANDI', 235), ('rule check failed: NEGE', 143), ('rule check failed: ANDE2', 111), ('final formula is not the conclusion', 101)]
[lean_gate] 5000 samples, parse-fail 409, distinct checked 4591: both ok 4363, nd-only 0, lean-only 1, both rej 227; lean 30.2s wall (85.3s proc, 3 workers), nd_verify 1.4s
[la_frozen_p1_s0 r4] heldout greedy SOLVED 4363/5000 = 0.873 [0.863,0.882]
  len 2: 997/1000 = 0.997 [0.991,0.999]
  len 3: 990/1000 = 0.990 [0.982,0.995]
  len 4: 956/1000 = 0.956 [0.941,0.967]
  len 5: 933/1000 = 0.933 [0.916,0.947]
  len 6: 487/1000 = 0.487 [0.456,0.518]
  written hist {2: 1021, 3: 988, 4: 946, 5: 977, 6: 430, 7: 1}
  pruned hist {2: 1021, 3: 989, 4: 947, 5: 976, 6: 429, 7: 1}
  frontier written 6 pruned 6
  reasons [("parse: expected line index, got 'LEANPARSE'", 409), ('rule check failed: ANDI', 43), ('rule check failed: IMPE', 37), ('rule check failed: ANDE2', 34), ('rule check failed: DN', 28), ('rule check failed: ORI2', 18)]
[la_frozen_p1_s0 r4] targets cumulative: solved 910/4495 L*=9 ge={7: 910, 8: 192, 9: 36, 10: 1, 11: 0, 12: 0}
[la_frozen_p1_s0 r4] transfer cumulative: solved 95/2285 L*=9 ge={7: 95, 8: 54, 9: 23, 10: 3, 11: 0, 12: 0}
=== round 4 done in 3043s; new proofs 84; cum targets solved 910 L*=9; transfer L*=9
[lean_gate] 143840 samples, parse-fail 58120, distinct checked 76115: both ok 6407, nd-only 0, lean-only 0, both rej 69708; lean 306.7s wall (916.4s proc, 3 workers), nd_verify 3.5s
[la_frozen_p1_s0 r5] targets (this round) SOLVED 687/4495 = 0.153 [0.143,0.164]
  len 7: 560/1800 = 0.311 [0.290,0.333]
  len 8: 105/1000 = 0.105 [0.087,0.126]
  len 9: 21/1004 = 0.021 [0.014,0.032]
  len 10: 1/456 = 0.002 [0.000,0.012]
  len 11: 0/99 = 0.000 [0.000,0.037]
  len 12: 0/106 = 0.000 [0.000,0.035]
  len 13: 0/16 = 0.000 [0.000,0.194]
  len 14: 0/14 = 0.000 [0.000,0.215]
  written hist {7: 664, 8: 218, 9: 37, 10: 5}
  pruned hist {5: 23, 6: 216, 7: 510, 8: 155, 9: 19, 10: 1}
  frontier written 10 pruned 9
  reasons [("parse: expected line index, got 'LEANPARSE'", 58120), ('rule check failed: IMPE', 25039), ('rule check failed: ANDI', 11787), ('rule check failed: ANDE2', 7777), ('rule check failed: NEGE', 7298), ('final formula is not the conclusion', 6085)]
[lean_gate] 73120 samples, parse-fail 28161, distinct checked 40136: both ok 345, nd-only 0, lean-only 0, both rej 39791; lean 180.5s wall (537.3s proc, 3 workers), nd_verify 1.8s
[la_frozen_p1_s0 r5] transfer (this round, pass@32) SOLVED 61/2285 = 0.027 [0.021,0.034]
  len 7: 29/300 = 0.097 [0.068,0.135]
  len 8: 21/300 = 0.070 [0.046,0.105]
  len 9: 10/1010 = 0.010 [0.005,0.018]
  len 10: 1/451 = 0.002 [0.000,0.012]
  len 11: 0/99 = 0.000 [0.000,0.037]
  len 12: 0/102 = 0.000 [0.000,0.036]
  len 13: 0/13 = 0.000 [0.000,0.228]
  len 14: 0/10 = 0.000 [0.000,0.278]
  written hist {7: 35, 8: 29, 9: 13, 10: 2}
  pruned hist {5: 1, 6: 8, 7: 36, 8: 26, 9: 7, 10: 1}
  frontier written 9 pruned 9
  reasons [("parse: expected line index, got 'LEANPARSE'", 28161), ('rule check failed: IMPE', 14554), ('rule check failed: ANDI', 6823), ('rule check failed: NEGE', 4456), ('rule check failed: ANDE2', 4195), ('final formula is not the conclusion', 3539)]
[lean_gate] 2285 samples, parse-fail 847, distinct checked 1438: both ok 12, nd-only 0, lean-only 0, both rej 1426; lean 5.6s wall (14.6s proc, 3 workers), nd_verify 0.1s
[la_frozen_p1_s0 r5] transfer greedy SOLVED 12/2285 = 0.005 [0.003,0.009]
  len 7: 6/300 = 0.020 [0.009,0.043]
  len 8: 3/300 = 0.010 [0.003,0.029]
  len 9: 2/1010 = 0.002 [0.001,0.007]
  len 10: 1/451 = 0.002 [0.000,0.012]
  len 11: 0/99 = 0.000 [0.000,0.037]
  len 12: 0/102 = 0.000 [0.000,0.036]
  len 13: 0/13 = 0.000 [0.000,0.228]
  len 14: 0/10 = 0.000 [0.000,0.278]
  written hist {7: 5, 8: 3, 9: 3, 10: 1}
  pruned hist {6: 2, 7: 4, 8: 4, 9: 1, 10: 1}
  frontier written 7 pruned 0
  reasons [("parse: expected line index, got 'LEANPARSE'", 847), ('rule check failed: IMPE', 473), ('rule check failed: ANDI', 235), ('rule check failed: NEGE', 143), ('rule check failed: ANDE2', 111), ('final formula is not the conclusion', 101)]
[lean_gate] 5000 samples, parse-fail 409, distinct checked 4591: both ok 4363, nd-only 0, lean-only 1, both rej 227; lean 10.6s wall (31.1s proc, 3 workers), nd_verify 0.2s
[la_frozen_p1_s0 r5] heldout greedy SOLVED 4363/5000 = 0.873 [0.863,0.882]
  len 2: 997/1000 = 0.997 [0.991,0.999]
  len 3: 990/1000 = 0.990 [0.982,0.995]
  len 4: 956/1000 = 0.956 [0.941,0.967]
  len 5: 933/1000 = 0.933 [0.916,0.947]
  len 6: 487/1000 = 0.487 [0.456,0.518]
  written hist {2: 1021, 3: 988, 4: 946, 5: 977, 6: 430, 7: 1}
  pruned hist {2: 1021, 3: 989, 4: 947, 5: 976, 6: 429, 7: 1}
  frontier written 6 pruned 6
  reasons [("parse: expected line index, got 'LEANPARSE'", 409), ('rule check failed: ANDI', 43), ('rule check failed: IMPE', 37), ('rule check failed: ANDE2', 34), ('rule check failed: DN', 28), ('rule check failed: ORI2', 18)]
[la_frozen_p1_s0 r5] targets cumulative: solved 958/4495 L*=9 ge={7: 958, 8: 205, 9: 38, 10: 2, 11: 0, 12: 0}
[la_frozen_p1_s0 r5] transfer cumulative: solved 99/2285 L*=9 ge={7: 99, 8: 57, 9: 25, 10: 3, 11: 0, 12: 0}
=== round 5 done in 2503s; new proofs 82; cum targets solved 958 L*=9; transfer L*=9
[lean_gate] 143840 samples, parse-fail 58311, distinct checked 75859: both ok 6416, nd-only 0, lean-only 0, both rej 69443; lean 787.3s wall (2352.0s proc, 3 workers), nd_verify 3.6s
[la_frozen_p1_s0 r6] targets (this round) SOLVED 676/4495 = 0.150 [0.140,0.161]
  len 7: 543/1800 = 0.302 [0.281,0.323]
  len 8: 109/1000 = 0.109 [0.091,0.130]
  len 9: 24/1004 = 0.024 [0.016,0.035]
  len 10: 0/456 = 0.000 [0.000,0.008]
  len 11: 0/99 = 0.000 [0.000,0.037]
  len 12: 0/106 = 0.000 [0.000,0.035]
  len 13: 0/16 = 0.000 [0.000,0.194]
  len 14: 0/14 = 0.000 [0.000,0.215]
  written hist {7: 652, 8: 224, 9: 38}
  pruned hist {5: 25, 6: 219, 7: 494, 8: 159, 9: 17}
  frontier written 9 pruned 9
  reasons [("parse: expected line index, got 'LEANPARSE'", 58311), ('rule check failed: IMPE', 25089), ('rule check failed: ANDI', 11681), ('rule check failed: ANDE2', 7760), ('rule check failed: NEGE', 7272), ('final formula is not the conclusion', 6138)]
[lean_gate] 73120 samples, parse-fail 28086, distinct checked 40268: both ok 345, nd-only 0, lean-only 0, both rej 39923; lean 161.9s wall (480.0s proc, 3 workers), nd_verify 5.8s
[la_frozen_p1_s0 r6] transfer (this round, pass@32) SOLVED 66/2285 = 0.029 [0.023,0.037]
  len 7: 31/300 = 0.103 [0.074,0.143]
  len 8: 20/300 = 0.067 [0.044,0.101]
  len 9: 14/1010 = 0.014 [0.008,0.023]
  len 10: 1/451 = 0.002 [0.000,0.012]
  len 11: 0/99 = 0.000 [0.000,0.037]
  len 12: 0/102 = 0.000 [0.000,0.036]
  len 13: 0/13 = 0.000 [0.000,0.228]
  len 14: 0/10 = 0.000 [0.000,0.278]
  written hist {7: 34, 8: 32, 9: 16, 10: 2}
  pruned hist {5: 1, 6: 8, 7: 33, 8: 34, 9: 7, 10: 1}
  frontier written 9 pruned 9
  reasons [("parse: expected line index, got 'LEANPARSE'", 28086), ('rule check failed: IMPE', 14622), ('rule check failed: ANDI', 6885), ('rule check failed: NEGE', 4482), ('rule check failed: ANDE2', 4170), ('final formula is not the conclusion', 3640)]
[lean_gate] 2285 samples, parse-fail 847, distinct checked 1438: both ok 12, nd-only 0, lean-only 0, both rej 1426; lean 9.3s wall (21.9s proc, 3 workers), nd_verify 0.1s
[la_frozen_p1_s0 r6] transfer greedy SOLVED 12/2285 = 0.005 [0.003,0.009]
  len 7: 6/300 = 0.020 [0.009,0.043]
  len 8: 3/300 = 0.010 [0.003,0.029]
  len 9: 2/1010 = 0.002 [0.001,0.007]
  len 10: 1/451 = 0.002 [0.000,0.012]
  len 11: 0/99 = 0.000 [0.000,0.037]
  len 12: 0/102 = 0.000 [0.000,0.036]
  len 13: 0/13 = 0.000 [0.000,0.228]
  len 14: 0/10 = 0.000 [0.000,0.278]
  written hist {7: 5, 8: 3, 9: 3, 10: 1}
  pruned hist {6: 2, 7: 4, 8: 4, 9: 1, 10: 1}
  frontier written 7 pruned 0
  reasons [("parse: expected line index, got 'LEANPARSE'", 847), ('rule check failed: IMPE', 473), ('rule check failed: ANDI', 235), ('rule check failed: NEGE', 143), ('rule check failed: ANDE2', 111), ('final formula is not the conclusion', 101)]
[lean_gate] 5000 samples, parse-fail 409, distinct checked 4591: both ok 4363, nd-only 0, lean-only 1, both rej 227; lean 8.4s wall (24.7s proc, 3 workers), nd_verify 0.2s
[la_frozen_p1_s0 r6] heldout greedy SOLVED 4363/5000 = 0.873 [0.863,0.882]
  len 2: 997/1000 = 0.997 [0.991,0.999]
  len 3: 990/1000 = 0.990 [0.982,0.995]
  len 4: 956/1000 = 0.956 [0.941,0.967]
  len 5: 933/1000 = 0.933 [0.916,0.947]
  len 6: 487/1000 = 0.487 [0.456,0.518]
  written hist {2: 1021, 3: 988, 4: 946, 5: 977, 6: 430, 7: 1}
  pruned hist {2: 1021, 3: 989, 4: 947, 5: 976, 6: 429, 7: 1}
  frontier written 6 pruned 6
  reasons [("parse: expected line index, got 'LEANPARSE'", 409), ('rule check failed: ANDI', 43), ('rule check failed: IMPE', 37), ('rule check failed: ANDE2', 34), ('rule check failed: DN', 28), ('rule check failed: ORI2', 18)]
[la_frozen_p1_s0 r6] targets cumulative: solved 984/4495 L*=9 ge={7: 984, 8: 215, 9: 40, 10: 2, 11: 0, 12: 0}
[la_frozen_p1_s0 r6] transfer cumulative: solved 106/2285 L*=9 ge={7: 106, 8: 62, 9: 29, 10: 3, 11: 0, 12: 0}
=== round 6 done in 2838s; new proofs 58; cum targets solved 984 L*=9; transfer L*=9
[lean_gate] 143840 samples, parse-fail 58254, distinct checked 75910: both ok 6483, nd-only 0, lean-only 1, both rej 69426; lean 875.0s wall (2609.4s proc, 3 workers), nd_verify 22.1s
[la_frozen_p1_s0 r7] targets (this round) SOLVED 688/4495 = 0.153 [0.143,0.164]
  len 7: 561/1800 = 0.312 [0.291,0.333]
  len 8: 105/1000 = 0.105 [0.087,0.126]
  len 9: 22/1004 = 0.022 [0.015,0.033]
  len 10: 0/456 = 0.000 [0.000,0.008]
  len 11: 0/99 = 0.000 [0.000,0.037]
  len 12: 0/106 = 0.000 [0.000,0.035]
  len 13: 0/16 = 0.000 [0.000,0.194]
  len 14: 0/14 = 0.000 [0.000,0.215]
  written hist {7: 671, 8: 227, 9: 41, 10: 5}
  pruned hist {5: 25, 6: 224, 7: 524, 8: 155, 9: 16}
  frontier written 10 pruned 9
  reasons [("parse: expected line index, got 'LEANPARSE'", 58254), ('rule check failed: IMPE', 25018), ('rule check failed: ANDI', 11693), ('rule check failed: ANDE2', 7750), ('rule check failed: NEGE', 7254), ('final formula is not the conclusion', 6159)]
[lean_gate] 73120 samples, parse-fail 28194, distinct checked 40104: both ok 339, nd-only 0, lean-only 0, both rej 39765; lean 144.1s wall (429.2s proc, 3 workers), nd_verify 5.9s
[la_frozen_p1_s0 r7] transfer (this round, pass@32) SOLVED 62/2285 = 0.027 [0.021,0.035]
  len 7: 29/300 = 0.097 [0.068,0.135]
  len 8: 20/300 = 0.067 [0.044,0.101]
  len 9: 12/1010 = 0.012 [0.007,0.021]
  len 10: 1/451 = 0.002 [0.000,0.012]
  len 11: 0/99 = 0.000 [0.000,0.037]
  len 12: 0/102 = 0.000 [0.000,0.036]
  len 13: 0/13 = 0.000 [0.000,0.228]
  len 14: 0/10 = 0.000 [0.000,0.278]
  written hist {7: 38, 8: 28, 9: 16, 10: 2}
  pruned hist {5: 1, 6: 10, 7: 37, 8: 29, 9: 6, 10: 1}
  frontier written 9 pruned 9
  reasons [("parse: expected line index, got 'LEANPARSE'", 28194), ('rule check failed: IMPE', 14387), ('rule check failed: ANDI', 6871), ('rule check failed: NEGE', 4482), ('rule check failed: ANDE2', 4238), ('final formula is not the conclusion', 3608)]
[lean_gate] 2285 samples, parse-fail 847, distinct checked 1438: both ok 12, nd-only 0, lean-only 0, both rej 1426; lean 8.3s wall (20.5s proc, 3 workers), nd_verify 0.3s
[la_frozen_p1_s0 r7] transfer greedy SOLVED 12/2285 = 0.005 [0.003,0.009]
  len 7: 6/300 = 0.020 [0.009,0.043]
  len 8: 3/300 = 0.010 [0.003,0.029]
  len 9: 2/1010 = 0.002 [0.001,0.007]
  len 10: 1/451 = 0.002 [0.000,0.012]
  len 11: 0/99 = 0.000 [0.000,0.037]
  len 12: 0/102 = 0.000 [0.000,0.036]
  len 13: 0/13 = 0.000 [0.000,0.228]
  len 14: 0/10 = 0.000 [0.000,0.278]
  written hist {7: 5, 8: 3, 9: 3, 10: 1}
  pruned hist {6: 2, 7: 4, 8: 4, 9: 1, 10: 1}
  frontier written 7 pruned 0
  reasons [("parse: expected line index, got 'LEANPARSE'", 847), ('rule check failed: IMPE', 473), ('rule check failed: ANDI', 235), ('rule check failed: NEGE', 143), ('rule check failed: ANDE2', 111), ('final formula is not the conclusion', 101)]
[lean_gate] 5000 samples, parse-fail 409, distinct checked 4591: both ok 4363, nd-only 0, lean-only 1, both rej 227; lean 8.0s wall (23.3s proc, 3 workers), nd_verify 0.2s
[la_frozen_p1_s0 r7] heldout greedy SOLVED 4363/5000 = 0.873 [0.863,0.882]
  len 2: 997/1000 = 0.997 [0.991,0.999]
  len 3: 990/1000 = 0.990 [0.982,0.995]
  len 4: 956/1000 = 0.956 [0.941,0.967]
  len 5: 933/1000 = 0.933 [0.916,0.947]
  len 6: 487/1000 = 0.487 [0.456,0.518]
  written hist {2: 1021, 3: 988, 4: 946, 5: 977, 6: 430, 7: 1}
  pruned hist {2: 1021, 3: 989, 4: 947, 5: 976, 6: 429, 7: 1}
  frontier written 6 pruned 6
  reasons [("parse: expected line index, got 'LEANPARSE'", 409), ('rule check failed: ANDI', 43), ('rule check failed: IMPE', 37), ('rule check failed: ANDE2', 34), ('rule check failed: DN', 28), ('rule check failed: ORI2', 18)]
[la_frozen_p1_s0 r7] targets cumulative: solved 1014/4495 L*=9 ge={7: 1014, 8: 224, 9: 42, 10: 2, 11: 0, 12: 0}
[la_frozen_p1_s0 r7] transfer cumulative: solved 110/2285 L*=9 ge={7: 110, 8: 63, 9: 30, 10: 3, 11: 0, 12: 0}
=== round 7 done in 2860s; new proofs 69; cum targets solved 1014 L*=9; transfer L*=9
[lean_gate] 143840 samples, parse-fail 58002, distinct checked 76274: both ok 6402, nd-only 0, lean-only 1, both rej 69871; lean 495.9s wall (1476.4s proc, 3 workers), nd_verify 27.6s
[la_frozen_p1_s0 r8] targets (this round) SOLVED 684/4495 = 0.152 [0.142,0.163]
  len 7: 551/1800 = 0.306 [0.285,0.328]
  len 8: 109/1000 = 0.109 [0.091,0.130]
  len 9: 24/1004 = 0.024 [0.016,0.035]
  len 10: 0/456 = 0.000 [0.000,0.008]
  len 11: 0/99 = 0.000 [0.000,0.037]
  len 12: 0/106 = 0.000 [0.000,0.035]
  len 13: 0/16 = 0.000 [0.000,0.194]
  len 14: 0/14 = 0.000 [0.000,0.215]
  written hist {7: 659, 8: 229, 9: 38, 10: 2}
  pruned hist {5: 19, 6: 217, 7: 520, 8: 155, 9: 17}
  frontier written 9 pruned 9
  reasons [("parse: expected line index, got 'LEANPARSE'", 58002), ('rule check failed: IMPE', 25144), ('rule check failed: ANDI', 11853), ('rule check failed: ANDE2', 7906), ('rule check failed: NEGE', 7243), ('final formula is not the conclusion', 6086)]
[lean_gate] 73120 samples, parse-fail 27982, distinct checked 40341: both ok 331, nd-only 0, lean-only 0, both rej 40010; lean 194.4s wall (578.4s proc, 3 workers), nd_verify 6.6s
[la_frozen_p1_s0 r8] transfer (this round, pass@32) SOLVED 64/2285 = 0.028 [0.022,0.036]
  len 7: 27/300 = 0.090 [0.063,0.128]
  len 8: 23/300 = 0.077 [0.052,0.112]
  len 9: 13/1010 = 0.013 [0.008,0.022]
  len 10: 1/451 = 0.002 [0.000,0.012]
  len 11: 0/99 = 0.000 [0.000,0.037]
  len 12: 0/102 = 0.000 [0.000,0.036]
  len 13: 0/13 = 0.000 [0.000,0.228]
  len 14: 0/10 = 0.000 [0.000,0.278]
  written hist {7: 35, 8: 34, 9: 15, 10: 1}
  pruned hist {5: 1, 6: 8, 7: 36, 8: 34, 9: 5, 10: 1}
  frontier written 9 pruned 9
  reasons [("parse: expected line index, got 'LEANPARSE'", 27982), ('rule check failed: IMPE', 14522), ('rule check failed: ANDI', 6877), ('rule check failed: NEGE', 4510), ('rule check failed: ANDE2', 4221), ('final formula is not the conclusion', 3668)]
[lean_gate] 2285 samples, parse-fail 847, distinct checked 1438: both ok 12, nd-only 0, lean-only 0, both rej 1426; lean 4.1s wall (10.3s proc, 3 workers), nd_verify 0.1s
[la_frozen_p1_s0 r8] transfer greedy SOLVED 12/2285 = 0.005 [0.003,0.009]
  len 7: 6/300 = 0.020 [0.009,0.043]
  len 8: 3/300 = 0.010 [0.003,0.029]
  len 9: 2/1010 = 0.002 [0.001,0.007]
  len 10: 1/451 = 0.002 [0.000,0.012]
  len 11: 0/99 = 0.000 [0.000,0.037]
  len 12: 0/102 = 0.000 [0.000,0.036]
  len 13: 0/13 = 0.000 [0.000,0.228]
  len 14: 0/10 = 0.000 [0.000,0.278]
  written hist {7: 5, 8: 3, 9: 3, 10: 1}
  pruned hist {6: 2, 7: 4, 8: 4, 9: 1, 10: 1}
  frontier written 7 pruned 0
  reasons [("parse: expected line index, got 'LEANPARSE'", 847), ('rule check failed: IMPE', 473), ('rule check failed: ANDI', 235), ('rule check failed: NEGE', 143), ('rule check failed: ANDE2', 111), ('final formula is not the conclusion', 101)]
[lean_gate] 5000 samples, parse-fail 409, distinct checked 4591: both ok 4363, nd-only 0, lean-only 1, both rej 227; lean 8.1s wall (23.4s proc, 3 workers), nd_verify 0.2s
[la_frozen_p1_s0 r8] heldout greedy SOLVED 4363/5000 = 0.873 [0.863,0.882]
  len 2: 997/1000 = 0.997 [0.991,0.999]
  len 3: 990/1000 = 0.990 [0.982,0.995]
  len 4: 956/1000 = 0.956 [0.941,0.967]
  len 5: 933/1000 = 0.933 [0.916,0.947]
  len 6: 487/1000 = 0.487 [0.456,0.518]
  written hist {2: 1021, 3: 988, 4: 946, 5: 977, 6: 430, 7: 1}
  pruned hist {2: 1021, 3: 989, 4: 947, 5: 976, 6: 429, 7: 1}
  frontier written 6 pruned 6
  reasons [("parse: expected line index, got 'LEANPARSE'", 409), ('rule check failed: ANDI', 43), ('rule check failed: IMPE', 37), ('rule check failed: ANDE2', 34), ('rule check failed: DN', 28), ('rule check failed: ORI2', 18)]
[la_frozen_p1_s0 r8] targets cumulative: solved 1036/4495 L*=9 ge={7: 1036, 8: 229, 9: 43, 10: 2, 11: 0, 12: 0}
[la_frozen_p1_s0 r8] transfer cumulative: solved 117/2285 L*=9 ge={7: 117, 8: 70, 9: 32, 10: 3, 11: 0, 12: 0}
=== round 8 done in 2562s; new proofs 50; cum targets solved 1036 L*=9; transfer L*=9
END 2026-09-24T23:07:25Z
