START 2026-09-24T16:16:16Z until [ -f artifacts/nf/heldout_p3_s0.done ]; do sleep 30; done; python3 ladder_ei.py --outdir artifacts/nf --rounds 8 --k 32 --temperature 0.8 --batch 512 --max_new 512 --heldout data/p2/heldout.jsonl --init ckpts/nf/stage1_p3_s0.pt --train data/nf/train_p3.jsonl --seed 0 --name la_frozen_p3_s0 --no_train
[lean_gate] 143840 samples, parse-fail 59107, distinct checked 74755: both ok 4367, nd-only 0, lean-only 1, both rej 70387; lean 1071.6s wall (3204.8s proc, 3 workers), nd_verify 32.9s
[la_frozen_p3_s0 r1] targets (this round) SOLVED 443/4495 = 0.099 [0.090,0.108]
  len 7: 357/1800 = 0.198 [0.181,0.217]
  len 8: 68/1000 = 0.068 [0.054,0.085]
  len 9: 18/1004 = 0.018 [0.011,0.028]
  len 10: 0/456 = 0.000 [0.000,0.008]
  len 11: 0/99 = 0.000 [0.000,0.037]
  len 12: 0/106 = 0.000 [0.000,0.035]
  len 13: 0/16 = 0.000 [0.000,0.194]
  len 14: 0/14 = 0.000 [0.000,0.215]
  written hist {7: 412, 8: 141, 9: 31, 10: 1}
  pruned hist {5: 10, 6: 151, 7: 298, 8: 119, 9: 7}
  frontier written 9 pruned 9
  reasons [("parse: expected line index, got 'LEANPARSE'", 59107), ('rule check failed: IMPE', 27303), ('rule check failed: ANDI', 12800), ('rule check failed: NEGE', 9577), ('rule check failed: R', 4780), ('rule check failed: ORI2', 3952)]
[lean_gate] 73120 samples, parse-fail 27707, distinct checked 40280: both ok 180, nd-only 0, lean-only 1, both rej 40099; lean 155.6s wall (463.1s proc, 3 workers), nd_verify 1.8s
[la_frozen_p3_s0 r1] transfer (this round, pass@32) SOLVED 32/2285 = 0.014 [0.010,0.020]
  len 7: 13/300 = 0.043 [0.025,0.073]
  len 8: 6/300 = 0.020 [0.009,0.043]
  len 9: 13/1010 = 0.013 [0.008,0.022]
  len 10: 0/451 = 0.000 [0.000,0.008]
  len 11: 0/99 = 0.000 [0.000,0.037]
  len 12: 0/102 = 0.000 [0.000,0.036]
  len 13: 0/13 = 0.000 [0.000,0.228]
  len 14: 0/10 = 0.000 [0.000,0.278]
  written hist {7: 17, 8: 13, 9: 14}
  pruned hist {5: 2, 6: 6, 7: 13, 8: 18, 9: 5}
  frontier written 9 pruned 9
  reasons [("parse: expected line index, got 'LEANPARSE'", 27707), ('rule check failed: IMPE', 15750), ('rule check failed: ANDI', 7070), ('rule check failed: NEGE', 5753), ('rule check failed: R', 3120), ('rule check failed: IMPI', 2557)]
[lean_gate] 2285 samples, parse-fail 796, distinct checked 1489: both ok 7, nd-only 0, lean-only 0, both rej 1482; lean 14.1s wall (27.2s proc, 3 workers), nd_verify 0.3s
[la_frozen_p3_s0 r1] transfer greedy SOLVED 7/2285 = 0.003 [0.001,0.006]
  len 7: 3/300 = 0.010 [0.003,0.029]
  len 8: 1/300 = 0.003 [0.001,0.019]
  len 9: 3/1010 = 0.003 [0.001,0.009]
  len 10: 0/451 = 0.000 [0.000,0.008]
  len 11: 0/99 = 0.000 [0.000,0.037]
  len 12: 0/102 = 0.000 [0.000,0.036]
  len 13: 0/13 = 0.000 [0.000,0.228]
  len 14: 0/10 = 0.000 [0.000,0.278]
  written hist {7: 3, 8: 1, 9: 3}
  pruned hist {6: 2, 7: 3, 8: 1, 9: 1}
  frontier written 0 pruned 0
  reasons [("parse: expected line index, got 'LEANPARSE'", 796), ('rule check failed: IMPE', 513), ('rule check failed: ANDI', 262), ('rule check failed: NEGE', 180), ('rule check failed: R', 101), ('rule check failed: IMPI', 85)]
[lean_gate] 5000 samples, parse-fail 408, distinct checked 4592: both ok 4340, nd-only 0, lean-only 1, both rej 251; lean 39.7s wall (116.5s proc, 3 workers), nd_verify 1.1s
[la_frozen_p3_s0 r1] heldout greedy SOLVED 4340/5000 = 0.868 [0.858,0.877]
  len 2: 997/1000 = 0.997 [0.991,0.999]
  len 3: 991/1000 = 0.991 [0.983,0.995]
  len 4: 953/1000 = 0.953 [0.938,0.964]
  len 5: 926/1000 = 0.926 [0.908,0.941]
  len 6: 473/1000 = 0.473 [0.442,0.504]
  written hist {2: 1025, 3: 983, 4: 933, 5: 967, 6: 432}
  pruned hist {2: 1026, 3: 988, 4: 932, 5: 966, 6: 428}
  frontier written 6 pruned 6
  reasons [("parse: expected line index, got 'LEANPARSE'", 408), ('rule check failed: ANDI', 57), ('rule check failed: IMPE', 44), ('rule check failed: DN', 39), ('rule check failed: ORI2', 24), ('rule check failed: ANDE2', 19)]
[la_frozen_p3_s0 r1] targets cumulative: solved 443/4495 L*=9 ge={7: 443, 8: 86, 9: 18, 10: 0, 11: 0, 12: 0}
[la_frozen_p3_s0 r1] transfer cumulative: solved 32/2285 L*=9 ge={7: 32, 8: 19, 9: 13, 10: 0, 11: 0, 12: 0}
=== round 1 done in 2998s; new proofs 585; cum targets solved 443 L*=9; transfer L*=9
[lean_gate] 143840 samples, parse-fail 59105, distinct checked 74754: both ok 4318, nd-only 0, lean-only 2, both rej 70434; lean 279.6s wall (835.1s proc, 3 workers), nd_verify 3.4s
[la_frozen_p3_s0 r2] targets (this round) SOLVED 457/4495 = 0.102 [0.093,0.111]
  len 7: 372/1800 = 0.207 [0.189,0.226]
  len 8: 65/1000 = 0.065 [0.051,0.082]
  len 9: 18/1004 = 0.018 [0.011,0.028]
  len 10: 2/456 = 0.004 [0.001,0.016]
  len 11: 0/99 = 0.000 [0.000,0.037]
  len 12: 0/106 = 0.000 [0.000,0.035]
  len 13: 0/16 = 0.000 [0.000,0.194]
  len 14: 0/14 = 0.000 [0.000,0.215]
  written hist {7: 421, 8: 150, 9: 33, 10: 4}
  pruned hist {5: 12, 6: 153, 7: 309, 8: 125, 9: 8, 10: 1}
  frontier written 9 pruned 9
  reasons [("parse: expected line index, got 'LEANPARSE'", 59105), ('rule check failed: IMPE', 27302), ('rule check failed: ANDI', 12899), ('rule check failed: NEGE', 9432), ('rule check failed: R', 4767), ('rule check failed: ORI2', 4000)]
[lean_gate] 73120 samples, parse-fail 27602, distinct checked 40365: both ok 180, nd-only 0, lean-only 0, both rej 40185; lean 449.7s wall (1335.9s proc, 3 workers), nd_verify 12.7s
[la_frozen_p3_s0 r2] transfer (this round, pass@32) SOLVED 33/2285 = 0.014 [0.010,0.020]
  len 7: 13/300 = 0.043 [0.025,0.073]
  len 8: 9/300 = 0.030 [0.016,0.056]
  len 9: 11/1010 = 0.011 [0.006,0.019]
  len 10: 0/451 = 0.000 [0.000,0.008]
  len 11: 0/99 = 0.000 [0.000,0.037]
  len 12: 0/102 = 0.000 [0.000,0.036]
  len 13: 0/13 = 0.000 [0.000,0.228]
  len 14: 0/10 = 0.000 [0.000,0.278]
  written hist {7: 15, 8: 15, 9: 12}
  pruned hist {5: 1, 6: 5, 7: 12, 8: 18, 9: 6}
  frontier written 9 pruned 9
  reasons [("parse: expected line index, got 'LEANPARSE'", 27602), ('rule check failed: IMPE', 15866), ('rule check failed: ANDI', 7096), ('rule check failed: NEGE', 5733), ('rule check failed: R', 3160), ('rule check failed: IMPI', 2598)]
[lean_gate] 2285 samples, parse-fail 796, distinct checked 1489: both ok 7, nd-only 0, lean-only 0, both rej 1482; lean 16.0s wall (37.1s proc, 3 workers), nd_verify 0.2s
[la_frozen_p3_s0 r2] transfer greedy SOLVED 7/2285 = 0.003 [0.001,0.006]
  len 7: 3/300 = 0.010 [0.003,0.029]
  len 8: 1/300 = 0.003 [0.001,0.019]
  len 9: 3/1010 = 0.003 [0.001,0.009]
  len 10: 0/451 = 0.000 [0.000,0.008]
  len 11: 0/99 = 0.000 [0.000,0.037]
  len 12: 0/102 = 0.000 [0.000,0.036]
  len 13: 0/13 = 0.000 [0.000,0.228]
  len 14: 0/10 = 0.000 [0.000,0.278]
  written hist {7: 3, 8: 1, 9: 3}
  pruned hist {6: 2, 7: 3, 8: 1, 9: 1}
  frontier written 0 pruned 0
  reasons [("parse: expected line index, got 'LEANPARSE'", 796), ('rule check failed: IMPE', 513), ('rule check failed: ANDI', 262), ('rule check failed: NEGE', 180), ('rule check failed: R', 101), ('rule check failed: IMPI', 85)]
[lean_gate] 5000 samples, parse-fail 408, distinct checked 4592: both ok 4340, nd-only 0, lean-only 1, both rej 251; lean 28.8s wall (83.5s proc, 3 workers), nd_verify 1.6s
[la_frozen_p3_s0 r2] heldout greedy SOLVED 4340/5000 = 0.868 [0.858,0.877]
  len 2: 997/1000 = 0.997 [0.991,0.999]
  len 3: 991/1000 = 0.991 [0.983,0.995]
  len 4: 953/1000 = 0.953 [0.938,0.964]
  len 5: 926/1000 = 0.926 [0.908,0.941]
  len 6: 473/1000 = 0.473 [0.442,0.504]
  written hist {2: 1025, 3: 983, 4: 933, 5: 967, 6: 432}
  pruned hist {2: 1026, 3: 988, 4: 932, 5: 966, 6: 428}
  frontier written 6 pruned 6
  reasons [("parse: expected line index, got 'LEANPARSE'", 408), ('rule check failed: ANDI', 57), ('rule check failed: IMPE', 44), ('rule check failed: DN', 39), ('rule check failed: ORI2', 24), ('rule check failed: ANDE2', 19)]
[la_frozen_p3_s0 r2] targets cumulative: solved 526/4495 L*=9 ge={7: 526, 8: 112, 9: 25, 10: 2, 11: 0, 12: 0}
[la_frozen_p3_s0 r2] transfer cumulative: solved 41/2285 L*=9 ge={7: 41, 8: 25, 9: 16, 10: 0, 11: 0, 12: 0}
=== round 2 done in 2789s; new proofs 135; cum targets solved 526 L*=9; transfer L*=9
[lean_gate] 143840 samples, parse-fail 58991, distinct checked 74860: both ok 4354, nd-only 0, lean-only 2, both rej 70504; lean 320.1s wall (956.4s proc, 3 workers), nd_verify 3.3s
[la_frozen_p3_s0 r3] targets (this round) SOLVED 457/4495 = 0.102 [0.093,0.111]
  len 7: 360/1800 = 0.200 [0.182,0.219]
  len 8: 74/1000 = 0.074 [0.059,0.092]
  len 9: 22/1004 = 0.022 [0.015,0.033]
  len 10: 1/456 = 0.002 [0.000,0.012]
  len 11: 0/99 = 0.000 [0.000,0.037]
  len 12: 0/106 = 0.000 [0.000,0.035]
  len 13: 0/16 = 0.000 [0.000,0.194]
  len 14: 0/14 = 0.000 [0.000,0.215]
  written hist {7: 415, 8: 157, 9: 35, 10: 1}
  pruned hist {5: 16, 6: 143, 7: 319, 8: 118, 9: 12}
  frontier written 9 pruned 9
  reasons [("parse: expected line index, got 'LEANPARSE'", 58991), ('rule check failed: IMPE', 27324), ('rule check failed: ANDI', 12823), ('rule check failed: NEGE', 9497), ('rule check failed: R', 4810), ('rule check failed: ORI2', 3942)]
[lean_gate] 73120 samples, parse-fail 27757, distinct checked 40270: both ok 190, nd-only 0, lean-only 0, both rej 40080; lean 358.0s wall (1068.6s proc, 3 workers), nd_verify 10.7s
[la_frozen_p3_s0 r3] transfer (this round, pass@32) SOLVED 31/2285 = 0.014 [0.010,0.019]
  len 7: 14/300 = 0.047 [0.028,0.077]
  len 8: 10/300 = 0.033 [0.018,0.060]
  len 9: 7/1010 = 0.007 [0.003,0.014]
  len 10: 0/451 = 0.000 [0.000,0.008]
  len 11: 0/99 = 0.000 [0.000,0.037]
  len 12: 0/102 = 0.000 [0.000,0.036]
  len 13: 0/13 = 0.000 [0.000,0.228]
  len 14: 0/10 = 0.000 [0.000,0.278]
  written hist {7: 21, 8: 14, 9: 8}
  pruned hist {5: 1, 6: 5, 7: 18, 8: 16, 9: 3}
  frontier written 9 pruned 8
  reasons [("parse: expected line index, got 'LEANPARSE'", 27757), ('rule check failed: IMPE', 15868), ('rule check failed: ANDI', 7061), ('rule check failed: NEGE', 5686), ('rule check failed: R', 3075), ('rule check failed: IMPI', 2567)]
[lean_gate] 2285 samples, parse-fail 796, distinct checked 1489: both ok 7, nd-only 0, lean-only 0, both rej 1482; lean 13.4s wall (31.3s proc, 3 workers), nd_verify 0.3s
[la_frozen_p3_s0 r3] transfer greedy SOLVED 7/2285 = 0.003 [0.001,0.006]
  len 7: 3/300 = 0.010 [0.003,0.029]
  len 8: 1/300 = 0.003 [0.001,0.019]
  len 9: 3/1010 = 0.003 [0.001,0.009]
  len 10: 0/451 = 0.000 [0.000,0.008]
  len 11: 0/99 = 0.000 [0.000,0.037]
  len 12: 0/102 = 0.000 [0.000,0.036]
  len 13: 0/13 = 0.000 [0.000,0.228]
  len 14: 0/10 = 0.000 [0.000,0.278]
  written hist {7: 3, 8: 1, 9: 3}
  pruned hist {6: 2, 7: 3, 8: 1, 9: 1}
  frontier written 0 pruned 0
  reasons [("parse: expected line index, got 'LEANPARSE'", 796), ('rule check failed: IMPE', 513), ('rule check failed: ANDI', 262), ('rule check failed: NEGE', 180), ('rule check failed: R', 101), ('rule check failed: IMPI', 85)]
[lean_gate] 5000 samples, parse-fail 408, distinct checked 4592: both ok 4340, nd-only 0, lean-only 1, both rej 251; lean 24.9s wall (74.0s proc, 3 workers), nd_verify 2.0s
[la_frozen_p3_s0 r3] heldout greedy SOLVED 4340/5000 = 0.868 [0.858,0.877]
  len 2: 997/1000 = 0.997 [0.991,0.999]
  len 3: 991/1000 = 0.991 [0.983,0.995]
  len 4: 953/1000 = 0.953 [0.938,0.964]
  len 5: 926/1000 = 0.926 [0.908,0.941]
  len 6: 473/1000 = 0.473 [0.442,0.504]
  written hist {2: 1025, 3: 983, 4: 933, 5: 967, 6: 432}
  pruned hist {2: 1026, 3: 988, 4: 932, 5: 966, 6: 428}
  frontier written 6 pruned 6
  reasons [("parse: expected line index, got 'LEANPARSE'", 408), ('rule check failed: ANDI', 57), ('rule check failed: IMPE', 44), ('rule check failed: DN', 39), ('rule check failed: ORI2', 24), ('rule check failed: ANDE2', 19)]
[la_frozen_p3_s0 r3] targets cumulative: solved 579/4495 L*=9 ge={7: 579, 8: 133, 9: 31, 10: 2, 11: 0, 12: 0}
[la_frozen_p3_s0 r3] transfer cumulative: solved 48/2285 L*=9 ge={7: 48, 8: 29, 9: 17, 10: 0, 11: 0, 12: 0}
=== round 3 done in 2656s; new proofs 97; cum targets solved 579 L*=9; transfer L*=9
[lean_gate] 143840 samples, parse-fail 59063, distinct checked 74856: both ok 4387, nd-only 0, lean-only 2, both rej 70467; lean 297.7s wall (887.8s proc, 3 workers), nd_verify 3.3s
[la_frozen_p3_s0 r4] targets (this round) SOLVED 462/4495 = 0.103 [0.094,0.112]
  len 7: 367/1800 = 0.204 [0.186,0.223]
  len 8: 72/1000 = 0.072 [0.058,0.090]
  len 9: 22/1004 = 0.022 [0.015,0.033]
  len 10: 1/456 = 0.002 [0.000,0.012]
  len 11: 0/99 = 0.000 [0.000,0.037]
  len 12: 0/106 = 0.000 [0.000,0.035]
  len 13: 0/16 = 0.000 [0.000,0.194]
  len 14: 0/14 = 0.000 [0.000,0.215]
  written hist {7: 424, 8: 148, 9: 34, 10: 1}
  pruned hist {5: 11, 6: 153, 7: 317, 8: 117, 9: 9}
  frontier written 9 pruned 9
  reasons [("parse: expected line index, got 'LEANPARSE'", 59063), ('rule check failed: IMPE', 27350), ('rule check failed: ANDI', 12856), ('rule check failed: NEGE', 9455), ('rule check failed: R', 4700), ('rule check failed: ORI2', 3996)]
[lean_gate] 73120 samples, parse-fail 27665, distinct checked 40260: both ok 186, nd-only 0, lean-only 3, both rej 40071; lean 232.3s wall (694.3s proc, 3 workers), nd_verify 1.7s
[la_frozen_p3_s0 r4] transfer (this round, pass@32) SOLVED 31/2285 = 0.014 [0.010,0.019]
  len 7: 11/300 = 0.037 [0.021,0.064]
  len 8: 8/300 = 0.027 [0.014,0.052]
  len 9: 12/1010 = 0.012 [0.007,0.021]
  len 10: 0/451 = 0.000 [0.000,0.008]
  len 11: 0/99 = 0.000 [0.000,0.037]
  len 12: 0/102 = 0.000 [0.000,0.036]
  len 13: 0/13 = 0.000 [0.000,0.228]
  len 14: 0/10 = 0.000 [0.000,0.278]
  written hist {7: 17, 8: 10, 9: 14}
  pruned hist {5: 1, 6: 5, 7: 15, 8: 15, 9: 5}
  frontier written 9 pruned 9
  reasons [("parse: expected line index, got 'LEANPARSE'", 27665), ('rule check failed: IMPE', 15913), ('rule check failed: ANDI', 7074), ('rule check failed: NEGE', 5701), ('rule check failed: R', 3128), ('rule check failed: IMPI', 2543)]
[lean_gate] 2285 samples, parse-fail 796, distinct checked 1489: both ok 7, nd-only 0, lean-only 0, both rej 1482; lean 12.9s wall (30.7s proc, 3 workers), nd_verify 1.0s
[la_frozen_p3_s0 r4] transfer greedy SOLVED 7/2285 = 0.003 [0.001,0.006]
  len 7: 3/300 = 0.010 [0.003,0.029]
  len 8: 1/300 = 0.003 [0.001,0.019]
  len 9: 3/1010 = 0.003 [0.001,0.009]
  len 10: 0/451 = 0.000 [0.000,0.008]
  len 11: 0/99 = 0.000 [0.000,0.037]
  len 12: 0/102 = 0.000 [0.000,0.036]
  len 13: 0/13 = 0.000 [0.000,0.228]
  len 14: 0/10 = 0.000 [0.000,0.278]
  written hist {7: 3, 8: 1, 9: 3}
  pruned hist {6: 2, 7: 3, 8: 1, 9: 1}
  frontier written 0 pruned 0
  reasons [("parse: expected line index, got 'LEANPARSE'", 796), ('rule check failed: IMPE', 513), ('rule check failed: ANDI', 262), ('rule check failed: NEGE', 180), ('rule check failed: R', 101), ('rule check failed: IMPI', 85)]
[lean_gate] 5000 samples, parse-fail 408, distinct checked 4592: both ok 4340, nd-only 0, lean-only 1, both rej 251; lean 26.6s wall (78.0s proc, 3 workers), nd_verify 0.5s
[la_frozen_p3_s0 r4] heldout greedy SOLVED 4340/5000 = 0.868 [0.858,0.877]
  len 2: 997/1000 = 0.997 [0.991,0.999]
  len 3: 991/1000 = 0.991 [0.983,0.995]
  len 4: 953/1000 = 0.953 [0.938,0.964]
  len 5: 926/1000 = 0.926 [0.908,0.941]
  len 6: 473/1000 = 0.473 [0.442,0.504]
  written hist {2: 1025, 3: 983, 4: 933, 5: 967, 6: 432}
  pruned hist {2: 1026, 3: 988, 4: 932, 5: 966, 6: 428}
  frontier written 6 pruned 6
  reasons [("parse: expected line index, got 'LEANPARSE'", 408), ('rule check failed: ANDI', 57), ('rule check failed: IMPE', 44), ('rule check failed: DN', 39), ('rule check failed: ORI2', 24), ('rule check failed: ANDE2', 19)]
[la_frozen_p3_s0 r4] targets cumulative: solved 622/4495 L*=9 ge={7: 622, 8: 148, 9: 36, 10: 2, 11: 0, 12: 0}
[la_frozen_p3_s0 r4] transfer cumulative: solved 51/2285 L*=9 ge={7: 51, 8: 32, 9: 18, 10: 0, 11: 0, 12: 0}
=== round 4 done in 2472s; new proofs 71; cum targets solved 622 L*=9; transfer L*=9
[lean_gate] 143840 samples, parse-fail 59025, distinct checked 74918: both ok 4335, nd-only 0, lean-only 1, both rej 70582; lean 404.9s wall (1210.8s proc, 3 workers), nd_verify 3.3s
[la_frozen_p3_s0 r5] targets (this round) SOLVED 458/4495 = 0.102 [0.093,0.111]
  len 7: 358/1800 = 0.199 [0.181,0.218]
  len 8: 79/1000 = 0.079 [0.064,0.097]
  len 9: 21/1004 = 0.021 [0.014,0.032]
  len 10: 0/456 = 0.000 [0.000,0.008]
  len 11: 0/99 = 0.000 [0.000,0.037]
  len 12: 0/106 = 0.000 [0.000,0.035]
  len 13: 0/16 = 0.000 [0.000,0.194]
  len 14: 0/14 = 0.000 [0.000,0.215]
  written hist {7: 413, 8: 149, 9: 34, 10: 1}
  pruned hist {5: 12, 6: 145, 7: 310, 8: 118, 9: 11, 10: 1}
  frontier written 9 pruned 9
  reasons [("parse: expected line index, got 'LEANPARSE'", 59025), ('rule check failed: IMPE', 27270), ('rule check failed: ANDI', 13001), ('rule check failed: NEGE', 9448), ('rule check failed: R', 4778), ('rule check failed: ORI2', 3960)]
[lean_gate] 73120 samples, parse-fail 27686, distinct checked 40293: both ok 179, nd-only 0, lean-only 2, both rej 40112; lean 207.4s wall (618.2s proc, 3 workers), nd_verify 1.9s
[la_frozen_p3_s0 r5] transfer (this round, pass@32) SOLVED 29/2285 = 0.013 [0.009,0.018]
  len 7: 11/300 = 0.037 [0.021,0.064]
  len 8: 10/300 = 0.033 [0.018,0.060]
  len 9: 8/1010 = 0.008 [0.004,0.016]
  len 10: 0/451 = 0.000 [0.000,0.008]
  len 11: 0/99 = 0.000 [0.000,0.037]
  len 12: 0/102 = 0.000 [0.000,0.036]
  len 13: 0/13 = 0.000 [0.000,0.228]
  len 14: 0/10 = 0.000 [0.000,0.278]
  written hist {7: 13, 8: 15, 9: 9}
  pruned hist {5: 1, 6: 5, 7: 14, 8: 13, 9: 4}
  frontier written 9 pruned 8
  reasons [("parse: expected line index, got 'LEANPARSE'", 27686), ('rule check failed: IMPE', 15772), ('rule check failed: ANDI', 7143), ('rule check failed: NEGE', 5678), ('rule check failed: R', 3101), ('rule check failed: IMPI', 2548)]
[lean_gate] 2285 samples, parse-fail 796, distinct checked 1489: both ok 7, nd-only 0, lean-only 0, both rej 1482; lean 9.3s wall (24.3s proc, 3 workers), nd_verify 0.1s
[la_frozen_p3_s0 r5] transfer greedy SOLVED 7/2285 = 0.003 [0.001,0.006]
  len 7: 3/300 = 0.010 [0.003,0.029]
  len 8: 1/300 = 0.003 [0.001,0.019]
  len 9: 3/1010 = 0.003 [0.001,0.009]
  len 10: 0/451 = 0.000 [0.000,0.008]
  len 11: 0/99 = 0.000 [0.000,0.037]
  len 12: 0/102 = 0.000 [0.000,0.036]
  len 13: 0/13 = 0.000 [0.000,0.228]
  len 14: 0/10 = 0.000 [0.000,0.278]
  written hist {7: 3, 8: 1, 9: 3}
  pruned hist {6: 2, 7: 3, 8: 1, 9: 1}
  frontier written 0 pruned 0
  reasons [("parse: expected line index, got 'LEANPARSE'", 796), ('rule check failed: IMPE', 513), ('rule check failed: ANDI', 262), ('rule check failed: NEGE', 180), ('rule check failed: R', 101), ('rule check failed: IMPI', 85)]
[lean_gate] 5000 samples, parse-fail 408, distinct checked 4592: both ok 4340, nd-only 0, lean-only 1, both rej 251; lean 13.0s wall (38.6s proc, 3 workers), nd_verify 0.2s
[la_frozen_p3_s0 r5] heldout greedy SOLVED 4340/5000 = 0.868 [0.858,0.877]
  len 2: 997/1000 = 0.997 [0.991,0.999]
  len 3: 991/1000 = 0.991 [0.983,0.995]
  len 4: 953/1000 = 0.953 [0.938,0.964]
  len 5: 926/1000 = 0.926 [0.908,0.941]
  len 6: 473/1000 = 0.473 [0.442,0.504]
  written hist {2: 1025, 3: 983, 4: 933, 5: 967, 6: 432}
  pruned hist {2: 1026, 3: 988, 4: 932, 5: 966, 6: 428}
  frontier written 6 pruned 6
  reasons [("parse: expected line index, got 'LEANPARSE'", 408), ('rule check failed: ANDI', 57), ('rule check failed: IMPE', 44), ('rule check failed: DN', 39), ('rule check failed: ORI2', 24), ('rule check failed: ANDE2', 19)]
[la_frozen_p3_s0 r5] targets cumulative: solved 653/4495 L*=9 ge={7: 653, 8: 163, 9: 40, 10: 2, 11: 0, 12: 0}
[la_frozen_p3_s0 r5] transfer cumulative: solved 53/2285 L*=9 ge={7: 53, 8: 34, 9: 18, 10: 0, 11: 0, 12: 0}
=== round 5 done in 2539s; new proofs 52; cum targets solved 653 L*=9; transfer L*=9
[lean_gate] 143840 samples, parse-fail 58878, distinct checked 75005: both ok 4338, nd-only 0, lean-only 0, both rej 70667; lean 233.8s wall (698.8s proc, 3 workers), nd_verify 3.4s
[la_frozen_p3_s0 r6] targets (this round) SOLVED 434/4495 = 0.097 [0.088,0.106]
  len 7: 345/1800 = 0.192 [0.174,0.210]
  len 8: 71/1000 = 0.071 [0.057,0.089]
  len 9: 18/1004 = 0.018 [0.011,0.028]
  len 10: 0/456 = 0.000 [0.000,0.008]
  len 11: 0/99 = 0.000 [0.000,0.037]
  len 12: 0/106 = 0.000 [0.000,0.035]
  len 13: 0/16 = 0.000 [0.000,0.194]
  len 14: 0/14 = 0.000 [0.000,0.215]
  written hist {7: 405, 8: 137, 9: 32, 10: 1}
  pruned hist {5: 11, 6: 144, 7: 303, 8: 105, 9: 12}
  frontier written 9 pruned 9
  reasons [("parse: expected line index, got 'LEANPARSE'", 58878), ('rule check failed: IMPE', 27246), ('rule check failed: ANDI', 12922), ('rule check failed: NEGE', 9559), ('rule check failed: R', 4865), ('rule check failed: IMPI', 3967)]
[lean_gate] 73120 samples, parse-fail 27510, distinct checked 40463: both ok 202, nd-only 0, lean-only 0, both rej 40261; lean 254.0s wall (758.7s proc, 3 workers), nd_verify 9.0s
[la_frozen_p3_s0 r6] transfer (this round, pass@32) SOLVED 34/2285 = 0.015 [0.011,0.021]
  len 7: 13/300 = 0.043 [0.025,0.073]
  len 8: 11/300 = 0.037 [0.021,0.064]
  len 9: 9/1010 = 0.009 [0.005,0.017]
  len 10: 1/451 = 0.002 [0.000,0.012]
  len 11: 0/99 = 0.000 [0.000,0.037]
  len 12: 0/102 = 0.000 [0.000,0.036]
  len 13: 0/13 = 0.000 [0.000,0.228]
  len 14: 0/10 = 0.000 [0.000,0.278]
  written hist {7: 18, 8: 16, 9: 10, 10: 1}
  pruned hist {5: 1, 6: 5, 7: 15, 8: 18, 9: 5, 10: 1}
  frontier written 9 pruned 9
  reasons [("parse: expected line index, got 'LEANPARSE'", 27510), ('rule check failed: IMPE', 15970), ('rule check failed: ANDI', 7089), ('rule check failed: NEGE', 5738), ('rule check failed: R', 3098), ('rule check failed: IMPI', 2555)]
[lean_gate] 2285 samples, parse-fail 796, distinct checked 1489: both ok 7, nd-only 0, lean-only 0, both rej 1482; lean 13.5s wall (33.5s proc, 3 workers), nd_verify 0.2s
[la_frozen_p3_s0 r6] transfer greedy SOLVED 7/2285 = 0.003 [0.001,0.006]
  len 7: 3/300 = 0.010 [0.003,0.029]
  len 8: 1/300 = 0.003 [0.001,0.019]
  len 9: 3/1010 = 0.003 [0.001,0.009]
  len 10: 0/451 = 0.000 [0.000,0.008]
  len 11: 0/99 = 0.000 [0.000,0.037]
  len 12: 0/102 = 0.000 [0.000,0.036]
  len 13: 0/13 = 0.000 [0.000,0.228]
  len 14: 0/10 = 0.000 [0.000,0.278]
  written hist {7: 3, 8: 1, 9: 3}
  pruned hist {6: 2, 7: 3, 8: 1, 9: 1}
  frontier written 0 pruned 0
  reasons [("parse: expected line index, got 'LEANPARSE'", 796), ('rule check failed: IMPE', 513), ('rule check failed: ANDI', 262), ('rule check failed: NEGE', 180), ('rule check failed: R', 101), ('rule check failed: IMPI', 85)]
[lean_gate] 5000 samples, parse-fail 408, distinct checked 4592: both ok 4340, nd-only 0, lean-only 1, both rej 251; lean 28.5s wall (84.6s proc, 3 workers), nd_verify 1.8s
[la_frozen_p3_s0 r6] heldout greedy SOLVED 4340/5000 = 0.868 [0.858,0.877]
  len 2: 997/1000 = 0.997 [0.991,0.999]
  len 3: 991/1000 = 0.991 [0.983,0.995]
  len 4: 953/1000 = 0.953 [0.938,0.964]
  len 5: 926/1000 = 0.926 [0.908,0.941]
  len 6: 473/1000 = 0.473 [0.442,0.504]
  written hist {2: 1025, 3: 983, 4: 933, 5: 967, 6: 432}
  pruned hist {2: 1026, 3: 988, 4: 932, 5: 966, 6: 428}
  frontier written 6 pruned 6
  reasons [("parse: expected line index, got 'LEANPARSE'", 408), ('rule check failed: ANDI', 57), ('rule check failed: IMPE', 44), ('rule check failed: DN', 39), ('rule check failed: ORI2', 24), ('rule check failed: ANDE2', 19)]
[la_frozen_p3_s0 r6] targets cumulative: solved 672/4495 L*=9 ge={7: 672, 8: 174, 9: 41, 10: 2, 11: 0, 12: 0}
[la_frozen_p3_s0 r6] transfer cumulative: solved 58/2285 L*=9 ge={7: 58, 8: 38, 9: 21, 10: 1, 11: 0, 12: 0}
=== round 6 done in 2436s; new proofs 39; cum targets solved 672 L*=9; transfer L*=9
[lean_gate] 143840 samples, parse-fail 58998, distinct checked 74821: both ok 4323, nd-only 0, lean-only 0, both rej 70498; lean 307.3s wall (917.9s proc, 3 workers), nd_verify 3.3s
[la_frozen_p3_s0 r7] targets (this round) SOLVED 459/4495 = 0.102 [0.094,0.111]
  len 7: 363/1800 = 0.202 [0.184,0.221]
  len 8: 75/1000 = 0.075 [0.060,0.093]
  len 9: 21/1004 = 0.021 [0.014,0.032]
  len 10: 0/456 = 0.000 [0.000,0.008]
  len 11: 0/99 = 0.000 [0.000,0.037]
  len 12: 0/106 = 0.000 [0.000,0.035]
  len 13: 0/16 = 0.000 [0.000,0.194]
  len 14: 0/14 = 0.000 [0.000,0.215]
  written hist {7: 422, 8: 146, 9: 36}
  pruned hist {5: 10, 6: 151, 7: 318, 8: 117, 9: 8}
  frontier written 9 pruned 9
  reasons [("parse: expected line index, got 'LEANPARSE'", 58998), ('rule check failed: IMPE', 27271), ('rule check failed: ANDI', 12918), ('rule check failed: NEGE', 9521), ('rule check failed: R', 4754), ('rule check failed: ORI2', 3970)]
[lean_gate] 73120 samples, parse-fail 27711, distinct checked 40286: both ok 173, nd-only 0, lean-only 2, both rej 40111; lean 204.5s wall (608.9s proc, 3 workers), nd_verify 10.2s
[la_frozen_p3_s0 r7] transfer (this round, pass@32) SOLVED 30/2285 = 0.013 [0.009,0.019]
  len 7: 14/300 = 0.047 [0.028,0.077]
  len 8: 7/300 = 0.023 [0.011,0.047]
  len 9: 9/1010 = 0.009 [0.005,0.017]
  len 10: 0/451 = 0.000 [0.000,0.008]
  len 11: 0/99 = 0.000 [0.000,0.037]
  len 12: 0/102 = 0.000 [0.000,0.036]
  len 13: 0/13 = 0.000 [0.000,0.228]
  len 14: 0/10 = 0.000 [0.000,0.278]
  written hist {7: 19, 8: 9, 9: 10}
  pruned hist {5: 1, 6: 6, 7: 17, 8: 10, 9: 4}
  frontier written 9 pruned 8
  reasons [("parse: expected line index, got 'LEANPARSE'", 27711), ('rule check failed: IMPE', 15799), ('rule check failed: ANDI', 7058), ('rule check failed: NEGE', 5654), ('rule check failed: R', 3114), ('rule check failed: IMPI', 2564)]
[lean_gate] 2285 samples, parse-fail 796, distinct checked 1489: both ok 7, nd-only 0, lean-only 0, both rej 1482; lean 16.2s wall (39.6s proc, 3 workers), nd_verify 0.4s
[la_frozen_p3_s0 r7] transfer greedy SOLVED 7/2285 = 0.003 [0.001,0.006]
  len 7: 3/300 = 0.010 [0.003,0.029]
  len 8: 1/300 = 0.003 [0.001,0.019]
  len 9: 3/1010 = 0.003 [0.001,0.009]
  len 10: 0/451 = 0.000 [0.000,0.008]
  len 11: 0/99 = 0.000 [0.000,0.037]
  len 12: 0/102 = 0.000 [0.000,0.036]
  len 13: 0/13 = 0.000 [0.000,0.228]
  len 14: 0/10 = 0.000 [0.000,0.278]
  written hist {7: 3, 8: 1, 9: 3}
  pruned hist {6: 2, 7: 3, 8: 1, 9: 1}
  frontier written 0 pruned 0
  reasons [("parse: expected line index, got 'LEANPARSE'", 796), ('rule check failed: IMPE', 513), ('rule check failed: ANDI', 262), ('rule check failed: NEGE', 180), ('rule check failed: R', 101), ('rule check failed: IMPI', 85)]
[lean_gate] 5000 samples, parse-fail 408, distinct checked 4592: both ok 4340, nd-only 0, lean-only 1, both rej 251; lean 30.1s wall (86.6s proc, 3 workers), nd_verify 1.7s
[la_frozen_p3_s0 r7] heldout greedy SOLVED 4340/5000 = 0.868 [0.858,0.877]
  len 2: 997/1000 = 0.997 [0.991,0.999]
  len 3: 991/1000 = 0.991 [0.983,0.995]
  len 4: 953/1000 = 0.953 [0.938,0.964]
  len 5: 926/1000 = 0.926 [0.908,0.941]
  len 6: 473/1000 = 0.473 [0.442,0.504]
  written hist {2: 1025, 3: 983, 4: 933, 5: 967, 6: 432}
  pruned hist {2: 1026, 3: 988, 4: 932, 5: 966, 6: 428}
  frontier written 6 pruned 6
  reasons [("parse: expected line index, got 'LEANPARSE'", 408), ('rule check failed: ANDI', 57), ('rule check failed: IMPE', 44), ('rule check failed: DN', 39), ('rule check failed: ORI2', 24), ('rule check failed: ANDE2', 19)]
[la_frozen_p3_s0 r7] targets cumulative: solved 696/4495 L*=9 ge={7: 696, 8: 182, 9: 44, 10: 2, 11: 0, 12: 0}
[la_frozen_p3_s0 r7] transfer cumulative: solved 60/2285 L*=9 ge={7: 60, 8: 38, 9: 21, 10: 1, 11: 0, 12: 0}
=== round 7 done in 2471s; new proofs 45; cum targets solved 696 L*=9; transfer L*=9
[lean_gate] 143840 samples, parse-fail 58971, distinct checked 75003: both ok 4352, nd-only 0, lean-only 1, both rej 70650; lean 432.0s wall (1290.4s proc, 3 workers), nd_verify 3.4s
[la_frozen_p3_s0 r8] targets (this round) SOLVED 442/4495 = 0.098 [0.090,0.107]
  len 7: 347/1800 = 0.193 [0.175,0.212]
  len 8: 72/1000 = 0.072 [0.058,0.090]
  len 9: 22/1004 = 0.022 [0.015,0.033]
  len 10: 1/456 = 0.002 [0.000,0.012]
  len 11: 0/99 = 0.000 [0.000,0.037]
  len 12: 0/106 = 0.000 [0.000,0.035]
  len 13: 0/16 = 0.000 [0.000,0.194]
  len 14: 0/14 = 0.000 [0.000,0.215]
  written hist {7: 401, 8: 153, 9: 37, 10: 1}
  pruned hist {5: 8, 6: 145, 7: 305, 8: 120, 9: 13, 10: 1}
  frontier written 9 pruned 9
  reasons [("parse: expected line index, got 'LEANPARSE'", 58971), ('rule check failed: IMPE', 27299), ('rule check failed: ANDI', 12906), ('rule check failed: NEGE', 9512), ('rule check failed: R', 4737), ('rule check failed: ORI2', 3974)]
[lean_gate] 73120 samples, parse-fail 27560, distinct checked 40458: both ok 173, nd-only 0, lean-only 2, both rej 40283; lean 254.8s wall (755.0s proc, 3 workers), nd_verify 15.5s
[la_frozen_p3_s0 r8] transfer (this round, pass@32) SOLVED 27/2285 = 0.012 [0.008,0.017]
  len 7: 12/300 = 0.040 [0.023,0.069]
  len 8: 6/300 = 0.020 [0.009,0.043]
  len 9: 9/1010 = 0.009 [0.005,0.017]
  len 10: 0/451 = 0.000 [0.000,0.008]
  len 11: 0/99 = 0.000 [0.000,0.037]
  len 12: 0/102 = 0.000 [0.000,0.036]
  len 13: 0/13 = 0.000 [0.000,0.228]
  len 14: 0/10 = 0.000 [0.000,0.278]
  written hist {7: 15, 8: 8, 9: 10, 10: 1}
  pruned hist {5: 2, 6: 5, 7: 11, 8: 12, 9: 3, 10: 1}
  frontier written 9 pruned 8
  reasons [("parse: expected line index, got 'LEANPARSE'", 27560), ('rule check failed: IMPE', 15796), ('rule check failed: ANDI', 7132), ('rule check failed: NEGE', 5666), ('rule check failed: R', 3131), ('rule check failed: IMPI', 2622)]
[lean_gate] 2285 samples, parse-fail 796, distinct checked 1489: both ok 7, nd-only 0, lean-only 0, both rej 1482; lean 14.8s wall (33.2s proc, 3 workers), nd_verify 0.3s
[la_frozen_p3_s0 r8] transfer greedy SOLVED 7/2285 = 0.003 [0.001,0.006]
  len 7: 3/300 = 0.010 [0.003,0.029]
  len 8: 1/300 = 0.003 [0.001,0.019]
  len 9: 3/1010 = 0.003 [0.001,0.009]
  len 10: 0/451 = 0.000 [0.000,0.008]
  len 11: 0/99 = 0.000 [0.000,0.037]
  len 12: 0/102 = 0.000 [0.000,0.036]
  len 13: 0/13 = 0.000 [0.000,0.228]
  len 14: 0/10 = 0.000 [0.000,0.278]
  written hist {7: 3, 8: 1, 9: 3}
  pruned hist {6: 2, 7: 3, 8: 1, 9: 1}
  frontier written 0 pruned 0
  reasons [("parse: expected line index, got 'LEANPARSE'", 796), ('rule check failed: IMPE', 513), ('rule check failed: ANDI', 262), ('rule check failed: NEGE', 180), ('rule check failed: R', 101), ('rule check failed: IMPI', 85)]
[lean_gate] 5000 samples, parse-fail 408, distinct checked 4592: both ok 4340, nd-only 0, lean-only 1, both rej 251; lean 27.9s wall (76.0s proc, 3 workers), nd_verify 1.0s
[la_frozen_p3_s0 r8] heldout greedy SOLVED 4340/5000 = 0.868 [0.858,0.877]
  len 2: 997/1000 = 0.997 [0.991,0.999]
  len 3: 991/1000 = 0.991 [0.983,0.995]
  len 4: 953/1000 = 0.953 [0.938,0.964]
  len 5: 926/1000 = 0.926 [0.908,0.941]
  len 6: 473/1000 = 0.473 [0.442,0.504]
  written hist {2: 1025, 3: 983, 4: 933, 5: 967, 6: 432}
  pruned hist {2: 1026, 3: 988, 4: 932, 5: 966, 6: 428}
  frontier written 6 pruned 6
  reasons [("parse: expected line index, got 'LEANPARSE'", 408), ('rule check failed: ANDI', 57), ('rule check failed: IMPE', 44), ('rule check failed: DN', 39), ('rule check failed: ORI2', 24), ('rule check failed: ANDE2', 19)]
[la_frozen_p3_s0 r8] targets cumulative: solved 714/4495 L*=9 ge={7: 714, 8: 192, 9: 46, 10: 3, 11: 0, 12: 0}
[la_frozen_p3_s0 r8] transfer cumulative: solved 62/2285 L*=9 ge={7: 62, 8: 39, 9: 22, 10: 1, 11: 0, 12: 0}
=== round 8 done in 2724s; new proofs 34; cum targets solved 714 L*=9; transfer L*=9
END 2026-09-24T22:34:49Z
