START 2026-09-24T17:42:44Z until [ -f artifacts/nf/heldout_p1_s2.done ]; do sleep 30; done; python3 ladder_ei.py --outdir artifacts/nf --rounds 8 --k 32 --temperature 0.8 --batch 512 --max_new 512 --heldout data/p2/heldout.jsonl --init ckpts/dsc/stage1_a1_s1.pt --train data/dsc/train_a1.jsonl --seed 1 --name la_T1_dsc_a1_s1
[lean_gate] 143840 samples, parse-fail 39391, distinct checked 92074: both ok 13916, nd-only 0, lean-only 7, both rej 78151; lean 353.3s wall (1055.0s proc, 3 workers), nd_verify 4.2s
[la_T1_dsc_a1_s1 r1] targets (this round) SOLVED 1186/4495 = 0.264 [0.251,0.277]
  len 7: 836/1800 = 0.464 [0.442,0.488]
  len 8: 317/1000 = 0.317 [0.289,0.346]
  len 9: 32/1004 = 0.032 [0.023,0.045]
  len 10: 1/456 = 0.002 [0.000,0.012]
  len 11: 0/99 = 0.000 [0.000,0.037]
  len 12: 0/106 = 0.000 [0.000,0.035]
  len 13: 0/16 = 0.000 [0.000,0.194]
  len 14: 0/14 = 0.000 [0.000,0.215]
  written hist {7: 929, 8: 548, 9: 50, 10: 1}
  pruned hist {5: 19, 6: 202, 7: 839, 8: 434, 9: 33, 10: 1}
  frontier written 9 pruned 9
  reasons [("parse: expected line index, got 'LEANPARSE'", 39391), ('rule check failed: ANDI', 18647), ('rule check failed: IMPE', 18190), ('rule check failed: NEGE', 7628), ('rule check failed: ANDE2', 6503), ('rule check failed: DN', 6445)]
[lean_gate] 73120 samples, parse-fail 23700, distinct checked 44276: both ok 1243, nd-only 0, lean-only 3, both rej 43030; lean 206.4s wall (614.8s proc, 3 workers), nd_verify 2.1s
[la_T1_dsc_a1_s1 r1] transfer (this round, pass@32) SOLVED 139/2285 = 0.061 [0.052,0.071]
  len 7: 44/300 = 0.147 [0.111,0.191]
  len 8: 66/300 = 0.220 [0.177,0.270]
  len 9: 28/1010 = 0.028 [0.019,0.040]
  len 10: 1/451 = 0.002 [0.000,0.012]
  len 11: 0/99 = 0.000 [0.000,0.037]
  len 12: 0/102 = 0.000 [0.000,0.036]
  len 13: 0/13 = 0.000 [0.000,0.228]
  len 14: 0/10 = 0.000 [0.000,0.278]
  written hist {7: 46, 8: 88, 9: 32, 10: 2}
  pruned hist {5: 1, 6: 6, 7: 54, 8: 85, 9: 21, 10: 1}
  frontier written 9 pruned 9
  reasons [("parse: expected line index, got 'LEANPARSE'", 23700), ('rule check failed: IMPE', 11672), ('rule check failed: ANDI', 10856), ('rule check failed: NEGE', 4356), ('rule check failed: ANDE2', 3932), ('rule check failed: R', 3143)]
[lean_gate] 2285 samples, parse-fail 681, distinct checked 1604: both ok 52, nd-only 0, lean-only 0, both rej 1552; lean 7.1s wall (17.7s proc, 3 workers), nd_verify 0.1s
[la_T1_dsc_a1_s1 r1] transfer greedy SOLVED 52/2285 = 0.023 [0.017,0.030]
  len 7: 21/300 = 0.070 [0.046,0.105]
  len 8: 27/300 = 0.090 [0.063,0.128]
  len 9: 4/1010 = 0.004 [0.002,0.010]
  len 10: 0/451 = 0.000 [0.000,0.008]
  len 11: 0/99 = 0.000 [0.000,0.037]
  len 12: 0/102 = 0.000 [0.000,0.036]
  len 13: 0/13 = 0.000 [0.000,0.228]
  len 14: 0/10 = 0.000 [0.000,0.278]
  written hist {7: 18, 8: 30, 9: 4}
  pruned hist {5: 1, 6: 3, 7: 16, 8: 30, 9: 2}
  frontier written 8 pruned 8
  reasons [("parse: expected line index, got 'LEANPARSE'", 681), ('rule check failed: IMPE', 398), ('rule check failed: ANDI', 384), ('rule check failed: NEGE', 136), ('rule check failed: ANDE2', 124), ('rule check failed: R', 94)]
[lean_gate] 5000 samples, parse-fail 47, distinct checked 4953: both ok 4712, nd-only 0, lean-only 1, both rej 240; lean 11.5s wall (33.3s proc, 3 workers), nd_verify 0.2s
[la_T1_dsc_a1_s1 r1] heldout greedy SOLVED 4712/5000 = 0.942 [0.936,0.949]
  len 2: 993/1000 = 0.993 [0.986,0.997]
  len 3: 987/1000 = 0.987 [0.978,0.992]
  len 4: 954/1000 = 0.954 [0.939,0.965]
  len 5: 938/1000 = 0.938 [0.921,0.951]
  len 6: 840/1000 = 0.840 [0.816,0.861]
  written hist {2: 1015, 3: 977, 4: 918, 5: 977, 6: 819, 7: 6}
  pruned hist {2: 1017, 3: 977, 4: 922, 5: 974, 6: 817, 7: 5}
  frontier written 7 pruned 7
  reasons [("parse: expected line index, got 'LEANPARSE'", 47), ('rule check failed: DN', 45), ('rule check failed: ANDI', 40), ('rule check failed: ANDE2', 32), ('rule check failed: IMPE', 28), ('rule check failed: ORI2', 18)]
[la_T1_dsc_a1_s1 r1] targets cumulative: solved 1186/4495 L*=9 ge={7: 1186, 8: 350, 9: 33, 10: 1, 11: 0, 12: 0}
[la_T1_dsc_a1_s1 r1] transfer cumulative: solved 139/2285 L*=9 ge={7: 139, 8: 95, 9: 29, 10: 1, 11: 0, 12: 0}
python3 train.py --data artifacts/nf/la_T1_dsc_a1_s1/mix_1.jsonl --init ckpts/dsc/stage1_a1_s1.pt --steps 600 --lr 0.0003 --min_lr 2.9999999999999997e-05 --warmup 50 --cap 0 --out ckpts/ladder/la_T1_dsc_a1_s1_r1.pt --seed 1001 --log_every 200
params 3214336 mode lean_seq shift True
train records 26064 max len 431
step 200 loss 0.0441 lr 2.53e-04 18s
step 400 loss 0.0415 lr 1.09e-04 35s
step 600 loss 0.0445 lr 3.00e-05 53s
saved ckpts/ladder/la_T1_dsc_a1_s1_r1.pt
=== round 1 done in 1932s; new proofs 1528; cum targets solved 1186 L*=9; transfer L*=9
[lean_gate] 143840 samples, parse-fail 15962, distinct checked 108026: both ok 39512, nd-only 0, lean-only 0, both rej 68514; lean 511.7s wall (1530.1s proc, 3 workers), nd_verify 42.2s
[la_T1_dsc_a1_s1 r2] targets (this round) SOLVED 1882/4495 = 0.419 [0.404,0.433]
  len 7: 1108/1800 = 0.616 [0.593,0.638]
  len 8: 572/1000 = 0.572 [0.541,0.602]
  len 9: 182/1004 = 0.181 [0.159,0.206]
  len 10: 20/456 = 0.044 [0.029,0.067]
  len 11: 0/99 = 0.000 [0.000,0.037]
  len 12: 0/106 = 0.000 [0.000,0.035]
  len 13: 0/16 = 0.000 [0.000,0.194]
  len 14: 0/14 = 0.000 [0.000,0.215]
  written hist {7: 1213, 8: 1050, 9: 277, 10: 48, 11: 3}
  pruned hist {5: 33, 6: 291, 7: 1179, 8: 887, 9: 176, 10: 24, 11: 1}
  frontier written 10 pruned 10
  reasons [('rule check failed: ANDI', 17818), ('rule check failed: IMPE', 17443), ("parse: expected line index, got 'LEANPARSE'", 15962), ('rule check failed: NEGE', 7519), ('rule check failed: ORI2', 6296), ('rule check failed: R', 5783)]
[lean_gate] 73120 samples, parse-fail 12691, distinct checked 52560: both ok 6019, nd-only 0, lean-only 0, both rej 46541; lean 233.1s wall (696.0s proc, 3 workers), nd_verify 2.7s
[la_T1_dsc_a1_s1 r2] transfer (this round, pass@32) SOLVED 367/2285 = 0.161 [0.146,0.176]
  len 7: 51/300 = 0.170 [0.132,0.217]
  len 8: 117/300 = 0.390 [0.337,0.446]
  len 9: 179/1010 = 0.177 [0.155,0.202]
  len 10: 20/451 = 0.044 [0.029,0.068]
  len 11: 0/99 = 0.000 [0.000,0.037]
  len 12: 0/102 = 0.000 [0.000,0.036]
  len 13: 0/13 = 0.000 [0.000,0.228]
  len 14: 0/10 = 0.000 [0.000,0.278]
  written hist {7: 58, 8: 150, 9: 231, 10: 47}
  pruned hist {5: 3, 6: 7, 7: 88, 8: 189, 9: 170, 10: 29}
  frontier written 10 pruned 10
  reasons [('rule check failed: IMPE', 13351), ('rule check failed: ANDI', 12992), ("parse: expected line index, got 'LEANPARSE'", 12691), ('rule check failed: NEGE', 4740), ('rule check failed: ORI2', 3903), ('rule check failed: R', 3741)]
[lean_gate] 2285 samples, parse-fail 326, distinct checked 1959: both ok 240, nd-only 0, lean-only 0, both rej 1719; lean 9.2s wall (24.0s proc, 3 workers), nd_verify 0.2s
[la_T1_dsc_a1_s1 r2] transfer greedy SOLVED 240/2285 = 0.105 [0.093,0.118]
  len 7: 34/300 = 0.113 [0.082,0.154]
  len 8: 92/300 = 0.307 [0.257,0.361]
  len 9: 108/1010 = 0.107 [0.089,0.128]
  len 10: 6/451 = 0.013 [0.006,0.029]
  len 11: 0/99 = 0.000 [0.000,0.037]
  len 12: 0/102 = 0.000 [0.000,0.036]
  len 13: 0/13 = 0.000 [0.000,0.228]
  len 14: 0/10 = 0.000 [0.000,0.278]
  written hist {7: 31, 8: 92, 9: 107, 10: 10}
  pruned hist {6: 5, 7: 34, 8: 120, 9: 74, 10: 7}
  frontier written 10 pruned 10
  reasons [('rule check failed: IMPE', 426), ('rule check failed: ANDI', 423), ("parse: expected line index, got 'LEANPARSE'", 326), ('rule check failed: NEGE', 161), ('rule check failed: R', 131), ('rule check failed: ORI2', 119)]
[lean_gate] 5000 samples, parse-fail 17, distinct checked 4983: both ok 4761, nd-only 0, lean-only 1, both rej 221; lean 12.6s wall (36.6s proc, 3 workers), nd_verify 0.2s
[la_T1_dsc_a1_s1 r2] heldout greedy SOLVED 4761/5000 = 0.952 [0.946,0.958]
  len 2: 994/1000 = 0.994 [0.987,0.997]
  len 3: 982/1000 = 0.982 [0.972,0.989]
  len 4: 944/1000 = 0.944 [0.928,0.957]
  len 5: 929/1000 = 0.929 [0.911,0.943]
  len 6: 912/1000 = 0.912 [0.893,0.928]
  written hist {2: 1014, 3: 972, 4: 901, 5: 952, 6: 916, 7: 6}
  pruned hist {2: 1016, 3: 973, 4: 910, 5: 942, 6: 915, 7: 5}
  frontier written 7 pruned 7
  reasons [('rule check failed: ANDI', 50), ('rule check failed: DN', 29), ('rule check failed: IMPE', 28), ('rule check failed: ORI2', 27), ('rule check failed: ANDE1', 18), ("parse: expected line index, got 'LEANPARSE'", 17)]
[la_T1_dsc_a1_s1 r2] targets cumulative: solved 1882/4495 L*=10 ge={7: 1882, 8: 774, 9: 202, 10: 20, 11: 0, 12: 0}
[la_T1_dsc_a1_s1 r2] transfer cumulative: solved 379/2285 L*=10 ge={7: 379, 8: 322, 9: 202, 10: 21, 11: 0, 12: 0}
python3 train.py --data artifacts/nf/la_T1_dsc_a1_s1/mix_2.jsonl --init ckpts/ladder/la_T1_dsc_a1_s1_r1.pt --steps 600 --lr 0.0003 --min_lr 2.9999999999999997e-05 --warmup 50 --cap 0 --out ckpts/ladder/la_T1_dsc_a1_s1_r2.pt --seed 1002 --log_every 200
params 3214336 mode lean_seq shift True
train records 30108 max len 434
step 200 loss 0.0384 lr 2.53e-04 21s
step 400 loss 0.0425 lr 1.09e-04 43s
step 600 loss 0.0371 lr 3.00e-05 64s
saved ckpts/ladder/la_T1_dsc_a1_s1_r2.pt
=== round 2 done in 1788s; new proofs 1069; cum targets solved 1882 L*=10; transfer L*=10
[lean_gate] 143840 samples, parse-fail 14001, distinct checked 108945: both ok 48826, nd-only 0, lean-only 0, both rej 60119; lean 624.5s wall (1866.4s proc, 3 workers), nd_verify 11.5s
[la_T1_dsc_a1_s1 r3] targets (this round) SOLVED 2163/4495 = 0.481 [0.467,0.496]
  len 7: 1203/1800 = 0.668 [0.646,0.690]
  len 8: 638/1000 = 0.638 [0.608,0.667]
  len 9: 280/1004 = 0.279 [0.252,0.307]
  len 10: 39/456 = 0.086 [0.063,0.115]
  len 11: 3/99 = 0.030 [0.010,0.085]
  len 12: 0/106 = 0.000 [0.000,0.035]
  len 13: 0/16 = 0.000 [0.000,0.194]
  len 14: 0/14 = 0.000 [0.000,0.215]
  written hist {7: 1327, 8: 1222, 9: 468, 10: 109, 11: 14}
  pruned hist {5: 54, 6: 334, 7: 1344, 8: 1020, 9: 323, 10: 61, 11: 4}
  frontier written 11 pruned 10
  reasons [('rule check failed: ANDI', 16754), ('rule check failed: IMPE', 14509), ("parse: expected line index, got 'LEANPARSE'", 14001), ('rule check failed: NEGE', 6006), ('rule check failed: DN', 5521), ('rule check failed: ANDE2', 4971)]
[lean_gate] 73120 samples, parse-fail 11598, distinct checked 53298: both ok 8192, nd-only 0, lean-only 0, both rej 45106; lean 242.4s wall (723.6s proc, 3 workers), nd_verify 2.8s
[la_T1_dsc_a1_s1 r3] transfer (this round, pass@32) SOLVED 475/2285 = 0.208 [0.192,0.225]
  len 7: 65/300 = 0.217 [0.174,0.267]
  len 8: 125/300 = 0.417 [0.362,0.473]
  len 9: 250/1010 = 0.248 [0.222,0.275]
  len 10: 35/451 = 0.078 [0.056,0.106]
  len 11: 0/99 = 0.000 [0.000,0.037]
  len 12: 0/102 = 0.000 [0.000,0.036]
  len 13: 0/13 = 0.000 [0.000,0.228]
  len 14: 0/10 = 0.000 [0.000,0.278]
  written hist {7: 68, 8: 169, 9: 368, 10: 102, 11: 5, 12: 2}
  pruned hist {5: 2, 6: 10, 7: 126, 8: 240, 9: 278, 10: 54, 11: 4}
  frontier written 11 pruned 10
  reasons [('rule check failed: ANDI', 13385), ('rule check failed: IMPE', 11916), ("parse: expected line index, got 'LEANPARSE'", 11598), ('rule check failed: NEGE', 4333), ('rule check failed: ANDE2', 3661), ('rule check failed: ORI2', 3420)]
[lean_gate] 2285 samples, parse-fail 302, distinct checked 1983: both ok 324, nd-only 0, lean-only 0, both rej 1659; lean 9.2s wall (23.9s proc, 3 workers), nd_verify 0.2s
[la_T1_dsc_a1_s1 r3] transfer greedy SOLVED 324/2285 = 0.142 [0.128,0.157]
  len 7: 43/300 = 0.143 [0.108,0.188]
  len 8: 106/300 = 0.353 [0.301,0.409]
  len 9: 166/1010 = 0.164 [0.143,0.188]
  len 10: 9/451 = 0.020 [0.011,0.037]
  len 11: 0/99 = 0.000 [0.000,0.037]
  len 12: 0/102 = 0.000 [0.000,0.036]
  len 13: 0/13 = 0.000 [0.000,0.228]
  len 14: 0/10 = 0.000 [0.000,0.278]
  written hist {7: 37, 8: 108, 9: 162, 10: 16, 11: 1}
  pruned hist {6: 6, 7: 43, 8: 146, 9: 121, 10: 8}
  frontier written 10 pruned 10
  reasons [('rule check failed: ANDI', 450), ('rule check failed: IMPE', 384), ("parse: expected line index, got 'LEANPARSE'", 302), ('rule check failed: NEGE', 144), ('rule check failed: ANDE2', 117), ('rule check failed: ORI2', 109)]
[lean_gate] 5000 samples, parse-fail 19, distinct checked 4981: both ok 4763, nd-only 0, lean-only 1, both rej 217; lean 31.3s wall (90.5s proc, 3 workers), nd_verify 2.9s
[la_T1_dsc_a1_s1 r3] heldout greedy SOLVED 4763/5000 = 0.953 [0.946,0.958]
  len 2: 996/1000 = 0.996 [0.990,0.998]
  len 3: 990/1000 = 0.990 [0.982,0.995]
  len 4: 942/1000 = 0.942 [0.926,0.955]
  len 5: 922/1000 = 0.922 [0.904,0.937]
  len 6: 913/1000 = 0.913 [0.894,0.929]
  written hist {2: 1012, 3: 974, 4: 912, 5: 943, 6: 915, 7: 6, 8: 1}
  pruned hist {2: 1014, 3: 976, 4: 918, 5: 941, 6: 908, 7: 5, 8: 1}
  frontier written 7 pruned 7
  reasons [('rule check failed: ANDI', 52), ('rule check failed: IMPE', 37), ('rule check failed: DN', 28), ("parse: expected line index, got 'LEANPARSE'", 19), ('rule check failed: ORI1', 18), ('rule check failed: ORI2', 16)]
[la_T1_dsc_a1_s1 r3] targets cumulative: solved 2163/4495 L*=10 ge={7: 2163, 8: 960, 9: 322, 10: 42, 11: 3, 12: 0}
[la_T1_dsc_a1_s1 r3] transfer cumulative: solved 500/2285 L*=10 ge={7: 500, 8: 432, 9: 300, 10: 37, 11: 0, 12: 0}
python3 train.py --data artifacts/nf/la_T1_dsc_a1_s1/mix_3.jsonl --init ckpts/ladder/la_T1_dsc_a1_s1_r2.pt --steps 600 --lr 0.0003 --min_lr 2.9999999999999997e-05 --warmup 50 --cap 0 --out ckpts/ladder/la_T1_dsc_a1_s1_r3.pt --seed 1003 --log_every 200
params 3214336 mode lean_seq shift True
train records 32200 max len 558
step 200 loss 0.0372 lr 2.53e-04 25s
step 400 loss 0.0355 lr 1.09e-04 48s
step 600 loss 0.0389 lr 3.00e-05 72s
saved ckpts/ladder/la_T1_dsc_a1_s1_r3.pt
=== round 3 done in 1823s; new proofs 569; cum targets solved 2163 L*=10; transfer L*=10
[lean_gate] 143840 samples, parse-fail 13697, distinct checked 109051: both ok 55036, nd-only 0, lean-only 0, both rej 54015; lean 644.3s wall (1927.3s proc, 3 workers), nd_verify 5.6s
[la_T1_dsc_a1_s1 r4] targets (this round) SOLVED 2342/4495 = 0.521 [0.506,0.536]
  len 7: 1266/1800 = 0.703 [0.682,0.724]
  len 8: 671/1000 = 0.671 [0.641,0.699]
  len 9: 343/1004 = 0.342 [0.313,0.372]
  len 10: 57/456 = 0.125 [0.098,0.159]
  len 11: 5/99 = 0.051 [0.022,0.113]
  len 12: 0/106 = 0.000 [0.000,0.035]
  len 13: 0/16 = 0.000 [0.000,0.194]
  len 14: 0/14 = 0.000 [0.000,0.215]
  written hist {7: 1412, 8: 1346, 9: 635, 10: 179, 11: 28, 12: 2, 14: 1}
  pruned hist {5: 60, 6: 370, 7: 1469, 8: 1125, 9: 457, 10: 107, 11: 14, 12: 1}
  frontier written 11 pruned 11
  reasons [('rule check failed: ANDI', 15603), ("parse: expected line index, got 'LEANPARSE'", 13697), ('rule check failed: IMPE', 11897), ('rule check failed: DN', 5628), ('rule check failed: NEGE', 5068), ('rule check failed: ORI2', 4708)]
[lean_gate] 73120 samples, parse-fail 12413, distinct checked 52694: both ok 9424, nd-only 0, lean-only 6, both rej 43264; lean 404.2s wall (1201.4s proc, 3 workers), nd_verify 20.6s
[la_T1_dsc_a1_s1 r4] transfer (this round, pass@32) SOLVED 557/2285 = 0.244 [0.227,0.262]
  len 7: 72/300 = 0.240 [0.195,0.291]
  len 8: 130/300 = 0.433 [0.378,0.490]
  len 9: 311/1010 = 0.308 [0.280,0.337]
  len 10: 43/451 = 0.095 [0.072,0.126]
  len 11: 1/99 = 0.010 [0.002,0.055]
  len 12: 0/102 = 0.000 [0.000,0.036]
  len 13: 0/13 = 0.000 [0.000,0.228]
  len 14: 0/10 = 0.000 [0.000,0.278]
  written hist {7: 76, 8: 183, 9: 469, 10: 130, 11: 8, 12: 2, 13: 1}
  pruned hist {5: 3, 6: 12, 7: 129, 8: 274, 9: 372, 10: 75, 11: 4}
  frontier written 11 pruned 10
  reasons [('rule check failed: ANDI', 12582), ("parse: expected line index, got 'LEANPARSE'", 12413), ('rule check failed: IMPE', 10498), ('rule check failed: NEGE', 4255), ('rule check failed: ANDE2', 3530), ('rule check failed: DN', 3257)]
[lean_gate] 2285 samples, parse-fail 318, distinct checked 1967: both ok 371, nd-only 0, lean-only 0, both rej 1596; lean 17.8s wall (45.3s proc, 3 workers), nd_verify 0.7s
[la_T1_dsc_a1_s1 r4] transfer greedy SOLVED 371/2285 = 0.162 [0.148,0.178]
  len 7: 51/300 = 0.170 [0.132,0.217]
  len 8: 112/300 = 0.373 [0.321,0.429]
  len 9: 191/1010 = 0.189 [0.166,0.214]
  len 10: 17/451 = 0.038 [0.024,0.060]
  len 11: 0/99 = 0.000 [0.000,0.037]
  len 12: 0/102 = 0.000 [0.000,0.036]
  len 13: 0/13 = 0.000 [0.000,0.228]
  len 14: 0/10 = 0.000 [0.000,0.278]
  written hist {7: 43, 8: 113, 9: 187, 10: 26, 11: 1, 12: 1}
  pruned hist {6: 7, 7: 52, 8: 157, 9: 134, 10: 20, 11: 1}
  frontier written 10 pruned 10
  reasons [('rule check failed: ANDI', 432), ('rule check failed: IMPE', 328), ("parse: expected line index, got 'LEANPARSE'", 318), ('rule check failed: NEGE', 137), ('rule check failed: ANDE2', 130), ('rule check failed: ORI1', 104)]
[lean_gate] 5000 samples, parse-fail 28, distinct checked 4972: both ok 4786, nd-only 0, lean-only 1, both rej 185; lean 29.9s wall (85.4s proc, 3 workers), nd_verify 2.2s
[la_T1_dsc_a1_s1 r4] heldout greedy SOLVED 4786/5000 = 0.957 [0.951,0.962]
  len 2: 997/1000 = 0.997 [0.991,0.999]
  len 3: 988/1000 = 0.988 [0.979,0.993]
  len 4: 949/1000 = 0.949 [0.934,0.961]
  len 5: 926/1000 = 0.926 [0.908,0.941]
  len 6: 926/1000 = 0.926 [0.908,0.941]
  written hist {2: 1016, 3: 974, 4: 908, 5: 958, 6: 920, 7: 9, 8: 1}
  pruned hist {2: 1019, 3: 977, 4: 920, 5: 945, 6: 918, 7: 6, 8: 1}
  frontier written 7 pruned 7
  reasons [('rule check failed: ANDI', 39), ('rule check failed: IMPE', 33), ("parse: expected line index, got 'LEANPARSE'", 28), ('rule check failed: ORI2', 21), ('rule check failed: DN', 17), ('rule check failed: ORI1', 15)]
[la_T1_dsc_a1_s1 r4] targets cumulative: solved 2342/4495 L*=11 ge={7: 2342, 8: 1076, 9: 405, 10: 62, 11: 5, 12: 0}
[la_T1_dsc_a1_s1 r4] transfer cumulative: solved 595/2285 L*=10 ge={7: 595, 8: 517, 9: 376, 10: 48, 11: 1, 12: 0}
python3 train.py --data artifacts/nf/la_T1_dsc_a1_s1/mix_4.jsonl --init ckpts/ladder/la_T1_dsc_a1_s1_r3.pt --steps 600 --lr 0.0003 --min_lr 2.9999999999999997e-05 --warmup 50 --cap 0 --out ckpts/ladder/la_T1_dsc_a1_s1_r4.pt --seed 1004 --log_every 200
params 3214336 mode lean_seq shift True
train records 33856 max len 444
step 200 loss 0.0411 lr 2.53e-04 24s
step 400 loss 0.0356 lr 1.09e-04 47s
step 600 loss 0.0360 lr 3.00e-05 61s
saved ckpts/ladder/la_T1_dsc_a1_s1_r4.pt
=== round 4 done in 2081s; new proofs 483; cum targets solved 2342 L*=11; transfer L*=10
[lean_gate] 143840 samples, parse-fail 12720, distinct checked 109849: both ok 59194, nd-only 0, lean-only 1, both rej 50654; lean 427.3s wall (1278.2s proc, 3 workers), nd_verify 6.1s
[la_T1_dsc_a1_s1 r5] targets (this round) SOLVED 2448/4495 = 0.545 [0.530,0.559]
  len 7: 1304/1800 = 0.724 [0.703,0.745]
  len 8: 689/1000 = 0.689 [0.660,0.717]
  len 9: 386/1004 = 0.384 [0.355,0.415]
  len 10: 63/456 = 0.138 [0.109,0.173]
  len 11: 6/99 = 0.061 [0.028,0.126]
  len 12: 0/106 = 0.000 [0.000,0.035]
  len 13: 0/16 = 0.000 [0.000,0.194]
  len 14: 0/14 = 0.000 [0.000,0.215]
  written hist {7: 1459, 8: 1449, 9: 748, 10: 226, 11: 38, 12: 2, 14: 1}
  pruned hist {5: 64, 6: 395, 7: 1562, 8: 1202, 9: 550, 10: 126, 11: 23, 12: 1}
  frontier written 11 pruned 11
  reasons [('rule check failed: ANDI', 14385), ("parse: expected line index, got 'LEANPARSE'", 12720), ('rule check failed: IMPE', 12506), ('rule check failed: DN', 4767), ('rule check failed: ORI2', 4516), ('rule check failed: NEGE', 4468)]
[lean_gate] 73120 samples, parse-fail 11782, distinct checked 53301: both ok 11003, nd-only 0, lean-only 0, both rej 42298; lean 268.0s wall (801.2s proc, 3 workers), nd_verify 2.9s
[la_T1_dsc_a1_s1 r5] transfer (this round, pass@32) SOLVED 633/2285 = 0.277 [0.259,0.296]
  len 7: 87/300 = 0.290 [0.242,0.344]
  len 8: 139/300 = 0.463 [0.408,0.520]
  len 9: 350/1010 = 0.347 [0.318,0.376]
  len 10: 51/451 = 0.113 [0.087,0.146]
  len 11: 4/99 = 0.040 [0.016,0.099]
  len 12: 2/102 = 0.020 [0.005,0.069]
  len 13: 0/13 = 0.000 [0.000,0.228]
  len 14: 0/10 = 0.000 [0.000,0.278]
  written hist {7: 97, 8: 192, 9: 545, 10: 161, 11: 24, 12: 3, 13: 1}
  pruned hist {5: 3, 6: 13, 7: 163, 8: 300, 9: 425, 10: 109, 11: 10}
  frontier written 11 pruned 11
  reasons [('rule check failed: ANDI', 12063), ("parse: expected line index, got 'LEANPARSE'", 11782), ('rule check failed: IMPE', 10955), ('rule check failed: NEGE', 4101), ('rule check failed: ORI2', 3438), ('rule check failed: ANDE2', 3115)]
[lean_gate] 2285 samples, parse-fail 297, distinct checked 1988: both ok 437, nd-only 0, lean-only 0, both rej 1551; lean 8.7s wall (22.4s proc, 3 workers), nd_verify 0.1s
[la_T1_dsc_a1_s1 r5] transfer greedy SOLVED 437/2285 = 0.191 [0.176,0.208]
  len 7: 65/300 = 0.217 [0.174,0.267]
  len 8: 116/300 = 0.387 [0.333,0.443]
  len 9: 231/1010 = 0.229 [0.204,0.256]
  len 10: 23/451 = 0.051 [0.034,0.075]
  len 11: 2/99 = 0.020 [0.006,0.071]
  len 12: 0/102 = 0.000 [0.000,0.036]
  len 13: 0/13 = 0.000 [0.000,0.228]
  len 14: 0/10 = 0.000 [0.000,0.278]
  written hist {7: 58, 8: 115, 9: 219, 10: 40, 11: 5}
  pruned hist {5: 1, 6: 6, 7: 69, 8: 161, 9: 165, 10: 32, 11: 3}
  frontier written 11 pruned 10
  reasons [('rule check failed: IMPE', 384), ('rule check failed: ANDI', 384), ("parse: expected line index, got 'LEANPARSE'", 297), ('rule check failed: NEGE', 123), ('rule check failed: ORI2', 122), ('rule check failed: R', 95)]
[lean_gate] 5000 samples, parse-fail 23, distinct checked 4977: both ok 4775, nd-only 0, lean-only 1, both rej 201; lean 11.9s wall (34.4s proc, 3 workers), nd_verify 0.2s
[la_T1_dsc_a1_s1 r5] heldout greedy SOLVED 4775/5000 = 0.955 [0.949,0.960]
  len 2: 994/1000 = 0.994 [0.987,0.997]
  len 3: 979/1000 = 0.979 [0.968,0.986]
  len 4: 944/1000 = 0.944 [0.928,0.957]
  len 5: 927/1000 = 0.927 [0.909,0.942]
  len 6: 931/1000 = 0.931 [0.914,0.945]
  written hist {2: 1017, 3: 957, 4: 909, 5: 955, 6: 923, 7: 14}
  pruned hist {2: 1019, 3: 960, 4: 921, 5: 942, 6: 924, 7: 9}
  frontier written 7 pruned 7
  reasons [('rule check failed: ANDI', 44), ('rule check failed: IMPE', 28), ("parse: expected line index, got 'LEANPARSE'", 23), ('rule check failed: ORI2', 22), ('rule check failed: ANDE1', 20), ('rule check failed: DN', 19)]
[la_T1_dsc_a1_s1 r5] targets cumulative: solved 2448/4495 L*=11 ge={7: 2448, 8: 1144, 9: 455, 10: 69, 11: 6, 12: 0}
[la_T1_dsc_a1_s1 r5] transfer cumulative: solved 679/2285 L*=11 ge={7: 679, 8: 586, 9: 440, 10: 66, 11: 6, 12: 2}
python3 train.py --data artifacts/nf/la_T1_dsc_a1_s1/mix_5.jsonl --init ckpts/ladder/la_T1_dsc_a1_s1_r4.pt --steps 600 --lr 0.0003 --min_lr 2.9999999999999997e-05 --warmup 50 --cap 0 --out ckpts/ladder/la_T1_dsc_a1_s1_r5.pt --seed 1005 --log_every 200
params 3214336 mode lean_seq shift True
train records 35052 max len 453
step 200 loss 0.0365 lr 2.53e-04 23s
step 400 loss 0.0343 lr 1.09e-04 45s
step 600 loss 0.0351 lr 3.00e-05 68s
saved ckpts/ladder/la_T1_dsc_a1_s1_r5.pt
=== round 5 done in 1660s; new proofs 350; cum targets solved 2448 L*=11; transfer L*=11
[lean_gate] 143840 samples, parse-fail 11302, distinct checked 111133: both ok 62239, nd-only 0, lean-only 1, both rej 48893; lean 535.8s wall (1597.2s proc, 3 workers), nd_verify 31.8s
[la_T1_dsc_a1_s1 r6] targets (this round) SOLVED 2549/4495 = 0.567 [0.553,0.581]
  len 7: 1340/1800 = 0.744 [0.724,0.764]
  len 8: 702/1000 = 0.702 [0.673,0.730]
  len 9: 424/1004 = 0.422 [0.392,0.453]
  len 10: 76/456 = 0.167 [0.135,0.204]
  len 11: 7/99 = 0.071 [0.035,0.139]
  len 12: 0/106 = 0.000 [0.000,0.035]
  len 13: 0/16 = 0.000 [0.000,0.194]
  len 14: 0/14 = 0.000 [0.000,0.215]
  written hist {7: 1503, 8: 1522, 9: 843, 10: 288, 11: 49, 12: 5, 14: 1}
  pruned hist {5: 70, 6: 415, 7: 1636, 8: 1263, 9: 633, 10: 164, 11: 27, 12: 3}
  frontier written 12 pruned 11
  reasons [('rule check failed: ANDI', 14161), ('rule check failed: IMPE', 11538), ("parse: expected line index, got 'LEANPARSE'", 11302), ('rule check failed: NEGE', 4780), ('rule check failed: DN', 4552), ('rule check failed: ORI2', 3706)]
[lean_gate] 73120 samples, parse-fail 10751, distinct checked 54132: both ok 12027, nd-only 0, lean-only 14, both rej 42091; lean 308.7s wall (921.7s proc, 3 workers), nd_verify 21.1s
[la_T1_dsc_a1_s1 r6] transfer (this round, pass@32) SOLVED 682/2285 = 0.298 [0.280,0.318]
  len 7: 96/300 = 0.320 [0.270,0.375]
  len 8: 144/300 = 0.480 [0.424,0.536]
  len 9: 371/1010 = 0.367 [0.338,0.398]
  len 10: 64/451 = 0.142 [0.113,0.177]
  len 11: 5/99 = 0.051 [0.022,0.113]
  len 12: 2/102 = 0.020 [0.005,0.069]
  len 13: 0/13 = 0.000 [0.000,0.228]
  len 14: 0/10 = 0.000 [0.000,0.278]
  written hist {7: 99, 8: 212, 9: 610, 10: 210, 11: 31, 12: 7, 13: 2}
  pruned hist {5: 6, 6: 9, 7: 165, 8: 327, 9: 511, 10: 133, 11: 19, 12: 1}
  frontier written 12 pruned 11
  reasons [('rule check failed: ANDI', 12675), ('rule check failed: IMPE', 10831), ("parse: expected line index, got 'LEANPARSE'", 10751), ('rule check failed: NEGE', 3905), ('rule check failed: ORI2', 3213), ('rule check failed: DN', 3031)]
[lean_gate] 2285 samples, parse-fail 270, distinct checked 2015: both ok 482, nd-only 0, lean-only 0, both rej 1533; lean 20.4s wall (54.5s proc, 3 workers), nd_verify 0.5s
[la_T1_dsc_a1_s1 r6] transfer greedy SOLVED 482/2285 = 0.211 [0.195,0.228]
  len 7: 71/300 = 0.237 [0.192,0.288]
  len 8: 118/300 = 0.393 [0.340,0.450]
  len 9: 261/1010 = 0.258 [0.232,0.286]
  len 10: 29/451 = 0.064 [0.045,0.091]
  len 11: 2/99 = 0.020 [0.006,0.071]
  len 12: 1/102 = 0.010 [0.002,0.053]
  len 13: 0/13 = 0.000 [0.000,0.228]
  len 14: 0/10 = 0.000 [0.000,0.278]
  written hist {7: 61, 8: 120, 9: 245, 10: 50, 11: 5, 12: 1}
  pruned hist {5: 1, 6: 7, 7: 73, 8: 172, 9: 190, 10: 37, 11: 2}
  frontier written 11 pruned 10
  reasons [('rule check failed: ANDI', 421), ('rule check failed: IMPE', 355), ("parse: expected line index, got 'LEANPARSE'", 270), ('rule check failed: NEGE', 116), ('rule check failed: ORI2', 107), ('rule check failed: DN', 103)]
[lean_gate] 5000 samples, parse-fail 21, distinct checked 4979: both ok 4784, nd-only 0, lean-only 1, both rej 194; lean 12.3s wall (35.7s proc, 3 workers), nd_verify 0.3s
[la_T1_dsc_a1_s1 r6] heldout greedy SOLVED 4784/5000 = 0.957 [0.951,0.962]
  len 2: 997/1000 = 0.997 [0.991,0.999]
  len 3: 982/1000 = 0.982 [0.972,0.989]
  len 4: 948/1000 = 0.948 [0.932,0.960]
  len 5: 934/1000 = 0.934 [0.917,0.948]
  len 6: 923/1000 = 0.923 [0.905,0.938]
  written hist {2: 1020, 3: 966, 4: 911, 5: 943, 6: 927, 7: 14, 8: 3}
  pruned hist {2: 1023, 3: 969, 4: 920, 5: 937, 6: 925, 7: 7, 8: 3}
  frontier written 7 pruned 7
  reasons [('rule check failed: ANDI', 45), ('rule check failed: IMPE', 36), ('rule check failed: ORI2', 23), ("parse: expected line index, got 'LEANPARSE'", 21), ('rule check failed: DN', 20), ('rule check failed: ANDE1', 14)]
[la_T1_dsc_a1_s1 r6] targets cumulative: solved 2549/4495 L*=11 ge={7: 2549, 8: 1209, 9: 507, 10: 83, 11: 7, 12: 0}
[la_T1_dsc_a1_s1 r6] transfer cumulative: solved 738/2285 L*=11 ge={7: 738, 8: 637, 9: 485, 10: 77, 11: 7, 12: 2}
python3 train.py --data artifacts/nf/la_T1_dsc_a1_s1/mix_6.jsonl --init ckpts/ladder/la_T1_dsc_a1_s1_r5.pt --steps 600 --lr 0.0003 --min_lr 2.9999999999999997e-05 --warmup 50 --cap 0 --out ckpts/ladder/la_T1_dsc_a1_s1_r6.pt --seed 1006 --log_every 200
params 3214336 mode lean_seq shift True
train records 36188 max len 453
step 200 loss 0.0393 lr 2.53e-04 22s
step 400 loss 0.0375 lr 1.09e-04 38s
step 600 loss 0.0366 lr 3.00e-05 57s
saved ckpts/ladder/la_T1_dsc_a1_s1_r6.pt
=== round 6 done in 1896s; new proofs 333; cum targets solved 2549 L*=11; transfer L*=11
[lean_gate] 143840 samples, parse-fail 10698, distinct checked 111790: both ok 64938, nd-only 0, lean-only 1, both rej 46851; lean 716.3s wall (2141.0s proc, 3 workers), nd_verify 6.2s
[la_T1_dsc_a1_s1 r7] targets (this round) SOLVED 2635/4495 = 0.586 [0.572,0.601]
  len 7: 1374/1800 = 0.763 [0.743,0.782]
  len 8: 720/1000 = 0.720 [0.691,0.747]
  len 9: 449/1004 = 0.447 [0.417,0.478]
  len 10: 82/456 = 0.180 [0.147,0.218]
  len 11: 8/99 = 0.081 [0.042,0.151]
  len 12: 2/106 = 0.019 [0.005,0.066]
  len 13: 0/16 = 0.000 [0.000,0.194]
  len 14: 0/14 = 0.000 [0.000,0.215]
  written hist {7: 1553, 8: 1631, 9: 954, 10: 345, 11: 57, 12: 12, 14: 1}
  pruned hist {5: 74, 6: 434, 7: 1738, 8: 1355, 9: 723, 10: 186, 11: 35, 12: 8}
  frontier written 12 pruned 12
  reasons [('rule check failed: IMPE', 12291), ('rule check failed: ANDI', 12140), ("parse: expected line index, got 'LEANPARSE'", 10698), ('rule check failed: NEGE', 5002), ('rule check failed: DN', 4866), ('rule check failed: ORI2', 3806)]
[lean_gate] 73120 samples, parse-fail 10014, distinct checked 54727: both ok 13190, nd-only 0, lean-only 0, both rej 41537; lean 309.4s wall (922.8s proc, 3 workers), nd_verify 3.0s
[la_T1_dsc_a1_s1 r7] transfer (this round, pass@32) SOLVED 743/2285 = 0.325 [0.306,0.345]
  len 7: 114/300 = 0.380 [0.327,0.436]
  len 8: 143/300 = 0.477 [0.421,0.533]
  len 9: 403/1010 = 0.399 [0.369,0.430]
  len 10: 70/451 = 0.155 [0.125,0.192]
  len 11: 10/99 = 0.101 [0.056,0.176]
  len 12: 3/102 = 0.029 [0.010,0.083]
  len 13: 0/13 = 0.000 [0.000,0.228]
  len 14: 0/10 = 0.000 [0.000,0.278]
  written hist {7: 119, 8: 214, 9: 661, 10: 273, 11: 38, 12: 11, 13: 2}
  pruned hist {5: 5, 6: 14, 7: 193, 8: 347, 9: 567, 10: 168, 11: 21, 12: 3}
  frontier written 12 pruned 11
  reasons [('rule check failed: IMPE', 11731), ('rule check failed: ANDI', 10881), ("parse: expected line index, got 'LEANPARSE'", 10014), ('rule check failed: NEGE', 4712), ('rule check failed: DN', 3305), ('rule check failed: ANDE2', 3145)]
[lean_gate] 2285 samples, parse-fail 262, distinct checked 2023: both ok 524, nd-only 0, lean-only 0, both rej 1499; lean 9.2s wall (24.2s proc, 3 workers), nd_verify 0.2s
[la_T1_dsc_a1_s1 r7] transfer greedy SOLVED 524/2285 = 0.229 [0.213,0.247]
  len 7: 87/300 = 0.290 [0.242,0.344]
  len 8: 121/300 = 0.403 [0.349,0.460]
  len 9: 275/1010 = 0.272 [0.246,0.301]
  len 10: 36/451 = 0.080 [0.058,0.109]
  len 11: 3/99 = 0.030 [0.010,0.085]
  len 12: 2/102 = 0.020 [0.005,0.069]
  len 13: 0/13 = 0.000 [0.000,0.228]
  len 14: 0/10 = 0.000 [0.000,0.278]
  written hist {7: 78, 8: 120, 9: 249, 10: 63, 11: 10, 12: 4}
  pruned hist {5: 1, 6: 7, 7: 88, 8: 172, 9: 205, 10: 44, 11: 6, 12: 1}
  frontier written 11 pruned 11
  reasons [('rule check failed: IMPE', 381), ('rule check failed: ANDI', 365), ("parse: expected line index, got 'LEANPARSE'", 262), ('rule check failed: NEGE', 157), ('rule check failed: ANDE2', 108), ('rule check failed: ORI2', 100)]
[lean_gate] 5000 samples, parse-fail 20, distinct checked 4980: both ok 4802, nd-only 0, lean-only 1, both rej 177; lean 12.0s wall (34.8s proc, 3 workers), nd_verify 0.3s
[la_T1_dsc_a1_s1 r7] heldout greedy SOLVED 4802/5000 = 0.960 [0.955,0.965]
  len 2: 998/1000 = 0.998 [0.993,0.999]
  len 3: 986/1000 = 0.986 [0.977,0.992]
  len 4: 948/1000 = 0.948 [0.932,0.960]
  len 5: 938/1000 = 0.938 [0.921,0.951]
  len 6: 932/1000 = 0.932 [0.915,0.946]
  written hist {2: 1019, 3: 966, 4: 917, 5: 953, 6: 932, 7: 12, 8: 3}
  pruned hist {2: 1021, 3: 969, 4: 922, 5: 956, 6: 928, 7: 5, 8: 1}
  frontier written 7 pruned 7
  reasons [('rule check failed: ANDI', 35), ('rule check failed: IMPE', 26), ('rule check failed: ORI2', 20), ("parse: expected line index, got 'LEANPARSE'", 20), ('rule check failed: DN', 20), ('rule check failed: ANDE1', 19)]
[la_T1_dsc_a1_s1 r7] targets cumulative: solved 2635/4495 L*=11 ge={7: 2635, 8: 1261, 9: 541, 10: 92, 11: 10, 12: 2}
[la_T1_dsc_a1_s1 r7] transfer cumulative: solved 809/2285 L*=11 ge={7: 809, 8: 690, 9: 534, 10: 92, 11: 13, 12: 3}
python3 train.py --data artifacts/nf/la_T1_dsc_a1_s1/mix_7.jsonl --init ckpts/ladder/la_T1_dsc_a1_s1_r6.pt --steps 600 --lr 0.0003 --min_lr 2.9999999999999997e-05 --warmup 50 --cap 0 --out ckpts/ladder/la_T1_dsc_a1_s1_r7.pt --seed 1007 --log_every 200
params 3214336 mode lean_seq shift True
train records 37368 max len 453
step 200 loss 0.0364 lr 2.53e-04 21s
step 400 loss 0.0372 lr 1.09e-04 43s
step 600 loss 0.0353 lr 3.00e-05 63s
saved ckpts/ladder/la_T1_dsc_a1_s1_r7.pt
=== round 7 done in 1969s; new proofs 344; cum targets solved 2635 L*=11; transfer L*=11
[lean_gate] 143840 samples, parse-fail 11214, distinct checked 111616: both ok 67051, nd-only 0, lean-only 0, both rej 44565; lean 525.5s wall (1568.4s proc, 3 workers), nd_verify 39.3s
[la_T1_dsc_a1_s1 r8] targets (this round) SOLVED 2693/4495 = 0.599 [0.585,0.613]
  len 7: 1395/1800 = 0.775 [0.755,0.794]
  len 8: 729/1000 = 0.729 [0.701,0.756]
  len 9: 469/1004 = 0.467 [0.436,0.498]
  len 10: 89/456 = 0.195 [0.161,0.234]
  len 11: 9/99 = 0.091 [0.049,0.164]
  len 12: 2/106 = 0.019 [0.005,0.066]
  len 13: 0/16 = 0.000 [0.000,0.194]
  len 14: 0/14 = 0.000 [0.000,0.215]
  written hist {7: 1592, 8: 1704, 9: 1053, 10: 388, 11: 60, 12: 17, 14: 1}
  pruned hist {5: 81, 6: 447, 7: 1813, 8: 1411, 9: 801, 10: 214, 11: 39, 12: 9}
  frontier written 12 pruned 12
  reasons [('rule check failed: ANDI', 11915), ('rule check failed: IMPE', 11241), ("parse: expected line index, got 'LEANPARSE'", 11214), ('rule check failed: DN', 4570), ('rule check failed: NEGE', 4399), ('rule check failed: ANDE2', 3505)]
[lean_gate] 73120 samples, parse-fail 10543, distinct checked 54379: both ok 13415, nd-only 0, lean-only 21, both rej 40943; lean 222.0s wall (664.5s proc, 3 workers), nd_verify 3.0s
[la_T1_dsc_a1_s1 r8] transfer (this round, pass@32) SOLVED 748/2285 = 0.327 [0.308,0.347]
  len 7: 107/300 = 0.357 [0.305,0.412]
  len 8: 149/300 = 0.497 [0.440,0.553]
  len 9: 416/1010 = 0.412 [0.382,0.443]
  len 10: 67/451 = 0.149 [0.119,0.184]
  len 11: 7/99 = 0.071 [0.035,0.139]
  len 12: 2/102 = 0.020 [0.005,0.069]
  len 13: 0/13 = 0.000 [0.000,0.228]
  len 14: 0/10 = 0.000 [0.000,0.278]
  written hist {7: 111, 8: 229, 9: 690, 10: 261, 11: 37, 12: 4}
  pruned hist {5: 7, 6: 11, 7: 195, 8: 358, 9: 596, 10: 145, 11: 20}
  frontier written 11 pruned 11
  reasons [('rule check failed: IMPE', 11019), ('rule check failed: ANDI', 10715), ("parse: expected line index, got 'LEANPARSE'", 10543), ('rule check failed: NEGE', 4252), ('rule check failed: DN', 3306), ('rule check failed: ANDE2', 3284)]
[lean_gate] 2285 samples, parse-fail 268, distinct checked 2017: both ok 524, nd-only 0, lean-only 1, both rej 1492; lean 8.6s wall (22.6s proc, 3 workers), nd_verify 0.1s
[la_T1_dsc_a1_s1 r8] transfer greedy SOLVED 524/2285 = 0.229 [0.213,0.247]
  len 7: 85/300 = 0.283 [0.235,0.337]
  len 8: 122/300 = 0.407 [0.353,0.463]
  len 9: 285/1010 = 0.282 [0.255,0.311]
  len 10: 28/451 = 0.062 [0.043,0.088]
  len 11: 3/99 = 0.030 [0.010,0.085]
  len 12: 1/102 = 0.010 [0.002,0.053]
  len 13: 0/13 = 0.000 [0.000,0.228]
  len 14: 0/10 = 0.000 [0.000,0.278]
  written hist {7: 75, 8: 120, 9: 268, 10: 52, 11: 8, 12: 1}
  pruned hist {5: 1, 6: 7, 7: 89, 8: 182, 9: 207, 10: 34, 11: 4}
  frontier written 11 pruned 10
  reasons [('rule check failed: IMPE', 370), ('rule check failed: ANDI', 354), ("parse: expected line index, got 'LEANPARSE'", 268), ('rule check failed: NEGE', 135), ('rule check failed: ANDE2', 113), ('rule check failed: DN', 107)]
[lean_gate] 5000 samples, parse-fail 19, distinct checked 4981: both ok 4804, nd-only 0, lean-only 1, both rej 176; lean 11.0s wall (32.1s proc, 3 workers), nd_verify 0.3s
[la_T1_dsc_a1_s1 r8] heldout greedy SOLVED 4804/5000 = 0.961 [0.955,0.966]
  len 2: 999/1000 = 0.999 [0.994,1.000]
  len 3: 985/1000 = 0.985 [0.975,0.991]
  len 4: 957/1000 = 0.957 [0.943,0.968]
  len 5: 932/1000 = 0.932 [0.915,0.946]
  len 6: 931/1000 = 0.931 [0.914,0.945]
  written hist {2: 1022, 3: 966, 4: 916, 5: 940, 6: 948, 7: 9, 8: 3}
  pruned hist {2: 1023, 3: 971, 4: 925, 5: 936, 6: 940, 7: 6, 8: 3}
  frontier written 7 pruned 7
  reasons [('rule check failed: ANDI', 38), ('rule check failed: IMPE', 31), ('rule check failed: ORI2', 21), ("parse: expected line index, got 'LEANPARSE'", 19), ('rule check failed: DN', 18), ('rule check failed: ANDE2', 15)]
[la_T1_dsc_a1_s1 r8] targets cumulative: solved 2693/4495 L*=11 ge={7: 2693, 8: 1298, 9: 569, 10: 100, 11: 11, 12: 2}
[la_T1_dsc_a1_s1 r8] transfer cumulative: solved 847/2285 L*=11 ge={7: 847, 8: 723, 9: 563, 10: 97, 11: 13, 12: 3}
python3 train.py --data artifacts/nf/la_T1_dsc_a1_s1/mix_8.jsonl --init ckpts/ladder/la_T1_dsc_a1_s1_r7.pt --steps 600 --lr 0.0003 --min_lr 2.9999999999999997e-05 --warmup 50 --cap 0 --out ckpts/ladder/la_T1_dsc_a1_s1_r8.pt --seed 1008 --log_every 200
params 3214336 mode lean_seq shift True
train records 38272 max len 453
step 200 loss 0.0359 lr 2.53e-04 14s
step 400 loss 0.0348 lr 1.09e-04 27s
step 600 loss 0.0342 lr 3.00e-05 41s
saved ckpts/ladder/la_T1_dsc_a1_s1_r8.pt
=== round 8 done in 1675s; new proofs 282; cum targets solved 2693 L*=11; transfer L*=11
END 2026-09-25T04:58:59Z
