START 2026-09-25T03:29:53Z python3 pod/nf/record.py nf2
la_frozen_dsg_g1_s0_found_8 972 both accept 972 disagree 0
la_frozen_dsg_g1_s0_found_transfer_8 84 both accept 84 disagree 0
la_frozen_p3_s0_found_8 1058 both accept 1058 disagree 0
la_frozen_p3_s0_found_transfer_8 91 both accept 91 disagree 0
la_frozen_p3_s1_found_8 1701 both accept 1701 disagree 0
la_frozen_p3_s1_found_transfer_8 212 both accept 212 disagree 0
la_frozen_p4_s0_found_8 1783 both accept 1783 disagree 0
la_frozen_p4_s0_found_transfer_8 233 both accept 233 disagree 0
la_frozen_p4_s1_found_8 2598 both accept 2598 disagree 0
la_frozen_p4_s1_found_transfer_8 366 both accept 366 disagree 0
cov_red_p3_s0 6 both accept 6 disagree 0
cov_red_p3_s1 46 both accept 46 disagree 0
cov_red_p4_s0 34 both accept 34 disagree 0
cov_red_p4_s1 27 both accept 27 disagree 0
cov_req8_p3_s0 84 both accept 84 disagree 0
cov_req8_p3_s1 200 both accept 200 disagree 0
cov_req8_p4_s0 178 both accept 178 disagree 0
cov_req8_p4_s1 331 both accept 331 disagree 0
gate {'calls': 168, 'samples': 9006800, 'parse_fail': 3394122, 'distinct_checked': 5008017, 'both_ok': 580787, 'nd_ok_lean_rej': 0, 'nd_rej_lean_ok': 488, 'both_rej': 4426742}
END 2026-09-25T03:32:03Z
