START 2026-09-25T03:35:32Z until [ -f artifacts/nf/heldout_p3_s5.done ]; do sleep 20; done; python3 train.py --data data/nf/train_p3.jsonl --heldout data/p2/heldout.jsonl --mode lean_seq --steps 6000 --bs 128 --out ckpts/nf/stage1_p3_s9.pt --cap 6 --seed 9
params 3214336 mode lean_seq shift True
train records 155000 max len 444
step 200 loss 0.9729 lr 1.00e-03 40s val 0.9153
step 400 loss 0.2270 lr 9.97e-04 83s val 0.1623
step 600 loss 0.1464 lr 9.89e-04 126s val 0.1030
step 800 loss 0.1090 lr 9.76e-04 169s val 0.0933
step 1000 loss 0.1007 lr 9.58e-04 213s val 0.1025
step 1200 loss 0.0987 lr 9.36e-04 256s val 0.0842
step 1400 loss 0.0852 lr 9.08e-04 300s val 0.0840
step 1600 loss 0.0820 lr 8.77e-04 343s val 0.0806
step 1800 loss 0.0666 lr 8.41e-04 386s val 0.0781
step 2000 loss 0.0657 lr 8.03e-04 429s val 0.0772
step 2200 loss 0.0688 lr 7.61e-04 472s val 0.0766
step 2400 loss 0.0601 lr 7.17e-04 515s val 0.0768
step 2600 loss 0.0607 lr 6.70e-04 558s val 0.0755
step 2800 loss 0.0612 lr 6.23e-04 601s val 0.0773
step 3000 loss 0.0589 lr 5.74e-04 645s val 0.0746
step 3200 loss 0.0594 lr 5.26e-04 688s val 0.0742
step 3400 loss 0.0577 lr 4.77e-04 731s val 0.0744
step 3600 loss 0.0589 lr 4.30e-04 774s val 0.0739
step 3800 loss 0.0585 lr 3.83e-04 817s val 0.0742
step 4000 loss 0.0568 lr 3.39e-04 860s val 0.0738
step 4200 loss 0.0512 lr 2.97e-04 903s val 0.0733
step 4400 loss 0.0542 lr 2.59e-04 946s val 0.0735
step 4600 loss 0.0529 lr 2.23e-04 984s val 0.0735
step 4800 loss 0.0556 lr 1.92e-04 1020s val 0.0734
step 5000 loss 0.0509 lr 1.64e-04 1057s val 0.0729
step 5200 loss 0.0534 lr 1.42e-04 1090s val 0.0732
step 5400 loss 0.0549 lr 1.24e-04 1129s val 0.0729
step 5600 loss 0.0558 lr 1.11e-04 1172s val 0.0733
step 5800 loss 0.0535 lr 1.03e-04 1212s val 0.0731
step 6000 loss 0.0539 lr 1.00e-04 1246s val 0.0731
saved ckpts/nf/stage1_p3_s9.pt
END 2026-09-25T04:19:14Z
