START 2026-09-25T05:01:43Z until [ -f artifacts/nf/heldout_p2_s3.done ]; do sleep 20; done; python3 train.py --data data/nf/train_p2.jsonl --heldout data/p2/heldout.jsonl --mode lean_seq --steps 6000 --bs 128 --out ckpts/nf/stage1_p2_s7.pt --cap 6 --seed 7
params 3214336 mode lean_seq shift True
train records 155000 max len 542
step 200 loss 0.9631 lr 1.00e-03 38s val 0.9179
step 400 loss 0.2466 lr 9.97e-04 82s val 0.1720
step 600 loss 0.1490 lr 9.89e-04 125s val 0.1125
step 800 loss 0.1137 lr 9.76e-04 168s val 0.0988
step 1000 loss 0.1015 lr 9.58e-04 212s val 0.0866
step 1200 loss 0.0915 lr 9.36e-04 255s val 0.0844
step 1400 loss 0.0778 lr 9.08e-04 297s val 0.0819
step 1600 loss 0.0848 lr 8.77e-04 341s val 0.0801
step 1800 loss 0.0760 lr 8.41e-04 384s val 0.0835
step 2000 loss 0.0763 lr 8.03e-04 428s val 0.0784
step 2200 loss 0.0736 lr 7.61e-04 471s val 0.0771
step 2400 loss 0.0693 lr 7.17e-04 514s val 0.0776
step 2600 loss 0.0622 lr 6.70e-04 558s val 0.0764
step 2800 loss 0.0607 lr 6.23e-04 601s val 0.0757
step 3000 loss 0.0598 lr 5.74e-04 645s val 0.0752
step 3200 loss 0.0644 lr 5.26e-04 688s val 0.0748
step 3400 loss 0.0595 lr 4.77e-04 731s val 0.0744
step 3600 loss 0.0606 lr 4.30e-04 774s val 0.0741
step 3800 loss 0.0548 lr 3.83e-04 817s val 0.0739
step 4000 loss 0.0552 lr 3.39e-04 853s val 0.0739
step 4200 loss 0.0542 lr 2.97e-04 890s val 0.0735
step 4400 loss 0.0549 lr 2.59e-04 924s val 0.0732
step 4600 loss 0.0540 lr 2.23e-04 962s val 0.0734
step 4800 loss 0.0530 lr 1.92e-04 1005s val 0.0730
step 5000 loss 0.0554 lr 1.64e-04 1048s val 0.0732
step 5200 loss 0.0517 lr 1.42e-04 1091s val 0.0731
step 5400 loss 0.0565 lr 1.24e-04 1135s val 0.0729
step 5600 loss 0.0536 lr 1.11e-04 1178s val 0.0731
step 5800 loss 0.0571 lr 1.03e-04 1221s val 0.0728
step 6000 loss 0.0528 lr 1.00e-04 1263s val 0.0730
saved ckpts/nf/stage1_p2_s7.pt
END 2026-09-25T06:30:37Z
