START 2026-09-25T03:34:20Z python3 train.py --data data/nf/train_p3.jsonl --heldout data/p2/heldout.jsonl --mode lean_seq --steps 6000 --bs 128 --out ckpts/nf/stage1_p3_s3.pt --cap 6 --seed 3
params 3214336 mode lean_seq shift True
train records 155000 max len 444
step 200 loss 0.9864 lr 1.00e-03 10s val 0.9355
step 400 loss 0.2593 lr 9.97e-04 20s val 0.1961
step 600 loss 0.1465 lr 9.89e-04 30s val 0.1112
step 800 loss 0.1251 lr 9.76e-04 42s val 0.1034
step 1000 loss 0.0924 lr 9.58e-04 64s val 0.0868
step 1200 loss 0.0879 lr 9.36e-04 94s val 0.0836
step 1400 loss 0.0793 lr 9.08e-04 136s val 0.0801
step 1600 loss 0.0917 lr 8.77e-04 180s val 0.0811
step 1800 loss 0.0711 lr 8.41e-04 223s val 0.0788
step 2000 loss 0.0715 lr 8.03e-04 265s val 0.0778
step 2200 loss 0.0670 lr 7.61e-04 309s val 0.0776
step 2400 loss 0.0632 lr 7.17e-04 352s val 0.0767
step 2600 loss 0.0654 lr 6.70e-04 395s val 0.0760
step 2800 loss 0.0631 lr 6.23e-04 438s val 0.0752
step 3000 loss 0.0611 lr 5.74e-04 482s val 0.0751
step 3200 loss 0.0558 lr 5.26e-04 525s val 0.0747
step 3400 loss 0.0541 lr 4.77e-04 568s val 0.0744
step 3600 loss 0.0567 lr 4.30e-04 611s val 0.0750
step 3800 loss 0.0572 lr 3.83e-04 655s val 0.0737
step 4000 loss 0.0564 lr 3.39e-04 697s val 0.0739
step 4200 loss 0.0550 lr 2.97e-04 740s val 0.0739
step 4400 loss 0.0570 lr 2.59e-04 783s val 0.0731
step 4600 loss 0.0577 lr 2.23e-04 826s val 0.0738
step 4800 loss 0.0596 lr 1.92e-04 870s val 0.0733
step 5000 loss 0.0548 lr 1.64e-04 913s val 0.0732
step 5200 loss 0.0557 lr 1.42e-04 956s val 0.0732
step 5400 loss 0.0539 lr 1.24e-04 999s val 0.0730
step 5600 loss 0.0551 lr 1.11e-04 1043s val 0.0731
step 5800 loss 0.0516 lr 1.03e-04 1085s val 0.0729
step 6000 loss 0.0520 lr 1.00e-04 1128s val 0.0727
saved ckpts/nf/stage1_p3_s3.pt
END 2026-09-25T03:53:42Z
