START 2026-09-25T03:36:12Z until [ -f artifacts/nf/heldout_p3_s10.done ]; do sleep 20; done; python3 train.py --data data/nf/train_p4.jsonl --heldout data/p2/heldout.jsonl --mode lean_seq --steps 6000 --bs 128 --out ckpts/nf/stage1_p4_s4.pt --cap 6 --seed 4
params 3214336 mode lean_seq shift True
train records 155000 max len 502
step 200 loss 1.0017 lr 1.00e-03 43s val 0.9510
step 400 loss 0.2318 lr 9.97e-04 87s val 0.1691
step 600 loss 0.1417 lr 9.89e-04 130s val 0.1145
step 800 loss 0.1265 lr 9.76e-04 173s val 0.0997
step 1000 loss 0.1004 lr 9.58e-04 217s val 0.0921
step 1200 loss 0.0875 lr 9.36e-04 260s val 0.0871
step 1400 loss 0.0838 lr 9.08e-04 303s val 0.0806
step 1600 loss 0.0790 lr 8.77e-04 347s val 0.0975
step 1800 loss 0.0807 lr 8.41e-04 390s val 0.0800
step 2000 loss 0.0816 lr 8.03e-04 434s val 0.0780
step 2200 loss 0.0700 lr 7.61e-04 477s val 0.0783
step 2400 loss 0.0717 lr 7.17e-04 519s val 0.0769
step 2600 loss 0.0616 lr 6.70e-04 563s val 0.0763
step 2800 loss 0.0615 lr 6.23e-04 606s val 0.0757
step 3000 loss 0.0575 lr 5.74e-04 650s val 0.0760
step 3200 loss 0.0623 lr 5.26e-04 693s val 0.0750
step 3400 loss 0.0613 lr 4.77e-04 736s val 0.0741
step 3600 loss 0.0584 lr 4.30e-04 779s val 0.0738
step 3800 loss 0.0595 lr 3.83e-04 823s val 0.0739
step 4000 loss 0.0532 lr 3.39e-04 866s val 0.0738
step 4200 loss 0.0570 lr 2.97e-04 900s val 0.0735
step 4400 loss 0.0561 lr 2.59e-04 936s val 0.0743
step 4600 loss 0.0517 lr 2.23e-04 972s val 0.0735
step 4800 loss 0.0525 lr 1.92e-04 1004s val 0.0730
step 5000 loss 0.0516 lr 1.64e-04 1046s val 0.0730
step 5200 loss 0.0549 lr 1.42e-04 1090s val 0.0729
step 5400 loss 0.0585 lr 1.24e-04 1133s val 0.0728
step 5600 loss 0.0490 lr 1.11e-04 1176s val 0.0728
step 5800 loss 0.0524 lr 1.03e-04 1214s val 0.0728
step 6000 loss 0.0521 lr 1.00e-04 1245s val 0.0729
saved ckpts/nf/stage1_p4_s4.pt
END 2026-09-25T04:41:55Z
