START 2026-09-25T03:36:25Z until [ -f artifacts/nf/heldout_p4_s8.done ]; do sleep 20; done; python3 train.py --data data/nf/train_p4.jsonl --heldout data/p2/heldout.jsonl --mode lean_seq --steps 6000 --bs 128 --out ckpts/nf/stage1_p4_s12.pt --cap 6 --seed 12
params 3214336 mode lean_seq shift True
train records 155000 max len 502
step 200 loss 0.9762 lr 1.00e-03 40s val 0.9205
step 400 loss 0.2169 lr 9.97e-04 84s val 0.1598
step 600 loss 0.1366 lr 9.89e-04 127s val 0.1077
step 800 loss 0.1141 lr 9.76e-04 170s val 0.0969
step 1000 loss 0.0908 lr 9.58e-04 213s val 0.0929
step 1200 loss 0.0867 lr 9.36e-04 257s val 0.0846
step 1400 loss 0.0788 lr 9.08e-04 301s val 0.0814
step 1600 loss 0.0757 lr 8.77e-04 344s val 0.0801
step 1800 loss 0.0771 lr 8.41e-04 387s val 0.0798
step 2000 loss 0.0826 lr 8.03e-04 430s val 0.0794
step 2200 loss 0.0779 lr 7.61e-04 474s val 0.0777
step 2400 loss 0.0661 lr 7.17e-04 518s val 0.0762
step 2600 loss 0.0705 lr 6.70e-04 561s val 0.0768
step 2800 loss 0.0624 lr 6.23e-04 604s val 0.0760
step 3000 loss 0.0684 lr 5.74e-04 648s val 0.0765
step 3200 loss 0.0578 lr 5.26e-04 691s val 0.0747
step 3400 loss 0.0582 lr 4.77e-04 729s val 0.0741
step 3600 loss 0.0622 lr 4.30e-04 764s val 0.0744
step 3800 loss 0.0576 lr 3.83e-04 802s val 0.0740
step 4000 loss 0.0568 lr 3.39e-04 836s val 0.0738
step 4200 loss 0.0547 lr 2.97e-04 869s val 0.0738
step 4400 loss 0.0546 lr 2.59e-04 901s val 0.0737
step 4600 loss 0.0563 lr 2.23e-04 933s val 0.0732
step 4800 loss 0.0544 lr 1.92e-04 966s val 0.0731
step 5000 loss 0.0534 lr 1.64e-04 998s val 0.0731
step 5200 loss 0.0526 lr 1.42e-04 1031s val 0.0730
step 5400 loss 0.0533 lr 1.24e-04 1064s val 0.0729
step 5600 loss 0.0526 lr 1.11e-04 1096s val 0.0728
step 5800 loss 0.0518 lr 1.03e-04 1128s val 0.0726
step 6000 loss 0.0545 lr 1.00e-04 1156s val 0.0727
saved ckpts/nf/stage1_p4_s12.pt
END 2026-09-25T05:25:14Z
