START 2026-09-25T05:01:24Z python3 train.py --data data/nf/train_p1.jsonl --heldout data/p2/heldout.jsonl --mode lean_seq --steps 6000 --bs 128 --out ckpts/nf/stage1_p1_s5.pt --cap 6 --seed 5
params 3214336 mode lean_seq shift True
train records 155000 max len 504
step 200 loss 0.9874 lr 1.00e-03 32s val 0.9769
step 400 loss 0.2211 lr 9.97e-04 75s val 0.1721
step 600 loss 0.1481 lr 9.89e-04 118s val 0.1085
step 800 loss 0.1204 lr 9.76e-04 162s val 0.0958
step 1000 loss 0.1031 lr 9.58e-04 205s val 0.0926
step 1200 loss 0.0908 lr 9.36e-04 249s val 0.0864
step 1400 loss 0.0870 lr 9.08e-04 292s val 0.0860
step 1600 loss 0.0720 lr 8.77e-04 336s val 0.0820
step 1800 loss 0.0757 lr 8.41e-04 379s val 0.0799
step 2000 loss 0.0756 lr 8.03e-04 423s val 0.0788
step 2200 loss 0.0767 lr 7.61e-04 466s val 0.0787
step 2400 loss 0.0730 lr 7.17e-04 510s val 0.0770
step 2600 loss 0.0735 lr 6.70e-04 553s val 0.0764
step 2800 loss 0.0686 lr 6.23e-04 596s val 0.0762
step 3000 loss 0.0562 lr 5.74e-04 639s val 0.0752
step 3200 loss 0.0609 lr 5.26e-04 682s val 0.0751
step 3400 loss 0.0545 lr 4.77e-04 726s val 0.0751
step 3600 loss 0.0646 lr 4.30e-04 770s val 0.0750
step 3800 loss 0.0559 lr 3.83e-04 813s val 0.0744
step 4000 loss 0.0561 lr 3.39e-04 856s val 0.0740
step 4200 loss 0.0594 lr 2.97e-04 900s val 0.0740
step 4400 loss 0.0544 lr 2.59e-04 943s val 0.0739
step 4600 loss 0.0586 lr 2.23e-04 986s val 0.0735
step 4800 loss 0.0569 lr 1.92e-04 1029s val 0.0734
step 5000 loss 0.0530 lr 1.64e-04 1073s val 0.0732
step 5200 loss 0.0554 lr 1.42e-04 1107s val 0.0733
step 5400 loss 0.0553 lr 1.24e-04 1144s val 0.0734
step 5600 loss 0.0572 lr 1.11e-04 1179s val 0.0730
step 5800 loss 0.0575 lr 1.03e-04 1209s val 0.0730
step 6000 loss 0.0568 lr 1.00e-04 1245s val 0.0731
saved ckpts/nf/stage1_p1_s5.pt
END 2026-09-25T05:22:40Z
