START 2026-09-23T22:58:52Z python3 expert_iter.py --init ckpts/dsr/stage1_a1_seq_s0.pt --name dsr/ei_d3_c0_s0 --targets data/p2/targets_depth3.jsonl --transfer data/p2/transfer_depth3.jsonl --heldout data/p2/heldout.jsonl --train data/p2/train_depth3_f0_a1.jsonl --rounds 4 --k 32 --temperature 0.8 --batch 2048 --seed 0 
[lean_gate] 32000 samples, parse-fail 15220, distinct checked 14684: both ok 2516, nd-only 0, lean-only 1, both rej 12167; lean 60.5s wall (686.4s proc, 12 workers), nd_verify 10.5s
[dsr/ei_d3_c0_s0 r1] targets (this round, pass@32) SOLVED 285/1000 = 0.285 [0.258,0.314]
  len 7: 61/166 = 0.367 [0.298,0.443]
  len 8: 36/166 = 0.217 [0.161,0.286]
  len 9: 7/166 = 0.042 [0.021,0.084]
  len 10: 43/166 = 0.259 [0.198,0.331]
  len 11: 62/166 = 0.373 [0.304,0.449]
  len 12: 76/170 = 0.447 [0.374,0.522]
  written hist {7: 266, 8: 71, 9: 6, 10: 3}
  pruned hist {5: 9, 6: 190, 7: 103, 8: 40, 9: 4}
  frontier written 9 pruned 8
  reasons [("parse: expected line index, got 'LEANPARSE'", 15220), ('rule check failed: IMPE', 4001), ('rule check failed: ANDI', 2106), ('rule check failed: ANDE2', 1660), ('final formula is not the conclusion', 1108), ('rule check failed: DN', 1088)]
[dsr/ei_d3_c0_s0 r1] targets (cumulative 32 attempts) SOLVED 285/1000 = 0.285 [0.258,0.314]
  len 7: 61/166 = 0.367 [0.298,0.443]
  len 8: 36/166 = 0.217 [0.161,0.286]
  len 9: 7/166 = 0.042 [0.021,0.084]
  len 10: 43/166 = 0.259 [0.198,0.331]
  len 11: 62/166 = 0.373 [0.304,0.449]
  len 12: 76/170 = 0.447 [0.374,0.522]
  written hist {7: 266, 8: 71, 9: 6, 10: 3}
  pruned hist {5: 9, 6: 190, 7: 103, 8: 40, 9: 4}
  frontier written 9 pruned 8
  reasons []
[lean_gate] 16000 samples, parse-fail 7714, distinct checked 7239: both ok 1296, nd-only 0, lean-only 2, both rej 5941; lean 29.2s wall (247.7s proc, 12 workers), nd_verify 1.6s
[dsr/ei_d3_c0_s0 r1] transfer (this round, pass@32) SOLVED 132/500 = 0.264 [0.227,0.304]
  len 7: 11/83 = 0.133 [0.076,0.222]
  len 8: 21/83 = 0.253 [0.172,0.356]
  len 9: 1/83 = 0.012 [0.002,0.065]
  len 10: 26/83 = 0.313 [0.224,0.419]
  len 11: 28/83 = 0.337 [0.245,0.444]
  len 12: 45/85 = 0.529 [0.424,0.632]
  written hist {7: 111, 8: 36}
  pruned hist {5: 4, 6: 90, 7: 31, 8: 22}
  frontier written 8 pruned 8
  reasons [("parse: expected line index, got 'LEANPARSE'", 7714), ('rule check failed: IMPE', 1796), ('rule check failed: ANDI', 1053), ('rule check failed: ANDE2', 789), ('final formula is not the conclusion', 622), ('rule check failed: DN', 509)]
[dsr/ei_d3_c0_s0 r1] transfer (cumulative 32 attempts) SOLVED 132/500 = 0.264 [0.227,0.304]
  len 7: 11/83 = 0.133 [0.076,0.222]
  len 8: 21/83 = 0.253 [0.172,0.356]
  len 9: 1/83 = 0.012 [0.002,0.065]
  len 10: 26/83 = 0.313 [0.224,0.419]
  len 11: 28/83 = 0.337 [0.245,0.444]
  len 12: 45/85 = 0.529 [0.424,0.632]
  written hist {7: 111, 8: 36}
  pruned hist {5: 4, 6: 90, 7: 31, 8: 22}
  frontier written 8 pruned 8
  reasons []
[lean_gate] 500 samples, parse-fail 238, distinct checked 262: both ok 62, nd-only 0, lean-only 0, both rej 200; lean 1.1s wall (1.1s proc, 12 workers), nd_verify 0.0s
[dsr/ei_d3_c0_s0 r1] transfer greedy SOLVED 62/500 = 0.124 [0.098,0.156]
  len 7: 4/83 = 0.048 [0.019,0.117]
  len 8: 0/83 = 0.000 [0.000,0.044]
  len 9: 0/83 = 0.000 [0.000,0.044]
  len 10: 9/83 = 0.108 [0.058,0.193]
  len 11: 19/83 = 0.229 [0.152,0.330]
  len 12: 30/85 = 0.353 [0.260,0.459]
  written hist {7: 57, 8: 5}
  pruned hist {6: 50, 7: 10, 8: 2}
  frontier written 8 pruned 7
  reasons [("parse: expected line index, got 'LEANPARSE'", 238), ('rule check failed: IMPE', 57), ('rule check failed: ANDI', 38), ('rule check failed: ANDE2', 23), ('final formula is not the conclusion', 17), ('rule check failed: ORI2', 15)]
[lean_gate] 5000 samples, parse-fail 182, distinct checked 4818: both ok 4542, nd-only 0, lean-only 1, both rej 275; lean 7.4s wall (85.5s proc, 12 workers), nd_verify 0.2s
[dsr/ei_d3_c0_s0 r1] heldout greedy SOLVED 4542/5000 = 0.908 [0.900,0.916]
  len 2: 994/1000 = 0.994 [0.987,0.997]
  len 3: 988/1000 = 0.988 [0.979,0.993]
  len 4: 953/1000 = 0.953 [0.938,0.964]
  len 5: 923/1000 = 0.923 [0.905,0.938]
  len 6: 684/1000 = 0.684 [0.655,0.712]
  written hist {2: 1020, 3: 980, 4: 933, 5: 970, 6: 639}
  pruned hist {2: 1020, 3: 981, 4: 936, 5: 969, 6: 636}
  frontier written 6 pruned 6
  reasons [("parse: expected line index, got 'LEANPARSE'", 182), ('rule check failed: ANDI', 53), ('rule check failed: DN', 40), ('rule check failed: ORI2', 33), ('rule check failed: IMPI', 32), ('rule check failed: ANDE2', 31)]
python3 train.py --data artifacts/dsr/ei_d3_c0_s0/mix_1.jsonl --init ckpts/dsr/stage1_a1_seq_s0.pt --steps 600 --lr 0.0003 --min_lr 2.9999999999999997e-05 --warmup 50 --cap 0 --out ckpts/dsr/ei_d3_c0_s0_r1.pt --seed 1 --log_every 200
params 3214336 mode lean_seq shift True
train records 21368 max len 413
step 200 loss 0.0535 lr 2.53e-04 23s
step 400 loss 0.0472 lr 1.09e-04 47s
step 600 loss 0.0495 lr 3.00e-05 69s
saved ckpts/dsr/ei_d3_c0_s0_r1.pt
=== round 1 done in 296s; new proofs 346; cum targets solved 285
[lean_gate] 32000 samples, parse-fail 2941, distinct checked 24120: both ok 12240, nd-only 0, lean-only 0, both rej 11880; lean 159.6s wall (1908.0s proc, 12 workers), nd_verify 1.4s
[dsr/ei_d3_c0_s0 r2] targets (this round, pass@32) SOLVED 580/1000 = 0.580 [0.549,0.610]
  len 7: 158/166 = 0.952 [0.908,0.975]
  len 8: 125/166 = 0.753 [0.682,0.812]
  len 9: 46/166 = 0.277 [0.215,0.350]
  len 10: 75/166 = 0.452 [0.378,0.528]
  len 11: 81/166 = 0.488 [0.413,0.563]
  len 12: 95/170 = 0.559 [0.484,0.631]
  written hist {7: 441, 8: 236, 9: 64, 10: 11}
  pruned hist {5: 15, 6: 226, 7: 283, 8: 184, 9: 38, 10: 6}
  frontier written 10 pruned 10
  reasons [("parse: expected line index, got 'LEANPARSE'", 2941), ('rule check failed: ANDI', 2861), ('rule check failed: IMPE', 2321), ('rule check failed: ANDE2', 1730), ('rule check failed: DN', 1383), ('rule check failed: ORI2', 1138)]
[dsr/ei_d3_c0_s0 r2] targets (cumulative 64 attempts) SOLVED 580/1000 = 0.580 [0.549,0.610]
  len 7: 158/166 = 0.952 [0.908,0.975]
  len 8: 125/166 = 0.753 [0.682,0.812]
  len 9: 46/166 = 0.277 [0.215,0.350]
  len 10: 75/166 = 0.452 [0.378,0.528]
  len 11: 81/166 = 0.488 [0.413,0.563]
  len 12: 95/170 = 0.559 [0.484,0.631]
  written hist {7: 443, 8: 237, 9: 64, 10: 11}
  pruned hist {5: 16, 6: 228, 7: 283, 8: 184, 9: 38, 10: 6}
  frontier written 10 pruned 10
  reasons []
[lean_gate] 16000 samples, parse-fail 1355, distinct checked 12120: both ok 5727, nd-only 0, lean-only 0, both rej 6393; lean 44.6s wall (503.2s proc, 12 workers), nd_verify 0.7s
[dsr/ei_d3_c0_s0 r2] transfer (this round, pass@32) SOLVED 296/500 = 0.592 [0.548,0.634]
  len 7: 73/83 = 0.880 [0.792,0.933]
  len 8: 70/83 = 0.843 [0.750,0.906]
  len 9: 26/83 = 0.313 [0.224,0.419]
  len 10: 38/83 = 0.458 [0.355,0.565]
  len 11: 38/83 = 0.458 [0.355,0.565]
  len 12: 51/85 = 0.600 [0.494,0.698]
  written hist {7: 204, 8: 110, 9: 34, 10: 4}
  pruned hist {5: 6, 6: 102, 7: 122, 8: 101, 9: 18, 10: 3}
  frontier written 9 pruned 9
  reasons [("parse: expected line index, got 'LEANPARSE'", 1355), ('rule check failed: ANDI', 1322), ('rule check failed: IMPE', 1314), ('rule check failed: ANDE2', 879), ('rule check failed: ORI2', 794), ('rule check failed: DN', 752)]
[dsr/ei_d3_c0_s0 r2] transfer (cumulative 64 attempts) SOLVED 300/500 = 0.600 [0.556,0.642]
  len 7: 73/83 = 0.880 [0.792,0.933]
  len 8: 70/83 = 0.843 [0.750,0.906]
  len 9: 26/83 = 0.313 [0.224,0.419]
  len 10: 39/83 = 0.470 [0.366,0.576]
  len 11: 39/83 = 0.470 [0.366,0.576]
  len 12: 53/85 = 0.624 [0.517,0.719]
  written hist {7: 210, 8: 118, 9: 34, 10: 4}
  pruned hist {5: 7, 6: 110, 7: 127, 8: 101, 9: 18, 10: 3}
  frontier written 9 pruned 9
  reasons []
[lean_gate] 500 samples, parse-fail 33, distinct checked 467: both ok 238, nd-only 0, lean-only 0, both rej 229; lean 1.4s wall (1.9s proc, 12 workers), nd_verify 0.0s
[dsr/ei_d3_c0_s0 r2] transfer greedy SOLVED 238/500 = 0.476 [0.433,0.520]
  len 7: 61/83 = 0.735 [0.631,0.818]
  len 8: 58/83 = 0.699 [0.593,0.787]
  len 9: 14/83 = 0.169 [0.103,0.263]
  len 10: 35/83 = 0.422 [0.321,0.529]
  len 11: 32/83 = 0.386 [0.288,0.493]
  len 12: 38/85 = 0.447 [0.346,0.553]
  written hist {7: 155, 8: 69, 9: 14}
  pruned hist {5: 1, 6: 83, 7: 80, 8: 65, 9: 9}
  frontier written 9 pruned 9
  reasons [('rule check failed: ANDI', 47), ('rule check failed: IMPE', 34), ("parse: expected line index, got 'LEANPARSE'", 33), ('rule check failed: ANDE2', 30), ('rule check failed: ORI2', 22), ('rule check failed: DN', 21)]
[lean_gate] 5000 samples, parse-fail 26, distinct checked 4974: both ok 4755, nd-only 0, lean-only 1, both rej 218; lean 5.9s wall (63.5s proc, 12 workers), nd_verify 0.2s
[dsr/ei_d3_c0_s0 r2] heldout greedy SOLVED 4755/5000 = 0.951 [0.945,0.957]
  len 2: 997/1000 = 0.997 [0.991,0.999]
  len 3: 991/1000 = 0.991 [0.983,0.995]
  len 4: 953/1000 = 0.953 [0.938,0.964]
  len 5: 927/1000 = 0.927 [0.909,0.942]
  len 6: 887/1000 = 0.887 [0.866,0.905]
  written hist {2: 1015, 3: 986, 4: 943, 5: 973, 6: 835, 7: 3}
  pruned hist {2: 1016, 3: 986, 4: 944, 5: 973, 6: 833, 7: 3}
  frontier written 6 pruned 6
  reasons [('rule check failed: ANDI', 49), ('rule check failed: ORI2', 32), ('rule check failed: IMPE', 29), ("parse: expected line index, got 'LEANPARSE'", 26), ('rule check failed: DN', 25), ('rule check failed: IMPI', 21)]
python3 train.py --data artifacts/dsr/ei_d3_c0_s0/mix_2.jsonl --init ckpts/dsr/ei_d3_c0_s0_r1.pt --steps 600 --lr 0.0003 --min_lr 2.9999999999999997e-05 --warmup 50 --cap 0 --out ckpts/dsr/ei_d3_c0_s0_r2.pt --seed 2 --log_every 200
params 3214336 mode lean_seq shift True
train records 22972 max len 390
step 200 loss 0.0476 lr 2.53e-04 26s
step 400 loss 0.0448 lr 1.09e-04 51s
step 600 loss 0.0466 lr 3.00e-05 73s
saved ckpts/dsr/ei_d3_c0_s0_r2.pt
=== round 2 done in 426s; new proofs 409; cum targets solved 580
