START 2026-09-23T21:43:14Z python3 coverage.py --ckpt ckpts/dsr/stage1_r1_s1.pt --in data/p2/targets_depth3.jsonl --k 2000 --temperature 0.8 --seed 0 --batch 2048 --max_new 400 --procs 12 --lenfield min_lines_ub --path fast --out artifacts/dsr/cov_d3_r1_s1
shard 0/1: 1000 theorems, 0 already done; k=2000 T=0.8 batch=2048
targets_depth3_0: n_ok 1315/2000 distinct_ok 4 first_hit 2 written_hist {7: 3, 8: 1} (5s; 1 done, 5s/thm, ETA 78 min)
targets_depth3_1: n_ok 0/2000 distinct_ok 0 first_hit None written_hist {} (4s; 2 done, 4s/thm, ETA 74 min)
targets_depth3_2: n_ok 108/2000 distinct_ok 1 first_hit 12 written_hist {7: 1} (2s; 3 done, 4s/thm, ETA 62 min)
targets_depth3_3: n_ok 6/2000 distinct_ok 1 first_hit 57 written_hist {7: 1} (3s; 4 done, 3s/thm, ETA 57 min)
targets_depth3_4: n_ok 17/2000 distinct_ok 1 first_hit 62 written_hist {7: 1} (3s; 5 done, 3s/thm, ETA 54 min)
targets_depth3_5: n_ok 13/2000 distinct_ok 1 first_hit 209 written_hist {7: 1} (5s; 6 done, 3s/thm, ETA 58 min)
targets_depth3_6: n_ok 0/2000 distinct_ok 0 first_hit None written_hist {} (5s; 7 done, 4s/thm, ETA 62 min)
targets_depth3_7: n_ok 113/2000 distinct_ok 2 first_hit 58 written_hist {7: 1, 8: 1} (2s; 8 done, 4s/thm, ETA 59 min)
targets_depth3_8: n_ok 5/2000 distinct_ok 1 first_hit 47 written_hist {7: 1} (4s; 9 done, 4s/thm, ETA 60 min)
targets_depth3_9: n_ok 6/2000 distinct_ok 1 first_hit 272 written_hist {7: 1} (3s; 10 done, 4s/thm, ETA 59 min)
targets_depth3_10: n_ok 1/2000 distinct_ok 1 first_hit 1314 written_hist {7: 1} (4s; 11 done, 4s/thm, ETA 59 min)
targets_depth3_11: n_ok 3/2000 distinct_ok 1 first_hit 288 written_hist {7: 1} (3s; 12 done, 3s/thm, ETA 58 min)
targets_depth3_12: n_ok 2/2000 distinct_ok 1 first_hit 16 written_hist {7: 1} (3s; 13 done, 3s/thm, ETA 57 min)
targets_depth3_13: n_ok 0/2000 distinct_ok 0 first_hit None written_hist {} (7s; 14 done, 4s/thm, ETA 61 min)
targets_depth3_14: n_ok 3/2000 distinct_ok 1 first_hit 2 written_hist {7: 1} (2s; 15 done, 4s/thm, ETA 58 min)
targets_depth3_15: n_ok 745/2000 distinct_ok 2 first_hit 2 written_hist {7: 2} (2s; 16 done, 3s/thm, ETA 56 min)
targets_depth3_16: n_ok 3/2000 distinct_ok 1 first_hit 553 written_hist {7: 1} (4s; 17 done, 3s/thm, ETA 57 min)
targets_depth3_17: n_ok 0/2000 distinct_ok 0 first_hit None written_hist {} (5s; 18 done, 4s/thm, ETA 58 min)
targets_depth3_18: n_ok 26/2000 distinct_ok 2 first_hit 50 written_hist {7: 2} (2s; 19 done, 3s/thm, ETA 57 min)
targets_depth3_19: n_ok 4/2000 distinct_ok 1 first_hit 101 written_hist {7: 1} (2s; 20 done, 3s/thm, ETA 56 min)
targets_depth3_20: n_ok 33/2000 distinct_ok 1 first_hit 20 written_hist {7: 1} (3s; 21 done, 3s/thm, ETA 56 min)
targets_depth3_21: n_ok 0/2000 distinct_ok 0 first_hit None written_hist {} (2s; 22 done, 3s/thm, ETA 55 min)
targets_depth3_22: n_ok 1/2000 distinct_ok 1 first_hit 1414 written_hist {7: 1} (3s; 23 done, 3s/thm, ETA 55 min)
targets_depth3_23: n_ok 0/2000 distinct_ok 0 first_hit None written_hist {} (4s; 24 done, 3s/thm, ETA 55 min)
targets_depth3_24: n_ok 0/2000 distinct_ok 0 first_hit None written_hist {} (5s; 25 done, 3s/thm, ETA 56 min)
targets_depth3_25: n_ok 14/2000 distinct_ok 1 first_hit 16 written_hist {7: 1} (3s; 26 done, 3s/thm, ETA 56 min)
targets_depth3_26: n_ok 12/2000 distinct_ok 1 first_hit 219 written_hist {7: 1} (4s; 27 done, 3s/thm, ETA 57 min)
targets_depth3_27: n_ok 0/2000 distinct_ok 0 first_hit None written_hist {} (5s; 28 done, 4s/thm, ETA 57 min)
targets_depth3_28: n_ok 20/2000 distinct_ok 1 first_hit 43 written_hist {7: 1} (3s; 29 done, 3s/thm, ETA 57 min)
targets_depth3_29: n_ok 0/2000 distinct_ok 0 first_hit None written_hist {} (6s; 30 done, 4s/thm, ETA 58 min)
targets_depth3_30: n_ok 0/2000 distinct_ok 0 first_hit None written_hist {} (5s; 31 done, 4s/thm, ETA 58 min)
targets_depth3_31: n_ok 5/2000 distinct_ok 2 first_hit 2 written_hist {7: 2} (2s; 32 done, 4s/thm, ETA 57 min)
targets_depth3_32: n_ok 537/2000 distinct_ok 1 first_hit 2 written_hist {7: 1} (4s; 33 done, 4s/thm, ETA 58 min)
targets_depth3_33: n_ok 116/2000 distinct_ok 4 first_hit 17 written_hist {7: 4} (1s; 34 done, 4s/thm, ETA 56 min)
targets_depth3_34: n_ok 0/2000 distinct_ok 0 first_hit None written_hist {} (3s; 35 done, 3s/thm, ETA 56 min)
targets_depth3_35: n_ok 172/2000 distinct_ok 2 first_hit 10 written_hist {7: 2} (2s; 36 done, 3s/thm, ETA 55 min)
targets_depth3_36: n_ok 12/2000 distinct_ok 1 first_hit 324 written_hist {7: 1} (5s; 37 done, 3s/thm, ETA 56 min)
targets_depth3_37: n_ok 0/2000 distinct_ok 0 first_hit None written_hist {} (2s; 38 done, 3s/thm, ETA 55 min)
targets_depth3_38: n_ok 0/2000 distinct_ok 0 first_hit None written_hist {} (3s; 39 done, 3s/thm, ETA 55 min)
targets_depth3_39: n_ok 0/2000 distinct_ok 0 first_hit None written_hist {} (2s; 40 done, 3s/thm, ETA 54 min)
targets_depth3_40: n_ok 1/2000 distinct_ok 1 first_hit 1630 written_hist {7: 1} (3s; 41 done, 3s/thm, ETA 54 min)
targets_depth3_41: n_ok 1/2000 distinct_ok 1 first_hit 332 written_hist {7: 1} (4s; 42 done, 3s/thm, ETA 54 min)
targets_depth3_42: n_ok 48/2000 distinct_ok 1 first_hit 19 written_hist {7: 1} (2s; 43 done, 3s/thm, ETA 54 min)
targets_depth3_43: n_ok 0/2000 distinct_ok 0 first_hit None written_hist {} (4s; 44 done, 3s/thm, ETA 54 min)
targets_depth3_44: n_ok 0/2000 distinct_ok 0 first_hit None written_hist {} (3s; 45 done, 3s/thm, ETA 53 min)
targets_depth3_45: n_ok 1/2000 distinct_ok 1 first_hit 1550 written_hist {7: 1} (3s; 46 done, 3s/thm, ETA 53 min)
targets_depth3_46: n_ok 0/2000 distinct_ok 0 first_hit None written_hist {} (3s; 47 done, 3s/thm, ETA 53 min)
targets_depth3_47: n_ok 518/2000 distinct_ok 2 first_hit 1 written_hist {7: 2} (2s; 48 done, 3s/thm, ETA 53 min)
targets_depth3_48: n_ok 1/2000 distinct_ok 1 first_hit 1179 written_hist {7: 1} (2s; 49 done, 3s/thm, ETA 52 min)
targets_depth3_49: n_ok 0/2000 distinct_ok 0 first_hit None written_hist {} (2s; 50 done, 3s/thm, ETA 52 min)
targets_depth3_50: n_ok 0/2000 distinct_ok 0 first_hit None written_hist {} (5s; 51 done, 3s/thm, ETA 52 min)
targets_depth3_51: n_ok 0/2000 distinct_ok 0 first_hit None written_hist {} (3s; 52 done, 3s/thm, ETA 52 min)
targets_depth3_52: n_ok 0/2000 distinct_ok 0 first_hit None written_hist {} (2s; 53 done, 3s/thm, ETA 52 min)
targets_depth3_53: n_ok 11/2000 distinct_ok 1 first_hit 181 written_hist {7: 1} (2s; 54 done, 3s/thm, ETA 51 min)
targets_depth3_54: n_ok 2/2000 distinct_ok 1 first_hit 593 written_hist {7: 1} (2s; 55 done, 3s/thm, ETA 51 min)
targets_depth3_55: n_ok 0/2000 distinct_ok 0 first_hit None written_hist {} (7s; 56 done, 3s/thm, ETA 52 min)
targets_depth3_56: n_ok 6/2000 distinct_ok 1 first_hit 388 written_hist {7: 1} (3s; 57 done, 3s/thm, ETA 52 min)
targets_depth3_57: n_ok 57/2000 distinct_ok 1 first_hit 11 written_hist {7: 1} (2s; 58 done, 3s/thm, ETA 52 min)
targets_depth3_58: n_ok 0/2000 distinct_ok 0 first_hit None written_hist {} (3s; 59 done, 3s/thm, ETA 51 min)
targets_depth3_59: n_ok 0/2000 distinct_ok 0 first_hit None written_hist {} (2s; 60 done, 3s/thm, ETA 51 min)
targets_depth3_60: n_ok 0/2000 distinct_ok 0 first_hit None written_hist {} (2s; 61 done, 3s/thm, ETA 51 min)
targets_depth3_61: n_ok 0/2000 distinct_ok 0 first_hit None written_hist {} (3s; 62 done, 3s/thm, ETA 51 min)
targets_depth3_62: n_ok 0/2000 distinct_ok 0 first_hit None written_hist {} (4s; 63 done, 3s/thm, ETA 51 min)
targets_depth3_63: n_ok 1/2000 distinct_ok 1 first_hit 754 written_hist {7: 1} (4s; 64 done, 3s/thm, ETA 51 min)
targets_depth3_64: n_ok 5/2000 distinct_ok 1 first_hit 1110 written_hist {7: 1} (2s; 65 done, 3s/thm, ETA 51 min)
targets_depth3_65: n_ok 54/2000 distinct_ok 1 first_hit 1 written_hist {7: 1} (2s; 66 done, 3s/thm, ETA 50 min)
targets_depth3_66: n_ok 29/2000 distinct_ok 2 first_hit 73 written_hist {7: 2} (3s; 67 done, 3s/thm, ETA 50 min)
targets_depth3_67: n_ok 1/2000 distinct_ok 1 first_hit 1268 written_hist {7: 1} (3s; 68 done, 3s/thm, ETA 50 min)
targets_depth3_68: n_ok 2/2000 distinct_ok 1 first_hit 448 written_hist {7: 1} (2s; 69 done, 3s/thm, ETA 50 min)
targets_depth3_69: n_ok 3/2000 distinct_ok 1 first_hit 938 written_hist {7: 1} (2s; 70 done, 3s/thm, ETA 50 min)
