START 2026-09-23T23:42:44Z python3 ladder_ei.py --init ckpts/dsr/stage1_r1_s0.pt --name la_T1_r1_s0 --outdir artifacts/dsr --heldout data/p2/heldout.jsonl --train data/p2/train_depth3_f0_a1.jsonl --rounds 8 --k 32 --temperature 0.8 --batch 2048 --max_new 400 --seed 0 
[lean_gate] 143840 samples, parse-fail 59453, distinct checked 75674: both ok 5257, nd-only 0, lean-only 2, both rej 70415; lean 461.7s wall (5445.0s proc, 12 workers), nd_verify 19.3s
[la_T1_r1_s0 r1] targets (this round) SOLVED 700/4495 = 0.156 [0.145,0.167]
  len 7: 506/1800 = 0.281 [0.261,0.302]
  len 8: 178/1000 = 0.178 [0.156,0.203]
  len 9: 16/1004 = 0.016 [0.010,0.026]
  len 10: 0/456 = 0.000 [0.000,0.008]
  len 11: 0/99 = 0.000 [0.000,0.037]
  len 12: 0/106 = 0.000 [0.000,0.035]
  len 13: 0/16 = 0.000 [0.000,0.194]
  len 14: 0/14 = 0.000 [0.000,0.215]
  written hist {7: 500, 8: 269, 9: 24}
  pruned hist {5: 6, 6: 148, 7: 394, 8: 230, 9: 15}
  frontier written 9 pruned 9
  reasons [("parse: expected line index, got 'LEANPARSE'", 59453), ('rule check failed: IMPE', 17803), ('rule check failed: ANDI', 17239), ('rule check failed: NEGE', 8048), ('final formula is not the conclusion', 6670), ('rule check failed: ORI1', 6074)]
[lean_gate] 73120 samples, parse-fail 28281, distinct checked 40477: both ok 352, nd-only 0, lean-only 0, both rej 40125; lean 253.0s wall (2841.1s proc, 12 workers), nd_verify 11.8s
[la_T1_r1_s0 r1] transfer (this round, pass@32) SOLVED 81/2285 = 0.035 [0.029,0.044]
  len 7: 29/300 = 0.097 [0.068,0.135]
  len 8: 39/300 = 0.130 [0.097,0.173]
  len 9: 13/1010 = 0.013 [0.008,0.022]
  len 10: 0/451 = 0.000 [0.000,0.008]
  len 11: 0/99 = 0.000 [0.000,0.037]
  len 12: 0/102 = 0.000 [0.000,0.036]
  len 13: 0/13 = 0.000 [0.000,0.228]
  len 14: 0/10 = 0.000 [0.000,0.278]
  written hist {7: 30, 8: 45, 9: 18}
  pruned hist {5: 1, 6: 4, 7: 28, 8: 48, 9: 12}
  frontier written 9 pruned 9
  reasons [("parse: expected line index, got 'LEANPARSE'", 28281), ('rule check failed: IMPE', 11785), ('rule check failed: ANDI', 9531), ('rule check failed: NEGE', 4501), ('final formula is not the conclusion', 4496), ('rule check failed: ORI1', 3150)]
[lean_gate] 2285 samples, parse-fail 819, distinct checked 1466: both ok 20, nd-only 0, lean-only 0, both rej 1446; lean 5.3s wall (20.2s proc, 12 workers), nd_verify 0.1s
[la_T1_r1_s0 r1] transfer greedy SOLVED 20/2285 = 0.009 [0.006,0.013]
  len 7: 9/300 = 0.030 [0.016,0.056]
  len 8: 8/300 = 0.027 [0.014,0.052]
  len 9: 3/1010 = 0.003 [0.001,0.009]
  len 10: 0/451 = 0.000 [0.000,0.008]
  len 11: 0/99 = 0.000 [0.000,0.037]
  len 12: 0/102 = 0.000 [0.000,0.036]
  len 13: 0/13 = 0.000 [0.000,0.228]
  len 14: 0/10 = 0.000 [0.000,0.278]
  written hist {7: 9, 8: 8, 9: 3}
  pruned hist {6: 2, 7: 8, 8: 9, 9: 1}
  frontier written 8 pruned 8
  reasons [("parse: expected line index, got 'LEANPARSE'", 819), ('rule check failed: IMPE', 387), ('rule check failed: ANDI', 324), ('rule check failed: NEGE', 163), ('final formula is not the conclusion', 140), ('rule check failed: ORI1', 101)]
[lean_gate] 5000 samples, parse-fail 339, distinct checked 4661: both ok 4383, nd-only 0, lean-only 1, both rej 277; lean 8.8s wall (101.1s proc, 12 workers), nd_verify 0.2s
[la_T1_r1_s0 r1] heldout greedy SOLVED 4383/5000 = 0.877 [0.867,0.885]
  len 2: 996/1000 = 0.996 [0.990,0.998]
  len 3: 987/1000 = 0.987 [0.978,0.992]
  len 4: 937/1000 = 0.937 [0.920,0.950]
  len 5: 913/1000 = 0.913 [0.894,0.929]
  len 6: 550/1000 = 0.550 [0.519,0.581]
  written hist {2: 1019, 3: 982, 4: 931, 5: 948, 6: 500, 7: 3}
  pruned hist {2: 1019, 3: 984, 4: 931, 5: 949, 6: 498, 7: 2}
  frontier written 6 pruned 6
  reasons [("parse: expected line index, got 'LEANPARSE'", 339), ('rule check failed: ANDI', 57), ('rule check failed: ANDE2', 40), ('rule check failed: ORI2', 36), ('rule check failed: DN', 33), ('rule check failed: ORI1', 31)]
[la_T1_r1_s0 r1] targets cumulative: solved 700/4495 L*=9 ge={7: 700, 8: 194, 9: 16, 10: 0, 11: 0, 12: 0}
[la_T1_r1_s0 r1] transfer cumulative: solved 81/2285 L*=9 ge={7: 81, 8: 52, 9: 13, 10: 0, 11: 0, 12: 0}
python3 train.py --data artifacts/dsr/la_T1_r1_s0/mix_1.jsonl --init ckpts/dsr/stage1_r1_s0.pt --steps 600 --lr 0.0003 --min_lr 2.9999999999999997e-05 --warmup 50 --cap 0 --out ckpts/ladder/la_T1_r1_s0_r1.pt --seed 1 --log_every 200
params 3214336 mode lean_seq_noprem shift True
train records 23152 max len 413
step 200 loss 0.0635 lr 2.53e-04 18s
step 400 loss 0.0585 lr 1.09e-04 41s
step 600 loss 0.0666 lr 3.00e-05 63s
saved ckpts/ladder/la_T1_r1_s0_r1.pt
=== round 1 done in 1205s; new proofs 793; cum targets solved 700 L*=9; transfer L*=9
[lean_gate] 143840 samples, parse-fail 16385, distinct checked 108088: both ok 29922, nd-only 0, lean-only 0, both rej 78166; lean 728.3s wall (8607.2s proc, 12 workers), nd_verify 56.5s
[la_T1_r1_s0 r2] targets (this round) SOLVED 1520/4495 = 0.338 [0.324,0.352]
  len 7: 913/1800 = 0.507 [0.484,0.530]
  len 8: 455/1000 = 0.455 [0.424,0.486]
  len 9: 146/1004 = 0.145 [0.125,0.169]
  len 10: 6/456 = 0.013 [0.006,0.028]
  len 11: 0/99 = 0.000 [0.000,0.037]
  len 12: 0/106 = 0.000 [0.000,0.035]
  len 13: 0/16 = 0.000 [0.000,0.194]
  len 14: 0/14 = 0.000 [0.000,0.215]
  written hist {7: 884, 8: 627, 9: 193, 10: 12, 11: 1}
  pruned hist {5: 15, 6: 218, 7: 734, 8: 596, 9: 148, 10: 6}
  frontier written 10 pruned 10
  reasons [('rule check failed: ANDI', 24649), ("parse: expected line index, got 'LEANPARSE'", 16385), ('rule check failed: IMPE', 15150), ('rule check failed: ORI1', 9334), ('rule check failed: ORI2', 8919), ('rule check failed: NEGE', 7248)]
[lean_gate] 73120 samples, parse-fail 11486, distinct checked 53337: both ok 5277, nd-only 0, lean-only 0, both rej 48060; lean 358.2s wall (4157.6s proc, 12 workers), nd_verify 27.1s
[la_T1_r1_s0 r2] transfer (this round, pass@32) SOLVED 341/2285 = 0.149 [0.135,0.164]
  len 7: 64/300 = 0.213 [0.171,0.263]
  len 8: 107/300 = 0.357 [0.305,0.412]
  len 9: 160/1010 = 0.158 [0.137,0.182]
  len 10: 9/451 = 0.020 [0.011,0.037]
  len 11: 1/99 = 0.010 [0.002,0.055]
  len 12: 0/102 = 0.000 [0.000,0.036]
  len 13: 0/13 = 0.000 [0.000,0.228]
  len 14: 0/10 = 0.000 [0.000,0.278]
  written hist {7: 63, 8: 120, 9: 178, 10: 16, 11: 1}
  pruned hist {5: 1, 6: 6, 7: 72, 8: 153, 9: 139, 10: 7}
  frontier written 10 pruned 10
  reasons [('rule check failed: ANDI', 15848), ("parse: expected line index, got 'LEANPARSE'", 11486), ('rule check failed: IMPE', 10402), ('rule check failed: ORI1', 5279), ('rule check failed: ORI2', 4646), ('rule check failed: NEGE', 4385)]
[lean_gate] 2285 samples, parse-fail 266, distinct checked 2019: both ok 219, nd-only 0, lean-only 0, both rej 1800; lean 8.0s wall (40.6s proc, 12 workers), nd_verify 0.1s
[la_T1_r1_s0 r2] transfer greedy SOLVED 219/2285 = 0.096 [0.084,0.109]
  len 7: 47/300 = 0.157 [0.120,0.202]
  len 8: 72/300 = 0.240 [0.195,0.291]
  len 9: 96/1010 = 0.095 [0.078,0.115]
  len 10: 4/451 = 0.009 [0.003,0.023]
  len 11: 0/99 = 0.000 [0.000,0.037]
  len 12: 0/102 = 0.000 [0.000,0.036]
  len 13: 0/13 = 0.000 [0.000,0.228]
  len 14: 0/10 = 0.000 [0.000,0.278]
  written hist {7: 44, 8: 71, 9: 99, 10: 5}
  pruned hist {6: 2, 7: 45, 8: 87, 9: 83, 10: 2}
  frontier written 10 pruned 9
  reasons [('rule check failed: ANDI', 536), ('rule check failed: IMPE', 345), ("parse: expected line index, got 'LEANPARSE'", 266), ('rule check failed: ORI1', 177), ('rule check failed: NEGE', 145), ('rule check failed: ORI2', 144)]
[lean_gate] 5000 samples, parse-fail 19, distinct checked 4981: both ok 4712, nd-only 0, lean-only 1, both rej 268; lean 10.0s wall (111.7s proc, 12 workers), nd_verify 0.2s
[la_T1_r1_s0 r2] heldout greedy SOLVED 4712/5000 = 0.942 [0.936,0.949]
  len 2: 997/1000 = 0.997 [0.991,0.999]
  len 3: 975/1000 = 0.975 [0.963,0.983]
  len 4: 934/1000 = 0.934 [0.917,0.948]
  len 5: 929/1000 = 0.929 [0.911,0.943]
  len 6: 877/1000 = 0.877 [0.855,0.896]
  written hist {2: 1007, 3: 970, 4: 917, 5: 971, 6: 843, 7: 4}
  pruned hist {2: 1007, 3: 970, 4: 923, 5: 968, 6: 841, 7: 3}
  frontier written 6 pruned 6
  reasons [('rule check failed: ANDI', 56), ('rule check failed: ANDE2', 38), ('rule check failed: ORI2', 32), ('rule check failed: ORI1', 31), ('rule check failed: IMPE', 30), ('rule check failed: DN', 28)]
[la_T1_r1_s0 r2] targets cumulative: solved 1520/4495 L*=10 ge={7: 1520, 8: 607, 9: 152, 10: 6, 11: 0, 12: 0}
[la_T1_r1_s0 r2] transfer cumulative: solved 346/2285 L*=10 ge={7: 346, 8: 280, 9: 171, 10: 10, 11: 1, 12: 0}
python3 train.py --data artifacts/dsr/la_T1_r1_s0/mix_2.jsonl --init ckpts/ladder/la_T1_r1_s0_r1.pt --steps 600 --lr 0.0003 --min_lr 2.9999999999999997e-05 --warmup 50 --cap 0 --out ckpts/ladder/la_T1_r1_s0_r2.pt --seed 2 --log_every 200
params 3214336 mode lean_seq_noprem shift True
train records 26852 max len 390
step 200 loss 0.0510 lr 2.53e-04 22s
step 400 loss 0.0609 lr 1.09e-04 47s
step 600 loss 0.0541 lr 3.00e-05 73s
saved ckpts/ladder/la_T1_r1_s0_r2.pt
=== round 2 done in 1655s; new proofs 930; cum targets solved 1520 L*=10; transfer L*=10
[lean_gate] 143840 samples, parse-fail 11896, distinct checked 110593: both ok 38798, nd-only 0, lean-only 0, both rej 71795; lean 749.6s wall (8855.3s proc, 12 workers), nd_verify 64.4s
[la_T1_r1_s0 r3] targets (this round) SOLVED 1806/4495 = 0.402 [0.388,0.416]
  len 7: 1013/1800 = 0.563 [0.540,0.586]
  len 8: 523/1000 = 0.523 [0.492,0.554]
  len 9: 247/1004 = 0.246 [0.220,0.274]
  len 10: 23/456 = 0.050 [0.034,0.075]
  len 11: 0/99 = 0.000 [0.000,0.037]
  len 12: 0/106 = 0.000 [0.000,0.035]
  len 13: 0/16 = 0.000 [0.000,0.194]
  len 14: 0/14 = 0.000 [0.000,0.215]
  written hist {7: 987, 8: 733, 9: 336, 10: 50, 11: 2}
  pruned hist {5: 22, 6: 252, 7: 834, 8: 692, 9: 273, 10: 35}
  frontier written 10 pruned 10
  reasons [('rule check failed: ANDI', 23757), ('rule check failed: IMPE', 12562), ("parse: expected line index, got 'LEANPARSE'", 11896), ('rule check failed: ORI1', 9119), ('rule check failed: ORI2', 7654), ('rule check failed: NEGE', 7190)]
[lean_gate] 73120 samples, parse-fail 8412, distinct checked 55607: both ok 7522, nd-only 0, lean-only 0, both rej 48085; lean 366.7s wall (4190.3s proc, 12 workers), nd_verify 42.7s
[la_T1_r1_s0 r3] transfer (this round, pass@32) SOLVED 462/2285 = 0.202 [0.186,0.219]
  len 7: 81/300 = 0.270 [0.223,0.323]
  len 8: 117/300 = 0.390 [0.337,0.446]
  len 9: 239/1010 = 0.237 [0.211,0.264]
  len 10: 23/451 = 0.051 [0.034,0.075]
  len 11: 2/99 = 0.020 [0.006,0.071]
  len 12: 0/102 = 0.000 [0.000,0.036]
  len 13: 0/13 = 0.000 [0.000,0.228]
  len 14: 0/10 = 0.000 [0.000,0.278]
  written hist {7: 81, 8: 131, 9: 275, 10: 50, 11: 3, 12: 1}
  pruned hist {5: 3, 6: 7, 7: 95, 8: 172, 9: 228, 10: 36}
  frontier written 10 pruned 10
  reasons [('rule check failed: ANDI', 16297), ('rule check failed: IMPE', 9664), ("parse: expected line index, got 'LEANPARSE'", 8412), ('rule check failed: ORI1', 5839), ('rule check failed: ORI2', 4423), ('rule check failed: NEGE', 4289)]
[lean_gate] 2285 samples, parse-fail 188, distinct checked 2097: both ok 298, nd-only 0, lean-only 0, both rej 1799; lean 8.8s wall (46.2s proc, 12 workers), nd_verify 0.1s
[la_T1_r1_s0 r3] transfer greedy SOLVED 298/2285 = 0.130 [0.117,0.145]
  len 7: 58/300 = 0.193 [0.153,0.242]
  len 8: 89/300 = 0.297 [0.248,0.351]
  len 9: 141/1010 = 0.140 [0.120,0.162]
  len 10: 10/451 = 0.022 [0.012,0.040]
  len 11: 0/99 = 0.000 [0.000,0.037]
  len 12: 0/102 = 0.000 [0.000,0.036]
  len 13: 0/13 = 0.000 [0.000,0.228]
  len 14: 0/10 = 0.000 [0.000,0.278]
  written hist {7: 54, 8: 87, 9: 144, 10: 12, 12: 1}
  pruned hist {5: 1, 6: 4, 7: 55, 8: 109, 9: 121, 10: 8}
  frontier written 10 pruned 10
  reasons [('rule check failed: ANDI', 542), ('rule check failed: IMPE', 315), ('rule check failed: ORI1', 197), ("parse: expected line index, got 'LEANPARSE'", 188), ('rule check failed: ORI2', 135), ('rule check failed: NEGE', 127)]
[lean_gate] 5000 samples, parse-fail 16, distinct checked 4984: both ok 4744, nd-only 0, lean-only 1, both rej 239; lean 9.9s wall (111.6s proc, 12 workers), nd_verify 0.2s
[la_T1_r1_s0 r3] heldout greedy SOLVED 4744/5000 = 0.949 [0.942,0.955]
  len 2: 999/1000 = 0.999 [0.994,1.000]
  len 3: 980/1000 = 0.980 [0.969,0.987]
  len 4: 945/1000 = 0.945 [0.929,0.958]
  len 5: 920/1000 = 0.920 [0.902,0.935]
  len 6: 900/1000 = 0.900 [0.880,0.917]
  written hist {2: 1021, 3: 969, 4: 931, 5: 956, 6: 862, 7: 5}
  pruned hist {2: 1022, 3: 971, 4: 932, 5: 956, 6: 860, 7: 3}
  frontier written 7 pruned 6
  reasons [('rule check failed: ANDI', 56), ('rule check failed: ORI2', 29), ('rule check failed: IMPE', 26), ('rule check failed: ORI1', 26), ('rule check failed: ANDE2', 25), ('rule check failed: DN', 21)]
[la_T1_r1_s0 r3] targets cumulative: solved 1807/4495 L*=10 ge={7: 1807, 8: 793, 9: 270, 10: 23, 11: 0, 12: 0}
[la_T1_r1_s0 r3] transfer cumulative: solved 481/2285 L*=10 ge={7: 481, 8: 395, 9: 273, 10: 26, 11: 2, 12: 0}
python3 train.py --data artifacts/dsr/la_T1_r1_s0/mix_3.jsonl --init ckpts/ladder/la_T1_r1_s0_r2.pt --steps 600 --lr 0.0003 --min_lr 2.9999999999999997e-05 --warmup 50 --cap 0 --out ckpts/ladder/la_T1_r1_s0_r3.pt --seed 3 --log_every 200
params 3214336 mode lean_seq_noprem shift True
train records 28416 max len 464
step 200 loss 0.0527 lr 2.53e-04 25s
step 400 loss 0.0463 lr 1.09e-04 51s
step 600 loss 0.0506 lr 3.00e-05 78s
saved ckpts/ladder/la_T1_r1_s0_r3.pt
=== round 3 done in 1712s; new proofs 395; cum targets solved 1807 L*=10; transfer L*=10
[lean_gate] 143840 samples, parse-fail 10507, distinct checked 111397: both ok 44871, nd-only 0, lean-only 0, both rej 66526; lean 749.0s wall (8855.0s proc, 12 workers), nd_verify 56.6s
[la_T1_r1_s0 r4] targets (this round) SOLVED 2003/4495 = 0.446 [0.431,0.460]
  len 7: 1079/1800 = 0.599 [0.577,0.622]
  len 8: 566/1000 = 0.566 [0.535,0.596]
  len 9: 316/1004 = 0.315 [0.287,0.344]
  len 10: 41/456 = 0.090 [0.067,0.120]
  len 11: 1/99 = 0.010 [0.002,0.055]
  len 12: 0/106 = 0.000 [0.000,0.035]
  len 13: 0/16 = 0.000 [0.000,0.194]
  len 14: 0/14 = 0.000 [0.000,0.215]
  written hist {7: 1064, 8: 800, 9: 436, 10: 92, 11: 5, 12: 2}
  pruned hist {5: 29, 6: 271, 7: 921, 8: 757, 9: 352, 10: 68, 11: 1}
  frontier written 11 pruned 10
  reasons [('rule check failed: ANDI', 22442), ('rule check failed: IMPE', 11727), ("parse: expected line index, got 'LEANPARSE'", 10507), ('rule check failed: ORI1', 7535), ('rule check failed: ORI2', 6977), ('rule check failed: NEGE', 6218)]
[lean_gate] 73120 samples, parse-fail 7734, distinct checked 56358: both ok 9523, nd-only 0, lean-only 0, both rej 46835; lean 381.7s wall (4408.1s proc, 12 workers), nd_verify 39.0s
[la_T1_r1_s0 r4] transfer (this round, pass@32) SOLVED 554/2285 = 0.242 [0.225,0.260]
  len 7: 86/300 = 0.287 [0.238,0.340]
  len 8: 122/300 = 0.407 [0.353,0.463]
  len 9: 306/1010 = 0.303 [0.275,0.332]
  len 10: 39/451 = 0.086 [0.064,0.116]
  len 11: 1/99 = 0.010 [0.002,0.055]
  len 12: 0/102 = 0.000 [0.000,0.036]
  len 13: 0/13 = 0.000 [0.000,0.228]
  len 14: 0/10 = 0.000 [0.000,0.278]
  written hist {7: 86, 8: 145, 9: 364, 10: 79, 11: 3, 12: 1}
  pruned hist {5: 4, 6: 7, 7: 112, 8: 190, 9: 305, 10: 59, 11: 1}
  frontier written 10 pruned 10
  reasons [('rule check failed: ANDI', 15941), ('rule check failed: IMPE', 9479), ("parse: expected line index, got 'LEANPARSE'", 7734), ('rule check failed: ORI1', 4913), ('rule check failed: ORI2', 4310), ('rule check failed: NEGE', 4139)]
[lean_gate] 2285 samples, parse-fail 184, distinct checked 2101: both ok 382, nd-only 0, lean-only 0, both rej 1719; lean 9.2s wall (45.8s proc, 12 workers), nd_verify 0.9s
[la_T1_r1_s0 r4] transfer greedy SOLVED 382/2285 = 0.167 [0.152,0.183]
  len 7: 68/300 = 0.227 [0.183,0.277]
  len 8: 98/300 = 0.327 [0.276,0.382]
  len 9: 199/1010 = 0.197 [0.174,0.223]
  len 10: 16/451 = 0.035 [0.022,0.057]
  len 11: 1/99 = 0.010 [0.002,0.055]
  len 12: 0/102 = 0.000 [0.000,0.036]
  len 13: 0/13 = 0.000 [0.000,0.228]
  len 14: 0/10 = 0.000 [0.000,0.278]
  written hist {7: 62, 8: 98, 9: 193, 10: 27, 11: 1, 12: 1}
  pruned hist {5: 1, 6: 5, 7: 67, 8: 125, 9: 163, 10: 21}
  frontier written 10 pruned 10
  reasons [('rule check failed: ANDI', 531), ('rule check failed: IMPE', 320), ("parse: expected line index, got 'LEANPARSE'", 184), ('rule check failed: ORI1', 161), ('rule check failed: ORI2', 130), ('rule check failed: NEGE', 124)]
[lean_gate] 5000 samples, parse-fail 25, distinct checked 4975: both ok 4722, nd-only 0, lean-only 1, both rej 252; lean 10.3s wall (112.4s proc, 12 workers), nd_verify 2.9s
[la_T1_r1_s0 r4] heldout greedy SOLVED 4722/5000 = 0.944 [0.938,0.950]
  len 2: 996/1000 = 0.996 [0.990,0.998]
  len 3: 981/1000 = 0.981 [0.971,0.988]
  len 4: 935/1000 = 0.935 [0.918,0.949]
  len 5: 930/1000 = 0.930 [0.912,0.944]
  len 6: 880/1000 = 0.880 [0.858,0.899]
  written hist {2: 1013, 3: 974, 4: 916, 5: 961, 6: 855, 7: 3}
  pruned hist {2: 1014, 3: 974, 4: 920, 5: 963, 6: 848, 7: 3}
  frontier written 6 pruned 6
  reasons [('rule check failed: ANDI', 55), ('rule check failed: ORI2', 34), ('rule check failed: DN', 30), ('rule check failed: ORI1', 29), ('rule check failed: ANDE2', 27), ("parse: expected line index, got 'LEANPARSE'", 25)]
[la_T1_r1_s0 r4] targets cumulative: solved 2006/4495 L*=10 ge={7: 2006, 8: 924, 9: 358, 10: 42, 11: 1, 12: 0}
[la_T1_r1_s0 r4] transfer cumulative: solved 583/2285 L*=10 ge={7: 583, 8: 490, 9: 359, 10: 41, 11: 2, 12: 0}
python3 train.py --data artifacts/dsr/la_T1_r1_s0/mix_4.jsonl --init ckpts/ladder/la_T1_r1_s0_r3.pt --steps 600 --lr 0.0003 --min_lr 2.9999999999999997e-05 --warmup 50 --cap 0 --out ckpts/ladder/la_T1_r1_s0_r4.pt --seed 4 --log_every 200
params 3214336 mode lean_seq_noprem shift True
train records 29576 max len 464
step 200 loss 0.0490 lr 2.53e-04 26s
step 400 loss 0.0474 lr 1.09e-04 53s
step 600 loss 0.0487 lr 3.00e-05 80s
saved ckpts/ladder/la_T1_r1_s0_r4.pt
=== round 4 done in 1723s; new proofs 295; cum targets solved 2006 L*=10; transfer L*=10
[lean_gate] 143840 samples, parse-fail 10317, distinct checked 111300: both ok 49979, nd-only 0, lean-only 1, both rej 61320; lean 700.1s wall (8280.1s proc, 12 workers), nd_verify 42.4s
[la_T1_r1_s0 r5] targets (this round) SOLVED 2164/4495 = 0.481 [0.467,0.496]
  len 7: 1135/1800 = 0.631 [0.608,0.653]
  len 8: 599/1000 = 0.599 [0.568,0.629]
  len 9: 371/1004 = 0.370 [0.340,0.400]
  len 10: 57/456 = 0.125 [0.098,0.159]
  len 11: 2/99 = 0.020 [0.006,0.071]
  len 12: 0/106 = 0.000 [0.000,0.035]
  len 13: 0/16 = 0.000 [0.000,0.194]
  len 14: 0/14 = 0.000 [0.000,0.215]
  written hist {7: 1135, 8: 862, 9: 518, 10: 145, 11: 7, 12: 3}
  pruned hist {5: 34, 6: 294, 7: 1000, 8: 816, 9: 420, 10: 103, 11: 2, 12: 1}
  frontier written 11 pruned 10
  reasons [('rule check failed: ANDI', 19851), ('rule check failed: IMPE', 11440), ("parse: expected line index, got 'LEANPARSE'", 10317), ('rule check failed: ORI1', 7140), ('rule check failed: NEGE', 6586), ('rule check failed: ORI2', 6251)]
[lean_gate] 73120 samples, parse-fail 8234, distinct checked 55856: both ok 11034, nd-only 0, lean-only 0, both rej 44822; lean 347.7s wall (4058.3s proc, 12 workers), nd_verify 46.4s
[la_T1_r1_s0 r5] transfer (this round, pass@32) SOLVED 632/2285 = 0.277 [0.259,0.295]
  len 7: 93/300 = 0.310 [0.260,0.364]
  len 8: 131/300 = 0.437 [0.382,0.493]
  len 9: 354/1010 = 0.350 [0.322,0.380]
  len 10: 50/451 = 0.111 [0.085,0.143]
  len 11: 3/99 = 0.030 [0.010,0.085]
  len 12: 1/102 = 0.010 [0.002,0.053]
  len 13: 0/13 = 0.000 [0.000,0.228]
  len 14: 0/10 = 0.000 [0.000,0.278]
  written hist {7: 92, 8: 150, 9: 442, 10: 114, 11: 4, 12: 6}
  pruned hist {5: 3, 6: 8, 7: 122, 8: 196, 9: 386, 10: 87, 11: 3, 12: 3}
  frontier written 12 pruned 10
  reasons [('rule check failed: ANDI', 14375), ('rule check failed: IMPE', 10107), ("parse: expected line index, got 'LEANPARSE'", 8234), ('rule check failed: ORI1', 4577), ('rule check failed: NEGE', 4245), ('rule check failed: ORI2', 4224)]
[lean_gate] 2285 samples, parse-fail 202, distinct checked 2083: both ok 443, nd-only 0, lean-only 0, both rej 1640; lean 7.8s wall (40.6s proc, 12 workers), nd_verify 0.2s
[la_T1_r1_s0 r5] transfer greedy SOLVED 443/2285 = 0.194 [0.178,0.211]
  len 7: 70/300 = 0.233 [0.189,0.284]
  len 8: 102/300 = 0.340 [0.289,0.395]
  len 9: 238/1010 = 0.236 [0.211,0.263]
  len 10: 32/451 = 0.071 [0.051,0.098]
  len 11: 1/99 = 0.010 [0.002,0.055]
  len 12: 0/102 = 0.000 [0.000,0.036]
  len 13: 0/13 = 0.000 [0.000,0.228]
  len 14: 0/10 = 0.000 [0.000,0.278]
  written hist {7: 63, 8: 102, 9: 226, 10: 50, 11: 2}
  pruned hist {5: 2, 6: 4, 7: 72, 8: 126, 9: 199, 10: 40}
  frontier written 10 pruned 10
  reasons [('rule check failed: ANDI', 472), ('rule check failed: IMPE', 328), ("parse: expected line index, got 'LEANPARSE'", 202), ('rule check failed: ORI1', 150), ('rule check failed: NEGE', 141), ('rule check failed: ORI2', 127)]
[lean_gate] 5000 samples, parse-fail 22, distinct checked 4978: both ok 4739, nd-only 0, lean-only 1, both rej 238; lean 10.8s wall (116.4s proc, 12 workers), nd_verify 0.2s
[la_T1_r1_s0 r5] heldout greedy SOLVED 4739/5000 = 0.948 [0.941,0.954]
  len 2: 999/1000 = 0.999 [0.994,1.000]
  len 3: 979/1000 = 0.979 [0.968,0.986]
  len 4: 929/1000 = 0.929 [0.911,0.943]
  len 5: 926/1000 = 0.926 [0.908,0.941]
  len 6: 906/1000 = 0.906 [0.886,0.923]
  written hist {2: 1020, 3: 970, 4: 914, 5: 960, 6: 869, 7: 5, 9: 1}
  pruned hist {2: 1020, 3: 971, 4: 918, 5: 961, 6: 865, 7: 3, 9: 1}
  frontier written 7 pruned 6
  reasons [('rule check failed: ANDI', 54), ('rule check failed: ORI1', 31), ('rule check failed: ORI2', 30), ('rule check failed: DN', 29), ('rule check failed: IMPE', 25), ("parse: expected line index, got 'LEANPARSE'", 22)]
[la_T1_r1_s0 r5] targets cumulative: solved 2165/4495 L*=10 ge={7: 2165, 8: 1029, 9: 430, 10: 59, 11: 2, 12: 0}
[la_T1_r1_s0 r5] transfer cumulative: solved 668/2285 L*=11 ge={7: 668, 8: 567, 9: 427, 10: 58, 11: 5, 12: 1}
python3 train.py --data artifacts/dsr/la_T1_r1_s0/mix_5.jsonl --init ckpts/ladder/la_T1_r1_s0_r4.pt --steps 600 --lr 0.0003 --min_lr 2.9999999999999997e-05 --warmup 50 --cap 0 --out ckpts/ladder/la_T1_r1_s0_r5.pt --seed 5 --log_every 200
params 3214336 mode lean_seq_noprem shift True
train records 30676 max len 418
step 200 loss 0.0542 lr 2.53e-04 24s
step 400 loss 0.0480 lr 1.09e-04 52s
step 600 loss 0.0515 lr 3.00e-05 79s
saved ckpts/ladder/la_T1_r1_s0_r5.pt
=== round 5 done in 1632s; new proofs 281; cum targets solved 2165 L*=10; transfer L*=11
[lean_gate] 143840 samples, parse-fail 10438, distinct checked 110875: both ok 53632, nd-only 0, lean-only 1, both rej 57242; lean 740.2s wall (8723.9s proc, 12 workers), nd_verify 61.6s
[la_T1_r1_s0 r6] targets (this round) SOLVED 2283/4495 = 0.508 [0.493,0.522]
  len 7: 1179/1800 = 0.655 [0.633,0.677]
  len 8: 620/1000 = 0.620 [0.590,0.650]
  len 9: 412/1004 = 0.410 [0.380,0.441]
  len 10: 69/456 = 0.151 [0.121,0.187]
  len 11: 3/99 = 0.030 [0.010,0.085]
  len 12: 0/106 = 0.000 [0.000,0.035]
  len 13: 0/16 = 0.000 [0.000,0.194]
  len 14: 0/14 = 0.000 [0.000,0.215]
  written hist {7: 1191, 8: 928, 9: 594, 10: 175, 11: 8, 12: 3}
  pruned hist {5: 44, 6: 305, 7: 1070, 8: 875, 9: 481, 10: 120, 11: 3, 12: 1}
  frontier written 11 pruned 10
  reasons [('rule check failed: ANDI', 18837), ("parse: expected line index, got 'LEANPARSE'", 10438), ('rule check failed: IMPE', 10415), ('rule check failed: ORI1', 6758), ('rule check failed: ORI2', 5897), ('rule check failed: NEGE', 5705)]
[lean_gate] 73120 samples, parse-fail 8698, distinct checked 55472: both ok 11982, nd-only 0, lean-only 1, both rej 43489; lean 366.1s wall (4223.7s proc, 12 workers), nd_verify 43.4s
[la_T1_r1_s0 r6] transfer (this round, pass@32) SOLVED 668/2285 = 0.292 [0.274,0.311]
  len 7: 99/300 = 0.330 [0.279,0.385]
  len 8: 126/300 = 0.420 [0.366,0.477]
  len 9: 377/1010 = 0.373 [0.344,0.404]
  len 10: 60/451 = 0.133 [0.105,0.168]
  len 11: 5/99 = 0.051 [0.022,0.113]
  len 12: 1/102 = 0.010 [0.002,0.053]
  len 13: 0/13 = 0.000 [0.000,0.228]
  len 14: 0/10 = 0.000 [0.000,0.278]
  written hist {7: 98, 8: 149, 9: 479, 10: 139, 11: 13, 12: 5}
  pruned hist {5: 4, 6: 9, 7: 131, 8: 207, 9: 421, 10: 100, 11: 9, 12: 2}
  frontier written 12 pruned 11
  reasons [('rule check failed: ANDI', 13908), ('rule check failed: IMPE', 9490), ("parse: expected line index, got 'LEANPARSE'", 8698), ('rule check failed: ORI1', 4778), ('rule check failed: ORI2', 4270), ('rule check failed: NEGE', 3664)]
[lean_gate] 2285 samples, parse-fail 209, distinct checked 2076: both ok 488, nd-only 0, lean-only 0, both rej 1588; lean 8.4s wall (44.1s proc, 12 workers), nd_verify 0.1s
[la_T1_r1_s0 r6] transfer greedy SOLVED 488/2285 = 0.214 [0.197,0.231]
  len 7: 82/300 = 0.273 [0.226,0.326]
  len 8: 113/300 = 0.377 [0.324,0.433]
  len 9: 261/1010 = 0.258 [0.232,0.286]
  len 10: 30/451 = 0.067 [0.047,0.093]
  len 11: 2/99 = 0.020 [0.006,0.071]
  len 12: 0/102 = 0.000 [0.000,0.036]
  len 13: 0/13 = 0.000 [0.000,0.228]
  len 14: 0/10 = 0.000 [0.000,0.278]
  written hist {7: 72, 8: 110, 9: 247, 10: 54, 11: 3, 12: 2}
  pruned hist {5: 2, 6: 5, 7: 84, 8: 135, 9: 220, 10: 40, 11: 2}
  frontier written 10 pruned 10
  reasons [('rule check failed: ANDI', 443), ('rule check failed: IMPE', 316), ("parse: expected line index, got 'LEANPARSE'", 209), ('rule check failed: ORI1', 157), ('rule check failed: ORI2', 139), ('rule check failed: NEGE', 112)]
[lean_gate] 5000 samples, parse-fail 19, distinct checked 4981: both ok 4760, nd-only 0, lean-only 1, both rej 220; lean 10.5s wall (117.6s proc, 12 workers), nd_verify 0.2s
[la_T1_r1_s0 r6] heldout greedy SOLVED 4760/5000 = 0.952 [0.946,0.958]
  len 2: 997/1000 = 0.997 [0.991,0.999]
  len 3: 986/1000 = 0.986 [0.977,0.992]
  len 4: 940/1000 = 0.940 [0.924,0.953]
  len 5: 927/1000 = 0.927 [0.909,0.942]
  len 6: 910/1000 = 0.910 [0.891,0.926]
  written hist {2: 1013, 3: 980, 4: 928, 5: 971, 6: 865, 7: 3}
  pruned hist {2: 1013, 3: 981, 4: 933, 5: 971, 6: 860, 7: 2}
  frontier written 6 pruned 6
  reasons [('rule check failed: ANDI', 56), ('rule check failed: ORI1', 32), ('rule check failed: ORI2', 29), ('rule check failed: IMPE', 22), ("parse: expected line index, got 'LEANPARSE'", 19), ('rule check failed: ANDE2', 19)]
[la_T1_r1_s0 r6] targets cumulative: solved 2284/4495 L*=10 ge={7: 2284, 8: 1104, 9: 484, 10: 72, 11: 3, 12: 0}
[la_T1_r1_s0 r6] transfer cumulative: solved 733/2285 L*=11 ge={7: 733, 8: 625, 9: 482, 10: 73, 11: 7, 12: 1}
python3 train.py --data artifacts/dsr/la_T1_r1_s0/mix_6.jsonl --init ckpts/ladder/la_T1_r1_s0_r5.pt --steps 600 --lr 0.0003 --min_lr 2.9999999999999997e-05 --warmup 50 --cap 0 --out ckpts/ladder/la_T1_r1_s0_r6.pt --seed 6 --log_every 200
params 3214336 mode lean_seq_noprem shift True
train records 31568 max len 442
step 200 loss 0.0513 lr 2.53e-04 24s
step 400 loss 0.0438 lr 1.09e-04 52s
step 600 loss 0.0499 lr 3.00e-05 80s
saved ckpts/ladder/la_T1_r1_s0_r6.pt
=== round 6 done in 1707s; new proofs 229; cum targets solved 2284 L*=10; transfer L*=11
[lean_gate] 143840 samples, parse-fail 10112, distinct checked 111197: both ok 56503, nd-only 0, lean-only 0, both rej 54694; lean 691.8s wall (8166.3s proc, 12 workers), nd_verify 57.2s
[la_T1_r1_s0 r7] targets (this round) SOLVED 2359/4495 = 0.525 [0.510,0.539]
  len 7: 1216/1800 = 0.676 [0.654,0.697]
  len 8: 630/1000 = 0.630 [0.600,0.659]
  len 9: 428/1004 = 0.426 [0.396,0.457]
  len 10: 81/456 = 0.178 [0.145,0.215]
  len 11: 4/99 = 0.040 [0.016,0.099]
  len 12: 0/106 = 0.000 [0.000,0.035]
  len 13: 0/16 = 0.000 [0.000,0.194]
  len 14: 0/14 = 0.000 [0.000,0.215]
  written hist {7: 1234, 8: 973, 9: 649, 10: 202, 11: 9, 12: 4, 13: 1}
  pruned hist {5: 47, 6: 320, 7: 1123, 8: 915, 9: 522, 10: 139, 11: 4, 12: 2}
  frontier written 11 pruned 10
  reasons [('rule check failed: ANDI', 18006), ("parse: expected line index, got 'LEANPARSE'", 10112), ('rule check failed: IMPE', 10051), ('rule check failed: ORI1', 6417), ('rule check failed: ORI2', 6031), ('rule check failed: NEGE', 5373)]
[lean_gate] 73120 samples, parse-fail 8352, distinct checked 55710: both ok 12610, nd-only 0, lean-only 0, both rej 43100; lean 320.6s wall (3715.1s proc, 12 workers), nd_verify 73.0s
[la_T1_r1_s0 r7] transfer (this round, pass@32) SOLVED 699/2285 = 0.306 [0.287,0.325]
  len 7: 115/300 = 0.383 [0.330,0.439]
  len 8: 132/300 = 0.440 [0.385,0.497]
  len 9: 388/1010 = 0.384 [0.355,0.415]
  len 10: 58/451 = 0.129 [0.101,0.163]
  len 11: 5/99 = 0.051 [0.022,0.113]
  len 12: 1/102 = 0.010 [0.002,0.053]
  len 13: 0/13 = 0.000 [0.000,0.228]
  len 14: 0/10 = 0.000 [0.000,0.278]
  written hist {7: 113, 8: 148, 9: 480, 10: 146, 11: 17, 12: 5, 13: 1, 14: 1}
  pruned hist {5: 4, 6: 11, 7: 142, 8: 214, 9: 414, 10: 115, 11: 8, 12: 3}
  frontier written 12 pruned 11
  reasons [('rule check failed: ANDI', 14064), ('rule check failed: IMPE', 8910), ("parse: expected line index, got 'LEANPARSE'", 8352), ('rule check failed: ORI1', 4483), ('rule check failed: ORI2', 4214), ('rule check failed: NEGE', 3588)]
[lean_gate] 2285 samples, parse-fail 198, distinct checked 2087: both ok 506, nd-only 0, lean-only 0, both rej 1581; lean 7.6s wall (39.8s proc, 12 workers), nd_verify 0.2s
[la_T1_r1_s0 r7] transfer greedy SOLVED 506/2285 = 0.221 [0.205,0.239]
  len 7: 89/300 = 0.297 [0.248,0.351]
  len 8: 111/300 = 0.370 [0.317,0.426]
  len 9: 265/1010 = 0.262 [0.236,0.290]
  len 10: 39/451 = 0.086 [0.064,0.116]
  len 11: 2/99 = 0.020 [0.006,0.071]
  len 12: 0/102 = 0.000 [0.000,0.036]
  len 13: 0/13 = 0.000 [0.000,0.228]
  len 14: 0/10 = 0.000 [0.000,0.278]
  written hist {7: 82, 8: 106, 9: 251, 10: 62, 11: 4, 12: 1}
  pruned hist {6: 3, 7: 96, 8: 139, 9: 219, 10: 47, 11: 2}
  frontier written 10 pruned 10
  reasons [('rule check failed: ANDI', 466), ('rule check failed: IMPE', 299), ("parse: expected line index, got 'LEANPARSE'", 198), ('rule check failed: ORI1', 145), ('rule check failed: ORI2', 133), ('rule check failed: NEGE', 111)]
[lean_gate] 5000 samples, parse-fail 21, distinct checked 4979: both ok 4762, nd-only 0, lean-only 1, both rej 216; lean 10.6s wall (116.7s proc, 12 workers), nd_verify 0.2s
[la_T1_r1_s0 r7] heldout greedy SOLVED 4762/5000 = 0.952 [0.946,0.958]
  len 2: 996/1000 = 0.996 [0.990,0.998]
  len 3: 984/1000 = 0.984 [0.974,0.990]
  len 4: 942/1000 = 0.942 [0.926,0.955]
  len 5: 926/1000 = 0.926 [0.908,0.941]
  len 6: 914/1000 = 0.914 [0.895,0.930]
  written hist {2: 1012, 3: 979, 4: 931, 5: 959, 6: 874, 7: 5, 8: 1, 9: 1}
  pruned hist {2: 1012, 3: 980, 4: 935, 5: 958, 6: 871, 7: 4, 8: 1, 9: 1}
  frontier written 7 pruned 6
  reasons [('rule check failed: ANDI', 51), ('rule check failed: ORI2', 28), ('rule check failed: ORI1', 27), ("parse: expected line index, got 'LEANPARSE'", 21), ('rule check failed: DN', 21), ('rule check failed: IMPE', 20)]
[la_T1_r1_s0 r7] targets cumulative: solved 2361/4495 L*=10 ge={7: 2361, 8: 1145, 9: 515, 10: 85, 11: 4, 12: 0}
[la_T1_r1_s0 r7] transfer cumulative: solved 774/2285 L*=11 ge={7: 774, 8: 652, 9: 508, 10: 75, 11: 8, 12: 1}
python3 train.py --data artifacts/dsr/la_T1_r1_s0/mix_7.jsonl --init ckpts/ladder/la_T1_r1_s0_r6.pt --steps 600 --lr 0.0003 --min_lr 2.9999999999999997e-05 --warmup 50 --cap 0 --out ckpts/ladder/la_T1_r1_s0_r7.pt --seed 7 --log_every 200
params 3214336 mode lean_seq_noprem shift True
train records 32212 max len 446
step 200 loss 0.0520 lr 2.53e-04 22s
step 400 loss 0.0461 lr 1.09e-04 50s
step 600 loss 0.0522 lr 3.00e-05 78s
saved ckpts/ladder/la_T1_r1_s0_r7.pt
=== round 7 done in 1643s; new proofs 173; cum targets solved 2361 L*=10; transfer L*=11
[lean_gate] 143840 samples, parse-fail 9654, distinct checked 111565: both ok 58624, nd-only 0, lean-only 0, both rej 52941; lean 716.1s wall (8429.9s proc, 12 workers), nd_verify 56.9s
[la_T1_r1_s0 r8] targets (this round) SOLVED 2440/4495 = 0.543 [0.528,0.557]
  len 7: 1247/1800 = 0.693 [0.671,0.714]
  len 8: 648/1000 = 0.648 [0.618,0.677]
  len 9: 452/1004 = 0.450 [0.420,0.481]
  len 10: 87/456 = 0.191 [0.157,0.229]
  len 11: 5/99 = 0.051 [0.022,0.113]
  len 12: 1/106 = 0.009 [0.002,0.052]
  len 13: 0/16 = 0.000 [0.000,0.194]
  len 14: 0/14 = 0.000 [0.000,0.215]
  written hist {7: 1266, 8: 1026, 9: 693, 10: 224, 11: 13, 12: 6, 13: 3}
  pruned hist {5: 51, 6: 331, 7: 1169, 8: 960, 9: 560, 10: 148, 11: 6, 12: 5, 13: 1}
  frontier written 12 pruned 12
  reasons [('rule check failed: ANDI', 17021), ('rule check failed: IMPE', 10132), ("parse: expected line index, got 'LEANPARSE'", 9654), ('rule check failed: ORI1', 5922), ('rule check failed: ORI2', 5871), ('rule check failed: NEGE', 5332)]
[lean_gate] 73120 samples, parse-fail 8236, distinct checked 55867: both ok 13303, nd-only 0, lean-only 0, both rej 42564; lean 341.3s wall (3957.9s proc, 12 workers), nd_verify 54.0s
[la_T1_r1_s0 r8] transfer (this round, pass@32) SOLVED 758/2285 = 0.332 [0.313,0.351]
  len 7: 137/300 = 0.457 [0.401,0.513]
  len 8: 136/300 = 0.453 [0.398,0.510]
  len 9: 418/1010 = 0.414 [0.384,0.445]
  len 10: 62/451 = 0.137 [0.109,0.172]
  len 11: 4/99 = 0.040 [0.016,0.099]
  len 12: 1/102 = 0.010 [0.002,0.053]
  len 13: 0/13 = 0.000 [0.000,0.228]
  len 14: 0/10 = 0.000 [0.000,0.278]
  written hist {7: 134, 8: 163, 9: 523, 10: 165, 11: 15, 12: 6, 14: 1}
  pruned hist {5: 7, 6: 10, 7: 166, 8: 238, 9: 455, 10: 119, 11: 8, 12: 4}
  frontier written 12 pruned 11
  reasons [('rule check failed: ANDI', 13629), ('rule check failed: IMPE', 9036), ("parse: expected line index, got 'LEANPARSE'", 8236), ('rule check failed: ORI1', 4265), ('rule check failed: ORI2', 4002), ('rule check failed: NEGE', 3679)]
[lean_gate] 2285 samples, parse-fail 202, distinct checked 2083: both ok 542, nd-only 0, lean-only 0, both rej 1541; lean 8.2s wall (43.5s proc, 12 workers), nd_verify 0.1s
[la_T1_r1_s0 r8] transfer greedy SOLVED 542/2285 = 0.237 [0.220,0.255]
  len 7: 102/300 = 0.340 [0.289,0.395]
  len 8: 111/300 = 0.370 [0.317,0.426]
  len 9: 289/1010 = 0.286 [0.259,0.315]
  len 10: 38/451 = 0.084 [0.062,0.114]
  len 11: 1/99 = 0.010 [0.002,0.055]
  len 12: 1/102 = 0.010 [0.002,0.053]
  len 13: 0/13 = 0.000 [0.000,0.228]
  len 14: 0/10 = 0.000 [0.000,0.278]
  written hist {7: 91, 8: 109, 9: 279, 10: 58, 11: 3, 12: 2}
  pruned hist {5: 1, 6: 4, 7: 106, 8: 140, 9: 244, 10: 45, 11: 2}
  frontier written 10 pruned 10
  reasons [('rule check failed: ANDI', 442), ('rule check failed: IMPE', 300), ("parse: expected line index, got 'LEANPARSE'", 202), ('rule check failed: ORI1', 135), ('rule check failed: ORI2', 127), ('rule check failed: NEGE', 118)]
[lean_gate] 5000 samples, parse-fail 23, distinct checked 4977: both ok 4778, nd-only 0, lean-only 1, both rej 198; lean 10.3s wall (114.1s proc, 12 workers), nd_verify 0.2s
[la_T1_r1_s0 r8] heldout greedy SOLVED 4778/5000 = 0.956 [0.950,0.961]
  len 2: 995/1000 = 0.995 [0.988,0.998]
  len 3: 985/1000 = 0.985 [0.975,0.991]
  len 4: 947/1000 = 0.947 [0.931,0.959]
  len 5: 932/1000 = 0.932 [0.915,0.946]
  len 6: 919/1000 = 0.919 [0.900,0.934]
  written hist {2: 1015, 3: 980, 4: 927, 5: 964, 6: 883, 7: 6, 8: 2, 10: 1}
  pruned hist {2: 1016, 3: 980, 4: 932, 5: 963, 6: 879, 7: 5, 8: 2, 10: 1}
  frontier written 7 pruned 7
  reasons [('rule check failed: ANDI', 40), ('rule check failed: ORI1', 34), ("parse: expected line index, got 'LEANPARSE'", 23), ('rule check failed: DN', 20), ('rule check failed: ORI2', 17), ('rule check failed: IMPE', 17)]
[la_T1_r1_s0 r8] targets cumulative: solved 2441/4495 L*=11 ge={7: 2441, 8: 1194, 9: 546, 10: 93, 11: 6, 12: 1}
[la_T1_r1_s0 r8] transfer cumulative: solved 837/2285 L*=11 ge={7: 837, 8: 693, 9: 544, 10: 82, 11: 8, 12: 1}
python3 train.py --data artifacts/dsr/la_T1_r1_s0/mix_8.jsonl --init ckpts/ladder/la_T1_r1_s0_r7.pt --steps 600 --lr 0.0003 --min_lr 2.9999999999999997e-05 --warmup 50 --cap 0 --out ckpts/ladder/la_T1_r1_s0_r8.pt --seed 8 --log_every 200
params 3214336 mode lean_seq_noprem shift True
train records 32888 max len 446
step 200 loss 0.0448 lr 2.53e-04 24s
step 400 loss 0.0525 lr 1.09e-04 52s
step 600 loss 0.0453 lr 3.00e-05 80s
saved ckpts/ladder/la_T1_r1_s0_r8.pt
=== round 8 done in 1666s; new proofs 174; cum targets solved 2441 L*=11; transfer L*=11
END 2026-09-24T03:18:30Z
