{
 "total": {
  "n_out": 97825,
  "pat_depth3": 97825,
  "pat_derived_ore": 11646,
  "pat_reductio": 3648,
  "tries": 9000000,
  "fail": 6734449,
  "len_out": 1759174,
  "only_out": 280958,
  "contra": 119434,
  "dup": 8160
 },
 "secs": 117.26654601097107
}
{
 "files": 6,
 "stats": {
  "read": 97825,
  "written": 91729,
  "dup_class": 6096
 }
}
len 8: n   27430 none       0 derived_ore      0 (0.0000%) reductio      0 (0.0000%) depth3  27430 (100.0000%) derived_ore_strict      0 (0.0000%)
len 9: n    6664 none       0 derived_ore    233 (3.4964%) reductio      0 (0.0000%) depth3   6664 (100.0000%) derived_ore_strict      0 (0.0000%)
len 10: n   22772 none       0 derived_ore    282 (1.2384%) reductio      4 (0.0176%) depth3  22772 (100.0000%) derived_ore_strict      5 (0.0220%)
len 11: n    8969 none       0 derived_ore   1383 (15.4198%) reductio     29 (0.3233%) depth3   8969 (100.0000%) derived_ore_strict    579 (6.4556%)
len 12: n    8497 none       0 derived_ore   2406 (28.3159%) reductio    322 (3.7896%) depth3   8497 (100.0000%) derived_ore_strict   1479 (17.4061%)
len 13: n    8391 none       0 derived_ore   2983 (35.5500%) reductio   1136 (13.5383%) depth3   8391 (100.0000%) derived_ore_strict   1743 (20.7723%)
len 14: n    9006 none       0 derived_ore   3875 (43.0269%) reductio   2049 (22.7515%) depth3   9006 (100.0000%) derived_ore_strict   2610 (28.9807%)
