ba9ebabe0a32284256ea9cd48db4fb41  ckpts/sf2/stage1_S_s2.pt
=== ladder frozen S s2 2026-09-28T20:59:57Z
[lean_gate] 143840 samples, parse-fail 24982, distinct checked 106769: lean ok 31593, lean rej 75176; lean 129.4s wall (3968.8s proc, 32 workers)
[la_frozen_S_s2 r1] targets (this round) SOLVED 2336/4495 = 0.520 [0.505,0.534]
  len 7: 1317/1800 = 0.732 [0.711,0.752]
  len 8: 643/1000 = 0.643 [0.613,0.672]
  len 9: 324/1004 = 0.323 [0.295,0.352]
  len 10: 50/456 = 0.110 [0.084,0.142]
  len 11: 2/99 = 0.020 [0.006,0.071]
  len 12: 0/106 = 0.000 [0.000,0.035]
  len 13: 0/16 = 0.000 [0.000,0.194]
  len 14: 0/14 = 0.000 [0.000,0.215]
  written hist {7: 1508, 8: 1127, 9: 538, 10: 120, 11: 15, 12: 7, 13: 4}
  pruned hist {5: 56, 6: 310, 7: 1425, 8: 1007, 9: 423, 10: 75, 11: 13, 12: 6, 13: 4}
  frontier written 12 pruned 12
  reasons [('lean rejected', 81715), ('lean_seq parse: env: unbound', 8737), ('lean_seq parse: env: exact goal mismatch', 6847), ('lean_seq parse: env: binder mismatch', 2063), ('lean_seq parse: env: exact not last', 1833), ('lean_seq parse: env: formula', 1727)]
[lean_gate] 73120 samples, parse-fail 16130, distinct checked 52354: lean ok 6799, lean rej 45555; lean 68.2s wall (2030.8s proc, 32 workers)
[la_frozen_S_s2 r1] transfer (this round, pass@32) SOLVED 679/2285 = 0.297 [0.279,0.316]
  len 7: 135/300 = 0.450 [0.395,0.507]
  len 8: 143/300 = 0.477 [0.421,0.533]
  len 9: 354/1010 = 0.350 [0.322,0.380]
  len 10: 43/451 = 0.095 [0.072,0.126]
  len 11: 4/99 = 0.040 [0.016,0.099]
  len 12: 0/102 = 0.000 [0.000,0.036]
  len 13: 0/13 = 0.000 [0.000,0.228]
  len 14: 0/10 = 0.000 [0.000,0.278]
  written hist {7: 149, 8: 192, 9: 499, 10: 90, 11: 11, 12: 9, 13: 1}
  pruned hist {5: 5, 6: 14, 7: 182, 8: 285, 9: 387, 10: 61, 11: 9, 12: 7, 13: 1}
  frontier written 12 pruned 12
  reasons [('lean rejected', 49139), ('lean_seq parse: env: unbound', 5428), ('lean_seq parse: env: exact goal mismatch', 3940), ('lean_seq parse: env: binder mismatch', 2045), ('lean_seq parse: env: formula', 1602), ('lean_seq parse: env: exact not last', 927)]
[lean_gate] 2285 samples, parse-fail 425, distinct checked 1860: lean ok 271, lean rej 1589; lean 3.0s wall (13.4s proc, 32 workers)
[la_frozen_S_s2 r1] transfer greedy SOLVED 271/2285 = 0.119 [0.106,0.133]
  len 7: 61/300 = 0.203 [0.162,0.252]
  len 8: 82/300 = 0.273 [0.226,0.326]
  len 9: 125/1010 = 0.124 [0.105,0.146]
  len 10: 3/451 = 0.007 [0.002,0.019]
  len 11: 0/99 = 0.000 [0.000,0.037]
  len 12: 0/102 = 0.000 [0.000,0.036]
  len 13: 0/13 = 0.000 [0.000,0.228]
  len 14: 0/10 = 0.000 [0.000,0.278]
  written hist {7: 56, 8: 80, 9: 128, 10: 7}
  pruned hist {6: 5, 7: 59, 8: 101, 9: 101, 10: 5}
  frontier written 10 pruned 10
  reasons [('lean rejected', 1589), ('lean_seq parse: env: unbound', 111), ('lean_seq parse: env: exact goal mismatch', 104), ('lean_seq parse: env: binder mismatch', 68), ('lean_seq parse: env: exact not last', 61), ('lean_seq parse: env: formula', 38)]
[lean_gate] 5000 samples, parse-fail 47, distinct checked 4953: lean ok 4802, lean rej 151; lean 4.2s wall (42.6s proc, 32 workers)
[la_frozen_S_s2 r1] heldout greedy SOLVED 4802/5000 = 0.960 [0.955,0.965]
  len 2: 999/1000 = 0.999 [0.994,1.000]
  len 3: 990/1000 = 0.990 [0.982,0.995]
  len 4: 964/1000 = 0.964 [0.951,0.974]
  len 5: 935/1000 = 0.935 [0.918,0.949]
  len 6: 914/1000 = 0.914 [0.895,0.930]
  written hist {2: 1022, 3: 986, 4: 949, 5: 963, 6: 878, 7: 3, 9: 1}
  pruned hist {2: 1022, 3: 989, 4: 950, 5: 961, 6: 876, 7: 3, 9: 1}
  frontier written 6 pruned 6
  reasons [('lean rejected', 151), ('lean_seq parse: env: exact goal mismatch', 22), ('lean_seq parse: env: unbound', 15), ('lean_seq parse: env: formula', 4), ('lean_seq parse: env: exact not last', 3), ('lean_seq parse: env: assign', 1)]
[la_frozen_S_s2 r1] targets cumulative: solved 2336/4495 L*=10 ge={7: 2336, 8: 1019, 9: 376, 10: 52, 11: 2, 12: 0}
[la_frozen_S_s2 r1] transfer cumulative: solved 679/2285 L*=10 ge={7: 679, 8: 544, 9: 401, 10: 47, 11: 4, 12: 0}
=== round 1 done in 833s; new proofs 3319; cum targets solved 2336 L*=10; transfer L*=10
[lean_gate] 143840 samples, parse-fail 24698, distinct checked 107072: lean ok 31872, lean rej 75200; lean 129.8s wall (3974.3s proc, 32 workers)
[la_frozen_S_s2 r2] targets (this round) SOLVED 2351/4495 = 0.523 [0.508,0.538]
  len 7: 1332/1800 = 0.740 [0.719,0.760]
  len 8: 640/1000 = 0.640 [0.610,0.669]
  len 9: 328/1004 = 0.327 [0.298,0.356]
  len 10: 49/456 = 0.107 [0.082,0.139]
  len 11: 2/99 = 0.020 [0.006,0.071]
  len 12: 0/106 = 0.000 [0.000,0.035]
  len 13: 0/16 = 0.000 [0.000,0.194]
  len 14: 0/14 = 0.000 [0.000,0.215]
  written hist {7: 1521, 8: 1118, 9: 545, 10: 140, 11: 24, 12: 8, 13: 1}
  pruned hist {5: 59, 6: 321, 7: 1428, 8: 1016, 9: 416, 10: 92, 11: 19, 12: 5, 13: 1}
  frontier written 12 pruned 12
  reasons [('lean rejected', 81701), ('lean_seq parse: env: unbound', 8564), ('lean_seq parse: env: exact goal mismatch', 6814), ('lean_seq parse: env: binder mismatch', 2118), ('lean_seq parse: env: formula', 1837), ('lean_seq parse: env: exact not last', 1803)]
[lean_gate] 73120 samples, parse-fail 16224, distinct checked 52199: lean ok 6746, lean rej 45453; lean 68.0s wall (2027.7s proc, 32 workers)
[la_frozen_S_s2 r2] transfer (this round, pass@32) SOLVED 668/2285 = 0.292 [0.274,0.311]
  len 7: 130/300 = 0.433 [0.378,0.490]
  len 8: 139/300 = 0.463 [0.408,0.520]
  len 9: 357/1010 = 0.353 [0.325,0.383]
  len 10: 38/451 = 0.084 [0.062,0.114]
  len 11: 4/99 = 0.040 [0.016,0.099]
  len 12: 0/102 = 0.000 [0.000,0.036]
  len 13: 0/13 = 0.000 [0.000,0.228]
  len 14: 0/10 = 0.000 [0.000,0.278]
  written hist {7: 151, 8: 193, 9: 488, 10: 75, 11: 11, 12: 6, 15: 1}
  pruned hist {5: 5, 6: 13, 7: 182, 8: 275, 9: 381, 10: 56, 11: 7, 12: 6}
  frontier written 12 pruned 12
  reasons [('lean rejected', 49133), ('lean_seq parse: env: unbound', 5460), ('lean_seq parse: env: exact goal mismatch', 4043), ('lean_seq parse: env: binder mismatch', 2049), ('lean_seq parse: env: formula', 1627), ('lean_seq parse: env: exact not last', 948)]
[lean_gate] 2285 samples, parse-fail 425, distinct checked 1860: lean ok 271, lean rej 1589; lean 3.5s wall (15.3s proc, 32 workers)
[la_frozen_S_s2 r2] transfer greedy SOLVED 271/2285 = 0.119 [0.106,0.133]
  len 7: 61/300 = 0.203 [0.162,0.252]
  len 8: 82/300 = 0.273 [0.226,0.326]
  len 9: 125/1010 = 0.124 [0.105,0.146]
  len 10: 3/451 = 0.007 [0.002,0.019]
  len 11: 0/99 = 0.000 [0.000,0.037]
  len 12: 0/102 = 0.000 [0.000,0.036]
  len 13: 0/13 = 0.000 [0.000,0.228]
  len 14: 0/10 = 0.000 [0.000,0.278]
  written hist {7: 56, 8: 80, 9: 128, 10: 7}
  pruned hist {6: 5, 7: 59, 8: 101, 9: 101, 10: 5}
  frontier written 10 pruned 10
  reasons [('lean rejected', 1589), ('lean_seq parse: env: unbound', 111), ('lean_seq parse: env: exact goal mismatch', 104), ('lean_seq parse: env: binder mismatch', 68), ('lean_seq parse: env: exact not last', 61), ('lean_seq parse: env: formula', 38)]
[lean_gate] 5000 samples, parse-fail 47, distinct checked 4953: lean ok 4802, lean rej 151; lean 4.0s wall (41.9s proc, 32 workers)
[la_frozen_S_s2 r2] heldout greedy SOLVED 4802/5000 = 0.960 [0.955,0.965]
  len 2: 999/1000 = 0.999 [0.994,1.000]
  len 3: 990/1000 = 0.990 [0.982,0.995]
  len 4: 964/1000 = 0.964 [0.951,0.974]
  len 5: 935/1000 = 0.935 [0.918,0.949]
  len 6: 914/1000 = 0.914 [0.895,0.930]
  written hist {2: 1022, 3: 986, 4: 949, 5: 963, 6: 878, 7: 3, 9: 1}
  pruned hist {2: 1022, 3: 989, 4: 950, 5: 961, 6: 876, 7: 3, 9: 1}
  frontier written 6 pruned 6
  reasons [('lean rejected', 151), ('lean_seq parse: env: exact goal mismatch', 22), ('lean_seq parse: env: unbound', 15), ('lean_seq parse: env: formula', 4), ('lean_seq parse: env: exact not last', 3), ('lean_seq parse: env: assign', 1)]
[la_frozen_S_s2 r2] targets cumulative: solved 2477/4495 L*=10 ge={7: 2477, 8: 1108, 9: 434, 10: 63, 11: 2, 12: 0}
[la_frozen_S_s2 r2] transfer cumulative: solved 740/2285 L*=10 ge={7: 740, 8: 602, 9: 455, 10: 54, 11: 4, 12: 0}
=== round 2 done in 836s; new proofs 503; cum targets solved 2477 L*=10; transfer L*=10
[lean_gate] 143840 samples, parse-fail 25063, distinct checked 106619: lean ok 31862, lean rej 74757; lean 129.1s wall (3952.7s proc, 32 workers)
[la_frozen_S_s2 r3] targets (this round) SOLVED 2353/4495 = 0.523 [0.509,0.538]
  len 7: 1334/1800 = 0.741 [0.720,0.761]
  len 8: 642/1000 = 0.642 [0.612,0.671]
  len 9: 328/1004 = 0.327 [0.298,0.356]
  len 10: 47/456 = 0.103 [0.078,0.134]
  len 11: 2/99 = 0.020 [0.006,0.071]
  len 12: 0/106 = 0.000 [0.000,0.035]
  len 13: 0/16 = 0.000 [0.000,0.194]
  len 14: 0/14 = 0.000 [0.000,0.215]
  written hist {7: 1508, 8: 1123, 9: 553, 10: 138, 11: 22, 12: 9, 13: 3}
  pruned hist {5: 55, 6: 319, 7: 1415, 8: 1027, 9: 431, 10: 84, 11: 15, 12: 7, 13: 3}
  frontier written 12 pruned 12
  reasons [('lean rejected', 81160), ('lean_seq parse: env: unbound', 8737), ('lean_seq parse: env: exact goal mismatch', 6839), ('lean_seq parse: env: binder mismatch', 2103), ('lean_seq parse: env: exact not last', 1851), ('lean_seq parse: env: formula', 1821)]
[lean_gate] 73120 samples, parse-fail 16194, distinct checked 52220: lean ok 6683, lean rej 45537; lean 68.2s wall (2043.3s proc, 32 workers)
[la_frozen_S_s2 r3] transfer (this round, pass@32) SOLVED 683/2285 = 0.299 [0.280,0.318]
  len 7: 138/300 = 0.460 [0.404,0.517]
  len 8: 141/300 = 0.470 [0.414,0.527]
  len 9: 361/1010 = 0.357 [0.328,0.387]
  len 10: 39/451 = 0.086 [0.064,0.116]
  len 11: 4/99 = 0.040 [0.016,0.099]
  len 12: 0/102 = 0.000 [0.000,0.036]
  len 13: 0/13 = 0.000 [0.000,0.228]
  len 14: 0/10 = 0.000 [0.000,0.278]
  written hist {7: 154, 8: 186, 9: 497, 10: 82, 11: 10, 12: 6, 13: 1}
  pruned hist {5: 5, 6: 15, 7: 187, 8: 274, 9: 389, 10: 52, 11: 9, 12: 4, 13: 1}
  frontier written 12 pruned 11
  reasons [('lean rejected', 49196), ('lean_seq parse: env: unbound', 5428), ('lean_seq parse: env: exact goal mismatch', 3973), ('lean_seq parse: env: binder mismatch', 2082), ('lean_seq parse: env: formula', 1608), ('lean_seq parse: env: exact not last', 936)]
[lean_gate] 2285 samples, parse-fail 425, distinct checked 1860: lean ok 271, lean rej 1589; lean 3.5s wall (15.4s proc, 32 workers)
[la_frozen_S_s2 r3] transfer greedy SOLVED 271/2285 = 0.119 [0.106,0.133]
  len 7: 61/300 = 0.203 [0.162,0.252]
  len 8: 82/300 = 0.273 [0.226,0.326]
  len 9: 125/1010 = 0.124 [0.105,0.146]
  len 10: 3/451 = 0.007 [0.002,0.019]
  len 11: 0/99 = 0.000 [0.000,0.037]
  len 12: 0/102 = 0.000 [0.000,0.036]
  len 13: 0/13 = 0.000 [0.000,0.228]
  len 14: 0/10 = 0.000 [0.000,0.278]
  written hist {7: 56, 8: 80, 9: 128, 10: 7}
  pruned hist {6: 5, 7: 59, 8: 101, 9: 101, 10: 5}
  frontier written 10 pruned 10
  reasons [('lean rejected', 1589), ('lean_seq parse: env: unbound', 111), ('lean_seq parse: env: exact goal mismatch', 104), ('lean_seq parse: env: binder mismatch', 68), ('lean_seq parse: env: exact not last', 61), ('lean_seq parse: env: formula', 38)]
[lean_gate] 5000 samples, parse-fail 47, distinct checked 4953: lean ok 4802, lean rej 151; lean 4.1s wall (43.0s proc, 32 workers)
[la_frozen_S_s2 r3] heldout greedy SOLVED 4802/5000 = 0.960 [0.955,0.965]
  len 2: 999/1000 = 0.999 [0.994,1.000]
  len 3: 990/1000 = 0.990 [0.982,0.995]
  len 4: 964/1000 = 0.964 [0.951,0.974]
  len 5: 935/1000 = 0.935 [0.918,0.949]
  len 6: 914/1000 = 0.914 [0.895,0.930]
  written hist {2: 1022, 3: 986, 4: 949, 5: 963, 6: 878, 7: 3, 9: 1}
  pruned hist {2: 1022, 3: 989, 4: 950, 5: 961, 6: 876, 7: 3, 9: 1}
  frontier written 6 pruned 6
  reasons [('lean rejected', 151), ('lean_seq parse: env: exact goal mismatch', 22), ('lean_seq parse: env: unbound', 15), ('lean_seq parse: env: formula', 4), ('lean_seq parse: env: exact not last', 3), ('lean_seq parse: env: assign', 1)]
[la_frozen_S_s2 r3] targets cumulative: solved 2543/4495 L*=10 ge={7: 2543, 8: 1148, 9: 457, 10: 65, 11: 2, 12: 0}
[la_frozen_S_s2 r3] transfer cumulative: solved 783/2285 L*=10 ge={7: 783, 8: 639, 9: 486, 10: 59, 11: 4, 12: 0}
=== round 3 done in 839s; new proofs 254; cum targets solved 2543 L*=10; transfer L*=10
[lean_gate] 143840 samples, parse-fail 24951, distinct checked 106780: lean ok 31654, lean rej 75126; lean 129.3s wall (3957.5s proc, 32 workers)
[la_frozen_S_s2 r4] targets (this round) SOLVED 2344/4495 = 0.521 [0.507,0.536]
  len 7: 1317/1800 = 0.732 [0.711,0.752]
  len 8: 645/1000 = 0.645 [0.615,0.674]
  len 9: 328/1004 = 0.327 [0.298,0.356]
  len 10: 53/456 = 0.116 [0.090,0.149]
  len 11: 1/99 = 0.010 [0.002,0.055]
  len 12: 0/106 = 0.000 [0.000,0.035]
  len 13: 0/16 = 0.000 [0.000,0.194]
  len 14: 0/14 = 0.000 [0.000,0.215]
  written hist {7: 1490, 8: 1104, 9: 544, 10: 126, 11: 21, 12: 10, 13: 2, 15: 1}
  pruned hist {5: 61, 6: 321, 7: 1383, 8: 996, 9: 428, 10: 80, 11: 17, 12: 10, 13: 2}
  frontier written 12 pruned 12
  reasons [('lean rejected', 81675), ('lean_seq parse: env: unbound', 8861), ('lean_seq parse: env: exact goal mismatch', 6695), ('lean_seq parse: env: binder mismatch', 2101), ('lean_seq parse: env: exact not last', 1865), ('lean_seq parse: env: formula', 1821)]
[lean_gate] 73120 samples, parse-fail 16297, distinct checked 52180: lean ok 6782, lean rej 45398; lean 68.0s wall (2032.9s proc, 32 workers)
[la_frozen_S_s2 r4] transfer (this round, pass@32) SOLVED 679/2285 = 0.297 [0.279,0.316]
  len 7: 131/300 = 0.437 [0.382,0.493]
  len 8: 144/300 = 0.480 [0.424,0.536]
  len 9: 359/1010 = 0.355 [0.327,0.385]
  len 10: 41/451 = 0.091 [0.068,0.121]
  len 11: 4/99 = 0.040 [0.016,0.099]
  len 12: 0/102 = 0.000 [0.000,0.036]
  len 13: 0/13 = 0.000 [0.000,0.228]
  len 14: 0/10 = 0.000 [0.000,0.278]
  written hist {7: 150, 8: 192, 9: 505, 10: 89, 11: 14, 12: 4}
  pruned hist {5: 6, 6: 14, 7: 176, 8: 292, 9: 392, 10: 61, 11: 10, 12: 3}
  frontier written 11 pruned 11
  reasons [('lean rejected', 48987), ('lean_seq parse: env: unbound', 5484), ('lean_seq parse: env: exact goal mismatch', 4051), ('lean_seq parse: env: binder mismatch', 2072), ('lean_seq parse: env: formula', 1652), ('lean_seq parse: env: exact not last', 919)]
[lean_gate] 2285 samples, parse-fail 425, distinct checked 1860: lean ok 271, lean rej 1589; lean 3.5s wall (15.6s proc, 32 workers)
[la_frozen_S_s2 r4] transfer greedy SOLVED 271/2285 = 0.119 [0.106,0.133]
  len 7: 61/300 = 0.203 [0.162,0.252]
  len 8: 82/300 = 0.273 [0.226,0.326]
  len 9: 125/1010 = 0.124 [0.105,0.146]
  len 10: 3/451 = 0.007 [0.002,0.019]
  len 11: 0/99 = 0.000 [0.000,0.037]
  len 12: 0/102 = 0.000 [0.000,0.036]
  len 13: 0/13 = 0.000 [0.000,0.228]
  len 14: 0/10 = 0.000 [0.000,0.278]
  written hist {7: 56, 8: 80, 9: 128, 10: 7}
  pruned hist {6: 5, 7: 59, 8: 101, 9: 101, 10: 5}
  frontier written 10 pruned 10
  reasons [('lean rejected', 1589), ('lean_seq parse: env: unbound', 111), ('lean_seq parse: env: exact goal mismatch', 104), ('lean_seq parse: env: binder mismatch', 68), ('lean_seq parse: env: exact not last', 61), ('lean_seq parse: env: formula', 38)]
[lean_gate] 5000 samples, parse-fail 47, distinct checked 4953: lean ok 4802, lean rej 151; lean 4.4s wall (44.9s proc, 32 workers)
[la_frozen_S_s2 r4] heldout greedy SOLVED 4802/5000 = 0.960 [0.955,0.965]
  len 2: 999/1000 = 0.999 [0.994,1.000]
  len 3: 990/1000 = 0.990 [0.982,0.995]
  len 4: 964/1000 = 0.964 [0.951,0.974]
  len 5: 935/1000 = 0.935 [0.918,0.949]
  len 6: 914/1000 = 0.914 [0.895,0.930]
  written hist {2: 1022, 3: 986, 4: 949, 5: 963, 6: 878, 7: 3, 9: 1}
  pruned hist {2: 1022, 3: 989, 4: 950, 5: 961, 6: 876, 7: 3, 9: 1}
  frontier written 6 pruned 6
  reasons [('lean rejected', 151), ('lean_seq parse: env: exact goal mismatch', 22), ('lean_seq parse: env: unbound', 15), ('lean_seq parse: env: formula', 4), ('lean_seq parse: env: exact not last', 3), ('lean_seq parse: env: assign', 1)]
[la_frozen_S_s2 r4] targets cumulative: solved 2584/4495 L*=10 ge={7: 2584, 8: 1177, 9: 473, 10: 71, 11: 2, 12: 0}
[la_frozen_S_s2 r4] transfer cumulative: solved 807/2285 L*=10 ge={7: 807, 8: 663, 9: 506, 10: 64, 11: 4, 12: 0}
=== round 4 done in 845s; new proofs 196; cum targets solved 2584 L*=10; transfer L*=10
[lean_gate] 143840 samples, parse-fail 24776, distinct checked 106989: lean ok 31935, lean rej 75054; lean 130.0s wall (3982.0s proc, 32 workers)
[la_frozen_S_s2 r5] targets (this round) SOLVED 2342/4495 = 0.521 [0.506,0.536]
  len 7: 1335/1800 = 0.742 [0.721,0.761]
  len 8: 639/1000 = 0.639 [0.609,0.668]
  len 9: 313/1004 = 0.312 [0.284,0.341]
  len 10: 53/456 = 0.116 [0.090,0.149]
  len 11: 2/99 = 0.020 [0.006,0.071]
  len 12: 0/106 = 0.000 [0.000,0.035]
  len 13: 0/16 = 0.000 [0.000,0.194]
  len 14: 0/14 = 0.000 [0.000,0.215]
  written hist {7: 1527, 8: 1114, 9: 546, 10: 126, 11: 20, 12: 7, 13: 2, 14: 1, 15: 1}
  pruned hist {5: 59, 6: 327, 7: 1424, 8: 1001, 9: 427, 10: 79, 11: 18, 12: 6, 13: 2, 14: 1}
  frontier written 12 pruned 12
  reasons [('lean rejected', 81575), ('lean_seq parse: env: unbound', 8638), ('lean_seq parse: env: exact goal mismatch', 6852), ('lean_seq parse: env: binder mismatch', 2120), ('lean_seq parse: env: exact not last', 1796), ('lean_seq parse: env: formula', 1702)]
[lean_gate] 73120 samples, parse-fail 16207, distinct checked 52323: lean ok 6781, lean rej 45542; lean 69.4s wall (2086.3s proc, 32 workers)
[la_frozen_S_s2 r5] transfer (this round, pass@32) SOLVED 676/2285 = 0.296 [0.277,0.315]
  len 7: 131/300 = 0.437 [0.382,0.493]
  len 8: 141/300 = 0.470 [0.414,0.527]
  len 9: 354/1010 = 0.350 [0.322,0.380]
  len 10: 46/451 = 0.102 [0.077,0.133]
  len 11: 4/99 = 0.040 [0.016,0.099]
  len 12: 0/102 = 0.000 [0.000,0.036]
  len 13: 0/13 = 0.000 [0.000,0.228]
  len 14: 0/10 = 0.000 [0.000,0.278]
  written hist {7: 152, 8: 190, 9: 482, 10: 90, 11: 9, 12: 5}
  pruned hist {5: 6, 6: 17, 7: 178, 8: 274, 9: 381, 10: 62, 11: 7, 12: 3}
  frontier written 12 pruned 11
  reasons [('lean rejected', 49138), ('lean_seq parse: env: unbound', 5488), ('lean_seq parse: env: exact goal mismatch', 3946), ('lean_seq parse: env: binder mismatch', 2037), ('lean_seq parse: env: formula', 1617), ('lean_seq parse: env: exact not last', 929)]
[lean_gate] 2285 samples, parse-fail 425, distinct checked 1860: lean ok 271, lean rej 1589; lean 3.7s wall (16.1s proc, 32 workers)
[la_frozen_S_s2 r5] transfer greedy SOLVED 271/2285 = 0.119 [0.106,0.133]
  len 7: 61/300 = 0.203 [0.162,0.252]
  len 8: 82/300 = 0.273 [0.226,0.326]
  len 9: 125/1010 = 0.124 [0.105,0.146]
  len 10: 3/451 = 0.007 [0.002,0.019]
  len 11: 0/99 = 0.000 [0.000,0.037]
  len 12: 0/102 = 0.000 [0.000,0.036]
  len 13: 0/13 = 0.000 [0.000,0.228]
  len 14: 0/10 = 0.000 [0.000,0.278]
  written hist {7: 56, 8: 80, 9: 128, 10: 7}
  pruned hist {6: 5, 7: 59, 8: 101, 9: 101, 10: 5}
  frontier written 10 pruned 10
  reasons [('lean rejected', 1589), ('lean_seq parse: env: unbound', 111), ('lean_seq parse: env: exact goal mismatch', 104), ('lean_seq parse: env: binder mismatch', 68), ('lean_seq parse: env: exact not last', 61), ('lean_seq parse: env: formula', 38)]
[lean_gate] 5000 samples, parse-fail 47, distinct checked 4953: lean ok 4802, lean rej 151; lean 4.4s wall (46.0s proc, 32 workers)
[la_frozen_S_s2 r5] heldout greedy SOLVED 4802/5000 = 0.960 [0.955,0.965]
  len 2: 999/1000 = 0.999 [0.994,1.000]
  len 3: 990/1000 = 0.990 [0.982,0.995]
  len 4: 964/1000 = 0.964 [0.951,0.974]
  len 5: 935/1000 = 0.935 [0.918,0.949]
  len 6: 914/1000 = 0.914 [0.895,0.930]
  written hist {2: 1022, 3: 986, 4: 949, 5: 963, 6: 878, 7: 3, 9: 1}
  pruned hist {2: 1022, 3: 989, 4: 950, 5: 961, 6: 876, 7: 3, 9: 1}
  frontier written 6 pruned 6
  reasons [('lean rejected', 151), ('lean_seq parse: env: exact goal mismatch', 22), ('lean_seq parse: env: unbound', 15), ('lean_seq parse: env: formula', 4), ('lean_seq parse: env: exact not last', 3), ('lean_seq parse: env: assign', 1)]
[la_frozen_S_s2 r5] targets cumulative: solved 2632/4495 L*=10 ge={7: 2632, 8: 1205, 9: 491, 10: 75, 11: 2, 12: 0}
[la_frozen_S_s2 r5] transfer cumulative: solved 822/2285 L*=10 ge={7: 822, 8: 678, 9: 519, 10: 70, 11: 4, 12: 0}
=== round 5 done in 839s; new proofs 185; cum targets solved 2632 L*=10; transfer L*=10
[lean_gate] 143840 samples, parse-fail 25000, distinct checked 106775: lean ok 31881, lean rej 74894; lean 131.4s wall (4010.9s proc, 32 workers)
[la_frozen_S_s2 r6] targets (this round) SOLVED 2333/4495 = 0.519 [0.504,0.534]
  len 7: 1321/1800 = 0.734 [0.713,0.754]
  len 8: 644/1000 = 0.644 [0.614,0.673]
  len 9: 321/1004 = 0.320 [0.292,0.349]
  len 10: 44/456 = 0.096 [0.073,0.127]
  len 11: 3/99 = 0.030 [0.010,0.085]
  len 12: 0/106 = 0.000 [0.000,0.035]
  len 13: 0/16 = 0.000 [0.000,0.194]
  len 14: 0/14 = 0.000 [0.000,0.215]
  written hist {7: 1510, 8: 1121, 9: 553, 10: 115, 11: 22, 12: 8, 13: 1}
  pruned hist {5: 54, 6: 319, 7: 1432, 8: 1004, 9: 415, 10: 81, 11: 18, 12: 6, 13: 1}
  frontier written 12 pruned 12
  reasons [('lean rejected', 81322), ('lean_seq parse: env: unbound', 8811), ('lean_seq parse: env: exact goal mismatch', 6831), ('lean_seq parse: env: binder mismatch', 2080), ('lean_seq parse: env: exact not last', 1895), ('lean_seq parse: env: formula', 1773)]
[lean_gate] 73120 samples, parse-fail 16160, distinct checked 52258: lean ok 6710, lean rej 45548; lean 68.6s wall (2067.2s proc, 32 workers)
[la_frozen_S_s2 r6] transfer (this round, pass@32) SOLVED 666/2285 = 0.291 [0.273,0.310]
  len 7: 130/300 = 0.433 [0.378,0.490]
  len 8: 138/300 = 0.460 [0.404,0.517]
  len 9: 357/1010 = 0.353 [0.325,0.383]
  len 10: 36/451 = 0.080 [0.058,0.109]
  len 11: 5/99 = 0.051 [0.022,0.113]
  len 12: 0/102 = 0.000 [0.000,0.036]
  len 13: 0/13 = 0.000 [0.000,0.228]
  len 14: 0/10 = 0.000 [0.000,0.278]
  written hist {7: 156, 8: 188, 9: 485, 10: 83, 11: 12, 12: 3, 14: 1}
  pruned hist {5: 5, 6: 15, 7: 183, 8: 272, 9: 384, 10: 57, 11: 9, 12: 2, 14: 1}
  frontier written 11 pruned 11
  reasons [('lean rejected', 49267), ('lean_seq parse: env: unbound', 5441), ('lean_seq parse: env: exact goal mismatch', 3988), ('lean_seq parse: env: binder mismatch', 2092), ('lean_seq parse: env: formula', 1626), ('lean_seq parse: env: exact not last', 879)]
[lean_gate] 2285 samples, parse-fail 425, distinct checked 1860: lean ok 271, lean rej 1589; lean 3.5s wall (15.5s proc, 32 workers)
[la_frozen_S_s2 r6] transfer greedy SOLVED 271/2285 = 0.119 [0.106,0.133]
  len 7: 61/300 = 0.203 [0.162,0.252]
  len 8: 82/300 = 0.273 [0.226,0.326]
  len 9: 125/1010 = 0.124 [0.105,0.146]
  len 10: 3/451 = 0.007 [0.002,0.019]
  len 11: 0/99 = 0.000 [0.000,0.037]
  len 12: 0/102 = 0.000 [0.000,0.036]
  len 13: 0/13 = 0.000 [0.000,0.228]
  len 14: 0/10 = 0.000 [0.000,0.278]
  written hist {7: 56, 8: 80, 9: 128, 10: 7}
  pruned hist {6: 5, 7: 59, 8: 101, 9: 101, 10: 5}
  frontier written 10 pruned 10
  reasons [('lean rejected', 1589), ('lean_seq parse: env: unbound', 111), ('lean_seq parse: env: exact goal mismatch', 104), ('lean_seq parse: env: binder mismatch', 68), ('lean_seq parse: env: exact not last', 61), ('lean_seq parse: env: formula', 38)]
[lean_gate] 5000 samples, parse-fail 47, distinct checked 4953: lean ok 4802, lean rej 151; lean 4.4s wall (44.9s proc, 32 workers)
[la_frozen_S_s2 r6] heldout greedy SOLVED 4802/5000 = 0.960 [0.955,0.965]
  len 2: 999/1000 = 0.999 [0.994,1.000]
  len 3: 990/1000 = 0.990 [0.982,0.995]
  len 4: 964/1000 = 0.964 [0.951,0.974]
  len 5: 935/1000 = 0.935 [0.918,0.949]
  len 6: 914/1000 = 0.914 [0.895,0.930]
  written hist {2: 1022, 3: 986, 4: 949, 5: 963, 6: 878, 7: 3, 9: 1}
  pruned hist {2: 1022, 3: 989, 4: 950, 5: 961, 6: 876, 7: 3, 9: 1}
  frontier written 6 pruned 6
  reasons [('lean rejected', 151), ('lean_seq parse: env: exact goal mismatch', 22), ('lean_seq parse: env: unbound', 15), ('lean_seq parse: env: formula', 4), ('lean_seq parse: env: exact not last', 3), ('lean_seq parse: env: assign', 1)]
[la_frozen_S_s2 r6] targets cumulative: solved 2658/4495 L*=10 ge={7: 2658, 8: 1223, 9: 501, 10: 78, 11: 3, 12: 0}
[la_frozen_S_s2 r6] transfer cumulative: solved 838/2285 L*=11 ge={7: 838, 8: 693, 9: 532, 10: 72, 11: 5, 12: 0}
=== round 6 done in 840s; new proofs 129; cum targets solved 2658 L*=10; transfer L*=11
[lean_gate] 143840 samples, parse-fail 25022, distinct checked 106807: lean ok 31844, lean rej 74963; lean 130.4s wall (3994.2s proc, 32 workers)
[la_frozen_S_s2 r7] targets (this round) SOLVED 2350/4495 = 0.523 [0.508,0.537]
  len 7: 1323/1800 = 0.735 [0.714,0.755]
  len 8: 643/1000 = 0.643 [0.613,0.672]
  len 9: 331/1004 = 0.330 [0.301,0.359]
  len 10: 50/456 = 0.110 [0.084,0.142]
  len 11: 3/99 = 0.030 [0.010,0.085]
  len 12: 0/106 = 0.000 [0.000,0.035]
  len 13: 0/16 = 0.000 [0.000,0.194]
  len 14: 0/14 = 0.000 [0.000,0.215]
  written hist {7: 1498, 8: 1132, 9: 544, 10: 130, 11: 20, 12: 7, 13: 2, 15: 1}
  pruned hist {5: 57, 6: 321, 7: 1409, 8: 1020, 9: 426, 10: 80, 11: 13, 12: 6, 13: 2}
  frontier written 12 pruned 12
  reasons [('lean rejected', 81430), ('lean_seq parse: env: unbound', 8830), ('lean_seq parse: env: exact goal mismatch', 6799), ('lean_seq parse: env: binder mismatch', 2071), ('lean_seq parse: env: exact not last', 1897), ('lean_seq parse: env: formula', 1806)]
[lean_gate] 73120 samples, parse-fail 16100, distinct checked 52376: lean ok 6799, lean rej 45577; lean 68.8s wall (2047.9s proc, 32 workers)
[la_frozen_S_s2 r7] transfer (this round, pass@32) SOLVED 659/2285 = 0.288 [0.270,0.307]
  len 7: 130/300 = 0.433 [0.378,0.490]
  len 8: 142/300 = 0.473 [0.418,0.530]
  len 9: 343/1010 = 0.340 [0.311,0.369]
  len 10: 40/451 = 0.089 [0.066,0.119]
  len 11: 4/99 = 0.040 [0.016,0.099]
  len 12: 0/102 = 0.000 [0.000,0.036]
  len 13: 0/13 = 0.000 [0.000,0.228]
  len 14: 0/10 = 0.000 [0.000,0.278]
  written hist {7: 149, 8: 189, 9: 477, 10: 76, 11: 12, 12: 6}
  pruned hist {5: 7, 6: 15, 7: 166, 8: 273, 9: 379, 10: 56, 11: 9, 12: 4}
  frontier written 12 pruned 11
  reasons [('lean rejected', 49167), ('lean_seq parse: env: unbound', 5397), ('lean_seq parse: env: exact goal mismatch', 3925), ('lean_seq parse: env: binder mismatch', 2046), ('lean_seq parse: env: formula', 1685), ('lean_seq parse: env: exact not last', 924)]
[lean_gate] 2285 samples, parse-fail 425, distinct checked 1860: lean ok 271, lean rej 1589; lean 3.6s wall (15.8s proc, 32 workers)
[la_frozen_S_s2 r7] transfer greedy SOLVED 271/2285 = 0.119 [0.106,0.133]
  len 7: 61/300 = 0.203 [0.162,0.252]
  len 8: 82/300 = 0.273 [0.226,0.326]
  len 9: 125/1010 = 0.124 [0.105,0.146]
  len 10: 3/451 = 0.007 [0.002,0.019]
  len 11: 0/99 = 0.000 [0.000,0.037]
  len 12: 0/102 = 0.000 [0.000,0.036]
  len 13: 0/13 = 0.000 [0.000,0.228]
  len 14: 0/10 = 0.000 [0.000,0.278]
  written hist {7: 56, 8: 80, 9: 128, 10: 7}
  pruned hist {6: 5, 7: 59, 8: 101, 9: 101, 10: 5}
  frontier written 10 pruned 10
  reasons [('lean rejected', 1589), ('lean_seq parse: env: unbound', 111), ('lean_seq parse: env: exact goal mismatch', 104), ('lean_seq parse: env: binder mismatch', 68), ('lean_seq parse: env: exact not last', 61), ('lean_seq parse: env: formula', 38)]
[lean_gate] 5000 samples, parse-fail 47, distinct checked 4953: lean ok 4802, lean rej 151; lean 4.5s wall (45.9s proc, 32 workers)
[la_frozen_S_s2 r7] heldout greedy SOLVED 4802/5000 = 0.960 [0.955,0.965]
  len 2: 999/1000 = 0.999 [0.994,1.000]
  len 3: 990/1000 = 0.990 [0.982,0.995]
  len 4: 964/1000 = 0.964 [0.951,0.974]
  len 5: 935/1000 = 0.935 [0.918,0.949]
  len 6: 914/1000 = 0.914 [0.895,0.930]
  written hist {2: 1022, 3: 986, 4: 949, 5: 963, 6: 878, 7: 3, 9: 1}
  pruned hist {2: 1022, 3: 989, 4: 950, 5: 961, 6: 876, 7: 3, 9: 1}
  frontier written 6 pruned 6
  reasons [('lean rejected', 151), ('lean_seq parse: env: exact goal mismatch', 22), ('lean_seq parse: env: unbound', 15), ('lean_seq parse: env: formula', 4), ('lean_seq parse: env: exact not last', 3), ('lean_seq parse: env: assign', 1)]
[la_frozen_S_s2 r7] targets cumulative: solved 2687/4495 L*=10 ge={7: 2687, 8: 1242, 9: 515, 10: 84, 11: 4, 12: 0}
[la_frozen_S_s2 r7] transfer cumulative: solved 850/2285 L*=11 ge={7: 850, 8: 703, 9: 541, 10: 75, 11: 5, 12: 0}
=== round 7 done in 842s; new proofs 107; cum targets solved 2687 L*=10; transfer L*=11
[lean_gate] 143840 samples, parse-fail 25018, distinct checked 106754: lean ok 31779, lean rej 74975; lean 130.3s wall (3995.5s proc, 32 workers)
[la_frozen_S_s2 r8] targets (this round) SOLVED 2347/4495 = 0.522 [0.508,0.537]
  len 7: 1326/1800 = 0.737 [0.716,0.756]
  len 8: 650/1000 = 0.650 [0.620,0.679]
  len 9: 316/1004 = 0.315 [0.287,0.344]
  len 10: 54/456 = 0.118 [0.092,0.151]
  len 11: 1/99 = 0.010 [0.002,0.055]
  len 12: 0/106 = 0.000 [0.000,0.035]
  len 13: 0/16 = 0.000 [0.000,0.194]
  len 14: 0/14 = 0.000 [0.000,0.215]
  written hist {7: 1511, 8: 1121, 9: 523, 10: 130, 11: 25, 12: 13, 13: 3}
  pruned hist {5: 53, 6: 311, 7: 1424, 8: 1013, 9: 412, 10: 84, 11: 16, 12: 10, 13: 3}
  frontier written 12 pruned 12
  reasons [('lean rejected', 81437), ('lean_seq parse: env: unbound', 8743), ('lean_seq parse: env: exact goal mismatch', 6840), ('lean_seq parse: env: binder mismatch', 2074), ('lean_seq parse: env: exact not last', 1885), ('lean_seq parse: env: formula', 1815)]
[lean_gate] 73120 samples, parse-fail 16072, distinct checked 52416: lean ok 6689, lean rej 45727; lean 68.8s wall (2044.6s proc, 32 workers)
[la_frozen_S_s2 r8] transfer (this round, pass@32) SOLVED 660/2285 = 0.289 [0.271,0.308]
  len 7: 133/300 = 0.443 [0.388,0.500]
  len 8: 142/300 = 0.473 [0.418,0.530]
  len 9: 343/1010 = 0.340 [0.311,0.369]
  len 10: 38/451 = 0.084 [0.062,0.114]
  len 11: 4/99 = 0.040 [0.016,0.099]
  len 12: 0/102 = 0.000 [0.000,0.036]
  len 13: 0/13 = 0.000 [0.000,0.228]
  len 14: 0/10 = 0.000 [0.000,0.278]
  written hist {7: 149, 8: 197, 9: 484, 10: 86, 11: 11, 12: 5, 13: 1}
  pruned hist {5: 5, 6: 16, 7: 174, 8: 288, 9: 377, 10: 60, 11: 8, 12: 5}
  frontier written 12 pruned 12
  reasons [('lean rejected', 49360), ('lean_seq parse: env: unbound', 5401), ('lean_seq parse: env: exact goal mismatch', 3955), ('lean_seq parse: env: binder mismatch', 2074), ('lean_seq parse: env: formula', 1608), ('lean_seq parse: env: exact not last', 902)]
[lean_gate] 2285 samples, parse-fail 425, distinct checked 1860: lean ok 271, lean rej 1589; lean 3.6s wall (16.1s proc, 32 workers)
[la_frozen_S_s2 r8] transfer greedy SOLVED 271/2285 = 0.119 [0.106,0.133]
  len 7: 61/300 = 0.203 [0.162,0.252]
  len 8: 82/300 = 0.273 [0.226,0.326]
  len 9: 125/1010 = 0.124 [0.105,0.146]
  len 10: 3/451 = 0.007 [0.002,0.019]
  len 11: 0/99 = 0.000 [0.000,0.037]
  len 12: 0/102 = 0.000 [0.000,0.036]
  len 13: 0/13 = 0.000 [0.000,0.228]
  len 14: 0/10 = 0.000 [0.000,0.278]
  written hist {7: 56, 8: 80, 9: 128, 10: 7}
  pruned hist {6: 5, 7: 59, 8: 101, 9: 101, 10: 5}
  frontier written 10 pruned 10
  reasons [('lean rejected', 1589), ('lean_seq parse: env: unbound', 111), ('lean_seq parse: env: exact goal mismatch', 104), ('lean_seq parse: env: binder mismatch', 68), ('lean_seq parse: env: exact not last', 61), ('lean_seq parse: env: formula', 38)]
[lean_gate] 5000 samples, parse-fail 47, distinct checked 4953: lean ok 4802, lean rej 151; lean 4.4s wall (46.2s proc, 32 workers)
[la_frozen_S_s2 r8] heldout greedy SOLVED 4802/5000 = 0.960 [0.955,0.965]
  len 2: 999/1000 = 0.999 [0.994,1.000]
  len 3: 990/1000 = 0.990 [0.982,0.995]
  len 4: 964/1000 = 0.964 [0.951,0.974]
  len 5: 935/1000 = 0.935 [0.918,0.949]
  len 6: 914/1000 = 0.914 [0.895,0.930]
  written hist {2: 1022, 3: 986, 4: 949, 5: 963, 6: 878, 7: 3, 9: 1}
  pruned hist {2: 1022, 3: 989, 4: 950, 5: 961, 6: 876, 7: 3, 9: 1}
  frontier written 6 pruned 6
  reasons [('lean rejected', 151), ('lean_seq parse: env: exact goal mismatch', 22), ('lean_seq parse: env: unbound', 15), ('lean_seq parse: env: formula', 4), ('lean_seq parse: env: exact not last', 3), ('lean_seq parse: env: assign', 1)]
[la_frozen_S_s2 r8] targets cumulative: solved 2702/4495 L*=10 ge={7: 2702, 8: 1255, 9: 523, 10: 85, 11: 4, 12: 0}
[la_frozen_S_s2 r8] transfer cumulative: solved 858/2285 L*=11 ge={7: 858, 8: 711, 9: 549, 10: 76, 11: 5, 12: 0}
=== round 8 done in 839s; new proofs 114; cum targets solved 2702 L*=10; transfer L*=11
=== done 2026-09-28T22:52:04Z
