targets 1664: replay ok 1664, failed 0; 335346 distinct (state, action) sequences; 25s
lean: 1664/1664 accepted
  sanity ev6s0:la_transfer_1005: batched -1304.1625 direct -1304.1624 |diff| 0.0000
  sanity ev6s0:la_transfer_1006: batched -1178.6636 direct -1178.6636 |diff| 0.0000
  sanity ev6s0:la_transfer_1009: batched -850.2044 direct -850.2044 |diff| 0.0000
s1_p0: 1664 targets, 82.1s
  sanity ev6s0:la_transfer_1005: batched -490.4542 direct -490.4541 |diff| 0.0000
  sanity ev6s0:la_transfer_1006: batched -391.6154 direct -391.6154 |diff| 0.0000
  sanity ev6s0:la_transfer_1009: batched -354.4296 direct -354.4297 |diff| 0.0000
s1_p50: 1664 targets, 81.5s
  sanity ev6s0:la_transfer_1005: batched -285.9648 direct -285.9648 |diff| 0.0000
  sanity ev6s0:la_transfer_1006: batched -222.9786 direct -222.9786 |diff| 0.0000
  sanity ev6s0:la_transfer_1009: batched -192.7872 direct -192.7872 |diff| 0.0000
s1_p100: 1664 targets, 81.7s
  sanity ev6s0:la_transfer_1005: batched -78.6366 direct -78.6366 |diff| 0.0000
  sanity ev6s0:la_transfer_1006: batched -68.7193 direct -68.7193 |diff| 0.0000
  sanity ev6s0:la_transfer_1009: batched -108.0623 direct -108.0623 |diff| 0.0000
s1_p200: 1664 targets, 82.9s
  sanity ev6s0:la_transfer_1005: batched -24.2210 direct -24.2210 |diff| 0.0000
  sanity ev6s0:la_transfer_1006: batched -51.8614 direct -51.8614 |diff| 0.0000
  sanity ev6s0:la_transfer_1009: batched -71.7707 direct -71.7707 |diff| 0.0000
s1_p400: 1664 targets, 82.0s
  sanity ev6s0:la_transfer_1005: batched -19.0161 direct -19.0161 |diff| 0.0000
  sanity ev6s0:la_transfer_1006: batched -30.7293 direct -30.7293 |diff| 0.0000
  sanity ev6s0:la_transfer_1009: batched -76.6500 direct -76.6500 |diff| 0.0000
s1_p800: 1664 targets, 81.6s
  sanity ev6s0:la_transfer_1005: batched -18.3155 direct -18.3155 |diff| 0.0000
  sanity ev6s0:la_transfer_1006: batched -27.4616 direct -27.4616 |diff| 0.0000
  sanity ev6s0:la_transfer_1009: batched -54.4123 direct -54.4123 |diff| 0.0000
s1_p1600: 1664 targets, 81.9s
  sanity ev6s0:la_transfer_1005: batched -13.9326 direct -13.9326 |diff| 0.0000
  sanity ev6s0:la_transfer_1006: batched -22.0481 direct -22.0482 |diff| 0.0000
  sanity ev6s0:la_transfer_1009: batched -58.4387 direct -58.4387 |diff| 0.0000
s1_p3000: 1664 targets, 81.8s
  sanity ev6s0:la_transfer_1005: batched -8.5198 direct -8.5198 |diff| 0.0000
  sanity ev6s0:la_transfer_1006: batched -22.2575 direct -22.2576 |diff| 0.0000
  sanity ev6s0:la_transfer_1009: batched -38.4267 direct -38.4267 |diff| 0.0000
s1_p5000: 1664 targets, 82.0s
  sanity ev6s0:la_transfer_1005: batched -12.4264 direct -12.4264 |diff| 0.0000
  sanity ev6s0:la_transfer_1006: batched -22.9027 direct -22.9027 |diff| 0.0000
  sanity ev6s0:la_transfer_1009: batched -61.6805 direct -61.6805 |diff| 0.0000
s1_p8000: 1664 targets, 82.2s
  sanity ev6s0:la_transfer_1005: batched -12.3265 direct -12.3265 |diff| 0.0000
  sanity ev6s0:la_transfer_1006: batched -19.8734 direct -19.8734 |diff| 0.0000
  sanity ev6s0:la_transfer_1009: batched -40.0883 direct -40.0883 |diff| 0.0000
s1_p12000: 1664 targets, 82.7s
  sanity ev6s0:la_transfer_1005: batched -9.4493 direct -9.4493 |diff| 0.0000
  sanity ev6s0:la_transfer_1006: batched -20.0196 direct -20.0196 |diff| 0.0000
  sanity ev6s0:la_transfer_1009: batched -26.8795 direct -26.8795 |diff| 0.0000
s1_p16000: 1664 targets, 81.9s
  sanity ev6s0:la_transfer_1005: batched -24.1517 direct -24.1517 |diff| 0.0000
  sanity ev6s0:la_transfer_1006: batched -23.0151 direct -23.0151 |diff| 0.0000
  sanity ev6s0:la_transfer_1009: batched -62.7526 direct -62.7526 |diff| 0.0000
s1_p20000: 1664 targets, 82.4s
  sanity ev6s0:la_transfer_1005: batched -12.6035 direct -12.6035 |diff| 0.0000
  sanity ev6s0:la_transfer_1006: batched -19.9284 direct -19.9284 |diff| 0.0000
  sanity ev6s0:la_transfer_1009: batched -34.5065 direct -34.5066 |diff| 0.0000
s1_pend: 1664 targets, 81.8s
  sanity ev6s0:la_transfer_1005: batched -5.0182 direct -5.0182 |diff| 0.0000
  sanity ev6s0:la_transfer_1006: batched -21.4401 direct -21.4401 |diff| 0.0000
  sanity ev6s0:la_transfer_1009: batched -23.7576 direct -23.7576 |diff| 0.0000
s1_r1: 1664 targets, 82.1s
  sanity ev6s0:la_transfer_1005: batched -4.5893 direct -4.5893 |diff| 0.0000
  sanity ev6s0:la_transfer_1006: batched -18.8855 direct -18.8855 |diff| 0.0000
  sanity ev6s0:la_transfer_1009: batched -26.2670 direct -26.2670 |diff| 0.0000
s1_r2: 1664 targets, 82.3s
  sanity ev6s0:la_transfer_1005: batched -4.2959 direct -4.2959 |diff| 0.0000
  sanity ev6s0:la_transfer_1006: batched -18.3261 direct -18.3261 |diff| 0.0000
  sanity ev6s0:la_transfer_1009: batched -12.2316 direct -12.2316 |diff| 0.0000
s1_r3: 1664 targets, 82.0s
  sanity ev6s0:la_transfer_1005: batched -4.5291 direct -4.5291 |diff| 0.0000
  sanity ev6s0:la_transfer_1006: batched -18.6827 direct -18.6827 |diff| 0.0000
  sanity ev6s0:la_transfer_1009: batched -11.4057 direct -11.4057 |diff| 0.0000
s1_r4: 1664 targets, 82.9s
  sanity ev6s0:la_transfer_1005: batched -4.9640 direct -4.9640 |diff| 0.0000
  sanity ev6s0:la_transfer_1006: batched -19.0550 direct -19.0550 |diff| 0.0000
  sanity ev6s0:la_transfer_1009: batched -11.7557 direct -11.7557 |diff| 0.0000
s1_r5: 1664 targets, 84.0s
  sanity ev6s0:la_transfer_1005: batched -4.9145 direct -4.9145 |diff| 0.0000
  sanity ev6s0:la_transfer_1006: batched -17.2095 direct -17.2095 |diff| 0.0000
  sanity ev6s0:la_transfer_1009: batched -10.8478 direct -10.8478 |diff| 0.0000
s1_r6: 1664 targets, 81.9s
  sanity ev6s0:la_transfer_1005: batched -4.9828 direct -4.9828 |diff| 0.0000
  sanity ev6s0:la_transfer_1006: batched -18.9565 direct -18.9564 |diff| 0.0000
  sanity ev6s0:la_transfer_1009: batched -8.8824 direct -8.8824 |diff| 0.0000
s1_r7: 1664 targets, 82.1s
  sanity ev6s0:la_transfer_1005: batched -5.7125 direct -5.7125 |diff| 0.0000
  sanity ev6s0:la_transfer_1006: batched -15.6393 direct -15.6393 |diff| 0.0000
  sanity ev6s0:la_transfer_1009: batched -8.0065 direct -8.0065 |diff| 0.0000
s1_r8: 1664 targets, 81.6s
=== score_cross 1 done 2026-10-02T02:19:15Z
