=== s0_p0 tb72 x0 2026-10-01T19:43:34Z
=== done s0_p0 tb72 x0 2026-10-01T19:43:59Z "solved": 0
=== s0_p0 h250 x0 2026-10-01T19:43:59Z
=== done s0_p0 h250 x0 2026-10-01T19:45:17Z "solved": 0
=== s2_p0 tb72 x0 2026-10-01T19:45:24Z
=== done s2_p0 tb72 x0 2026-10-01T19:45:51Z "solved": 0
=== s2_p0 h250 x0 2026-10-01T19:45:51Z
=== done s2_p0 h250 x0 2026-10-01T19:47:16Z "solved": 0
=== s1_p50 tb72 x0 2026-10-01T19:47:23Z
=== done s1_p50 tb72 x0 2026-10-01T19:47:37Z "solved": 0
=== s1_p50 h250 x0 2026-10-01T19:47:37Z
=== done s1_p50 h250 x0 2026-10-01T19:48:06Z "solved": 0
=== s0_p100 tb72 x0 2026-10-01T19:48:13Z
=== done s0_p100 tb72 x0 2026-10-01T19:48:29Z "solved": 0
=== s0_p100 h250 x0 2026-10-01T19:48:29Z
=== done s0_p100 h250 x0 2026-10-01T19:49:07Z "solved": 0
=== s2_p100 tb72 x0 2026-10-01T19:49:13Z
=== done s2_p100 tb72 x0 2026-10-01T19:49:28Z "solved": 0
=== s2_p100 h250 x0 2026-10-01T19:49:28Z
=== done s2_p100 h250 x0 2026-10-01T19:49:59Z "solved": 0
=== s1_p200 tb72 x0 2026-10-01T19:50:07Z
=== done s1_p200 tb72 x0 2026-10-01T19:50:52Z "solved": 1
=== s1_p200 h250 x0 2026-10-01T19:50:52Z
=== done s1_p200 h250 x0 2026-10-01T19:53:20Z "solved": 0
=== s0_p400 tb72 x0 2026-10-01T19:53:27Z
=== done s0_p400 tb72 x0 2026-10-01T19:54:08Z "solved": 7
=== s0_p400 h250 x0 2026-10-01T19:54:08Z
=== done s0_p400 h250 x0 2026-10-01T19:56:56Z "solved": 0
=== s2_p400 tb72 x0 2026-10-01T19:57:03Z
=== done s2_p400 tb72 x0 2026-10-01T19:58:01Z "solved": 6
=== s2_p400 h250 x0 2026-10-01T19:58:01Z
=== done s2_p400 h250 x0 2026-10-01T20:02:21Z "solved": 5
=== s1_p800 tb72 x0 2026-10-01T20:02:30Z
=== done s1_p800 tb72 x0 2026-10-01T20:03:32Z "solved": 7
=== s1_p800 h250 x0 2026-10-01T20:03:32Z
=== done s1_p800 h250 x0 2026-10-01T20:07:56Z "solved": 17
=== s0_p1600 tb72 x0 2026-10-01T20:08:03Z
=== done s0_p1600 tb72 x0 2026-10-01T20:08:55Z "solved": 7
=== s0_p1600 h250 x0 2026-10-01T20:08:55Z
=== done s0_p1600 h250 x0 2026-10-01T20:13:50Z "solved": 22
=== s2_p1600 tb72 x0 2026-10-01T20:13:57Z
=== done s2_p1600 tb72 x0 2026-10-01T20:14:54Z "solved": 7
=== s2_p1600 h250 x0 2026-10-01T20:14:54Z
=== done s2_p1600 h250 x0 2026-10-01T20:19:53Z "solved": 34
=== s1_p3000 tb72 x0 2026-10-01T20:20:00Z
=== done s1_p3000 tb72 x0 2026-10-01T20:20:39Z "solved": 9
=== s1_p3000 h250 x0 2026-10-01T20:20:39Z
=== done s1_p3000 h250 x0 2026-10-01T20:25:17Z "solved": 56
=== s0_p5000 tb72 x0 2026-10-01T20:25:24Z
=== done s0_p5000 tb72 x0 2026-10-01T20:26:03Z "solved": 8
=== s0_p5000 h250 x0 2026-10-01T20:26:03Z
=== done s0_p5000 h250 x0 2026-10-01T20:29:13Z "solved": 74
=== s2_p5000 tb72 x0 2026-10-01T20:29:20Z
=== done s2_p5000 tb72 x0 2026-10-01T20:30:30Z "solved": 15
=== s2_p5000 h250 x0 2026-10-01T20:30:30Z
=== done s2_p5000 h250 x0 2026-10-01T20:36:37Z "solved": 58
=== s1_p8000 tb72 x0 2026-10-01T20:36:44Z
=== done s1_p8000 tb72 x0 2026-10-01T20:37:34Z "solved": 13
=== s1_p8000 h250 x0 2026-10-01T20:37:34Z
=== done s1_p8000 h250 x0 2026-10-01T20:41:11Z "solved": 60
=== s0_p12000 tb72 x0 2026-10-01T20:41:19Z
=== done s0_p12000 tb72 x0 2026-10-01T20:42:05Z "solved": 9
=== s0_p12000 h250 x0 2026-10-01T20:42:05Z
=== done s0_p12000 h250 x0 2026-10-01T20:49:24Z "solved": 113
=== s2_p12000 tb72 x0 2026-10-01T20:49:32Z
=== done s2_p12000 tb72 x0 2026-10-01T20:51:53Z "solved": 17
=== s2_p12000 h250 x0 2026-10-01T20:51:53Z
=== done s2_p12000 h250 x0 2026-10-01T20:57:38Z "solved": 103
=== s1_p16000 tb72 x0 2026-10-01T20:57:42Z
=== done s1_p16000 tb72 x0 2026-10-01T20:59:05Z "solved": 17
=== s1_p16000 h250 x0 2026-10-01T20:59:05Z
=== done s1_p16000 h250 x0 2026-10-01T21:03:52Z "solved": 119
=== s0_p20000 tb72 x0 2026-10-01T21:03:59Z
=== done s0_p20000 tb72 x0 2026-10-01T21:05:37Z "solved": 21
=== s0_p20000 h250 x0 2026-10-01T21:05:37Z
=== done s0_p20000 h250 x0 2026-10-01T21:11:18Z "solved": 146
=== s2_p20000 tb72 x0 2026-10-01T21:11:24Z
=== done s2_p20000 tb72 x0 2026-10-01T21:12:26Z "solved": 17
=== s2_p20000 h250 x0 2026-10-01T21:12:26Z
=== done s2_p20000 h250 x0 2026-10-01T21:17:04Z "solved": 120
=== s1_pend tb72 x0 2026-10-01T21:17:08Z
=== done s1_pend tb72 x0 2026-10-01T21:18:14Z "solved": 14
=== s1_pend h250 x0 2026-10-01T21:18:14Z
=== done s1_pend h250 x0 2026-10-01T21:22:52Z "solved": 124
=== s0_r1 tb72 x0 2026-10-01T21:22:59Z
=== done s0_r1 tb72 x0 2026-10-01T21:24:40Z "solved": 28
=== s0_r1 h250 x0 2026-10-01T21:24:40Z
=== done s0_r1 h250 x0 2026-10-01T21:30:03Z "solved": 190
=== s2_r1 tb72 x0 2026-10-01T21:30:10Z
=== done s2_r1 tb72 x0 2026-10-01T21:31:32Z "solved": 27
=== s2_r1 h250 x0 2026-10-01T21:31:32Z
=== done s2_r1 h250 x0 2026-10-01T21:36:41Z "solved": 176
=== s1_r2 tb72 x0 2026-10-01T21:36:49Z
=== done s1_r2 tb72 x0 2026-10-01T21:38:17Z "solved": 32
=== s1_r2 h250 x0 2026-10-01T21:38:17Z
=== done s1_r2 h250 x0 2026-10-01T21:44:03Z "solved": 200
=== s0_r3 tb72 x0 2026-10-01T21:44:10Z
=== done s0_r3 tb72 x0 2026-10-01T21:46:27Z "solved": 33
=== s0_r3 h250 x0 2026-10-01T21:46:27Z
=== done s0_r3 h250 x0 2026-10-01T21:53:18Z "solved": 217
=== s2_r3 tb72 x0 2026-10-01T21:53:25Z
=== done s2_r3 tb72 x0 2026-10-01T21:55:28Z "solved": 35
=== s2_r3 h250 x0 2026-10-01T21:55:28Z
=== done s2_r3 h250 x0 2026-10-01T22:02:16Z "solved": 205
=== s1_r4 tb72 x0 2026-10-01T22:12:57Z
=== done s1_r4 tb72 x0 2026-10-01T22:15:11Z "solved": 39
=== s1_r4 h250 x0 2026-10-01T22:15:11Z
=== done s1_r4 h250 x0 2026-10-01T22:22:51Z "solved": 218
=== s2_r5 tb72 x0 2026-10-01T22:29:16Z
=== done s2_r5 tb72 x0 2026-10-01T22:31:41Z "solved": 39
=== s2_r5 h250 x0 2026-10-01T22:31:41Z
=== done s2_r5 h250 x0 2026-10-01T22:41:49Z "solved": 213
=== s0_r5 tb72 x0 2026-10-01T22:41:56Z
=== done s0_r5 tb72 x0 2026-10-01T22:45:16Z "solved": 39
=== s0_r5 h250 x0 2026-10-01T22:45:16Z
=== done s0_r5 h250 x0 2026-10-01T22:54:29Z "solved": 224
=== s1_r6 tb72 x0 2026-10-01T23:28:40Z
=== done s1_r6 tb72 x0 2026-10-01T23:31:52Z "solved": 42
=== s1_r6 h250 x0 2026-10-01T23:31:52Z
=== done s1_r6 h250 x0 2026-10-01T23:43:37Z "solved": 220
=== s2_r7 tb72 x0 2026-10-01T23:52:59Z
=== done s2_r7 tb72 x0 2026-10-01T23:56:34Z "solved": 37
=== s2_r7 h250 x0 2026-10-01T23:56:34Z
=== done s2_r7 h250 x0 2026-10-02T00:08:26Z "solved": 218
=== s0_r7 tb72 x0 2026-10-02T00:10:35Z
=== done s0_r7 tb72 x0 2026-10-02T00:14:49Z "solved": 39
=== s0_r7 h250 x0 2026-10-02T00:14:49Z
=== done s0_r7 h250 x0 2026-10-02T00:26:09Z "solved": 226
=== s1_r8 tb72 x0 2026-10-02T00:57:32Z
=== done s1_r8 tb72 x0 2026-10-02T01:00:32Z "solved": 41
=== s1_r8 h250 x0 2026-10-02T01:00:32Z
=== retry s1_r8 h250 x0 at batch 1024 (OOM at 2048)
=== done s1_r8 h250 x0 2026-10-02T01:20:19Z "solved": 228
=== queue pod/tj6/q1.txt empty 2026-10-02T01:20:24Z
