[ei_abs_s0 r1] targets (this round, pass@32) SOLVED 1431/3000 = 0.477 [0.459,0.495]
  len 7: 112/300 = 0.373 [0.321,0.429]
  len 8: 117/300 = 0.390 [0.337,0.446]
  len 9: 150/300 = 0.500 [0.444,0.556]
  len 10: 188/300 = 0.627 [0.571,0.679]
  len 11: 183/300 = 0.610 [0.554,0.663]
  len 12: 168/300 = 0.560 [0.503,0.615]
  len 13: 130/300 = 0.433 [0.378,0.490]
  len 14: 126/300 = 0.420 [0.366,0.477]
  len 15: 125/300 = 0.417 [0.362,0.473]
  len 16: 132/300 = 0.440 [0.385,0.497]
  written hist {2: 317, 3: 1540, 4: 3948, 5: 7315, 6: 7798, 7: 1736, 8: 60}
  pruned hist {2: 1134, 3: 2292, 4: 6097, 5: 7241, 6: 4991, 7: 919, 8: 40}
  frontier written 8 pruned 8
  reasons [('rule check failed: IMPE', 10392), ('rule check failed: ANDI', 10204), ('rule check failed: IMPI', 7514), ('rule check failed: ORI2', 5543), ('rule check failed: NEGE', 5391), ('rule check failed: DN', 4639)]
[ei_abs_s0 r1] targets (cumulative 32 attempts) SOLVED 1431/3000 = 0.477 [0.459,0.495]
  len 7: 112/300 = 0.373 [0.321,0.429]
  len 8: 117/300 = 0.390 [0.337,0.446]
  len 9: 150/300 = 0.500 [0.444,0.556]
  len 10: 188/300 = 0.627 [0.571,0.679]
  len 11: 183/300 = 0.610 [0.554,0.663]
  len 12: 168/300 = 0.560 [0.503,0.615]
  len 13: 130/300 = 0.433 [0.378,0.490]
  len 14: 126/300 = 0.420 [0.366,0.477]
  len 15: 125/300 = 0.417 [0.362,0.473]
  len 16: 132/300 = 0.440 [0.385,0.497]
  written hist {2: 317, 3: 1540, 4: 3948, 5: 7315, 6: 7798, 7: 1736, 8: 60}
  pruned hist {2: 1134, 3: 2292, 4: 6097, 5: 7241, 6: 4991, 7: 919, 8: 40}
  frontier written 8 pruned 8
  reasons []
[ei_abs_s0 r1] transfer (this round, pass@32) SOLVED 770/1638 = 0.470 [0.446,0.494]
  len 7: 68/200 = 0.340 [0.278,0.408]
  len 8: 62/200 = 0.310 [0.250,0.377]
  len 9: 101/200 = 0.505 [0.436,0.574]
  len 10: 111/171 = 0.649 [0.575,0.717]
  len 11: 99/166 = 0.596 [0.520,0.668]
  len 12: 79/142 = 0.556 [0.474,0.636]
  len 13: 65/141 = 0.461 [0.381,0.543]
  len 14: 51/125 = 0.408 [0.326,0.496]
  len 15: 71/160 = 0.444 [0.369,0.521]
  len 16: 63/133 = 0.474 [0.391,0.558]
  written hist {2: 327, 3: 822, 4: 2624, 5: 3299, 6: 4605, 7: 924, 8: 6}
  pruned hist {2: 716, 3: 1401, 4: 3285, 5: 3766, 6: 3064, 7: 374, 8: 1}
  frontier written 8 pruned 7
  reasons [('rule check failed: IMPE', 6158), ('rule check failed: IMPI', 4438), ('rule check failed: ANDI', 4174), ('rule check failed: NEGE', 3178), ('rule check failed: ORI2', 2793), ('rule check failed: DN', 2608)]
[ei_abs_s0 r1] transfer (cumulative 32 attempts) SOLVED 770/1638 = 0.470 [0.446,0.494]
  len 7: 68/200 = 0.340 [0.278,0.408]
  len 8: 62/200 = 0.310 [0.250,0.377]
  len 9: 101/200 = 0.505 [0.436,0.574]
  len 10: 111/171 = 0.649 [0.575,0.717]
  len 11: 99/166 = 0.596 [0.520,0.668]
  len 12: 79/142 = 0.556 [0.474,0.636]
  len 13: 65/141 = 0.461 [0.381,0.543]
  len 14: 51/125 = 0.408 [0.326,0.496]
  len 15: 71/160 = 0.444 [0.369,0.521]
  len 16: 63/133 = 0.474 [0.391,0.558]
  written hist {2: 327, 3: 822, 4: 2624, 5: 3299, 6: 4605, 7: 924, 8: 6}
  pruned hist {2: 716, 3: 1401, 4: 3285, 5: 3766, 6: 3064, 7: 374, 8: 1}
  frontier written 8 pruned 7
  reasons []
[ei_abs_s0 r1] transfer greedy SOLVED 528/1638 = 0.322 [0.300,0.345]
  len 7: 46/200 = 0.230 [0.177,0.293]
  len 8: 35/200 = 0.175 [0.129,0.234]
  len 9: 82/200 = 0.410 [0.344,0.479]
  len 10: 86/171 = 0.503 [0.429,0.577]
  len 11: 71/166 = 0.428 [0.355,0.504]
  len 12: 51/142 = 0.359 [0.285,0.441]
  len 13: 42/141 = 0.298 [0.229,0.378]
  len 14: 34/125 = 0.272 [0.202,0.356]
  len 15: 40/160 = 0.250 [0.189,0.322]
  len 16: 41/133 = 0.308 [0.236,0.391]
  written hist {2: 13, 3: 32, 4: 109, 5: 141, 6: 191, 7: 42}
  pruned hist {2: 28, 3: 59, 4: 138, 5: 158, 6: 130, 7: 15}
  frontier written 7 pruned 7
  reasons [('rule check failed: IMPE', 199), ('rule check failed: IMPI', 140), ('rule check failed: ANDI', 132), ('rule check failed: NEGE', 91), ('rule check failed: ORI2', 83), ('bad box cite', 80)]
[ei_abs_s0 r1] heldout greedy SOLVED 4739/5000 = 0.948 [0.941,0.954]
  len 2: 998/1000 = 0.998 [0.993,0.999]
  len 3: 986/1000 = 0.986 [0.977,0.992]
  len 4: 962/1000 = 0.962 [0.948,0.972]
  len 5: 920/1000 = 0.920 [0.902,0.935]
  len 6: 873/1000 = 0.873 [0.851,0.892]
  written hist {2: 1027, 3: 974, 4: 930, 5: 918, 6: 889, 7: 1}
  pruned hist {2: 1030, 3: 973, 4: 934, 5: 914, 6: 887, 7: 1}
  frontier written 6 pruned 6
  reasons [('rule check failed: ANDI', 71), ('rule check failed: IMPE', 45), ('rule check failed: ORI2', 25), ('rule check failed: NEGE', 24), ('rule check failed: IMPI', 17), ('final formula is not the conclusion', 15)]
python3 train.py --data artifacts/ei_abs_s0/mix_1.jsonl --init ckpts/stage1_abs.pt --steps 600 --lr 0.0003 --min_lr 2.9999999999999997e-05 --warmup 50 --cap 0 --out ckpts/ei_abs_s0_r1.pt --seed 1 --log_every 200
params 3210240 mode abs
train records 40600 max len 516
step 200 loss 0.0554 lr 2.53e-04 20s
step 400 loss 0.0524 lr 1.09e-04 39s
step 600 loss 0.0523 lr 3.00e-05 59s
saved ckpts/ei_abs_s0_r1.pt
=== round 1 done in 620s; new proofs 22714; cum targets solved 1431
[ei_abs_s0 r2] targets (this round, pass@32) SOLVED 1874/3000 = 0.625 [0.607,0.642]
  len 7: 222/300 = 0.740 [0.688,0.786]
  len 8: 164/300 = 0.547 [0.490,0.602]
  len 9: 179/300 = 0.597 [0.540,0.651]
  len 10: 217/300 = 0.723 [0.670,0.771]
  len 11: 209/300 = 0.697 [0.642,0.746]
  len 12: 208/300 = 0.693 [0.639,0.743]
  len 13: 175/300 = 0.583 [0.527,0.638]
  len 14: 160/300 = 0.533 [0.477,0.589]
  len 15: 162/300 = 0.540 [0.483,0.596]
  len 16: 178/300 = 0.593 [0.537,0.647]
  written hist {2: 286, 3: 2124, 4: 5329, 5: 10247, 6: 12034, 7: 5511, 8: 255}
  pruned hist {2: 2030, 3: 3578, 4: 8262, 5: 11367, 6: 7071, 7: 3315, 8: 163}
  frontier written 8 pruned 8
  reasons [('rule check failed: ANDI', 8285), ('rule check failed: DN', 5026), ('rule check failed: IMPI', 4273), ('rule check failed: IMPE', 3924), ('rule check failed: NEGE', 3098), ('rule check failed: ORI1', 2948)]
[ei_abs_s0 r2] targets (cumulative 64 attempts) SOLVED 1874/3000 = 0.625 [0.607,0.642]
  len 7: 222/300 = 0.740 [0.688,0.786]
  len 8: 164/300 = 0.547 [0.490,0.602]
  len 9: 179/300 = 0.597 [0.540,0.651]
  len 10: 217/300 = 0.723 [0.670,0.771]
  len 11: 209/300 = 0.697 [0.642,0.746]
  len 12: 208/300 = 0.693 [0.639,0.743]
  len 13: 175/300 = 0.583 [0.527,0.638]
  len 14: 160/300 = 0.533 [0.477,0.589]
  len 15: 162/300 = 0.540 [0.483,0.596]
  len 16: 178/300 = 0.593 [0.537,0.647]
  written hist {2: 490, 3: 3128, 4: 7899, 5: 15242, 6: 17313, 7: 6732, 8: 301}
  pruned hist {2: 2805, 3: 5104, 4: 12296, 5: 16270, 6: 10476, 7: 3959, 8: 195}
  frontier written 8 pruned 8
  reasons []
[ei_abs_s0 r2] transfer (this round, pass@32) SOLVED 1015/1638 = 0.620 [0.596,0.643]
  len 7: 147/200 = 0.735 [0.670,0.791]
  len 8: 95/200 = 0.475 [0.407,0.544]
  len 9: 123/200 = 0.615 [0.546,0.680]
  len 10: 124/171 = 0.725 [0.654,0.787]
  len 11: 116/166 = 0.699 [0.625,0.763]
  len 12: 95/142 = 0.669 [0.588,0.741]
  len 13: 76/141 = 0.539 [0.457,0.619]
  len 14: 69/125 = 0.552 [0.465,0.636]
  len 15: 95/160 = 0.594 [0.516,0.667]
  len 16: 75/133 = 0.564 [0.479,0.645]
  written hist {2: 326, 3: 1225, 4: 2973, 5: 4115, 6: 5617, 7: 2575, 8: 98}
  pruned hist {2: 1247, 3: 1770, 4: 3799, 5: 5130, 6: 3359, 7: 1577, 8: 47}
  frontier written 8 pruned 8
  reasons [('rule check failed: ANDI', 4571), ('rule check failed: DN', 3337), ('rule check failed: IMPE', 2973), ('rule check failed: IMPI', 2876), ('rule check failed: NEGE', 2338), ('rule check failed: ORI2', 1855)]
[ei_abs_s0 r2] transfer (cumulative 64 attempts) SOLVED 1049/1638 = 0.640 [0.617,0.663]
  len 7: 149/200 = 0.745 [0.680,0.800]
  len 8: 99/200 = 0.495 [0.426,0.564]
  len 9: 128/200 = 0.640 [0.571,0.703]
  len 10: 128/171 = 0.749 [0.679,0.808]
  len 11: 118/166 = 0.711 [0.638,0.774]
  len 12: 99/142 = 0.697 [0.617,0.767]
  len 13: 82/141 = 0.582 [0.499,0.660]
  len 14: 69/125 = 0.552 [0.465,0.636]
  len 15: 97/160 = 0.606 [0.529,0.679]
  len 16: 80/133 = 0.602 [0.517,0.681]
  written hist {2: 525, 3: 1755, 4: 4727, 5: 6409, 6: 8956, 7: 3267, 8: 104}
  pruned hist {2: 1712, 3: 2700, 4: 6054, 5: 7822, 6: 5541, 7: 1866, 8: 48}
  frontier written 8 pruned 8
  reasons []
[ei_abs_s0 r2] transfer greedy SOLVED 738/1638 = 0.451 [0.427,0.475]
  len 7: 101/200 = 0.505 [0.436,0.574]
  len 8: 60/200 = 0.300 [0.241,0.367]
  len 9: 98/200 = 0.490 [0.422,0.559]
  len 10: 103/171 = 0.602 [0.528,0.673]
  len 11: 93/166 = 0.560 [0.484,0.634]
  len 12: 71/142 = 0.500 [0.419,0.581]
  len 13: 53/141 = 0.376 [0.300,0.458]
  len 14: 47/125 = 0.376 [0.296,0.463]
  len 15: 60/160 = 0.375 [0.304,0.452]
  len 16: 52/133 = 0.391 [0.312,0.476]
  written hist {2: 13, 3: 48, 4: 126, 5: 183, 6: 257, 7: 111}
  pruned hist {2: 49, 3: 74, 4: 167, 5: 231, 6: 154, 7: 63}
  frontier written 7 pruned 7
  reasons [('rule check failed: ANDI', 148), ('rule check failed: DN', 109), ('rule check failed: IMPI', 99), ('rule check failed: IMPE', 98), ('rule check failed: NEGE', 69), ('rule check failed: ORI2', 57)]
[ei_abs_s0 r2] heldout greedy SOLVED 4726/5000 = 0.945 [0.939,0.951]
  len 2: 996/1000 = 0.996 [0.990,0.998]
  len 3: 992/1000 = 0.992 [0.984,0.996]
  len 4: 964/1000 = 0.964 [0.951,0.974]
  len 5: 916/1000 = 0.916 [0.897,0.932]
  len 6: 858/1000 = 0.858 [0.835,0.878]
  written hist {2: 1033, 3: 981, 4: 956, 5: 919, 6: 835, 7: 2}
  pruned hist {2: 1037, 3: 981, 4: 959, 5: 919, 6: 829, 7: 1}
  frontier written 6 pruned 6
  reasons [('rule check failed: ANDI', 68), ('rule check failed: IMPE', 51), ('rule check failed: NEGE', 18), ('rule check failed: ORI2', 15), ('line index mismatch at position 5', 15), ('rule check failed: DN', 13)]
python3 train.py --data artifacts/ei_abs_s0/mix_2.jsonl --init ckpts/ei_abs_s0_r1.pt --steps 600 --lr 0.0003 --min_lr 2.9999999999999997e-05 --warmup 50 --cap 0 --out ckpts/ei_abs_s0_r2.pt --seed 2 --log_every 200
params 3210240 mode abs
train records 48712 max len 516
step 200 loss 0.0472 lr 2.53e-04 22s
step 400 loss 0.0484 lr 1.09e-04 43s
step 600 loss 0.0487 lr 3.00e-05 65s
saved ckpts/ei_abs_s0_r2.pt
=== round 2 done in 633s; new proofs 28391; cum targets solved 1874
