[ei_abs_s1 r1] targets (this round, pass@32) SOLVED 1433/3000 = 0.478 [0.460,0.496]
  len 7: 114/300 = 0.380 [0.327,0.436]
  len 8: 120/300 = 0.400 [0.346,0.456]
  len 9: 152/300 = 0.507 [0.450,0.563]
  len 10: 184/300 = 0.613 [0.557,0.667]
  len 11: 182/300 = 0.607 [0.550,0.660]
  len 12: 168/300 = 0.560 [0.503,0.615]
  len 13: 129/300 = 0.430 [0.375,0.487]
  len 14: 128/300 = 0.427 [0.372,0.483]
  len 15: 126/300 = 0.420 [0.366,0.477]
  len 16: 130/300 = 0.433 [0.378,0.490]
  written hist {2: 294, 3: 1548, 4: 3965, 5: 7365, 6: 7830, 7: 1720, 8: 66}
  pruned hist {2: 1119, 3: 2253, 4: 6146, 5: 7280, 6: 5022, 7: 927, 8: 41}
  frontier written 8 pruned 8
  reasons [('rule check failed: IMPE', 10315), ('rule check failed: ANDI', 10186), ('rule check failed: IMPI', 7581), ('rule check failed: ORI2', 5572), ('rule check failed: NEGE', 5391), ('rule check failed: DN', 4629)]
[ei_abs_s1 r1] targets (cumulative 32 attempts) SOLVED 1433/3000 = 0.478 [0.460,0.496]
  len 7: 114/300 = 0.380 [0.327,0.436]
  len 8: 120/300 = 0.400 [0.346,0.456]
  len 9: 152/300 = 0.507 [0.450,0.563]
  len 10: 184/300 = 0.613 [0.557,0.667]
  len 11: 182/300 = 0.607 [0.550,0.660]
  len 12: 168/300 = 0.560 [0.503,0.615]
  len 13: 129/300 = 0.430 [0.375,0.487]
  len 14: 128/300 = 0.427 [0.372,0.483]
  len 15: 126/300 = 0.420 [0.366,0.477]
  len 16: 130/300 = 0.433 [0.378,0.490]
  written hist {2: 294, 3: 1548, 4: 3965, 5: 7365, 6: 7830, 7: 1720, 8: 66}
  pruned hist {2: 1119, 3: 2253, 4: 6146, 5: 7280, 6: 5022, 7: 927, 8: 41}
  frontier written 8 pruned 8
  reasons []
[ei_abs_s1 r1] transfer (this round, pass@32) SOLVED 788/1638 = 0.481 [0.457,0.505]
  len 7: 74/200 = 0.370 [0.306,0.439]
  len 8: 66/200 = 0.330 [0.269,0.398]
  len 9: 99/200 = 0.495 [0.426,0.564]
  len 10: 111/171 = 0.649 [0.575,0.717]
  len 11: 103/166 = 0.620 [0.545,0.691]
  len 12: 78/142 = 0.549 [0.467,0.629]
  len 13: 64/141 = 0.454 [0.374,0.536]
  len 14: 55/125 = 0.440 [0.356,0.528]
  len 15: 74/160 = 0.463 [0.387,0.540]
  len 16: 64/133 = 0.481 [0.398,0.565]
  written hist {2: 323, 3: 808, 4: 2624, 5: 3318, 6: 4608, 7: 975, 8: 3}
  pruned hist {2: 717, 3: 1387, 4: 3275, 5: 3761, 6: 3102, 7: 416, 8: 1}
  frontier written 7 pruned 7
  reasons [('rule check failed: IMPE', 6174), ('rule check failed: IMPI', 4432), ('rule check failed: ANDI', 4240), ('rule check failed: NEGE', 3185), ('rule check failed: DN', 2620), ('rule check failed: ORI2', 2594)]
[ei_abs_s1 r1] transfer (cumulative 32 attempts) SOLVED 788/1638 = 0.481 [0.457,0.505]
  len 7: 74/200 = 0.370 [0.306,0.439]
  len 8: 66/200 = 0.330 [0.269,0.398]
  len 9: 99/200 = 0.495 [0.426,0.564]
  len 10: 111/171 = 0.649 [0.575,0.717]
  len 11: 103/166 = 0.620 [0.545,0.691]
  len 12: 78/142 = 0.549 [0.467,0.629]
  len 13: 64/141 = 0.454 [0.374,0.536]
  len 14: 55/125 = 0.440 [0.356,0.528]
  len 15: 74/160 = 0.463 [0.387,0.540]
  len 16: 64/133 = 0.481 [0.398,0.565]
  written hist {2: 323, 3: 808, 4: 2624, 5: 3318, 6: 4608, 7: 975, 8: 3}
  pruned hist {2: 717, 3: 1387, 4: 3275, 5: 3761, 6: 3102, 7: 416, 8: 1}
  frontier written 7 pruned 7
  reasons []
[ei_abs_s1 r1] transfer greedy SOLVED 528/1638 = 0.322 [0.300,0.345]
  len 7: 46/200 = 0.230 [0.177,0.293]
  len 8: 35/200 = 0.175 [0.129,0.234]
  len 9: 82/200 = 0.410 [0.344,0.479]
  len 10: 88/171 = 0.515 [0.440,0.588]
  len 11: 71/166 = 0.428 [0.355,0.504]
  len 12: 51/142 = 0.359 [0.285,0.441]
  len 13: 40/141 = 0.284 [0.216,0.363]
  len 14: 34/125 = 0.272 [0.202,0.356]
  len 15: 40/160 = 0.250 [0.189,0.322]
  len 16: 41/133 = 0.308 [0.236,0.391]
  written hist {2: 13, 3: 32, 4: 109, 5: 141, 6: 191, 7: 42}
  pruned hist {2: 28, 3: 59, 4: 138, 5: 157, 6: 131, 7: 15}
  frontier written 7 pruned 7
  reasons [('rule check failed: IMPE', 201), ('rule check failed: IMPI', 140), ('rule check failed: ANDI', 128), ('rule check failed: NEGE', 91), ('rule check failed: ORI2', 82), ('rule check failed: DN', 81)]
[ei_abs_s1 r1] heldout greedy SOLVED 4737/5000 = 0.947 [0.941,0.953]
  len 2: 998/1000 = 0.998 [0.993,0.999]
  len 3: 986/1000 = 0.986 [0.977,0.992]
  len 4: 962/1000 = 0.962 [0.948,0.972]
  len 5: 919/1000 = 0.919 [0.900,0.934]
  len 6: 872/1000 = 0.872 [0.850,0.891]
  written hist {2: 1027, 3: 974, 4: 930, 5: 918, 6: 887, 7: 1}
  pruned hist {2: 1030, 3: 973, 4: 934, 5: 914, 6: 885, 7: 1}
  frontier written 6 pruned 6
  reasons [('rule check failed: ANDI', 71), ('rule check failed: IMPE', 44), ('rule check failed: ORI2', 25), ('rule check failed: NEGE', 24), ('rule check failed: IMPI', 18), ('final formula is not the conclusion', 16)]
python3 train.py --data artifacts/ei_abs_s1/mix_1.jsonl --init ckpts/stage1_abs.pt --steps 600 --lr 0.0003 --min_lr 2.9999999999999997e-05 --warmup 50 --cap 0 --out ckpts/ei_abs_s1_r1.pt --seed 1001 --log_every 200
params 3210240 mode abs shift True
train records 40428 max len 486
step 200 loss 0.0520 lr 2.53e-04 36s
step 400 loss 0.0504 lr 1.09e-04 58s
step 600 loss 0.0534 lr 3.00e-05 81s
saved ckpts/ei_abs_s1_r1.pt
=== round 1 done in 1378s; new proofs 22788; cum targets solved 1433
[ei_abs_s1 r2] targets (this round, pass@32) SOLVED 1818/3000 = 0.606 [0.588,0.623]
  len 7: 190/300 = 0.633 [0.577,0.686]
  len 8: 153/300 = 0.510 [0.454,0.566]
  len 9: 182/300 = 0.607 [0.550,0.660]
  len 10: 220/300 = 0.733 [0.681,0.780]
  len 11: 209/300 = 0.697 [0.642,0.746]
  len 12: 209/300 = 0.697 [0.642,0.746]
  len 13: 161/300 = 0.537 [0.480,0.592]
  len 14: 162/300 = 0.540 [0.483,0.596]
  len 15: 164/300 = 0.547 [0.490,0.602]
  len 16: 168/300 = 0.560 [0.503,0.615]
  written hist {2: 287, 3: 2125, 4: 5413, 5: 9989, 6: 12279, 7: 4589, 8: 221}
  pruned hist {2: 1993, 3: 3562, 4: 8455, 5: 11077, 6: 7106, 7: 2583, 8: 127}
  frontier written 8 pruned 8
  reasons [('rule check failed: ANDI', 7956), ('rule check failed: IMPI', 5737), ('rule check failed: DN', 4877), ('rule check failed: IMPE', 3864), ('rule check failed: ORI2', 3654), ('rule check failed: NEGE', 3453)]
[ei_abs_s1 r2] targets (cumulative 64 attempts) SOLVED 1819/3000 = 0.606 [0.589,0.624]
  len 7: 190/300 = 0.633 [0.577,0.686]
  len 8: 153/300 = 0.510 [0.454,0.566]
  len 9: 182/300 = 0.607 [0.550,0.660]
  len 10: 220/300 = 0.733 [0.681,0.780]
  len 11: 209/300 = 0.697 [0.642,0.746]
  len 12: 209/300 = 0.697 [0.642,0.746]
  len 13: 161/300 = 0.537 [0.480,0.592]
  len 14: 163/300 = 0.543 [0.487,0.599]
  len 15: 164/300 = 0.547 [0.490,0.602]
  len 16: 168/300 = 0.560 [0.503,0.615]
  written hist {2: 466, 3: 3165, 4: 7929, 5: 14947, 6: 17588, 7: 5768, 8: 276}
  pruned hist {2: 2752, 3: 5049, 4: 12445, 5: 16000, 6: 10501, 7: 3227, 8: 165}
  frontier written 8 pruned 8
  reasons []
[ei_abs_s1 r2] transfer (this round, pass@32) SOLVED 979/1638 = 0.598 [0.574,0.621]
  len 7: 121/200 = 0.605 [0.536,0.670]
  len 8: 94/200 = 0.470 [0.402,0.539]
  len 9: 125/200 = 0.625 [0.556,0.689]
  len 10: 125/171 = 0.731 [0.660,0.792]
  len 11: 113/166 = 0.681 [0.606,0.747]
  len 12: 92/142 = 0.648 [0.566,0.722]
  len 13: 75/141 = 0.532 [0.450,0.612]
  len 14: 68/125 = 0.544 [0.457,0.629]
  len 15: 90/160 = 0.562 [0.485,0.637]
  len 16: 76/133 = 0.571 [0.486,0.652]
  written hist {2: 317, 3: 1269, 4: 2978, 5: 3951, 6: 5936, 7: 2083, 8: 90}
  pruned hist {2: 1222, 3: 1797, 4: 3787, 5: 5104, 6: 3632, 7: 1044, 8: 38}
  frontier written 8 pruned 8
  reasons [('rule check failed: ANDI', 4157), ('rule check failed: IMPI', 3588), ('rule check failed: DN', 3361), ('rule check failed: IMPE', 2866), ('rule check failed: NEGE', 2390), ('rule check failed: ORI2', 2237)]
[ei_abs_s1 r2] transfer (cumulative 64 attempts) SOLVED 1007/1638 = 0.615 [0.591,0.638]
  len 7: 126/200 = 0.630 [0.561,0.694]
  len 8: 96/200 = 0.480 [0.412,0.549]
  len 9: 127/200 = 0.635 [0.566,0.699]
  len 10: 127/171 = 0.743 [0.672,0.802]
  len 11: 117/166 = 0.705 [0.631,0.769]
  len 12: 94/142 = 0.662 [0.581,0.735]
  len 13: 77/141 = 0.546 [0.464,0.626]
  len 14: 69/125 = 0.552 [0.465,0.636]
  len 15: 93/160 = 0.581 [0.504,0.655]
  len 16: 81/133 = 0.609 [0.524,0.688]
  written hist {2: 519, 3: 1813, 4: 4779, 5: 6300, 6: 9230, 7: 2852, 8: 92}
  pruned hist {2: 1723, 3: 2755, 4: 6079, 5: 7758, 6: 5851, 7: 1380, 8: 39}
  frontier written 8 pruned 8
  reasons []
[ei_abs_s1 r2] transfer greedy SOLVED 718/1638 = 0.438 [0.414,0.462]
  len 7: 73/200 = 0.365 [0.301,0.434]
  len 8: 57/200 = 0.285 [0.227,0.351]
  len 9: 101/200 = 0.505 [0.436,0.574]
  len 10: 106/171 = 0.620 [0.545,0.689]
  len 11: 93/166 = 0.560 [0.484,0.634]
  len 12: 68/142 = 0.479 [0.398,0.561]
  len 13: 58/141 = 0.411 [0.334,0.494]
  len 14: 47/125 = 0.376 [0.296,0.463]
  len 15: 61/160 = 0.381 [0.310,0.458]
  len 16: 54/133 = 0.406 [0.326,0.491]
  written hist {2: 13, 3: 55, 4: 125, 5: 180, 6: 266, 7: 78, 8: 1}
  pruned hist {2: 50, 3: 76, 4: 170, 5: 231, 6: 160, 7: 30, 8: 1}
  frontier written 7 pruned 7
  reasons [('rule check failed: ANDI', 126), ('rule check failed: IMPI', 112), ('rule check failed: DN', 111), ('rule check failed: IMPE', 94), ('rule check failed: NEGE', 73), ('rule check failed: ORI2', 67)]
[ei_abs_s1 r2] heldout greedy SOLVED 4744/5000 = 0.949 [0.942,0.955]
  len 2: 998/1000 = 0.998 [0.993,0.999]
  len 3: 988/1000 = 0.988 [0.979,0.993]
  len 4: 964/1000 = 0.964 [0.951,0.974]
  len 5: 924/1000 = 0.924 [0.906,0.939]
  len 6: 870/1000 = 0.870 [0.848,0.889]
  written hist {2: 1037, 3: 977, 4: 946, 5: 918, 6: 865, 7: 1}
  pruned hist {2: 1041, 3: 977, 4: 948, 5: 914, 6: 863, 7: 1}
  frontier written 6 pruned 6
  reasons [('rule check failed: ANDI', 65), ('rule check failed: IMPE', 39), ('rule check failed: ORI2', 22), ('rule check failed: NEGE', 20), ('rule check failed: DN', 12), ('rule check failed: ORI1', 11)]
python3 train.py --data artifacts/ei_abs_s1/mix_2.jsonl --init ckpts/ei_abs_s1_r1.pt --steps 600 --lr 0.0003 --min_lr 2.9999999999999997e-05 --warmup 50 --cap 0 --out ckpts/ei_abs_s1_r2.pt --seed 1002 --log_every 200
params 3210240 mode abs shift True
train records 47616 max len 486
step 200 loss 0.0471 lr 2.53e-04 26s
step 400 loss 0.0494 lr 1.09e-04 49s
step 600 loss 0.0468 lr 3.00e-05 70s
saved ckpts/ei_abs_s1_r2.pt
=== round 2 done in 936s; new proofs 27351; cum targets solved 1819
[ei_abs_s1 r3] targets (this round, pass@32) SOLVED 2096/3000 = 0.699 [0.682,0.715]
  len 7: 257/300 = 0.857 [0.812,0.892]
  len 8: 198/300 = 0.660 [0.605,0.711]
  len 9: 201/300 = 0.670 [0.615,0.721]
  len 10: 233/300 = 0.777 [0.726,0.820]
  len 11: 226/300 = 0.753 [0.702,0.799]
  len 12: 231/300 = 0.770 [0.719,0.814]
  len 13: 186/300 = 0.620 [0.564,0.673]
  len 14: 187/300 = 0.623 [0.567,0.676]
  len 15: 177/300 = 0.590 [0.534,0.644]
  len 16: 200/300 = 0.667 [0.612,0.718]
  written hist {2: 280, 3: 2106, 4: 5361, 5: 9272, 6: 12081, 7: 6784, 8: 835}
  pruned hist {2: 2037, 3: 3617, 4: 7874, 5: 10975, 6: 7177, 7: 4496, 8: 543}
  frontier written 8 pruned 8
  reasons [('rule check failed: ANDI', 7364), ('rule check failed: DN', 4204), ('rule check failed: NEGE', 3257), ('rule check failed: ORI2', 2612), ('rule check failed: ORI1', 2414), ('rule check failed: IMPE', 2389)]
[ei_abs_s1 r3] targets (cumulative 96 attempts) SOLVED 2097/3000 = 0.699 [0.682,0.715]
  len 7: 258/300 = 0.860 [0.816,0.895]
  len 8: 198/300 = 0.660 [0.605,0.711]
  len 9: 201/300 = 0.670 [0.615,0.721]
  len 10: 233/300 = 0.777 [0.726,0.820]
  len 11: 226/300 = 0.753 [0.702,0.799]
  len 12: 231/300 = 0.770 [0.719,0.814]
  len 13: 186/300 = 0.620 [0.564,0.673]
  len 14: 187/300 = 0.623 [0.567,0.676]
  len 15: 177/300 = 0.590 [0.534,0.644]
  len 16: 200/300 = 0.667 [0.612,0.718]
  written hist {2: 570, 3: 4160, 4: 10274, 5: 18981, 6: 23378, 7: 10427, 8: 1023}
  pruned hist {2: 3824, 3: 6768, 4: 15802, 5: 21252, 6: 13918, 7: 6597, 8: 652}
  frontier written 8 pruned 8
  reasons []
[ei_abs_s1 r3] transfer (this round, pass@32) SOLVED 1120/1638 = 0.684 [0.661,0.706]
  len 7: 167/200 = 0.835 [0.777,0.880]
  len 8: 130/200 = 0.650 [0.582,0.713]
  len 9: 132/200 = 0.660 [0.592,0.722]
  len 10: 131/171 = 0.766 [0.697,0.823]
  len 11: 114/166 = 0.687 [0.613,0.752]
  len 12: 99/142 = 0.697 [0.617,0.767]
  len 13: 86/141 = 0.610 [0.528,0.687]
  len 14: 70/125 = 0.560 [0.472,0.644]
  len 15: 108/160 = 0.675 [0.599,0.743]
  len 16: 83/133 = 0.624 [0.539,0.702]
  written hist {2: 321, 3: 1299, 4: 2920, 5: 3883, 6: 5574, 7: 3170, 8: 359}
  pruned hist {2: 1314, 3: 1786, 4: 3597, 5: 4911, 6: 3534, 7: 2128, 8: 256}
  frontier written 8 pruned 8
  reasons [('rule check failed: ANDI', 4313), ('rule check failed: DN', 3223), ('rule check failed: NEGE', 2743), ('rule check failed: ORI2', 1975), ('rule check failed: IMPE', 1752), ('rule check failed: IMPI', 1678)]
[ei_abs_s1 r3] transfer (cumulative 96 attempts) SOLVED 1168/1638 = 0.713 [0.691,0.734]
  len 7: 171/200 = 0.855 [0.800,0.897]
  len 8: 134/200 = 0.670 [0.602,0.731]
  len 9: 135/200 = 0.675 [0.607,0.736]
  len 10: 136/171 = 0.795 [0.729,0.849]
  len 11: 123/166 = 0.741 [0.669,0.802]
  len 12: 107/142 = 0.754 [0.677,0.817]
  len 13: 89/141 = 0.631 [0.549,0.706]
  len 14: 74/125 = 0.592 [0.504,0.674]
  len 15: 110/160 = 0.688 [0.612,0.754]
  len 16: 89/133 = 0.669 [0.585,0.743]
  written hist {2: 629, 3: 2447, 4: 6067, 5: 8199, 6: 11983, 7: 5142, 8: 440}
  pruned hist {2: 2407, 3: 3664, 4: 7674, 5: 10201, 6: 7552, 7: 3120, 8: 289}
  frontier written 8 pruned 8
  reasons []
[ei_abs_s1 r3] transfer greedy SOLVED 872/1638 = 0.532 [0.508,0.556]
  len 7: 135/200 = 0.675 [0.607,0.736]
  len 8: 94/200 = 0.470 [0.402,0.539]
  len 9: 112/200 = 0.560 [0.491,0.627]
  len 10: 112/171 = 0.655 [0.581,0.722]
  len 11: 95/166 = 0.572 [0.496,0.645]
  len 12: 76/142 = 0.535 [0.453,0.615]
  len 13: 59/141 = 0.418 [0.340,0.501]
  len 14: 56/125 = 0.448 [0.364,0.535]
  len 15: 71/160 = 0.444 [0.369,0.521]
  len 16: 62/133 = 0.466 [0.384,0.551]
  written hist {2: 13, 3: 57, 4: 141, 5: 198, 6: 295, 7: 160, 8: 8}
  pruned hist {2: 59, 3: 83, 4: 181, 5: 266, 6: 180, 7: 96, 8: 7}
  frontier written 8 pruned 8
  reasons [('rule check failed: ANDI', 131), ('rule check failed: DN', 104), ('rule check failed: NEGE', 87), ('rule check failed: ORI2', 60), ('rule check failed: IMPI', 56), ('rule check failed: IMPE', 54)]
[ei_abs_s1 r3] heldout greedy SOLVED 4745/5000 = 0.949 [0.943,0.955]
  len 2: 999/1000 = 0.999 [0.994,1.000]
  len 3: 993/1000 = 0.993 [0.986,0.997]
  len 4: 969/1000 = 0.969 [0.956,0.978]
  len 5: 923/1000 = 0.923 [0.905,0.938]
  len 6: 861/1000 = 0.861 [0.838,0.881]
  written hist {2: 1036, 3: 985, 4: 961, 5: 898, 6: 864, 7: 1}
  pruned hist {2: 1039, 3: 985, 4: 964, 5: 898, 6: 859}
  frontier written 6 pruned 6
  reasons [('rule check failed: ANDI', 61), ('rule check failed: IMPE', 43), ('rule check failed: ORI2', 22), ('rule check failed: NEGE', 18), ('rule check failed: ORI1', 15), ('rule check failed: DN', 13)]
python3 train.py --data artifacts/ei_abs_s1/mix_3.jsonl --init ckpts/ei_abs_s1_r2.pt --steps 600 --lr 0.0003 --min_lr 2.9999999999999997e-05 --warmup 50 --cap 0 --out ckpts/ei_abs_s1_r3.pt --seed 1003 --log_every 200
params 3210240 mode abs shift True
train records 52676 max len 469
step 200 loss 0.0497 lr 2.53e-04 24s
step 400 loss 0.0524 lr 1.09e-04 45s
step 600 loss 0.0474 lr 3.00e-05 66s
saved ckpts/ei_abs_s1_r3.pt
=== round 3 done in 941s; new proofs 18674; cum targets solved 2097
[ei_abs_s1 r4] targets (this round, pass@32) SOLVED 2233/3000 = 0.744 [0.728,0.760]
  len 7: 269/300 = 0.897 [0.857,0.926]
  len 8: 219/300 = 0.730 [0.677,0.777]
  len 9: 213/300 = 0.710 [0.656,0.758]
  len 10: 245/300 = 0.817 [0.769,0.856]
  len 11: 241/300 = 0.803 [0.755,0.844]
  len 12: 241/300 = 0.803 [0.755,0.844]
  len 13: 205/300 = 0.683 [0.629,0.733]
  len 14: 205/300 = 0.683 [0.629,0.733]
  len 15: 191/300 = 0.637 [0.581,0.689]
  len 16: 204/300 = 0.680 [0.625,0.730]
  written hist {2: 279, 3: 1955, 4: 5188, 5: 9513, 6: 12247, 7: 7240, 8: 1275, 9: 42}
  pruned hist {2: 1992, 3: 3495, 4: 8002, 5: 11582, 6: 7054, 7: 4796, 8: 801, 9: 17}
  frontier written 9 pruned 9
  reasons [('rule check failed: ANDI', 6463), ('rule check failed: NEGE', 3616), ('rule check failed: DN', 2927), ('rule check failed: ORI2', 2163), ('rule check failed: IMPE', 2094), ('rule check failed: ORI1', 1914)]
[ei_abs_s1 r4] targets (cumulative 128 attempts) SOLVED 2233/3000 = 0.744 [0.728,0.760]
  len 7: 269/300 = 0.897 [0.857,0.926]
  len 8: 219/300 = 0.730 [0.677,0.777]
  len 9: 213/300 = 0.710 [0.656,0.758]
  len 10: 245/300 = 0.817 [0.769,0.856]
  len 11: 241/300 = 0.803 [0.755,0.844]
  len 12: 241/300 = 0.803 [0.755,0.844]
  len 13: 205/300 = 0.683 [0.629,0.733]
  len 14: 205/300 = 0.683 [0.629,0.733]
  len 15: 191/300 = 0.637 [0.581,0.689]
  len 16: 204/300 = 0.680 [0.625,0.730]
  written hist {2: 625, 3: 4681, 4: 11676, 5: 21699, 6: 27148, 7: 13684, 8: 1843, 9: 42}
  pruned hist {2: 4434, 3: 7799, 4: 17998, 5: 25024, 6: 16030, 7: 8921, 8: 1175, 9: 17}
  frontier written 9 pruned 9
  reasons []
[ei_abs_s1 r4] transfer (this round, pass@32) SOLVED 1191/1638 = 0.727 [0.705,0.748]
  len 7: 172/200 = 0.860 [0.805,0.901]
  len 8: 142/200 = 0.710 [0.644,0.768]
  len 9: 145/200 = 0.725 [0.659,0.782]
  len 10: 138/171 = 0.807 [0.741,0.859]
  len 11: 122/166 = 0.735 [0.663,0.796]
  len 12: 108/142 = 0.761 [0.684,0.823]
  len 13: 91/141 = 0.645 [0.564,0.720]
  len 14: 79/125 = 0.632 [0.545,0.711]
  len 15: 104/160 = 0.650 [0.573,0.720]
  len 16: 90/133 = 0.677 [0.593,0.750]
  written hist {2: 312, 3: 1144, 4: 2942, 5: 4015, 6: 5715, 7: 3222, 8: 586, 9: 26}
  pruned hist {2: 1191, 3: 1786, 4: 3681, 5: 5168, 6: 3395, 7: 2284, 8: 431, 9: 26}
  frontier written 9 pruned 9
  reasons [('rule check failed: ANDI', 3717), ('rule check failed: NEGE', 3239), ('rule check failed: DN', 2666), ('rule check failed: IMPE', 1893), ('rule check failed: ORI2', 1517), ('rule check failed: ORI1', 1283)]
[ei_abs_s1 r4] transfer (cumulative 128 attempts) SOLVED 1248/1638 = 0.762 [0.741,0.782]
  len 7: 177/200 = 0.885 [0.833,0.922]
  len 8: 146/200 = 0.730 [0.665,0.787]
  len 9: 151/200 = 0.755 [0.691,0.809]
  len 10: 142/171 = 0.830 [0.767,0.879]
  len 11: 127/166 = 0.765 [0.695,0.823]
  len 12: 112/142 = 0.789 [0.714,0.848]
  len 13: 97/141 = 0.688 [0.607,0.759]
  len 14: 82/125 = 0.656 [0.569,0.734]
  len 15: 117/160 = 0.731 [0.658,0.794]
  len 16: 97/133 = 0.729 [0.648,0.798]
  written hist {2: 691, 3: 2791, 4: 6914, 5: 9589, 6: 13980, 7: 6730, 8: 855, 9: 26}
  pruned hist {2: 2826, 3: 4228, 4: 8870, 5: 12030, 6: 8636, 7: 4376, 8: 584, 9: 26}
  frontier written 9 pruned 9
  reasons []
[ei_abs_s1 r4] transfer greedy SOLVED 946/1638 = 0.578 [0.553,0.601]
  len 7: 147/200 = 0.735 [0.670,0.791]
  len 8: 107/200 = 0.535 [0.466,0.603]
  len 9: 118/200 = 0.590 [0.521,0.656]
  len 10: 118/171 = 0.690 [0.617,0.755]
  len 11: 98/166 = 0.590 [0.514,0.662]
  len 12: 79/142 = 0.556 [0.474,0.636]
  len 13: 70/141 = 0.496 [0.415,0.578]
  len 14: 61/125 = 0.488 [0.402,0.575]
  len 15: 81/160 = 0.506 [0.430,0.583]
  len 16: 67/133 = 0.504 [0.420,0.587]
  written hist {2: 13, 3: 55, 4: 142, 5: 217, 6: 312, 7: 186, 8: 20, 9: 1}
  pruned hist {2: 58, 3: 87, 4: 196, 5: 283, 6: 186, 7: 121, 8: 14, 9: 1}
  frontier written 8 pruned 8
  reasons [('rule check failed: ANDI', 119), ('rule check failed: NEGE', 105), ('rule check failed: DN', 87), ('rule check failed: IMPE', 54), ('rule check failed: ORI2', 38), ('rule check failed: R', 38)]
[ei_abs_s1 r4] heldout greedy SOLVED 4732/5000 = 0.946 [0.940,0.952]
  len 2: 999/1000 = 0.999 [0.994,1.000]
  len 3: 994/1000 = 0.994 [0.987,0.997]
  len 4: 965/1000 = 0.965 [0.952,0.975]
  len 5: 922/1000 = 0.922 [0.904,0.937]
  len 6: 852/1000 = 0.852 [0.829,0.873]
  written hist {2: 1037, 3: 980, 4: 973, 5: 928, 6: 813, 7: 1}
  pruned hist {2: 1041, 3: 982, 4: 978, 5: 920, 6: 810, 7: 1}
  frontier written 6 pruned 6
  reasons [('rule check failed: ANDI', 50), ('rule check failed: IMPE', 46), ('rule check failed: ORI2', 20), ('rule check failed: DN', 17), ('rule check failed: NEGE', 15), ('parse: missing ;', 14)]
python3 train.py --data artifacts/ei_abs_s1/mix_4.jsonl --init ckpts/ei_abs_s1_r3.pt --steps 600 --lr 0.0003 --min_lr 2.9999999999999997e-05 --warmup 50 --cap 0 --out ckpts/ei_abs_s1_r4.pt --seed 1004 --log_every 200
params 3210240 mode abs shift True
train records 55100 max len 419
step 200 loss 0.0484 lr 2.53e-04 23s
step 400 loss 0.0452 lr 1.09e-04 44s
step 600 loss 0.0426 lr 3.00e-05 65s
saved ckpts/ei_abs_s1_r4.pt
=== round 4 done in 951s; new proofs 12585; cum targets solved 2233
