[frozen_abs_s0 r1] targets (this round, pass@32) SOLVED 1431/3000 = 0.477 [0.459,0.495]
  len 7: 112/300 = 0.373 [0.321,0.429]
  len 8: 117/300 = 0.390 [0.337,0.446]
  len 9: 150/300 = 0.500 [0.444,0.556]
  len 10: 188/300 = 0.627 [0.571,0.679]
  len 11: 183/300 = 0.610 [0.554,0.663]
  len 12: 168/300 = 0.560 [0.503,0.615]
  len 13: 130/300 = 0.433 [0.378,0.490]
  len 14: 126/300 = 0.420 [0.366,0.477]
  len 15: 125/300 = 0.417 [0.362,0.473]
  len 16: 132/300 = 0.440 [0.385,0.497]
  written hist {2: 317, 3: 1540, 4: 3948, 5: 7315, 6: 7798, 7: 1736, 8: 60}
  pruned hist {2: 1134, 3: 2292, 4: 6097, 5: 7241, 6: 4991, 7: 919, 8: 40}
  frontier written 8 pruned 8
  reasons [('rule check failed: IMPE', 10392), ('rule check failed: ANDI', 10204), ('rule check failed: IMPI', 7514), ('rule check failed: ORI2', 5543), ('rule check failed: NEGE', 5391), ('rule check failed: DN', 4639)]
[frozen_abs_s0 r1] targets (cumulative 32 attempts) SOLVED 1431/3000 = 0.477 [0.459,0.495]
  len 7: 112/300 = 0.373 [0.321,0.429]
  len 8: 117/300 = 0.390 [0.337,0.446]
  len 9: 150/300 = 0.500 [0.444,0.556]
  len 10: 188/300 = 0.627 [0.571,0.679]
  len 11: 183/300 = 0.610 [0.554,0.663]
  len 12: 168/300 = 0.560 [0.503,0.615]
  len 13: 130/300 = 0.433 [0.378,0.490]
  len 14: 126/300 = 0.420 [0.366,0.477]
  len 15: 125/300 = 0.417 [0.362,0.473]
  len 16: 132/300 = 0.440 [0.385,0.497]
  written hist {2: 317, 3: 1540, 4: 3948, 5: 7315, 6: 7798, 7: 1736, 8: 60}
  pruned hist {2: 1134, 3: 2292, 4: 6097, 5: 7241, 6: 4991, 7: 919, 8: 40}
  frontier written 8 pruned 8
  reasons []
[frozen_abs_s0 r1] transfer (this round, pass@32) SOLVED 770/1638 = 0.470 [0.446,0.494]
  len 7: 68/200 = 0.340 [0.278,0.408]
  len 8: 62/200 = 0.310 [0.250,0.377]
  len 9: 101/200 = 0.505 [0.436,0.574]
  len 10: 111/171 = 0.649 [0.575,0.717]
  len 11: 99/166 = 0.596 [0.520,0.668]
  len 12: 79/142 = 0.556 [0.474,0.636]
  len 13: 65/141 = 0.461 [0.381,0.543]
  len 14: 51/125 = 0.408 [0.326,0.496]
  len 15: 71/160 = 0.444 [0.369,0.521]
  len 16: 63/133 = 0.474 [0.391,0.558]
  written hist {2: 327, 3: 822, 4: 2624, 5: 3299, 6: 4605, 7: 924, 8: 6}
  pruned hist {2: 716, 3: 1401, 4: 3285, 5: 3766, 6: 3064, 7: 374, 8: 1}
  frontier written 8 pruned 7
  reasons [('rule check failed: IMPE', 6158), ('rule check failed: IMPI', 4438), ('rule check failed: ANDI', 4174), ('rule check failed: NEGE', 3178), ('rule check failed: ORI2', 2793), ('rule check failed: DN', 2608)]
[frozen_abs_s0 r1] transfer (cumulative 32 attempts) SOLVED 770/1638 = 0.470 [0.446,0.494]
  len 7: 68/200 = 0.340 [0.278,0.408]
  len 8: 62/200 = 0.310 [0.250,0.377]
  len 9: 101/200 = 0.505 [0.436,0.574]
  len 10: 111/171 = 0.649 [0.575,0.717]
  len 11: 99/166 = 0.596 [0.520,0.668]
  len 12: 79/142 = 0.556 [0.474,0.636]
  len 13: 65/141 = 0.461 [0.381,0.543]
  len 14: 51/125 = 0.408 [0.326,0.496]
  len 15: 71/160 = 0.444 [0.369,0.521]
  len 16: 63/133 = 0.474 [0.391,0.558]
  written hist {2: 327, 3: 822, 4: 2624, 5: 3299, 6: 4605, 7: 924, 8: 6}
  pruned hist {2: 716, 3: 1401, 4: 3285, 5: 3766, 6: 3064, 7: 374, 8: 1}
  frontier written 8 pruned 7
  reasons []
[frozen_abs_s0 r1] transfer greedy SOLVED 528/1638 = 0.322 [0.300,0.345]
  len 7: 46/200 = 0.230 [0.177,0.293]
  len 8: 35/200 = 0.175 [0.129,0.234]
  len 9: 82/200 = 0.410 [0.344,0.479]
  len 10: 86/171 = 0.503 [0.429,0.577]
  len 11: 71/166 = 0.428 [0.355,0.504]
  len 12: 51/142 = 0.359 [0.285,0.441]
  len 13: 42/141 = 0.298 [0.229,0.378]
  len 14: 34/125 = 0.272 [0.202,0.356]
  len 15: 40/160 = 0.250 [0.189,0.322]
  len 16: 41/133 = 0.308 [0.236,0.391]
  written hist {2: 13, 3: 32, 4: 109, 5: 141, 6: 191, 7: 42}
  pruned hist {2: 28, 3: 59, 4: 138, 5: 158, 6: 130, 7: 15}
  frontier written 7 pruned 7
  reasons [('rule check failed: IMPE', 199), ('rule check failed: IMPI', 140), ('rule check failed: ANDI', 132), ('rule check failed: NEGE', 91), ('rule check failed: ORI2', 83), ('bad box cite', 80)]
[frozen_abs_s0 r1] heldout greedy SOLVED 4739/5000 = 0.948 [0.941,0.954]
  len 2: 998/1000 = 0.998 [0.993,0.999]
  len 3: 986/1000 = 0.986 [0.977,0.992]
  len 4: 962/1000 = 0.962 [0.948,0.972]
  len 5: 920/1000 = 0.920 [0.902,0.935]
  len 6: 873/1000 = 0.873 [0.851,0.892]
  written hist {2: 1027, 3: 974, 4: 930, 5: 918, 6: 889, 7: 1}
  pruned hist {2: 1030, 3: 973, 4: 934, 5: 914, 6: 887, 7: 1}
  frontier written 6 pruned 6
  reasons [('rule check failed: ANDI', 71), ('rule check failed: IMPE', 45), ('rule check failed: ORI2', 25), ('rule check failed: NEGE', 24), ('rule check failed: IMPI', 17), ('final formula is not the conclusion', 15)]
=== round 1 done in 746s; new proofs 22714; cum targets solved 1431
[frozen_abs_s0 r2] targets (this round, pass@32) SOLVED 1406/3000 = 0.469 [0.451,0.487]
  len 7: 107/300 = 0.357 [0.305,0.412]
  len 8: 113/300 = 0.377 [0.324,0.433]
  len 9: 150/300 = 0.500 [0.444,0.556]
  len 10: 185/300 = 0.617 [0.561,0.670]
  len 11: 181/300 = 0.603 [0.547,0.657]
  len 12: 166/300 = 0.553 [0.497,0.609]
  len 13: 129/300 = 0.430 [0.375,0.487]
  len 14: 123/300 = 0.410 [0.356,0.466]
  len 15: 127/300 = 0.423 [0.369,0.480]
  len 16: 125/300 = 0.417 [0.362,0.473]
  written hist {2: 295, 3: 1504, 4: 3993, 5: 7288, 6: 7775, 7: 1733, 8: 68}
  pruned hist {2: 1097, 3: 2326, 4: 6000, 5: 7226, 6: 5052, 7: 909, 8: 46}
  frontier written 8 pruned 8
  reasons [('rule check failed: IMPE', 10402), ('rule check failed: ANDI', 10254), ('rule check failed: IMPI', 7496), ('rule check failed: ORI2', 5510), ('rule check failed: NEGE', 5302), ('rule check failed: DN', 4674)]
[frozen_abs_s0 r2] targets (cumulative 64 attempts) SOLVED 1496/3000 = 0.499 [0.481,0.517]
  len 7: 118/300 = 0.393 [0.340,0.450]
  len 8: 121/300 = 0.403 [0.349,0.460]
  len 9: 159/300 = 0.530 [0.473,0.586]
  len 10: 193/300 = 0.643 [0.588,0.695]
  len 11: 186/300 = 0.620 [0.564,0.673]
  len 12: 175/300 = 0.583 [0.527,0.638]
  len 13: 138/300 = 0.460 [0.404,0.517]
  len 14: 134/300 = 0.447 [0.391,0.503]
  len 15: 134/300 = 0.447 [0.391,0.503]
  len 16: 138/300 = 0.460 [0.404,0.517]
  written hist {2: 492, 3: 2529, 4: 6511, 5: 12256, 6: 13106, 7: 3019, 8: 116}
  pruned hist {2: 1907, 3: 3835, 4: 10004, 5: 12214, 6: 8386, 7: 1606, 8: 77}
  frontier written 8 pruned 8
  reasons []
[frozen_abs_s0 r2] transfer (this round, pass@32) SOLVED 773/1638 = 0.472 [0.448,0.496]
  len 7: 71/200 = 0.355 [0.292,0.423]
  len 8: 61/200 = 0.305 [0.245,0.372]
  len 9: 97/200 = 0.485 [0.417,0.554]
  len 10: 114/171 = 0.667 [0.593,0.733]
  len 11: 101/166 = 0.608 [0.533,0.679]
  len 12: 79/142 = 0.556 [0.474,0.636]
  len 13: 68/141 = 0.482 [0.401,0.564]
  len 14: 52/125 = 0.416 [0.333,0.504]
  len 15: 71/160 = 0.444 [0.369,0.521]
  len 16: 59/133 = 0.444 [0.362,0.528]
  written hist {2: 319, 3: 810, 4: 2612, 5: 3262, 6: 4645, 7: 963, 8: 10}
  pruned hist {2: 704, 3: 1383, 4: 3259, 5: 3791, 6: 3077, 7: 404, 8: 3}
  frontier written 8 pruned 7
  reasons [('rule check failed: IMPE', 6132), ('rule check failed: IMPI', 4468), ('rule check failed: ANDI', 4208), ('rule check failed: NEGE', 3135), ('rule check failed: ORI2', 2756), ('rule check failed: DN', 2540)]
[frozen_abs_s0 r2] transfer (cumulative 64 attempts) SOLVED 814/1638 = 0.497 [0.473,0.521]
  len 7: 76/200 = 0.380 [0.316,0.449]
  len 8: 67/200 = 0.335 [0.273,0.403]
  len 9: 102/200 = 0.510 [0.441,0.578]
  len 10: 117/171 = 0.684 [0.611,0.749]
  len 11: 102/166 = 0.614 [0.539,0.685]
  len 12: 85/142 = 0.599 [0.516,0.676]
  len 13: 69/141 = 0.489 [0.408,0.571]
  len 14: 55/125 = 0.440 [0.356,0.528]
  len 15: 76/160 = 0.475 [0.399,0.552]
  len 16: 65/133 = 0.489 [0.405,0.573]
  written hist {2: 515, 3: 1351, 4: 4289, 5: 5502, 6: 7769, 7: 1621, 8: 16}
  pruned hist {2: 1187, 3: 2303, 4: 5429, 5: 6355, 6: 5105, 7: 680, 8: 4}
  frontier written 8 pruned 7
  reasons []
[frozen_abs_s0 r2] transfer greedy SOLVED 528/1638 = 0.322 [0.300,0.345]
  len 7: 46/200 = 0.230 [0.177,0.293]
  len 8: 35/200 = 0.175 [0.129,0.234]
  len 9: 82/200 = 0.410 [0.344,0.479]
  len 10: 86/171 = 0.503 [0.429,0.577]
  len 11: 71/166 = 0.428 [0.355,0.504]
  len 12: 51/142 = 0.359 [0.285,0.441]
  len 13: 42/141 = 0.298 [0.229,0.378]
  len 14: 34/125 = 0.272 [0.202,0.356]
  len 15: 40/160 = 0.250 [0.189,0.322]
  len 16: 41/133 = 0.308 [0.236,0.391]
  written hist {2: 13, 3: 32, 4: 109, 5: 141, 6: 191, 7: 42}
  pruned hist {2: 28, 3: 59, 4: 138, 5: 158, 6: 130, 7: 15}
  frontier written 7 pruned 7
  reasons [('rule check failed: IMPE', 199), ('rule check failed: IMPI', 140), ('rule check failed: ANDI', 132), ('rule check failed: NEGE', 91), ('rule check failed: ORI2', 83), ('bad box cite', 80)]
[frozen_abs_s0 r2] heldout greedy SOLVED 4739/5000 = 0.948 [0.941,0.954]
  len 2: 998/1000 = 0.998 [0.993,0.999]
  len 3: 986/1000 = 0.986 [0.977,0.992]
  len 4: 962/1000 = 0.962 [0.948,0.972]
  len 5: 920/1000 = 0.920 [0.902,0.935]
  len 6: 873/1000 = 0.873 [0.851,0.892]
  written hist {2: 1027, 3: 974, 4: 930, 5: 918, 6: 889, 7: 1}
  pruned hist {2: 1030, 3: 973, 4: 934, 5: 914, 6: 887, 7: 1}
  frontier written 6 pruned 6
  reasons [('rule check failed: ANDI', 71), ('rule check failed: IMPE', 45), ('rule check failed: ORI2', 25), ('rule check failed: NEGE', 24), ('rule check failed: IMPI', 17), ('final formula is not the conclusion', 15)]
=== round 2 done in 633s; new proofs 15315; cum targets solved 1496
[frozen_abs_s0 r3] targets (this round, pass@32) SOLVED 1416/3000 = 0.472 [0.454,0.490]
  len 7: 114/300 = 0.380 [0.327,0.436]
  len 8: 114/300 = 0.380 [0.327,0.436]
  len 9: 147/300 = 0.490 [0.434,0.546]
  len 10: 183/300 = 0.610 [0.554,0.663]
  len 11: 182/300 = 0.607 [0.550,0.660]
  len 12: 172/300 = 0.573 [0.517,0.628]
  len 13: 127/300 = 0.423 [0.369,0.480]
  len 14: 122/300 = 0.407 [0.353,0.463]
  len 15: 123/300 = 0.410 [0.356,0.466]
  len 16: 132/300 = 0.440 [0.385,0.497]
  written hist {2: 304, 3: 1556, 4: 3906, 5: 7299, 6: 7796, 7: 1756, 8: 66}
  pruned hist {2: 1128, 3: 2309, 4: 6002, 5: 7247, 6: 5038, 7: 914, 8: 45}
  frontier written 8 pruned 8
  reasons [('rule check failed: IMPE', 10363), ('rule check failed: ANDI', 10265), ('rule check failed: IMPI', 7435), ('rule check failed: ORI2', 5540), ('rule check failed: NEGE', 5308), ('rule check failed: DN', 4762)]
[frozen_abs_s0 r3] targets (cumulative 96 attempts) SOLVED 1535/3000 = 0.512 [0.494,0.530]
  len 7: 125/300 = 0.417 [0.362,0.473]
  len 8: 125/300 = 0.417 [0.362,0.473]
  len 9: 163/300 = 0.543 [0.487,0.599]
  len 10: 196/300 = 0.653 [0.598,0.705]
  len 11: 188/300 = 0.627 [0.571,0.679]
  len 12: 181/300 = 0.603 [0.547,0.657]
  len 13: 139/300 = 0.463 [0.408,0.520]
  len 14: 136/300 = 0.453 [0.398,0.510]
  len 15: 139/300 = 0.463 [0.408,0.520]
  len 16: 143/300 = 0.477 [0.421,0.533]
  written hist {2: 587, 3: 3219, 4: 8194, 5: 15734, 6: 16907, 7: 3937, 8: 162}
  pruned hist {2: 2454, 3: 4908, 4: 12624, 5: 15865, 6: 10674, 7: 2108, 8: 107}
  frontier written 8 pruned 8
  reasons []
[frozen_abs_s0 r3] transfer (this round, pass@32) SOLVED 785/1638 = 0.479 [0.455,0.503]
  len 7: 69/200 = 0.345 [0.283,0.413]
  len 8: 66/200 = 0.330 [0.269,0.398]
  len 9: 101/200 = 0.505 [0.436,0.574]
  len 10: 113/171 = 0.661 [0.587,0.728]
  len 11: 103/166 = 0.620 [0.545,0.691]
  len 12: 76/142 = 0.535 [0.453,0.615]
  len 13: 66/141 = 0.468 [0.388,0.550]
  len 14: 53/125 = 0.424 [0.341,0.512]
  len 15: 78/160 = 0.487 [0.411,0.564]
  len 16: 60/133 = 0.451 [0.369,0.536]
  written hist {2: 308, 3: 814, 4: 2600, 5: 3318, 6: 4679, 7: 954, 8: 12}
  pruned hist {2: 675, 3: 1401, 4: 3280, 5: 3794, 6: 3123, 7: 406, 8: 6}
  frontier written 8 pruned 8
  reasons [('rule check failed: IMPE', 6099), ('rule check failed: IMPI', 4409), ('rule check failed: ANDI', 4247), ('rule check failed: NEGE', 3121), ('rule check failed: ORI2', 2793), ('rule check failed: DN', 2617)]
[frozen_abs_s0 r3] transfer (cumulative 96 attempts) SOLVED 844/1638 = 0.515 [0.491,0.539]
  len 7: 81/200 = 0.405 [0.339,0.474]
  len 8: 69/200 = 0.345 [0.283,0.413]
  len 9: 107/200 = 0.535 [0.466,0.603]
  len 10: 118/171 = 0.690 [0.617,0.755]
  len 11: 106/166 = 0.639 [0.563,0.708]
  len 12: 87/142 = 0.613 [0.531,0.689]
  len 13: 73/141 = 0.518 [0.436,0.599]
  len 14: 55/125 = 0.440 [0.356,0.528]
  len 15: 81/160 = 0.506 [0.430,0.583]
  len 16: 67/133 = 0.504 [0.420,0.587]
  written hist {2: 622, 3: 1713, 4: 5406, 5: 7050, 6: 10086, 7: 2137, 8: 27}
  pruned hist {2: 1492, 3: 2968, 4: 6875, 5: 8248, 6: 6539, 7: 909, 8: 10}
  frontier written 8 pruned 8
  reasons []
[frozen_abs_s0 r3] transfer greedy SOLVED 528/1638 = 0.322 [0.300,0.345]
  len 7: 46/200 = 0.230 [0.177,0.293]
  len 8: 35/200 = 0.175 [0.129,0.234]
  len 9: 82/200 = 0.410 [0.344,0.479]
  len 10: 86/171 = 0.503 [0.429,0.577]
  len 11: 71/166 = 0.428 [0.355,0.504]
  len 12: 51/142 = 0.359 [0.285,0.441]
  len 13: 42/141 = 0.298 [0.229,0.378]
  len 14: 34/125 = 0.272 [0.202,0.356]
  len 15: 40/160 = 0.250 [0.189,0.322]
  len 16: 41/133 = 0.308 [0.236,0.391]
  written hist {2: 13, 3: 32, 4: 109, 5: 141, 6: 191, 7: 42}
  pruned hist {2: 28, 3: 59, 4: 138, 5: 158, 6: 130, 7: 15}
  frontier written 7 pruned 7
  reasons [('rule check failed: IMPE', 199), ('rule check failed: IMPI', 140), ('rule check failed: ANDI', 132), ('rule check failed: NEGE', 91), ('rule check failed: ORI2', 83), ('bad box cite', 80)]
[frozen_abs_s0 r3] heldout greedy SOLVED 4739/5000 = 0.948 [0.941,0.954]
  len 2: 998/1000 = 0.998 [0.993,0.999]
  len 3: 986/1000 = 0.986 [0.977,0.992]
  len 4: 962/1000 = 0.962 [0.948,0.972]
  len 5: 920/1000 = 0.920 [0.902,0.935]
  len 6: 873/1000 = 0.873 [0.851,0.892]
  written hist {2: 1027, 3: 974, 4: 930, 5: 918, 6: 889, 7: 1}
  pruned hist {2: 1030, 3: 973, 4: 934, 5: 914, 6: 887, 7: 1}
  frontier written 6 pruned 6
  reasons [('rule check failed: ANDI', 71), ('rule check failed: IMPE', 45), ('rule check failed: ORI2', 25), ('rule check failed: NEGE', 24), ('rule check failed: IMPI', 17), ('final formula is not the conclusion', 15)]
=== round 3 done in 645s; new proofs 10711; cum targets solved 1535
[frozen_abs_s0 r4] targets (this round, pass@32) SOLVED 1433/3000 = 0.478 [0.460,0.496]
  len 7: 116/300 = 0.387 [0.333,0.443]
  len 8: 116/300 = 0.387 [0.333,0.443]
  len 9: 148/300 = 0.493 [0.437,0.550]
  len 10: 184/300 = 0.613 [0.557,0.667]
  len 11: 185/300 = 0.617 [0.561,0.670]
  len 12: 171/300 = 0.570 [0.513,0.625]
  len 13: 125/300 = 0.417 [0.362,0.473]
  len 14: 128/300 = 0.427 [0.372,0.483]
  len 15: 130/300 = 0.433 [0.378,0.490]
  len 16: 130/300 = 0.433 [0.378,0.490]
  written hist {2: 292, 3: 1513, 4: 3960, 5: 7390, 6: 7863, 7: 1758, 8: 60}
  pruned hist {2: 1112, 3: 2293, 4: 6099, 5: 7275, 6: 5072, 7: 950, 8: 35}
  frontier written 8 pruned 8
  reasons [('rule check failed: IMPE', 10542), ('rule check failed: ANDI', 10146), ('rule check failed: IMPI', 7490), ('rule check failed: ORI2', 5468), ('rule check failed: NEGE', 5421), ('rule check failed: DN', 4619)]
[frozen_abs_s0 r4] targets (cumulative 128 attempts) SOLVED 1568/3000 = 0.523 [0.505,0.541]
  len 7: 130/300 = 0.433 [0.378,0.490]
  len 8: 127/300 = 0.423 [0.369,0.480]
  len 9: 164/300 = 0.547 [0.490,0.602]
  len 10: 197/300 = 0.657 [0.601,0.708]
  len 11: 193/300 = 0.643 [0.588,0.695]
  len 12: 185/300 = 0.617 [0.561,0.670]
  len 13: 140/300 = 0.467 [0.411,0.523]
  len 14: 141/300 = 0.470 [0.414,0.527]
  len 15: 145/300 = 0.483 [0.427,0.540]
  len 16: 146/300 = 0.487 [0.431,0.543]
  written hist {2: 653, 3: 3695, 4: 9364, 5: 18253, 6: 19676, 7: 4662, 8: 191}
  pruned hist {2: 2866, 3: 5654, 4: 14527, 5: 18486, 6: 12303, 7: 2537, 8: 121}
  frontier written 8 pruned 8
  reasons []
[frozen_abs_s0 r4] transfer (this round, pass@32) SOLVED 777/1638 = 0.474 [0.450,0.499]
  len 7: 69/200 = 0.345 [0.283,0.413]
  len 8: 69/200 = 0.345 [0.283,0.413]
  len 9: 106/200 = 0.530 [0.461,0.598]
  len 10: 111/171 = 0.649 [0.575,0.717]
  len 11: 99/166 = 0.596 [0.520,0.668]
  len 12: 79/142 = 0.556 [0.474,0.636]
  len 13: 65/141 = 0.461 [0.381,0.543]
  len 14: 48/125 = 0.384 [0.303,0.472]
  len 15: 70/160 = 0.438 [0.363,0.515]
  len 16: 61/133 = 0.459 [0.376,0.543]
  written hist {2: 333, 3: 796, 4: 2595, 5: 3340, 6: 4509, 7: 976, 8: 8}
  pruned hist {2: 713, 3: 1378, 4: 3271, 5: 3783, 6: 3001, 7: 410, 8: 1}
  frontier written 8 pruned 7
  reasons [('rule check failed: IMPE', 6028), ('rule check failed: IMPI', 4480), ('rule check failed: ANDI', 4281), ('rule check failed: NEGE', 3161), ('rule check failed: ORI2', 2800), ('rule check failed: DN', 2549)]
[frozen_abs_s0 r4] transfer (cumulative 128 attempts) SOLVED 864/1638 = 0.527 [0.503,0.552]
  len 7: 82/200 = 0.410 [0.344,0.479]
  len 8: 73/200 = 0.365 [0.301,0.434]
  len 9: 114/200 = 0.570 [0.501,0.637]
  len 10: 118/171 = 0.690 [0.617,0.755]
  len 11: 107/166 = 0.645 [0.569,0.713]
  len 12: 90/142 = 0.634 [0.552,0.709]
  len 13: 75/141 = 0.532 [0.450,0.612]
  len 14: 56/125 = 0.448 [0.364,0.535]
  len 15: 81/160 = 0.506 [0.430,0.583]
  len 16: 68/133 = 0.511 [0.427,0.595]
  written hist {2: 711, 3: 1953, 4: 6108, 5: 8195, 6: 11669, 7: 2541, 8: 32}
  pruned hist {2: 1745, 3: 3396, 4: 7860, 5: 9600, 6: 7497, 7: 1100, 8: 11}
  frontier written 8 pruned 8
  reasons []
[frozen_abs_s0 r4] transfer greedy SOLVED 528/1638 = 0.322 [0.300,0.345]
  len 7: 46/200 = 0.230 [0.177,0.293]
  len 8: 35/200 = 0.175 [0.129,0.234]
  len 9: 82/200 = 0.410 [0.344,0.479]
  len 10: 86/171 = 0.503 [0.429,0.577]
  len 11: 71/166 = 0.428 [0.355,0.504]
  len 12: 51/142 = 0.359 [0.285,0.441]
  len 13: 42/141 = 0.298 [0.229,0.378]
  len 14: 34/125 = 0.272 [0.202,0.356]
  len 15: 40/160 = 0.250 [0.189,0.322]
  len 16: 41/133 = 0.308 [0.236,0.391]
  written hist {2: 13, 3: 32, 4: 109, 5: 141, 6: 191, 7: 42}
  pruned hist {2: 28, 3: 59, 4: 138, 5: 158, 6: 130, 7: 15}
  frontier written 7 pruned 7
  reasons [('rule check failed: IMPE', 199), ('rule check failed: IMPI', 140), ('rule check failed: ANDI', 132), ('rule check failed: NEGE', 91), ('rule check failed: ORI2', 83), ('bad box cite', 80)]
[frozen_abs_s0 r4] heldout greedy SOLVED 4739/5000 = 0.948 [0.941,0.954]
  len 2: 998/1000 = 0.998 [0.993,0.999]
  len 3: 986/1000 = 0.986 [0.977,0.992]
  len 4: 962/1000 = 0.962 [0.948,0.972]
  len 5: 920/1000 = 0.920 [0.902,0.935]
  len 6: 873/1000 = 0.873 [0.851,0.892]
  written hist {2: 1027, 3: 974, 4: 930, 5: 918, 6: 889, 7: 1}
  pruned hist {2: 1030, 3: 973, 4: 934, 5: 914, 6: 887, 7: 1}
  frontier written 6 pruned 6
  reasons [('rule check failed: ANDI', 71), ('rule check failed: IMPE', 45), ('rule check failed: ORI2', 25), ('rule check failed: NEGE', 24), ('rule check failed: IMPI', 17), ('final formula is not the conclusion', 15)]
=== round 4 done in 632s; new proofs 7754; cum targets solved 1568
[frozen_abs_s0 r5] targets (this round, pass@32) SOLVED 1427/3000 = 0.476 [0.458,0.494]
  len 7: 110/300 = 0.367 [0.314,0.423]
  len 8: 111/300 = 0.370 [0.317,0.426]
  len 9: 152/300 = 0.507 [0.450,0.563]
  len 10: 185/300 = 0.617 [0.561,0.670]
  len 11: 183/300 = 0.610 [0.554,0.663]
  len 12: 172/300 = 0.573 [0.517,0.628]
  len 13: 130/300 = 0.433 [0.378,0.490]
  len 14: 124/300 = 0.413 [0.359,0.470]
  len 15: 126/300 = 0.420 [0.366,0.477]
  len 16: 134/300 = 0.447 [0.391,0.503]
  written hist {2: 298, 3: 1503, 4: 3954, 5: 7320, 6: 7834, 7: 1722, 8: 59}
  pruned hist {2: 1127, 3: 2273, 4: 6048, 5: 7299, 6: 5002, 7: 902, 8: 39}
  frontier written 8 pruned 8
  reasons [('rule check failed: IMPE', 10422), ('rule check failed: ANDI', 10147), ('rule check failed: IMPI', 7514), ('rule check failed: ORI2', 5514), ('rule check failed: NEGE', 5404), ('rule check failed: DN', 4642)]
[frozen_abs_s0 r5] targets (cumulative 160 attempts) SOLVED 1586/3000 = 0.529 [0.511,0.546]
  len 7: 133/300 = 0.443 [0.388,0.500]
  len 8: 128/300 = 0.427 [0.372,0.483]
  len 9: 167/300 = 0.557 [0.500,0.612]
  len 10: 199/300 = 0.663 [0.608,0.714]
  len 11: 193/300 = 0.643 [0.588,0.695]
  len 12: 186/300 = 0.620 [0.564,0.673]
  len 13: 142/300 = 0.473 [0.418,0.530]
  len 14: 142/300 = 0.473 [0.418,0.530]
  len 15: 149/300 = 0.497 [0.440,0.553]
  len 16: 147/300 = 0.490 [0.434,0.546]
  written hist {2: 685, 3: 4024, 4: 10219, 5: 20167, 6: 21877, 7: 5281, 8: 227}
  pruned hist {2: 3168, 3: 6215, 4: 15949, 5: 20544, 6: 13542, 7: 2921, 8: 141}
  frontier written 8 pruned 8
  reasons []
[frozen_abs_s0 r5] transfer (this round, pass@32) SOLVED 782/1638 = 0.477 [0.453,0.502]
  len 7: 70/200 = 0.350 [0.287,0.418]
  len 8: 67/200 = 0.335 [0.273,0.403]
  len 9: 98/200 = 0.490 [0.422,0.559]
  len 10: 114/171 = 0.667 [0.593,0.733]
  len 11: 99/166 = 0.596 [0.520,0.668]
  len 12: 79/142 = 0.556 [0.474,0.636]
  len 13: 64/141 = 0.454 [0.374,0.536]
  len 14: 50/125 = 0.400 [0.318,0.488]
  len 15: 76/160 = 0.475 [0.399,0.552]
  len 16: 65/133 = 0.489 [0.405,0.573]
  written hist {2: 322, 3: 809, 4: 2612, 5: 3327, 6: 4648, 7: 969, 8: 5}
  pruned hist {2: 702, 3: 1390, 4: 3277, 5: 3813, 6: 3087, 7: 422, 8: 1}
  frontier written 8 pruned 7
  reasons [('rule check failed: IMPE', 6113), ('rule check failed: IMPI', 4425), ('rule check failed: ANDI', 4260), ('rule check failed: NEGE', 3152), ('rule check failed: ORI2', 2705), ('rule check failed: DN', 2603)]
[frozen_abs_s0 r5] transfer (cumulative 160 attempts) SOLVED 877/1638 = 0.535 [0.511,0.559]
  len 7: 84/200 = 0.420 [0.354,0.489]
  len 8: 75/200 = 0.375 [0.311,0.444]
  len 9: 115/200 = 0.575 [0.506,0.641]
  len 10: 120/171 = 0.702 [0.629,0.765]
  len 11: 107/166 = 0.645 [0.569,0.713]
  len 12: 91/142 = 0.641 [0.559,0.715]
  len 13: 75/141 = 0.532 [0.450,0.612]
  len 14: 56/125 = 0.448 [0.364,0.535]
  len 15: 85/160 = 0.531 [0.454,0.607]
  len 16: 69/133 = 0.519 [0.435,0.602]
  written hist {2: 748, 3: 2154, 4: 6644, 5: 8980, 6: 12867, 7: 2891, 8: 36}
  pruned hist {2: 1920, 3: 3718, 4: 8592, 5: 10596, 6: 8203, 7: 1279, 8: 12}
  frontier written 8 pruned 8
  reasons []
[frozen_abs_s0 r5] transfer greedy SOLVED 528/1638 = 0.322 [0.300,0.345]
  len 7: 46/200 = 0.230 [0.177,0.293]
  len 8: 35/200 = 0.175 [0.129,0.234]
  len 9: 82/200 = 0.410 [0.344,0.479]
  len 10: 86/171 = 0.503 [0.429,0.577]
  len 11: 71/166 = 0.428 [0.355,0.504]
  len 12: 51/142 = 0.359 [0.285,0.441]
  len 13: 42/141 = 0.298 [0.229,0.378]
  len 14: 34/125 = 0.272 [0.202,0.356]
  len 15: 40/160 = 0.250 [0.189,0.322]
  len 16: 41/133 = 0.308 [0.236,0.391]
  written hist {2: 13, 3: 32, 4: 109, 5: 141, 6: 191, 7: 42}
  pruned hist {2: 28, 3: 59, 4: 138, 5: 158, 6: 130, 7: 15}
  frontier written 7 pruned 7
  reasons [('rule check failed: IMPE', 199), ('rule check failed: IMPI', 140), ('rule check failed: ANDI', 132), ('rule check failed: NEGE', 91), ('rule check failed: ORI2', 83), ('bad box cite', 80)]
[frozen_abs_s0 r5] heldout greedy SOLVED 4739/5000 = 0.948 [0.941,0.954]
  len 2: 998/1000 = 0.998 [0.993,0.999]
  len 3: 986/1000 = 0.986 [0.977,0.992]
  len 4: 962/1000 = 0.962 [0.948,0.972]
  len 5: 920/1000 = 0.920 [0.902,0.935]
  len 6: 873/1000 = 0.873 [0.851,0.892]
  written hist {2: 1027, 3: 974, 4: 930, 5: 918, 6: 889, 7: 1}
  pruned hist {2: 1030, 3: 973, 4: 934, 5: 914, 6: 887, 7: 1}
  frontier written 6 pruned 6
  reasons [('rule check failed: ANDI', 71), ('rule check failed: IMPE', 45), ('rule check failed: ORI2', 25), ('rule check failed: NEGE', 24), ('rule check failed: IMPI', 17), ('final formula is not the conclusion', 15)]
=== round 5 done in 662s; new proofs 5986; cum targets solved 1586
[frozen_abs_s0 r6] targets (this round, pass@32) SOLVED 1417/3000 = 0.472 [0.455,0.490]
  len 7: 109/300 = 0.363 [0.311,0.419]
  len 8: 113/300 = 0.377 [0.324,0.433]
  len 9: 149/300 = 0.497 [0.440,0.553]
  len 10: 185/300 = 0.617 [0.561,0.670]
  len 11: 180/300 = 0.600 [0.544,0.654]
  len 12: 163/300 = 0.543 [0.487,0.599]
  len 13: 128/300 = 0.427 [0.372,0.483]
  len 14: 127/300 = 0.423 [0.369,0.480]
  len 15: 131/300 = 0.437 [0.382,0.493]
  len 16: 132/300 = 0.440 [0.385,0.497]
  written hist {2: 293, 3: 1522, 4: 3966, 5: 7268, 6: 7924, 7: 1724, 8: 67}
  pruned hist {2: 1095, 3: 2294, 4: 6060, 5: 7243, 6: 5093, 7: 934, 8: 45}
  frontier written 8 pruned 8
  reasons [('rule check failed: IMPE', 10490), ('rule check failed: ANDI', 10183), ('rule check failed: IMPI', 7466), ('rule check failed: ORI2', 5469), ('rule check failed: NEGE', 5269), ('rule check failed: DN', 4684)]
[frozen_abs_s0 r6] targets (cumulative 192 attempts) SOLVED 1594/3000 = 0.531 [0.513,0.549]
  len 7: 133/300 = 0.443 [0.388,0.500]
  len 8: 129/300 = 0.430 [0.375,0.487]
  len 9: 167/300 = 0.557 [0.500,0.612]
  len 10: 200/300 = 0.667 [0.612,0.718]
  len 11: 193/300 = 0.643 [0.588,0.695]
  len 12: 188/300 = 0.627 [0.571,0.679]
  len 13: 142/300 = 0.473 [0.418,0.530]
  len 14: 142/300 = 0.473 [0.418,0.530]
  len 15: 150/300 = 0.500 [0.444,0.556]
  len 16: 150/300 = 0.500 [0.444,0.556]
  written hist {2: 719, 3: 4292, 4: 10832, 5: 21549, 6: 23559, 7: 5730, 8: 270}
  pruned hist {2: 3420, 3: 6649, 4: 16953, 5: 22130, 6: 14430, 7: 3200, 8: 169}
  frontier written 8 pruned 8
  reasons []
[frozen_abs_s0 r6] transfer (this round, pass@32) SOLVED 779/1638 = 0.476 [0.451,0.500]
  len 7: 69/200 = 0.345 [0.283,0.413]
  len 8: 64/200 = 0.320 [0.259,0.388]
  len 9: 101/200 = 0.505 [0.436,0.574]
  len 10: 113/171 = 0.661 [0.587,0.728]
  len 11: 103/166 = 0.620 [0.545,0.691]
  len 12: 81/142 = 0.570 [0.488,0.649]
  len 13: 64/141 = 0.454 [0.374,0.536]
  len 14: 49/125 = 0.392 [0.311,0.480]
  len 15: 73/160 = 0.456 [0.381,0.534]
  len 16: 62/133 = 0.466 [0.384,0.551]
  written hist {2: 338, 3: 796, 4: 2607, 5: 3303, 6: 4632, 7: 943, 8: 5}
  pruned hist {2: 716, 3: 1373, 4: 3258, 5: 3811, 6: 3064, 7: 400, 8: 2}
  frontier written 8 pruned 7
  reasons [('rule check failed: IMPE', 6092), ('rule check failed: IMPI', 4406), ('rule check failed: ANDI', 4294), ('rule check failed: NEGE', 3158), ('rule check failed: ORI2', 2758), ('rule check failed: DN', 2571)]
[frozen_abs_s0 r6] transfer (cumulative 192 attempts) SOLVED 889/1638 = 0.543 [0.519,0.567]
  len 7: 86/200 = 0.430 [0.363,0.499]
  len 8: 76/200 = 0.380 [0.316,0.449]
  len 9: 116/200 = 0.580 [0.511,0.646]
  len 10: 121/171 = 0.708 [0.635,0.771]
  len 11: 109/166 = 0.657 [0.582,0.725]
  len 12: 93/142 = 0.655 [0.574,0.728]
  len 13: 75/141 = 0.532 [0.450,0.612]
  len 14: 56/125 = 0.448 [0.364,0.535]
  len 15: 87/160 = 0.544 [0.466,0.619]
  len 16: 70/133 = 0.526 [0.442,0.609]
  written hist {2: 785, 3: 2284, 4: 7017, 5: 9631, 6: 13837, 7: 3165, 8: 40}
  pruned hist {2: 2070, 3: 3940, 4: 9134, 5: 11440, 6: 8748, 7: 1413, 8: 14}
  frontier written 8 pruned 8
  reasons []
[frozen_abs_s0 r6] transfer greedy SOLVED 528/1638 = 0.322 [0.300,0.345]
  len 7: 46/200 = 0.230 [0.177,0.293]
  len 8: 35/200 = 0.175 [0.129,0.234]
  len 9: 82/200 = 0.410 [0.344,0.479]
  len 10: 86/171 = 0.503 [0.429,0.577]
  len 11: 71/166 = 0.428 [0.355,0.504]
  len 12: 51/142 = 0.359 [0.285,0.441]
  len 13: 42/141 = 0.298 [0.229,0.378]
  len 14: 34/125 = 0.272 [0.202,0.356]
  len 15: 40/160 = 0.250 [0.189,0.322]
  len 16: 41/133 = 0.308 [0.236,0.391]
  written hist {2: 13, 3: 32, 4: 109, 5: 141, 6: 191, 7: 42}
  pruned hist {2: 28, 3: 59, 4: 138, 5: 158, 6: 130, 7: 15}
  frontier written 7 pruned 7
  reasons [('rule check failed: IMPE', 199), ('rule check failed: IMPI', 140), ('rule check failed: ANDI', 132), ('rule check failed: NEGE', 91), ('rule check failed: ORI2', 83), ('bad box cite', 80)]
[frozen_abs_s0 r6] heldout greedy SOLVED 4739/5000 = 0.948 [0.941,0.954]
  len 2: 998/1000 = 0.998 [0.993,0.999]
  len 3: 986/1000 = 0.986 [0.977,0.992]
  len 4: 962/1000 = 0.962 [0.948,0.972]
  len 5: 920/1000 = 0.920 [0.902,0.935]
  len 6: 873/1000 = 0.873 [0.851,0.892]
  written hist {2: 1027, 3: 974, 4: 930, 5: 918, 6: 889, 7: 1}
  pruned hist {2: 1030, 3: 973, 4: 934, 5: 914, 6: 887, 7: 1}
  frontier written 6 pruned 6
  reasons [('rule check failed: ANDI', 71), ('rule check failed: IMPE', 45), ('rule check failed: ORI2', 25), ('rule check failed: NEGE', 24), ('rule check failed: IMPI', 17), ('final formula is not the conclusion', 15)]
=== round 6 done in 636s; new proofs 4471; cum targets solved 1594
[frozen_abs_s0 r7] targets (this round, pass@32) SOLVED 1422/3000 = 0.474 [0.456,0.492]
  len 7: 113/300 = 0.377 [0.324,0.433]
  len 8: 113/300 = 0.377 [0.324,0.433]
  len 9: 145/300 = 0.483 [0.427,0.540]
  len 10: 184/300 = 0.613 [0.557,0.667]
  len 11: 184/300 = 0.613 [0.557,0.667]
  len 12: 171/300 = 0.570 [0.513,0.625]
  len 13: 127/300 = 0.423 [0.369,0.480]
  len 14: 128/300 = 0.427 [0.372,0.483]
  len 15: 122/300 = 0.407 [0.353,0.463]
  len 16: 135/300 = 0.450 [0.395,0.507]
  written hist {2: 299, 3: 1542, 4: 3949, 5: 7308, 6: 7884, 7: 1775, 8: 61}
  pruned hist {2: 1127, 3: 2288, 4: 6079, 5: 7281, 6: 5043, 7: 951, 8: 49}
  frontier written 8 pruned 8
  reasons [('rule check failed: IMPE', 10395), ('rule check failed: ANDI', 10201), ('rule check failed: IMPI', 7501), ('rule check failed: ORI2', 5547), ('rule check failed: NEGE', 5371), ('rule check failed: DN', 4630)]
[frozen_abs_s0 r7] targets (cumulative 224 attempts) SOLVED 1610/3000 = 0.537 [0.519,0.554]
  len 7: 136/300 = 0.453 [0.398,0.510]
  len 8: 129/300 = 0.430 [0.375,0.487]
  len 9: 169/300 = 0.563 [0.507,0.618]
  len 10: 200/300 = 0.667 [0.612,0.718]
  len 11: 195/300 = 0.650 [0.594,0.702]
  len 12: 190/300 = 0.633 [0.577,0.686]
  len 13: 143/300 = 0.477 [0.421,0.533]
  len 14: 142/300 = 0.473 [0.418,0.530]
  len 15: 151/300 = 0.503 [0.447,0.560]
  len 16: 155/300 = 0.517 [0.460,0.573]
  written hist {2: 733, 3: 4492, 4: 11306, 5: 22716, 6: 24907, 7: 6190, 8: 306}
  pruned hist {2: 3614, 3: 6989, 4: 17809, 5: 23427, 6: 15134, 7: 3479, 8: 198}
  frontier written 8 pruned 8
  reasons []
[frozen_abs_s0 r7] transfer (this round, pass@32) SOLVED 777/1638 = 0.474 [0.450,0.499]
  len 7: 69/200 = 0.345 [0.283,0.413]
  len 8: 60/200 = 0.300 [0.241,0.367]
  len 9: 102/200 = 0.510 [0.441,0.578]
  len 10: 113/171 = 0.661 [0.587,0.728]
  len 11: 99/166 = 0.596 [0.520,0.668]
  len 12: 79/142 = 0.556 [0.474,0.636]
  len 13: 66/141 = 0.468 [0.388,0.550]
  len 14: 53/125 = 0.424 [0.341,0.512]
  len 15: 73/160 = 0.456 [0.381,0.534]
  len 16: 63/133 = 0.474 [0.391,0.558]
  written hist {2: 308, 3: 808, 4: 2654, 5: 3320, 6: 4537, 7: 910, 8: 10}
  pruned hist {2: 696, 3: 1415, 4: 3272, 5: 3755, 6: 3018, 7: 389, 8: 2}
  frontier written 8 pruned 7
  reasons [('rule check failed: IMPE', 6097), ('rule check failed: IMPI', 4509), ('rule check failed: ANDI', 4292), ('rule check failed: NEGE', 3205), ('rule check failed: ORI2', 2757), ('rule check failed: DN', 2553)]
[frozen_abs_s0 r7] transfer (cumulative 224 attempts) SOLVED 899/1638 = 0.549 [0.525,0.573]
  len 7: 87/200 = 0.435 [0.368,0.504]
  len 8: 76/200 = 0.380 [0.316,0.449]
  len 9: 116/200 = 0.580 [0.511,0.646]
  len 10: 121/171 = 0.708 [0.635,0.771]
  len 11: 109/166 = 0.657 [0.582,0.725]
  len 12: 93/142 = 0.655 [0.574,0.728]
  len 13: 76/141 = 0.539 [0.457,0.619]
  len 14: 60/125 = 0.480 [0.394,0.567]
  len 15: 89/160 = 0.556 [0.479,0.631]
  len 16: 72/133 = 0.541 [0.457,0.624]
  written hist {2: 800, 3: 2382, 4: 7298, 5: 10138, 6: 14604, 7: 3396, 8: 45}
  pruned hist {2: 2173, 3: 4117, 4: 9552, 5: 12096, 6: 9177, 7: 1532, 8: 16}
  frontier written 8 pruned 8
  reasons []
[frozen_abs_s0 r7] transfer greedy SOLVED 528/1638 = 0.322 [0.300,0.345]
  len 7: 46/200 = 0.230 [0.177,0.293]
  len 8: 35/200 = 0.175 [0.129,0.234]
  len 9: 82/200 = 0.410 [0.344,0.479]
  len 10: 86/171 = 0.503 [0.429,0.577]
  len 11: 71/166 = 0.428 [0.355,0.504]
  len 12: 51/142 = 0.359 [0.285,0.441]
  len 13: 42/141 = 0.298 [0.229,0.378]
  len 14: 34/125 = 0.272 [0.202,0.356]
  len 15: 40/160 = 0.250 [0.189,0.322]
  len 16: 41/133 = 0.308 [0.236,0.391]
  written hist {2: 13, 3: 32, 4: 109, 5: 141, 6: 191, 7: 42}
  pruned hist {2: 28, 3: 59, 4: 138, 5: 158, 6: 130, 7: 15}
  frontier written 7 pruned 7
  reasons [('rule check failed: IMPE', 199), ('rule check failed: IMPI', 140), ('rule check failed: ANDI', 132), ('rule check failed: NEGE', 91), ('rule check failed: ORI2', 83), ('bad box cite', 80)]
[frozen_abs_s0 r7] heldout greedy SOLVED 4739/5000 = 0.948 [0.941,0.954]
  len 2: 998/1000 = 0.998 [0.993,0.999]
  len 3: 986/1000 = 0.986 [0.977,0.992]
  len 4: 962/1000 = 0.962 [0.948,0.972]
  len 5: 920/1000 = 0.920 [0.902,0.935]
  len 6: 873/1000 = 0.873 [0.851,0.892]
  written hist {2: 1027, 3: 974, 4: 930, 5: 918, 6: 889, 7: 1}
  pruned hist {2: 1030, 3: 973, 4: 934, 5: 914, 6: 887, 7: 1}
  frontier written 6 pruned 6
  reasons [('rule check failed: ANDI', 71), ('rule check failed: IMPE', 45), ('rule check failed: ORI2', 25), ('rule check failed: NEGE', 24), ('rule check failed: IMPI', 17), ('final formula is not the conclusion', 15)]
=== round 7 done in 642s; new proofs 3699; cum targets solved 1610
[frozen_abs_s0 r8] targets (this round, pass@32) SOLVED 1405/3000 = 0.468 [0.451,0.486]
  len 7: 111/300 = 0.370 [0.317,0.426]
  len 8: 115/300 = 0.383 [0.330,0.439]
  len 9: 149/300 = 0.497 [0.440,0.553]
  len 10: 185/300 = 0.617 [0.561,0.670]
  len 11: 178/300 = 0.593 [0.537,0.647]
  len 12: 163/300 = 0.543 [0.487,0.599]
  len 13: 129/300 = 0.430 [0.375,0.487]
  len 14: 125/300 = 0.417 [0.362,0.473]
  len 15: 122/300 = 0.407 [0.353,0.463]
  len 16: 128/300 = 0.427 [0.372,0.483]
  written hist {2: 307, 3: 1507, 4: 3968, 5: 7216, 6: 7813, 7: 1782, 8: 68}
  pruned hist {2: 1098, 3: 2338, 4: 5994, 5: 7226, 6: 4967, 7: 989, 8: 49}
  frontier written 8 pruned 8
  reasons [('rule check failed: IMPE', 10419), ('rule check failed: ANDI', 10285), ('rule check failed: IMPI', 7581), ('rule check failed: ORI2', 5438), ('rule check failed: NEGE', 5339), ('rule check failed: DN', 4652)]
[frozen_abs_s0 r8] targets (cumulative 256 attempts) SOLVED 1621/3000 = 0.540 [0.522,0.558]
  len 7: 136/300 = 0.453 [0.398,0.510]
  len 8: 132/300 = 0.440 [0.385,0.497]
  len 9: 170/300 = 0.567 [0.510,0.622]
  len 10: 202/300 = 0.673 [0.618,0.724]
  len 11: 195/300 = 0.650 [0.594,0.702]
  len 12: 192/300 = 0.640 [0.584,0.692]
  len 13: 145/300 = 0.483 [0.427,0.540]
  len 14: 142/300 = 0.473 [0.418,0.530]
  len 15: 151/300 = 0.503 [0.447,0.560]
  len 16: 156/300 = 0.520 [0.464,0.576]
  written hist {2: 740, 3: 4642, 4: 11672, 5: 23630, 6: 25948, 7: 6545, 8: 333}
  pruned hist {2: 3772, 3: 7274, 4: 18425, 5: 24440, 6: 15674, 7: 3706, 8: 219}
  frontier written 8 pruned 8
  reasons []
[frozen_abs_s0 r8] transfer (this round, pass@32) SOLVED 796/1638 = 0.486 [0.462,0.510]
  len 7: 73/200 = 0.365 [0.301,0.434]
  len 8: 65/200 = 0.325 [0.264,0.393]
  len 9: 109/200 = 0.545 [0.476,0.613]
  len 10: 113/171 = 0.661 [0.587,0.728]
  len 11: 101/166 = 0.608 [0.533,0.679]
  len 12: 80/142 = 0.563 [0.481,0.642]
  len 13: 65/141 = 0.461 [0.381,0.543]
  len 14: 51/125 = 0.408 [0.326,0.496]
  len 15: 75/160 = 0.469 [0.393,0.546]
  len 16: 64/133 = 0.481 [0.398,0.565]
  written hist {2: 324, 3: 783, 4: 2645, 5: 3252, 6: 4610, 7: 963, 8: 13}
  pruned hist {2: 690, 3: 1386, 4: 3254, 5: 3794, 6: 3041, 7: 419, 8: 6}
  frontier written 8 pruned 8
  reasons [('rule check failed: IMPE', 6207), ('rule check failed: IMPI', 4467), ('rule check failed: ANDI', 4253), ('rule check failed: NEGE', 3112), ('rule check failed: ORI2', 2695), ('rule check failed: DN', 2593)]
[frozen_abs_s0 r8] transfer (cumulative 256 attempts) SOLVED 906/1638 = 0.553 [0.529,0.577]
  len 7: 87/200 = 0.435 [0.368,0.504]
  len 8: 76/200 = 0.380 [0.316,0.449]
  len 9: 118/200 = 0.590 [0.521,0.656]
  len 10: 122/171 = 0.713 [0.642,0.776]
  len 11: 109/166 = 0.657 [0.582,0.725]
  len 12: 95/142 = 0.669 [0.588,0.741]
  len 13: 77/141 = 0.546 [0.464,0.626]
  len 14: 60/125 = 0.480 [0.394,0.567]
  len 15: 89/160 = 0.556 [0.479,0.631]
  len 16: 73/133 = 0.549 [0.464,0.631]
  written hist {2: 805, 3: 2443, 4: 7532, 5: 10557, 6: 15227, 7: 3619, 8: 54}
  pruned hist {2: 2240, 3: 4268, 4: 9876, 5: 12655, 6: 9521, 7: 1655, 8: 22}
  frontier written 8 pruned 8
  reasons []
[frozen_abs_s0 r8] transfer greedy SOLVED 528/1638 = 0.322 [0.300,0.345]
  len 7: 46/200 = 0.230 [0.177,0.293]
  len 8: 35/200 = 0.175 [0.129,0.234]
  len 9: 82/200 = 0.410 [0.344,0.479]
  len 10: 86/171 = 0.503 [0.429,0.577]
  len 11: 71/166 = 0.428 [0.355,0.504]
  len 12: 51/142 = 0.359 [0.285,0.441]
  len 13: 42/141 = 0.298 [0.229,0.378]
  len 14: 34/125 = 0.272 [0.202,0.356]
  len 15: 40/160 = 0.250 [0.189,0.322]
  len 16: 41/133 = 0.308 [0.236,0.391]
  written hist {2: 13, 3: 32, 4: 109, 5: 141, 6: 191, 7: 42}
  pruned hist {2: 28, 3: 59, 4: 138, 5: 158, 6: 130, 7: 15}
  frontier written 7 pruned 7
  reasons [('rule check failed: IMPE', 199), ('rule check failed: IMPI', 140), ('rule check failed: ANDI', 132), ('rule check failed: NEGE', 91), ('rule check failed: ORI2', 83), ('bad box cite', 80)]
[frozen_abs_s0 r8] heldout greedy SOLVED 4739/5000 = 0.948 [0.941,0.954]
  len 2: 998/1000 = 0.998 [0.993,0.999]
  len 3: 986/1000 = 0.986 [0.977,0.992]
  len 4: 962/1000 = 0.962 [0.948,0.972]
  len 5: 920/1000 = 0.920 [0.902,0.935]
  len 6: 873/1000 = 0.873 [0.851,0.892]
  written hist {2: 1027, 3: 974, 4: 930, 5: 918, 6: 889, 7: 1}
  pruned hist {2: 1030, 3: 973, 4: 934, 5: 914, 6: 887, 7: 1}
  frontier written 6 pruned 6
  reasons [('rule check failed: ANDI', 71), ('rule check failed: IMPE', 45), ('rule check failed: ORI2', 25), ('rule check failed: NEGE', 24), ('rule check failed: IMPI', 17), ('final formula is not the conclusion', 15)]
=== round 8 done in 510s; new proofs 2860; cum targets solved 1621
