resumed 73510 target proofs, 40237 transfer proofs
[frozen_abs_s0_cont r9] targets (this round, pass@32) SOLVED 1413/3000 = 0.471 [0.453,0.489]
  len 7: 112/300 = 0.373 [0.321,0.429]
  len 8: 107/300 = 0.357 [0.305,0.412]
  len 9: 149/300 = 0.497 [0.440,0.553]
  len 10: 193/300 = 0.643 [0.588,0.695]
  len 11: 179/300 = 0.597 [0.540,0.651]
  len 12: 165/300 = 0.550 [0.493,0.605]
  len 13: 128/300 = 0.427 [0.372,0.483]
  len 14: 126/300 = 0.420 [0.366,0.477]
  len 15: 126/300 = 0.420 [0.366,0.477]
  len 16: 128/300 = 0.427 [0.372,0.483]
  written hist {2: 306, 3: 1537, 4: 3983, 5: 7370, 6: 7776, 7: 1769, 8: 70}
  pruned hist {2: 1123, 3: 2300, 4: 6090, 5: 7299, 6: 5010, 7: 937, 8: 52}
  frontier written 8 pruned 8
  reasons [('rule check failed: IMPE', 10437), ('rule check failed: ANDI', 10126), ('rule check failed: IMPI', 7553), ('rule check failed: ORI2', 5475), ('rule check failed: NEGE', 5324), ('rule check failed: DN', 4707)]
[frozen_abs_s0_cont r9] targets (cumulative 288 attempts) SOLVED 1635/3000 = 0.545 [0.527,0.563]
  len 7: 138/300 = 0.460 [0.404,0.517]
  len 8: 132/300 = 0.440 [0.385,0.497]
  len 9: 172/300 = 0.573 [0.517,0.628]
  len 10: 207/300 = 0.690 [0.636,0.740]
  len 11: 196/300 = 0.653 [0.598,0.705]
  len 12: 192/300 = 0.640 [0.584,0.692]
  len 13: 148/300 = 0.493 [0.437,0.550]
  len 14: 142/300 = 0.473 [0.418,0.530]
  len 15: 152/300 = 0.507 [0.450,0.563]
  len 16: 156/300 = 0.520 [0.464,0.576]
  written hist {2: 747, 3: 4771, 4: 11972, 5: 24430, 6: 26848, 7: 6894, 8: 360}
  pruned hist {2: 3925, 3: 7503, 4: 18955, 5: 25340, 6: 16137, 7: 3930, 8: 232}
  frontier written 8 pruned 8
  reasons []
[frozen_abs_s0_cont r9] transfer (this round, pass@32) SOLVED 792/1638 = 0.484 [0.459,0.508]
  len 7: 71/200 = 0.355 [0.292,0.423]
  len 8: 67/200 = 0.335 [0.273,0.403]
  len 9: 103/200 = 0.515 [0.446,0.583]
  len 10: 110/171 = 0.643 [0.569,0.711]
  len 11: 105/166 = 0.633 [0.557,0.702]
  len 12: 84/142 = 0.592 [0.509,0.669]
  len 13: 63/141 = 0.447 [0.367,0.529]
  len 14: 50/125 = 0.400 [0.318,0.488]
  len 15: 73/160 = 0.456 [0.381,0.534]
  len 16: 66/133 = 0.496 [0.413,0.580]
  written hist {2: 311, 3: 816, 4: 2609, 5: 3347, 6: 4650, 7: 902, 8: 12}
  pruned hist {2: 702, 3: 1393, 4: 3286, 5: 3825, 6: 3064, 7: 375, 8: 2}
  frontier written 8 pruned 7
  reasons [('rule check failed: IMPE', 6108), ('rule check failed: IMPI', 4409), ('rule check failed: ANDI', 4188), ('rule check failed: NEGE', 3226), ('rule check failed: ORI2', 2715), ('rule check failed: DN', 2579)]
[frozen_abs_s0_cont r9] transfer (cumulative 288 attempts) SOLVED 911/1638 = 0.556 [0.532,0.580]
  len 7: 87/200 = 0.435 [0.368,0.504]
  len 8: 79/200 = 0.395 [0.330,0.464]
  len 9: 118/200 = 0.590 [0.521,0.656]
  len 10: 122/171 = 0.713 [0.642,0.776]
  len 11: 110/166 = 0.663 [0.588,0.730]
  len 12: 96/142 = 0.676 [0.595,0.748]
  len 13: 77/141 = 0.546 [0.464,0.626]
  len 14: 60/125 = 0.480 [0.394,0.567]
  len 15: 89/160 = 0.556 [0.479,0.631]
  len 16: 73/133 = 0.549 [0.464,0.631]
  written hist {2: 812, 3: 2519, 4: 7677, 5: 10900, 6: 15792, 7: 3783, 8: 65}
  pruned hist {2: 2331, 3: 4380, 4: 10128, 5: 13123, 6: 9812, 7: 1750, 8: 24}
  frontier written 8 pruned 8
  reasons []
[frozen_abs_s0_cont r9] transfer greedy SOLVED 528/1638 = 0.322 [0.300,0.345]
  len 7: 46/200 = 0.230 [0.177,0.293]
  len 8: 35/200 = 0.175 [0.129,0.234]
  len 9: 82/200 = 0.410 [0.344,0.479]
  len 10: 88/171 = 0.515 [0.440,0.588]
  len 11: 71/166 = 0.428 [0.355,0.504]
  len 12: 51/142 = 0.359 [0.285,0.441]
  len 13: 40/141 = 0.284 [0.216,0.363]
  len 14: 34/125 = 0.272 [0.202,0.356]
  len 15: 40/160 = 0.250 [0.189,0.322]
  len 16: 41/133 = 0.308 [0.236,0.391]
  written hist {2: 13, 3: 32, 4: 109, 5: 141, 6: 191, 7: 42}
  pruned hist {2: 28, 3: 59, 4: 138, 5: 157, 6: 131, 7: 15}
  frontier written 7 pruned 7
  reasons [('rule check failed: IMPE', 201), ('rule check failed: IMPI', 140), ('rule check failed: ANDI', 128), ('rule check failed: NEGE', 91), ('rule check failed: ORI2', 82), ('rule check failed: DN', 81)]
[frozen_abs_s0_cont r9] heldout greedy SOLVED 4737/5000 = 0.947 [0.941,0.953]
  len 2: 998/1000 = 0.998 [0.993,0.999]
  len 3: 986/1000 = 0.986 [0.977,0.992]
  len 4: 962/1000 = 0.962 [0.948,0.972]
  len 5: 919/1000 = 0.919 [0.900,0.934]
  len 6: 872/1000 = 0.872 [0.850,0.891]
  written hist {2: 1027, 3: 974, 4: 930, 5: 918, 6: 887, 7: 1}
  pruned hist {2: 1030, 3: 973, 4: 934, 5: 914, 6: 885, 7: 1}
  frontier written 6 pruned 6
  reasons [('rule check failed: ANDI', 71), ('rule check failed: IMPE', 44), ('rule check failed: ORI2', 25), ('rule check failed: NEGE', 24), ('rule check failed: IMPI', 18), ('final formula is not the conclusion', 16)]
=== round 9 done in 1436s; new proofs 2512; cum targets solved 1635
[frozen_abs_s0_cont r10] targets (this round, pass@32) SOLVED 1433/3000 = 0.478 [0.460,0.496]
  len 7: 114/300 = 0.380 [0.327,0.436]
  len 8: 114/300 = 0.380 [0.327,0.436]
  len 9: 150/300 = 0.500 [0.444,0.556]
  len 10: 190/300 = 0.633 [0.577,0.686]
  len 11: 180/300 = 0.600 [0.544,0.654]
  len 12: 168/300 = 0.560 [0.503,0.615]
  len 13: 132/300 = 0.440 [0.385,0.497]
  len 14: 127/300 = 0.423 [0.369,0.480]
  len 15: 127/300 = 0.423 [0.369,0.480]
  len 16: 131/300 = 0.437 [0.382,0.493]
  written hist {2: 300, 3: 1507, 4: 3981, 5: 7334, 6: 7833, 7: 1753, 8: 66}
  pruned hist {2: 1116, 3: 2292, 4: 6094, 5: 7248, 6: 5025, 7: 951, 8: 48}
  frontier written 8 pruned 8
  reasons [('rule check failed: IMPE', 10325), ('rule check failed: ANDI', 10219), ('rule check failed: IMPI', 7578), ('rule check failed: ORI2', 5487), ('rule check failed: NEGE', 5361), ('rule check failed: DN', 4669)]
[frozen_abs_s0_cont r10] targets (cumulative 320 attempts) SOLVED 1643/3000 = 0.548 [0.530,0.565]
  len 7: 141/300 = 0.470 [0.414,0.527]
  len 8: 132/300 = 0.440 [0.385,0.497]
  len 9: 172/300 = 0.573 [0.517,0.628]
  len 10: 208/300 = 0.693 [0.639,0.743]
  len 11: 196/300 = 0.653 [0.598,0.705]
  len 12: 193/300 = 0.643 [0.588,0.695]
  len 13: 150/300 = 0.500 [0.444,0.556]
  len 14: 143/300 = 0.477 [0.421,0.533]
  len 15: 152/300 = 0.507 [0.450,0.563]
  len 16: 156/300 = 0.520 [0.464,0.576]
  written hist {2: 752, 3: 4892, 4: 12226, 5: 25088, 6: 27690, 7: 7182, 8: 384}
  pruned hist {2: 4066, 3: 7720, 4: 19415, 5: 26109, 6: 16554, 7: 4101, 8: 249}
  frontier written 8 pruned 8
  reasons []
[frozen_abs_s0_cont r10] transfer (this round, pass@32) SOLVED 774/1638 = 0.473 [0.448,0.497]
  len 7: 70/200 = 0.350 [0.287,0.418]
  len 8: 62/200 = 0.310 [0.250,0.377]
  len 9: 101/200 = 0.505 [0.436,0.574]
  len 10: 115/171 = 0.673 [0.599,0.738]
  len 11: 102/166 = 0.614 [0.539,0.685]
  len 12: 80/142 = 0.563 [0.481,0.642]
  len 13: 64/141 = 0.454 [0.374,0.536]
  len 14: 47/125 = 0.376 [0.296,0.463]
  len 15: 71/160 = 0.444 [0.369,0.521]
  len 16: 62/133 = 0.466 [0.384,0.551]
  written hist {2: 319, 3: 794, 4: 2614, 5: 3321, 6: 4601, 7: 939, 8: 8}
  pruned hist {2: 686, 3: 1382, 4: 3262, 5: 3823, 6: 3034, 7: 407, 8: 2}
  frontier written 8 pruned 7
  reasons [('rule check failed: IMPE', 6196), ('rule check failed: IMPI', 4399), ('rule check failed: ANDI', 4215), ('rule check failed: NEGE', 3145), ('rule check failed: ORI2', 2750), ('rule check failed: DN', 2571)]
[frozen_abs_s0_cont r10] transfer (cumulative 320 attempts) SOLVED 914/1638 = 0.558 [0.534,0.582]
  len 7: 87/200 = 0.435 [0.368,0.504]
  len 8: 79/200 = 0.395 [0.330,0.464]
  len 9: 118/200 = 0.590 [0.521,0.656]
  len 10: 122/171 = 0.713 [0.642,0.776]
  len 11: 111/166 = 0.669 [0.594,0.736]
  len 12: 96/142 = 0.676 [0.595,0.748]
  len 13: 77/141 = 0.546 [0.464,0.626]
  len 14: 60/125 = 0.480 [0.394,0.567]
  len 15: 89/160 = 0.556 [0.479,0.631]
  len 16: 75/133 = 0.564 [0.479,0.645]
  written hist {2: 814, 3: 2569, 4: 7829, 5: 11178, 6: 16252, 7: 3954, 8: 68}
  pruned hist {2: 2392, 3: 4486, 4: 10347, 5: 13504, 6: 10071, 7: 1840, 8: 24}
  frontier written 8 pruned 8
  reasons []
[frozen_abs_s0_cont r10] transfer greedy SOLVED 528/1638 = 0.322 [0.300,0.345]
  len 7: 46/200 = 0.230 [0.177,0.293]
  len 8: 35/200 = 0.175 [0.129,0.234]
  len 9: 82/200 = 0.410 [0.344,0.479]
  len 10: 88/171 = 0.515 [0.440,0.588]
  len 11: 71/166 = 0.428 [0.355,0.504]
  len 12: 51/142 = 0.359 [0.285,0.441]
  len 13: 40/141 = 0.284 [0.216,0.363]
  len 14: 34/125 = 0.272 [0.202,0.356]
  len 15: 40/160 = 0.250 [0.189,0.322]
  len 16: 41/133 = 0.308 [0.236,0.391]
  written hist {2: 13, 3: 32, 4: 109, 5: 141, 6: 191, 7: 42}
  pruned hist {2: 28, 3: 59, 4: 138, 5: 157, 6: 131, 7: 15}
  frontier written 7 pruned 7
  reasons [('rule check failed: IMPE', 201), ('rule check failed: IMPI', 140), ('rule check failed: ANDI', 128), ('rule check failed: NEGE', 91), ('rule check failed: ORI2', 82), ('rule check failed: DN', 81)]
[frozen_abs_s0_cont r10] heldout greedy SOLVED 4737/5000 = 0.947 [0.941,0.953]
  len 2: 998/1000 = 0.998 [0.993,0.999]
  len 3: 986/1000 = 0.986 [0.977,0.992]
  len 4: 962/1000 = 0.962 [0.948,0.972]
  len 5: 919/1000 = 0.919 [0.900,0.934]
  len 6: 872/1000 = 0.872 [0.850,0.891]
  written hist {2: 1027, 3: 974, 4: 930, 5: 918, 6: 887, 7: 1}
  pruned hist {2: 1030, 3: 973, 4: 934, 5: 914, 6: 885, 7: 1}
  frontier written 6 pruned 6
  reasons [('rule check failed: ANDI', 71), ('rule check failed: IMPE', 44), ('rule check failed: ORI2', 25), ('rule check failed: NEGE', 24), ('rule check failed: IMPI', 18), ('final formula is not the conclusion', 16)]
=== round 10 done in 956s; new proofs 2192; cum targets solved 1643
[frozen_abs_s0_cont r11] targets (this round, pass@32) SOLVED 1411/3000 = 0.470 [0.453,0.488]
  len 7: 110/300 = 0.367 [0.314,0.423]
  len 8: 118/300 = 0.393 [0.340,0.450]
  len 9: 150/300 = 0.500 [0.444,0.556]
  len 10: 185/300 = 0.617 [0.561,0.670]
  len 11: 181/300 = 0.603 [0.547,0.657]
  len 12: 162/300 = 0.540 [0.483,0.596]
  len 13: 129/300 = 0.430 [0.375,0.487]
  len 14: 125/300 = 0.417 [0.362,0.473]
  len 15: 118/300 = 0.393 [0.340,0.450]
  len 16: 133/300 = 0.443 [0.388,0.500]
  written hist {2: 309, 3: 1562, 4: 3956, 5: 7295, 6: 7745, 7: 1733, 8: 67}
  pruned hist {2: 1170, 3: 2311, 4: 6003, 5: 7245, 6: 4979, 7: 917, 8: 42}
  frontier written 8 pruned 8
  reasons [('rule check failed: IMPE', 10435), ('rule check failed: ANDI', 10208), ('rule check failed: IMPI', 7509), ('rule check failed: ORI2', 5531), ('rule check failed: NEGE', 5367), ('rule check failed: DN', 4679)]
[frozen_abs_s0_cont r11] targets (cumulative 352 attempts) SOLVED 1650/3000 = 0.550 [0.532,0.568]
  len 7: 143/300 = 0.477 [0.421,0.533]
  len 8: 134/300 = 0.447 [0.391,0.503]
  len 9: 172/300 = 0.573 [0.517,0.628]
  len 10: 209/300 = 0.697 [0.642,0.746]
  len 11: 196/300 = 0.653 [0.598,0.705]
  len 12: 193/300 = 0.643 [0.588,0.695]
  len 13: 151/300 = 0.503 [0.447,0.560]
  len 14: 143/300 = 0.477 [0.421,0.533]
  len 15: 152/300 = 0.507 [0.450,0.563]
  len 16: 157/300 = 0.523 [0.467,0.579]
  written hist {2: 753, 3: 5003, 4: 12488, 5: 25665, 6: 28417, 7: 7426, 8: 410}
  pruned hist {2: 4204, 3: 7932, 4: 19820, 5: 26783, 6: 16918, 7: 4242, 8: 263}
  frontier written 8 pruned 8
  reasons []
[frozen_abs_s0_cont r11] transfer (this round, pass@32) SOLVED 792/1638 = 0.484 [0.459,0.508]
  len 7: 72/200 = 0.360 [0.297,0.429]
  len 8: 64/200 = 0.320 [0.259,0.388]
  len 9: 104/200 = 0.520 [0.451,0.588]
  len 10: 111/171 = 0.649 [0.575,0.717]
  len 11: 103/166 = 0.620 [0.545,0.691]
  len 12: 82/142 = 0.577 [0.495,0.656]
  len 13: 67/141 = 0.475 [0.395,0.557]
  len 14: 51/125 = 0.408 [0.326,0.496]
  len 15: 74/160 = 0.463 [0.387,0.540]
  len 16: 64/133 = 0.481 [0.398,0.565]
  written hist {2: 303, 3: 805, 4: 2611, 5: 3326, 6: 4587, 7: 938, 8: 5}
  pruned hist {2: 693, 3: 1378, 4: 3295, 5: 3801, 6: 3024, 7: 384}
  frontier written 8 pruned 7
  reasons [('rule check failed: IMPE', 6087), ('rule check failed: IMPI', 4474), ('rule check failed: ANDI', 4217), ('rule check failed: NEGE', 3190), ('rule check failed: ORI2', 2714), ('rule check failed: DN', 2633)]
[frozen_abs_s0_cont r11] transfer (cumulative 352 attempts) SOLVED 921/1638 = 0.562 [0.538,0.586]
  len 7: 89/200 = 0.445 [0.378,0.514]
  len 8: 79/200 = 0.395 [0.330,0.464]
  len 9: 119/200 = 0.595 [0.526,0.661]
  len 10: 122/171 = 0.713 [0.642,0.776]
  len 11: 112/166 = 0.675 [0.600,0.741]
  len 12: 96/142 = 0.676 [0.595,0.748]
  len 13: 79/141 = 0.560 [0.478,0.640]
  len 14: 60/125 = 0.480 [0.394,0.567]
  len 15: 90/160 = 0.562 [0.485,0.637]
  len 16: 75/133 = 0.564 [0.479,0.645]
  written hist {2: 815, 3: 2628, 4: 7938, 5: 11442, 6: 16649, 7: 4115, 8: 72}
  pruned hist {2: 2455, 3: 4581, 4: 10543, 5: 13849, 6: 10281, 7: 1926, 8: 24}
  frontier written 8 pruned 8
  reasons []
[frozen_abs_s0_cont r11] transfer greedy SOLVED 528/1638 = 0.322 [0.300,0.345]
  len 7: 46/200 = 0.230 [0.177,0.293]
  len 8: 35/200 = 0.175 [0.129,0.234]
  len 9: 82/200 = 0.410 [0.344,0.479]
  len 10: 88/171 = 0.515 [0.440,0.588]
  len 11: 71/166 = 0.428 [0.355,0.504]
  len 12: 51/142 = 0.359 [0.285,0.441]
  len 13: 40/141 = 0.284 [0.216,0.363]
  len 14: 34/125 = 0.272 [0.202,0.356]
  len 15: 40/160 = 0.250 [0.189,0.322]
  len 16: 41/133 = 0.308 [0.236,0.391]
  written hist {2: 13, 3: 32, 4: 109, 5: 141, 6: 191, 7: 42}
  pruned hist {2: 28, 3: 59, 4: 138, 5: 157, 6: 131, 7: 15}
  frontier written 7 pruned 7
  reasons [('rule check failed: IMPE', 201), ('rule check failed: IMPI', 140), ('rule check failed: ANDI', 128), ('rule check failed: NEGE', 91), ('rule check failed: ORI2', 82), ('rule check failed: DN', 81)]
[frozen_abs_s0_cont r11] heldout greedy SOLVED 4737/5000 = 0.947 [0.941,0.953]
  len 2: 998/1000 = 0.998 [0.993,0.999]
  len 3: 986/1000 = 0.986 [0.977,0.992]
  len 4: 962/1000 = 0.962 [0.948,0.972]
  len 5: 919/1000 = 0.919 [0.900,0.934]
  len 6: 872/1000 = 0.872 [0.850,0.891]
  written hist {2: 1027, 3: 974, 4: 930, 5: 918, 6: 887, 7: 1}
  pruned hist {2: 1030, 3: 973, 4: 934, 5: 914, 6: 885, 7: 1}
  frontier written 6 pruned 6
  reasons [('rule check failed: ANDI', 71), ('rule check failed: IMPE', 44), ('rule check failed: ORI2', 25), ('rule check failed: NEGE', 24), ('rule check failed: IMPI', 18), ('final formula is not the conclusion', 16)]
=== round 11 done in 946s; new proofs 1948; cum targets solved 1650
[frozen_abs_s0_cont r12] targets (this round, pass@32) SOLVED 1412/3000 = 0.471 [0.453,0.489]
  len 7: 112/300 = 0.373 [0.321,0.429]
  len 8: 116/300 = 0.387 [0.333,0.443]
  len 9: 150/300 = 0.500 [0.444,0.556]
  len 10: 184/300 = 0.613 [0.557,0.667]
  len 11: 178/300 = 0.593 [0.537,0.647]
  len 12: 163/300 = 0.543 [0.487,0.599]
  len 13: 126/300 = 0.420 [0.366,0.477]
  len 14: 126/300 = 0.420 [0.366,0.477]
  len 15: 122/300 = 0.407 [0.353,0.463]
  len 16: 135/300 = 0.450 [0.395,0.507]
  written hist {2: 300, 3: 1502, 4: 3932, 5: 7310, 6: 7699, 7: 1759, 8: 62}
  pruned hist {2: 1116, 3: 2243, 4: 6043, 5: 7201, 6: 4981, 7: 939, 8: 41}
  frontier written 8 pruned 8
  reasons [('rule check failed: IMPE', 10436), ('rule check failed: ANDI', 10194), ('rule check failed: IMPI', 7403), ('rule check failed: ORI2', 5471), ('rule check failed: NEGE', 5340), ('rule check failed: DN', 4755)]
[frozen_abs_s0_cont r12] targets (cumulative 384 attempts) SOLVED 1663/3000 = 0.554 [0.536,0.572]
  len 7: 144/300 = 0.480 [0.424,0.536]
  len 8: 134/300 = 0.447 [0.391,0.503]
  len 9: 174/300 = 0.580 [0.523,0.634]
  len 10: 209/300 = 0.697 [0.642,0.746]
  len 11: 197/300 = 0.657 [0.601,0.708]
  len 12: 193/300 = 0.643 [0.588,0.695]
  len 13: 153/300 = 0.510 [0.454,0.566]
  len 14: 145/300 = 0.483 [0.427,0.540]
  len 15: 153/300 = 0.510 [0.454,0.566]
  len 16: 161/300 = 0.537 [0.480,0.592]
  written hist {2: 753, 3: 5087, 4: 12664, 5: 26187, 6: 29050, 7: 7665, 8: 436}
  pruned hist {2: 4303, 3: 8091, 4: 20164, 5: 27380, 6: 17229, 7: 4399, 8: 276}
  frontier written 8 pruned 8
  reasons []
[frozen_abs_s0_cont r12] transfer (this round, pass@32) SOLVED 782/1638 = 0.477 [0.453,0.502]
  len 7: 70/200 = 0.350 [0.287,0.418]
  len 8: 61/200 = 0.305 [0.245,0.372]
  len 9: 106/200 = 0.530 [0.461,0.598]
  len 10: 117/171 = 0.684 [0.611,0.749]
  len 11: 98/166 = 0.590 [0.514,0.662]
  len 12: 83/142 = 0.585 [0.502,0.662]
  len 13: 65/141 = 0.461 [0.381,0.543]
  len 14: 49/125 = 0.392 [0.311,0.480]
  len 15: 72/160 = 0.450 [0.375,0.527]
  len 16: 61/133 = 0.459 [0.376,0.543]
  written hist {2: 321, 3: 795, 4: 2538, 5: 3339, 6: 4592, 7: 932, 8: 8}
  pruned hist {2: 701, 3: 1370, 4: 3244, 5: 3734, 6: 3084, 7: 388, 8: 4}
  frontier written 8 pruned 7
  reasons [('rule check failed: IMPE', 6070), ('rule check failed: IMPI', 4426), ('rule check failed: ANDI', 4167), ('rule check failed: NEGE', 3181), ('rule check failed: ORI2', 2739), ('rule check failed: DN', 2624)]
[frozen_abs_s0_cont r12] transfer (cumulative 384 attempts) SOLVED 922/1638 = 0.563 [0.539,0.587]
  len 7: 90/200 = 0.450 [0.383,0.519]
  len 8: 79/200 = 0.395 [0.330,0.464]
  len 9: 119/200 = 0.595 [0.526,0.661]
  len 10: 122/171 = 0.713 [0.642,0.776]
  len 11: 112/166 = 0.675 [0.600,0.741]
  len 12: 96/142 = 0.676 [0.595,0.748]
  len 13: 79/141 = 0.560 [0.478,0.640]
  len 14: 60/125 = 0.480 [0.394,0.567]
  len 15: 90/160 = 0.562 [0.485,0.637]
  len 16: 75/133 = 0.564 [0.479,0.645]
  written hist {2: 817, 3: 2668, 4: 8041, 5: 11679, 6: 17032, 7: 4268, 8: 76}
  pruned hist {2: 2504, 3: 4664, 4: 10734, 5: 14140, 6: 10508, 7: 2005, 8: 26}
  frontier written 8 pruned 8
  reasons []
[frozen_abs_s0_cont r12] transfer greedy SOLVED 528/1638 = 0.322 [0.300,0.345]
  len 7: 46/200 = 0.230 [0.177,0.293]
  len 8: 35/200 = 0.175 [0.129,0.234]
  len 9: 82/200 = 0.410 [0.344,0.479]
  len 10: 88/171 = 0.515 [0.440,0.588]
  len 11: 71/166 = 0.428 [0.355,0.504]
  len 12: 51/142 = 0.359 [0.285,0.441]
  len 13: 40/141 = 0.284 [0.216,0.363]
  len 14: 34/125 = 0.272 [0.202,0.356]
  len 15: 40/160 = 0.250 [0.189,0.322]
  len 16: 41/133 = 0.308 [0.236,0.391]
  written hist {2: 13, 3: 32, 4: 109, 5: 141, 6: 191, 7: 42}
  pruned hist {2: 28, 3: 59, 4: 138, 5: 157, 6: 131, 7: 15}
  frontier written 7 pruned 7
  reasons [('rule check failed: IMPE', 201), ('rule check failed: IMPI', 140), ('rule check failed: ANDI', 128), ('rule check failed: NEGE', 91), ('rule check failed: ORI2', 82), ('rule check failed: DN', 81)]
[frozen_abs_s0_cont r12] heldout greedy SOLVED 4737/5000 = 0.947 [0.941,0.953]
  len 2: 998/1000 = 0.998 [0.993,0.999]
  len 3: 986/1000 = 0.986 [0.977,0.992]
  len 4: 962/1000 = 0.962 [0.948,0.972]
  len 5: 919/1000 = 0.919 [0.900,0.934]
  len 6: 872/1000 = 0.872 [0.850,0.891]
  written hist {2: 1027, 3: 974, 4: 930, 5: 918, 6: 887, 7: 1}
  pruned hist {2: 1030, 3: 973, 4: 934, 5: 914, 6: 885, 7: 1}
  frontier written 6 pruned 6
  reasons [('rule check failed: ANDI', 71), ('rule check failed: IMPE', 44), ('rule check failed: ORI2', 25), ('rule check failed: NEGE', 24), ('rule check failed: IMPI', 18), ('final formula is not the conclusion', 16)]
=== round 12 done in 973s; new proofs 1680; cum targets solved 1663
