generated 209664 proofs in 168s
final.pt on transfer.jsonl k=128 SOLVED 1353/1638 = 0.826 [0.807,0.844]
  len 7: 181/200 = 0.905 [0.856,0.938]
  len 8: 164/200 = 0.820 [0.761,0.867]
  len 9: 169/200 = 0.845 [0.788,0.889]
  len 10: 153/171 = 0.895 [0.840,0.932]
  len 11: 138/166 = 0.831 [0.767,0.881]
  len 12: 117/142 = 0.824 [0.753,0.878]
  len 13: 100/141 = 0.709 [0.630,0.778]
  len 14: 102/125 = 0.816 [0.739,0.874]
  len 15: 124/160 = 0.775 [0.704,0.833]
  len 16: 105/133 = 0.789 [0.713,0.850]
  written hist {2: 683, 3: 2638, 4: 6724, 5: 10016, 6: 13728, 7: 8718, 8: 2215, 9: 335, 10: 2}
  pruned hist {2: 3102, 3: 4285, 4: 8906, 5: 12634, 6: 8681, 7: 5702, 8: 1526, 9: 221, 10: 2}
  frontier written 9 pruned 9
  reasons [('rule check failed: ANDI', 12825), ('rule check failed: DN', 10394), ('rule check failed: NEGE', 7914), ('rule check failed: IMPE', 6947), ('rule check failed: ORI1', 5079), ('rule check failed: ORI2', 4403)]
generated 209664 proofs in 186s
stage1_abs.pt on transfer.jsonl k=128 SOLVED 866/1638 = 0.529 [0.504,0.553]
  len 7: 79/200 = 0.395 [0.330,0.464]
  len 8: 72/200 = 0.360 [0.297,0.429]
  len 9: 112/200 = 0.560 [0.491,0.627]
  len 10: 117/171 = 0.684 [0.611,0.749]
  len 11: 108/166 = 0.651 [0.575,0.719]
  len 12: 89/142 = 0.627 [0.545,0.702]
  len 13: 75/141 = 0.532 [0.450,0.612]
  len 14: 60/125 = 0.480 [0.394,0.567]
  len 15: 84/160 = 0.525 [0.448,0.601]
  len 16: 70/133 = 0.526 [0.442,0.609]
  written hist {2: 697, 3: 1949, 4: 6174, 5: 8260, 6: 11524, 7: 2549, 8: 32}
  pruned hist {2: 1741, 3: 3384, 4: 7913, 5: 9576, 6: 7445, 7: 1112, 8: 14}
  frontier written 8 pruned 8
  reasons [('rule check failed: IMPE', 24253), ('rule check failed: IMPI', 17742), ('rule check failed: ANDI', 16922), ('rule check failed: NEGE', 12686), ('rule check failed: ORI2', 10928), ('rule check failed: DN', 10416)]
